2024-09-20 10:41:03,431 INFO    : Namespace(batch_size='1024', data_path='./data/HYBRID/', dataset='HYBRID', debug=False, device=device(type='cuda', index=0), emb_dim=200, ent_r='150', epoch_num=200, explore=False, gpu='0', l2=0.0, learning_rate='1e-1', log_path='./logs/20240920104055/HYBRID', logger=<RootLogger root (INFO)>, margin=8.0, model_name='LoraKGE_Layers', multi_layers_path='train_sorted_by_edges_betweenness.txt', neg_ratio=10, note='', num_ent_layers='2', num_layer=1, num_rel_layers='1', patience='10', predict_result=False, r=100, r_fixed=True, random_seed=3407, record=False, rel_r='20', save_path='./checkpoint/HYBRID', skip_previous='False', snapshot_num=5, train_new=True, using_multi_layers=False, using_various_ranks='True', using_various_ranks_reverse=False, valid_metrics='mrr')
2024-09-20 10:41:11,452 INFO    : Snapshot:0	0	10	Epoch:0	Loss:37.229	MRR:14.76	Hits@10:28.92	Best:14.76
2024-09-20 10:41:16,831 INFO    : Snapshot:0	0	10	Epoch:1	Loss:18.611	MRR:22.47	Hits@10:40.38	Best:22.47
2024-09-20 10:41:22,119 INFO    : Snapshot:0	0	10	Epoch:2	Loss:8.665	MRR:25.05	Hits@10:43.96	Best:25.05
2024-09-20 10:41:27,478 INFO    : Snapshot:0	0	10	Epoch:3	Loss:4.555	MRR:25.63	Hits@10:44.96	Best:25.63
2024-09-20 10:41:32,777 INFO    : Snapshot:0	1	10	Epoch:4	Loss:2.778	MRR:25.59	Hits@10:44.87	Best:25.63
2024-09-20 10:41:38,284 INFO    : Snapshot:0	2	10	Epoch:5	Loss:1.937	MRR:25.27	Hits@10:44.8	Best:25.63
2024-09-20 10:41:43,592 INFO    : Snapshot:0	3	10	Epoch:6	Loss:1.497	MRR:25.28	Hits@10:44.89	Best:25.63
2024-09-20 10:41:48,866 INFO    : Snapshot:0	4	10	Epoch:7	Loss:1.22	MRR:25.29	Hits@10:44.67	Best:25.63
2024-09-20 10:41:54,175 INFO    : Snapshot:0	5	10	Epoch:8	Loss:1.045	MRR:25.01	Hits@10:44.65	Best:25.63
2024-09-20 10:41:59,744 INFO    : Snapshot:0	6	10	Epoch:9	Loss:0.929	MRR:25.03	Hits@10:44.44	Best:25.63
2024-09-20 10:42:05,279 INFO    : Snapshot:0	7	10	Epoch:10	Loss:0.837	MRR:25.03	Hits@10:44.53	Best:25.63
2024-09-20 10:42:10,688 INFO    : Snapshot:0	8	10	Epoch:11	Loss:0.757	MRR:24.86	Hits@10:44.43	Best:25.63
2024-09-20 10:42:16,127 INFO    : Snapshot:0	9	10	Epoch:12	Loss:0.716	MRR:24.5	Hits@10:43.85	Best:25.63
2024-09-20 10:42:21,488 INFO    : Early Stopping! Snapshot:0 Epoch: 13 Best Results: 25.63
2024-09-20 10:42:21,584 INFO    : => loading checkpoint './checkpoint/HYBRID\0model_best.tar'
2024-09-20 10:42:24,951 INFO    : 
+------------+--------+--------+--------+--------+---------+
| Snapshot:0 |  MRR   | Hits@1 | Hits@3 | Hits@5 | Hits@10 |
+------------+--------+--------+--------+--------+---------+
|     0      | 0.2558 | 0.1548 | 0.3079 | 0.3682 |  0.4392 |
+------------+--------+--------+--------+--------+---------+
2024-09-20 10:42:31,227 INFO    : Snapshot:1	0	10	Epoch:0	Loss:8.093	MRR:20.4	Hits@10:35.71	Best:20.4
2024-09-20 10:42:33,445 INFO    : Snapshot:1	0	10	Epoch:1	Loss:3.894	MRR:24.32	Hits@10:42.24	Best:24.32
2024-09-20 10:42:35,655 INFO    : Snapshot:1	0	10	Epoch:2	Loss:3.272	MRR:25.09	Hits@10:43.7	Best:25.09
2024-09-20 10:42:37,874 INFO    : Snapshot:1	0	10	Epoch:3	Loss:2.958	MRR:26.14	Hits@10:45.35	Best:26.14
2024-09-20 10:42:40,139 INFO    : Snapshot:1	0	10	Epoch:4	Loss:2.799	MRR:26.77	Hits@10:45.52	Best:26.77
2024-09-20 10:42:42,359 INFO    : Snapshot:1	1	10	Epoch:5	Loss:2.679	MRR:26.7	Hits@10:46.17	Best:26.77
2024-09-20 10:42:44,593 INFO    : Snapshot:1	0	10	Epoch:6	Loss:2.592	MRR:26.88	Hits@10:45.95	Best:26.88
2024-09-20 10:42:46,887 INFO    : Snapshot:1	0	10	Epoch:7	Loss:2.558	MRR:27.23	Hits@10:46.3	Best:27.23
2024-09-20 10:42:49,086 INFO    : Snapshot:1	1	10	Epoch:8	Loss:2.531	MRR:27.03	Hits@10:46.13	Best:27.23
2024-09-20 10:42:51,481 INFO    : Snapshot:1	0	10	Epoch:9	Loss:2.491	MRR:27.25	Hits@10:46.22	Best:27.25
2024-09-20 10:42:53,751 INFO    : Snapshot:1	0	10	Epoch:10	Loss:2.459	MRR:27.66	Hits@10:46.56	Best:27.66
2024-09-20 10:42:55,993 INFO    : Snapshot:1	1	10	Epoch:11	Loss:2.445	MRR:27.63	Hits@10:46.95	Best:27.66
2024-09-20 10:42:58,206 INFO    : Snapshot:1	0	10	Epoch:12	Loss:2.43	MRR:27.83	Hits@10:46.71	Best:27.83
2024-09-20 10:43:00,406 INFO    : Snapshot:1	1	10	Epoch:13	Loss:2.396	MRR:27.74	Hits@10:46.91	Best:27.83
2024-09-20 10:43:02,637 INFO    : Snapshot:1	0	10	Epoch:14	Loss:2.384	MRR:28.05	Hits@10:46.85	Best:28.05
2024-09-20 10:43:04,833 INFO    : Snapshot:1	1	10	Epoch:15	Loss:2.398	MRR:27.83	Hits@10:47.05	Best:28.05
2024-09-20 10:43:07,030 INFO    : Snapshot:1	2	10	Epoch:16	Loss:2.368	MRR:27.88	Hits@10:46.93	Best:28.05
2024-09-20 10:43:09,200 INFO    : Snapshot:1	3	10	Epoch:17	Loss:2.377	MRR:27.56	Hits@10:47.19	Best:28.05
2024-09-20 10:43:11,415 INFO    : Snapshot:1	0	10	Epoch:18	Loss:2.354	MRR:28.09	Hits@10:47.23	Best:28.09
2024-09-20 10:43:13,621 INFO    : Snapshot:1	1	10	Epoch:19	Loss:2.356	MRR:27.74	Hits@10:47.09	Best:28.09
2024-09-20 10:43:15,795 INFO    : Snapshot:1	2	10	Epoch:20	Loss:2.33	MRR:27.83	Hits@10:47.32	Best:28.09
2024-09-20 10:43:17,995 INFO    : Snapshot:1	3	10	Epoch:21	Loss:2.327	MRR:27.91	Hits@10:47.2	Best:28.09
2024-09-20 10:43:20,176 INFO    : Snapshot:1	0	10	Epoch:22	Loss:2.327	MRR:28.26	Hits@10:47.46	Best:28.26
2024-09-20 10:43:22,379 INFO    : Snapshot:1	1	10	Epoch:23	Loss:2.313	MRR:28.11	Hits@10:47.43	Best:28.26
2024-09-20 10:43:24,599 INFO    : Snapshot:1	2	10	Epoch:24	Loss:2.312	MRR:27.92	Hits@10:47.41	Best:28.26
2024-09-20 10:43:26,824 INFO    : Snapshot:1	3	10	Epoch:25	Loss:2.313	MRR:28.17	Hits@10:47.59	Best:28.26
2024-09-20 10:43:29,032 INFO    : Snapshot:1	4	10	Epoch:26	Loss:2.32	MRR:27.94	Hits@10:47.44	Best:28.26
2024-09-20 10:43:31,245 INFO    : Snapshot:1	5	10	Epoch:27	Loss:2.299	MRR:27.97	Hits@10:47.33	Best:28.26
2024-09-20 10:43:33,443 INFO    : Snapshot:1	6	10	Epoch:28	Loss:2.297	MRR:28.21	Hits@10:47.35	Best:28.26
2024-09-20 10:43:35,657 INFO    : Snapshot:1	7	10	Epoch:29	Loss:2.287	MRR:28.01	Hits@10:47.45	Best:28.26
2024-09-20 10:43:37,884 INFO    : Snapshot:1	0	10	Epoch:30	Loss:2.285	MRR:28.29	Hits@10:47.22	Best:28.29
2024-09-20 10:43:40,062 INFO    : Snapshot:1	1	10	Epoch:31	Loss:2.295	MRR:28.11	Hits@10:47.41	Best:28.29
2024-09-20 10:43:42,304 INFO    : Snapshot:1	2	10	Epoch:32	Loss:2.295	MRR:27.96	Hits@10:47.59	Best:28.29
2024-09-20 10:43:44,510 INFO    : Snapshot:1	3	10	Epoch:33	Loss:2.277	MRR:28.29	Hits@10:47.63	Best:28.29
2024-09-20 10:43:46,727 INFO    : Snapshot:1	4	10	Epoch:34	Loss:2.283	MRR:28.21	Hits@10:47.6	Best:28.29
2024-09-20 10:43:48,949 INFO    : Snapshot:1	5	10	Epoch:35	Loss:2.264	MRR:27.97	Hits@10:47.49	Best:28.29
2024-09-20 10:43:51,150 INFO    : Snapshot:1	0	10	Epoch:36	Loss:2.276	MRR:28.3	Hits@10:47.59	Best:28.3
2024-09-20 10:43:53,329 INFO    : Snapshot:1	1	10	Epoch:37	Loss:2.265	MRR:28.3	Hits@10:47.68	Best:28.3
2024-09-20 10:43:55,556 INFO    : Snapshot:1	0	10	Epoch:38	Loss:2.252	MRR:28.42	Hits@10:47.86	Best:28.42
2024-09-20 10:43:57,769 INFO    : Snapshot:1	1	10	Epoch:39	Loss:2.256	MRR:28.09	Hits@10:47.65	Best:28.42
2024-09-20 10:44:00,003 INFO    : Snapshot:1	2	10	Epoch:40	Loss:2.251	MRR:28.42	Hits@10:47.69	Best:28.42
2024-09-20 10:44:02,390 INFO    : Snapshot:1	3	10	Epoch:41	Loss:2.266	MRR:28.3	Hits@10:47.56	Best:28.42
2024-09-20 10:44:04,597 INFO    : Snapshot:1	4	10	Epoch:42	Loss:2.245	MRR:27.98	Hits@10:47.6	Best:28.42
2024-09-20 10:44:06,785 INFO    : Snapshot:1	0	10	Epoch:43	Loss:2.249	MRR:28.56	Hits@10:47.75	Best:28.56
2024-09-20 10:44:09,009 INFO    : Snapshot:1	1	10	Epoch:44	Loss:2.246	MRR:28.41	Hits@10:47.5	Best:28.56
2024-09-20 10:44:11,215 INFO    : Snapshot:1	2	10	Epoch:45	Loss:2.251	MRR:28.33	Hits@10:47.41	Best:28.56
2024-09-20 10:44:13,411 INFO    : Snapshot:1	3	10	Epoch:46	Loss:2.257	MRR:28.02	Hits@10:47.57	Best:28.56
2024-09-20 10:44:15,622 INFO    : Snapshot:1	4	10	Epoch:47	Loss:2.264	MRR:28.3	Hits@10:47.68	Best:28.56
2024-09-20 10:44:17,840 INFO    : Snapshot:1	5	10	Epoch:48	Loss:2.245	MRR:28.11	Hits@10:47.68	Best:28.56
2024-09-20 10:44:20,056 INFO    : Snapshot:1	6	10	Epoch:49	Loss:2.242	MRR:28.28	Hits@10:47.76	Best:28.56
2024-09-20 10:44:22,279 INFO    : Snapshot:1	7	10	Epoch:50	Loss:2.241	MRR:28.05	Hits@10:47.72	Best:28.56
2024-09-20 10:44:24,473 INFO    : Snapshot:1	8	10	Epoch:51	Loss:2.243	MRR:27.98	Hits@10:47.68	Best:28.56
2024-09-20 10:44:26,654 INFO    : Snapshot:1	9	10	Epoch:52	Loss:2.236	MRR:28.22	Hits@10:47.62	Best:28.56
2024-09-20 10:44:28,883 INFO    : Early Stopping! Snapshot:1 Epoch: 53 Best Results: 28.56
2024-09-20 10:44:28,974 INFO    : => loading checkpoint './checkpoint/HYBRID\1model_best.tar'
2024-09-20 10:44:33,938 INFO    : 
+------------+--------+--------+--------+--------+---------+
| Snapshot:1 |  MRR   | Hits@1 | Hits@3 | Hits@5 | Hits@10 |
+------------+--------+--------+--------+--------+---------+
|     0      | 0.2558 | 0.1548 | 0.3079 | 0.3682 |  0.4392 |
|     1      | 0.2771 | 0.1784 | 0.3169 | 0.3863 |  0.4696 |
+------------+--------+--------+--------+--------+---------+
2024-09-20 10:44:55,764 INFO    : Snapshot:2	0	10	Epoch:0	Loss:25.239	MRR:15.1	Hits@10:27.96	Best:15.1
2024-09-20 10:45:07,283 INFO    : Snapshot:2	0	10	Epoch:1	Loss:16.617	MRR:16.38	Hits@10:30.21	Best:16.38
2024-09-20 10:45:18,790 INFO    : Snapshot:2	0	10	Epoch:2	Loss:15.445	MRR:17.21	Hits@10:31.25	Best:17.21
2024-09-20 10:45:30,356 INFO    : Snapshot:2	0	10	Epoch:3	Loss:14.837	MRR:17.58	Hits@10:31.93	Best:17.58
2024-09-20 10:45:42,257 INFO    : Snapshot:2	0	10	Epoch:4	Loss:14.449	MRR:18.01	Hits@10:32.52	Best:18.01
2024-09-20 10:45:53,836 INFO    : Snapshot:2	0	10	Epoch:5	Loss:14.194	MRR:18.27	Hits@10:32.71	Best:18.27
2024-09-20 10:46:05,686 INFO    : Snapshot:2	0	10	Epoch:6	Loss:14.026	MRR:18.36	Hits@10:32.98	Best:18.36
2024-09-20 10:46:17,460 INFO    : Snapshot:2	1	10	Epoch:7	Loss:13.882	MRR:18.27	Hits@10:33.09	Best:18.36
2024-09-20 10:46:29,308 INFO    : Snapshot:2	0	10	Epoch:8	Loss:13.764	MRR:18.45	Hits@10:33.27	Best:18.45
2024-09-20 10:46:41,523 INFO    : Snapshot:2	0	10	Epoch:9	Loss:13.683	MRR:18.75	Hits@10:33.38	Best:18.75
2024-09-20 10:46:53,455 INFO    : Snapshot:2	0	10	Epoch:10	Loss:13.593	MRR:18.98	Hits@10:33.61	Best:18.98
2024-09-20 10:47:04,948 INFO    : Snapshot:2	1	10	Epoch:11	Loss:13.566	MRR:18.89	Hits@10:33.41	Best:18.98
2024-09-20 10:47:16,432 INFO    : Snapshot:2	2	10	Epoch:12	Loss:13.468	MRR:18.97	Hits@10:33.59	Best:18.98
2024-09-20 10:47:27,860 INFO    : Snapshot:2	3	10	Epoch:13	Loss:13.442	MRR:18.95	Hits@10:33.71	Best:18.98
2024-09-20 10:47:39,312 INFO    : Snapshot:2	4	10	Epoch:14	Loss:13.403	MRR:18.91	Hits@10:33.73	Best:18.98
2024-09-20 10:47:50,696 INFO    : Snapshot:2	5	10	Epoch:15	Loss:13.368	MRR:18.88	Hits@10:33.54	Best:18.98
2024-09-20 10:48:02,284 INFO    : Snapshot:2	6	10	Epoch:16	Loss:13.343	MRR:18.95	Hits@10:33.88	Best:18.98
2024-09-20 10:48:13,913 INFO    : Snapshot:2	0	10	Epoch:17	Loss:13.301	MRR:19.03	Hits@10:33.83	Best:19.03
2024-09-20 10:48:25,474 INFO    : Snapshot:2	0	10	Epoch:18	Loss:13.24	MRR:19.18	Hits@10:34.01	Best:19.18
2024-09-20 10:48:37,083 INFO    : Snapshot:2	1	10	Epoch:19	Loss:13.212	MRR:19.04	Hits@10:33.65	Best:19.18
2024-09-20 10:48:48,690 INFO    : Snapshot:2	2	10	Epoch:20	Loss:13.228	MRR:18.9	Hits@10:33.8	Best:19.18
2024-09-20 10:49:00,452 INFO    : Snapshot:2	3	10	Epoch:21	Loss:13.16	MRR:19.05	Hits@10:33.9	Best:19.18
2024-09-20 10:49:11,986 INFO    : Snapshot:2	4	10	Epoch:22	Loss:13.171	MRR:19.15	Hits@10:33.93	Best:19.18
2024-09-20 10:49:23,583 INFO    : Snapshot:2	5	10	Epoch:23	Loss:13.135	MRR:18.96	Hits@10:33.84	Best:19.18
2024-09-20 10:49:35,099 INFO    : Snapshot:2	6	10	Epoch:24	Loss:13.157	MRR:18.94	Hits@10:33.96	Best:19.18
2024-09-20 10:49:46,684 INFO    : Snapshot:2	0	10	Epoch:25	Loss:13.112	MRR:19.26	Hits@10:34.04	Best:19.26
2024-09-20 10:49:58,195 INFO    : Snapshot:2	1	10	Epoch:26	Loss:13.132	MRR:19.09	Hits@10:33.9	Best:19.26
2024-09-20 10:50:09,995 INFO    : Snapshot:2	2	10	Epoch:27	Loss:13.117	MRR:19.0	Hits@10:33.84	Best:19.26
2024-09-20 10:50:21,207 INFO    : Snapshot:2	3	10	Epoch:28	Loss:13.106	MRR:18.95	Hits@10:33.87	Best:19.26
2024-09-20 10:50:32,338 INFO    : Snapshot:2	4	10	Epoch:29	Loss:13.099	MRR:19.2	Hits@10:34.04	Best:19.26
2024-09-20 10:50:43,366 INFO    : Snapshot:2	5	10	Epoch:30	Loss:13.039	MRR:19.24	Hits@10:34.1	Best:19.26
2024-09-20 10:50:55,010 INFO    : Snapshot:2	6	10	Epoch:31	Loss:13.073	MRR:19.2	Hits@10:33.88	Best:19.26
2024-09-20 10:51:06,882 INFO    : Snapshot:2	7	10	Epoch:32	Loss:13.079	MRR:19.09	Hits@10:34.16	Best:19.26
2024-09-20 10:51:19,603 INFO    : Snapshot:2	8	10	Epoch:33	Loss:13.053	MRR:19.24	Hits@10:34.23	Best:19.26
2024-09-20 10:51:31,703 INFO    : Snapshot:2	0	10	Epoch:34	Loss:13.028	MRR:19.27	Hits@10:34.08	Best:19.27
2024-09-20 10:51:43,464 INFO    : Snapshot:2	0	10	Epoch:35	Loss:13.0	MRR:19.35	Hits@10:33.97	Best:19.35
2024-09-20 10:51:55,252 INFO    : Snapshot:2	1	10	Epoch:36	Loss:12.995	MRR:19.09	Hits@10:34.02	Best:19.35
2024-09-20 10:52:06,827 INFO    : Snapshot:2	2	10	Epoch:37	Loss:12.986	MRR:19.34	Hits@10:34.02	Best:19.35
2024-09-20 10:52:17,888 INFO    : Snapshot:2	3	10	Epoch:38	Loss:12.982	MRR:19.22	Hits@10:34.12	Best:19.35
2024-09-20 10:52:29,086 INFO    : Snapshot:2	4	10	Epoch:39	Loss:13.018	MRR:19.24	Hits@10:34.25	Best:19.35
2024-09-20 10:52:40,178 INFO    : Snapshot:2	0	10	Epoch:40	Loss:12.994	MRR:19.37	Hits@10:34.1	Best:19.37
2024-09-20 10:52:51,270 INFO    : Snapshot:2	1	10	Epoch:41	Loss:12.967	MRR:19.15	Hits@10:34.09	Best:19.37
2024-09-20 10:53:02,627 INFO    : Snapshot:2	2	10	Epoch:42	Loss:12.938	MRR:19.3	Hits@10:34.13	Best:19.37
2024-09-20 10:53:13,848 INFO    : Snapshot:2	3	10	Epoch:43	Loss:12.961	MRR:19.29	Hits@10:34.1	Best:19.37
2024-09-20 10:53:25,010 INFO    : Snapshot:2	4	10	Epoch:44	Loss:12.96	MRR:19.33	Hits@10:34.19	Best:19.37
2024-09-20 10:53:36,203 INFO    : Snapshot:2	5	10	Epoch:45	Loss:12.976	MRR:19.35	Hits@10:34.23	Best:19.37
2024-09-20 10:53:47,280 INFO    : Snapshot:2	0	10	Epoch:46	Loss:12.954	MRR:19.4	Hits@10:34.34	Best:19.4
2024-09-20 10:53:59,042 INFO    : Snapshot:2	1	10	Epoch:47	Loss:12.93	MRR:19.28	Hits@10:34.24	Best:19.4
2024-09-20 10:54:10,675 INFO    : Snapshot:2	2	10	Epoch:48	Loss:12.933	MRR:19.28	Hits@10:34.28	Best:19.4
2024-09-20 10:54:22,342 INFO    : Snapshot:2	3	10	Epoch:49	Loss:12.928	MRR:19.34	Hits@10:34.08	Best:19.4
2024-09-20 10:54:34,038 INFO    : Snapshot:2	4	10	Epoch:50	Loss:12.941	MRR:19.27	Hits@10:34.23	Best:19.4
2024-09-20 10:54:45,745 INFO    : Snapshot:2	5	10	Epoch:51	Loss:12.916	MRR:19.4	Hits@10:34.25	Best:19.4
2024-09-20 10:54:57,507 INFO    : Snapshot:2	6	10	Epoch:52	Loss:12.901	MRR:19.38	Hits@10:34.31	Best:19.4
2024-09-20 10:55:08,990 INFO    : Snapshot:2	0	10	Epoch:53	Loss:12.908	MRR:19.47	Hits@10:34.34	Best:19.47
2024-09-20 10:55:20,707 INFO    : Snapshot:2	1	10	Epoch:54	Loss:12.863	MRR:19.32	Hits@10:34.24	Best:19.47
2024-09-20 10:55:32,169 INFO    : Snapshot:2	2	10	Epoch:55	Loss:12.908	MRR:19.33	Hits@10:34.53	Best:19.47
2024-09-20 10:55:43,691 INFO    : Snapshot:2	3	10	Epoch:56	Loss:12.859	MRR:19.33	Hits@10:34.29	Best:19.47
2024-09-20 10:55:55,168 INFO    : Snapshot:2	4	10	Epoch:57	Loss:12.872	MRR:19.35	Hits@10:34.18	Best:19.47
2024-09-20 10:56:06,699 INFO    : Snapshot:2	5	10	Epoch:58	Loss:12.896	MRR:19.15	Hits@10:34.34	Best:19.47
2024-09-20 10:56:18,146 INFO    : Snapshot:2	6	10	Epoch:59	Loss:12.935	MRR:19.45	Hits@10:34.43	Best:19.47
2024-09-20 10:56:29,821 INFO    : Snapshot:2	7	10	Epoch:60	Loss:12.865	MRR:19.46	Hits@10:34.23	Best:19.47
2024-09-20 10:56:41,299 INFO    : Snapshot:2	8	10	Epoch:61	Loss:12.843	MRR:19.41	Hits@10:34.25	Best:19.47
2024-09-20 10:56:52,872 INFO    : Snapshot:2	0	10	Epoch:62	Loss:12.879	MRR:19.55	Hits@10:34.42	Best:19.55
2024-09-20 10:57:04,449 INFO    : Snapshot:2	1	10	Epoch:63	Loss:12.847	MRR:19.36	Hits@10:34.3	Best:19.55
2024-09-20 10:57:15,823 INFO    : Snapshot:2	2	10	Epoch:64	Loss:12.805	MRR:19.5	Hits@10:34.35	Best:19.55
2024-09-20 10:57:26,951 INFO    : Snapshot:2	3	10	Epoch:65	Loss:12.824	MRR:19.37	Hits@10:34.27	Best:19.55
2024-09-20 10:57:38,333 INFO    : Snapshot:2	4	10	Epoch:66	Loss:12.852	MRR:19.47	Hits@10:34.48	Best:19.55
2024-09-20 10:57:49,954 INFO    : Snapshot:2	5	10	Epoch:67	Loss:12.832	MRR:19.52	Hits@10:34.4	Best:19.55
2024-09-20 10:58:01,366 INFO    : Snapshot:2	6	10	Epoch:68	Loss:12.817	MRR:19.32	Hits@10:34.33	Best:19.55
2024-09-20 10:58:12,492 INFO    : Snapshot:2	7	10	Epoch:69	Loss:12.858	MRR:19.39	Hits@10:34.3	Best:19.55
2024-09-20 10:58:23,694 INFO    : Snapshot:2	8	10	Epoch:70	Loss:12.865	MRR:19.39	Hits@10:34.25	Best:19.55
2024-09-20 10:58:35,206 INFO    : Snapshot:2	9	10	Epoch:71	Loss:12.832	MRR:19.27	Hits@10:34.22	Best:19.55
2024-09-20 10:58:46,455 INFO    : Early Stopping! Snapshot:2 Epoch: 72 Best Results: 19.55
2024-09-20 10:58:46,562 INFO    : => loading checkpoint './checkpoint/HYBRID\2model_best.tar'
2024-09-20 10:58:58,613 INFO    : 
+------------+--------+--------+--------+--------+---------+
| Snapshot:2 |  MRR   | Hits@1 | Hits@3 | Hits@5 | Hits@10 |
+------------+--------+--------+--------+--------+---------+
|     0      | 0.2558 | 0.1548 | 0.3079 | 0.3682 |  0.4392 |
|     1      | 0.2771 | 0.1784 | 0.3169 | 0.3863 |  0.4696 |
|     2      | 0.1937 | 0.1174 | 0.2215 | 0.2716 |  0.3417 |
+------------+--------+--------+--------+--------+---------+
2024-09-20 10:59:26,597 INFO    : Snapshot:3	0	10	Epoch:0	Loss:29.067	MRR:15.3	Hits@10:28.38	Best:15.3
2024-09-20 10:59:41,333 INFO    : Snapshot:3	0	10	Epoch:1	Loss:21.43	MRR:16.23	Hits@10:30.34	Best:16.23
2024-09-20 10:59:56,090 INFO    : Snapshot:3	0	10	Epoch:2	Loss:20.474	MRR:16.69	Hits@10:31.31	Best:16.69
2024-09-20 11:00:11,049 INFO    : Snapshot:3	0	10	Epoch:3	Loss:20.04	MRR:16.94	Hits@10:31.53	Best:16.94
2024-09-20 11:00:26,001 INFO    : Snapshot:3	0	10	Epoch:4	Loss:19.823	MRR:17.19	Hits@10:31.93	Best:17.19
2024-09-20 11:00:41,082 INFO    : Snapshot:3	0	10	Epoch:5	Loss:19.626	MRR:17.49	Hits@10:32.43	Best:17.49
2024-09-20 11:00:56,058 INFO    : Snapshot:3	1	10	Epoch:6	Loss:19.471	MRR:17.45	Hits@10:32.46	Best:17.49
2024-09-20 11:01:11,039 INFO    : Snapshot:3	2	10	Epoch:7	Loss:19.407	MRR:17.46	Hits@10:32.36	Best:17.49
2024-09-20 11:01:25,985 INFO    : Snapshot:3	0	10	Epoch:8	Loss:19.315	MRR:17.59	Hits@10:32.55	Best:17.59
2024-09-20 11:01:41,163 INFO    : Snapshot:3	0	10	Epoch:9	Loss:19.254	MRR:17.71	Hits@10:32.57	Best:17.71
2024-09-20 11:01:56,437 INFO    : Snapshot:3	1	10	Epoch:10	Loss:19.186	MRR:17.65	Hits@10:32.59	Best:17.71
2024-09-20 11:02:11,511 INFO    : Snapshot:3	2	10	Epoch:11	Loss:19.11	MRR:17.58	Hits@10:32.61	Best:17.71
2024-09-20 11:02:26,913 INFO    : Snapshot:3	0	10	Epoch:12	Loss:19.117	MRR:17.85	Hits@10:32.76	Best:17.85
2024-09-20 11:02:42,127 INFO    : Snapshot:3	1	10	Epoch:13	Loss:19.014	MRR:17.72	Hits@10:32.71	Best:17.85
2024-09-20 11:02:57,507 INFO    : Snapshot:3	2	10	Epoch:14	Loss:19.051	MRR:17.73	Hits@10:32.8	Best:17.85
2024-09-20 11:03:12,734 INFO    : Snapshot:3	0	10	Epoch:15	Loss:18.999	MRR:17.96	Hits@10:32.93	Best:17.96
2024-09-20 11:03:27,968 INFO    : Snapshot:3	1	10	Epoch:16	Loss:18.952	MRR:17.85	Hits@10:32.93	Best:17.96
2024-09-20 11:03:43,304 INFO    : Snapshot:3	2	10	Epoch:17	Loss:18.935	MRR:17.82	Hits@10:32.77	Best:17.96
2024-09-20 11:03:58,619 INFO    : Snapshot:3	3	10	Epoch:18	Loss:18.939	MRR:17.96	Hits@10:33.09	Best:17.96
2024-09-20 11:04:14,260 INFO    : Snapshot:3	0	10	Epoch:19	Loss:18.88	MRR:18.07	Hits@10:33.26	Best:18.07
2024-09-20 11:04:29,812 INFO    : Snapshot:3	1	10	Epoch:20	Loss:18.879	MRR:17.87	Hits@10:33.09	Best:18.07
2024-09-20 11:04:44,694 INFO    : Snapshot:3	2	10	Epoch:21	Loss:18.851	MRR:17.88	Hits@10:33.08	Best:18.07
2024-09-20 11:05:00,073 INFO    : Snapshot:3	0	10	Epoch:22	Loss:18.803	MRR:18.13	Hits@10:33.11	Best:18.13
2024-09-20 11:05:15,649 INFO    : Snapshot:3	1	10	Epoch:23	Loss:18.827	MRR:17.89	Hits@10:33.06	Best:18.13
2024-09-20 11:05:31,150 INFO    : Snapshot:3	2	10	Epoch:24	Loss:18.811	MRR:18.06	Hits@10:33.16	Best:18.13
2024-09-20 11:05:46,240 INFO    : Snapshot:3	3	10	Epoch:25	Loss:18.804	MRR:18.03	Hits@10:33.08	Best:18.13
2024-09-20 11:06:01,843 INFO    : Snapshot:3	4	10	Epoch:26	Loss:18.833	MRR:18.04	Hits@10:33.1	Best:18.13
2024-09-20 11:06:17,438 INFO    : Snapshot:3	5	10	Epoch:27	Loss:18.813	MRR:18.11	Hits@10:33.1	Best:18.13
2024-09-20 11:06:33,081 INFO    : Snapshot:3	6	10	Epoch:28	Loss:18.744	MRR:18.03	Hits@10:33.1	Best:18.13
2024-09-20 11:06:48,772 INFO    : Snapshot:3	7	10	Epoch:29	Loss:18.753	MRR:17.98	Hits@10:33.05	Best:18.13
2024-09-20 11:07:04,310 INFO    : Snapshot:3	8	10	Epoch:30	Loss:18.761	MRR:17.91	Hits@10:33.1	Best:18.13
2024-09-20 11:07:19,632 INFO    : Snapshot:3	9	10	Epoch:31	Loss:18.743	MRR:17.98	Hits@10:33.07	Best:18.13
2024-09-20 11:07:35,012 INFO    : Early Stopping! Snapshot:3 Epoch: 32 Best Results: 18.13
2024-09-20 11:07:35,121 INFO    : => loading checkpoint './checkpoint/HYBRID\3model_best.tar'
2024-09-20 11:07:57,801 INFO    : 
+------------+--------+--------+--------+--------+---------+
| Snapshot:3 |  MRR   | Hits@1 | Hits@3 | Hits@5 | Hits@10 |
+------------+--------+--------+--------+--------+---------+
|     0      | 0.2558 | 0.1548 | 0.3079 | 0.3682 |  0.4392 |
|     1      | 0.2771 | 0.1784 | 0.3169 | 0.3863 |  0.4696 |
|     2      | 0.1937 | 0.1174 | 0.2215 | 0.2716 |  0.3417 |
|     3      | 0.1807 |  0.1   | 0.215  | 0.2696 |  0.3331 |
+------------+--------+--------+--------+--------+---------+
2024-09-20 11:08:10,690 INFO    : Snapshot:4	0	10	Epoch:0	Loss:14.57	MRR:14.82	Hits@10:24.62	Best:14.82
2024-09-20 11:08:16,617 INFO    : Snapshot:4	0	10	Epoch:1	Loss:11.909	MRR:15.2	Hits@10:25.06	Best:15.2
2024-09-20 11:08:22,555 INFO    : Snapshot:4	0	10	Epoch:2	Loss:11.685	MRR:15.4	Hits@10:25.17	Best:15.4
2024-09-20 11:08:28,412 INFO    : Snapshot:4	0	10	Epoch:3	Loss:11.624	MRR:15.52	Hits@10:25.4	Best:15.52
2024-09-20 11:08:34,283 INFO    : Snapshot:4	1	10	Epoch:4	Loss:11.554	MRR:15.37	Hits@10:25.38	Best:15.52
2024-09-20 11:08:40,400 INFO    : Snapshot:4	2	10	Epoch:5	Loss:11.486	MRR:15.41	Hits@10:25.37	Best:15.52
2024-09-20 11:08:46,319 INFO    : Snapshot:4	0	10	Epoch:6	Loss:11.46	MRR:15.58	Hits@10:25.55	Best:15.58
2024-09-20 11:08:52,172 INFO    : Snapshot:4	0	10	Epoch:7	Loss:11.462	MRR:15.62	Hits@10:25.37	Best:15.62
2024-09-20 11:08:57,838 INFO    : Snapshot:4	1	10	Epoch:8	Loss:11.426	MRR:15.57	Hits@10:25.32	Best:15.62
2024-09-20 11:09:03,624 INFO    : Snapshot:4	2	10	Epoch:9	Loss:11.427	MRR:15.52	Hits@10:25.41	Best:15.62
2024-09-20 11:09:09,551 INFO    : Snapshot:4	3	10	Epoch:10	Loss:11.429	MRR:15.55	Hits@10:25.56	Best:15.62
2024-09-20 11:09:15,373 INFO    : Snapshot:4	4	10	Epoch:11	Loss:11.369	MRR:15.57	Hits@10:25.54	Best:15.62
2024-09-20 11:09:21,108 INFO    : Snapshot:4	5	10	Epoch:12	Loss:11.411	MRR:15.61	Hits@10:25.51	Best:15.62
2024-09-20 11:09:26,886 INFO    : Snapshot:4	6	10	Epoch:13	Loss:11.378	MRR:15.54	Hits@10:25.65	Best:15.62
2024-09-20 11:09:32,375 INFO    : Snapshot:4	7	10	Epoch:14	Loss:11.377	MRR:15.62	Hits@10:25.56	Best:15.62
2024-09-20 11:09:37,959 INFO    : Snapshot:4	8	10	Epoch:15	Loss:11.374	MRR:15.61	Hits@10:25.48	Best:15.62
2024-09-20 11:09:43,953 INFO    : Snapshot:4	9	10	Epoch:16	Loss:11.413	MRR:15.57	Hits@10:25.62	Best:15.62
2024-09-20 11:09:49,633 INFO    : Snapshot:4	0	10	Epoch:17	Loss:11.365	MRR:15.66	Hits@10:25.66	Best:15.66
2024-09-20 11:09:55,137 INFO    : Snapshot:4	1	10	Epoch:18	Loss:11.348	MRR:15.61	Hits@10:25.66	Best:15.66
2024-09-20 11:10:00,914 INFO    : Snapshot:4	0	10	Epoch:19	Loss:11.349	MRR:15.68	Hits@10:25.66	Best:15.68
2024-09-20 11:10:06,432 INFO    : Snapshot:4	1	10	Epoch:20	Loss:11.376	MRR:15.64	Hits@10:25.56	Best:15.68
2024-09-20 11:10:11,966 INFO    : Snapshot:4	2	10	Epoch:21	Loss:11.362	MRR:15.57	Hits@10:25.54	Best:15.68
2024-09-20 11:10:17,462 INFO    : Snapshot:4	3	10	Epoch:22	Loss:11.351	MRR:15.58	Hits@10:25.51	Best:15.68
2024-09-20 11:10:22,937 INFO    : Snapshot:4	4	10	Epoch:23	Loss:11.361	MRR:15.6	Hits@10:25.58	Best:15.68
2024-09-20 11:10:28,463 INFO    : Snapshot:4	5	10	Epoch:24	Loss:11.348	MRR:15.62	Hits@10:25.65	Best:15.68
2024-09-20 11:10:34,009 INFO    : Snapshot:4	0	10	Epoch:25	Loss:11.365	MRR:15.7	Hits@10:25.73	Best:15.7
2024-09-20 11:10:39,548 INFO    : Snapshot:4	1	10	Epoch:26	Loss:11.356	MRR:15.64	Hits@10:25.58	Best:15.7
2024-09-20 11:10:45,057 INFO    : Snapshot:4	2	10	Epoch:27	Loss:11.37	MRR:15.64	Hits@10:25.66	Best:15.7
2024-09-20 11:10:50,601 INFO    : Snapshot:4	3	10	Epoch:28	Loss:11.356	MRR:15.63	Hits@10:25.66	Best:15.7
2024-09-20 11:10:56,314 INFO    : Snapshot:4	4	10	Epoch:29	Loss:11.349	MRR:15.61	Hits@10:25.69	Best:15.7
2024-09-20 11:11:01,853 INFO    : Snapshot:4	5	10	Epoch:30	Loss:11.354	MRR:15.65	Hits@10:25.58	Best:15.7
2024-09-20 11:11:07,372 INFO    : Snapshot:4	6	10	Epoch:31	Loss:11.307	MRR:15.65	Hits@10:25.65	Best:15.7
2024-09-20 11:11:12,911 INFO    : Snapshot:4	7	10	Epoch:32	Loss:11.346	MRR:15.65	Hits@10:25.55	Best:15.7
2024-09-20 11:11:18,430 INFO    : Snapshot:4	8	10	Epoch:33	Loss:11.33	MRR:15.63	Hits@10:25.61	Best:15.7
2024-09-20 11:11:23,921 INFO    : Snapshot:4	9	10	Epoch:34	Loss:11.316	MRR:15.61	Hits@10:25.68	Best:15.7
2024-09-20 11:11:29,309 INFO    : Early Stopping! Snapshot:4 Epoch: 35 Best Results: 15.7
2024-09-20 11:11:29,414 INFO    : => loading checkpoint './checkpoint/HYBRID\4model_best.tar'
2024-09-20 11:11:54,578 INFO    : 
+------------+--------+--------+--------+--------+---------+
| Snapshot:4 |  MRR   | Hits@1 | Hits@3 | Hits@5 | Hits@10 |
+------------+--------+--------+--------+--------+---------+
|     0      | 0.2558 | 0.1548 | 0.3079 | 0.3682 |  0.4392 |
|     1      | 0.2771 | 0.1784 | 0.3169 | 0.3863 |  0.4696 |
|     2      | 0.1937 | 0.1174 | 0.2215 | 0.2716 |  0.3417 |
|     3      | 0.1807 |  0.1   | 0.215  | 0.2696 |  0.3331 |
|     4      | 0.1571 | 0.1048 | 0.1751 | 0.2062 |  0.256  |
+------------+--------+--------+--------+--------+---------+
2024-09-20 11:11:54,580 INFO    : Final Result:
[+------------+--------+--------+--------+--------+---------+
| Snapshot:0 |  MRR   | Hits@1 | Hits@3 | Hits@5 | Hits@10 |
+------------+--------+--------+--------+--------+---------+
|     0      | 0.2558 | 0.1548 | 0.3079 | 0.3682 |  0.4392 |
+------------+--------+--------+--------+--------+---------+, +------------+--------+--------+--------+--------+---------+
| Snapshot:1 |  MRR   | Hits@1 | Hits@3 | Hits@5 | Hits@10 |
+------------+--------+--------+--------+--------+---------+
|     0      | 0.2558 | 0.1548 | 0.3079 | 0.3682 |  0.4392 |
|     1      | 0.2771 | 0.1784 | 0.3169 | 0.3863 |  0.4696 |
+------------+--------+--------+--------+--------+---------+, +------------+--------+--------+--------+--------+---------+
| Snapshot:2 |  MRR   | Hits@1 | Hits@3 | Hits@5 | Hits@10 |
+------------+--------+--------+--------+--------+---------+
|     0      | 0.2558 | 0.1548 | 0.3079 | 0.3682 |  0.4392 |
|     1      | 0.2771 | 0.1784 | 0.3169 | 0.3863 |  0.4696 |
|     2      | 0.1937 | 0.1174 | 0.2215 | 0.2716 |  0.3417 |
+------------+--------+--------+--------+--------+---------+, +------------+--------+--------+--------+--------+---------+
| Snapshot:3 |  MRR   | Hits@1 | Hits@3 | Hits@5 | Hits@10 |
+------------+--------+--------+--------+--------+---------+
|     0      | 0.2558 | 0.1548 | 0.3079 | 0.3682 |  0.4392 |
|     1      | 0.2771 | 0.1784 | 0.3169 | 0.3863 |  0.4696 |
|     2      | 0.1937 | 0.1174 | 0.2215 | 0.2716 |  0.3417 |
|     3      | 0.1807 |  0.1   | 0.215  | 0.2696 |  0.3331 |
+------------+--------+--------+--------+--------+---------+, +------------+--------+--------+--------+--------+---------+
| Snapshot:4 |  MRR   | Hits@1 | Hits@3 | Hits@5 | Hits@10 |
+------------+--------+--------+--------+--------+---------+
|     0      | 0.2558 | 0.1548 | 0.3079 | 0.3682 |  0.4392 |
|     1      | 0.2771 | 0.1784 | 0.3169 | 0.3863 |  0.4696 |
|     2      | 0.1937 | 0.1174 | 0.2215 | 0.2716 |  0.3417 |
|     3      | 0.1807 |  0.1   | 0.215  | 0.2696 |  0.3331 |
|     4      | 0.1571 | 0.1048 | 0.1751 | 0.2062 |  0.256  |
+------------+--------+--------+--------+--------+---------+]
2024-09-20 11:11:54,580 INFO    : Report Result:
+----------+--------------------+-----------+--------------+--------------+---------------+
| Snapshot |        Time        | Whole_MRR | Whole_Hits@1 | Whole_Hits@3 | Whole_Hits@10 |
+----------+--------------------+-----------+--------------+--------------+---------------+
|    0     | 78.05738830566406  |   0.256   |    0.155     |    0.308     |     0.439     |
|    1     | 122.0331039428711  |   0.261   |    0.161     |     0.31     |     0.447     |
|    2     | 845.1692452430725  |   0.226   |    0.138     |    0.263     |     0.391     |
|    3     | 506.47776079177856 |   0.208   |    0.123     |    0.245     |     0.369     |
|    4     | 206.88458847999573 |   0.202   |    0.121     |    0.236     |     0.354     |
+----------+--------------------+-----------+--------------+--------------+---------------+
2024-09-20 11:11:54,580 INFO    : Sum_Training_Time:1758.622086763382
2024-09-20 11:11:54,580 INFO    : Every_Training_Time:[78.05738830566406, 122.0331039428711, 845.1692452430725, 506.47776079177856, 206.88458847999573]
2024-09-20 11:11:54,580 INFO    : Forward transfer: 0.036699999999999997 Backward transfer: 0.0
