2024-08-22 17:20:13,000 INFO    : Namespace(batch_size=1024, data_path='./data/HYBRID/', dataset='HYBRID', debug=False, device=device(type='cuda', index=0), emb_dim=200, ent_r='150', epoch_num=200, explore=False, gpu='0', l2=0.0, learning_rate='1e-1', log_path='./logs/20240822172005/HYBRID', logger=<RootLogger root (INFO)>, margin=8.0, model_name='LoraKGE_Layers', multi_layers_path='train_sorted_by_edges_betweenness.txt', neg_ratio=10, note='', num_ent_layers='2', num_layer=1, num_rel_layers='1', patience=3, predict_result=False, r=100, r_fixed=True, random_seed=3407, record=False, rel_r='20', save_path='./checkpoint/HYBRID', skip_previous='False', snapshot_num=5, train_new=True, using_multi_layers=False, using_various_ranks='True', using_various_ranks_reverse=False, valid_metrics='mrr')
2024-08-22 17:20:19,932 INFO    : Snapshot:0	Epoch:0	Loss:37.229	MRR:14.76	Hits@10:28.92	Best:14.76
2024-08-22 17:20:24,958 INFO    : Snapshot:0	Epoch:1	Loss:18.611	MRR:22.47	Hits@10:40.38	Best:22.47
2024-08-22 17:20:30,097 INFO    : Snapshot:0	Epoch:2	Loss:8.665	MRR:25.05	Hits@10:43.96	Best:25.05
2024-08-22 17:20:35,460 INFO    : Snapshot:0	Epoch:3	Loss:4.555	MRR:25.63	Hits@10:44.96	Best:25.63
2024-08-22 17:20:40,713 INFO    : Snapshot:0	Epoch:4	Loss:2.778	MRR:25.59	Hits@10:44.87	Best:25.63
2024-08-22 17:20:46,198 INFO    : Snapshot:0	Epoch:5	Loss:1.937	MRR:25.27	Hits@10:44.8	Best:25.63
2024-08-22 17:20:51,643 INFO    : Early Stopping! Snapshot:0 Epoch: 6 Best Results: 25.63
2024-08-22 17:20:51,733 INFO    : => loading checkpoint './checkpoint/HYBRID\0model_best.tar'
2024-08-22 17:20:55,010 INFO    : 
+------------+--------+--------+--------+--------+---------+
| Snapshot:0 |  MRR   | Hits@1 | Hits@3 | Hits@5 | Hits@10 |
+------------+--------+--------+--------+--------+---------+
|     0      | 0.2558 | 0.1548 | 0.3079 | 0.3682 |  0.4392 |
+------------+--------+--------+--------+--------+---------+
2024-08-22 17:21:01,296 INFO    : Snapshot:1	Epoch:0	Loss:8.096	MRR:20.63	Hits@10:36.66	Best:20.63
2024-08-22 17:21:03,687 INFO    : Snapshot:1	Epoch:1	Loss:3.91	MRR:23.8	Hits@10:41.47	Best:23.8
2024-08-22 17:21:05,910 INFO    : Snapshot:1	Epoch:2	Loss:3.266	MRR:25.34	Hits@10:44.06	Best:25.34
2024-08-22 17:21:08,082 INFO    : Snapshot:1	Epoch:3	Loss:2.967	MRR:25.95	Hits@10:45.21	Best:25.95
2024-08-22 17:21:10,281 INFO    : Snapshot:1	Epoch:4	Loss:2.808	MRR:26.61	Hits@10:45.23	Best:26.61
2024-08-22 17:21:12,422 INFO    : Snapshot:1	Epoch:5	Loss:2.69	MRR:26.95	Hits@10:45.56	Best:26.95
2024-08-22 17:21:14,523 INFO    : Snapshot:1	Epoch:6	Loss:2.615	MRR:26.77	Hits@10:45.78	Best:26.95
2024-08-22 17:21:16,642 INFO    : Snapshot:1	Epoch:7	Loss:2.569	MRR:27.13	Hits@10:46.2	Best:27.13
2024-08-22 17:21:18,767 INFO    : Snapshot:1	Epoch:8	Loss:2.515	MRR:27.14	Hits@10:46.68	Best:27.14
2024-08-22 17:21:20,853 INFO    : Snapshot:1	Epoch:9	Loss:2.49	MRR:27.31	Hits@10:46.24	Best:27.31
2024-08-22 17:21:22,960 INFO    : Snapshot:1	Epoch:10	Loss:2.464	MRR:27.48	Hits@10:46.46	Best:27.48
2024-08-22 17:21:25,054 INFO    : Snapshot:1	Epoch:11	Loss:2.445	MRR:27.48	Hits@10:46.86	Best:27.48
2024-08-22 17:21:27,170 INFO    : Snapshot:1	Epoch:12	Loss:2.431	MRR:27.75	Hits@10:46.96	Best:27.75
2024-08-22 17:21:29,266 INFO    : Snapshot:1	Epoch:13	Loss:2.397	MRR:28.02	Hits@10:46.91	Best:28.02
2024-08-22 17:21:31,353 INFO    : Snapshot:1	Epoch:14	Loss:2.402	MRR:27.76	Hits@10:46.79	Best:28.02
2024-08-22 17:21:33,456 INFO    : Snapshot:1	Epoch:15	Loss:2.364	MRR:27.9	Hits@10:47.14	Best:28.02
2024-08-22 17:21:35,531 INFO    : Snapshot:1	Epoch:16	Loss:2.367	MRR:28.28	Hits@10:47.11	Best:28.28
2024-08-22 17:21:37,599 INFO    : Snapshot:1	Epoch:17	Loss:2.38	MRR:28.04	Hits@10:47.08	Best:28.28
2024-08-22 17:21:39,700 INFO    : Snapshot:1	Epoch:18	Loss:2.354	MRR:28.0	Hits@10:47.2	Best:28.28
2024-08-22 17:21:41,816 INFO    : Early Stopping! Snapshot:1 Epoch: 19 Best Results: 28.28
2024-08-22 17:21:41,902 INFO    : => loading checkpoint './checkpoint/HYBRID\1model_best.tar'
2024-08-22 17:21:46,613 INFO    : 
+------------+--------+--------+--------+--------+---------+
| Snapshot:1 |  MRR   | Hits@1 | Hits@3 | Hits@5 | Hits@10 |
+------------+--------+--------+--------+--------+---------+
|     0      | 0.2558 | 0.1548 | 0.3079 | 0.3682 |  0.4392 |
|     1      | 0.2727 | 0.174  | 0.3133 | 0.3818 |  0.4646 |
+------------+--------+--------+--------+--------+---------+
2024-08-22 17:22:07,287 INFO    : Snapshot:2	Epoch:0	Loss:25.239	MRR:14.97	Hits@10:27.65	Best:14.97
2024-08-22 17:22:18,423 INFO    : Snapshot:2	Epoch:1	Loss:16.526	MRR:16.27	Hits@10:29.94	Best:16.27
2024-08-22 17:22:29,400 INFO    : Snapshot:2	Epoch:2	Loss:15.379	MRR:17.23	Hits@10:31.21	Best:17.23
2024-08-22 17:22:40,459 INFO    : Snapshot:2	Epoch:3	Loss:14.781	MRR:17.53	Hits@10:31.64	Best:17.53
2024-08-22 17:22:52,011 INFO    : Snapshot:2	Epoch:4	Loss:14.431	MRR:17.78	Hits@10:32.11	Best:17.78
2024-08-22 17:23:03,691 INFO    : Snapshot:2	Epoch:5	Loss:14.158	MRR:18.19	Hits@10:32.76	Best:18.19
2024-08-22 17:23:14,670 INFO    : Snapshot:2	Epoch:6	Loss:13.979	MRR:18.38	Hits@10:32.96	Best:18.38
2024-08-22 17:23:25,457 INFO    : Snapshot:2	Epoch:7	Loss:13.85	MRR:18.35	Hits@10:32.9	Best:18.38
2024-08-22 17:23:36,271 INFO    : Snapshot:2	Epoch:8	Loss:13.725	MRR:18.27	Hits@10:33.02	Best:18.38
2024-08-22 17:23:47,601 INFO    : Snapshot:2	Epoch:9	Loss:13.6	MRR:18.64	Hits@10:33.19	Best:18.64
2024-08-22 17:23:58,774 INFO    : Snapshot:2	Epoch:10	Loss:13.557	MRR:18.7	Hits@10:33.21	Best:18.7
2024-08-22 17:24:09,801 INFO    : Snapshot:2	Epoch:11	Loss:13.511	MRR:18.6	Hits@10:33.24	Best:18.7
2024-08-22 17:24:20,683 INFO    : Snapshot:2	Epoch:12	Loss:13.421	MRR:18.72	Hits@10:33.28	Best:18.72
2024-08-22 17:24:31,515 INFO    : Snapshot:2	Epoch:13	Loss:13.382	MRR:18.79	Hits@10:33.39	Best:18.79
2024-08-22 17:24:42,314 INFO    : Snapshot:2	Epoch:14	Loss:13.379	MRR:18.97	Hits@10:33.54	Best:18.97
2024-08-22 17:24:52,941 INFO    : Snapshot:2	Epoch:15	Loss:13.352	MRR:18.95	Hits@10:33.59	Best:18.97
2024-08-22 17:25:03,602 INFO    : Snapshot:2	Epoch:16	Loss:13.272	MRR:18.95	Hits@10:33.69	Best:18.97
2024-08-22 17:25:14,249 INFO    : Snapshot:2	Epoch:17	Loss:13.229	MRR:19.0	Hits@10:33.78	Best:19.0
2024-08-22 17:25:25,067 INFO    : Snapshot:2	Epoch:18	Loss:13.215	MRR:19.04	Hits@10:33.65	Best:19.04
2024-08-22 17:25:35,827 INFO    : Snapshot:2	Epoch:19	Loss:13.182	MRR:18.97	Hits@10:33.66	Best:19.04
2024-08-22 17:25:46,651 INFO    : Snapshot:2	Epoch:20	Loss:13.181	MRR:19.08	Hits@10:33.84	Best:19.08
2024-08-22 17:25:57,449 INFO    : Snapshot:2	Epoch:21	Loss:13.149	MRR:19.11	Hits@10:33.79	Best:19.11
2024-08-22 17:26:08,283 INFO    : Snapshot:2	Epoch:22	Loss:13.156	MRR:19.21	Hits@10:33.88	Best:19.21
2024-08-22 17:26:19,077 INFO    : Snapshot:2	Epoch:23	Loss:13.11	MRR:19.12	Hits@10:33.78	Best:19.21
2024-08-22 17:26:29,742 INFO    : Snapshot:2	Epoch:24	Loss:13.135	MRR:19.08	Hits@10:34.01	Best:19.21
2024-08-22 17:26:40,492 INFO    : Snapshot:2	Epoch:25	Loss:13.104	MRR:19.29	Hits@10:33.92	Best:19.29
2024-08-22 17:26:51,194 INFO    : Snapshot:2	Epoch:26	Loss:13.089	MRR:19.15	Hits@10:33.84	Best:19.29
2024-08-22 17:27:01,965 INFO    : Snapshot:2	Epoch:27	Loss:13.064	MRR:19.07	Hits@10:33.92	Best:19.29
2024-08-22 17:27:12,683 INFO    : Early Stopping! Snapshot:2 Epoch: 28 Best Results: 19.29
2024-08-22 17:27:12,779 INFO    : => loading checkpoint './checkpoint/HYBRID\2model_best.tar'
2024-08-22 17:27:24,578 INFO    : 
+------------+--------+--------+--------+--------+---------+
| Snapshot:2 |  MRR   | Hits@1 | Hits@3 | Hits@5 | Hits@10 |
+------------+--------+--------+--------+--------+---------+
|     0      | 0.2558 | 0.1548 | 0.3079 | 0.3682 |  0.4392 |
|     1      | 0.2727 | 0.174  | 0.3133 | 0.3818 |  0.4646 |
|     2      | 0.1916 | 0.116  | 0.2199 | 0.2679 |  0.336  |
+------------+--------+--------+--------+--------+---------+
2024-08-22 17:27:51,069 INFO    : Snapshot:3	Epoch:0	Loss:29.115	MRR:15.0	Hits@10:28.07	Best:15.0
2024-08-22 17:28:05,285 INFO    : Snapshot:3	Epoch:1	Loss:21.323	MRR:16.04	Hits@10:30.18	Best:16.04
2024-08-22 17:28:19,578 INFO    : Snapshot:3	Epoch:2	Loss:20.395	MRR:16.54	Hits@10:31.08	Best:16.54
2024-08-22 17:28:33,862 INFO    : Snapshot:3	Epoch:3	Loss:19.994	MRR:16.88	Hits@10:31.38	Best:16.88
2024-08-22 17:28:47,975 INFO    : Snapshot:3	Epoch:4	Loss:19.805	MRR:17.07	Hits@10:31.72	Best:17.07
2024-08-22 17:29:01,985 INFO    : Snapshot:3	Epoch:5	Loss:19.634	MRR:17.27	Hits@10:32.05	Best:17.27
2024-08-22 17:29:16,179 INFO    : Snapshot:3	Epoch:6	Loss:19.443	MRR:17.04	Hits@10:32.04	Best:17.27
2024-08-22 17:29:30,293 INFO    : Snapshot:3	Epoch:7	Loss:19.353	MRR:17.31	Hits@10:32.11	Best:17.31
2024-08-22 17:29:44,431 INFO    : Snapshot:3	Epoch:8	Loss:19.27	MRR:17.31	Hits@10:32.23	Best:17.31
2024-08-22 17:29:58,625 INFO    : Snapshot:3	Epoch:9	Loss:19.19	MRR:17.53	Hits@10:32.42	Best:17.53
2024-08-22 17:30:12,785 INFO    : Snapshot:3	Epoch:10	Loss:19.13	MRR:17.5	Hits@10:32.26	Best:17.53
2024-08-22 17:30:27,180 INFO    : Snapshot:3	Epoch:11	Loss:19.028	MRR:17.48	Hits@10:32.46	Best:17.53
2024-08-22 17:30:41,268 INFO    : Snapshot:3	Epoch:12	Loss:19.017	MRR:17.55	Hits@10:32.56	Best:17.55
2024-08-22 17:30:55,323 INFO    : Snapshot:3	Epoch:13	Loss:18.941	MRR:17.65	Hits@10:32.51	Best:17.65
2024-08-22 17:31:09,369 INFO    : Snapshot:3	Epoch:14	Loss:18.921	MRR:17.54	Hits@10:32.61	Best:17.65
2024-08-22 17:31:23,436 INFO    : Snapshot:3	Epoch:15	Loss:18.879	MRR:17.66	Hits@10:32.52	Best:17.66
2024-08-22 17:31:37,589 INFO    : Snapshot:3	Epoch:16	Loss:18.86	MRR:17.61	Hits@10:32.65	Best:17.66
2024-08-22 17:31:51,787 INFO    : Snapshot:3	Epoch:17	Loss:18.857	MRR:17.49	Hits@10:32.57	Best:17.66
2024-08-22 17:32:06,018 INFO    : Early Stopping! Snapshot:3 Epoch: 18 Best Results: 17.66
2024-08-22 17:32:06,118 INFO    : => loading checkpoint './checkpoint/HYBRID\3model_best.tar'
2024-08-22 17:32:27,345 INFO    : 
+------------+--------+--------+--------+--------+---------+
| Snapshot:3 |  MRR   | Hits@1 | Hits@3 | Hits@5 | Hits@10 |
+------------+--------+--------+--------+--------+---------+
|     0      | 0.2558 | 0.1548 | 0.3079 | 0.3682 |  0.4392 |
|     1      | 0.2727 | 0.174  | 0.3133 | 0.3818 |  0.4646 |
|     2      | 0.1916 | 0.116  | 0.2199 | 0.2679 |  0.336  |
|     3      | 0.1786 | 0.099  | 0.2128 | 0.2659 |  0.3278 |
+------------+--------+--------+--------+--------+---------+
2024-08-22 17:32:39,306 INFO    : Snapshot:4	Epoch:0	Loss:14.537	MRR:14.73	Hits@10:24.21	Best:14.73
2024-08-22 17:32:44,845 INFO    : Snapshot:4	Epoch:1	Loss:11.83	MRR:15.23	Hits@10:24.89	Best:15.23
2024-08-22 17:32:50,402 INFO    : Snapshot:4	Epoch:2	Loss:11.616	MRR:15.33	Hits@10:25.04	Best:15.33
2024-08-22 17:32:55,952 INFO    : Snapshot:4	Epoch:3	Loss:11.512	MRR:15.36	Hits@10:24.94	Best:15.36
2024-08-22 17:33:01,551 INFO    : Snapshot:4	Epoch:4	Loss:11.463	MRR:15.42	Hits@10:25.15	Best:15.42
2024-08-22 17:33:07,139 INFO    : Snapshot:4	Epoch:5	Loss:11.393	MRR:15.39	Hits@10:25.17	Best:15.42
2024-08-22 17:33:12,564 INFO    : Snapshot:4	Epoch:6	Loss:11.372	MRR:15.53	Hits@10:25.2	Best:15.53
2024-08-22 17:33:18,073 INFO    : Snapshot:4	Epoch:7	Loss:11.349	MRR:15.49	Hits@10:25.38	Best:15.53
2024-08-22 17:33:23,745 INFO    : Snapshot:4	Epoch:8	Loss:11.322	MRR:15.55	Hits@10:25.16	Best:15.55
2024-08-22 17:33:29,324 INFO    : Snapshot:4	Epoch:9	Loss:11.336	MRR:15.55	Hits@10:25.37	Best:15.55
2024-08-22 17:33:34,920 INFO    : Snapshot:4	Epoch:10	Loss:11.306	MRR:15.51	Hits@10:25.37	Best:15.55
2024-08-22 17:33:40,447 INFO    : Early Stopping! Snapshot:4 Epoch: 11 Best Results: 15.55
2024-08-22 17:33:40,536 INFO    : => loading checkpoint './checkpoint/HYBRID\4model_best.tar'
2024-08-22 17:34:05,781 INFO    : 
+------------+--------+--------+--------+--------+---------+
| Snapshot:4 |  MRR   | Hits@1 | Hits@3 | Hits@5 | Hits@10 |
+------------+--------+--------+--------+--------+---------+
|     0      | 0.2558 | 0.1548 | 0.3079 | 0.3682 |  0.4392 |
|     1      | 0.2727 | 0.174  | 0.3133 | 0.3818 |  0.4646 |
|     2      | 0.1916 | 0.116  | 0.2199 | 0.2679 |  0.336  |
|     3      | 0.1786 | 0.099  | 0.2128 | 0.2659 |  0.3278 |
|     4      | 0.1552 | 0.1048 | 0.1694 | 0.203  |  0.2506 |
+------------+--------+--------+--------+--------+---------+
2024-08-22 17:34:05,782 INFO    : Final Result:
[+------------+--------+--------+--------+--------+---------+
| Snapshot:0 |  MRR   | Hits@1 | Hits@3 | Hits@5 | Hits@10 |
+------------+--------+--------+--------+--------+---------+
|     0      | 0.2558 | 0.1548 | 0.3079 | 0.3682 |  0.4392 |
+------------+--------+--------+--------+--------+---------+, +------------+--------+--------+--------+--------+---------+
| Snapshot:1 |  MRR   | Hits@1 | Hits@3 | Hits@5 | Hits@10 |
+------------+--------+--------+--------+--------+---------+
|     0      | 0.2558 | 0.1548 | 0.3079 | 0.3682 |  0.4392 |
|     1      | 0.2727 | 0.174  | 0.3133 | 0.3818 |  0.4646 |
+------------+--------+--------+--------+--------+---------+, +------------+--------+--------+--------+--------+---------+
| Snapshot:2 |  MRR   | Hits@1 | Hits@3 | Hits@5 | Hits@10 |
+------------+--------+--------+--------+--------+---------+
|     0      | 0.2558 | 0.1548 | 0.3079 | 0.3682 |  0.4392 |
|     1      | 0.2727 | 0.174  | 0.3133 | 0.3818 |  0.4646 |
|     2      | 0.1916 | 0.116  | 0.2199 | 0.2679 |  0.336  |
+------------+--------+--------+--------+--------+---------+, +------------+--------+--------+--------+--------+---------+
| Snapshot:3 |  MRR   | Hits@1 | Hits@3 | Hits@5 | Hits@10 |
+------------+--------+--------+--------+--------+---------+
|     0      | 0.2558 | 0.1548 | 0.3079 | 0.3682 |  0.4392 |
|     1      | 0.2727 | 0.174  | 0.3133 | 0.3818 |  0.4646 |
|     2      | 0.1916 | 0.116  | 0.2199 | 0.2679 |  0.336  |
|     3      | 0.1786 | 0.099  | 0.2128 | 0.2659 |  0.3278 |
+------------+--------+--------+--------+--------+---------+, +------------+--------+--------+--------+--------+---------+
| Snapshot:4 |  MRR   | Hits@1 | Hits@3 | Hits@5 | Hits@10 |
+------------+--------+--------+--------+--------+---------+
|     0      | 0.2558 | 0.1548 | 0.3079 | 0.3682 |  0.4392 |
|     1      | 0.2727 | 0.174  | 0.3133 | 0.3818 |  0.4646 |
|     2      | 0.1916 | 0.116  | 0.2199 | 0.2679 |  0.336  |
|     3      | 0.1786 | 0.099  | 0.2128 | 0.2659 |  0.3278 |
|     4      | 0.1552 | 0.1048 | 0.1694 | 0.203  |  0.2506 |
+------------+--------+--------+--------+--------+---------+]
2024-08-22 17:34:05,783 INFO    : Report Result:
+----------+--------------------+-----------+--------------+--------------+---------------+
| Snapshot |        Time        | Whole_MRR | Whole_Hits@1 | Whole_Hits@3 | Whole_Hits@10 |
+----------+--------------------+-----------+--------------+--------------+---------------+
|    0     | 38.64311861991882  |   0.256   |    0.155     |    0.308     |     0.439     |
|    1     | 44.93462324142456  |    0.26   |     0.16     |    0.309     |     0.446     |
|    2     | 319.12739610671997 |   0.224   |    0.137     |    0.262     |     0.388     |
|    3     | 271.6101679801941  |   0.207   |    0.122     |    0.243     |     0.365     |
|    4     | 68.92541646957397  |    0.2    |     0.12     |    0.234     |      0.35     |
+----------+--------------------+-----------+--------------+--------------+---------------+
2024-08-22 17:34:05,783 INFO    : Sum_Training_Time:743.2407224178314
2024-08-22 17:34:05,784 INFO    : Every_Training_Time:[38.64311861991882, 44.93462324142456, 319.12739610671997, 271.6101679801941, 68.92541646957397]
2024-08-22 17:34:05,785 INFO    : Forward transfer: 0.03645 Backward transfer: 0.0
