2024-09-13 17:00:25,892 INFO    : Namespace(batch_size=1024, data_path='./data/HYBRID/', dataset='HYBRID', debug=False, device=device(type='cuda', index=0), emb_dim=200, ent_r='150', epoch_num=200, explore=False, gpu='0', l2=0.0, learning_rate='3e-1', log_path='./logs/20240913170017/HYBRID', logger=<RootLogger root (INFO)>, margin=8.0, model_name='LoraKGE_Layers', multi_layers_path='train_sorted_by_edges_betweenness.txt', neg_ratio=10, note='', num_ent_layers='5', num_layer=1, num_rel_layers='1', patience=3, predict_result=False, r=100, r_fixed=True, random_seed=3407, record=False, rel_r='20', save_path='./checkpoint/HYBRID', skip_previous='False', snapshot_num=5, train_new=True, using_multi_layers=False, using_various_ranks='True', using_various_ranks_reverse=False, valid_metrics='mrr')
2024-09-13 17:00:33,954 INFO    : Snapshot:0	0	3	Epoch:0	Loss:41.71	MRR:8.75	Hits@10:20.52	Best:8.75
2024-09-13 17:00:39,390 INFO    : Snapshot:0	0	3	Epoch:1	Loss:28.429	MRR:15.57	Hits@10:30.78	Best:15.57
2024-09-13 17:00:44,799 INFO    : Snapshot:0	0	3	Epoch:2	Loss:18.068	MRR:20.81	Hits@10:37.81	Best:20.81
2024-09-13 17:00:50,196 INFO    : Snapshot:0	0	3	Epoch:3	Loss:10.959	MRR:23.3	Hits@10:41.12	Best:23.3
2024-09-13 17:00:55,560 INFO    : Snapshot:0	0	3	Epoch:4	Loss:6.919	MRR:24.72	Hits@10:42.86	Best:24.72
2024-09-13 17:01:01,145 INFO    : Snapshot:0	0	3	Epoch:5	Loss:4.64	MRR:25.0	Hits@10:43.85	Best:25.0
2024-09-13 17:01:06,442 INFO    : Snapshot:0	0	3	Epoch:6	Loss:3.342	MRR:25.24	Hits@10:44.32	Best:25.24
2024-09-13 17:01:11,851 INFO    : Snapshot:0	1	3	Epoch:7	Loss:2.518	MRR:25.17	Hits@10:44.55	Best:25.24
2024-09-13 17:01:17,276 INFO    : Snapshot:0	0	3	Epoch:8	Loss:2.002	MRR:25.29	Hits@10:44.55	Best:25.29
2024-09-13 17:01:22,817 INFO    : Snapshot:0	1	3	Epoch:9	Loss:1.644	MRR:25.27	Hits@10:44.55	Best:25.29
2024-09-13 17:01:28,427 INFO    : Snapshot:0	2	3	Epoch:10	Loss:1.391	MRR:25.02	Hits@10:44.6	Best:25.29
2024-09-13 17:01:33,960 INFO    : Early Stopping! Snapshot:0 Epoch: 11 Best Results: 25.29
2024-09-13 17:01:34,053 INFO    : => loading checkpoint './checkpoint/HYBRID\0model_best.tar'
2024-09-13 17:01:37,513 INFO    : 
+------------+--------+--------+--------+--------+---------+
| Snapshot:0 |  MRR   | Hits@1 | Hits@3 | Hits@5 | Hits@10 |
+------------+--------+--------+--------+--------+---------+
|     0      | 0.2532 | 0.152  | 0.3054 | 0.3657 |  0.4362 |
+------------+--------+--------+--------+--------+---------+
2024-09-13 17:01:43,915 INFO    : Snapshot:1	0	3	Epoch:0	Loss:6.429	MRR:20.1	Hits@10:35.23	Best:20.1
2024-09-13 17:01:46,119 INFO    : Snapshot:1	0	3	Epoch:1	Loss:3.227	MRR:23.55	Hits@10:42.2	Best:23.55
2024-09-13 17:01:48,310 INFO    : Snapshot:1	0	3	Epoch:2	Loss:2.719	MRR:24.45	Hits@10:43.1	Best:24.45
2024-09-13 17:01:50,652 INFO    : Snapshot:1	0	3	Epoch:3	Loss:2.517	MRR:25.69	Hits@10:44.4	Best:25.69
2024-09-13 17:01:52,856 INFO    : Snapshot:1	1	3	Epoch:4	Loss:2.412	MRR:25.67	Hits@10:45.16	Best:25.69
2024-09-13 17:01:55,150 INFO    : Snapshot:1	2	3	Epoch:5	Loss:2.331	MRR:25.54	Hits@10:44.92	Best:25.69
2024-09-13 17:01:57,302 INFO    : Early Stopping! Snapshot:1 Epoch: 6 Best Results: 25.69
2024-09-13 17:01:57,394 INFO    : => loading checkpoint './checkpoint/HYBRID\1model_best.tar'
2024-09-13 17:02:02,272 INFO    : 
+------------+--------+--------+--------+--------+---------+
| Snapshot:1 |  MRR   | Hits@1 | Hits@3 | Hits@5 | Hits@10 |
+------------+--------+--------+--------+--------+---------+
|     0      | 0.2532 | 0.152  | 0.3054 | 0.3657 |  0.4362 |
|     1      | 0.2489 | 0.155  | 0.2814 | 0.3537 |  0.4377 |
+------------+--------+--------+--------+--------+---------+
2024-09-13 17:02:23,534 INFO    : Snapshot:2	0	3	Epoch:0	Loss:21.516	MRR:14.64	Hits@10:26.89	Best:14.64
2024-09-13 17:02:35,163 INFO    : Snapshot:2	0	3	Epoch:1	Loss:14.448	MRR:15.69	Hits@10:29.06	Best:15.69
2024-09-13 17:02:46,786 INFO    : Snapshot:2	0	3	Epoch:2	Loss:13.534	MRR:16.22	Hits@10:29.92	Best:16.22
2024-09-13 17:02:58,318 INFO    : Snapshot:2	0	3	Epoch:3	Loss:13.046	MRR:16.91	Hits@10:30.69	Best:16.91
2024-09-13 17:03:09,851 INFO    : Snapshot:2	0	3	Epoch:4	Loss:12.722	MRR:17.22	Hits@10:31.1	Best:17.22
2024-09-13 17:03:21,172 INFO    : Snapshot:2	0	3	Epoch:5	Loss:12.479	MRR:17.52	Hits@10:31.52	Best:17.52
2024-09-13 17:03:32,562 INFO    : Snapshot:2	1	3	Epoch:6	Loss:12.34	MRR:17.36	Hits@10:31.38	Best:17.52
2024-09-13 17:03:43,915 INFO    : Snapshot:2	2	3	Epoch:7	Loss:12.213	MRR:17.31	Hits@10:31.49	Best:17.52
2024-09-13 17:03:55,505 INFO    : Snapshot:2	0	3	Epoch:8	Loss:12.053	MRR:17.68	Hits@10:31.81	Best:17.68
2024-09-13 17:04:07,060 INFO    : Snapshot:2	0	3	Epoch:9	Loss:11.954	MRR:17.78	Hits@10:31.88	Best:17.78
2024-09-13 17:04:18,239 INFO    : Snapshot:2	0	3	Epoch:10	Loss:11.905	MRR:17.86	Hits@10:32.16	Best:17.86
2024-09-13 17:04:29,547 INFO    : Snapshot:2	1	3	Epoch:11	Loss:11.856	MRR:17.86	Hits@10:32.05	Best:17.86
2024-09-13 17:04:41,026 INFO    : Snapshot:2	0	3	Epoch:12	Loss:11.773	MRR:17.98	Hits@10:32.23	Best:17.98
2024-09-13 17:04:52,375 INFO    : Snapshot:2	0	3	Epoch:13	Loss:11.697	MRR:18.22	Hits@10:32.42	Best:18.22
2024-09-13 17:05:03,784 INFO    : Snapshot:2	1	3	Epoch:14	Loss:11.695	MRR:18.07	Hits@10:32.46	Best:18.22
2024-09-13 17:05:15,060 INFO    : Snapshot:2	2	3	Epoch:15	Loss:11.679	MRR:18.13	Hits@10:32.5	Best:18.22
2024-09-13 17:05:25,909 INFO    : Early Stopping! Snapshot:2 Epoch: 16 Best Results: 18.22
2024-09-13 17:05:26,010 INFO    : => loading checkpoint './checkpoint/HYBRID\2model_best.tar'
2024-09-13 17:05:37,478 INFO    : 
+------------+--------+--------+--------+--------+---------+
| Snapshot:2 |  MRR   | Hits@1 | Hits@3 | Hits@5 | Hits@10 |
+------------+--------+--------+--------+--------+---------+
|     0      | 0.2532 | 0.152  | 0.3054 | 0.3657 |  0.4362 |
|     1      | 0.2489 | 0.155  | 0.2814 | 0.3537 |  0.4377 |
|     2      | 0.1826 | 0.1098 | 0.2071 | 0.2557 |  0.3236 |
+------------+--------+--------+--------+--------+---------+
2024-09-13 17:06:04,706 INFO    : Snapshot:3	0	3	Epoch:0	Loss:24.566	MRR:14.55	Hits@10:27.32	Best:14.55
2024-09-13 17:06:19,277 INFO    : Snapshot:3	0	3	Epoch:1	Loss:18.505	MRR:15.45	Hits@10:28.76	Best:15.45
2024-09-13 17:06:34,000 INFO    : Snapshot:3	0	3	Epoch:2	Loss:17.937	MRR:15.83	Hits@10:29.54	Best:15.83
2024-09-13 17:06:48,658 INFO    : Snapshot:3	0	3	Epoch:3	Loss:17.624	MRR:15.85	Hits@10:29.62	Best:15.85
2024-09-13 17:07:03,001 INFO    : Snapshot:3	0	3	Epoch:4	Loss:17.387	MRR:16.23	Hits@10:30.35	Best:16.23
2024-09-13 17:07:17,525 INFO    : Snapshot:3	0	3	Epoch:5	Loss:17.225	MRR:16.43	Hits@10:30.58	Best:16.43
2024-09-13 17:07:31,958 INFO    : Snapshot:3	0	3	Epoch:6	Loss:17.085	MRR:16.44	Hits@10:30.68	Best:16.44
2024-09-13 17:07:46,443 INFO    : Snapshot:3	0	3	Epoch:7	Loss:16.978	MRR:16.46	Hits@10:30.63	Best:16.46
2024-09-13 17:08:00,794 INFO    : Snapshot:3	0	3	Epoch:8	Loss:16.866	MRR:16.59	Hits@10:30.76	Best:16.59
2024-09-13 17:08:15,085 INFO    : Snapshot:3	0	3	Epoch:9	Loss:16.809	MRR:16.7	Hits@10:30.79	Best:16.7
2024-09-13 17:08:29,641 INFO    : Snapshot:3	0	3	Epoch:10	Loss:16.718	MRR:16.77	Hits@10:30.9	Best:16.77
2024-09-13 17:08:44,221 INFO    : Snapshot:3	1	3	Epoch:11	Loss:16.649	MRR:16.75	Hits@10:30.99	Best:16.77
2024-09-13 17:08:58,635 INFO    : Snapshot:3	0	3	Epoch:12	Loss:16.649	MRR:16.9	Hits@10:31.16	Best:16.9
2024-09-13 17:09:13,187 INFO    : Snapshot:3	1	3	Epoch:13	Loss:16.596	MRR:16.85	Hits@10:30.99	Best:16.9
2024-09-13 17:09:27,682 INFO    : Snapshot:3	2	3	Epoch:14	Loss:16.549	MRR:16.81	Hits@10:30.95	Best:16.9
2024-09-13 17:09:42,150 INFO    : Snapshot:3	0	3	Epoch:15	Loss:16.549	MRR:17.0	Hits@10:31.19	Best:17.0
2024-09-13 17:09:56,688 INFO    : Snapshot:3	1	3	Epoch:16	Loss:16.468	MRR:16.83	Hits@10:31.2	Best:17.0
2024-09-13 17:10:11,051 INFO    : Snapshot:3	2	3	Epoch:17	Loss:16.439	MRR:16.87	Hits@10:31.1	Best:17.0
2024-09-13 17:10:25,837 INFO    : Snapshot:3	0	3	Epoch:18	Loss:16.425	MRR:17.01	Hits@10:31.17	Best:17.01
2024-09-13 17:10:40,610 INFO    : Snapshot:3	0	3	Epoch:19	Loss:16.416	MRR:17.04	Hits@10:31.24	Best:17.04
2024-09-13 17:10:55,258 INFO    : Snapshot:3	1	3	Epoch:20	Loss:16.348	MRR:16.96	Hits@10:31.31	Best:17.04
2024-09-13 17:11:09,868 INFO    : Snapshot:3	2	3	Epoch:21	Loss:16.364	MRR:17.01	Hits@10:31.17	Best:17.04
2024-09-13 17:11:24,318 INFO    : Snapshot:3	0	3	Epoch:22	Loss:16.338	MRR:17.05	Hits@10:31.28	Best:17.05
2024-09-13 17:11:38,711 INFO    : Snapshot:3	0	3	Epoch:23	Loss:16.296	MRR:17.1	Hits@10:31.42	Best:17.1
2024-09-13 17:11:53,132 INFO    : Snapshot:3	1	3	Epoch:24	Loss:16.327	MRR:17.06	Hits@10:31.38	Best:17.1
2024-09-13 17:12:07,681 INFO    : Snapshot:3	2	3	Epoch:25	Loss:16.265	MRR:17.04	Hits@10:31.31	Best:17.1
2024-09-13 17:12:22,382 INFO    : Early Stopping! Snapshot:3 Epoch: 26 Best Results: 17.1
2024-09-13 17:12:22,486 INFO    : => loading checkpoint './checkpoint/HYBRID\3model_best.tar'
2024-09-13 17:12:44,311 INFO    : 
+------------+--------+--------+--------+--------+---------+
| Snapshot:3 |  MRR   | Hits@1 | Hits@3 | Hits@5 | Hits@10 |
+------------+--------+--------+--------+--------+---------+
|     0      | 0.2532 | 0.152  | 0.3054 | 0.3657 |  0.4362 |
|     1      | 0.2489 | 0.155  | 0.2814 | 0.3537 |  0.4377 |
|     2      | 0.1826 | 0.1098 | 0.2071 | 0.2557 |  0.3236 |
|     3      | 0.1695 | 0.0931 | 0.1997 | 0.2511 |  0.3134 |
+------------+--------+--------+--------+--------+---------+
2024-09-13 17:12:56,497 INFO    : Snapshot:4	0	3	Epoch:0	Loss:13.365	MRR:13.02	Hits@10:22.55	Best:13.02
2024-09-13 17:13:01,989 INFO    : Snapshot:4	0	3	Epoch:1	Loss:11.614	MRR:13.61	Hits@10:23.41	Best:13.61
2024-09-13 17:13:07,465 INFO    : Snapshot:4	0	3	Epoch:2	Loss:11.428	MRR:13.69	Hits@10:23.44	Best:13.69
2024-09-13 17:13:13,046 INFO    : Snapshot:4	0	3	Epoch:3	Loss:11.362	MRR:13.79	Hits@10:23.44	Best:13.79
2024-09-13 17:13:18,617 INFO    : Snapshot:4	1	3	Epoch:4	Loss:11.362	MRR:13.61	Hits@10:23.25	Best:13.79
2024-09-13 17:13:24,129 INFO    : Snapshot:4	2	3	Epoch:5	Loss:11.258	MRR:13.68	Hits@10:23.46	Best:13.79
2024-09-13 17:13:29,622 INFO    : Early Stopping! Snapshot:4 Epoch: 6 Best Results: 13.79
2024-09-13 17:13:29,715 INFO    : => loading checkpoint './checkpoint/HYBRID\4model_best.tar'
2024-09-13 17:13:54,743 INFO    : 
+------------+--------+--------+--------+--------+---------+
| Snapshot:4 |  MRR   | Hits@1 | Hits@3 | Hits@5 | Hits@10 |
+------------+--------+--------+--------+--------+---------+
|     0      | 0.2532 | 0.152  | 0.3054 | 0.3657 |  0.4362 |
|     1      | 0.2489 | 0.155  | 0.2814 | 0.3537 |  0.4377 |
|     2      | 0.1826 | 0.1098 | 0.2071 | 0.2557 |  0.3236 |
|     3      | 0.1695 | 0.0931 | 0.1997 | 0.2511 |  0.3134 |
|     4      | 0.1365 | 0.0852 | 0.1512 | 0.185  |  0.2346 |
+------------+--------+--------+--------+--------+---------+
2024-09-13 17:13:54,745 INFO    : Final Result:
[+------------+--------+--------+--------+--------+---------+
| Snapshot:0 |  MRR   | Hits@1 | Hits@3 | Hits@5 | Hits@10 |
+------------+--------+--------+--------+--------+---------+
|     0      | 0.2532 | 0.152  | 0.3054 | 0.3657 |  0.4362 |
+------------+--------+--------+--------+--------+---------+, +------------+--------+--------+--------+--------+---------+
| Snapshot:1 |  MRR   | Hits@1 | Hits@3 | Hits@5 | Hits@10 |
+------------+--------+--------+--------+--------+---------+
|     0      | 0.2532 | 0.152  | 0.3054 | 0.3657 |  0.4362 |
|     1      | 0.2489 | 0.155  | 0.2814 | 0.3537 |  0.4377 |
+------------+--------+--------+--------+--------+---------+, +------------+--------+--------+--------+--------+---------+
| Snapshot:2 |  MRR   | Hits@1 | Hits@3 | Hits@5 | Hits@10 |
+------------+--------+--------+--------+--------+---------+
|     0      | 0.2532 | 0.152  | 0.3054 | 0.3657 |  0.4362 |
|     1      | 0.2489 | 0.155  | 0.2814 | 0.3537 |  0.4377 |
|     2      | 0.1826 | 0.1098 | 0.2071 | 0.2557 |  0.3236 |
+------------+--------+--------+--------+--------+---------+, +------------+--------+--------+--------+--------+---------+
| Snapshot:3 |  MRR   | Hits@1 | Hits@3 | Hits@5 | Hits@10 |
+------------+--------+--------+--------+--------+---------+
|     0      | 0.2532 | 0.152  | 0.3054 | 0.3657 |  0.4362 |
|     1      | 0.2489 | 0.155  | 0.2814 | 0.3537 |  0.4377 |
|     2      | 0.1826 | 0.1098 | 0.2071 | 0.2557 |  0.3236 |
|     3      | 0.1695 | 0.0931 | 0.1997 | 0.2511 |  0.3134 |
+------------+--------+--------+--------+--------+---------+, +------------+--------+--------+--------+--------+---------+
| Snapshot:4 |  MRR   | Hits@1 | Hits@3 | Hits@5 | Hits@10 |
+------------+--------+--------+--------+--------+---------+
|     0      | 0.2532 | 0.152  | 0.3054 | 0.3657 |  0.4362 |
|     1      | 0.2489 | 0.155  | 0.2814 | 0.3537 |  0.4377 |
|     2      | 0.1826 | 0.1098 | 0.2071 | 0.2557 |  0.3236 |
|     3      | 0.1695 | 0.0931 | 0.1997 | 0.2511 |  0.3134 |
|     4      | 0.1365 | 0.0852 | 0.1512 | 0.185  |  0.2346 |
+------------+--------+--------+--------+--------+---------+]
2024-09-13 17:13:54,745 INFO    : Report Result:
+----------+--------------------+-----------+--------------+--------------+---------------+
| Snapshot |        Time        | Whole_MRR | Whole_Hits@1 | Whole_Hits@3 | Whole_Hits@10 |
+----------+--------------------+-----------+--------------+--------------+---------------+
|    0     |  68.0670919418335  |   0.253   |    0.152     |    0.305     |     0.436     |
|    1     | 17.889692068099976 |   0.252   |    0.153     |    0.299     |     0.437     |
|    2     | 196.49366879463196 |   0.215   |     0.13     |     0.25     |     0.377     |
|    3     | 395.2326910495758  |   0.198   |    0.116     |    0.231     |     0.353     |
|    4     | 41.20128345489502  |    0.19   |    0.112     |    0.221     |     0.337     |
+----------+--------------------+-----------+--------------+--------------+---------------+
2024-09-13 17:13:54,745 INFO    : Sum_Training_Time:718.8844273090363
2024-09-13 17:13:54,745 INFO    : Every_Training_Time:[68.0670919418335, 17.889692068099976, 196.49366879463196, 395.2326910495758, 41.20128345489502]
2024-09-13 17:13:54,746 INFO    : Forward transfer: 0.034625 Backward transfer: 0.0
