2024-09-13 16:14:29,747 INFO    : Namespace(batch_size=1024, data_path='./data/HYBRID/', dataset='HYBRID', debug=False, device=device(type='cuda', index=0), emb_dim=200, ent_r='150', epoch_num=200, explore=False, gpu='0', l2=0.0, learning_rate='3e-1', log_path='./logs/20240913161421/HYBRID', logger=<RootLogger root (INFO)>, margin=8.0, model_name='LoraKGE_Layers', multi_layers_path='train_sorted_by_edges_betweenness.txt', neg_ratio=10, note='', num_ent_layers='10', num_layer=1, num_rel_layers='1', patience=3, predict_result=False, r=100, r_fixed=True, random_seed=3407, record=False, rel_r='20', save_path='./checkpoint/HYBRID', skip_previous='False', snapshot_num=5, train_new=True, using_multi_layers=False, using_various_ranks='True', using_various_ranks_reverse=False, valid_metrics='mrr')
2024-09-13 16:14:37,407 INFO    : Snapshot:0	0	3	Epoch:0	Loss:41.71	MRR:8.75	Hits@10:20.52	Best:8.75
2024-09-13 16:14:42,787 INFO    : Snapshot:0	0	3	Epoch:1	Loss:28.429	MRR:15.57	Hits@10:30.78	Best:15.57
2024-09-13 16:14:48,098 INFO    : Snapshot:0	0	3	Epoch:2	Loss:18.068	MRR:20.81	Hits@10:37.81	Best:20.81
2024-09-13 16:14:53,461 INFO    : Snapshot:0	0	3	Epoch:3	Loss:10.959	MRR:23.3	Hits@10:41.12	Best:23.3
2024-09-13 16:14:58,843 INFO    : Snapshot:0	0	3	Epoch:4	Loss:6.919	MRR:24.72	Hits@10:42.86	Best:24.72
2024-09-13 16:15:04,393 INFO    : Snapshot:0	0	3	Epoch:5	Loss:4.64	MRR:25.0	Hits@10:43.85	Best:25.0
2024-09-13 16:15:09,653 INFO    : Snapshot:0	0	3	Epoch:6	Loss:3.342	MRR:25.24	Hits@10:44.32	Best:25.24
2024-09-13 16:15:14,918 INFO    : Snapshot:0	1	3	Epoch:7	Loss:2.518	MRR:25.17	Hits@10:44.55	Best:25.24
2024-09-13 16:15:20,201 INFO    : Snapshot:0	0	3	Epoch:8	Loss:2.002	MRR:25.29	Hits@10:44.55	Best:25.29
2024-09-13 16:15:25,696 INFO    : Snapshot:0	1	3	Epoch:9	Loss:1.644	MRR:25.27	Hits@10:44.55	Best:25.29
2024-09-13 16:15:31,001 INFO    : Snapshot:0	2	3	Epoch:10	Loss:1.391	MRR:25.02	Hits@10:44.6	Best:25.29
2024-09-13 16:15:36,394 INFO    : Early Stopping! Snapshot:0 Epoch: 11 Best Results: 25.29
2024-09-13 16:15:36,485 INFO    : => loading checkpoint './checkpoint/HYBRID\0model_best.tar'
2024-09-13 16:15:39,850 INFO    : 
+------------+--------+--------+--------+--------+---------+
| Snapshot:0 |  MRR   | Hits@1 | Hits@3 | Hits@5 | Hits@10 |
+------------+--------+--------+--------+--------+---------+
|     0      | 0.2532 | 0.152  | 0.3054 | 0.3657 |  0.4362 |
+------------+--------+--------+--------+--------+---------+
2024-09-13 16:15:46,485 INFO    : Snapshot:1	0	3	Epoch:0	Loss:6.419	MRR:20.48	Hits@10:37.1	Best:20.48
2024-09-13 16:15:48,823 INFO    : Snapshot:1	0	3	Epoch:1	Loss:3.163	MRR:23.3	Hits@10:42.14	Best:23.3
2024-09-13 16:15:51,214 INFO    : Snapshot:1	0	3	Epoch:2	Loss:2.676	MRR:24.44	Hits@10:43.15	Best:24.44
2024-09-13 16:15:53,681 INFO    : Snapshot:1	0	3	Epoch:3	Loss:2.483	MRR:25.53	Hits@10:44.43	Best:25.53
2024-09-13 16:15:56,092 INFO    : Snapshot:1	0	3	Epoch:4	Loss:2.389	MRR:25.82	Hits@10:44.99	Best:25.82
2024-09-13 16:15:58,461 INFO    : Snapshot:1	1	3	Epoch:5	Loss:2.314	MRR:25.76	Hits@10:45.2	Best:25.82
2024-09-13 16:16:00,838 INFO    : Snapshot:1	0	3	Epoch:6	Loss:2.252	MRR:26.14	Hits@10:45.1	Best:26.14
2024-09-13 16:16:03,202 INFO    : Snapshot:1	1	3	Epoch:7	Loss:2.229	MRR:25.86	Hits@10:45.31	Best:26.14
2024-09-13 16:16:05,597 INFO    : Snapshot:1	0	3	Epoch:8	Loss:2.208	MRR:26.71	Hits@10:45.72	Best:26.71
2024-09-13 16:16:08,006 INFO    : Snapshot:1	1	3	Epoch:9	Loss:2.19	MRR:26.55	Hits@10:45.7	Best:26.71
2024-09-13 16:16:10,337 INFO    : Snapshot:1	2	3	Epoch:10	Loss:2.145	MRR:26.58	Hits@10:45.87	Best:26.71
2024-09-13 16:16:12,703 INFO    : Snapshot:1	0	3	Epoch:11	Loss:2.143	MRR:26.74	Hits@10:46.0	Best:26.74
2024-09-13 16:16:15,073 INFO    : Snapshot:1	0	3	Epoch:12	Loss:2.114	MRR:26.76	Hits@10:46.29	Best:26.76
2024-09-13 16:16:17,401 INFO    : Snapshot:1	1	3	Epoch:13	Loss:2.108	MRR:26.65	Hits@10:46.6	Best:26.76
2024-09-13 16:16:19,815 INFO    : Snapshot:1	2	3	Epoch:14	Loss:2.107	MRR:26.65	Hits@10:45.64	Best:26.76
2024-09-13 16:16:22,203 INFO    : Early Stopping! Snapshot:1 Epoch: 15 Best Results: 26.76
2024-09-13 16:16:22,293 INFO    : => loading checkpoint './checkpoint/HYBRID\1model_best.tar'
2024-09-13 16:16:27,459 INFO    : 
+------------+--------+--------+--------+--------+---------+
| Snapshot:1 |  MRR   | Hits@1 | Hits@3 | Hits@5 | Hits@10 |
+------------+--------+--------+--------+--------+---------+
|     0      | 0.2532 | 0.152  | 0.3054 | 0.3657 |  0.4362 |
|     1      | 0.2606 | 0.1637 | 0.2958 | 0.3672 |  0.4515 |
+------------+--------+--------+--------+--------+---------+
2024-09-13 16:16:49,374 INFO    : Snapshot:2	0	3	Epoch:0	Loss:21.762	MRR:14.89	Hits@10:27.83	Best:14.89
2024-09-13 16:17:01,801 INFO    : Snapshot:2	0	3	Epoch:1	Loss:14.511	MRR:15.84	Hits@10:29.3	Best:15.84
2024-09-13 16:17:14,155 INFO    : Snapshot:2	0	3	Epoch:2	Loss:13.554	MRR:16.34	Hits@10:30.1	Best:16.34
2024-09-13 16:17:26,331 INFO    : Snapshot:2	0	3	Epoch:3	Loss:13.025	MRR:17.31	Hits@10:31.16	Best:17.31
2024-09-13 16:17:38,593 INFO    : Snapshot:2	0	3	Epoch:4	Loss:12.715	MRR:17.46	Hits@10:31.51	Best:17.46
2024-09-13 16:17:51,235 INFO    : Snapshot:2	0	3	Epoch:5	Loss:12.453	MRR:17.61	Hits@10:31.67	Best:17.61
2024-09-13 16:18:03,840 INFO    : Snapshot:2	1	3	Epoch:6	Loss:12.284	MRR:17.49	Hits@10:31.94	Best:17.61
2024-09-13 16:18:16,283 INFO    : Snapshot:2	0	3	Epoch:7	Loss:12.146	MRR:17.65	Hits@10:31.96	Best:17.65
2024-09-13 16:18:28,916 INFO    : Snapshot:2	0	3	Epoch:8	Loss:12.056	MRR:17.84	Hits@10:32.3	Best:17.84
2024-09-13 16:18:41,623 INFO    : Snapshot:2	0	3	Epoch:9	Loss:11.942	MRR:17.99	Hits@10:32.2	Best:17.99
2024-09-13 16:18:54,134 INFO    : Snapshot:2	0	3	Epoch:10	Loss:11.867	MRR:18.3	Hits@10:32.43	Best:18.3
2024-09-13 16:19:06,553 INFO    : Snapshot:2	1	3	Epoch:11	Loss:11.799	MRR:18.22	Hits@10:32.53	Best:18.3
2024-09-13 16:19:19,029 INFO    : Snapshot:2	0	3	Epoch:12	Loss:11.741	MRR:18.45	Hits@10:32.93	Best:18.45
2024-09-13 16:19:31,634 INFO    : Snapshot:2	0	3	Epoch:13	Loss:11.702	MRR:18.6	Hits@10:32.72	Best:18.6
2024-09-13 16:19:44,415 INFO    : Snapshot:2	1	3	Epoch:14	Loss:11.671	MRR:18.46	Hits@10:32.73	Best:18.6
2024-09-13 16:19:57,069 INFO    : Snapshot:2	2	3	Epoch:15	Loss:11.627	MRR:18.54	Hits@10:32.85	Best:18.6
2024-09-13 16:20:09,658 INFO    : Early Stopping! Snapshot:2 Epoch: 16 Best Results: 18.6
2024-09-13 16:20:09,758 INFO    : => loading checkpoint './checkpoint/HYBRID\2model_best.tar'
2024-09-13 16:20:22,420 INFO    : 
+------------+--------+--------+--------+--------+---------+
| Snapshot:2 |  MRR   | Hits@1 | Hits@3 | Hits@5 | Hits@10 |
+------------+--------+--------+--------+--------+---------+
|     0      | 0.2532 | 0.152  | 0.3054 | 0.3657 |  0.4362 |
|     1      | 0.2606 | 0.1637 | 0.2958 | 0.3672 |  0.4515 |
|     2      | 0.1855 | 0.1124 | 0.2098 | 0.2595 |  0.3265 |
+------------+--------+--------+--------+--------+---------+
2024-09-13 16:20:52,156 INFO    : Snapshot:3	0	3	Epoch:0	Loss:24.562	MRR:14.89	Hits@10:27.58	Best:14.89
2024-09-13 16:21:08,282 INFO    : Snapshot:3	0	3	Epoch:1	Loss:18.511	MRR:15.62	Hits@10:29.07	Best:15.62
2024-09-13 16:21:24,662 INFO    : Snapshot:3	0	3	Epoch:2	Loss:17.909	MRR:15.69	Hits@10:29.66	Best:15.69
2024-09-13 16:21:40,835 INFO    : Snapshot:3	0	3	Epoch:3	Loss:17.609	MRR:16.31	Hits@10:30.13	Best:16.31
2024-09-13 16:21:57,005 INFO    : Snapshot:3	0	3	Epoch:4	Loss:17.333	MRR:16.51	Hits@10:30.6	Best:16.51
2024-09-13 16:22:13,142 INFO    : Snapshot:3	0	3	Epoch:5	Loss:17.13	MRR:16.9	Hits@10:30.69	Best:16.9
2024-09-13 16:22:29,216 INFO    : Snapshot:3	0	3	Epoch:6	Loss:16.972	MRR:16.97	Hits@10:31.04	Best:16.97
2024-09-13 16:22:45,430 INFO    : Snapshot:3	0	3	Epoch:7	Loss:16.87	MRR:16.98	Hits@10:31.03	Best:16.98
2024-09-13 16:23:01,644 INFO    : Snapshot:3	0	3	Epoch:8	Loss:16.832	MRR:17.06	Hits@10:31.21	Best:17.06
2024-09-13 16:23:17,771 INFO    : Snapshot:3	0	3	Epoch:9	Loss:16.762	MRR:17.07	Hits@10:31.45	Best:17.07
2024-09-13 16:23:33,682 INFO    : Snapshot:3	0	3	Epoch:10	Loss:16.688	MRR:17.29	Hits@10:31.3	Best:17.29
2024-09-13 16:23:49,860 INFO    : Snapshot:3	1	3	Epoch:11	Loss:16.579	MRR:17.17	Hits@10:31.43	Best:17.29
2024-09-13 16:24:06,055 INFO    : Snapshot:3	2	3	Epoch:12	Loss:16.59	MRR:17.28	Hits@10:31.47	Best:17.29
2024-09-13 16:24:22,438 INFO    : Snapshot:3	0	3	Epoch:13	Loss:16.561	MRR:17.32	Hits@10:31.52	Best:17.32
2024-09-13 16:24:38,894 INFO    : Snapshot:3	1	3	Epoch:14	Loss:16.535	MRR:17.18	Hits@10:31.43	Best:17.32
2024-09-13 16:24:55,118 INFO    : Snapshot:3	0	3	Epoch:15	Loss:16.457	MRR:17.33	Hits@10:31.43	Best:17.33
2024-09-13 16:25:11,566 INFO    : Snapshot:3	0	3	Epoch:16	Loss:16.475	MRR:17.34	Hits@10:31.43	Best:17.34
2024-09-13 16:25:27,783 INFO    : Snapshot:3	0	3	Epoch:17	Loss:16.514	MRR:17.4	Hits@10:31.57	Best:17.4
2024-09-13 16:25:44,007 INFO    : Snapshot:3	1	3	Epoch:18	Loss:16.411	MRR:17.27	Hits@10:31.49	Best:17.4
2024-09-13 16:26:00,037 INFO    : Snapshot:3	0	3	Epoch:19	Loss:16.38	MRR:17.44	Hits@10:31.72	Best:17.44
2024-09-13 16:26:16,200 INFO    : Snapshot:3	1	3	Epoch:20	Loss:16.314	MRR:17.28	Hits@10:31.62	Best:17.44
2024-09-13 16:26:32,589 INFO    : Snapshot:3	0	3	Epoch:21	Loss:16.353	MRR:17.54	Hits@10:31.77	Best:17.54
2024-09-13 16:26:48,892 INFO    : Snapshot:3	1	3	Epoch:22	Loss:16.339	MRR:17.48	Hits@10:31.71	Best:17.54
2024-09-13 16:27:04,633 INFO    : Snapshot:3	2	3	Epoch:23	Loss:16.353	MRR:17.43	Hits@10:31.71	Best:17.54
2024-09-13 16:27:20,420 INFO    : Early Stopping! Snapshot:3 Epoch: 24 Best Results: 17.54
2024-09-13 16:27:20,524 INFO    : => loading checkpoint './checkpoint/HYBRID\3model_best.tar'
2024-09-13 16:27:44,249 INFO    : 
+------------+--------+--------+--------+--------+---------+
| Snapshot:3 |  MRR   | Hits@1 | Hits@3 | Hits@5 | Hits@10 |
+------------+--------+--------+--------+--------+---------+
|     0      | 0.2532 | 0.152  | 0.3054 | 0.3657 |  0.4362 |
|     1      | 0.2606 | 0.1637 | 0.2958 | 0.3672 |  0.4515 |
|     2      | 0.1855 | 0.1124 | 0.2098 | 0.2595 |  0.3265 |
|     3      | 0.1752 | 0.098  | 0.2068 | 0.2586 |  0.3189 |
+------------+--------+--------+--------+--------+---------+
2024-09-13 16:27:58,038 INFO    : Snapshot:4	0	3	Epoch:0	Loss:13.114	MRR:14.68	Hits@10:24.04	Best:14.68
2024-09-13 16:28:04,602 INFO    : Snapshot:4	0	3	Epoch:1	Loss:11.274	MRR:15.29	Hits@10:24.73	Best:15.29
2024-09-13 16:28:11,140 INFO    : Snapshot:4	0	3	Epoch:2	Loss:11.115	MRR:15.34	Hits@10:24.69	Best:15.34
2024-09-13 16:28:17,488 INFO    : Snapshot:4	0	3	Epoch:3	Loss:11.022	MRR:15.4	Hits@10:24.54	Best:15.4
2024-09-13 16:28:23,897 INFO    : Snapshot:4	0	3	Epoch:4	Loss:11.023	MRR:15.61	Hits@10:24.78	Best:15.61
2024-09-13 16:28:30,212 INFO    : Snapshot:4	1	3	Epoch:5	Loss:10.959	MRR:15.48	Hits@10:24.74	Best:15.61
2024-09-13 16:28:36,570 INFO    : Snapshot:4	2	3	Epoch:6	Loss:11.001	MRR:15.54	Hits@10:24.73	Best:15.61
2024-09-13 16:28:42,967 INFO    : Early Stopping! Snapshot:4 Epoch: 7 Best Results: 15.61
2024-09-13 16:28:43,063 INFO    : => loading checkpoint './checkpoint/HYBRID\4model_best.tar'
2024-09-13 16:29:11,913 INFO    : 
+------------+--------+--------+--------+--------+---------+
| Snapshot:4 |  MRR   | Hits@1 | Hits@3 | Hits@5 | Hits@10 |
+------------+--------+--------+--------+--------+---------+
|     0      | 0.2532 | 0.152  | 0.3054 | 0.3657 |  0.4362 |
|     1      | 0.2606 | 0.1637 | 0.2958 | 0.3672 |  0.4515 |
|     2      | 0.1855 | 0.1124 | 0.2098 | 0.2595 |  0.3265 |
|     3      | 0.1752 | 0.098  | 0.2068 | 0.2586 |  0.3189 |
|     4      | 0.1555 | 0.1074 | 0.1683 | 0.1994 |  0.2444 |
+------------+--------+--------+--------+--------+---------+
2024-09-13 16:29:11,914 INFO    : Final Result:
[+------------+--------+--------+--------+--------+---------+
| Snapshot:0 |  MRR   | Hits@1 | Hits@3 | Hits@5 | Hits@10 |
+------------+--------+--------+--------+--------+---------+
|     0      | 0.2532 | 0.152  | 0.3054 | 0.3657 |  0.4362 |
+------------+--------+--------+--------+--------+---------+, +------------+--------+--------+--------+--------+---------+
| Snapshot:1 |  MRR   | Hits@1 | Hits@3 | Hits@5 | Hits@10 |
+------------+--------+--------+--------+--------+---------+
|     0      | 0.2532 | 0.152  | 0.3054 | 0.3657 |  0.4362 |
|     1      | 0.2606 | 0.1637 | 0.2958 | 0.3672 |  0.4515 |
+------------+--------+--------+--------+--------+---------+, +------------+--------+--------+--------+--------+---------+
| Snapshot:2 |  MRR   | Hits@1 | Hits@3 | Hits@5 | Hits@10 |
+------------+--------+--------+--------+--------+---------+
|     0      | 0.2532 | 0.152  | 0.3054 | 0.3657 |  0.4362 |
|     1      | 0.2606 | 0.1637 | 0.2958 | 0.3672 |  0.4515 |
|     2      | 0.1855 | 0.1124 | 0.2098 | 0.2595 |  0.3265 |
+------------+--------+--------+--------+--------+---------+, +------------+--------+--------+--------+--------+---------+
| Snapshot:3 |  MRR   | Hits@1 | Hits@3 | Hits@5 | Hits@10 |
+------------+--------+--------+--------+--------+---------+
|     0      | 0.2532 | 0.152  | 0.3054 | 0.3657 |  0.4362 |
|     1      | 0.2606 | 0.1637 | 0.2958 | 0.3672 |  0.4515 |
|     2      | 0.1855 | 0.1124 | 0.2098 | 0.2595 |  0.3265 |
|     3      | 0.1752 | 0.098  | 0.2068 | 0.2586 |  0.3189 |
+------------+--------+--------+--------+--------+---------+, +------------+--------+--------+--------+--------+---------+
| Snapshot:4 |  MRR   | Hits@1 | Hits@3 | Hits@5 | Hits@10 |
+------------+--------+--------+--------+--------+---------+
|     0      | 0.2532 | 0.152  | 0.3054 | 0.3657 |  0.4362 |
|     1      | 0.2606 | 0.1637 | 0.2958 | 0.3672 |  0.4515 |
|     2      | 0.1855 | 0.1124 | 0.2098 | 0.2595 |  0.3265 |
|     3      | 0.1752 | 0.098  | 0.2068 | 0.2586 |  0.3189 |
|     4      | 0.1555 | 0.1074 | 0.1683 | 0.1994 |  0.2444 |
+------------+--------+--------+--------+--------+---------+]
2024-09-13 16:29:11,914 INFO    : Report Result:
+----------+--------------------+-----------+--------------+--------------+---------------+
| Snapshot |        Time        | Whole_MRR | Whole_Hits@1 | Whole_Hits@3 | Whole_Hits@10 |
+----------+--------------------+-----------+--------------+--------------+---------------+
|    0     | 66.64695501327515  |   0.253   |    0.152     |    0.305     |     0.436     |
|    1     | 40.421708822250366 |   0.255   |    0.155     |    0.303     |      0.44     |
|    2     | 214.54820775985718 |   0.218   |    0.133     |    0.254     |      0.38     |
|    3     | 407.42812991142273 |   0.202   |    0.119     |    0.236     |     0.357     |
|    4     | 54.092002868652344 |   0.196   |    0.118     |    0.227     |     0.342     |
+----------+--------------------+-----------+--------------+--------------+---------------+
2024-09-13 16:29:11,914 INFO    : Sum_Training_Time:783.1370043754578
2024-09-13 16:29:11,914 INFO    : Every_Training_Time:[66.64695501327515, 40.421708822250366, 214.54820775985718, 407.42812991142273, 54.092002868652344]
2024-09-13 16:29:11,914 INFO    : Forward transfer: 0.035225 Backward transfer: 0.0
