2025-01-13 17:16:01,347 INFO    : Namespace(batch_size=1024, data_path='./data/ENTITY/', dataset='ENTITY', debug=False, device=device(type='cuda', index=0), emb_dim=200, ent_r='200', epoch_num=200, explore=False, gpu='0', l2=0.0, learning_rate='1e-1', log_path='./logs/ENTITY 200 2 1e-1 1024/ENTITY 20250113171552', logger=<RootLogger root (INFO)>, margin=8.0, model_name='LoraKGE_Layers', multi_layers_path='train_sorted_by_edges_betweenness.txt', neg_ratio=10, note='', num_ent_layers='2', num_layer=1, num_rel_layers='1', patience='10', predict_result=False, r=100, r_fixed=True, random_seed=3407, record=False, rel_r='200', save_path='./checkpoint/ENTITY', skip_previous='False', snapshot_num=5, train_new=True, using_multi_layers=False, using_various_ranks='True', using_various_ranks_reverse=False, valid_metrics='mrr')
2025-01-13 17:16:06,413 INFO    : Snapshot:0	0	10	Epoch:0	Loss:31.76	MRR:16.42	Hits@10:37.45	Best:16.42
2025-01-13 17:16:09,469 INFO    : Snapshot:0	0	10	Epoch:1	Loss:14.914	MRR:28.9	Hits@10:51.36	Best:28.9
2025-01-13 17:16:12,341 INFO    : Snapshot:0	0	10	Epoch:2	Loss:5.763	MRR:32.04	Hits@10:54.63	Best:32.04
2025-01-13 17:16:15,292 INFO    : Snapshot:0	0	10	Epoch:3	Loss:2.642	MRR:32.75	Hits@10:55.27	Best:32.75
2025-01-13 17:16:18,166 INFO    : Snapshot:0	1	10	Epoch:4	Loss:1.635	MRR:32.52	Hits@10:55.1	Best:32.75
2025-01-13 17:16:21,182 INFO    : Snapshot:0	0	10	Epoch:5	Loss:1.198	MRR:32.86	Hits@10:55.32	Best:32.86
2025-01-13 17:16:24,163 INFO    : Snapshot:0	1	10	Epoch:6	Loss:0.967	MRR:32.65	Hits@10:54.76	Best:32.86
2025-01-13 17:16:27,113 INFO    : Snapshot:0	2	10	Epoch:7	Loss:0.844	MRR:32.28	Hits@10:54.43	Best:32.86
2025-01-13 17:16:30,047 INFO    : Snapshot:0	3	10	Epoch:8	Loss:0.753	MRR:32.02	Hits@10:54.54	Best:32.86
2025-01-13 17:16:33,186 INFO    : Snapshot:0	4	10	Epoch:9	Loss:0.688	MRR:31.78	Hits@10:54.15	Best:32.86
2025-01-13 17:16:36,183 INFO    : Snapshot:0	5	10	Epoch:10	Loss:0.629	MRR:31.68	Hits@10:53.99	Best:32.86
2025-01-13 17:16:39,195 INFO    : Snapshot:0	6	10	Epoch:11	Loss:0.599	MRR:31.33	Hits@10:53.97	Best:32.86
2025-01-13 17:16:42,255 INFO    : Snapshot:0	7	10	Epoch:12	Loss:0.577	MRR:31.5	Hits@10:54.0	Best:32.86
2025-01-13 17:16:45,282 INFO    : Snapshot:0	8	10	Epoch:13	Loss:0.539	MRR:31.31	Hits@10:53.61	Best:32.86
2025-01-13 17:16:48,167 INFO    : Snapshot:0	9	10	Epoch:14	Loss:0.517	MRR:31.51	Hits@10:53.28	Best:32.86
2025-01-13 17:16:51,101 INFO    : Early Stopping! Snapshot:0 Epoch: 15 Best Results: 32.86
2025-01-13 17:16:51,193 INFO    : => loading checkpoint './checkpoint/ENTITY\0model_best.tar'
2025-01-13 17:16:52,563 INFO    : 
+------------+--------+--------+--------+--------+---------+
| Snapshot:0 |  MRR   | Hits@1 | Hits@3 | Hits@5 | Hits@10 |
+------------+--------+--------+--------+--------+---------+
|     0      | 0.3297 | 0.2143 | 0.3758 | 0.4509 |  0.5544 |
+------------+--------+--------+--------+--------+---------+
2025-01-13 17:17:04,841 INFO    : Snapshot:1	0	10	Epoch:0	Loss:11.958	MRR:16.07	Hits@10:28.27	Best:16.07
2025-01-13 17:17:11,105 INFO    : Snapshot:1	0	10	Epoch:1	Loss:4.324	MRR:17.74	Hits@10:31.64	Best:17.74
2025-01-13 17:17:17,619 INFO    : Snapshot:1	0	10	Epoch:2	Loss:3.575	MRR:18.82	Hits@10:33.46	Best:18.82
2025-01-13 17:17:23,867 INFO    : Snapshot:1	0	10	Epoch:3	Loss:3.206	MRR:19.17	Hits@10:34.11	Best:19.17
2025-01-13 17:17:30,175 INFO    : Snapshot:1	0	10	Epoch:4	Loss:2.937	MRR:19.53	Hits@10:34.78	Best:19.53
2025-01-13 17:17:36,531 INFO    : Snapshot:1	0	10	Epoch:5	Loss:2.733	MRR:20.15	Hits@10:35.95	Best:20.15
2025-01-13 17:17:42,826 INFO    : Snapshot:1	0	10	Epoch:6	Loss:2.615	MRR:20.38	Hits@10:36.06	Best:20.38
2025-01-13 17:17:48,983 INFO    : Snapshot:1	0	10	Epoch:7	Loss:2.488	MRR:20.45	Hits@10:36.67	Best:20.45
2025-01-13 17:17:55,184 INFO    : Snapshot:1	0	10	Epoch:8	Loss:2.429	MRR:20.71	Hits@10:37.04	Best:20.71
2025-01-13 17:18:01,464 INFO    : Snapshot:1	0	10	Epoch:9	Loss:2.343	MRR:20.98	Hits@10:37.21	Best:20.98
2025-01-13 17:18:07,837 INFO    : Snapshot:1	0	10	Epoch:10	Loss:2.283	MRR:21.35	Hits@10:37.78	Best:21.35
2025-01-13 17:18:14,195 INFO    : Snapshot:1	1	10	Epoch:11	Loss:2.226	MRR:21.32	Hits@10:37.87	Best:21.35
2025-01-13 17:18:20,771 INFO    : Snapshot:1	0	10	Epoch:12	Loss:2.178	MRR:21.43	Hits@10:38.01	Best:21.43
2025-01-13 17:18:27,131 INFO    : Snapshot:1	0	10	Epoch:13	Loss:2.162	MRR:21.49	Hits@10:38.27	Best:21.49
2025-01-13 17:18:33,550 INFO    : Snapshot:1	0	10	Epoch:14	Loss:2.16	MRR:21.54	Hits@10:38.32	Best:21.54
2025-01-13 17:18:39,974 INFO    : Snapshot:1	1	10	Epoch:15	Loss:2.085	MRR:21.45	Hits@10:38.52	Best:21.54
2025-01-13 17:18:46,381 INFO    : Snapshot:1	0	10	Epoch:16	Loss:2.071	MRR:21.8	Hits@10:38.64	Best:21.8
2025-01-13 17:18:52,728 INFO    : Snapshot:1	1	10	Epoch:17	Loss:2.048	MRR:21.65	Hits@10:39.01	Best:21.8
2025-01-13 17:18:59,078 INFO    : Snapshot:1	0	10	Epoch:18	Loss:2.023	MRR:21.84	Hits@10:38.87	Best:21.84
2025-01-13 17:19:05,512 INFO    : Snapshot:1	0	10	Epoch:19	Loss:2.001	MRR:21.91	Hits@10:38.98	Best:21.91
2025-01-13 17:19:11,870 INFO    : Snapshot:1	1	10	Epoch:20	Loss:2.016	MRR:21.84	Hits@10:38.65	Best:21.91
2025-01-13 17:19:18,289 INFO    : Snapshot:1	0	10	Epoch:21	Loss:1.969	MRR:22.14	Hits@10:39.03	Best:22.14
2025-01-13 17:19:24,506 INFO    : Snapshot:1	0	10	Epoch:22	Loss:1.959	MRR:22.17	Hits@10:39.37	Best:22.17
2025-01-13 17:19:30,725 INFO    : Snapshot:1	1	10	Epoch:23	Loss:1.954	MRR:21.93	Hits@10:39.11	Best:22.17
2025-01-13 17:19:36,895 INFO    : Snapshot:1	2	10	Epoch:24	Loss:1.933	MRR:21.93	Hits@10:39.0	Best:22.17
2025-01-13 17:19:43,111 INFO    : Snapshot:1	0	10	Epoch:25	Loss:1.912	MRR:22.21	Hits@10:39.03	Best:22.21
2025-01-13 17:19:49,265 INFO    : Snapshot:1	1	10	Epoch:26	Loss:1.902	MRR:21.97	Hits@10:39.2	Best:22.21
2025-01-13 17:19:55,501 INFO    : Snapshot:1	2	10	Epoch:27	Loss:1.897	MRR:22.17	Hits@10:39.47	Best:22.21
2025-01-13 17:20:01,813 INFO    : Snapshot:1	0	10	Epoch:28	Loss:1.899	MRR:22.22	Hits@10:39.59	Best:22.22
2025-01-13 17:20:08,038 INFO    : Snapshot:1	1	10	Epoch:29	Loss:1.876	MRR:22.19	Hits@10:39.36	Best:22.22
2025-01-13 17:20:14,090 INFO    : Snapshot:1	0	10	Epoch:30	Loss:1.886	MRR:22.25	Hits@10:39.58	Best:22.25
2025-01-13 17:20:20,419 INFO    : Snapshot:1	0	10	Epoch:31	Loss:1.868	MRR:22.45	Hits@10:39.52	Best:22.45
2025-01-13 17:20:26,667 INFO    : Snapshot:1	1	10	Epoch:32	Loss:1.878	MRR:22.28	Hits@10:39.4	Best:22.45
2025-01-13 17:20:32,821 INFO    : Snapshot:1	0	10	Epoch:33	Loss:1.843	MRR:22.46	Hits@10:39.74	Best:22.46
2025-01-13 17:20:39,179 INFO    : Snapshot:1	1	10	Epoch:34	Loss:1.842	MRR:22.29	Hits@10:39.77	Best:22.46
2025-01-13 17:20:45,352 INFO    : Snapshot:1	2	10	Epoch:35	Loss:1.857	MRR:22.43	Hits@10:39.53	Best:22.46
2025-01-13 17:20:51,587 INFO    : Snapshot:1	3	10	Epoch:36	Loss:1.849	MRR:22.29	Hits@10:39.78	Best:22.46
2025-01-13 17:20:57,758 INFO    : Snapshot:1	4	10	Epoch:37	Loss:1.843	MRR:22.42	Hits@10:39.56	Best:22.46
2025-01-13 17:21:03,958 INFO    : Snapshot:1	5	10	Epoch:38	Loss:1.812	MRR:22.44	Hits@10:39.67	Best:22.46
2025-01-13 17:21:10,112 INFO    : Snapshot:1	0	10	Epoch:39	Loss:1.84	MRR:22.62	Hits@10:39.83	Best:22.62
2025-01-13 17:21:16,408 INFO    : Snapshot:1	1	10	Epoch:40	Loss:1.818	MRR:22.57	Hits@10:39.57	Best:22.62
2025-01-13 17:21:22,891 INFO    : Snapshot:1	2	10	Epoch:41	Loss:1.807	MRR:22.41	Hits@10:39.75	Best:22.62
2025-01-13 17:21:29,186 INFO    : Snapshot:1	3	10	Epoch:42	Loss:1.799	MRR:22.52	Hits@10:39.77	Best:22.62
2025-01-13 17:21:35,501 INFO    : Snapshot:1	4	10	Epoch:43	Loss:1.796	MRR:22.6	Hits@10:39.72	Best:22.62
2025-01-13 17:21:41,715 INFO    : Snapshot:1	5	10	Epoch:44	Loss:1.805	MRR:22.52	Hits@10:39.65	Best:22.62
2025-01-13 17:21:47,900 INFO    : Snapshot:1	6	10	Epoch:45	Loss:1.791	MRR:22.52	Hits@10:39.82	Best:22.62
2025-01-13 17:21:54,041 INFO    : Snapshot:1	7	10	Epoch:46	Loss:1.783	MRR:22.58	Hits@10:40.18	Best:22.62
2025-01-13 17:22:00,241 INFO    : Snapshot:1	8	10	Epoch:47	Loss:1.791	MRR:22.45	Hits@10:39.91	Best:22.62
2025-01-13 17:22:06,455 INFO    : Snapshot:1	9	10	Epoch:48	Loss:1.799	MRR:22.43	Hits@10:39.83	Best:22.62
2025-01-13 17:22:12,689 INFO    : Early Stopping! Snapshot:1 Epoch: 49 Best Results: 22.62
2025-01-13 17:22:12,784 INFO    : => loading checkpoint './checkpoint/ENTITY\1model_best.tar'
2025-01-13 17:22:17,480 INFO    : 
+------------+--------+--------+--------+--------+---------+
| Snapshot:1 |  MRR   | Hits@1 | Hits@3 | Hits@5 | Hits@10 |
+------------+--------+--------+--------+--------+---------+
|     0      | 0.3297 | 0.2143 | 0.3758 | 0.4509 |  0.5544 |
|     1      | 0.2279 | 0.1415 | 0.2502 | 0.3087 |  0.3988 |
+------------+--------+--------+--------+--------+---------+
2025-01-13 17:22:31,433 INFO    : Snapshot:2	0	10	Epoch:0	Loss:11.471	MRR:14.86	Hits@10:25.91	Best:14.86
2025-01-13 17:22:38,823 INFO    : Snapshot:2	0	10	Epoch:1	Loss:4.289	MRR:16.89	Hits@10:29.64	Best:16.89
2025-01-13 17:22:46,337 INFO    : Snapshot:2	0	10	Epoch:2	Loss:3.542	MRR:17.53	Hits@10:31.2	Best:17.53
2025-01-13 17:22:53,743 INFO    : Snapshot:2	0	10	Epoch:3	Loss:3.174	MRR:18.06	Hits@10:32.04	Best:18.06
2025-01-13 17:23:01,197 INFO    : Snapshot:2	0	10	Epoch:4	Loss:2.965	MRR:18.64	Hits@10:32.76	Best:18.64
2025-01-13 17:23:08,585 INFO    : Snapshot:2	0	10	Epoch:5	Loss:2.81	MRR:18.78	Hits@10:33.31	Best:18.78
2025-01-13 17:23:15,880 INFO    : Snapshot:2	0	10	Epoch:6	Loss:2.671	MRR:18.85	Hits@10:33.55	Best:18.85
2025-01-13 17:23:23,208 INFO    : Snapshot:2	0	10	Epoch:7	Loss:2.558	MRR:19.01	Hits@10:33.58	Best:19.01
2025-01-13 17:23:30,533 INFO    : Snapshot:2	0	10	Epoch:8	Loss:2.493	MRR:19.05	Hits@10:33.93	Best:19.05
2025-01-13 17:23:37,921 INFO    : Snapshot:2	0	10	Epoch:9	Loss:2.409	MRR:19.24	Hits@10:33.84	Best:19.24
2025-01-13 17:23:45,077 INFO    : Snapshot:2	0	10	Epoch:10	Loss:2.371	MRR:19.4	Hits@10:34.38	Best:19.4
2025-01-13 17:23:52,265 INFO    : Snapshot:2	0	10	Epoch:11	Loss:2.324	MRR:19.54	Hits@10:34.33	Best:19.54
2025-01-13 17:23:59,689 INFO    : Snapshot:2	0	10	Epoch:12	Loss:2.296	MRR:19.58	Hits@10:34.65	Best:19.58
2025-01-13 17:24:06,876 INFO    : Snapshot:2	1	10	Epoch:13	Loss:2.286	MRR:19.57	Hits@10:34.66	Best:19.58
2025-01-13 17:24:14,144 INFO    : Snapshot:2	2	10	Epoch:14	Loss:2.248	MRR:19.58	Hits@10:34.73	Best:19.58
2025-01-13 17:24:21,471 INFO    : Snapshot:2	3	10	Epoch:15	Loss:2.228	MRR:19.51	Hits@10:34.76	Best:19.58
2025-01-13 17:24:28,812 INFO    : Snapshot:2	0	10	Epoch:16	Loss:2.208	MRR:19.62	Hits@10:34.87	Best:19.62
2025-01-13 17:24:36,154 INFO    : Snapshot:2	0	10	Epoch:17	Loss:2.162	MRR:19.72	Hits@10:35.08	Best:19.72
2025-01-13 17:24:43,592 INFO    : Snapshot:2	0	10	Epoch:18	Loss:2.164	MRR:19.88	Hits@10:34.86	Best:19.88
2025-01-13 17:24:50,998 INFO    : Snapshot:2	1	10	Epoch:19	Loss:2.157	MRR:19.79	Hits@10:34.74	Best:19.88
2025-01-13 17:24:58,433 INFO    : Snapshot:2	0	10	Epoch:20	Loss:2.141	MRR:19.98	Hits@10:35.09	Best:19.98
2025-01-13 17:25:06,055 INFO    : Snapshot:2	1	10	Epoch:21	Loss:2.086	MRR:19.87	Hits@10:34.98	Best:19.98
2025-01-13 17:25:13,337 INFO    : Snapshot:2	0	10	Epoch:22	Loss:2.104	MRR:20.02	Hits@10:35.35	Best:20.02
2025-01-13 17:25:20,588 INFO    : Snapshot:2	0	10	Epoch:23	Loss:2.069	MRR:20.07	Hits@10:35.35	Best:20.07
2025-01-13 17:25:27,851 INFO    : Snapshot:2	0	10	Epoch:24	Loss:2.074	MRR:20.11	Hits@10:35.36	Best:20.11
2025-01-13 17:25:35,150 INFO    : Snapshot:2	1	10	Epoch:25	Loss:2.068	MRR:19.82	Hits@10:35.04	Best:20.11
2025-01-13 17:25:42,383 INFO    : Snapshot:2	2	10	Epoch:26	Loss:2.09	MRR:19.9	Hits@10:35.16	Best:20.11
2025-01-13 17:25:49,541 INFO    : Snapshot:2	3	10	Epoch:27	Loss:2.036	MRR:19.86	Hits@10:35.1	Best:20.11
2025-01-13 17:25:56,761 INFO    : Snapshot:2	4	10	Epoch:28	Loss:2.034	MRR:19.83	Hits@10:35.08	Best:20.11
2025-01-13 17:26:03,979 INFO    : Snapshot:2	5	10	Epoch:29	Loss:2.04	MRR:19.9	Hits@10:35.24	Best:20.11
2025-01-13 17:26:11,368 INFO    : Snapshot:2	6	10	Epoch:30	Loss:2.03	MRR:20.04	Hits@10:35.23	Best:20.11
2025-01-13 17:26:18,757 INFO    : Snapshot:2	7	10	Epoch:31	Loss:2.02	MRR:19.99	Hits@10:35.25	Best:20.11
2025-01-13 17:26:26,116 INFO    : Snapshot:2	8	10	Epoch:32	Loss:2.031	MRR:19.93	Hits@10:35.22	Best:20.11
2025-01-13 17:26:33,506 INFO    : Snapshot:2	9	10	Epoch:33	Loss:2.007	MRR:19.99	Hits@10:35.39	Best:20.11
2025-01-13 17:26:40,929 INFO    : Early Stopping! Snapshot:2 Epoch: 34 Best Results: 20.11
2025-01-13 17:26:41,028 INFO    : => loading checkpoint './checkpoint/ENTITY\2model_best.tar'
2025-01-13 17:26:49,802 INFO    : 
+------------+--------+--------+--------+--------+---------+
| Snapshot:2 |  MRR   | Hits@1 | Hits@3 | Hits@5 | Hits@10 |
+------------+--------+--------+--------+--------+---------+
|     0      | 0.3297 | 0.2143 | 0.3758 | 0.4509 |  0.5544 |
|     1      | 0.2279 | 0.1415 | 0.2502 | 0.3087 |  0.3988 |
|     2      | 0.1998 | 0.1203 | 0.2207 | 0.2741 |  0.3568 |
+------------+--------+--------+--------+--------+---------+
2025-01-13 17:27:05,724 INFO    : Snapshot:3	0	10	Epoch:0	Loss:10.501	MRR:13.84	Hits@10:23.97	Best:13.84
2025-01-13 17:27:13,876 INFO    : Snapshot:3	0	10	Epoch:1	Loss:3.611	MRR:15.79	Hits@10:27.98	Best:15.79
2025-01-13 17:27:22,049 INFO    : Snapshot:3	0	10	Epoch:2	Loss:2.963	MRR:16.63	Hits@10:29.66	Best:16.63
2025-01-13 17:27:30,236 INFO    : Snapshot:3	0	10	Epoch:3	Loss:2.667	MRR:17.05	Hits@10:30.4	Best:17.05
2025-01-13 17:27:38,546 INFO    : Snapshot:3	0	10	Epoch:4	Loss:2.485	MRR:17.56	Hits@10:31.4	Best:17.56
2025-01-13 17:27:46,655 INFO    : Snapshot:3	0	10	Epoch:5	Loss:2.331	MRR:17.65	Hits@10:31.27	Best:17.65
2025-01-13 17:27:54,717 INFO    : Snapshot:3	0	10	Epoch:6	Loss:2.24	MRR:17.9	Hits@10:32.19	Best:17.9
2025-01-13 17:28:02,856 INFO    : Snapshot:3	0	10	Epoch:7	Loss:2.154	MRR:17.99	Hits@10:32.12	Best:17.99
2025-01-13 17:28:10,917 INFO    : Snapshot:3	0	10	Epoch:8	Loss:2.1	MRR:18.18	Hits@10:32.47	Best:18.18
2025-01-13 17:28:19,163 INFO    : Snapshot:3	0	10	Epoch:9	Loss:2.045	MRR:18.3	Hits@10:32.57	Best:18.3
2025-01-13 17:28:27,319 INFO    : Snapshot:3	0	10	Epoch:10	Loss:2.018	MRR:18.33	Hits@10:32.73	Best:18.33
2025-01-13 17:28:35,535 INFO    : Snapshot:3	0	10	Epoch:11	Loss:1.981	MRR:18.36	Hits@10:32.86	Best:18.36
2025-01-13 17:28:43,690 INFO    : Snapshot:3	0	10	Epoch:12	Loss:1.945	MRR:18.39	Hits@10:32.94	Best:18.39
2025-01-13 17:28:51,845 INFO    : Snapshot:3	1	10	Epoch:13	Loss:1.914	MRR:18.35	Hits@10:32.96	Best:18.39
2025-01-13 17:29:00,219 INFO    : Snapshot:3	2	10	Epoch:14	Loss:1.902	MRR:18.37	Hits@10:32.98	Best:18.39
2025-01-13 17:29:08,404 INFO    : Snapshot:3	0	10	Epoch:15	Loss:1.869	MRR:18.49	Hits@10:33.08	Best:18.49
2025-01-13 17:29:16,580 INFO    : Snapshot:3	0	10	Epoch:16	Loss:1.871	MRR:18.63	Hits@10:33.38	Best:18.63
2025-01-13 17:29:24,748 INFO    : Snapshot:3	1	10	Epoch:17	Loss:1.844	MRR:18.46	Hits@10:33.32	Best:18.63
2025-01-13 17:29:32,920 INFO    : Snapshot:3	2	10	Epoch:18	Loss:1.833	MRR:18.59	Hits@10:33.26	Best:18.63
2025-01-13 17:29:41,138 INFO    : Snapshot:3	3	10	Epoch:19	Loss:1.824	MRR:18.62	Hits@10:33.26	Best:18.63
2025-01-13 17:29:49,172 INFO    : Snapshot:3	4	10	Epoch:20	Loss:1.797	MRR:18.35	Hits@10:33.11	Best:18.63
2025-01-13 17:29:57,312 INFO    : Snapshot:3	0	10	Epoch:21	Loss:1.782	MRR:18.8	Hits@10:33.42	Best:18.8
2025-01-13 17:30:05,438 INFO    : Snapshot:3	1	10	Epoch:22	Loss:1.786	MRR:18.71	Hits@10:33.38	Best:18.8
2025-01-13 17:30:13,576 INFO    : Snapshot:3	2	10	Epoch:23	Loss:1.765	MRR:18.66	Hits@10:33.29	Best:18.8
2025-01-13 17:30:22,056 INFO    : Snapshot:3	3	10	Epoch:24	Loss:1.778	MRR:18.72	Hits@10:33.52	Best:18.8
2025-01-13 17:30:30,306 INFO    : Snapshot:3	4	10	Epoch:25	Loss:1.747	MRR:18.75	Hits@10:33.44	Best:18.8
2025-01-13 17:30:38,522 INFO    : Snapshot:3	5	10	Epoch:26	Loss:1.748	MRR:18.73	Hits@10:33.48	Best:18.8
2025-01-13 17:30:46,724 INFO    : Snapshot:3	6	10	Epoch:27	Loss:1.772	MRR:18.72	Hits@10:33.55	Best:18.8
2025-01-13 17:30:54,976 INFO    : Snapshot:3	7	10	Epoch:28	Loss:1.721	MRR:18.61	Hits@10:33.32	Best:18.8
2025-01-13 17:31:03,210 INFO    : Snapshot:3	8	10	Epoch:29	Loss:1.717	MRR:18.6	Hits@10:33.46	Best:18.8
2025-01-13 17:31:11,489 INFO    : Snapshot:3	9	10	Epoch:30	Loss:1.724	MRR:18.75	Hits@10:33.59	Best:18.8
2025-01-13 17:31:19,586 INFO    : Early Stopping! Snapshot:3 Epoch: 31 Best Results: 18.8
2025-01-13 17:31:19,684 INFO    : => loading checkpoint './checkpoint/ENTITY\3model_best.tar'
2025-01-13 17:31:33,662 INFO    : 
+------------+--------+--------+--------+--------+---------+
| Snapshot:3 |  MRR   | Hits@1 | Hits@3 | Hits@5 | Hits@10 |
+------------+--------+--------+--------+--------+---------+
|     0      | 0.3297 | 0.2143 | 0.3758 | 0.4509 |  0.5544 |
|     1      | 0.2279 | 0.1415 | 0.2502 | 0.3087 |  0.3988 |
|     2      | 0.1998 | 0.1203 | 0.2207 | 0.2741 |  0.3568 |
|     3      | 0.1871 | 0.1114 | 0.2061 | 0.2576 |  0.3336 |
+------------+--------+--------+--------+--------+---------+
2025-01-13 17:31:47,211 INFO    : Snapshot:4	0	10	Epoch:0	Loss:7.664	MRR:17.6	Hits@10:28.42	Best:17.6
2025-01-13 17:31:53,994 INFO    : Snapshot:4	0	10	Epoch:1	Loss:1.922	MRR:19.72	Hits@10:32.89	Best:19.72
2025-01-13 17:32:00,605 INFO    : Snapshot:4	0	10	Epoch:2	Loss:1.495	MRR:20.72	Hits@10:35.69	Best:20.72
2025-01-13 17:32:07,119 INFO    : Snapshot:4	0	10	Epoch:3	Loss:1.283	MRR:21.59	Hits@10:37.27	Best:21.59
2025-01-13 17:32:13,652 INFO    : Snapshot:4	0	10	Epoch:4	Loss:1.176	MRR:21.82	Hits@10:37.51	Best:21.82
2025-01-13 17:32:20,323 INFO    : Snapshot:4	0	10	Epoch:5	Loss:1.075	MRR:22.27	Hits@10:38.74	Best:22.27
2025-01-13 17:32:27,026 INFO    : Snapshot:4	0	10	Epoch:6	Loss:1.027	MRR:22.61	Hits@10:39.08	Best:22.61
2025-01-13 17:32:33,699 INFO    : Snapshot:4	1	10	Epoch:7	Loss:0.978	MRR:22.53	Hits@10:39.43	Best:22.61
2025-01-13 17:32:40,246 INFO    : Snapshot:4	0	10	Epoch:8	Loss:0.951	MRR:22.87	Hits@10:39.97	Best:22.87
2025-01-13 17:32:46,823 INFO    : Snapshot:4	1	10	Epoch:9	Loss:0.904	MRR:22.63	Hits@10:39.85	Best:22.87
2025-01-13 17:32:53,319 INFO    : Snapshot:4	2	10	Epoch:10	Loss:0.887	MRR:22.83	Hits@10:39.81	Best:22.87
2025-01-13 17:32:59,804 INFO    : Snapshot:4	3	10	Epoch:11	Loss:0.884	MRR:22.77	Hits@10:39.92	Best:22.87
2025-01-13 17:33:06,290 INFO    : Snapshot:4	4	10	Epoch:12	Loss:0.841	MRR:22.78	Hits@10:40.13	Best:22.87
2025-01-13 17:33:12,803 INFO    : Snapshot:4	0	10	Epoch:13	Loss:0.832	MRR:23.07	Hits@10:40.49	Best:23.07
2025-01-13 17:33:19,426 INFO    : Snapshot:4	1	10	Epoch:14	Loss:0.831	MRR:22.88	Hits@10:40.74	Best:23.07
2025-01-13 17:33:26,035 INFO    : Snapshot:4	2	10	Epoch:15	Loss:0.813	MRR:22.84	Hits@10:40.43	Best:23.07
2025-01-13 17:33:32,693 INFO    : Snapshot:4	3	10	Epoch:16	Loss:0.811	MRR:22.91	Hits@10:40.38	Best:23.07
2025-01-13 17:33:39,256 INFO    : Snapshot:4	4	10	Epoch:17	Loss:0.796	MRR:22.96	Hits@10:40.46	Best:23.07
2025-01-13 17:33:45,897 INFO    : Snapshot:4	0	10	Epoch:18	Loss:0.794	MRR:23.08	Hits@10:40.79	Best:23.08
2025-01-13 17:33:52,458 INFO    : Snapshot:4	1	10	Epoch:19	Loss:0.778	MRR:22.92	Hits@10:40.67	Best:23.08
2025-01-13 17:33:58,990 INFO    : Snapshot:4	0	10	Epoch:20	Loss:0.771	MRR:23.19	Hits@10:41.06	Best:23.19
2025-01-13 17:34:05,629 INFO    : Snapshot:4	0	10	Epoch:21	Loss:0.773	MRR:23.23	Hits@10:40.98	Best:23.23
2025-01-13 17:34:12,267 INFO    : Snapshot:4	0	10	Epoch:22	Loss:0.76	MRR:23.31	Hits@10:40.78	Best:23.31
2025-01-13 17:34:18,784 INFO    : Snapshot:4	0	10	Epoch:23	Loss:0.756	MRR:23.39	Hits@10:41.04	Best:23.39
2025-01-13 17:34:25,424 INFO    : Snapshot:4	1	10	Epoch:24	Loss:0.755	MRR:23.14	Hits@10:40.9	Best:23.39
2025-01-13 17:34:31,969 INFO    : Snapshot:4	2	10	Epoch:25	Loss:0.74	MRR:23.33	Hits@10:41.12	Best:23.39
2025-01-13 17:34:38,626 INFO    : Snapshot:4	0	10	Epoch:26	Loss:0.746	MRR:23.48	Hits@10:41.26	Best:23.48
2025-01-13 17:34:45,221 INFO    : Snapshot:4	1	10	Epoch:27	Loss:0.734	MRR:23.19	Hits@10:40.75	Best:23.48
2025-01-13 17:34:51,749 INFO    : Snapshot:4	2	10	Epoch:28	Loss:0.736	MRR:23.48	Hits@10:41.16	Best:23.48
2025-01-13 17:34:58,420 INFO    : Snapshot:4	3	10	Epoch:29	Loss:0.734	MRR:23.06	Hits@10:40.71	Best:23.48
2025-01-13 17:35:05,248 INFO    : Snapshot:4	4	10	Epoch:30	Loss:0.729	MRR:23.37	Hits@10:40.96	Best:23.48
2025-01-13 17:35:11,794 INFO    : Snapshot:4	5	10	Epoch:31	Loss:0.71	MRR:23.17	Hits@10:40.51	Best:23.48
2025-01-13 17:35:18,341 INFO    : Snapshot:4	6	10	Epoch:32	Loss:0.72	MRR:23.3	Hits@10:41.05	Best:23.48
2025-01-13 17:35:24,951 INFO    : Snapshot:4	7	10	Epoch:33	Loss:0.714	MRR:23.42	Hits@10:41.33	Best:23.48
2025-01-13 17:35:31,497 INFO    : Snapshot:4	8	10	Epoch:34	Loss:0.714	MRR:23.43	Hits@10:41.28	Best:23.48
2025-01-13 17:35:38,012 INFO    : Snapshot:4	9	10	Epoch:35	Loss:0.717	MRR:23.38	Hits@10:40.8	Best:23.48
2025-01-13 17:35:44,546 INFO    : Early Stopping! Snapshot:4 Epoch: 36 Best Results: 23.48
2025-01-13 17:35:44,640 INFO    : => loading checkpoint './checkpoint/ENTITY\4model_best.tar'
2025-01-13 17:36:03,278 INFO    : 
+------------+--------+--------+--------+--------+---------+
| Snapshot:4 |  MRR   | Hits@1 | Hits@3 | Hits@5 | Hits@10 |
+------------+--------+--------+--------+--------+---------+
|     0      | 0.3297 | 0.2143 | 0.3758 | 0.4509 |  0.5544 |
|     1      | 0.2279 | 0.1415 | 0.2502 | 0.3087 |  0.3988 |
|     2      | 0.1998 | 0.1203 | 0.2207 | 0.2741 |  0.3568 |
|     3      | 0.1871 | 0.1114 | 0.2061 | 0.2576 |  0.3336 |
|     4      | 0.2344 | 0.1407 | 0.2712 | 0.3335 |  0.4145 |
+------------+--------+--------+--------+--------+---------+
2025-01-13 17:36:03,278 INFO    : Final Result:
[+------------+--------+--------+--------+--------+---------+
| Snapshot:0 |  MRR   | Hits@1 | Hits@3 | Hits@5 | Hits@10 |
+------------+--------+--------+--------+--------+---------+
|     0      | 0.3297 | 0.2143 | 0.3758 | 0.4509 |  0.5544 |
+------------+--------+--------+--------+--------+---------+, +------------+--------+--------+--------+--------+---------+
| Snapshot:1 |  MRR   | Hits@1 | Hits@3 | Hits@5 | Hits@10 |
+------------+--------+--------+--------+--------+---------+
|     0      | 0.3297 | 0.2143 | 0.3758 | 0.4509 |  0.5544 |
|     1      | 0.2279 | 0.1415 | 0.2502 | 0.3087 |  0.3988 |
+------------+--------+--------+--------+--------+---------+, +------------+--------+--------+--------+--------+---------+
| Snapshot:2 |  MRR   | Hits@1 | Hits@3 | Hits@5 | Hits@10 |
+------------+--------+--------+--------+--------+---------+
|     0      | 0.3297 | 0.2143 | 0.3758 | 0.4509 |  0.5544 |
|     1      | 0.2279 | 0.1415 | 0.2502 | 0.3087 |  0.3988 |
|     2      | 0.1998 | 0.1203 | 0.2207 | 0.2741 |  0.3568 |
+------------+--------+--------+--------+--------+---------+, +------------+--------+--------+--------+--------+---------+
| Snapshot:3 |  MRR   | Hits@1 | Hits@3 | Hits@5 | Hits@10 |
+------------+--------+--------+--------+--------+---------+
|     0      | 0.3297 | 0.2143 | 0.3758 | 0.4509 |  0.5544 |
|     1      | 0.2279 | 0.1415 | 0.2502 | 0.3087 |  0.3988 |
|     2      | 0.1998 | 0.1203 | 0.2207 | 0.2741 |  0.3568 |
|     3      | 0.1871 | 0.1114 | 0.2061 | 0.2576 |  0.3336 |
+------------+--------+--------+--------+--------+---------+, +------------+--------+--------+--------+--------+---------+
| Snapshot:4 |  MRR   | Hits@1 | Hits@3 | Hits@5 | Hits@10 |
+------------+--------+--------+--------+--------+---------+
|     0      | 0.3297 | 0.2143 | 0.3758 | 0.4509 |  0.5544 |
|     1      | 0.2279 | 0.1415 | 0.2502 | 0.3087 |  0.3988 |
|     2      | 0.1998 | 0.1203 | 0.2207 | 0.2741 |  0.3568 |
|     3      | 0.1871 | 0.1114 | 0.2061 | 0.2576 |  0.3336 |
|     4      | 0.2344 | 0.1407 | 0.2712 | 0.3335 |  0.4145 |
+------------+--------+--------+--------+--------+---------+]
2025-01-13 17:36:03,293 INFO    : Report Result:
+----------+--------------------+-----------+--------------+--------------+---------------+
| Snapshot |        Time        | Whole_MRR | Whole_Hits@1 | Whole_Hits@3 | Whole_Hits@10 |
+----------+--------------------+-----------+--------------+--------------+---------------+
|    0     |  49.7541606426239  |    0.33   |    0.214     |    0.376     |     0.554     |
|    1     | 316.47524094581604 |   0.268   |     0.17     |    0.299     |      0.46     |
|    2     | 259.20100450515747 |   0.242   |    0.151     |    0.269     |      0.42     |
|    3     | 264.72233963012695 |   0.227   |     0.14     |    0.252     |     0.397     |
|    4     | 246.0371913909912  |   0.228   |     0.14     |    0.255     |      0.4      |
+----------+--------------------+-----------+--------------+--------------+---------------+
2025-01-13 17:36:03,293 INFO    : Sum_Training_Time:1136.1899371147156
2025-01-13 17:36:03,293 INFO    : Every_Training_Time:[49.7541606426239, 316.47524094581604, 259.20100450515747, 264.72233963012695, 246.0371913909912]
2025-01-13 17:36:03,293 INFO    : Forward transfer: 0.03822500000000001 Backward transfer: 0.0
