2025-01-16 22:17:03,835 INFO    : Namespace(batch_size=1024, data_path='./data/ENTITY/', dataset='ENTITY', debug=False, device=device(type='cuda', index=0), emb_dim=200, ent_r='200', epoch_num=200, explore=False, gpu='0', l2=0.0, learning_rate='1e-1', log_path='./logs/ENTITY 200 2 1e-1 1024/ENTITY 20250116221655', logger=<RootLogger root (INFO)>, margin=8.0, model_name='LoraKGE_Layers', multi_layers_path='train_sorted_by_edges_betweenness.txt', neg_ratio=10, note='', num_ent_layers='2', num_layer=1, num_rel_layers='1', patience='3', predict_result=False, r=100, r_fixed=True, random_seed=3407, record=False, rel_r='200', save_path='./checkpoint/ENTITY', skip_previous='False', snapshot_num=5, train_new=True, using_multi_layers=False, using_various_ranks='True', using_various_ranks_reverse=False, valid_metrics='mrr')
2025-01-16 22:17:08,758 INFO    : Snapshot:0	0	3	Epoch:0	Loss:31.76	MRR:16.42	Hits@10:37.45	Best:16.42
2025-01-16 22:17:11,890 INFO    : Snapshot:0	0	3	Epoch:1	Loss:14.914	MRR:28.9	Hits@10:51.36	Best:28.9
2025-01-16 22:17:15,003 INFO    : Snapshot:0	0	3	Epoch:2	Loss:5.763	MRR:32.04	Hits@10:54.63	Best:32.04
2025-01-16 22:17:18,262 INFO    : Snapshot:0	0	3	Epoch:3	Loss:2.642	MRR:32.75	Hits@10:55.27	Best:32.75
2025-01-16 22:17:21,452 INFO    : Snapshot:0	1	3	Epoch:4	Loss:1.635	MRR:32.52	Hits@10:55.1	Best:32.75
2025-01-16 22:17:24,571 INFO    : Snapshot:0	0	3	Epoch:5	Loss:1.198	MRR:32.86	Hits@10:55.32	Best:32.86
2025-01-16 22:17:27,758 INFO    : Snapshot:0	1	3	Epoch:6	Loss:0.967	MRR:32.65	Hits@10:54.76	Best:32.86
2025-01-16 22:17:31,008 INFO    : Snapshot:0	2	3	Epoch:7	Loss:0.844	MRR:32.28	Hits@10:54.43	Best:32.86
2025-01-16 22:17:34,219 INFO    : Early Stopping! Snapshot:0 Epoch: 8 Best Results: 32.86
2025-01-16 22:17:34,313 INFO    : => loading checkpoint './checkpoint/ENTITY\0model_best.tar'
2025-01-16 22:17:35,901 INFO    : 
+------------+--------+--------+--------+--------+---------+
| Snapshot:0 |  MRR   | Hits@1 | Hits@3 | Hits@5 | Hits@10 |
+------------+--------+--------+--------+--------+---------+
|     0      | 0.3297 | 0.2143 | 0.3758 | 0.4509 |  0.5544 |
+------------+--------+--------+--------+--------+---------+
2025-01-16 22:17:48,781 INFO    : Snapshot:1	0	3	Epoch:0	Loss:11.823	MRR:15.93	Hits@10:28.19	Best:15.93
2025-01-16 22:17:55,241 INFO    : Snapshot:1	0	3	Epoch:1	Loss:4.325	MRR:17.78	Hits@10:31.71	Best:17.78
2025-01-16 22:18:01,824 INFO    : Snapshot:1	0	3	Epoch:2	Loss:3.574	MRR:18.44	Hits@10:33.13	Best:18.44
2025-01-16 22:18:08,573 INFO    : Snapshot:1	0	3	Epoch:3	Loss:3.189	MRR:18.99	Hits@10:34.1	Best:18.99
2025-01-16 22:18:15,153 INFO    : Snapshot:1	0	3	Epoch:4	Loss:2.924	MRR:19.65	Hits@10:35.04	Best:19.65
2025-01-16 22:18:21,770 INFO    : Snapshot:1	0	3	Epoch:5	Loss:2.723	MRR:20.07	Hits@10:35.73	Best:20.07
2025-01-16 22:18:28,351 INFO    : Snapshot:1	0	3	Epoch:6	Loss:2.637	MRR:20.44	Hits@10:36.26	Best:20.44
2025-01-16 22:18:35,004 INFO    : Snapshot:1	0	3	Epoch:7	Loss:2.485	MRR:20.72	Hits@10:36.99	Best:20.72
2025-01-16 22:18:41,646 INFO    : Snapshot:1	0	3	Epoch:8	Loss:2.406	MRR:20.81	Hits@10:37.3	Best:20.81
2025-01-16 22:18:48,356 INFO    : Snapshot:1	0	3	Epoch:9	Loss:2.363	MRR:20.94	Hits@10:37.32	Best:20.94
2025-01-16 22:18:55,001 INFO    : Snapshot:1	0	3	Epoch:10	Loss:2.306	MRR:21.07	Hits@10:37.3	Best:21.07
2025-01-16 22:19:01,628 INFO    : Snapshot:1	0	3	Epoch:11	Loss:2.216	MRR:21.44	Hits@10:37.93	Best:21.44
2025-01-16 22:19:08,388 INFO    : Snapshot:1	1	3	Epoch:12	Loss:2.16	MRR:21.37	Hits@10:38.08	Best:21.44
2025-01-16 22:19:14,926 INFO    : Snapshot:1	2	3	Epoch:13	Loss:2.175	MRR:21.4	Hits@10:38.31	Best:21.44
2025-01-16 22:19:21,445 INFO    : Snapshot:1	0	3	Epoch:14	Loss:2.128	MRR:21.78	Hits@10:38.55	Best:21.78
2025-01-16 22:19:27,927 INFO    : Snapshot:1	0	3	Epoch:15	Loss:2.114	MRR:21.87	Hits@10:39.03	Best:21.87
2025-01-16 22:19:34,441 INFO    : Snapshot:1	1	3	Epoch:16	Loss:2.085	MRR:21.78	Hits@10:38.63	Best:21.87
2025-01-16 22:19:40,846 INFO    : Snapshot:1	2	3	Epoch:17	Loss:2.069	MRR:21.85	Hits@10:38.55	Best:21.87
2025-01-16 22:19:47,413 INFO    : Snapshot:1	0	3	Epoch:18	Loss:2.006	MRR:21.96	Hits@10:38.84	Best:21.96
2025-01-16 22:19:54,017 INFO    : Snapshot:1	0	3	Epoch:19	Loss:2.005	MRR:22.0	Hits@10:38.71	Best:22.0
2025-01-16 22:20:00,520 INFO    : Snapshot:1	1	3	Epoch:20	Loss:1.983	MRR:21.86	Hits@10:38.7	Best:22.0
2025-01-16 22:20:07,131 INFO    : Snapshot:1	2	3	Epoch:21	Loss:1.978	MRR:21.98	Hits@10:38.75	Best:22.0
2025-01-16 22:20:13,768 INFO    : Snapshot:1	0	3	Epoch:22	Loss:1.958	MRR:22.17	Hits@10:39.28	Best:22.17
2025-01-16 22:20:20,396 INFO    : Snapshot:1	1	3	Epoch:23	Loss:1.947	MRR:22.1	Hits@10:39.11	Best:22.17
2025-01-16 22:20:27,079 INFO    : Snapshot:1	2	3	Epoch:24	Loss:1.934	MRR:21.98	Hits@10:38.93	Best:22.17
2025-01-16 22:20:33,728 INFO    : Early Stopping! Snapshot:1 Epoch: 25 Best Results: 22.17
2025-01-16 22:20:33,827 INFO    : => loading checkpoint './checkpoint/ENTITY\1model_best.tar'
2025-01-16 22:20:38,895 INFO    : 
+------------+--------+--------+--------+--------+---------+
| Snapshot:1 |  MRR   | Hits@1 | Hits@3 | Hits@5 | Hits@10 |
+------------+--------+--------+--------+--------+---------+
|     0      | 0.3297 | 0.2143 | 0.3758 | 0.4509 |  0.5544 |
|     1      | 0.2222 | 0.1363 | 0.2436 | 0.3023 |  0.3911 |
+------------+--------+--------+--------+--------+---------+
2025-01-16 22:20:53,050 INFO    : Snapshot:2	0	3	Epoch:0	Loss:11.38	MRR:14.66	Hits@10:25.59	Best:14.66
2025-01-16 22:21:00,791 INFO    : Snapshot:2	0	3	Epoch:1	Loss:4.229	MRR:16.39	Hits@10:28.83	Best:16.39
2025-01-16 22:21:08,417 INFO    : Snapshot:2	0	3	Epoch:2	Loss:3.564	MRR:17.35	Hits@10:30.79	Best:17.35
2025-01-16 22:21:15,952 INFO    : Snapshot:2	0	3	Epoch:3	Loss:3.224	MRR:18.0	Hits@10:31.87	Best:18.0
2025-01-16 22:21:23,553 INFO    : Snapshot:2	0	3	Epoch:4	Loss:2.993	MRR:18.44	Hits@10:32.22	Best:18.44
2025-01-16 22:21:31,166 INFO    : Snapshot:2	0	3	Epoch:5	Loss:2.814	MRR:18.6	Hits@10:33.07	Best:18.6
2025-01-16 22:21:38,672 INFO    : Snapshot:2	0	3	Epoch:6	Loss:2.676	MRR:18.86	Hits@10:33.25	Best:18.86
2025-01-16 22:21:46,277 INFO    : Snapshot:2	0	3	Epoch:7	Loss:2.593	MRR:19.15	Hits@10:33.65	Best:19.15
2025-01-16 22:21:53,846 INFO    : Snapshot:2	0	3	Epoch:8	Loss:2.489	MRR:19.37	Hits@10:34.03	Best:19.37
2025-01-16 22:22:01,401 INFO    : Snapshot:2	1	3	Epoch:9	Loss:2.443	MRR:19.3	Hits@10:33.99	Best:19.37
2025-01-16 22:22:08,866 INFO    : Snapshot:2	2	3	Epoch:10	Loss:2.375	MRR:19.31	Hits@10:33.83	Best:19.37
2025-01-16 22:22:16,597 INFO    : Early Stopping! Snapshot:2 Epoch: 11 Best Results: 19.37
2025-01-16 22:22:16,689 INFO    : => loading checkpoint './checkpoint/ENTITY\2model_best.tar'
2025-01-16 22:22:25,756 INFO    : 
+------------+--------+--------+--------+--------+---------+
| Snapshot:2 |  MRR   | Hits@1 | Hits@3 | Hits@5 | Hits@10 |
+------------+--------+--------+--------+--------+---------+
|     0      | 0.3297 | 0.2143 | 0.3758 | 0.4509 |  0.5544 |
|     1      | 0.2222 | 0.1363 | 0.2436 | 0.3023 |  0.3911 |
|     2      | 0.1938 | 0.1171 | 0.2135 | 0.2655 |  0.3407 |
+------------+--------+--------+--------+--------+---------+
2025-01-16 22:22:42,415 INFO    : Snapshot:3	0	3	Epoch:0	Loss:10.465	MRR:13.81	Hits@10:23.81	Best:13.81
2025-01-16 22:22:50,822 INFO    : Snapshot:3	0	3	Epoch:1	Loss:3.564	MRR:15.71	Hits@10:27.6	Best:15.71
2025-01-16 22:22:59,210 INFO    : Snapshot:3	0	3	Epoch:2	Loss:2.962	MRR:16.56	Hits@10:29.11	Best:16.56
2025-01-16 22:23:07,629 INFO    : Snapshot:3	0	3	Epoch:3	Loss:2.641	MRR:17.05	Hits@10:30.2	Best:17.05
2025-01-16 22:23:16,017 INFO    : Snapshot:3	0	3	Epoch:4	Loss:2.509	MRR:17.59	Hits@10:30.92	Best:17.59
2025-01-16 22:23:24,500 INFO    : Snapshot:3	0	3	Epoch:5	Loss:2.355	MRR:17.78	Hits@10:31.36	Best:17.78
2025-01-16 22:23:32,959 INFO    : Snapshot:3	1	3	Epoch:6	Loss:2.236	MRR:17.69	Hits@10:31.15	Best:17.78
2025-01-16 22:23:41,394 INFO    : Snapshot:3	0	3	Epoch:7	Loss:2.202	MRR:17.83	Hits@10:31.62	Best:17.83
2025-01-16 22:23:49,848 INFO    : Snapshot:3	0	3	Epoch:8	Loss:2.119	MRR:18.02	Hits@10:32.06	Best:18.02
2025-01-16 22:23:58,398 INFO    : Snapshot:3	0	3	Epoch:9	Loss:2.092	MRR:18.1	Hits@10:32.02	Best:18.1
2025-01-16 22:24:06,714 INFO    : Snapshot:3	0	3	Epoch:10	Loss:2.034	MRR:18.29	Hits@10:32.58	Best:18.29
2025-01-16 22:24:15,031 INFO    : Snapshot:3	1	3	Epoch:11	Loss:1.985	MRR:18.26	Hits@10:32.22	Best:18.29
2025-01-16 22:24:23,518 INFO    : Snapshot:3	0	3	Epoch:12	Loss:1.97	MRR:18.3	Hits@10:32.35	Best:18.3
2025-01-16 22:24:31,993 INFO    : Snapshot:3	1	3	Epoch:13	Loss:1.956	MRR:18.14	Hits@10:32.04	Best:18.3
2025-01-16 22:24:40,388 INFO    : Snapshot:3	2	3	Epoch:14	Loss:1.914	MRR:18.2	Hits@10:32.2	Best:18.3
2025-01-16 22:24:48,786 INFO    : Snapshot:3	0	3	Epoch:15	Loss:1.896	MRR:18.42	Hits@10:32.83	Best:18.42
2025-01-16 22:24:57,304 INFO    : Snapshot:3	1	3	Epoch:16	Loss:1.893	MRR:18.33	Hits@10:32.55	Best:18.42
2025-01-16 22:25:05,739 INFO    : Snapshot:3	2	3	Epoch:17	Loss:1.886	MRR:18.33	Hits@10:32.63	Best:18.42
2025-01-16 22:25:14,422 INFO    : Snapshot:3	0	3	Epoch:18	Loss:1.862	MRR:18.45	Hits@10:32.78	Best:18.45
2025-01-16 22:25:22,818 INFO    : Snapshot:3	1	3	Epoch:19	Loss:1.829	MRR:18.43	Hits@10:32.74	Best:18.45
2025-01-16 22:25:31,165 INFO    : Snapshot:3	2	3	Epoch:20	Loss:1.829	MRR:18.02	Hits@10:32.25	Best:18.45
2025-01-16 22:25:39,613 INFO    : Snapshot:3	0	3	Epoch:21	Loss:1.805	MRR:18.56	Hits@10:33.01	Best:18.56
2025-01-16 22:25:48,008 INFO    : Snapshot:3	1	3	Epoch:22	Loss:1.807	MRR:18.41	Hits@10:32.77	Best:18.56
2025-01-16 22:25:56,437 INFO    : Snapshot:3	2	3	Epoch:23	Loss:1.786	MRR:18.42	Hits@10:32.29	Best:18.56
2025-01-16 22:26:04,865 INFO    : Early Stopping! Snapshot:3 Epoch: 24 Best Results: 18.56
2025-01-16 22:26:04,970 INFO    : => loading checkpoint './checkpoint/ENTITY\3model_best.tar'
2025-01-16 22:26:19,666 INFO    : 
+------------+--------+--------+--------+--------+---------+
| Snapshot:3 |  MRR   | Hits@1 | Hits@3 | Hits@5 | Hits@10 |
+------------+--------+--------+--------+--------+---------+
|     0      | 0.3297 | 0.2143 | 0.3758 | 0.4509 |  0.5544 |
|     1      | 0.2222 | 0.1363 | 0.2436 | 0.3023 |  0.3911 |
|     2      | 0.1938 | 0.1171 | 0.2135 | 0.2655 |  0.3407 |
|     3      | 0.1847 | 0.1102 | 0.204  | 0.253  |  0.3284 |
+------------+--------+--------+--------+--------+---------+
2025-01-16 22:26:33,823 INFO    : Snapshot:4	0	3	Epoch:0	Loss:7.676	MRR:17.24	Hits@10:28.19	Best:17.24
2025-01-16 22:26:40,663 INFO    : Snapshot:4	0	3	Epoch:1	Loss:1.933	MRR:19.55	Hits@10:32.85	Best:19.55
2025-01-16 22:26:47,463 INFO    : Snapshot:4	0	3	Epoch:2	Loss:1.471	MRR:20.65	Hits@10:35.21	Best:20.65
2025-01-16 22:26:54,266 INFO    : Snapshot:4	0	3	Epoch:3	Loss:1.295	MRR:21.19	Hits@10:36.67	Best:21.19
2025-01-16 22:27:01,017 INFO    : Snapshot:4	0	3	Epoch:4	Loss:1.183	MRR:21.67	Hits@10:37.68	Best:21.67
2025-01-16 22:27:07,854 INFO    : Snapshot:4	0	3	Epoch:5	Loss:1.09	MRR:21.84	Hits@10:38.1	Best:21.84
2025-01-16 22:27:14,771 INFO    : Snapshot:4	0	3	Epoch:6	Loss:1.027	MRR:21.94	Hits@10:38.6	Best:21.94
2025-01-16 22:27:21,692 INFO    : Snapshot:4	0	3	Epoch:7	Loss:0.978	MRR:22.07	Hits@10:38.5	Best:22.07
2025-01-16 22:27:28,506 INFO    : Snapshot:4	0	3	Epoch:8	Loss:0.945	MRR:22.28	Hits@10:38.7	Best:22.28
2025-01-16 22:27:35,405 INFO    : Snapshot:4	0	3	Epoch:9	Loss:0.925	MRR:22.45	Hits@10:38.82	Best:22.45
2025-01-16 22:27:42,232 INFO    : Snapshot:4	0	3	Epoch:10	Loss:0.894	MRR:22.59	Hits@10:39.12	Best:22.59
2025-01-16 22:27:48,955 INFO    : Snapshot:4	0	3	Epoch:11	Loss:0.864	MRR:22.64	Hits@10:39.34	Best:22.64
2025-01-16 22:27:55,875 INFO    : Snapshot:4	1	3	Epoch:12	Loss:0.871	MRR:22.59	Hits@10:39.36	Best:22.64
2025-01-16 22:28:02,672 INFO    : Snapshot:4	0	3	Epoch:13	Loss:0.85	MRR:22.77	Hits@10:39.63	Best:22.77
2025-01-16 22:28:09,357 INFO    : Snapshot:4	1	3	Epoch:14	Loss:0.84	MRR:22.68	Hits@10:39.56	Best:22.77
2025-01-16 22:28:16,195 INFO    : Snapshot:4	0	3	Epoch:15	Loss:0.819	MRR:22.8	Hits@10:39.78	Best:22.8
2025-01-16 22:28:23,003 INFO    : Snapshot:4	1	3	Epoch:16	Loss:0.809	MRR:22.73	Hits@10:39.76	Best:22.8
2025-01-16 22:28:29,740 INFO    : Snapshot:4	0	3	Epoch:17	Loss:0.788	MRR:22.98	Hits@10:40.04	Best:22.98
2025-01-16 22:28:36,549 INFO    : Snapshot:4	1	3	Epoch:18	Loss:0.784	MRR:22.76	Hits@10:39.87	Best:22.98
2025-01-16 22:28:43,246 INFO    : Snapshot:4	2	3	Epoch:19	Loss:0.792	MRR:22.84	Hits@10:40.08	Best:22.98
2025-01-16 22:28:50,033 INFO    : Early Stopping! Snapshot:4 Epoch: 20 Best Results: 22.98
2025-01-16 22:28:50,139 INFO    : => loading checkpoint './checkpoint/ENTITY\4model_best.tar'
2025-01-16 22:29:09,700 INFO    : 
+------------+--------+--------+--------+--------+---------+
| Snapshot:4 |  MRR   | Hits@1 | Hits@3 | Hits@5 | Hits@10 |
+------------+--------+--------+--------+--------+---------+
|     0      | 0.3297 | 0.2143 | 0.3758 | 0.4509 |  0.5544 |
|     1      | 0.2222 | 0.1363 | 0.2436 | 0.3023 |  0.3911 |
|     2      | 0.1938 | 0.1171 | 0.2135 | 0.2655 |  0.3407 |
|     3      | 0.1847 | 0.1102 | 0.204  | 0.253  |  0.3284 |
|     4      | 0.2292 | 0.1377 | 0.2662 | 0.3238 |  0.4027 |
+------------+--------+--------+--------+--------+---------+
2025-01-16 22:29:09,716 INFO    : Final Result:
[+------------+--------+--------+--------+--------+---------+
| Snapshot:0 |  MRR   | Hits@1 | Hits@3 | Hits@5 | Hits@10 |
+------------+--------+--------+--------+--------+---------+
|     0      | 0.3297 | 0.2143 | 0.3758 | 0.4509 |  0.5544 |
+------------+--------+--------+--------+--------+---------+, +------------+--------+--------+--------+--------+---------+
| Snapshot:1 |  MRR   | Hits@1 | Hits@3 | Hits@5 | Hits@10 |
+------------+--------+--------+--------+--------+---------+
|     0      | 0.3297 | 0.2143 | 0.3758 | 0.4509 |  0.5544 |
|     1      | 0.2222 | 0.1363 | 0.2436 | 0.3023 |  0.3911 |
+------------+--------+--------+--------+--------+---------+, +------------+--------+--------+--------+--------+---------+
| Snapshot:2 |  MRR   | Hits@1 | Hits@3 | Hits@5 | Hits@10 |
+------------+--------+--------+--------+--------+---------+
|     0      | 0.3297 | 0.2143 | 0.3758 | 0.4509 |  0.5544 |
|     1      | 0.2222 | 0.1363 | 0.2436 | 0.3023 |  0.3911 |
|     2      | 0.1938 | 0.1171 | 0.2135 | 0.2655 |  0.3407 |
+------------+--------+--------+--------+--------+---------+, +------------+--------+--------+--------+--------+---------+
| Snapshot:3 |  MRR   | Hits@1 | Hits@3 | Hits@5 | Hits@10 |
+------------+--------+--------+--------+--------+---------+
|     0      | 0.3297 | 0.2143 | 0.3758 | 0.4509 |  0.5544 |
|     1      | 0.2222 | 0.1363 | 0.2436 | 0.3023 |  0.3911 |
|     2      | 0.1938 | 0.1171 | 0.2135 | 0.2655 |  0.3407 |
|     3      | 0.1847 | 0.1102 | 0.204  | 0.253  |  0.3284 |
+------------+--------+--------+--------+--------+---------+, +------------+--------+--------+--------+--------+---------+
| Snapshot:4 |  MRR   | Hits@1 | Hits@3 | Hits@5 | Hits@10 |
+------------+--------+--------+--------+--------+---------+
|     0      | 0.3297 | 0.2143 | 0.3758 | 0.4509 |  0.5544 |
|     1      | 0.2222 | 0.1363 | 0.2436 | 0.3023 |  0.3911 |
|     2      | 0.1938 | 0.1171 | 0.2135 | 0.2655 |  0.3407 |
|     3      | 0.1847 | 0.1102 | 0.204  | 0.253  |  0.3284 |
|     4      | 0.2292 | 0.1377 | 0.2662 | 0.3238 |  0.4027 |
+------------+--------+--------+--------+--------+---------+]
2025-01-16 22:29:09,716 INFO    : Report Result:
+----------+--------------------+-----------+--------------+--------------+---------------+
| Snapshot |        Time        | Whole_MRR | Whole_Hits@1 | Whole_Hits@3 | Whole_Hits@10 |
+----------+--------------------+-----------+--------------+--------------+---------------+
|    0     | 30.383793354034424 |    0.33   |    0.214     |    0.376     |     0.554     |
|    1     |  174.26611328125   |   0.264   |    0.167     |    0.295     |     0.455     |
|    2     | 93.43582344055176  |   0.237   |    0.148     |    0.264     |     0.411     |
|    3     | 213.64768743515015 |   0.223   |    0.138     |    0.248     |     0.389     |
|    4     | 145.5369176864624  |   0.224   |    0.138     |    0.251     |     0.391     |
+----------+--------------------+-----------+--------------+--------------+---------------+
2025-01-16 22:29:09,716 INFO    : Sum_Training_Time:657.2703351974487
2025-01-16 22:29:09,716 INFO    : Every_Training_Time:[30.383793354034424, 174.26611328125, 93.43582344055176, 213.64768743515015, 145.5369176864624]
2025-01-16 22:29:09,716 INFO    : Forward transfer: 0.03822500000000001 Backward transfer: 0.0
