2024-10-02 16:07:43,143 INFO    : Namespace(batch_size='1024', data_path='./data/WN_CKGE/', dataset='WN_CKGE', debug=False, device=device(type='cuda', index=0), emb_dim=200, ent_r='150', epoch_num=200, explore=False, gpu='0', l2=0.0, learning_rate='2e-1', log_path='./logs/WN_CKGE 150 2 2e-1 1024/WN_CKGE 20241002160738', logger=<RootLogger root (INFO)>, margin=8.0, model_name='LoraKGE_Layers', multi_layers_path='train_sorted_by_edges_betweenness.txt', neg_ratio=10, note='', num_ent_layers='2', num_layer=1, num_rel_layers='1', patience=3, predict_result='True', r=100, r_fixed=True, random_seed=3407, record=False, rel_r='20', save_path='./checkpoint/WN_CKGE', skip_previous='False', snapshot_num=5, train_new=True, using_multi_layers=False, using_various_ranks='True', using_various_ranks_reverse=False, valid_metrics='mrr')
2024-10-02 16:07:55,297 INFO    : Snapshot:0	0	3	Epoch:0	Loss:43.873	MRR:0.82	Hits@10:1.92	Best:0.82
2024-10-02 16:08:07,061 INFO    : Snapshot:0	0	3	Epoch:1	Loss:28.425	MRR:2.42	Hits@10:6.33	Best:2.42
2024-10-02 16:08:18,696 INFO    : Snapshot:0	0	3	Epoch:2	Loss:16.858	MRR:9.07	Hits@10:21.52	Best:9.07
2024-10-02 16:08:30,998 INFO    : Snapshot:0	0	3	Epoch:3	Loss:10.631	MRR:12.21	Hits@10:27.73	Best:12.21
2024-10-02 16:08:42,861 INFO    : Snapshot:0	0	3	Epoch:4	Loss:7.432	MRR:13.39	Hits@10:29.97	Best:13.39
2024-10-02 16:08:54,637 INFO    : Snapshot:0	0	3	Epoch:5	Loss:5.584	MRR:14.12	Hits@10:31.38	Best:14.12
2024-10-02 16:09:06,191 INFO    : Snapshot:0	0	3	Epoch:6	Loss:4.378	MRR:14.57	Hits@10:32.16	Best:14.57
2024-10-02 16:09:17,986 INFO    : Snapshot:0	0	3	Epoch:7	Loss:3.481	MRR:14.86	Hits@10:32.57	Best:14.86
2024-10-02 16:09:30,072 INFO    : Snapshot:0	0	3	Epoch:8	Loss:2.775	MRR:15.13	Hits@10:33.16	Best:15.13
2024-10-02 16:09:42,197 INFO    : Snapshot:0	0	3	Epoch:9	Loss:2.249	MRR:15.4	Hits@10:33.64	Best:15.4
2024-10-02 16:09:54,285 INFO    : Snapshot:0	0	3	Epoch:10	Loss:1.809	MRR:15.58	Hits@10:34.25	Best:15.58
2024-10-02 16:10:06,243 INFO    : Snapshot:0	0	3	Epoch:11	Loss:1.471	MRR:15.79	Hits@10:34.65	Best:15.79
2024-10-02 16:10:17,814 INFO    : Snapshot:0	0	3	Epoch:12	Loss:1.231	MRR:15.98	Hits@10:35.04	Best:15.98
2024-10-02 16:10:29,602 INFO    : Snapshot:0	0	3	Epoch:13	Loss:1.003	MRR:16.17	Hits@10:35.6	Best:16.17
2024-10-02 16:10:41,705 INFO    : Snapshot:0	0	3	Epoch:14	Loss:0.852	MRR:16.37	Hits@10:36.0	Best:16.37
2024-10-02 16:10:53,739 INFO    : Snapshot:0	0	3	Epoch:15	Loss:0.715	MRR:16.55	Hits@10:36.19	Best:16.55
2024-10-02 16:11:05,731 INFO    : Snapshot:0	0	3	Epoch:16	Loss:0.595	MRR:16.81	Hits@10:36.74	Best:16.81
2024-10-02 16:11:17,820 INFO    : Snapshot:0	0	3	Epoch:17	Loss:0.499	MRR:16.83	Hits@10:36.97	Best:16.83
2024-10-02 16:11:30,018 INFO    : Snapshot:0	0	3	Epoch:18	Loss:0.408	MRR:16.93	Hits@10:37.23	Best:16.93
2024-10-02 16:11:42,333 INFO    : Snapshot:0	0	3	Epoch:19	Loss:0.343	MRR:17.0	Hits@10:37.68	Best:17.0
2024-10-02 16:11:54,441 INFO    : Snapshot:0	1	3	Epoch:20	Loss:0.284	MRR:16.95	Hits@10:37.81	Best:17.0
2024-10-02 16:12:06,637 INFO    : Snapshot:0	0	3	Epoch:21	Loss:0.252	MRR:17.02	Hits@10:37.85	Best:17.02
2024-10-02 16:12:18,866 INFO    : Snapshot:0	1	3	Epoch:22	Loss:0.228	MRR:17.0	Hits@10:38.01	Best:17.02
2024-10-02 16:12:30,883 INFO    : Snapshot:0	0	3	Epoch:23	Loss:0.193	MRR:17.06	Hits@10:38.26	Best:17.06
2024-10-02 16:12:43,038 INFO    : Snapshot:0	0	3	Epoch:24	Loss:0.178	MRR:17.12	Hits@10:38.45	Best:17.12
2024-10-02 16:12:54,991 INFO    : Snapshot:0	1	3	Epoch:25	Loss:0.16	MRR:17.08	Hits@10:38.38	Best:17.12
2024-10-02 16:13:06,743 INFO    : Snapshot:0	2	3	Epoch:26	Loss:0.149	MRR:17.09	Hits@10:38.57	Best:17.12
2024-10-02 16:13:18,402 INFO    : Snapshot:0	0	3	Epoch:27	Loss:0.136	MRR:17.13	Hits@10:38.9	Best:17.13
2024-10-02 16:13:29,956 INFO    : Snapshot:0	1	3	Epoch:28	Loss:0.137	MRR:17.13	Hits@10:39.09	Best:17.13
2024-10-02 16:13:41,898 INFO    : Snapshot:0	0	3	Epoch:29	Loss:0.13	MRR:17.16	Hits@10:39.22	Best:17.16
2024-10-02 16:13:54,080 INFO    : Snapshot:0	1	3	Epoch:30	Loss:0.12	MRR:17.16	Hits@10:39.24	Best:17.16
2024-10-02 16:14:05,747 INFO    : Snapshot:0	2	3	Epoch:31	Loss:0.118	MRR:17.16	Hits@10:39.45	Best:17.16
2024-10-02 16:14:17,194 INFO    : Snapshot:0	0	3	Epoch:32	Loss:0.112	MRR:17.2	Hits@10:39.4	Best:17.2
2024-10-02 16:14:28,714 INFO    : Snapshot:0	1	3	Epoch:33	Loss:0.113	MRR:17.15	Hits@10:39.7	Best:17.2
2024-10-02 16:14:40,187 INFO    : Snapshot:0	0	3	Epoch:34	Loss:0.111	MRR:17.23	Hits@10:39.72	Best:17.23
2024-10-02 16:14:52,220 INFO    : Snapshot:0	0	3	Epoch:35	Loss:0.105	MRR:17.26	Hits@10:39.75	Best:17.26
2024-10-02 16:15:03,896 INFO    : Snapshot:0	1	3	Epoch:36	Loss:0.108	MRR:17.23	Hits@10:39.89	Best:17.26
2024-10-02 16:15:15,721 INFO    : Snapshot:0	2	3	Epoch:37	Loss:0.101	MRR:17.23	Hits@10:39.83	Best:17.26
2024-10-02 16:15:27,283 INFO    : Snapshot:0	0	3	Epoch:38	Loss:0.104	MRR:17.29	Hits@10:40.03	Best:17.29
2024-10-02 16:15:38,943 INFO    : Snapshot:0	1	3	Epoch:39	Loss:0.101	MRR:17.23	Hits@10:40.13	Best:17.29
2024-10-02 16:15:51,012 INFO    : Snapshot:0	0	3	Epoch:40	Loss:0.099	MRR:17.36	Hits@10:40.34	Best:17.36
2024-10-02 16:16:02,951 INFO    : Snapshot:0	1	3	Epoch:41	Loss:0.098	MRR:17.3	Hits@10:40.15	Best:17.36
2024-10-02 16:16:14,852 INFO    : Snapshot:0	2	3	Epoch:42	Loss:0.097	MRR:17.26	Hits@10:40.34	Best:17.36
2024-10-02 16:16:26,775 INFO    : Early Stopping! Snapshot:0 Epoch: 43 Best Results: 17.36
2024-10-02 16:16:26,812 INFO    : => loading checkpoint './checkpoint/WN_CKGE\0model_best.tar'
2024-10-02 16:16:39,688 INFO    : 
+------------+--------+--------+--------+--------+---------+
| Snapshot:0 |  MRR   | Hits@1 | Hits@3 | Hits@5 | Hits@10 |
+------------+--------+--------+--------+--------+---------+
|     0      | 0.1751 | 0.0109 | 0.3144 | 0.3552 |  0.4036 |
+------------+--------+--------+--------+--------+---------+
2024-10-02 16:16:58,489 INFO    : Snapshot:1	0	3	Epoch:0	Loss:6.088	MRR:6.0	Hits@10:16.26	Best:6.0
2024-10-02 16:17:07,140 INFO    : Snapshot:1	0	3	Epoch:1	Loss:2.502	MRR:9.8	Hits@10:25.24	Best:9.8
2024-10-02 16:17:15,919 INFO    : Snapshot:1	0	3	Epoch:2	Loss:1.218	MRR:11.71	Hits@10:29.03	Best:11.71
2024-10-02 16:17:24,563 INFO    : Snapshot:1	0	3	Epoch:3	Loss:0.739	MRR:12.68	Hits@10:31.21	Best:12.68
2024-10-02 16:17:33,365 INFO    : Snapshot:1	0	3	Epoch:4	Loss:0.534	MRR:13.06	Hits@10:31.88	Best:13.06
2024-10-02 16:17:42,087 INFO    : Snapshot:1	0	3	Epoch:5	Loss:0.419	MRR:13.45	Hits@10:32.74	Best:13.45
2024-10-02 16:17:50,742 INFO    : Snapshot:1	0	3	Epoch:6	Loss:0.355	MRR:13.47	Hits@10:33.12	Best:13.47
2024-10-02 16:17:59,390 INFO    : Snapshot:1	0	3	Epoch:7	Loss:0.319	MRR:13.72	Hits@10:33.28	Best:13.72
2024-10-02 16:18:08,097 INFO    : Snapshot:1	0	3	Epoch:8	Loss:0.289	MRR:13.86	Hits@10:33.31	Best:13.86
2024-10-02 16:18:16,725 INFO    : Snapshot:1	0	3	Epoch:9	Loss:0.269	MRR:14.0	Hits@10:33.49	Best:14.0
2024-10-02 16:18:25,309 INFO    : Snapshot:1	1	3	Epoch:10	Loss:0.255	MRR:13.98	Hits@10:33.71	Best:14.0
2024-10-02 16:18:33,925 INFO    : Snapshot:1	0	3	Epoch:11	Loss:0.242	MRR:14.16	Hits@10:33.76	Best:14.16
2024-10-02 16:18:42,451 INFO    : Snapshot:1	1	3	Epoch:12	Loss:0.235	MRR:14.15	Hits@10:33.71	Best:14.16
2024-10-02 16:18:51,068 INFO    : Snapshot:1	2	3	Epoch:13	Loss:0.225	MRR:14.1	Hits@10:33.76	Best:14.16
2024-10-02 16:18:59,695 INFO    : Early Stopping! Snapshot:1 Epoch: 14 Best Results: 14.16
2024-10-02 16:18:59,729 INFO    : => loading checkpoint './checkpoint/WN_CKGE\1model_best.tar'
2024-10-02 16:19:21,721 INFO    : 
+------------+--------+--------+--------+--------+---------+
| Snapshot:1 |  MRR   | Hits@1 | Hits@3 | Hits@5 | Hits@10 |
+------------+--------+--------+--------+--------+---------+
|     0      | 0.1751 | 0.0109 | 0.3144 | 0.3552 |  0.4036 |
|     1      | 0.1421 | 0.0102 | 0.2422 | 0.2903 |  0.339  |
+------------+--------+--------+--------+--------+---------+
2024-10-02 16:19:56,060 INFO    : Snapshot:2	0	3	Epoch:0	Loss:6.077	MRR:5.3	Hits@10:14.35	Best:5.3
2024-10-02 16:20:11,925 INFO    : Snapshot:2	0	3	Epoch:1	Loss:2.429	MRR:9.08	Hits@10:22.77	Best:9.08
2024-10-02 16:20:27,873 INFO    : Snapshot:2	0	3	Epoch:2	Loss:1.122	MRR:10.94	Hits@10:26.37	Best:10.94
2024-10-02 16:20:43,778 INFO    : Snapshot:2	0	3	Epoch:3	Loss:0.672	MRR:12.0	Hits@10:28.25	Best:12.0
2024-10-02 16:20:59,707 INFO    : Snapshot:2	0	3	Epoch:4	Loss:0.479	MRR:12.66	Hits@10:29.35	Best:12.66
2024-10-02 16:21:15,574 INFO    : Snapshot:2	0	3	Epoch:5	Loss:0.375	MRR:12.83	Hits@10:29.81	Best:12.83
2024-10-02 16:21:31,461 INFO    : Snapshot:2	0	3	Epoch:6	Loss:0.319	MRR:13.0	Hits@10:29.95	Best:13.0
2024-10-02 16:21:47,407 INFO    : Snapshot:2	0	3	Epoch:7	Loss:0.283	MRR:13.12	Hits@10:30.22	Best:13.12
2024-10-02 16:22:03,388 INFO    : Snapshot:2	0	3	Epoch:8	Loss:0.255	MRR:13.13	Hits@10:30.62	Best:13.13
2024-10-02 16:22:19,431 INFO    : Snapshot:2	0	3	Epoch:9	Loss:0.237	MRR:13.26	Hits@10:30.81	Best:13.26
2024-10-02 16:22:35,456 INFO    : Snapshot:2	0	3	Epoch:10	Loss:0.224	MRR:13.29	Hits@10:30.75	Best:13.29
2024-10-02 16:22:51,400 INFO    : Snapshot:2	1	3	Epoch:11	Loss:0.212	MRR:13.19	Hits@10:30.7	Best:13.29
2024-10-02 16:23:07,519 INFO    : Snapshot:2	0	3	Epoch:12	Loss:0.207	MRR:13.31	Hits@10:30.56	Best:13.31
2024-10-02 16:23:23,602 INFO    : Snapshot:2	0	3	Epoch:13	Loss:0.199	MRR:13.34	Hits@10:30.43	Best:13.34
2024-10-02 16:23:39,588 INFO    : Snapshot:2	1	3	Epoch:14	Loss:0.194	MRR:13.34	Hits@10:30.59	Best:13.34
2024-10-02 16:23:55,603 INFO    : Snapshot:2	0	3	Epoch:15	Loss:0.188	MRR:13.37	Hits@10:30.75	Best:13.37
2024-10-02 16:24:11,770 INFO    : Snapshot:2	1	3	Epoch:16	Loss:0.179	MRR:13.34	Hits@10:30.46	Best:13.37
2024-10-02 16:24:27,911 INFO    : Snapshot:2	2	3	Epoch:17	Loss:0.179	MRR:13.32	Hits@10:30.48	Best:13.37
2024-10-02 16:24:44,019 INFO    : Early Stopping! Snapshot:2 Epoch: 18 Best Results: 13.37
2024-10-02 16:24:44,064 INFO    : => loading checkpoint './checkpoint/WN_CKGE\2model_best.tar'
2024-10-02 16:25:23,341 INFO    : 
+------------+--------+--------+--------+--------+---------+
| Snapshot:2 |  MRR   | Hits@1 | Hits@3 | Hits@5 | Hits@10 |
+------------+--------+--------+--------+--------+---------+
|     0      | 0.1751 | 0.0109 | 0.3144 | 0.3552 |  0.4036 |
|     1      | 0.1421 | 0.0102 | 0.2422 | 0.2903 |  0.339  |
|     2      | 0.1386 | 0.0113 | 0.2409 | 0.2815 |  0.3231 |
+------------+--------+--------+--------+--------+---------+
2024-10-02 16:26:01,853 INFO    : Snapshot:3	0	3	Epoch:0	Loss:6.063	MRR:4.74	Hits@10:12.88	Best:4.74
2024-10-02 16:26:19,840 INFO    : Snapshot:3	0	3	Epoch:1	Loss:2.398	MRR:8.62	Hits@10:21.51	Best:8.62
2024-10-02 16:26:38,140 INFO    : Snapshot:3	0	3	Epoch:2	Loss:1.093	MRR:10.45	Hits@10:25.11	Best:10.45
2024-10-02 16:26:56,928 INFO    : Snapshot:3	0	3	Epoch:3	Loss:0.654	MRR:11.54	Hits@10:27.02	Best:11.54
2024-10-02 16:27:15,207 INFO    : Snapshot:3	0	3	Epoch:4	Loss:0.472	MRR:12.03	Hits@10:27.72	Best:12.03
2024-10-02 16:27:33,336 INFO    : Snapshot:3	0	3	Epoch:5	Loss:0.367	MRR:12.23	Hits@10:28.31	Best:12.23
2024-10-02 16:27:51,439 INFO    : Snapshot:3	0	3	Epoch:6	Loss:0.315	MRR:12.45	Hits@10:28.68	Best:12.45
2024-10-02 16:28:09,331 INFO    : Snapshot:3	0	3	Epoch:7	Loss:0.282	MRR:12.49	Hits@10:28.49	Best:12.49
2024-10-02 16:28:27,862 INFO    : Snapshot:3	0	3	Epoch:8	Loss:0.255	MRR:12.52	Hits@10:28.71	Best:12.52
2024-10-02 16:28:45,887 INFO    : Snapshot:3	0	3	Epoch:9	Loss:0.234	MRR:12.53	Hits@10:28.74	Best:12.53
2024-10-02 16:29:03,721 INFO    : Snapshot:3	0	3	Epoch:10	Loss:0.226	MRR:12.57	Hits@10:28.76	Best:12.57
2024-10-02 16:29:21,633 INFO    : Snapshot:3	0	3	Epoch:11	Loss:0.213	MRR:12.74	Hits@10:28.87	Best:12.74
2024-10-02 16:29:39,401 INFO    : Snapshot:3	1	3	Epoch:12	Loss:0.206	MRR:12.69	Hits@10:29.03	Best:12.74
2024-10-02 16:29:57,689 INFO    : Snapshot:3	0	3	Epoch:13	Loss:0.2	MRR:12.75	Hits@10:29.27	Best:12.75
2024-10-02 16:30:15,830 INFO    : Snapshot:3	0	3	Epoch:14	Loss:0.19	MRR:12.86	Hits@10:28.92	Best:12.86
2024-10-02 16:30:33,643 INFO    : Snapshot:3	0	3	Epoch:15	Loss:0.188	MRR:12.88	Hits@10:29.09	Best:12.88
2024-10-02 16:30:51,571 INFO    : Snapshot:3	1	3	Epoch:16	Loss:0.183	MRR:12.85	Hits@10:29.03	Best:12.88
2024-10-02 16:31:10,052 INFO    : Snapshot:3	0	3	Epoch:17	Loss:0.176	MRR:12.9	Hits@10:29.11	Best:12.9
2024-10-02 16:31:28,613 INFO    : Snapshot:3	0	3	Epoch:18	Loss:0.174	MRR:12.95	Hits@10:29.25	Best:12.95
2024-10-02 16:31:46,894 INFO    : Snapshot:3	0	3	Epoch:19	Loss:0.172	MRR:12.96	Hits@10:29.11	Best:12.96
2024-10-02 16:32:04,702 INFO    : Snapshot:3	1	3	Epoch:20	Loss:0.172	MRR:12.89	Hits@10:29.14	Best:12.96
2024-10-02 16:32:22,715 INFO    : Snapshot:3	2	3	Epoch:21	Loss:0.168	MRR:12.87	Hits@10:29.11	Best:12.96
2024-10-02 16:32:40,496 INFO    : Early Stopping! Snapshot:3 Epoch: 22 Best Results: 12.96
2024-10-02 16:32:40,548 INFO    : => loading checkpoint './checkpoint/WN_CKGE\3model_best.tar'
2024-10-02 16:33:37,893 INFO    : 
+------------+--------+--------+--------+--------+---------+
| Snapshot:3 |  MRR   | Hits@1 | Hits@3 | Hits@5 | Hits@10 |
+------------+--------+--------+--------+--------+---------+
|     0      | 0.1751 | 0.0109 | 0.3144 | 0.3552 |  0.4036 |
|     1      | 0.1421 | 0.0102 | 0.2422 | 0.2903 |  0.339  |
|     2      | 0.1386 | 0.0113 | 0.2409 | 0.2815 |  0.3231 |
|     3      | 0.1325 | 0.0105 | 0.2304 | 0.2683 |  0.3089 |
+------------+--------+--------+--------+--------+---------+
2024-10-02 16:33:47,959 INFO    : Snapshot:4	0	3	Epoch:0	Loss:5.971	MRR:10.41	Hits@10:24.57	Best:10.41
2024-10-02 16:33:51,028 INFO    : Snapshot:4	0	3	Epoch:1	Loss:2.235	MRR:12.02	Hits@10:28.2	Best:12.02
2024-10-02 16:33:54,111 INFO    : Snapshot:4	0	3	Epoch:2	Loss:0.983	MRR:12.8	Hits@10:29.49	Best:12.8
2024-10-02 16:33:57,241 INFO    : Snapshot:4	0	3	Epoch:3	Loss:0.577	MRR:13.16	Hits@10:30.38	Best:13.16
2024-10-02 16:34:00,403 INFO    : Snapshot:4	0	3	Epoch:4	Loss:0.414	MRR:13.37	Hits@10:30.56	Best:13.37
2024-10-02 16:34:03,548 INFO    : Snapshot:4	0	3	Epoch:5	Loss:0.333	MRR:13.44	Hits@10:30.75	Best:13.44
2024-10-02 16:34:06,711 INFO    : Snapshot:4	0	3	Epoch:6	Loss:0.28	MRR:13.52	Hits@10:31.02	Best:13.52
2024-10-02 16:34:09,835 INFO    : Snapshot:4	0	3	Epoch:7	Loss:0.245	MRR:13.54	Hits@10:31.05	Best:13.54
2024-10-02 16:34:12,937 INFO    : Snapshot:4	1	3	Epoch:8	Loss:0.231	MRR:13.47	Hits@10:30.99	Best:13.54
2024-10-02 16:34:16,003 INFO    : Snapshot:4	2	3	Epoch:9	Loss:0.217	MRR:13.52	Hits@10:31.08	Best:13.54
2024-10-02 16:34:19,122 INFO    : Snapshot:4	0	3	Epoch:10	Loss:0.201	MRR:13.59	Hits@10:31.02	Best:13.59
2024-10-02 16:34:22,216 INFO    : Snapshot:4	1	3	Epoch:11	Loss:0.196	MRR:13.56	Hits@10:30.83	Best:13.59
2024-10-02 16:34:25,392 INFO    : Snapshot:4	2	3	Epoch:12	Loss:0.189	MRR:13.55	Hits@10:31.08	Best:13.59
2024-10-02 16:34:28,570 INFO    : Early Stopping! Snapshot:4 Epoch: 13 Best Results: 13.59
2024-10-02 16:34:28,614 INFO    : => loading checkpoint './checkpoint/WN_CKGE\4model_best.tar'
2024-10-02 16:34:53,157 INFO    : 
+------------+--------+--------+--------+--------+---------+
| Snapshot:4 |  MRR   | Hits@1 | Hits@3 | Hits@5 | Hits@10 |
+------------+--------+--------+--------+--------+---------+
|     0      | 0.1751 | 0.0109 | 0.3144 | 0.3552 |  0.4036 |
|     1      | 0.1421 | 0.0102 | 0.2422 | 0.2903 |  0.339  |
|     2      | 0.1386 | 0.0113 | 0.2409 | 0.2815 |  0.3231 |
|     3      | 0.1325 | 0.0105 | 0.2304 | 0.2683 |  0.3089 |
|     4      | 0.1442 | 0.0099 | 0.2614 | 0.2894 |  0.3246 |
+------------+--------+--------+--------+--------+---------+
2024-10-02 16:34:53,159 INFO    : Final Result:
[+------------+--------+--------+--------+--------+---------+
| Snapshot:0 |  MRR   | Hits@1 | Hits@3 | Hits@5 | Hits@10 |
+------------+--------+--------+--------+--------+---------+
|     0      | 0.1751 | 0.0109 | 0.3144 | 0.3552 |  0.4036 |
+------------+--------+--------+--------+--------+---------+, +------------+--------+--------+--------+--------+---------+
| Snapshot:1 |  MRR   | Hits@1 | Hits@3 | Hits@5 | Hits@10 |
+------------+--------+--------+--------+--------+---------+
|     0      | 0.1751 | 0.0109 | 0.3144 | 0.3552 |  0.4036 |
|     1      | 0.1421 | 0.0102 | 0.2422 | 0.2903 |  0.339  |
+------------+--------+--------+--------+--------+---------+, +------------+--------+--------+--------+--------+---------+
| Snapshot:2 |  MRR   | Hits@1 | Hits@3 | Hits@5 | Hits@10 |
+------------+--------+--------+--------+--------+---------+
|     0      | 0.1751 | 0.0109 | 0.3144 | 0.3552 |  0.4036 |
|     1      | 0.1421 | 0.0102 | 0.2422 | 0.2903 |  0.339  |
|     2      | 0.1386 | 0.0113 | 0.2409 | 0.2815 |  0.3231 |
+------------+--------+--------+--------+--------+---------+, +------------+--------+--------+--------+--------+---------+
| Snapshot:3 |  MRR   | Hits@1 | Hits@3 | Hits@5 | Hits@10 |
+------------+--------+--------+--------+--------+---------+
|     0      | 0.1751 | 0.0109 | 0.3144 | 0.3552 |  0.4036 |
|     1      | 0.1421 | 0.0102 | 0.2422 | 0.2903 |  0.339  |
|     2      | 0.1386 | 0.0113 | 0.2409 | 0.2815 |  0.3231 |
|     3      | 0.1325 | 0.0105 | 0.2304 | 0.2683 |  0.3089 |
+------------+--------+--------+--------+--------+---------+, +------------+--------+--------+--------+--------+---------+
| Snapshot:4 |  MRR   | Hits@1 | Hits@3 | Hits@5 | Hits@10 |
+------------+--------+--------+--------+--------+---------+
|     0      | 0.1751 | 0.0109 | 0.3144 | 0.3552 |  0.4036 |
|     1      | 0.1421 | 0.0102 | 0.2422 | 0.2903 |  0.339  |
|     2      | 0.1386 | 0.0113 | 0.2409 | 0.2815 |  0.3231 |
|     3      | 0.1325 | 0.0105 | 0.2304 | 0.2683 |  0.3089 |
|     4      | 0.1442 | 0.0099 | 0.2614 | 0.2894 |  0.3246 |
+------------+--------+--------+--------+--------+---------+]
2024-10-02 16:34:53,160 INFO    : Report Result:
+----------+--------------------+-----------+--------------+--------------+---------------+
| Snapshot |        Time        | Whole_MRR | Whole_Hits@1 | Whole_Hits@3 | Whole_Hits@10 |
+----------+--------------------+-----------+--------------+--------------+---------------+
|    0     | 523.6321175098419  |   0.175   |    0.011     |    0.314     |     0.404     |
|    1     | 130.40031719207764 |    0.17   |    0.011     |    0.304     |     0.394     |
|    2     | 305.3896563053131  |   0.166   |    0.011     |    0.296     |     0.385     |
|    3     | 417.4651892185211  |   0.163   |    0.011     |    0.289     |     0.377     |
|    4     | 44.49568247795105  |   0.161   |    0.011     |    0.286     |     0.372     |
+----------+--------------------+-----------+--------------+--------------+---------------+
2024-10-02 16:34:53,160 INFO    : Sum_Training_Time:1421.3829627037048
2024-10-02 16:34:53,160 INFO    : Every_Training_Time:[523.6321175098419, 130.40031719207764, 305.3896563053131, 417.4651892185211, 44.49568247795105]
2024-10-02 16:34:53,160 INFO    : Forward transfer: 0.059725 Backward transfer: 0.0
