2024-09-13 15:20:07,291 INFO    : Namespace(batch_size=1024, data_path='./data/HYBRID/', dataset='HYBRID', debug=False, device=device(type='cuda', index=0), emb_dim=200, ent_r='150', epoch_num=200, explore=False, gpu='0', l2=0.0, learning_rate='2e-1', log_path='./logs/20240913151959/HYBRID', logger=<RootLogger root (INFO)>, margin=8.0, model_name='LoraKGE_Layers', multi_layers_path='train_sorted_by_edges_betweenness.txt', neg_ratio=10, note='', num_ent_layers='20', num_layer=1, num_rel_layers='1', patience=3, predict_result=False, r=100, r_fixed=True, random_seed=3407, record=False, rel_r='20', save_path='./checkpoint/HYBRID', skip_previous='False', snapshot_num=5, train_new=True, using_multi_layers=False, using_various_ranks='True', using_various_ranks_reverse=False, valid_metrics='mrr')
2024-09-13 15:20:14,982 INFO    : Snapshot:0	0	3	Epoch:0	Loss:40.122	MRR:10.89	Hits@10:23.07	Best:10.89
2024-09-13 15:20:20,513 INFO    : Snapshot:0	0	3	Epoch:1	Loss:24.705	MRR:18.64	Hits@10:35.08	Best:18.64
2024-09-13 15:20:25,839 INFO    : Snapshot:0	0	3	Epoch:2	Loss:13.886	MRR:23.07	Hits@10:40.85	Best:23.07
2024-09-13 15:20:31,242 INFO    : Snapshot:0	0	3	Epoch:3	Loss:7.848	MRR:24.72	Hits@10:43.29	Best:24.72
2024-09-13 15:20:36,642 INFO    : Snapshot:0	0	3	Epoch:4	Loss:4.798	MRR:25.24	Hits@10:44.21	Best:25.24
2024-09-13 15:20:42,219 INFO    : Snapshot:0	0	3	Epoch:5	Loss:3.208	MRR:25.29	Hits@10:44.55	Best:25.29
2024-09-13 15:20:47,589 INFO    : Snapshot:0	1	3	Epoch:6	Loss:2.348	MRR:25.25	Hits@10:44.77	Best:25.29
2024-09-13 15:20:52,952 INFO    : Snapshot:0	2	3	Epoch:7	Loss:1.818	MRR:25.18	Hits@10:44.98	Best:25.29
2024-09-13 15:20:58,207 INFO    : Early Stopping! Snapshot:0 Epoch: 8 Best Results: 25.29
2024-09-13 15:20:58,299 INFO    : => loading checkpoint './checkpoint/HYBRID\0model_best.tar'
2024-09-13 15:21:01,526 INFO    : 
+------------+--------+--------+--------+--------+---------+
| Snapshot:0 |  MRR   | Hits@1 | Hits@3 | Hits@5 | Hits@10 |
+------------+--------+--------+--------+--------+---------+
|     0      | 0.2534 | 0.1535 | 0.3057 | 0.3658 |  0.4359 |
+------------+--------+--------+--------+--------+---------+
2024-09-13 15:21:08,252 INFO    : Snapshot:1	0	3	Epoch:0	Loss:7.206	MRR:21.38	Hits@10:39.04	Best:21.38
2024-09-13 15:21:10,797 INFO    : Snapshot:1	0	3	Epoch:1	Loss:3.458	MRR:24.68	Hits@10:43.65	Best:24.68
2024-09-13 15:21:13,632 INFO    : Snapshot:1	0	3	Epoch:2	Loss:2.91	MRR:26.07	Hits@10:45.1	Best:26.07
2024-09-13 15:21:16,202 INFO    : Snapshot:1	0	3	Epoch:3	Loss:2.686	MRR:26.44	Hits@10:46.07	Best:26.44
2024-09-13 15:21:18,733 INFO    : Snapshot:1	0	3	Epoch:4	Loss:2.583	MRR:26.97	Hits@10:46.38	Best:26.97
2024-09-13 15:21:21,296 INFO    : Snapshot:1	0	3	Epoch:5	Loss:2.512	MRR:27.45	Hits@10:46.67	Best:27.45
2024-09-13 15:21:23,890 INFO    : Snapshot:1	1	3	Epoch:6	Loss:2.46	MRR:27.13	Hits@10:46.53	Best:27.45
2024-09-13 15:21:26,442 INFO    : Snapshot:1	2	3	Epoch:7	Loss:2.446	MRR:26.69	Hits@10:46.46	Best:27.45
2024-09-13 15:21:28,986 INFO    : Early Stopping! Snapshot:1 Epoch: 8 Best Results: 27.45
2024-09-13 15:21:29,076 INFO    : => loading checkpoint './checkpoint/HYBRID\1model_best.tar'
2024-09-13 15:21:34,276 INFO    : 
+------------+--------+--------+--------+--------+---------+
| Snapshot:1 |  MRR   | Hits@1 | Hits@3 | Hits@5 | Hits@10 |
+------------+--------+--------+--------+--------+---------+
|     0      | 0.2534 | 0.1535 | 0.3057 | 0.3658 |  0.4359 |
|     1      | 0.2636 | 0.1666 | 0.3031 | 0.3696 |  0.4549 |
+------------+--------+--------+--------+--------+---------+
2024-09-13 15:21:58,323 INFO    : Snapshot:2	0	3	Epoch:0	Loss:23.985	MRR:15.59	Hits@10:29.02	Best:15.59
2024-09-13 15:22:11,637 INFO    : Snapshot:2	0	3	Epoch:1	Loss:16.057	MRR:16.62	Hits@10:30.3	Best:16.62
2024-09-13 15:22:24,823 INFO    : Snapshot:2	0	3	Epoch:2	Loss:14.973	MRR:17.01	Hits@10:31.22	Best:17.01
2024-09-13 15:22:37,973 INFO    : Snapshot:2	0	3	Epoch:3	Loss:14.449	MRR:17.63	Hits@10:31.94	Best:17.63
2024-09-13 15:22:51,483 INFO    : Snapshot:2	0	3	Epoch:4	Loss:14.124	MRR:17.93	Hits@10:32.28	Best:17.93
2024-09-13 15:23:04,734 INFO    : Snapshot:2	0	3	Epoch:5	Loss:13.815	MRR:18.1	Hits@10:32.5	Best:18.1
2024-09-13 15:23:18,319 INFO    : Snapshot:2	0	3	Epoch:6	Loss:13.615	MRR:18.17	Hits@10:32.85	Best:18.17
2024-09-13 15:23:31,355 INFO    : Snapshot:2	0	3	Epoch:7	Loss:13.503	MRR:18.45	Hits@10:32.74	Best:18.45
2024-09-13 15:23:44,477 INFO    : Snapshot:2	1	3	Epoch:8	Loss:13.359	MRR:18.32	Hits@10:32.81	Best:18.45
2024-09-13 15:23:57,939 INFO    : Snapshot:2	2	3	Epoch:9	Loss:13.28	MRR:18.45	Hits@10:32.68	Best:18.45
2024-09-13 15:24:11,570 INFO    : Snapshot:2	0	3	Epoch:10	Loss:13.22	MRR:18.7	Hits@10:33.2	Best:18.7
2024-09-13 15:24:25,070 INFO    : Snapshot:2	0	3	Epoch:11	Loss:13.164	MRR:18.83	Hits@10:33.1	Best:18.83
2024-09-13 15:24:38,646 INFO    : Snapshot:2	1	3	Epoch:12	Loss:13.057	MRR:18.83	Hits@10:33.31	Best:18.83
2024-09-13 15:24:51,897 INFO    : Snapshot:2	2	3	Epoch:13	Loss:13.079	MRR:18.83	Hits@10:33.38	Best:18.83
2024-09-13 15:25:05,311 INFO    : Early Stopping! Snapshot:2 Epoch: 14 Best Results: 18.83
2024-09-13 15:25:05,410 INFO    : => loading checkpoint './checkpoint/HYBRID\2model_best.tar'
2024-09-13 15:25:18,259 INFO    : 
+------------+--------+--------+--------+--------+---------+
| Snapshot:2 |  MRR   | Hits@1 | Hits@3 | Hits@5 | Hits@10 |
+------------+--------+--------+--------+--------+---------+
|     0      | 0.2534 | 0.1535 | 0.3057 | 0.3658 |  0.4359 |
|     1      | 0.2636 | 0.1666 | 0.3031 | 0.3696 |  0.4549 |
|     2      | 0.1864 | 0.1119 | 0.2115 | 0.2634 |  0.3314 |
+------------+--------+--------+--------+--------+---------+
2024-09-13 15:25:49,376 INFO    : Snapshot:3	0	3	Epoch:0	Loss:27.141	MRR:15.34	Hits@10:29.0	Best:15.34
2024-09-13 15:26:06,703 INFO    : Snapshot:3	0	3	Epoch:1	Loss:20.523	MRR:16.18	Hits@10:30.29	Best:16.18
2024-09-13 15:26:24,268 INFO    : Snapshot:3	0	3	Epoch:2	Loss:19.786	MRR:16.31	Hits@10:30.83	Best:16.31
2024-09-13 15:26:41,582 INFO    : Snapshot:3	0	3	Epoch:3	Loss:19.441	MRR:16.71	Hits@10:31.06	Best:16.71
2024-09-13 15:26:58,818 INFO    : Snapshot:3	0	3	Epoch:4	Loss:19.257	MRR:16.96	Hits@10:31.49	Best:16.96
2024-09-13 15:27:15,926 INFO    : Snapshot:3	0	3	Epoch:5	Loss:19.033	MRR:17.28	Hits@10:31.68	Best:17.28
2024-09-13 15:27:32,991 INFO    : Snapshot:3	1	3	Epoch:6	Loss:18.96	MRR:17.19	Hits@10:31.85	Best:17.28
2024-09-13 15:27:50,096 INFO    : Snapshot:3	2	3	Epoch:7	Loss:18.813	MRR:17.24	Hits@10:31.88	Best:17.28
2024-09-13 15:28:07,250 INFO    : Snapshot:3	0	3	Epoch:8	Loss:18.76	MRR:17.4	Hits@10:31.96	Best:17.4
2024-09-13 15:28:24,430 INFO    : Snapshot:3	0	3	Epoch:9	Loss:18.733	MRR:17.55	Hits@10:32.09	Best:17.55
2024-09-13 15:28:41,556 INFO    : Snapshot:3	1	3	Epoch:10	Loss:18.613	MRR:17.45	Hits@10:32.18	Best:17.55
2024-09-13 15:28:58,833 INFO    : Snapshot:3	2	3	Epoch:11	Loss:18.55	MRR:17.42	Hits@10:31.99	Best:17.55
2024-09-13 15:29:15,980 INFO    : Early Stopping! Snapshot:3 Epoch: 12 Best Results: 17.55
2024-09-13 15:29:16,073 INFO    : => loading checkpoint './checkpoint/HYBRID\3model_best.tar'
2024-09-13 15:29:39,247 INFO    : 
+------------+--------+--------+--------+--------+---------+
| Snapshot:3 |  MRR   | Hits@1 | Hits@3 | Hits@5 | Hits@10 |
+------------+--------+--------+--------+--------+---------+
|     0      | 0.2534 | 0.1535 | 0.3057 | 0.3658 |  0.4359 |
|     1      | 0.2636 | 0.1666 | 0.3031 | 0.3696 |  0.4549 |
|     2      | 0.1864 | 0.1119 | 0.2115 | 0.2634 |  0.3314 |
|     3      | 0.1735 | 0.0958 | 0.2053 | 0.258  |  0.3217 |
+------------+--------+--------+--------+--------+---------+
2024-09-13 15:29:53,531 INFO    : Snapshot:4	0	3	Epoch:0	Loss:14.408	MRR:13.79	Hits@10:23.4	Best:13.79
2024-09-13 15:30:00,413 INFO    : Snapshot:4	0	3	Epoch:1	Loss:12.402	MRR:14.42	Hits@10:24.13	Best:14.42
2024-09-13 15:30:07,346 INFO    : Snapshot:4	0	3	Epoch:2	Loss:12.243	MRR:14.61	Hits@10:24.31	Best:14.61
2024-09-13 15:30:14,342 INFO    : Snapshot:4	1	3	Epoch:3	Loss:12.165	MRR:14.6	Hits@10:24.17	Best:14.61
2024-09-13 15:30:21,380 INFO    : Snapshot:4	0	3	Epoch:4	Loss:12.12	MRR:14.64	Hits@10:24.52	Best:14.64
2024-09-13 15:30:28,378 INFO    : Snapshot:4	0	3	Epoch:5	Loss:12.083	MRR:14.7	Hits@10:24.3	Best:14.7
2024-09-13 15:30:35,438 INFO    : Snapshot:4	0	3	Epoch:6	Loss:12.037	MRR:14.75	Hits@10:24.51	Best:14.75
2024-09-13 15:30:42,419 INFO    : Snapshot:4	0	3	Epoch:7	Loss:12.051	MRR:14.77	Hits@10:24.43	Best:14.77
2024-09-13 15:30:49,320 INFO    : Snapshot:4	1	3	Epoch:8	Loss:12.046	MRR:14.64	Hits@10:24.48	Best:14.77
2024-09-13 15:30:56,119 INFO    : Snapshot:4	2	3	Epoch:9	Loss:12.051	MRR:14.68	Hits@10:24.45	Best:14.77
2024-09-13 15:31:02,898 INFO    : Early Stopping! Snapshot:4 Epoch: 10 Best Results: 14.77
2024-09-13 15:31:03,007 INFO    : => loading checkpoint './checkpoint/HYBRID\4model_best.tar'
2024-09-13 15:31:32,239 INFO    : 
+------------+--------+--------+--------+--------+---------+
| Snapshot:4 |  MRR   | Hits@1 | Hits@3 | Hits@5 | Hits@10 |
+------------+--------+--------+--------+--------+---------+
|     0      | 0.2534 | 0.1535 | 0.3057 | 0.3658 |  0.4359 |
|     1      | 0.2636 | 0.1666 | 0.3031 | 0.3696 |  0.4549 |
|     2      | 0.1864 | 0.1119 | 0.2115 | 0.2634 |  0.3314 |
|     3      | 0.1735 | 0.0958 | 0.2053 | 0.258  |  0.3217 |
|     4      | 0.1446 | 0.0914 | 0.1607 | 0.1956 |  0.2448 |
+------------+--------+--------+--------+--------+---------+
2024-09-13 15:31:32,241 INFO    : Final Result:
[+------------+--------+--------+--------+--------+---------+
| Snapshot:0 |  MRR   | Hits@1 | Hits@3 | Hits@5 | Hits@10 |
+------------+--------+--------+--------+--------+---------+
|     0      | 0.2534 | 0.1535 | 0.3057 | 0.3658 |  0.4359 |
+------------+--------+--------+--------+--------+---------+, +------------+--------+--------+--------+--------+---------+
| Snapshot:1 |  MRR   | Hits@1 | Hits@3 | Hits@5 | Hits@10 |
+------------+--------+--------+--------+--------+---------+
|     0      | 0.2534 | 0.1535 | 0.3057 | 0.3658 |  0.4359 |
|     1      | 0.2636 | 0.1666 | 0.3031 | 0.3696 |  0.4549 |
+------------+--------+--------+--------+--------+---------+, +------------+--------+--------+--------+--------+---------+
| Snapshot:2 |  MRR   | Hits@1 | Hits@3 | Hits@5 | Hits@10 |
+------------+--------+--------+--------+--------+---------+
|     0      | 0.2534 | 0.1535 | 0.3057 | 0.3658 |  0.4359 |
|     1      | 0.2636 | 0.1666 | 0.3031 | 0.3696 |  0.4549 |
|     2      | 0.1864 | 0.1119 | 0.2115 | 0.2634 |  0.3314 |
+------------+--------+--------+--------+--------+---------+, +------------+--------+--------+--------+--------+---------+
| Snapshot:3 |  MRR   | Hits@1 | Hits@3 | Hits@5 | Hits@10 |
+------------+--------+--------+--------+--------+---------+
|     0      | 0.2534 | 0.1535 | 0.3057 | 0.3658 |  0.4359 |
|     1      | 0.2636 | 0.1666 | 0.3031 | 0.3696 |  0.4549 |
|     2      | 0.1864 | 0.1119 | 0.2115 | 0.2634 |  0.3314 |
|     3      | 0.1735 | 0.0958 | 0.2053 | 0.258  |  0.3217 |
+------------+--------+--------+--------+--------+---------+, +------------+--------+--------+--------+--------+---------+
| Snapshot:4 |  MRR   | Hits@1 | Hits@3 | Hits@5 | Hits@10 |
+------------+--------+--------+--------+--------+---------+
|     0      | 0.2534 | 0.1535 | 0.3057 | 0.3658 |  0.4359 |
|     1      | 0.2636 | 0.1666 | 0.3031 | 0.3696 |  0.4549 |
|     2      | 0.1864 | 0.1119 | 0.2115 | 0.2634 |  0.3314 |
|     3      | 0.1735 | 0.0958 | 0.2053 | 0.258  |  0.3217 |
|     4      | 0.1446 | 0.0914 | 0.1607 | 0.1956 |  0.2448 |
+------------+--------+--------+--------+--------+---------+]
2024-09-13 15:31:32,241 INFO    : Report Result:
+----------+--------------------+-----------+--------------+--------------+---------------+
| Snapshot |        Time        | Whole_MRR | Whole_Hits@1 | Whole_Hits@3 | Whole_Hits@10 |
+----------+--------------------+-----------+--------------+--------------+---------------+
|    0     | 50.914896965026855 |   0.253   |    0.153     |    0.306     |     0.436     |
|    1     | 25.370670318603516 |   0.256   |    0.157     |    0.305     |     0.441     |
|    2     | 203.2873775959015  |   0.219   |    0.133     |    0.256     |     0.383     |
|    3     | 227.03299617767334 |   0.202   |    0.119     |    0.236     |      0.36     |
|    4     | 78.74550580978394  |   0.194   |    0.115     |    0.226     |     0.345     |
+----------+--------------------+-----------+--------------+--------------+---------------+
2024-09-13 15:31:32,241 INFO    : Sum_Training_Time:585.3514468669891
2024-09-13 15:31:32,241 INFO    : Every_Training_Time:[50.914896965026855, 25.370670318603516, 203.2873775959015, 227.03299617767334, 78.74550580978394]
2024-09-13 15:31:32,242 INFO    : Forward transfer: 0.0368 Backward transfer: 0.0
