2024-09-27 15:49:26,329 INFO    : Namespace(batch_size='1024', data_path='./data/FB_CKGE/', dataset='FB_CKGE', debug=False, device=device(type='cuda', index=0), emb_dim=200, ent_r='200', epoch_num=200, explore=False, gpu='0', l2=0.0, learning_rate='3e-1', log_path='./logs/FB_CKGE 200 20 3e-1 1024/FB_CKGE 20240927154916', logger=<RootLogger root (INFO)>, margin=8.0, model_name='LoraKGE_Layers', multi_layers_path='train_sorted_by_edges_betweenness.txt', neg_ratio=10, note='', num_ent_layers='20', num_layer=1, num_rel_layers='1', patience=3, predict_result='True', r=100, r_fixed=True, random_seed=3407, record=False, rel_r='20', save_path='./checkpoint/FB_CKGE', skip_previous='False', snapshot_num=5, train_new=True, using_multi_layers=False, using_various_ranks='True', using_various_ranks_reverse=False, valid_metrics='mrr')
2024-09-27 15:49:46,325 INFO    : Snapshot:0	0	3	Epoch:0	Loss:117.431	MRR:17.14	Hits@10:34.95	Best:17.14
2024-09-27 15:50:03,334 INFO    : Snapshot:0	0	3	Epoch:1	Loss:38.149	MRR:23.58	Hits@10:43.32	Best:23.58
2024-09-27 15:50:19,864 INFO    : Snapshot:0	0	3	Epoch:2	Loss:13.167	MRR:24.26	Hits@10:44.41	Best:24.26
2024-09-27 15:50:36,314 INFO    : Snapshot:0	0	3	Epoch:3	Loss:7.147	MRR:24.38	Hits@10:44.49	Best:24.38
2024-09-27 15:50:53,176 INFO    : Snapshot:0	1	3	Epoch:4	Loss:5.075	MRR:24.3	Hits@10:44.39	Best:24.38
2024-09-27 15:51:09,847 INFO    : Snapshot:0	2	3	Epoch:5	Loss:4.055	MRR:24.08	Hits@10:43.89	Best:24.38
2024-09-27 15:51:26,736 INFO    : Early Stopping! Snapshot:0 Epoch: 6 Best Results: 24.38
2024-09-27 15:51:26,845 INFO    : => loading checkpoint './checkpoint/FB_CKGE\0model_best.tar'
2024-09-27 15:51:48,040 INFO    : 
+------------+--------+--------+--------+--------+---------+
| Snapshot:0 |  MRR   | Hits@1 | Hits@3 | Hits@5 | Hits@10 |
+------------+--------+--------+--------+--------+---------+
|     0      | 0.2442 | 0.1424 | 0.2827 | 0.3523 |  0.4448 |
+------------+--------+--------+--------+--------+---------+
2024-09-27 15:52:00,397 INFO    : Snapshot:1	0	3	Epoch:0	Loss:7.485	MRR:11.24	Hits@10:20.89	Best:11.24
2024-09-27 15:52:04,697 INFO    : Snapshot:1	0	3	Epoch:1	Loss:2.05	MRR:13.12	Hits@10:24.77	Best:13.12
2024-09-27 15:52:08,905 INFO    : Snapshot:1	0	3	Epoch:2	Loss:1.383	MRR:13.97	Hits@10:26.64	Best:13.97
2024-09-27 15:52:13,181 INFO    : Snapshot:1	0	3	Epoch:3	Loss:1.148	MRR:14.44	Hits@10:27.03	Best:14.44
2024-09-27 15:52:17,375 INFO    : Snapshot:1	0	3	Epoch:4	Loss:1.013	MRR:14.77	Hits@10:27.62	Best:14.77
2024-09-27 15:52:21,654 INFO    : Snapshot:1	0	3	Epoch:5	Loss:0.919	MRR:14.92	Hits@10:27.98	Best:14.92
2024-09-27 15:52:25,737 INFO    : Snapshot:1	0	3	Epoch:6	Loss:0.856	MRR:15.21	Hits@10:28.47	Best:15.21
2024-09-27 15:52:29,765 INFO    : Snapshot:1	1	3	Epoch:7	Loss:0.801	MRR:15.18	Hits@10:28.5	Best:15.21
2024-09-27 15:52:33,862 INFO    : Snapshot:1	0	3	Epoch:8	Loss:0.748	MRR:15.48	Hits@10:29.05	Best:15.48
2024-09-27 15:52:38,093 INFO    : Snapshot:1	0	3	Epoch:9	Loss:0.698	MRR:15.49	Hits@10:28.89	Best:15.49
2024-09-27 15:52:42,353 INFO    : Snapshot:1	0	3	Epoch:10	Loss:0.685	MRR:15.7	Hits@10:29.09	Best:15.7
2024-09-27 15:52:46,534 INFO    : Snapshot:1	0	3	Epoch:11	Loss:0.647	MRR:15.85	Hits@10:29.63	Best:15.85
2024-09-27 15:52:50,755 INFO    : Snapshot:1	0	3	Epoch:12	Loss:0.63	MRR:15.96	Hits@10:29.64	Best:15.96
2024-09-27 15:52:54,903 INFO    : Snapshot:1	1	3	Epoch:13	Loss:0.598	MRR:15.89	Hits@10:29.41	Best:15.96
2024-09-27 15:52:59,162 INFO    : Snapshot:1	0	3	Epoch:14	Loss:0.586	MRR:16.02	Hits@10:30.08	Best:16.02
2024-09-27 15:53:03,250 INFO    : Snapshot:1	1	3	Epoch:15	Loss:0.564	MRR:15.97	Hits@10:30.16	Best:16.02
2024-09-27 15:53:07,536 INFO    : Snapshot:1	0	3	Epoch:16	Loss:0.555	MRR:16.12	Hits@10:30.04	Best:16.12
2024-09-27 15:53:11,936 INFO    : Snapshot:1	1	3	Epoch:17	Loss:0.533	MRR:16.0	Hits@10:30.07	Best:16.12
2024-09-27 15:53:16,262 INFO    : Snapshot:1	2	3	Epoch:18	Loss:0.535	MRR:16.08	Hits@10:30.21	Best:16.12
2024-09-27 15:53:20,496 INFO    : Early Stopping! Snapshot:1 Epoch: 19 Best Results: 16.12
2024-09-27 15:53:20,607 INFO    : => loading checkpoint './checkpoint/FB_CKGE\1model_best.tar'
2024-09-27 15:53:48,022 INFO    : 
+------------+--------+--------+--------+--------+---------+
| Snapshot:1 |  MRR   | Hits@1 | Hits@3 | Hits@5 | Hits@10 |
+------------+--------+--------+--------+--------+---------+
|     0      | 0.2442 | 0.1424 | 0.2827 | 0.3523 |  0.4448 |
|     1      | 0.1678 | 0.0976 | 0.1839 | 0.2317 |  0.3082 |
+------------+--------+--------+--------+--------+---------+
2024-09-27 15:54:00,903 INFO    : Snapshot:2	0	3	Epoch:0	Loss:5.298	MRR:16.85	Hits@10:29.64	Best:16.85
2024-09-27 15:54:05,737 INFO    : Snapshot:2	0	3	Epoch:1	Loss:2.302	MRR:17.08	Hits@10:29.98	Best:17.08
2024-09-27 15:54:10,481 INFO    : Snapshot:2	1	3	Epoch:2	Loss:1.977	MRR:17.07	Hits@10:29.99	Best:17.08
2024-09-27 15:54:15,360 INFO    : Snapshot:2	0	3	Epoch:3	Loss:1.86	MRR:17.18	Hits@10:30.2	Best:17.18
2024-09-27 15:54:20,196 INFO    : Snapshot:2	0	3	Epoch:4	Loss:1.787	MRR:17.26	Hits@10:30.39	Best:17.26
2024-09-27 15:54:24,976 INFO    : Snapshot:2	1	3	Epoch:5	Loss:1.711	MRR:17.23	Hits@10:30.21	Best:17.26
2024-09-27 15:54:29,542 INFO    : Snapshot:2	0	3	Epoch:6	Loss:1.672	MRR:17.3	Hits@10:30.34	Best:17.3
2024-09-27 15:54:34,184 INFO    : Snapshot:2	0	3	Epoch:7	Loss:1.631	MRR:17.41	Hits@10:30.43	Best:17.41
