2024-09-13 15:48:20,066 INFO    : Namespace(batch_size=1024, data_path='./data/HYBRID/', dataset='HYBRID', debug=False, device=device(type='cuda', index=0), emb_dim=200, ent_r='150', epoch_num=200, explore=False, gpu='0', l2=0.0, learning_rate='1e-1', log_path='./logs/20240913154812/HYBRID', logger=<RootLogger root (INFO)>, margin=8.0, model_name='LoraKGE_Layers', multi_layers_path='train_sorted_by_edges_betweenness.txt', neg_ratio=10, note='', num_ent_layers='10', num_layer=1, num_rel_layers='1', patience=3, predict_result=False, r=100, r_fixed=True, random_seed=3407, record=False, rel_r='20', save_path='./checkpoint/HYBRID', skip_previous='False', snapshot_num=5, train_new=True, using_multi_layers=False, using_various_ranks='True', using_various_ranks_reverse=False, valid_metrics='mrr')
2024-09-13 15:48:28,177 INFO    : Snapshot:0	0	3	Epoch:0	Loss:37.229	MRR:14.76	Hits@10:28.92	Best:14.76
2024-09-13 15:48:33,689 INFO    : Snapshot:0	0	3	Epoch:1	Loss:18.611	MRR:22.47	Hits@10:40.38	Best:22.47
2024-09-13 15:48:39,175 INFO    : Snapshot:0	0	3	Epoch:2	Loss:8.665	MRR:25.05	Hits@10:43.96	Best:25.05
2024-09-13 15:48:44,569 INFO    : Snapshot:0	0	3	Epoch:3	Loss:4.555	MRR:25.63	Hits@10:44.96	Best:25.63
2024-09-13 15:48:49,670 INFO    : Snapshot:0	1	3	Epoch:4	Loss:2.778	MRR:25.59	Hits@10:44.87	Best:25.63
2024-09-13 15:48:55,052 INFO    : Snapshot:0	2	3	Epoch:5	Loss:1.937	MRR:25.27	Hits@10:44.8	Best:25.63
2024-09-13 15:49:00,137 INFO    : Early Stopping! Snapshot:0 Epoch: 6 Best Results: 25.63
2024-09-13 15:49:00,224 INFO    : => loading checkpoint './checkpoint/HYBRID\0model_best.tar'
2024-09-13 15:49:03,341 INFO    : 
+------------+--------+--------+--------+--------+---------+
| Snapshot:0 |  MRR   | Hits@1 | Hits@3 | Hits@5 | Hits@10 |
+------------+--------+--------+--------+--------+---------+
|     0      | 0.2558 | 0.1548 | 0.3079 | 0.3682 |  0.4392 |
+------------+--------+--------+--------+--------+---------+
2024-09-13 15:49:09,710 INFO    : Snapshot:1	0	3	Epoch:0	Loss:8.536	MRR:20.8	Hits@10:37.27	Best:20.8
2024-09-13 15:49:11,966 INFO    : Snapshot:1	0	3	Epoch:1	Loss:3.962	MRR:24.6	Hits@10:42.91	Best:24.6
2024-09-13 15:49:14,249 INFO    : Snapshot:1	0	3	Epoch:2	Loss:3.245	MRR:25.36	Hits@10:44.53	Best:25.36
2024-09-13 15:49:16,557 INFO    : Snapshot:1	0	3	Epoch:3	Loss:2.928	MRR:26.39	Hits@10:45.62	Best:26.39
2024-09-13 15:49:18,834 INFO    : Snapshot:1	0	3	Epoch:4	Loss:2.778	MRR:26.74	Hits@10:45.96	Best:26.74
2024-09-13 15:49:21,130 INFO    : Snapshot:1	0	3	Epoch:5	Loss:2.663	MRR:26.93	Hits@10:46.14	Best:26.93
2024-09-13 15:49:23,441 INFO    : Snapshot:1	0	3	Epoch:6	Loss:2.595	MRR:27.37	Hits@10:46.48	Best:27.37
2024-09-13 15:49:25,739 INFO    : Snapshot:1	0	3	Epoch:7	Loss:2.546	MRR:27.74	Hits@10:46.77	Best:27.74
2024-09-13 15:49:28,017 INFO    : Snapshot:1	1	3	Epoch:8	Loss:2.501	MRR:27.72	Hits@10:46.95	Best:27.74
2024-09-13 15:49:30,324 INFO    : Snapshot:1	0	3	Epoch:9	Loss:2.474	MRR:27.75	Hits@10:46.83	Best:27.75
2024-09-13 15:49:32,585 INFO    : Snapshot:1	1	3	Epoch:10	Loss:2.449	MRR:27.72	Hits@10:46.84	Best:27.75
2024-09-13 15:49:34,852 INFO    : Snapshot:1	2	3	Epoch:11	Loss:2.435	MRR:27.72	Hits@10:47.16	Best:27.75
2024-09-13 15:49:37,183 INFO    : Snapshot:1	0	3	Epoch:12	Loss:2.425	MRR:28.11	Hits@10:47.32	Best:28.11
2024-09-13 15:49:39,468 INFO    : Snapshot:1	0	3	Epoch:13	Loss:2.395	MRR:28.13	Hits@10:47.23	Best:28.13
2024-09-13 15:49:41,732 INFO    : Snapshot:1	1	3	Epoch:14	Loss:2.399	MRR:28.01	Hits@10:46.99	Best:28.13
2024-09-13 15:49:44,042 INFO    : Snapshot:1	2	3	Epoch:15	Loss:2.357	MRR:28.05	Hits@10:47.21	Best:28.13
2024-09-13 15:49:46,312 INFO    : Early Stopping! Snapshot:1 Epoch: 16 Best Results: 28.13
2024-09-13 15:49:46,405 INFO    : => loading checkpoint './checkpoint/HYBRID\1model_best.tar'
2024-09-13 15:49:51,379 INFO    : 
+------------+--------+--------+--------+--------+---------+
| Snapshot:1 |  MRR   | Hits@1 | Hits@3 | Hits@5 | Hits@10 |
+------------+--------+--------+--------+--------+---------+
|     0      | 0.2558 | 0.1548 | 0.3079 | 0.3682 |  0.4392 |
|     1      | 0.2729 | 0.1747 | 0.3131 | 0.3826 |  0.4648 |
+------------+--------+--------+--------+--------+---------+
2024-09-13 15:50:13,288 INFO    : Snapshot:2	0	3	Epoch:0	Loss:26.049	MRR:15.54	Hits@10:28.3	Best:15.54
2024-09-13 15:50:25,352 INFO    : Snapshot:2	0	3	Epoch:1	Loss:16.801	MRR:16.47	Hits@10:30.21	Best:16.47
2024-09-13 15:50:37,502 INFO    : Snapshot:2	0	3	Epoch:2	Loss:15.579	MRR:17.22	Hits@10:31.16	Best:17.22
2024-09-13 15:50:49,568 INFO    : Snapshot:2	0	3	Epoch:3	Loss:14.984	MRR:17.75	Hits@10:31.99	Best:17.75
2024-09-13 15:51:01,547 INFO    : Snapshot:2	0	3	Epoch:4	Loss:14.618	MRR:18.05	Hits@10:32.12	Best:18.05
2024-09-13 15:51:13,535 INFO    : Snapshot:2	0	3	Epoch:5	Loss:14.327	MRR:18.25	Hits@10:32.52	Best:18.25
2024-09-13 15:51:25,692 INFO    : Snapshot:2	1	3	Epoch:6	Loss:14.166	MRR:18.17	Hits@10:32.87	Best:18.25
2024-09-13 15:51:37,883 INFO    : Snapshot:2	0	3	Epoch:7	Loss:14.011	MRR:18.38	Hits@10:32.78	Best:18.38
2024-09-13 15:51:50,198 INFO    : Snapshot:2	0	3	Epoch:8	Loss:13.879	MRR:18.53	Hits@10:33.01	Best:18.53
2024-09-13 15:52:02,225 INFO    : Snapshot:2	0	3	Epoch:9	Loss:13.828	MRR:18.78	Hits@10:33.04	Best:18.78
2024-09-13 15:52:14,463 INFO    : Snapshot:2	0	3	Epoch:10	Loss:13.718	MRR:18.86	Hits@10:33.22	Best:18.86
2024-09-13 15:52:26,699 INFO    : Snapshot:2	1	3	Epoch:11	Loss:13.663	MRR:18.74	Hits@10:33.17	Best:18.86
2024-09-13 15:52:39,334 INFO    : Snapshot:2	2	3	Epoch:12	Loss:13.57	MRR:18.83	Hits@10:33.48	Best:18.86
2024-09-13 15:52:51,469 INFO    : Snapshot:2	0	3	Epoch:13	Loss:13.57	MRR:18.98	Hits@10:33.33	Best:18.98
2024-09-13 15:53:04,321 INFO    : Snapshot:2	1	3	Epoch:14	Loss:13.538	MRR:18.81	Hits@10:33.3	Best:18.98
2024-09-13 15:53:16,455 INFO    : Snapshot:2	2	3	Epoch:15	Loss:13.427	MRR:18.98	Hits@10:33.5	Best:18.98
2024-09-13 15:53:28,309 INFO    : Early Stopping! Snapshot:2 Epoch: 16 Best Results: 18.98
2024-09-13 15:53:28,415 INFO    : => loading checkpoint './checkpoint/HYBRID\2model_best.tar'
2024-09-13 15:53:40,660 INFO    : 
+------------+--------+--------+--------+--------+---------+
| Snapshot:2 |  MRR   | Hits@1 | Hits@3 | Hits@5 | Hits@10 |
+------------+--------+--------+--------+--------+---------+
|     0      | 0.2558 | 0.1548 | 0.3079 | 0.3682 |  0.4392 |
|     1      | 0.2729 | 0.1747 | 0.3131 | 0.3826 |  0.4648 |
|     2      | 0.188  | 0.1137 | 0.2145 | 0.2615 |  0.3325 |
+------------+--------+--------+--------+--------+---------+
2024-09-13 15:54:10,356 INFO    : Snapshot:3	0	3	Epoch:0	Loss:29.635	MRR:15.18	Hits@10:28.5	Best:15.18
2024-09-13 15:54:26,306 INFO    : Snapshot:3	0	3	Epoch:1	Loss:21.481	MRR:16.03	Hits@10:30.03	Best:16.03
2024-09-13 15:54:42,251 INFO    : Snapshot:3	0	3	Epoch:2	Loss:20.64	MRR:16.41	Hits@10:31.0	Best:16.41
2024-09-13 15:54:57,724 INFO    : Snapshot:3	0	3	Epoch:3	Loss:20.255	MRR:16.49	Hits@10:30.82	Best:16.49
2024-09-13 15:55:13,254 INFO    : Snapshot:3	0	3	Epoch:4	Loss:19.997	MRR:16.71	Hits@10:31.39	Best:16.71
2024-09-13 15:55:29,048 INFO    : Snapshot:3	0	3	Epoch:5	Loss:19.815	MRR:16.93	Hits@10:31.42	Best:16.93
2024-09-13 15:55:44,988 INFO    : Snapshot:3	0	3	Epoch:6	Loss:19.667	MRR:16.99	Hits@10:31.66	Best:16.99
2024-09-13 15:56:01,033 INFO    : Snapshot:3	0	3	Epoch:7	Loss:19.578	MRR:17.11	Hits@10:31.8	Best:17.11
2024-09-13 15:56:16,896 INFO    : Snapshot:3	1	3	Epoch:8	Loss:19.501	MRR:17.08	Hits@10:31.67	Best:17.11
2024-09-13 15:56:32,752 INFO    : Snapshot:3	0	3	Epoch:9	Loss:19.399	MRR:17.35	Hits@10:32.12	Best:17.35
2024-09-13 15:56:48,609 INFO    : Snapshot:3	0	3	Epoch:10	Loss:19.319	MRR:17.39	Hits@10:32.01	Best:17.39
2024-09-13 15:57:04,599 INFO    : Snapshot:3	1	3	Epoch:11	Loss:19.238	MRR:17.26	Hits@10:32.11	Best:17.39
2024-09-13 15:57:20,341 INFO    : Snapshot:3	2	3	Epoch:12	Loss:19.186	MRR:17.39	Hits@10:32.12	Best:17.39
2024-09-13 15:57:36,584 INFO    : Snapshot:3	0	3	Epoch:13	Loss:19.145	MRR:17.51	Hits@10:32.31	Best:17.51
2024-09-13 15:57:52,889 INFO    : Snapshot:3	1	3	Epoch:14	Loss:19.133	MRR:17.37	Hits@10:32.23	Best:17.51
2024-09-13 15:58:09,092 INFO    : Snapshot:3	2	3	Epoch:15	Loss:19.046	MRR:17.46	Hits@10:32.27	Best:17.51
2024-09-13 15:58:25,220 INFO    : Early Stopping! Snapshot:3 Epoch: 16 Best Results: 17.51
2024-09-13 15:58:25,321 INFO    : => loading checkpoint './checkpoint/HYBRID\3model_best.tar'
2024-09-13 15:58:48,467 INFO    : 
+------------+--------+--------+--------+--------+---------+
| Snapshot:3 |  MRR   | Hits@1 | Hits@3 | Hits@5 | Hits@10 |
+------------+--------+--------+--------+--------+---------+
|     0      | 0.2558 | 0.1548 | 0.3079 | 0.3682 |  0.4392 |
|     1      | 0.2729 | 0.1747 | 0.3131 | 0.3826 |  0.4648 |
|     2      | 0.188  | 0.1137 | 0.2145 | 0.2615 |  0.3325 |
|     3      | 0.1743 | 0.0949 | 0.2079 | 0.2605 |  0.3247 |
+------------+--------+--------+--------+--------+---------+
2024-09-13 15:59:02,044 INFO    : Snapshot:4	0	3	Epoch:0	Loss:15.563	MRR:12.42	Hits@10:22.2	Best:12.42
2024-09-13 15:59:08,391 INFO    : Snapshot:4	0	3	Epoch:1	Loss:12.832	MRR:13.27	Hits@10:23.43	Best:13.27
2024-09-13 15:59:14,787 INFO    : Snapshot:4	0	3	Epoch:2	Loss:12.572	MRR:13.44	Hits@10:23.66	Best:13.44
2024-09-13 15:59:21,115 INFO    : Snapshot:4	0	3	Epoch:3	Loss:12.462	MRR:13.67	Hits@10:23.69	Best:13.67
2024-09-13 15:59:27,391 INFO    : Snapshot:4	0	3	Epoch:4	Loss:12.42	MRR:13.76	Hits@10:24.03	Best:13.76
2024-09-13 15:59:33,680 INFO    : Snapshot:4	1	3	Epoch:5	Loss:12.355	MRR:13.59	Hits@10:23.82	Best:13.76
2024-09-13 15:59:39,905 INFO    : Snapshot:4	2	3	Epoch:6	Loss:12.308	MRR:13.74	Hits@10:24.0	Best:13.76
2024-09-13 15:59:46,186 INFO    : Early Stopping! Snapshot:4 Epoch: 7 Best Results: 13.76
2024-09-13 15:59:46,279 INFO    : => loading checkpoint './checkpoint/HYBRID\4model_best.tar'
2024-09-13 16:00:15,514 INFO    : 
+------------+--------+--------+--------+--------+---------+
| Snapshot:4 |  MRR   | Hits@1 | Hits@3 | Hits@5 | Hits@10 |
+------------+--------+--------+--------+--------+---------+
|     0      | 0.2558 | 0.1548 | 0.3079 | 0.3682 |  0.4392 |
|     1      | 0.2729 | 0.1747 | 0.3131 | 0.3826 |  0.4648 |
|     2      | 0.188  | 0.1137 | 0.2145 | 0.2615 |  0.3325 |
|     3      | 0.1743 | 0.0949 | 0.2079 | 0.2605 |  0.3247 |
|     4      | 0.1353 | 0.083  | 0.1496 | 0.1837 |  0.2364 |
+------------+--------+--------+--------+--------+---------+
2024-09-13 16:00:15,516 INFO    : Final Result:
[+------------+--------+--------+--------+--------+---------+
| Snapshot:0 |  MRR   | Hits@1 | Hits@3 | Hits@5 | Hits@10 |
+------------+--------+--------+--------+--------+---------+
|     0      | 0.2558 | 0.1548 | 0.3079 | 0.3682 |  0.4392 |
+------------+--------+--------+--------+--------+---------+, +------------+--------+--------+--------+--------+---------+
| Snapshot:1 |  MRR   | Hits@1 | Hits@3 | Hits@5 | Hits@10 |
+------------+--------+--------+--------+--------+---------+
|     0      | 0.2558 | 0.1548 | 0.3079 | 0.3682 |  0.4392 |
|     1      | 0.2729 | 0.1747 | 0.3131 | 0.3826 |  0.4648 |
+------------+--------+--------+--------+--------+---------+, +------------+--------+--------+--------+--------+---------+
| Snapshot:2 |  MRR   | Hits@1 | Hits@3 | Hits@5 | Hits@10 |
+------------+--------+--------+--------+--------+---------+
|     0      | 0.2558 | 0.1548 | 0.3079 | 0.3682 |  0.4392 |
|     1      | 0.2729 | 0.1747 | 0.3131 | 0.3826 |  0.4648 |
|     2      | 0.188  | 0.1137 | 0.2145 | 0.2615 |  0.3325 |
+------------+--------+--------+--------+--------+---------+, +------------+--------+--------+--------+--------+---------+
| Snapshot:3 |  MRR   | Hits@1 | Hits@3 | Hits@5 | Hits@10 |
+------------+--------+--------+--------+--------+---------+
|     0      | 0.2558 | 0.1548 | 0.3079 | 0.3682 |  0.4392 |
|     1      | 0.2729 | 0.1747 | 0.3131 | 0.3826 |  0.4648 |
|     2      | 0.188  | 0.1137 | 0.2145 | 0.2615 |  0.3325 |
|     3      | 0.1743 | 0.0949 | 0.2079 | 0.2605 |  0.3247 |
+------------+--------+--------+--------+--------+---------+, +------------+--------+--------+--------+--------+---------+
| Snapshot:4 |  MRR   | Hits@1 | Hits@3 | Hits@5 | Hits@10 |
+------------+--------+--------+--------+--------+---------+
|     0      | 0.2558 | 0.1548 | 0.3079 | 0.3682 |  0.4392 |
|     1      | 0.2729 | 0.1747 | 0.3131 | 0.3826 |  0.4648 |
|     2      | 0.188  | 0.1137 | 0.2145 | 0.2615 |  0.3325 |
|     3      | 0.1743 | 0.0949 | 0.2079 | 0.2605 |  0.3247 |
|     4      | 0.1353 | 0.083  | 0.1496 | 0.1837 |  0.2364 |
+------------+--------+--------+--------+--------+---------+]
2024-09-13 16:00:15,517 INFO    : Report Result:
+----------+--------------------+-----------+--------------+--------------+---------------+
| Snapshot |        Time        | Whole_MRR | Whole_Hits@1 | Whole_Hits@3 | Whole_Hits@10 |
+----------+--------------------+-----------+--------------+--------------+---------------+
|    0     | 40.070836544036865 |   0.256   |    0.155     |    0.308     |     0.439     |
|    1     | 41.10727000236511  |    0.26   |     0.16     |    0.309     |     0.446     |
|    2     | 209.74002242088318 |   0.222   |    0.136     |    0.259     |     0.386     |
|    3     | 274.0845172405243  |   0.204   |     0.12     |     0.24     |     0.363     |
|    4     | 53.11495089530945  |   0.195   |    0.115     |    0.228     |     0.346     |
+----------+--------------------+-----------+--------------+--------------+---------------+
2024-09-13 16:00:15,517 INFO    : Sum_Training_Time:618.1175971031189
2024-09-13 16:00:15,517 INFO    : Every_Training_Time:[40.070836544036865, 41.10727000236511, 209.74002242088318, 274.0845172405243, 53.11495089530945]
2024-09-13 16:00:15,517 INFO    : Forward transfer: 0.036575 Backward transfer: 0.0
