2025-01-14 13:38:09,517 INFO    : Namespace(batch_size=1024, data_path='./data/HYBRID/', dataset='HYBRID', debug=False, device=device(type='cuda', index=0), emb_dim=200, ent_r='200', epoch_num=200, explore=False, gpu='0', l2=0.0, learning_rate='3e-1', log_path='./logs/HYBRID 200 5 3e-1 1024/HYBRID 20250114133802', logger=<RootLogger root (INFO)>, margin=8.0, model_name='LoraKGE_Layers', multi_layers_path='train_sorted_by_edges_betweenness.txt', neg_ratio=10, note='', num_ent_layers='5', num_layer=1, num_rel_layers='1', patience='10', predict_result=False, r=100, r_fixed=True, random_seed=3407, record=False, rel_r='200', save_path='./checkpoint/HYBRID', skip_previous='False', snapshot_num=5, train_new=True, using_multi_layers=False, using_various_ranks='True', using_various_ranks_reverse=False, valid_metrics='mrr')
2025-01-14 13:38:16,984 INFO    : Snapshot:0	0	10	Epoch:0	Loss:41.71	MRR:8.75	Hits@10:20.52	Best:8.75
2025-01-14 13:38:22,389 INFO    : Snapshot:0	0	10	Epoch:1	Loss:28.429	MRR:15.57	Hits@10:30.78	Best:15.57
2025-01-14 13:38:27,816 INFO    : Snapshot:0	0	10	Epoch:2	Loss:18.068	MRR:20.81	Hits@10:37.81	Best:20.81
2025-01-14 13:38:33,016 INFO    : Snapshot:0	0	10	Epoch:3	Loss:10.959	MRR:23.3	Hits@10:41.12	Best:23.3
2025-01-14 13:38:38,311 INFO    : Snapshot:0	0	10	Epoch:4	Loss:6.919	MRR:24.72	Hits@10:42.86	Best:24.72
2025-01-14 13:38:43,814 INFO    : Snapshot:0	0	10	Epoch:5	Loss:4.64	MRR:25.0	Hits@10:43.85	Best:25.0
2025-01-14 13:38:48,960 INFO    : Snapshot:0	0	10	Epoch:6	Loss:3.342	MRR:25.24	Hits@10:44.32	Best:25.24
2025-01-14 13:38:54,126 INFO    : Snapshot:0	1	10	Epoch:7	Loss:2.518	MRR:25.17	Hits@10:44.55	Best:25.24
2025-01-14 13:38:59,277 INFO    : Snapshot:0	0	10	Epoch:8	Loss:2.002	MRR:25.29	Hits@10:44.55	Best:25.29
2025-01-14 13:39:04,445 INFO    : Snapshot:0	1	10	Epoch:9	Loss:1.644	MRR:25.27	Hits@10:44.55	Best:25.29
2025-01-14 13:39:09,564 INFO    : Snapshot:0	2	10	Epoch:10	Loss:1.391	MRR:25.02	Hits@10:44.6	Best:25.29
2025-01-14 13:39:14,746 INFO    : Snapshot:0	3	10	Epoch:11	Loss:1.19	MRR:25.18	Hits@10:44.73	Best:25.29
2025-01-14 13:39:19,951 INFO    : Snapshot:0	4	10	Epoch:12	Loss:1.077	MRR:24.98	Hits@10:44.68	Best:25.29
2025-01-14 13:39:25,141 INFO    : Snapshot:0	5	10	Epoch:13	Loss:0.953	MRR:24.97	Hits@10:44.73	Best:25.29
2025-01-14 13:39:30,287 INFO    : Snapshot:0	6	10	Epoch:14	Loss:0.889	MRR:24.86	Hits@10:44.57	Best:25.29
2025-01-14 13:39:35,572 INFO    : Snapshot:0	7	10	Epoch:15	Loss:0.818	MRR:24.9	Hits@10:44.51	Best:25.29
2025-01-14 13:39:41,100 INFO    : Snapshot:0	8	10	Epoch:16	Loss:0.754	MRR:24.84	Hits@10:44.26	Best:25.29
2025-01-14 13:39:46,408 INFO    : Snapshot:0	9	10	Epoch:17	Loss:0.717	MRR:24.88	Hits@10:44.43	Best:25.29
2025-01-14 13:39:51,597 INFO    : Early Stopping! Snapshot:0 Epoch: 18 Best Results: 25.29
2025-01-14 13:39:51,685 INFO    : => loading checkpoint './checkpoint/HYBRID\0model_best.tar'
2025-01-14 13:39:54,878 INFO    : 
+------------+--------+--------+--------+--------+---------+
| Snapshot:0 |  MRR   | Hits@1 | Hits@3 | Hits@5 | Hits@10 |
+------------+--------+--------+--------+--------+---------+
|     0      | 0.2532 | 0.152  | 0.3054 | 0.3657 |  0.4362 |
+------------+--------+--------+--------+--------+---------+
2025-01-14 13:40:01,125 INFO    : Snapshot:1	0	10	Epoch:0	Loss:6.487	MRR:20.66	Hits@10:35.92	Best:20.66
2025-01-14 13:40:03,276 INFO    : Snapshot:1	0	10	Epoch:1	Loss:3.315	MRR:23.36	Hits@10:40.9	Best:23.36
2025-01-14 13:40:05,507 INFO    : Snapshot:1	0	10	Epoch:2	Loss:2.841	MRR:23.88	Hits@10:42.53	Best:23.88
2025-01-14 13:40:07,709 INFO    : Snapshot:1	0	10	Epoch:3	Loss:2.628	MRR:24.73	Hits@10:43.59	Best:24.73
2025-01-14 13:40:09,876 INFO    : Snapshot:1	0	10	Epoch:4	Loss:2.535	MRR:25.33	Hits@10:43.9	Best:25.33
2025-01-14 13:40:12,042 INFO    : Snapshot:1	1	10	Epoch:5	Loss:2.434	MRR:25.19	Hits@10:44.18	Best:25.33
2025-01-14 13:40:14,288 INFO    : Snapshot:1	0	10	Epoch:6	Loss:2.371	MRR:25.45	Hits@10:44.3	Best:25.45
2025-01-14 13:40:16,492 INFO    : Snapshot:1	0	10	Epoch:7	Loss:2.34	MRR:25.74	Hits@10:44.8	Best:25.74
2025-01-14 13:40:18,692 INFO    : Snapshot:1	1	10	Epoch:8	Loss:2.307	MRR:25.59	Hits@10:44.85	Best:25.74
2025-01-14 13:40:20,924 INFO    : Snapshot:1	2	10	Epoch:9	Loss:2.278	MRR:25.48	Hits@10:45.07	Best:25.74
2025-01-14 13:40:23,143 INFO    : Snapshot:1	0	10	Epoch:10	Loss:2.237	MRR:26.02	Hits@10:45.25	Best:26.02
2025-01-14 13:40:25,390 INFO    : Snapshot:1	1	10	Epoch:11	Loss:2.237	MRR:25.37	Hits@10:45.13	Best:26.02
2025-01-14 13:40:27,640 INFO    : Snapshot:1	0	10	Epoch:12	Loss:2.215	MRR:26.14	Hits@10:45.28	Best:26.14
2025-01-14 13:40:29,860 INFO    : Snapshot:1	1	10	Epoch:13	Loss:2.194	MRR:25.79	Hits@10:45.08	Best:26.14
2025-01-14 13:40:32,098 INFO    : Snapshot:1	0	10	Epoch:14	Loss:2.185	MRR:26.25	Hits@10:45.34	Best:26.25
2025-01-14 13:40:34,318 INFO    : Snapshot:1	1	10	Epoch:15	Loss:2.175	MRR:25.94	Hits@10:45.2	Best:26.25
2025-01-14 13:40:36,544 INFO    : Snapshot:1	2	10	Epoch:16	Loss:2.152	MRR:26.19	Hits@10:45.58	Best:26.25
2025-01-14 13:40:38,761 INFO    : Snapshot:1	3	10	Epoch:17	Loss:2.168	MRR:26.02	Hits@10:45.6	Best:26.25
2025-01-14 13:40:40,978 INFO    : Snapshot:1	0	10	Epoch:18	Loss:2.139	MRR:26.38	Hits@10:45.6	Best:26.38
2025-01-14 13:40:43,179 INFO    : Snapshot:1	1	10	Epoch:19	Loss:2.143	MRR:26.38	Hits@10:45.58	Best:26.38
2025-01-14 13:40:45,381 INFO    : Snapshot:1	0	10	Epoch:20	Loss:2.147	MRR:26.68	Hits@10:45.89	Best:26.68
2025-01-14 13:40:47,627 INFO    : Snapshot:1	1	10	Epoch:21	Loss:2.119	MRR:26.28	Hits@10:45.84	Best:26.68
2025-01-14 13:40:49,783 INFO    : Snapshot:1	2	10	Epoch:22	Loss:2.116	MRR:26.36	Hits@10:45.57	Best:26.68
2025-01-14 13:40:51,981 INFO    : Snapshot:1	0	10	Epoch:23	Loss:2.125	MRR:27.01	Hits@10:45.56	Best:27.01
2025-01-14 13:40:54,212 INFO    : Snapshot:1	1	10	Epoch:24	Loss:2.104	MRR:26.66	Hits@10:45.64	Best:27.01
2025-01-14 13:40:56,413 INFO    : Snapshot:1	2	10	Epoch:25	Loss:2.103	MRR:26.75	Hits@10:45.83	Best:27.01
2025-01-14 13:40:58,581 INFO    : Snapshot:1	3	10	Epoch:26	Loss:2.106	MRR:26.22	Hits@10:45.74	Best:27.01
2025-01-14 13:41:00,809 INFO    : Snapshot:1	4	10	Epoch:27	Loss:2.084	MRR:26.45	Hits@10:45.64	Best:27.01
2025-01-14 13:41:03,008 INFO    : Snapshot:1	5	10	Epoch:28	Loss:2.085	MRR:26.97	Hits@10:46.07	Best:27.01
2025-01-14 13:41:05,192 INFO    : Snapshot:1	6	10	Epoch:29	Loss:2.079	MRR:26.35	Hits@10:45.78	Best:27.01
2025-01-14 13:41:07,391 INFO    : Snapshot:1	7	10	Epoch:30	Loss:2.087	MRR:26.82	Hits@10:45.98	Best:27.01
2025-01-14 13:41:09,609 INFO    : Snapshot:1	8	10	Epoch:31	Loss:2.07	MRR:26.67	Hits@10:46.02	Best:27.01
2025-01-14 13:41:11,949 INFO    : Snapshot:1	9	10	Epoch:32	Loss:2.08	MRR:26.89	Hits@10:46.08	Best:27.01
2025-01-14 13:41:14,144 INFO    : Early Stopping! Snapshot:1 Epoch: 33 Best Results: 27.01
2025-01-14 13:41:14,243 INFO    : => loading checkpoint './checkpoint/HYBRID\1model_best.tar'
2025-01-14 13:41:19,221 INFO    : 
+------------+--------+--------+--------+--------+---------+
| Snapshot:1 |  MRR   | Hits@1 | Hits@3 | Hits@5 | Hits@10 |
+------------+--------+--------+--------+--------+---------+
|     0      | 0.2532 | 0.152  | 0.3054 | 0.3657 |  0.4362 |
|     1      | 0.2635 | 0.1689 | 0.2974 | 0.3641 |  0.4508 |
+------------+--------+--------+--------+--------+---------+
2025-01-14 13:41:40,959 INFO    : Snapshot:2	0	10	Epoch:0	Loss:20.939	MRR:15.19	Hits@10:27.47	Best:15.19
2025-01-14 13:41:52,396 INFO    : Snapshot:2	0	10	Epoch:1	Loss:14.382	MRR:16.0	Hits@10:29.06	Best:16.0
2025-01-14 13:42:03,909 INFO    : Snapshot:2	0	10	Epoch:2	Loss:13.444	MRR:16.32	Hits@10:29.9	Best:16.32
2025-01-14 13:42:15,993 INFO    : Snapshot:2	0	10	Epoch:3	Loss:13.015	MRR:16.85	Hits@10:30.75	Best:16.85
2025-01-14 13:42:28,210 INFO    : Snapshot:2	0	10	Epoch:4	Loss:12.665	MRR:17.04	Hits@10:30.9	Best:17.04
2025-01-14 13:42:40,810 INFO    : Snapshot:2	0	10	Epoch:5	Loss:12.476	MRR:17.58	Hits@10:31.3	Best:17.58
2025-01-14 13:42:52,974 INFO    : Snapshot:2	0	10	Epoch:6	Loss:12.316	MRR:17.63	Hits@10:31.62	Best:17.63
2025-01-14 13:43:05,543 INFO    : Snapshot:2	0	10	Epoch:7	Loss:12.16	MRR:17.66	Hits@10:31.64	Best:17.66
2025-01-14 13:43:17,880 INFO    : Snapshot:2	1	10	Epoch:8	Loss:12.08	MRR:17.66	Hits@10:31.88	Best:17.66
2025-01-14 13:43:29,549 INFO    : Snapshot:2	0	10	Epoch:9	Loss:11.995	MRR:17.8	Hits@10:32.15	Best:17.8
2025-01-14 13:43:41,133 INFO    : Snapshot:2	0	10	Epoch:10	Loss:11.956	MRR:18.0	Hits@10:32.02	Best:18.0
2025-01-14 13:43:52,783 INFO    : Snapshot:2	1	10	Epoch:11	Loss:11.898	MRR:17.82	Hits@10:31.97	Best:18.0
2025-01-14 13:44:04,564 INFO    : Snapshot:2	2	10	Epoch:12	Loss:11.816	MRR:17.95	Hits@10:32.04	Best:18.0
2025-01-14 13:44:16,443 INFO    : Snapshot:2	0	10	Epoch:13	Loss:11.784	MRR:18.4	Hits@10:32.33	Best:18.4
2025-01-14 13:44:28,378 INFO    : Snapshot:2	1	10	Epoch:14	Loss:11.774	MRR:18.18	Hits@10:32.14	Best:18.4
2025-01-14 13:44:40,460 INFO    : Snapshot:2	2	10	Epoch:15	Loss:11.685	MRR:18.12	Hits@10:32.36	Best:18.4
2025-01-14 13:44:52,188 INFO    : Snapshot:2	3	10	Epoch:16	Loss:11.681	MRR:18.24	Hits@10:32.24	Best:18.4
2025-01-14 13:45:03,971 INFO    : Snapshot:2	4	10	Epoch:17	Loss:11.655	MRR:18.15	Hits@10:32.32	Best:18.4
2025-01-14 13:45:15,838 INFO    : Snapshot:2	5	10	Epoch:18	Loss:11.628	MRR:18.32	Hits@10:32.15	Best:18.4
2025-01-14 13:45:28,555 INFO    : Snapshot:2	6	10	Epoch:19	Loss:11.6	MRR:18.13	Hits@10:32.48	Best:18.4
2025-01-14 13:45:40,686 INFO    : Snapshot:2	7	10	Epoch:20	Loss:11.602	MRR:18.23	Hits@10:32.52	Best:18.4
2025-01-14 13:45:53,329 INFO    : Snapshot:2	8	10	Epoch:21	Loss:11.556	MRR:18.28	Hits@10:32.38	Best:18.4
2025-01-14 13:46:05,701 INFO    : Snapshot:2	0	10	Epoch:22	Loss:11.533	MRR:18.41	Hits@10:32.63	Best:18.41
2025-01-14 13:46:17,863 INFO    : Snapshot:2	1	10	Epoch:23	Loss:11.523	MRR:18.18	Hits@10:32.47	Best:18.41
2025-01-14 13:46:30,155 INFO    : Snapshot:2	2	10	Epoch:24	Loss:11.489	MRR:18.27	Hits@10:32.54	Best:18.41
2025-01-14 13:46:42,362 INFO    : Snapshot:2	3	10	Epoch:25	Loss:11.523	MRR:18.37	Hits@10:32.59	Best:18.41
2025-01-14 13:46:54,254 INFO    : Snapshot:2	4	10	Epoch:26	Loss:11.491	MRR:18.35	Hits@10:32.51	Best:18.41
2025-01-14 13:47:05,828 INFO    : Snapshot:2	5	10	Epoch:27	Loss:11.497	MRR:18.2	Hits@10:32.71	Best:18.41
2025-01-14 13:47:17,546 INFO    : Snapshot:2	6	10	Epoch:28	Loss:11.506	MRR:18.36	Hits@10:32.5	Best:18.41
2025-01-14 13:47:29,400 INFO    : Snapshot:2	0	10	Epoch:29	Loss:11.46	MRR:18.53	Hits@10:32.76	Best:18.53
2025-01-14 13:47:41,250 INFO    : Snapshot:2	1	10	Epoch:30	Loss:11.422	MRR:18.47	Hits@10:32.6	Best:18.53
2025-01-14 13:47:52,806 INFO    : Snapshot:2	0	10	Epoch:31	Loss:11.457	MRR:18.54	Hits@10:32.45	Best:18.54
2025-01-14 13:48:05,040 INFO    : Snapshot:2	1	10	Epoch:32	Loss:11.439	MRR:18.45	Hits@10:32.82	Best:18.54
2025-01-14 13:48:17,383 INFO    : Snapshot:2	0	10	Epoch:33	Loss:11.421	MRR:18.74	Hits@10:33.01	Best:18.74
2025-01-14 13:48:29,828 INFO    : Snapshot:2	1	10	Epoch:34	Loss:11.426	MRR:18.48	Hits@10:32.62	Best:18.74
2025-01-14 13:48:42,167 INFO    : Snapshot:2	2	10	Epoch:35	Loss:11.365	MRR:18.45	Hits@10:32.75	Best:18.74
2025-01-14 13:48:54,493 INFO    : Snapshot:2	3	10	Epoch:36	Loss:11.372	MRR:18.59	Hits@10:32.7	Best:18.74
2025-01-14 13:49:06,256 INFO    : Snapshot:2	4	10	Epoch:37	Loss:11.373	MRR:18.52	Hits@10:32.76	Best:18.74
2025-01-14 13:49:17,979 INFO    : Snapshot:2	5	10	Epoch:38	Loss:11.37	MRR:18.55	Hits@10:32.91	Best:18.74
2025-01-14 13:49:30,133 INFO    : Snapshot:2	6	10	Epoch:39	Loss:11.38	MRR:18.38	Hits@10:32.85	Best:18.74
2025-01-14 13:49:42,209 INFO    : Snapshot:2	7	10	Epoch:40	Loss:11.372	MRR:18.58	Hits@10:32.85	Best:18.74
2025-01-14 13:49:54,603 INFO    : Snapshot:2	8	10	Epoch:41	Loss:11.345	MRR:18.33	Hits@10:32.62	Best:18.74
2025-01-14 13:50:06,975 INFO    : Snapshot:2	9	10	Epoch:42	Loss:11.354	MRR:18.5	Hits@10:32.72	Best:18.74
2025-01-14 13:50:19,111 INFO    : Early Stopping! Snapshot:2 Epoch: 43 Best Results: 18.74
2025-01-14 13:50:19,215 INFO    : => loading checkpoint './checkpoint/HYBRID\2model_best.tar'
2025-01-14 13:50:32,096 INFO    : 
+------------+--------+--------+--------+--------+---------+
| Snapshot:2 |  MRR   | Hits@1 | Hits@3 | Hits@5 | Hits@10 |
+------------+--------+--------+--------+--------+---------+
|     0      | 0.2532 | 0.152  | 0.3054 | 0.3657 |  0.4362 |
|     1      | 0.2635 | 0.1689 | 0.2974 | 0.3641 |  0.4508 |
|     2      | 0.1856 | 0.1138 | 0.2069 | 0.2579 |  0.326  |
+------------+--------+--------+--------+--------+---------+
2025-01-14 13:51:01,519 INFO    : Snapshot:3	0	10	Epoch:0	Loss:23.617	MRR:14.75	Hits@10:27.58	Best:14.75
2025-01-14 13:51:17,570 INFO    : Snapshot:3	0	10	Epoch:1	Loss:18.359	MRR:15.45	Hits@10:28.84	Best:15.45
2025-01-14 13:51:33,690 INFO    : Snapshot:3	0	10	Epoch:2	Loss:17.754	MRR:15.85	Hits@10:29.45	Best:15.85
2025-01-14 13:51:50,041 INFO    : Snapshot:3	0	10	Epoch:3	Loss:17.439	MRR:16.22	Hits@10:29.77	Best:16.22
2025-01-14 13:52:05,678 INFO    : Snapshot:3	0	10	Epoch:4	Loss:17.2	MRR:16.27	Hits@10:30.2	Best:16.27
2025-01-14 13:52:21,560 INFO    : Snapshot:3	0	10	Epoch:5	Loss:17.081	MRR:16.61	Hits@10:30.36	Best:16.61
2025-01-14 13:52:37,663 INFO    : Snapshot:3	1	10	Epoch:6	Loss:16.924	MRR:16.48	Hits@10:30.58	Best:16.61
2025-01-14 13:52:53,648 INFO    : Snapshot:3	0	10	Epoch:7	Loss:16.888	MRR:16.79	Hits@10:30.59	Best:16.79
2025-01-14 13:53:09,683 INFO    : Snapshot:3	1	10	Epoch:8	Loss:16.79	MRR:16.67	Hits@10:30.7	Best:16.79
2025-01-14 13:53:25,677 INFO    : Snapshot:3	0	10	Epoch:9	Loss:16.738	MRR:16.97	Hits@10:30.93	Best:16.97
2025-01-14 13:53:41,919 INFO    : Snapshot:3	1	10	Epoch:10	Loss:16.662	MRR:16.88	Hits@10:30.96	Best:16.97
2025-01-14 13:53:58,304 INFO    : Snapshot:3	2	10	Epoch:11	Loss:16.599	MRR:16.86	Hits@10:30.95	Best:16.97
2025-01-14 13:54:14,383 INFO    : Snapshot:3	3	10	Epoch:12	Loss:16.571	MRR:16.96	Hits@10:31.02	Best:16.97
2025-01-14 13:54:30,220 INFO    : Snapshot:3	0	10	Epoch:13	Loss:16.559	MRR:17.01	Hits@10:31.02	Best:17.01
2025-01-14 13:54:45,566 INFO    : Snapshot:3	1	10	Epoch:14	Loss:16.531	MRR:16.95	Hits@10:31.06	Best:17.01
2025-01-14 13:55:00,821 INFO    : Snapshot:3	2	10	Epoch:15	Loss:16.457	MRR:17.01	Hits@10:31.04	Best:17.01
2025-01-14 13:55:16,321 INFO    : Snapshot:3	3	10	Epoch:16	Loss:16.492	MRR:17.01	Hits@10:30.97	Best:17.01
2025-01-14 13:55:31,399 INFO    : Snapshot:3	0	10	Epoch:17	Loss:16.412	MRR:17.03	Hits@10:31.09	Best:17.03
2025-01-14 13:55:46,579 INFO    : Snapshot:3	0	10	Epoch:18	Loss:16.388	MRR:17.18	Hits@10:31.08	Best:17.18
2025-01-14 13:56:01,634 INFO    : Snapshot:3	1	10	Epoch:19	Loss:16.391	MRR:17.16	Hits@10:31.34	Best:17.18
2025-01-14 13:56:16,844 INFO    : Snapshot:3	2	10	Epoch:20	Loss:16.362	MRR:17.09	Hits@10:31.19	Best:17.18
2025-01-14 13:56:31,978 INFO    : Snapshot:3	3	10	Epoch:21	Loss:16.336	MRR:17.03	Hits@10:31.14	Best:17.18
2025-01-14 13:56:47,116 INFO    : Snapshot:3	4	10	Epoch:22	Loss:16.338	MRR:17.18	Hits@10:31.06	Best:17.18
2025-01-14 13:57:02,259 INFO    : Snapshot:3	5	10	Epoch:23	Loss:16.287	MRR:17.14	Hits@10:31.23	Best:17.18
2025-01-14 13:57:17,531 INFO    : Snapshot:3	0	10	Epoch:24	Loss:16.276	MRR:17.23	Hits@10:31.14	Best:17.23
2025-01-14 13:57:32,905 INFO    : Snapshot:3	1	10	Epoch:25	Loss:16.292	MRR:17.16	Hits@10:31.27	Best:17.23
2025-01-14 13:57:48,282 INFO    : Snapshot:3	2	10	Epoch:26	Loss:16.329	MRR:17.22	Hits@10:31.22	Best:17.23
2025-01-14 13:58:03,461 INFO    : Snapshot:3	3	10	Epoch:27	Loss:16.261	MRR:17.04	Hits@10:30.97	Best:17.23
2025-01-14 13:58:18,708 INFO    : Snapshot:3	4	10	Epoch:28	Loss:16.295	MRR:17.06	Hits@10:31.14	Best:17.23
2025-01-14 13:58:33,993 INFO    : Snapshot:3	5	10	Epoch:29	Loss:16.263	MRR:17.2	Hits@10:31.23	Best:17.23
2025-01-14 13:58:49,297 INFO    : Snapshot:3	6	10	Epoch:30	Loss:16.202	MRR:17.18	Hits@10:31.22	Best:17.23
2025-01-14 13:59:04,587 INFO    : Snapshot:3	7	10	Epoch:31	Loss:16.263	MRR:17.15	Hits@10:31.19	Best:17.23
2025-01-14 13:59:19,922 INFO    : Snapshot:3	0	10	Epoch:32	Loss:16.275	MRR:17.26	Hits@10:31.39	Best:17.26
2025-01-14 13:59:35,307 INFO    : Snapshot:3	1	10	Epoch:33	Loss:16.267	MRR:17.25	Hits@10:31.14	Best:17.26
2025-01-14 13:59:50,516 INFO    : Snapshot:3	0	10	Epoch:34	Loss:16.215	MRR:17.29	Hits@10:31.19	Best:17.29
2025-01-14 14:00:06,026 INFO    : Snapshot:3	1	10	Epoch:35	Loss:16.194	MRR:17.23	Hits@10:31.25	Best:17.29
2025-01-14 14:00:21,377 INFO    : Snapshot:3	2	10	Epoch:36	Loss:16.169	MRR:17.29	Hits@10:31.36	Best:17.29
2025-01-14 14:00:36,764 INFO    : Snapshot:3	0	10	Epoch:37	Loss:16.205	MRR:17.31	Hits@10:31.32	Best:17.31
2025-01-14 14:00:52,178 INFO    : Snapshot:3	1	10	Epoch:38	Loss:16.173	MRR:17.31	Hits@10:31.29	Best:17.31
2025-01-14 14:01:07,589 INFO    : Snapshot:3	2	10	Epoch:39	Loss:16.158	MRR:17.25	Hits@10:31.18	Best:17.31
2025-01-14 14:01:23,019 INFO    : Snapshot:3	3	10	Epoch:40	Loss:16.144	MRR:17.26	Hits@10:31.14	Best:17.31
2025-01-14 14:01:38,187 INFO    : Snapshot:3	4	10	Epoch:41	Loss:16.146	MRR:17.26	Hits@10:31.35	Best:17.31
2025-01-14 14:01:53,426 INFO    : Snapshot:3	5	10	Epoch:42	Loss:16.169	MRR:17.25	Hits@10:31.15	Best:17.31
2025-01-14 14:02:08,561 INFO    : Snapshot:3	6	10	Epoch:43	Loss:16.135	MRR:17.26	Hits@10:31.35	Best:17.31
2025-01-14 14:02:23,928 INFO    : Snapshot:3	7	10	Epoch:44	Loss:16.116	MRR:17.24	Hits@10:31.22	Best:17.31
2025-01-14 14:02:39,318 INFO    : Snapshot:3	8	10	Epoch:45	Loss:16.108	MRR:17.23	Hits@10:31.2	Best:17.31
2025-01-14 14:02:54,971 INFO    : Snapshot:3	9	10	Epoch:46	Loss:16.13	MRR:17.31	Hits@10:31.34	Best:17.31
2025-01-14 14:03:10,888 INFO    : Early Stopping! Snapshot:3 Epoch: 47 Best Results: 17.31
2025-01-14 14:03:10,990 INFO    : => loading checkpoint './checkpoint/HYBRID\3model_best.tar'
2025-01-14 14:03:34,746 INFO    : 
+------------+--------+--------+--------+--------+---------+
| Snapshot:3 |  MRR   | Hits@1 | Hits@3 | Hits@5 | Hits@10 |
+------------+--------+--------+--------+--------+---------+
|     0      | 0.2532 | 0.152  | 0.3054 | 0.3657 |  0.4362 |
|     1      | 0.2635 | 0.1689 | 0.2974 | 0.3641 |  0.4508 |
|     2      | 0.1856 | 0.1138 | 0.2069 | 0.2579 |  0.326  |
|     3      | 0.173  | 0.0974 | 0.2029 | 0.253  |  0.3151 |
+------------+--------+--------+--------+--------+---------+
2025-01-14 14:03:48,888 INFO    : Snapshot:4	0	10	Epoch:0	Loss:11.836	MRR:15.19	Hits@10:24.09	Best:15.19
2025-01-14 14:03:55,062 INFO    : Snapshot:4	0	10	Epoch:1	Loss:10.47	MRR:15.36	Hits@10:24.37	Best:15.36
2025-01-14 14:04:01,114 INFO    : Snapshot:4	1	10	Epoch:2	Loss:10.432	MRR:15.34	Hits@10:24.37	Best:15.36
2025-01-14 14:04:07,285 INFO    : Snapshot:4	2	10	Epoch:3	Loss:10.372	MRR:15.33	Hits@10:24.27	Best:15.36
2025-01-14 14:04:13,363 INFO    : Snapshot:4	3	10	Epoch:4	Loss:10.373	MRR:15.32	Hits@10:24.24	Best:15.36
2025-01-14 14:04:19,652 INFO    : Snapshot:4	4	10	Epoch:5	Loss:10.33	MRR:15.29	Hits@10:24.22	Best:15.36
2025-01-14 14:04:26,505 INFO    : Snapshot:4	0	10	Epoch:6	Loss:10.305	MRR:15.41	Hits@10:24.42	Best:15.41
2025-01-14 14:04:33,376 INFO    : Snapshot:4	0	10	Epoch:7	Loss:10.294	MRR:15.46	Hits@10:24.39	Best:15.46
2025-01-14 14:04:40,016 INFO    : Snapshot:4	0	10	Epoch:8	Loss:10.273	MRR:15.49	Hits@10:24.36	Best:15.49
2025-01-14 14:04:46,152 INFO    : Snapshot:4	1	10	Epoch:9	Loss:10.307	MRR:15.49	Hits@10:24.32	Best:15.49
2025-01-14 14:04:52,761 INFO    : Snapshot:4	2	10	Epoch:10	Loss:10.272	MRR:15.45	Hits@10:24.42	Best:15.49
2025-01-14 14:04:59,264 INFO    : Snapshot:4	0	10	Epoch:11	Loss:10.277	MRR:15.51	Hits@10:24.53	Best:15.51
2025-01-14 14:05:05,096 INFO    : Snapshot:4	1	10	Epoch:12	Loss:10.275	MRR:15.5	Hits@10:24.49	Best:15.51
2025-01-14 14:05:10,910 INFO    : Snapshot:4	0	10	Epoch:13	Loss:10.269	MRR:15.58	Hits@10:24.44	Best:15.58
2025-01-14 14:05:16,844 INFO    : Snapshot:4	0	10	Epoch:14	Loss:10.228	MRR:15.6	Hits@10:24.37	Best:15.6
2025-01-14 14:05:22,956 INFO    : Snapshot:4	1	10	Epoch:15	Loss:10.233	MRR:15.46	Hits@10:24.28	Best:15.6
2025-01-14 14:05:28,992 INFO    : Snapshot:4	2	10	Epoch:16	Loss:10.272	MRR:15.5	Hits@10:24.36	Best:15.6
2025-01-14 14:05:35,753 INFO    : Snapshot:4	3	10	Epoch:17	Loss:10.238	MRR:15.57	Hits@10:24.49	Best:15.6
2025-01-14 14:05:42,530 INFO    : Snapshot:4	4	10	Epoch:18	Loss:10.249	MRR:15.48	Hits@10:24.45	Best:15.6
2025-01-14 14:05:49,516 INFO    : Snapshot:4	5	10	Epoch:19	Loss:10.246	MRR:15.52	Hits@10:24.46	Best:15.6
2025-01-14 14:05:56,478 INFO    : Snapshot:4	0	10	Epoch:20	Loss:10.257	MRR:15.63	Hits@10:24.48	Best:15.63
2025-01-14 14:06:02,953 INFO    : Snapshot:4	1	10	Epoch:21	Loss:10.271	MRR:15.61	Hits@10:24.54	Best:15.63
2025-01-14 14:06:09,904 INFO    : Snapshot:4	2	10	Epoch:22	Loss:10.233	MRR:15.51	Hits@10:24.46	Best:15.63
2025-01-14 14:06:16,931 INFO    : Snapshot:4	3	10	Epoch:23	Loss:10.267	MRR:15.62	Hits@10:24.5	Best:15.63
2025-01-14 14:06:24,300 INFO    : Snapshot:4	4	10	Epoch:24	Loss:10.239	MRR:15.54	Hits@10:24.46	Best:15.63
2025-01-14 14:06:31,196 INFO    : Snapshot:4	5	10	Epoch:25	Loss:10.243	MRR:15.56	Hits@10:24.47	Best:15.63
2025-01-14 14:06:38,002 INFO    : Snapshot:4	6	10	Epoch:26	Loss:10.265	MRR:15.61	Hits@10:24.5	Best:15.63
2025-01-14 14:06:44,931 INFO    : Snapshot:4	7	10	Epoch:27	Loss:10.254	MRR:15.61	Hits@10:24.37	Best:15.63
2025-01-14 14:06:51,695 INFO    : Snapshot:4	8	10	Epoch:28	Loss:10.212	MRR:15.57	Hits@10:24.39	Best:15.63
2025-01-14 14:06:57,908 INFO    : Snapshot:4	9	10	Epoch:29	Loss:10.217	MRR:15.5	Hits@10:24.46	Best:15.63
2025-01-14 14:07:04,063 INFO    : Early Stopping! Snapshot:4 Epoch: 30 Best Results: 15.63
2025-01-14 14:07:04,183 INFO    : => loading checkpoint './checkpoint/HYBRID\4model_best.tar'
2025-01-14 14:07:34,043 INFO    : 
+------------+--------+--------+--------+--------+---------+
| Snapshot:4 |  MRR   | Hits@1 | Hits@3 | Hits@5 | Hits@10 |
+------------+--------+--------+--------+--------+---------+
|     0      | 0.2532 | 0.152  | 0.3054 | 0.3657 |  0.4362 |
|     1      | 0.2635 | 0.1689 | 0.2974 | 0.3641 |  0.4508 |
|     2      | 0.1856 | 0.1138 | 0.2069 | 0.2579 |  0.326  |
|     3      | 0.173  | 0.0974 | 0.2029 | 0.253  |  0.3151 |
|     4      | 0.1568 | 0.1085 | 0.1692 | 0.2016 |  0.2476 |
+------------+--------+--------+--------+--------+---------+
2025-01-14 14:07:34,043 INFO    : Final Result:
[+------------+--------+--------+--------+--------+---------+
| Snapshot:0 |  MRR   | Hits@1 | Hits@3 | Hits@5 | Hits@10 |
+------------+--------+--------+--------+--------+---------+
|     0      | 0.2532 | 0.152  | 0.3054 | 0.3657 |  0.4362 |
+------------+--------+--------+--------+--------+---------+, +------------+--------+--------+--------+--------+---------+
| Snapshot:1 |  MRR   | Hits@1 | Hits@3 | Hits@5 | Hits@10 |
+------------+--------+--------+--------+--------+---------+
|     0      | 0.2532 | 0.152  | 0.3054 | 0.3657 |  0.4362 |
|     1      | 0.2635 | 0.1689 | 0.2974 | 0.3641 |  0.4508 |
+------------+--------+--------+--------+--------+---------+, +------------+--------+--------+--------+--------+---------+
| Snapshot:2 |  MRR   | Hits@1 | Hits@3 | Hits@5 | Hits@10 |
+------------+--------+--------+--------+--------+---------+
|     0      | 0.2532 | 0.152  | 0.3054 | 0.3657 |  0.4362 |
|     1      | 0.2635 | 0.1689 | 0.2974 | 0.3641 |  0.4508 |
|     2      | 0.1856 | 0.1138 | 0.2069 | 0.2579 |  0.326  |
+------------+--------+--------+--------+--------+---------+, +------------+--------+--------+--------+--------+---------+
| Snapshot:3 |  MRR   | Hits@1 | Hits@3 | Hits@5 | Hits@10 |
+------------+--------+--------+--------+--------+---------+
|     0      | 0.2532 | 0.152  | 0.3054 | 0.3657 |  0.4362 |
|     1      | 0.2635 | 0.1689 | 0.2974 | 0.3641 |  0.4508 |
|     2      | 0.1856 | 0.1138 | 0.2069 | 0.2579 |  0.326  |
|     3      | 0.173  | 0.0974 | 0.2029 | 0.253  |  0.3151 |
+------------+--------+--------+--------+--------+---------+, +------------+--------+--------+--------+--------+---------+
| Snapshot:4 |  MRR   | Hits@1 | Hits@3 | Hits@5 | Hits@10 |
+------------+--------+--------+--------+--------+---------+
|     0      | 0.2532 | 0.152  | 0.3054 | 0.3657 |  0.4362 |
|     1      | 0.2635 | 0.1689 | 0.2974 | 0.3641 |  0.4508 |
|     2      | 0.1856 | 0.1138 | 0.2069 | 0.2579 |  0.326  |
|     3      | 0.173  | 0.0974 | 0.2029 | 0.253  |  0.3151 |
|     4      | 0.1568 | 0.1085 | 0.1692 | 0.2016 |  0.2476 |
+------------+--------+--------+--------+--------+---------+]
2025-01-14 14:07:34,043 INFO    : Report Result:
+----------+--------------------+-----------+--------------+--------------+---------------+
| Snapshot |        Time        | Whole_MRR | Whole_Hits@1 | Whole_Hits@3 | Whole_Hits@10 |
+----------+--------------------+-----------+--------------+--------------+---------------+
|    0     | 102.07959389686584 |   0.253   |    0.152     |    0.305     |     0.436     |
|    1     | 77.39801001548767  |   0.256   |    0.156     |    0.303     |      0.44     |
|    2     | 532.6307406425476  |   0.219   |    0.134     |    0.252     |      0.38     |
|    3     | 748.0838012695312  |   0.201   |     0.12     |    0.233     |     0.355     |
|    4     | 203.6239686012268  |   0.195   |    0.118     |    0.225     |     0.341     |
+----------+--------------------+-----------+--------------+--------------+---------------+
2025-01-14 14:07:34,043 INFO    : Sum_Training_Time:1663.8161144256592
2025-01-14 14:07:34,043 INFO    : Every_Training_Time:[102.07959389686584, 77.39801001548767, 532.6307406425476, 748.0838012695312, 203.6239686012268]
2025-01-14 14:07:34,043 INFO    : Forward transfer: 0.034725 Backward transfer: 0.0
