2025-01-13 18:01:48,711 INFO    : Namespace(batch_size=1024, data_path='./data/ENTITY/', dataset='ENTITY', debug=False, device=device(type='cuda', index=0), emb_dim=200, ent_r='200', epoch_num=200, explore=False, gpu='0', l2=0.0, learning_rate='3e-1', log_path='./logs/ENTITY 200 2 3e-1 1024/ENTITY 20250113180140', logger=<RootLogger root (INFO)>, margin=8.0, model_name='LoraKGE_Layers', multi_layers_path='train_sorted_by_edges_betweenness.txt', neg_ratio=10, note='', num_ent_layers='2', num_layer=1, num_rel_layers='1', patience='10', predict_result=False, r=100, r_fixed=True, random_seed=3407, record=False, rel_r='200', save_path='./checkpoint/ENTITY', skip_previous='False', snapshot_num=5, train_new=True, using_multi_layers=False, using_various_ranks='True', using_various_ranks_reverse=False, valid_metrics='mrr')
2025-01-13 18:01:53,617 INFO    : Snapshot:0	0	10	Epoch:0	Loss:35.288	MRR:9.73	Hits@10:23.32	Best:9.73
2025-01-13 18:01:56,600 INFO    : Snapshot:0	0	10	Epoch:1	Loss:24.605	MRR:18.0	Hits@10:39.98	Best:18.0
2025-01-13 18:01:59,426 INFO    : Snapshot:0	0	10	Epoch:2	Loss:14.488	MRR:26.48	Hits@10:48.81	Best:26.48
2025-01-13 18:02:02,346 INFO    : Snapshot:0	0	10	Epoch:3	Loss:7.616	MRR:30.42	Hits@10:52.54	Best:30.42
2025-01-13 18:02:05,326 INFO    : Snapshot:0	0	10	Epoch:4	Loss:4.185	MRR:31.77	Hits@10:54.22	Best:31.77
2025-01-13 18:02:08,292 INFO    : Snapshot:0	0	10	Epoch:5	Loss:2.558	MRR:32.23	Hits@10:54.56	Best:32.23
2025-01-13 18:02:11,254 INFO    : Snapshot:0	0	10	Epoch:6	Loss:1.777	MRR:32.38	Hits@10:55.02	Best:32.38
2025-01-13 18:02:14,306 INFO    : Snapshot:0	0	10	Epoch:7	Loss:1.364	MRR:32.49	Hits@10:54.98	Best:32.49
2025-01-13 18:02:17,411 INFO    : Snapshot:0	0	10	Epoch:8	Loss:1.111	MRR:32.5	Hits@10:54.8	Best:32.5
2025-01-13 18:02:20,583 INFO    : Snapshot:0	1	10	Epoch:9	Loss:0.952	MRR:32.38	Hits@10:54.79	Best:32.5
2025-01-13 18:02:23,628 INFO    : Snapshot:0	2	10	Epoch:10	Loss:0.832	MRR:32.24	Hits@10:55.01	Best:32.5
2025-01-13 18:02:26,722 INFO    : Snapshot:0	3	10	Epoch:11	Loss:0.751	MRR:32.06	Hits@10:54.93	Best:32.5
2025-01-13 18:02:29,769 INFO    : Snapshot:0	4	10	Epoch:12	Loss:0.706	MRR:32.44	Hits@10:55.13	Best:32.5
2025-01-13 18:02:32,829 INFO    : Snapshot:0	5	10	Epoch:13	Loss:0.657	MRR:31.97	Hits@10:54.45	Best:32.5
2025-01-13 18:02:35,812 INFO    : Snapshot:0	6	10	Epoch:14	Loss:0.611	MRR:32.29	Hits@10:54.73	Best:32.5
2025-01-13 18:02:38,856 INFO    : Snapshot:0	7	10	Epoch:15	Loss:0.594	MRR:31.89	Hits@10:54.33	Best:32.5
2025-01-13 18:02:41,866 INFO    : Snapshot:0	8	10	Epoch:16	Loss:0.545	MRR:31.82	Hits@10:54.37	Best:32.5
2025-01-13 18:02:44,917 INFO    : Snapshot:0	9	10	Epoch:17	Loss:0.54	MRR:31.71	Hits@10:54.26	Best:32.5
2025-01-13 18:02:47,882 INFO    : Early Stopping! Snapshot:0 Epoch: 18 Best Results: 32.5
2025-01-13 18:02:47,990 INFO    : => loading checkpoint './checkpoint/ENTITY\0model_best.tar'
2025-01-13 18:02:49,296 INFO    : 
+------------+--------+--------+--------+--------+---------+
| Snapshot:0 |  MRR   | Hits@1 | Hits@3 | Hits@5 | Hits@10 |
+------------+--------+--------+--------+--------+---------+
|     0      | 0.3285 | 0.2086 | 0.3806 | 0.4552 |  0.5588 |
+------------+--------+--------+--------+--------+---------+
2025-01-13 18:03:01,865 INFO    : Snapshot:1	0	10	Epoch:0	Loss:11.157	MRR:16.08	Hits@10:28.39	Best:16.08
2025-01-13 18:03:08,191 INFO    : Snapshot:1	0	10	Epoch:1	Loss:4.426	MRR:17.17	Hits@10:30.94	Best:17.17
2025-01-13 18:03:14,408 INFO    : Snapshot:1	0	10	Epoch:2	Loss:3.685	MRR:18.26	Hits@10:32.58	Best:18.26
2025-01-13 18:03:20,606 INFO    : Snapshot:1	0	10	Epoch:3	Loss:3.303	MRR:18.72	Hits@10:33.89	Best:18.72
2025-01-13 18:03:26,823 INFO    : Snapshot:1	0	10	Epoch:4	Loss:2.994	MRR:19.37	Hits@10:34.82	Best:19.37
2025-01-13 18:03:33,118 INFO    : Snapshot:1	0	10	Epoch:5	Loss:2.784	MRR:19.66	Hits@10:35.13	Best:19.66
2025-01-13 18:03:39,364 INFO    : Snapshot:1	0	10	Epoch:6	Loss:2.673	MRR:20.35	Hits@10:36.2	Best:20.35
2025-01-13 18:03:45,739 INFO    : Snapshot:1	0	10	Epoch:7	Loss:2.584	MRR:20.59	Hits@10:36.65	Best:20.59
2025-01-13 18:03:52,035 INFO    : Snapshot:1	0	10	Epoch:8	Loss:2.492	MRR:20.84	Hits@10:37.18	Best:20.84
2025-01-13 18:03:58,313 INFO    : Snapshot:1	1	10	Epoch:9	Loss:2.418	MRR:20.79	Hits@10:37.53	Best:20.84
2025-01-13 18:04:04,498 INFO    : Snapshot:1	0	10	Epoch:10	Loss:2.365	MRR:21.37	Hits@10:37.76	Best:21.37
2025-01-13 18:04:10,604 INFO    : Snapshot:1	1	10	Epoch:11	Loss:2.302	MRR:21.15	Hits@10:37.75	Best:21.37
2025-01-13 18:04:16,868 INFO    : Snapshot:1	0	10	Epoch:12	Loss:2.246	MRR:21.44	Hits@10:38.4	Best:21.44
2025-01-13 18:04:23,164 INFO    : Snapshot:1	0	10	Epoch:13	Loss:2.217	MRR:21.55	Hits@10:38.36	Best:21.55
2025-01-13 18:04:29,447 INFO    : Snapshot:1	1	10	Epoch:14	Loss:2.172	MRR:21.48	Hits@10:38.65	Best:21.55
2025-01-13 18:04:35,726 INFO    : Snapshot:1	0	10	Epoch:15	Loss:2.135	MRR:21.59	Hits@10:38.68	Best:21.59
2025-01-13 18:04:42,161 INFO    : Snapshot:1	0	10	Epoch:16	Loss:2.123	MRR:21.75	Hits@10:38.66	Best:21.75
2025-01-13 18:04:48,409 INFO    : Snapshot:1	0	10	Epoch:17	Loss:2.117	MRR:21.82	Hits@10:38.63	Best:21.82
2025-01-13 18:04:54,720 INFO    : Snapshot:1	0	10	Epoch:18	Loss:2.086	MRR:21.87	Hits@10:38.77	Best:21.87
2025-01-13 18:05:00,921 INFO    : Snapshot:1	1	10	Epoch:19	Loss:2.073	MRR:21.83	Hits@10:39.11	Best:21.87
2025-01-13 18:05:07,169 INFO    : Snapshot:1	2	10	Epoch:20	Loss:2.057	MRR:21.73	Hits@10:38.96	Best:21.87
2025-01-13 18:05:13,417 INFO    : Snapshot:1	0	10	Epoch:21	Loss:2.031	MRR:21.92	Hits@10:39.14	Best:21.92
2025-01-13 18:05:19,743 INFO    : Snapshot:1	1	10	Epoch:22	Loss:2.023	MRR:21.92	Hits@10:39.43	Best:21.92
2025-01-13 18:05:25,960 INFO    : Snapshot:1	0	10	Epoch:23	Loss:2.003	MRR:22.1	Hits@10:39.4	Best:22.1
2025-01-13 18:05:32,302 INFO    : Snapshot:1	0	10	Epoch:24	Loss:2.009	MRR:22.11	Hits@10:39.45	Best:22.11
2025-01-13 18:05:38,551 INFO    : Snapshot:1	0	10	Epoch:25	Loss:1.977	MRR:22.13	Hits@10:39.37	Best:22.13
2025-01-13 18:05:45,050 INFO    : Snapshot:1	1	10	Epoch:26	Loss:1.958	MRR:22.07	Hits@10:39.32	Best:22.13
2025-01-13 18:05:51,300 INFO    : Snapshot:1	0	10	Epoch:27	Loss:1.949	MRR:22.33	Hits@10:39.68	Best:22.33
2025-01-13 18:05:57,469 INFO    : Snapshot:1	1	10	Epoch:28	Loss:1.956	MRR:22.14	Hits@10:39.4	Best:22.33
2025-01-13 18:06:03,654 INFO    : Snapshot:1	2	10	Epoch:29	Loss:1.941	MRR:22.11	Hits@10:39.76	Best:22.33
2025-01-13 18:06:09,856 INFO    : Snapshot:1	3	10	Epoch:30	Loss:1.949	MRR:22.18	Hits@10:39.51	Best:22.33
2025-01-13 18:06:16,245 INFO    : Snapshot:1	4	10	Epoch:31	Loss:1.922	MRR:22.25	Hits@10:39.48	Best:22.33
2025-01-13 18:06:22,651 INFO    : Snapshot:1	5	10	Epoch:32	Loss:1.908	MRR:22.18	Hits@10:39.47	Best:22.33
2025-01-13 18:06:28,992 INFO    : Snapshot:1	6	10	Epoch:33	Loss:1.927	MRR:22.21	Hits@10:39.58	Best:22.33
2025-01-13 18:06:35,317 INFO    : Snapshot:1	7	10	Epoch:34	Loss:1.895	MRR:22.01	Hits@10:39.52	Best:22.33
2025-01-13 18:06:41,752 INFO    : Snapshot:1	0	10	Epoch:35	Loss:1.891	MRR:22.47	Hits@10:39.61	Best:22.47
2025-01-13 18:06:48,377 INFO    : Snapshot:1	1	10	Epoch:36	Loss:1.908	MRR:22.23	Hits@10:39.45	Best:22.47
2025-01-13 18:06:54,872 INFO    : Snapshot:1	2	10	Epoch:37	Loss:1.898	MRR:22.42	Hits@10:39.78	Best:22.47
2025-01-13 18:07:01,259 INFO    : Snapshot:1	0	10	Epoch:38	Loss:1.865	MRR:22.63	Hits@10:40.19	Best:22.63
2025-01-13 18:07:07,522 INFO    : Snapshot:1	1	10	Epoch:39	Loss:1.885	MRR:22.52	Hits@10:40.04	Best:22.63
2025-01-13 18:07:13,787 INFO    : Snapshot:1	0	10	Epoch:40	Loss:1.875	MRR:22.7	Hits@10:40.07	Best:22.7
2025-01-13 18:07:19,988 INFO    : Snapshot:1	1	10	Epoch:41	Loss:1.869	MRR:22.62	Hits@10:40.12	Best:22.7
2025-01-13 18:07:26,252 INFO    : Snapshot:1	2	10	Epoch:42	Loss:1.869	MRR:22.48	Hits@10:40.04	Best:22.7
2025-01-13 18:07:32,421 INFO    : Snapshot:1	3	10	Epoch:43	Loss:1.858	MRR:22.49	Hits@10:39.68	Best:22.7
2025-01-13 18:07:38,562 INFO    : Snapshot:1	4	10	Epoch:44	Loss:1.869	MRR:22.45	Hits@10:39.98	Best:22.7
2025-01-13 18:07:45,093 INFO    : Snapshot:1	5	10	Epoch:45	Loss:1.849	MRR:22.61	Hits@10:39.98	Best:22.7
2025-01-13 18:07:51,232 INFO    : Snapshot:1	6	10	Epoch:46	Loss:1.866	MRR:22.47	Hits@10:40.03	Best:22.7
2025-01-13 18:07:57,404 INFO    : Snapshot:1	7	10	Epoch:47	Loss:1.856	MRR:22.52	Hits@10:40.25	Best:22.7
2025-01-13 18:08:03,499 INFO    : Snapshot:1	8	10	Epoch:48	Loss:1.827	MRR:22.68	Hits@10:40.06	Best:22.7
2025-01-13 18:08:09,833 INFO    : Snapshot:1	9	10	Epoch:49	Loss:1.836	MRR:22.54	Hits@10:40.22	Best:22.7
2025-01-13 18:08:16,202 INFO    : Early Stopping! Snapshot:1 Epoch: 50 Best Results: 22.7
2025-01-13 18:08:16,308 INFO    : => loading checkpoint './checkpoint/ENTITY\1model_best.tar'
2025-01-13 18:08:21,024 INFO    : 
+------------+--------+--------+--------+--------+---------+
| Snapshot:1 |  MRR   | Hits@1 | Hits@3 | Hits@5 | Hits@10 |
+------------+--------+--------+--------+--------+---------+
|     0      | 0.3285 | 0.2086 | 0.3806 | 0.4552 |  0.5588 |
|     1      | 0.2259 | 0.1381 | 0.2485 | 0.3093 |  0.3992 |
+------------+--------+--------+--------+--------+---------+
2025-01-13 18:08:35,305 INFO    : Snapshot:2	0	10	Epoch:0	Loss:10.668	MRR:14.87	Hits@10:25.76	Best:14.87
2025-01-13 18:08:42,679 INFO    : Snapshot:2	0	10	Epoch:1	Loss:4.236	MRR:16.68	Hits@10:29.3	Best:16.68
2025-01-13 18:08:49,882 INFO    : Snapshot:2	0	10	Epoch:2	Loss:3.543	MRR:17.49	Hits@10:30.84	Best:17.49
2025-01-13 18:08:57,120 INFO    : Snapshot:2	0	10	Epoch:3	Loss:3.229	MRR:18.09	Hits@10:31.87	Best:18.09
2025-01-13 18:09:04,571 INFO    : Snapshot:2	0	10	Epoch:4	Loss:2.993	MRR:18.5	Hits@10:32.28	Best:18.5
2025-01-13 18:09:11,867 INFO    : Snapshot:2	0	10	Epoch:5	Loss:2.851	MRR:18.53	Hits@10:32.72	Best:18.53
2025-01-13 18:09:19,100 INFO    : Snapshot:2	0	10	Epoch:6	Loss:2.735	MRR:18.62	Hits@10:33.0	Best:18.62
2025-01-13 18:09:26,397 INFO    : Snapshot:2	0	10	Epoch:7	Loss:2.641	MRR:18.8	Hits@10:33.08	Best:18.8
2025-01-13 18:09:33,677 INFO    : Snapshot:2	0	10	Epoch:8	Loss:2.57	MRR:19.21	Hits@10:33.63	Best:19.21
2025-01-13 18:09:40,911 INFO    : Snapshot:2	1	10	Epoch:9	Loss:2.496	MRR:19.07	Hits@10:33.87	Best:19.21
2025-01-13 18:09:48,222 INFO    : Snapshot:2	0	10	Epoch:10	Loss:2.442	MRR:19.23	Hits@10:33.5	Best:19.23
2025-01-13 18:09:55,455 INFO    : Snapshot:2	0	10	Epoch:11	Loss:2.413	MRR:19.29	Hits@10:33.76	Best:19.29
2025-01-13 18:10:02,655 INFO    : Snapshot:2	0	10	Epoch:12	Loss:2.372	MRR:19.32	Hits@10:33.94	Best:19.32
2025-01-13 18:10:10,013 INFO    : Snapshot:2	0	10	Epoch:13	Loss:2.347	MRR:19.34	Hits@10:34.01	Best:19.34
2025-01-13 18:10:17,266 INFO    : Snapshot:2	0	10	Epoch:14	Loss:2.307	MRR:19.62	Hits@10:34.44	Best:19.62
2025-01-13 18:10:24,577 INFO    : Snapshot:2	1	10	Epoch:15	Loss:2.317	MRR:19.48	Hits@10:34.42	Best:19.62
2025-01-13 18:10:31,872 INFO    : Snapshot:2	0	10	Epoch:16	Loss:2.254	MRR:19.76	Hits@10:34.49	Best:19.76
2025-01-13 18:10:39,215 INFO    : Snapshot:2	1	10	Epoch:17	Loss:2.258	MRR:19.65	Hits@10:34.75	Best:19.76
2025-01-13 18:10:46,461 INFO    : Snapshot:2	2	10	Epoch:18	Loss:2.238	MRR:19.65	Hits@10:34.64	Best:19.76
2025-01-13 18:10:53,711 INFO    : Snapshot:2	3	10	Epoch:19	Loss:2.233	MRR:19.56	Hits@10:34.68	Best:19.76
2025-01-13 18:11:01,024 INFO    : Snapshot:2	0	10	Epoch:20	Loss:2.201	MRR:19.78	Hits@10:34.74	Best:19.78
2025-01-13 18:11:08,287 INFO    : Snapshot:2	1	10	Epoch:21	Loss:2.178	MRR:19.74	Hits@10:34.68	Best:19.78
2025-01-13 18:11:15,646 INFO    : Snapshot:2	0	10	Epoch:22	Loss:2.164	MRR:19.81	Hits@10:34.94	Best:19.81
2025-01-13 18:11:23,239 INFO    : Snapshot:2	1	10	Epoch:23	Loss:2.156	MRR:19.75	Hits@10:34.82	Best:19.81
2025-01-13 18:11:30,521 INFO    : Snapshot:2	2	10	Epoch:24	Loss:2.145	MRR:19.71	Hits@10:34.85	Best:19.81
2025-01-13 18:11:37,832 INFO    : Snapshot:2	0	10	Epoch:25	Loss:2.129	MRR:19.84	Hits@10:34.91	Best:19.84
2025-01-13 18:11:45,099 INFO    : Snapshot:2	0	10	Epoch:26	Loss:2.118	MRR:19.94	Hits@10:35.11	Best:19.94
2025-01-13 18:11:52,283 INFO    : Snapshot:2	1	10	Epoch:27	Loss:2.152	MRR:19.78	Hits@10:35.1	Best:19.94
2025-01-13 18:11:59,456 INFO    : Snapshot:2	2	10	Epoch:28	Loss:2.09	MRR:19.89	Hits@10:35.2	Best:19.94
2025-01-13 18:12:06,582 INFO    : Snapshot:2	3	10	Epoch:29	Loss:2.1	MRR:19.94	Hits@10:35.19	Best:19.94
2025-01-13 18:12:13,943 INFO    : Snapshot:2	0	10	Epoch:30	Loss:2.095	MRR:19.95	Hits@10:35.0	Best:19.95
2025-01-13 18:12:21,300 INFO    : Snapshot:2	1	10	Epoch:31	Loss:2.079	MRR:19.93	Hits@10:35.07	Best:19.95
2025-01-13 18:12:28,688 INFO    : Snapshot:2	0	10	Epoch:32	Loss:2.084	MRR:19.98	Hits@10:35.2	Best:19.98
2025-01-13 18:12:36,236 INFO    : Snapshot:2	1	10	Epoch:33	Loss:2.069	MRR:19.94	Hits@10:35.16	Best:19.98
2025-01-13 18:12:43,644 INFO    : Snapshot:2	0	10	Epoch:34	Loss:2.063	MRR:20.03	Hits@10:35.31	Best:20.03
2025-01-13 18:12:50,989 INFO    : Snapshot:2	1	10	Epoch:35	Loss:2.055	MRR:19.87	Hits@10:35.02	Best:20.03
2025-01-13 18:12:58,394 INFO    : Snapshot:2	2	10	Epoch:36	Loss:2.059	MRR:19.99	Hits@10:35.32	Best:20.03
2025-01-13 18:13:05,768 INFO    : Snapshot:2	3	10	Epoch:37	Loss:2.053	MRR:19.9	Hits@10:35.27	Best:20.03
2025-01-13 18:13:13,109 INFO    : Snapshot:2	4	10	Epoch:38	Loss:2.032	MRR:19.9	Hits@10:35.12	Best:20.03
2025-01-13 18:13:20,341 INFO    : Snapshot:2	0	10	Epoch:39	Loss:2.036	MRR:20.11	Hits@10:35.16	Best:20.11
2025-01-13 18:13:27,529 INFO    : Snapshot:2	1	10	Epoch:40	Loss:2.031	MRR:20.05	Hits@10:35.43	Best:20.11
2025-01-13 18:13:34,750 INFO    : Snapshot:2	2	10	Epoch:41	Loss:2.026	MRR:19.99	Hits@10:35.09	Best:20.11
2025-01-13 18:13:42,155 INFO    : Snapshot:2	3	10	Epoch:42	Loss:2.006	MRR:19.97	Hits@10:35.0	Best:20.11
2025-01-13 18:13:49,299 INFO    : Snapshot:2	4	10	Epoch:43	Loss:2.007	MRR:20.01	Hits@10:35.16	Best:20.11
2025-01-13 18:13:56,423 INFO    : Snapshot:2	5	10	Epoch:44	Loss:1.995	MRR:19.83	Hits@10:35.18	Best:20.11
2025-01-13 18:14:03,549 INFO    : Snapshot:2	6	10	Epoch:45	Loss:1.996	MRR:20.03	Hits@10:35.28	Best:20.11
2025-01-13 18:14:10,736 INFO    : Snapshot:2	0	10	Epoch:46	Loss:2.012	MRR:20.13	Hits@10:35.44	Best:20.13
2025-01-13 18:14:18,080 INFO    : Snapshot:2	1	10	Epoch:47	Loss:1.989	MRR:19.95	Hits@10:35.26	Best:20.13
2025-01-13 18:14:25,389 INFO    : Snapshot:2	2	10	Epoch:48	Loss:1.959	MRR:19.99	Hits@10:35.34	Best:20.13
2025-01-13 18:14:32,765 INFO    : Snapshot:2	3	10	Epoch:49	Loss:2.001	MRR:20.07	Hits@10:35.24	Best:20.13
2025-01-13 18:14:40,123 INFO    : Snapshot:2	4	10	Epoch:50	Loss:1.971	MRR:20.12	Hits@10:35.56	Best:20.13
2025-01-13 18:14:47,543 INFO    : Snapshot:2	5	10	Epoch:51	Loss:1.991	MRR:20.0	Hits@10:35.51	Best:20.13
2025-01-13 18:14:54,735 INFO    : Snapshot:2	6	10	Epoch:52	Loss:1.996	MRR:20.03	Hits@10:35.35	Best:20.13
2025-01-13 18:15:01,959 INFO    : Snapshot:2	0	10	Epoch:53	Loss:1.983	MRR:20.18	Hits@10:35.55	Best:20.18
2025-01-13 18:15:09,210 INFO    : Snapshot:2	1	10	Epoch:54	Loss:1.966	MRR:20.0	Hits@10:35.44	Best:20.18
2025-01-13 18:15:16,516 INFO    : Snapshot:2	2	10	Epoch:55	Loss:1.977	MRR:20.07	Hits@10:35.47	Best:20.18
2025-01-13 18:15:23,724 INFO    : Snapshot:2	3	10	Epoch:56	Loss:1.952	MRR:20.0	Hits@10:35.51	Best:20.18
2025-01-13 18:15:30,894 INFO    : Snapshot:2	4	10	Epoch:57	Loss:1.983	MRR:20.06	Hits@10:35.45	Best:20.18
2025-01-13 18:15:38,099 INFO    : Snapshot:2	5	10	Epoch:58	Loss:1.957	MRR:19.87	Hits@10:35.09	Best:20.18
2025-01-13 18:15:45,473 INFO    : Snapshot:2	6	10	Epoch:59	Loss:1.964	MRR:20.05	Hits@10:35.37	Best:20.18
2025-01-13 18:15:52,975 INFO    : Snapshot:2	7	10	Epoch:60	Loss:1.931	MRR:20.16	Hits@10:35.46	Best:20.18
2025-01-13 18:16:00,191 INFO    : Snapshot:2	8	10	Epoch:61	Loss:1.952	MRR:20.1	Hits@10:35.38	Best:20.18
2025-01-13 18:16:07,535 INFO    : Snapshot:2	9	10	Epoch:62	Loss:1.95	MRR:20.08	Hits@10:35.08	Best:20.18
2025-01-13 18:16:14,801 INFO    : Early Stopping! Snapshot:2 Epoch: 63 Best Results: 20.18
2025-01-13 18:16:14,900 INFO    : => loading checkpoint './checkpoint/ENTITY\2model_best.tar'
2025-01-13 18:16:23,656 INFO    : 
+------------+--------+--------+--------+--------+---------+
| Snapshot:2 |  MRR   | Hits@1 | Hits@3 | Hits@5 | Hits@10 |
+------------+--------+--------+--------+--------+---------+
|     0      | 0.3285 | 0.2086 | 0.3806 | 0.4552 |  0.5588 |
|     1      | 0.2259 | 0.1381 | 0.2485 | 0.3093 |  0.3992 |
|     2      | 0.204  | 0.1226 | 0.2272 | 0.2807 |  0.3608 |
+------------+--------+--------+--------+--------+---------+
2025-01-13 18:16:39,677 INFO    : Snapshot:3	0	10	Epoch:0	Loss:9.558	MRR:14.09	Hits@10:24.35	Best:14.09
2025-01-13 18:16:47,895 INFO    : Snapshot:3	0	10	Epoch:1	Loss:3.577	MRR:15.74	Hits@10:27.79	Best:15.74
2025-01-13 18:16:56,033 INFO    : Snapshot:3	0	10	Epoch:2	Loss:2.978	MRR:16.68	Hits@10:29.63	Best:16.68
2025-01-13 18:17:04,191 INFO    : Snapshot:3	0	10	Epoch:3	Loss:2.736	MRR:17.2	Hits@10:30.65	Best:17.2
2025-01-13 18:17:12,379 INFO    : Snapshot:3	0	10	Epoch:4	Loss:2.508	MRR:17.34	Hits@10:30.97	Best:17.34
2025-01-13 18:17:20,628 INFO    : Snapshot:3	0	10	Epoch:5	Loss:2.406	MRR:17.7	Hits@10:31.47	Best:17.7
2025-01-13 18:17:28,827 INFO    : Snapshot:3	0	10	Epoch:6	Loss:2.296	MRR:17.85	Hits@10:32.05	Best:17.85
2025-01-13 18:17:37,232 INFO    : Snapshot:3	1	10	Epoch:7	Loss:2.237	MRR:17.84	Hits@10:32.19	Best:17.85
2025-01-13 18:17:45,326 INFO    : Snapshot:3	0	10	Epoch:8	Loss:2.162	MRR:17.99	Hits@10:32.42	Best:17.99
2025-01-13 18:17:53,466 INFO    : Snapshot:3	0	10	Epoch:9	Loss:2.12	MRR:18.22	Hits@10:32.94	Best:18.22
2025-01-13 18:18:01,528 INFO    : Snapshot:3	0	10	Epoch:10	Loss:2.086	MRR:18.26	Hits@10:32.59	Best:18.26
2025-01-13 18:18:09,635 INFO    : Snapshot:3	1	10	Epoch:11	Loss:2.04	MRR:18.26	Hits@10:32.8	Best:18.26
2025-01-13 18:18:17,869 INFO    : Snapshot:3	2	10	Epoch:12	Loss:1.991	MRR:18.26	Hits@10:32.57	Best:18.26
2025-01-13 18:18:26,089 INFO    : Snapshot:3	0	10	Epoch:13	Loss:1.977	MRR:18.38	Hits@10:32.83	Best:18.38
2025-01-13 18:18:34,431 INFO    : Snapshot:3	0	10	Epoch:14	Loss:1.972	MRR:18.41	Hits@10:32.81	Best:18.41
2025-01-13 18:18:42,774 INFO    : Snapshot:3	0	10	Epoch:15	Loss:1.957	MRR:18.49	Hits@10:33.37	Best:18.49
2025-01-13 18:18:51,041 INFO    : Snapshot:3	0	10	Epoch:16	Loss:1.943	MRR:18.65	Hits@10:33.13	Best:18.65
2025-01-13 18:18:59,427 INFO    : Snapshot:3	1	10	Epoch:17	Loss:1.908	MRR:18.55	Hits@10:33.1	Best:18.65
2025-01-13 18:19:07,706 INFO    : Snapshot:3	2	10	Epoch:18	Loss:1.879	MRR:18.45	Hits@10:33.28	Best:18.65
2025-01-13 18:19:15,861 INFO    : Snapshot:3	3	10	Epoch:19	Loss:1.855	MRR:18.5	Hits@10:33.59	Best:18.65
2025-01-13 18:19:24,000 INFO    : Snapshot:3	4	10	Epoch:20	Loss:1.856	MRR:18.44	Hits@10:33.25	Best:18.65
2025-01-13 18:19:32,064 INFO    : Snapshot:3	5	10	Epoch:21	Loss:1.838	MRR:18.64	Hits@10:33.57	Best:18.65
2025-01-13 18:19:40,235 INFO    : Snapshot:3	0	10	Epoch:22	Loss:1.834	MRR:18.73	Hits@10:33.4	Best:18.73
2025-01-13 18:19:48,252 INFO    : Snapshot:3	1	10	Epoch:23	Loss:1.814	MRR:18.6	Hits@10:33.57	Best:18.73
2025-01-13 18:19:56,252 INFO    : Snapshot:3	2	10	Epoch:24	Loss:1.827	MRR:18.66	Hits@10:33.39	Best:18.73
2025-01-13 18:20:04,377 INFO    : Snapshot:3	3	10	Epoch:25	Loss:1.787	MRR:18.7	Hits@10:33.46	Best:18.73
2025-01-13 18:20:12,439 INFO    : Snapshot:3	4	10	Epoch:26	Loss:1.808	MRR:18.73	Hits@10:33.55	Best:18.73
2025-01-13 18:20:20,908 INFO    : Snapshot:3	5	10	Epoch:27	Loss:1.789	MRR:18.6	Hits@10:33.3	Best:18.73
2025-01-13 18:20:29,126 INFO    : Snapshot:3	6	10	Epoch:28	Loss:1.777	MRR:18.71	Hits@10:33.41	Best:18.73
2025-01-13 18:20:37,250 INFO    : Snapshot:3	7	10	Epoch:29	Loss:1.787	MRR:18.67	Hits@10:33.43	Best:18.73
2025-01-13 18:20:45,410 INFO    : Snapshot:3	0	10	Epoch:30	Loss:1.77	MRR:18.76	Hits@10:33.62	Best:18.76
2025-01-13 18:20:53,627 INFO    : Snapshot:3	1	10	Epoch:31	Loss:1.772	MRR:18.54	Hits@10:33.37	Best:18.76
2025-01-13 18:21:01,782 INFO    : Snapshot:3	2	10	Epoch:32	Loss:1.774	MRR:18.68	Hits@10:33.57	Best:18.76
2025-01-13 18:21:09,874 INFO    : Snapshot:3	3	10	Epoch:33	Loss:1.755	MRR:18.75	Hits@10:33.73	Best:18.76
2025-01-13 18:21:18,045 INFO    : Snapshot:3	4	10	Epoch:34	Loss:1.73	MRR:18.75	Hits@10:33.73	Best:18.76
2025-01-13 18:21:26,201 INFO    : Snapshot:3	5	10	Epoch:35	Loss:1.744	MRR:18.75	Hits@10:33.86	Best:18.76
2025-01-13 18:21:34,308 INFO    : Snapshot:3	0	10	Epoch:36	Loss:1.743	MRR:18.79	Hits@10:33.72	Best:18.79
2025-01-13 18:21:42,634 INFO    : Snapshot:3	1	10	Epoch:37	Loss:1.726	MRR:18.75	Hits@10:33.69	Best:18.79
2025-01-13 18:21:50,788 INFO    : Snapshot:3	2	10	Epoch:38	Loss:1.713	MRR:18.78	Hits@10:33.75	Best:18.79
2025-01-13 18:21:58,883 INFO    : Snapshot:3	0	10	Epoch:39	Loss:1.71	MRR:18.82	Hits@10:33.66	Best:18.82
2025-01-13 18:22:07,006 INFO    : Snapshot:3	0	10	Epoch:40	Loss:1.709	MRR:18.96	Hits@10:33.71	Best:18.96
2025-01-13 18:22:15,239 INFO    : Snapshot:3	1	10	Epoch:41	Loss:1.729	MRR:18.8	Hits@10:33.73	Best:18.96
2025-01-13 18:22:23,472 INFO    : Snapshot:3	0	10	Epoch:42	Loss:1.704	MRR:19.03	Hits@10:33.98	Best:19.03
2025-01-13 18:22:31,720 INFO    : Snapshot:3	1	10	Epoch:43	Loss:1.711	MRR:18.86	Hits@10:33.61	Best:19.03
2025-01-13 18:22:39,926 INFO    : Snapshot:3	2	10	Epoch:44	Loss:1.716	MRR:18.97	Hits@10:34.0	Best:19.03
2025-01-13 18:22:48,036 INFO    : Snapshot:3	3	10	Epoch:45	Loss:1.707	MRR:18.9	Hits@10:33.63	Best:19.03
2025-01-13 18:22:56,229 INFO    : Snapshot:3	4	10	Epoch:46	Loss:1.69	MRR:18.93	Hits@10:33.73	Best:19.03
2025-01-13 18:23:04,601 INFO    : Snapshot:3	5	10	Epoch:47	Loss:1.693	MRR:18.97	Hits@10:33.88	Best:19.03
2025-01-13 18:23:12,835 INFO    : Snapshot:3	0	10	Epoch:48	Loss:1.695	MRR:19.16	Hits@10:34.0	Best:19.16
2025-01-13 18:23:21,053 INFO    : Snapshot:3	1	10	Epoch:49	Loss:1.681	MRR:18.87	Hits@10:33.87	Best:19.16
2025-01-13 18:23:29,223 INFO    : Snapshot:3	2	10	Epoch:50	Loss:1.669	MRR:18.93	Hits@10:33.91	Best:19.16
2025-01-13 18:23:37,426 INFO    : Snapshot:3	3	10	Epoch:51	Loss:1.66	MRR:18.86	Hits@10:33.62	Best:19.16
2025-01-13 18:23:45,551 INFO    : Snapshot:3	4	10	Epoch:52	Loss:1.67	MRR:18.95	Hits@10:34.02	Best:19.16
2025-01-13 18:23:53,594 INFO    : Snapshot:3	5	10	Epoch:53	Loss:1.687	MRR:18.89	Hits@10:34.14	Best:19.16
2025-01-13 18:24:01,858 INFO    : Snapshot:3	6	10	Epoch:54	Loss:1.706	MRR:18.91	Hits@10:33.88	Best:19.16
2025-01-13 18:24:10,138 INFO    : Snapshot:3	7	10	Epoch:55	Loss:1.688	MRR:18.86	Hits@10:33.87	Best:19.16
2025-01-13 18:24:18,386 INFO    : Snapshot:3	8	10	Epoch:56	Loss:1.653	MRR:18.88	Hits@10:33.82	Best:19.16
2025-01-13 18:24:26,936 INFO    : Snapshot:3	9	10	Epoch:57	Loss:1.66	MRR:18.8	Hits@10:33.94	Best:19.16
2025-01-13 18:24:35,121 INFO    : Early Stopping! Snapshot:3 Epoch: 58 Best Results: 19.16
2025-01-13 18:24:35,228 INFO    : => loading checkpoint './checkpoint/ENTITY\3model_best.tar'
2025-01-13 18:24:49,683 INFO    : 
+------------+--------+--------+--------+--------+---------+
| Snapshot:3 |  MRR   | Hits@1 | Hits@3 | Hits@5 | Hits@10 |
+------------+--------+--------+--------+--------+---------+
|     0      | 0.3285 | 0.2086 | 0.3806 | 0.4552 |  0.5588 |
|     1      | 0.2259 | 0.1381 | 0.2485 | 0.3093 |  0.3992 |
|     2      | 0.204  | 0.1226 | 0.2272 | 0.2807 |  0.3608 |
|     3      | 0.1906 | 0.1124 | 0.2137 | 0.264  |  0.3408 |
+------------+--------+--------+--------+--------+---------+
2025-01-13 18:25:03,715 INFO    : Snapshot:4	0	10	Epoch:0	Loss:6.767	MRR:17.96	Hits@10:28.97	Best:17.96
2025-01-13 18:25:10,308 INFO    : Snapshot:4	0	10	Epoch:1	Loss:1.954	MRR:19.92	Hits@10:33.16	Best:19.92
2025-01-13 18:25:16,838 INFO    : Snapshot:4	0	10	Epoch:2	Loss:1.49	MRR:20.97	Hits@10:35.68	Best:20.97
2025-01-13 18:25:23,445 INFO    : Snapshot:4	0	10	Epoch:3	Loss:1.292	MRR:21.78	Hits@10:37.01	Best:21.78
2025-01-13 18:25:30,085 INFO    : Snapshot:4	0	10	Epoch:4	Loss:1.184	MRR:22.14	Hits@10:38.13	Best:22.14
2025-01-13 18:25:36,678 INFO    : Snapshot:4	0	10	Epoch:5	Loss:1.122	MRR:22.38	Hits@10:38.32	Best:22.38
2025-01-13 18:25:43,266 INFO    : Snapshot:4	0	10	Epoch:6	Loss:1.058	MRR:22.56	Hits@10:38.92	Best:22.56
2025-01-13 18:25:49,843 INFO    : Snapshot:4	0	10	Epoch:7	Loss:1.025	MRR:22.63	Hits@10:38.86	Best:22.63
2025-01-13 18:25:56,439 INFO    : Snapshot:4	0	10	Epoch:8	Loss:0.978	MRR:22.81	Hits@10:39.34	Best:22.81
2025-01-13 18:26:03,015 INFO    : Snapshot:4	1	10	Epoch:9	Loss:0.981	MRR:22.66	Hits@10:39.34	Best:22.81
2025-01-13 18:26:09,765 INFO    : Snapshot:4	2	10	Epoch:10	Loss:0.923	MRR:22.75	Hits@10:39.27	Best:22.81
2025-01-13 18:26:16,406 INFO    : Snapshot:4	0	10	Epoch:11	Loss:0.931	MRR:22.93	Hits@10:39.96	Best:22.93
2025-01-13 18:26:22,985 INFO    : Snapshot:4	0	10	Epoch:12	Loss:0.887	MRR:23.03	Hits@10:40.04	Best:23.03
2025-01-13 18:26:29,593 INFO    : Snapshot:4	0	10	Epoch:13	Loss:0.884	MRR:23.15	Hits@10:40.43	Best:23.15
2025-01-13 18:26:36,218 INFO    : Snapshot:4	0	10	Epoch:14	Loss:0.862	MRR:23.31	Hits@10:40.46	Best:23.31
2025-01-13 18:26:42,845 INFO    : Snapshot:4	1	10	Epoch:15	Loss:0.86	MRR:23.1	Hits@10:40.09	Best:23.31
2025-01-13 18:26:49,438 INFO    : Snapshot:4	2	10	Epoch:16	Loss:0.856	MRR:23.16	Hits@10:40.06	Best:23.31
2025-01-13 18:26:55,968 INFO    : Snapshot:4	3	10	Epoch:17	Loss:0.838	MRR:23.05	Hits@10:40.1	Best:23.31
2025-01-13 18:27:02,484 INFO    : Snapshot:4	4	10	Epoch:18	Loss:0.831	MRR:23.28	Hits@10:40.55	Best:23.31
2025-01-13 18:27:09,076 INFO    : Snapshot:4	0	10	Epoch:19	Loss:0.824	MRR:23.43	Hits@10:40.73	Best:23.43
2025-01-13 18:27:15,638 INFO    : Snapshot:4	1	10	Epoch:20	Loss:0.821	MRR:23.31	Hits@10:40.65	Best:23.43
2025-01-13 18:27:22,122 INFO    : Snapshot:4	2	10	Epoch:21	Loss:0.807	MRR:23.33	Hits@10:40.61	Best:23.43
2025-01-13 18:27:28,651 INFO    : Snapshot:4	3	10	Epoch:22	Loss:0.793	MRR:23.42	Hits@10:40.67	Best:23.43
2025-01-13 18:27:35,179 INFO    : Snapshot:4	0	10	Epoch:23	Loss:0.792	MRR:23.46	Hits@10:40.91	Best:23.46
2025-01-13 18:27:41,770 INFO    : Snapshot:4	1	10	Epoch:24	Loss:0.79	MRR:23.35	Hits@10:40.49	Best:23.46
2025-01-13 18:27:48,550 INFO    : Snapshot:4	2	10	Epoch:25	Loss:0.787	MRR:23.22	Hits@10:40.5	Best:23.46
2025-01-13 18:27:55,158 INFO    : Snapshot:4	3	10	Epoch:26	Loss:0.785	MRR:23.34	Hits@10:40.46	Best:23.46
2025-01-13 18:28:01,657 INFO    : Snapshot:4	4	10	Epoch:27	Loss:0.77	MRR:23.44	Hits@10:40.65	Best:23.46
2025-01-13 18:28:08,171 INFO    : Snapshot:4	5	10	Epoch:28	Loss:0.761	MRR:23.42	Hits@10:40.62	Best:23.46
2025-01-13 18:28:14,793 INFO    : Snapshot:4	0	10	Epoch:29	Loss:0.765	MRR:23.57	Hits@10:40.93	Best:23.57
2025-01-13 18:28:21,389 INFO    : Snapshot:4	1	10	Epoch:30	Loss:0.765	MRR:23.54	Hits@10:41.24	Best:23.57
2025-01-13 18:28:27,903 INFO    : Snapshot:4	2	10	Epoch:31	Loss:0.752	MRR:23.54	Hits@10:40.7	Best:23.57
2025-01-13 18:28:34,573 INFO    : Snapshot:4	3	10	Epoch:32	Loss:0.747	MRR:23.3	Hits@10:40.86	Best:23.57
2025-01-13 18:28:41,185 INFO    : Snapshot:4	4	10	Epoch:33	Loss:0.748	MRR:23.42	Hits@10:40.62	Best:23.57
2025-01-13 18:28:47,791 INFO    : Snapshot:4	5	10	Epoch:34	Loss:0.735	MRR:23.49	Hits@10:40.81	Best:23.57
2025-01-13 18:28:54,417 INFO    : Snapshot:4	0	10	Epoch:35	Loss:0.755	MRR:23.66	Hits@10:41.25	Best:23.66
2025-01-13 18:29:01,025 INFO    : Snapshot:4	1	10	Epoch:36	Loss:0.736	MRR:23.53	Hits@10:40.89	Best:23.66
2025-01-13 18:29:07,557 INFO    : Snapshot:4	2	10	Epoch:37	Loss:0.734	MRR:23.28	Hits@10:40.96	Best:23.66
2025-01-13 18:29:14,105 INFO    : Snapshot:4	3	10	Epoch:38	Loss:0.726	MRR:23.4	Hits@10:41.08	Best:23.66
2025-01-13 18:29:20,684 INFO    : Snapshot:4	4	10	Epoch:39	Loss:0.72	MRR:23.53	Hits@10:41.38	Best:23.66
2025-01-13 18:29:27,512 INFO    : Snapshot:4	5	10	Epoch:40	Loss:0.733	MRR:23.53	Hits@10:41.25	Best:23.66
2025-01-13 18:29:34,025 INFO    : Snapshot:4	0	10	Epoch:41	Loss:0.728	MRR:23.76	Hits@10:41.27	Best:23.76
2025-01-13 18:29:40,603 INFO    : Snapshot:4	1	10	Epoch:42	Loss:0.717	MRR:23.65	Hits@10:41.38	Best:23.76
2025-01-13 18:29:47,105 INFO    : Snapshot:4	2	10	Epoch:43	Loss:0.713	MRR:23.55	Hits@10:41.37	Best:23.76
2025-01-13 18:29:53,666 INFO    : Snapshot:4	3	10	Epoch:44	Loss:0.723	MRR:23.48	Hits@10:41.29	Best:23.76
2025-01-13 18:30:00,353 INFO    : Snapshot:4	4	10	Epoch:45	Loss:0.723	MRR:23.64	Hits@10:41.59	Best:23.76
2025-01-13 18:30:06,837 INFO    : Snapshot:4	5	10	Epoch:46	Loss:0.71	MRR:23.44	Hits@10:41.3	Best:23.76
2025-01-13 18:30:13,367 INFO    : Snapshot:4	6	10	Epoch:47	Loss:0.708	MRR:23.47	Hits@10:40.88	Best:23.76
2025-01-13 18:30:19,927 INFO    : Snapshot:4	7	10	Epoch:48	Loss:0.726	MRR:23.6	Hits@10:41.0	Best:23.76
2025-01-13 18:30:26,553 INFO    : Snapshot:4	8	10	Epoch:49	Loss:0.711	MRR:23.55	Hits@10:41.27	Best:23.76
2025-01-13 18:30:33,117 INFO    : Snapshot:4	9	10	Epoch:50	Loss:0.715	MRR:23.61	Hits@10:41.34	Best:23.76
2025-01-13 18:30:39,771 INFO    : Early Stopping! Snapshot:4 Epoch: 51 Best Results: 23.76
2025-01-13 18:30:39,865 INFO    : => loading checkpoint './checkpoint/ENTITY\4model_best.tar'
2025-01-13 18:30:59,254 INFO    : 
+------------+--------+--------+--------+--------+---------+
| Snapshot:4 |  MRR   | Hits@1 | Hits@3 | Hits@5 | Hits@10 |
+------------+--------+--------+--------+--------+---------+
|     0      | 0.3285 | 0.2086 | 0.3806 | 0.4552 |  0.5588 |
|     1      | 0.2259 | 0.1381 | 0.2485 | 0.3093 |  0.3992 |
|     2      | 0.204  | 0.1226 | 0.2272 | 0.2807 |  0.3608 |
|     3      | 0.1906 | 0.1124 | 0.2137 | 0.264  |  0.3408 |
|     4      | 0.2367 | 0.1421 | 0.2746 | 0.3362 |  0.4186 |
+------------+--------+--------+--------+--------+---------+
2025-01-13 18:30:59,254 INFO    : Final Result:
[+------------+--------+--------+--------+--------+---------+
| Snapshot:0 |  MRR   | Hits@1 | Hits@3 | Hits@5 | Hits@10 |
+------------+--------+--------+--------+--------+---------+
|     0      | 0.3285 | 0.2086 | 0.3806 | 0.4552 |  0.5588 |
+------------+--------+--------+--------+--------+---------+, +------------+--------+--------+--------+--------+---------+
| Snapshot:1 |  MRR   | Hits@1 | Hits@3 | Hits@5 | Hits@10 |
+------------+--------+--------+--------+--------+---------+
|     0      | 0.3285 | 0.2086 | 0.3806 | 0.4552 |  0.5588 |
|     1      | 0.2259 | 0.1381 | 0.2485 | 0.3093 |  0.3992 |
+------------+--------+--------+--------+--------+---------+, +------------+--------+--------+--------+--------+---------+
| Snapshot:2 |  MRR   | Hits@1 | Hits@3 | Hits@5 | Hits@10 |
+------------+--------+--------+--------+--------+---------+
|     0      | 0.3285 | 0.2086 | 0.3806 | 0.4552 |  0.5588 |
|     1      | 0.2259 | 0.1381 | 0.2485 | 0.3093 |  0.3992 |
|     2      | 0.204  | 0.1226 | 0.2272 | 0.2807 |  0.3608 |
+------------+--------+--------+--------+--------+---------+, +------------+--------+--------+--------+--------+---------+
| Snapshot:3 |  MRR   | Hits@1 | Hits@3 | Hits@5 | Hits@10 |
+------------+--------+--------+--------+--------+---------+
|     0      | 0.3285 | 0.2086 | 0.3806 | 0.4552 |  0.5588 |
|     1      | 0.2259 | 0.1381 | 0.2485 | 0.3093 |  0.3992 |
|     2      | 0.204  | 0.1226 | 0.2272 | 0.2807 |  0.3608 |
|     3      | 0.1906 | 0.1124 | 0.2137 | 0.264  |  0.3408 |
+------------+--------+--------+--------+--------+---------+, +------------+--------+--------+--------+--------+---------+
| Snapshot:4 |  MRR   | Hits@1 | Hits@3 | Hits@5 | Hits@10 |
+------------+--------+--------+--------+--------+---------+
|     0      | 0.3285 | 0.2086 | 0.3806 | 0.4552 |  0.5588 |
|     1      | 0.2259 | 0.1381 | 0.2485 | 0.3093 |  0.3992 |
|     2      | 0.204  | 0.1226 | 0.2272 | 0.2807 |  0.3608 |
|     3      | 0.1906 | 0.1124 | 0.2137 | 0.264  |  0.3408 |
|     4      | 0.2367 | 0.1421 | 0.2746 | 0.3362 |  0.4186 |
+------------+--------+--------+--------+--------+---------+]
2025-01-13 18:30:59,254 INFO    : Report Result:
+----------+--------------------+-----------+--------------+--------------+---------------+
| Snapshot |        Time        | Whole_MRR | Whole_Hits@1 | Whole_Hits@3 | Whole_Hits@10 |
+----------+--------------------+-----------+--------------+--------------+---------------+
|    0     | 59.170586347579956 |   0.329   |    0.209     |    0.381     |     0.559     |
|    1     | 323.35978984832764 |   0.266   |    0.166     |     0.3      |     0.462     |
|    2     | 469.6207175254822  |   0.242   |    0.149     |    0.272     |     0.423     |
|    3     | 486.30879187583923 |   0.228   |    0.139     |    0.257     |     0.401     |
|    4     | 345.3048424720764  |    0.23   |     0.14     |    0.259     |     0.404     |
+----------+--------------------+-----------+--------------+--------------+---------------+
2025-01-13 18:30:59,254 INFO    : Sum_Training_Time:1683.7647280693054
2025-01-13 18:30:59,254 INFO    : Every_Training_Time:[59.170586347579956, 323.35978984832764, 469.6207175254822, 486.30879187583923, 345.3048424720764]
2025-01-13 18:30:59,254 INFO    : Forward transfer: 0.039 Backward transfer: 0.0
