2025-01-14 20:47:02,517 INFO    : Namespace(batch_size=1024, data_path='./data/FACT/', dataset='FACT', debug=False, device=device(type='cuda', index=0), emb_dim=200, ent_r='200', epoch_num=200, explore=False, gpu='0', l2=0.0, learning_rate='1e-1', log_path='./logs/FACT 200 2 1e-1 1024/FACT 20250114204653', logger=<RootLogger root (INFO)>, margin=8.0, model_name='LoraKGE_Layers', multi_layers_path='train_sorted_by_edges_betweenness.txt', neg_ratio=10, note='', num_ent_layers='2', num_layer=1, num_rel_layers='1', patience='10', predict_result=False, r=100, r_fixed=True, random_seed=3407, record=False, rel_r='200', save_path='./checkpoint/FACT', skip_previous='False', snapshot_num=5, train_new=True, using_multi_layers=False, using_various_ranks='True', using_various_ranks_reverse=False, valid_metrics='mrr')
2025-01-14 20:47:10,858 INFO    : Snapshot:0	0	10	Epoch:0	Loss:44.386	MRR:10.86	Hits@10:21.55	Best:10.86
2025-01-14 20:47:17,058 INFO    : Snapshot:0	0	10	Epoch:1	Loss:26.666	MRR:16.44	Hits@10:30.95	Best:16.44
2025-01-14 20:47:23,246 INFO    : Snapshot:0	0	10	Epoch:2	Loss:15.783	MRR:20.92	Hits@10:35.61	Best:20.92
2025-01-14 20:47:29,480 INFO    : Snapshot:0	0	10	Epoch:3	Loss:9.026	MRR:23.2	Hits@10:37.42	Best:23.2
2025-01-14 20:47:35,683 INFO    : Snapshot:0	0	10	Epoch:4	Loss:5.212	MRR:24.25	Hits@10:38.35	Best:24.25
2025-01-14 20:47:41,915 INFO    : Snapshot:0	0	10	Epoch:5	Loss:3.235	MRR:24.59	Hits@10:39.07	Best:24.59
2025-01-14 20:47:48,022 INFO    : Snapshot:0	0	10	Epoch:6	Loss:2.188	MRR:24.67	Hits@10:39.28	Best:24.67
2025-01-14 20:47:54,134 INFO    : Snapshot:0	0	10	Epoch:7	Loss:1.639	MRR:24.77	Hits@10:39.31	Best:24.77
2025-01-14 20:48:00,228 INFO    : Snapshot:0	0	10	Epoch:8	Loss:1.291	MRR:24.83	Hits@10:39.5	Best:24.83
2025-01-14 20:48:06,383 INFO    : Snapshot:0	1	10	Epoch:9	Loss:1.085	MRR:24.8	Hits@10:39.52	Best:24.83
2025-01-14 20:48:12,469 INFO    : Snapshot:0	2	10	Epoch:10	Loss:0.926	MRR:24.7	Hits@10:39.44	Best:24.83
2025-01-14 20:48:18,747 INFO    : Snapshot:0	3	10	Epoch:11	Loss:0.849	MRR:24.79	Hits@10:39.65	Best:24.83
2025-01-14 20:48:24,964 INFO    : Snapshot:0	4	10	Epoch:12	Loss:0.773	MRR:24.83	Hits@10:39.66	Best:24.83
2025-01-14 20:48:31,166 INFO    : Snapshot:0	5	10	Epoch:13	Loss:0.727	MRR:24.8	Hits@10:39.64	Best:24.83
2025-01-14 20:48:37,465 INFO    : Snapshot:0	6	10	Epoch:14	Loss:0.689	MRR:24.65	Hits@10:39.51	Best:24.83
2025-01-14 20:48:43,649 INFO    : Snapshot:0	7	10	Epoch:15	Loss:0.636	MRR:24.59	Hits@10:39.51	Best:24.83
2025-01-14 20:48:49,930 INFO    : Snapshot:0	8	10	Epoch:16	Loss:0.6	MRR:24.83	Hits@10:39.38	Best:24.83
2025-01-14 20:48:56,167 INFO    : Snapshot:0	9	10	Epoch:17	Loss:0.569	MRR:24.75	Hits@10:39.33	Best:24.83
2025-01-14 20:49:02,630 INFO    : Early Stopping! Snapshot:0 Epoch: 18 Best Results: 24.83
2025-01-14 20:49:02,726 INFO    : => loading checkpoint './checkpoint/FACT\0model_best.tar'
2025-01-14 20:49:06,488 INFO    : 
+------------+------+--------+--------+--------+---------+
| Snapshot:0 | MRR  | Hits@1 | Hits@3 | Hits@5 | Hits@10 |
+------------+------+--------+--------+--------+---------+
|     0      | 0.24 | 0.1585 | 0.2781 | 0.3244 |  0.3882 |
+------------+------+--------+--------+--------+---------+
2025-01-14 20:49:21,981 INFO    : Snapshot:1	0	10	Epoch:0	Loss:18.968	MRR:18.3	Hits@10:29.44	Best:18.3
2025-01-14 20:49:29,575 INFO    : Snapshot:1	0	10	Epoch:1	Loss:16.122	MRR:18.82	Hits@10:30.31	Best:18.82
2025-01-14 20:49:37,179 INFO    : Snapshot:1	0	10	Epoch:2	Loss:15.492	MRR:19.05	Hits@10:30.67	Best:19.05
2025-01-14 20:49:44,781 INFO    : Snapshot:1	0	10	Epoch:3	Loss:15.201	MRR:19.19	Hits@10:30.98	Best:19.19
2025-01-14 20:49:52,359 INFO    : Snapshot:1	1	10	Epoch:4	Loss:15.029	MRR:19.19	Hits@10:31.02	Best:19.19
2025-01-14 20:49:59,951 INFO    : Snapshot:1	0	10	Epoch:5	Loss:14.955	MRR:19.2	Hits@10:31.08	Best:19.2
2025-01-14 20:50:07,647 INFO    : Snapshot:1	0	10	Epoch:6	Loss:14.874	MRR:19.35	Hits@10:31.31	Best:19.35
2025-01-14 20:50:15,283 INFO    : Snapshot:1	0	10	Epoch:7	Loss:14.816	MRR:19.4	Hits@10:31.34	Best:19.4
2025-01-14 20:50:23,029 INFO    : Snapshot:1	1	10	Epoch:8	Loss:14.762	MRR:19.38	Hits@10:31.41	Best:19.4
2025-01-14 20:50:30,657 INFO    : Snapshot:1	0	10	Epoch:9	Loss:14.782	MRR:19.46	Hits@10:31.48	Best:19.46
2025-01-14 20:50:38,415 INFO    : Snapshot:1	1	10	Epoch:10	Loss:14.679	MRR:19.4	Hits@10:31.47	Best:19.46
2025-01-14 20:50:46,010 INFO    : Snapshot:1	2	10	Epoch:11	Loss:14.718	MRR:19.44	Hits@10:31.55	Best:19.46
2025-01-14 20:50:53,634 INFO    : Snapshot:1	3	10	Epoch:12	Loss:14.673	MRR:19.46	Hits@10:31.56	Best:19.46
2025-01-14 20:51:01,335 INFO    : Snapshot:1	4	10	Epoch:13	Loss:14.708	MRR:19.46	Hits@10:31.64	Best:19.46
2025-01-14 20:51:09,161 INFO    : Snapshot:1	0	10	Epoch:14	Loss:14.663	MRR:19.53	Hits@10:31.62	Best:19.53
2025-01-14 20:51:16,800 INFO    : Snapshot:1	1	10	Epoch:15	Loss:14.65	MRR:19.51	Hits@10:31.61	Best:19.53
2025-01-14 20:51:24,405 INFO    : Snapshot:1	0	10	Epoch:16	Loss:14.619	MRR:19.54	Hits@10:31.71	Best:19.54
2025-01-14 20:51:31,999 INFO    : Snapshot:1	1	10	Epoch:17	Loss:14.608	MRR:19.49	Hits@10:31.64	Best:19.54
2025-01-14 20:51:39,609 INFO    : Snapshot:1	2	10	Epoch:18	Loss:14.614	MRR:19.49	Hits@10:31.61	Best:19.54
2025-01-14 20:51:47,184 INFO    : Snapshot:1	3	10	Epoch:19	Loss:14.589	MRR:19.54	Hits@10:31.66	Best:19.54
2025-01-14 20:51:54,745 INFO    : Snapshot:1	4	10	Epoch:20	Loss:14.619	MRR:19.54	Hits@10:31.72	Best:19.54
2025-01-14 20:52:02,418 INFO    : Snapshot:1	0	10	Epoch:21	Loss:14.573	MRR:19.57	Hits@10:31.7	Best:19.57
2025-01-14 20:52:10,093 INFO    : Snapshot:1	0	10	Epoch:22	Loss:14.564	MRR:19.58	Hits@10:31.65	Best:19.58
2025-01-14 20:52:17,827 INFO    : Snapshot:1	0	10	Epoch:23	Loss:14.586	MRR:19.6	Hits@10:31.75	Best:19.6
2025-01-14 20:52:25,771 INFO    : Snapshot:1	1	10	Epoch:24	Loss:14.578	MRR:19.55	Hits@10:31.63	Best:19.6
2025-01-14 20:52:33,410 INFO    : Snapshot:1	2	10	Epoch:25	Loss:14.575	MRR:19.53	Hits@10:31.68	Best:19.6
2025-01-14 20:52:41,157 INFO    : Snapshot:1	3	10	Epoch:26	Loss:14.551	MRR:19.6	Hits@10:31.75	Best:19.6
2025-01-14 20:52:48,789 INFO    : Snapshot:1	4	10	Epoch:27	Loss:14.563	MRR:19.6	Hits@10:31.75	Best:19.6
2025-01-14 20:52:56,408 INFO    : Snapshot:1	0	10	Epoch:28	Loss:14.553	MRR:19.63	Hits@10:31.77	Best:19.63
2025-01-14 20:53:04,004 INFO    : Snapshot:1	1	10	Epoch:29	Loss:14.535	MRR:19.55	Hits@10:31.68	Best:19.63
2025-01-14 20:53:11,724 INFO    : Snapshot:1	2	10	Epoch:30	Loss:14.543	MRR:19.58	Hits@10:31.68	Best:19.63
2025-01-14 20:53:19,382 INFO    : Snapshot:1	3	10	Epoch:31	Loss:14.524	MRR:19.6	Hits@10:31.74	Best:19.63
2025-01-14 20:53:27,057 INFO    : Snapshot:1	4	10	Epoch:32	Loss:14.521	MRR:19.59	Hits@10:31.79	Best:19.63
2025-01-14 20:53:34,754 INFO    : Snapshot:1	5	10	Epoch:33	Loss:14.522	MRR:19.54	Hits@10:31.72	Best:19.63
2025-01-14 20:53:42,410 INFO    : Snapshot:1	6	10	Epoch:34	Loss:14.501	MRR:19.57	Hits@10:31.73	Best:19.63
2025-01-14 20:53:50,012 INFO    : Snapshot:1	7	10	Epoch:35	Loss:14.527	MRR:19.58	Hits@10:31.83	Best:19.63
2025-01-14 20:53:57,669 INFO    : Snapshot:1	8	10	Epoch:36	Loss:14.489	MRR:19.63	Hits@10:31.86	Best:19.63
2025-01-14 20:54:05,245 INFO    : Snapshot:1	9	10	Epoch:37	Loss:14.513	MRR:19.59	Hits@10:31.74	Best:19.63
2025-01-14 20:54:12,917 INFO    : Early Stopping! Snapshot:1 Epoch: 38 Best Results: 19.63
2025-01-14 20:54:13,022 INFO    : => loading checkpoint './checkpoint/FACT\1model_best.tar'
2025-01-14 20:54:22,320 INFO    : 
+------------+--------+--------+--------+--------+---------+
| Snapshot:1 |  MRR   | Hits@1 | Hits@3 | Hits@5 | Hits@10 |
+------------+--------+--------+--------+--------+---------+
|     0      |  0.24  | 0.1585 | 0.2781 | 0.3244 |  0.3882 |
|     1      | 0.1935 | 0.1254 | 0.2237 | 0.263  |  0.3161 |
+------------+--------+--------+--------+--------+---------+
2025-01-14 20:54:38,371 INFO    : Snapshot:2	0	10	Epoch:0	Loss:17.677	MRR:16.92	Hits@10:28.56	Best:16.92
2025-01-14 20:54:46,471 INFO    : Snapshot:2	0	10	Epoch:1	Loss:16.633	MRR:17.03	Hits@10:28.73	Best:17.03
2025-01-14 20:54:54,630 INFO    : Snapshot:2	0	10	Epoch:2	Loss:16.446	MRR:17.06	Hits@10:28.86	Best:17.06
2025-01-14 20:55:02,724 INFO    : Snapshot:2	0	10	Epoch:3	Loss:16.355	MRR:17.13	Hits@10:28.92	Best:17.13
2025-01-14 20:55:10,891 INFO    : Snapshot:2	1	10	Epoch:4	Loss:16.308	MRR:17.12	Hits@10:28.94	Best:17.13
2025-01-14 20:55:18,966 INFO    : Snapshot:2	0	10	Epoch:5	Loss:16.285	MRR:17.17	Hits@10:28.98	Best:17.17
2025-01-14 20:55:26,987 INFO    : Snapshot:2	0	10	Epoch:6	Loss:16.263	MRR:17.22	Hits@10:29.08	Best:17.22
2025-01-14 20:55:34,956 INFO    : Snapshot:2	1	10	Epoch:7	Loss:16.269	MRR:17.21	Hits@10:29.11	Best:17.22
2025-01-14 20:55:42,981 INFO    : Snapshot:2	2	10	Epoch:8	Loss:16.256	MRR:17.16	Hits@10:29.07	Best:17.22
2025-01-14 20:55:51,228 INFO    : Snapshot:2	3	10	Epoch:9	Loss:16.229	MRR:17.18	Hits@10:29.16	Best:17.22
2025-01-14 20:55:59,159 INFO    : Snapshot:2	4	10	Epoch:10	Loss:16.2	MRR:17.19	Hits@10:29.14	Best:17.22
2025-01-14 20:56:07,266 INFO    : Snapshot:2	0	10	Epoch:11	Loss:16.196	MRR:17.23	Hits@10:29.13	Best:17.23
2025-01-14 20:56:15,296 INFO    : Snapshot:2	1	10	Epoch:12	Loss:16.217	MRR:17.22	Hits@10:29.05	Best:17.23
2025-01-14 20:56:23,332 INFO    : Snapshot:2	2	10	Epoch:13	Loss:16.215	MRR:17.2	Hits@10:29.04	Best:17.23
2025-01-14 20:56:31,353 INFO    : Snapshot:2	3	10	Epoch:14	Loss:16.186	MRR:17.2	Hits@10:29.09	Best:17.23
2025-01-14 20:56:39,407 INFO    : Snapshot:2	0	10	Epoch:15	Loss:16.206	MRR:17.26	Hits@10:29.21	Best:17.26
2025-01-14 20:56:47,410 INFO    : Snapshot:2	1	10	Epoch:16	Loss:16.211	MRR:17.2	Hits@10:29.15	Best:17.26
2025-01-14 20:56:55,386 INFO    : Snapshot:2	2	10	Epoch:17	Loss:16.17	MRR:17.24	Hits@10:29.17	Best:17.26
2025-01-14 20:57:03,374 INFO    : Snapshot:2	3	10	Epoch:18	Loss:16.165	MRR:17.2	Hits@10:29.12	Best:17.26
2025-01-14 20:57:11,366 INFO    : Snapshot:2	4	10	Epoch:19	Loss:16.179	MRR:17.22	Hits@10:29.17	Best:17.26
2025-01-14 20:57:19,383 INFO    : Snapshot:2	5	10	Epoch:20	Loss:16.162	MRR:17.22	Hits@10:29.17	Best:17.26
2025-01-14 20:57:27,415 INFO    : Snapshot:2	6	10	Epoch:21	Loss:16.166	MRR:17.23	Hits@10:29.2	Best:17.26
2025-01-14 20:57:35,439 INFO    : Snapshot:2	7	10	Epoch:22	Loss:16.153	MRR:17.26	Hits@10:29.2	Best:17.26
2025-01-14 20:57:43,530 INFO    : Snapshot:2	0	10	Epoch:23	Loss:16.177	MRR:17.27	Hits@10:29.25	Best:17.27
2025-01-14 20:57:51,506 INFO    : Snapshot:2	1	10	Epoch:24	Loss:16.168	MRR:17.26	Hits@10:29.25	Best:17.27
2025-01-14 20:57:59,493 INFO    : Snapshot:2	2	10	Epoch:25	Loss:16.189	MRR:17.26	Hits@10:29.26	Best:17.27
2025-01-14 20:58:07,525 INFO    : Snapshot:2	3	10	Epoch:26	Loss:16.184	MRR:17.23	Hits@10:29.17	Best:17.27
2025-01-14 20:58:15,590 INFO    : Snapshot:2	4	10	Epoch:27	Loss:16.177	MRR:17.21	Hits@10:29.19	Best:17.27
2025-01-14 20:58:23,855 INFO    : Snapshot:2	5	10	Epoch:28	Loss:16.187	MRR:17.26	Hits@10:29.22	Best:17.27
2025-01-14 20:58:31,917 INFO    : Snapshot:2	6	10	Epoch:29	Loss:16.137	MRR:17.25	Hits@10:29.27	Best:17.27
2025-01-14 20:58:39,947 INFO    : Snapshot:2	7	10	Epoch:30	Loss:16.169	MRR:17.25	Hits@10:29.23	Best:17.27
2025-01-14 20:58:47,967 INFO    : Snapshot:2	8	10	Epoch:31	Loss:16.162	MRR:17.24	Hits@10:29.29	Best:17.27
2025-01-14 20:58:55,966 INFO    : Snapshot:2	9	10	Epoch:32	Loss:16.145	MRR:17.23	Hits@10:29.21	Best:17.27
2025-01-14 20:59:03,977 INFO    : Snapshot:2	0	10	Epoch:33	Loss:16.175	MRR:17.28	Hits@10:29.33	Best:17.28
2025-01-14 20:59:11,956 INFO    : Snapshot:2	1	10	Epoch:34	Loss:16.176	MRR:17.24	Hits@10:29.28	Best:17.28
2025-01-14 20:59:20,004 INFO    : Snapshot:2	0	10	Epoch:35	Loss:16.181	MRR:17.29	Hits@10:29.23	Best:17.29
2025-01-14 20:59:28,040 INFO    : Snapshot:2	1	10	Epoch:36	Loss:16.135	MRR:17.28	Hits@10:29.37	Best:17.29
2025-01-14 20:59:36,104 INFO    : Snapshot:2	2	10	Epoch:37	Loss:16.159	MRR:17.26	Hits@10:29.29	Best:17.29
2025-01-14 20:59:44,338 INFO    : Snapshot:2	3	10	Epoch:38	Loss:16.159	MRR:17.28	Hits@10:29.27	Best:17.29
2025-01-14 20:59:52,335 INFO    : Snapshot:2	4	10	Epoch:39	Loss:16.129	MRR:17.27	Hits@10:29.31	Best:17.29
2025-01-14 21:00:00,338 INFO    : Snapshot:2	5	10	Epoch:40	Loss:16.133	MRR:17.24	Hits@10:29.3	Best:17.29
2025-01-14 21:00:08,387 INFO    : Snapshot:2	6	10	Epoch:41	Loss:16.132	MRR:17.25	Hits@10:29.28	Best:17.29
2025-01-14 21:00:16,506 INFO    : Snapshot:2	7	10	Epoch:42	Loss:16.173	MRR:17.26	Hits@10:29.32	Best:17.29
2025-01-14 21:00:24,558 INFO    : Snapshot:2	8	10	Epoch:43	Loss:16.134	MRR:17.24	Hits@10:29.3	Best:17.29
2025-01-14 21:00:32,640 INFO    : Snapshot:2	9	10	Epoch:44	Loss:16.168	MRR:17.22	Hits@10:29.36	Best:17.29
2025-01-14 21:00:40,750 INFO    : Early Stopping! Snapshot:2 Epoch: 45 Best Results: 17.29
2025-01-14 21:00:40,849 INFO    : => loading checkpoint './checkpoint/FACT\2model_best.tar'
2025-01-14 21:00:55,577 INFO    : 
+------------+--------+--------+--------+--------+---------+
| Snapshot:2 |  MRR   | Hits@1 | Hits@3 | Hits@5 | Hits@10 |
+------------+--------+--------+--------+--------+---------+
|     0      |  0.24  | 0.1585 | 0.2781 | 0.3244 |  0.3882 |
|     1      | 0.1935 | 0.1254 | 0.2237 | 0.263  |  0.3161 |
|     2      | 0.1713 | 0.1056 | 0.1976 | 0.2354 |  0.2915 |
+------------+--------+--------+--------+--------+---------+
2025-01-14 21:01:12,280 INFO    : Snapshot:3	0	10	Epoch:0	Loss:17.454	MRR:14.39	Hits@10:25.66	Best:14.39
2025-01-14 21:01:20,497 INFO    : Snapshot:3	0	10	Epoch:1	Loss:16.977	MRR:14.41	Hits@10:25.67	Best:14.41
2025-01-14 21:01:28,991 INFO    : Snapshot:3	0	10	Epoch:2	Loss:16.965	MRR:14.43	Hits@10:25.78	Best:14.43
2025-01-14 21:01:37,481 INFO    : Snapshot:3	1	10	Epoch:3	Loss:16.904	MRR:14.43	Hits@10:25.78	Best:14.43
2025-01-14 21:01:45,902 INFO    : Snapshot:3	2	10	Epoch:4	Loss:16.867	MRR:14.42	Hits@10:25.73	Best:14.43
2025-01-14 21:01:55,648 INFO    : Snapshot:3	0	10	Epoch:5	Loss:16.885	MRR:14.45	Hits@10:25.77	Best:14.45
2025-01-14 21:02:04,134 INFO    : Snapshot:3	0	10	Epoch:6	Loss:16.879	MRR:14.47	Hits@10:25.74	Best:14.47
2025-01-14 21:02:12,630 INFO    : Snapshot:3	0	10	Epoch:7	Loss:16.837	MRR:14.49	Hits@10:25.77	Best:14.49
2025-01-14 21:02:21,227 INFO    : Snapshot:3	1	10	Epoch:8	Loss:16.876	MRR:14.47	Hits@10:25.76	Best:14.49
2025-01-14 21:02:29,819 INFO    : Snapshot:3	0	10	Epoch:9	Loss:16.854	MRR:14.5	Hits@10:25.8	Best:14.5
2025-01-14 21:02:38,362 INFO    : Snapshot:3	1	10	Epoch:10	Loss:16.84	MRR:14.48	Hits@10:25.79	Best:14.5
2025-01-14 21:02:46,847 INFO    : Snapshot:3	2	10	Epoch:11	Loss:16.891	MRR:14.49	Hits@10:25.75	Best:14.5
2025-01-14 21:02:55,354 INFO    : Snapshot:3	3	10	Epoch:12	Loss:16.851	MRR:14.5	Hits@10:25.82	Best:14.5
2025-01-14 21:03:03,872 INFO    : Snapshot:3	4	10	Epoch:13	Loss:16.866	MRR:14.49	Hits@10:25.83	Best:14.5
2025-01-14 21:03:12,357 INFO    : Snapshot:3	5	10	Epoch:14	Loss:16.833	MRR:14.49	Hits@10:25.74	Best:14.5
2025-01-14 21:03:20,920 INFO    : Snapshot:3	6	10	Epoch:15	Loss:16.816	MRR:14.5	Hits@10:25.83	Best:14.5
2025-01-14 21:03:29,447 INFO    : Snapshot:3	7	10	Epoch:16	Loss:16.863	MRR:14.5	Hits@10:25.84	Best:14.5
2025-01-14 21:03:38,136 INFO    : Snapshot:3	8	10	Epoch:17	Loss:16.827	MRR:14.5	Hits@10:25.81	Best:14.5
2025-01-14 21:03:46,419 INFO    : Snapshot:3	9	10	Epoch:18	Loss:16.828	MRR:14.49	Hits@10:25.82	Best:14.5
2025-01-14 21:03:54,660 INFO    : Early Stopping! Snapshot:3 Epoch: 19 Best Results: 14.5
2025-01-14 21:03:54,759 INFO    : => loading checkpoint './checkpoint/FACT\3model_best.tar'
2025-01-14 21:04:15,064 INFO    : 
+------------+--------+--------+--------+--------+---------+
| Snapshot:3 |  MRR   | Hits@1 | Hits@3 | Hits@5 | Hits@10 |
+------------+--------+--------+--------+--------+---------+
|     0      |  0.24  | 0.1585 | 0.2781 | 0.3244 |  0.3882 |
|     1      | 0.1935 | 0.1254 | 0.2237 | 0.263  |  0.3161 |
|     2      | 0.1713 | 0.1056 | 0.1976 | 0.2354 |  0.2915 |
|     3      | 0.1456 | 0.0843 | 0.1648 | 0.2032 |  0.2594 |
+------------+--------+--------+--------+--------+---------+
2025-01-14 21:05:29,639 INFO    : Snapshot:4	0	10	Epoch:0	Loss:17.123	MRR:10.83	Hits@10:20.55	Best:10.83
2025-01-14 21:06:06,709 INFO    : Snapshot:4	1	10	Epoch:1	Loss:16.406	MRR:10.79	Hits@10:20.63	Best:10.83
2025-01-14 21:06:43,885 INFO    : Snapshot:4	2	10	Epoch:2	Loss:16.401	MRR:10.8	Hits@10:20.64	Best:10.83
2025-01-14 21:07:21,046 INFO    : Snapshot:4	3	10	Epoch:3	Loss:16.37	MRR:10.79	Hits@10:20.58	Best:10.83
2025-01-14 21:07:58,365 INFO    : Snapshot:4	0	10	Epoch:4	Loss:16.373	MRR:10.86	Hits@10:20.78	Best:10.86
2025-01-14 21:08:35,465 INFO    : Snapshot:4	1	10	Epoch:5	Loss:16.355	MRR:10.86	Hits@10:20.7	Best:10.86
2025-01-14 21:09:12,645 INFO    : Snapshot:4	2	10	Epoch:6	Loss:16.344	MRR:10.83	Hits@10:20.79	Best:10.86
2025-01-14 21:09:49,822 INFO    : Snapshot:4	3	10	Epoch:7	Loss:16.338	MRR:10.84	Hits@10:20.73	Best:10.86
2025-01-14 21:10:26,935 INFO    : Snapshot:4	4	10	Epoch:8	Loss:16.362	MRR:10.84	Hits@10:20.69	Best:10.86
2025-01-14 21:11:04,081 INFO    : Snapshot:4	5	10	Epoch:9	Loss:16.346	MRR:10.82	Hits@10:20.77	Best:10.86
2025-01-14 21:11:41,208 INFO    : Snapshot:4	6	10	Epoch:10	Loss:16.339	MRR:10.8	Hits@10:20.74	Best:10.86
2025-01-14 21:12:18,260 INFO    : Snapshot:4	7	10	Epoch:11	Loss:16.307	MRR:10.86	Hits@10:20.75	Best:10.86
2025-01-14 21:12:55,373 INFO    : Snapshot:4	8	10	Epoch:12	Loss:16.305	MRR:10.78	Hits@10:20.62	Best:10.86
2025-01-14 21:13:32,552 INFO    : Snapshot:4	0	10	Epoch:13	Loss:16.326	MRR:10.89	Hits@10:20.81	Best:10.89
2025-01-14 21:14:09,725 INFO    : Snapshot:4	1	10	Epoch:14	Loss:16.294	MRR:10.8	Hits@10:20.67	Best:10.89
2025-01-14 21:14:46,894 INFO    : Snapshot:4	2	10	Epoch:15	Loss:16.334	MRR:10.86	Hits@10:20.72	Best:10.89
2025-01-14 21:15:24,070 INFO    : Snapshot:4	3	10	Epoch:16	Loss:16.319	MRR:10.83	Hits@10:20.71	Best:10.89
2025-01-14 21:16:01,229 INFO    : Snapshot:4	4	10	Epoch:17	Loss:16.315	MRR:10.83	Hits@10:20.63	Best:10.89
2025-01-14 21:16:38,334 INFO    : Snapshot:4	5	10	Epoch:18	Loss:16.332	MRR:10.85	Hits@10:20.73	Best:10.89
2025-01-14 21:17:15,465 INFO    : Snapshot:4	6	10	Epoch:19	Loss:16.339	MRR:10.84	Hits@10:20.68	Best:10.89
2025-01-14 21:17:52,565 INFO    : Snapshot:4	7	10	Epoch:20	Loss:16.317	MRR:10.84	Hits@10:20.68	Best:10.89
2025-01-14 21:18:29,617 INFO    : Snapshot:4	8	10	Epoch:21	Loss:16.312	MRR:10.87	Hits@10:20.69	Best:10.89
2025-01-14 21:19:07,006 INFO    : Snapshot:4	9	10	Epoch:22	Loss:16.289	MRR:10.86	Hits@10:20.71	Best:10.89
2025-01-14 21:19:44,118 INFO    : Early Stopping! Snapshot:4 Epoch: 23 Best Results: 10.89
2025-01-14 21:19:44,215 INFO    : => loading checkpoint './checkpoint/FACT\4model_best.tar'
2025-01-14 21:20:39,086 INFO    : 
+------------+--------+--------+--------+--------+---------+
| Snapshot:4 |  MRR   | Hits@1 | Hits@3 | Hits@5 | Hits@10 |
+------------+--------+--------+--------+--------+---------+
|     0      |  0.24  | 0.1585 | 0.2781 | 0.3244 |  0.3882 |
|     1      | 0.1935 | 0.1254 | 0.2237 | 0.263  |  0.3161 |
|     2      | 0.1713 | 0.1056 | 0.1976 | 0.2354 |  0.2915 |
|     3      | 0.1456 | 0.0843 | 0.1648 | 0.2032 |  0.2594 |
|     4      | 0.1093 | 0.0549 | 0.1204 | 0.1538 |  0.2075 |
+------------+--------+--------+--------+--------+---------+
2025-01-14 21:20:39,086 INFO    : Final Result:
[+------------+------+--------+--------+--------+---------+
| Snapshot:0 | MRR  | Hits@1 | Hits@3 | Hits@5 | Hits@10 |
+------------+------+--------+--------+--------+---------+
|     0      | 0.24 | 0.1585 | 0.2781 | 0.3244 |  0.3882 |
+------------+------+--------+--------+--------+---------+, +------------+--------+--------+--------+--------+---------+
| Snapshot:1 |  MRR   | Hits@1 | Hits@3 | Hits@5 | Hits@10 |
+------------+--------+--------+--------+--------+---------+
|     0      |  0.24  | 0.1585 | 0.2781 | 0.3244 |  0.3882 |
|     1      | 0.1935 | 0.1254 | 0.2237 | 0.263  |  0.3161 |
+------------+--------+--------+--------+--------+---------+, +------------+--------+--------+--------+--------+---------+
| Snapshot:2 |  MRR   | Hits@1 | Hits@3 | Hits@5 | Hits@10 |
+------------+--------+--------+--------+--------+---------+
|     0      |  0.24  | 0.1585 | 0.2781 | 0.3244 |  0.3882 |
|     1      | 0.1935 | 0.1254 | 0.2237 | 0.263  |  0.3161 |
|     2      | 0.1713 | 0.1056 | 0.1976 | 0.2354 |  0.2915 |
+------------+--------+--------+--------+--------+---------+, +------------+--------+--------+--------+--------+---------+
| Snapshot:3 |  MRR   | Hits@1 | Hits@3 | Hits@5 | Hits@10 |
+------------+--------+--------+--------+--------+---------+
|     0      |  0.24  | 0.1585 | 0.2781 | 0.3244 |  0.3882 |
|     1      | 0.1935 | 0.1254 | 0.2237 | 0.263  |  0.3161 |
|     2      | 0.1713 | 0.1056 | 0.1976 | 0.2354 |  0.2915 |
|     3      | 0.1456 | 0.0843 | 0.1648 | 0.2032 |  0.2594 |
+------------+--------+--------+--------+--------+---------+, +------------+--------+--------+--------+--------+---------+
| Snapshot:4 |  MRR   | Hits@1 | Hits@3 | Hits@5 | Hits@10 |
+------------+--------+--------+--------+--------+---------+
|     0      |  0.24  | 0.1585 | 0.2781 | 0.3244 |  0.3882 |
|     1      | 0.1935 | 0.1254 | 0.2237 | 0.263  |  0.3161 |
|     2      | 0.1713 | 0.1056 | 0.1976 | 0.2354 |  0.2915 |
|     3      | 0.1456 | 0.0843 | 0.1648 | 0.2032 |  0.2594 |
|     4      | 0.1093 | 0.0549 | 0.1204 | 0.1538 |  0.2075 |
+------------+--------+--------+--------+--------+---------+]
2025-01-14 21:20:39,086 INFO    : Report Result:
+----------+--------------------+-----------+--------------+--------------+---------------+
| Snapshot |        Time        | Whole_MRR | Whole_Hits@1 | Whole_Hits@3 | Whole_Hits@10 |
+----------+--------------------+-----------+--------------+--------------+---------------+
|    0     | 120.11294960975647 |    0.24   |    0.159     |    0.278     |     0.388     |
|    1     | 300.75162839889526 |   0.217   |    0.142     |    0.251     |     0.352     |
|    2     | 372.7628197669983  |   0.202   |     0.13     |    0.233     |     0.332     |
|    3     | 173.2290177345276  |   0.188   |    0.118     |    0.216     |     0.314     |
|    4     | 893.9117274284363  |   0.172   |    0.106     |    0.197     |     0.293     |
+----------+--------------------+-----------+--------------+--------------+---------------+
2025-01-14 21:20:39,086 INFO    : Sum_Training_Time:1860.768142938614
2025-01-14 21:20:39,086 INFO    : Every_Training_Time:[120.11294960975647, 300.75162839889526, 372.7628197669983, 173.2290177345276, 893.9117274284363]
2025-01-14 21:20:39,086 INFO    : Forward transfer: 0.14035 Backward transfer: 0.0
