2024-09-24 16:24:15,714 INFO    : Namespace(batch_size=1024, data_path='./data/FB_CKGE/', dataset='FB_CKGE', debug=False, device=device(type='cuda', index=0), emb_dim=200, ent_r='150', epoch_num=200, explore=False, gpu='0', l2=0.0, learning_rate='1e-1', log_path='./logs/20240924162405/FB_CKGE', logger=<RootLogger root (INFO)>, margin=8.0, model_name='LoraKGE_Layers', multi_layers_path='train_sorted_by_edges_betweenness.txt', neg_ratio=10, note='', num_ent_layers='10', num_layer=1, num_rel_layers='1', patience=3, predict_result='True', r=100, r_fixed=True, random_seed=3407, record=False, rel_r='20', save_path='./checkpoint/FB_CKGE', skip_previous='False', snapshot_num=5, train_new=True, using_multi_layers=False, using_various_ranks='True', using_various_ranks_reverse=False, valid_metrics='mrr')
2024-09-24 16:24:37,513 INFO    : Snapshot:0	0	3	Epoch:0	Loss:91.268	MRR:22.64	Hits@10:42.62	Best:22.64
2024-09-24 16:24:54,922 INFO    : Snapshot:0	0	3	Epoch:1	Loss:17.198	MRR:24.74	Hits@10:45.16	Best:24.74
2024-09-24 16:25:11,978 INFO    : Snapshot:0	1	3	Epoch:2	Loss:7.016	MRR:23.93	Hits@10:44.13	Best:24.74
2024-09-24 16:25:29,137 INFO    : Snapshot:0	2	3	Epoch:3	Loss:4.7	MRR:23.72	Hits@10:43.5	Best:24.74
2024-09-24 16:25:46,711 INFO    : Early Stopping! Snapshot:0 Epoch: 4 Best Results: 24.74
2024-09-24 16:25:46,823 INFO    : => loading checkpoint './checkpoint/FB_CKGE\0model_best.tar'
2024-09-24 16:26:05,161 INFO    : 
+------------+-------+--------+--------+--------+---------+
| Snapshot:0 |  MRR  | Hits@1 | Hits@3 | Hits@5 | Hits@10 |
+------------+-------+--------+--------+--------+---------+
|     0      | 0.246 | 0.1419 | 0.2865 |  0.36  |  0.452  |
+------------+-------+--------+--------+--------+---------+
2024-09-24 16:26:17,067 INFO    : Snapshot:1	0	3	Epoch:0	Loss:9.556	MRR:11.05	Hits@10:20.2	Best:11.05
2024-09-24 16:26:20,920 INFO    : Snapshot:1	0	3	Epoch:1	Loss:2.711	MRR:12.97	Hits@10:24.4	Best:12.97
2024-09-24 16:26:24,821 INFO    : Snapshot:1	0	3	Epoch:2	Loss:1.868	MRR:13.95	Hits@10:26.64	Best:13.95
2024-09-24 16:26:28,729 INFO    : Snapshot:1	0	3	Epoch:3	Loss:1.512	MRR:14.75	Hits@10:27.71	Best:14.75
2024-09-24 16:26:32,569 INFO    : Snapshot:1	0	3	Epoch:4	Loss:1.312	MRR:14.87	Hits@10:28.72	Best:14.87
2024-09-24 16:26:36,421 INFO    : Snapshot:1	0	3	Epoch:5	Loss:1.147	MRR:15.44	Hits@10:29.19	Best:15.44
2024-09-24 16:26:40,272 INFO    : Snapshot:1	0	3	Epoch:6	Loss:1.051	MRR:15.46	Hits@10:29.52	Best:15.46
2024-09-24 16:26:44,088 INFO    : Snapshot:1	0	3	Epoch:7	Loss:0.966	MRR:15.67	Hits@10:29.86	Best:15.67
2024-09-24 16:26:47,910 INFO    : Snapshot:1	1	3	Epoch:8	Loss:0.921	MRR:15.67	Hits@10:30.01	Best:15.67
2024-09-24 16:26:51,738 INFO    : Snapshot:1	0	3	Epoch:9	Loss:0.851	MRR:15.75	Hits@10:29.98	Best:15.75
2024-09-24 16:26:55,654 INFO    : Snapshot:1	0	3	Epoch:10	Loss:0.823	MRR:16.11	Hits@10:30.05	Best:16.11
2024-09-24 16:26:59,471 INFO    : Snapshot:1	0	3	Epoch:11	Loss:0.781	MRR:16.33	Hits@10:30.45	Best:16.33
2024-09-24 16:27:03,228 INFO    : Snapshot:1	1	3	Epoch:12	Loss:0.76	MRR:16.3	Hits@10:30.72	Best:16.33
2024-09-24 16:27:07,054 INFO    : Snapshot:1	2	3	Epoch:13	Loss:0.726	MRR:16.32	Hits@10:30.8	Best:16.33
2024-09-24 16:27:10,863 INFO    : Early Stopping! Snapshot:1 Epoch: 14 Best Results: 16.33
2024-09-24 16:27:10,993 INFO    : => loading checkpoint './checkpoint/FB_CKGE\1model_best.tar'
2024-09-24 16:27:36,920 INFO    : 
+------------+-------+--------+--------+--------+---------+
| Snapshot:1 |  MRR  | Hits@1 | Hits@3 | Hits@5 | Hits@10 |
+------------+-------+--------+--------+--------+---------+
|     0      | 0.246 | 0.1419 | 0.2865 |  0.36  |  0.452  |
|     1      | 0.169 | 0.0981 | 0.1868 | 0.2338 |  0.3097 |
+------------+-------+--------+--------+--------+---------+
2024-09-24 16:27:49,186 INFO    : Snapshot:2	0	3	Epoch:0	Loss:6.756	MRR:16.74	Hits@10:29.85	Best:16.74
2024-09-24 16:27:53,505 INFO    : Snapshot:2	0	3	Epoch:1	Loss:2.952	MRR:17.02	Hits@10:30.39	Best:17.02
2024-09-24 16:27:57,795 INFO    : Snapshot:2	0	3	Epoch:2	Loss:2.51	MRR:17.1	Hits@10:30.55	Best:17.1
2024-09-24 16:28:02,131 INFO    : Snapshot:2	0	3	Epoch:3	Loss:2.319	MRR:17.24	Hits@10:30.77	Best:17.24
2024-09-24 16:28:06,516 INFO    : Snapshot:2	0	3	Epoch:4	Loss:2.192	MRR:17.26	Hits@10:30.86	Best:17.26
2024-09-24 16:28:10,870 INFO    : Snapshot:2	0	3	Epoch:5	Loss:2.121	MRR:17.33	Hits@10:31.09	Best:17.33
2024-09-24 16:28:15,362 INFO    : Snapshot:2	1	3	Epoch:6	Loss:2.083	MRR:17.27	Hits@10:30.8	Best:17.33
2024-09-24 16:28:19,671 INFO    : Snapshot:2	2	3	Epoch:7	Loss:2.031	MRR:17.28	Hits@10:30.94	Best:17.33
2024-09-24 16:28:23,987 INFO    : Snapshot:2	0	3	Epoch:8	Loss:1.995	MRR:17.34	Hits@10:31.03	Best:17.34
2024-09-24 16:28:28,358 INFO    : Snapshot:2	1	3	Epoch:9	Loss:1.956	MRR:17.32	Hits@10:31.02	Best:17.34
2024-09-24 16:28:32,712 INFO    : Snapshot:2	0	3	Epoch:10	Loss:1.929	MRR:17.51	Hits@10:31.24	Best:17.51
2024-09-24 16:28:36,985 INFO    : Snapshot:2	1	3	Epoch:11	Loss:1.911	MRR:17.48	Hits@10:31.28	Best:17.51
2024-09-24 16:28:41,231 INFO    : Snapshot:2	2	3	Epoch:12	Loss:1.895	MRR:17.42	Hits@10:31.16	Best:17.51
2024-09-24 16:28:45,568 INFO    : Early Stopping! Snapshot:2 Epoch: 13 Best Results: 17.51
2024-09-24 16:28:45,680 INFO    : => loading checkpoint './checkpoint/FB_CKGE\2model_best.tar'
2024-09-24 16:29:14,820 INFO    : 
+------------+--------+--------+--------+--------+---------+
| Snapshot:2 |  MRR   | Hits@1 | Hits@3 | Hits@5 | Hits@10 |
+------------+--------+--------+--------+--------+---------+
|     0      | 0.246  | 0.1419 | 0.2865 |  0.36  |  0.452  |
|     1      | 0.169  | 0.0981 | 0.1868 | 0.2338 |  0.3097 |
|     2      | 0.1754 | 0.1056 | 0.1964 | 0.2407 |  0.3108 |
+------------+--------+--------+--------+--------+---------+
2024-09-24 16:29:27,411 INFO    : Snapshot:3	0	3	Epoch:0	Loss:4.888	MRR:18.24	Hits@10:31.63	Best:18.24
2024-09-24 16:29:31,989 INFO    : Snapshot:3	0	3	Epoch:1	Loss:3.124	MRR:18.31	Hits@10:31.72	Best:18.31
2024-09-24 16:29:36,550 INFO    : Snapshot:3	0	3	Epoch:2	Loss:2.886	MRR:18.33	Hits@10:31.84	Best:18.33
2024-09-24 16:29:41,208 INFO    : Snapshot:3	0	3	Epoch:3	Loss:2.804	MRR:18.38	Hits@10:31.72	Best:18.38
2024-09-24 16:29:45,743 INFO    : Snapshot:3	1	3	Epoch:4	Loss:2.743	MRR:18.38	Hits@10:31.77	Best:18.38
2024-09-24 16:29:50,276 INFO    : Snapshot:3	0	3	Epoch:5	Loss:2.696	MRR:18.42	Hits@10:31.89	Best:18.42
2024-09-24 16:29:54,833 INFO    : Snapshot:3	1	3	Epoch:6	Loss:2.677	MRR:18.36	Hits@10:31.8	Best:18.42
2024-09-24 16:29:59,444 INFO    : Snapshot:3	2	3	Epoch:7	Loss:2.688	MRR:18.41	Hits@10:31.9	Best:18.42
2024-09-24 16:30:04,018 INFO    : Early Stopping! Snapshot:3 Epoch: 8 Best Results: 18.42
2024-09-24 16:30:04,133 INFO    : => loading checkpoint './checkpoint/FB_CKGE\3model_best.tar'
2024-09-24 16:30:37,587 INFO    : 
+------------+--------+--------+--------+--------+---------+
| Snapshot:3 |  MRR   | Hits@1 | Hits@3 | Hits@5 | Hits@10 |
+------------+--------+--------+--------+--------+---------+
|     0      | 0.246  | 0.1419 | 0.2865 |  0.36  |  0.452  |
|     1      | 0.169  | 0.0981 | 0.1868 | 0.2338 |  0.3097 |
|     2      | 0.1754 | 0.1056 | 0.1964 | 0.2407 |  0.3108 |
|     3      | 0.1824 | 0.1122 | 0.2034 | 0.2521 |  0.3161 |
+------------+--------+--------+--------+--------+---------+
2024-09-24 16:30:51,443 INFO    : Snapshot:4	0	3	Epoch:0	Loss:3.834	MRR:19.34	Hits@10:31.97	Best:19.34
2024-09-24 16:30:56,344 INFO    : Snapshot:4	0	3	Epoch:1	Loss:3.218	MRR:19.36	Hits@10:32.04	Best:19.36
2024-09-24 16:31:01,208 INFO    : Snapshot:4	0	3	Epoch:2	Loss:3.114	MRR:19.38	Hits@10:32.06	Best:19.38
2024-09-24 16:31:06,166 INFO    : Snapshot:4	1	3	Epoch:3	Loss:3.107	MRR:19.38	Hits@10:32.05	Best:19.38
2024-09-24 16:31:10,949 INFO    : Snapshot:4	2	3	Epoch:4	Loss:3.099	MRR:19.35	Hits@10:32.02	Best:19.38
2024-09-24 16:31:15,749 INFO    : Early Stopping! Snapshot:4 Epoch: 5 Best Results: 19.38
2024-09-24 16:31:15,878 INFO    : => loading checkpoint './checkpoint/FB_CKGE\4model_best.tar'
2024-09-24 16:31:54,923 INFO    : 
+------------+--------+--------+--------+--------+---------+
| Snapshot:4 |  MRR   | Hits@1 | Hits@3 | Hits@5 | Hits@10 |
+------------+--------+--------+--------+--------+---------+
|     0      | 0.246  | 0.1419 | 0.2865 |  0.36  |  0.452  |
|     1      | 0.169  | 0.0981 | 0.1868 | 0.2338 |  0.3097 |
|     2      | 0.1754 | 0.1056 | 0.1964 | 0.2407 |  0.3108 |
|     3      | 0.1824 | 0.1122 | 0.2034 | 0.2521 |  0.3161 |
|     4      | 0.2117 | 0.1315 | 0.2423 | 0.2965 |  0.3682 |
+------------+--------+--------+--------+--------+---------+
2024-09-24 16:31:54,925 INFO    : Final Result:
[+------------+-------+--------+--------+--------+---------+
| Snapshot:0 |  MRR  | Hits@1 | Hits@3 | Hits@5 | Hits@10 |
+------------+-------+--------+--------+--------+---------+
|     0      | 0.246 | 0.1419 | 0.2865 |  0.36  |  0.452  |
+------------+-------+--------+--------+--------+---------+, +------------+-------+--------+--------+--------+---------+
| Snapshot:1 |  MRR  | Hits@1 | Hits@3 | Hits@5 | Hits@10 |
+------------+-------+--------+--------+--------+---------+
|     0      | 0.246 | 0.1419 | 0.2865 |  0.36  |  0.452  |
|     1      | 0.169 | 0.0981 | 0.1868 | 0.2338 |  0.3097 |
+------------+-------+--------+--------+--------+---------+, +------------+--------+--------+--------+--------+---------+
| Snapshot:2 |  MRR   | Hits@1 | Hits@3 | Hits@5 | Hits@10 |
+------------+--------+--------+--------+--------+---------+
|     0      | 0.246  | 0.1419 | 0.2865 |  0.36  |  0.452  |
|     1      | 0.169  | 0.0981 | 0.1868 | 0.2338 |  0.3097 |
|     2      | 0.1754 | 0.1056 | 0.1964 | 0.2407 |  0.3108 |
+------------+--------+--------+--------+--------+---------+, +------------+--------+--------+--------+--------+---------+
| Snapshot:3 |  MRR   | Hits@1 | Hits@3 | Hits@5 | Hits@10 |
+------------+--------+--------+--------+--------+---------+
|     0      | 0.246  | 0.1419 | 0.2865 |  0.36  |  0.452  |
|     1      | 0.169  | 0.0981 | 0.1868 | 0.2338 |  0.3097 |
|     2      | 0.1754 | 0.1056 | 0.1964 | 0.2407 |  0.3108 |
|     3      | 0.1824 | 0.1122 | 0.2034 | 0.2521 |  0.3161 |
+------------+--------+--------+--------+--------+---------+, +------------+--------+--------+--------+--------+---------+
| Snapshot:4 |  MRR   | Hits@1 | Hits@3 | Hits@5 | Hits@10 |
+------------+--------+--------+--------+--------+---------+
|     0      | 0.246  | 0.1419 | 0.2865 |  0.36  |  0.452  |
|     1      | 0.169  | 0.0981 | 0.1868 | 0.2338 |  0.3097 |
|     2      | 0.1754 | 0.1056 | 0.1964 | 0.2407 |  0.3108 |
|     3      | 0.1824 | 0.1122 | 0.2034 | 0.2521 |  0.3161 |
|     4      | 0.2117 | 0.1315 | 0.2423 | 0.2965 |  0.3682 |
+------------+--------+--------+--------+--------+---------+]
2024-09-24 16:31:54,926 INFO    : Report Result:
+----------+--------------------+-----------+--------------+--------------+---------------+
| Snapshot |        Time        | Whole_MRR | Whole_Hits@1 | Whole_Hits@3 | Whole_Hits@10 |
+----------+--------------------+-----------+--------------+--------------+---------------+
|    0     | 90.99523687362671  |   0.246   |    0.142     |    0.286     |     0.452     |
|    1     | 60.741615772247314 |   0.235   |    0.136     |    0.272     |     0.432     |
|    2     | 63.86459827423096  |   0.228   |    0.132     |    0.263     |     0.417     |
|    3     | 44.180166482925415 |   0.223   |     0.13     |    0.256     |     0.405     |
|    4     | 32.45885133743286  |   0.221   |     0.13     |    0.255     |     0.402     |
+----------+--------------------+-----------+--------------+--------------+---------------+
2024-09-24 16:31:54,926 INFO    : Sum_Training_Time:292.24046874046326
2024-09-24 16:31:54,926 INFO    : Every_Training_Time:[90.99523687362671, 60.741615772247314, 63.86459827423096, 44.180166482925415, 32.45885133743286]
2024-09-24 16:31:54,927 INFO    : Forward transfer: 0.1457 Backward transfer: 0.0
