2025-01-15 11:49:00,706 INFO    : Namespace(batch_size=1024, data_path='./data/ENTITY/', dataset='ENTITY', debug=False, device=device(type='cuda', index=0), emb_dim=200, ent_r='200', epoch_num=200, explore=False, gpu='0', l2=0.0, learning_rate='2e-1', log_path='./logs/ENTITY 200 20 2e-1 1024/ENTITY 20250115114851', logger=<RootLogger root (INFO)>, margin=8.0, model_name='LoraKGE_Layers', multi_layers_path='train_sorted_by_edges_betweenness.txt', neg_ratio=10, note='', num_ent_layers='20', num_layer=1, num_rel_layers='1', patience='3', predict_result=False, r=100, r_fixed=True, random_seed=3407, record=False, rel_r='200', save_path='./checkpoint/ENTITY', skip_previous='False', snapshot_num=5, train_new=True, using_multi_layers=False, using_various_ranks='True', using_various_ranks_reverse=False, valid_metrics='mrr')
2025-01-15 11:49:05,798 INFO    : Snapshot:0	0	3	Epoch:0	Loss:34.146	MRR:11.79	Hits@10:28.45	Best:11.79
2025-01-15 11:49:08,983 INFO    : Snapshot:0	0	3	Epoch:1	Loss:20.905	MRR:23.01	Hits@10:45.51	Best:23.01
2025-01-15 11:49:12,380 INFO    : Snapshot:0	0	3	Epoch:2	Loss:10.329	MRR:29.87	Hits@10:52.32	Best:29.87
2025-01-15 11:49:15,531 INFO    : Snapshot:0	0	3	Epoch:3	Loss:4.876	MRR:32.11	Hits@10:54.1	Best:32.11
2025-01-15 11:49:18,676 INFO    : Snapshot:0	0	3	Epoch:4	Loss:2.693	MRR:32.68	Hits@10:55.09	Best:32.68
2025-01-15 11:49:21,893 INFO    : Snapshot:0	0	3	Epoch:5	Loss:1.753	MRR:32.85	Hits@10:55.4	Best:32.85
2025-01-15 11:49:25,041 INFO    : Snapshot:0	1	3	Epoch:6	Loss:1.3	MRR:32.84	Hits@10:55.15	Best:32.85
2025-01-15 11:49:28,168 INFO    : Snapshot:0	2	3	Epoch:7	Loss:1.061	MRR:32.57	Hits@10:55.02	Best:32.85
2025-01-15 11:49:31,291 INFO    : Early Stopping! Snapshot:0 Epoch: 8 Best Results: 32.85
2025-01-15 11:49:31,380 INFO    : => loading checkpoint './checkpoint/ENTITY\0model_best.tar'
2025-01-15 11:49:33,049 INFO    : 
+------------+--------+--------+--------+--------+---------+
| Snapshot:0 |  MRR   | Hits@1 | Hits@3 | Hits@5 | Hits@10 |
+------------+--------+--------+--------+--------+---------+
|     0      | 0.3303 | 0.212  | 0.3811 | 0.4561 |  0.5576 |
+------------+--------+--------+--------+--------+---------+
2025-01-15 11:49:48,546 INFO    : Snapshot:1	0	3	Epoch:0	Loss:12.488	MRR:16.43	Hits@10:29.56	Best:16.43
2025-01-15 11:49:57,101 INFO    : Snapshot:1	0	3	Epoch:1	Loss:5.02	MRR:18.61	Hits@10:33.14	Best:18.61
2025-01-15 11:50:05,651 INFO    : Snapshot:1	0	3	Epoch:2	Loss:4.228	MRR:19.03	Hits@10:33.72	Best:19.03
2025-01-15 11:50:14,345 INFO    : Snapshot:1	0	3	Epoch:3	Loss:3.82	MRR:19.56	Hits@10:35.29	Best:19.56
2025-01-15 11:50:23,376 INFO    : Snapshot:1	0	3	Epoch:4	Loss:3.516	MRR:19.92	Hits@10:35.59	Best:19.92
2025-01-15 11:50:31,701 INFO    : Snapshot:1	0	3	Epoch:5	Loss:3.315	MRR:20.41	Hits@10:36.41	Best:20.41
2025-01-15 11:50:40,179 INFO    : Snapshot:1	0	3	Epoch:6	Loss:3.204	MRR:20.86	Hits@10:37.03	Best:20.86
2025-01-15 11:50:48,672 INFO    : Snapshot:1	0	3	Epoch:7	Loss:3.047	MRR:21.05	Hits@10:37.77	Best:21.05
2025-01-15 11:50:57,091 INFO    : Snapshot:1	0	3	Epoch:8	Loss:2.947	MRR:21.06	Hits@10:37.78	Best:21.06
2025-01-15 11:51:05,469 INFO    : Snapshot:1	0	3	Epoch:9	Loss:2.874	MRR:21.42	Hits@10:38.1	Best:21.42
2025-01-15 11:51:14,158 INFO    : Snapshot:1	0	3	Epoch:10	Loss:2.795	MRR:21.58	Hits@10:38.13	Best:21.58
2025-01-15 11:51:22,731 INFO    : Snapshot:1	0	3	Epoch:11	Loss:2.71	MRR:21.65	Hits@10:38.52	Best:21.65
2025-01-15 11:51:31,297 INFO    : Snapshot:1	0	3	Epoch:12	Loss:2.64	MRR:21.78	Hits@10:38.6	Best:21.78
2025-01-15 11:51:40,164 INFO    : Snapshot:1	1	3	Epoch:13	Loss:2.638	MRR:21.77	Hits@10:38.73	Best:21.78
2025-01-15 11:51:48,772 INFO    : Snapshot:1	0	3	Epoch:14	Loss:2.569	MRR:21.94	Hits@10:38.96	Best:21.94
2025-01-15 11:51:57,122 INFO    : Snapshot:1	0	3	Epoch:15	Loss:2.556	MRR:22.12	Hits@10:39.17	Best:22.12
2025-01-15 11:52:05,605 INFO    : Snapshot:1	1	3	Epoch:16	Loss:2.511	MRR:22.09	Hits@10:39.05	Best:22.12
2025-01-15 11:52:14,429 INFO    : Snapshot:1	2	3	Epoch:17	Loss:2.503	MRR:22.04	Hits@10:39.35	Best:22.12
2025-01-15 11:52:22,882 INFO    : Snapshot:1	0	3	Epoch:18	Loss:2.424	MRR:22.17	Hits@10:39.64	Best:22.17
2025-01-15 11:52:31,296 INFO    : Snapshot:1	0	3	Epoch:19	Loss:2.421	MRR:22.29	Hits@10:39.66	Best:22.29
2025-01-15 11:52:39,862 INFO    : Snapshot:1	1	3	Epoch:20	Loss:2.391	MRR:22.14	Hits@10:39.37	Best:22.29
2025-01-15 11:52:48,505 INFO    : Snapshot:1	0	3	Epoch:21	Loss:2.37	MRR:22.43	Hits@10:39.72	Best:22.43
2025-01-15 11:52:57,179 INFO    : Snapshot:1	0	3	Epoch:22	Loss:2.353	MRR:22.5	Hits@10:39.97	Best:22.5
2025-01-15 11:53:05,583 INFO    : Snapshot:1	1	3	Epoch:23	Loss:2.328	MRR:22.47	Hits@10:39.93	Best:22.5
2025-01-15 11:53:14,261 INFO    : Snapshot:1	2	3	Epoch:24	Loss:2.306	MRR:22.36	Hits@10:40.1	Best:22.5
2025-01-15 11:53:22,830 INFO    : Snapshot:1	0	3	Epoch:25	Loss:2.288	MRR:22.57	Hits@10:40.13	Best:22.57
2025-01-15 11:53:31,461 INFO    : Snapshot:1	0	3	Epoch:26	Loss:2.282	MRR:22.63	Hits@10:40.12	Best:22.63
2025-01-15 11:53:40,198 INFO    : Snapshot:1	0	3	Epoch:27	Loss:2.26	MRR:22.64	Hits@10:40.3	Best:22.64
2025-01-15 11:53:48,989 INFO    : Snapshot:1	0	3	Epoch:28	Loss:2.251	MRR:22.68	Hits@10:40.37	Best:22.68
2025-01-15 11:53:57,441 INFO    : Snapshot:1	0	3	Epoch:29	Loss:2.243	MRR:22.79	Hits@10:40.26	Best:22.79
2025-01-15 11:54:05,926 INFO    : Snapshot:1	1	3	Epoch:30	Loss:2.241	MRR:22.68	Hits@10:40.3	Best:22.79
2025-01-15 11:54:14,784 INFO    : Snapshot:1	2	3	Epoch:31	Loss:2.212	MRR:22.54	Hits@10:40.04	Best:22.79
2025-01-15 11:54:23,542 INFO    : Early Stopping! Snapshot:1 Epoch: 32 Best Results: 22.79
2025-01-15 11:54:23,629 INFO    : => loading checkpoint './checkpoint/ENTITY\1model_best.tar'
2025-01-15 11:54:29,212 INFO    : 
+------------+--------+--------+--------+--------+---------+
| Snapshot:1 |  MRR   | Hits@1 | Hits@3 | Hits@5 | Hits@10 |
+------------+--------+--------+--------+--------+---------+
|     0      | 0.3303 | 0.212  | 0.3811 | 0.4561 |  0.5576 |
|     1      | 0.2283 | 0.1406 | 0.2528 | 0.3109 |  0.3989 |
+------------+--------+--------+--------+--------+---------+
2025-01-15 11:54:46,837 INFO    : Snapshot:2	0	3	Epoch:0	Loss:11.96	MRR:15.15	Hits@10:26.84	Best:15.15
2025-01-15 11:54:56,637 INFO    : Snapshot:2	0	3	Epoch:1	Loss:4.909	MRR:17.11	Hits@10:29.86	Best:17.11
2025-01-15 11:55:06,376 INFO    : Snapshot:2	0	3	Epoch:2	Loss:4.188	MRR:17.75	Hits@10:31.48	Best:17.75
2025-01-15 11:55:16,236 INFO    : Snapshot:2	0	3	Epoch:3	Loss:3.792	MRR:18.5	Hits@10:32.36	Best:18.5
2025-01-15 11:55:26,103 INFO    : Snapshot:2	0	3	Epoch:4	Loss:3.566	MRR:18.79	Hits@10:33.1	Best:18.79
2025-01-15 11:55:35,687 INFO    : Snapshot:2	0	3	Epoch:5	Loss:3.373	MRR:19.16	Hits@10:33.6	Best:19.16
2025-01-15 11:55:45,486 INFO    : Snapshot:2	0	3	Epoch:6	Loss:3.24	MRR:19.43	Hits@10:34.08	Best:19.43
2025-01-15 11:55:55,129 INFO    : Snapshot:2	1	3	Epoch:7	Loss:3.105	MRR:19.36	Hits@10:34.45	Best:19.43
2025-01-15 11:56:04,888 INFO    : Snapshot:2	0	3	Epoch:8	Loss:3.022	MRR:19.58	Hits@10:34.52	Best:19.58
2025-01-15 11:56:14,929 INFO    : Snapshot:2	0	3	Epoch:9	Loss:2.946	MRR:19.83	Hits@10:34.81	Best:19.83
2025-01-15 11:56:24,812 INFO    : Snapshot:2	0	3	Epoch:10	Loss:2.9	MRR:19.87	Hits@10:34.94	Best:19.87
2025-01-15 11:56:34,662 INFO    : Snapshot:2	0	3	Epoch:11	Loss:2.828	MRR:19.99	Hits@10:35.09	Best:19.99
2025-01-15 11:56:44,590 INFO    : Snapshot:2	0	3	Epoch:12	Loss:2.784	MRR:20.06	Hits@10:35.33	Best:20.06
2025-01-15 11:56:54,484 INFO    : Snapshot:2	1	3	Epoch:13	Loss:2.736	MRR:20.02	Hits@10:35.21	Best:20.06
2025-01-15 11:57:04,112 INFO    : Snapshot:2	0	3	Epoch:14	Loss:2.715	MRR:20.28	Hits@10:35.28	Best:20.28
2025-01-15 11:57:13,970 INFO    : Snapshot:2	1	3	Epoch:15	Loss:2.647	MRR:20.21	Hits@10:35.75	Best:20.28
2025-01-15 11:57:23,665 INFO    : Snapshot:2	2	3	Epoch:16	Loss:2.631	MRR:20.14	Hits@10:35.39	Best:20.28
2025-01-15 11:57:33,329 INFO    : Early Stopping! Snapshot:2 Epoch: 17 Best Results: 20.28
2025-01-15 11:57:33,421 INFO    : => loading checkpoint './checkpoint/ENTITY\2model_best.tar'
2025-01-15 11:57:44,288 INFO    : 
+------------+--------+--------+--------+--------+---------+
| Snapshot:2 |  MRR   | Hits@1 | Hits@3 | Hits@5 | Hits@10 |
+------------+--------+--------+--------+--------+---------+
|     0      | 0.3303 | 0.212  | 0.3811 | 0.4561 |  0.5576 |
|     1      | 0.2283 | 0.1406 | 0.2528 | 0.3109 |  0.3989 |
|     2      | 0.2029 | 0.1234 | 0.2258 | 0.2763 |  0.3562 |
+------------+--------+--------+--------+--------+---------+
2025-01-15 11:58:03,727 INFO    : Snapshot:3	0	3	Epoch:0	Loss:10.921	MRR:14.52	Hits@10:25.5	Best:14.52
2025-01-15 11:58:14,799 INFO    : Snapshot:3	0	3	Epoch:1	Loss:4.198	MRR:15.98	Hits@10:28.29	Best:15.98
2025-01-15 11:58:25,509 INFO    : Snapshot:3	0	3	Epoch:2	Loss:3.516	MRR:17.04	Hits@10:29.77	Best:17.04
2025-01-15 11:58:36,081 INFO    : Snapshot:3	0	3	Epoch:3	Loss:3.17	MRR:17.34	Hits@10:30.82	Best:17.34
2025-01-15 11:58:46,964 INFO    : Snapshot:3	0	3	Epoch:4	Loss:2.93	MRR:17.95	Hits@10:31.79	Best:17.95
2025-01-15 11:58:57,420 INFO    : Snapshot:3	0	3	Epoch:5	Loss:2.816	MRR:18.07	Hits@10:31.88	Best:18.07
2025-01-15 11:59:08,075 INFO    : Snapshot:3	0	3	Epoch:6	Loss:2.71	MRR:18.5	Hits@10:32.29	Best:18.5
2025-01-15 11:59:18,695 INFO    : Snapshot:3	1	3	Epoch:7	Loss:2.611	MRR:18.38	Hits@10:32.61	Best:18.5
2025-01-15 11:59:29,224 INFO    : Snapshot:3	0	3	Epoch:8	Loss:2.52	MRR:18.96	Hits@10:33.03	Best:18.96
2025-01-15 11:59:39,840 INFO    : Snapshot:3	1	3	Epoch:9	Loss:2.487	MRR:18.83	Hits@10:33.37	Best:18.96
2025-01-15 11:59:50,362 INFO    : Snapshot:3	2	3	Epoch:10	Loss:2.4	MRR:18.73	Hits@10:33.25	Best:18.96
2025-01-15 12:00:01,059 INFO    : Early Stopping! Snapshot:3 Epoch: 11 Best Results: 18.96
2025-01-15 12:00:01,168 INFO    : => loading checkpoint './checkpoint/ENTITY\3model_best.tar'
2025-01-15 12:00:17,898 INFO    : 
+------------+--------+--------+--------+--------+---------+
| Snapshot:3 |  MRR   | Hits@1 | Hits@3 | Hits@5 | Hits@10 |
+------------+--------+--------+--------+--------+---------+
|     0      | 0.3303 | 0.212  | 0.3811 | 0.4561 |  0.5576 |
|     1      | 0.2283 | 0.1406 | 0.2528 | 0.3109 |  0.3989 |
|     2      | 0.2029 | 0.1234 | 0.2258 | 0.2763 |  0.3562 |
|     3      | 0.1886 | 0.1132 | 0.2094 | 0.2588 |  0.3334 |
+------------+--------+--------+--------+--------+---------+
2025-01-15 12:00:34,253 INFO    : Snapshot:4	0	3	Epoch:0	Loss:7.956	MRR:18.41	Hits@10:30.48	Best:18.41
2025-01-15 12:00:42,707 INFO    : Snapshot:4	0	3	Epoch:1	Loss:2.22	MRR:20.58	Hits@10:35.04	Best:20.58
2025-01-15 12:00:51,046 INFO    : Snapshot:4	0	3	Epoch:2	Loss:1.75	MRR:21.4	Hits@10:36.57	Best:21.4
2025-01-15 12:00:59,331 INFO    : Snapshot:4	0	3	Epoch:3	Loss:1.561	MRR:21.84	Hits@10:37.5	Best:21.84
2025-01-15 12:01:07,754 INFO    : Snapshot:4	0	3	Epoch:4	Loss:1.41	MRR:22.26	Hits@10:38.42	Best:22.26
2025-01-15 12:01:16,216 INFO    : Snapshot:4	0	3	Epoch:5	Loss:1.322	MRR:22.47	Hits@10:38.55	Best:22.47
2025-01-15 12:01:24,473 INFO    : Snapshot:4	0	3	Epoch:6	Loss:1.278	MRR:22.6	Hits@10:39.2	Best:22.6
2025-01-15 12:01:32,651 INFO    : Snapshot:4	0	3	Epoch:7	Loss:1.201	MRR:22.65	Hits@10:39.45	Best:22.65
2025-01-15 12:01:41,058 INFO    : Snapshot:4	0	3	Epoch:8	Loss:1.17	MRR:22.69	Hits@10:39.58	Best:22.69
2025-01-15 12:01:49,401 INFO    : Snapshot:4	0	3	Epoch:9	Loss:1.127	MRR:23.13	Hits@10:40.21	Best:23.13
2025-01-15 12:01:57,735 INFO    : Snapshot:4	0	3	Epoch:10	Loss:1.098	MRR:23.23	Hits@10:40.34	Best:23.23
2025-01-15 12:02:06,146 INFO    : Snapshot:4	0	3	Epoch:11	Loss:1.057	MRR:23.32	Hits@10:40.32	Best:23.32
2025-01-15 12:02:14,661 INFO    : Snapshot:4	1	3	Epoch:12	Loss:1.053	MRR:23.29	Hits@10:40.58	Best:23.32
2025-01-15 12:02:23,081 INFO    : Snapshot:4	0	3	Epoch:13	Loss:1.021	MRR:23.42	Hits@10:40.38	Best:23.42
2025-01-15 12:02:31,548 INFO    : Snapshot:4	0	3	Epoch:14	Loss:1.015	MRR:23.56	Hits@10:40.49	Best:23.56
2025-01-15 12:02:40,079 INFO    : Snapshot:4	1	3	Epoch:15	Loss:0.996	MRR:23.25	Hits@10:40.42	Best:23.56
2025-01-15 12:02:48,721 INFO    : Snapshot:4	2	3	Epoch:16	Loss:0.971	MRR:23.28	Hits@10:40.66	Best:23.56
2025-01-15 12:02:57,081 INFO    : Early Stopping! Snapshot:4 Epoch: 17 Best Results: 23.56
2025-01-15 12:02:57,179 INFO    : => loading checkpoint './checkpoint/ENTITY\4model_best.tar'
2025-01-15 12:03:19,204 INFO    : 
+------------+--------+--------+--------+--------+---------+
| Snapshot:4 |  MRR   | Hits@1 | Hits@3 | Hits@5 | Hits@10 |
+------------+--------+--------+--------+--------+---------+
|     0      | 0.3303 | 0.212  | 0.3811 | 0.4561 |  0.5576 |
|     1      | 0.2283 | 0.1406 | 0.2528 | 0.3109 |  0.3989 |
|     2      | 0.2029 | 0.1234 | 0.2258 | 0.2763 |  0.3562 |
|     3      | 0.1886 | 0.1132 | 0.2094 | 0.2588 |  0.3334 |
|     4      | 0.2346 | 0.1445 | 0.2696 | 0.3266 |  0.4043 |
+------------+--------+--------+--------+--------+---------+
2025-01-15 12:03:19,204 INFO    : Final Result:
[+------------+--------+--------+--------+--------+---------+
| Snapshot:0 |  MRR   | Hits@1 | Hits@3 | Hits@5 | Hits@10 |
+------------+--------+--------+--------+--------+---------+
|     0      | 0.3303 | 0.212  | 0.3811 | 0.4561 |  0.5576 |
+------------+--------+--------+--------+--------+---------+, +------------+--------+--------+--------+--------+---------+
| Snapshot:1 |  MRR   | Hits@1 | Hits@3 | Hits@5 | Hits@10 |
+------------+--------+--------+--------+--------+---------+
|     0      | 0.3303 | 0.212  | 0.3811 | 0.4561 |  0.5576 |
|     1      | 0.2283 | 0.1406 | 0.2528 | 0.3109 |  0.3989 |
+------------+--------+--------+--------+--------+---------+, +------------+--------+--------+--------+--------+---------+
| Snapshot:2 |  MRR   | Hits@1 | Hits@3 | Hits@5 | Hits@10 |
+------------+--------+--------+--------+--------+---------+
|     0      | 0.3303 | 0.212  | 0.3811 | 0.4561 |  0.5576 |
|     1      | 0.2283 | 0.1406 | 0.2528 | 0.3109 |  0.3989 |
|     2      | 0.2029 | 0.1234 | 0.2258 | 0.2763 |  0.3562 |
+------------+--------+--------+--------+--------+---------+, +------------+--------+--------+--------+--------+---------+
| Snapshot:3 |  MRR   | Hits@1 | Hits@3 | Hits@5 | Hits@10 |
+------------+--------+--------+--------+--------+---------+
|     0      | 0.3303 | 0.212  | 0.3811 | 0.4561 |  0.5576 |
|     1      | 0.2283 | 0.1406 | 0.2528 | 0.3109 |  0.3989 |
|     2      | 0.2029 | 0.1234 | 0.2258 | 0.2763 |  0.3562 |
|     3      | 0.1886 | 0.1132 | 0.2094 | 0.2588 |  0.3334 |
+------------+--------+--------+--------+--------+---------+, +------------+--------+--------+--------+--------+---------+
| Snapshot:4 |  MRR   | Hits@1 | Hits@3 | Hits@5 | Hits@10 |
+------------+--------+--------+--------+--------+---------+
|     0      | 0.3303 | 0.212  | 0.3811 | 0.4561 |  0.5576 |
|     1      | 0.2283 | 0.1406 | 0.2528 | 0.3109 |  0.3989 |
|     2      | 0.2029 | 0.1234 | 0.2258 | 0.2763 |  0.3562 |
|     3      | 0.1886 | 0.1132 | 0.2094 | 0.2588 |  0.3334 |
|     4      | 0.2346 | 0.1445 | 0.2696 | 0.3266 |  0.4043 |
+------------+--------+--------+--------+--------+---------+]
2025-01-15 12:03:19,204 INFO    : Report Result:
+----------+--------------------+-----------+--------------+--------------+---------------+
| Snapshot |        Time        | Whole_MRR | Whole_Hits@1 | Whole_Hits@3 | Whole_Hits@10 |
+----------+--------------------+-----------+--------------+--------------+---------------+
|    0     | 30.585285663604736 |    0.33   |    0.212     |    0.381     |     0.558     |
|    1     | 286.47209215164185 |   0.268   |    0.169     |    0.303     |     0.461     |
|    2     | 179.2164077758789  |   0.243   |    0.151     |    0.273     |     0.421     |
|    3     | 130.79897594451904 |   0.229   |    0.141     |    0.256     |     0.397     |
|    4     |  153.741224527359  |   0.229   |    0.142     |    0.258     |     0.398     |
+----------+--------------------+-----------+--------------+--------------+---------------+
2025-01-15 12:03:19,204 INFO    : Sum_Training_Time:780.8139860630035
2025-01-15 12:03:19,204 INFO    : Every_Training_Time:[30.585285663604736, 286.47209215164185, 179.2164077758789, 130.79897594451904, 153.741224527359]
2025-01-15 12:03:19,204 INFO    : Forward transfer: 0.04085 Backward transfer: 0.0
