2025-01-16 20:21:15,335 INFO    : Namespace(batch_size=1024, data_path='./data/ENTITY/', dataset='ENTITY', debug=False, device=device(type='cuda', index=0), emb_dim=200, ent_r='200', epoch_num=200, explore=False, gpu='0', l2=0.0, learning_rate='2e-1', log_path='./logs/ENTITY 200 20 2e-1 1024/ENTITY 20250116202106', logger=<RootLogger root (INFO)>, margin=8.0, model_name='LoraKGE_Layers', multi_layers_path='train_sorted_by_edges_betweenness.txt', neg_ratio=10, note='', num_ent_layers='20', num_layer=1, num_rel_layers='1', patience='3', predict_result=False, r=100, r_fixed=True, random_seed=3407, record=False, rel_r='200', save_path='./checkpoint/ENTITY', skip_previous='False', snapshot_num=5, train_new=True, using_multi_layers=False, using_various_ranks='True', using_various_ranks_reverse=False, valid_metrics='mrr')
2025-01-16 20:21:20,422 INFO    : Snapshot:0	0	3	Epoch:0	Loss:34.146	MRR:11.79	Hits@10:28.45	Best:11.79
2025-01-16 20:21:23,810 INFO    : Snapshot:0	0	3	Epoch:1	Loss:20.905	MRR:23.01	Hits@10:45.51	Best:23.01
2025-01-16 20:21:27,135 INFO    : Snapshot:0	0	3	Epoch:2	Loss:10.329	MRR:29.87	Hits@10:52.32	Best:29.87
2025-01-16 20:21:30,327 INFO    : Snapshot:0	0	3	Epoch:3	Loss:4.876	MRR:32.11	Hits@10:54.1	Best:32.11
2025-01-16 20:21:33,572 INFO    : Snapshot:0	0	3	Epoch:4	Loss:2.693	MRR:32.68	Hits@10:55.09	Best:32.68
2025-01-16 20:21:36,812 INFO    : Snapshot:0	0	3	Epoch:5	Loss:1.753	MRR:32.85	Hits@10:55.4	Best:32.85
2025-01-16 20:21:40,067 INFO    : Snapshot:0	1	3	Epoch:6	Loss:1.3	MRR:32.84	Hits@10:55.15	Best:32.85
2025-01-16 20:21:43,266 INFO    : Snapshot:0	2	3	Epoch:7	Loss:1.061	MRR:32.57	Hits@10:55.02	Best:32.85
2025-01-16 20:21:46,476 INFO    : Early Stopping! Snapshot:0 Epoch: 8 Best Results: 32.85
2025-01-16 20:21:46,570 INFO    : => loading checkpoint './checkpoint/ENTITY\0model_best.tar'
2025-01-16 20:21:48,098 INFO    : 
+------------+--------+--------+--------+--------+---------+
| Snapshot:0 |  MRR   | Hits@1 | Hits@3 | Hits@5 | Hits@10 |
+------------+--------+--------+--------+--------+---------+
|     0      | 0.3303 | 0.212  | 0.3811 | 0.4561 |  0.5576 |
+------------+--------+--------+--------+--------+---------+
2025-01-16 20:22:03,397 INFO    : Snapshot:1	0	3	Epoch:0	Loss:12.488	MRR:16.43	Hits@10:29.56	Best:16.43
2025-01-16 20:22:11,789 INFO    : Snapshot:1	0	3	Epoch:1	Loss:5.02	MRR:18.61	Hits@10:33.14	Best:18.61
2025-01-16 20:22:20,321 INFO    : Snapshot:1	0	3	Epoch:2	Loss:4.228	MRR:19.03	Hits@10:33.72	Best:19.03
2025-01-16 20:22:28,944 INFO    : Snapshot:1	0	3	Epoch:3	Loss:3.82	MRR:19.56	Hits@10:35.29	Best:19.56
2025-01-16 20:22:37,752 INFO    : Snapshot:1	0	3	Epoch:4	Loss:3.516	MRR:19.92	Hits@10:35.59	Best:19.92
2025-01-16 20:22:46,375 INFO    : Snapshot:1	0	3	Epoch:5	Loss:3.315	MRR:20.41	Hits@10:36.41	Best:20.41
2025-01-16 20:22:54,912 INFO    : Snapshot:1	0	3	Epoch:6	Loss:3.204	MRR:20.86	Hits@10:37.03	Best:20.86
2025-01-16 20:23:03,376 INFO    : Snapshot:1	0	3	Epoch:7	Loss:3.047	MRR:21.05	Hits@10:37.77	Best:21.05
2025-01-16 20:23:11,963 INFO    : Snapshot:1	0	3	Epoch:8	Loss:2.947	MRR:21.06	Hits@10:37.78	Best:21.06
2025-01-16 20:23:20,502 INFO    : Snapshot:1	0	3	Epoch:9	Loss:2.874	MRR:21.42	Hits@10:38.1	Best:21.42
2025-01-16 20:23:29,121 INFO    : Snapshot:1	0	3	Epoch:10	Loss:2.795	MRR:21.58	Hits@10:38.13	Best:21.58
2025-01-16 20:23:37,704 INFO    : Snapshot:1	0	3	Epoch:11	Loss:2.71	MRR:21.65	Hits@10:38.52	Best:21.65
2025-01-16 20:23:46,300 INFO    : Snapshot:1	0	3	Epoch:12	Loss:2.64	MRR:21.78	Hits@10:38.6	Best:21.78
2025-01-16 20:23:54,909 INFO    : Snapshot:1	1	3	Epoch:13	Loss:2.638	MRR:21.77	Hits@10:38.73	Best:21.78
2025-01-16 20:24:03,279 INFO    : Snapshot:1	0	3	Epoch:14	Loss:2.569	MRR:21.94	Hits@10:38.96	Best:21.94
2025-01-16 20:24:11,644 INFO    : Snapshot:1	0	3	Epoch:15	Loss:2.556	MRR:22.16	Hits@10:39.36	Best:22.16
2025-01-16 20:24:20,107 INFO    : Snapshot:1	1	3	Epoch:16	Loss:2.513	MRR:22.07	Hits@10:39.15	Best:22.16
2025-01-16 20:24:28,735 INFO    : Snapshot:1	2	3	Epoch:17	Loss:2.502	MRR:22.16	Hits@10:39.36	Best:22.16
2025-01-16 20:24:37,442 INFO    : Snapshot:1	0	3	Epoch:18	Loss:2.428	MRR:22.23	Hits@10:39.39	Best:22.23
2025-01-16 20:24:46,037 INFO    : Snapshot:1	0	3	Epoch:19	Loss:2.422	MRR:22.27	Hits@10:39.77	Best:22.27
2025-01-16 20:24:54,697 INFO    : Snapshot:1	1	3	Epoch:20	Loss:2.389	MRR:22.11	Hits@10:39.4	Best:22.27
2025-01-16 20:25:03,432 INFO    : Snapshot:1	2	3	Epoch:21	Loss:2.373	MRR:22.27	Hits@10:39.72	Best:22.27
2025-01-16 20:25:12,175 INFO    : Snapshot:1	0	3	Epoch:22	Loss:2.349	MRR:22.42	Hits@10:39.98	Best:22.42
2025-01-16 20:25:20,683 INFO    : Snapshot:1	0	3	Epoch:23	Loss:2.33	MRR:22.51	Hits@10:39.91	Best:22.51
2025-01-16 20:25:29,127 INFO    : Snapshot:1	0	3	Epoch:24	Loss:2.306	MRR:22.56	Hits@10:39.94	Best:22.56
2025-01-16 20:25:37,590 INFO    : Snapshot:1	0	3	Epoch:25	Loss:2.29	MRR:22.6	Hits@10:40.04	Best:22.6
2025-01-16 20:25:46,011 INFO    : Snapshot:1	0	3	Epoch:26	Loss:2.282	MRR:22.66	Hits@10:40.25	Best:22.66
2025-01-16 20:25:54,537 INFO    : Snapshot:1	1	3	Epoch:27	Loss:2.261	MRR:22.66	Hits@10:40.24	Best:22.66
2025-01-16 20:26:03,059 INFO    : Snapshot:1	0	3	Epoch:28	Loss:2.256	MRR:22.83	Hits@10:40.42	Best:22.83
2025-01-16 20:26:11,630 INFO    : Snapshot:1	1	3	Epoch:29	Loss:2.243	MRR:22.77	Hits@10:40.57	Best:22.83
2025-01-16 20:26:20,371 INFO    : Snapshot:1	0	3	Epoch:30	Loss:2.238	MRR:22.85	Hits@10:40.39	Best:22.85
2025-01-16 20:26:29,089 INFO    : Snapshot:1	1	3	Epoch:31	Loss:2.211	MRR:22.64	Hits@10:40.12	Best:22.85
2025-01-16 20:26:37,987 INFO    : Snapshot:1	2	3	Epoch:32	Loss:2.219	MRR:22.62	Hits@10:40.54	Best:22.85
2025-01-16 20:26:46,637 INFO    : Early Stopping! Snapshot:1 Epoch: 33 Best Results: 22.85
2025-01-16 20:26:46,739 INFO    : => loading checkpoint './checkpoint/ENTITY\1model_best.tar'
2025-01-16 20:26:52,219 INFO    : 
+------------+--------+--------+--------+--------+---------+
| Snapshot:1 |  MRR   | Hits@1 | Hits@3 | Hits@5 | Hits@10 |
+------------+--------+--------+--------+--------+---------+
|     0      | 0.3303 | 0.212  | 0.3811 | 0.4561 |  0.5576 |
|     1      | 0.2279 | 0.1383 | 0.2527 | 0.3142 |  0.4056 |
+------------+--------+--------+--------+--------+---------+
2025-01-16 20:27:09,415 INFO    : Snapshot:2	0	3	Epoch:0	Loss:12.045	MRR:15.16	Hits@10:26.84	Best:15.16
2025-01-16 20:27:18,954 INFO    : Snapshot:2	0	3	Epoch:1	Loss:4.885	MRR:16.86	Hits@10:29.92	Best:16.86
2025-01-16 20:27:28,812 INFO    : Snapshot:2	0	3	Epoch:2	Loss:4.194	MRR:17.82	Hits@10:31.61	Best:17.82
2025-01-16 20:27:38,471 INFO    : Snapshot:2	0	3	Epoch:3	Loss:3.827	MRR:18.48	Hits@10:32.59	Best:18.48
2025-01-16 20:27:48,032 INFO    : Snapshot:2	0	3	Epoch:4	Loss:3.546	MRR:18.79	Hits@10:33.03	Best:18.79
2025-01-16 20:27:57,708 INFO    : Snapshot:2	0	3	Epoch:5	Loss:3.349	MRR:18.96	Hits@10:33.5	Best:18.96
2025-01-16 20:28:07,262 INFO    : Snapshot:2	0	3	Epoch:6	Loss:3.212	MRR:18.98	Hits@10:33.66	Best:18.98
2025-01-16 20:28:16,802 INFO    : Snapshot:2	0	3	Epoch:7	Loss:3.105	MRR:19.39	Hits@10:34.19	Best:19.39
2025-01-16 20:28:26,477 INFO    : Snapshot:2	0	3	Epoch:8	Loss:3.014	MRR:19.66	Hits@10:34.47	Best:19.66
2025-01-16 20:28:36,050 INFO    : Snapshot:2	1	3	Epoch:9	Loss:2.934	MRR:19.59	Hits@10:34.72	Best:19.66
2025-01-16 20:28:45,765 INFO    : Snapshot:2	2	3	Epoch:10	Loss:2.894	MRR:19.64	Hits@10:34.52	Best:19.66
2025-01-16 20:28:55,547 INFO    : Snapshot:2	0	3	Epoch:11	Loss:2.83	MRR:19.74	Hits@10:34.66	Best:19.74
2025-01-16 20:29:05,171 INFO    : Snapshot:2	0	3	Epoch:12	Loss:2.789	MRR:20.0	Hits@10:35.11	Best:20.0
2025-01-16 20:29:14,781 INFO    : Snapshot:2	0	3	Epoch:13	Loss:2.739	MRR:20.03	Hits@10:35.14	Best:20.03
2025-01-16 20:29:24,386 INFO    : Snapshot:2	0	3	Epoch:14	Loss:2.671	MRR:20.07	Hits@10:35.43	Best:20.07
2025-01-16 20:29:34,094 INFO    : Snapshot:2	1	3	Epoch:15	Loss:2.651	MRR:20.07	Hits@10:35.48	Best:20.07
2025-01-16 20:29:43,758 INFO    : Snapshot:2	0	3	Epoch:16	Loss:2.632	MRR:20.15	Hits@10:35.51	Best:20.15
2025-01-16 20:29:53,233 INFO    : Snapshot:2	0	3	Epoch:17	Loss:2.606	MRR:20.34	Hits@10:35.46	Best:20.34
2025-01-16 20:30:02,695 INFO    : Snapshot:2	1	3	Epoch:18	Loss:2.587	MRR:20.26	Hits@10:35.52	Best:20.34
2025-01-16 20:30:12,158 INFO    : Snapshot:2	0	3	Epoch:19	Loss:2.539	MRR:20.49	Hits@10:35.79	Best:20.49
2025-01-16 20:30:21,681 INFO    : Snapshot:2	1	3	Epoch:20	Loss:2.522	MRR:20.2	Hits@10:35.47	Best:20.49
2025-01-16 20:30:31,401 INFO    : Snapshot:2	2	3	Epoch:21	Loss:2.507	MRR:20.4	Hits@10:35.82	Best:20.49
2025-01-16 20:30:41,123 INFO    : Early Stopping! Snapshot:2 Epoch: 22 Best Results: 20.49
2025-01-16 20:30:41,220 INFO    : => loading checkpoint './checkpoint/ENTITY\2model_best.tar'
2025-01-16 20:30:51,795 INFO    : 
+------------+--------+--------+--------+--------+---------+
| Snapshot:2 |  MRR   | Hits@1 | Hits@3 | Hits@5 | Hits@10 |
+------------+--------+--------+--------+--------+---------+
|     0      | 0.3303 | 0.212  | 0.3811 | 0.4561 |  0.5576 |
|     1      | 0.2279 | 0.1383 | 0.2527 | 0.3142 |  0.4056 |
|     2      | 0.2048 | 0.1234 | 0.2289 | 0.2817 |  0.3598 |
+------------+--------+--------+--------+--------+---------+
2025-01-16 20:31:11,022 INFO    : Snapshot:3	0	3	Epoch:0	Loss:10.96	MRR:14.67	Hits@10:25.37	Best:14.67
2025-01-16 20:31:21,297 INFO    : Snapshot:3	0	3	Epoch:1	Loss:4.188	MRR:16.56	Hits@10:29.19	Best:16.56
2025-01-16 20:31:31,492 INFO    : Snapshot:3	0	3	Epoch:2	Loss:3.501	MRR:17.25	Hits@10:30.2	Best:17.25
2025-01-16 20:31:41,831 INFO    : Snapshot:3	0	3	Epoch:3	Loss:3.161	MRR:17.64	Hits@10:31.47	Best:17.64
2025-01-16 20:31:52,120 INFO    : Snapshot:3	0	3	Epoch:4	Loss:2.959	MRR:17.91	Hits@10:31.81	Best:17.91
2025-01-16 20:32:02,475 INFO    : Snapshot:3	0	3	Epoch:5	Loss:2.823	MRR:18.3	Hits@10:32.43	Best:18.3
2025-01-16 20:32:12,849 INFO    : Snapshot:3	0	3	Epoch:6	Loss:2.676	MRR:18.47	Hits@10:32.65	Best:18.47
2025-01-16 20:32:23,275 INFO    : Snapshot:3	0	3	Epoch:7	Loss:2.624	MRR:18.82	Hits@10:33.0	Best:18.82
2025-01-16 20:32:34,000 INFO    : Snapshot:3	0	3	Epoch:8	Loss:2.515	MRR:19.0	Hits@10:33.46	Best:19.0
2025-01-16 20:32:44,523 INFO    : Snapshot:3	1	3	Epoch:9	Loss:2.453	MRR:18.77	Hits@10:33.59	Best:19.0
2025-01-16 20:32:54,819 INFO    : Snapshot:3	2	3	Epoch:10	Loss:2.385	MRR:18.96	Hits@10:33.67	Best:19.0
2025-01-16 20:33:05,129 INFO    : Snapshot:3	0	3	Epoch:11	Loss:2.375	MRR:19.09	Hits@10:33.74	Best:19.09
2025-01-16 20:33:15,477 INFO    : Snapshot:3	0	3	Epoch:12	Loss:2.338	MRR:19.1	Hits@10:33.89	Best:19.1
2025-01-16 20:33:25,792 INFO    : Snapshot:3	1	3	Epoch:13	Loss:2.293	MRR:18.83	Hits@10:33.62	Best:19.1
2025-01-16 20:33:36,140 INFO    : Snapshot:3	0	3	Epoch:14	Loss:2.256	MRR:19.3	Hits@10:34.3	Best:19.3
2025-01-16 20:33:46,593 INFO    : Snapshot:3	0	3	Epoch:15	Loss:2.221	MRR:19.38	Hits@10:34.27	Best:19.38
2025-01-16 20:33:56,847 INFO    : Snapshot:3	0	3	Epoch:16	Loss:2.222	MRR:19.51	Hits@10:34.4	Best:19.51
2025-01-16 20:34:07,378 INFO    : Snapshot:3	1	3	Epoch:17	Loss:2.189	MRR:19.27	Hits@10:34.32	Best:19.51
2025-01-16 20:34:17,605 INFO    : Snapshot:3	2	3	Epoch:18	Loss:2.175	MRR:19.34	Hits@10:34.29	Best:19.51
2025-01-16 20:34:28,213 INFO    : Early Stopping! Snapshot:3 Epoch: 19 Best Results: 19.51
2025-01-16 20:34:28,316 INFO    : => loading checkpoint './checkpoint/ENTITY\3model_best.tar'
2025-01-16 20:34:44,452 INFO    : 
+------------+--------+--------+--------+--------+---------+
| Snapshot:3 |  MRR   | Hits@1 | Hits@3 | Hits@5 | Hits@10 |
+------------+--------+--------+--------+--------+---------+
|     0      | 0.3303 | 0.212  | 0.3811 | 0.4561 |  0.5576 |
|     1      | 0.2279 | 0.1383 | 0.2527 | 0.3142 |  0.4056 |
|     2      | 0.2048 | 0.1234 | 0.2289 | 0.2817 |  0.3598 |
|     3      | 0.196  | 0.1188 | 0.2174 | 0.2678 |  0.3449 |
+------------+--------+--------+--------+--------+---------+
2025-01-16 20:35:00,557 INFO    : Snapshot:4	0	3	Epoch:0	Loss:7.888	MRR:18.6	Hits@10:30.93	Best:18.6
2025-01-16 20:35:08,739 INFO    : Snapshot:4	0	3	Epoch:1	Loss:2.204	MRR:20.5	Hits@10:35.18	Best:20.5
2025-01-16 20:35:16,945 INFO    : Snapshot:4	0	3	Epoch:2	Loss:1.738	MRR:21.48	Hits@10:37.24	Best:21.48
2025-01-16 20:35:25,061 INFO    : Snapshot:4	0	3	Epoch:3	Loss:1.539	MRR:21.93	Hits@10:38.1	Best:21.93
2025-01-16 20:35:33,201 INFO    : Snapshot:4	0	3	Epoch:4	Loss:1.427	MRR:22.1	Hits@10:38.4	Best:22.1
2025-01-16 20:35:41,398 INFO    : Snapshot:4	0	3	Epoch:5	Loss:1.304	MRR:22.25	Hits@10:39.53	Best:22.25
2025-01-16 20:35:49,499 INFO    : Snapshot:4	0	3	Epoch:6	Loss:1.243	MRR:22.58	Hits@10:39.48	Best:22.58
2025-01-16 20:35:57,716 INFO    : Snapshot:4	0	3	Epoch:7	Loss:1.202	MRR:22.61	Hits@10:39.66	Best:22.61
2025-01-16 20:36:05,967 INFO    : Snapshot:4	0	3	Epoch:8	Loss:1.152	MRR:22.9	Hits@10:39.97	Best:22.9
2025-01-16 20:36:14,062 INFO    : Snapshot:4	1	3	Epoch:9	Loss:1.108	MRR:22.82	Hits@10:40.37	Best:22.9
2025-01-16 20:36:22,198 INFO    : Snapshot:4	0	3	Epoch:10	Loss:1.082	MRR:23.04	Hits@10:40.78	Best:23.04
2025-01-16 20:36:30,544 INFO    : Snapshot:4	0	3	Epoch:11	Loss:1.056	MRR:23.14	Hits@10:41.01	Best:23.14
2025-01-16 20:36:38,828 INFO    : Snapshot:4	0	3	Epoch:12	Loss:1.024	MRR:23.37	Hits@10:41.04	Best:23.37
2025-01-16 20:36:47,020 INFO    : Snapshot:4	1	3	Epoch:13	Loss:1.01	MRR:23.37	Hits@10:41.25	Best:23.37
2025-01-16 20:36:55,200 INFO    : Snapshot:4	2	3	Epoch:14	Loss:0.996	MRR:23.27	Hits@10:41.35	Best:23.37
2025-01-16 20:37:03,422 INFO    : Snapshot:4	0	3	Epoch:15	Loss:0.98	MRR:23.38	Hits@10:41.25	Best:23.38
2025-01-16 20:37:11,734 INFO    : Snapshot:4	1	3	Epoch:16	Loss:0.976	MRR:23.2	Hits@10:41.03	Best:23.38
2025-01-16 20:37:19,888 INFO    : Snapshot:4	2	3	Epoch:17	Loss:0.945	MRR:23.31	Hits@10:41.25	Best:23.38
2025-01-16 20:37:28,106 INFO    : Snapshot:4	0	3	Epoch:18	Loss:0.945	MRR:23.75	Hits@10:41.54	Best:23.75
2025-01-16 20:37:36,243 INFO    : Snapshot:4	1	3	Epoch:19	Loss:0.919	MRR:23.68	Hits@10:41.94	Best:23.75
2025-01-16 20:37:44,357 INFO    : Snapshot:4	0	3	Epoch:20	Loss:0.922	MRR:23.82	Hits@10:41.56	Best:23.82
2025-01-16 20:37:52,564 INFO    : Snapshot:4	1	3	Epoch:21	Loss:0.913	MRR:23.67	Hits@10:41.38	Best:23.82
2025-01-16 20:38:00,739 INFO    : Snapshot:4	2	3	Epoch:22	Loss:0.894	MRR:23.66	Hits@10:41.54	Best:23.82
2025-01-16 20:38:08,849 INFO    : Early Stopping! Snapshot:4 Epoch: 23 Best Results: 23.82
2025-01-16 20:38:08,946 INFO    : => loading checkpoint './checkpoint/ENTITY\4model_best.tar'
2025-01-16 20:38:30,541 INFO    : 
+------------+--------+--------+--------+--------+---------+
| Snapshot:4 |  MRR   | Hits@1 | Hits@3 | Hits@5 | Hits@10 |
+------------+--------+--------+--------+--------+---------+
|     0      | 0.3303 | 0.212  | 0.3811 | 0.4561 |  0.5576 |
|     1      | 0.2279 | 0.1383 | 0.2527 | 0.3142 |  0.4056 |
|     2      | 0.2048 | 0.1234 | 0.2289 | 0.2817 |  0.3598 |
|     3      | 0.196  | 0.1188 | 0.2174 | 0.2678 |  0.3449 |
|     4      | 0.2393 | 0.1458 | 0.2758 | 0.339  |  0.4191 |
+------------+--------+--------+--------+--------+---------+
2025-01-16 20:38:30,541 INFO    : Final Result:
[+------------+--------+--------+--------+--------+---------+
| Snapshot:0 |  MRR   | Hits@1 | Hits@3 | Hits@5 | Hits@10 |
+------------+--------+--------+--------+--------+---------+
|     0      | 0.3303 | 0.212  | 0.3811 | 0.4561 |  0.5576 |
+------------+--------+--------+--------+--------+---------+, +------------+--------+--------+--------+--------+---------+
| Snapshot:1 |  MRR   | Hits@1 | Hits@3 | Hits@5 | Hits@10 |
+------------+--------+--------+--------+--------+---------+
|     0      | 0.3303 | 0.212  | 0.3811 | 0.4561 |  0.5576 |
|     1      | 0.2279 | 0.1383 | 0.2527 | 0.3142 |  0.4056 |
+------------+--------+--------+--------+--------+---------+, +------------+--------+--------+--------+--------+---------+
| Snapshot:2 |  MRR   | Hits@1 | Hits@3 | Hits@5 | Hits@10 |
+------------+--------+--------+--------+--------+---------+
|     0      | 0.3303 | 0.212  | 0.3811 | 0.4561 |  0.5576 |
|     1      | 0.2279 | 0.1383 | 0.2527 | 0.3142 |  0.4056 |
|     2      | 0.2048 | 0.1234 | 0.2289 | 0.2817 |  0.3598 |
+------------+--------+--------+--------+--------+---------+, +------------+--------+--------+--------+--------+---------+
| Snapshot:3 |  MRR   | Hits@1 | Hits@3 | Hits@5 | Hits@10 |
+------------+--------+--------+--------+--------+---------+
|     0      | 0.3303 | 0.212  | 0.3811 | 0.4561 |  0.5576 |
|     1      | 0.2279 | 0.1383 | 0.2527 | 0.3142 |  0.4056 |
|     2      | 0.2048 | 0.1234 | 0.2289 | 0.2817 |  0.3598 |
|     3      | 0.196  | 0.1188 | 0.2174 | 0.2678 |  0.3449 |
+------------+--------+--------+--------+--------+---------+, +------------+--------+--------+--------+--------+---------+
| Snapshot:4 |  MRR   | Hits@1 | Hits@3 | Hits@5 | Hits@10 |
+------------+--------+--------+--------+--------+---------+
|     0      | 0.3303 | 0.212  | 0.3811 | 0.4561 |  0.5576 |
|     1      | 0.2279 | 0.1383 | 0.2527 | 0.3142 |  0.4056 |
|     2      | 0.2048 | 0.1234 | 0.2289 | 0.2817 |  0.3598 |
|     3      | 0.196  | 0.1188 | 0.2174 | 0.2678 |  0.3449 |
|     4      | 0.2393 | 0.1458 | 0.2758 | 0.339  |  0.4191 |
+------------+--------+--------+--------+--------+---------+]
2025-01-16 20:38:30,541 INFO    : Report Result:
+----------+--------------------+-----------+--------------+--------------+---------------+
| Snapshot |        Time        | Whole_MRR | Whole_Hits@1 | Whole_Hits@3 | Whole_Hits@10 |
+----------+--------------------+-----------+--------------+--------------+---------------+
|    0     | 31.14047861099243  |    0.33   |    0.212     |    0.381     |     0.558     |
|    1     | 294.42832589149475 |   0.268   |    0.167     |    0.303     |     0.465     |
|    2     | 224.30713319778442 |   0.244   |     0.15     |    0.275     |     0.425     |
|    3     | 210.61159229278564 |   0.231   |    0.142     |    0.259     |     0.403     |
|    4     | 199.22425866127014 |   0.232   |    0.142     |    0.262     |     0.406     |
+----------+--------------------+-----------+--------------+--------------+---------------+
2025-01-16 20:38:30,541 INFO    : Sum_Training_Time:959.7117886543274
2025-01-16 20:38:30,541 INFO    : Every_Training_Time:[31.14047861099243, 294.42832589149475, 224.30713319778442, 210.61159229278564, 199.22425866127014]
2025-01-16 20:38:30,541 INFO    : Forward transfer: 0.04105 Backward transfer: 0.0
