2024-08-26 14:34:39,310 INFO    : Namespace(batch_size=1024, data_path='./data/ENTITY/', dataset='ENTITY', debug=False, device=device(type='cuda', index=0), emb_dim=200, ent_r='150', epoch_num=200, explore=False, gpu='0', l2=0.0, learning_rate='1e-2', log_path='./logs/20240826143430/ENTITY', logger=<RootLogger root (INFO)>, margin=8.0, model_name='LoraKGE_Layers', multi_layers_path='train_sorted_by_edges_betweenness.txt', neg_ratio=10, note='', num_ent_layers='5', num_layer=1, num_rel_layers='1', patience=3, predict_result=False, r=100, r_fixed=True, random_seed=3407, record=False, rel_r='20', save_path='./checkpoint/ENTITY', skip_previous='False', snapshot_num=5, train_new=True, using_multi_layers=False, using_various_ranks='True', using_various_ranks_reverse=False, valid_metrics='mrr')
2024-08-26 14:34:45,127 INFO    : Snapshot:0	Epoch:0	Loss:25.287	MRR:27.14	Hits@10:50.06	Best:27.14
2024-08-26 14:34:48,238 INFO    : Snapshot:0	Epoch:1	Loss:6.67	MRR:31.98	Hits@10:54.73	Best:31.98
2024-08-26 14:34:51,277 INFO    : Snapshot:0	Epoch:2	Loss:2.397	MRR:32.49	Hits@10:54.52	Best:32.49
2024-08-26 14:34:54,487 INFO    : Snapshot:0	Epoch:3	Loss:1.414	MRR:31.9	Hits@10:54.33	Best:32.49
2024-08-26 14:34:57,496 INFO    : Snapshot:0	Epoch:4	Loss:1.083	MRR:31.51	Hits@10:53.78	Best:32.49
2024-08-26 14:35:00,586 INFO    : Early Stopping! Snapshot:0 Epoch: 5 Best Results: 32.49
2024-08-26 14:35:00,678 INFO    : => loading checkpoint './checkpoint/ENTITY\0model_best.tar'
2024-08-26 14:35:02,181 INFO    : 
+------------+-------+--------+--------+--------+---------+
| Snapshot:0 |  MRR  | Hits@1 | Hits@3 | Hits@5 | Hits@10 |
+------------+-------+--------+--------+--------+---------+
|     0      | 0.327 | 0.2105 | 0.3729 | 0.4487 |  0.5529 |
+------------+-------+--------+--------+--------+---------+
2024-08-26 14:35:14,392 INFO    : Snapshot:1	Epoch:0	Loss:32.228	MRR:13.02	Hits@10:22.03	Best:13.02
2024-08-26 14:35:20,988 INFO    : Snapshot:1	Epoch:1	Loss:10.073	MRR:15.22	Hits@10:26.54	Best:15.22
2024-08-26 14:35:27,613 INFO    : Snapshot:1	Epoch:2	Loss:6.983	MRR:16.28	Hits@10:29.44	Best:16.28
2024-08-26 14:35:34,295 INFO    : Snapshot:1	Epoch:3	Loss:5.759	MRR:17.17	Hits@10:31.17	Best:17.17
2024-08-26 14:35:40,874 INFO    : Snapshot:1	Epoch:4	Loss:5.083	MRR:17.9	Hits@10:32.27	Best:17.9
2024-08-26 14:35:47,478 INFO    : Snapshot:1	Epoch:5	Loss:4.617	MRR:18.48	Hits@10:33.47	Best:18.48
2024-08-26 14:35:54,045 INFO    : Snapshot:1	Epoch:6	Loss:4.266	MRR:18.92	Hits@10:34.12	Best:18.92
2024-08-26 14:36:00,622 INFO    : Snapshot:1	Epoch:7	Loss:4.005	MRR:19.07	Hits@10:34.62	Best:19.07
2024-08-26 14:36:07,408 INFO    : Snapshot:1	Epoch:8	Loss:3.793	MRR:19.43	Hits@10:34.98	Best:19.43
2024-08-26 14:36:13,975 INFO    : Snapshot:1	Epoch:9	Loss:3.601	MRR:19.62	Hits@10:35.28	Best:19.62
2024-08-26 14:36:20,600 INFO    : Snapshot:1	Epoch:10	Loss:3.437	MRR:19.93	Hits@10:35.9	Best:19.93
2024-08-26 14:36:27,148 INFO    : Snapshot:1	Epoch:11	Loss:3.322	MRR:20.12	Hits@10:36.24	Best:20.12
2024-08-26 14:36:33,744 INFO    : Snapshot:1	Epoch:12	Loss:3.23	MRR:20.34	Hits@10:36.43	Best:20.34
2024-08-26 14:36:40,333 INFO    : Snapshot:1	Epoch:13	Loss:3.094	MRR:20.58	Hits@10:36.85	Best:20.58
2024-08-26 14:36:46,834 INFO    : Snapshot:1	Epoch:14	Loss:3.03	MRR:20.49	Hits@10:36.94	Best:20.58
2024-08-26 14:36:53,572 INFO    : Snapshot:1	Epoch:15	Loss:2.939	MRR:20.67	Hits@10:37.54	Best:20.67
2024-08-26 14:37:00,312 INFO    : Snapshot:1	Epoch:16	Loss:2.882	MRR:20.94	Hits@10:37.79	Best:20.94
2024-08-26 14:37:07,019 INFO    : Snapshot:1	Epoch:17	Loss:2.794	MRR:21.01	Hits@10:37.78	Best:21.01
2024-08-26 14:37:13,934 INFO    : Snapshot:1	Epoch:18	Loss:2.74	MRR:21.24	Hits@10:37.93	Best:21.24
2024-08-26 14:37:20,588 INFO    : Snapshot:1	Epoch:19	Loss:2.701	MRR:21.37	Hits@10:38.25	Best:21.37
2024-08-26 14:37:27,251 INFO    : Snapshot:1	Epoch:20	Loss:2.637	MRR:21.31	Hits@10:38.29	Best:21.37
2024-08-26 14:37:33,830 INFO    : Snapshot:1	Epoch:21	Loss:2.56	MRR:21.54	Hits@10:38.61	Best:21.54
2024-08-26 14:37:40,439 INFO    : Snapshot:1	Epoch:22	Loss:2.537	MRR:21.63	Hits@10:38.7	Best:21.63
2024-08-26 14:37:47,028 INFO    : Snapshot:1	Epoch:23	Loss:2.53	MRR:21.79	Hits@10:39.09	Best:21.79
2024-08-26 14:37:53,571 INFO    : Snapshot:1	Epoch:24	Loss:2.479	MRR:21.76	Hits@10:39.15	Best:21.79
2024-08-26 14:38:00,041 INFO    : Snapshot:1	Epoch:25	Loss:2.458	MRR:21.93	Hits@10:39.16	Best:21.93
2024-08-26 14:38:06,592 INFO    : Snapshot:1	Epoch:26	Loss:2.407	MRR:21.9	Hits@10:39.22	Best:21.93
2024-08-26 14:38:13,275 INFO    : Snapshot:1	Epoch:27	Loss:2.379	MRR:21.8	Hits@10:39.04	Best:21.93
2024-08-26 14:38:19,783 INFO    : Early Stopping! Snapshot:1 Epoch: 28 Best Results: 21.93
2024-08-26 14:38:19,886 INFO    : => loading checkpoint './checkpoint/ENTITY\1model_best.tar'
2024-08-26 14:38:24,479 INFO    : 
+------------+--------+--------+--------+--------+---------+
| Snapshot:1 |  MRR   | Hits@1 | Hits@3 | Hits@5 | Hits@10 |
+------------+--------+--------+--------+--------+---------+
|     0      | 0.327  | 0.2105 | 0.3729 | 0.4487 |  0.5529 |
|     1      | 0.2189 | 0.1325 | 0.2392 | 0.3012 |  0.3923 |
+------------+--------+--------+--------+--------+---------+
2024-08-26 14:38:39,254 INFO    : Snapshot:2	Epoch:0	Loss:30.568	MRR:10.98	Hits@10:18.11	Best:10.98
2024-08-26 14:38:46,911 INFO    : Snapshot:2	Epoch:1	Loss:9.435	MRR:12.89	Hits@10:21.24	Best:12.89
2024-08-26 14:38:54,660 INFO    : Snapshot:2	Epoch:2	Loss:6.661	MRR:14.12	Hits@10:24.21	Best:14.12
2024-08-26 14:39:02,350 INFO    : Snapshot:2	Epoch:3	Loss:5.51	MRR:15.09	Hits@10:26.37	Best:15.09
2024-08-26 14:39:10,101 INFO    : Snapshot:2	Epoch:4	Loss:4.852	MRR:15.93	Hits@10:28.15	Best:15.93
2024-08-26 14:39:17,973 INFO    : Snapshot:2	Epoch:5	Loss:4.462	MRR:16.54	Hits@10:29.45	Best:16.54
2024-08-26 14:39:25,654 INFO    : Snapshot:2	Epoch:6	Loss:4.178	MRR:16.98	Hits@10:30.25	Best:16.98
2024-08-26 14:39:33,600 INFO    : Snapshot:2	Epoch:7	Loss:3.921	MRR:17.21	Hits@10:30.82	Best:17.21
2024-08-26 14:39:41,455 INFO    : Snapshot:2	Epoch:8	Loss:3.732	MRR:17.61	Hits@10:31.31	Best:17.61
2024-08-26 14:39:49,307 INFO    : Snapshot:2	Epoch:9	Loss:3.605	MRR:18.02	Hits@10:31.96	Best:18.02
2024-08-26 14:39:57,484 INFO    : Snapshot:2	Epoch:10	Loss:3.42	MRR:18.09	Hits@10:32.28	Best:18.09
2024-08-26 14:40:05,269 INFO    : Snapshot:2	Epoch:11	Loss:3.325	MRR:18.44	Hits@10:32.66	Best:18.44
2024-08-26 14:40:13,048 INFO    : Snapshot:2	Epoch:12	Loss:3.215	MRR:18.64	Hits@10:32.91	Best:18.64
2024-08-26 14:40:20,679 INFO    : Snapshot:2	Epoch:13	Loss:3.134	MRR:18.9	Hits@10:33.34	Best:18.9
2024-08-26 14:40:28,393 INFO    : Snapshot:2	Epoch:14	Loss:3.044	MRR:18.93	Hits@10:33.65	Best:18.93
2024-08-26 14:40:36,037 INFO    : Snapshot:2	Epoch:15	Loss:2.961	MRR:19.1	Hits@10:33.8	Best:19.1
2024-08-26 14:40:43,646 INFO    : Snapshot:2	Epoch:16	Loss:2.938	MRR:19.21	Hits@10:34.09	Best:19.21
2024-08-26 14:40:51,965 INFO    : Snapshot:2	Epoch:17	Loss:2.856	MRR:19.36	Hits@10:33.93	Best:19.36
2024-08-26 14:40:59,959 INFO    : Snapshot:2	Epoch:18	Loss:2.802	MRR:19.29	Hits@10:34.25	Best:19.36
2024-08-26 14:41:08,137 INFO    : Snapshot:2	Epoch:19	Loss:2.791	MRR:19.49	Hits@10:34.28	Best:19.49
2024-08-26 14:41:16,086 INFO    : Snapshot:2	Epoch:20	Loss:2.702	MRR:19.48	Hits@10:34.42	Best:19.49
2024-08-26 14:41:24,069 INFO    : Snapshot:2	Epoch:21	Loss:2.691	MRR:19.56	Hits@10:34.69	Best:19.56
2024-08-26 14:41:31,808 INFO    : Snapshot:2	Epoch:22	Loss:2.654	MRR:19.51	Hits@10:34.81	Best:19.56
2024-08-26 14:41:39,602 INFO    : Snapshot:2	Epoch:23	Loss:2.6	MRR:19.76	Hits@10:34.8	Best:19.76
2024-08-26 14:41:47,438 INFO    : Snapshot:2	Epoch:24	Loss:2.563	MRR:19.75	Hits@10:34.82	Best:19.76
2024-08-26 14:41:55,236 INFO    : Snapshot:2	Epoch:25	Loss:2.569	MRR:19.81	Hits@10:34.98	Best:19.81
2024-08-26 14:42:03,093 INFO    : Snapshot:2	Epoch:26	Loss:2.517	MRR:19.93	Hits@10:35.11	Best:19.93
2024-08-26 14:42:10,860 INFO    : Snapshot:2	Epoch:27	Loss:2.498	MRR:19.85	Hits@10:35.21	Best:19.93
2024-08-26 14:42:18,825 INFO    : Snapshot:2	Epoch:28	Loss:2.498	MRR:19.92	Hits@10:35.28	Best:19.93
2024-08-26 14:42:26,510 INFO    : Snapshot:2	Epoch:29	Loss:2.444	MRR:20.01	Hits@10:35.27	Best:20.01
2024-08-26 14:42:34,178 INFO    : Snapshot:2	Epoch:30	Loss:2.434	MRR:19.99	Hits@10:35.41	Best:20.01
2024-08-26 14:42:41,760 INFO    : Snapshot:2	Epoch:31	Loss:2.404	MRR:20.0	Hits@10:35.35	Best:20.01
2024-08-26 14:42:49,377 INFO    : Early Stopping! Snapshot:2 Epoch: 32 Best Results: 20.01
2024-08-26 14:42:49,470 INFO    : => loading checkpoint './checkpoint/ENTITY\2model_best.tar'
2024-08-26 14:42:58,583 INFO    : 
+------------+--------+--------+--------+--------+---------+
| Snapshot:2 |  MRR   | Hits@1 | Hits@3 | Hits@5 | Hits@10 |
+------------+--------+--------+--------+--------+---------+
|     0      | 0.327  | 0.2105 | 0.3729 | 0.4487 |  0.5529 |
|     1      | 0.2189 | 0.1325 | 0.2392 | 0.3012 |  0.3923 |
|     2      | 0.2017 | 0.1196 | 0.2268 | 0.2789 |  0.3571 |
+------------+--------+--------+--------+--------+---------+
2024-08-26 14:43:15,292 INFO    : Snapshot:3	Epoch:0	Loss:29.316	MRR:9.69	Hits@10:16.67	Best:9.69
2024-08-26 14:43:23,831 INFO    : Snapshot:3	Epoch:1	Loss:8.633	MRR:11.96	Hits@10:20.07	Best:11.96
2024-08-26 14:43:32,429 INFO    : Snapshot:3	Epoch:2	Loss:5.849	MRR:13.19	Hits@10:22.51	Best:13.19
2024-08-26 14:43:41,031 INFO    : Snapshot:3	Epoch:3	Loss:4.77	MRR:14.04	Hits@10:24.3	Best:14.04
2024-08-26 14:43:49,777 INFO    : Snapshot:3	Epoch:4	Loss:4.195	MRR:14.82	Hits@10:25.96	Best:14.82
2024-08-26 14:43:58,336 INFO    : Snapshot:3	Epoch:5	Loss:3.856	MRR:15.33	Hits@10:26.99	Best:15.33
2024-08-26 14:44:06,828 INFO    : Snapshot:3	Epoch:6	Loss:3.55	MRR:15.76	Hits@10:28.1	Best:15.76
2024-08-26 14:44:15,353 INFO    : Snapshot:3	Epoch:7	Loss:3.359	MRR:16.15	Hits@10:28.87	Best:16.15
2024-08-26 14:44:23,854 INFO    : Snapshot:3	Epoch:8	Loss:3.172	MRR:16.51	Hits@10:29.59	Best:16.51
2024-08-26 14:44:32,401 INFO    : Snapshot:3	Epoch:9	Loss:3.043	MRR:16.84	Hits@10:30.11	Best:16.84
2024-08-26 14:44:40,948 INFO    : Snapshot:3	Epoch:10	Loss:2.895	MRR:17.15	Hits@10:30.81	Best:17.15
2024-08-26 14:44:49,641 INFO    : Snapshot:3	Epoch:11	Loss:2.79	MRR:17.34	Hits@10:31.3	Best:17.34
2024-08-26 14:44:58,376 INFO    : Snapshot:3	Epoch:12	Loss:2.728	MRR:17.48	Hits@10:31.54	Best:17.48
2024-08-26 14:45:07,036 INFO    : Snapshot:3	Epoch:13	Loss:2.645	MRR:17.7	Hits@10:31.91	Best:17.7
2024-08-26 14:45:15,906 INFO    : Snapshot:3	Epoch:14	Loss:2.545	MRR:17.83	Hits@10:32.09	Best:17.83
2024-08-26 14:45:24,659 INFO    : Snapshot:3	Epoch:15	Loss:2.502	MRR:17.99	Hits@10:32.29	Best:17.99
2024-08-26 14:45:33,369 INFO    : Snapshot:3	Epoch:16	Loss:2.45	MRR:18.25	Hits@10:32.45	Best:18.25
2024-08-26 14:45:41,986 INFO    : Snapshot:3	Epoch:17	Loss:2.379	MRR:18.33	Hits@10:32.69	Best:18.33
2024-08-26 14:45:51,006 INFO    : Snapshot:3	Epoch:18	Loss:2.358	MRR:18.38	Hits@10:33.02	Best:18.38
2024-08-26 14:45:59,922 INFO    : Snapshot:3	Epoch:19	Loss:2.297	MRR:18.56	Hits@10:33.31	Best:18.56
2024-08-26 14:46:08,793 INFO    : Snapshot:3	Epoch:20	Loss:2.247	MRR:18.58	Hits@10:33.16	Best:18.58
2024-08-26 14:46:17,498 INFO    : Snapshot:3	Epoch:21	Loss:2.211	MRR:18.58	Hits@10:33.46	Best:18.58
2024-08-26 14:46:26,288 INFO    : Snapshot:3	Epoch:22	Loss:2.207	MRR:18.58	Hits@10:33.37	Best:18.58
2024-08-26 14:46:35,076 INFO    : Snapshot:3	Epoch:23	Loss:2.185	MRR:18.76	Hits@10:33.48	Best:18.76
2024-08-26 14:46:43,923 INFO    : Snapshot:3	Epoch:24	Loss:2.129	MRR:18.81	Hits@10:33.55	Best:18.81
2024-08-26 14:46:52,546 INFO    : Snapshot:3	Epoch:25	Loss:2.12	MRR:18.83	Hits@10:33.61	Best:18.83
2024-08-26 14:47:01,002 INFO    : Snapshot:3	Epoch:26	Loss:2.086	MRR:18.82	Hits@10:33.46	Best:18.83
2024-08-26 14:47:09,639 INFO    : Snapshot:3	Epoch:27	Loss:2.046	MRR:18.95	Hits@10:33.62	Best:18.95
2024-08-26 14:47:18,323 INFO    : Snapshot:3	Epoch:28	Loss:2.019	MRR:18.94	Hits@10:33.62	Best:18.95
2024-08-26 14:47:26,959 INFO    : Snapshot:3	Epoch:29	Loss:2.015	MRR:18.9	Hits@10:33.61	Best:18.95
2024-08-26 14:47:35,549 INFO    : Early Stopping! Snapshot:3 Epoch: 30 Best Results: 18.95
2024-08-26 14:47:35,641 INFO    : => loading checkpoint './checkpoint/ENTITY\3model_best.tar'
2024-08-26 14:47:50,111 INFO    : 
+------------+--------+--------+--------+--------+---------+
| Snapshot:3 |  MRR   | Hits@1 | Hits@3 | Hits@5 | Hits@10 |
+------------+--------+--------+--------+--------+---------+
|     0      | 0.327  | 0.2105 | 0.3729 | 0.4487 |  0.5529 |
|     1      | 0.2189 | 0.1325 | 0.2392 | 0.3012 |  0.3923 |
|     2      | 0.2017 | 0.1196 | 0.2268 | 0.2789 |  0.3571 |
|     3      | 0.1907 | 0.1134 | 0.2131 | 0.2634 |  0.3377 |
+------------+--------+--------+--------+--------+---------+
2024-08-26 14:48:04,864 INFO    : Snapshot:4	Epoch:0	Loss:24.374	MRR:10.46	Hits@10:19.3	Best:10.46
2024-08-26 14:48:11,856 INFO    : Snapshot:4	Epoch:1	Loss:6.96	MRR:15.75	Hits@10:24.73	Best:15.75
2024-08-26 14:48:18,857 INFO    : Snapshot:4	Epoch:2	Loss:3.838	MRR:17.5	Hits@10:27.52	Best:17.5
2024-08-26 14:48:25,903 INFO    : Snapshot:4	Epoch:3	Loss:2.899	MRR:18.27	Hits@10:29.59	Best:18.27
2024-08-26 14:48:32,817 INFO    : Snapshot:4	Epoch:4	Loss:2.432	MRR:18.84	Hits@10:30.84	Best:18.84
2024-08-26 14:48:39,966 INFO    : Snapshot:4	Epoch:5	Loss:2.13	MRR:19.34	Hits@10:32.05	Best:19.34
2024-08-26 14:48:47,032 INFO    : Snapshot:4	Epoch:6	Loss:1.921	MRR:19.99	Hits@10:33.4	Best:19.99
2024-08-26 14:48:54,089 INFO    : Snapshot:4	Epoch:7	Loss:1.78	MRR:20.29	Hits@10:34.21	Best:20.29
2024-08-26 14:49:01,098 INFO    : Snapshot:4	Epoch:8	Loss:1.649	MRR:20.76	Hits@10:35.04	Best:20.76
2024-08-26 14:49:08,242 INFO    : Snapshot:4	Epoch:9	Loss:1.554	MRR:21.07	Hits@10:35.78	Best:21.07
2024-08-26 14:49:15,371 INFO    : Snapshot:4	Epoch:10	Loss:1.472	MRR:21.35	Hits@10:36.44	Best:21.35
2024-08-26 14:49:22,566 INFO    : Snapshot:4	Epoch:11	Loss:1.413	MRR:21.69	Hits@10:37.16	Best:21.69
2024-08-26 14:49:29,665 INFO    : Snapshot:4	Epoch:12	Loss:1.356	MRR:21.96	Hits@10:37.72	Best:21.96
2024-08-26 14:49:36,796 INFO    : Snapshot:4	Epoch:13	Loss:1.279	MRR:22.07	Hits@10:38.0	Best:22.07
2024-08-26 14:49:43,754 INFO    : Snapshot:4	Epoch:14	Loss:1.244	MRR:22.34	Hits@10:38.38	Best:22.34
2024-08-26 14:49:50,840 INFO    : Snapshot:4	Epoch:15	Loss:1.205	MRR:22.46	Hits@10:38.76	Best:22.46
2024-08-26 14:49:57,875 INFO    : Snapshot:4	Epoch:16	Loss:1.164	MRR:22.66	Hits@10:38.91	Best:22.66
2024-08-26 14:50:04,865 INFO    : Snapshot:4	Epoch:17	Loss:1.123	MRR:22.78	Hits@10:39.16	Best:22.78
2024-08-26 14:50:11,877 INFO    : Snapshot:4	Epoch:18	Loss:1.112	MRR:23.02	Hits@10:39.59	Best:23.02
2024-08-26 14:50:19,034 INFO    : Snapshot:4	Epoch:19	Loss:1.088	MRR:23.22	Hits@10:40.02	Best:23.22
2024-08-26 14:50:26,223 INFO    : Snapshot:4	Epoch:20	Loss:1.061	MRR:23.2	Hits@10:39.74	Best:23.22
2024-08-26 14:50:33,459 INFO    : Snapshot:4	Epoch:21	Loss:1.034	MRR:23.23	Hits@10:39.85	Best:23.23
2024-08-26 14:50:40,614 INFO    : Snapshot:4	Epoch:22	Loss:1.008	MRR:23.36	Hits@10:40.07	Best:23.36
2024-08-26 14:50:47,696 INFO    : Snapshot:4	Epoch:23	Loss:0.997	MRR:23.44	Hits@10:40.19	Best:23.44
2024-08-26 14:50:54,820 INFO    : Snapshot:4	Epoch:24	Loss:0.969	MRR:23.48	Hits@10:40.41	Best:23.48
2024-08-26 14:51:02,199 INFO    : Snapshot:4	Epoch:25	Loss:0.952	MRR:23.47	Hits@10:40.3	Best:23.48
2024-08-26 14:51:09,284 INFO    : Snapshot:4	Epoch:26	Loss:0.938	MRR:23.78	Hits@10:40.54	Best:23.78
2024-08-26 14:51:16,405 INFO    : Snapshot:4	Epoch:27	Loss:0.948	MRR:23.79	Hits@10:40.93	Best:23.79
2024-08-26 14:51:23,535 INFO    : Snapshot:4	Epoch:28	Loss:0.904	MRR:23.87	Hits@10:41.11	Best:23.87
2024-08-26 14:51:30,536 INFO    : Snapshot:4	Epoch:29	Loss:0.898	MRR:23.88	Hits@10:41.15	Best:23.88
2024-08-26 14:51:37,519 INFO    : Snapshot:4	Epoch:30	Loss:0.877	MRR:23.92	Hits@10:41.12	Best:23.92
2024-08-26 14:51:44,649 INFO    : Snapshot:4	Epoch:31	Loss:0.873	MRR:23.81	Hits@10:41.32	Best:23.92
2024-08-26 14:51:51,720 INFO    : Snapshot:4	Epoch:32	Loss:0.874	MRR:23.87	Hits@10:41.07	Best:23.92
2024-08-26 14:51:58,839 INFO    : Snapshot:4	Epoch:33	Loss:0.864	MRR:23.95	Hits@10:41.28	Best:23.95
2024-08-26 14:52:05,804 INFO    : Snapshot:4	Epoch:34	Loss:0.839	MRR:24.23	Hits@10:41.61	Best:24.23
2024-08-26 14:52:12,775 INFO    : Snapshot:4	Epoch:35	Loss:0.83	MRR:24.07	Hits@10:41.63	Best:24.23
2024-08-26 14:52:19,708 INFO    : Snapshot:4	Epoch:36	Loss:0.827	MRR:24.22	Hits@10:41.78	Best:24.23
2024-08-26 14:52:26,686 INFO    : Early Stopping! Snapshot:4 Epoch: 37 Best Results: 24.23
2024-08-26 14:52:26,790 INFO    : => loading checkpoint './checkpoint/ENTITY\4model_best.tar'
2024-08-26 14:52:46,510 INFO    : 
+------------+--------+--------+--------+--------+---------+
| Snapshot:4 |  MRR   | Hits@1 | Hits@3 | Hits@5 | Hits@10 |
+------------+--------+--------+--------+--------+---------+
|     0      | 0.327  | 0.2105 | 0.3729 | 0.4487 |  0.5529 |
|     1      | 0.2189 | 0.1325 | 0.2392 | 0.3012 |  0.3923 |
|     2      | 0.2017 | 0.1196 | 0.2268 | 0.2789 |  0.3571 |
|     3      | 0.1907 | 0.1134 | 0.2131 | 0.2634 |  0.3377 |
|     4      | 0.2404 | 0.1454 | 0.2808 | 0.3433 |  0.4184 |
+------------+--------+--------+--------+--------+---------+
2024-08-26 14:52:46,513 INFO    : Final Result:
[+------------+-------+--------+--------+--------+---------+
| Snapshot:0 |  MRR  | Hits@1 | Hits@3 | Hits@5 | Hits@10 |
+------------+-------+--------+--------+--------+---------+
|     0      | 0.327 | 0.2105 | 0.3729 | 0.4487 |  0.5529 |
+------------+-------+--------+--------+--------+---------+, +------------+--------+--------+--------+--------+---------+
| Snapshot:1 |  MRR   | Hits@1 | Hits@3 | Hits@5 | Hits@10 |
+------------+--------+--------+--------+--------+---------+
|     0      | 0.327  | 0.2105 | 0.3729 | 0.4487 |  0.5529 |
|     1      | 0.2189 | 0.1325 | 0.2392 | 0.3012 |  0.3923 |
+------------+--------+--------+--------+--------+---------+, +------------+--------+--------+--------+--------+---------+
| Snapshot:2 |  MRR   | Hits@1 | Hits@3 | Hits@5 | Hits@10 |
+------------+--------+--------+--------+--------+---------+
|     0      | 0.327  | 0.2105 | 0.3729 | 0.4487 |  0.5529 |
|     1      | 0.2189 | 0.1325 | 0.2392 | 0.3012 |  0.3923 |
|     2      | 0.2017 | 0.1196 | 0.2268 | 0.2789 |  0.3571 |
+------------+--------+--------+--------+--------+---------+, +------------+--------+--------+--------+--------+---------+
| Snapshot:3 |  MRR   | Hits@1 | Hits@3 | Hits@5 | Hits@10 |
+------------+--------+--------+--------+--------+---------+
|     0      | 0.327  | 0.2105 | 0.3729 | 0.4487 |  0.5529 |
|     1      | 0.2189 | 0.1325 | 0.2392 | 0.3012 |  0.3923 |
|     2      | 0.2017 | 0.1196 | 0.2268 | 0.2789 |  0.3571 |
|     3      | 0.1907 | 0.1134 | 0.2131 | 0.2634 |  0.3377 |
+------------+--------+--------+--------+--------+---------+, +------------+--------+--------+--------+--------+---------+
| Snapshot:4 |  MRR   | Hits@1 | Hits@3 | Hits@5 | Hits@10 |
+------------+--------+--------+--------+--------+---------+
|     0      | 0.327  | 0.2105 | 0.3729 | 0.4487 |  0.5529 |
|     1      | 0.2189 | 0.1325 | 0.2392 | 0.3012 |  0.3923 |
|     2      | 0.2017 | 0.1196 | 0.2268 | 0.2789 |  0.3571 |
|     3      | 0.1907 | 0.1134 | 0.2131 | 0.2634 |  0.3377 |
|     4      | 0.2404 | 0.1454 | 0.2808 | 0.3433 |  0.4184 |
+------------+--------+--------+--------+--------+---------+]
2024-08-26 14:52:46,514 INFO    : Report Result:
+----------+--------------------+-----------+--------------+--------------+---------------+
| Snapshot |        Time        | Whole_MRR | Whole_Hits@1 | Whole_Hits@3 | Whole_Hits@10 |
+----------+--------------------+-----------+--------------+--------------+---------------+
|    0     | 21.27607250213623  |   0.327   |     0.21     |    0.373     |     0.553     |
|    1     | 194.05206513404846 |   0.261   |    0.163     |    0.292     |     0.455     |
|    2     | 260.7502648830414  |   0.238   |    0.146     |    0.267     |     0.418     |
|    3     | 271.71397829055786 |   0.226   |    0.138     |    0.252     |     0.396     |
|    4     | 271.60704708099365 |   0.228   |    0.139     |    0.257     |      0.4      |
+----------+--------------------+-----------+--------------+--------------+---------------+
2024-08-26 14:52:46,514 INFO    : Sum_Training_Time:1019.3994278907776
2024-08-26 14:52:46,514 INFO    : Every_Training_Time:[21.27607250213623, 194.05206513404846, 260.7502648830414, 271.71397829055786, 271.60704708099365]
2024-08-26 14:52:46,514 INFO    : Forward transfer: 0.040975 Backward transfer: 0.0
