2024-09-24 21:11:37,051 INFO    : Namespace(batch_size=1024, data_path='./data/WN_CKGE/', dataset='WN_CKGE', debug=False, device=device(type='cuda', index=0), emb_dim=200, ent_r='200', epoch_num=200, explore=False, gpu='0', l2=0.0, learning_rate='1e-1', log_path='./logs/WN_CKGE 200 10 1e-1 1024/WN_CKGE', logger=<RootLogger root (INFO)>, margin=8.0, model_name='LoraKGE_Layers', multi_layers_path='train_sorted_by_edges_betweenness.txt', neg_ratio=10, note='', num_ent_layers='10', num_layer=1, num_rel_layers='1', patience=3, predict_result='True', r=100, r_fixed=True, random_seed=3407, record=False, rel_r='20', save_path='./checkpoint/WN_CKGE', skip_previous='False', snapshot_num=5, train_new=True, using_multi_layers=False, using_various_ranks='True', using_various_ranks_reverse=False, valid_metrics='mrr')
2024-09-24 21:11:48,498 INFO    : Snapshot:0	0	3	Epoch:0	Loss:41.777	MRR:1.24	Hits@10:3.14	Best:1.24
2024-09-24 21:16:56,152 INFO    : Snapshot:0	0	3	Epoch:1	Loss:21.959	MRR:9.65	Hits@10:22.46	Best:9.65
2024-09-24 21:17:07,090 INFO    : Snapshot:0	0	3	Epoch:2	Loss:11.347	MRR:13.06	Hits@10:29.25	Best:13.06
2024-09-24 21:17:17,951 INFO    : Snapshot:0	0	3	Epoch:3	Loss:7.0	MRR:14.29	Hits@10:31.47	Best:14.29
2024-09-24 21:17:28,917 INFO    : Snapshot:0	0	3	Epoch:4	Loss:4.735	MRR:14.92	Hits@10:32.62	Best:14.92
2024-09-24 21:17:39,609 INFO    : Snapshot:0	0	3	Epoch:5	Loss:3.363	MRR:15.33	Hits@10:33.54	Best:15.33
2024-09-24 21:17:50,445 INFO    : Snapshot:0	0	3	Epoch:6	Loss:2.454	MRR:15.67	Hits@10:34.35	Best:15.67
2024-09-24 21:18:01,184 INFO    : Snapshot:0	0	3	Epoch:7	Loss:1.806	MRR:15.93	Hits@10:34.96	Best:15.93
2024-09-24 21:18:12,091 INFO    : Snapshot:0	0	3	Epoch:8	Loss:1.367	MRR:16.23	Hits@10:35.76	Best:16.23
2024-09-24 21:18:22,866 INFO    : Snapshot:0	0	3	Epoch:9	Loss:1.056	MRR:16.45	Hits@10:36.23	Best:16.45
2024-09-24 21:18:33,638 INFO    : Snapshot:0	0	3	Epoch:10	Loss:0.816	MRR:16.64	Hits@10:36.68	Best:16.64
2024-09-24 21:18:44,415 INFO    : Snapshot:0	0	3	Epoch:11	Loss:0.624	MRR:16.83	Hits@10:37.25	Best:16.83
2024-09-24 21:18:55,160 INFO    : Snapshot:0	0	3	Epoch:12	Loss:0.505	MRR:16.9	Hits@10:37.74	Best:16.9
2024-09-24 21:19:06,199 INFO    : Snapshot:0	0	3	Epoch:13	Loss:0.399	MRR:16.93	Hits@10:37.97	Best:16.93
2024-09-24 21:19:16,992 INFO    : Snapshot:0	1	3	Epoch:14	Loss:0.335	MRR:16.93	Hits@10:38.19	Best:16.93
2024-09-24 21:19:27,859 INFO    : Snapshot:0	0	3	Epoch:15	Loss:0.279	MRR:17.06	Hits@10:38.67	Best:17.06
2024-09-24 21:19:38,647 INFO    : Snapshot:0	1	3	Epoch:16	Loss:0.236	MRR:17.04	Hits@10:38.78	Best:17.06
2024-09-24 21:19:49,480 INFO    : Snapshot:0	0	3	Epoch:17	Loss:0.22	MRR:17.08	Hits@10:39.0	Best:17.08
2024-09-24 21:20:00,278 INFO    : Snapshot:0	0	3	Epoch:18	Loss:0.188	MRR:17.12	Hits@10:39.1	Best:17.12
2024-09-24 21:20:11,038 INFO    : Snapshot:0	1	3	Epoch:19	Loss:0.177	MRR:17.1	Hits@10:39.27	Best:17.12
2024-09-24 21:20:21,782 INFO    : Snapshot:0	2	3	Epoch:20	Loss:0.158	MRR:17.08	Hits@10:39.43	Best:17.12
2024-09-24 21:20:32,612 INFO    : Snapshot:0	0	3	Epoch:21	Loss:0.149	MRR:17.14	Hits@10:39.47	Best:17.14
2024-09-24 21:20:43,570 INFO    : Snapshot:0	1	3	Epoch:22	Loss:0.143	MRR:17.07	Hits@10:39.57	Best:17.14
2024-09-24 21:20:54,428 INFO    : Snapshot:0	2	3	Epoch:23	Loss:0.133	MRR:17.13	Hits@10:39.69	Best:17.14
2024-09-24 21:21:05,343 INFO    : Snapshot:0	0	3	Epoch:24	Loss:0.12	MRR:17.18	Hits@10:40.0	Best:17.18
2024-09-24 21:21:16,263 INFO    : Snapshot:0	0	3	Epoch:25	Loss:0.121	MRR:17.22	Hits@10:39.94	Best:17.22
2024-09-24 21:21:26,972 INFO    : Snapshot:0	1	3	Epoch:26	Loss:0.115	MRR:17.16	Hits@10:40.12	Best:17.22
2024-09-24 21:21:37,703 INFO    : Snapshot:0	2	3	Epoch:27	Loss:0.108	MRR:17.15	Hits@10:40.24	Best:17.22
2024-09-24 21:21:48,576 INFO    : Early Stopping! Snapshot:0 Epoch: 28 Best Results: 17.22
2024-09-24 21:21:48,616 INFO    : => loading checkpoint './checkpoint/WN_CKGE\0model_best.tar'
2024-09-24 21:22:00,136 INFO    : 
+------------+--------+--------+--------+--------+---------+
| Snapshot:0 |  MRR   | Hits@1 | Hits@3 | Hits@5 | Hits@10 |
+------------+--------+--------+--------+--------+---------+
|     0      | 0.1722 |  0.01  | 0.3114 | 0.354  |  0.3996 |
+------------+--------+--------+--------+--------+---------+
2024-09-24 21:22:16,743 INFO    : Snapshot:1	0	3	Epoch:0	Loss:6.591	MRR:5.24	Hits@10:13.49	Best:5.24
2024-09-24 21:22:23,922 INFO    : Snapshot:1	0	3	Epoch:1	Loss:3.265	MRR:9.5	Hits@10:25.27	Best:9.5
2024-09-24 21:22:31,101 INFO    : Snapshot:1	0	3	Epoch:2	Loss:1.435	MRR:11.72	Hits@10:29.78	Best:11.72
2024-09-24 21:22:38,317 INFO    : Snapshot:1	0	3	Epoch:3	Loss:0.741	MRR:12.73	Hits@10:31.53	Best:12.73
2024-09-24 21:22:45,539 INFO    : Snapshot:1	0	3	Epoch:4	Loss:0.484	MRR:13.05	Hits@10:32.18	Best:13.05
2024-09-24 21:22:52,758 INFO    : Snapshot:1	0	3	Epoch:5	Loss:0.364	MRR:13.43	Hits@10:32.61	Best:13.43
2024-09-24 21:22:59,970 INFO    : Snapshot:1	0	3	Epoch:6	Loss:0.31	MRR:13.64	Hits@10:33.55	Best:13.64
2024-09-24 21:23:07,165 INFO    : Snapshot:1	0	3	Epoch:7	Loss:0.266	MRR:13.71	Hits@10:33.41	Best:13.71
2024-09-24 21:23:14,377 INFO    : Snapshot:1	0	3	Epoch:8	Loss:0.245	MRR:13.91	Hits@10:33.71	Best:13.91
2024-09-24 21:23:21,578 INFO    : Snapshot:1	0	3	Epoch:9	Loss:0.224	MRR:14.06	Hits@10:33.74	Best:14.06
2024-09-24 21:23:28,782 INFO    : Snapshot:1	0	3	Epoch:10	Loss:0.213	MRR:14.08	Hits@10:33.98	Best:14.08
2024-09-24 21:23:35,948 INFO    : Snapshot:1	0	3	Epoch:11	Loss:0.204	MRR:14.13	Hits@10:34.06	Best:14.13
2024-09-24 21:23:43,124 INFO    : Snapshot:1	1	3	Epoch:12	Loss:0.199	MRR:14.01	Hits@10:34.09	Best:14.13
2024-09-24 21:23:50,275 INFO    : Snapshot:1	2	3	Epoch:13	Loss:0.192	MRR:14.12	Hits@10:34.01	Best:14.13
2024-09-24 21:23:57,458 INFO    : Snapshot:1	0	3	Epoch:14	Loss:0.186	MRR:14.14	Hits@10:34.11	Best:14.14
2024-09-24 21:24:04,643 INFO    : Snapshot:1	0	3	Epoch:15	Loss:0.182	MRR:14.2	Hits@10:34.25	Best:14.2
2024-09-24 21:24:11,839 INFO    : Snapshot:1	0	3	Epoch:16	Loss:0.18	MRR:14.26	Hits@10:34.38	Best:14.26
2024-09-24 21:24:19,013 INFO    : Snapshot:1	0	3	Epoch:17	Loss:0.175	MRR:14.31	Hits@10:34.22	Best:14.31
2024-09-24 21:24:26,183 INFO    : Snapshot:1	1	3	Epoch:18	Loss:0.175	MRR:14.3	Hits@10:34.11	Best:14.31
2024-09-24 21:24:33,365 INFO    : Snapshot:1	0	3	Epoch:19	Loss:0.171	MRR:14.42	Hits@10:34.25	Best:14.42
2024-09-24 21:24:40,595 INFO    : Snapshot:1	0	3	Epoch:20	Loss:0.171	MRR:14.43	Hits@10:34.65	Best:14.43
2024-09-24 21:24:47,778 INFO    : Snapshot:1	1	3	Epoch:21	Loss:0.169	MRR:14.43	Hits@10:34.54	Best:14.43
2024-09-24 21:24:54,965 INFO    : Snapshot:1	2	3	Epoch:22	Loss:0.165	MRR:14.36	Hits@10:34.49	Best:14.43
2024-09-24 21:25:02,136 INFO    : Early Stopping! Snapshot:1 Epoch: 23 Best Results: 14.43
2024-09-24 21:25:02,177 INFO    : => loading checkpoint './checkpoint/WN_CKGE\1model_best.tar'
2024-09-24 21:25:21,206 INFO    : 
+------------+--------+--------+--------+--------+---------+
| Snapshot:1 |  MRR   | Hits@1 | Hits@3 | Hits@5 | Hits@10 |
+------------+--------+--------+--------+--------+---------+
|     0      | 0.1722 |  0.01  | 0.3114 | 0.354  |  0.3996 |
|     1      | 0.1422 | 0.0089 | 0.2505 | 0.2925 |  0.3379 |
+------------+--------+--------+--------+--------+---------+
2024-09-24 21:25:55,949 INFO    : Snapshot:2	0	3	Epoch:0	Loss:6.594	MRR:4.55	Hits@10:11.69	Best:4.55
2024-09-24 21:26:12,026 INFO    : Snapshot:2	0	3	Epoch:1	Loss:3.281	MRR:8.62	Hits@10:22.37	Best:8.62
2024-09-24 21:26:28,195 INFO    : Snapshot:2	0	3	Epoch:2	Loss:1.398	MRR:10.75	Hits@10:25.99	Best:10.75
2024-09-24 21:26:44,593 INFO    : Snapshot:2	0	3	Epoch:3	Loss:0.703	MRR:11.8	Hits@10:28.47	Best:11.8
2024-09-24 21:27:00,702 INFO    : Snapshot:2	0	3	Epoch:4	Loss:0.461	MRR:12.36	Hits@10:29.33	Best:12.36
2024-09-24 21:27:16,807 INFO    : Snapshot:2	0	3	Epoch:5	Loss:0.333	MRR:12.72	Hits@10:29.54	Best:12.72
2024-09-24 21:27:32,866 INFO    : Snapshot:2	0	3	Epoch:6	Loss:0.28	MRR:12.85	Hits@10:29.87	Best:12.85
2024-09-24 21:27:48,901 INFO    : Snapshot:2	0	3	Epoch:7	Loss:0.243	MRR:13.0	Hits@10:30.16	Best:13.0
2024-09-24 21:28:04,930 INFO    : Snapshot:2	0	3	Epoch:8	Loss:0.216	MRR:13.12	Hits@10:30.08	Best:13.12
2024-09-24 21:28:20,915 INFO    : Snapshot:2	1	3	Epoch:9	Loss:0.205	MRR:13.1	Hits@10:30.11	Best:13.12
2024-09-24 21:28:36,950 INFO    : Snapshot:2	0	3	Epoch:10	Loss:0.19	MRR:13.14	Hits@10:30.03	Best:13.14
2024-09-24 21:28:52,964 INFO    : Snapshot:2	1	3	Epoch:11	Loss:0.182	MRR:13.07	Hits@10:30.05	Best:13.14
2024-09-24 21:29:08,978 INFO    : Snapshot:2	2	3	Epoch:12	Loss:0.177	MRR:13.13	Hits@10:30.22	Best:13.14
2024-09-24 21:29:24,999 INFO    : Early Stopping! Snapshot:2 Epoch: 13 Best Results: 13.14
2024-09-24 21:29:25,048 INFO    : => loading checkpoint './checkpoint/WN_CKGE\2model_best.tar'
2024-09-24 21:30:00,279 INFO    : 
+------------+--------+--------+--------+--------+---------+
| Snapshot:2 |  MRR   | Hits@1 | Hits@3 | Hits@5 | Hits@10 |
+------------+--------+--------+--------+--------+---------+
|     0      | 0.1722 |  0.01  | 0.3114 | 0.354  |  0.3996 |
|     1      | 0.1422 | 0.0089 | 0.2505 | 0.2925 |  0.3379 |
|     2      | 0.139  | 0.0137 | 0.2379 | 0.2796 |  0.3212 |
+------------+--------+--------+--------+--------+---------+
2024-09-24 21:30:39,550 INFO    : Snapshot:3	0	3	Epoch:0	Loss:6.605	MRR:3.84	Hits@10:10.03	Best:3.84
2024-09-24 21:30:57,673 INFO    : Snapshot:3	0	3	Epoch:1	Loss:3.26	MRR:7.88	Hits@10:20.4	Best:7.88
2024-09-24 21:31:15,767 INFO    : Snapshot:3	0	3	Epoch:2	Loss:1.367	MRR:10.21	Hits@10:24.44	Best:10.21
2024-09-24 21:31:33,868 INFO    : Snapshot:3	0	3	Epoch:3	Loss:0.677	MRR:11.36	Hits@10:26.88	Best:11.36
2024-09-24 21:31:51,956 INFO    : Snapshot:3	0	3	Epoch:4	Loss:0.441	MRR:11.79	Hits@10:27.37	Best:11.79
2024-09-24 21:32:10,050 INFO    : Snapshot:3	0	3	Epoch:5	Loss:0.329	MRR:12.12	Hits@10:27.93	Best:12.12
2024-09-24 21:32:28,135 INFO    : Snapshot:3	0	3	Epoch:6	Loss:0.276	MRR:12.36	Hits@10:28.31	Best:12.36
2024-09-24 21:32:46,203 INFO    : Snapshot:3	0	3	Epoch:7	Loss:0.245	MRR:12.54	Hits@10:28.23	Best:12.54
2024-09-24 21:33:04,366 INFO    : Snapshot:3	0	3	Epoch:8	Loss:0.216	MRR:12.63	Hits@10:28.6	Best:12.63
2024-09-24 21:33:22,441 INFO    : Snapshot:3	0	3	Epoch:9	Loss:0.201	MRR:12.65	Hits@10:28.84	Best:12.65
2024-09-24 21:33:40,478 INFO    : Snapshot:3	1	3	Epoch:10	Loss:0.188	MRR:12.64	Hits@10:28.6	Best:12.65
2024-09-24 21:33:58,564 INFO    : Snapshot:3	0	3	Epoch:11	Loss:0.182	MRR:12.72	Hits@10:28.6	Best:12.72
2024-09-24 21:34:16,646 INFO    : Snapshot:3	0	3	Epoch:12	Loss:0.177	MRR:12.76	Hits@10:28.49	Best:12.76
2024-09-24 21:34:34,718 INFO    : Snapshot:3	0	3	Epoch:13	Loss:0.169	MRR:12.8	Hits@10:28.58	Best:12.8
2024-09-24 21:34:52,817 INFO    : Snapshot:3	0	3	Epoch:14	Loss:0.166	MRR:12.88	Hits@10:28.82	Best:12.88
2024-09-24 21:35:10,901 INFO    : Snapshot:3	1	3	Epoch:15	Loss:0.166	MRR:12.84	Hits@10:28.9	Best:12.88
2024-09-24 21:35:28,947 INFO    : Snapshot:3	2	3	Epoch:16	Loss:0.157	MRR:12.8	Hits@10:28.71	Best:12.88
2024-09-24 21:35:46,986 INFO    : Early Stopping! Snapshot:3 Epoch: 17 Best Results: 12.88
2024-09-24 21:35:47,027 INFO    : => loading checkpoint './checkpoint/WN_CKGE\3model_best.tar'
2024-09-24 21:36:40,735 INFO    : 
+------------+--------+--------+--------+--------+---------+
| Snapshot:3 |  MRR   | Hits@1 | Hits@3 | Hits@5 | Hits@10 |
+------------+--------+--------+--------+--------+---------+
|     0      | 0.1722 |  0.01  | 0.3114 | 0.354  |  0.3996 |
|     1      | 0.1422 | 0.0089 | 0.2505 | 0.2925 |  0.3379 |
|     2      | 0.139  | 0.0137 | 0.2379 | 0.2796 |  0.3212 |
|     3      | 0.1317 | 0.0108 | 0.2317 | 0.2653 |  0.3022 |
+------------+--------+--------+--------+--------+---------+
2024-09-24 21:36:50,513 INFO    : Snapshot:4	0	3	Epoch:0	Loss:6.557	MRR:10.1	Hits@10:23.66	Best:10.1
2024-09-24 21:36:53,572 INFO    : Snapshot:4	0	3	Epoch:1	Loss:3.196	MRR:11.65	Hits@10:27.58	Best:11.65
2024-09-24 21:36:56,613 INFO    : Snapshot:4	0	3	Epoch:2	Loss:1.303	MRR:12.58	Hits@10:29.35	Best:12.58
2024-09-24 21:36:59,698 INFO    : Snapshot:4	0	3	Epoch:3	Loss:0.626	MRR:13.09	Hits@10:30.11	Best:13.09
2024-09-24 21:37:02,781 INFO    : Snapshot:4	0	3	Epoch:4	Loss:0.405	MRR:13.23	Hits@10:30.46	Best:13.23
2024-09-24 21:37:05,866 INFO    : Snapshot:4	0	3	Epoch:5	Loss:0.312	MRR:13.35	Hits@10:30.75	Best:13.35
2024-09-24 21:37:08,933 INFO    : Snapshot:4	0	3	Epoch:6	Loss:0.251	MRR:13.43	Hits@10:30.91	Best:13.43
2024-09-24 21:37:12,016 INFO    : Snapshot:4	0	3	Epoch:7	Loss:0.223	MRR:13.53	Hits@10:30.75	Best:13.53
2024-09-24 21:37:15,090 INFO    : Snapshot:4	0	3	Epoch:8	Loss:0.204	MRR:13.56	Hits@10:30.78	Best:13.56
2024-09-24 21:37:18,128 INFO    : Snapshot:4	1	3	Epoch:9	Loss:0.189	MRR:13.52	Hits@10:30.81	Best:13.56
2024-09-24 21:37:21,166 INFO    : Snapshot:4	2	3	Epoch:10	Loss:0.174	MRR:13.52	Hits@10:30.75	Best:13.56
2024-09-24 21:37:24,196 INFO    : Early Stopping! Snapshot:4 Epoch: 11 Best Results: 13.56
2024-09-24 21:37:24,229 INFO    : => loading checkpoint './checkpoint/WN_CKGE\4model_best.tar'
2024-09-24 21:37:47,217 INFO    : 
+------------+--------+--------+--------+--------+---------+
| Snapshot:4 |  MRR   | Hits@1 | Hits@3 | Hits@5 | Hits@10 |
+------------+--------+--------+--------+--------+---------+
|     0      | 0.1722 |  0.01  | 0.3114 | 0.354  |  0.3996 |
|     1      | 0.1422 | 0.0089 | 0.2505 | 0.2925 |  0.3379 |
|     2      | 0.139  | 0.0137 | 0.2379 | 0.2796 |  0.3212 |
|     3      | 0.1317 | 0.0108 | 0.2317 | 0.2653 |  0.3022 |
|     4      | 0.1475 | 0.0116 | 0.2638 | 0.2945 |  0.3272 |
+------------+--------+--------+--------+--------+---------+
2024-09-24 21:37:47,217 INFO    : Final Result:
[+------------+--------+--------+--------+--------+---------+
| Snapshot:0 |  MRR   | Hits@1 | Hits@3 | Hits@5 | Hits@10 |
+------------+--------+--------+--------+--------+---------+
|     0      | 0.1722 |  0.01  | 0.3114 | 0.354  |  0.3996 |
+------------+--------+--------+--------+--------+---------+, +------------+--------+--------+--------+--------+---------+
| Snapshot:1 |  MRR   | Hits@1 | Hits@3 | Hits@5 | Hits@10 |
+------------+--------+--------+--------+--------+---------+
|     0      | 0.1722 |  0.01  | 0.3114 | 0.354  |  0.3996 |
|     1      | 0.1422 | 0.0089 | 0.2505 | 0.2925 |  0.3379 |
+------------+--------+--------+--------+--------+---------+, +------------+--------+--------+--------+--------+---------+
| Snapshot:2 |  MRR   | Hits@1 | Hits@3 | Hits@5 | Hits@10 |
+------------+--------+--------+--------+--------+---------+
|     0      | 0.1722 |  0.01  | 0.3114 | 0.354  |  0.3996 |
|     1      | 0.1422 | 0.0089 | 0.2505 | 0.2925 |  0.3379 |
|     2      | 0.139  | 0.0137 | 0.2379 | 0.2796 |  0.3212 |
+------------+--------+--------+--------+--------+---------+, +------------+--------+--------+--------+--------+---------+
| Snapshot:3 |  MRR   | Hits@1 | Hits@3 | Hits@5 | Hits@10 |
+------------+--------+--------+--------+--------+---------+
|     0      | 0.1722 |  0.01  | 0.3114 | 0.354  |  0.3996 |
|     1      | 0.1422 | 0.0089 | 0.2505 | 0.2925 |  0.3379 |
|     2      | 0.139  | 0.0137 | 0.2379 | 0.2796 |  0.3212 |
|     3      | 0.1317 | 0.0108 | 0.2317 | 0.2653 |  0.3022 |
+------------+--------+--------+--------+--------+---------+, +------------+--------+--------+--------+--------+---------+
| Snapshot:4 |  MRR   | Hits@1 | Hits@3 | Hits@5 | Hits@10 |
+------------+--------+--------+--------+--------+---------+
|     0      | 0.1722 |  0.01  | 0.3114 | 0.354  |  0.3996 |
|     1      | 0.1422 | 0.0089 | 0.2505 | 0.2925 |  0.3379 |
|     2      | 0.139  | 0.0137 | 0.2379 | 0.2796 |  0.3212 |
|     3      | 0.1317 | 0.0108 | 0.2317 | 0.2653 |  0.3022 |
|     4      | 0.1475 | 0.0116 | 0.2638 | 0.2945 |  0.3272 |
+------------+--------+--------+--------+--------+---------+]
2024-09-24 21:37:47,217 INFO    : Report Result:
+----------+--------------------+-----------+--------------+--------------+---------------+
| Snapshot |        Time        | Whole_MRR | Whole_Hits@1 | Whole_Hits@3 | Whole_Hits@10 |
+----------+--------------------+-----------+--------------+--------------+---------------+
|    0     |  611.523631811142  |   0.172   |     0.01     |    0.311     |      0.4      |
|    1     | 173.49908995628357 |   0.168   |     0.01     |    0.303     |     0.391     |
|    2     | 225.63218426704407 |   0.164   |     0.01     |    0.295     |     0.382     |
|    3     | 326.0945065021515  |   0.161   |     0.01     |    0.288     |     0.373     |
|    4     | 37.24211835861206  |   0.159   |    0.011     |    0.285     |     0.369     |
+----------+--------------------+-----------+--------------+--------------+---------------+
2024-09-24 21:37:47,225 INFO    : Sum_Training_Time:1373.9915308952332
2024-09-24 21:37:47,225 INFO    : Every_Training_Time:[611.523631811142, 173.49908995628357, 225.63218426704407, 326.0945065021515, 37.24211835861206]
2024-09-24 21:37:47,225 INFO    : Forward transfer: 0.060399999999999995 Backward transfer: 0.0
