2024-10-07 16:52:45,838 INFO    : Namespace(batch_size='1024', data_path='./data/WN_CKGE/', dataset='WN_CKGE', debug=False, device=device(type='cuda', index=0), emb_dim=200, ent_r='200', epoch_num=200, explore=False, gpu='0', l2=0.0, learning_rate='1e-1', log_path='./logs/WN_CKGE 200 10 1e-1 1024/WN_CKGE 20241007165241', logger=<RootLogger root (INFO)>, margin=8.0, model_name='LoraKGE_Layers', multi_layers_path='train_sorted_by_edges_betweenness.txt', neg_ratio=10, note='', num_ent_layers='10', num_layer=1, num_rel_layers='1', patience=3, predict_result='True', r=100, r_fixed=True, random_seed=3407, record=False, rel_r='20', save_path='./checkpoint/WN_CKGE', skip_previous='False', snapshot_num=5, train_new=True, using_multi_layers=False, using_various_ranks='True', using_various_ranks_reverse=False, valid_metrics='mrr')
2024-10-07 16:52:57,895 INFO    : Snapshot:0	0	3	Epoch:0	Loss:41.777	MRR:1.24	Hits@10:3.14	Best:1.24
2024-10-07 16:53:09,146 INFO    : Snapshot:0	0	3	Epoch:1	Loss:21.959	MRR:9.65	Hits@10:22.46	Best:9.65
2024-10-07 16:53:20,469 INFO    : Snapshot:0	0	3	Epoch:2	Loss:11.347	MRR:13.06	Hits@10:29.25	Best:13.06
2024-10-07 16:53:31,994 INFO    : Snapshot:0	0	3	Epoch:3	Loss:7.0	MRR:14.29	Hits@10:31.47	Best:14.29
2024-10-07 16:53:43,479 INFO    : Snapshot:0	0	3	Epoch:4	Loss:4.735	MRR:14.92	Hits@10:32.62	Best:14.92
2024-10-07 16:53:55,111 INFO    : Snapshot:0	0	3	Epoch:5	Loss:3.363	MRR:15.33	Hits@10:33.54	Best:15.33
2024-10-07 16:54:06,912 INFO    : Snapshot:0	0	3	Epoch:6	Loss:2.454	MRR:15.67	Hits@10:34.35	Best:15.67
2024-10-07 16:54:18,076 INFO    : Snapshot:0	0	3	Epoch:7	Loss:1.806	MRR:15.93	Hits@10:34.96	Best:15.93
2024-10-07 16:54:29,474 INFO    : Snapshot:0	0	3	Epoch:8	Loss:1.367	MRR:16.23	Hits@10:35.76	Best:16.23
2024-10-07 16:54:41,134 INFO    : Snapshot:0	0	3	Epoch:9	Loss:1.056	MRR:16.45	Hits@10:36.23	Best:16.45
2024-10-07 16:54:52,334 INFO    : Snapshot:0	0	3	Epoch:10	Loss:0.816	MRR:16.64	Hits@10:36.68	Best:16.64
2024-10-07 16:55:03,996 INFO    : Snapshot:0	0	3	Epoch:11	Loss:0.624	MRR:16.83	Hits@10:37.25	Best:16.83
2024-10-07 16:55:15,741 INFO    : Snapshot:0	0	3	Epoch:12	Loss:0.505	MRR:16.9	Hits@10:37.74	Best:16.9
2024-10-07 16:55:29,323 INFO    : Snapshot:0	0	3	Epoch:13	Loss:0.399	MRR:16.93	Hits@10:37.97	Best:16.93
2024-10-07 16:55:41,670 INFO    : Snapshot:0	1	3	Epoch:14	Loss:0.335	MRR:16.93	Hits@10:38.19	Best:16.93
2024-10-07 16:55:53,132 INFO    : Snapshot:0	0	3	Epoch:15	Loss:0.279	MRR:17.06	Hits@10:38.67	Best:17.06
2024-10-07 16:56:04,506 INFO    : Snapshot:0	1	3	Epoch:16	Loss:0.236	MRR:17.04	Hits@10:38.78	Best:17.06
2024-10-07 16:56:16,127 INFO    : Snapshot:0	0	3	Epoch:17	Loss:0.22	MRR:17.08	Hits@10:39.0	Best:17.08
2024-10-07 16:56:27,661 INFO    : Snapshot:0	0	3	Epoch:18	Loss:0.188	MRR:17.12	Hits@10:39.1	Best:17.12
2024-10-07 16:56:39,368 INFO    : Snapshot:0	1	3	Epoch:19	Loss:0.177	MRR:17.1	Hits@10:39.27	Best:17.12
2024-10-07 16:56:50,409 INFO    : Snapshot:0	2	3	Epoch:20	Loss:0.158	MRR:17.08	Hits@10:39.43	Best:17.12
2024-10-07 16:57:01,620 INFO    : Snapshot:0	0	3	Epoch:21	Loss:0.149	MRR:17.14	Hits@10:39.47	Best:17.14
2024-10-07 16:57:12,923 INFO    : Snapshot:0	1	3	Epoch:22	Loss:0.143	MRR:17.07	Hits@10:39.57	Best:17.14
2024-10-07 16:57:24,857 INFO    : Snapshot:0	2	3	Epoch:23	Loss:0.133	MRR:17.13	Hits@10:39.69	Best:17.14
2024-10-07 16:57:37,955 INFO    : Snapshot:0	0	3	Epoch:24	Loss:0.12	MRR:17.18	Hits@10:40.0	Best:17.18
2024-10-07 16:57:49,368 INFO    : Snapshot:0	0	3	Epoch:25	Loss:0.121	MRR:17.22	Hits@10:39.94	Best:17.22
2024-10-07 16:58:00,959 INFO    : Snapshot:0	1	3	Epoch:26	Loss:0.115	MRR:17.16	Hits@10:40.12	Best:17.22
2024-10-07 16:58:12,837 INFO    : Snapshot:0	2	3	Epoch:27	Loss:0.108	MRR:17.15	Hits@10:40.24	Best:17.22
2024-10-07 16:58:25,790 INFO    : Early Stopping! Snapshot:0 Epoch: 28 Best Results: 17.22
2024-10-07 16:58:25,830 INFO    : => loading checkpoint './checkpoint/WN_CKGE\0model_best.tar'
2024-10-07 16:58:39,218 INFO    : 
+------------+--------+--------+--------+--------+---------+
| Snapshot:0 |  MRR   | Hits@1 | Hits@3 | Hits@5 | Hits@10 |
+------------+--------+--------+--------+--------+---------+
|     0      | 0.1722 |  0.01  | 0.3114 | 0.354  |  0.3996 |
+------------+--------+--------+--------+--------+---------+
2024-10-07 16:58:59,675 INFO    : Snapshot:1	0	3	Epoch:0	Loss:6.588	MRR:5.02	Hits@10:12.93	Best:5.02
2024-10-07 16:59:08,440 INFO    : Snapshot:1	0	3	Epoch:1	Loss:3.296	MRR:9.29	Hits@10:24.27	Best:9.29
2024-10-07 16:59:16,960 INFO    : Snapshot:1	0	3	Epoch:2	Loss:1.466	MRR:11.57	Hits@10:29.38	Best:11.57
2024-10-07 16:59:25,348 INFO    : Snapshot:1	0	3	Epoch:3	Loss:0.753	MRR:12.65	Hits@10:31.13	Best:12.65
2024-10-07 16:59:33,873 INFO    : Snapshot:1	0	3	Epoch:4	Loss:0.488	MRR:13.13	Hits@10:31.96	Best:13.13
2024-10-07 16:59:42,217 INFO    : Snapshot:1	0	3	Epoch:5	Loss:0.368	MRR:13.54	Hits@10:32.39	Best:13.54
2024-10-07 16:59:50,804 INFO    : Snapshot:1	0	3	Epoch:6	Loss:0.311	MRR:13.72	Hits@10:32.9	Best:13.72
2024-10-07 16:59:59,939 INFO    : Snapshot:1	0	3	Epoch:7	Loss:0.27	MRR:13.87	Hits@10:32.93	Best:13.87
2024-10-07 17:00:09,202 INFO    : Snapshot:1	0	3	Epoch:8	Loss:0.243	MRR:14.03	Hits@10:32.85	Best:14.03
2024-10-07 17:00:18,448 INFO    : Snapshot:1	1	3	Epoch:9	Loss:0.224	MRR:14.01	Hits@10:33.15	Best:14.03
2024-10-07 17:00:27,924 INFO    : Snapshot:1	0	3	Epoch:10	Loss:0.216	MRR:14.15	Hits@10:33.44	Best:14.15
2024-10-07 17:00:37,424 INFO    : Snapshot:1	1	3	Epoch:11	Loss:0.205	MRR:14.05	Hits@10:33.25	Best:14.15
2024-10-07 17:00:46,275 INFO    : Snapshot:1	2	3	Epoch:12	Loss:0.198	MRR:14.03	Hits@10:33.31	Best:14.15
2024-10-07 17:00:55,048 INFO    : Early Stopping! Snapshot:1 Epoch: 13 Best Results: 14.15
2024-10-07 17:00:55,086 INFO    : => loading checkpoint './checkpoint/WN_CKGE\1model_best.tar'
2024-10-07 17:01:18,734 INFO    : 
+------------+--------+--------+--------+--------+---------+
| Snapshot:1 |  MRR   | Hits@1 | Hits@3 | Hits@5 | Hits@10 |
+------------+--------+--------+--------+--------+---------+
|     0      | 0.1722 |  0.01  | 0.3114 | 0.354  |  0.3996 |
|     1      | 0.1399 | 0.0099 | 0.2425 | 0.2863 |  0.3304 |
+------------+--------+--------+--------+--------+---------+
2024-10-07 17:01:54,239 INFO    : Snapshot:2	0	3	Epoch:0	Loss:6.597	MRR:4.6	Hits@10:12.12	Best:4.6
2024-10-07 17:02:10,241 INFO    : Snapshot:2	0	3	Epoch:1	Loss:3.298	MRR:8.52	Hits@10:22.45	Best:8.52
2024-10-07 17:02:25,545 INFO    : Snapshot:2	0	3	Epoch:2	Loss:1.395	MRR:10.69	Hits@10:25.89	Best:10.69
2024-10-07 17:02:41,534 INFO    : Snapshot:2	0	3	Epoch:3	Loss:0.69	MRR:11.92	Hits@10:27.82	Best:11.92
2024-10-07 17:02:57,604 INFO    : Snapshot:2	0	3	Epoch:4	Loss:0.451	MRR:12.26	Hits@10:28.79	Best:12.26
2024-10-07 17:03:13,669 INFO    : Snapshot:2	0	3	Epoch:5	Loss:0.333	MRR:12.46	Hits@10:28.87	Best:12.46
2024-10-07 17:03:28,973 INFO    : Snapshot:2	0	3	Epoch:6	Loss:0.273	MRR:12.76	Hits@10:29.33	Best:12.76
2024-10-07 17:03:44,012 INFO    : Snapshot:2	0	3	Epoch:7	Loss:0.239	MRR:12.92	Hits@10:29.33	Best:12.92
2024-10-07 17:03:59,128 INFO    : Snapshot:2	0	3	Epoch:8	Loss:0.217	MRR:12.94	Hits@10:29.49	Best:12.94
2024-10-07 17:04:14,405 INFO    : Snapshot:2	1	3	Epoch:9	Loss:0.202	MRR:12.92	Hits@10:29.6	Best:12.94
2024-10-07 17:04:29,700 INFO    : Snapshot:2	0	3	Epoch:10	Loss:0.195	MRR:13.01	Hits@10:29.89	Best:13.01
2024-10-07 17:04:44,772 INFO    : Snapshot:2	1	3	Epoch:11	Loss:0.182	MRR:12.97	Hits@10:29.84	Best:13.01
2024-10-07 17:05:00,009 INFO    : Snapshot:2	0	3	Epoch:12	Loss:0.175	MRR:13.06	Hits@10:29.87	Best:13.06
2024-10-07 17:05:15,198 INFO    : Snapshot:2	1	3	Epoch:13	Loss:0.173	MRR:13.03	Hits@10:29.81	Best:13.06
2024-10-07 17:05:31,134 INFO    : Snapshot:2	2	3	Epoch:14	Loss:0.163	MRR:12.99	Hits@10:29.65	Best:13.06
2024-10-07 17:05:46,650 INFO    : Snapshot:2	0	3	Epoch:15	Loss:0.16	MRR:13.13	Hits@10:30.16	Best:13.13
2024-10-07 17:06:02,395 INFO    : Snapshot:2	1	3	Epoch:16	Loss:0.158	MRR:13.04	Hits@10:30.24	Best:13.13
2024-10-07 17:06:17,852 INFO    : Snapshot:2	2	3	Epoch:17	Loss:0.154	MRR:13.13	Hits@10:30.0	Best:13.13
2024-10-07 17:06:33,565 INFO    : Early Stopping! Snapshot:2 Epoch: 18 Best Results: 13.13
2024-10-07 17:06:33,618 INFO    : => loading checkpoint './checkpoint/WN_CKGE\2model_best.tar'
2024-10-07 17:07:14,614 INFO    : 
+------------+--------+--------+--------+--------+---------+
| Snapshot:2 |  MRR   | Hits@1 | Hits@3 | Hits@5 | Hits@10 |
+------------+--------+--------+--------+--------+---------+
|     0      | 0.1722 |  0.01  | 0.3114 | 0.354  |  0.3996 |
|     1      | 0.1399 | 0.0099 | 0.2425 | 0.2863 |  0.3304 |
|     2      | 0.1397 | 0.0137 | 0.2433 | 0.2793 |  0.3185 |
+------------+--------+--------+--------+--------+---------+
2024-10-07 17:07:56,094 INFO    : Snapshot:3	0	3	Epoch:0	Loss:6.593	MRR:3.93	Hits@10:9.84	Best:3.93
2024-10-07 17:08:15,561 INFO    : Snapshot:3	0	3	Epoch:1	Loss:3.262	MRR:7.87	Hits@10:20.19	Best:7.87
2024-10-07 17:08:34,410 INFO    : Snapshot:3	0	3	Epoch:2	Loss:1.382	MRR:10.32	Hits@10:25.03	Best:10.32
2024-10-07 17:08:53,711 INFO    : Snapshot:3	0	3	Epoch:3	Loss:0.674	MRR:11.41	Hits@10:27.12	Best:11.41
2024-10-07 17:09:13,421 INFO    : Snapshot:3	0	3	Epoch:4	Loss:0.448	MRR:11.91	Hits@10:27.72	Best:11.91
2024-10-07 17:09:33,129 INFO    : Snapshot:3	0	3	Epoch:5	Loss:0.334	MRR:12.14	Hits@10:28.25	Best:12.14
2024-10-07 17:09:52,680 INFO    : Snapshot:3	0	3	Epoch:6	Loss:0.276	MRR:12.33	Hits@10:28.33	Best:12.33
2024-10-07 17:10:11,213 INFO    : Snapshot:3	0	3	Epoch:7	Loss:0.241	MRR:12.41	Hits@10:28.23	Best:12.41
2024-10-07 17:10:30,123 INFO    : Snapshot:3	1	3	Epoch:8	Loss:0.218	MRR:12.32	Hits@10:28.15	Best:12.41
2024-10-07 17:10:49,042 INFO    : Snapshot:3	0	3	Epoch:9	Loss:0.2	MRR:12.43	Hits@10:28.28	Best:12.43
2024-10-07 17:11:08,371 INFO    : Snapshot:3	0	3	Epoch:10	Loss:0.194	MRR:12.48	Hits@10:28.33	Best:12.48
2024-10-07 17:11:26,847 INFO    : Snapshot:3	0	3	Epoch:11	Loss:0.184	MRR:12.53	Hits@10:28.33	Best:12.53
2024-10-07 17:11:45,667 INFO    : Snapshot:3	0	3	Epoch:12	Loss:0.177	MRR:12.56	Hits@10:28.55	Best:12.56
2024-10-07 17:12:04,105 INFO    : Snapshot:3	0	3	Epoch:13	Loss:0.171	MRR:12.67	Hits@10:28.82	Best:12.67
2024-10-07 17:12:22,189 INFO    : Snapshot:3	1	3	Epoch:14	Loss:0.166	MRR:12.66	Hits@10:28.76	Best:12.67
2024-10-07 17:12:39,717 INFO    : Snapshot:3	0	3	Epoch:15	Loss:0.161	MRR:12.69	Hits@10:29.06	Best:12.69
2024-10-07 17:12:57,567 INFO    : Snapshot:3	0	3	Epoch:16	Loss:0.161	MRR:12.76	Hits@10:29.06	Best:12.76
2024-10-07 17:13:13,742 INFO    : Snapshot:3	0	3	Epoch:17	Loss:0.161	MRR:12.88	Hits@10:29.22	Best:12.88
2024-10-07 17:13:29,477 INFO    : Snapshot:3	1	3	Epoch:18	Loss:0.163	MRR:12.87	Hits@10:29.25	Best:12.88
2024-10-07 17:13:44,989 INFO    : Snapshot:3	0	3	Epoch:19	Loss:0.156	MRR:12.92	Hits@10:29.3	Best:12.92
2024-10-07 17:14:00,516 INFO    : Snapshot:3	1	3	Epoch:20	Loss:0.157	MRR:12.89	Hits@10:29.49	Best:12.92
2024-10-07 17:14:16,619 INFO    : Snapshot:3	2	3	Epoch:21	Loss:0.154	MRR:12.87	Hits@10:29.52	Best:12.92
2024-10-07 17:14:31,717 INFO    : Early Stopping! Snapshot:3 Epoch: 22 Best Results: 12.92
2024-10-07 17:14:31,763 INFO    : => loading checkpoint './checkpoint/WN_CKGE\3model_best.tar'
2024-10-07 17:15:30,819 INFO    : 
+------------+--------+--------+--------+--------+---------+
| Snapshot:3 |  MRR   | Hits@1 | Hits@3 | Hits@5 | Hits@10 |
+------------+--------+--------+--------+--------+---------+
|     0      | 0.1722 |  0.01  | 0.3114 | 0.354  |  0.3996 |
|     1      | 0.1399 | 0.0099 | 0.2425 | 0.2863 |  0.3304 |
|     2      | 0.1397 | 0.0137 | 0.2433 | 0.2793 |  0.3185 |
|     3      | 0.1334 | 0.0116 | 0.2336 | 0.2659 |  0.3032 |
+------------+--------+--------+--------+--------+---------+
2024-10-07 17:15:40,304 INFO    : Snapshot:4	0	3	Epoch:0	Loss:6.549	MRR:10.21	Hits@10:23.31	Best:10.21
2024-10-07 17:15:43,422 INFO    : Snapshot:4	0	3	Epoch:1	Loss:3.197	MRR:11.86	Hits@10:27.55	Best:11.86
2024-10-07 17:15:46,629 INFO    : Snapshot:4	0	3	Epoch:2	Loss:1.283	MRR:12.76	Hits@10:29.06	Best:12.76
2024-10-07 17:15:49,847 INFO    : Snapshot:4	0	3	Epoch:3	Loss:0.613	MRR:13.14	Hits@10:29.65	Best:13.14
2024-10-07 17:15:53,108 INFO    : Snapshot:4	0	3	Epoch:4	Loss:0.399	MRR:13.43	Hits@10:30.3	Best:13.43
2024-10-07 17:15:57,048 INFO    : Snapshot:4	0	3	Epoch:5	Loss:0.304	MRR:13.66	Hits@10:30.62	Best:13.66
2024-10-07 17:16:00,427 INFO    : Snapshot:4	0	3	Epoch:6	Loss:0.246	MRR:13.81	Hits@10:30.73	Best:13.81
2024-10-07 17:16:03,575 INFO    : Snapshot:4	1	3	Epoch:7	Loss:0.219	MRR:13.77	Hits@10:30.78	Best:13.81
2024-10-07 17:16:06,730 INFO    : Snapshot:4	2	3	Epoch:8	Loss:0.203	MRR:13.74	Hits@10:30.86	Best:13.81
2024-10-07 17:16:09,923 INFO    : Early Stopping! Snapshot:4 Epoch: 9 Best Results: 13.81
2024-10-07 17:16:09,966 INFO    : => loading checkpoint './checkpoint/WN_CKGE\4model_best.tar'
2024-10-07 17:16:35,363 INFO    : 
+------------+--------+--------+--------+--------+---------+
| Snapshot:4 |  MRR   | Hits@1 | Hits@3 | Hits@5 | Hits@10 |
+------------+--------+--------+--------+--------+---------+
|     0      | 0.1722 |  0.01  | 0.3114 | 0.354  |  0.3996 |
|     1      | 0.1399 | 0.0099 | 0.2425 | 0.2863 |  0.3304 |
|     2      | 0.1397 | 0.0137 | 0.2433 | 0.2793 |  0.3185 |
|     3      | 0.1334 | 0.0116 | 0.2336 | 0.2659 |  0.3032 |
|     4      | 0.1453 | 0.0099 | 0.2601 | 0.2904 |  0.3267 |
+------------+--------+--------+--------+--------+---------+
2024-10-07 17:16:35,365 INFO    : Final Result:
[+------------+--------+--------+--------+--------+---------+
| Snapshot:0 |  MRR   | Hits@1 | Hits@3 | Hits@5 | Hits@10 |
+------------+--------+--------+--------+--------+---------+
|     0      | 0.1722 |  0.01  | 0.3114 | 0.354  |  0.3996 |
+------------+--------+--------+--------+--------+---------+, +------------+--------+--------+--------+--------+---------+
| Snapshot:1 |  MRR   | Hits@1 | Hits@3 | Hits@5 | Hits@10 |
+------------+--------+--------+--------+--------+---------+
|     0      | 0.1722 |  0.01  | 0.3114 | 0.354  |  0.3996 |
|     1      | 0.1399 | 0.0099 | 0.2425 | 0.2863 |  0.3304 |
+------------+--------+--------+--------+--------+---------+, +------------+--------+--------+--------+--------+---------+
| Snapshot:2 |  MRR   | Hits@1 | Hits@3 | Hits@5 | Hits@10 |
+------------+--------+--------+--------+--------+---------+
|     0      | 0.1722 |  0.01  | 0.3114 | 0.354  |  0.3996 |
|     1      | 0.1399 | 0.0099 | 0.2425 | 0.2863 |  0.3304 |
|     2      | 0.1397 | 0.0137 | 0.2433 | 0.2793 |  0.3185 |
+------------+--------+--------+--------+--------+---------+, +------------+--------+--------+--------+--------+---------+
| Snapshot:3 |  MRR   | Hits@1 | Hits@3 | Hits@5 | Hits@10 |
+------------+--------+--------+--------+--------+---------+
|     0      | 0.1722 |  0.01  | 0.3114 | 0.354  |  0.3996 |
|     1      | 0.1399 | 0.0099 | 0.2425 | 0.2863 |  0.3304 |
|     2      | 0.1397 | 0.0137 | 0.2433 | 0.2793 |  0.3185 |
|     3      | 0.1334 | 0.0116 | 0.2336 | 0.2659 |  0.3032 |
+------------+--------+--------+--------+--------+---------+, +------------+--------+--------+--------+--------+---------+
| Snapshot:4 |  MRR   | Hits@1 | Hits@3 | Hits@5 | Hits@10 |
+------------+--------+--------+--------+--------+---------+
|     0      | 0.1722 |  0.01  | 0.3114 | 0.354  |  0.3996 |
|     1      | 0.1399 | 0.0099 | 0.2425 | 0.2863 |  0.3304 |
|     2      | 0.1397 | 0.0137 | 0.2433 | 0.2793 |  0.3185 |
|     3      | 0.1334 | 0.0116 | 0.2336 | 0.2659 |  0.3032 |
|     4      | 0.1453 | 0.0099 | 0.2601 | 0.2904 |  0.3267 |
+------------+--------+--------+--------+--------+---------+]
2024-10-07 17:16:35,365 INFO    : Report Result:
+----------+--------------------+-----------+--------------+--------------+---------------+
| Snapshot |        Time        | Whole_MRR | Whole_Hits@1 | Whole_Hits@3 | Whole_Hits@10 |
+----------+--------------------+-----------+--------------+--------------+---------------+
|    0     | 339.9503185749054  |   0.172   |     0.01     |    0.311     |      0.4      |
|    1     | 125.63477277755737 |   0.168   |     0.01     |    0.302     |      0.39     |
|    2     | 296.63876509666443 |   0.164   |     0.01     |    0.294     |     0.381     |
|    3     | 415.62172532081604 |   0.161   |    0.011     |    0.288     |     0.372     |
|    4     |  33.3863365650177  |   0.159   |    0.011     |    0.285     |     0.368     |
+----------+--------------------+-----------+--------------+--------------+---------------+
2024-10-07 17:16:35,365 INFO    : Sum_Training_Time:1211.231918334961
2024-10-07 17:16:35,365 INFO    : Every_Training_Time:[339.9503185749054, 125.63477277755737, 296.63876509666443, 415.62172532081604, 33.3863365650177]
2024-10-07 17:16:35,365 INFO    : Forward transfer: 0.060375 Backward transfer: 0.0
