2025-01-20 15:38:00,287 INFO    : Namespace(batch_size=1024, data_path='./data/ENTITY/', dataset='ENTITY', debug=False, device=device(type='cuda', index=0), emb_dim=200, ent_r='200', epoch_num=200, explore=False, gpu='0', l2=0.0, learning_rate='1e-2', log_path='./logs/ENTITY 200 20 1e-2 1024/ENTITY 20250120153749', logger=<RootLogger root (INFO)>, margin=8.0, model_name='LoraKGE_Layers', multi_layers_path='train_sorted_by_edges_betweenness.txt', neg_ratio=10, note='', num_ent_layers='20', num_layer=1, num_rel_layers='1', patience='10', predict_result=False, r=100, r_fixed=True, random_seed=3407, record=False, rel_r='200', save_path='./checkpoint/ENTITY', skip_previous='False', snapshot_num=5, train_new=True, using_multi_layers=False, using_various_ranks='True', using_various_ranks_reverse=False, valid_metrics='mrr')
2025-01-20 15:38:05,593 INFO    : Snapshot:0	0	10	Epoch:0	Loss:25.287	MRR:27.14	Hits@10:50.06	Best:27.14
2025-01-20 15:38:09,340 INFO    : Snapshot:0	0	10	Epoch:1	Loss:6.67	MRR:31.98	Hits@10:54.73	Best:31.98
2025-01-20 15:38:13,366 INFO    : Snapshot:0	0	10	Epoch:2	Loss:2.397	MRR:32.49	Hits@10:54.52	Best:32.49
2025-01-20 15:38:17,638 INFO    : Snapshot:0	1	10	Epoch:3	Loss:1.414	MRR:31.9	Hits@10:54.33	Best:32.49
2025-01-20 15:38:21,628 INFO    : Snapshot:0	2	10	Epoch:4	Loss:1.083	MRR:31.51	Hits@10:53.78	Best:32.49
2025-01-20 15:38:25,482 INFO    : Snapshot:0	3	10	Epoch:5	Loss:0.904	MRR:31.5	Hits@10:53.76	Best:32.49
2025-01-20 15:38:28,923 INFO    : Snapshot:0	4	10	Epoch:6	Loss:0.779	MRR:31.19	Hits@10:53.62	Best:32.49
2025-01-20 15:38:32,465 INFO    : Snapshot:0	5	10	Epoch:7	Loss:0.705	MRR:30.92	Hits@10:53.27	Best:32.49
2025-01-20 15:38:36,074 INFO    : Snapshot:0	6	10	Epoch:8	Loss:0.65	MRR:31.16	Hits@10:52.99	Best:32.49
2025-01-20 15:38:39,784 INFO    : Snapshot:0	7	10	Epoch:9	Loss:0.6	MRR:30.94	Hits@10:53.09	Best:32.49
2025-01-20 15:38:43,387 INFO    : Snapshot:0	8	10	Epoch:10	Loss:0.565	MRR:31.01	Hits@10:52.99	Best:32.49
2025-01-20 15:38:46,975 INFO    : Snapshot:0	9	10	Epoch:11	Loss:0.533	MRR:30.56	Hits@10:53.07	Best:32.49
2025-01-20 15:38:50,372 INFO    : Early Stopping! Snapshot:0 Epoch: 12 Best Results: 32.49
2025-01-20 15:38:50,465 INFO    : => loading checkpoint './checkpoint/ENTITY\0model_best.tar'
2025-01-20 15:38:52,098 INFO    : 
+------------+-------+--------+--------+--------+---------+
| Snapshot:0 |  MRR  | Hits@1 | Hits@3 | Hits@5 | Hits@10 |
+------------+-------+--------+--------+--------+---------+
|     0      | 0.327 | 0.2105 | 0.3729 | 0.4487 |  0.5529 |
+------------+-------+--------+--------+--------+---------+
2025-01-20 15:39:08,622 INFO    : Snapshot:1	0	10	Epoch:0	Loss:37.342	MRR:11.71	Hits@10:20.56	Best:11.71
2025-01-20 15:39:17,541 INFO    : Snapshot:1	0	10	Epoch:1	Loss:13.329	MRR:15.03	Hits@10:25.59	Best:15.03
2025-01-20 15:39:26,663 INFO    : Snapshot:1	0	10	Epoch:2	Loss:8.255	MRR:16.14	Hits@10:28.27	Best:16.14
2025-01-20 15:39:36,065 INFO    : Snapshot:1	0	10	Epoch:3	Loss:6.693	MRR:16.83	Hits@10:29.9	Best:16.83
2025-01-20 15:39:45,294 INFO    : Snapshot:1	0	10	Epoch:4	Loss:5.794	MRR:17.79	Hits@10:31.62	Best:17.79
2025-01-20 15:39:54,356 INFO    : Snapshot:1	0	10	Epoch:5	Loss:5.209	MRR:18.16	Hits@10:32.51	Best:18.16
2025-01-20 15:40:03,261 INFO    : Snapshot:1	0	10	Epoch:6	Loss:4.783	MRR:18.52	Hits@10:33.4	Best:18.52
2025-01-20 15:40:12,312 INFO    : Snapshot:1	0	10	Epoch:7	Loss:4.448	MRR:18.86	Hits@10:33.93	Best:18.86
2025-01-20 15:40:21,542 INFO    : Snapshot:1	0	10	Epoch:8	Loss:4.2	MRR:19.11	Hits@10:34.53	Best:19.11
2025-01-20 15:40:30,815 INFO    : Snapshot:1	0	10	Epoch:9	Loss:3.977	MRR:19.53	Hits@10:34.93	Best:19.53
2025-01-20 15:40:40,121 INFO    : Snapshot:1	0	10	Epoch:10	Loss:3.798	MRR:19.76	Hits@10:35.56	Best:19.76
2025-01-20 15:40:49,331 INFO    : Snapshot:1	0	10	Epoch:11	Loss:3.607	MRR:19.92	Hits@10:35.78	Best:19.92
2025-01-20 15:40:58,751 INFO    : Snapshot:1	0	10	Epoch:12	Loss:3.468	MRR:20.07	Hits@10:35.96	Best:20.07
2025-01-20 15:41:07,910 INFO    : Snapshot:1	0	10	Epoch:13	Loss:3.372	MRR:20.24	Hits@10:36.4	Best:20.24
2025-01-20 15:41:16,976 INFO    : Snapshot:1	0	10	Epoch:14	Loss:3.255	MRR:20.34	Hits@10:36.55	Best:20.34
2025-01-20 15:41:26,170 INFO    : Snapshot:1	0	10	Epoch:15	Loss:3.178	MRR:20.41	Hits@10:36.82	Best:20.41
2025-01-20 15:41:35,435 INFO    : Snapshot:1	0	10	Epoch:16	Loss:3.1	MRR:20.67	Hits@10:37.06	Best:20.67
2025-01-20 15:41:44,684 INFO    : Snapshot:1	0	10	Epoch:17	Loss:3.016	MRR:20.83	Hits@10:37.34	Best:20.83
2025-01-20 15:41:54,043 INFO    : Snapshot:1	0	10	Epoch:18	Loss:2.932	MRR:21.0	Hits@10:37.52	Best:21.0
2025-01-20 15:42:03,415 INFO    : Snapshot:1	1	10	Epoch:19	Loss:2.882	MRR:21.0	Hits@10:37.54	Best:21.0
2025-01-20 15:42:12,537 INFO    : Snapshot:1	0	10	Epoch:20	Loss:2.81	MRR:21.09	Hits@10:37.91	Best:21.09
2025-01-20 15:42:21,601 INFO    : Snapshot:1	0	10	Epoch:21	Loss:2.752	MRR:21.24	Hits@10:38.09	Best:21.24
2025-01-20 15:42:31,152 INFO    : Snapshot:1	0	10	Epoch:22	Loss:2.718	MRR:21.27	Hits@10:38.08	Best:21.27
2025-01-20 15:42:40,503 INFO    : Snapshot:1	0	10	Epoch:23	Loss:2.67	MRR:21.42	Hits@10:38.49	Best:21.42
2025-01-20 15:42:49,717 INFO    : Snapshot:1	0	10	Epoch:24	Loss:2.611	MRR:21.48	Hits@10:38.62	Best:21.48
2025-01-20 15:42:58,960 INFO    : Snapshot:1	0	10	Epoch:25	Loss:2.587	MRR:21.7	Hits@10:38.73	Best:21.7
2025-01-20 15:43:08,263 INFO    : Snapshot:1	1	10	Epoch:26	Loss:2.547	MRR:21.58	Hits@10:38.72	Best:21.7
2025-01-20 15:43:17,522 INFO    : Snapshot:1	2	10	Epoch:27	Loss:2.513	MRR:21.6	Hits@10:38.55	Best:21.7
2025-01-20 15:43:26,465 INFO    : Snapshot:1	0	10	Epoch:28	Loss:2.485	MRR:21.86	Hits@10:38.95	Best:21.86
2025-01-20 15:43:35,641 INFO    : Snapshot:1	1	10	Epoch:29	Loss:2.432	MRR:21.78	Hits@10:38.79	Best:21.86
2025-01-20 15:43:44,612 INFO    : Snapshot:1	0	10	Epoch:30	Loss:2.413	MRR:21.9	Hits@10:39.35	Best:21.9
2025-01-20 15:43:53,792 INFO    : Snapshot:1	0	10	Epoch:31	Loss:2.413	MRR:21.99	Hits@10:39.22	Best:21.99
2025-01-20 15:44:02,899 INFO    : Snapshot:1	0	10	Epoch:32	Loss:2.378	MRR:22.11	Hits@10:39.68	Best:22.11
2025-01-20 15:44:11,667 INFO    : Snapshot:1	1	10	Epoch:33	Loss:2.337	MRR:22.08	Hits@10:39.46	Best:22.11
2025-01-20 15:44:20,925 INFO    : Snapshot:1	0	10	Epoch:34	Loss:2.332	MRR:22.2	Hits@10:39.64	Best:22.2
2025-01-20 15:44:30,048 INFO    : Snapshot:1	0	10	Epoch:35	Loss:2.293	MRR:22.23	Hits@10:39.77	Best:22.23
2025-01-20 15:44:39,040 INFO    : Snapshot:1	0	10	Epoch:36	Loss:2.292	MRR:22.25	Hits@10:39.8	Best:22.25
2025-01-20 15:44:47,973 INFO    : Snapshot:1	0	10	Epoch:37	Loss:2.268	MRR:22.42	Hits@10:39.9	Best:22.42
2025-01-20 15:44:57,081 INFO    : Snapshot:1	1	10	Epoch:38	Loss:2.254	MRR:22.25	Hits@10:39.95	Best:22.42
2025-01-20 15:45:06,071 INFO    : Snapshot:1	2	10	Epoch:39	Loss:2.244	MRR:22.37	Hits@10:39.95	Best:22.42
2025-01-20 15:45:15,015 INFO    : Snapshot:1	0	10	Epoch:40	Loss:2.233	MRR:22.45	Hits@10:39.87	Best:22.45
2025-01-20 15:45:24,242 INFO    : Snapshot:1	1	10	Epoch:41	Loss:2.198	MRR:22.43	Hits@10:40.18	Best:22.45
2025-01-20 15:45:33,196 INFO    : Snapshot:1	0	10	Epoch:42	Loss:2.184	MRR:22.53	Hits@10:40.03	Best:22.53
2025-01-20 15:45:42,198 INFO    : Snapshot:1	0	10	Epoch:43	Loss:2.197	MRR:22.55	Hits@10:40.25	Best:22.55
2025-01-20 15:45:51,288 INFO    : Snapshot:1	0	10	Epoch:44	Loss:2.173	MRR:22.57	Hits@10:40.26	Best:22.57
2025-01-20 15:46:00,300 INFO    : Snapshot:1	0	10	Epoch:45	Loss:2.162	MRR:22.58	Hits@10:40.32	Best:22.58
2025-01-20 15:46:09,450 INFO    : Snapshot:1	0	10	Epoch:46	Loss:2.14	MRR:22.67	Hits@10:40.44	Best:22.67
2025-01-20 15:46:18,520 INFO    : Snapshot:1	0	10	Epoch:47	Loss:2.158	MRR:22.83	Hits@10:40.32	Best:22.83
2025-01-20 15:46:27,510 INFO    : Snapshot:1	1	10	Epoch:48	Loss:2.141	MRR:22.65	Hits@10:40.31	Best:22.83
2025-01-20 15:46:36,385 INFO    : Snapshot:1	2	10	Epoch:49	Loss:2.116	MRR:22.8	Hits@10:40.69	Best:22.83
2025-01-20 15:46:45,506 INFO    : Snapshot:1	3	10	Epoch:50	Loss:2.102	MRR:22.79	Hits@10:40.63	Best:22.83
2025-01-20 15:46:54,683 INFO    : Snapshot:1	4	10	Epoch:51	Loss:2.082	MRR:22.77	Hits@10:40.45	Best:22.83
2025-01-20 15:47:03,799 INFO    : Snapshot:1	5	10	Epoch:52	Loss:2.095	MRR:22.79	Hits@10:40.57	Best:22.83
2025-01-20 15:47:13,018 INFO    : Snapshot:1	6	10	Epoch:53	Loss:2.075	MRR:22.78	Hits@10:40.63	Best:22.83
2025-01-20 15:47:22,384 INFO    : Snapshot:1	0	10	Epoch:54	Loss:2.099	MRR:22.97	Hits@10:40.71	Best:22.97
2025-01-20 15:47:31,818 INFO    : Snapshot:1	1	10	Epoch:55	Loss:2.033	MRR:22.75	Hits@10:40.77	Best:22.97
2025-01-20 15:47:40,909 INFO    : Snapshot:1	2	10	Epoch:56	Loss:2.054	MRR:22.72	Hits@10:40.75	Best:22.97
2025-01-20 15:47:50,017 INFO    : Snapshot:1	0	10	Epoch:57	Loss:2.053	MRR:22.98	Hits@10:40.66	Best:22.98
2025-01-20 15:47:59,132 INFO    : Snapshot:1	1	10	Epoch:58	Loss:2.034	MRR:22.92	Hits@10:40.7	Best:22.98
2025-01-20 15:48:07,909 INFO    : Snapshot:1	0	10	Epoch:59	Loss:2.025	MRR:23.01	Hits@10:40.76	Best:23.01
2025-01-20 15:48:16,969 INFO    : Snapshot:1	1	10	Epoch:60	Loss:2.029	MRR:22.95	Hits@10:41.02	Best:23.01
2025-01-20 15:48:26,155 INFO    : Snapshot:1	2	10	Epoch:61	Loss:2.002	MRR:22.81	Hits@10:40.85	Best:23.01
2025-01-20 15:48:35,397 INFO    : Snapshot:1	0	10	Epoch:62	Loss:2.001	MRR:23.04	Hits@10:40.89	Best:23.04
2025-01-20 15:48:44,661 INFO    : Snapshot:1	0	10	Epoch:63	Loss:2.005	MRR:23.08	Hits@10:40.98	Best:23.08
2025-01-20 15:48:53,827 INFO    : Snapshot:1	1	10	Epoch:64	Loss:2.002	MRR:23.08	Hits@10:41.06	Best:23.08
2025-01-20 15:49:02,840 INFO    : Snapshot:1	2	10	Epoch:65	Loss:1.996	MRR:23.05	Hits@10:41.01	Best:23.08
2025-01-20 15:49:11,912 INFO    : Snapshot:1	3	10	Epoch:66	Loss:1.978	MRR:23.07	Hits@10:41.19	Best:23.08
2025-01-20 15:49:20,977 INFO    : Snapshot:1	0	10	Epoch:67	Loss:1.99	MRR:23.1	Hits@10:41.16	Best:23.1
2025-01-20 15:49:29,784 INFO    : Snapshot:1	0	10	Epoch:68	Loss:1.976	MRR:23.13	Hits@10:41.11	Best:23.13
2025-01-20 15:49:38,661 INFO    : Snapshot:1	0	10	Epoch:69	Loss:1.999	MRR:23.19	Hits@10:41.28	Best:23.19
2025-01-20 15:49:47,706 INFO    : Snapshot:1	0	10	Epoch:70	Loss:1.979	MRR:23.23	Hits@10:41.16	Best:23.23
2025-01-20 15:49:56,504 INFO    : Snapshot:1	1	10	Epoch:71	Loss:1.973	MRR:23.09	Hits@10:41.23	Best:23.23
2025-01-20 15:50:05,191 INFO    : Snapshot:1	0	10	Epoch:72	Loss:1.959	MRR:23.27	Hits@10:41.52	Best:23.27
2025-01-20 15:50:13,990 INFO    : Snapshot:1	1	10	Epoch:73	Loss:1.968	MRR:23.2	Hits@10:41.25	Best:23.27
2025-01-20 15:50:22,744 INFO    : Snapshot:1	2	10	Epoch:74	Loss:1.944	MRR:23.17	Hits@10:41.2	Best:23.27
2025-01-20 15:50:31,805 INFO    : Snapshot:1	3	10	Epoch:75	Loss:1.949	MRR:23.04	Hits@10:41.13	Best:23.27
2025-01-20 15:50:40,824 INFO    : Snapshot:1	4	10	Epoch:76	Loss:1.936	MRR:23.17	Hits@10:41.09	Best:23.27
2025-01-20 15:50:49,825 INFO    : Snapshot:1	5	10	Epoch:77	Loss:1.918	MRR:23.18	Hits@10:41.26	Best:23.27
2025-01-20 15:50:58,653 INFO    : Snapshot:1	6	10	Epoch:78	Loss:1.937	MRR:23.19	Hits@10:41.37	Best:23.27
2025-01-20 15:51:07,599 INFO    : Snapshot:1	7	10	Epoch:79	Loss:1.931	MRR:23.05	Hits@10:41.23	Best:23.27
2025-01-20 15:51:16,483 INFO    : Snapshot:1	8	10	Epoch:80	Loss:1.921	MRR:23.15	Hits@10:41.4	Best:23.27
2025-01-20 15:51:25,338 INFO    : Snapshot:1	9	10	Epoch:81	Loss:1.925	MRR:23.06	Hits@10:41.18	Best:23.27
2025-01-20 15:51:34,325 INFO    : Snapshot:1	0	10	Epoch:82	Loss:1.934	MRR:23.33	Hits@10:41.29	Best:23.33
2025-01-20 15:51:43,404 INFO    : Snapshot:1	1	10	Epoch:83	Loss:1.914	MRR:23.33	Hits@10:41.46	Best:23.33
2025-01-20 15:51:51,968 INFO    : Snapshot:1	2	10	Epoch:84	Loss:1.915	MRR:23.25	Hits@10:41.35	Best:23.33
2025-01-20 15:52:00,758 INFO    : Snapshot:1	3	10	Epoch:85	Loss:1.908	MRR:23.25	Hits@10:41.28	Best:23.33
2025-01-20 15:52:09,574 INFO    : Snapshot:1	0	10	Epoch:86	Loss:1.91	MRR:23.37	Hits@10:41.48	Best:23.37
2025-01-20 15:52:18,260 INFO    : Snapshot:1	1	10	Epoch:87	Loss:1.887	MRR:23.36	Hits@10:41.44	Best:23.37
2025-01-20 15:52:27,074 INFO    : Snapshot:1	2	10	Epoch:88	Loss:1.896	MRR:23.2	Hits@10:41.41	Best:23.37
2025-01-20 15:52:36,105 INFO    : Snapshot:1	3	10	Epoch:89	Loss:1.897	MRR:23.24	Hits@10:41.59	Best:23.37
2025-01-20 15:52:45,131 INFO    : Snapshot:1	4	10	Epoch:90	Loss:1.882	MRR:23.19	Hits@10:41.39	Best:23.37
2025-01-20 15:52:54,126 INFO    : Snapshot:1	5	10	Epoch:91	Loss:1.89	MRR:23.2	Hits@10:41.5	Best:23.37
2025-01-20 15:53:03,590 INFO    : Snapshot:1	0	10	Epoch:92	Loss:1.894	MRR:23.44	Hits@10:41.42	Best:23.44
2025-01-20 15:53:12,705 INFO    : Snapshot:1	1	10	Epoch:93	Loss:1.872	MRR:23.37	Hits@10:41.28	Best:23.44
2025-01-20 15:53:22,037 INFO    : Snapshot:1	2	10	Epoch:94	Loss:1.871	MRR:23.33	Hits@10:41.62	Best:23.44
2025-01-20 15:53:31,198 INFO    : Snapshot:1	3	10	Epoch:95	Loss:1.893	MRR:23.36	Hits@10:41.61	Best:23.44
2025-01-20 15:53:40,073 INFO    : Snapshot:1	4	10	Epoch:96	Loss:1.873	MRR:23.41	Hits@10:41.75	Best:23.44
2025-01-20 15:53:48,860 INFO    : Snapshot:1	5	10	Epoch:97	Loss:1.858	MRR:23.27	Hits@10:41.59	Best:23.44
2025-01-20 15:53:57,508 INFO    : Snapshot:1	6	10	Epoch:98	Loss:1.872	MRR:23.36	Hits@10:41.49	Best:23.44
2025-01-20 15:54:06,454 INFO    : Snapshot:1	7	10	Epoch:99	Loss:1.868	MRR:23.42	Hits@10:41.62	Best:23.44
2025-01-20 15:54:15,010 INFO    : Snapshot:1	8	10	Epoch:100	Loss:1.848	MRR:23.37	Hits@10:41.69	Best:23.44
2025-01-20 15:54:24,078 INFO    : Snapshot:1	9	10	Epoch:101	Loss:1.869	MRR:23.44	Hits@10:41.71	Best:23.44
2025-01-20 15:54:33,290 INFO    : Snapshot:1	0	10	Epoch:102	Loss:1.866	MRR:23.49	Hits@10:41.74	Best:23.49
2025-01-20 15:54:42,455 INFO    : Snapshot:1	1	10	Epoch:103	Loss:1.861	MRR:23.41	Hits@10:41.61	Best:23.49
2025-01-20 15:54:51,320 INFO    : Snapshot:1	2	10	Epoch:104	Loss:1.84	MRR:23.36	Hits@10:41.71	Best:23.49
2025-01-20 15:55:00,207 INFO    : Snapshot:1	3	10	Epoch:105	Loss:1.855	MRR:23.45	Hits@10:41.58	Best:23.49
2025-01-20 15:55:09,377 INFO    : Snapshot:1	0	10	Epoch:106	Loss:1.848	MRR:23.51	Hits@10:41.64	Best:23.51
2025-01-20 15:55:18,360 INFO    : Snapshot:1	1	10	Epoch:107	Loss:1.842	MRR:23.5	Hits@10:41.78	Best:23.51
2025-01-20 15:55:27,372 INFO    : Snapshot:1	0	10	Epoch:108	Loss:1.862	MRR:23.57	Hits@10:41.74	Best:23.57
2025-01-20 15:55:36,150 INFO    : Snapshot:1	1	10	Epoch:109	Loss:1.836	MRR:23.34	Hits@10:41.67	Best:23.57
2025-01-20 15:55:44,982 INFO    : Snapshot:1	2	10	Epoch:110	Loss:1.807	MRR:23.41	Hits@10:41.61	Best:23.57
2025-01-20 15:55:53,750 INFO    : Snapshot:1	3	10	Epoch:111	Loss:1.851	MRR:23.41	Hits@10:41.63	Best:23.57
2025-01-20 15:56:02,487 INFO    : Snapshot:1	4	10	Epoch:112	Loss:1.853	MRR:23.48	Hits@10:41.48	Best:23.57
2025-01-20 15:56:11,170 INFO    : Snapshot:1	5	10	Epoch:113	Loss:1.847	MRR:23.52	Hits@10:41.78	Best:23.57
2025-01-20 15:56:19,893 INFO    : Snapshot:1	6	10	Epoch:114	Loss:1.835	MRR:23.5	Hits@10:41.71	Best:23.57
2025-01-20 15:56:28,868 INFO    : Snapshot:1	7	10	Epoch:115	Loss:1.812	MRR:23.47	Hits@10:41.76	Best:23.57
2025-01-20 15:56:37,746 INFO    : Snapshot:1	8	10	Epoch:116	Loss:1.83	MRR:23.45	Hits@10:41.8	Best:23.57
2025-01-20 15:56:47,007 INFO    : Snapshot:1	9	10	Epoch:117	Loss:1.839	MRR:23.4	Hits@10:41.84	Best:23.57
2025-01-20 15:56:55,785 INFO    : Early Stopping! Snapshot:1 Epoch: 118 Best Results: 23.57
2025-01-20 15:56:55,893 INFO    : => loading checkpoint './checkpoint/ENTITY\1model_best.tar'
2025-01-20 15:57:01,435 INFO    : 
+------------+--------+--------+--------+--------+---------+
| Snapshot:1 |  MRR   | Hits@1 | Hits@3 | Hits@5 | Hits@10 |
+------------+--------+--------+--------+--------+---------+
|     0      | 0.327  | 0.2105 | 0.3729 | 0.4487 |  0.5529 |
|     1      | 0.2371 | 0.1456 | 0.2646 | 0.3276 |  0.4169 |
+------------+--------+--------+--------+--------+---------+
2025-01-20 15:57:19,445 INFO    : Snapshot:2	0	10	Epoch:0	Loss:35.538	MRR:10.55	Hits@10:18.2	Best:10.55
2025-01-20 15:57:29,476 INFO    : Snapshot:2	0	10	Epoch:1	Loss:12.118	MRR:12.53	Hits@10:20.94	Best:12.53
2025-01-20 15:57:39,508 INFO    : Snapshot:2	0	10	Epoch:2	Loss:8.095	MRR:13.9	Hits@10:23.66	Best:13.9
2025-01-20 15:57:49,745 INFO    : Snapshot:2	0	10	Epoch:3	Loss:6.545	MRR:14.87	Hits@10:25.86	Best:14.87
2025-01-20 15:57:59,657 INFO    : Snapshot:2	0	10	Epoch:4	Loss:5.694	MRR:15.66	Hits@10:27.64	Best:15.66
2025-01-20 15:58:09,555 INFO    : Snapshot:2	0	10	Epoch:5	Loss:5.114	MRR:16.2	Hits@10:28.8	Best:16.2
2025-01-20 15:58:19,419 INFO    : Snapshot:2	0	10	Epoch:6	Loss:4.744	MRR:16.77	Hits@10:29.94	Best:16.77
2025-01-20 15:58:29,534 INFO    : Snapshot:2	0	10	Epoch:7	Loss:4.401	MRR:17.17	Hits@10:30.73	Best:17.17
2025-01-20 15:58:39,698 INFO    : Snapshot:2	0	10	Epoch:8	Loss:4.175	MRR:17.46	Hits@10:31.32	Best:17.46
2025-01-20 15:58:49,971 INFO    : Snapshot:2	0	10	Epoch:9	Loss:3.963	MRR:17.9	Hits@10:31.81	Best:17.9
2025-01-20 15:58:59,870 INFO    : Snapshot:2	0	10	Epoch:10	Loss:3.785	MRR:18.26	Hits@10:32.66	Best:18.26
2025-01-20 15:59:09,829 INFO    : Snapshot:2	0	10	Epoch:11	Loss:3.648	MRR:18.37	Hits@10:32.91	Best:18.37
2025-01-20 15:59:19,784 INFO    : Snapshot:2	0	10	Epoch:12	Loss:3.524	MRR:18.69	Hits@10:33.21	Best:18.69
2025-01-20 15:59:29,866 INFO    : Snapshot:2	0	10	Epoch:13	Loss:3.425	MRR:18.76	Hits@10:33.8	Best:18.76
2025-01-20 15:59:39,944 INFO    : Snapshot:2	0	10	Epoch:14	Loss:3.328	MRR:18.97	Hits@10:33.95	Best:18.97
2025-01-20 15:59:50,030 INFO    : Snapshot:2	0	10	Epoch:15	Loss:3.236	MRR:19.18	Hits@10:34.41	Best:19.18
2025-01-20 15:59:59,856 INFO    : Snapshot:2	0	10	Epoch:16	Loss:3.177	MRR:19.35	Hits@10:34.66	Best:19.35
2025-01-20 16:00:09,737 INFO    : Snapshot:2	0	10	Epoch:17	Loss:3.073	MRR:19.48	Hits@10:34.89	Best:19.48
2025-01-20 16:00:19,809 INFO    : Snapshot:2	0	10	Epoch:18	Loss:3.016	MRR:19.53	Hits@10:35.04	Best:19.53
2025-01-20 16:00:30,140 INFO    : Snapshot:2	0	10	Epoch:19	Loss:2.977	MRR:19.61	Hits@10:35.11	Best:19.61
2025-01-20 16:00:40,350 INFO    : Snapshot:2	0	10	Epoch:20	Loss:2.91	MRR:19.76	Hits@10:35.45	Best:19.76
2025-01-20 16:00:50,575 INFO    : Snapshot:2	0	10	Epoch:21	Loss:2.853	MRR:19.83	Hits@10:35.56	Best:19.83
2025-01-20 16:01:00,871 INFO    : Snapshot:2	0	10	Epoch:22	Loss:2.818	MRR:19.95	Hits@10:35.5	Best:19.95
2025-01-20 16:01:11,114 INFO    : Snapshot:2	0	10	Epoch:23	Loss:2.761	MRR:20.03	Hits@10:35.7	Best:20.03
2025-01-20 16:01:21,327 INFO    : Snapshot:2	0	10	Epoch:24	Loss:2.737	MRR:20.07	Hits@10:35.81	Best:20.07
2025-01-20 16:01:31,246 INFO    : Snapshot:2	0	10	Epoch:25	Loss:2.677	MRR:20.27	Hits@10:35.86	Best:20.27
2025-01-20 16:01:41,182 INFO    : Snapshot:2	1	10	Epoch:26	Loss:2.668	MRR:20.22	Hits@10:36.11	Best:20.27
2025-01-20 16:01:51,392 INFO    : Snapshot:2	2	10	Epoch:27	Loss:2.647	MRR:20.2	Hits@10:36.06	Best:20.27
2025-01-20 16:02:01,318 INFO    : Snapshot:2	0	10	Epoch:28	Loss:2.62	MRR:20.4	Hits@10:36.41	Best:20.4
2025-01-20 16:02:11,159 INFO    : Snapshot:2	1	10	Epoch:29	Loss:2.59	MRR:20.35	Hits@10:36.44	Best:20.4
2025-01-20 16:02:20,931 INFO    : Snapshot:2	2	10	Epoch:30	Loss:2.561	MRR:20.36	Hits@10:36.43	Best:20.4
2025-01-20 16:02:30,935 INFO    : Snapshot:2	0	10	Epoch:31	Loss:2.519	MRR:20.49	Hits@10:36.56	Best:20.49
2025-01-20 16:02:40,827 INFO    : Snapshot:2	1	10	Epoch:32	Loss:2.513	MRR:20.42	Hits@10:36.44	Best:20.49
2025-01-20 16:02:50,793 INFO    : Snapshot:2	2	10	Epoch:33	Loss:2.485	MRR:20.42	Hits@10:36.58	Best:20.49
2025-01-20 16:03:00,821 INFO    : Snapshot:2	0	10	Epoch:34	Loss:2.47	MRR:20.51	Hits@10:36.69	Best:20.51
2025-01-20 16:03:10,822 INFO    : Snapshot:2	0	10	Epoch:35	Loss:2.417	MRR:20.58	Hits@10:36.73	Best:20.58
2025-01-20 16:03:20,963 INFO    : Snapshot:2	0	10	Epoch:36	Loss:2.424	MRR:20.66	Hits@10:36.67	Best:20.66
2025-01-20 16:03:30,992 INFO    : Snapshot:2	1	10	Epoch:37	Loss:2.403	MRR:20.57	Hits@10:36.62	Best:20.66
2025-01-20 16:03:41,086 INFO    : Snapshot:2	0	10	Epoch:38	Loss:2.392	MRR:20.68	Hits@10:36.84	Best:20.68
2025-01-20 16:03:51,016 INFO    : Snapshot:2	1	10	Epoch:39	Loss:2.367	MRR:20.65	Hits@10:36.96	Best:20.68
2025-01-20 16:04:00,940 INFO    : Snapshot:2	0	10	Epoch:40	Loss:2.344	MRR:20.75	Hits@10:36.98	Best:20.75
2025-01-20 16:04:10,954 INFO    : Snapshot:2	1	10	Epoch:41	Loss:2.333	MRR:20.68	Hits@10:36.87	Best:20.75
2025-01-20 16:04:20,813 INFO    : Snapshot:2	2	10	Epoch:42	Loss:2.335	MRR:20.66	Hits@10:37.13	Best:20.75
2025-01-20 16:04:30,888 INFO    : Snapshot:2	0	10	Epoch:43	Loss:2.329	MRR:20.8	Hits@10:37.11	Best:20.8
2025-01-20 16:04:40,826 INFO    : Snapshot:2	1	10	Epoch:44	Loss:2.347	MRR:20.77	Hits@10:37.1	Best:20.8
2025-01-20 16:04:50,944 INFO    : Snapshot:2	2	10	Epoch:45	Loss:2.317	MRR:20.79	Hits@10:37.21	Best:20.8
2025-01-20 16:05:00,897 INFO    : Snapshot:2	0	10	Epoch:46	Loss:2.315	MRR:20.91	Hits@10:37.32	Best:20.91
2025-01-20 16:05:10,770 INFO    : Snapshot:2	1	10	Epoch:47	Loss:2.264	MRR:20.9	Hits@10:37.44	Best:20.91
2025-01-20 16:05:20,826 INFO    : Snapshot:2	0	10	Epoch:48	Loss:2.255	MRR:20.99	Hits@10:37.4	Best:20.99
2025-01-20 16:05:31,026 INFO    : Snapshot:2	1	10	Epoch:49	Loss:2.286	MRR:20.85	Hits@10:37.31	Best:20.99
2025-01-20 16:05:41,152 INFO    : Snapshot:2	2	10	Epoch:50	Loss:2.258	MRR:20.88	Hits@10:37.35	Best:20.99
2025-01-20 16:05:51,330 INFO    : Snapshot:2	3	10	Epoch:51	Loss:2.243	MRR:20.92	Hits@10:37.41	Best:20.99
2025-01-20 16:06:01,193 INFO    : Snapshot:2	4	10	Epoch:52	Loss:2.253	MRR:20.95	Hits@10:37.37	Best:20.99
2025-01-20 16:06:11,524 INFO    : Snapshot:2	5	10	Epoch:53	Loss:2.212	MRR:20.83	Hits@10:37.34	Best:20.99
2025-01-20 16:06:21,496 INFO    : Snapshot:2	6	10	Epoch:54	Loss:2.253	MRR:20.92	Hits@10:37.22	Best:20.99
2025-01-20 16:06:32,076 INFO    : Snapshot:2	7	10	Epoch:55	Loss:2.21	MRR:20.97	Hits@10:37.41	Best:20.99
2025-01-20 16:06:42,469 INFO    : Snapshot:2	8	10	Epoch:56	Loss:2.205	MRR:20.88	Hits@10:37.44	Best:20.99
2025-01-20 16:06:52,855 INFO    : Snapshot:2	0	10	Epoch:57	Loss:2.185	MRR:21.12	Hits@10:37.42	Best:21.12
2025-01-20 16:07:03,045 INFO    : Snapshot:2	1	10	Epoch:58	Loss:2.187	MRR:21.01	Hits@10:37.24	Best:21.12
2025-01-20 16:07:13,425 INFO    : Snapshot:2	0	10	Epoch:59	Loss:2.193	MRR:21.16	Hits@10:37.6	Best:21.16
2025-01-20 16:07:23,564 INFO    : Snapshot:2	1	10	Epoch:60	Loss:2.171	MRR:21.1	Hits@10:37.54	Best:21.16
2025-01-20 16:07:33,525 INFO    : Snapshot:2	2	10	Epoch:61	Loss:2.186	MRR:21.09	Hits@10:37.56	Best:21.16
2025-01-20 16:07:43,432 INFO    : Snapshot:2	3	10	Epoch:62	Loss:2.166	MRR:21.05	Hits@10:37.62	Best:21.16
2025-01-20 16:07:53,532 INFO    : Snapshot:2	4	10	Epoch:63	Loss:2.156	MRR:21.12	Hits@10:37.51	Best:21.16
2025-01-20 16:08:03,347 INFO    : Snapshot:2	5	10	Epoch:64	Loss:2.163	MRR:21.09	Hits@10:37.67	Best:21.16
2025-01-20 16:08:13,192 INFO    : Snapshot:2	6	10	Epoch:65	Loss:2.163	MRR:21.02	Hits@10:37.58	Best:21.16
2025-01-20 16:08:23,056 INFO    : Snapshot:2	7	10	Epoch:66	Loss:2.15	MRR:21.12	Hits@10:37.4	Best:21.16
2025-01-20 16:08:33,212 INFO    : Snapshot:2	8	10	Epoch:67	Loss:2.146	MRR:21.16	Hits@10:37.62	Best:21.16
2025-01-20 16:08:43,332 INFO    : Snapshot:2	9	10	Epoch:68	Loss:2.152	MRR:21.15	Hits@10:37.61	Best:21.16
2025-01-20 16:08:53,279 INFO    : Early Stopping! Snapshot:2 Epoch: 69 Best Results: 21.16
2025-01-20 16:08:53,379 INFO    : => loading checkpoint './checkpoint/ENTITY\2model_best.tar'
2025-01-20 16:09:03,878 INFO    : 
+------------+--------+--------+--------+--------+---------+
| Snapshot:2 |  MRR   | Hits@1 | Hits@3 | Hits@5 | Hits@10 |
+------------+--------+--------+--------+--------+---------+
|     0      | 0.327  | 0.2105 | 0.3729 | 0.4487 |  0.5529 |
|     1      | 0.2371 | 0.1456 | 0.2646 | 0.3276 |  0.4169 |
|     2      | 0.2115 | 0.1271 | 0.2374 | 0.2913 |  0.3739 |
+------------+--------+--------+--------+--------+---------+
2025-01-20 16:09:23,381 INFO    : Snapshot:3	0	10	Epoch:0	Loss:34.2	MRR:9.48	Hits@10:16.99	Best:9.48
2025-01-20 16:09:34,188 INFO    : Snapshot:3	0	10	Epoch:1	Loss:11.348	MRR:11.26	Hits@10:19.62	Best:11.26
2025-01-20 16:09:45,222 INFO    : Snapshot:3	0	10	Epoch:2	Loss:7.27	MRR:12.65	Hits@10:21.96	Best:12.65
2025-01-20 16:09:55,817 INFO    : Snapshot:3	0	10	Epoch:3	Loss:5.784	MRR:13.74	Hits@10:23.72	Best:13.74
2025-01-20 16:10:06,512 INFO    : Snapshot:3	0	10	Epoch:4	Loss:4.983	MRR:14.43	Hits@10:25.06	Best:14.43
2025-01-20 16:10:17,448 INFO    : Snapshot:3	0	10	Epoch:5	Loss:4.479	MRR:14.97	Hits@10:26.37	Best:14.97
2025-01-20 16:10:28,380 INFO    : Snapshot:3	0	10	Epoch:6	Loss:4.088	MRR:15.49	Hits@10:27.52	Best:15.49
2025-01-20 16:10:39,288 INFO    : Snapshot:3	0	10	Epoch:7	Loss:3.803	MRR:16.02	Hits@10:28.41	Best:16.02
2025-01-20 16:10:50,076 INFO    : Snapshot:3	0	10	Epoch:8	Loss:3.591	MRR:16.33	Hits@10:29.15	Best:16.33
2025-01-20 16:11:00,834 INFO    : Snapshot:3	0	10	Epoch:9	Loss:3.414	MRR:16.66	Hits@10:29.9	Best:16.66
2025-01-20 16:11:11,595 INFO    : Snapshot:3	0	10	Epoch:10	Loss:3.24	MRR:16.94	Hits@10:30.27	Best:16.94
2025-01-20 16:11:22,454 INFO    : Snapshot:3	0	10	Epoch:11	Loss:3.131	MRR:17.17	Hits@10:30.84	Best:17.17
2025-01-20 16:11:33,355 INFO    : Snapshot:3	0	10	Epoch:12	Loss:3.013	MRR:17.33	Hits@10:31.2	Best:17.33
2025-01-20 16:11:43,977 INFO    : Snapshot:3	0	10	Epoch:13	Loss:2.929	MRR:17.48	Hits@10:31.81	Best:17.48
2025-01-20 16:11:54,656 INFO    : Snapshot:3	0	10	Epoch:14	Loss:2.842	MRR:17.66	Hits@10:31.76	Best:17.66
2025-01-20 16:12:05,304 INFO    : Snapshot:3	0	10	Epoch:15	Loss:2.774	MRR:18.0	Hits@10:32.46	Best:18.0
2025-01-20 16:12:16,001 INFO    : Snapshot:3	0	10	Epoch:16	Loss:2.681	MRR:18.05	Hits@10:32.48	Best:18.05
2025-01-20 16:12:27,031 INFO    : Snapshot:3	0	10	Epoch:17	Loss:2.627	MRR:18.13	Hits@10:32.89	Best:18.13
2025-01-20 16:12:38,111 INFO    : Snapshot:3	0	10	Epoch:18	Loss:2.557	MRR:18.38	Hits@10:33.19	Best:18.38
2025-01-20 16:12:49,203 INFO    : Snapshot:3	0	10	Epoch:19	Loss:2.491	MRR:18.47	Hits@10:33.52	Best:18.47
2025-01-20 16:13:00,279 INFO    : Snapshot:3	0	10	Epoch:20	Loss:2.449	MRR:18.5	Hits@10:33.49	Best:18.5
2025-01-20 16:13:11,631 INFO    : Snapshot:3	0	10	Epoch:21	Loss:2.432	MRR:18.71	Hits@10:33.63	Best:18.71
2025-01-20 16:13:22,747 INFO    : Snapshot:3	0	10	Epoch:22	Loss:2.369	MRR:18.72	Hits@10:33.74	Best:18.72
2025-01-20 16:13:33,452 INFO    : Snapshot:3	1	10	Epoch:23	Loss:2.324	MRR:18.67	Hits@10:33.83	Best:18.72
2025-01-20 16:13:44,182 INFO    : Snapshot:3	0	10	Epoch:24	Loss:2.311	MRR:18.95	Hits@10:34.19	Best:18.95
2025-01-20 16:13:54,888 INFO    : Snapshot:3	1	10	Epoch:25	Loss:2.258	MRR:18.86	Hits@10:34.17	Best:18.95
2025-01-20 16:14:05,480 INFO    : Snapshot:3	2	10	Epoch:26	Loss:2.235	MRR:18.94	Hits@10:34.19	Best:18.95
2025-01-20 16:14:16,179 INFO    : Snapshot:3	3	10	Epoch:27	Loss:2.222	MRR:18.93	Hits@10:34.42	Best:18.95
2025-01-20 16:14:27,159 INFO    : Snapshot:3	0	10	Epoch:28	Loss:2.194	MRR:19.09	Hits@10:34.76	Best:19.09
2025-01-20 16:14:37,985 INFO    : Snapshot:3	1	10	Epoch:29	Loss:2.175	MRR:19.06	Hits@10:34.34	Best:19.09
2025-01-20 16:14:48,692 INFO    : Snapshot:3	0	10	Epoch:30	Loss:2.13	MRR:19.26	Hits@10:34.59	Best:19.26
2025-01-20 16:14:59,493 INFO    : Snapshot:3	1	10	Epoch:31	Loss:2.116	MRR:19.16	Hits@10:34.66	Best:19.26
2025-01-20 16:15:10,230 INFO    : Snapshot:3	2	10	Epoch:32	Loss:2.118	MRR:19.23	Hits@10:34.95	Best:19.26
2025-01-20 16:15:21,136 INFO    : Snapshot:3	0	10	Epoch:33	Loss:2.09	MRR:19.36	Hits@10:34.93	Best:19.36
2025-01-20 16:15:32,249 INFO    : Snapshot:3	1	10	Epoch:34	Loss:2.078	MRR:19.33	Hits@10:35.03	Best:19.36
2025-01-20 16:15:43,201 INFO    : Snapshot:3	0	10	Epoch:35	Loss:2.045	MRR:19.43	Hits@10:34.97	Best:19.43
2025-01-20 16:15:54,468 INFO    : Snapshot:3	0	10	Epoch:36	Loss:2.024	MRR:19.5	Hits@10:35.1	Best:19.5
2025-01-20 16:16:05,931 INFO    : Snapshot:3	1	10	Epoch:37	Loss:2.018	MRR:19.46	Hits@10:35.22	Best:19.5
2025-01-20 16:16:17,081 INFO    : Snapshot:3	2	10	Epoch:38	Loss:2.023	MRR:19.39	Hits@10:35.03	Best:19.5
2025-01-20 16:16:27,831 INFO    : Snapshot:3	3	10	Epoch:39	Loss:1.983	MRR:19.43	Hits@10:35.03	Best:19.5
2025-01-20 16:16:38,689 INFO    : Snapshot:3	4	10	Epoch:40	Loss:1.982	MRR:19.49	Hits@10:35.12	Best:19.5
2025-01-20 16:16:49,727 INFO    : Snapshot:3	5	10	Epoch:41	Loss:1.956	MRR:19.48	Hits@10:35.11	Best:19.5
2025-01-20 16:17:00,344 INFO    : Snapshot:3	6	10	Epoch:42	Loss:1.941	MRR:19.47	Hits@10:35.23	Best:19.5
2025-01-20 16:17:10,994 INFO    : Snapshot:3	0	10	Epoch:43	Loss:1.942	MRR:19.6	Hits@10:35.18	Best:19.6
2025-01-20 16:17:21,749 INFO    : Snapshot:3	0	10	Epoch:44	Loss:1.925	MRR:19.61	Hits@10:35.17	Best:19.61
2025-01-20 16:17:32,600 INFO    : Snapshot:3	1	10	Epoch:45	Loss:1.933	MRR:19.54	Hits@10:35.29	Best:19.61
2025-01-20 16:17:43,438 INFO    : Snapshot:3	2	10	Epoch:46	Loss:1.928	MRR:19.51	Hits@10:35.33	Best:19.61
2025-01-20 16:17:54,209 INFO    : Snapshot:3	0	10	Epoch:47	Loss:1.909	MRR:19.64	Hits@10:35.35	Best:19.64
2025-01-20 16:18:04,939 INFO    : Snapshot:3	0	10	Epoch:48	Loss:1.907	MRR:19.7	Hits@10:35.56	Best:19.7
2025-01-20 16:18:15,881 INFO    : Snapshot:3	1	10	Epoch:49	Loss:1.913	MRR:19.62	Hits@10:35.42	Best:19.7
2025-01-20 16:18:26,748 INFO    : Snapshot:3	2	10	Epoch:50	Loss:1.885	MRR:19.69	Hits@10:35.58	Best:19.7
2025-01-20 16:18:37,960 INFO    : Snapshot:3	3	10	Epoch:51	Loss:1.894	MRR:19.65	Hits@10:35.39	Best:19.7
2025-01-20 16:18:49,432 INFO    : Snapshot:3	4	10	Epoch:52	Loss:1.865	MRR:19.65	Hits@10:35.4	Best:19.7
2025-01-20 16:19:00,591 INFO    : Snapshot:3	0	10	Epoch:53	Loss:1.855	MRR:19.74	Hits@10:35.42	Best:19.74
2025-01-20 16:19:11,646 INFO    : Snapshot:3	0	10	Epoch:54	Loss:1.858	MRR:19.75	Hits@10:35.43	Best:19.75
2025-01-20 16:19:22,527 INFO    : Snapshot:3	1	10	Epoch:55	Loss:1.852	MRR:19.7	Hits@10:35.51	Best:19.75
2025-01-20 16:19:33,220 INFO    : Snapshot:3	2	10	Epoch:56	Loss:1.829	MRR:19.74	Hits@10:35.65	Best:19.75
2025-01-20 16:19:43,934 INFO    : Snapshot:3	0	10	Epoch:57	Loss:1.827	MRR:19.8	Hits@10:35.68	Best:19.8
2025-01-20 16:19:54,660 INFO    : Snapshot:3	0	10	Epoch:58	Loss:1.837	MRR:19.85	Hits@10:35.65	Best:19.85
2025-01-20 16:20:05,308 INFO    : Snapshot:3	1	10	Epoch:59	Loss:1.821	MRR:19.75	Hits@10:35.59	Best:19.85
2025-01-20 16:20:16,111 INFO    : Snapshot:3	2	10	Epoch:60	Loss:1.813	MRR:19.77	Hits@10:35.7	Best:19.85
2025-01-20 16:20:27,181 INFO    : Snapshot:3	3	10	Epoch:61	Loss:1.821	MRR:19.76	Hits@10:35.77	Best:19.85
2025-01-20 16:20:37,861 INFO    : Snapshot:3	0	10	Epoch:62	Loss:1.801	MRR:19.86	Hits@10:35.85	Best:19.86
2025-01-20 16:20:48,772 INFO    : Snapshot:3	1	10	Epoch:63	Loss:1.818	MRR:19.83	Hits@10:35.66	Best:19.86
2025-01-20 16:20:59,516 INFO    : Snapshot:3	2	10	Epoch:64	Loss:1.794	MRR:19.86	Hits@10:35.76	Best:19.86
2025-01-20 16:21:10,501 INFO    : Snapshot:3	3	10	Epoch:65	Loss:1.809	MRR:19.73	Hits@10:35.6	Best:19.86
2025-01-20 16:21:21,700 INFO    : Snapshot:3	4	10	Epoch:66	Loss:1.792	MRR:19.86	Hits@10:35.98	Best:19.86
2025-01-20 16:21:32,994 INFO    : Snapshot:3	0	10	Epoch:67	Loss:1.799	MRR:19.9	Hits@10:35.84	Best:19.9
2025-01-20 16:21:43,965 INFO    : Snapshot:3	1	10	Epoch:68	Loss:1.793	MRR:19.79	Hits@10:35.78	Best:19.9
2025-01-20 16:21:55,237 INFO    : Snapshot:3	2	10	Epoch:69	Loss:1.786	MRR:19.83	Hits@10:35.86	Best:19.9
2025-01-20 16:22:06,705 INFO    : Snapshot:3	3	10	Epoch:70	Loss:1.798	MRR:19.88	Hits@10:35.9	Best:19.9
2025-01-20 16:22:17,777 INFO    : Snapshot:3	0	10	Epoch:71	Loss:1.771	MRR:20.02	Hits@10:35.94	Best:20.02
2025-01-20 16:22:28,554 INFO    : Snapshot:3	1	10	Epoch:72	Loss:1.782	MRR:19.79	Hits@10:35.8	Best:20.02
2025-01-20 16:22:39,165 INFO    : Snapshot:3	2	10	Epoch:73	Loss:1.759	MRR:19.87	Hits@10:35.92	Best:20.02
2025-01-20 16:22:50,033 INFO    : Snapshot:3	3	10	Epoch:74	Loss:1.756	MRR:19.91	Hits@10:35.87	Best:20.02
2025-01-20 16:23:00,922 INFO    : Snapshot:3	4	10	Epoch:75	Loss:1.764	MRR:19.82	Hits@10:35.96	Best:20.02
2025-01-20 16:23:11,751 INFO    : Snapshot:3	5	10	Epoch:76	Loss:1.761	MRR:19.93	Hits@10:36.0	Best:20.02
2025-01-20 16:23:22,549 INFO    : Snapshot:3	6	10	Epoch:77	Loss:1.754	MRR:19.93	Hits@10:36.23	Best:20.02
2025-01-20 16:23:33,486 INFO    : Snapshot:3	7	10	Epoch:78	Loss:1.747	MRR:19.88	Hits@10:35.77	Best:20.02
2025-01-20 16:23:44,328 INFO    : Snapshot:3	8	10	Epoch:79	Loss:1.767	MRR:19.89	Hits@10:36.0	Best:20.02
2025-01-20 16:23:55,148 INFO    : Snapshot:3	9	10	Epoch:80	Loss:1.759	MRR:19.72	Hits@10:35.74	Best:20.02
2025-01-20 16:24:06,212 INFO    : Early Stopping! Snapshot:3 Epoch: 81 Best Results: 20.02
2025-01-20 16:24:06,325 INFO    : => loading checkpoint './checkpoint/ENTITY\3model_best.tar'
2025-01-20 16:24:22,740 INFO    : 
+------------+--------+--------+--------+--------+---------+
| Snapshot:3 |  MRR   | Hits@1 | Hits@3 | Hits@5 | Hits@10 |
+------------+--------+--------+--------+--------+---------+
|     0      | 0.327  | 0.2105 | 0.3729 | 0.4487 |  0.5529 |
|     1      | 0.2371 | 0.1456 | 0.2646 | 0.3276 |  0.4169 |
|     2      | 0.2115 | 0.1271 | 0.2374 | 0.2913 |  0.3739 |
|     3      | 0.2009 | 0.1185 | 0.2268 | 0.2804 |  0.3603 |
+------------+--------+--------+--------+--------+---------+
2025-01-20 16:24:39,668 INFO    : Snapshot:4	0	10	Epoch:0	Loss:27.658	MRR:9.83	Hits@10:19.34	Best:9.83
2025-01-20 16:24:48,317 INFO    : Snapshot:4	0	10	Epoch:1	Loss:10.415	MRR:14.45	Hits@10:23.9	Best:14.45
2025-01-20 16:24:57,076 INFO    : Snapshot:4	0	10	Epoch:2	Loss:5.159	MRR:17.01	Hits@10:26.99	Best:17.01
2025-01-20 16:25:05,739 INFO    : Snapshot:4	0	10	Epoch:3	Loss:3.687	MRR:17.92	Hits@10:29.1	Best:17.92
2025-01-20 16:25:14,237 INFO    : Snapshot:4	0	10	Epoch:4	Loss:3.017	MRR:18.66	Hits@10:30.47	Best:18.66
2025-01-20 16:25:22,821 INFO    : Snapshot:4	0	10	Epoch:5	Loss:2.595	MRR:19.23	Hits@10:31.94	Best:19.23
2025-01-20 16:25:31,429 INFO    : Snapshot:4	0	10	Epoch:6	Loss:2.322	MRR:19.74	Hits@10:33.05	Best:19.74
2025-01-20 16:25:40,002 INFO    : Snapshot:4	0	10	Epoch:7	Loss:2.099	MRR:20.19	Hits@10:34.09	Best:20.19
2025-01-20 16:25:48,563 INFO    : Snapshot:4	0	10	Epoch:8	Loss:1.929	MRR:20.63	Hits@10:34.91	Best:20.63
2025-01-20 16:25:57,033 INFO    : Snapshot:4	0	10	Epoch:9	Loss:1.815	MRR:20.99	Hits@10:35.69	Best:20.99
2025-01-20 16:26:05,578 INFO    : Snapshot:4	0	10	Epoch:10	Loss:1.722	MRR:21.29	Hits@10:36.42	Best:21.29
2025-01-20 16:26:14,062 INFO    : Snapshot:4	0	10	Epoch:11	Loss:1.615	MRR:21.56	Hits@10:36.89	Best:21.56
2025-01-20 16:26:22,611 INFO    : Snapshot:4	0	10	Epoch:12	Loss:1.545	MRR:21.83	Hits@10:37.66	Best:21.83
2025-01-20 16:26:31,269 INFO    : Snapshot:4	0	10	Epoch:13	Loss:1.478	MRR:22.04	Hits@10:37.97	Best:22.04
2025-01-20 16:26:39,825 INFO    : Snapshot:4	0	10	Epoch:14	Loss:1.418	MRR:22.25	Hits@10:38.52	Best:22.25
2025-01-20 16:26:48,732 INFO    : Snapshot:4	0	10	Epoch:15	Loss:1.365	MRR:22.37	Hits@10:38.8	Best:22.37
2025-01-20 16:26:57,204 INFO    : Snapshot:4	0	10	Epoch:16	Loss:1.326	MRR:22.47	Hits@10:38.97	Best:22.47
2025-01-20 16:27:05,683 INFO    : Snapshot:4	0	10	Epoch:17	Loss:1.273	MRR:22.68	Hits@10:39.29	Best:22.68
2025-01-20 16:27:14,044 INFO    : Snapshot:4	0	10	Epoch:18	Loss:1.24	MRR:22.84	Hits@10:39.61	Best:22.84
2025-01-20 16:27:22,602 INFO    : Snapshot:4	0	10	Epoch:19	Loss:1.223	MRR:22.93	Hits@10:39.73	Best:22.93
2025-01-20 16:27:31,252 INFO    : Snapshot:4	0	10	Epoch:20	Loss:1.188	MRR:23.06	Hits@10:40.04	Best:23.06
2025-01-20 16:27:39,775 INFO    : Snapshot:4	0	10	Epoch:21	Loss:1.157	MRR:23.29	Hits@10:40.53	Best:23.29
2025-01-20 16:27:48,321 INFO    : Snapshot:4	0	10	Epoch:22	Loss:1.15	MRR:23.33	Hits@10:40.66	Best:23.33
2025-01-20 16:27:56,820 INFO    : Snapshot:4	0	10	Epoch:23	Loss:1.12	MRR:23.42	Hits@10:40.76	Best:23.42
2025-01-20 16:28:05,429 INFO    : Snapshot:4	0	10	Epoch:24	Loss:1.084	MRR:23.43	Hits@10:40.87	Best:23.43
2025-01-20 16:28:13,917 INFO    : Snapshot:4	0	10	Epoch:25	Loss:1.061	MRR:23.56	Hits@10:41.18	Best:23.56
2025-01-20 16:28:22,352 INFO    : Snapshot:4	0	10	Epoch:26	Loss:1.05	MRR:23.72	Hits@10:41.26	Best:23.72
2025-01-20 16:28:30,989 INFO    : Snapshot:4	1	10	Epoch:27	Loss:1.025	MRR:23.7	Hits@10:41.37	Best:23.72
2025-01-20 16:28:39,364 INFO    : Snapshot:4	0	10	Epoch:28	Loss:1.0	MRR:23.82	Hits@10:41.65	Best:23.82
2025-01-20 16:28:47,958 INFO    : Snapshot:4	1	10	Epoch:29	Loss:0.992	MRR:23.74	Hits@10:41.47	Best:23.82
2025-01-20 16:28:56,464 INFO    : Snapshot:4	0	10	Epoch:30	Loss:0.991	MRR:23.9	Hits@10:41.41	Best:23.9
2025-01-20 16:29:04,970 INFO    : Snapshot:4	0	10	Epoch:31	Loss:0.98	MRR:24.02	Hits@10:41.84	Best:24.02
2025-01-20 16:29:13,453 INFO    : Snapshot:4	0	10	Epoch:32	Loss:0.956	MRR:24.14	Hits@10:42.03	Best:24.14
2025-01-20 16:29:21,985 INFO    : Snapshot:4	0	10	Epoch:33	Loss:0.944	MRR:24.17	Hits@10:42.15	Best:24.17
2025-01-20 16:29:30,617 INFO    : Snapshot:4	0	10	Epoch:34	Loss:0.921	MRR:24.18	Hits@10:42.28	Best:24.18
2025-01-20 16:29:39,098 INFO    : Snapshot:4	0	10	Epoch:35	Loss:0.926	MRR:24.19	Hits@10:42.21	Best:24.19
2025-01-20 16:29:47,682 INFO    : Snapshot:4	1	10	Epoch:36	Loss:0.909	MRR:24.15	Hits@10:42.32	Best:24.19
2025-01-20 16:29:56,340 INFO    : Snapshot:4	0	10	Epoch:37	Loss:0.898	MRR:24.31	Hits@10:42.34	Best:24.31
2025-01-20 16:30:04,975 INFO    : Snapshot:4	0	10	Epoch:38	Loss:0.886	MRR:24.41	Hits@10:42.48	Best:24.41
2025-01-20 16:30:13,482 INFO    : Snapshot:4	1	10	Epoch:39	Loss:0.879	MRR:24.4	Hits@10:42.29	Best:24.41
2025-01-20 16:30:21,949 INFO    : Snapshot:4	2	10	Epoch:40	Loss:0.865	MRR:24.3	Hits@10:42.53	Best:24.41
2025-01-20 16:30:30,628 INFO    : Snapshot:4	0	10	Epoch:41	Loss:0.874	MRR:24.49	Hits@10:42.57	Best:24.49
2025-01-20 16:30:39,311 INFO    : Snapshot:4	1	10	Epoch:42	Loss:0.848	MRR:24.48	Hits@10:42.75	Best:24.49
2025-01-20 16:30:47,902 INFO    : Snapshot:4	2	10	Epoch:43	Loss:0.845	MRR:24.34	Hits@10:42.78	Best:24.49
2025-01-20 16:30:56,580 INFO    : Snapshot:4	3	10	Epoch:44	Loss:0.839	MRR:24.43	Hits@10:42.71	Best:24.49
2025-01-20 16:31:05,402 INFO    : Snapshot:4	4	10	Epoch:45	Loss:0.833	MRR:24.39	Hits@10:42.68	Best:24.49
2025-01-20 16:31:13,953 INFO    : Snapshot:4	5	10	Epoch:46	Loss:0.82	MRR:24.45	Hits@10:42.67	Best:24.49
2025-01-20 16:31:22,532 INFO    : Snapshot:4	0	10	Epoch:47	Loss:0.829	MRR:24.51	Hits@10:42.8	Best:24.51
2025-01-20 16:31:31,096 INFO    : Snapshot:4	0	10	Epoch:48	Loss:0.823	MRR:24.54	Hits@10:42.82	Best:24.54
2025-01-20 16:31:39,654 INFO    : Snapshot:4	0	10	Epoch:49	Loss:0.814	MRR:24.62	Hits@10:42.92	Best:24.62
2025-01-20 16:31:48,026 INFO    : Snapshot:4	1	10	Epoch:50	Loss:0.806	MRR:24.46	Hits@10:42.97	Best:24.62
2025-01-20 16:31:56,499 INFO    : Snapshot:4	2	10	Epoch:51	Loss:0.809	MRR:24.47	Hits@10:42.89	Best:24.62
2025-01-20 16:32:05,122 INFO    : Snapshot:4	0	10	Epoch:52	Loss:0.802	MRR:24.63	Hits@10:42.93	Best:24.63
2025-01-20 16:32:13,507 INFO    : Snapshot:4	0	10	Epoch:53	Loss:0.795	MRR:24.65	Hits@10:43.02	Best:24.65
2025-01-20 16:32:21,881 INFO    : Snapshot:4	1	10	Epoch:54	Loss:0.789	MRR:24.6	Hits@10:42.97	Best:24.65
2025-01-20 16:32:30,517 INFO    : Snapshot:4	2	10	Epoch:55	Loss:0.783	MRR:24.59	Hits@10:43.16	Best:24.65
2025-01-20 16:32:39,018 INFO    : Snapshot:4	3	10	Epoch:56	Loss:0.78	MRR:24.56	Hits@10:43.05	Best:24.65
2025-01-20 16:32:47,675 INFO    : Snapshot:4	4	10	Epoch:57	Loss:0.77	MRR:24.59	Hits@10:43.07	Best:24.65
2025-01-20 16:32:56,269 INFO    : Snapshot:4	0	10	Epoch:58	Loss:0.779	MRR:24.71	Hits@10:43.17	Best:24.71
2025-01-20 16:33:04,755 INFO    : Snapshot:4	0	10	Epoch:59	Loss:0.763	MRR:24.78	Hits@10:43.41	Best:24.78
2025-01-20 16:33:13,095 INFO    : Snapshot:4	1	10	Epoch:60	Loss:0.752	MRR:24.65	Hits@10:43.14	Best:24.78
2025-01-20 16:33:21,469 INFO    : Snapshot:4	2	10	Epoch:61	Loss:0.769	MRR:24.68	Hits@10:43.31	Best:24.78
2025-01-20 16:33:30,004 INFO    : Snapshot:4	3	10	Epoch:62	Loss:0.756	MRR:24.61	Hits@10:43.04	Best:24.78
2025-01-20 16:33:38,482 INFO    : Snapshot:4	4	10	Epoch:63	Loss:0.759	MRR:24.64	Hits@10:43.03	Best:24.78
2025-01-20 16:33:46,997 INFO    : Snapshot:4	5	10	Epoch:64	Loss:0.768	MRR:24.63	Hits@10:43.28	Best:24.78
2025-01-20 16:33:55,460 INFO    : Snapshot:4	6	10	Epoch:65	Loss:0.744	MRR:24.68	Hits@10:43.24	Best:24.78
2025-01-20 16:34:03,917 INFO    : Snapshot:4	7	10	Epoch:66	Loss:0.741	MRR:24.68	Hits@10:43.44	Best:24.78
2025-01-20 16:34:12,291 INFO    : Snapshot:4	8	10	Epoch:67	Loss:0.737	MRR:24.66	Hits@10:43.57	Best:24.78
2025-01-20 16:34:20,666 INFO    : Snapshot:4	9	10	Epoch:68	Loss:0.739	MRR:24.74	Hits@10:43.27	Best:24.78
2025-01-20 16:34:29,207 INFO    : Snapshot:4	0	10	Epoch:69	Loss:0.749	MRR:24.9	Hits@10:43.46	Best:24.9
2025-01-20 16:34:37,820 INFO    : Snapshot:4	1	10	Epoch:70	Loss:0.74	MRR:24.72	Hits@10:43.24	Best:24.9
2025-01-20 16:34:46,272 INFO    : Snapshot:4	2	10	Epoch:71	Loss:0.737	MRR:24.88	Hits@10:43.3	Best:24.9
2025-01-20 16:34:54,740 INFO    : Snapshot:4	3	10	Epoch:72	Loss:0.729	MRR:24.72	Hits@10:43.42	Best:24.9
2025-01-20 16:35:03,489 INFO    : Snapshot:4	4	10	Epoch:73	Loss:0.74	MRR:24.79	Hits@10:43.37	Best:24.9
2025-01-20 16:35:11,992 INFO    : Snapshot:4	5	10	Epoch:74	Loss:0.737	MRR:24.74	Hits@10:43.43	Best:24.9
2025-01-20 16:35:20,381 INFO    : Snapshot:4	6	10	Epoch:75	Loss:0.724	MRR:24.79	Hits@10:43.39	Best:24.9
2025-01-20 16:35:29,044 INFO    : Snapshot:4	7	10	Epoch:76	Loss:0.721	MRR:24.75	Hits@10:43.29	Best:24.9
2025-01-20 16:35:37,600 INFO    : Snapshot:4	8	10	Epoch:77	Loss:0.722	MRR:24.85	Hits@10:43.51	Best:24.9
2025-01-20 16:35:46,034 INFO    : Snapshot:4	9	10	Epoch:78	Loss:0.717	MRR:24.88	Hits@10:43.3	Best:24.9
2025-01-20 16:35:54,502 INFO    : Early Stopping! Snapshot:4 Epoch: 79 Best Results: 24.9
2025-01-20 16:35:54,612 INFO    : => loading checkpoint './checkpoint/ENTITY\4model_best.tar'
2025-01-20 16:36:16,478 INFO    : 
+------------+--------+--------+--------+--------+---------+
| Snapshot:4 |  MRR   | Hits@1 | Hits@3 | Hits@5 | Hits@10 |
+------------+--------+--------+--------+--------+---------+
|     0      | 0.327  | 0.2105 | 0.3729 | 0.4487 |  0.5529 |
|     1      | 0.2371 | 0.1456 | 0.2646 | 0.3276 |  0.4169 |
|     2      | 0.2115 | 0.1271 | 0.2374 | 0.2913 |  0.3739 |
|     3      | 0.2009 | 0.1185 | 0.2268 | 0.2804 |  0.3603 |
|     4      | 0.2484 | 0.1486 | 0.2924 | 0.3555 |  0.4375 |
+------------+--------+--------+--------+--------+---------+
2025-01-20 16:36:16,478 INFO    : Final Result:
[+------------+-------+--------+--------+--------+---------+
| Snapshot:0 |  MRR  | Hits@1 | Hits@3 | Hits@5 | Hits@10 |
+------------+-------+--------+--------+--------+---------+
|     0      | 0.327 | 0.2105 | 0.3729 | 0.4487 |  0.5529 |
+------------+-------+--------+--------+--------+---------+, +------------+--------+--------+--------+--------+---------+
| Snapshot:1 |  MRR   | Hits@1 | Hits@3 | Hits@5 | Hits@10 |
+------------+--------+--------+--------+--------+---------+
|     0      | 0.327  | 0.2105 | 0.3729 | 0.4487 |  0.5529 |
|     1      | 0.2371 | 0.1456 | 0.2646 | 0.3276 |  0.4169 |
+------------+--------+--------+--------+--------+---------+, +------------+--------+--------+--------+--------+---------+
| Snapshot:2 |  MRR   | Hits@1 | Hits@3 | Hits@5 | Hits@10 |
+------------+--------+--------+--------+--------+---------+
|     0      | 0.327  | 0.2105 | 0.3729 | 0.4487 |  0.5529 |
|     1      | 0.2371 | 0.1456 | 0.2646 | 0.3276 |  0.4169 |
|     2      | 0.2115 | 0.1271 | 0.2374 | 0.2913 |  0.3739 |
+------------+--------+--------+--------+--------+---------+, +------------+--------+--------+--------+--------+---------+
| Snapshot:3 |  MRR   | Hits@1 | Hits@3 | Hits@5 | Hits@10 |
+------------+--------+--------+--------+--------+---------+
|     0      | 0.327  | 0.2105 | 0.3729 | 0.4487 |  0.5529 |
|     1      | 0.2371 | 0.1456 | 0.2646 | 0.3276 |  0.4169 |
|     2      | 0.2115 | 0.1271 | 0.2374 | 0.2913 |  0.3739 |
|     3      | 0.2009 | 0.1185 | 0.2268 | 0.2804 |  0.3603 |
+------------+--------+--------+--------+--------+---------+, +------------+--------+--------+--------+--------+---------+
| Snapshot:4 |  MRR   | Hits@1 | Hits@3 | Hits@5 | Hits@10 |
+------------+--------+--------+--------+--------+---------+
|     0      | 0.327  | 0.2105 | 0.3729 | 0.4487 |  0.5529 |
|     1      | 0.2371 | 0.1456 | 0.2646 | 0.3276 |  0.4169 |
|     2      | 0.2115 | 0.1271 | 0.2374 | 0.2913 |  0.3739 |
|     3      | 0.2009 | 0.1185 | 0.2268 | 0.2804 |  0.3603 |
|     4      | 0.2484 | 0.1486 | 0.2924 | 0.3555 |  0.4375 |
+------------+--------+--------+--------+--------+---------+]
2025-01-20 16:36:16,478 INFO    : Report Result:
+----------+-------------------+-----------+--------------+--------------+---------------+
| Snapshot |        Time       | Whole_MRR | Whole_Hits@1 | Whole_Hits@3 | Whole_Hits@10 |
+----------+-------------------+-----------+--------------+--------------+---------------+
|    0     | 50.08358097076416 |   0.327   |     0.21     |    0.373     |     0.553     |
|    1     | 1079.291940689087 |   0.272   |    0.171     |    0.307     |      0.47     |
|    2     |  706.987274646759 |   0.249   |    0.154     |     0.28     |     0.433     |
|    3     | 896.4504449367523 |   0.236   |    0.145     |    0.266     |     0.414     |
|    4     | 686.2906403541565 |   0.238   |    0.145     |     0.27     |     0.417     |
+----------+-------------------+-----------+--------------+--------------+---------------+
2025-01-20 16:36:16,478 INFO    : Sum_Training_Time:3419.103881597519
2025-01-20 16:36:16,478 INFO    : Every_Training_Time:[50.08358097076416, 1079.291940689087, 706.987274646759, 896.4504449367523, 686.2906403541565]
2025-01-20 16:36:16,478 INFO    : Forward transfer: 0.0415 Backward transfer: 0.0
