2024-09-21 18:05:34,858 INFO    : Namespace(batch_size='1024', data_path='./data/ENTITY/', dataset='ENTITY', debug=False, device=device(type='cuda', index=0), emb_dim=200, ent_r='150', epoch_num=200, explore=False, gpu='0', l2=0.0, learning_rate='3e-1', log_path='./logs/20240921180525/ENTITY', logger=<RootLogger root (INFO)>, margin=8.0, model_name='LoraKGE_Layers', multi_layers_path='train_sorted_by_edges_betweenness.txt', neg_ratio=10, note='', num_ent_layers='20', num_layer=1, num_rel_layers='1', patience=3, predict_result=False, r=100, r_fixed=True, random_seed=3407, record=False, rel_r='20', save_path='./checkpoint/ENTITY', skip_previous='False', snapshot_num=5, train_new=True, using_multi_layers=False, using_various_ranks='True', using_various_ranks_reverse=False, valid_metrics='mrr')
2024-09-21 18:05:39,508 INFO    : Snapshot:0	0	3	Epoch:0	Loss:35.288	MRR:9.73	Hits@10:23.32	Best:9.73
2024-09-21 18:05:42,472 INFO    : Snapshot:0	0	3	Epoch:1	Loss:24.605	MRR:18.0	Hits@10:39.98	Best:18.0
2024-09-21 18:05:45,562 INFO    : Snapshot:0	0	3	Epoch:2	Loss:14.488	MRR:26.48	Hits@10:48.81	Best:26.48
2024-09-21 18:05:48,597 INFO    : Snapshot:0	0	3	Epoch:3	Loss:7.616	MRR:30.42	Hits@10:52.54	Best:30.42
2024-09-21 18:05:51,618 INFO    : Snapshot:0	0	3	Epoch:4	Loss:4.185	MRR:31.77	Hits@10:54.22	Best:31.77
2024-09-21 18:05:54,695 INFO    : Snapshot:0	0	3	Epoch:5	Loss:2.558	MRR:32.23	Hits@10:54.56	Best:32.23
2024-09-21 18:05:57,785 INFO    : Snapshot:0	0	3	Epoch:6	Loss:1.777	MRR:32.38	Hits@10:55.02	Best:32.38
2024-09-21 18:06:00,909 INFO    : Snapshot:0	0	3	Epoch:7	Loss:1.364	MRR:32.49	Hits@10:54.98	Best:32.49
2024-09-21 18:06:04,288 INFO    : Snapshot:0	0	3	Epoch:8	Loss:1.111	MRR:32.5	Hits@10:54.8	Best:32.5
2024-09-21 18:06:07,478 INFO    : Snapshot:0	1	3	Epoch:9	Loss:0.952	MRR:32.38	Hits@10:54.79	Best:32.5
2024-09-21 18:06:10,568 INFO    : Snapshot:0	2	3	Epoch:10	Loss:0.832	MRR:32.24	Hits@10:55.01	Best:32.5
2024-09-21 18:06:13,819 INFO    : Early Stopping! Snapshot:0 Epoch: 11 Best Results: 32.5
2024-09-21 18:06:13,917 INFO    : => loading checkpoint './checkpoint/ENTITY\0model_best.tar'
2024-09-21 18:06:15,387 INFO    : 
+------------+--------+--------+--------+--------+---------+
| Snapshot:0 |  MRR   | Hits@1 | Hits@3 | Hits@5 | Hits@10 |
+------------+--------+--------+--------+--------+---------+
|     0      | 0.3285 | 0.2086 | 0.3806 | 0.4552 |  0.5588 |
+------------+--------+--------+--------+--------+---------+
2024-09-21 18:06:30,725 INFO    : Snapshot:1	0	3	Epoch:0	Loss:11.394	MRR:16.66	Hits@10:29.65	Best:16.66
2024-09-21 18:06:39,089 INFO    : Snapshot:1	0	3	Epoch:1	Loss:4.339	MRR:18.19	Hits@10:32.61	Best:18.19
2024-09-21 18:06:47,448 INFO    : Snapshot:1	0	3	Epoch:2	Loss:3.658	MRR:18.74	Hits@10:34.02	Best:18.74
2024-09-21 18:06:55,506 INFO    : Snapshot:1	0	3	Epoch:3	Loss:3.279	MRR:19.22	Hits@10:34.7	Best:19.22
2024-09-21 18:07:03,413 INFO    : Snapshot:1	0	3	Epoch:4	Loss:3.032	MRR:19.93	Hits@10:35.74	Best:19.93
2024-09-21 18:07:11,460 INFO    : Snapshot:1	0	3	Epoch:5	Loss:2.836	MRR:20.12	Hits@10:36.0	Best:20.12
2024-09-21 18:07:19,253 INFO    : Snapshot:1	0	3	Epoch:6	Loss:2.712	MRR:20.36	Hits@10:36.45	Best:20.36
2024-09-21 18:07:27,144 INFO    : Snapshot:1	0	3	Epoch:7	Loss:2.592	MRR:20.92	Hits@10:37.1	Best:20.92
2024-09-21 18:07:35,138 INFO    : Snapshot:1	0	3	Epoch:8	Loss:2.514	MRR:20.98	Hits@10:37.34	Best:20.98
2024-09-21 18:07:43,129 INFO    : Snapshot:1	1	3	Epoch:9	Loss:2.434	MRR:20.98	Hits@10:37.38	Best:20.98
2024-09-21 18:07:51,085 INFO    : Snapshot:1	0	3	Epoch:10	Loss:2.353	MRR:21.45	Hits@10:37.91	Best:21.45
2024-09-21 18:07:59,013 INFO    : Snapshot:1	1	3	Epoch:11	Loss:2.296	MRR:21.42	Hits@10:38.04	Best:21.45
2024-09-21 18:08:06,709 INFO    : Snapshot:1	2	3	Epoch:12	Loss:2.266	MRR:21.15	Hits@10:38.05	Best:21.45
2024-09-21 18:08:14,608 INFO    : Early Stopping! Snapshot:1 Epoch: 13 Best Results: 21.45
2024-09-21 18:08:14,708 INFO    : => loading checkpoint './checkpoint/ENTITY\1model_best.tar'
2024-09-21 18:08:19,876 INFO    : 
+------------+--------+--------+--------+--------+---------+
| Snapshot:1 |  MRR   | Hits@1 | Hits@3 | Hits@5 | Hits@10 |
+------------+--------+--------+--------+--------+---------+
|     0      | 0.3285 | 0.2086 | 0.3806 | 0.4552 |  0.5588 |
|     1      | 0.213  | 0.1293 | 0.2334 | 0.2905 |  0.3786 |
+------------+--------+--------+--------+--------+---------+
2024-09-21 18:08:36,667 INFO    : Snapshot:2	0	3	Epoch:0	Loss:10.751	MRR:15.18	Hits@10:26.37	Best:15.18
2024-09-21 18:08:45,981 INFO    : Snapshot:2	0	3	Epoch:1	Loss:4.305	MRR:16.6	Hits@10:28.95	Best:16.6
2024-09-21 18:08:55,053 INFO    : Snapshot:2	0	3	Epoch:2	Loss:3.651	MRR:17.27	Hits@10:30.39	Best:17.27
2024-09-21 18:09:03,963 INFO    : Snapshot:2	0	3	Epoch:3	Loss:3.344	MRR:17.85	Hits@10:31.24	Best:17.85
2024-09-21 18:09:12,840 INFO    : Snapshot:2	0	3	Epoch:4	Loss:3.097	MRR:18.04	Hits@10:31.81	Best:18.04
2024-09-21 18:09:21,816 INFO    : Snapshot:2	0	3	Epoch:5	Loss:2.938	MRR:18.16	Hits@10:32.11	Best:18.16
2024-09-21 18:09:30,971 INFO    : Snapshot:2	0	3	Epoch:6	Loss:2.823	MRR:18.57	Hits@10:32.84	Best:18.57
2024-09-21 18:09:40,150 INFO    : Snapshot:2	0	3	Epoch:7	Loss:2.742	MRR:18.61	Hits@10:32.68	Best:18.61
2024-09-21 18:09:49,365 INFO    : Snapshot:2	0	3	Epoch:8	Loss:2.661	MRR:18.78	Hits@10:33.12	Best:18.78
2024-09-21 18:09:58,554 INFO    : Snapshot:2	0	3	Epoch:9	Loss:2.575	MRR:18.97	Hits@10:33.59	Best:18.97
2024-09-21 18:10:07,756 INFO    : Snapshot:2	0	3	Epoch:10	Loss:2.486	MRR:19.08	Hits@10:33.49	Best:19.08
2024-09-21 18:10:17,149 INFO    : Snapshot:2	0	3	Epoch:11	Loss:2.485	MRR:19.31	Hits@10:33.96	Best:19.31
2024-09-21 18:10:26,321 INFO    : Snapshot:2	1	3	Epoch:12	Loss:2.427	MRR:19.05	Hits@10:33.7	Best:19.31
2024-09-21 18:10:35,464 INFO    : Snapshot:2	2	3	Epoch:13	Loss:2.362	MRR:19.12	Hits@10:34.02	Best:19.31
2024-09-21 18:10:44,626 INFO    : Snapshot:2	0	3	Epoch:14	Loss:2.336	MRR:19.45	Hits@10:34.12	Best:19.45
2024-09-21 18:10:53,836 INFO    : Snapshot:2	0	3	Epoch:15	Loss:2.296	MRR:19.46	Hits@10:34.0	Best:19.46
2024-09-21 18:11:03,862 INFO    : Snapshot:2	1	3	Epoch:16	Loss:2.296	MRR:19.36	Hits@10:34.02	Best:19.46
2024-09-21 18:11:13,096 INFO    : Snapshot:2	0	3	Epoch:17	Loss:2.262	MRR:19.53	Hits@10:34.34	Best:19.53
2024-09-21 18:11:22,151 INFO    : Snapshot:2	1	3	Epoch:18	Loss:2.261	MRR:19.4	Hits@10:34.37	Best:19.53
2024-09-21 18:11:31,008 INFO    : Snapshot:2	0	3	Epoch:19	Loss:2.183	MRR:19.57	Hits@10:34.34	Best:19.57
2024-09-21 18:11:40,170 INFO    : Snapshot:2	1	3	Epoch:20	Loss:2.202	MRR:19.57	Hits@10:34.43	Best:19.57
2024-09-21 18:11:49,038 INFO    : Snapshot:2	2	3	Epoch:21	Loss:2.155	MRR:19.5	Hits@10:34.49	Best:19.57
2024-09-21 18:11:58,013 INFO    : Snapshot:2	0	3	Epoch:22	Loss:2.142	MRR:19.62	Hits@10:34.61	Best:19.62
2024-09-21 18:12:07,316 INFO    : Snapshot:2	1	3	Epoch:23	Loss:2.142	MRR:19.56	Hits@10:34.74	Best:19.62
2024-09-21 18:12:16,725 INFO    : Snapshot:2	0	3	Epoch:24	Loss:2.104	MRR:19.66	Hits@10:34.71	Best:19.66
2024-09-21 18:12:26,067 INFO    : Snapshot:2	0	3	Epoch:25	Loss:2.115	MRR:19.77	Hits@10:34.75	Best:19.77
2024-09-21 18:12:35,492 INFO    : Snapshot:2	0	3	Epoch:26	Loss:2.09	MRR:19.86	Hits@10:34.55	Best:19.86
2024-09-21 18:12:44,965 INFO    : Snapshot:2	1	3	Epoch:27	Loss:2.068	MRR:19.79	Hits@10:34.58	Best:19.86
2024-09-21 18:12:54,270 INFO    : Snapshot:2	2	3	Epoch:28	Loss:2.092	MRR:19.68	Hits@10:34.59	Best:19.86
2024-09-21 18:13:03,343 INFO    : Early Stopping! Snapshot:2 Epoch: 29 Best Results: 19.86
2024-09-21 18:13:03,449 INFO    : => loading checkpoint './checkpoint/ENTITY\2model_best.tar'
2024-09-21 18:13:12,892 INFO    : 
+------------+--------+--------+--------+--------+---------+
| Snapshot:2 |  MRR   | Hits@1 | Hits@3 | Hits@5 | Hits@10 |
+------------+--------+--------+--------+--------+---------+
|     0      | 0.3285 | 0.2086 | 0.3806 | 0.4552 |  0.5588 |
|     1      | 0.213  | 0.1293 | 0.2334 | 0.2905 |  0.3786 |
|     2      | 0.1987 | 0.1204 | 0.2209 | 0.2714 |  0.3471 |
+------------+--------+--------+--------+--------+---------+
2024-09-21 18:13:31,460 INFO    : Snapshot:3	0	3	Epoch:0	Loss:9.698	MRR:14.31	Hits@10:25.18	Best:14.31
2024-09-21 18:13:41,400 INFO    : Snapshot:3	0	3	Epoch:1	Loss:3.635	MRR:15.73	Hits@10:27.67	Best:15.73
2024-09-21 18:13:51,360 INFO    : Snapshot:3	0	3	Epoch:2	Loss:3.099	MRR:16.42	Hits@10:28.92	Best:16.42
2024-09-21 18:14:01,166 INFO    : Snapshot:3	0	3	Epoch:3	Loss:2.76	MRR:16.97	Hits@10:30.34	Best:16.97
2024-09-21 18:14:10,980 INFO    : Snapshot:3	0	3	Epoch:4	Loss:2.594	MRR:17.43	Hits@10:30.61	Best:17.43
2024-09-21 18:14:20,748 INFO    : Snapshot:3	0	3	Epoch:5	Loss:2.465	MRR:17.51	Hits@10:31.06	Best:17.51
2024-09-21 18:14:30,609 INFO    : Snapshot:3	0	3	Epoch:6	Loss:2.371	MRR:17.65	Hits@10:31.04	Best:17.65
2024-09-21 18:14:40,548 INFO    : Snapshot:3	0	3	Epoch:7	Loss:2.291	MRR:17.85	Hits@10:31.89	Best:17.85
2024-09-21 18:14:50,433 INFO    : Snapshot:3	0	3	Epoch:8	Loss:2.215	MRR:18.18	Hits@10:31.9	Best:18.18
2024-09-21 18:15:00,094 INFO    : Snapshot:3	1	3	Epoch:9	Loss:2.15	MRR:17.97	Hits@10:32.09	Best:18.18
2024-09-21 18:15:10,041 INFO    : Snapshot:3	2	3	Epoch:10	Loss:2.101	MRR:18.1	Hits@10:32.01	Best:18.18
2024-09-21 18:15:19,794 INFO    : Early Stopping! Snapshot:3 Epoch: 11 Best Results: 18.18
2024-09-21 18:15:19,894 INFO    : => loading checkpoint './checkpoint/ENTITY\3model_best.tar'
2024-09-21 18:15:35,338 INFO    : 
+------------+--------+--------+--------+--------+---------+
| Snapshot:3 |  MRR   | Hits@1 | Hits@3 | Hits@5 | Hits@10 |
+------------+--------+--------+--------+--------+---------+
|     0      | 0.3285 | 0.2086 | 0.3806 | 0.4552 |  0.5588 |
|     1      | 0.213  | 0.1293 | 0.2334 | 0.2905 |  0.3786 |
|     2      | 0.1987 | 0.1204 | 0.2209 | 0.2714 |  0.3471 |
|     3      | 0.1825 |  0.11  | 0.2009 | 0.2478 |  0.3223 |
+------------+--------+--------+--------+--------+---------+
2024-09-21 18:15:51,314 INFO    : Snapshot:4	0	3	Epoch:0	Loss:7.026	MRR:18.24	Hits@10:30.29	Best:18.24
2024-09-21 18:15:59,318 INFO    : Snapshot:4	0	3	Epoch:1	Loss:1.928	MRR:19.95	Hits@10:34.13	Best:19.95
2024-09-21 18:16:07,302 INFO    : Snapshot:4	0	3	Epoch:2	Loss:1.522	MRR:20.98	Hits@10:35.81	Best:20.98
2024-09-21 18:16:15,270 INFO    : Snapshot:4	0	3	Epoch:3	Loss:1.355	MRR:21.18	Hits@10:36.02	Best:21.18
2024-09-21 18:16:23,248 INFO    : Snapshot:4	0	3	Epoch:4	Loss:1.242	MRR:21.65	Hits@10:37.1	Best:21.65
2024-09-21 18:16:31,266 INFO    : Snapshot:4	0	3	Epoch:5	Loss:1.173	MRR:21.7	Hits@10:36.95	Best:21.7
2024-09-21 18:16:39,185 INFO    : Snapshot:4	0	3	Epoch:6	Loss:1.111	MRR:22.0	Hits@10:38.05	Best:22.0
2024-09-21 18:16:47,120 INFO    : Snapshot:4	0	3	Epoch:7	Loss:1.057	MRR:22.35	Hits@10:38.51	Best:22.35
2024-09-21 18:16:55,060 INFO    : Snapshot:4	0	3	Epoch:8	Loss:1.021	MRR:22.55	Hits@10:38.72	Best:22.55
2024-09-21 18:17:03,042 INFO    : Snapshot:4	1	3	Epoch:9	Loss:0.978	MRR:22.48	Hits@10:38.74	Best:22.55
2024-09-21 18:17:10,899 INFO    : Snapshot:4	2	3	Epoch:10	Loss:0.963	MRR:22.49	Hits@10:38.9	Best:22.55
2024-09-21 18:17:19,002 INFO    : Snapshot:4	0	3	Epoch:11	Loss:0.943	MRR:22.8	Hits@10:39.23	Best:22.8
2024-09-21 18:17:26,809 INFO    : Snapshot:4	1	3	Epoch:12	Loss:0.92	MRR:22.58	Hits@10:38.98	Best:22.8
2024-09-21 18:17:34,551 INFO    : Snapshot:4	2	3	Epoch:13	Loss:0.901	MRR:22.72	Hits@10:39.17	Best:22.8
2024-09-21 18:17:42,211 INFO    : Early Stopping! Snapshot:4 Epoch: 14 Best Results: 22.8
2024-09-21 18:17:42,305 INFO    : => loading checkpoint './checkpoint/ENTITY\4model_best.tar'
2024-09-21 18:18:02,739 INFO    : 
+------------+--------+--------+--------+--------+---------+
| Snapshot:4 |  MRR   | Hits@1 | Hits@3 | Hits@5 | Hits@10 |
+------------+--------+--------+--------+--------+---------+
|     0      | 0.3285 | 0.2086 | 0.3806 | 0.4552 |  0.5588 |
|     1      | 0.213  | 0.1293 | 0.2334 | 0.2905 |  0.3786 |
|     2      | 0.1987 | 0.1204 | 0.2209 | 0.2714 |  0.3471 |
|     3      | 0.1825 |  0.11  | 0.2009 | 0.2478 |  0.3223 |
|     4      | 0.2301 | 0.1415 | 0.2653 |  0.32  |  0.3973 |
+------------+--------+--------+--------+--------+---------+
2024-09-21 18:18:02,740 INFO    : Final Result:
[+------------+--------+--------+--------+--------+---------+
| Snapshot:0 |  MRR   | Hits@1 | Hits@3 | Hits@5 | Hits@10 |
+------------+--------+--------+--------+--------+---------+
|     0      | 0.3285 | 0.2086 | 0.3806 | 0.4552 |  0.5588 |
+------------+--------+--------+--------+--------+---------+, +------------+--------+--------+--------+--------+---------+
| Snapshot:1 |  MRR   | Hits@1 | Hits@3 | Hits@5 | Hits@10 |
+------------+--------+--------+--------+--------+---------+
|     0      | 0.3285 | 0.2086 | 0.3806 | 0.4552 |  0.5588 |
|     1      | 0.213  | 0.1293 | 0.2334 | 0.2905 |  0.3786 |
+------------+--------+--------+--------+--------+---------+, +------------+--------+--------+--------+--------+---------+
| Snapshot:2 |  MRR   | Hits@1 | Hits@3 | Hits@5 | Hits@10 |
+------------+--------+--------+--------+--------+---------+
|     0      | 0.3285 | 0.2086 | 0.3806 | 0.4552 |  0.5588 |
|     1      | 0.213  | 0.1293 | 0.2334 | 0.2905 |  0.3786 |
|     2      | 0.1987 | 0.1204 | 0.2209 | 0.2714 |  0.3471 |
+------------+--------+--------+--------+--------+---------+, +------------+--------+--------+--------+--------+---------+
| Snapshot:3 |  MRR   | Hits@1 | Hits@3 | Hits@5 | Hits@10 |
+------------+--------+--------+--------+--------+---------+
|     0      | 0.3285 | 0.2086 | 0.3806 | 0.4552 |  0.5588 |
|     1      | 0.213  | 0.1293 | 0.2334 | 0.2905 |  0.3786 |
|     2      | 0.1987 | 0.1204 | 0.2209 | 0.2714 |  0.3471 |
|     3      | 0.1825 |  0.11  | 0.2009 | 0.2478 |  0.3223 |
+------------+--------+--------+--------+--------+---------+, +------------+--------+--------+--------+--------+---------+
| Snapshot:4 |  MRR   | Hits@1 | Hits@3 | Hits@5 | Hits@10 |
+------------+--------+--------+--------+--------+---------+
|     0      | 0.3285 | 0.2086 | 0.3806 | 0.4552 |  0.5588 |
|     1      | 0.213  | 0.1293 | 0.2334 | 0.2905 |  0.3786 |
|     2      | 0.1987 | 0.1204 | 0.2209 | 0.2714 |  0.3471 |
|     3      | 0.1825 |  0.11  | 0.2009 | 0.2478 |  0.3223 |
|     4      | 0.2301 | 0.1415 | 0.2653 |  0.32  |  0.3973 |
+------------+--------+--------+--------+--------+---------+]
2024-09-21 18:18:02,741 INFO    : Report Result:
+----------+--------------------+-----------+--------------+--------------+---------------+
| Snapshot |        Time        | Whole_MRR | Whole_Hits@1 | Whole_Hits@3 | Whole_Hits@10 |
+----------+--------------------+-----------+--------------+--------------+---------------+
|    0     | 38.96037030220032  |   0.329   |    0.209     |    0.381     |     0.559     |
|    1     | 115.36308002471924 |   0.258   |     0.16     |    0.291     |     0.449     |
|    2     | 278.9883177280426  |   0.235   |    0.145     |    0.264     |      0.41     |
|    3     | 121.31042814254761 |   0.221   |    0.136     |    0.247     |     0.386     |
|    4     | 121.74759793281555 |   0.223   |    0.137     |     0.25     |     0.388     |
+----------+--------------------+-----------+--------------+--------------+---------------+
2024-09-21 18:18:02,741 INFO    : Sum_Training_Time:676.3697941303253
2024-09-21 18:18:02,741 INFO    : Every_Training_Time:[38.96037030220032, 115.36308002471924, 278.9883177280426, 121.31042814254761, 121.74759793281555]
2024-09-21 18:18:02,741 INFO    : Forward transfer: 0.038275 Backward transfer: 0.0
