2024-09-12 17:01:57,927 INFO    : Namespace(batch_size=1024, data_path='./data/HYBRID/', dataset='HYBRID', debug=False, device=device(type='cuda', index=0), emb_dim=200, ent_r='200', epoch_num=200, explore=False, gpu='0', l2=0.0, learning_rate='3e-1', log_path='./logs/20240912170149/HYBRID', logger=<RootLogger root (INFO)>, margin=8.0, model_name='LoraKGE_Layers', multi_layers_path='train_sorted_by_edges_betweenness.txt', neg_ratio=10, note='', num_ent_layers='20', num_layer=1, num_rel_layers='1', patience=3, predict_result=False, r=100, r_fixed=True, random_seed=3407, record=False, rel_r='20', save_path='./checkpoint/HYBRID', skip_previous='False', snapshot_num=5, train_new=True, using_multi_layers=False, using_various_ranks='True', using_various_ranks_reverse=False, valid_metrics='mrr')
2024-09-12 17:02:06,093 INFO    : Snapshot:0	0	3	Epoch:0	Loss:41.71	MRR:8.75	Hits@10:20.52	Best:8.75
2024-09-12 17:02:11,468 INFO    : Snapshot:0	0	3	Epoch:1	Loss:28.429	MRR:15.57	Hits@10:30.78	Best:15.57
2024-09-12 17:02:16,818 INFO    : Snapshot:0	0	3	Epoch:2	Loss:18.068	MRR:20.81	Hits@10:37.81	Best:20.81
2024-09-12 17:02:22,135 INFO    : Snapshot:0	0	3	Epoch:3	Loss:10.959	MRR:23.3	Hits@10:41.12	Best:23.3
2024-09-12 17:02:27,502 INFO    : Snapshot:0	0	3	Epoch:4	Loss:6.919	MRR:24.72	Hits@10:42.86	Best:24.72
2024-09-12 17:02:33,039 INFO    : Snapshot:0	0	3	Epoch:5	Loss:4.64	MRR:25.0	Hits@10:43.85	Best:25.0
2024-09-12 17:02:38,420 INFO    : Snapshot:0	0	3	Epoch:6	Loss:3.342	MRR:25.24	Hits@10:44.32	Best:25.24
2024-09-12 17:02:43,825 INFO    : Snapshot:0	1	3	Epoch:7	Loss:2.518	MRR:25.17	Hits@10:44.55	Best:25.24
2024-09-12 17:02:49,186 INFO    : Snapshot:0	0	3	Epoch:8	Loss:2.002	MRR:25.29	Hits@10:44.55	Best:25.29
2024-09-12 17:02:54,686 INFO    : Snapshot:0	1	3	Epoch:9	Loss:1.644	MRR:25.27	Hits@10:44.55	Best:25.29
2024-09-12 17:03:00,122 INFO    : Snapshot:0	2	3	Epoch:10	Loss:1.391	MRR:25.02	Hits@10:44.6	Best:25.29
2024-09-12 17:03:05,583 INFO    : Early Stopping! Snapshot:0 Epoch: 11 Best Results: 25.29
2024-09-12 17:03:05,678 INFO    : => loading checkpoint './checkpoint/HYBRID\0model_best.tar'
2024-09-12 17:03:09,066 INFO    : 
+------------+--------+--------+--------+--------+---------+
| Snapshot:0 |  MRR   | Hits@1 | Hits@3 | Hits@5 | Hits@10 |
+------------+--------+--------+--------+--------+---------+
|     0      | 0.2532 | 0.152  | 0.3054 | 0.3657 |  0.4362 |
+------------+--------+--------+--------+--------+---------+
2024-09-12 17:03:16,261 INFO    : Snapshot:1	0	3	Epoch:0	Loss:6.434	MRR:21.04	Hits@10:37.93	Best:21.04
2024-09-12 17:03:18,867 INFO    : Snapshot:1	0	3	Epoch:1	Loss:3.073	MRR:23.76	Hits@10:42.91	Best:23.76
2024-09-12 17:03:21,536 INFO    : Snapshot:1	0	3	Epoch:2	Loss:2.592	MRR:25.03	Hits@10:44.17	Best:25.03
2024-09-12 17:03:24,269 INFO    : Snapshot:1	0	3	Epoch:3	Loss:2.419	MRR:25.92	Hits@10:45.16	Best:25.92
2024-09-12 17:03:26,902 INFO    : Snapshot:1	1	3	Epoch:4	Loss:2.34	MRR:25.62	Hits@10:45.34	Best:25.92
2024-09-12 17:03:29,517 INFO    : Snapshot:1	0	3	Epoch:5	Loss:2.283	MRR:26.09	Hits@10:45.6	Best:26.09
2024-09-12 17:03:32,145 INFO    : Snapshot:1	0	3	Epoch:6	Loss:2.226	MRR:26.42	Hits@10:45.78	Best:26.42
2024-09-12 17:03:34,809 INFO    : Snapshot:1	1	3	Epoch:7	Loss:2.207	MRR:25.81	Hits@10:45.8	Best:26.42
2024-09-12 17:03:37,612 INFO    : Snapshot:1	0	3	Epoch:8	Loss:2.195	MRR:26.55	Hits@10:45.95	Best:26.55
2024-09-12 17:03:40,144 INFO    : Snapshot:1	1	3	Epoch:9	Loss:2.169	MRR:26.35	Hits@10:45.83	Best:26.55
2024-09-12 17:03:42,613 INFO    : Snapshot:1	2	3	Epoch:10	Loss:2.131	MRR:26.45	Hits@10:46.34	Best:26.55
2024-09-12 17:03:45,138 INFO    : Snapshot:1	0	3	Epoch:11	Loss:2.127	MRR:26.77	Hits@10:46.11	Best:26.77
2024-09-12 17:03:47,648 INFO    : Snapshot:1	0	3	Epoch:12	Loss:2.105	MRR:26.86	Hits@10:46.44	Best:26.86
2024-09-12 17:03:50,163 INFO    : Snapshot:1	1	3	Epoch:13	Loss:2.097	MRR:26.82	Hits@10:46.57	Best:26.86
2024-09-12 17:03:52,674 INFO    : Snapshot:1	2	3	Epoch:14	Loss:2.097	MRR:26.82	Hits@10:46.12	Best:26.86
2024-09-12 17:03:55,152 INFO    : Early Stopping! Snapshot:1 Epoch: 15 Best Results: 26.86
2024-09-12 17:03:55,241 INFO    : => loading checkpoint './checkpoint/HYBRID\1model_best.tar'
2024-09-12 17:04:00,528 INFO    : 
+------------+--------+--------+--------+--------+---------+
| Snapshot:1 |  MRR   | Hits@1 | Hits@3 | Hits@5 | Hits@10 |
+------------+--------+--------+--------+--------+---------+
|     0      | 0.2532 | 0.152  | 0.3054 | 0.3657 |  0.4362 |
|     1      | 0.2631 | 0.1667 | 0.3002 | 0.3674 |  0.4544 |
+------------+--------+--------+--------+--------+---------+
2024-09-12 17:04:24,315 INFO    : Snapshot:2	0	3	Epoch:0	Loss:22.01	MRR:15.63	Hits@10:28.72	Best:15.63
2024-09-12 17:04:37,414 INFO    : Snapshot:2	0	3	Epoch:1	Loss:14.472	MRR:16.39	Hits@10:29.98	Best:16.39
2024-09-12 17:04:50,792 INFO    : Snapshot:2	0	3	Epoch:2	Loss:13.512	MRR:16.88	Hits@10:30.86	Best:16.88
2024-09-12 17:05:04,260 INFO    : Snapshot:2	0	3	Epoch:3	Loss:13.003	MRR:17.59	Hits@10:31.6	Best:17.59
2024-09-12 17:05:17,732 INFO    : Snapshot:2	0	3	Epoch:4	Loss:12.699	MRR:17.81	Hits@10:31.93	Best:17.81
2024-09-12 17:05:31,138 INFO    : Snapshot:2	1	3	Epoch:5	Loss:12.429	MRR:17.74	Hits@10:32.13	Best:17.81
2024-09-12 17:05:44,466 INFO    : Snapshot:2	2	3	Epoch:6	Loss:12.278	MRR:17.63	Hits@10:32.21	Best:17.81
2024-09-12 17:05:57,911 INFO    : Snapshot:2	0	3	Epoch:7	Loss:12.126	MRR:18.12	Hits@10:32.5	Best:18.12
2024-09-12 17:06:11,784 INFO    : Snapshot:2	1	3	Epoch:8	Loss:12.054	MRR:18.08	Hits@10:32.66	Best:18.12
2024-09-12 17:06:25,812 INFO    : Snapshot:2	0	3	Epoch:9	Loss:11.953	MRR:18.32	Hits@10:32.55	Best:18.32
2024-09-12 17:06:39,652 INFO    : Snapshot:2	0	3	Epoch:10	Loss:11.876	MRR:18.49	Hits@10:32.67	Best:18.49
2024-09-12 17:06:53,319 INFO    : Snapshot:2	1	3	Epoch:11	Loss:11.809	MRR:18.41	Hits@10:32.8	Best:18.49
2024-09-12 17:07:07,072 INFO    : Snapshot:2	0	3	Epoch:12	Loss:11.742	MRR:18.74	Hits@10:33.16	Best:18.74
2024-09-12 17:07:20,842 INFO    : Snapshot:2	1	3	Epoch:13	Loss:11.699	MRR:18.68	Hits@10:33.04	Best:18.74
2024-09-12 17:07:34,763 INFO    : Snapshot:2	2	3	Epoch:14	Loss:11.678	MRR:18.59	Hits@10:33.05	Best:18.74
2024-09-12 17:07:48,793 INFO    : Snapshot:2	0	3	Epoch:15	Loss:11.64	MRR:18.77	Hits@10:33.19	Best:18.77
2024-09-12 17:08:02,380 INFO    : Snapshot:2	0	3	Epoch:16	Loss:11.585	MRR:18.87	Hits@10:33.23	Best:18.87
2024-09-12 17:08:15,965 INFO    : Snapshot:2	1	3	Epoch:17	Loss:11.523	MRR:18.83	Hits@10:33.34	Best:18.87
2024-09-12 17:08:29,714 INFO    : Snapshot:2	0	3	Epoch:18	Loss:11.503	MRR:18.95	Hits@10:33.45	Best:18.95
2024-09-12 17:08:43,394 INFO    : Snapshot:2	1	3	Epoch:19	Loss:11.477	MRR:18.9	Hits@10:33.5	Best:18.95
2024-09-12 17:08:56,959 INFO    : Snapshot:2	2	3	Epoch:20	Loss:11.49	MRR:18.9	Hits@10:33.42	Best:18.95
2024-09-12 17:09:10,484 INFO    : Early Stopping! Snapshot:2 Epoch: 21 Best Results: 18.95
2024-09-12 17:09:10,587 INFO    : => loading checkpoint './checkpoint/HYBRID\2model_best.tar'
2024-09-12 17:09:24,073 INFO    : 
+------------+--------+--------+--------+--------+---------+
| Snapshot:2 |  MRR   | Hits@1 | Hits@3 | Hits@5 | Hits@10 |
+------------+--------+--------+--------+--------+---------+
|     0      | 0.2532 | 0.152  | 0.3054 | 0.3657 |  0.4362 |
|     1      | 0.2631 | 0.1667 | 0.3002 | 0.3674 |  0.4544 |
|     2      | 0.1886 | 0.1151 | 0.2123 | 0.2611 |  0.329  |
+------------+--------+--------+--------+--------+---------+
2024-09-12 17:09:55,944 INFO    : Snapshot:3	0	3	Epoch:0	Loss:24.671	MRR:15.27	Hits@10:28.45	Best:15.27
2024-09-12 17:10:13,527 INFO    : Snapshot:3	0	3	Epoch:1	Loss:18.739	MRR:15.97	Hits@10:29.72	Best:15.97
2024-09-12 17:10:30,782 INFO    : Snapshot:3	0	3	Epoch:2	Loss:18.067	MRR:16.2	Hits@10:30.28	Best:16.2
2024-09-12 17:10:48,259 INFO    : Snapshot:3	0	3	Epoch:3	Loss:17.726	MRR:16.56	Hits@10:30.68	Best:16.56
2024-09-12 17:11:06,013 INFO    : Snapshot:3	0	3	Epoch:4	Loss:17.474	MRR:16.7	Hits@10:31.03	Best:16.7
2024-09-12 17:11:23,392 INFO    : Snapshot:3	0	3	Epoch:5	Loss:17.324	MRR:16.86	Hits@10:31.09	Best:16.86
2024-09-12 17:11:40,600 INFO    : Snapshot:3	0	3	Epoch:6	Loss:17.192	MRR:16.9	Hits@10:31.08	Best:16.9
2024-09-12 17:11:58,308 INFO    : Snapshot:3	0	3	Epoch:7	Loss:17.085	MRR:17.04	Hits@10:31.3	Best:17.04
2024-09-12 17:12:16,020 INFO    : Snapshot:3	0	3	Epoch:8	Loss:16.997	MRR:17.14	Hits@10:31.43	Best:17.14
2024-09-12 17:12:33,809 INFO    : Snapshot:3	0	3	Epoch:9	Loss:16.93	MRR:17.18	Hits@10:31.68	Best:17.18
2024-09-12 17:12:51,458 INFO    : Snapshot:3	0	3	Epoch:10	Loss:16.871	MRR:17.25	Hits@10:31.5	Best:17.25
2024-09-12 17:13:09,023 INFO    : Snapshot:3	1	3	Epoch:11	Loss:16.799	MRR:17.08	Hits@10:31.62	Best:17.25
2024-09-12 17:13:26,644 INFO    : Snapshot:3	0	3	Epoch:12	Loss:16.825	MRR:17.32	Hits@10:31.66	Best:17.32
2024-09-12 17:13:44,521 INFO    : Snapshot:3	0	3	Epoch:13	Loss:16.754	MRR:17.5	Hits@10:31.75	Best:17.5
2024-09-12 17:14:01,975 INFO    : Snapshot:3	1	3	Epoch:14	Loss:16.752	MRR:17.17	Hits@10:31.74	Best:17.5
2024-09-12 17:14:19,501 INFO    : Snapshot:3	2	3	Epoch:15	Loss:16.685	MRR:17.41	Hits@10:31.74	Best:17.5
2024-09-12 17:14:36,729 INFO    : Early Stopping! Snapshot:3 Epoch: 16 Best Results: 17.5
2024-09-12 17:14:36,832 INFO    : => loading checkpoint './checkpoint/HYBRID\3model_best.tar'
2024-09-12 17:15:00,569 INFO    : 
+------------+--------+--------+--------+--------+---------+
| Snapshot:3 |  MRR   | Hits@1 | Hits@3 | Hits@5 | Hits@10 |
+------------+--------+--------+--------+--------+---------+
|     0      | 0.2532 | 0.152  | 0.3054 | 0.3657 |  0.4362 |
|     1      | 0.2631 | 0.1667 | 0.3002 | 0.3674 |  0.4544 |
|     2      | 0.1886 | 0.1151 | 0.2123 | 0.2611 |  0.329  |
|     3      | 0.1749 | 0.098  | 0.2066 | 0.2568 |  0.3196 |
+------------+--------+--------+--------+--------+---------+
2024-09-12 17:15:14,580 INFO    : Snapshot:4	0	3	Epoch:0	Loss:13.598	MRR:13.37	Hits@10:23.25	Best:13.37
2024-09-12 17:15:21,397 INFO    : Snapshot:4	0	3	Epoch:1	Loss:11.72	MRR:14.12	Hits@10:24.09	Best:14.12
2024-09-12 17:15:28,251 INFO    : Snapshot:4	1	3	Epoch:2	Loss:11.535	MRR:14.07	Hits@10:23.93	Best:14.12
2024-09-12 17:15:35,087 INFO    : Snapshot:4	2	3	Epoch:3	Loss:11.468	MRR:14.07	Hits@10:23.95	Best:14.12
2024-09-12 17:15:41,758 INFO    : Early Stopping! Snapshot:4 Epoch: 4 Best Results: 14.12
2024-09-12 17:15:41,849 INFO    : => loading checkpoint './checkpoint/HYBRID\4model_best.tar'
2024-09-12 17:16:11,082 INFO    : 
+------------+--------+--------+--------+--------+---------+
| Snapshot:4 |  MRR   | Hits@1 | Hits@3 | Hits@5 | Hits@10 |
+------------+--------+--------+--------+--------+---------+
|     0      | 0.2532 | 0.152  | 0.3054 | 0.3657 |  0.4362 |
|     1      | 0.2631 | 0.1667 | 0.3002 | 0.3674 |  0.4544 |
|     2      | 0.1886 | 0.1151 | 0.2123 | 0.2611 |  0.329  |
|     3      | 0.1749 | 0.098  | 0.2066 | 0.2568 |  0.3196 |
|     4      | 0.1401 | 0.0885 | 0.154  | 0.1894 |  0.2371 |
+------------+--------+--------+--------+--------+---------+
2024-09-12 17:16:11,083 INFO    : Final Result:
[+------------+--------+--------+--------+--------+---------+
| Snapshot:0 |  MRR   | Hits@1 | Hits@3 | Hits@5 | Hits@10 |
+------------+--------+--------+--------+--------+---------+
|     0      | 0.2532 | 0.152  | 0.3054 | 0.3657 |  0.4362 |
+------------+--------+--------+--------+--------+---------+, +------------+--------+--------+--------+--------+---------+
| Snapshot:1 |  MRR   | Hits@1 | Hits@3 | Hits@5 | Hits@10 |
+------------+--------+--------+--------+--------+---------+
|     0      | 0.2532 | 0.152  | 0.3054 | 0.3657 |  0.4362 |
|     1      | 0.2631 | 0.1667 | 0.3002 | 0.3674 |  0.4544 |
+------------+--------+--------+--------+--------+---------+, +------------+--------+--------+--------+--------+---------+
| Snapshot:2 |  MRR   | Hits@1 | Hits@3 | Hits@5 | Hits@10 |
+------------+--------+--------+--------+--------+---------+
|     0      | 0.2532 | 0.152  | 0.3054 | 0.3657 |  0.4362 |
|     1      | 0.2631 | 0.1667 | 0.3002 | 0.3674 |  0.4544 |
|     2      | 0.1886 | 0.1151 | 0.2123 | 0.2611 |  0.329  |
+------------+--------+--------+--------+--------+---------+, +------------+--------+--------+--------+--------+---------+
| Snapshot:3 |  MRR   | Hits@1 | Hits@3 | Hits@5 | Hits@10 |
+------------+--------+--------+--------+--------+---------+
|     0      | 0.2532 | 0.152  | 0.3054 | 0.3657 |  0.4362 |
|     1      | 0.2631 | 0.1667 | 0.3002 | 0.3674 |  0.4544 |
|     2      | 0.1886 | 0.1151 | 0.2123 | 0.2611 |  0.329  |
|     3      | 0.1749 | 0.098  | 0.2066 | 0.2568 |  0.3196 |
+------------+--------+--------+--------+--------+---------+, +------------+--------+--------+--------+--------+---------+
| Snapshot:4 |  MRR   | Hits@1 | Hits@3 | Hits@5 | Hits@10 |
+------------+--------+--------+--------+--------+---------+
|     0      | 0.2532 | 0.152  | 0.3054 | 0.3657 |  0.4362 |
|     1      | 0.2631 | 0.1667 | 0.3002 | 0.3674 |  0.4544 |
|     2      | 0.1886 | 0.1151 | 0.2123 | 0.2611 |  0.329  |
|     3      | 0.1749 | 0.098  | 0.2066 | 0.2568 |  0.3196 |
|     4      | 0.1401 | 0.0885 | 0.154  | 0.1894 |  0.2371 |
+------------+--------+--------+--------+--------+---------+]
2024-09-12 17:16:11,084 INFO    : Report Result:
+----------+--------------------+-----------+--------------+--------------+---------------+
| Snapshot |        Time        | Whole_MRR | Whole_Hits@1 | Whole_Hits@3 | Whole_Hits@10 |
+----------+--------------------+-----------+--------------+--------------+---------------+
|    0     | 67.65556001663208  |   0.253   |    0.152     |    0.305     |     0.436     |
|    1     | 44.088003635406494 |   0.256   |    0.156     |    0.304     |     0.441     |
|    2     | 302.5706253051758  |    0.22   |    0.134     |    0.256     |     0.382     |
|    3     | 301.7131941318512  |   0.203   |     0.12     |    0.237     |     0.358     |
|    4     | 36.27915549278259  |   0.195   |    0.116     |    0.226     |     0.342     |
+----------+--------------------+-----------+--------------+--------------+---------------+
2024-09-12 17:16:11,084 INFO    : Sum_Training_Time:752.3065385818481
2024-09-12 17:16:11,084 INFO    : Every_Training_Time:[67.65556001663208, 44.088003635406494, 302.5706253051758, 301.7131941318512, 36.27915549278259]
2024-09-12 17:16:11,084 INFO    : Forward transfer: 0.0348 Backward transfer: 0.0
