2024-09-27 13:23:25,935 INFO    : Namespace(batch_size='512', data_path='./data/ENTITY/', dataset='ENTITY', debug=False, device=device(type='cuda', index=0), emb_dim=200, ent_r='200', epoch_num=200, explore=False, gpu='0', l2=0.0, learning_rate='2e-1', log_path='./logs/ENTITY 200 5 2e-1 512/ENTITY 20240927132317', logger=<RootLogger root (INFO)>, margin=8.0, model_name='LoraKGE_Layers', multi_layers_path='train_sorted_by_edges_betweenness.txt', neg_ratio=10, note='', num_ent_layers='5', num_layer=1, num_rel_layers='1', patience=3, predict_result='True', r=100, r_fixed=True, random_seed=3407, record=False, rel_r='20', save_path='./checkpoint/ENTITY', skip_previous='False', snapshot_num=5, train_new=True, using_multi_layers=False, using_various_ranks='True', using_various_ranks_reverse=False, valid_metrics='mrr')
2024-09-27 13:23:31,960 INFO    : Snapshot:0	0	3	Epoch:0	Loss:63.157	MRR:16.75	Hits@10:37.87	Best:16.75
2024-09-27 13:23:35,284 INFO    : Snapshot:0	0	3	Epoch:1	Loss:27.064	MRR:28.9	Hits@10:51.15	Best:28.9
2024-09-27 13:23:38,612 INFO    : Snapshot:0	0	3	Epoch:2	Loss:9.94	MRR:31.52	Hits@10:53.97	Best:31.52
2024-09-27 13:23:41,836 INFO    : Snapshot:0	0	3	Epoch:3	Loss:4.787	MRR:32.06	Hits@10:54.19	Best:32.06
2024-09-27 13:23:45,135 INFO    : Snapshot:0	1	3	Epoch:4	Loss:3.116	MRR:31.99	Hits@10:53.91	Best:32.06
2024-09-27 13:23:48,579 INFO    : Snapshot:0	2	3	Epoch:5	Loss:2.326	MRR:31.58	Hits@10:53.8	Best:32.06
2024-09-27 13:23:52,004 INFO    : Early Stopping! Snapshot:0 Epoch: 6 Best Results: 32.06
2024-09-27 13:23:52,106 INFO    : => loading checkpoint './checkpoint/ENTITY\0model_best.tar'
2024-09-27 13:23:55,817 INFO    : 
+------------+--------+--------+--------+--------+---------+
| Snapshot:0 |  MRR   | Hits@1 | Hits@3 | Hits@5 | Hits@10 |
+------------+--------+--------+--------+--------+---------+
|     0      | 0.3228 | 0.2068 | 0.373  | 0.4444 |  0.5437 |
+------------+--------+--------+--------+--------+---------+
2024-09-27 13:24:14,743 INFO    : Snapshot:1	0	3	Epoch:0	Loss:22.26	MRR:17.1	Hits@10:30.34	Best:17.1
2024-09-27 13:24:22,471 INFO    : Snapshot:1	0	3	Epoch:1	Loss:10.027	MRR:17.89	Hits@10:32.03	Best:17.89
2024-09-27 13:24:30,108 INFO    : Snapshot:1	0	3	Epoch:2	Loss:8.603	MRR:18.74	Hits@10:33.27	Best:18.74
2024-09-27 13:24:37,631 INFO    : Snapshot:1	0	3	Epoch:3	Loss:7.862	MRR:19.59	Hits@10:34.93	Best:19.59
2024-09-27 13:24:44,999 INFO    : Snapshot:1	0	3	Epoch:4	Loss:7.221	MRR:19.69	Hits@10:35.06	Best:19.69
2024-09-27 13:24:52,387 INFO    : Snapshot:1	1	3	Epoch:5	Loss:7.205	MRR:19.67	Hits@10:35.36	Best:19.69
2024-09-27 13:24:59,961 INFO    : Snapshot:1	0	3	Epoch:6	Loss:7.023	MRR:20.31	Hits@10:35.9	Best:20.31
2024-09-27 13:25:07,631 INFO    : Snapshot:1	0	3	Epoch:7	Loss:6.28	MRR:20.42	Hits@10:36.39	Best:20.42
2024-09-27 13:25:15,116 INFO    : Snapshot:1	0	3	Epoch:8	Loss:6.306	MRR:20.68	Hits@10:36.87	Best:20.68
2024-09-27 13:25:22,588 INFO    : Snapshot:1	1	3	Epoch:9	Loss:6.045	MRR:20.66	Hits@10:37.11	Best:20.68
2024-09-27 13:25:30,020 INFO    : Snapshot:1	0	3	Epoch:10	Loss:6.125	MRR:21.06	Hits@10:36.89	Best:21.06
2024-09-27 13:25:37,768 INFO    : Snapshot:1	0	3	Epoch:11	Loss:5.752	MRR:21.28	Hits@10:37.71	Best:21.28
2024-09-27 13:25:45,435 INFO    : Snapshot:1	0	3	Epoch:12	Loss:5.49	MRR:21.32	Hits@10:37.94	Best:21.32
2024-09-27 13:25:53,131 INFO    : Snapshot:1	0	3	Epoch:13	Loss:5.603	MRR:21.34	Hits@10:37.79	Best:21.34
2024-09-27 13:26:00,665 INFO    : Snapshot:1	1	3	Epoch:14	Loss:5.28	MRR:21.27	Hits@10:38.01	Best:21.34
2024-09-27 13:26:08,196 INFO    : Snapshot:1	0	3	Epoch:15	Loss:5.146	MRR:21.82	Hits@10:38.79	Best:21.82
2024-09-27 13:26:15,635 INFO    : Snapshot:1	1	3	Epoch:16	Loss:5.099	MRR:21.75	Hits@10:38.6	Best:21.82
2024-09-27 13:26:23,039 INFO    : Snapshot:1	2	3	Epoch:17	Loss:5.037	MRR:21.78	Hits@10:38.87	Best:21.82
2024-09-27 13:26:30,534 INFO    : Early Stopping! Snapshot:1 Epoch: 18 Best Results: 21.82
2024-09-27 13:26:30,635 INFO    : => loading checkpoint './checkpoint/ENTITY\1model_best.tar'
2024-09-27 13:26:41,967 INFO    : 
+------------+--------+--------+--------+--------+---------+
| Snapshot:1 |  MRR   | Hits@1 | Hits@3 | Hits@5 | Hits@10 |
+------------+--------+--------+--------+--------+---------+
|     0      | 0.3228 | 0.2068 | 0.373  | 0.4444 |  0.5437 |
|     1      | 0.2177 | 0.1316 | 0.2416 | 0.3002 |  0.3841 |
+------------+--------+--------+--------+--------+---------+
2024-09-27 13:27:01,434 INFO    : Snapshot:2	0	3	Epoch:0	Loss:21.215	MRR:15.07	Hits@10:26.89	Best:15.07
2024-09-27 13:27:10,006 INFO    : Snapshot:2	0	3	Epoch:1	Loss:9.502	MRR:16.72	Hits@10:29.68	Best:16.72
2024-09-27 13:27:18,429 INFO    : Snapshot:2	0	3	Epoch:2	Loss:8.155	MRR:17.44	Hits@10:31.16	Best:17.44
2024-09-27 13:27:27,081 INFO    : Snapshot:2	0	3	Epoch:3	Loss:7.456	MRR:17.95	Hits@10:31.75	Best:17.95
2024-09-27 13:27:35,795 INFO    : Snapshot:2	0	3	Epoch:4	Loss:6.98	MRR:18.21	Hits@10:32.33	Best:18.21
2024-09-27 13:27:44,472 INFO    : Snapshot:2	0	3	Epoch:5	Loss:6.674	MRR:18.4	Hits@10:32.71	Best:18.4
2024-09-27 13:27:53,105 INFO    : Snapshot:2	1	3	Epoch:6	Loss:6.404	MRR:18.33	Hits@10:32.96	Best:18.4
2024-09-27 13:28:01,828 INFO    : Snapshot:2	0	3	Epoch:7	Loss:6.171	MRR:18.78	Hits@10:33.08	Best:18.78
2024-09-27 13:28:10,360 INFO    : Snapshot:2	0	3	Epoch:8	Loss:5.99	MRR:18.97	Hits@10:33.35	Best:18.97
2024-09-27 13:28:18,872 INFO    : Snapshot:2	1	3	Epoch:9	Loss:5.919	MRR:18.83	Hits@10:33.58	Best:18.97
2024-09-27 13:28:27,370 INFO    : Snapshot:2	0	3	Epoch:10	Loss:5.809	MRR:19.12	Hits@10:33.88	Best:19.12
2024-09-27 13:28:36,142 INFO    : Snapshot:2	1	3	Epoch:11	Loss:5.696	MRR:19.07	Hits@10:34.2	Best:19.12
2024-09-27 13:28:44,783 INFO    : Snapshot:2	0	3	Epoch:12	Loss:5.54	MRR:19.33	Hits@10:34.24	Best:19.33
2024-09-27 13:28:53,391 INFO    : Snapshot:2	1	3	Epoch:13	Loss:5.534	MRR:19.24	Hits@10:34.2	Best:19.33
2024-09-27 13:29:02,063 INFO    : Snapshot:2	2	3	Epoch:14	Loss:5.502	MRR:19.32	Hits@10:33.97	Best:19.33
2024-09-27 13:29:10,658 INFO    : Early Stopping! Snapshot:2 Epoch: 15 Best Results: 19.33
2024-09-27 13:29:10,752 INFO    : => loading checkpoint './checkpoint/ENTITY\2model_best.tar'
2024-09-27 13:29:29,770 INFO    : 
+------------+--------+--------+--------+--------+---------+
| Snapshot:2 |  MRR   | Hits@1 | Hits@3 | Hits@5 | Hits@10 |
+------------+--------+--------+--------+--------+---------+
|     0      | 0.3228 | 0.2068 | 0.373  | 0.4444 |  0.5437 |
|     1      | 0.2177 | 0.1316 | 0.2416 | 0.3002 |  0.3841 |
|     2      | 0.1914 | 0.1141 | 0.2099 | 0.2617 |  0.3435 |
+------------+--------+--------+--------+--------+---------+
2024-09-27 13:29:50,921 INFO    : Snapshot:3	0	3	Epoch:0	Loss:18.869	MRR:14.49	Hits@10:25.2	Best:14.49
2024-09-27 13:30:00,942 INFO    : Snapshot:3	0	3	Epoch:1	Loss:8.02	MRR:16.11	Hits@10:28.49	Best:16.11
2024-09-27 13:30:10,700 INFO    : Snapshot:3	0	3	Epoch:2	Loss:6.908	MRR:16.64	Hits@10:29.14	Best:16.64
2024-09-27 13:30:20,265 INFO    : Snapshot:3	0	3	Epoch:3	Loss:6.281	MRR:17.25	Hits@10:30.66	Best:17.25
2024-09-27 13:30:29,815 INFO    : Snapshot:3	0	3	Epoch:4	Loss:5.888	MRR:17.34	Hits@10:30.85	Best:17.34
2024-09-27 13:30:39,275 INFO    : Snapshot:3	0	3	Epoch:5	Loss:5.643	MRR:17.37	Hits@10:30.82	Best:17.37
2024-09-27 13:30:48,789 INFO    : Snapshot:3	0	3	Epoch:6	Loss:5.392	MRR:17.54	Hits@10:31.16	Best:17.54
2024-09-27 13:30:58,305 INFO    : Snapshot:3	0	3	Epoch:7	Loss:5.265	MRR:17.56	Hits@10:31.4	Best:17.56
2024-09-27 13:31:07,851 INFO    : Snapshot:3	0	3	Epoch:8	Loss:5.114	MRR:17.79	Hits@10:31.62	Best:17.79
2024-09-27 13:31:17,446 INFO    : Snapshot:3	0	3	Epoch:9	Loss:4.98	MRR:17.94	Hits@10:31.86	Best:17.94
2024-09-27 13:31:27,083 INFO    : Snapshot:3	0	3	Epoch:10	Loss:4.892	MRR:17.99	Hits@10:31.74	Best:17.99
2024-09-27 13:31:37,002 INFO    : Snapshot:3	0	3	Epoch:11	Loss:4.861	MRR:18.09	Hits@10:32.2	Best:18.09
2024-09-27 13:31:46,941 INFO    : Snapshot:3	0	3	Epoch:12	Loss:4.766	MRR:18.11	Hits@10:31.98	Best:18.11
2024-09-27 13:31:56,952 INFO    : Snapshot:3	0	3	Epoch:13	Loss:4.732	MRR:18.13	Hits@10:32.13	Best:18.13
2024-09-27 13:32:06,379 INFO    : Snapshot:3	0	3	Epoch:14	Loss:4.708	MRR:18.21	Hits@10:32.36	Best:18.21
2024-09-27 13:32:16,072 INFO    : Snapshot:3	0	3	Epoch:15	Loss:4.596	MRR:18.25	Hits@10:32.53	Best:18.25
2024-09-27 13:32:25,855 INFO    : Snapshot:3	1	3	Epoch:16	Loss:4.556	MRR:18.16	Hits@10:32.3	Best:18.25
2024-09-27 13:32:35,653 INFO    : Snapshot:3	2	3	Epoch:17	Loss:4.488	MRR:18.13	Hits@10:32.48	Best:18.25
2024-09-27 13:32:45,372 INFO    : Snapshot:3	0	3	Epoch:18	Loss:4.466	MRR:18.38	Hits@10:32.47	Best:18.38
2024-09-27 13:32:55,023 INFO    : Snapshot:3	0	3	Epoch:19	Loss:4.441	MRR:18.54	Hits@10:32.55	Best:18.54
2024-09-27 13:33:04,761 INFO    : Snapshot:3	1	3	Epoch:20	Loss:4.356	MRR:18.21	Hits@10:32.52	Best:18.54
2024-09-27 13:33:14,796 INFO    : Snapshot:3	2	3	Epoch:21	Loss:4.343	MRR:18.32	Hits@10:32.5	Best:18.54
2024-09-27 13:33:24,408 INFO    : Early Stopping! Snapshot:3 Epoch: 22 Best Results: 18.54
2024-09-27 13:33:24,502 INFO    : => loading checkpoint './checkpoint/ENTITY\3model_best.tar'
2024-09-27 13:33:54,580 INFO    : 
+------------+--------+--------+--------+--------+---------+
| Snapshot:3 |  MRR   | Hits@1 | Hits@3 | Hits@5 | Hits@10 |
+------------+--------+--------+--------+--------+---------+
|     0      | 0.3228 | 0.2068 | 0.373  | 0.4444 |  0.5437 |
|     1      | 0.2177 | 0.1316 | 0.2416 | 0.3002 |  0.3841 |
|     2      | 0.1914 | 0.1141 | 0.2099 | 0.2617 |  0.3435 |
|     3      | 0.1858 | 0.1124 | 0.2051 | 0.2528 |  0.3276 |
+------------+--------+--------+--------+--------+---------+
2024-09-27 13:34:12,258 INFO    : Snapshot:4	0	3	Epoch:0	Loss:12.945	MRR:17.97	Hits@10:30.59	Best:17.97
2024-09-27 13:34:19,936 INFO    : Snapshot:4	0	3	Epoch:1	Loss:4.16	MRR:19.95	Hits@10:34.53	Best:19.95
2024-09-27 13:34:27,689 INFO    : Snapshot:4	0	3	Epoch:2	Loss:3.368	MRR:20.76	Hits@10:36.13	Best:20.76
2024-09-27 13:34:35,324 INFO    : Snapshot:4	0	3	Epoch:3	Loss:3.006	MRR:21.31	Hits@10:37.01	Best:21.31
2024-09-27 13:34:43,062 INFO    : Snapshot:4	1	3	Epoch:4	Loss:2.791	MRR:21.28	Hits@10:37.35	Best:21.31
2024-09-27 13:34:50,878 INFO    : Snapshot:4	0	3	Epoch:5	Loss:2.686	MRR:21.52	Hits@10:37.84	Best:21.52
2024-09-27 13:34:58,741 INFO    : Snapshot:4	0	3	Epoch:6	Loss:2.529	MRR:22.11	Hits@10:38.36	Best:22.11
2024-09-27 13:35:06,471 INFO    : Snapshot:4	1	3	Epoch:7	Loss:2.415	MRR:22.06	Hits@10:38.54	Best:22.11
2024-09-27 13:35:14,270 INFO    : Snapshot:4	2	3	Epoch:8	Loss:2.335	MRR:22.02	Hits@10:38.55	Best:22.11
2024-09-27 13:35:22,082 INFO    : Early Stopping! Snapshot:4 Epoch: 9 Best Results: 22.11
2024-09-27 13:35:22,201 INFO    : => loading checkpoint './checkpoint/ENTITY\4model_best.tar'
2024-09-27 13:35:58,506 INFO    : 
+------------+--------+--------+--------+--------+---------+
| Snapshot:4 |  MRR   | Hits@1 | Hits@3 | Hits@5 | Hits@10 |
+------------+--------+--------+--------+--------+---------+
|     0      | 0.3228 | 0.2068 | 0.373  | 0.4444 |  0.5437 |
|     1      | 0.2177 | 0.1316 | 0.2416 | 0.3002 |  0.3841 |
|     2      | 0.1914 | 0.1141 | 0.2099 | 0.2617 |  0.3435 |
|     3      | 0.1858 | 0.1124 | 0.2051 | 0.2528 |  0.3276 |
|     4      | 0.2211 | 0.135  | 0.2514 | 0.3074 |  0.386  |
+------------+--------+--------+--------+--------+---------+
2024-09-27 13:35:58,507 INFO    : Final Result:
[+------------+--------+--------+--------+--------+---------+
| Snapshot:0 |  MRR   | Hits@1 | Hits@3 | Hits@5 | Hits@10 |
+------------+--------+--------+--------+--------+---------+
|     0      | 0.3228 | 0.2068 | 0.373  | 0.4444 |  0.5437 |
+------------+--------+--------+--------+--------+---------+, +------------+--------+--------+--------+--------+---------+
| Snapshot:1 |  MRR   | Hits@1 | Hits@3 | Hits@5 | Hits@10 |
+------------+--------+--------+--------+--------+---------+
|     0      | 0.3228 | 0.2068 | 0.373  | 0.4444 |  0.5437 |
|     1      | 0.2177 | 0.1316 | 0.2416 | 0.3002 |  0.3841 |
+------------+--------+--------+--------+--------+---------+, +------------+--------+--------+--------+--------+---------+
| Snapshot:2 |  MRR   | Hits@1 | Hits@3 | Hits@5 | Hits@10 |
+------------+--------+--------+--------+--------+---------+
|     0      | 0.3228 | 0.2068 | 0.373  | 0.4444 |  0.5437 |
|     1      | 0.2177 | 0.1316 | 0.2416 | 0.3002 |  0.3841 |
|     2      | 0.1914 | 0.1141 | 0.2099 | 0.2617 |  0.3435 |
+------------+--------+--------+--------+--------+---------+, +------------+--------+--------+--------+--------+---------+
| Snapshot:3 |  MRR   | Hits@1 | Hits@3 | Hits@5 | Hits@10 |
+------------+--------+--------+--------+--------+---------+
|     0      | 0.3228 | 0.2068 | 0.373  | 0.4444 |  0.5437 |
|     1      | 0.2177 | 0.1316 | 0.2416 | 0.3002 |  0.3841 |
|     2      | 0.1914 | 0.1141 | 0.2099 | 0.2617 |  0.3435 |
|     3      | 0.1858 | 0.1124 | 0.2051 | 0.2528 |  0.3276 |
+------------+--------+--------+--------+--------+---------+, +------------+--------+--------+--------+--------+---------+
| Snapshot:4 |  MRR   | Hits@1 | Hits@3 | Hits@5 | Hits@10 |
+------------+--------+--------+--------+--------+---------+
|     0      | 0.3228 | 0.2068 | 0.373  | 0.4444 |  0.5437 |
|     1      | 0.2177 | 0.1316 | 0.2416 | 0.3002 |  0.3841 |
|     2      | 0.1914 | 0.1141 | 0.2099 | 0.2617 |  0.3435 |
|     3      | 0.1858 | 0.1124 | 0.2051 | 0.2528 |  0.3276 |
|     4      | 0.2211 | 0.135  | 0.2514 | 0.3074 |  0.386  |
+------------+--------+--------+--------+--------+---------+]
2024-09-27 13:35:58,508 INFO    : Report Result:
+----------+--------------------+-----------+--------------+--------------+---------------+
| Snapshot |        Time        | Whole_MRR | Whole_Hits@1 | Whole_Hits@3 | Whole_Hits@10 |
+----------+--------------------+-----------+--------------+--------------+---------------+
|    0     | 26.069313526153564 |   0.323   |    0.207     |    0.373     |     0.544     |
|    1     | 146.59747171401978 |   0.259   |    0.161     |    0.293     |     0.447     |
|    2     | 140.86339712142944 |   0.233   |    0.143     |    0.261     |     0.407     |
|    3     | 226.0134572982788  |    0.22   |    0.135     |    0.246     |     0.386     |
|    4     | 80.28801655769348  |    0.22   |    0.135     |    0.247     |     0.386     |
+----------+--------------------+-----------+--------------+--------------+---------------+
2024-09-27 13:35:58,508 INFO    : Sum_Training_Time:619.8316562175751
2024-09-27 13:35:58,508 INFO    : Every_Training_Time:[26.069313526153564, 146.59747171401978, 140.86339712142944, 226.0134572982788, 80.28801655769348]
2024-09-27 13:35:58,508 INFO    : Forward transfer: 0.0397 Backward transfer: 0.0
