2024-09-13 16:46:13,311 INFO    : Namespace(batch_size=1024, data_path='./data/HYBRID/', dataset='HYBRID', debug=False, device=device(type='cuda', index=0), emb_dim=200, ent_r='150', epoch_num=200, explore=False, gpu='0', l2=0.0, learning_rate='2e-1', log_path='./logs/20240913164605/HYBRID', logger=<RootLogger root (INFO)>, margin=8.0, model_name='LoraKGE_Layers', multi_layers_path='train_sorted_by_edges_betweenness.txt', neg_ratio=10, note='', num_ent_layers='5', num_layer=1, num_rel_layers='1', patience=3, predict_result=False, r=100, r_fixed=True, random_seed=3407, record=False, rel_r='20', save_path='./checkpoint/HYBRID', skip_previous='False', snapshot_num=5, train_new=True, using_multi_layers=False, using_various_ranks='True', using_various_ranks_reverse=False, valid_metrics='mrr')
2024-09-13 16:46:20,678 INFO    : Snapshot:0	0	3	Epoch:0	Loss:40.122	MRR:10.89	Hits@10:23.07	Best:10.89
2024-09-13 16:46:26,228 INFO    : Snapshot:0	0	3	Epoch:1	Loss:24.705	MRR:18.64	Hits@10:35.08	Best:18.64
2024-09-13 16:46:31,415 INFO    : Snapshot:0	0	3	Epoch:2	Loss:13.886	MRR:23.07	Hits@10:40.85	Best:23.07
2024-09-13 16:46:36,709 INFO    : Snapshot:0	0	3	Epoch:3	Loss:7.848	MRR:24.72	Hits@10:43.29	Best:24.72
2024-09-13 16:46:42,164 INFO    : Snapshot:0	0	3	Epoch:4	Loss:4.798	MRR:25.24	Hits@10:44.21	Best:25.24
2024-09-13 16:46:47,897 INFO    : Snapshot:0	0	3	Epoch:5	Loss:3.208	MRR:25.29	Hits@10:44.55	Best:25.29
2024-09-13 16:46:53,402 INFO    : Snapshot:0	1	3	Epoch:6	Loss:2.348	MRR:25.25	Hits@10:44.77	Best:25.29
2024-09-13 16:46:58,908 INFO    : Snapshot:0	2	3	Epoch:7	Loss:1.818	MRR:25.18	Hits@10:44.98	Best:25.29
2024-09-13 16:47:04,381 INFO    : Early Stopping! Snapshot:0 Epoch: 8 Best Results: 25.29
2024-09-13 16:47:04,473 INFO    : => loading checkpoint './checkpoint/HYBRID\0model_best.tar'
2024-09-13 16:47:07,818 INFO    : 
+------------+--------+--------+--------+--------+---------+
| Snapshot:0 |  MRR   | Hits@1 | Hits@3 | Hits@5 | Hits@10 |
+------------+--------+--------+--------+--------+---------+
|     0      | 0.2534 | 0.1535 | 0.3057 | 0.3658 |  0.4359 |
+------------+--------+--------+--------+--------+---------+
2024-09-13 16:47:14,036 INFO    : Snapshot:1	0	3	Epoch:0	Loss:7.096	MRR:20.92	Hits@10:37.74	Best:20.92
2024-09-13 16:47:16,268 INFO    : Snapshot:1	0	3	Epoch:1	Loss:3.556	MRR:24.29	Hits@10:42.84	Best:24.29
2024-09-13 16:47:18,719 INFO    : Snapshot:1	0	3	Epoch:2	Loss:3.017	MRR:25.71	Hits@10:44.49	Best:25.71
2024-09-13 16:47:20,971 INFO    : Snapshot:1	0	3	Epoch:3	Loss:2.779	MRR:26.11	Hits@10:45.37	Best:26.11
2024-09-13 16:47:23,185 INFO    : Snapshot:1	0	3	Epoch:4	Loss:2.651	MRR:26.61	Hits@10:45.5	Best:26.61
2024-09-13 16:47:25,402 INFO    : Snapshot:1	1	3	Epoch:5	Loss:2.563	MRR:26.45	Hits@10:46.19	Best:26.61
2024-09-13 16:47:27,671 INFO    : Snapshot:1	0	3	Epoch:6	Loss:2.503	MRR:27.19	Hits@10:46.38	Best:27.19
2024-09-13 16:47:29,996 INFO    : Snapshot:1	1	3	Epoch:7	Loss:2.483	MRR:26.59	Hits@10:46.49	Best:27.19
2024-09-13 16:47:32,256 INFO    : Snapshot:1	2	3	Epoch:8	Loss:2.432	MRR:26.99	Hits@10:46.57	Best:27.19
2024-09-13 16:47:34,519 INFO    : Snapshot:1	0	3	Epoch:9	Loss:2.419	MRR:27.46	Hits@10:46.35	Best:27.46
2024-09-13 16:47:36,869 INFO    : Snapshot:1	1	3	Epoch:10	Loss:2.387	MRR:27.37	Hits@10:46.73	Best:27.46
2024-09-13 16:47:39,228 INFO    : Snapshot:1	0	3	Epoch:11	Loss:2.364	MRR:27.55	Hits@10:46.84	Best:27.55
2024-09-13 16:47:41,506 INFO    : Snapshot:1	1	3	Epoch:12	Loss:2.336	MRR:27.28	Hits@10:46.69	Best:27.55
2024-09-13 16:47:43,734 INFO    : Snapshot:1	2	3	Epoch:13	Loss:2.344	MRR:27.21	Hits@10:46.9	Best:27.55
2024-09-13 16:47:45,963 INFO    : Snapshot:1	0	3	Epoch:14	Loss:2.325	MRR:27.92	Hits@10:46.81	Best:27.92
2024-09-13 16:47:48,155 INFO    : Snapshot:1	1	3	Epoch:15	Loss:2.297	MRR:27.23	Hits@10:46.34	Best:27.92
2024-09-13 16:47:50,305 INFO    : Snapshot:1	2	3	Epoch:16	Loss:2.3	MRR:27.47	Hits@10:46.32	Best:27.92
2024-09-13 16:47:52,511 INFO    : Snapshot:1	0	3	Epoch:17	Loss:2.299	MRR:28.2	Hits@10:46.84	Best:28.2
2024-09-13 16:47:54,680 INFO    : Snapshot:1	1	3	Epoch:18	Loss:2.278	MRR:28.07	Hits@10:46.9	Best:28.2
2024-09-13 16:47:56,833 INFO    : Snapshot:1	2	3	Epoch:19	Loss:2.281	MRR:27.59	Hits@10:46.77	Best:28.2
2024-09-13 16:47:59,004 INFO    : Early Stopping! Snapshot:1 Epoch: 20 Best Results: 28.2
2024-09-13 16:47:59,095 INFO    : => loading checkpoint './checkpoint/HYBRID\1model_best.tar'
2024-09-13 16:48:04,054 INFO    : 
+------------+--------+--------+--------+--------+---------+
| Snapshot:1 |  MRR   | Hits@1 | Hits@3 | Hits@5 | Hits@10 |
+------------+--------+--------+--------+--------+---------+
|     0      | 0.2534 | 0.1535 | 0.3057 | 0.3658 |  0.4359 |
|     1      | 0.2741 | 0.1778 | 0.3156 | 0.3758 |  0.4575 |
+------------+--------+--------+--------+--------+---------+
2024-09-13 16:48:25,911 INFO    : Snapshot:2	0	3	Epoch:0	Loss:23.538	MRR:14.95	Hits@10:27.71	Best:14.95
2024-09-13 16:48:37,519 INFO    : Snapshot:2	0	3	Epoch:1	Loss:15.89	MRR:16.08	Hits@10:29.53	Best:16.08
2024-09-13 16:48:49,048 INFO    : Snapshot:2	0	3	Epoch:2	Loss:14.866	MRR:16.71	Hits@10:30.4	Best:16.71
2024-09-13 16:49:00,295 INFO    : Snapshot:2	0	3	Epoch:3	Loss:14.258	MRR:17.35	Hits@10:31.37	Best:17.35
2024-09-13 16:49:11,568 INFO    : Snapshot:2	0	3	Epoch:4	Loss:13.968	MRR:17.84	Hits@10:31.94	Best:17.84
2024-09-13 16:49:23,774 INFO    : Snapshot:2	0	3	Epoch:5	Loss:13.696	MRR:17.91	Hits@10:32.15	Best:17.91
2024-09-13 16:49:35,961 INFO    : Snapshot:2	1	3	Epoch:6	Loss:13.55	MRR:17.8	Hits@10:32.34	Best:17.91
2024-09-13 16:49:48,081 INFO    : Snapshot:2	0	3	Epoch:7	Loss:13.373	MRR:18.01	Hits@10:32.35	Best:18.01
2024-09-13 16:50:00,099 INFO    : Snapshot:2	0	3	Epoch:8	Loss:13.309	MRR:18.37	Hits@10:32.78	Best:18.37
2024-09-13 16:50:12,014 INFO    : Snapshot:2	0	3	Epoch:9	Loss:13.156	MRR:18.45	Hits@10:32.81	Best:18.45
2024-09-13 16:50:23,765 INFO    : Snapshot:2	0	3	Epoch:10	Loss:13.113	MRR:18.55	Hits@10:32.96	Best:18.55
2024-09-13 16:50:35,595 INFO    : Snapshot:2	1	3	Epoch:11	Loss:13.103	MRR:18.44	Hits@10:32.9	Best:18.55
2024-09-13 16:50:47,343 INFO    : Snapshot:2	0	3	Epoch:12	Loss:12.967	MRR:18.67	Hits@10:33.03	Best:18.67
2024-09-13 16:50:58,755 INFO    : Snapshot:2	1	3	Epoch:13	Loss:12.937	MRR:18.57	Hits@10:33.21	Best:18.67
2024-09-13 16:51:10,369 INFO    : Snapshot:2	2	3	Epoch:14	Loss:12.896	MRR:18.62	Hits@10:33.08	Best:18.67
2024-09-13 16:51:22,193 INFO    : Snapshot:2	0	3	Epoch:15	Loss:12.855	MRR:18.81	Hits@10:33.13	Best:18.81
2024-09-13 16:51:34,829 INFO    : Snapshot:2	1	3	Epoch:16	Loss:12.807	MRR:18.72	Hits@10:33.09	Best:18.81
2024-09-13 16:51:46,737 INFO    : Snapshot:2	2	3	Epoch:17	Loss:12.751	MRR:18.67	Hits@10:33.23	Best:18.81
2024-09-13 16:51:58,620 INFO    : Snapshot:2	0	3	Epoch:18	Loss:12.743	MRR:18.92	Hits@10:33.14	Best:18.92
2024-09-13 16:52:10,431 INFO    : Snapshot:2	1	3	Epoch:19	Loss:12.712	MRR:18.74	Hits@10:33.37	Best:18.92
2024-09-13 16:52:22,950 INFO    : Snapshot:2	2	3	Epoch:20	Loss:12.697	MRR:18.79	Hits@10:33.29	Best:18.92
2024-09-13 16:52:35,023 INFO    : Early Stopping! Snapshot:2 Epoch: 21 Best Results: 18.92
2024-09-13 16:52:35,131 INFO    : => loading checkpoint './checkpoint/HYBRID\2model_best.tar'
2024-09-13 16:52:47,845 INFO    : 
+------------+--------+--------+--------+--------+---------+
| Snapshot:2 |  MRR   | Hits@1 | Hits@3 | Hits@5 | Hits@10 |
+------------+--------+--------+--------+--------+---------+
|     0      | 0.2534 | 0.1535 | 0.3057 | 0.3658 |  0.4359 |
|     1      | 0.2741 | 0.1778 | 0.3156 | 0.3758 |  0.4575 |
|     2      | 0.1887 | 0.1154 | 0.2136 | 0.2631 |  0.3307 |
+------------+--------+--------+--------+--------+---------+
2024-09-13 16:53:16,520 INFO    : Snapshot:3	0	3	Epoch:0	Loss:26.867	MRR:15.32	Hits@10:28.41	Best:15.32
2024-09-13 16:53:31,277 INFO    : Snapshot:3	0	3	Epoch:1	Loss:20.267	MRR:15.89	Hits@10:29.41	Best:15.89
2024-09-13 16:53:46,871 INFO    : Snapshot:3	0	3	Epoch:2	Loss:19.576	MRR:16.23	Hits@10:30.54	Best:16.23
2024-09-13 16:54:02,230 INFO    : Snapshot:3	0	3	Epoch:3	Loss:19.253	MRR:16.61	Hits@10:30.83	Best:16.61
2024-09-13 16:54:18,041 INFO    : Snapshot:3	0	3	Epoch:4	Loss:19.033	MRR:16.83	Hits@10:31.14	Best:16.83
2024-09-13 16:54:33,685 INFO    : Snapshot:3	0	3	Epoch:5	Loss:18.823	MRR:17.07	Hits@10:31.43	Best:17.07
2024-09-13 16:54:49,181 INFO    : Snapshot:3	1	3	Epoch:6	Loss:18.686	MRR:16.97	Hits@10:31.58	Best:17.07
2024-09-13 16:55:04,416 INFO    : Snapshot:3	0	3	Epoch:7	Loss:18.606	MRR:17.2	Hits@10:31.64	Best:17.2
2024-09-13 16:55:19,835 INFO    : Snapshot:3	1	3	Epoch:8	Loss:18.506	MRR:17.15	Hits@10:31.75	Best:17.2
2024-09-13 16:55:35,481 INFO    : Snapshot:3	0	3	Epoch:9	Loss:18.538	MRR:17.26	Hits@10:31.89	Best:17.26
2024-09-13 16:55:51,370 INFO    : Snapshot:3	1	3	Epoch:10	Loss:18.388	MRR:17.23	Hits@10:31.77	Best:17.26
2024-09-13 16:56:07,147 INFO    : Snapshot:3	2	3	Epoch:11	Loss:18.331	MRR:17.08	Hits@10:31.81	Best:17.26
2024-09-13 16:56:23,147 INFO    : Snapshot:3	0	3	Epoch:12	Loss:18.318	MRR:17.34	Hits@10:31.91	Best:17.34
2024-09-13 16:56:38,748 INFO    : Snapshot:3	0	3	Epoch:13	Loss:18.261	MRR:17.43	Hits@10:32.05	Best:17.43
2024-09-13 16:56:54,440 INFO    : Snapshot:3	1	3	Epoch:14	Loss:18.219	MRR:17.33	Hits@10:31.82	Best:17.43
2024-09-13 16:57:10,012 INFO    : Snapshot:3	2	3	Epoch:15	Loss:18.19	MRR:17.38	Hits@10:31.93	Best:17.43
2024-09-13 16:57:25,717 INFO    : Early Stopping! Snapshot:3 Epoch: 16 Best Results: 17.43
2024-09-13 16:57:25,814 INFO    : => loading checkpoint './checkpoint/HYBRID\3model_best.tar'
2024-09-13 16:57:48,924 INFO    : 
+------------+--------+--------+--------+--------+---------+
| Snapshot:3 |  MRR   | Hits@1 | Hits@3 | Hits@5 | Hits@10 |
+------------+--------+--------+--------+--------+---------+
|     0      | 0.2534 | 0.1535 | 0.3057 | 0.3658 |  0.4359 |
|     1      | 0.2741 | 0.1778 | 0.3156 | 0.3758 |  0.4575 |
|     2      | 0.1887 | 0.1154 | 0.2136 | 0.2631 |  0.3307 |
|     3      | 0.1736 | 0.0949 | 0.2069 | 0.2575 |  0.3219 |
+------------+--------+--------+--------+--------+---------+
2024-09-13 16:58:02,071 INFO    : Snapshot:4	0	3	Epoch:0	Loss:14.128	MRR:13.25	Hits@10:23.07	Best:13.25
2024-09-13 16:58:08,201 INFO    : Snapshot:4	0	3	Epoch:1	Loss:12.182	MRR:13.93	Hits@10:23.91	Best:13.93
2024-09-13 16:58:14,302 INFO    : Snapshot:4	0	3	Epoch:2	Loss:12.023	MRR:13.97	Hits@10:23.86	Best:13.97
2024-09-13 16:58:20,809 INFO    : Snapshot:4	0	3	Epoch:3	Loss:12.007	MRR:14.05	Hits@10:23.92	Best:14.05
2024-09-13 16:58:26,989 INFO    : Snapshot:4	0	3	Epoch:4	Loss:11.976	MRR:14.11	Hits@10:24.09	Best:14.11
2024-09-13 16:58:33,279 INFO    : Snapshot:4	0	3	Epoch:5	Loss:11.889	MRR:14.12	Hits@10:24.15	Best:14.12
2024-09-13 16:58:39,484 INFO    : Snapshot:4	0	3	Epoch:6	Loss:11.886	MRR:14.28	Hits@10:24.26	Best:14.28
2024-09-13 16:58:45,651 INFO    : Snapshot:4	1	3	Epoch:7	Loss:11.871	MRR:14.18	Hits@10:24.31	Best:14.28
2024-09-13 16:58:51,855 INFO    : Snapshot:4	2	3	Epoch:8	Loss:11.865	MRR:14.27	Hits@10:24.23	Best:14.28
2024-09-13 16:58:57,937 INFO    : Early Stopping! Snapshot:4 Epoch: 9 Best Results: 14.28
2024-09-13 16:58:58,032 INFO    : => loading checkpoint './checkpoint/HYBRID\4model_best.tar'
2024-09-13 16:59:26,333 INFO    : 
+------------+--------+--------+--------+--------+---------+
| Snapshot:4 |  MRR   | Hits@1 | Hits@3 | Hits@5 | Hits@10 |
+------------+--------+--------+--------+--------+---------+
|     0      | 0.2534 | 0.1535 | 0.3057 | 0.3658 |  0.4359 |
|     1      | 0.2741 | 0.1778 | 0.3156 | 0.3758 |  0.4575 |
|     2      | 0.1887 | 0.1154 | 0.2136 | 0.2631 |  0.3307 |
|     3      | 0.1736 | 0.0949 | 0.2069 | 0.2575 |  0.3219 |
|     4      | 0.1404 | 0.0881 | 0.155  | 0.1911 |  0.2408 |
+------------+--------+--------+--------+--------+---------+
2024-09-13 16:59:26,335 INFO    : Final Result:
[+------------+--------+--------+--------+--------+---------+
| Snapshot:0 |  MRR   | Hits@1 | Hits@3 | Hits@5 | Hits@10 |
+------------+--------+--------+--------+--------+---------+
|     0      | 0.2534 | 0.1535 | 0.3057 | 0.3658 |  0.4359 |
+------------+--------+--------+--------+--------+---------+, +------------+--------+--------+--------+--------+---------+
| Snapshot:1 |  MRR   | Hits@1 | Hits@3 | Hits@5 | Hits@10 |
+------------+--------+--------+--------+--------+---------+
|     0      | 0.2534 | 0.1535 | 0.3057 | 0.3658 |  0.4359 |
|     1      | 0.2741 | 0.1778 | 0.3156 | 0.3758 |  0.4575 |
+------------+--------+--------+--------+--------+---------+, +------------+--------+--------+--------+--------+---------+
| Snapshot:2 |  MRR   | Hits@1 | Hits@3 | Hits@5 | Hits@10 |
+------------+--------+--------+--------+--------+---------+
|     0      | 0.2534 | 0.1535 | 0.3057 | 0.3658 |  0.4359 |
|     1      | 0.2741 | 0.1778 | 0.3156 | 0.3758 |  0.4575 |
|     2      | 0.1887 | 0.1154 | 0.2136 | 0.2631 |  0.3307 |
+------------+--------+--------+--------+--------+---------+, +------------+--------+--------+--------+--------+---------+
| Snapshot:3 |  MRR   | Hits@1 | Hits@3 | Hits@5 | Hits@10 |
+------------+--------+--------+--------+--------+---------+
|     0      | 0.2534 | 0.1535 | 0.3057 | 0.3658 |  0.4359 |
|     1      | 0.2741 | 0.1778 | 0.3156 | 0.3758 |  0.4575 |
|     2      | 0.1887 | 0.1154 | 0.2136 | 0.2631 |  0.3307 |
|     3      | 0.1736 | 0.0949 | 0.2069 | 0.2575 |  0.3219 |
+------------+--------+--------+--------+--------+---------+, +------------+--------+--------+--------+--------+---------+
| Snapshot:4 |  MRR   | Hits@1 | Hits@3 | Hits@5 | Hits@10 |
+------------+--------+--------+--------+--------+---------+
|     0      | 0.2534 | 0.1535 | 0.3057 | 0.3658 |  0.4359 |
|     1      | 0.2741 | 0.1778 | 0.3156 | 0.3758 |  0.4575 |
|     2      | 0.1887 | 0.1154 | 0.2136 | 0.2631 |  0.3307 |
|     3      | 0.1736 | 0.0949 | 0.2069 | 0.2575 |  0.3219 |
|     4      | 0.1404 | 0.0881 | 0.155  | 0.1911 |  0.2408 |
+------------+--------+--------+--------+--------+---------+]
2024-09-13 16:59:26,335 INFO    : Report Result:
+----------+--------------------+-----------+--------------+--------------+---------------+
| Snapshot |        Time        | Whole_MRR | Whole_Hits@1 | Whole_Hits@3 | Whole_Hits@10 |
+----------+--------------------+-----------+--------------+--------------+---------------+
|    0     | 51.06994390487671  |   0.253   |    0.153     |    0.306     |     0.436     |
|    1     | 49.14819097518921  |   0.259   |     0.16     |    0.308     |     0.442     |
|    2     | 263.75733709335327 |   0.222   |    0.136     |    0.258     |     0.383     |
|    3     | 267.51888847351074 |   0.203   |    0.121     |    0.239     |      0.36     |
|    4     | 64.38061261177063  |   0.195   |    0.116     |    0.228     |     0.344     |
+----------+--------------------+-----------+--------------+--------------+---------------+
2024-09-13 16:59:26,335 INFO    : Sum_Training_Time:695.8749730587006
2024-09-13 16:59:26,335 INFO    : Every_Training_Time:[51.06994390487671, 49.14819097518921, 263.75733709335327, 267.51888847351074, 64.38061261177063]
2024-09-13 16:59:26,336 INFO    : Forward transfer: 0.036125 Backward transfer: 0.0
