2024-10-04 17:15:39,150 INFO    : Namespace(batch_size='1024', data_path='./data/FB_CKGE/', dataset='FB_CKGE', debug=False, device=device(type='cuda', index=0), emb_dim=200, ent_r='20', epoch_num=200, explore=False, gpu='0', l2=0.0, learning_rate='1e-1', log_path='./logs/FB_CKGE 20 10 1e-1 1024/FB_CKGE 20241004171528', logger=<RootLogger root (INFO)>, margin=8.0, model_name='LoraKGE_Layers', multi_layers_path='train_sorted_by_edges_betweenness.txt', neg_ratio=10, note='', num_ent_layers='10', num_layer=1, num_rel_layers='1', patience=3, predict_result='True', r=100, r_fixed=True, random_seed=3407, record=False, rel_r='200', save_path='./checkpoint/FB_CKGE', skip_previous='False', snapshot_num=5, train_new=True, using_multi_layers=False, using_various_ranks='True', using_various_ranks_reverse=False, valid_metrics='mrr')
2024-10-04 17:15:58,830 INFO    : Snapshot:0	0	3	Epoch:0	Loss:91.268	MRR:22.64	Hits@10:42.62	Best:22.64
2024-10-04 17:16:15,238 INFO    : Snapshot:0	0	3	Epoch:1	Loss:17.198	MRR:24.74	Hits@10:45.16	Best:24.74
2024-10-04 17:16:31,551 INFO    : Snapshot:0	1	3	Epoch:2	Loss:7.016	MRR:23.93	Hits@10:44.13	Best:24.74
2024-10-04 17:16:48,552 INFO    : Snapshot:0	2	3	Epoch:3	Loss:4.7	MRR:23.72	Hits@10:43.5	Best:24.74
2024-10-04 17:17:06,332 INFO    : Early Stopping! Snapshot:0 Epoch: 4 Best Results: 24.74
2024-10-04 17:17:06,442 INFO    : => loading checkpoint './checkpoint/FB_CKGE\0model_best.tar'
2024-10-04 17:17:26,587 INFO    : 
+------------+-------+--------+--------+--------+---------+
| Snapshot:0 |  MRR  | Hits@1 | Hits@3 | Hits@5 | Hits@10 |
+------------+-------+--------+--------+--------+---------+
|     0      | 0.246 | 0.1419 | 0.2865 |  0.36  |  0.452  |
+------------+-------+--------+--------+--------+---------+
2024-10-04 17:17:38,112 INFO    : Snapshot:1	0	3	Epoch:0	Loss:11.001	MRR:9.73	Hits@10:17.21	Best:9.73
2024-10-04 17:17:42,004 INFO    : Snapshot:1	0	3	Epoch:1	Loss:3.74	MRR:10.94	Hits@10:20.2	Best:10.94
2024-10-04 17:17:45,903 INFO    : Snapshot:1	0	3	Epoch:2	Loss:2.761	MRR:11.83	Hits@10:22.0	Best:11.83
2024-10-04 17:17:50,689 INFO    : Snapshot:1	0	3	Epoch:3	Loss:2.34	MRR:12.33	Hits@10:22.83	Best:12.33
2024-10-04 17:17:54,514 INFO    : Snapshot:1	0	3	Epoch:4	Loss:2.135	MRR:12.62	Hits@10:23.71	Best:12.62
2024-10-04 17:17:58,275 INFO    : Snapshot:1	0	3	Epoch:5	Loss:1.936	MRR:13.02	Hits@10:24.72	Best:13.02
2024-10-04 17:18:02,044 INFO    : Snapshot:1	0	3	Epoch:6	Loss:1.838	MRR:13.13	Hits@10:25.02	Best:13.13
2024-10-04 17:18:05,704 INFO    : Snapshot:1	0	3	Epoch:7	Loss:1.757	MRR:13.47	Hits@10:24.98	Best:13.47
2024-10-04 17:18:09,558 INFO    : Snapshot:1	0	3	Epoch:8	Loss:1.716	MRR:13.51	Hits@10:25.2	Best:13.51
2024-10-04 17:18:13,356 INFO    : Snapshot:1	0	3	Epoch:9	Loss:1.633	MRR:13.56	Hits@10:25.52	Best:13.56
2024-10-04 17:18:17,175 INFO    : Snapshot:1	0	3	Epoch:10	Loss:1.62	MRR:13.7	Hits@10:25.4	Best:13.7
2024-10-04 17:18:21,164 INFO    : Snapshot:1	0	3	Epoch:11	Loss:1.582	MRR:13.72	Hits@10:25.42	Best:13.72
2024-10-04 17:18:25,150 INFO    : Snapshot:1	0	3	Epoch:12	Loss:1.56	MRR:13.75	Hits@10:25.71	Best:13.75
2024-10-04 17:18:28,841 INFO    : Snapshot:1	1	3	Epoch:13	Loss:1.524	MRR:13.7	Hits@10:25.64	Best:13.75
2024-10-04 17:18:32,505 INFO    : Snapshot:1	2	3	Epoch:14	Loss:1.502	MRR:13.74	Hits@10:25.71	Best:13.75
2024-10-04 17:18:36,128 INFO    : Snapshot:1	0	3	Epoch:15	Loss:1.496	MRR:13.8	Hits@10:25.66	Best:13.8
2024-10-04 17:18:39,724 INFO    : Snapshot:1	1	3	Epoch:16	Loss:1.468	MRR:13.77	Hits@10:25.89	Best:13.8
2024-10-04 17:18:43,375 INFO    : Snapshot:1	2	3	Epoch:17	Loss:1.459	MRR:13.67	Hits@10:25.7	Best:13.8
2024-10-04 17:18:46,976 INFO    : Snapshot:1	0	3	Epoch:18	Loss:1.432	MRR:13.85	Hits@10:26.08	Best:13.85
2024-10-04 17:18:50,687 INFO    : Snapshot:1	1	3	Epoch:19	Loss:1.41	MRR:13.75	Hits@10:26.02	Best:13.85
2024-10-04 17:18:54,395 INFO    : Snapshot:1	0	3	Epoch:20	Loss:1.409	MRR:13.91	Hits@10:25.94	Best:13.91
2024-10-04 17:18:58,056 INFO    : Snapshot:1	0	3	Epoch:21	Loss:1.404	MRR:14.07	Hits@10:25.94	Best:14.07
2024-10-04 17:19:01,968 INFO    : Snapshot:1	1	3	Epoch:22	Loss:1.396	MRR:13.79	Hits@10:25.83	Best:14.07
2024-10-04 17:19:05,778 INFO    : Snapshot:1	2	3	Epoch:23	Loss:1.377	MRR:13.95	Hits@10:26.02	Best:14.07
2024-10-04 17:19:09,677 INFO    : Early Stopping! Snapshot:1 Epoch: 24 Best Results: 14.07
2024-10-04 17:19:09,788 INFO    : => loading checkpoint './checkpoint/FB_CKGE\1model_best.tar'
2024-10-04 17:19:35,303 INFO    : 
+------------+--------+--------+--------+--------+---------+
| Snapshot:1 |  MRR   | Hits@1 | Hits@3 | Hits@5 | Hits@10 |
+------------+--------+--------+--------+--------+---------+
|     0      | 0.246  | 0.1419 | 0.2865 |  0.36  |  0.452  |
|     1      | 0.1451 | 0.0842 | 0.1526 | 0.1953 |  0.2638 |
+------------+--------+--------+--------+--------+---------+
2024-10-04 17:19:47,438 INFO    : Snapshot:2	0	3	Epoch:0	Loss:7.613	MRR:14.59	Hits@10:25.89	Best:14.59
2024-10-04 17:19:52,179 INFO    : Snapshot:2	0	3	Epoch:1	Loss:3.623	MRR:14.87	Hits@10:26.15	Best:14.87
2024-10-04 17:19:56,454 INFO    : Snapshot:2	0	3	Epoch:2	Loss:3.083	MRR:14.97	Hits@10:26.48	Best:14.97
2024-10-04 17:20:00,536 INFO    : Snapshot:2	0	3	Epoch:3	Loss:2.821	MRR:15.07	Hits@10:26.49	Best:15.07
2024-10-04 17:20:04,621 INFO    : Snapshot:2	0	3	Epoch:4	Loss:2.706	MRR:15.14	Hits@10:26.71	Best:15.14
2024-10-04 17:20:09,159 INFO    : Snapshot:2	0	3	Epoch:5	Loss:2.613	MRR:15.16	Hits@10:26.84	Best:15.16
2024-10-04 17:20:13,447 INFO    : Snapshot:2	0	3	Epoch:6	Loss:2.535	MRR:15.21	Hits@10:26.88	Best:15.21
2024-10-04 17:20:17,768 INFO    : Snapshot:2	1	3	Epoch:7	Loss:2.494	MRR:15.19	Hits@10:26.83	Best:15.21
2024-10-04 17:20:22,153 INFO    : Snapshot:2	0	3	Epoch:8	Loss:2.44	MRR:15.23	Hits@10:26.95	Best:15.23
2024-10-04 17:20:26,621 INFO    : Snapshot:2	1	3	Epoch:9	Loss:2.408	MRR:15.18	Hits@10:26.86	Best:15.23
2024-10-04 17:20:30,995 INFO    : Snapshot:2	0	3	Epoch:10	Loss:2.39	MRR:15.25	Hits@10:26.98	Best:15.25
2024-10-04 17:20:35,444 INFO    : Snapshot:2	0	3	Epoch:11	Loss:2.339	MRR:15.32	Hits@10:26.88	Best:15.32
2024-10-04 17:20:39,720 INFO    : Snapshot:2	1	3	Epoch:12	Loss:2.335	MRR:15.22	Hits@10:26.99	Best:15.32
2024-10-04 17:20:43,887 INFO    : Snapshot:2	2	3	Epoch:13	Loss:2.317	MRR:15.18	Hits@10:26.91	Best:15.32
2024-10-04 17:20:48,149 INFO    : Early Stopping! Snapshot:2 Epoch: 14 Best Results: 15.32
2024-10-04 17:20:48,280 INFO    : => loading checkpoint './checkpoint/FB_CKGE\2model_best.tar'
2024-10-04 17:21:16,598 INFO    : 
+------------+--------+--------+--------+--------+---------+
| Snapshot:2 |  MRR   | Hits@1 | Hits@3 | Hits@5 | Hits@10 |
+------------+--------+--------+--------+--------+---------+
|     0      | 0.246  | 0.1419 | 0.2865 |  0.36  |  0.452  |
|     1      | 0.1451 | 0.0842 | 0.1526 | 0.1953 |  0.2638 |
|     2      | 0.1519 | 0.0928 | 0.1633 | 0.2029 |  0.2683 |
+------------+--------+--------+--------+--------+---------+
2024-10-04 17:21:28,776 INFO    : Snapshot:3	0	3	Epoch:0	Loss:5.334	MRR:15.99	Hits@10:27.24	Best:15.99
2024-10-04 17:21:33,259 INFO    : Snapshot:3	0	3	Epoch:1	Loss:3.454	MRR:16.07	Hits@10:27.41	Best:16.07
2024-10-04 17:21:37,729 INFO    : Snapshot:3	1	3	Epoch:2	Loss:3.202	MRR:16.06	Hits@10:27.52	Best:16.07
2024-10-04 17:21:42,370 INFO    : Snapshot:3	0	3	Epoch:3	Loss:3.078	MRR:16.1	Hits@10:27.6	Best:16.1
2024-10-04 17:21:47,148 INFO    : Snapshot:3	1	3	Epoch:4	Loss:3.015	MRR:16.09	Hits@10:27.59	Best:16.1
2024-10-04 17:21:51,889 INFO    : Snapshot:3	0	3	Epoch:5	Loss:2.94	MRR:16.13	Hits@10:27.67	Best:16.13
2024-10-04 17:21:56,673 INFO    : Snapshot:3	1	3	Epoch:6	Loss:2.902	MRR:16.11	Hits@10:27.68	Best:16.13
2024-10-04 17:22:01,221 INFO    : Snapshot:3	0	3	Epoch:7	Loss:2.896	MRR:16.14	Hits@10:27.6	Best:16.14
2024-10-04 17:22:06,019 INFO    : Snapshot:3	1	3	Epoch:8	Loss:2.878	MRR:16.13	Hits@10:27.63	Best:16.14
2024-10-04 17:22:10,434 INFO    : Snapshot:3	0	3	Epoch:9	Loss:2.878	MRR:16.18	Hits@10:27.71	Best:16.18
2024-10-04 17:22:14,832 INFO    : Snapshot:3	1	3	Epoch:10	Loss:2.868	MRR:16.15	Hits@10:27.6	Best:16.18
2024-10-04 17:22:19,314 INFO    : Snapshot:3	2	3	Epoch:11	Loss:2.825	MRR:16.16	Hits@10:27.59	Best:16.18
2024-10-04 17:22:23,979 INFO    : Early Stopping! Snapshot:3 Epoch: 12 Best Results: 16.18
2024-10-04 17:22:24,094 INFO    : => loading checkpoint './checkpoint/FB_CKGE\3model_best.tar'
2024-10-04 17:22:58,741 INFO    : 
+------------+--------+--------+--------+--------+---------+
| Snapshot:3 |  MRR   | Hits@1 | Hits@3 | Hits@5 | Hits@10 |
+------------+--------+--------+--------+--------+---------+
|     0      | 0.246  | 0.1419 | 0.2865 |  0.36  |  0.452  |
|     1      | 0.1451 | 0.0842 | 0.1526 | 0.1953 |  0.2638 |
|     2      | 0.1519 | 0.0928 | 0.1633 | 0.2029 |  0.2683 |
|     3      |  0.16  | 0.1006 | 0.173  | 0.2113 |  0.2733 |
+------------+--------+--------+--------+--------+---------+
2024-10-04 17:23:11,739 INFO    : Snapshot:4	0	3	Epoch:0	Loss:4.008	MRR:17.12	Hits@10:28.25	Best:17.12
2024-10-04 17:23:16,738 INFO    : Snapshot:4	1	3	Epoch:1	Loss:3.426	MRR:17.11	Hits@10:28.25	Best:17.12
2024-10-04 17:23:21,734 INFO    : Snapshot:4	2	3	Epoch:2	Loss:3.297	MRR:17.11	Hits@10:28.23	Best:17.12
2024-10-04 17:23:26,792 INFO    : Snapshot:4	0	3	Epoch:3	Loss:3.236	MRR:17.13	Hits@10:28.27	Best:17.13
2024-10-04 17:23:31,923 INFO    : Snapshot:4	1	3	Epoch:4	Loss:3.224	MRR:17.13	Hits@10:28.28	Best:17.13
2024-10-04 17:23:36,904 INFO    : Snapshot:4	0	3	Epoch:5	Loss:3.208	MRR:17.14	Hits@10:28.28	Best:17.14
2024-10-04 17:23:41,624 INFO    : Snapshot:4	1	3	Epoch:6	Loss:3.192	MRR:17.14	Hits@10:28.32	Best:17.14
2024-10-04 17:23:46,515 INFO    : Snapshot:4	0	3	Epoch:7	Loss:3.185	MRR:17.17	Hits@10:28.3	Best:17.17
2024-10-04 17:23:51,305 INFO    : Snapshot:4	1	3	Epoch:8	Loss:3.178	MRR:17.14	Hits@10:28.31	Best:17.17
2024-10-04 17:23:56,105 INFO    : Snapshot:4	2	3	Epoch:9	Loss:3.177	MRR:17.17	Hits@10:28.29	Best:17.17
2024-10-04 17:24:00,796 INFO    : Early Stopping! Snapshot:4 Epoch: 10 Best Results: 17.17
2024-10-04 17:24:00,905 INFO    : => loading checkpoint './checkpoint/FB_CKGE\4model_best.tar'
2024-10-04 17:24:42,507 INFO    : 
+------------+--------+--------+--------+--------+---------+
| Snapshot:4 |  MRR   | Hits@1 | Hits@3 | Hits@5 | Hits@10 |
+------------+--------+--------+--------+--------+---------+
|     0      | 0.246  | 0.1419 | 0.2865 |  0.36  |  0.452  |
|     1      | 0.1451 | 0.0842 | 0.1526 | 0.1953 |  0.2638 |
|     2      | 0.1519 | 0.0928 | 0.1633 | 0.2029 |  0.2683 |
|     3      |  0.16  | 0.1006 | 0.173  | 0.2113 |  0.2733 |
|     4      | 0.203  | 0.1273 | 0.2309 | 0.2803 |  0.3466 |
+------------+--------+--------+--------+--------+---------+
2024-10-04 17:24:42,509 INFO    : Final Result:
[+------------+-------+--------+--------+--------+---------+
| Snapshot:0 |  MRR  | Hits@1 | Hits@3 | Hits@5 | Hits@10 |
+------------+-------+--------+--------+--------+---------+
|     0      | 0.246 | 0.1419 | 0.2865 |  0.36  |  0.452  |
+------------+-------+--------+--------+--------+---------+, +------------+--------+--------+--------+--------+---------+
| Snapshot:1 |  MRR   | Hits@1 | Hits@3 | Hits@5 | Hits@10 |
+------------+--------+--------+--------+--------+---------+
|     0      | 0.246  | 0.1419 | 0.2865 |  0.36  |  0.452  |
|     1      | 0.1451 | 0.0842 | 0.1526 | 0.1953 |  0.2638 |
+------------+--------+--------+--------+--------+---------+, +------------+--------+--------+--------+--------+---------+
| Snapshot:2 |  MRR   | Hits@1 | Hits@3 | Hits@5 | Hits@10 |
+------------+--------+--------+--------+--------+---------+
|     0      | 0.246  | 0.1419 | 0.2865 |  0.36  |  0.452  |
|     1      | 0.1451 | 0.0842 | 0.1526 | 0.1953 |  0.2638 |
|     2      | 0.1519 | 0.0928 | 0.1633 | 0.2029 |  0.2683 |
+------------+--------+--------+--------+--------+---------+, +------------+--------+--------+--------+--------+---------+
| Snapshot:3 |  MRR   | Hits@1 | Hits@3 | Hits@5 | Hits@10 |
+------------+--------+--------+--------+--------+---------+
|     0      | 0.246  | 0.1419 | 0.2865 |  0.36  |  0.452  |
|     1      | 0.1451 | 0.0842 | 0.1526 | 0.1953 |  0.2638 |
|     2      | 0.1519 | 0.0928 | 0.1633 | 0.2029 |  0.2683 |
|     3      |  0.16  | 0.1006 | 0.173  | 0.2113 |  0.2733 |
+------------+--------+--------+--------+--------+---------+, +------------+--------+--------+--------+--------+---------+
| Snapshot:4 |  MRR   | Hits@1 | Hits@3 | Hits@5 | Hits@10 |
+------------+--------+--------+--------+--------+---------+
|     0      | 0.246  | 0.1419 | 0.2865 |  0.36  |  0.452  |
|     1      | 0.1451 | 0.0842 | 0.1526 | 0.1953 |  0.2638 |
|     2      | 0.1519 | 0.0928 | 0.1633 | 0.2029 |  0.2683 |
|     3      |  0.16  | 0.1006 | 0.173  | 0.2113 |  0.2733 |
|     4      | 0.203  | 0.1273 | 0.2309 | 0.2803 |  0.3466 |
+------------+--------+--------+--------+--------+---------+]
2024-10-04 17:24:42,509 INFO    : Report Result:
+----------+-------------------+-----------+--------------+--------------+---------------+
| Snapshot |        Time       | Whole_MRR | Whole_Hits@1 | Whole_Hits@3 | Whole_Hits@10 |
+----------+-------------------+-----------+--------------+--------------+---------------+
|    0     | 87.18141508102417 |   0.246   |    0.142     |    0.286     |     0.452     |
|    1     | 97.82594037055969 |   0.232   |    0.134     |    0.267     |     0.425     |
|    2     | 67.93900442123413 |   0.222   |    0.129     |    0.254     |     0.406     |
|    3     | 62.70184087753296 |   0.215   |    0.125     |    0.245     |     0.391     |
|    4     |  56.8318088054657 |   0.214   |    0.126     |    0.244     |     0.386     |
+----------+-------------------+-----------+--------------+--------------+---------------+
2024-10-04 17:24:42,510 INFO    : Sum_Training_Time:372.48000955581665
2024-10-04 17:24:42,510 INFO    : Every_Training_Time:[87.18141508102417, 97.82594037055969, 67.93900442123413, 62.70184087753296, 56.8318088054657]
2024-10-04 17:24:42,510 INFO    : Forward transfer: 0.13367500000000002 Backward transfer: 0.0
