2024-12-10 17:44:17,478 INFO    : Namespace(batch_size=1024, data_path='./data/FB_CKGE/', dataset='FB_CKGE', debug=False, device=device(type='cuda', index=0), emb_dim=200, ent_r='200', epoch_num=200, explore=False, gpu='0', l2=0.0, learning_rate='1e-1', log_path='./logs/FB_CKGE 200 20 1e-1 1024/FB_CKGE 20241210174407', logger=<RootLogger root (INFO)>, margin=8.0, model_name='LoraKGE_Layers', multi_layers_path='train_sorted_by_edges_betweenness.txt', neg_ratio=10, note='', num_ent_layers='20', num_layer=1, num_rel_layers='1', patience=3, predict_result=False, r=100, r_fixed=True, random_seed=3407, record=False, rel_r='20', save_path='./checkpoint/FB_CKGE', skip_previous='False', snapshot_num=5, train_new=True, using_multi_layers=False, using_various_ranks='True', using_various_ranks_reverse=False, valid_metrics='mrr')
2024-12-10 17:44:38,569 INFO    : Snapshot:0	0	3	Epoch:0	Loss:91.268	MRR:22.64	Hits@10:42.62	Best:22.64
2024-12-10 17:44:55,353 INFO    : Snapshot:0	0	3	Epoch:1	Loss:17.198	MRR:24.74	Hits@10:45.16	Best:24.74
2024-12-10 17:45:11,838 INFO    : Snapshot:0	1	3	Epoch:2	Loss:7.016	MRR:23.93	Hits@10:44.13	Best:24.74
2024-12-10 17:45:28,725 INFO    : Snapshot:0	2	3	Epoch:3	Loss:4.7	MRR:23.72	Hits@10:43.5	Best:24.74
2024-12-10 17:45:46,485 INFO    : Early Stopping! Snapshot:0 Epoch: 4 Best Results: 24.74
2024-12-10 17:45:46,593 INFO    : => loading checkpoint './checkpoint/FB_CKGE\0model_best.tar'
2024-12-10 17:45:55,933 INFO    : 
+------------+-------+--------+--------+--------+---------+
| Snapshot:0 |  MRR  | Hits@1 | Hits@3 | Hits@5 | Hits@10 |
+------------+-------+--------+--------+--------+---------+
|     0      | 0.246 | 0.1419 | 0.2865 |  0.36  |  0.452  |
+------------+-------+--------+--------+--------+---------+
2024-12-10 17:46:07,059 INFO    : Snapshot:1	0	3	Epoch:0	Loss:10.231	MRR:11.04	Hits@10:20.53	Best:11.04
2024-12-10 17:46:11,691 INFO    : Snapshot:1	0	3	Epoch:1	Loss:2.889	MRR:13.04	Hits@10:24.59	Best:13.04
2024-12-10 17:46:16,410 INFO    : Snapshot:1	0	3	Epoch:2	Loss:1.979	MRR:14.16	Hits@10:26.49	Best:14.16
2024-12-10 17:46:21,258 INFO    : Snapshot:1	0	3	Epoch:3	Loss:1.617	MRR:14.41	Hits@10:27.46	Best:14.41
2024-12-10 17:46:26,192 INFO    : Snapshot:1	0	3	Epoch:4	Loss:1.404	MRR:14.98	Hits@10:27.97	Best:14.98
2024-12-10 17:46:30,716 INFO    : Snapshot:1	0	3	Epoch:5	Loss:1.234	MRR:15.33	Hits@10:28.5	Best:15.33
2024-12-10 17:46:35,205 INFO    : Snapshot:1	1	3	Epoch:6	Loss:1.131	MRR:15.33	Hits@10:28.77	Best:15.33
2024-12-10 17:46:39,695 INFO    : Snapshot:1	0	3	Epoch:7	Loss:1.046	MRR:15.64	Hits@10:29.2	Best:15.64
2024-12-10 17:46:44,284 INFO    : Snapshot:1	1	3	Epoch:8	Loss:1.009	MRR:15.58	Hits@10:29.38	Best:15.64
2024-12-10 17:46:48,842 INFO    : Snapshot:1	2	3	Epoch:9	Loss:0.928	MRR:15.64	Hits@10:29.3	Best:15.64
2024-12-10 17:46:53,557 INFO    : Snapshot:1	0	3	Epoch:10	Loss:0.908	MRR:15.9	Hits@10:29.76	Best:15.9
2024-12-10 17:46:58,046 INFO    : Snapshot:1	1	3	Epoch:11	Loss:0.864	MRR:15.79	Hits@10:29.63	Best:15.9
2024-12-10 17:47:02,564 INFO    : Snapshot:1	2	3	Epoch:12	Loss:0.841	MRR:15.86	Hits@10:29.86	Best:15.9
2024-12-10 17:47:07,188 INFO    : Snapshot:1	0	3	Epoch:13	Loss:0.806	MRR:15.96	Hits@10:30.29	Best:15.96
2024-12-10 17:47:11,958 INFO    : Snapshot:1	0	3	Epoch:14	Loss:0.793	MRR:15.98	Hits@10:30.15	Best:15.98
2024-12-10 17:47:16,683 INFO    : Snapshot:1	0	3	Epoch:15	Loss:0.769	MRR:16.03	Hits@10:30.33	Best:16.03
2024-12-10 17:47:21,311 INFO    : Snapshot:1	1	3	Epoch:16	Loss:0.744	MRR:15.93	Hits@10:30.13	Best:16.03
2024-12-10 17:47:25,888 INFO    : Snapshot:1	0	3	Epoch:17	Loss:0.729	MRR:16.07	Hits@10:30.14	Best:16.07
2024-12-10 17:47:30,845 INFO    : Snapshot:1	0	3	Epoch:18	Loss:0.707	MRR:16.25	Hits@10:30.78	Best:16.25
2024-12-10 17:47:36,143 INFO    : Snapshot:1	1	3	Epoch:19	Loss:0.687	MRR:16.07	Hits@10:30.67	Best:16.25
2024-12-10 17:47:41,310 INFO    : Snapshot:1	0	3	Epoch:20	Loss:0.673	MRR:16.35	Hits@10:30.43	Best:16.35
2024-12-10 17:47:46,392 INFO    : Snapshot:1	1	3	Epoch:21	Loss:0.675	MRR:16.31	Hits@10:30.64	Best:16.35
2024-12-10 17:47:51,632 INFO    : Snapshot:1	2	3	Epoch:22	Loss:0.674	MRR:16.31	Hits@10:30.83	Best:16.35
2024-12-10 17:47:56,523 INFO    : Snapshot:1	0	3	Epoch:23	Loss:0.654	MRR:16.44	Hits@10:31.2	Best:16.44
2024-12-10 17:48:01,066 INFO    : Snapshot:1	1	3	Epoch:24	Loss:0.625	MRR:16.1	Hits@10:30.98	Best:16.44
2024-12-10 17:48:05,088 INFO    : Snapshot:1	2	3	Epoch:25	Loss:0.634	MRR:16.2	Hits@10:30.72	Best:16.44
2024-12-10 17:48:09,219 INFO    : Early Stopping! Snapshot:1 Epoch: 26 Best Results: 16.44
2024-12-10 17:48:09,334 INFO    : => loading checkpoint './checkpoint/FB_CKGE\1model_best.tar'
2024-12-10 17:48:22,696 INFO    : 
+------------+--------+--------+--------+--------+---------+
| Snapshot:1 |  MRR   | Hits@1 | Hits@3 | Hits@5 | Hits@10 |
+------------+--------+--------+--------+--------+---------+
|     0      | 0.246  | 0.1419 | 0.2865 |  0.36  |  0.452  |
|     1      | 0.1726 | 0.1021 | 0.1868 | 0.2417 |  0.3153 |
+------------+--------+--------+--------+--------+---------+
2024-12-10 17:48:33,499 INFO    : Snapshot:2	0	3	Epoch:0	Loss:7.176	MRR:17.13	Hits@10:30.4	Best:17.13
2024-12-10 17:48:37,973 INFO    : Snapshot:2	0	3	Epoch:1	Loss:3.054	MRR:17.41	Hits@10:30.79	Best:17.41
2024-12-10 17:48:42,443 INFO    : Snapshot:2	0	3	Epoch:2	Loss:2.562	MRR:17.5	Hits@10:31.06	Best:17.5
2024-12-10 17:48:46,882 INFO    : Snapshot:2	0	3	Epoch:3	Loss:2.341	MRR:17.61	Hits@10:31.2	Best:17.61
2024-12-10 17:48:51,354 INFO    : Snapshot:2	0	3	Epoch:4	Loss:2.226	MRR:17.73	Hits@10:31.35	Best:17.73
2024-12-10 17:48:55,861 INFO    : Snapshot:2	1	3	Epoch:5	Loss:2.146	MRR:17.68	Hits@10:31.34	Best:17.73
2024-12-10 17:49:00,275 INFO    : Snapshot:2	2	3	Epoch:6	Loss:2.079	MRR:17.72	Hits@10:31.49	Best:17.73
2024-12-10 17:49:04,801 INFO    : Snapshot:2	0	3	Epoch:7	Loss:2.038	MRR:17.79	Hits@10:31.51	Best:17.79
2024-12-10 17:49:09,277 INFO    : Snapshot:2	0	3	Epoch:8	Loss:2.0	MRR:17.88	Hits@10:31.63	Best:17.88
2024-12-10 17:49:13,712 INFO    : Snapshot:2	1	3	Epoch:9	Loss:1.983	MRR:17.81	Hits@10:31.72	Best:17.88
2024-12-10 17:49:18,211 INFO    : Snapshot:2	2	3	Epoch:10	Loss:1.97	MRR:17.83	Hits@10:31.52	Best:17.88
2024-12-10 17:49:22,623 INFO    : Early Stopping! Snapshot:2 Epoch: 11 Best Results: 17.88
2024-12-10 17:49:22,744 INFO    : => loading checkpoint './checkpoint/FB_CKGE\2model_best.tar'
2024-12-10 17:49:38,072 INFO    : 
+------------+--------+--------+--------+--------+---------+
| Snapshot:2 |  MRR   | Hits@1 | Hits@3 | Hits@5 | Hits@10 |
+------------+--------+--------+--------+--------+---------+
|     0      | 0.246  | 0.1419 | 0.2865 |  0.36  |  0.452  |
|     1      | 0.1726 | 0.1021 | 0.1868 | 0.2417 |  0.3153 |
|     2      | 0.1769 | 0.1061 | 0.1967 | 0.247  |  0.3176 |
+------------+--------+--------+--------+--------+---------+
2024-12-10 17:49:49,116 INFO    : Snapshot:3	0	3	Epoch:0	Loss:5.052	MRR:18.34	Hits@10:32.07	Best:18.34
2024-12-10 17:49:54,022 INFO    : Snapshot:3	1	3	Epoch:1	Loss:3.184	MRR:18.32	Hits@10:32.13	Best:18.34
2024-12-10 17:49:58,667 INFO    : Snapshot:3	0	3	Epoch:2	Loss:2.922	MRR:18.43	Hits@10:32.34	Best:18.43
2024-12-10 17:50:03,370 INFO    : Snapshot:3	1	3	Epoch:3	Loss:2.827	MRR:18.42	Hits@10:32.38	Best:18.43
2024-12-10 17:50:08,164 INFO    : Snapshot:3	0	3	Epoch:4	Loss:2.788	MRR:18.44	Hits@10:32.3	Best:18.44
2024-12-10 17:50:12,989 INFO    : Snapshot:3	0	3	Epoch:5	Loss:2.761	MRR:18.47	Hits@10:32.39	Best:18.47
2024-12-10 17:50:17,705 INFO    : Snapshot:3	0	3	Epoch:6	Loss:2.727	MRR:18.51	Hits@10:32.47	Best:18.51
2024-12-10 17:50:22,366 INFO    : Snapshot:3	1	3	Epoch:7	Loss:2.709	MRR:18.47	Hits@10:32.38	Best:18.51
2024-12-10 17:50:27,070 INFO    : Snapshot:3	2	3	Epoch:8	Loss:2.683	MRR:18.45	Hits@10:32.39	Best:18.51
2024-12-10 17:50:31,825 INFO    : Early Stopping! Snapshot:3 Epoch: 9 Best Results: 18.51
2024-12-10 17:50:31,936 INFO    : => loading checkpoint './checkpoint/FB_CKGE\3model_best.tar'
2024-12-10 17:50:50,882 INFO    : 
+------------+--------+--------+--------+--------+---------+
| Snapshot:3 |  MRR   | Hits@1 | Hits@3 | Hits@5 | Hits@10 |
+------------+--------+--------+--------+--------+---------+
|     0      | 0.246  | 0.1419 | 0.2865 |  0.36  |  0.452  |
|     1      | 0.1726 | 0.1021 | 0.1868 | 0.2417 |  0.3153 |
|     2      | 0.1769 | 0.1061 | 0.1967 | 0.247  |  0.3176 |
|     3      | 0.1855 | 0.1137 | 0.2089 | 0.2589 |  0.323  |
+------------+--------+--------+--------+--------+---------+
2024-12-10 17:51:02,458 INFO    : Snapshot:4	0	3	Epoch:0	Loss:3.89	MRR:19.82	Hits@10:32.94	Best:19.82
2024-12-10 17:51:07,345 INFO    : Snapshot:4	1	3	Epoch:1	Loss:3.281	MRR:19.81	Hits@10:32.91	Best:19.82
2024-12-10 17:51:12,253 INFO    : Snapshot:4	0	3	Epoch:2	Loss:3.146	MRR:19.83	Hits@10:32.95	Best:19.83
2024-12-10 17:51:17,070 INFO    : Snapshot:4	0	3	Epoch:3	Loss:3.144	MRR:19.86	Hits@10:33.0	Best:19.86
2024-12-10 17:51:21,958 INFO    : Snapshot:4	1	3	Epoch:4	Loss:3.135	MRR:19.86	Hits@10:32.97	Best:19.86
2024-12-10 17:51:26,761 INFO    : Snapshot:4	2	3	Epoch:5	Loss:3.112	MRR:19.82	Hits@10:33.0	Best:19.86
2024-12-10 17:51:31,866 INFO    : Early Stopping! Snapshot:4 Epoch: 6 Best Results: 19.86
2024-12-10 17:51:31,973 INFO    : => loading checkpoint './checkpoint/FB_CKGE\4model_best.tar'
2024-12-10 17:51:55,349 INFO    : 
+------------+--------+--------+--------+--------+---------+
| Snapshot:4 |  MRR   | Hits@1 | Hits@3 | Hits@5 | Hits@10 |
+------------+--------+--------+--------+--------+---------+
|     0      | 0.246  | 0.1419 | 0.2865 |  0.36  |  0.452  |
|     1      | 0.1726 | 0.1021 | 0.1868 | 0.2417 |  0.3153 |
|     2      | 0.1769 | 0.1061 | 0.1967 | 0.247  |  0.3176 |
|     3      | 0.1855 | 0.1137 | 0.2089 | 0.2589 |  0.323  |
|     4      | 0.2146 | 0.1342 | 0.245  | 0.2985 |  0.3724 |
+------------+--------+--------+--------+--------+---------+
2024-12-10 17:51:55,351 INFO    : Final Result:
[+------------+-------+--------+--------+--------+---------+
| Snapshot:0 |  MRR  | Hits@1 | Hits@3 | Hits@5 | Hits@10 |
+------------+-------+--------+--------+--------+---------+
|     0      | 0.246 | 0.1419 | 0.2865 |  0.36  |  0.452  |
+------------+-------+--------+--------+--------+---------+, +------------+--------+--------+--------+--------+---------+
| Snapshot:1 |  MRR   | Hits@1 | Hits@3 | Hits@5 | Hits@10 |
+------------+--------+--------+--------+--------+---------+
|     0      | 0.246  | 0.1419 | 0.2865 |  0.36  |  0.452  |
|     1      | 0.1726 | 0.1021 | 0.1868 | 0.2417 |  0.3153 |
+------------+--------+--------+--------+--------+---------+, +------------+--------+--------+--------+--------+---------+
| Snapshot:2 |  MRR   | Hits@1 | Hits@3 | Hits@5 | Hits@10 |
+------------+--------+--------+--------+--------+---------+
|     0      | 0.246  | 0.1419 | 0.2865 |  0.36  |  0.452  |
|     1      | 0.1726 | 0.1021 | 0.1868 | 0.2417 |  0.3153 |
|     2      | 0.1769 | 0.1061 | 0.1967 | 0.247  |  0.3176 |
+------------+--------+--------+--------+--------+---------+, +------------+--------+--------+--------+--------+---------+
| Snapshot:3 |  MRR   | Hits@1 | Hits@3 | Hits@5 | Hits@10 |
+------------+--------+--------+--------+--------+---------+
|     0      | 0.246  | 0.1419 | 0.2865 |  0.36  |  0.452  |
|     1      | 0.1726 | 0.1021 | 0.1868 | 0.2417 |  0.3153 |
|     2      | 0.1769 | 0.1061 | 0.1967 | 0.247  |  0.3176 |
|     3      | 0.1855 | 0.1137 | 0.2089 | 0.2589 |  0.323  |
+------------+--------+--------+--------+--------+---------+, +------------+--------+--------+--------+--------+---------+
| Snapshot:4 |  MRR   | Hits@1 | Hits@3 | Hits@5 | Hits@10 |
+------------+--------+--------+--------+--------+---------+
|     0      | 0.246  | 0.1419 | 0.2865 |  0.36  |  0.452  |
|     1      | 0.1726 | 0.1021 | 0.1868 | 0.2417 |  0.3153 |
|     2      | 0.1769 | 0.1061 | 0.1967 | 0.247  |  0.3176 |
|     3      | 0.1855 | 0.1137 | 0.2089 | 0.2589 |  0.323  |
|     4      | 0.2146 | 0.1342 | 0.245  | 0.2985 |  0.3724 |
+------------+--------+--------+--------+--------+---------+]
2024-12-10 17:51:55,352 INFO    : Report Result:
+----------+--------------------+-----------+--------------+--------------+---------------+
| Snapshot |        Time        | Whole_MRR | Whole_Hits@1 | Whole_Hits@3 | Whole_Hits@10 |
+----------+--------------------+-----------+--------------+--------------+---------------+
|    0     |  89.0071771144867  |   0.246   |    0.142     |    0.286     |     0.452     |
|    1     | 129.9905343055725  |   0.236   |    0.136     |    0.272     |     0.432     |
|    2     | 56.824564695358276 |   0.228   |    0.132     |    0.263     |     0.418     |
|    3     | 50.506123065948486 |   0.223   |     0.13     |    0.257     |     0.408     |
|    4     | 37.372862815856934 |   0.223   |    0.131     |    0.256     |     0.404     |
+----------+--------------------+-----------+--------------+--------------+---------------+
2024-12-10 17:51:55,352 INFO    : Sum_Training_Time:363.7012619972229
2024-12-10 17:51:55,352 INFO    : Every_Training_Time:[89.0071771144867, 129.9905343055725, 56.824564695358276, 50.506123065948486, 37.372862815856934]
2024-12-10 17:51:55,352 INFO    : Forward transfer: 0.1477 Backward transfer: 0.0
