2025-01-02 15:20:16,781 INFO    : Namespace(batch_size=1024, data_path='./data/WN_CKGE/', dataset='WN_CKGE', debug=False, device=device(type='cuda', index=0), emb_dim=200, ent_r='200', epoch_num=200, explore=False, gpu='0', l2=0.0, learning_rate='2e-1', log_path='./logs/WN_CKGE 200 20 2e-1 1024/WN_CKGE 20250102152012', logger=<RootLogger root (INFO)>, margin=8.0, model_name='LoraKGE_Layers', multi_layers_path='train_sorted_by_edges_betweenness.txt', neg_ratio=10, note='', num_ent_layers='20', num_layer=1, num_rel_layers='20', patience='10', predict_result=False, r=100, r_fixed=True, random_seed=3407, record=False, rel_r='200', save_path='./checkpoint/WN_CKGE', skip_previous='False', snapshot_num=5, train_new=True, using_multi_layers=False, using_various_ranks='True', using_various_ranks_reverse=False, valid_metrics='mrr')
2025-01-02 15:20:28,743 INFO    : Snapshot:0	0	10	Epoch:0	Loss:43.873	MRR:0.82	Hits@10:1.92	Best:0.82
2025-01-02 15:20:39,648 INFO    : Snapshot:0	0	10	Epoch:1	Loss:28.425	MRR:2.42	Hits@10:6.33	Best:2.42
2025-01-02 15:20:50,404 INFO    : Snapshot:0	0	10	Epoch:2	Loss:16.858	MRR:9.07	Hits@10:21.52	Best:9.07
2025-01-02 15:21:01,194 INFO    : Snapshot:0	0	10	Epoch:3	Loss:10.631	MRR:12.21	Hits@10:27.73	Best:12.21
2025-01-02 15:21:12,108 INFO    : Snapshot:0	0	10	Epoch:4	Loss:7.432	MRR:13.39	Hits@10:29.97	Best:13.39
2025-01-02 15:21:22,976 INFO    : Snapshot:0	0	10	Epoch:5	Loss:5.584	MRR:14.12	Hits@10:31.38	Best:14.12
2025-01-02 15:21:33,825 INFO    : Snapshot:0	0	10	Epoch:6	Loss:4.378	MRR:14.57	Hits@10:32.16	Best:14.57
2025-01-02 15:21:44,756 INFO    : Snapshot:0	0	10	Epoch:7	Loss:3.481	MRR:14.86	Hits@10:32.57	Best:14.86
2025-01-02 15:21:55,669 INFO    : Snapshot:0	0	10	Epoch:8	Loss:2.775	MRR:15.13	Hits@10:33.16	Best:15.13
2025-01-02 15:22:06,601 INFO    : Snapshot:0	0	10	Epoch:9	Loss:2.249	MRR:15.4	Hits@10:33.64	Best:15.4
2025-01-02 15:22:17,404 INFO    : Snapshot:0	0	10	Epoch:10	Loss:1.809	MRR:15.58	Hits@10:34.25	Best:15.58
2025-01-02 15:22:28,240 INFO    : Snapshot:0	0	10	Epoch:11	Loss:1.471	MRR:15.79	Hits@10:34.65	Best:15.79
2025-01-02 15:22:38,998 INFO    : Snapshot:0	0	10	Epoch:12	Loss:1.231	MRR:15.98	Hits@10:35.04	Best:15.98
2025-01-02 15:22:49,992 INFO    : Snapshot:0	0	10	Epoch:13	Loss:1.003	MRR:16.17	Hits@10:35.6	Best:16.17
2025-01-02 15:23:00,933 INFO    : Snapshot:0	0	10	Epoch:14	Loss:0.852	MRR:16.37	Hits@10:36.0	Best:16.37
2025-01-02 15:23:12,610 INFO    : Snapshot:0	0	10	Epoch:15	Loss:0.715	MRR:16.55	Hits@10:36.19	Best:16.55
2025-01-02 15:23:24,744 INFO    : Snapshot:0	0	10	Epoch:16	Loss:0.595	MRR:16.81	Hits@10:36.74	Best:16.81
2025-01-02 15:23:36,471 INFO    : Snapshot:0	0	10	Epoch:17	Loss:0.499	MRR:16.83	Hits@10:36.97	Best:16.83
2025-01-02 15:23:48,907 INFO    : Snapshot:0	0	10	Epoch:18	Loss:0.408	MRR:16.93	Hits@10:37.23	Best:16.93
2025-01-02 15:24:01,198 INFO    : Snapshot:0	0	10	Epoch:19	Loss:0.343	MRR:17.0	Hits@10:37.68	Best:17.0
2025-01-02 15:24:12,609 INFO    : Snapshot:0	1	10	Epoch:20	Loss:0.284	MRR:16.95	Hits@10:37.81	Best:17.0
2025-01-02 15:24:24,440 INFO    : Snapshot:0	0	10	Epoch:21	Loss:0.252	MRR:17.02	Hits@10:37.85	Best:17.02
2025-01-02 15:24:36,110 INFO    : Snapshot:0	1	10	Epoch:22	Loss:0.228	MRR:17.0	Hits@10:38.01	Best:17.02
2025-01-02 15:24:47,833 INFO    : Snapshot:0	0	10	Epoch:23	Loss:0.193	MRR:17.06	Hits@10:38.26	Best:17.06
2025-01-02 15:24:59,510 INFO    : Snapshot:0	0	10	Epoch:24	Loss:0.178	MRR:17.12	Hits@10:38.45	Best:17.12
2025-01-02 15:25:11,445 INFO    : Snapshot:0	1	10	Epoch:25	Loss:0.16	MRR:17.08	Hits@10:38.38	Best:17.12
2025-01-02 15:25:22,899 INFO    : Snapshot:0	2	10	Epoch:26	Loss:0.149	MRR:17.09	Hits@10:38.57	Best:17.12
2025-01-02 15:25:34,412 INFO    : Snapshot:0	0	10	Epoch:27	Loss:0.136	MRR:17.13	Hits@10:38.9	Best:17.13
2025-01-02 15:25:46,071 INFO    : Snapshot:0	1	10	Epoch:28	Loss:0.137	MRR:17.13	Hits@10:39.09	Best:17.13
2025-01-02 15:25:57,650 INFO    : Snapshot:0	0	10	Epoch:29	Loss:0.13	MRR:17.16	Hits@10:39.22	Best:17.16
2025-01-02 15:26:09,540 INFO    : Snapshot:0	1	10	Epoch:30	Loss:0.12	MRR:17.16	Hits@10:39.24	Best:17.16
2025-01-02 15:26:21,370 INFO    : Snapshot:0	2	10	Epoch:31	Loss:0.118	MRR:17.16	Hits@10:39.45	Best:17.16
2025-01-02 15:26:33,040 INFO    : Snapshot:0	0	10	Epoch:32	Loss:0.112	MRR:17.2	Hits@10:39.4	Best:17.2
2025-01-02 15:26:45,103 INFO    : Snapshot:0	1	10	Epoch:33	Loss:0.113	MRR:17.15	Hits@10:39.7	Best:17.2
2025-01-02 15:26:57,000 INFO    : Snapshot:0	0	10	Epoch:34	Loss:0.111	MRR:17.23	Hits@10:39.72	Best:17.23
2025-01-02 15:27:09,377 INFO    : Snapshot:0	0	10	Epoch:35	Loss:0.105	MRR:17.26	Hits@10:39.75	Best:17.26
2025-01-02 15:27:21,205 INFO    : Snapshot:0	1	10	Epoch:36	Loss:0.108	MRR:17.23	Hits@10:39.89	Best:17.26
2025-01-02 15:27:33,099 INFO    : Snapshot:0	2	10	Epoch:37	Loss:0.101	MRR:17.23	Hits@10:39.83	Best:17.26
2025-01-02 15:27:45,200 INFO    : Snapshot:0	0	10	Epoch:38	Loss:0.104	MRR:17.29	Hits@10:40.03	Best:17.29
2025-01-02 15:27:56,828 INFO    : Snapshot:0	1	10	Epoch:39	Loss:0.101	MRR:17.23	Hits@10:40.13	Best:17.29
2025-01-02 15:28:08,570 INFO    : Snapshot:0	0	10	Epoch:40	Loss:0.099	MRR:17.36	Hits@10:40.34	Best:17.36
2025-01-02 15:28:20,339 INFO    : Snapshot:0	1	10	Epoch:41	Loss:0.098	MRR:17.3	Hits@10:40.15	Best:17.36
2025-01-02 15:28:32,722 INFO    : Snapshot:0	2	10	Epoch:42	Loss:0.097	MRR:17.26	Hits@10:40.34	Best:17.36
2025-01-02 15:28:44,243 INFO    : Snapshot:0	3	10	Epoch:43	Loss:0.096	MRR:17.27	Hits@10:40.5	Best:17.36
2025-01-02 15:28:55,720 INFO    : Snapshot:0	4	10	Epoch:44	Loss:0.096	MRR:17.29	Hits@10:40.36	Best:17.36
2025-01-02 15:29:07,224 INFO    : Snapshot:0	5	10	Epoch:45	Loss:0.089	MRR:17.27	Hits@10:40.43	Best:17.36
2025-01-02 15:29:18,785 INFO    : Snapshot:0	6	10	Epoch:46	Loss:0.093	MRR:17.31	Hits@10:40.56	Best:17.36
2025-01-02 15:29:30,253 INFO    : Snapshot:0	7	10	Epoch:47	Loss:0.094	MRR:17.27	Hits@10:40.5	Best:17.36
2025-01-02 15:29:41,727 INFO    : Snapshot:0	8	10	Epoch:48	Loss:0.096	MRR:17.29	Hits@10:40.66	Best:17.36
2025-01-02 15:29:53,361 INFO    : Snapshot:0	9	10	Epoch:49	Loss:0.095	MRR:17.28	Hits@10:40.62	Best:17.36
2025-01-02 15:30:04,888 INFO    : Early Stopping! Snapshot:0 Epoch: 50 Best Results: 17.36
2025-01-02 15:30:04,925 INFO    : => loading checkpoint './checkpoint/WN_CKGE\0model_best.tar'
2025-01-02 15:30:13,631 INFO    : 
+------------+--------+--------+--------+--------+---------+
| Snapshot:0 |  MRR   | Hits@1 | Hits@3 | Hits@5 | Hits@10 |
+------------+--------+--------+--------+--------+---------+
|     0      | 0.1751 | 0.0109 | 0.3144 | 0.3552 |  0.4036 |
+------------+--------+--------+--------+--------+---------+
2025-01-02 15:30:31,211 INFO    : Snapshot:1	0	10	Epoch:0	Loss:6.274	MRR:7.13	Hits@10:19.19	Best:7.13
2025-01-02 15:30:39,524 INFO    : Snapshot:1	0	10	Epoch:1	Loss:2.49	MRR:11.16	Hits@10:29.3	Best:11.16
2025-01-02 15:30:47,916 INFO    : Snapshot:1	0	10	Epoch:2	Loss:1.011	MRR:12.75	Hits@10:31.21	Best:12.75
2025-01-02 15:30:56,220 INFO    : Snapshot:1	0	10	Epoch:3	Loss:0.574	MRR:13.49	Hits@10:32.5	Best:13.49
2025-01-02 15:31:04,522 INFO    : Snapshot:1	0	10	Epoch:4	Loss:0.394	MRR:13.83	Hits@10:32.88	Best:13.83
2025-01-02 15:31:13,018 INFO    : Snapshot:1	0	10	Epoch:5	Loss:0.311	MRR:13.89	Hits@10:33.25	Best:13.89
2025-01-02 15:31:21,503 INFO    : Snapshot:1	0	10	Epoch:6	Loss:0.272	MRR:13.95	Hits@10:33.44	Best:13.95
2025-01-02 15:31:29,830 INFO    : Snapshot:1	0	10	Epoch:7	Loss:0.244	MRR:14.07	Hits@10:33.39	Best:14.07
2025-01-02 15:31:38,154 INFO    : Snapshot:1	0	10	Epoch:8	Loss:0.232	MRR:14.09	Hits@10:33.66	Best:14.09
2025-01-02 15:31:46,447 INFO    : Snapshot:1	0	10	Epoch:9	Loss:0.218	MRR:14.2	Hits@10:33.71	Best:14.2
2025-01-02 15:31:54,752 INFO    : Snapshot:1	1	10	Epoch:10	Loss:0.207	MRR:14.17	Hits@10:33.9	Best:14.2
2025-01-02 15:32:03,112 INFO    : Snapshot:1	0	10	Epoch:11	Loss:0.205	MRR:14.32	Hits@10:33.47	Best:14.32
2025-01-02 15:32:11,370 INFO    : Snapshot:1	1	10	Epoch:12	Loss:0.197	MRR:14.2	Hits@10:33.98	Best:14.32
2025-01-02 15:32:19,668 INFO    : Snapshot:1	2	10	Epoch:13	Loss:0.191	MRR:14.09	Hits@10:33.87	Best:14.32
2025-01-02 15:32:28,047 INFO    : Snapshot:1	3	10	Epoch:14	Loss:0.188	MRR:14.23	Hits@10:33.84	Best:14.32
2025-01-02 15:32:36,482 INFO    : Snapshot:1	4	10	Epoch:15	Loss:0.182	MRR:14.15	Hits@10:33.71	Best:14.32
2025-01-02 15:32:44,937 INFO    : Snapshot:1	5	10	Epoch:16	Loss:0.185	MRR:14.28	Hits@10:33.74	Best:14.32
2025-01-02 15:32:54,346 INFO    : Snapshot:1	6	10	Epoch:17	Loss:0.184	MRR:14.29	Hits@10:33.76	Best:14.32
2025-01-02 15:33:03,063 INFO    : Snapshot:1	7	10	Epoch:18	Loss:0.179	MRR:14.25	Hits@10:33.41	Best:14.32
2025-01-02 15:33:11,956 INFO    : Snapshot:1	8	10	Epoch:19	Loss:0.178	MRR:14.26	Hits@10:33.63	Best:14.32
2025-01-02 15:33:20,450 INFO    : Snapshot:1	0	10	Epoch:20	Loss:0.17	MRR:14.39	Hits@10:33.63	Best:14.39
2025-01-02 15:33:28,496 INFO    : Snapshot:1	1	10	Epoch:21	Loss:0.169	MRR:14.39	Hits@10:33.76	Best:14.39
2025-01-02 15:33:36,879 INFO    : Snapshot:1	0	10	Epoch:22	Loss:0.166	MRR:14.46	Hits@10:33.76	Best:14.46
2025-01-02 15:33:44,950 INFO    : Snapshot:1	0	10	Epoch:23	Loss:0.167	MRR:14.54	Hits@10:34.14	Best:14.54
2025-01-02 15:33:54,601 INFO    : Snapshot:1	1	10	Epoch:24	Loss:0.167	MRR:14.54	Hits@10:34.17	Best:14.54
2025-01-02 15:34:03,426 INFO    : Snapshot:1	2	10	Epoch:25	Loss:0.163	MRR:14.49	Hits@10:33.98	Best:14.54
2025-01-02 15:34:11,607 INFO    : Snapshot:1	3	10	Epoch:26	Loss:0.162	MRR:14.41	Hits@10:34.06	Best:14.54
2025-01-02 15:34:19,838 INFO    : Snapshot:1	4	10	Epoch:27	Loss:0.166	MRR:14.33	Hits@10:33.9	Best:14.54
2025-01-02 15:34:28,000 INFO    : Snapshot:1	5	10	Epoch:28	Loss:0.159	MRR:14.37	Hits@10:33.87	Best:14.54
2025-01-02 15:34:36,185 INFO    : Snapshot:1	6	10	Epoch:29	Loss:0.163	MRR:14.33	Hits@10:33.98	Best:14.54
2025-01-02 15:34:44,333 INFO    : Snapshot:1	7	10	Epoch:30	Loss:0.156	MRR:14.43	Hits@10:33.95	Best:14.54
2025-01-02 15:34:52,427 INFO    : Snapshot:1	8	10	Epoch:31	Loss:0.158	MRR:14.35	Hits@10:33.87	Best:14.54
2025-01-02 15:35:00,654 INFO    : Snapshot:1	9	10	Epoch:32	Loss:0.153	MRR:14.35	Hits@10:33.76	Best:14.54
2025-01-02 15:35:08,838 INFO    : Early Stopping! Snapshot:1 Epoch: 33 Best Results: 14.54
2025-01-02 15:35:08,878 INFO    : => loading checkpoint './checkpoint/WN_CKGE\1model_best.tar'
2025-01-02 15:35:26,104 INFO    : 
+------------+--------+--------+--------+--------+---------+
| Snapshot:1 |  MRR   | Hits@1 | Hits@3 | Hits@5 | Hits@10 |
+------------+--------+--------+--------+--------+---------+
|     0      | 0.1751 | 0.0109 | 0.3144 | 0.3552 |  0.4036 |
|     1      | 0.1438 | 0.0097 | 0.2503 | 0.2957 |  0.3433 |
+------------+--------+--------+--------+--------+---------+
2025-01-02 15:36:00,147 INFO    : Snapshot:2	0	10	Epoch:0	Loss:6.267	MRR:6.6	Hits@10:17.58	Best:6.6
2025-01-02 15:36:16,384 INFO    : Snapshot:2	0	10	Epoch:1	Loss:2.443	MRR:10.1	Hits@10:24.97	Best:10.1
2025-01-02 15:36:32,705 INFO    : Snapshot:2	0	10	Epoch:2	Loss:0.94	MRR:11.69	Hits@10:28.04	Best:11.69
2025-01-02 15:36:48,914 INFO    : Snapshot:2	0	10	Epoch:3	Loss:0.512	MRR:12.4	Hits@10:29.33	Best:12.4
2025-01-02 15:37:05,188 INFO    : Snapshot:2	0	10	Epoch:4	Loss:0.363	MRR:12.89	Hits@10:29.73	Best:12.89
2025-01-02 15:37:21,391 INFO    : Snapshot:2	0	10	Epoch:5	Loss:0.286	MRR:12.99	Hits@10:30.3	Best:12.99
2025-01-02 15:37:37,708 INFO    : Snapshot:2	0	10	Epoch:6	Loss:0.241	MRR:13.21	Hits@10:30.4	Best:13.21
2025-01-02 15:37:53,985 INFO    : Snapshot:2	0	10	Epoch:7	Loss:0.219	MRR:13.23	Hits@10:30.51	Best:13.23
2025-01-02 15:38:10,501 INFO    : Snapshot:2	1	10	Epoch:8	Loss:0.206	MRR:13.12	Hits@10:30.54	Best:13.23
2025-01-02 15:38:26,743 INFO    : Snapshot:2	2	10	Epoch:9	Loss:0.196	MRR:13.19	Hits@10:30.3	Best:13.23
2025-01-02 15:38:42,904 INFO    : Snapshot:2	3	10	Epoch:10	Loss:0.186	MRR:13.21	Hits@10:30.59	Best:13.23
2025-01-02 15:38:59,094 INFO    : Snapshot:2	4	10	Epoch:11	Loss:0.178	MRR:13.14	Hits@10:30.05	Best:13.23
2025-01-02 15:39:15,266 INFO    : Snapshot:2	0	10	Epoch:12	Loss:0.173	MRR:13.24	Hits@10:30.27	Best:13.24
2025-01-02 15:39:31,468 INFO    : Snapshot:2	1	10	Epoch:13	Loss:0.168	MRR:13.18	Hits@10:30.32	Best:13.24
2025-01-02 15:39:47,619 INFO    : Snapshot:2	2	10	Epoch:14	Loss:0.166	MRR:13.21	Hits@10:30.59	Best:13.24
2025-01-02 15:40:04,205 INFO    : Snapshot:2	3	10	Epoch:15	Loss:0.157	MRR:13.22	Hits@10:30.51	Best:13.24
2025-01-02 15:40:20,143 INFO    : Snapshot:2	4	10	Epoch:16	Loss:0.164	MRR:13.18	Hits@10:30.56	Best:13.24
2025-01-02 15:40:36,225 INFO    : Snapshot:2	5	10	Epoch:17	Loss:0.159	MRR:13.14	Hits@10:30.48	Best:13.24
2025-01-02 15:40:51,889 INFO    : Snapshot:2	6	10	Epoch:18	Loss:0.159	MRR:13.23	Hits@10:30.65	Best:13.24
2025-01-02 15:41:07,169 INFO    : Snapshot:2	0	10	Epoch:19	Loss:0.153	MRR:13.36	Hits@10:30.73	Best:13.36
2025-01-02 15:41:21,013 INFO    : Snapshot:2	1	10	Epoch:20	Loss:0.158	MRR:13.33	Hits@10:30.97	Best:13.36
2025-01-02 15:41:35,130 INFO    : Snapshot:2	2	10	Epoch:21	Loss:0.15	MRR:13.21	Hits@10:30.75	Best:13.36
2025-01-02 15:41:48,984 INFO    : Snapshot:2	3	10	Epoch:22	Loss:0.15	MRR:13.29	Hits@10:30.62	Best:13.36
2025-01-02 15:42:03,055 INFO    : Snapshot:2	4	10	Epoch:23	Loss:0.145	MRR:13.27	Hits@10:30.59	Best:13.36
2025-01-02 15:42:16,933 INFO    : Snapshot:2	5	10	Epoch:24	Loss:0.144	MRR:13.27	Hits@10:30.48	Best:13.36
2025-01-02 15:42:30,992 INFO    : Snapshot:2	6	10	Epoch:25	Loss:0.143	MRR:13.26	Hits@10:30.46	Best:13.36
2025-01-02 15:42:44,931 INFO    : Snapshot:2	7	10	Epoch:26	Loss:0.141	MRR:13.2	Hits@10:30.48	Best:13.36
2025-01-02 15:42:58,985 INFO    : Snapshot:2	8	10	Epoch:27	Loss:0.139	MRR:13.25	Hits@10:30.48	Best:13.36
2025-01-02 15:43:12,842 INFO    : Snapshot:2	0	10	Epoch:28	Loss:0.14	MRR:13.38	Hits@10:30.51	Best:13.38
2025-01-02 15:43:26,861 INFO    : Snapshot:2	1	10	Epoch:29	Loss:0.137	MRR:13.35	Hits@10:30.81	Best:13.38
2025-01-02 15:43:40,799 INFO    : Snapshot:2	2	10	Epoch:30	Loss:0.141	MRR:13.3	Hits@10:30.83	Best:13.38
2025-01-02 15:43:54,737 INFO    : Snapshot:2	3	10	Epoch:31	Loss:0.137	MRR:13.37	Hits@10:30.67	Best:13.38
2025-01-02 15:44:08,741 INFO    : Snapshot:2	0	10	Epoch:32	Loss:0.133	MRR:13.47	Hits@10:30.48	Best:13.47
2025-01-02 15:44:22,558 INFO    : Snapshot:2	1	10	Epoch:33	Loss:0.131	MRR:13.37	Hits@10:30.73	Best:13.47
2025-01-02 15:44:36,556 INFO    : Snapshot:2	2	10	Epoch:34	Loss:0.13	MRR:13.35	Hits@10:30.59	Best:13.47
2025-01-02 15:44:50,430 INFO    : Snapshot:2	3	10	Epoch:35	Loss:0.131	MRR:13.45	Hits@10:30.81	Best:13.47
2025-01-02 15:45:04,508 INFO    : Snapshot:2	4	10	Epoch:36	Loss:0.129	MRR:13.38	Hits@10:30.83	Best:13.47
2025-01-02 15:45:19,387 INFO    : Snapshot:2	5	10	Epoch:37	Loss:0.127	MRR:13.46	Hits@10:30.75	Best:13.47
2025-01-02 15:45:33,097 INFO    : Snapshot:2	0	10	Epoch:38	Loss:0.127	MRR:13.55	Hits@10:30.83	Best:13.55
2025-01-02 15:45:46,980 INFO    : Snapshot:2	1	10	Epoch:39	Loss:0.123	MRR:13.51	Hits@10:30.89	Best:13.55
2025-01-02 15:46:01,031 INFO    : Snapshot:2	0	10	Epoch:40	Loss:0.124	MRR:13.57	Hits@10:30.91	Best:13.57
2025-01-02 15:46:15,377 INFO    : Snapshot:2	1	10	Epoch:41	Loss:0.125	MRR:13.42	Hits@10:30.78	Best:13.57
2025-01-02 15:46:29,642 INFO    : Snapshot:2	2	10	Epoch:42	Loss:0.123	MRR:13.49	Hits@10:30.73	Best:13.57
2025-01-02 15:46:43,111 INFO    : Snapshot:2	3	10	Epoch:43	Loss:0.124	MRR:13.43	Hits@10:30.81	Best:13.57
2025-01-02 15:46:56,849 INFO    : Snapshot:2	4	10	Epoch:44	Loss:0.12	MRR:13.48	Hits@10:30.78	Best:13.57
2025-01-02 15:47:10,205 INFO    : Snapshot:2	0	10	Epoch:45	Loss:0.116	MRR:13.61	Hits@10:30.91	Best:13.61
2025-01-02 15:47:23,335 INFO    : Snapshot:2	1	10	Epoch:46	Loss:0.121	MRR:13.6	Hits@10:30.86	Best:13.61
2025-01-02 15:47:36,558 INFO    : Snapshot:2	2	10	Epoch:47	Loss:0.121	MRR:13.54	Hits@10:30.62	Best:13.61
2025-01-02 15:47:49,558 INFO    : Snapshot:2	3	10	Epoch:48	Loss:0.117	MRR:13.56	Hits@10:30.62	Best:13.61
2025-01-02 15:48:02,785 INFO    : Snapshot:2	4	10	Epoch:49	Loss:0.118	MRR:13.56	Hits@10:30.73	Best:13.61
2025-01-02 15:48:15,757 INFO    : Snapshot:2	5	10	Epoch:50	Loss:0.118	MRR:13.48	Hits@10:31.02	Best:13.61
2025-01-02 15:48:28,928 INFO    : Snapshot:2	6	10	Epoch:51	Loss:0.119	MRR:13.57	Hits@10:31.02	Best:13.61
2025-01-02 15:48:41,910 INFO    : Snapshot:2	7	10	Epoch:52	Loss:0.115	MRR:13.54	Hits@10:30.97	Best:13.61
2025-01-02 15:48:54,906 INFO    : Snapshot:2	8	10	Epoch:53	Loss:0.113	MRR:13.5	Hits@10:30.89	Best:13.61
2025-01-02 15:49:08,020 INFO    : Snapshot:2	9	10	Epoch:54	Loss:0.113	MRR:13.49	Hits@10:30.94	Best:13.61
2025-01-02 15:49:21,347 INFO    : Early Stopping! Snapshot:2 Epoch: 55 Best Results: 13.61
2025-01-02 15:49:21,391 INFO    : => loading checkpoint './checkpoint/WN_CKGE\2model_best.tar'
2025-01-02 15:49:54,411 INFO    : 
+------------+--------+--------+--------+--------+---------+
| Snapshot:2 |  MRR   | Hits@1 | Hits@3 | Hits@5 | Hits@10 |
+------------+--------+--------+--------+--------+---------+
|     0      | 0.1751 | 0.0109 | 0.3144 | 0.3552 |  0.4036 |
|     1      | 0.1438 | 0.0097 | 0.2503 | 0.2957 |  0.3433 |
|     2      | 0.141  | 0.0118 | 0.246  | 0.2901 |  0.3293 |
+------------+--------+--------+--------+--------+---------+
2025-01-02 15:50:34,244 INFO    : Snapshot:3	0	10	Epoch:0	Loss:6.281	MRR:5.95	Hits@10:15.38	Best:5.95
2025-01-02 15:50:52,589 INFO    : Snapshot:3	0	10	Epoch:1	Loss:2.415	MRR:9.63	Hits@10:24.14	Best:9.63
2025-01-02 15:51:11,155 INFO    : Snapshot:3	0	10	Epoch:2	Loss:0.911	MRR:11.29	Hits@10:26.8	Best:11.29
2025-01-02 15:51:29,754 INFO    : Snapshot:3	0	10	Epoch:3	Loss:0.502	MRR:12.02	Hits@10:28.15	Best:12.02
2025-01-02 15:51:48,070 INFO    : Snapshot:3	0	10	Epoch:4	Loss:0.351	MRR:12.28	Hits@10:28.92	Best:12.28
2025-01-02 15:52:06,676 INFO    : Snapshot:3	0	10	Epoch:5	Loss:0.279	MRR:12.5	Hits@10:29.17	Best:12.5
2025-01-02 15:52:25,107 INFO    : Snapshot:3	0	10	Epoch:6	Loss:0.238	MRR:12.52	Hits@10:29.19	Best:12.52
2025-01-02 15:52:43,563 INFO    : Snapshot:3	0	10	Epoch:7	Loss:0.215	MRR:12.55	Hits@10:29.44	Best:12.55
2025-01-02 15:53:02,508 INFO    : Snapshot:3	0	10	Epoch:8	Loss:0.206	MRR:12.64	Hits@10:29.38	Best:12.64
2025-01-02 15:53:21,263 INFO    : Snapshot:3	0	10	Epoch:9	Loss:0.193	MRR:12.86	Hits@10:29.62	Best:12.86
2025-01-02 15:53:40,172 INFO    : Snapshot:3	1	10	Epoch:10	Loss:0.192	MRR:12.71	Hits@10:29.54	Best:12.86
2025-01-02 15:53:59,166 INFO    : Snapshot:3	2	10	Epoch:11	Loss:0.182	MRR:12.79	Hits@10:29.65	Best:12.86
2025-01-02 15:54:17,467 INFO    : Snapshot:3	3	10	Epoch:12	Loss:0.173	MRR:12.76	Hits@10:29.44	Best:12.86
2025-01-02 15:54:36,087 INFO    : Snapshot:3	0	10	Epoch:13	Loss:0.171	MRR:12.89	Hits@10:29.49	Best:12.89
2025-01-02 15:54:54,396 INFO    : Snapshot:3	1	10	Epoch:14	Loss:0.17	MRR:12.87	Hits@10:29.78	Best:12.89
2025-01-02 15:55:12,710 INFO    : Snapshot:3	2	10	Epoch:15	Loss:0.164	MRR:12.73	Hits@10:29.41	Best:12.89
2025-01-02 15:55:31,169 INFO    : Snapshot:3	3	10	Epoch:16	Loss:0.161	MRR:12.84	Hits@10:29.65	Best:12.89
2025-01-02 15:55:49,509 INFO    : Snapshot:3	0	10	Epoch:17	Loss:0.156	MRR:12.94	Hits@10:29.6	Best:12.94
2025-01-02 15:56:07,906 INFO    : Snapshot:3	1	10	Epoch:18	Loss:0.158	MRR:12.87	Hits@10:29.3	Best:12.94
2025-01-02 15:56:26,246 INFO    : Snapshot:3	2	10	Epoch:19	Loss:0.155	MRR:12.91	Hits@10:29.65	Best:12.94
2025-01-02 15:56:44,532 INFO    : Snapshot:3	3	10	Epoch:20	Loss:0.149	MRR:12.86	Hits@10:30.05	Best:12.94
2025-01-02 15:57:02,955 INFO    : Snapshot:3	4	10	Epoch:21	Loss:0.149	MRR:12.81	Hits@10:29.92	Best:12.94
2025-01-02 15:57:21,446 INFO    : Snapshot:3	5	10	Epoch:22	Loss:0.146	MRR:12.88	Hits@10:29.84	Best:12.94
2025-01-02 15:57:40,309 INFO    : Snapshot:3	6	10	Epoch:23	Loss:0.148	MRR:12.9	Hits@10:30.16	Best:12.94
2025-01-02 15:57:58,685 INFO    : Snapshot:3	7	10	Epoch:24	Loss:0.147	MRR:12.79	Hits@10:30.08	Best:12.94
2025-01-02 15:58:16,941 INFO    : Snapshot:3	8	10	Epoch:25	Loss:0.149	MRR:12.86	Hits@10:29.95	Best:12.94
2025-01-02 15:58:36,206 INFO    : Snapshot:3	9	10	Epoch:26	Loss:0.142	MRR:12.73	Hits@10:29.7	Best:12.94
2025-01-02 15:58:54,624 INFO    : Early Stopping! Snapshot:3 Epoch: 27 Best Results: 12.94
2025-01-02 15:58:54,669 INFO    : => loading checkpoint './checkpoint/WN_CKGE\3model_best.tar'
2025-01-02 15:59:47,145 INFO    : 
+------------+--------+--------+--------+--------+---------+
| Snapshot:3 |  MRR   | Hits@1 | Hits@3 | Hits@5 | Hits@10 |
+------------+--------+--------+--------+--------+---------+
|     0      | 0.1751 | 0.0109 | 0.3144 | 0.3552 |  0.4036 |
|     1      | 0.1438 | 0.0097 | 0.2503 | 0.2957 |  0.3433 |
|     2      | 0.141  | 0.0118 | 0.246  | 0.2901 |  0.3293 |
|     3      | 0.1363 | 0.0124 | 0.2374 | 0.2737 |  0.3129 |
+------------+--------+--------+--------+--------+---------+
2025-01-02 15:59:56,798 INFO    : Snapshot:4	0	10	Epoch:0	Loss:6.225	MRR:11.02	Hits@10:25.78	Best:11.02
2025-01-02 16:00:00,171 INFO    : Snapshot:4	0	10	Epoch:1	Loss:2.307	MRR:12.27	Hits@10:28.33	Best:12.27
2025-01-02 16:00:03,453 INFO    : Snapshot:4	0	10	Epoch:2	Loss:0.821	MRR:12.89	Hits@10:29.41	Best:12.89
2025-01-02 16:00:06,791 INFO    : Snapshot:4	0	10	Epoch:3	Loss:0.445	MRR:13.17	Hits@10:30.03	Best:13.17
2025-01-02 16:00:10,104 INFO    : Snapshot:4	0	10	Epoch:4	Loss:0.317	MRR:13.34	Hits@10:30.46	Best:13.34
2025-01-02 16:00:13,463 INFO    : Snapshot:4	0	10	Epoch:5	Loss:0.254	MRR:13.39	Hits@10:30.32	Best:13.39
2025-01-02 16:00:16,810 INFO    : Snapshot:4	0	10	Epoch:6	Loss:0.229	MRR:13.52	Hits@10:30.51	Best:13.52
2025-01-02 16:00:20,227 INFO    : Snapshot:4	0	10	Epoch:7	Loss:0.203	MRR:13.55	Hits@10:30.62	Best:13.55
2025-01-02 16:00:23,570 INFO    : Snapshot:4	0	10	Epoch:8	Loss:0.192	MRR:13.6	Hits@10:30.59	Best:13.6
2025-01-02 16:00:26,826 INFO    : Snapshot:4	1	10	Epoch:9	Loss:0.185	MRR:13.59	Hits@10:30.56	Best:13.6
2025-01-02 16:00:30,225 INFO    : Snapshot:4	0	10	Epoch:10	Loss:0.173	MRR:13.65	Hits@10:30.75	Best:13.65
2025-01-02 16:00:33,553 INFO    : Snapshot:4	1	10	Epoch:11	Loss:0.168	MRR:13.61	Hits@10:30.78	Best:13.65
2025-01-02 16:00:36,911 INFO    : Snapshot:4	2	10	Epoch:12	Loss:0.157	MRR:13.62	Hits@10:30.67	Best:13.65
2025-01-02 16:00:40,232 INFO    : Snapshot:4	3	10	Epoch:13	Loss:0.159	MRR:13.61	Hits@10:30.7	Best:13.65
2025-01-02 16:00:43,545 INFO    : Snapshot:4	4	10	Epoch:14	Loss:0.155	MRR:13.63	Hits@10:30.75	Best:13.65
2025-01-02 16:00:46,869 INFO    : Snapshot:4	5	10	Epoch:15	Loss:0.153	MRR:13.62	Hits@10:30.83	Best:13.65
2025-01-02 16:00:50,189 INFO    : Snapshot:4	6	10	Epoch:16	Loss:0.149	MRR:13.62	Hits@10:30.59	Best:13.65
2025-01-02 16:00:53,520 INFO    : Snapshot:4	7	10	Epoch:17	Loss:0.148	MRR:13.59	Hits@10:30.54	Best:13.65
2025-01-02 16:00:56,863 INFO    : Snapshot:4	8	10	Epoch:18	Loss:0.147	MRR:13.56	Hits@10:30.65	Best:13.65
2025-01-02 16:01:00,248 INFO    : Snapshot:4	0	10	Epoch:19	Loss:0.144	MRR:13.67	Hits@10:30.67	Best:13.67
2025-01-02 16:01:03,618 INFO    : Snapshot:4	0	10	Epoch:20	Loss:0.142	MRR:13.69	Hits@10:30.89	Best:13.69
2025-01-02 16:01:06,984 INFO    : Snapshot:4	0	10	Epoch:21	Loss:0.14	MRR:13.77	Hits@10:30.81	Best:13.77
2025-01-02 16:01:10,302 INFO    : Snapshot:4	1	10	Epoch:22	Loss:0.139	MRR:13.71	Hits@10:31.08	Best:13.77
2025-01-02 16:01:13,589 INFO    : Snapshot:4	2	10	Epoch:23	Loss:0.14	MRR:13.77	Hits@10:30.89	Best:13.77
2025-01-02 16:01:16,875 INFO    : Snapshot:4	3	10	Epoch:24	Loss:0.136	MRR:13.74	Hits@10:30.83	Best:13.77
2025-01-02 16:01:20,176 INFO    : Snapshot:4	4	10	Epoch:25	Loss:0.134	MRR:13.75	Hits@10:30.81	Best:13.77
2025-01-02 16:01:23,520 INFO    : Snapshot:4	5	10	Epoch:26	Loss:0.133	MRR:13.74	Hits@10:30.81	Best:13.77
2025-01-02 16:01:26,961 INFO    : Snapshot:4	6	10	Epoch:27	Loss:0.134	MRR:13.72	Hits@10:30.7	Best:13.77
2025-01-02 16:01:30,230 INFO    : Snapshot:4	7	10	Epoch:28	Loss:0.136	MRR:13.72	Hits@10:30.7	Best:13.77
2025-01-02 16:01:33,617 INFO    : Snapshot:4	8	10	Epoch:29	Loss:0.13	MRR:13.68	Hits@10:30.65	Best:13.77
2025-01-02 16:01:36,876 INFO    : Snapshot:4	9	10	Epoch:30	Loss:0.128	MRR:13.71	Hits@10:30.62	Best:13.77
2025-01-02 16:01:40,162 INFO    : Early Stopping! Snapshot:4 Epoch: 31 Best Results: 13.77
2025-01-02 16:01:40,205 INFO    : => loading checkpoint './checkpoint/WN_CKGE\4model_best.tar'
2025-01-02 16:01:58,937 INFO    : 
+------------+--------+--------+--------+--------+---------+
| Snapshot:4 |  MRR   | Hits@1 | Hits@3 | Hits@5 | Hits@10 |
+------------+--------+--------+--------+--------+---------+
|     0      | 0.1751 | 0.0109 | 0.3144 | 0.3552 |  0.4036 |
|     1      | 0.1438 | 0.0097 | 0.2503 | 0.2957 |  0.3433 |
|     2      | 0.141  | 0.0118 | 0.246  | 0.2901 |  0.3293 |
|     3      | 0.1363 | 0.0124 | 0.2374 | 0.2737 |  0.3129 |
|     4      | 0.1452 | 0.0105 | 0.2603 | 0.2929 |  0.324  |
+------------+--------+--------+--------+--------+---------+
2025-01-02 16:01:58,938 INFO    : Final Result:
[+------------+--------+--------+--------+--------+---------+
| Snapshot:0 |  MRR   | Hits@1 | Hits@3 | Hits@5 | Hits@10 |
+------------+--------+--------+--------+--------+---------+
|     0      | 0.1751 | 0.0109 | 0.3144 | 0.3552 |  0.4036 |
+------------+--------+--------+--------+--------+---------+, +------------+--------+--------+--------+--------+---------+
| Snapshot:1 |  MRR   | Hits@1 | Hits@3 | Hits@5 | Hits@10 |
+------------+--------+--------+--------+--------+---------+
|     0      | 0.1751 | 0.0109 | 0.3144 | 0.3552 |  0.4036 |
|     1      | 0.1438 | 0.0097 | 0.2503 | 0.2957 |  0.3433 |
+------------+--------+--------+--------+--------+---------+, +------------+--------+--------+--------+--------+---------+
| Snapshot:2 |  MRR   | Hits@1 | Hits@3 | Hits@5 | Hits@10 |
+------------+--------+--------+--------+--------+---------+
|     0      | 0.1751 | 0.0109 | 0.3144 | 0.3552 |  0.4036 |
|     1      | 0.1438 | 0.0097 | 0.2503 | 0.2957 |  0.3433 |
|     2      | 0.141  | 0.0118 | 0.246  | 0.2901 |  0.3293 |
+------------+--------+--------+--------+--------+---------+, +------------+--------+--------+--------+--------+---------+
| Snapshot:3 |  MRR   | Hits@1 | Hits@3 | Hits@5 | Hits@10 |
+------------+--------+--------+--------+--------+---------+
|     0      | 0.1751 | 0.0109 | 0.3144 | 0.3552 |  0.4036 |
|     1      | 0.1438 | 0.0097 | 0.2503 | 0.2957 |  0.3433 |
|     2      | 0.141  | 0.0118 | 0.246  | 0.2901 |  0.3293 |
|     3      | 0.1363 | 0.0124 | 0.2374 | 0.2737 |  0.3129 |
+------------+--------+--------+--------+--------+---------+, +------------+--------+--------+--------+--------+---------+
| Snapshot:4 |  MRR   | Hits@1 | Hits@3 | Hits@5 | Hits@10 |
+------------+--------+--------+--------+--------+---------+
|     0      | 0.1751 | 0.0109 | 0.3144 | 0.3552 |  0.4036 |
|     1      | 0.1438 | 0.0097 | 0.2503 | 0.2957 |  0.3433 |
|     2      | 0.141  | 0.0118 | 0.246  | 0.2901 |  0.3293 |
|     3      | 0.1363 | 0.0124 | 0.2374 | 0.2737 |  0.3129 |
|     4      | 0.1452 | 0.0105 | 0.2603 | 0.2929 |  0.324  |
+------------+--------+--------+--------+--------+---------+]
2025-01-02 16:01:58,940 INFO    : Report Result:
+----------+--------------------+-----------+--------------+--------------+---------------+
| Snapshot |        Time        | Whole_MRR | Whole_Hits@1 | Whole_Hits@3 | Whole_Hits@10 |
+----------+--------------------+-----------+--------------+--------------+---------------+
|    0     |   588.107421875    |   0.175   |    0.011     |    0.314     |     0.404     |
|    1     | 286.52421522140503 |   0.171   |    0.011     |    0.305     |     0.395     |
|    2     | 818.4097411632538  |   0.167   |    0.011     |    0.298     |     0.387     |
|    3     | 519.6229465007782  |   0.164   |    0.011     |    0.291     |     0.379     |
|    4     | 107.36639285087585 |   0.162   |    0.011     |    0.288     |     0.373     |
+----------+--------------------+-----------+--------------+--------------+---------------+
2025-01-02 16:01:58,941 INFO    : Sum_Training_Time:2320.030717611313
2025-01-02 16:01:58,941 INFO    : Every_Training_Time:[588.107421875, 286.52421522140503, 818.4097411632538, 519.6229465007782, 107.36639285087585]
2025-01-02 16:01:58,941 INFO    : Forward transfer: 0.06045 Backward transfer: 0.0
