2024-09-24 14:06:15,651 INFO    : Namespace(batch_size='1024', data_path='./data/ENTITY/', dataset='ENTITY', debug=False, device=device(type='cuda', index=0), emb_dim=200, ent_r='200', epoch_num=200, explore=False, gpu='0', l2=0.0, learning_rate='2e-1', log_path='./logs/20240924140606/ENTITY', logger=<RootLogger root (INFO)>, margin=8.0, model_name='LoraKGE_Layers', multi_layers_path='train_sorted_by_edges_betweenness.txt', neg_ratio=10, note='', num_ent_layers='1', num_layer=1, num_rel_layers='1', patience=3, predict_result=False, r=100, r_fixed=True, random_seed=3407, record=False, rel_r='20', save_path='./checkpoint/ENTITY', skip_previous='False', snapshot_num=5, train_new=True, using_multi_layers=False, using_various_ranks='True', using_various_ranks_reverse=False, valid_metrics='mrr')
2024-09-24 14:06:22,325 INFO    : Snapshot:0	0	3	Epoch:0	Loss:34.146	MRR:11.79	Hits@10:28.45	Best:11.79
2024-09-24 14:06:25,555 INFO    : Snapshot:0	0	3	Epoch:1	Loss:20.905	MRR:23.01	Hits@10:45.51	Best:23.01
2024-09-24 14:06:28,831 INFO    : Snapshot:0	0	3	Epoch:2	Loss:10.329	MRR:29.87	Hits@10:52.32	Best:29.87
2024-09-24 14:06:32,130 INFO    : Snapshot:0	0	3	Epoch:3	Loss:4.876	MRR:32.11	Hits@10:54.1	Best:32.11
2024-09-24 14:06:35,411 INFO    : Snapshot:0	0	3	Epoch:4	Loss:2.693	MRR:32.68	Hits@10:55.09	Best:32.68
2024-09-24 14:06:38,766 INFO    : Snapshot:0	0	3	Epoch:5	Loss:1.753	MRR:32.85	Hits@10:55.4	Best:32.85
2024-09-24 14:06:42,189 INFO    : Snapshot:0	1	3	Epoch:6	Loss:1.3	MRR:32.84	Hits@10:55.15	Best:32.85
2024-09-24 14:06:45,691 INFO    : Snapshot:0	2	3	Epoch:7	Loss:1.061	MRR:32.57	Hits@10:55.02	Best:32.85
2024-09-24 14:06:48,993 INFO    : Early Stopping! Snapshot:0 Epoch: 8 Best Results: 32.85
2024-09-24 14:06:49,120 INFO    : => loading checkpoint './checkpoint/ENTITY\0model_best.tar'
2024-09-24 14:06:50,763 INFO    : 
+------------+--------+--------+--------+--------+---------+
| Snapshot:0 |  MRR   | Hits@1 | Hits@3 | Hits@5 | Hits@10 |
+------------+--------+--------+--------+--------+---------+
|     0      | 0.3303 | 0.212  | 0.3811 | 0.4561 |  0.5576 |
+------------+--------+--------+--------+--------+---------+
2024-09-24 14:07:03,938 INFO    : Snapshot:1	0	3	Epoch:0	Loss:11.563	MRR:16.28	Hits@10:29.15	Best:16.28
2024-09-24 14:07:11,747 INFO    : Snapshot:1	0	3	Epoch:1	Loss:4.857	MRR:18.06	Hits@10:32.61	Best:18.06
2024-09-24 14:07:20,076 INFO    : Snapshot:1	0	3	Epoch:2	Loss:4.057	MRR:18.93	Hits@10:33.88	Best:18.93
2024-09-24 14:07:30,115 INFO    : Snapshot:1	0	3	Epoch:3	Loss:3.565	MRR:19.88	Hits@10:35.79	Best:19.88
2024-09-24 14:07:39,722 INFO    : Snapshot:1	0	3	Epoch:4	Loss:3.235	MRR:20.22	Hits@10:36.11	Best:20.22
2024-09-24 14:07:46,942 INFO    : Snapshot:1	0	3	Epoch:5	Loss:3.002	MRR:20.83	Hits@10:36.9	Best:20.83
2024-09-24 14:07:55,141 INFO    : Snapshot:1	0	3	Epoch:6	Loss:2.893	MRR:21.12	Hits@10:38.02	Best:21.12
2024-09-24 14:08:04,253 INFO    : Snapshot:1	0	3	Epoch:7	Loss:2.729	MRR:21.7	Hits@10:38.61	Best:21.7
2024-09-24 14:08:12,402 INFO    : Snapshot:1	0	3	Epoch:8	Loss:2.633	MRR:21.72	Hits@10:38.73	Best:21.72
2024-09-24 14:08:20,201 INFO    : Snapshot:1	1	3	Epoch:9	Loss:2.561	MRR:21.6	Hits@10:38.53	Best:21.72
2024-09-24 14:08:28,012 INFO    : Snapshot:1	0	3	Epoch:10	Loss:2.489	MRR:22.06	Hits@10:39.01	Best:22.06
2024-09-24 14:08:36,714 INFO    : Snapshot:1	0	3	Epoch:11	Loss:2.393	MRR:22.24	Hits@10:39.5	Best:22.24
2024-09-24 14:08:46,600 INFO    : Snapshot:1	0	3	Epoch:12	Loss:2.336	MRR:22.41	Hits@10:39.89	Best:22.41
2024-09-24 14:08:57,276 INFO    : Snapshot:1	0	3	Epoch:13	Loss:2.333	MRR:22.53	Hits@10:40.14	Best:22.53
2024-09-24 14:09:07,861 INFO    : Snapshot:1	0	3	Epoch:14	Loss:2.272	MRR:22.62	Hits@10:40.16	Best:22.62
2024-09-24 14:09:17,568 INFO    : Snapshot:1	0	3	Epoch:15	Loss:2.259	MRR:22.72	Hits@10:40.63	Best:22.72
2024-09-24 14:09:25,500 INFO    : Snapshot:1	0	3	Epoch:16	Loss:2.228	MRR:22.84	Hits@10:40.38	Best:22.84
2024-09-24 14:09:33,673 INFO    : Snapshot:1	0	3	Epoch:17	Loss:2.205	MRR:22.88	Hits@10:40.65	Best:22.88
2024-09-24 14:09:43,036 INFO    : Snapshot:1	1	3	Epoch:18	Loss:2.133	MRR:22.86	Hits@10:40.65	Best:22.88
2024-09-24 14:09:52,330 INFO    : Snapshot:1	0	3	Epoch:19	Loss:2.137	MRR:23.14	Hits@10:40.95	Best:23.14
2024-09-24 14:10:02,744 INFO    : Snapshot:1	1	3	Epoch:20	Loss:2.107	MRR:22.99	Hits@10:40.9	Best:23.14
2024-09-24 14:10:11,052 INFO    : Snapshot:1	2	3	Epoch:21	Loss:2.095	MRR:23.05	Hits@10:41.08	Best:23.14
2024-09-24 14:10:19,886 INFO    : Snapshot:1	0	3	Epoch:22	Loss:2.079	MRR:23.27	Hits@10:41.13	Best:23.27
2024-09-24 14:10:28,662 INFO    : Snapshot:1	1	3	Epoch:23	Loss:2.059	MRR:23.11	Hits@10:41.04	Best:23.27
2024-09-24 14:10:37,047 INFO    : Snapshot:1	2	3	Epoch:24	Loss:2.038	MRR:23.19	Hits@10:41.19	Best:23.27
2024-09-24 14:10:45,491 INFO    : Snapshot:1	0	3	Epoch:25	Loss:2.021	MRR:23.47	Hits@10:41.55	Best:23.47
2024-09-24 14:10:54,374 INFO    : Snapshot:1	1	3	Epoch:26	Loss:2.016	MRR:23.21	Hits@10:41.21	Best:23.47
2024-09-24 14:11:01,517 INFO    : Snapshot:1	2	3	Epoch:27	Loss:2.004	MRR:23.45	Hits@10:41.41	Best:23.47
2024-09-24 14:11:08,812 INFO    : Early Stopping! Snapshot:1 Epoch: 28 Best Results: 23.47
2024-09-24 14:11:08,936 INFO    : => loading checkpoint './checkpoint/ENTITY\1model_best.tar'
2024-09-24 14:11:15,330 INFO    : 
+------------+--------+--------+--------+--------+---------+
| Snapshot:1 |  MRR   | Hits@1 | Hits@3 | Hits@5 | Hits@10 |
+------------+--------+--------+--------+--------+---------+
|     0      | 0.3303 | 0.212  | 0.3811 | 0.4561 |  0.5576 |
|     1      | 0.2332 | 0.1402 | 0.2622 | 0.323  |  0.4142 |
+------------+--------+--------+--------+--------+---------+
2024-09-24 14:11:33,305 INFO    : Snapshot:2	0	3	Epoch:0	Loss:11.067	MRR:15.18	Hits@10:27.05	Best:15.18
2024-09-24 14:11:44,391 INFO    : Snapshot:2	0	3	Epoch:1	Loss:4.599	MRR:17.32	Hits@10:30.67	Best:17.32
2024-09-24 14:11:55,359 INFO    : Snapshot:2	0	3	Epoch:2	Loss:3.87	MRR:18.12	Hits@10:32.31	Best:18.12
2024-09-24 14:12:05,647 INFO    : Snapshot:2	0	3	Epoch:3	Loss:3.498	MRR:18.95	Hits@10:33.46	Best:18.95
2024-09-24 14:12:16,662 INFO    : Snapshot:2	0	3	Epoch:4	Loss:3.23	MRR:19.28	Hits@10:34.13	Best:19.28
2024-09-24 14:12:27,407 INFO    : Snapshot:2	0	3	Epoch:5	Loss:3.053	MRR:19.51	Hits@10:34.58	Best:19.51
2024-09-24 14:12:38,072 INFO    : Snapshot:2	0	3	Epoch:6	Loss:2.925	MRR:19.71	Hits@10:35.16	Best:19.71
2024-09-24 14:12:50,167 INFO    : Snapshot:2	0	3	Epoch:7	Loss:2.816	MRR:19.98	Hits@10:35.5	Best:19.98
2024-09-24 14:13:00,289 INFO    : Snapshot:2	0	3	Epoch:8	Loss:2.739	MRR:20.06	Hits@10:35.83	Best:20.06
2024-09-24 14:13:08,686 INFO    : Snapshot:2	0	3	Epoch:9	Loss:2.676	MRR:20.36	Hits@10:36.09	Best:20.36
2024-09-24 14:13:17,527 INFO    : Snapshot:2	1	3	Epoch:10	Loss:2.59	MRR:20.23	Hits@10:36.03	Best:20.36
2024-09-24 14:13:27,864 INFO    : Snapshot:2	0	3	Epoch:11	Loss:2.523	MRR:20.43	Hits@10:35.88	Best:20.43
2024-09-24 14:13:36,993 INFO    : Snapshot:2	0	3	Epoch:12	Loss:2.49	MRR:20.47	Hits@10:36.0	Best:20.47
2024-09-24 14:13:46,486 INFO    : Snapshot:2	1	3	Epoch:13	Loss:2.474	MRR:20.45	Hits@10:36.33	Best:20.47
2024-09-24 14:13:54,130 INFO    : Snapshot:2	0	3	Epoch:14	Loss:2.412	MRR:20.68	Hits@10:36.33	Best:20.68
2024-09-24 14:14:03,416 INFO    : Snapshot:2	1	3	Epoch:15	Loss:2.386	MRR:20.58	Hits@10:36.36	Best:20.68
2024-09-24 14:14:14,617 INFO    : Snapshot:2	2	3	Epoch:16	Loss:2.364	MRR:20.62	Hits@10:36.46	Best:20.68
2024-09-24 14:14:26,736 INFO    : Early Stopping! Snapshot:2 Epoch: 17 Best Results: 20.68
2024-09-24 14:14:26,885 INFO    : => loading checkpoint './checkpoint/ENTITY\2model_best.tar'
2024-09-24 14:14:37,262 INFO    : 
+------------+--------+--------+--------+--------+---------+
| Snapshot:2 |  MRR   | Hits@1 | Hits@3 | Hits@5 | Hits@10 |
+------------+--------+--------+--------+--------+---------+
|     0      | 0.3303 | 0.212  | 0.3811 | 0.4561 |  0.5576 |
|     1      | 0.2332 | 0.1402 | 0.2622 | 0.323  |  0.4142 |
|     2      | 0.2073 | 0.1249 | 0.2325 | 0.2842 |  0.3665 |
+------------+--------+--------+--------+--------+---------+
2024-09-24 14:14:55,607 INFO    : Snapshot:3	0	3	Epoch:0	Loss:9.938	MRR:14.82	Hits@10:26.21	Best:14.82
2024-09-24 14:15:05,210 INFO    : Snapshot:3	0	3	Epoch:1	Loss:3.816	MRR:16.82	Hits@10:30.04	Best:16.82
2024-09-24 14:15:14,956 INFO    : Snapshot:3	0	3	Epoch:2	Loss:3.214	MRR:17.59	Hits@10:31.38	Best:17.59
2024-09-24 14:15:24,253 INFO    : Snapshot:3	0	3	Epoch:3	Loss:2.918	MRR:18.04	Hits@10:32.21	Best:18.04
2024-09-24 14:15:33,838 INFO    : Snapshot:3	0	3	Epoch:4	Loss:2.701	MRR:18.44	Hits@10:33.15	Best:18.44
2024-09-24 14:15:43,662 INFO    : Snapshot:3	0	3	Epoch:5	Loss:2.564	MRR:18.64	Hits@10:33.34	Best:18.64
2024-09-24 14:15:55,800 INFO    : Snapshot:3	0	3	Epoch:6	Loss:2.441	MRR:18.99	Hits@10:33.89	Best:18.99
2024-09-24 14:16:06,714 INFO    : Snapshot:3	1	3	Epoch:7	Loss:2.372	MRR:18.94	Hits@10:34.04	Best:18.99
2024-09-24 14:16:17,327 INFO    : Snapshot:3	0	3	Epoch:8	Loss:2.284	MRR:19.02	Hits@10:34.07	Best:19.02
2024-09-24 14:16:27,123 INFO    : Snapshot:3	0	3	Epoch:9	Loss:2.206	MRR:19.21	Hits@10:34.43	Best:19.21
2024-09-24 14:16:37,122 INFO    : Snapshot:3	0	3	Epoch:10	Loss:2.198	MRR:19.46	Hits@10:34.51	Best:19.46
2024-09-24 14:16:49,398 INFO    : Snapshot:3	1	3	Epoch:11	Loss:2.15	MRR:19.32	Hits@10:34.7	Best:19.46
2024-09-24 14:17:00,053 INFO    : Snapshot:3	2	3	Epoch:12	Loss:2.117	MRR:19.41	Hits@10:34.97	Best:19.46
2024-09-24 14:17:11,601 INFO    : Early Stopping! Snapshot:3 Epoch: 13 Best Results: 19.46
2024-09-24 14:17:11,730 INFO    : => loading checkpoint './checkpoint/ENTITY\3model_best.tar'
2024-09-24 14:17:27,164 INFO    : 
+------------+--------+--------+--------+--------+---------+
| Snapshot:3 |  MRR   | Hits@1 | Hits@3 | Hits@5 | Hits@10 |
+------------+--------+--------+--------+--------+---------+
|     0      | 0.3303 | 0.212  | 0.3811 | 0.4561 |  0.5576 |
|     1      | 0.2332 | 0.1402 | 0.2622 | 0.323  |  0.4142 |
|     2      | 0.2073 | 0.1249 | 0.2325 | 0.2842 |  0.3665 |
|     3      | 0.1934 | 0.1143 | 0.2154 | 0.2688 |  0.3482 |
+------------+--------+--------+--------+--------+---------+
2024-09-24 14:17:42,609 INFO    : Snapshot:4	0	3	Epoch:0	Loss:6.903	MRR:18.3	Hits@10:30.19	Best:18.3
2024-09-24 14:17:50,341 INFO    : Snapshot:4	0	3	Epoch:1	Loss:2.049	MRR:21.04	Hits@10:35.68	Best:21.04
2024-09-24 14:17:57,974 INFO    : Snapshot:4	0	3	Epoch:2	Loss:1.554	MRR:22.14	Hits@10:38.43	Best:22.14
2024-09-24 14:18:05,525 INFO    : Snapshot:4	0	3	Epoch:3	Loss:1.338	MRR:22.75	Hits@10:39.43	Best:22.75
2024-09-24 14:18:13,297 INFO    : Snapshot:4	0	3	Epoch:4	Loss:1.231	MRR:22.99	Hits@10:40.32	Best:22.99
2024-09-24 14:18:20,721 INFO    : Snapshot:4	0	3	Epoch:5	Loss:1.177	MRR:23.2	Hits@10:40.71	Best:23.2
2024-09-24 14:18:28,016 INFO    : Snapshot:4	0	3	Epoch:6	Loss:1.113	MRR:23.5	Hits@10:41.24	Best:23.5
2024-09-24 14:18:35,581 INFO    : Snapshot:4	0	3	Epoch:7	Loss:1.077	MRR:23.63	Hits@10:41.18	Best:23.63
2024-09-24 14:18:43,193 INFO    : Snapshot:4	0	3	Epoch:8	Loss:1.05	MRR:23.8	Hits@10:41.56	Best:23.8
2024-09-24 14:18:50,834 INFO    : Snapshot:4	1	3	Epoch:9	Loss:1.005	MRR:23.57	Hits@10:41.49	Best:23.8
2024-09-24 14:18:58,619 INFO    : Snapshot:4	2	3	Epoch:10	Loss:0.973	MRR:23.73	Hits@10:41.47	Best:23.8
2024-09-24 14:19:06,220 INFO    : Early Stopping! Snapshot:4 Epoch: 11 Best Results: 23.8
2024-09-24 14:19:06,326 INFO    : => loading checkpoint './checkpoint/ENTITY\4model_best.tar'
2024-09-24 14:19:28,907 INFO    : 
+------------+--------+--------+--------+--------+---------+
| Snapshot:4 |  MRR   | Hits@1 | Hits@3 | Hits@5 | Hits@10 |
+------------+--------+--------+--------+--------+---------+
|     0      | 0.3303 | 0.212  | 0.3811 | 0.4561 |  0.5576 |
|     1      | 0.2332 | 0.1402 | 0.2622 | 0.323  |  0.4142 |
|     2      | 0.2073 | 0.1249 | 0.2325 | 0.2842 |  0.3665 |
|     3      | 0.1934 | 0.1143 | 0.2154 | 0.2688 |  0.3482 |
|     4      | 0.2389 | 0.1443 | 0.2775 | 0.3404 |  0.4177 |
+------------+--------+--------+--------+--------+---------+
2024-09-24 14:19:28,909 INFO    : Final Result:
[+------------+--------+--------+--------+--------+---------+
| Snapshot:0 |  MRR   | Hits@1 | Hits@3 | Hits@5 | Hits@10 |
+------------+--------+--------+--------+--------+---------+
|     0      | 0.3303 | 0.212  | 0.3811 | 0.4561 |  0.5576 |
+------------+--------+--------+--------+--------+---------+, +------------+--------+--------+--------+--------+---------+
| Snapshot:1 |  MRR   | Hits@1 | Hits@3 | Hits@5 | Hits@10 |
+------------+--------+--------+--------+--------+---------+
|     0      | 0.3303 | 0.212  | 0.3811 | 0.4561 |  0.5576 |
|     1      | 0.2332 | 0.1402 | 0.2622 | 0.323  |  0.4142 |
+------------+--------+--------+--------+--------+---------+, +------------+--------+--------+--------+--------+---------+
| Snapshot:2 |  MRR   | Hits@1 | Hits@3 | Hits@5 | Hits@10 |
+------------+--------+--------+--------+--------+---------+
|     0      | 0.3303 | 0.212  | 0.3811 | 0.4561 |  0.5576 |
|     1      | 0.2332 | 0.1402 | 0.2622 | 0.323  |  0.4142 |
|     2      | 0.2073 | 0.1249 | 0.2325 | 0.2842 |  0.3665 |
+------------+--------+--------+--------+--------+---------+, +------------+--------+--------+--------+--------+---------+
| Snapshot:3 |  MRR   | Hits@1 | Hits@3 | Hits@5 | Hits@10 |
+------------+--------+--------+--------+--------+---------+
|     0      | 0.3303 | 0.212  | 0.3811 | 0.4561 |  0.5576 |
|     1      | 0.2332 | 0.1402 | 0.2622 | 0.323  |  0.4142 |
|     2      | 0.2073 | 0.1249 | 0.2325 | 0.2842 |  0.3665 |
|     3      | 0.1934 | 0.1143 | 0.2154 | 0.2688 |  0.3482 |
+------------+--------+--------+--------+--------+---------+, +------------+--------+--------+--------+--------+---------+
| Snapshot:4 |  MRR   | Hits@1 | Hits@3 | Hits@5 | Hits@10 |
+------------+--------+--------+--------+--------+---------+
|     0      | 0.3303 | 0.212  | 0.3811 | 0.4561 |  0.5576 |
|     1      | 0.2332 | 0.1402 | 0.2622 | 0.323  |  0.4142 |
|     2      | 0.2073 | 0.1249 | 0.2325 | 0.2842 |  0.3665 |
|     3      | 0.1934 | 0.1143 | 0.2154 | 0.2688 |  0.3482 |
|     4      | 0.2389 | 0.1443 | 0.2775 | 0.3404 |  0.4177 |
+------------+--------+--------+--------+--------+---------+]
2024-09-24 14:19:28,910 INFO    : Report Result:
+----------+--------------------+-----------+--------------+--------------+---------------+
| Snapshot |        Time        | Whole_MRR | Whole_Hits@1 | Whole_Hits@3 | Whole_Hits@10 |
+----------+--------------------+-----------+--------------+--------------+---------------+
|    0     | 33.341052532196045 |    0.33   |    0.212     |    0.381     |     0.558     |
|    1     | 254.39943146705627 |   0.271   |    0.168     |    0.309     |      0.47     |
|    2     | 186.54030179977417 |   0.247   |    0.152     |    0.279     |      0.43     |
|    3     | 148.66918230056763 |   0.232   |    0.142     |    0.262     |     0.408     |
|    4     | 93.82301640510559  |   0.233   |    0.142     |    0.265     |      0.41     |
+----------+--------------------+-----------+--------------+--------------+---------------+
2024-09-24 14:19:28,910 INFO    : Sum_Training_Time:716.7729845046997
2024-09-24 14:19:28,911 INFO    : Every_Training_Time:[33.341052532196045, 254.39943146705627, 186.54030179977417, 148.66918230056763, 93.82301640510559]
2024-09-24 14:19:28,911 INFO    : Forward transfer: 0.04115 Backward transfer: 0.0
