2025-01-14 15:03:56,123 INFO    : Namespace(batch_size=1024, data_path='./data/HYBRID/', dataset='HYBRID', debug=False, device=device(type='cuda', index=0), emb_dim=200, ent_r='200', epoch_num=200, explore=False, gpu='0', l2=0.0, learning_rate='3e-1', log_path='./logs/HYBRID 200 2 3e-1 1024/HYBRID 20250114150348', logger=<RootLogger root (INFO)>, margin=8.0, model_name='LoraKGE_Layers', multi_layers_path='train_sorted_by_edges_betweenness.txt', neg_ratio=10, note='', num_ent_layers='2', num_layer=1, num_rel_layers='1', patience='10', predict_result=False, r=100, r_fixed=True, random_seed=3407, record=False, rel_r='200', save_path='./checkpoint/HYBRID', skip_previous='False', snapshot_num=5, train_new=True, using_multi_layers=False, using_various_ranks='True', using_various_ranks_reverse=False, valid_metrics='mrr')
2025-01-14 15:04:03,766 INFO    : Snapshot:0	0	10	Epoch:0	Loss:41.71	MRR:8.75	Hits@10:20.52	Best:8.75
2025-01-14 15:04:09,545 INFO    : Snapshot:0	0	10	Epoch:1	Loss:28.429	MRR:15.57	Hits@10:30.78	Best:15.57
2025-01-14 15:04:15,263 INFO    : Snapshot:0	0	10	Epoch:2	Loss:18.068	MRR:20.81	Hits@10:37.81	Best:20.81
2025-01-14 15:04:20,983 INFO    : Snapshot:0	0	10	Epoch:3	Loss:10.959	MRR:23.3	Hits@10:41.12	Best:23.3
2025-01-14 15:04:26,598 INFO    : Snapshot:0	0	10	Epoch:4	Loss:6.919	MRR:24.72	Hits@10:42.86	Best:24.72
2025-01-14 15:04:32,208 INFO    : Snapshot:0	0	10	Epoch:5	Loss:4.64	MRR:25.0	Hits@10:43.85	Best:25.0
2025-01-14 15:04:37,663 INFO    : Snapshot:0	0	10	Epoch:6	Loss:3.342	MRR:25.24	Hits@10:44.32	Best:25.24
2025-01-14 15:04:43,333 INFO    : Snapshot:0	1	10	Epoch:7	Loss:2.518	MRR:25.17	Hits@10:44.55	Best:25.24
2025-01-14 15:04:48,878 INFO    : Snapshot:0	0	10	Epoch:8	Loss:2.002	MRR:25.29	Hits@10:44.55	Best:25.29
2025-01-14 15:04:54,325 INFO    : Snapshot:0	1	10	Epoch:9	Loss:1.644	MRR:25.27	Hits@10:44.55	Best:25.29
2025-01-14 15:04:59,800 INFO    : Snapshot:0	2	10	Epoch:10	Loss:1.391	MRR:25.02	Hits@10:44.6	Best:25.29
2025-01-14 15:05:05,378 INFO    : Snapshot:0	3	10	Epoch:11	Loss:1.19	MRR:25.18	Hits@10:44.73	Best:25.29
2025-01-14 15:05:10,800 INFO    : Snapshot:0	4	10	Epoch:12	Loss:1.077	MRR:24.98	Hits@10:44.68	Best:25.29
2025-01-14 15:05:16,240 INFO    : Snapshot:0	5	10	Epoch:13	Loss:0.953	MRR:24.97	Hits@10:44.73	Best:25.29
2025-01-14 15:05:21,664 INFO    : Snapshot:0	6	10	Epoch:14	Loss:0.889	MRR:24.86	Hits@10:44.57	Best:25.29
2025-01-14 15:05:27,234 INFO    : Snapshot:0	7	10	Epoch:15	Loss:0.818	MRR:24.9	Hits@10:44.51	Best:25.29
2025-01-14 15:05:33,014 INFO    : Snapshot:0	8	10	Epoch:16	Loss:0.754	MRR:24.84	Hits@10:44.26	Best:25.29
2025-01-14 15:05:38,722 INFO    : Snapshot:0	9	10	Epoch:17	Loss:0.717	MRR:24.88	Hits@10:44.43	Best:25.29
2025-01-14 15:05:44,272 INFO    : Early Stopping! Snapshot:0 Epoch: 18 Best Results: 25.29
2025-01-14 15:05:44,370 INFO    : => loading checkpoint './checkpoint/HYBRID\0model_best.tar'
2025-01-14 15:05:47,695 INFO    : 
+------------+--------+--------+--------+--------+---------+
| Snapshot:0 |  MRR   | Hits@1 | Hits@3 | Hits@5 | Hits@10 |
+------------+--------+--------+--------+--------+---------+
|     0      | 0.2532 | 0.152  | 0.3054 | 0.3657 |  0.4362 |
+------------+--------+--------+--------+--------+---------+
2025-01-14 15:05:54,051 INFO    : Snapshot:1	0	10	Epoch:0	Loss:6.281	MRR:20.63	Hits@10:36.26	Best:20.63
2025-01-14 15:05:56,683 INFO    : Snapshot:1	0	10	Epoch:1	Loss:3.27	MRR:23.04	Hits@10:41.41	Best:23.04
2025-01-14 15:05:59,055 INFO    : Snapshot:1	0	10	Epoch:2	Loss:2.82	MRR:23.81	Hits@10:42.97	Best:23.81
2025-01-14 15:06:01,423 INFO    : Snapshot:1	0	10	Epoch:3	Loss:2.61	MRR:24.64	Hits@10:43.37	Best:24.64
2025-01-14 15:06:03,735 INFO    : Snapshot:1	0	10	Epoch:4	Loss:2.517	MRR:25.33	Hits@10:44.17	Best:25.33
2025-01-14 15:06:06,163 INFO    : Snapshot:1	0	10	Epoch:5	Loss:2.42	MRR:25.34	Hits@10:44.26	Best:25.34
2025-01-14 15:06:08,412 INFO    : Snapshot:1	1	10	Epoch:6	Loss:2.361	MRR:25.19	Hits@10:44.44	Best:25.34
2025-01-14 15:06:10,579 INFO    : Snapshot:1	0	10	Epoch:7	Loss:2.331	MRR:25.71	Hits@10:45.07	Best:25.71
2025-01-14 15:06:12,755 INFO    : Snapshot:1	0	10	Epoch:8	Loss:2.308	MRR:25.74	Hits@10:44.97	Best:25.74
2025-01-14 15:06:14,904 INFO    : Snapshot:1	1	10	Epoch:9	Loss:2.277	MRR:25.45	Hits@10:44.86	Best:25.74
2025-01-14 15:06:17,093 INFO    : Snapshot:1	0	10	Epoch:10	Loss:2.238	MRR:25.86	Hits@10:45.09	Best:25.86
2025-01-14 15:06:19,265 INFO    : Snapshot:1	1	10	Epoch:11	Loss:2.24	MRR:25.58	Hits@10:45.33	Best:25.86
2025-01-14 15:06:21,453 INFO    : Snapshot:1	0	10	Epoch:12	Loss:2.219	MRR:26.11	Hits@10:45.46	Best:26.11
2025-01-14 15:06:23,574 INFO    : Snapshot:1	1	10	Epoch:13	Loss:2.199	MRR:25.79	Hits@10:45.38	Best:26.11
2025-01-14 15:06:25,734 INFO    : Snapshot:1	2	10	Epoch:14	Loss:2.192	MRR:25.96	Hits@10:45.47	Best:26.11
2025-01-14 15:06:27,947 INFO    : Snapshot:1	3	10	Epoch:15	Loss:2.188	MRR:25.66	Hits@10:45.37	Best:26.11
2025-01-14 15:06:30,217 INFO    : Snapshot:1	0	10	Epoch:16	Loss:2.165	MRR:26.3	Hits@10:45.56	Best:26.3
2025-01-14 15:06:32,391 INFO    : Snapshot:1	1	10	Epoch:17	Loss:2.184	MRR:26.02	Hits@10:45.63	Best:26.3
2025-01-14 15:06:34,555 INFO    : Snapshot:1	2	10	Epoch:18	Loss:2.154	MRR:26.17	Hits@10:45.6	Best:26.3
2025-01-14 15:06:36,703 INFO    : Snapshot:1	0	10	Epoch:19	Loss:2.154	MRR:26.45	Hits@10:45.17	Best:26.45
2025-01-14 15:06:38,857 INFO    : Snapshot:1	0	10	Epoch:20	Loss:2.166	MRR:26.64	Hits@10:45.51	Best:26.64
2025-01-14 15:06:41,091 INFO    : Snapshot:1	1	10	Epoch:21	Loss:2.139	MRR:26.15	Hits@10:45.51	Best:26.64
2025-01-14 15:06:43,324 INFO    : Snapshot:1	2	10	Epoch:22	Loss:2.131	MRR:26.17	Hits@10:45.41	Best:26.64
2025-01-14 15:06:45,495 INFO    : Snapshot:1	3	10	Epoch:23	Loss:2.146	MRR:26.56	Hits@10:45.45	Best:26.64
2025-01-14 15:06:47,685 INFO    : Snapshot:1	4	10	Epoch:24	Loss:2.121	MRR:26.18	Hits@10:45.52	Best:26.64
2025-01-14 15:06:49,942 INFO    : Snapshot:1	5	10	Epoch:25	Loss:2.123	MRR:26.54	Hits@10:45.53	Best:26.64
2025-01-14 15:06:52,250 INFO    : Snapshot:1	6	10	Epoch:26	Loss:2.123	MRR:26.03	Hits@10:45.69	Best:26.64
2025-01-14 15:06:54,600 INFO    : Snapshot:1	7	10	Epoch:27	Loss:2.104	MRR:26.37	Hits@10:45.49	Best:26.64
2025-01-14 15:06:56,952 INFO    : Snapshot:1	8	10	Epoch:28	Loss:2.105	MRR:26.56	Hits@10:45.93	Best:26.64
2025-01-14 15:06:59,300 INFO    : Snapshot:1	9	10	Epoch:29	Loss:2.1	MRR:26.28	Hits@10:45.49	Best:26.64
2025-01-14 15:07:01,682 INFO    : Early Stopping! Snapshot:1 Epoch: 30 Best Results: 26.64
2025-01-14 15:07:01,777 INFO    : => loading checkpoint './checkpoint/HYBRID\1model_best.tar'
2025-01-14 15:07:07,051 INFO    : 
+------------+--------+--------+--------+--------+---------+
| Snapshot:1 |  MRR   | Hits@1 | Hits@3 | Hits@5 | Hits@10 |
+------------+--------+--------+--------+--------+---------+
|     0      | 0.2532 | 0.152  | 0.3054 | 0.3657 |  0.4362 |
|     1      | 0.2633 | 0.1686 | 0.2992 | 0.3618 |  0.4516 |
+------------+--------+--------+--------+--------+---------+
2025-01-14 15:07:28,686 INFO    : Snapshot:2	0	10	Epoch:0	Loss:20.722	MRR:15.0	Hits@10:27.48	Best:15.0
2025-01-14 15:07:39,969 INFO    : Snapshot:2	0	10	Epoch:1	Loss:14.233	MRR:15.85	Hits@10:29.11	Best:15.85
2025-01-14 15:07:51,139 INFO    : Snapshot:2	0	10	Epoch:2	Loss:13.334	MRR:16.36	Hits@10:29.75	Best:16.36
2025-01-14 15:08:02,804 INFO    : Snapshot:2	0	10	Epoch:3	Loss:12.85	MRR:16.91	Hits@10:30.43	Best:16.91
2025-01-14 15:08:14,254 INFO    : Snapshot:2	0	10	Epoch:4	Loss:12.613	MRR:17.35	Hits@10:31.21	Best:17.35
2025-01-14 15:08:25,423 INFO    : Snapshot:2	0	10	Epoch:5	Loss:12.326	MRR:17.45	Hits@10:31.31	Best:17.45
2025-01-14 15:08:37,326 INFO    : Snapshot:2	0	10	Epoch:6	Loss:12.199	MRR:17.58	Hits@10:31.57	Best:17.58
2025-01-14 15:08:48,814 INFO    : Snapshot:2	1	10	Epoch:7	Loss:12.063	MRR:17.41	Hits@10:31.36	Best:17.58
2025-01-14 15:09:00,360 INFO    : Snapshot:2	0	10	Epoch:8	Loss:11.99	MRR:17.69	Hits@10:31.61	Best:17.69
2025-01-14 15:09:12,438 INFO    : Snapshot:2	0	10	Epoch:9	Loss:11.893	MRR:17.84	Hits@10:31.75	Best:17.84
2025-01-14 15:09:24,116 INFO    : Snapshot:2	0	10	Epoch:10	Loss:11.832	MRR:18.12	Hits@10:31.94	Best:18.12
2025-01-14 15:09:36,127 INFO    : Snapshot:2	1	10	Epoch:11	Loss:11.751	MRR:17.82	Hits@10:31.78	Best:18.12
2025-01-14 15:09:47,813 INFO    : Snapshot:2	2	10	Epoch:12	Loss:11.723	MRR:18.03	Hits@10:31.92	Best:18.12
2025-01-14 15:09:59,587 INFO    : Snapshot:2	0	10	Epoch:13	Loss:11.697	MRR:18.33	Hits@10:32.18	Best:18.33
2025-01-14 15:10:10,964 INFO    : Snapshot:2	1	10	Epoch:14	Loss:11.684	MRR:18.07	Hits@10:32.23	Best:18.33
2025-01-14 15:10:22,422 INFO    : Snapshot:2	2	10	Epoch:15	Loss:11.611	MRR:18.13	Hits@10:32.2	Best:18.33
2025-01-14 15:10:34,324 INFO    : Snapshot:2	3	10	Epoch:16	Loss:11.577	MRR:18.13	Hits@10:32.07	Best:18.33
2025-01-14 15:10:45,815 INFO    : Snapshot:2	4	10	Epoch:17	Loss:11.529	MRR:18.15	Hits@10:32.2	Best:18.33
2025-01-14 15:10:57,314 INFO    : Snapshot:2	5	10	Epoch:18	Loss:11.518	MRR:18.33	Hits@10:32.27	Best:18.33
2025-01-14 15:11:08,908 INFO    : Snapshot:2	6	10	Epoch:19	Loss:11.532	MRR:18.14	Hits@10:32.27	Best:18.33
2025-01-14 15:11:20,594 INFO    : Snapshot:2	7	10	Epoch:20	Loss:11.502	MRR:18.22	Hits@10:32.19	Best:18.33
2025-01-14 15:11:32,949 INFO    : Snapshot:2	8	10	Epoch:21	Loss:11.488	MRR:18.08	Hits@10:32.23	Best:18.33
2025-01-14 15:11:44,334 INFO    : Snapshot:2	0	10	Epoch:22	Loss:11.469	MRR:18.39	Hits@10:32.42	Best:18.39
2025-01-14 15:11:56,030 INFO    : Snapshot:2	1	10	Epoch:23	Loss:11.44	MRR:18.24	Hits@10:32.27	Best:18.39
2025-01-14 15:12:07,594 INFO    : Snapshot:2	2	10	Epoch:24	Loss:11.423	MRR:18.17	Hits@10:32.3	Best:18.39
2025-01-14 15:12:18,831 INFO    : Snapshot:2	3	10	Epoch:25	Loss:11.416	MRR:18.34	Hits@10:32.46	Best:18.39
2025-01-14 15:12:30,538 INFO    : Snapshot:2	4	10	Epoch:26	Loss:11.42	MRR:18.3	Hits@10:32.33	Best:18.39
2025-01-14 15:12:41,838 INFO    : Snapshot:2	5	10	Epoch:27	Loss:11.392	MRR:18.23	Hits@10:32.41	Best:18.39
2025-01-14 15:12:53,186 INFO    : Snapshot:2	6	10	Epoch:28	Loss:11.376	MRR:18.3	Hits@10:32.18	Best:18.39
2025-01-14 15:13:05,042 INFO    : Snapshot:2	7	10	Epoch:29	Loss:11.361	MRR:18.34	Hits@10:32.39	Best:18.39
2025-01-14 15:13:16,629 INFO    : Snapshot:2	8	10	Epoch:30	Loss:11.374	MRR:18.38	Hits@10:32.49	Best:18.39
2025-01-14 15:13:28,307 INFO    : Snapshot:2	9	10	Epoch:31	Loss:11.381	MRR:18.35	Hits@10:32.25	Best:18.39
2025-01-14 15:13:39,967 INFO    : Early Stopping! Snapshot:2 Epoch: 32 Best Results: 18.39
2025-01-14 15:13:40,065 INFO    : => loading checkpoint './checkpoint/HYBRID\2model_best.tar'
2025-01-14 15:13:52,359 INFO    : 
+------------+--------+--------+--------+--------+---------+
| Snapshot:2 |  MRR   | Hits@1 | Hits@3 | Hits@5 | Hits@10 |
+------------+--------+--------+--------+--------+---------+
|     0      | 0.2532 | 0.152  | 0.3054 | 0.3657 |  0.4362 |
|     1      | 0.2633 | 0.1686 | 0.2992 | 0.3618 |  0.4516 |
|     2      | 0.1826 | 0.1112 | 0.2036 | 0.2529 |  0.3207 |
+------------+--------+--------+--------+--------+---------+
2025-01-14 15:14:21,085 INFO    : Snapshot:3	0	10	Epoch:0	Loss:23.446	MRR:14.63	Hits@10:27.14	Best:14.63
2025-01-14 15:14:36,503 INFO    : Snapshot:3	0	10	Epoch:1	Loss:18.387	MRR:15.35	Hits@10:28.51	Best:15.35
2025-01-14 15:14:51,519 INFO    : Snapshot:3	0	10	Epoch:2	Loss:17.717	MRR:15.78	Hits@10:29.35	Best:15.78
2025-01-14 15:15:06,820 INFO    : Snapshot:3	0	10	Epoch:3	Loss:17.423	MRR:16.11	Hits@10:29.6	Best:16.11
2025-01-14 15:15:21,742 INFO    : Snapshot:3	0	10	Epoch:4	Loss:17.216	MRR:16.28	Hits@10:30.02	Best:16.28
2025-01-14 15:15:37,054 INFO    : Snapshot:3	0	10	Epoch:5	Loss:16.993	MRR:16.49	Hits@10:30.26	Best:16.49
2025-01-14 15:15:52,030 INFO    : Snapshot:3	0	10	Epoch:6	Loss:16.914	MRR:16.67	Hits@10:30.5	Best:16.67
2025-01-14 15:16:07,484 INFO    : Snapshot:3	1	10	Epoch:7	Loss:16.816	MRR:16.6	Hits@10:30.34	Best:16.67
2025-01-14 15:16:22,651 INFO    : Snapshot:3	0	10	Epoch:8	Loss:16.705	MRR:16.73	Hits@10:30.61	Best:16.73
2025-01-14 15:16:38,178 INFO    : Snapshot:3	0	10	Epoch:9	Loss:16.696	MRR:16.86	Hits@10:30.82	Best:16.86
2025-01-14 15:16:53,173 INFO    : Snapshot:3	0	10	Epoch:10	Loss:16.604	MRR:16.98	Hits@10:30.77	Best:16.98
2025-01-14 15:17:08,527 INFO    : Snapshot:3	1	10	Epoch:11	Loss:16.525	MRR:16.83	Hits@10:30.77	Best:16.98
2025-01-14 15:17:23,500 INFO    : Snapshot:3	2	10	Epoch:12	Loss:16.539	MRR:16.89	Hits@10:30.8	Best:16.98
2025-01-14 15:17:38,808 INFO    : Snapshot:3	0	10	Epoch:13	Loss:16.437	MRR:17.02	Hits@10:30.99	Best:17.02
2025-01-14 15:17:53,775 INFO    : Snapshot:3	1	10	Epoch:14	Loss:16.424	MRR:16.8	Hits@10:30.64	Best:17.02
2025-01-14 15:18:09,140 INFO    : Snapshot:3	2	10	Epoch:15	Loss:16.464	MRR:16.97	Hits@10:30.78	Best:17.02
2025-01-14 15:18:24,199 INFO    : Snapshot:3	3	10	Epoch:16	Loss:16.448	MRR:16.94	Hits@10:30.69	Best:17.02
2025-01-14 15:18:39,433 INFO    : Snapshot:3	4	10	Epoch:17	Loss:16.441	MRR:16.75	Hits@10:30.54	Best:17.02
2025-01-14 15:18:54,368 INFO    : Snapshot:3	5	10	Epoch:18	Loss:16.363	MRR:16.96	Hits@10:30.75	Best:17.02
2025-01-14 15:19:09,738 INFO    : Snapshot:3	6	10	Epoch:19	Loss:16.351	MRR:17.0	Hits@10:30.97	Best:17.02
2025-01-14 15:19:24,673 INFO    : Snapshot:3	0	10	Epoch:20	Loss:16.341	MRR:17.07	Hits@10:30.74	Best:17.07
2025-01-14 15:19:40,115 INFO    : Snapshot:3	1	10	Epoch:21	Loss:16.298	MRR:16.99	Hits@10:30.77	Best:17.07
2025-01-14 15:19:54,867 INFO    : Snapshot:3	2	10	Epoch:22	Loss:16.315	MRR:17.0	Hits@10:30.71	Best:17.07
2025-01-14 15:20:10,001 INFO    : Snapshot:3	3	10	Epoch:23	Loss:16.279	MRR:16.98	Hits@10:31.02	Best:17.07
2025-01-14 15:20:24,915 INFO    : Snapshot:3	0	10	Epoch:24	Loss:16.307	MRR:17.09	Hits@10:30.82	Best:17.09
2025-01-14 15:20:40,139 INFO    : Snapshot:3	1	10	Epoch:25	Loss:16.324	MRR:17.09	Hits@10:30.92	Best:17.09
2025-01-14 15:20:55,000 INFO    : Snapshot:3	2	10	Epoch:26	Loss:16.284	MRR:17.02	Hits@10:30.86	Best:17.09
2025-01-14 15:21:10,111 INFO    : Snapshot:3	3	10	Epoch:27	Loss:16.213	MRR:17.02	Hits@10:30.88	Best:17.09
2025-01-14 15:21:25,500 INFO    : Snapshot:3	0	10	Epoch:28	Loss:16.216	MRR:17.15	Hits@10:30.9	Best:17.15
2025-01-14 15:21:41,060 INFO    : Snapshot:3	1	10	Epoch:29	Loss:16.212	MRR:17.06	Hits@10:30.87	Best:17.15
2025-01-14 15:21:56,852 INFO    : Snapshot:3	2	10	Epoch:30	Loss:16.213	MRR:17.13	Hits@10:30.97	Best:17.15
2025-01-14 15:22:12,283 INFO    : Snapshot:3	3	10	Epoch:31	Loss:16.239	MRR:16.99	Hits@10:30.92	Best:17.15
2025-01-14 15:22:27,617 INFO    : Snapshot:3	4	10	Epoch:32	Loss:16.195	MRR:17.14	Hits@10:31.02	Best:17.15
2025-01-14 15:22:43,220 INFO    : Snapshot:3	0	10	Epoch:33	Loss:16.198	MRR:17.23	Hits@10:30.98	Best:17.23
2025-01-14 15:22:58,651 INFO    : Snapshot:3	1	10	Epoch:34	Loss:16.18	MRR:17.2	Hits@10:30.98	Best:17.23
2025-01-14 15:23:14,550 INFO    : Snapshot:3	2	10	Epoch:35	Loss:16.156	MRR:17.16	Hits@10:30.95	Best:17.23
2025-01-14 15:23:29,998 INFO    : Snapshot:3	3	10	Epoch:36	Loss:16.194	MRR:17.21	Hits@10:31.13	Best:17.23
2025-01-14 15:23:45,599 INFO    : Snapshot:3	4	10	Epoch:37	Loss:16.136	MRR:17.16	Hits@10:30.75	Best:17.23
2025-01-14 15:24:01,171 INFO    : Snapshot:3	0	10	Epoch:38	Loss:16.128	MRR:17.27	Hits@10:31.05	Best:17.27
2025-01-14 15:24:16,825 INFO    : Snapshot:3	1	10	Epoch:39	Loss:16.159	MRR:17.21	Hits@10:30.89	Best:17.27
2025-01-14 15:24:32,472 INFO    : Snapshot:3	2	10	Epoch:40	Loss:16.137	MRR:17.02	Hits@10:30.81	Best:17.27
2025-01-14 15:24:47,532 INFO    : Snapshot:3	3	10	Epoch:41	Loss:16.171	MRR:17.13	Hits@10:31.08	Best:17.27
2025-01-14 15:25:03,058 INFO    : Snapshot:3	4	10	Epoch:42	Loss:16.072	MRR:17.2	Hits@10:31.01	Best:17.27
2025-01-14 15:25:18,144 INFO    : Snapshot:3	5	10	Epoch:43	Loss:16.072	MRR:17.14	Hits@10:30.99	Best:17.27
2025-01-14 15:25:33,668 INFO    : Snapshot:3	6	10	Epoch:44	Loss:16.062	MRR:17.11	Hits@10:31.01	Best:17.27
2025-01-14 15:25:49,601 INFO    : Snapshot:3	7	10	Epoch:45	Loss:16.101	MRR:17.22	Hits@10:31.04	Best:17.27
2025-01-14 15:26:04,865 INFO    : Snapshot:3	8	10	Epoch:46	Loss:16.153	MRR:17.16	Hits@10:31.0	Best:17.27
2025-01-14 15:26:20,117 INFO    : Snapshot:3	9	10	Epoch:47	Loss:16.065	MRR:17.16	Hits@10:30.94	Best:17.27
2025-01-14 15:26:35,683 INFO    : Snapshot:3	0	10	Epoch:48	Loss:16.074	MRR:17.29	Hits@10:30.93	Best:17.29
2025-01-14 15:26:51,123 INFO    : Snapshot:3	1	10	Epoch:49	Loss:16.078	MRR:17.19	Hits@10:31.01	Best:17.29
2025-01-14 15:27:06,694 INFO    : Snapshot:3	2	10	Epoch:50	Loss:16.109	MRR:17.2	Hits@10:30.95	Best:17.29
2025-01-14 15:27:22,229 INFO    : Snapshot:3	3	10	Epoch:51	Loss:16.075	MRR:17.13	Hits@10:31.09	Best:17.29
2025-01-14 15:27:37,609 INFO    : Snapshot:3	0	10	Epoch:52	Loss:16.033	MRR:17.3	Hits@10:31.1	Best:17.3
2025-01-14 15:27:52,598 INFO    : Snapshot:3	1	10	Epoch:53	Loss:16.056	MRR:17.18	Hits@10:30.94	Best:17.3
2025-01-14 15:28:08,017 INFO    : Snapshot:3	2	10	Epoch:54	Loss:16.052	MRR:17.21	Hits@10:30.91	Best:17.3
2025-01-14 15:28:23,817 INFO    : Snapshot:3	3	10	Epoch:55	Loss:16.046	MRR:17.26	Hits@10:31.04	Best:17.3
2025-01-14 15:28:39,304 INFO    : Snapshot:3	4	10	Epoch:56	Loss:16.002	MRR:17.29	Hits@10:31.0	Best:17.3
2025-01-14 15:28:54,358 INFO    : Snapshot:3	5	10	Epoch:57	Loss:16.057	MRR:17.2	Hits@10:31.0	Best:17.3
2025-01-14 15:29:09,699 INFO    : Snapshot:3	6	10	Epoch:58	Loss:16.008	MRR:17.13	Hits@10:31.1	Best:17.3
2025-01-14 15:29:25,236 INFO    : Snapshot:3	7	10	Epoch:59	Loss:15.985	MRR:17.23	Hits@10:31.03	Best:17.3
2025-01-14 15:29:40,752 INFO    : Snapshot:3	0	10	Epoch:60	Loss:15.992	MRR:17.32	Hits@10:31.11	Best:17.32
2025-01-14 15:29:56,056 INFO    : Snapshot:3	1	10	Epoch:61	Loss:15.983	MRR:17.26	Hits@10:30.94	Best:17.32
2025-01-14 15:30:11,585 INFO    : Snapshot:3	2	10	Epoch:62	Loss:15.984	MRR:17.25	Hits@10:30.93	Best:17.32
2025-01-14 15:30:26,826 INFO    : Snapshot:3	3	10	Epoch:63	Loss:15.999	MRR:17.24	Hits@10:31.06	Best:17.32
2025-01-14 15:30:42,634 INFO    : Snapshot:3	4	10	Epoch:64	Loss:16.002	MRR:17.21	Hits@10:31.01	Best:17.32
2025-01-14 15:30:58,256 INFO    : Snapshot:3	5	10	Epoch:65	Loss:15.981	MRR:17.16	Hits@10:31.03	Best:17.32
2025-01-14 15:31:13,578 INFO    : Snapshot:3	6	10	Epoch:66	Loss:16.019	MRR:17.26	Hits@10:31.04	Best:17.32
2025-01-14 15:31:28,930 INFO    : Snapshot:3	7	10	Epoch:67	Loss:16.005	MRR:17.28	Hits@10:30.92	Best:17.32
2025-01-14 15:31:44,143 INFO    : Snapshot:3	8	10	Epoch:68	Loss:15.991	MRR:17.13	Hits@10:30.99	Best:17.32
2025-01-14 15:31:59,502 INFO    : Snapshot:3	9	10	Epoch:69	Loss:16.02	MRR:17.2	Hits@10:30.95	Best:17.32
2025-01-14 15:32:15,392 INFO    : Early Stopping! Snapshot:3 Epoch: 70 Best Results: 17.32
2025-01-14 15:32:15,505 INFO    : => loading checkpoint './checkpoint/HYBRID\3model_best.tar'
2025-01-14 15:32:38,625 INFO    : 
+------------+--------+--------+--------+--------+---------+
| Snapshot:3 |  MRR   | Hits@1 | Hits@3 | Hits@5 | Hits@10 |
+------------+--------+--------+--------+--------+---------+
|     0      | 0.2532 | 0.152  | 0.3054 | 0.3657 |  0.4362 |
|     1      | 0.2633 | 0.1686 | 0.2992 | 0.3618 |  0.4516 |
|     2      | 0.1826 | 0.1112 | 0.2036 | 0.2529 |  0.3207 |
|     3      | 0.1715 | 0.096  | 0.2017 | 0.2495 |  0.312  |
+------------+--------+--------+--------+--------+---------+
2025-01-14 15:32:52,392 INFO    : Snapshot:4	0	10	Epoch:0	Loss:11.942	MRR:15.19	Hits@10:24.06	Best:15.19
2025-01-14 15:32:59,015 INFO    : Snapshot:4	0	10	Epoch:1	Loss:10.612	MRR:15.21	Hits@10:24.24	Best:15.21
2025-01-14 15:33:05,095 INFO    : Snapshot:4	0	10	Epoch:2	Loss:10.507	MRR:15.42	Hits@10:24.31	Best:15.42
2025-01-14 15:33:11,647 INFO    : Snapshot:4	1	10	Epoch:3	Loss:10.488	MRR:15.42	Hits@10:24.42	Best:15.42
2025-01-14 15:33:18,265 INFO    : Snapshot:4	2	10	Epoch:4	Loss:10.481	MRR:15.31	Hits@10:24.32	Best:15.42
2025-01-14 15:33:25,382 INFO    : Snapshot:4	3	10	Epoch:5	Loss:10.429	MRR:15.39	Hits@10:24.51	Best:15.42
2025-01-14 15:33:32,431 INFO    : Snapshot:4	4	10	Epoch:6	Loss:10.388	MRR:15.41	Hits@10:24.35	Best:15.42
2025-01-14 15:33:38,643 INFO    : Snapshot:4	5	10	Epoch:7	Loss:10.41	MRR:15.4	Hits@10:24.59	Best:15.42
2025-01-14 15:33:45,243 INFO    : Snapshot:4	0	10	Epoch:8	Loss:10.396	MRR:15.43	Hits@10:24.44	Best:15.43
2025-01-14 15:33:51,807 INFO    : Snapshot:4	1	10	Epoch:9	Loss:10.379	MRR:15.25	Hits@10:24.36	Best:15.43
2025-01-14 15:33:58,312 INFO    : Snapshot:4	2	10	Epoch:10	Loss:10.39	MRR:15.38	Hits@10:24.31	Best:15.43
2025-01-14 15:34:04,625 INFO    : Snapshot:4	3	10	Epoch:11	Loss:10.372	MRR:15.37	Hits@10:24.5	Best:15.43
2025-01-14 15:34:11,021 INFO    : Snapshot:4	0	10	Epoch:12	Loss:10.379	MRR:15.55	Hits@10:24.54	Best:15.55
2025-01-14 15:34:17,678 INFO    : Snapshot:4	1	10	Epoch:13	Loss:10.375	MRR:15.35	Hits@10:24.4	Best:15.55
2025-01-14 15:34:24,683 INFO    : Snapshot:4	2	10	Epoch:14	Loss:10.353	MRR:15.49	Hits@10:24.46	Best:15.55
2025-01-14 15:34:31,958 INFO    : Snapshot:4	3	10	Epoch:15	Loss:10.343	MRR:15.39	Hits@10:24.23	Best:15.55
2025-01-14 15:34:38,925 INFO    : Snapshot:4	4	10	Epoch:16	Loss:10.368	MRR:15.39	Hits@10:24.5	Best:15.55
2025-01-14 15:34:46,039 INFO    : Snapshot:4	0	10	Epoch:17	Loss:10.344	MRR:15.59	Hits@10:24.57	Best:15.59
2025-01-14 15:34:52,900 INFO    : Snapshot:4	1	10	Epoch:18	Loss:10.337	MRR:15.41	Hits@10:24.38	Best:15.59
2025-01-14 15:34:59,901 INFO    : Snapshot:4	2	10	Epoch:19	Loss:10.361	MRR:15.44	Hits@10:24.51	Best:15.59
2025-01-14 15:35:07,051 INFO    : Snapshot:4	3	10	Epoch:20	Loss:10.38	MRR:15.5	Hits@10:24.45	Best:15.59
2025-01-14 15:35:13,751 INFO    : Snapshot:4	4	10	Epoch:21	Loss:10.367	MRR:15.49	Hits@10:24.52	Best:15.59
2025-01-14 15:35:20,253 INFO    : Snapshot:4	5	10	Epoch:22	Loss:10.363	MRR:15.5	Hits@10:24.52	Best:15.59
2025-01-14 15:35:26,933 INFO    : Snapshot:4	6	10	Epoch:23	Loss:10.338	MRR:15.5	Hits@10:24.57	Best:15.59
2025-01-14 15:35:32,790 INFO    : Snapshot:4	7	10	Epoch:24	Loss:10.347	MRR:15.5	Hits@10:24.39	Best:15.59
2025-01-14 15:35:38,720 INFO    : Snapshot:4	8	10	Epoch:25	Loss:10.36	MRR:15.54	Hits@10:24.59	Best:15.59
2025-01-14 15:35:44,987 INFO    : Snapshot:4	9	10	Epoch:26	Loss:10.356	MRR:15.5	Hits@10:24.54	Best:15.59
2025-01-14 15:35:50,848 INFO    : Early Stopping! Snapshot:4 Epoch: 27 Best Results: 15.59
2025-01-14 15:35:50,953 INFO    : => loading checkpoint './checkpoint/HYBRID\4model_best.tar'
2025-01-14 15:36:21,951 INFO    : 
+------------+--------+--------+--------+--------+---------+
| Snapshot:4 |  MRR   | Hits@1 | Hits@3 | Hits@5 | Hits@10 |
+------------+--------+--------+--------+--------+---------+
|     0      | 0.2532 | 0.152  | 0.3054 | 0.3657 |  0.4362 |
|     1      | 0.2633 | 0.1686 | 0.2992 | 0.3618 |  0.4516 |
|     2      | 0.1826 | 0.1112 | 0.2036 | 0.2529 |  0.3207 |
|     3      | 0.1715 | 0.096  | 0.2017 | 0.2495 |  0.312  |
|     4      | 0.1546 | 0.1058 | 0.1681 | 0.1991 |  0.2434 |
+------------+--------+--------+--------+--------+---------+
2025-01-14 15:36:21,951 INFO    : Final Result:
[+------------+--------+--------+--------+--------+---------+
| Snapshot:0 |  MRR   | Hits@1 | Hits@3 | Hits@5 | Hits@10 |
+------------+--------+--------+--------+--------+---------+
|     0      | 0.2532 | 0.152  | 0.3054 | 0.3657 |  0.4362 |
+------------+--------+--------+--------+--------+---------+, +------------+--------+--------+--------+--------+---------+
| Snapshot:1 |  MRR   | Hits@1 | Hits@3 | Hits@5 | Hits@10 |
+------------+--------+--------+--------+--------+---------+
|     0      | 0.2532 | 0.152  | 0.3054 | 0.3657 |  0.4362 |
|     1      | 0.2633 | 0.1686 | 0.2992 | 0.3618 |  0.4516 |
+------------+--------+--------+--------+--------+---------+, +------------+--------+--------+--------+--------+---------+
| Snapshot:2 |  MRR   | Hits@1 | Hits@3 | Hits@5 | Hits@10 |
+------------+--------+--------+--------+--------+---------+
|     0      | 0.2532 | 0.152  | 0.3054 | 0.3657 |  0.4362 |
|     1      | 0.2633 | 0.1686 | 0.2992 | 0.3618 |  0.4516 |
|     2      | 0.1826 | 0.1112 | 0.2036 | 0.2529 |  0.3207 |
+------------+--------+--------+--------+--------+---------+, +------------+--------+--------+--------+--------+---------+
| Snapshot:3 |  MRR   | Hits@1 | Hits@3 | Hits@5 | Hits@10 |
+------------+--------+--------+--------+--------+---------+
|     0      | 0.2532 | 0.152  | 0.3054 | 0.3657 |  0.4362 |
|     1      | 0.2633 | 0.1686 | 0.2992 | 0.3618 |  0.4516 |
|     2      | 0.1826 | 0.1112 | 0.2036 | 0.2529 |  0.3207 |
|     3      | 0.1715 | 0.096  | 0.2017 | 0.2495 |  0.312  |
+------------+--------+--------+--------+--------+---------+, +------------+--------+--------+--------+--------+---------+
| Snapshot:4 |  MRR   | Hits@1 | Hits@3 | Hits@5 | Hits@10 |
+------------+--------+--------+--------+--------+---------+
|     0      | 0.2532 | 0.152  | 0.3054 | 0.3657 |  0.4362 |
|     1      | 0.2633 | 0.1686 | 0.2992 | 0.3618 |  0.4516 |
|     2      | 0.1826 | 0.1112 | 0.2036 | 0.2529 |  0.3207 |
|     3      | 0.1715 | 0.096  | 0.2017 | 0.2495 |  0.312  |
|     4      | 0.1546 | 0.1058 | 0.1681 | 0.1991 |  0.2434 |
+------------+--------+--------+--------+--------+---------+]
2025-01-14 15:36:21,951 INFO    : Report Result:
+----------+--------------------+-----------+--------------+--------------+---------------+
| Snapshot |        Time        | Whole_MRR | Whole_Hits@1 | Whole_Hits@3 | Whole_Hits@10 |
+----------+--------------------+-----------+--------------+--------------+---------------+
|    0     | 108.15403318405151 |   0.253   |    0.152     |    0.305     |     0.436     |
|    1     |  72.1405382156372  |   0.256   |    0.156     |    0.304     |      0.44     |
|    2     | 385.34526014328003 |   0.217   |    0.133     |    0.251     |     0.377     |
|    3     | 1092.3800954818726 |    0.2    |    0.119     |    0.232     |     0.352     |
|    4     | 186.73536491394043 |   0.194   |    0.117     |    0.224     |     0.338     |
+----------+--------------------+-----------+--------------+--------------+---------------+
2025-01-14 15:36:21,951 INFO    : Sum_Training_Time:1844.7552919387817
2025-01-14 15:36:21,951 INFO    : Every_Training_Time:[108.15403318405151, 72.1405382156372, 385.34526014328003, 1092.3800954818726, 186.73536491394043]
2025-01-14 15:36:21,951 INFO    : Forward transfer: 0.034275 Backward transfer: 0.0
