2024-09-11 12:56:54,757 INFO    : Namespace(batch_size=1024, data_path='./data/FACT/', dataset='FACT', debug=False, device=device(type='cuda', index=0), emb_dim=200, ent_r='200', epoch_num=200, explore=False, gpu='0', l2=0.0, learning_rate='3e-1', log_path='./logs/20240911125644/FACT', logger=<RootLogger root (INFO)>, margin=8.0, model_name='LoraKGE_Layers', multi_layers_path='train_sorted_by_edges_betweenness.txt', neg_ratio=10, note='', num_ent_layers='20', num_layer=1, num_rel_layers='1', patience=3, predict_result=False, r=100, r_fixed=True, random_seed=3407, record=False, rel_r='20', save_path='./checkpoint/FACT', skip_previous='False', snapshot_num=5, train_new=True, using_multi_layers=False, using_various_ranks='True', using_various_ranks_reverse=False, valid_metrics='mrr')
2024-09-11 12:57:03,969 INFO    : Snapshot:0	0	3	Epoch:0	Loss:47.564	MRR:7.09	Hits@10:15.03	Best:7.09
2024-09-11 12:57:10,239 INFO    : Snapshot:0	0	3	Epoch:1	Loss:34.837	MRR:10.88	Hits@10:23.09	Best:10.88
2024-09-11 12:57:16,600 INFO    : Snapshot:0	0	3	Epoch:2	Loss:25.279	MRR:14.91	Hits@10:29.3	Best:14.91
2024-09-11 12:57:22,957 INFO    : Snapshot:0	0	3	Epoch:3	Loss:18.001	MRR:18.16	Hits@10:33.02	Best:18.16
2024-09-11 12:57:29,259 INFO    : Snapshot:0	0	3	Epoch:4	Loss:12.634	MRR:20.66	Hits@10:35.14	Best:20.66
2024-09-11 12:57:35,623 INFO    : Snapshot:0	0	3	Epoch:5	Loss:8.805	MRR:22.17	Hits@10:36.59	Best:22.17
2024-09-11 12:57:41,958 INFO    : Snapshot:0	0	3	Epoch:6	Loss:6.185	MRR:23.14	Hits@10:37.42	Best:23.14
2024-09-11 12:57:48,277 INFO    : Snapshot:0	0	3	Epoch:7	Loss:4.48	MRR:23.65	Hits@10:37.88	Best:23.65
2024-09-11 12:57:54,615 INFO    : Snapshot:0	0	3	Epoch:8	Loss:3.328	MRR:23.96	Hits@10:38.48	Best:23.96
2024-09-11 12:58:01,043 INFO    : Snapshot:0	0	3	Epoch:9	Loss:2.548	MRR:24.3	Hits@10:38.7	Best:24.3
2024-09-11 12:58:07,411 INFO    : Snapshot:0	0	3	Epoch:10	Loss:1.98	MRR:24.36	Hits@10:38.68	Best:24.36
2024-09-11 12:58:13,772 INFO    : Snapshot:0	0	3	Epoch:11	Loss:1.646	MRR:24.66	Hits@10:39.06	Best:24.66
2024-09-11 12:58:20,180 INFO    : Snapshot:0	0	3	Epoch:12	Loss:1.369	MRR:24.73	Hits@10:39.15	Best:24.73
2024-09-11 12:58:26,544 INFO    : Snapshot:0	0	3	Epoch:13	Loss:1.174	MRR:24.74	Hits@10:39.23	Best:24.74
2024-09-11 12:58:32,914 INFO    : Snapshot:0	1	3	Epoch:14	Loss:1.054	MRR:24.67	Hits@10:39.46	Best:24.74
2024-09-11 12:58:39,236 INFO    : Snapshot:0	2	3	Epoch:15	Loss:0.913	MRR:24.56	Hits@10:39.46	Best:24.74
2024-09-11 12:58:45,571 INFO    : Snapshot:0	0	3	Epoch:16	Loss:0.83	MRR:24.75	Hits@10:39.47	Best:24.75
2024-09-11 12:58:51,972 INFO    : Snapshot:0	0	3	Epoch:17	Loss:0.772	MRR:24.76	Hits@10:39.75	Best:24.76
2024-09-11 12:58:58,567 INFO    : Snapshot:0	1	3	Epoch:18	Loss:0.715	MRR:24.57	Hits@10:39.36	Best:24.76
2024-09-11 12:59:04,924 INFO    : Snapshot:0	2	3	Epoch:19	Loss:0.661	MRR:24.64	Hits@10:39.55	Best:24.76
2024-09-11 12:59:11,201 INFO    : Early Stopping! Snapshot:0 Epoch: 20 Best Results: 24.76
2024-09-11 12:59:11,297 INFO    : => loading checkpoint './checkpoint/FACT\0model_best.tar'
2024-09-11 12:59:15,254 INFO    : 
+------------+--------+--------+--------+--------+---------+
| Snapshot:0 |  MRR   | Hits@1 | Hits@3 | Hits@5 | Hits@10 |
+------------+--------+--------+--------+--------+---------+
|     0      | 0.2396 | 0.1582 | 0.2773 | 0.3272 |  0.3869 |
+------------+--------+--------+--------+--------+---------+
2024-09-11 12:59:32,392 INFO    : Snapshot:1	0	3	Epoch:0	Loss:17.744	MRR:18.51	Hits@10:30.31	Best:18.51
2024-09-11 12:59:41,454 INFO    : Snapshot:1	0	3	Epoch:1	Loss:14.9	MRR:18.95	Hits@10:30.61	Best:18.95
2024-09-11 12:59:50,799 INFO    : Snapshot:1	0	3	Epoch:2	Loss:14.419	MRR:19.04	Hits@10:31.03	Best:19.04
2024-09-11 13:00:00,187 INFO    : Snapshot:1	0	3	Epoch:3	Loss:14.169	MRR:19.09	Hits@10:31.19	Best:19.09
2024-09-11 13:00:09,529 INFO    : Snapshot:1	0	3	Epoch:4	Loss:14.094	MRR:19.22	Hits@10:31.31	Best:19.22
2024-09-11 13:00:18,779 INFO    : Snapshot:1	1	3	Epoch:5	Loss:13.964	MRR:19.18	Hits@10:31.36	Best:19.22
2024-09-11 13:00:27,993 INFO    : Snapshot:1	0	3	Epoch:6	Loss:13.923	MRR:19.25	Hits@10:31.46	Best:19.25
2024-09-11 13:00:37,286 INFO    : Snapshot:1	1	3	Epoch:7	Loss:13.87	MRR:19.19	Hits@10:31.45	Best:19.25
2024-09-11 13:00:46,480 INFO    : Snapshot:1	0	3	Epoch:8	Loss:13.823	MRR:19.3	Hits@10:31.43	Best:19.3
2024-09-11 13:00:55,644 INFO    : Snapshot:1	1	3	Epoch:9	Loss:13.787	MRR:19.27	Hits@10:31.5	Best:19.3
2024-09-11 13:01:04,804 INFO    : Snapshot:1	2	3	Epoch:10	Loss:13.773	MRR:19.29	Hits@10:31.51	Best:19.3
2024-09-11 13:01:13,903 INFO    : Snapshot:1	0	3	Epoch:11	Loss:13.722	MRR:19.38	Hits@10:31.73	Best:19.38
2024-09-11 13:01:23,025 INFO    : Snapshot:1	1	3	Epoch:12	Loss:13.708	MRR:19.32	Hits@10:31.67	Best:19.38
2024-09-11 13:01:32,220 INFO    : Snapshot:1	2	3	Epoch:13	Loss:13.679	MRR:19.33	Hits@10:31.75	Best:19.38
2024-09-11 13:01:41,440 INFO    : Early Stopping! Snapshot:1 Epoch: 14 Best Results: 19.38
2024-09-11 13:01:41,551 INFO    : => loading checkpoint './checkpoint/FACT\1model_best.tar'
2024-09-11 13:01:51,589 INFO    : 
+------------+--------+--------+--------+--------+---------+
| Snapshot:1 |  MRR   | Hits@1 | Hits@3 | Hits@5 | Hits@10 |
+------------+--------+--------+--------+--------+---------+
|     0      | 0.2396 | 0.1582 | 0.2773 | 0.3272 |  0.3869 |
|     1      | 0.1932 | 0.1253 | 0.2246 | 0.263  |  0.3169 |
+------------+--------+--------+--------+--------+---------+
2024-09-11 13:02:10,196 INFO    : Snapshot:2	0	3	Epoch:0	Loss:16.467	MRR:17.08	Hits@10:28.92	Best:17.08
2024-09-11 13:02:19,710 INFO    : Snapshot:2	1	3	Epoch:1	Loss:15.423	MRR:17.08	Hits@10:28.99	Best:17.08
2024-09-11 13:02:29,326 INFO    : Snapshot:2	0	3	Epoch:2	Loss:15.305	MRR:17.25	Hits@10:29.13	Best:17.25
2024-09-11 13:02:38,959 INFO    : Snapshot:2	1	3	Epoch:3	Loss:15.23	MRR:17.2	Hits@10:29.12	Best:17.25
2024-09-11 13:02:48,765 INFO    : Snapshot:2	2	3	Epoch:4	Loss:15.197	MRR:17.15	Hits@10:29.1	Best:17.25
2024-09-11 13:02:58,456 INFO    : Early Stopping! Snapshot:2 Epoch: 5 Best Results: 17.25
2024-09-11 13:02:58,553 INFO    : => loading checkpoint './checkpoint/FACT\2model_best.tar'
2024-09-11 13:03:14,275 INFO    : 
+------------+--------+--------+--------+--------+---------+
| Snapshot:2 |  MRR   | Hits@1 | Hits@3 | Hits@5 | Hits@10 |
+------------+--------+--------+--------+--------+---------+
|     0      | 0.2396 | 0.1582 | 0.2773 | 0.3272 |  0.3869 |
|     1      | 0.1932 | 0.1253 | 0.2246 | 0.263  |  0.3169 |
|     2      | 0.1713 | 0.1084 | 0.1952 | 0.2337 |  0.2896 |
+------------+--------+--------+--------+--------+---------+
2024-09-11 13:03:32,798 INFO    : Snapshot:3	0	3	Epoch:0	Loss:16.275	MRR:14.14	Hits@10:25.32	Best:14.14
2024-09-11 13:03:42,487 INFO    : Snapshot:3	0	3	Epoch:1	Loss:15.833	MRR:14.17	Hits@10:25.41	Best:14.17
2024-09-11 13:03:52,145 INFO    : Snapshot:3	0	3	Epoch:2	Loss:15.795	MRR:14.21	Hits@10:25.44	Best:14.21
2024-09-11 13:04:01,697 INFO    : Snapshot:3	1	3	Epoch:3	Loss:15.776	MRR:14.19	Hits@10:25.43	Best:14.21
2024-09-11 13:04:11,323 INFO    : Snapshot:3	2	3	Epoch:4	Loss:15.794	MRR:14.17	Hits@10:25.41	Best:14.21
2024-09-11 13:04:20,934 INFO    : Early Stopping! Snapshot:3 Epoch: 5 Best Results: 14.21
2024-09-11 13:04:21,038 INFO    : => loading checkpoint './checkpoint/FACT\3model_best.tar'
2024-09-11 13:04:43,013 INFO    : 
+------------+--------+--------+--------+--------+---------+
| Snapshot:3 |  MRR   | Hits@1 | Hits@3 | Hits@5 | Hits@10 |
+------------+--------+--------+--------+--------+---------+
|     0      | 0.2396 | 0.1582 | 0.2773 | 0.3272 |  0.3869 |
|     1      | 0.1932 | 0.1253 | 0.2246 | 0.263  |  0.3169 |
|     2      | 0.1713 | 0.1084 | 0.1952 | 0.2337 |  0.2896 |
|     3      | 0.1435 | 0.082  | 0.1628 | 0.2012 |  0.2589 |
+------------+--------+--------+--------+--------+---------+
2024-09-11 13:06:09,908 INFO    : Snapshot:4	0	3	Epoch:0	Loss:15.997	MRR:10.69	Hits@10:20.61	Best:10.69
2024-09-11 13:06:54,136 INFO    : Snapshot:4	0	3	Epoch:1	Loss:15.376	MRR:10.72	Hits@10:20.62	Best:10.72
2024-09-11 13:07:38,037 INFO    : Snapshot:4	0	3	Epoch:2	Loss:15.331	MRR:10.77	Hits@10:20.67	Best:10.77
2024-09-11 13:08:21,959 INFO    : Snapshot:4	1	3	Epoch:3	Loss:15.339	MRR:10.75	Hits@10:20.67	Best:10.77
2024-09-11 13:09:05,955 INFO    : Snapshot:4	0	3	Epoch:4	Loss:15.296	MRR:10.82	Hits@10:20.72	Best:10.82
2024-09-11 13:09:50,055 INFO    : Snapshot:4	1	3	Epoch:5	Loss:15.321	MRR:10.77	Hits@10:20.66	Best:10.82
2024-09-11 13:10:34,218 INFO    : Snapshot:4	2	3	Epoch:6	Loss:15.306	MRR:10.76	Hits@10:20.66	Best:10.82
2024-09-11 13:11:18,546 INFO    : Early Stopping! Snapshot:4 Epoch: 7 Best Results: 10.82
2024-09-11 13:11:18,682 INFO    : => loading checkpoint './checkpoint/FACT\4model_best.tar'
2024-09-11 13:12:21,211 INFO    : 
+------------+--------+--------+--------+--------+---------+
| Snapshot:4 |  MRR   | Hits@1 | Hits@3 | Hits@5 | Hits@10 |
+------------+--------+--------+--------+--------+---------+
|     0      | 0.2396 | 0.1582 | 0.2773 | 0.3272 |  0.3869 |
|     1      | 0.1932 | 0.1253 | 0.2246 | 0.263  |  0.3169 |
|     2      | 0.1713 | 0.1084 | 0.1952 | 0.2337 |  0.2896 |
|     3      | 0.1435 | 0.082  | 0.1628 | 0.2012 |  0.2589 |
|     4      | 0.1077 | 0.0541 | 0.1157 | 0.148  |  0.2058 |
+------------+--------+--------+--------+--------+---------+
2024-09-11 13:12:21,212 INFO    : Final Result:
[+------------+--------+--------+--------+--------+---------+
| Snapshot:0 |  MRR   | Hits@1 | Hits@3 | Hits@5 | Hits@10 |
+------------+--------+--------+--------+--------+---------+
|     0      | 0.2396 | 0.1582 | 0.2773 | 0.3272 |  0.3869 |
+------------+--------+--------+--------+--------+---------+, +------------+--------+--------+--------+--------+---------+
| Snapshot:1 |  MRR   | Hits@1 | Hits@3 | Hits@5 | Hits@10 |
+------------+--------+--------+--------+--------+---------+
|     0      | 0.2396 | 0.1582 | 0.2773 | 0.3272 |  0.3869 |
|     1      | 0.1932 | 0.1253 | 0.2246 | 0.263  |  0.3169 |
+------------+--------+--------+--------+--------+---------+, +------------+--------+--------+--------+--------+---------+
| Snapshot:2 |  MRR   | Hits@1 | Hits@3 | Hits@5 | Hits@10 |
+------------+--------+--------+--------+--------+---------+
|     0      | 0.2396 | 0.1582 | 0.2773 | 0.3272 |  0.3869 |
|     1      | 0.1932 | 0.1253 | 0.2246 | 0.263  |  0.3169 |
|     2      | 0.1713 | 0.1084 | 0.1952 | 0.2337 |  0.2896 |
+------------+--------+--------+--------+--------+---------+, +------------+--------+--------+--------+--------+---------+
| Snapshot:3 |  MRR   | Hits@1 | Hits@3 | Hits@5 | Hits@10 |
+------------+--------+--------+--------+--------+---------+
|     0      | 0.2396 | 0.1582 | 0.2773 | 0.3272 |  0.3869 |
|     1      | 0.1932 | 0.1253 | 0.2246 | 0.263  |  0.3169 |
|     2      | 0.1713 | 0.1084 | 0.1952 | 0.2337 |  0.2896 |
|     3      | 0.1435 | 0.082  | 0.1628 | 0.2012 |  0.2589 |
+------------+--------+--------+--------+--------+---------+, +------------+--------+--------+--------+--------+---------+
| Snapshot:4 |  MRR   | Hits@1 | Hits@3 | Hits@5 | Hits@10 |
+------------+--------+--------+--------+--------+---------+
|     0      | 0.2396 | 0.1582 | 0.2773 | 0.3272 |  0.3869 |
|     1      | 0.1932 | 0.1253 | 0.2246 | 0.263  |  0.3169 |
|     2      | 0.1713 | 0.1084 | 0.1952 | 0.2337 |  0.2896 |
|     3      | 0.1435 | 0.082  | 0.1628 | 0.2012 |  0.2589 |
|     4      | 0.1077 | 0.0541 | 0.1157 | 0.148  |  0.2058 |
+------------+--------+--------+--------+--------+---------+]
2024-09-11 13:12:21,213 INFO    : Report Result:
+----------+--------------------+-----------+--------------+--------------+---------------+
| Snapshot |        Time        | Whole_MRR | Whole_Hits@1 | Whole_Hits@3 | Whole_Hits@10 |
+----------+--------------------+-----------+--------------+--------------+---------------+
|    0     | 136.44338703155518 |    0.24   |    0.158     |    0.277     |     0.387     |
|    1     | 140.41622591018677 |   0.216   |    0.142     |    0.251     |     0.352     |
|    2     | 60.81027698516846  |   0.201   |    0.131     |    0.232     |     0.331     |
|    3     | 60.33087158203125  |   0.187   |    0.118     |    0.215     |     0.313     |
|    4     | 354.96285009384155 |   0.171   |    0.106     |    0.195     |     0.292     |
+----------+--------------------+-----------+--------------+--------------+---------------+
2024-09-11 13:12:21,213 INFO    : Sum_Training_Time:752.9636116027832
2024-09-11 13:12:21,213 INFO    : Every_Training_Time:[136.44338703155518, 140.41622591018677, 60.81027698516846, 60.33087158203125, 354.96285009384155]
2024-09-11 13:12:21,213 INFO    : Forward transfer: 0.13942500000000002 Backward transfer: 0.0
