2024-10-02 11:28:18,835 INFO    : Namespace(batch_size='1024', data_path='./data/WN_CKGE/', dataset='WN_CKGE', debug=False, device=device(type='cuda', index=0), emb_dim=200, ent_r='150', epoch_num=200, explore=False, gpu='0', l2=0.0, learning_rate='2e-1', log_path='./logs/WN_CKGE 150 5 2e-1 1024/WN_CKGE 20241002112814', logger=<RootLogger root (INFO)>, margin=8.0, model_name='LoraKGE_Layers', multi_layers_path='train_sorted_by_edges_betweenness.txt', neg_ratio=10, note='', num_ent_layers='5', num_layer=1, num_rel_layers='1', patience=3, predict_result='True', r=100, r_fixed=True, random_seed=3407, record=False, rel_r='200', save_path='./checkpoint/WN_CKGE', skip_previous='False', snapshot_num=5, train_new=True, using_multi_layers=False, using_various_ranks='True', using_various_ranks_reverse=False, valid_metrics='mrr')
2024-10-02 11:28:30,774 INFO    : Snapshot:0	0	3	Epoch:0	Loss:43.873	MRR:0.82	Hits@10:1.92	Best:0.82
2024-10-02 11:28:41,959 INFO    : Snapshot:0	0	3	Epoch:1	Loss:28.425	MRR:2.42	Hits@10:6.33	Best:2.42
2024-10-02 11:28:53,655 INFO    : Snapshot:0	0	3	Epoch:2	Loss:16.858	MRR:9.07	Hits@10:21.52	Best:9.07
2024-10-02 11:29:04,938 INFO    : Snapshot:0	0	3	Epoch:3	Loss:10.631	MRR:12.21	Hits@10:27.73	Best:12.21
2024-10-02 11:29:16,768 INFO    : Snapshot:0	0	3	Epoch:4	Loss:7.432	MRR:13.39	Hits@10:29.97	Best:13.39
2024-10-02 11:29:28,353 INFO    : Snapshot:0	0	3	Epoch:5	Loss:5.584	MRR:14.12	Hits@10:31.38	Best:14.12
2024-10-02 11:29:40,354 INFO    : Snapshot:0	0	3	Epoch:6	Loss:4.378	MRR:14.57	Hits@10:32.16	Best:14.57
2024-10-02 11:29:52,512 INFO    : Snapshot:0	0	3	Epoch:7	Loss:3.481	MRR:14.86	Hits@10:32.57	Best:14.86
2024-10-02 11:30:04,424 INFO    : Snapshot:0	0	3	Epoch:8	Loss:2.775	MRR:15.13	Hits@10:33.16	Best:15.13
2024-10-02 11:30:15,904 INFO    : Snapshot:0	0	3	Epoch:9	Loss:2.249	MRR:15.4	Hits@10:33.64	Best:15.4
2024-10-02 11:30:27,397 INFO    : Snapshot:0	0	3	Epoch:10	Loss:1.809	MRR:15.58	Hits@10:34.25	Best:15.58
2024-10-02 11:30:38,738 INFO    : Snapshot:0	0	3	Epoch:11	Loss:1.471	MRR:15.79	Hits@10:34.65	Best:15.79
2024-10-02 11:30:49,909 INFO    : Snapshot:0	0	3	Epoch:12	Loss:1.231	MRR:15.98	Hits@10:35.04	Best:15.98
2024-10-02 11:31:01,319 INFO    : Snapshot:0	0	3	Epoch:13	Loss:1.003	MRR:16.17	Hits@10:35.6	Best:16.17
2024-10-02 11:31:12,508 INFO    : Snapshot:0	0	3	Epoch:14	Loss:0.852	MRR:16.37	Hits@10:36.0	Best:16.37
2024-10-02 11:31:23,681 INFO    : Snapshot:0	0	3	Epoch:15	Loss:0.715	MRR:16.55	Hits@10:36.19	Best:16.55
2024-10-02 11:31:34,755 INFO    : Snapshot:0	0	3	Epoch:16	Loss:0.595	MRR:16.81	Hits@10:36.74	Best:16.81
2024-10-02 11:31:45,624 INFO    : Snapshot:0	0	3	Epoch:17	Loss:0.499	MRR:16.83	Hits@10:36.97	Best:16.83
2024-10-02 11:31:56,487 INFO    : Snapshot:0	0	3	Epoch:18	Loss:0.408	MRR:16.93	Hits@10:37.23	Best:16.93
2024-10-02 11:32:07,493 INFO    : Snapshot:0	0	3	Epoch:19	Loss:0.343	MRR:17.0	Hits@10:37.68	Best:17.0
2024-10-02 11:32:18,471 INFO    : Snapshot:0	1	3	Epoch:20	Loss:0.284	MRR:16.95	Hits@10:37.81	Best:17.0
2024-10-02 11:32:29,342 INFO    : Snapshot:0	0	3	Epoch:21	Loss:0.252	MRR:17.02	Hits@10:37.85	Best:17.02
2024-10-02 11:32:40,445 INFO    : Snapshot:0	1	3	Epoch:22	Loss:0.228	MRR:17.0	Hits@10:38.01	Best:17.02
2024-10-02 11:32:51,587 INFO    : Snapshot:0	0	3	Epoch:23	Loss:0.193	MRR:17.06	Hits@10:38.26	Best:17.06
2024-10-02 11:33:02,780 INFO    : Snapshot:0	0	3	Epoch:24	Loss:0.178	MRR:17.12	Hits@10:38.45	Best:17.12
2024-10-02 11:33:13,782 INFO    : Snapshot:0	1	3	Epoch:25	Loss:0.16	MRR:17.08	Hits@10:38.38	Best:17.12
2024-10-02 11:33:24,752 INFO    : Snapshot:0	2	3	Epoch:26	Loss:0.149	MRR:17.09	Hits@10:38.57	Best:17.12
2024-10-02 11:33:35,678 INFO    : Snapshot:0	0	3	Epoch:27	Loss:0.136	MRR:17.13	Hits@10:38.9	Best:17.13
2024-10-02 11:33:46,835 INFO    : Snapshot:0	1	3	Epoch:28	Loss:0.137	MRR:17.13	Hits@10:39.09	Best:17.13
2024-10-02 11:33:57,935 INFO    : Snapshot:0	0	3	Epoch:29	Loss:0.13	MRR:17.16	Hits@10:39.22	Best:17.16
2024-10-02 11:34:10,583 INFO    : Snapshot:0	1	3	Epoch:30	Loss:0.12	MRR:17.16	Hits@10:39.24	Best:17.16
2024-10-02 11:34:21,982 INFO    : Snapshot:0	2	3	Epoch:31	Loss:0.118	MRR:17.16	Hits@10:39.45	Best:17.16
2024-10-02 11:34:33,406 INFO    : Snapshot:0	0	3	Epoch:32	Loss:0.112	MRR:17.2	Hits@10:39.4	Best:17.2
2024-10-02 11:34:45,134 INFO    : Snapshot:0	1	3	Epoch:33	Loss:0.113	MRR:17.15	Hits@10:39.7	Best:17.2
2024-10-02 11:34:56,602 INFO    : Snapshot:0	0	3	Epoch:34	Loss:0.111	MRR:17.23	Hits@10:39.72	Best:17.23
2024-10-02 11:35:08,088 INFO    : Snapshot:0	0	3	Epoch:35	Loss:0.105	MRR:17.26	Hits@10:39.75	Best:17.26
2024-10-02 11:35:19,504 INFO    : Snapshot:0	1	3	Epoch:36	Loss:0.108	MRR:17.23	Hits@10:39.89	Best:17.26
2024-10-02 11:35:30,832 INFO    : Snapshot:0	2	3	Epoch:37	Loss:0.101	MRR:17.23	Hits@10:39.83	Best:17.26
2024-10-02 11:35:42,187 INFO    : Snapshot:0	0	3	Epoch:38	Loss:0.104	MRR:17.29	Hits@10:40.03	Best:17.29
2024-10-02 11:35:53,723 INFO    : Snapshot:0	1	3	Epoch:39	Loss:0.101	MRR:17.23	Hits@10:40.13	Best:17.29
2024-10-02 11:36:05,350 INFO    : Snapshot:0	0	3	Epoch:40	Loss:0.099	MRR:17.36	Hits@10:40.34	Best:17.36
2024-10-02 11:36:16,937 INFO    : Snapshot:0	1	3	Epoch:41	Loss:0.098	MRR:17.3	Hits@10:40.15	Best:17.36
2024-10-02 11:36:28,473 INFO    : Snapshot:0	2	3	Epoch:42	Loss:0.097	MRR:17.26	Hits@10:40.34	Best:17.36
2024-10-02 11:36:39,831 INFO    : Early Stopping! Snapshot:0 Epoch: 43 Best Results: 17.36
2024-10-02 11:36:39,868 INFO    : => loading checkpoint './checkpoint/WN_CKGE\0model_best.tar'
2024-10-02 11:36:51,394 INFO    : 
+------------+--------+--------+--------+--------+---------+
| Snapshot:0 |  MRR   | Hits@1 | Hits@3 | Hits@5 | Hits@10 |
+------------+--------+--------+--------+--------+---------+
|     0      | 0.1751 | 0.0109 | 0.3144 | 0.3552 |  0.4036 |
+------------+--------+--------+--------+--------+---------+
2024-10-02 11:37:10,192 INFO    : Snapshot:1	0	3	Epoch:0	Loss:6.213	MRR:6.37	Hits@10:17.31	Best:6.37
2024-10-02 11:37:17,879 INFO    : Snapshot:1	0	3	Epoch:1	Loss:2.578	MRR:10.01	Hits@10:25.43	Best:10.01
2024-10-02 11:37:25,597 INFO    : Snapshot:1	0	3	Epoch:2	Loss:1.212	MRR:12.01	Hits@10:29.87	Best:12.01
2024-10-02 11:37:33,484 INFO    : Snapshot:1	0	3	Epoch:3	Loss:0.714	MRR:12.89	Hits@10:31.13	Best:12.89
2024-10-02 11:37:41,148 INFO    : Snapshot:1	0	3	Epoch:4	Loss:0.51	MRR:13.31	Hits@10:31.94	Best:13.31
2024-10-02 11:37:48,835 INFO    : Snapshot:1	0	3	Epoch:5	Loss:0.394	MRR:13.61	Hits@10:32.53	Best:13.61
2024-10-02 11:37:56,540 INFO    : Snapshot:1	0	3	Epoch:6	Loss:0.333	MRR:13.76	Hits@10:32.82	Best:13.76
2024-10-02 11:38:04,324 INFO    : Snapshot:1	0	3	Epoch:7	Loss:0.298	MRR:13.93	Hits@10:32.88	Best:13.93
2024-10-02 11:38:12,002 INFO    : Snapshot:1	0	3	Epoch:8	Loss:0.273	MRR:14.08	Hits@10:33.15	Best:14.08
2024-10-02 11:38:19,704 INFO    : Snapshot:1	0	3	Epoch:9	Loss:0.253	MRR:14.14	Hits@10:33.36	Best:14.14
2024-10-02 11:38:27,380 INFO    : Snapshot:1	0	3	Epoch:10	Loss:0.237	MRR:14.22	Hits@10:33.47	Best:14.22
2024-10-02 11:38:35,084 INFO    : Snapshot:1	0	3	Epoch:11	Loss:0.226	MRR:14.27	Hits@10:33.58	Best:14.27
2024-10-02 11:38:42,849 INFO    : Snapshot:1	0	3	Epoch:12	Loss:0.221	MRR:14.28	Hits@10:33.82	Best:14.28
2024-10-02 11:38:50,520 INFO    : Snapshot:1	1	3	Epoch:13	Loss:0.213	MRR:14.19	Hits@10:33.87	Best:14.28
2024-10-02 11:38:58,206 INFO    : Snapshot:1	2	3	Epoch:14	Loss:0.209	MRR:14.21	Hits@10:33.82	Best:14.28
2024-10-02 11:39:05,947 INFO    : Snapshot:1	0	3	Epoch:15	Loss:0.199	MRR:14.29	Hits@10:33.76	Best:14.29
2024-10-02 11:39:13,632 INFO    : Snapshot:1	0	3	Epoch:16	Loss:0.194	MRR:14.35	Hits@10:33.82	Best:14.35
2024-10-02 11:39:21,310 INFO    : Snapshot:1	0	3	Epoch:17	Loss:0.189	MRR:14.47	Hits@10:33.6	Best:14.47
2024-10-02 11:39:28,986 INFO    : Snapshot:1	1	3	Epoch:18	Loss:0.187	MRR:14.41	Hits@10:33.55	Best:14.47
2024-10-02 11:39:36,639 INFO    : Snapshot:1	2	3	Epoch:19	Loss:0.188	MRR:14.38	Hits@10:33.95	Best:14.47
2024-10-02 11:39:44,296 INFO    : Early Stopping! Snapshot:1 Epoch: 20 Best Results: 14.47
2024-10-02 11:39:44,332 INFO    : => loading checkpoint './checkpoint/WN_CKGE\1model_best.tar'
2024-10-02 11:40:04,387 INFO    : 
+------------+--------+--------+--------+--------+---------+
| Snapshot:1 |  MRR   | Hits@1 | Hits@3 | Hits@5 | Hits@10 |
+------------+--------+--------+--------+--------+---------+
|     0      | 0.1751 | 0.0109 | 0.3144 | 0.3552 |  0.4036 |
|     1      | 0.1427 | 0.0099 | 0.2452 | 0.2925 |  0.3419 |
+------------+--------+--------+--------+--------+---------+
2024-10-02 11:40:42,768 INFO    : Snapshot:2	0	3	Epoch:0	Loss:6.158	MRR:5.81	Hits@10:15.4	Best:5.81
2024-10-02 11:40:58,920 INFO    : Snapshot:2	0	3	Epoch:1	Loss:2.488	MRR:9.38	Hits@10:23.36	Best:9.38
2024-10-02 11:41:15,022 INFO    : Snapshot:2	0	3	Epoch:2	Loss:1.123	MRR:11.11	Hits@10:26.61	Best:11.11
2024-10-02 11:41:31,156 INFO    : Snapshot:2	0	3	Epoch:3	Loss:0.643	MRR:12.08	Hits@10:28.31	Best:12.08
2024-10-02 11:41:47,265 INFO    : Snapshot:2	0	3	Epoch:4	Loss:0.453	MRR:12.48	Hits@10:29.22	Best:12.48
2024-10-02 11:42:03,398 INFO    : Snapshot:2	0	3	Epoch:5	Loss:0.352	MRR:12.79	Hits@10:29.81	Best:12.79
2024-10-02 11:42:19,551 INFO    : Snapshot:2	0	3	Epoch:6	Loss:0.293	MRR:13.11	Hits@10:30.11	Best:13.11
2024-10-02 11:42:35,725 INFO    : Snapshot:2	0	3	Epoch:7	Loss:0.264	MRR:13.13	Hits@10:30.35	Best:13.13
2024-10-02 11:42:51,904 INFO    : Snapshot:2	0	3	Epoch:8	Loss:0.235	MRR:13.16	Hits@10:30.48	Best:13.16
2024-10-02 11:43:08,048 INFO    : Snapshot:2	0	3	Epoch:9	Loss:0.219	MRR:13.18	Hits@10:30.51	Best:13.18
2024-10-02 11:43:24,097 INFO    : Snapshot:2	1	3	Epoch:10	Loss:0.215	MRR:13.17	Hits@10:30.73	Best:13.18
2024-10-02 11:43:40,190 INFO    : Snapshot:2	0	3	Epoch:11	Loss:0.198	MRR:13.36	Hits@10:30.81	Best:13.36
2024-10-02 11:43:56,228 INFO    : Snapshot:2	1	3	Epoch:12	Loss:0.197	MRR:13.33	Hits@10:30.97	Best:13.36
2024-10-02 11:44:12,144 INFO    : Snapshot:2	2	3	Epoch:13	Loss:0.186	MRR:13.32	Hits@10:30.86	Best:13.36
2024-10-02 11:44:28,047 INFO    : Snapshot:2	0	3	Epoch:14	Loss:0.18	MRR:13.44	Hits@10:31.08	Best:13.44
2024-10-02 11:44:43,912 INFO    : Snapshot:2	1	3	Epoch:15	Loss:0.174	MRR:13.41	Hits@10:30.73	Best:13.44
2024-10-02 11:44:59,770 INFO    : Snapshot:2	2	3	Epoch:16	Loss:0.169	MRR:13.4	Hits@10:30.65	Best:13.44
2024-10-02 11:45:15,678 INFO    : Early Stopping! Snapshot:2 Epoch: 17 Best Results: 13.44
2024-10-02 11:45:15,731 INFO    : => loading checkpoint './checkpoint/WN_CKGE\2model_best.tar'
2024-10-02 11:45:51,778 INFO    : 
+------------+--------+--------+--------+--------+---------+
| Snapshot:2 |  MRR   | Hits@1 | Hits@3 | Hits@5 | Hits@10 |
+------------+--------+--------+--------+--------+---------+
|     0      | 0.1751 | 0.0109 | 0.3144 | 0.3552 |  0.4036 |
|     1      | 0.1427 | 0.0099 | 0.2452 | 0.2925 |  0.3419 |
|     2      | 0.1381 | 0.0126 | 0.2403 | 0.275  |  0.3151 |
+------------+--------+--------+--------+--------+---------+
2024-10-02 11:46:33,888 INFO    : Snapshot:3	0	3	Epoch:0	Loss:6.186	MRR:5.19	Hits@10:13.74	Best:5.19
2024-10-02 11:46:52,130 INFO    : Snapshot:3	0	3	Epoch:1	Loss:2.493	MRR:8.99	Hits@10:22.1	Best:8.99
2024-10-02 11:47:10,311 INFO    : Snapshot:3	0	3	Epoch:2	Loss:1.111	MRR:10.71	Hits@10:26.02	Best:10.71
2024-10-02 11:47:28,473 INFO    : Snapshot:3	0	3	Epoch:3	Loss:0.638	MRR:11.68	Hits@10:27.77	Best:11.68
2024-10-02 11:47:46,687 INFO    : Snapshot:3	0	3	Epoch:4	Loss:0.449	MRR:12.26	Hits@10:28.25	Best:12.26
2024-10-02 11:48:04,888 INFO    : Snapshot:3	0	3	Epoch:5	Loss:0.354	MRR:12.43	Hits@10:28.49	Best:12.43
2024-10-02 11:48:23,097 INFO    : Snapshot:3	0	3	Epoch:6	Loss:0.292	MRR:12.59	Hits@10:28.84	Best:12.59
2024-10-02 11:48:41,400 INFO    : Snapshot:3	0	3	Epoch:7	Loss:0.267	MRR:12.63	Hits@10:28.92	Best:12.63
2024-10-02 11:48:59,623 INFO    : Snapshot:3	0	3	Epoch:8	Loss:0.237	MRR:12.66	Hits@10:28.9	Best:12.66
2024-10-02 11:49:17,771 INFO    : Snapshot:3	0	3	Epoch:9	Loss:0.222	MRR:12.7	Hits@10:28.74	Best:12.7
2024-10-02 11:49:35,913 INFO    : Snapshot:3	1	3	Epoch:10	Loss:0.212	MRR:12.69	Hits@10:28.87	Best:12.7
2024-10-02 11:49:54,149 INFO    : Snapshot:3	2	3	Epoch:11	Loss:0.201	MRR:12.67	Hits@10:29.11	Best:12.7
2024-10-02 11:50:12,199 INFO    : Early Stopping! Snapshot:3 Epoch: 12 Best Results: 12.7
2024-10-02 11:50:12,251 INFO    : => loading checkpoint './checkpoint/WN_CKGE\3model_best.tar'
2024-10-02 11:51:06,876 INFO    : 
+------------+--------+--------+--------+--------+---------+
| Snapshot:3 |  MRR   | Hits@1 | Hits@3 | Hits@5 | Hits@10 |
+------------+--------+--------+--------+--------+---------+
|     0      | 0.1751 | 0.0109 | 0.3144 | 0.3552 |  0.4036 |
|     1      | 0.1427 | 0.0099 | 0.2452 | 0.2925 |  0.3419 |
|     2      | 0.1381 | 0.0126 | 0.2403 | 0.275  |  0.3151 |
|     3      | 0.1342 | 0.0126 | 0.2306 | 0.2683 |  0.3083 |
+------------+--------+--------+--------+--------+---------+
2024-10-02 11:51:16,769 INFO    : Snapshot:4	0	3	Epoch:0	Loss:6.11	MRR:10.69	Hits@10:24.73	Best:10.69
2024-10-02 11:51:19,745 INFO    : Snapshot:4	0	3	Epoch:1	Loss:2.37	MRR:12.08	Hits@10:28.04	Best:12.08
2024-10-02 11:51:22,748 INFO    : Snapshot:4	0	3	Epoch:2	Loss:1.003	MRR:12.88	Hits@10:29.57	Best:12.88
2024-10-02 11:51:25,783 INFO    : Snapshot:4	0	3	Epoch:3	Loss:0.567	MRR:13.38	Hits@10:30.19	Best:13.38
2024-10-02 11:51:28,901 INFO    : Snapshot:4	0	3	Epoch:4	Loss:0.391	MRR:13.56	Hits@10:30.65	Best:13.56
2024-10-02 11:51:31,970 INFO    : Snapshot:4	1	3	Epoch:5	Loss:0.316	MRR:13.55	Hits@10:30.86	Best:13.56
2024-10-02 11:51:35,065 INFO    : Snapshot:4	0	3	Epoch:6	Loss:0.268	MRR:13.65	Hits@10:30.89	Best:13.65
2024-10-02 11:51:38,191 INFO    : Snapshot:4	0	3	Epoch:7	Loss:0.234	MRR:13.74	Hits@10:31.05	Best:13.74
2024-10-02 11:51:41,297 INFO    : Snapshot:4	0	3	Epoch:8	Loss:0.214	MRR:13.79	Hits@10:31.18	Best:13.79
2024-10-02 11:51:44,438 INFO    : Snapshot:4	1	3	Epoch:9	Loss:0.207	MRR:13.77	Hits@10:31.08	Best:13.79
2024-10-02 11:51:47,514 INFO    : Snapshot:4	0	3	Epoch:10	Loss:0.194	MRR:13.82	Hits@10:31.29	Best:13.82
2024-10-02 11:51:50,611 INFO    : Snapshot:4	1	3	Epoch:11	Loss:0.19	MRR:13.82	Hits@10:31.24	Best:13.82
2024-10-02 11:51:53,757 INFO    : Snapshot:4	0	3	Epoch:12	Loss:0.177	MRR:13.9	Hits@10:30.83	Best:13.9
2024-10-02 11:51:56,951 INFO    : Snapshot:4	1	3	Epoch:13	Loss:0.176	MRR:13.87	Hits@10:30.83	Best:13.9
2024-10-02 11:52:00,108 INFO    : Snapshot:4	2	3	Epoch:14	Loss:0.173	MRR:13.86	Hits@10:31.02	Best:13.9
2024-10-02 11:52:03,250 INFO    : Early Stopping! Snapshot:4 Epoch: 15 Best Results: 13.9
2024-10-02 11:52:03,296 INFO    : => loading checkpoint './checkpoint/WN_CKGE\4model_best.tar'
2024-10-02 11:52:26,649 INFO    : 
+------------+--------+--------+--------+--------+---------+
| Snapshot:4 |  MRR   | Hits@1 | Hits@3 | Hits@5 | Hits@10 |
+------------+--------+--------+--------+--------+---------+
|     0      | 0.1751 | 0.0109 | 0.3144 | 0.3552 |  0.4036 |
|     1      | 0.1427 | 0.0099 | 0.2452 | 0.2925 |  0.3419 |
|     2      | 0.1381 | 0.0126 | 0.2403 | 0.275  |  0.3151 |
|     3      | 0.1342 | 0.0126 | 0.2306 | 0.2683 |  0.3083 |
|     4      | 0.1443 | 0.0094 | 0.2649 | 0.291  |  0.3238 |
+------------+--------+--------+--------+--------+---------+
2024-10-02 11:52:26,651 INFO    : Final Result:
[+------------+--------+--------+--------+--------+---------+
| Snapshot:0 |  MRR   | Hits@1 | Hits@3 | Hits@5 | Hits@10 |
+------------+--------+--------+--------+--------+---------+
|     0      | 0.1751 | 0.0109 | 0.3144 | 0.3552 |  0.4036 |
+------------+--------+--------+--------+--------+---------+, +------------+--------+--------+--------+--------+---------+
| Snapshot:1 |  MRR   | Hits@1 | Hits@3 | Hits@5 | Hits@10 |
+------------+--------+--------+--------+--------+---------+
|     0      | 0.1751 | 0.0109 | 0.3144 | 0.3552 |  0.4036 |
|     1      | 0.1427 | 0.0099 | 0.2452 | 0.2925 |  0.3419 |
+------------+--------+--------+--------+--------+---------+, +------------+--------+--------+--------+--------+---------+
| Snapshot:2 |  MRR   | Hits@1 | Hits@3 | Hits@5 | Hits@10 |
+------------+--------+--------+--------+--------+---------+
|     0      | 0.1751 | 0.0109 | 0.3144 | 0.3552 |  0.4036 |
|     1      | 0.1427 | 0.0099 | 0.2452 | 0.2925 |  0.3419 |
|     2      | 0.1381 | 0.0126 | 0.2403 | 0.275  |  0.3151 |
+------------+--------+--------+--------+--------+---------+, +------------+--------+--------+--------+--------+---------+
| Snapshot:3 |  MRR   | Hits@1 | Hits@3 | Hits@5 | Hits@10 |
+------------+--------+--------+--------+--------+---------+
|     0      | 0.1751 | 0.0109 | 0.3144 | 0.3552 |  0.4036 |
|     1      | 0.1427 | 0.0099 | 0.2452 | 0.2925 |  0.3419 |
|     2      | 0.1381 | 0.0126 | 0.2403 | 0.275  |  0.3151 |
|     3      | 0.1342 | 0.0126 | 0.2306 | 0.2683 |  0.3083 |
+------------+--------+--------+--------+--------+---------+, +------------+--------+--------+--------+--------+---------+
| Snapshot:4 |  MRR   | Hits@1 | Hits@3 | Hits@5 | Hits@10 |
+------------+--------+--------+--------+--------+---------+
|     0      | 0.1751 | 0.0109 | 0.3144 | 0.3552 |  0.4036 |
|     1      | 0.1427 | 0.0099 | 0.2452 | 0.2925 |  0.3419 |
|     2      | 0.1381 | 0.0126 | 0.2403 | 0.275  |  0.3151 |
|     3      | 0.1342 | 0.0126 | 0.2306 | 0.2683 |  0.3083 |
|     4      | 0.1443 | 0.0094 | 0.2649 | 0.291  |  0.3238 |
+------------+--------+--------+--------+--------+---------+]
2024-10-02 11:52:26,652 INFO    : Report Result:
+----------+--------------------+-----------+--------------+--------------+---------------+
| Snapshot |        Time        | Whole_MRR | Whole_Hits@1 | Whole_Hits@3 | Whole_Hits@10 |
+----------+--------------------+-----------+--------------+--------------+---------------+
|    0     | 500.9951410293579  |   0.175   |    0.011     |    0.314     |     0.404     |
|    1     | 162.44875574111938 |    0.17   |    0.011     |    0.305     |     0.395     |
|    2     | 289.87556052207947 |   0.166   |    0.011     |    0.296     |     0.385     |
|    3     | 237.10399460792542 |   0.163   |    0.011     |    0.289     |     0.376     |
|    4     | 50.19575786590576  |   0.161   |    0.011     |    0.287     |     0.371     |
+----------+--------------------+-----------+--------------+--------------+---------------+
2024-10-02 11:52:26,652 INFO    : Sum_Training_Time:1240.619209766388
2024-10-02 11:52:26,652 INFO    : Every_Training_Time:[500.9951410293579, 162.44875574111938, 289.87556052207947, 237.10399460792542, 50.19575786590576]
2024-10-02 11:52:26,652 INFO    : Forward transfer: 0.059949999999999996 Backward transfer: 0.0
