2024-09-21 19:01:17,803 INFO    : Namespace(batch_size='1024', data_path='./data/ENTITY/', dataset='ENTITY', debug=False, device=device(type='cuda', index=0), emb_dim=200, ent_r='150', epoch_num=200, explore=False, gpu='0', l2=0.0, learning_rate='2e-1', log_path='./logs/20240921190109/ENTITY', logger=<RootLogger root (INFO)>, margin=8.0, model_name='LoraKGE_Layers', multi_layers_path='train_sorted_by_edges_betweenness.txt', neg_ratio=10, note='', num_ent_layers='2', num_layer=1, num_rel_layers='1', patience=3, predict_result=False, r=100, r_fixed=True, random_seed=3407, record=False, rel_r='20', save_path='./checkpoint/ENTITY', skip_previous='False', snapshot_num=5, train_new=True, using_multi_layers=False, using_various_ranks='True', using_various_ranks_reverse=False, valid_metrics='mrr')
2024-09-21 19:01:22,763 INFO    : Snapshot:0	0	3	Epoch:0	Loss:34.146	MRR:11.79	Hits@10:28.45	Best:11.79
2024-09-21 19:01:25,783 INFO    : Snapshot:0	0	3	Epoch:1	Loss:20.905	MRR:23.01	Hits@10:45.51	Best:23.01
2024-09-21 19:01:28,823 INFO    : Snapshot:0	0	3	Epoch:2	Loss:10.329	MRR:29.87	Hits@10:52.32	Best:29.87
2024-09-21 19:01:31,879 INFO    : Snapshot:0	0	3	Epoch:3	Loss:4.876	MRR:32.11	Hits@10:54.1	Best:32.11
2024-09-21 19:01:34,955 INFO    : Snapshot:0	0	3	Epoch:4	Loss:2.693	MRR:32.68	Hits@10:55.09	Best:32.68
2024-09-21 19:01:38,092 INFO    : Snapshot:0	0	3	Epoch:5	Loss:1.753	MRR:32.85	Hits@10:55.4	Best:32.85
2024-09-21 19:01:41,192 INFO    : Snapshot:0	1	3	Epoch:6	Loss:1.3	MRR:32.84	Hits@10:55.15	Best:32.85
2024-09-21 19:01:44,277 INFO    : Snapshot:0	2	3	Epoch:7	Loss:1.061	MRR:32.57	Hits@10:55.02	Best:32.85
2024-09-21 19:01:47,326 INFO    : Early Stopping! Snapshot:0 Epoch: 8 Best Results: 32.85
2024-09-21 19:01:47,419 INFO    : => loading checkpoint './checkpoint/ENTITY\0model_best.tar'
2024-09-21 19:01:48,981 INFO    : 
+------------+--------+--------+--------+--------+---------+
| Snapshot:0 |  MRR   | Hits@1 | Hits@3 | Hits@5 | Hits@10 |
+------------+--------+--------+--------+--------+---------+
|     0      | 0.3303 | 0.212  | 0.3811 | 0.4561 |  0.5576 |
+------------+--------+--------+--------+--------+---------+
2024-09-21 19:02:01,765 INFO    : Snapshot:1	0	3	Epoch:0	Loss:11.742	MRR:16.14	Hits@10:28.82	Best:16.14
2024-09-21 19:02:07,958 INFO    : Snapshot:1	0	3	Epoch:1	Loss:4.881	MRR:18.33	Hits@10:32.49	Best:18.33
2024-09-21 19:02:14,260 INFO    : Snapshot:1	0	3	Epoch:2	Loss:4.067	MRR:18.82	Hits@10:33.65	Best:18.82
2024-09-21 19:02:20,881 INFO    : Snapshot:1	0	3	Epoch:3	Loss:3.639	MRR:19.68	Hits@10:35.03	Best:19.68
2024-09-21 19:02:27,313 INFO    : Snapshot:1	0	3	Epoch:4	Loss:3.327	MRR:19.77	Hits@10:35.28	Best:19.77
2024-09-21 19:02:33,714 INFO    : Snapshot:1	0	3	Epoch:5	Loss:3.121	MRR:20.66	Hits@10:36.48	Best:20.66
2024-09-21 19:02:40,171 INFO    : Snapshot:1	0	3	Epoch:6	Loss:3.012	MRR:21.06	Hits@10:37.27	Best:21.06
2024-09-21 19:02:46,557 INFO    : Snapshot:1	0	3	Epoch:7	Loss:2.844	MRR:21.26	Hits@10:38.01	Best:21.26
2024-09-21 19:02:52,946 INFO    : Snapshot:1	0	3	Epoch:8	Loss:2.737	MRR:21.61	Hits@10:38.67	Best:21.61
2024-09-21 19:02:59,275 INFO    : Snapshot:1	1	3	Epoch:9	Loss:2.678	MRR:21.58	Hits@10:38.16	Best:21.61
2024-09-21 19:03:05,539 INFO    : Snapshot:1	0	3	Epoch:10	Loss:2.603	MRR:21.79	Hits@10:38.72	Best:21.79
2024-09-21 19:03:11,863 INFO    : Snapshot:1	0	3	Epoch:11	Loss:2.506	MRR:22.12	Hits@10:39.07	Best:22.12
2024-09-21 19:03:18,316 INFO    : Snapshot:1	0	3	Epoch:12	Loss:2.447	MRR:22.27	Hits@10:39.48	Best:22.27
2024-09-21 19:03:24,703 INFO    : Snapshot:1	1	3	Epoch:13	Loss:2.443	MRR:22.08	Hits@10:39.62	Best:22.27
2024-09-21 19:03:31,101 INFO    : Snapshot:1	0	3	Epoch:14	Loss:2.383	MRR:22.49	Hits@10:39.83	Best:22.49
2024-09-21 19:03:37,482 INFO    : Snapshot:1	1	3	Epoch:15	Loss:2.367	MRR:22.49	Hits@10:40.19	Best:22.49
2024-09-21 19:03:43,980 INFO    : Snapshot:1	2	3	Epoch:16	Loss:2.334	MRR:22.43	Hits@10:39.81	Best:22.49
2024-09-21 19:03:50,344 INFO    : Snapshot:1	0	3	Epoch:17	Loss:2.318	MRR:22.62	Hits@10:40.21	Best:22.62
2024-09-21 19:03:56,713 INFO    : Snapshot:1	1	3	Epoch:18	Loss:2.247	MRR:22.53	Hits@10:40.13	Best:22.62
2024-09-21 19:04:03,134 INFO    : Snapshot:1	0	3	Epoch:19	Loss:2.249	MRR:22.72	Hits@10:40.36	Best:22.72
2024-09-21 19:04:09,492 INFO    : Snapshot:1	1	3	Epoch:20	Loss:2.217	MRR:22.68	Hits@10:40.43	Best:22.72
2024-09-21 19:04:15,906 INFO    : Snapshot:1	2	3	Epoch:21	Loss:2.213	MRR:22.72	Hits@10:40.49	Best:22.72
2024-09-21 19:04:22,565 INFO    : Snapshot:1	0	3	Epoch:22	Loss:2.191	MRR:22.8	Hits@10:40.59	Best:22.8
2024-09-21 19:04:28,958 INFO    : Snapshot:1	0	3	Epoch:23	Loss:2.173	MRR:22.83	Hits@10:40.41	Best:22.83
2024-09-21 19:04:35,275 INFO    : Snapshot:1	0	3	Epoch:24	Loss:2.154	MRR:22.84	Hits@10:40.58	Best:22.84
2024-09-21 19:04:41,720 INFO    : Snapshot:1	0	3	Epoch:25	Loss:2.135	MRR:22.99	Hits@10:40.87	Best:22.99
2024-09-21 19:04:48,082 INFO    : Snapshot:1	0	3	Epoch:26	Loss:2.132	MRR:23.15	Hits@10:40.92	Best:23.15
2024-09-21 19:04:54,497 INFO    : Snapshot:1	1	3	Epoch:27	Loss:2.117	MRR:23.0	Hits@10:41.1	Best:23.15
2024-09-21 19:05:00,958 INFO    : Snapshot:1	2	3	Epoch:28	Loss:2.108	MRR:23.08	Hits@10:40.97	Best:23.15
2024-09-21 19:05:07,306 INFO    : Early Stopping! Snapshot:1 Epoch: 29 Best Results: 23.15
2024-09-21 19:05:07,399 INFO    : => loading checkpoint './checkpoint/ENTITY\1model_best.tar'
2024-09-21 19:05:12,118 INFO    : 
+------------+--------+--------+--------+--------+---------+
| Snapshot:1 |  MRR   | Hits@1 | Hits@3 | Hits@5 | Hits@10 |
+------------+--------+--------+--------+--------+---------+
|     0      | 0.3303 | 0.212  | 0.3811 | 0.4561 |  0.5576 |
|     1      | 0.2328 | 0.1421 | 0.2593 | 0.3193 |  0.4101 |
+------------+--------+--------+--------+--------+---------+
2024-09-21 19:05:26,600 INFO    : Snapshot:2	0	3	Epoch:0	Loss:11.234	MRR:15.33	Hits@10:26.91	Best:15.33
2024-09-21 19:05:33,848 INFO    : Snapshot:2	0	3	Epoch:1	Loss:4.701	MRR:17.09	Hits@10:30.19	Best:17.09
2024-09-21 19:05:41,220 INFO    : Snapshot:2	0	3	Epoch:2	Loss:3.937	MRR:18.0	Hits@10:31.89	Best:18.0
2024-09-21 19:05:48,661 INFO    : Snapshot:2	0	3	Epoch:3	Loss:3.545	MRR:18.63	Hits@10:33.05	Best:18.63
2024-09-21 19:05:56,818 INFO    : Snapshot:2	0	3	Epoch:4	Loss:3.325	MRR:18.94	Hits@10:33.42	Best:18.94
2024-09-21 19:06:04,629 INFO    : Snapshot:2	0	3	Epoch:5	Loss:3.146	MRR:19.38	Hits@10:34.3	Best:19.38
2024-09-21 19:06:12,030 INFO    : Snapshot:2	0	3	Epoch:6	Loss:3.0	MRR:19.59	Hits@10:34.42	Best:19.59
2024-09-21 19:06:19,892 INFO    : Snapshot:2	0	3	Epoch:7	Loss:2.904	MRR:19.64	Hits@10:34.54	Best:19.64
2024-09-21 19:06:27,499 INFO    : Snapshot:2	0	3	Epoch:8	Loss:2.83	MRR:20.1	Hits@10:35.16	Best:20.1
2024-09-21 19:06:35,224 INFO    : Snapshot:2	1	3	Epoch:9	Loss:2.727	MRR:20.04	Hits@10:35.43	Best:20.1
2024-09-21 19:06:42,807 INFO    : Snapshot:2	0	3	Epoch:10	Loss:2.68	MRR:20.13	Hits@10:35.24	Best:20.13
2024-09-21 19:06:50,447 INFO    : Snapshot:2	0	3	Epoch:11	Loss:2.617	MRR:20.15	Hits@10:35.79	Best:20.15
2024-09-21 19:06:57,904 INFO    : Snapshot:2	0	3	Epoch:12	Loss:2.59	MRR:20.24	Hits@10:35.75	Best:20.24
2024-09-21 19:07:05,487 INFO    : Snapshot:2	1	3	Epoch:13	Loss:2.527	MRR:20.19	Hits@10:35.63	Best:20.24
2024-09-21 19:07:13,087 INFO    : Snapshot:2	0	3	Epoch:14	Loss:2.521	MRR:20.29	Hits@10:35.75	Best:20.29
2024-09-21 19:07:20,496 INFO    : Snapshot:2	0	3	Epoch:15	Loss:2.475	MRR:20.45	Hits@10:36.02	Best:20.45
2024-09-21 19:07:27,915 INFO    : Snapshot:2	0	3	Epoch:16	Loss:2.443	MRR:20.54	Hits@10:35.91	Best:20.54
2024-09-21 19:07:35,331 INFO    : Snapshot:2	1	3	Epoch:17	Loss:2.427	MRR:20.51	Hits@10:36.04	Best:20.54
2024-09-21 19:07:42,848 INFO    : Snapshot:2	0	3	Epoch:18	Loss:2.404	MRR:20.55	Hits@10:36.16	Best:20.55
2024-09-21 19:07:50,191 INFO    : Snapshot:2	0	3	Epoch:19	Loss:2.388	MRR:20.56	Hits@10:36.3	Best:20.56
2024-09-21 19:07:57,621 INFO    : Snapshot:2	0	3	Epoch:20	Loss:2.357	MRR:20.71	Hits@10:36.52	Best:20.71
2024-09-21 19:08:05,045 INFO    : Snapshot:2	0	3	Epoch:21	Loss:2.347	MRR:20.76	Hits@10:36.41	Best:20.76
2024-09-21 19:08:12,434 INFO    : Snapshot:2	0	3	Epoch:22	Loss:2.32	MRR:20.83	Hits@10:36.67	Best:20.83
2024-09-21 19:08:20,023 INFO    : Snapshot:2	1	3	Epoch:23	Loss:2.314	MRR:20.74	Hits@10:36.61	Best:20.83
2024-09-21 19:08:27,441 INFO    : Snapshot:2	2	3	Epoch:24	Loss:2.314	MRR:20.73	Hits@10:36.49	Best:20.83
2024-09-21 19:08:34,864 INFO    : Snapshot:2	0	3	Epoch:25	Loss:2.294	MRR:20.91	Hits@10:36.5	Best:20.91
2024-09-21 19:08:42,235 INFO    : Snapshot:2	1	3	Epoch:26	Loss:2.286	MRR:20.74	Hits@10:36.6	Best:20.91
2024-09-21 19:08:49,653 INFO    : Snapshot:2	2	3	Epoch:27	Loss:2.282	MRR:20.79	Hits@10:36.61	Best:20.91
2024-09-21 19:08:56,994 INFO    : Early Stopping! Snapshot:2 Epoch: 28 Best Results: 20.91
2024-09-21 19:08:57,090 INFO    : => loading checkpoint './checkpoint/ENTITY\2model_best.tar'
2024-09-21 19:09:05,877 INFO    : 
+------------+--------+--------+--------+--------+---------+
| Snapshot:2 |  MRR   | Hits@1 | Hits@3 | Hits@5 | Hits@10 |
+------------+--------+--------+--------+--------+---------+
|     0      | 0.3303 | 0.212  | 0.3811 | 0.4561 |  0.5576 |
|     1      | 0.2328 | 0.1421 | 0.2593 | 0.3193 |  0.4101 |
|     2      |  0.21  | 0.1276 | 0.235  | 0.2877 |  0.3683 |
+------------+--------+--------+--------+--------+---------+
2024-09-21 19:09:22,137 INFO    : Snapshot:3	0	3	Epoch:0	Loss:10.009	MRR:14.66	Hits@10:25.52	Best:14.66
2024-09-21 19:09:30,685 INFO    : Snapshot:3	0	3	Epoch:1	Loss:3.912	MRR:16.83	Hits@10:29.72	Best:16.83
2024-09-21 19:09:39,050 INFO    : Snapshot:3	0	3	Epoch:2	Loss:3.307	MRR:17.55	Hits@10:31.0	Best:17.55
2024-09-21 19:09:47,479 INFO    : Snapshot:3	0	3	Epoch:3	Loss:2.958	MRR:18.09	Hits@10:32.06	Best:18.09
2024-09-21 19:09:55,909 INFO    : Snapshot:3	0	3	Epoch:4	Loss:2.764	MRR:18.31	Hits@10:32.61	Best:18.31
2024-09-21 19:10:04,270 INFO    : Snapshot:3	0	3	Epoch:5	Loss:2.612	MRR:18.51	Hits@10:33.09	Best:18.51
2024-09-21 19:10:12,703 INFO    : Snapshot:3	0	3	Epoch:6	Loss:2.495	MRR:18.78	Hits@10:33.28	Best:18.78
2024-09-21 19:10:21,070 INFO    : Snapshot:3	0	3	Epoch:7	Loss:2.413	MRR:18.9	Hits@10:33.77	Best:18.9
2024-09-21 19:10:29,521 INFO    : Snapshot:3	0	3	Epoch:8	Loss:2.359	MRR:19.06	Hits@10:34.11	Best:19.06
2024-09-21 19:10:37,967 INFO    : Snapshot:3	0	3	Epoch:9	Loss:2.299	MRR:19.18	Hits@10:34.23	Best:19.18
2024-09-21 19:10:46,327 INFO    : Snapshot:3	0	3	Epoch:10	Loss:2.232	MRR:19.37	Hits@10:34.24	Best:19.37
2024-09-21 19:10:54,882 INFO    : Snapshot:3	1	3	Epoch:11	Loss:2.201	MRR:19.36	Hits@10:34.39	Best:19.37
2024-09-21 19:11:03,204 INFO    : Snapshot:3	0	3	Epoch:12	Loss:2.179	MRR:19.41	Hits@10:34.4	Best:19.41
2024-09-21 19:11:11,576 INFO    : Snapshot:3	1	3	Epoch:13	Loss:2.128	MRR:19.38	Hits@10:34.26	Best:19.41
2024-09-21 19:11:19,925 INFO    : Snapshot:3	0	3	Epoch:14	Loss:2.101	MRR:19.51	Hits@10:34.53	Best:19.51
2024-09-21 19:11:28,252 INFO    : Snapshot:3	0	3	Epoch:15	Loss:2.086	MRR:19.61	Hits@10:34.56	Best:19.61
2024-09-21 19:11:36,482 INFO    : Snapshot:3	0	3	Epoch:16	Loss:2.079	MRR:19.68	Hits@10:34.47	Best:19.68
2024-09-21 19:11:44,740 INFO    : Snapshot:3	0	3	Epoch:17	Loss:2.029	MRR:19.79	Hits@10:34.84	Best:19.79
2024-09-21 19:11:53,048 INFO    : Snapshot:3	1	3	Epoch:18	Loss:2.032	MRR:19.77	Hits@10:34.76	Best:19.79
2024-09-21 19:12:01,477 INFO    : Snapshot:3	2	3	Epoch:19	Loss:1.998	MRR:19.7	Hits@10:34.62	Best:19.79
2024-09-21 19:12:09,861 INFO    : Early Stopping! Snapshot:3 Epoch: 20 Best Results: 19.79
2024-09-21 19:12:09,960 INFO    : => loading checkpoint './checkpoint/ENTITY\3model_best.tar'
2024-09-21 19:12:24,520 INFO    : 
+------------+--------+--------+--------+--------+---------+
| Snapshot:3 |  MRR   | Hits@1 | Hits@3 | Hits@5 | Hits@10 |
+------------+--------+--------+--------+--------+---------+
|     0      | 0.3303 | 0.212  | 0.3811 | 0.4561 |  0.5576 |
|     1      | 0.2328 | 0.1421 | 0.2593 | 0.3193 |  0.4101 |
|     2      |  0.21  | 0.1276 | 0.235  | 0.2877 |  0.3683 |
|     3      | 0.1979 | 0.119  | 0.2208 | 0.2725 |  0.3525 |
+------------+--------+--------+--------+--------+---------+
2024-09-21 19:12:39,077 INFO    : Snapshot:4	0	3	Epoch:0	Loss:6.931	MRR:18.48	Hits@10:30.7	Best:18.48
2024-09-21 19:12:46,034 INFO    : Snapshot:4	0	3	Epoch:1	Loss:2.041	MRR:21.32	Hits@10:35.99	Best:21.32
2024-09-21 19:12:52,953 INFO    : Snapshot:4	0	3	Epoch:2	Loss:1.573	MRR:22.1	Hits@10:38.24	Best:22.1
2024-09-21 19:12:59,719 INFO    : Snapshot:4	0	3	Epoch:3	Loss:1.367	MRR:22.5	Hits@10:39.4	Best:22.5
2024-09-21 19:13:06,547 INFO    : Snapshot:4	0	3	Epoch:4	Loss:1.272	MRR:23.0	Hits@10:40.32	Best:23.0
2024-09-21 19:13:13,391 INFO    : Snapshot:4	0	3	Epoch:5	Loss:1.209	MRR:23.29	Hits@10:40.65	Best:23.29
2024-09-21 19:13:20,395 INFO    : Snapshot:4	1	3	Epoch:6	Loss:1.145	MRR:23.23	Hits@10:40.75	Best:23.29
2024-09-21 19:13:27,121 INFO    : Snapshot:4	0	3	Epoch:7	Loss:1.094	MRR:23.5	Hits@10:40.94	Best:23.5
2024-09-21 19:13:33,878 INFO    : Snapshot:4	0	3	Epoch:8	Loss:1.058	MRR:23.57	Hits@10:41.3	Best:23.57
2024-09-21 19:13:40,749 INFO    : Snapshot:4	1	3	Epoch:9	Loss:1.009	MRR:23.3	Hits@10:40.99	Best:23.57
2024-09-21 19:13:47,572 INFO    : Snapshot:4	2	3	Epoch:10	Loss:0.976	MRR:23.5	Hits@10:41.34	Best:23.57
2024-09-21 19:13:54,288 INFO    : Snapshot:4	0	3	Epoch:11	Loss:0.961	MRR:23.75	Hits@10:41.88	Best:23.75
2024-09-21 19:14:01,090 INFO    : Snapshot:4	0	3	Epoch:12	Loss:0.952	MRR:23.98	Hits@10:42.18	Best:23.98
2024-09-21 19:14:07,902 INFO    : Snapshot:4	1	3	Epoch:13	Loss:0.934	MRR:23.88	Hits@10:41.81	Best:23.98
2024-09-21 19:14:14,572 INFO    : Snapshot:4	2	3	Epoch:14	Loss:0.91	MRR:23.83	Hits@10:42.0	Best:23.98
2024-09-21 19:14:21,400 INFO    : Snapshot:4	0	3	Epoch:15	Loss:0.914	MRR:24.08	Hits@10:42.14	Best:24.08
2024-09-21 19:14:28,216 INFO    : Snapshot:4	0	3	Epoch:16	Loss:0.89	MRR:24.17	Hits@10:42.08	Best:24.17
2024-09-21 19:14:34,999 INFO    : Snapshot:4	1	3	Epoch:17	Loss:0.87	MRR:23.89	Hits@10:41.98	Best:24.17
2024-09-21 19:14:41,741 INFO    : Snapshot:4	2	3	Epoch:18	Loss:0.864	MRR:23.93	Hits@10:41.74	Best:24.17
2024-09-21 19:14:48,549 INFO    : Early Stopping! Snapshot:4 Epoch: 19 Best Results: 24.17
2024-09-21 19:14:48,645 INFO    : => loading checkpoint './checkpoint/ENTITY\4model_best.tar'
2024-09-21 19:15:07,881 INFO    : 
+------------+--------+--------+--------+--------+---------+
| Snapshot:4 |  MRR   | Hits@1 | Hits@3 | Hits@5 | Hits@10 |
+------------+--------+--------+--------+--------+---------+
|     0      | 0.3303 | 0.212  | 0.3811 | 0.4561 |  0.5576 |
|     1      | 0.2328 | 0.1421 | 0.2593 | 0.3193 |  0.4101 |
|     2      |  0.21  | 0.1276 | 0.235  | 0.2877 |  0.3683 |
|     3      | 0.1979 | 0.119  | 0.2208 | 0.2725 |  0.3525 |
|     4      | 0.2418 | 0.1459 | 0.2806 | 0.3435 |  0.4241 |
+------------+--------+--------+--------+--------+---------+
2024-09-21 19:15:07,882 INFO    : Final Result:
[+------------+--------+--------+--------+--------+---------+
| Snapshot:0 |  MRR   | Hits@1 | Hits@3 | Hits@5 | Hits@10 |
+------------+--------+--------+--------+--------+---------+
|     0      | 0.3303 | 0.212  | 0.3811 | 0.4561 |  0.5576 |
+------------+--------+--------+--------+--------+---------+, +------------+--------+--------+--------+--------+---------+
| Snapshot:1 |  MRR   | Hits@1 | Hits@3 | Hits@5 | Hits@10 |
+------------+--------+--------+--------+--------+---------+
|     0      | 0.3303 | 0.212  | 0.3811 | 0.4561 |  0.5576 |
|     1      | 0.2328 | 0.1421 | 0.2593 | 0.3193 |  0.4101 |
+------------+--------+--------+--------+--------+---------+, +------------+--------+--------+--------+--------+---------+
| Snapshot:2 |  MRR   | Hits@1 | Hits@3 | Hits@5 | Hits@10 |
+------------+--------+--------+--------+--------+---------+
|     0      | 0.3303 | 0.212  | 0.3811 | 0.4561 |  0.5576 |
|     1      | 0.2328 | 0.1421 | 0.2593 | 0.3193 |  0.4101 |
|     2      |  0.21  | 0.1276 | 0.235  | 0.2877 |  0.3683 |
+------------+--------+--------+--------+--------+---------+, +------------+--------+--------+--------+--------+---------+
| Snapshot:3 |  MRR   | Hits@1 | Hits@3 | Hits@5 | Hits@10 |
+------------+--------+--------+--------+--------+---------+
|     0      | 0.3303 | 0.212  | 0.3811 | 0.4561 |  0.5576 |
|     1      | 0.2328 | 0.1421 | 0.2593 | 0.3193 |  0.4101 |
|     2      |  0.21  | 0.1276 | 0.235  | 0.2877 |  0.3683 |
|     3      | 0.1979 | 0.119  | 0.2208 | 0.2725 |  0.3525 |
+------------+--------+--------+--------+--------+---------+, +------------+--------+--------+--------+--------+---------+
| Snapshot:4 |  MRR   | Hits@1 | Hits@3 | Hits@5 | Hits@10 |
+------------+--------+--------+--------+--------+---------+
|     0      | 0.3303 | 0.212  | 0.3811 | 0.4561 |  0.5576 |
|     1      | 0.2328 | 0.1421 | 0.2593 | 0.3193 |  0.4101 |
|     2      |  0.21  | 0.1276 | 0.235  | 0.2877 |  0.3683 |
|     3      | 0.1979 | 0.119  | 0.2208 | 0.2725 |  0.3525 |
|     4      | 0.2418 | 0.1459 | 0.2806 | 0.3435 |  0.4241 |
+------------+--------+--------+--------+--------+---------+]
2024-09-21 19:15:07,883 INFO    : Report Result:
+----------+--------------------+-----------+--------------+--------------+---------------+
| Snapshot |        Time        | Whole_MRR | Whole_Hits@1 | Whole_Hits@3 | Whole_Hits@10 |
+----------+--------------------+-----------+--------------+--------------+---------------+
|    0     | 29.522055625915527 |    0.33   |    0.212     |    0.381     |     0.558     |
|    1     | 194.83021926879883 |   0.271   |    0.169     |    0.307     |     0.468     |
|    2     | 220.63749647140503 |   0.248   |    0.153     |    0.279     |      0.43     |
|    3     | 178.63793635368347 |   0.234   |    0.144     |    0.264     |     0.409     |
|    4     | 139.10882377624512 |   0.235   |    0.144     |    0.266     |     0.411     |
+----------+--------------------+-----------+--------------+--------------+---------------+
2024-09-21 19:15:07,884 INFO    : Sum_Training_Time:762.736531496048
2024-09-21 19:15:07,884 INFO    : Every_Training_Time:[29.522055625915527, 194.83021926879883, 220.63749647140503, 178.63793635368347, 139.10882377624512]
2024-09-21 19:15:07,884 INFO    : Forward transfer: 0.041075 Backward transfer: 0.0
