2025-01-14 11:43:56,044 INFO    : Namespace(batch_size=1024, data_path='./data/HYBRID/', dataset='HYBRID', debug=False, device=device(type='cuda', index=0), emb_dim=200, ent_r='200', epoch_num=200, explore=False, gpu='0', l2=0.0, learning_rate='2e-1', log_path='./logs/HYBRID 200 10 2e-1 1024/HYBRID 20250114114348', logger=<RootLogger root (INFO)>, margin=8.0, model_name='LoraKGE_Layers', multi_layers_path='train_sorted_by_edges_betweenness.txt', neg_ratio=10, note='', num_ent_layers='10', num_layer=1, num_rel_layers='1', patience='10', predict_result=False, r=100, r_fixed=True, random_seed=3407, record=False, rel_r='200', save_path='./checkpoint/HYBRID', skip_previous='False', snapshot_num=5, train_new=True, using_multi_layers=False, using_various_ranks='True', using_various_ranks_reverse=False, valid_metrics='mrr')
2025-01-14 11:44:03,880 INFO    : Snapshot:0	0	10	Epoch:0	Loss:40.122	MRR:10.89	Hits@10:23.07	Best:10.89
2025-01-14 11:44:09,354 INFO    : Snapshot:0	0	10	Epoch:1	Loss:24.705	MRR:18.64	Hits@10:35.08	Best:18.64
2025-01-14 11:44:14,690 INFO    : Snapshot:0	0	10	Epoch:2	Loss:13.886	MRR:23.07	Hits@10:40.85	Best:23.07
2025-01-14 11:44:20,290 INFO    : Snapshot:0	0	10	Epoch:3	Loss:7.848	MRR:24.72	Hits@10:43.29	Best:24.72
2025-01-14 11:44:25,743 INFO    : Snapshot:0	0	10	Epoch:4	Loss:4.798	MRR:25.24	Hits@10:44.21	Best:25.24
2025-01-14 11:44:31,562 INFO    : Snapshot:0	0	10	Epoch:5	Loss:3.208	MRR:25.29	Hits@10:44.55	Best:25.29
2025-01-14 11:44:37,026 INFO    : Snapshot:0	1	10	Epoch:6	Loss:2.348	MRR:25.25	Hits@10:44.77	Best:25.29
2025-01-14 11:44:42,529 INFO    : Snapshot:0	2	10	Epoch:7	Loss:1.818	MRR:25.18	Hits@10:44.98	Best:25.29
2025-01-14 11:44:47,848 INFO    : Snapshot:0	3	10	Epoch:8	Loss:1.471	MRR:25.0	Hits@10:44.89	Best:25.29
2025-01-14 11:44:53,058 INFO    : Snapshot:0	4	10	Epoch:9	Loss:1.244	MRR:24.89	Hits@10:44.71	Best:25.29
2025-01-14 11:44:58,336 INFO    : Snapshot:0	5	10	Epoch:10	Loss:1.075	MRR:24.67	Hits@10:44.63	Best:25.29
2025-01-14 11:45:03,985 INFO    : Snapshot:0	6	10	Epoch:11	Loss:0.942	MRR:25.01	Hits@10:44.82	Best:25.29
2025-01-14 11:45:09,210 INFO    : Snapshot:0	7	10	Epoch:12	Loss:0.878	MRR:24.9	Hits@10:44.56	Best:25.29
2025-01-14 11:45:14,513 INFO    : Snapshot:0	8	10	Epoch:13	Loss:0.788	MRR:24.69	Hits@10:44.47	Best:25.29
2025-01-14 11:45:19,894 INFO    : Snapshot:0	9	10	Epoch:14	Loss:0.756	MRR:24.71	Hits@10:44.41	Best:25.29
2025-01-14 11:45:25,312 INFO    : Early Stopping! Snapshot:0 Epoch: 15 Best Results: 25.29
2025-01-14 11:45:25,416 INFO    : => loading checkpoint './checkpoint/HYBRID\0model_best.tar'
2025-01-14 11:45:28,837 INFO    : 
+------------+--------+--------+--------+--------+---------+
| Snapshot:0 |  MRR   | Hits@1 | Hits@3 | Hits@5 | Hits@10 |
+------------+--------+--------+--------+--------+---------+
|     0      | 0.2534 | 0.1535 | 0.3057 | 0.3658 |  0.4359 |
+------------+--------+--------+--------+--------+---------+
2025-01-14 11:45:35,847 INFO    : Snapshot:1	0	10	Epoch:0	Loss:7.264	MRR:21.96	Hits@10:38.07	Best:21.96
2025-01-14 11:45:38,193 INFO    : Snapshot:1	0	10	Epoch:1	Loss:3.618	MRR:24.68	Hits@10:42.4	Best:24.68
2025-01-14 11:45:40,611 INFO    : Snapshot:1	0	10	Epoch:2	Loss:3.086	MRR:25.88	Hits@10:44.11	Best:25.88
2025-01-14 11:45:42,962 INFO    : Snapshot:1	1	10	Epoch:3	Loss:2.85	MRR:25.63	Hits@10:44.83	Best:25.88
2025-01-14 11:45:45,344 INFO    : Snapshot:1	0	10	Epoch:4	Loss:2.712	MRR:26.6	Hits@10:45.56	Best:26.6
2025-01-14 11:45:47,709 INFO    : Snapshot:1	0	10	Epoch:5	Loss:2.623	MRR:26.85	Hits@10:45.87	Best:26.85
2025-01-14 11:45:50,099 INFO    : Snapshot:1	1	10	Epoch:6	Loss:2.559	MRR:26.71	Hits@10:46.17	Best:26.85
2025-01-14 11:45:52,490 INFO    : Snapshot:1	2	10	Epoch:7	Loss:2.512	MRR:26.73	Hits@10:45.9	Best:26.85
2025-01-14 11:45:54,905 INFO    : Snapshot:1	0	10	Epoch:8	Loss:2.482	MRR:26.89	Hits@10:46.38	Best:26.89
2025-01-14 11:45:57,295 INFO    : Snapshot:1	0	10	Epoch:9	Loss:2.453	MRR:27.15	Hits@10:46.23	Best:27.15
2025-01-14 11:45:59,850 INFO    : Snapshot:1	1	10	Epoch:10	Loss:2.412	MRR:26.99	Hits@10:46.3	Best:27.15
2025-01-14 11:46:02,340 INFO    : Snapshot:1	0	10	Epoch:11	Loss:2.41	MRR:27.18	Hits@10:46.43	Best:27.18
2025-01-14 11:46:04,853 INFO    : Snapshot:1	1	10	Epoch:12	Loss:2.382	MRR:27.0	Hits@10:46.54	Best:27.18
2025-01-14 11:46:07,232 INFO    : Snapshot:1	2	10	Epoch:13	Loss:2.362	MRR:26.86	Hits@10:46.43	Best:27.18
2025-01-14 11:46:09,630 INFO    : Snapshot:1	0	10	Epoch:14	Loss:2.348	MRR:27.34	Hits@10:46.49	Best:27.34
2025-01-14 11:46:11,999 INFO    : Snapshot:1	0	10	Epoch:15	Loss:2.323	MRR:27.35	Hits@10:46.54	Best:27.35
2025-01-14 11:46:14,364 INFO    : Snapshot:1	0	10	Epoch:16	Loss:2.326	MRR:27.72	Hits@10:46.92	Best:27.72
2025-01-14 11:46:16,751 INFO    : Snapshot:1	0	10	Epoch:17	Loss:2.336	MRR:27.94	Hits@10:46.66	Best:27.94
2025-01-14 11:46:19,083 INFO    : Snapshot:1	1	10	Epoch:18	Loss:2.305	MRR:27.77	Hits@10:46.95	Best:27.94
2025-01-14 11:46:21,435 INFO    : Snapshot:1	2	10	Epoch:19	Loss:2.29	MRR:27.82	Hits@10:47.04	Best:27.94
2025-01-14 11:46:23,794 INFO    : Snapshot:1	3	10	Epoch:20	Loss:2.284	MRR:27.66	Hits@10:46.67	Best:27.94
2025-01-14 11:46:26,196 INFO    : Snapshot:1	0	10	Epoch:21	Loss:2.303	MRR:28.15	Hits@10:47.04	Best:28.15
2025-01-14 11:46:28,641 INFO    : Snapshot:1	1	10	Epoch:22	Loss:2.291	MRR:28.11	Hits@10:47.07	Best:28.15
2025-01-14 11:46:31,141 INFO    : Snapshot:1	0	10	Epoch:23	Loss:2.279	MRR:28.24	Hits@10:47.02	Best:28.24
2025-01-14 11:46:33,733 INFO    : Snapshot:1	0	10	Epoch:24	Loss:2.271	MRR:28.25	Hits@10:46.92	Best:28.25
2025-01-14 11:46:36,096 INFO    : Snapshot:1	1	10	Epoch:25	Loss:2.256	MRR:27.92	Hits@10:47.28	Best:28.25
2025-01-14 11:46:38,665 INFO    : Snapshot:1	2	10	Epoch:26	Loss:2.264	MRR:28.11	Hits@10:47.33	Best:28.25
2025-01-14 11:46:41,201 INFO    : Snapshot:1	3	10	Epoch:27	Loss:2.248	MRR:27.8	Hits@10:47.4	Best:28.25
2025-01-14 11:46:43,657 INFO    : Snapshot:1	4	10	Epoch:28	Loss:2.248	MRR:27.65	Hits@10:46.84	Best:28.25
2025-01-14 11:46:45,996 INFO    : Snapshot:1	5	10	Epoch:29	Loss:2.251	MRR:27.94	Hits@10:46.77	Best:28.25
2025-01-14 11:46:48,425 INFO    : Snapshot:1	6	10	Epoch:30	Loss:2.236	MRR:28.07	Hits@10:47.22	Best:28.25
2025-01-14 11:46:50,741 INFO    : Snapshot:1	7	10	Epoch:31	Loss:2.246	MRR:28.18	Hits@10:46.9	Best:28.25
2025-01-14 11:46:53,054 INFO    : Snapshot:1	8	10	Epoch:32	Loss:2.231	MRR:28.06	Hits@10:46.87	Best:28.25
2025-01-14 11:46:55,419 INFO    : Snapshot:1	9	10	Epoch:33	Loss:2.234	MRR:28.12	Hits@10:47.1	Best:28.25
2025-01-14 11:46:57,826 INFO    : Snapshot:1	0	10	Epoch:34	Loss:2.241	MRR:28.36	Hits@10:46.97	Best:28.36
2025-01-14 11:47:00,291 INFO    : Snapshot:1	1	10	Epoch:35	Loss:2.221	MRR:28.04	Hits@10:46.91	Best:28.36
2025-01-14 11:47:02,800 INFO    : Snapshot:1	2	10	Epoch:36	Loss:2.23	MRR:28.21	Hits@10:47.09	Best:28.36
2025-01-14 11:47:05,188 INFO    : Snapshot:1	3	10	Epoch:37	Loss:2.217	MRR:28.19	Hits@10:46.98	Best:28.36
2025-01-14 11:47:07,509 INFO    : Snapshot:1	0	10	Epoch:38	Loss:2.215	MRR:28.47	Hits@10:47.54	Best:28.47
2025-01-14 11:47:09,866 INFO    : Snapshot:1	1	10	Epoch:39	Loss:2.219	MRR:28.19	Hits@10:47.54	Best:28.47
2025-01-14 11:47:12,213 INFO    : Snapshot:1	2	10	Epoch:40	Loss:2.201	MRR:28.28	Hits@10:47.5	Best:28.47
2025-01-14 11:47:14,616 INFO    : Snapshot:1	3	10	Epoch:41	Loss:2.217	MRR:28.02	Hits@10:47.43	Best:28.47
2025-01-14 11:47:17,005 INFO    : Snapshot:1	4	10	Epoch:42	Loss:2.188	MRR:27.81	Hits@10:47.32	Best:28.47
2025-01-14 11:47:19,366 INFO    : Snapshot:1	5	10	Epoch:43	Loss:2.191	MRR:27.97	Hits@10:46.92	Best:28.47
2025-01-14 11:47:21,694 INFO    : Snapshot:1	6	10	Epoch:44	Loss:2.213	MRR:27.87	Hits@10:47.26	Best:28.47
2025-01-14 11:47:24,065 INFO    : Snapshot:1	7	10	Epoch:45	Loss:2.195	MRR:28.11	Hits@10:47.27	Best:28.47
2025-01-14 11:47:26,437 INFO    : Snapshot:1	8	10	Epoch:46	Loss:2.204	MRR:28.22	Hits@10:46.97	Best:28.47
2025-01-14 11:47:28,942 INFO    : Snapshot:1	9	10	Epoch:47	Loss:2.204	MRR:28.06	Hits@10:47.5	Best:28.47
2025-01-14 11:47:31,467 INFO    : Snapshot:1	0	10	Epoch:48	Loss:2.189	MRR:28.49	Hits@10:47.09	Best:28.49
2025-01-14 11:47:34,017 INFO    : Snapshot:1	0	10	Epoch:49	Loss:2.206	MRR:28.52	Hits@10:47.33	Best:28.52
2025-01-14 11:47:36,360 INFO    : Snapshot:1	1	10	Epoch:50	Loss:2.183	MRR:28.45	Hits@10:47.35	Best:28.52
2025-01-14 11:47:38,707 INFO    : Snapshot:1	2	10	Epoch:51	Loss:2.188	MRR:28.0	Hits@10:47.44	Best:28.52
2025-01-14 11:47:41,153 INFO    : Snapshot:1	3	10	Epoch:52	Loss:2.184	MRR:28.39	Hits@10:47.45	Best:28.52
2025-01-14 11:47:43,494 INFO    : Snapshot:1	4	10	Epoch:53	Loss:2.196	MRR:28.13	Hits@10:47.37	Best:28.52
2025-01-14 11:47:45,930 INFO    : Snapshot:1	5	10	Epoch:54	Loss:2.198	MRR:28.01	Hits@10:47.44	Best:28.52
2025-01-14 11:47:48,336 INFO    : Snapshot:1	6	10	Epoch:55	Loss:2.183	MRR:28.19	Hits@10:47.51	Best:28.52
2025-01-14 11:47:50,834 INFO    : Snapshot:1	7	10	Epoch:56	Loss:2.204	MRR:28.21	Hits@10:47.43	Best:28.52
2025-01-14 11:47:53,454 INFO    : Snapshot:1	8	10	Epoch:57	Loss:2.179	MRR:28.28	Hits@10:47.44	Best:28.52
2025-01-14 11:47:56,053 INFO    : Snapshot:1	9	10	Epoch:58	Loss:2.18	MRR:28.1	Hits@10:47.19	Best:28.52
2025-01-14 11:47:58,606 INFO    : Early Stopping! Snapshot:1 Epoch: 59 Best Results: 28.52
2025-01-14 11:47:58,701 INFO    : => loading checkpoint './checkpoint/HYBRID\1model_best.tar'
2025-01-14 11:48:04,194 INFO    : 
+------------+--------+--------+--------+--------+---------+
| Snapshot:1 |  MRR   | Hits@1 | Hits@3 | Hits@5 | Hits@10 |
+------------+--------+--------+--------+--------+---------+
|     0      | 0.2534 | 0.1535 | 0.3057 | 0.3658 |  0.4359 |
|     1      | 0.2765 | 0.1799 | 0.3174 | 0.3808 |  0.4634 |
+------------+--------+--------+--------+--------+---------+
2025-01-14 11:48:28,393 INFO    : Snapshot:2	0	10	Epoch:0	Loss:23.203	MRR:15.6	Hits@10:28.32	Best:15.6
2025-01-14 11:48:41,680 INFO    : Snapshot:2	0	10	Epoch:1	Loss:15.846	MRR:16.33	Hits@10:30.08	Best:16.33
2025-01-14 11:48:54,857 INFO    : Snapshot:2	0	10	Epoch:2	Loss:14.937	MRR:16.88	Hits@10:30.88	Best:16.88
2025-01-14 11:49:07,717 INFO    : Snapshot:2	0	10	Epoch:3	Loss:14.44	MRR:17.56	Hits@10:31.67	Best:17.56
2025-01-14 11:49:20,717 INFO    : Snapshot:2	0	10	Epoch:4	Loss:14.083	MRR:17.76	Hits@10:31.79	Best:17.76
2025-01-14 11:49:33,568 INFO    : Snapshot:2	0	10	Epoch:5	Loss:13.874	MRR:17.8	Hits@10:32.08	Best:17.8
2025-01-14 11:49:46,393 INFO    : Snapshot:2	0	10	Epoch:6	Loss:13.67	MRR:17.86	Hits@10:32.39	Best:17.86
2025-01-14 11:49:59,500 INFO    : Snapshot:2	0	10	Epoch:7	Loss:13.575	MRR:18.26	Hits@10:32.71	Best:18.26
2025-01-14 11:50:12,120 INFO    : Snapshot:2	1	10	Epoch:8	Loss:13.458	MRR:18.14	Hits@10:32.57	Best:18.26
2025-01-14 11:50:24,775 INFO    : Snapshot:2	0	10	Epoch:9	Loss:13.351	MRR:18.36	Hits@10:32.7	Best:18.36
2025-01-14 11:50:37,876 INFO    : Snapshot:2	0	10	Epoch:10	Loss:13.278	MRR:18.47	Hits@10:32.84	Best:18.47
2025-01-14 11:50:50,344 INFO    : Snapshot:2	0	10	Epoch:11	Loss:13.237	MRR:18.49	Hits@10:32.99	Best:18.49
2025-01-14 11:51:03,300 INFO    : Snapshot:2	0	10	Epoch:12	Loss:13.164	MRR:18.56	Hits@10:33.08	Best:18.56
2025-01-14 11:51:15,814 INFO    : Snapshot:2	0	10	Epoch:13	Loss:13.098	MRR:18.76	Hits@10:33.36	Best:18.76
2025-01-14 11:51:28,402 INFO    : Snapshot:2	1	10	Epoch:14	Loss:13.049	MRR:18.71	Hits@10:33.29	Best:18.76
2025-01-14 11:51:41,177 INFO    : Snapshot:2	2	10	Epoch:15	Loss:13.021	MRR:18.64	Hits@10:33.23	Best:18.76
2025-01-14 11:51:53,778 INFO    : Snapshot:2	0	10	Epoch:16	Loss:12.988	MRR:18.8	Hits@10:33.16	Best:18.8
2025-01-14 11:52:06,518 INFO    : Snapshot:2	0	10	Epoch:17	Loss:12.899	MRR:18.81	Hits@10:33.36	Best:18.81
2025-01-14 11:52:18,988 INFO    : Snapshot:2	0	10	Epoch:18	Loss:12.883	MRR:18.89	Hits@10:33.24	Best:18.89
2025-01-14 11:52:31,636 INFO    : Snapshot:2	1	10	Epoch:19	Loss:12.868	MRR:18.88	Hits@10:33.27	Best:18.89
2025-01-14 11:52:44,166 INFO    : Snapshot:2	2	10	Epoch:20	Loss:12.88	MRR:18.87	Hits@10:33.26	Best:18.89
2025-01-14 11:52:56,726 INFO    : Snapshot:2	3	10	Epoch:21	Loss:12.797	MRR:18.87	Hits@10:33.27	Best:18.89
2025-01-14 11:53:09,716 INFO    : Snapshot:2	0	10	Epoch:22	Loss:12.806	MRR:19.02	Hits@10:33.35	Best:19.02
2025-01-14 11:53:22,197 INFO    : Snapshot:2	1	10	Epoch:23	Loss:12.756	MRR:18.81	Hits@10:33.31	Best:19.02
2025-01-14 11:53:34,998 INFO    : Snapshot:2	2	10	Epoch:24	Loss:12.735	MRR:18.75	Hits@10:33.34	Best:19.02
2025-01-14 11:53:47,602 INFO    : Snapshot:2	0	10	Epoch:25	Loss:12.788	MRR:19.05	Hits@10:33.51	Best:19.05
2025-01-14 11:54:00,333 INFO    : Snapshot:2	0	10	Epoch:26	Loss:12.738	MRR:19.19	Hits@10:33.6	Best:19.19
2025-01-14 11:54:12,960 INFO    : Snapshot:2	1	10	Epoch:27	Loss:12.688	MRR:19.04	Hits@10:33.42	Best:19.19
2025-01-14 11:54:25,533 INFO    : Snapshot:2	2	10	Epoch:28	Loss:12.703	MRR:18.96	Hits@10:33.47	Best:19.19
2025-01-14 11:54:38,245 INFO    : Snapshot:2	3	10	Epoch:29	Loss:12.686	MRR:18.92	Hits@10:33.58	Best:19.19
2025-01-14 11:54:50,791 INFO    : Snapshot:2	4	10	Epoch:30	Loss:12.639	MRR:18.97	Hits@10:33.39	Best:19.19
2025-01-14 11:55:03,530 INFO    : Snapshot:2	5	10	Epoch:31	Loss:12.695	MRR:18.92	Hits@10:33.43	Best:19.19
2025-01-14 11:55:16,188 INFO    : Snapshot:2	6	10	Epoch:32	Loss:12.666	MRR:19.07	Hits@10:33.5	Best:19.19
2025-01-14 11:55:28,786 INFO    : Snapshot:2	7	10	Epoch:33	Loss:12.667	MRR:19.07	Hits@10:33.45	Best:19.19
2025-01-14 11:55:41,263 INFO    : Snapshot:2	8	10	Epoch:34	Loss:12.678	MRR:19.05	Hits@10:33.69	Best:19.19
2025-01-14 11:55:54,344 INFO    : Snapshot:2	9	10	Epoch:35	Loss:12.592	MRR:19.15	Hits@10:33.54	Best:19.19
2025-01-14 11:56:07,233 INFO    : Early Stopping! Snapshot:2 Epoch: 36 Best Results: 19.19
2025-01-14 11:56:07,352 INFO    : => loading checkpoint './checkpoint/HYBRID\2model_best.tar'
2025-01-14 11:56:20,621 INFO    : 
+------------+--------+--------+--------+--------+---------+
| Snapshot:2 |  MRR   | Hits@1 | Hits@3 | Hits@5 | Hits@10 |
+------------+--------+--------+--------+--------+---------+
|     0      | 0.2534 | 0.1535 | 0.3057 | 0.3658 |  0.4359 |
|     1      | 0.2765 | 0.1799 | 0.3174 | 0.3808 |  0.4634 |
|     2      | 0.192  | 0.1184 | 0.2169 | 0.2663 |  0.3359 |
+------------+--------+--------+--------+--------+---------+
2025-01-14 11:56:50,321 INFO    : Snapshot:3	0	10	Epoch:0	Loss:26.06	MRR:15.24	Hits@10:28.39	Best:15.24
2025-01-14 11:57:06,659 INFO    : Snapshot:3	0	10	Epoch:1	Loss:20.372	MRR:16.03	Hits@10:29.6	Best:16.03
2025-01-14 11:57:22,813 INFO    : Snapshot:3	0	10	Epoch:2	Loss:19.639	MRR:16.34	Hits@10:30.37	Best:16.34
2025-01-14 11:57:39,326 INFO    : Snapshot:3	0	10	Epoch:3	Loss:19.246	MRR:16.69	Hits@10:30.52	Best:16.69
2025-01-14 11:57:55,590 INFO    : Snapshot:3	0	10	Epoch:4	Loss:19.024	MRR:16.85	Hits@10:30.93	Best:16.85
2025-01-14 11:58:11,989 INFO    : Snapshot:3	0	10	Epoch:5	Loss:18.817	MRR:17.15	Hits@10:31.21	Best:17.15
2025-01-14 11:58:28,238 INFO    : Snapshot:3	0	10	Epoch:6	Loss:18.697	MRR:17.18	Hits@10:31.6	Best:17.18
2025-01-14 11:58:44,389 INFO    : Snapshot:3	0	10	Epoch:7	Loss:18.597	MRR:17.26	Hits@10:31.5	Best:17.26
2025-01-14 11:59:00,793 INFO    : Snapshot:3	0	10	Epoch:8	Loss:18.571	MRR:17.33	Hits@10:31.74	Best:17.33
2025-01-14 11:59:17,173 INFO    : Snapshot:3	0	10	Epoch:9	Loss:18.498	MRR:17.42	Hits@10:31.96	Best:17.42
2025-01-14 11:59:33,734 INFO    : Snapshot:3	0	10	Epoch:10	Loss:18.417	MRR:17.51	Hits@10:31.72	Best:17.51
2025-01-14 11:59:50,092 INFO    : Snapshot:3	1	10	Epoch:11	Loss:18.305	MRR:17.45	Hits@10:31.94	Best:17.51
2025-01-14 12:00:06,527 INFO    : Snapshot:3	2	10	Epoch:12	Loss:18.239	MRR:17.46	Hits@10:31.81	Best:17.51
2025-01-14 12:00:22,911 INFO    : Snapshot:3	0	10	Epoch:13	Loss:18.211	MRR:17.54	Hits@10:31.89	Best:17.54
2025-01-14 12:00:39,689 INFO    : Snapshot:3	1	10	Epoch:14	Loss:18.194	MRR:17.41	Hits@10:31.79	Best:17.54
2025-01-14 12:00:56,079 INFO    : Snapshot:3	0	10	Epoch:15	Loss:18.16	MRR:17.65	Hits@10:32.01	Best:17.65
2025-01-14 12:01:12,683 INFO    : Snapshot:3	1	10	Epoch:16	Loss:18.167	MRR:17.59	Hits@10:31.91	Best:17.65
2025-01-14 12:01:28,900 INFO    : Snapshot:3	2	10	Epoch:17	Loss:18.135	MRR:17.5	Hits@10:31.87	Best:17.65
2025-01-14 12:01:45,161 INFO    : Snapshot:3	3	10	Epoch:18	Loss:18.095	MRR:17.63	Hits@10:32.12	Best:17.65
2025-01-14 12:02:01,750 INFO    : Snapshot:3	4	10	Epoch:19	Loss:18.094	MRR:17.54	Hits@10:31.85	Best:17.65
2025-01-14 12:02:18,269 INFO    : Snapshot:3	0	10	Epoch:20	Loss:18.063	MRR:17.69	Hits@10:32.04	Best:17.69
2025-01-14 12:02:35,057 INFO    : Snapshot:3	1	10	Epoch:21	Loss:17.998	MRR:17.65	Hits@10:32.08	Best:17.69
2025-01-14 12:02:51,468 INFO    : Snapshot:3	0	10	Epoch:22	Loss:18.026	MRR:17.78	Hits@10:32.06	Best:17.78
2025-01-14 12:03:07,935 INFO    : Snapshot:3	1	10	Epoch:23	Loss:18.025	MRR:17.57	Hits@10:31.95	Best:17.78
2025-01-14 12:03:24,455 INFO    : Snapshot:3	0	10	Epoch:24	Loss:17.977	MRR:17.82	Hits@10:32.12	Best:17.82
2025-01-14 12:03:41,120 INFO    : Snapshot:3	0	10	Epoch:25	Loss:17.964	MRR:17.84	Hits@10:32.17	Best:17.84
2025-01-14 12:03:57,410 INFO    : Snapshot:3	1	10	Epoch:26	Loss:17.964	MRR:17.82	Hits@10:32.14	Best:17.84
2025-01-14 12:04:13,752 INFO    : Snapshot:3	2	10	Epoch:27	Loss:17.975	MRR:17.71	Hits@10:32.19	Best:17.84
2025-01-14 12:04:30,366 INFO    : Snapshot:3	3	10	Epoch:28	Loss:17.936	MRR:17.78	Hits@10:32.01	Best:17.84
2025-01-14 12:04:46,774 INFO    : Snapshot:3	4	10	Epoch:29	Loss:17.896	MRR:17.68	Hits@10:32.02	Best:17.84
2025-01-14 12:05:03,370 INFO    : Snapshot:3	0	10	Epoch:30	Loss:17.862	MRR:17.86	Hits@10:32.09	Best:17.86
2025-01-14 12:05:19,771 INFO    : Snapshot:3	1	10	Epoch:31	Loss:17.94	MRR:17.67	Hits@10:32.17	Best:17.86
2025-01-14 12:05:36,316 INFO    : Snapshot:3	2	10	Epoch:32	Loss:17.912	MRR:17.75	Hits@10:32.18	Best:17.86
2025-01-14 12:05:52,917 INFO    : Snapshot:3	3	10	Epoch:33	Loss:17.888	MRR:17.78	Hits@10:32.17	Best:17.86
2025-01-14 12:06:09,482 INFO    : Snapshot:3	4	10	Epoch:34	Loss:17.887	MRR:17.83	Hits@10:32.18	Best:17.86
2025-01-14 12:06:25,891 INFO    : Snapshot:3	5	10	Epoch:35	Loss:17.914	MRR:17.81	Hits@10:32.12	Best:17.86
2025-01-14 12:06:42,313 INFO    : Snapshot:3	0	10	Epoch:36	Loss:17.826	MRR:17.87	Hits@10:32.44	Best:17.87
2025-01-14 12:06:58,804 INFO    : Snapshot:3	0	10	Epoch:37	Loss:17.852	MRR:17.91	Hits@10:32.26	Best:17.91
2025-01-14 12:07:15,092 INFO    : Snapshot:3	0	10	Epoch:38	Loss:17.813	MRR:17.95	Hits@10:32.28	Best:17.95
2025-01-14 12:07:31,356 INFO    : Snapshot:3	1	10	Epoch:39	Loss:17.842	MRR:17.91	Hits@10:32.08	Best:17.95
2025-01-14 12:07:47,526 INFO    : Snapshot:3	2	10	Epoch:40	Loss:17.854	MRR:17.87	Hits@10:32.2	Best:17.95
2025-01-14 12:08:03,986 INFO    : Snapshot:3	3	10	Epoch:41	Loss:17.801	MRR:17.93	Hits@10:32.35	Best:17.95
2025-01-14 12:08:20,356 INFO    : Snapshot:3	4	10	Epoch:42	Loss:17.802	MRR:17.9	Hits@10:32.32	Best:17.95
2025-01-14 12:08:37,124 INFO    : Snapshot:3	5	10	Epoch:43	Loss:17.8	MRR:17.84	Hits@10:32.31	Best:17.95
2025-01-14 12:08:53,210 INFO    : Snapshot:3	6	10	Epoch:44	Loss:17.788	MRR:17.87	Hits@10:32.14	Best:17.95
2025-01-14 12:09:09,594 INFO    : Snapshot:3	7	10	Epoch:45	Loss:17.771	MRR:17.9	Hits@10:32.23	Best:17.95
2025-01-14 12:09:26,038 INFO    : Snapshot:3	8	10	Epoch:46	Loss:17.838	MRR:17.87	Hits@10:32.3	Best:17.95
2025-01-14 12:09:42,590 INFO    : Snapshot:3	9	10	Epoch:47	Loss:17.734	MRR:17.89	Hits@10:32.32	Best:17.95
2025-01-14 12:09:59,078 INFO    : Early Stopping! Snapshot:3 Epoch: 48 Best Results: 17.95
2025-01-14 12:09:59,181 INFO    : => loading checkpoint './checkpoint/HYBRID\3model_best.tar'
2025-01-14 12:10:22,827 INFO    : 
+------------+--------+--------+--------+--------+---------+
| Snapshot:3 |  MRR   | Hits@1 | Hits@3 | Hits@5 | Hits@10 |
+------------+--------+--------+--------+--------+---------+
|     0      | 0.2534 | 0.1535 | 0.3057 | 0.3658 |  0.4359 |
|     1      | 0.2765 | 0.1799 | 0.3174 | 0.3808 |  0.4634 |
|     2      | 0.192  | 0.1184 | 0.2169 | 0.2663 |  0.3359 |
|     3      | 0.1781 | 0.099  | 0.2121 | 0.2631 |  0.3261 |
+------------+--------+--------+--------+--------+---------+
2025-01-14 12:10:37,477 INFO    : Snapshot:4	0	10	Epoch:0	Loss:13.49	MRR:14.85	Hits@10:24.68	Best:14.85
2025-01-14 12:10:44,075 INFO    : Snapshot:4	0	10	Epoch:1	Loss:11.88	MRR:15.18	Hits@10:25.1	Best:15.18
2025-01-14 12:10:50,767 INFO    : Snapshot:4	1	10	Epoch:2	Loss:11.816	MRR:15.11	Hits@10:24.88	Best:15.18
2025-01-14 12:10:57,631 INFO    : Snapshot:4	2	10	Epoch:3	Loss:11.765	MRR:15.07	Hits@10:24.91	Best:15.18
2025-01-14 12:11:04,666 INFO    : Snapshot:4	3	10	Epoch:4	Loss:11.766	MRR:15.12	Hits@10:24.8	Best:15.18
2025-01-14 12:11:11,453 INFO    : Snapshot:4	4	10	Epoch:5	Loss:11.71	MRR:15.1	Hits@10:24.96	Best:15.18
2025-01-14 12:11:18,073 INFO    : Snapshot:4	0	10	Epoch:6	Loss:11.712	MRR:15.24	Hits@10:25.01	Best:15.24
2025-01-14 12:11:24,680 INFO    : Snapshot:4	0	10	Epoch:7	Loss:11.698	MRR:15.3	Hits@10:25.11	Best:15.3
2025-01-14 12:11:31,733 INFO    : Snapshot:4	1	10	Epoch:8	Loss:11.678	MRR:15.19	Hits@10:25.01	Best:15.3
2025-01-14 12:11:38,580 INFO    : Snapshot:4	2	10	Epoch:9	Loss:11.696	MRR:15.08	Hits@10:24.85	Best:15.3
2025-01-14 12:11:45,233 INFO    : Snapshot:4	3	10	Epoch:10	Loss:11.693	MRR:15.16	Hits@10:25.02	Best:15.3
2025-01-14 12:11:51,881 INFO    : Snapshot:4	4	10	Epoch:11	Loss:11.668	MRR:15.21	Hits@10:24.98	Best:15.3
2025-01-14 12:11:58,870 INFO    : Snapshot:4	5	10	Epoch:12	Loss:11.656	MRR:15.28	Hits@10:25.1	Best:15.3
2025-01-14 12:12:05,855 INFO    : Snapshot:4	6	10	Epoch:13	Loss:11.681	MRR:15.13	Hits@10:25.04	Best:15.3
2025-01-14 12:12:12,546 INFO    : Snapshot:4	7	10	Epoch:14	Loss:11.656	MRR:15.2	Hits@10:25.11	Best:15.3
2025-01-14 12:12:19,138 INFO    : Snapshot:4	8	10	Epoch:15	Loss:11.63	MRR:15.05	Hits@10:24.83	Best:15.3
2025-01-14 12:12:25,818 INFO    : Snapshot:4	9	10	Epoch:16	Loss:11.628	MRR:15.24	Hits@10:25.18	Best:15.3
2025-01-14 12:12:33,036 INFO    : Early Stopping! Snapshot:4 Epoch: 17 Best Results: 15.3
2025-01-14 12:12:33,127 INFO    : => loading checkpoint './checkpoint/HYBRID\4model_best.tar'
2025-01-14 12:13:03,857 INFO    : 
+------------+--------+--------+--------+--------+---------+
| Snapshot:4 |  MRR   | Hits@1 | Hits@3 | Hits@5 | Hits@10 |
+------------+--------+--------+--------+--------+---------+
|     0      | 0.2534 | 0.1535 | 0.3057 | 0.3658 |  0.4359 |
|     1      | 0.2765 | 0.1799 | 0.3174 | 0.3808 |  0.4634 |
|     2      | 0.192  | 0.1184 | 0.2169 | 0.2663 |  0.3359 |
|     3      | 0.1781 | 0.099  | 0.2121 | 0.2631 |  0.3261 |
|     4      | 0.1504 | 0.0991 | 0.1636 | 0.199  |  0.2483 |
+------------+--------+--------+--------+--------+---------+
2025-01-14 12:13:03,857 INFO    : Final Result:
[+------------+--------+--------+--------+--------+---------+
| Snapshot:0 |  MRR   | Hits@1 | Hits@3 | Hits@5 | Hits@10 |
+------------+--------+--------+--------+--------+---------+
|     0      | 0.2534 | 0.1535 | 0.3057 | 0.3658 |  0.4359 |
+------------+--------+--------+--------+--------+---------+, +------------+--------+--------+--------+--------+---------+
| Snapshot:1 |  MRR   | Hits@1 | Hits@3 | Hits@5 | Hits@10 |
+------------+--------+--------+--------+--------+---------+
|     0      | 0.2534 | 0.1535 | 0.3057 | 0.3658 |  0.4359 |
|     1      | 0.2765 | 0.1799 | 0.3174 | 0.3808 |  0.4634 |
+------------+--------+--------+--------+--------+---------+, +------------+--------+--------+--------+--------+---------+
| Snapshot:2 |  MRR   | Hits@1 | Hits@3 | Hits@5 | Hits@10 |
+------------+--------+--------+--------+--------+---------+
|     0      | 0.2534 | 0.1535 | 0.3057 | 0.3658 |  0.4359 |
|     1      | 0.2765 | 0.1799 | 0.3174 | 0.3808 |  0.4634 |
|     2      | 0.192  | 0.1184 | 0.2169 | 0.2663 |  0.3359 |
+------------+--------+--------+--------+--------+---------+, +------------+--------+--------+--------+--------+---------+
| Snapshot:3 |  MRR   | Hits@1 | Hits@3 | Hits@5 | Hits@10 |
+------------+--------+--------+--------+--------+---------+
|     0      | 0.2534 | 0.1535 | 0.3057 | 0.3658 |  0.4359 |
|     1      | 0.2765 | 0.1799 | 0.3174 | 0.3808 |  0.4634 |
|     2      | 0.192  | 0.1184 | 0.2169 | 0.2663 |  0.3359 |
|     3      | 0.1781 | 0.099  | 0.2121 | 0.2631 |  0.3261 |
+------------+--------+--------+--------+--------+---------+, +------------+--------+--------+--------+--------+---------+
| Snapshot:4 |  MRR   | Hits@1 | Hits@3 | Hits@5 | Hits@10 |
+------------+--------+--------+--------+--------+---------+
|     0      | 0.2534 | 0.1535 | 0.3057 | 0.3658 |  0.4359 |
|     1      | 0.2765 | 0.1799 | 0.3174 | 0.3808 |  0.4634 |
|     2      | 0.192  | 0.1184 | 0.2169 | 0.2663 |  0.3359 |
|     3      | 0.1781 | 0.099  | 0.2121 | 0.2631 |  0.3261 |
|     4      | 0.1504 | 0.0991 | 0.1636 | 0.199  |  0.2483 |
+------------+--------+--------+--------+--------+---------+]
2025-01-14 12:13:03,857 INFO    : Report Result:
+----------+--------------------+-----------+--------------+--------------+---------------+
| Snapshot |        Time        | Whole_MRR | Whole_Hits@1 | Whole_Hits@3 | Whole_Hits@10 |
+----------+--------------------+-----------+--------------+--------------+---------------+
|    0     |  89.2670726776123  |   0.253   |    0.153     |    0.306     |     0.436     |
|    1     | 147.7074751853943  |    0.26   |    0.161     |    0.309     |     0.443     |
|    2     | 475.33603024482727 |   0.224   |    0.138     |     0.26     |     0.386     |
|    3     | 807.5168967247009  |   0.206   |    0.123     |    0.242     |     0.363     |
|    4     | 124.81704497337341 |   0.199   |     0.12     |    0.232     |     0.348     |
+----------+--------------------+-----------+--------------+--------------+---------------+
2025-01-14 12:13:03,857 INFO    : Sum_Training_Time:1644.6445198059082
2025-01-14 12:13:03,857 INFO    : Every_Training_Time:[89.2670726776123, 147.7074751853943, 475.33603024482727, 807.5168967247009, 124.81704497337341]
2025-01-14 12:13:03,857 INFO    : Forward transfer: 0.036324999999999996 Backward transfer: 0.0
