2024-09-24 18:02:25,087 INFO    : Namespace(batch_size=1024, data_path='./data/FB_CKGE/', dataset='FB_CKGE', debug=False, device=device(type='cuda', index=0), emb_dim=200, ent_r='200', epoch_num=200, explore=False, gpu='0', l2=0.0, learning_rate='1e-1', log_path='./logs/20240924180214 FB_CKGE_200_2_1e-1_1024/FB_CKGE', logger=<RootLogger root (INFO)>, margin=8.0, model_name='LoraKGE_Layers', multi_layers_path='train_sorted_by_edges_betweenness.txt', neg_ratio=10, note='', num_ent_layers='2', num_layer=1, num_rel_layers='1', patience=3, predict_result='True', r=100, r_fixed=True, random_seed=3407, record=False, rel_r='20', save_path='./checkpoint/FB_CKGE', skip_previous='False', snapshot_num=5, train_new=True, using_multi_layers=False, using_various_ranks='True', using_various_ranks_reverse=False, valid_metrics='mrr')
2024-09-24 18:02:46,538 INFO    : Snapshot:0	0	3	Epoch:0	Loss:91.268	MRR:22.64	Hits@10:42.62	Best:22.64
2024-09-24 18:03:04,032 INFO    : Snapshot:0	0	3	Epoch:1	Loss:17.198	MRR:24.74	Hits@10:45.16	Best:24.74
2024-09-24 18:03:21,526 INFO    : Snapshot:0	1	3	Epoch:2	Loss:7.016	MRR:23.93	Hits@10:44.13	Best:24.74
2024-09-24 18:03:38,526 INFO    : Snapshot:0	2	3	Epoch:3	Loss:4.7	MRR:23.72	Hits@10:43.5	Best:24.74
2024-09-24 18:03:55,987 INFO    : Early Stopping! Snapshot:0 Epoch: 4 Best Results: 24.74
2024-09-24 18:03:56,104 INFO    : => loading checkpoint './checkpoint/FB_CKGE\0model_best.tar'
2024-09-24 18:04:15,366 INFO    : 
+------------+-------+--------+--------+--------+---------+
| Snapshot:0 |  MRR  | Hits@1 | Hits@3 | Hits@5 | Hits@10 |
+------------+-------+--------+--------+--------+---------+
|     0      | 0.246 | 0.1419 | 0.2865 |  0.36  |  0.452  |
+------------+-------+--------+--------+--------+---------+
2024-09-24 18:04:26,360 INFO    : Snapshot:1	0	3	Epoch:0	Loss:8.535	MRR:11.18	Hits@10:20.48	Best:11.18
2024-09-24 18:04:29,907 INFO    : Snapshot:1	0	3	Epoch:1	Loss:2.564	MRR:13.1	Hits@10:24.65	Best:13.1
2024-09-24 18:04:33,479 INFO    : Snapshot:1	0	3	Epoch:2	Loss:1.74	MRR:14.14	Hits@10:27.08	Best:14.14
2024-09-24 18:04:36,896 INFO    : Snapshot:1	0	3	Epoch:3	Loss:1.401	MRR:15.07	Hits@10:28.43	Best:15.07
2024-09-24 18:04:40,353 INFO    : Snapshot:1	0	3	Epoch:4	Loss:1.202	MRR:15.34	Hits@10:29.22	Best:15.34
2024-09-24 18:04:43,789 INFO    : Snapshot:1	0	3	Epoch:5	Loss:1.033	MRR:15.64	Hits@10:29.77	Best:15.64
2024-09-24 18:04:47,239 INFO    : Snapshot:1	0	3	Epoch:6	Loss:0.937	MRR:15.99	Hits@10:30.14	Best:15.99
2024-09-24 18:04:50,658 INFO    : Snapshot:1	1	3	Epoch:7	Loss:0.85	MRR:15.92	Hits@10:30.22	Best:15.99
2024-09-24 18:04:54,082 INFO    : Snapshot:1	0	3	Epoch:8	Loss:0.815	MRR:16.21	Hits@10:30.68	Best:16.21
2024-09-24 18:04:57,515 INFO    : Snapshot:1	0	3	Epoch:9	Loss:0.755	MRR:16.33	Hits@10:30.86	Best:16.33
2024-09-24 18:05:00,959 INFO    : Snapshot:1	0	3	Epoch:10	Loss:0.727	MRR:16.67	Hits@10:31.38	Best:16.67
2024-09-24 18:05:04,409 INFO    : Snapshot:1	0	3	Epoch:11	Loss:0.694	MRR:16.71	Hits@10:31.32	Best:16.71
2024-09-24 18:05:07,909 INFO    : Snapshot:1	0	3	Epoch:12	Loss:0.676	MRR:16.81	Hits@10:31.63	Best:16.81
2024-09-24 18:05:11,335 INFO    : Snapshot:1	1	3	Epoch:13	Loss:0.647	MRR:16.81	Hits@10:31.8	Best:16.81
2024-09-24 18:05:14,755 INFO    : Snapshot:1	2	3	Epoch:14	Loss:0.638	MRR:16.68	Hits@10:31.61	Best:16.81
2024-09-24 18:05:18,190 INFO    : Early Stopping! Snapshot:1 Epoch: 15 Best Results: 16.81
2024-09-24 18:05:18,298 INFO    : => loading checkpoint './checkpoint/FB_CKGE\1model_best.tar'
2024-09-24 18:05:41,102 INFO    : 
+------------+--------+--------+--------+--------+---------+
| Snapshot:1 |  MRR   | Hits@1 | Hits@3 | Hits@5 | Hits@10 |
+------------+--------+--------+--------+--------+---------+
|     0      | 0.246  | 0.1419 | 0.2865 |  0.36  |  0.452  |
|     1      | 0.1732 | 0.1024 |  0.19  | 0.2383 |  0.3166 |
+------------+--------+--------+--------+--------+---------+
2024-09-24 18:05:52,292 INFO    : Snapshot:2	0	3	Epoch:0	Loss:6.175	MRR:16.77	Hits@10:30.05	Best:16.77
2024-09-24 18:05:56,031 INFO    : Snapshot:2	0	3	Epoch:1	Loss:2.871	MRR:16.98	Hits@10:30.58	Best:16.98
2024-09-24 18:05:59,896 INFO    : Snapshot:2	0	3	Epoch:2	Loss:2.445	MRR:17.13	Hits@10:30.68	Best:17.13
2024-09-24 18:06:03,744 INFO    : Snapshot:2	0	3	Epoch:3	Loss:2.242	MRR:17.26	Hits@10:31.18	Best:17.26
2024-09-24 18:06:07,645 INFO    : Snapshot:2	0	3	Epoch:4	Loss:2.13	MRR:17.43	Hits@10:31.31	Best:17.43
2024-09-24 18:06:11,545 INFO    : Snapshot:2	1	3	Epoch:5	Loss:2.073	MRR:17.39	Hits@10:31.36	Best:17.43
2024-09-24 18:06:15,451 INFO    : Snapshot:2	0	3	Epoch:6	Loss:1.982	MRR:17.44	Hits@10:31.32	Best:17.44
2024-09-24 18:06:19,341 INFO    : Snapshot:2	0	3	Epoch:7	Loss:1.95	MRR:17.54	Hits@10:31.42	Best:17.54
2024-09-24 18:06:23,222 INFO    : Snapshot:2	1	3	Epoch:8	Loss:1.911	MRR:17.53	Hits@10:31.51	Best:17.54
2024-09-24 18:06:27,132 INFO    : Snapshot:2	0	3	Epoch:9	Loss:1.883	MRR:17.62	Hits@10:31.47	Best:17.62
2024-09-24 18:06:31,015 INFO    : Snapshot:2	1	3	Epoch:10	Loss:1.865	MRR:17.62	Hits@10:31.4	Best:17.62
2024-09-24 18:06:34,797 INFO    : Snapshot:2	2	3	Epoch:11	Loss:1.837	MRR:17.59	Hits@10:31.47	Best:17.62
2024-09-24 18:06:38,554 INFO    : Snapshot:2	0	3	Epoch:12	Loss:1.822	MRR:17.65	Hits@10:31.43	Best:17.65
2024-09-24 18:06:42,305 INFO    : Snapshot:2	1	3	Epoch:13	Loss:1.816	MRR:17.65	Hits@10:31.39	Best:17.65
2024-09-24 18:06:46,074 INFO    : Snapshot:2	2	3	Epoch:14	Loss:1.799	MRR:17.62	Hits@10:31.58	Best:17.65
2024-09-24 18:06:49,942 INFO    : Snapshot:2	0	3	Epoch:15	Loss:1.801	MRR:17.72	Hits@10:31.46	Best:17.72
2024-09-24 18:07:32,795 INFO    : Snapshot:2	1	3	Epoch:16	Loss:1.778	MRR:17.69	Hits@10:31.63	Best:17.72
2024-09-24 18:07:36,591 INFO    : Snapshot:2	0	3	Epoch:17	Loss:1.786	MRR:17.75	Hits@10:31.74	Best:17.75
2024-09-24 18:07:40,422 INFO    : Snapshot:2	0	3	Epoch:18	Loss:1.774	MRR:17.83	Hits@10:31.87	Best:17.83
2024-09-24 18:07:44,344 INFO    : Snapshot:2	1	3	Epoch:19	Loss:1.757	MRR:17.77	Hits@10:31.76	Best:17.83
2024-09-24 18:07:48,106 INFO    : Snapshot:2	2	3	Epoch:20	Loss:1.756	MRR:17.71	Hits@10:31.62	Best:17.83
2024-09-24 18:07:51,937 INFO    : Early Stopping! Snapshot:2 Epoch: 21 Best Results: 17.83
2024-09-24 18:07:52,070 INFO    : => loading checkpoint './checkpoint/FB_CKGE\2model_best.tar'
2024-09-24 18:08:19,052 INFO    : 
+------------+--------+--------+--------+--------+---------+
| Snapshot:2 |  MRR   | Hits@1 | Hits@3 | Hits@5 | Hits@10 |
+------------+--------+--------+--------+--------+---------+
|     0      | 0.246  | 0.1419 | 0.2865 |  0.36  |  0.452  |
|     1      | 0.1732 | 0.1024 |  0.19  | 0.2383 |  0.3166 |
|     2      | 0.1774 | 0.1079 | 0.1969 | 0.2437 |  0.3165 |
+------------+--------+--------+--------+--------+---------+
2024-09-24 18:08:30,814 INFO    : Snapshot:3	0	3	Epoch:0	Loss:4.608	MRR:18.66	Hits@10:32.43	Best:18.66
2024-09-24 18:08:34,874 INFO    : Snapshot:3	0	3	Epoch:1	Loss:3.008	MRR:18.67	Hits@10:32.55	Best:18.67
2024-09-24 18:08:38,902 INFO    : Snapshot:3	0	3	Epoch:2	Loss:2.793	MRR:18.74	Hits@10:32.76	Best:18.74
2024-09-24 18:08:42,949 INFO    : Snapshot:3	0	3	Epoch:3	Loss:2.671	MRR:18.77	Hits@10:32.8	Best:18.77
2024-09-24 18:08:47,036 INFO    : Snapshot:3	1	3	Epoch:4	Loss:2.649	MRR:18.77	Hits@10:32.81	Best:18.77
2024-09-24 18:08:51,032 INFO    : Snapshot:3	2	3	Epoch:5	Loss:2.613	MRR:18.77	Hits@10:32.79	Best:18.77
2024-09-24 18:08:55,016 INFO    : Early Stopping! Snapshot:3 Epoch: 6 Best Results: 18.77
2024-09-24 18:08:55,123 INFO    : => loading checkpoint './checkpoint/FB_CKGE\3model_best.tar'
2024-09-24 18:09:26,131 INFO    : 
+------------+--------+--------+--------+--------+---------+
| Snapshot:3 |  MRR   | Hits@1 | Hits@3 | Hits@5 | Hits@10 |
+------------+--------+--------+--------+--------+---------+
|     0      | 0.246  | 0.1419 | 0.2865 |  0.36  |  0.452  |
|     1      | 0.1732 | 0.1024 |  0.19  | 0.2383 |  0.3166 |
|     2      | 0.1774 | 0.1079 | 0.1969 | 0.2437 |  0.3165 |
|     3      | 0.1859 | 0.1156 | 0.2068 | 0.2537 |  0.3227 |
+------------+--------+--------+--------+--------+---------+
2024-09-24 18:09:38,330 INFO    : Snapshot:4	0	3	Epoch:0	Loss:3.696	MRR:19.64	Hits@10:33.09	Best:19.64
2024-09-24 18:09:42,464 INFO    : Snapshot:4	1	3	Epoch:1	Loss:3.137	MRR:19.64	Hits@10:33.08	Best:19.64
2024-09-24 18:09:46,608 INFO    : Snapshot:4	0	3	Epoch:2	Loss:3.046	MRR:19.66	Hits@10:33.1	Best:19.66
2024-09-24 18:09:50,758 INFO    : Snapshot:4	0	3	Epoch:3	Loss:3.038	MRR:19.67	Hits@10:33.1	Best:19.67
2024-09-24 18:09:54,977 INFO    : Snapshot:4	1	3	Epoch:4	Loss:3.006	MRR:19.65	Hits@10:33.07	Best:19.67
2024-09-24 18:09:59,084 INFO    : Snapshot:4	2	3	Epoch:5	Loss:3.018	MRR:19.66	Hits@10:33.07	Best:19.67
2024-09-24 18:10:03,229 INFO    : Early Stopping! Snapshot:4 Epoch: 6 Best Results: 19.67
2024-09-24 18:10:03,340 INFO    : => loading checkpoint './checkpoint/FB_CKGE\4model_best.tar'
2024-09-24 18:10:39,366 INFO    : 
+------------+--------+--------+--------+--------+---------+
| Snapshot:4 |  MRR   | Hits@1 | Hits@3 | Hits@5 | Hits@10 |
+------------+--------+--------+--------+--------+---------+
|     0      | 0.246  | 0.1419 | 0.2865 |  0.36  |  0.452  |
|     1      | 0.1732 | 0.1024 |  0.19  | 0.2383 |  0.3166 |
|     2      | 0.1774 | 0.1079 | 0.1969 | 0.2437 |  0.3165 |
|     3      | 0.1859 | 0.1156 | 0.2068 | 0.2537 |  0.3227 |
|     4      | 0.2097 |  0.13  | 0.2386 | 0.2914 |  0.3639 |
+------------+--------+--------+--------+--------+---------+
2024-09-24 18:10:39,368 INFO    : Final Result:
[+------------+-------+--------+--------+--------+---------+
| Snapshot:0 |  MRR  | Hits@1 | Hits@3 | Hits@5 | Hits@10 |
+------------+-------+--------+--------+--------+---------+
|     0      | 0.246 | 0.1419 | 0.2865 |  0.36  |  0.452  |
+------------+-------+--------+--------+--------+---------+, +------------+--------+--------+--------+--------+---------+
| Snapshot:1 |  MRR   | Hits@1 | Hits@3 | Hits@5 | Hits@10 |
+------------+--------+--------+--------+--------+---------+
|     0      | 0.246  | 0.1419 | 0.2865 |  0.36  |  0.452  |
|     1      | 0.1732 | 0.1024 |  0.19  | 0.2383 |  0.3166 |
+------------+--------+--------+--------+--------+---------+, +------------+--------+--------+--------+--------+---------+
| Snapshot:2 |  MRR   | Hits@1 | Hits@3 | Hits@5 | Hits@10 |
+------------+--------+--------+--------+--------+---------+
|     0      | 0.246  | 0.1419 | 0.2865 |  0.36  |  0.452  |
|     1      | 0.1732 | 0.1024 |  0.19  | 0.2383 |  0.3166 |
|     2      | 0.1774 | 0.1079 | 0.1969 | 0.2437 |  0.3165 |
+------------+--------+--------+--------+--------+---------+, +------------+--------+--------+--------+--------+---------+
| Snapshot:3 |  MRR   | Hits@1 | Hits@3 | Hits@5 | Hits@10 |
+------------+--------+--------+--------+--------+---------+
|     0      | 0.246  | 0.1419 | 0.2865 |  0.36  |  0.452  |
|     1      | 0.1732 | 0.1024 |  0.19  | 0.2383 |  0.3166 |
|     2      | 0.1774 | 0.1079 | 0.1969 | 0.2437 |  0.3165 |
|     3      | 0.1859 | 0.1156 | 0.2068 | 0.2537 |  0.3227 |
+------------+--------+--------+--------+--------+---------+, +------------+--------+--------+--------+--------+---------+
| Snapshot:4 |  MRR   | Hits@1 | Hits@3 | Hits@5 | Hits@10 |
+------------+--------+--------+--------+--------+---------+
|     0      | 0.246  | 0.1419 | 0.2865 |  0.36  |  0.452  |
|     1      | 0.1732 | 0.1024 |  0.19  | 0.2383 |  0.3166 |
|     2      | 0.1774 | 0.1079 | 0.1969 | 0.2437 |  0.3165 |
|     3      | 0.1859 | 0.1156 | 0.2068 | 0.2537 |  0.3227 |
|     4      | 0.2097 |  0.13  | 0.2386 | 0.2914 |  0.3639 |
+------------+--------+--------+--------+--------+---------+]
2024-09-24 18:10:39,368 INFO    : Report Result:
+----------+--------------------+-----------+--------------+--------------+---------------+
| Snapshot |        Time        | Whole_MRR | Whole_Hits@1 | Whole_Hits@3 | Whole_Hits@10 |
+----------+--------------------+-----------+--------------+--------------+---------------+
|    0     |  90.899338722229   |   0.246   |    0.142     |    0.286     |     0.452     |
|    1     | 58.37040328979492  |   0.236   |    0.136     |    0.273     |     0.433     |
|    2     | 126.51196813583374 |   0.228   |    0.133     |    0.263     |     0.418     |
|    3     | 31.202929973602295 |   0.224   |    0.131     |    0.257     |     0.408     |
|    4     | 32.28279519081116  |   0.222   |    0.131     |    0.255     |     0.403     |
+----------+--------------------+-----------+--------------+--------------+---------------+
2024-09-24 18:10:39,369 INFO    : Sum_Training_Time:339.2674353122711
2024-09-24 18:10:39,369 INFO    : Every_Training_Time:[90.899338722229, 58.37040328979492, 126.51196813583374, 31.202929973602295, 32.28279519081116]
2024-09-24 18:10:39,369 INFO    : Forward transfer: 0.1469 Backward transfer: 0.0
