2024-09-25 14:49:05,041 INFO    : Namespace(batch_size=1024, data_path='./data/FB_CKGE/', dataset='FB_CKGE', debug=False, device=device(type='cuda', index=0), emb_dim=200, ent_r='200', epoch_num=200, explore=False, gpu='0', l2=0.0, learning_rate='2e-1', log_path='./logs/FB_CKGE 200 20 2e-1 1024/FB_CKGE 20240925144854', logger=<RootLogger root (INFO)>, margin=8.0, model_name='LoraKGE_Layers', multi_layers_path='train_sorted_by_edges_betweenness.txt', neg_ratio=10, note='', num_ent_layers='20', num_layer=1, num_rel_layers='1', patience=3, predict_result='True', r=100, r_fixed=True, random_seed=3407, record=False, rel_r='20', save_path='./checkpoint/FB_CKGE', skip_previous='False', snapshot_num=5, train_new=True, using_multi_layers=False, using_various_ranks='True', using_various_ranks_reverse=False, valid_metrics='mrr')
2024-09-25 14:49:25,052 INFO    : Snapshot:0	0	3	Epoch:0	Loss:107.405	MRR:19.84	Hits@10:38.57	Best:19.84
2024-09-25 14:49:41,956 INFO    : Snapshot:0	0	3	Epoch:1	Loss:27.441	MRR:24.37	Hits@10:44.58	Best:24.37
2024-09-25 14:49:58,666 INFO    : Snapshot:0	1	3	Epoch:2	Loss:9.743	MRR:24.3	Hits@10:44.57	Best:24.37
2024-09-25 14:50:14,733 INFO    : Snapshot:0	2	3	Epoch:3	Loss:5.814	MRR:24.09	Hits@10:44.21	Best:24.37
2024-09-25 14:50:31,366 INFO    : Early Stopping! Snapshot:0 Epoch: 4 Best Results: 24.37
2024-09-25 14:50:31,477 INFO    : => loading checkpoint './checkpoint/FB_CKGE\0model_best.tar'
2024-09-25 14:50:48,658 INFO    : 
+------------+--------+--------+--------+--------+---------+
| Snapshot:0 |  MRR   | Hits@1 | Hits@3 | Hits@5 | Hits@10 |
+------------+--------+--------+--------+--------+---------+
|     0      | 0.2439 | 0.1396 | 0.2869 | 0.358  |  0.447  |
+------------+--------+--------+--------+--------+---------+
2024-09-25 14:51:00,235 INFO    : Snapshot:1	0	3	Epoch:0	Loss:9.006	MRR:12.03	Hits@10:22.44	Best:12.03
2024-09-25 14:51:04,293 INFO    : Snapshot:1	0	3	Epoch:1	Loss:2.932	MRR:13.97	Hits@10:26.44	Best:13.97
2024-09-25 14:51:08,385 INFO    : Snapshot:1	0	3	Epoch:2	Loss:2.095	MRR:15.06	Hits@10:27.94	Best:15.06
2024-09-25 14:51:12,536 INFO    : Snapshot:1	0	3	Epoch:3	Loss:1.734	MRR:15.47	Hits@10:29.01	Best:15.47
2024-09-25 14:51:16,580 INFO    : Snapshot:1	0	3	Epoch:4	Loss:1.533	MRR:15.97	Hits@10:29.59	Best:15.97
2024-09-25 14:51:20,721 INFO    : Snapshot:1	0	3	Epoch:5	Loss:1.366	MRR:16.01	Hits@10:29.8	Best:16.01
2024-09-25 14:51:24,868 INFO    : Snapshot:1	0	3	Epoch:6	Loss:1.256	MRR:16.44	Hits@10:30.53	Best:16.44
2024-09-25 14:51:29,020 INFO    : Snapshot:1	1	3	Epoch:7	Loss:1.176	MRR:16.37	Hits@10:30.56	Best:16.44
2024-09-25 14:51:33,299 INFO    : Snapshot:1	0	3	Epoch:8	Loss:1.132	MRR:16.49	Hits@10:30.69	Best:16.49
2024-09-25 14:51:37,668 INFO    : Snapshot:1	0	3	Epoch:9	Loss:1.056	MRR:16.59	Hits@10:31.01	Best:16.59
2024-09-25 14:51:41,860 INFO    : Snapshot:1	0	3	Epoch:10	Loss:1.039	MRR:16.61	Hits@10:31.0	Best:16.61
2024-09-25 14:51:46,020 INFO    : Snapshot:1	0	3	Epoch:11	Loss:0.986	MRR:16.72	Hits@10:31.07	Best:16.72
2024-09-25 14:51:50,221 INFO    : Snapshot:1	1	3	Epoch:12	Loss:0.95	MRR:16.68	Hits@10:31.26	Best:16.72
2024-09-25 14:51:54,437 INFO    : Snapshot:1	0	3	Epoch:13	Loss:0.917	MRR:16.78	Hits@10:31.17	Best:16.78
2024-09-25 14:51:58,568 INFO    : Snapshot:1	0	3	Epoch:14	Loss:0.903	MRR:16.95	Hits@10:31.52	Best:16.95
2024-09-25 14:52:02,795 INFO    : Snapshot:1	0	3	Epoch:15	Loss:0.879	MRR:16.99	Hits@10:31.18	Best:16.99
2024-09-25 14:52:06,974 INFO    : Snapshot:1	1	3	Epoch:16	Loss:0.853	MRR:16.83	Hits@10:31.43	Best:16.99
2024-09-25 14:52:11,061 INFO    : Snapshot:1	2	3	Epoch:17	Loss:0.842	MRR:16.79	Hits@10:31.18	Best:16.99
2024-09-25 14:52:15,152 INFO    : Early Stopping! Snapshot:1 Epoch: 18 Best Results: 16.99
2024-09-25 14:52:15,259 INFO    : => loading checkpoint './checkpoint/FB_CKGE\1model_best.tar'
2024-09-25 14:52:38,500 INFO    : 
+------------+--------+--------+--------+--------+---------+
| Snapshot:1 |  MRR   | Hits@1 | Hits@3 | Hits@5 | Hits@10 |
+------------+--------+--------+--------+--------+---------+
|     0      | 0.2439 | 0.1396 | 0.2869 | 0.358  |  0.447  |
|     1      | 0.1763 | 0.1054 | 0.1932 | 0.2423 |  0.3187 |
+------------+--------+--------+--------+--------+---------+
2024-09-25 14:52:50,677 INFO    : Snapshot:2	0	3	Epoch:0	Loss:6.757	MRR:17.32	Hits@10:31.04	Best:17.32
2024-09-25 14:52:55,349 INFO    : Snapshot:2	0	3	Epoch:1	Loss:3.414	MRR:17.58	Hits@10:31.57	Best:17.58
2024-09-25 14:52:59,997 INFO    : Snapshot:2	0	3	Epoch:2	Loss:3.007	MRR:17.74	Hits@10:31.5	Best:17.74
2024-09-25 14:53:04,717 INFO    : Snapshot:2	0	3	Epoch:3	Loss:2.812	MRR:17.82	Hits@10:31.78	Best:17.82
2024-09-25 14:53:09,476 INFO    : Snapshot:2	0	3	Epoch:4	Loss:2.726	MRR:17.91	Hits@10:31.72	Best:17.91
2024-09-25 14:53:14,415 INFO    : Snapshot:2	0	3	Epoch:5	Loss:2.627	MRR:17.95	Hits@10:31.98	Best:17.95
2024-09-25 14:53:19,096 INFO    : Snapshot:2	1	3	Epoch:6	Loss:2.551	MRR:17.94	Hits@10:31.98	Best:17.95
2024-09-25 14:53:23,732 INFO    : Snapshot:2	0	3	Epoch:7	Loss:2.505	MRR:17.98	Hits@10:32.2	Best:17.98
2024-09-25 14:53:28,278 INFO    : Snapshot:2	1	3	Epoch:8	Loss:2.477	MRR:17.94	Hits@10:31.9	Best:17.98
2024-09-25 14:53:32,908 INFO    : Snapshot:2	0	3	Epoch:9	Loss:2.451	MRR:18.04	Hits@10:32.01	Best:18.04
2024-09-25 14:53:37,587 INFO    : Snapshot:2	0	3	Epoch:10	Loss:2.422	MRR:18.1	Hits@10:32.11	Best:18.1
2024-09-25 14:53:42,362 INFO    : Snapshot:2	0	3	Epoch:11	Loss:2.391	MRR:18.16	Hits@10:32.27	Best:18.16
2024-09-25 14:53:47,194 INFO    : Snapshot:2	0	3	Epoch:12	Loss:2.369	MRR:18.21	Hits@10:32.23	Best:18.21
2024-09-25 14:53:51,922 INFO    : Snapshot:2	1	3	Epoch:13	Loss:2.35	MRR:18.13	Hits@10:32.07	Best:18.21
2024-09-25 14:53:56,688 INFO    : Snapshot:2	2	3	Epoch:14	Loss:2.346	MRR:18.01	Hits@10:31.97	Best:18.21
2024-09-25 14:54:01,356 INFO    : Early Stopping! Snapshot:2 Epoch: 15 Best Results: 18.21
2024-09-25 14:54:01,479 INFO    : => loading checkpoint './checkpoint/FB_CKGE\2model_best.tar'
2024-09-25 14:54:33,093 INFO    : 
+------------+--------+--------+--------+--------+---------+
| Snapshot:2 |  MRR   | Hits@1 | Hits@3 | Hits@5 | Hits@10 |
+------------+--------+--------+--------+--------+---------+
|     0      | 0.2439 | 0.1396 | 0.2869 | 0.358  |  0.447  |
|     1      | 0.1763 | 0.1054 | 0.1932 | 0.2423 |  0.3187 |
|     2      | 0.182  | 0.1108 | 0.2035 | 0.2536 |  0.3226 |
+------------+--------+--------+--------+--------+---------+
2024-09-25 14:54:46,282 INFO    : Snapshot:3	0	3	Epoch:0	Loss:5.32	MRR:18.97	Hits@10:32.75	Best:18.97
2024-09-25 14:54:51,263 INFO    : Snapshot:3	0	3	Epoch:1	Loss:3.758	MRR:18.99	Hits@10:32.81	Best:18.99
2024-09-25 14:54:56,122 INFO    : Snapshot:3	0	3	Epoch:2	Loss:3.556	MRR:19.02	Hits@10:32.85	Best:19.02
2024-09-25 14:55:00,984 INFO    : Snapshot:3	1	3	Epoch:3	Loss:3.452	MRR:19.01	Hits@10:32.88	Best:19.02
2024-09-25 14:55:06,079 INFO    : Snapshot:3	0	3	Epoch:4	Loss:3.424	MRR:19.04	Hits@10:32.92	Best:19.04
2024-09-25 14:55:11,115 INFO    : Snapshot:3	0	3	Epoch:5	Loss:3.391	MRR:19.11	Hits@10:32.98	Best:19.11
2024-09-25 14:55:16,012 INFO    : Snapshot:3	1	3	Epoch:6	Loss:3.349	MRR:19.04	Hits@10:32.91	Best:19.11
2024-09-25 14:55:20,972 INFO    : Snapshot:3	2	3	Epoch:7	Loss:3.359	MRR:19.1	Hits@10:33.02	Best:19.11
2024-09-25 14:55:25,972 INFO    : Early Stopping! Snapshot:3 Epoch: 8 Best Results: 19.11
2024-09-25 14:55:26,094 INFO    : => loading checkpoint './checkpoint/FB_CKGE\3model_best.tar'
2024-09-25 14:56:01,856 INFO    : 
+------------+--------+--------+--------+--------+---------+
| Snapshot:3 |  MRR   | Hits@1 | Hits@3 | Hits@5 | Hits@10 |
+------------+--------+--------+--------+--------+---------+
|     0      | 0.2439 | 0.1396 | 0.2869 | 0.358  |  0.447  |
|     1      | 0.1763 | 0.1054 | 0.1932 | 0.2423 |  0.3187 |
|     2      | 0.182  | 0.1108 | 0.2035 | 0.2536 |  0.3226 |
|     3      | 0.1904 | 0.1179 | 0.2152 | 0.265  |  0.3265 |
+------------+--------+--------+--------+--------+---------+
2024-09-25 14:56:15,948 INFO    : Snapshot:4	0	3	Epoch:0	Loss:4.496	MRR:20.31	Hits@10:33.41	Best:20.31
2024-09-25 14:56:21,026 INFO    : Snapshot:4	0	3	Epoch:1	Loss:3.93	MRR:20.32	Hits@10:33.48	Best:20.32
2024-09-25 14:56:26,354 INFO    : Snapshot:4	0	3	Epoch:2	Loss:3.841	MRR:20.37	Hits@10:33.48	Best:20.37
2024-09-25 14:56:31,504 INFO    : Snapshot:4	0	3	Epoch:3	Loss:3.843	MRR:20.38	Hits@10:33.47	Best:20.38
2024-09-25 14:56:36,527 INFO    : Snapshot:4	0	3	Epoch:4	Loss:3.826	MRR:20.39	Hits@10:33.49	Best:20.39
2024-09-25 14:56:41,593 INFO    : Snapshot:4	1	3	Epoch:5	Loss:3.819	MRR:20.36	Hits@10:33.47	Best:20.39
2024-09-25 14:56:46,985 INFO    : Snapshot:4	2	3	Epoch:6	Loss:3.815	MRR:20.38	Hits@10:33.52	Best:20.39
2024-09-25 14:56:52,435 INFO    : Early Stopping! Snapshot:4 Epoch: 7 Best Results: 20.39
2024-09-25 14:56:52,546 INFO    : => loading checkpoint './checkpoint/FB_CKGE\4model_best.tar'
2024-09-25 14:57:33,917 INFO    : 
+------------+--------+--------+--------+--------+---------+
| Snapshot:4 |  MRR   | Hits@1 | Hits@3 | Hits@5 | Hits@10 |
+------------+--------+--------+--------+--------+---------+
|     0      | 0.2439 | 0.1396 | 0.2869 | 0.358  |  0.447  |
|     1      | 0.1763 | 0.1054 | 0.1932 | 0.2423 |  0.3187 |
|     2      | 0.182  | 0.1108 | 0.2035 | 0.2536 |  0.3226 |
|     3      | 0.1904 | 0.1179 | 0.2152 | 0.265  |  0.3265 |
|     4      | 0.2114 | 0.1315 | 0.2409 | 0.2952 |  0.3677 |
+------------+--------+--------+--------+--------+---------+
2024-09-25 14:57:33,918 INFO    : Final Result:
[+------------+--------+--------+--------+--------+---------+
| Snapshot:0 |  MRR   | Hits@1 | Hits@3 | Hits@5 | Hits@10 |
+------------+--------+--------+--------+--------+---------+
|     0      | 0.2439 | 0.1396 | 0.2869 | 0.358  |  0.447  |
+------------+--------+--------+--------+--------+---------+, +------------+--------+--------+--------+--------+---------+
| Snapshot:1 |  MRR   | Hits@1 | Hits@3 | Hits@5 | Hits@10 |
+------------+--------+--------+--------+--------+---------+
|     0      | 0.2439 | 0.1396 | 0.2869 | 0.358  |  0.447  |
|     1      | 0.1763 | 0.1054 | 0.1932 | 0.2423 |  0.3187 |
+------------+--------+--------+--------+--------+---------+, +------------+--------+--------+--------+--------+---------+
| Snapshot:2 |  MRR   | Hits@1 | Hits@3 | Hits@5 | Hits@10 |
+------------+--------+--------+--------+--------+---------+
|     0      | 0.2439 | 0.1396 | 0.2869 | 0.358  |  0.447  |
|     1      | 0.1763 | 0.1054 | 0.1932 | 0.2423 |  0.3187 |
|     2      | 0.182  | 0.1108 | 0.2035 | 0.2536 |  0.3226 |
+------------+--------+--------+--------+--------+---------+, +------------+--------+--------+--------+--------+---------+
| Snapshot:3 |  MRR   | Hits@1 | Hits@3 | Hits@5 | Hits@10 |
+------------+--------+--------+--------+--------+---------+
|     0      | 0.2439 | 0.1396 | 0.2869 | 0.358  |  0.447  |
|     1      | 0.1763 | 0.1054 | 0.1932 | 0.2423 |  0.3187 |
|     2      | 0.182  | 0.1108 | 0.2035 | 0.2536 |  0.3226 |
|     3      | 0.1904 | 0.1179 | 0.2152 | 0.265  |  0.3265 |
+------------+--------+--------+--------+--------+---------+, +------------+--------+--------+--------+--------+---------+
| Snapshot:4 |  MRR   | Hits@1 | Hits@3 | Hits@5 | Hits@10 |
+------------+--------+--------+--------+--------+---------+
|     0      | 0.2439 | 0.1396 | 0.2869 | 0.358  |  0.447  |
|     1      | 0.1763 | 0.1054 | 0.1932 | 0.2423 |  0.3187 |
|     2      | 0.182  | 0.1108 | 0.2035 | 0.2536 |  0.3226 |
|     3      | 0.1904 | 0.1179 | 0.2152 | 0.265  |  0.3265 |
|     4      | 0.2114 | 0.1315 | 0.2409 | 0.2952 |  0.3677 |
+------------+--------+--------+--------+--------+---------+]
2024-09-25 14:57:33,919 INFO    : Report Result:
+----------+-------------------+-----------+--------------+--------------+---------------+
| Snapshot |        Time       | Whole_MRR | Whole_Hits@1 | Whole_Hits@3 | Whole_Hits@10 |
+----------+-------------------+-----------+--------------+--------------+---------------+
|    0     | 86.32652449607849 |   0.244   |     0.14     |    0.287     |     0.447     |
|    1     | 82.08509278297424 |   0.234   |    0.135     |    0.274     |     0.429     |
|    2     | 78.26238417625427 |   0.228   |    0.132     |    0.265     |     0.415     |
|    3     | 47.72171330451965 |   0.224   |     0.13     |    0.259     |     0.406     |
|    4     | 45.15758991241455 |   0.222   |     0.13     |    0.257     |     0.402     |
+----------+-------------------+-----------+--------------+--------------+---------------+
2024-09-25 14:57:33,919 INFO    : Sum_Training_Time:339.5533046722412
2024-09-25 14:57:33,919 INFO    : Every_Training_Time:[86.32652449607849, 82.08509278297424, 78.26238417625427, 47.72171330451965, 45.15758991241455]
2024-09-25 14:57:33,919 INFO    : Forward transfer: 0.1502 Backward transfer: 0.0
