2024-10-30 13:29:11,233 INFO    : Namespace(batch_size='1024', data_path='./data/FB_CKGE/', dataset='FB_CKGE', debug=False, device=device(type='cuda', index=0), emb_dim=200, ent_r='200', epoch_num=200, explore=False, gpu='0', l2=0.0, learning_rate='2e-1', log_path='./logs/FB_CKGE 200 20 2e-1 1024/FB_CKGE 20241030132900', logger=<RootLogger root (INFO)>, margin=8.0, model_name='LoraKGE_Layers', multi_layers_path='train_sorted_by_edges_betweenness.txt', neg_ratio=10, note='', num_ent_layers='20', num_layer=1, num_rel_layers='1', patience=3, predict_result='True', r=100, r_fixed=True, random_seed=3407, record=False, rel_r='20', save_path='./checkpoint/FB_CKGE', skip_previous='False', snapshot_num=5, train_new=True, using_multi_layers=False, using_various_ranks='True', using_various_ranks_reverse=False, valid_metrics='mrr')
2024-10-30 13:29:31,477 INFO    : Snapshot:0	0	3	Epoch:0	Loss:107.405	MRR:19.84	Hits@10:38.57	Best:19.84
2024-10-30 13:29:48,203 INFO    : Snapshot:0	0	3	Epoch:1	Loss:27.441	MRR:24.37	Hits@10:44.58	Best:24.37
2024-10-30 13:30:04,623 INFO    : Snapshot:0	1	3	Epoch:2	Loss:9.743	MRR:24.3	Hits@10:44.57	Best:24.37
2024-10-30 13:30:21,267 INFO    : Snapshot:0	2	3	Epoch:3	Loss:5.814	MRR:24.09	Hits@10:44.21	Best:24.37
2024-10-30 13:30:38,229 INFO    : Early Stopping! Snapshot:0 Epoch: 4 Best Results: 24.37
2024-10-30 13:30:38,339 INFO    : => loading checkpoint './checkpoint/FB_CKGE\0model_best.tar'
2024-10-30 13:30:56,351 INFO    : 
+------------+--------+--------+--------+--------+---------+
| Snapshot:0 |  MRR   | Hits@1 | Hits@3 | Hits@5 | Hits@10 |
+------------+--------+--------+--------+--------+---------+
|     0      | 0.2439 | 0.1396 | 0.2869 | 0.358  |  0.447  |
+------------+--------+--------+--------+--------+---------+
2024-10-30 13:31:08,093 INFO    : Snapshot:1	0	3	Epoch:0	Loss:9.027	MRR:11.78	Hits@10:22.36	Best:11.78
2024-10-30 13:31:12,158 INFO    : Snapshot:1	0	3	Epoch:1	Loss:2.972	MRR:13.92	Hits@10:26.49	Best:13.92
2024-10-30 13:31:16,221 INFO    : Snapshot:1	0	3	Epoch:2	Loss:2.107	MRR:14.87	Hits@10:28.04	Best:14.87
2024-10-30 13:31:20,292 INFO    : Snapshot:1	0	3	Epoch:3	Loss:1.752	MRR:15.22	Hits@10:28.81	Best:15.22
2024-10-30 13:31:24,364 INFO    : Snapshot:1	0	3	Epoch:4	Loss:1.538	MRR:15.54	Hits@10:29.63	Best:15.54
2024-10-30 13:31:28,432 INFO    : Snapshot:1	0	3	Epoch:5	Loss:1.368	MRR:15.82	Hits@10:29.69	Best:15.82
2024-10-30 13:31:32,483 INFO    : Snapshot:1	0	3	Epoch:6	Loss:1.259	MRR:16.28	Hits@10:30.24	Best:16.28
2024-10-30 13:31:36,472 INFO    : Snapshot:1	1	3	Epoch:7	Loss:1.179	MRR:16.25	Hits@10:30.24	Best:16.28
2024-10-30 13:31:40,525 INFO    : Snapshot:1	0	3	Epoch:8	Loss:1.14	MRR:16.44	Hits@10:30.89	Best:16.44
2024-10-30 13:31:44,618 INFO    : Snapshot:1	0	3	Epoch:9	Loss:1.056	MRR:16.58	Hits@10:31.34	Best:16.58
2024-10-30 13:31:48,697 INFO    : Snapshot:1	1	3	Epoch:10	Loss:1.042	MRR:16.56	Hits@10:31.18	Best:16.58
2024-10-30 13:31:52,731 INFO    : Snapshot:1	0	3	Epoch:11	Loss:0.991	MRR:16.84	Hits@10:31.34	Best:16.84
2024-10-30 13:31:56,771 INFO    : Snapshot:1	1	3	Epoch:12	Loss:0.96	MRR:16.68	Hits@10:31.24	Best:16.84
2024-10-30 13:32:00,791 INFO    : Snapshot:1	2	3	Epoch:13	Loss:0.925	MRR:16.76	Hits@10:31.34	Best:16.84
2024-10-30 13:32:04,837 INFO    : Early Stopping! Snapshot:1 Epoch: 14 Best Results: 16.84
2024-10-30 13:32:04,949 INFO    : => loading checkpoint './checkpoint/FB_CKGE\1model_best.tar'
2024-10-30 13:32:28,726 INFO    : 
+------------+--------+--------+--------+--------+---------+
| Snapshot:1 |  MRR   | Hits@1 | Hits@3 | Hits@5 | Hits@10 |
+------------+--------+--------+--------+--------+---------+
|     0      | 0.2439 | 0.1396 | 0.2869 | 0.358  |  0.447  |
|     1      | 0.1762 | 0.1043 | 0.1942 | 0.2463 |  0.3203 |
+------------+--------+--------+--------+--------+---------+
2024-10-30 13:32:40,889 INFO    : Snapshot:2	0	3	Epoch:0	Loss:6.697	MRR:17.28	Hits@10:30.7	Best:17.28
2024-10-30 13:32:45,476 INFO    : Snapshot:2	0	3	Epoch:1	Loss:3.386	MRR:17.52	Hits@10:31.12	Best:17.52
2024-10-30 13:32:50,006 INFO    : Snapshot:2	0	3	Epoch:2	Loss:2.973	MRR:17.69	Hits@10:31.46	Best:17.69
2024-10-30 13:32:54,684 INFO    : Snapshot:2	1	3	Epoch:3	Loss:2.787	MRR:17.67	Hits@10:31.57	Best:17.69
2024-10-30 13:32:59,295 INFO    : Snapshot:2	0	3	Epoch:4	Loss:2.678	MRR:17.77	Hits@10:31.52	Best:17.77
2024-10-30 13:33:03,873 INFO    : Snapshot:2	0	3	Epoch:5	Loss:2.601	MRR:17.91	Hits@10:31.76	Best:17.91
2024-10-30 13:33:08,353 INFO    : Snapshot:2	0	3	Epoch:6	Loss:2.559	MRR:17.95	Hits@10:31.79	Best:17.95
2024-10-30 13:33:13,015 INFO    : Snapshot:2	1	3	Epoch:7	Loss:2.506	MRR:17.81	Hits@10:31.68	Best:17.95
2024-10-30 13:33:17,629 INFO    : Snapshot:2	0	3	Epoch:8	Loss:2.474	MRR:17.97	Hits@10:31.96	Best:17.97
2024-10-30 13:33:22,176 INFO    : Snapshot:2	1	3	Epoch:9	Loss:2.439	MRR:17.87	Hits@10:31.83	Best:17.97
2024-10-30 13:33:26,785 INFO    : Snapshot:2	0	3	Epoch:10	Loss:2.409	MRR:18.06	Hits@10:31.97	Best:18.06
2024-10-30 13:33:31,335 INFO    : Snapshot:2	1	3	Epoch:11	Loss:2.378	MRR:18.05	Hits@10:31.93	Best:18.06
2024-10-30 13:33:35,969 INFO    : Snapshot:2	0	3	Epoch:12	Loss:2.365	MRR:18.08	Hits@10:31.85	Best:18.08
2024-10-30 13:33:40,565 INFO    : Snapshot:2	1	3	Epoch:13	Loss:2.335	MRR:18.04	Hits@10:32.02	Best:18.08
2024-10-30 13:33:45,131 INFO    : Snapshot:2	2	3	Epoch:14	Loss:2.337	MRR:18.01	Hits@10:31.93	Best:18.08
2024-10-30 13:33:49,612 INFO    : Early Stopping! Snapshot:2 Epoch: 15 Best Results: 18.08
2024-10-30 13:33:49,727 INFO    : => loading checkpoint './checkpoint/FB_CKGE\2model_best.tar'
2024-10-30 13:34:18,105 INFO    : 
+------------+--------+--------+--------+--------+---------+
| Snapshot:2 |  MRR   | Hits@1 | Hits@3 | Hits@5 | Hits@10 |
+------------+--------+--------+--------+--------+---------+
|     0      | 0.2439 | 0.1396 | 0.2869 | 0.358  |  0.447  |
|     1      | 0.1762 | 0.1043 | 0.1942 | 0.2463 |  0.3203 |
|     2      | 0.1766 | 0.1047 | 0.1974 | 0.2479 |  0.3175 |
+------------+--------+--------+--------+--------+---------+
2024-10-30 13:34:30,897 INFO    : Snapshot:3	0	3	Epoch:0	Loss:5.254	MRR:19.17	Hits@10:32.63	Best:19.17
2024-10-30 13:34:35,684 INFO    : Snapshot:3	0	3	Epoch:1	Loss:3.744	MRR:19.18	Hits@10:32.59	Best:19.18
2024-10-30 13:34:40,458 INFO    : Snapshot:3	0	3	Epoch:2	Loss:3.533	MRR:19.19	Hits@10:32.71	Best:19.19
2024-10-30 13:34:45,331 INFO    : Snapshot:3	1	3	Epoch:3	Loss:3.427	MRR:19.18	Hits@10:32.66	Best:19.19
2024-10-30 13:34:50,156 INFO    : Snapshot:3	0	3	Epoch:4	Loss:3.385	MRR:19.26	Hits@10:32.68	Best:19.26
2024-10-30 13:34:54,949 INFO    : Snapshot:3	0	3	Epoch:5	Loss:3.355	MRR:19.27	Hits@10:32.63	Best:19.27
2024-10-30 13:34:59,718 INFO    : Snapshot:3	0	3	Epoch:6	Loss:3.315	MRR:19.3	Hits@10:32.75	Best:19.3
2024-10-30 13:35:04,524 INFO    : Snapshot:3	0	3	Epoch:7	Loss:3.317	MRR:19.36	Hits@10:32.72	Best:19.36
2024-10-30 13:35:09,280 INFO    : Snapshot:3	1	3	Epoch:8	Loss:3.314	MRR:19.34	Hits@10:32.8	Best:19.36
2024-10-30 13:35:14,156 INFO    : Snapshot:3	2	3	Epoch:9	Loss:3.3	MRR:19.33	Hits@10:32.77	Best:19.36
2024-10-30 13:35:18,901 INFO    : Snapshot:3	0	3	Epoch:10	Loss:3.287	MRR:19.38	Hits@10:32.79	Best:19.38
2024-10-30 13:35:23,569 INFO    : Snapshot:3	1	3	Epoch:11	Loss:3.271	MRR:19.37	Hits@10:32.76	Best:19.38
2024-10-30 13:35:28,260 INFO    : Snapshot:3	0	3	Epoch:12	Loss:3.253	MRR:19.42	Hits@10:32.92	Best:19.42
2024-10-30 13:35:33,001 INFO    : Snapshot:3	1	3	Epoch:13	Loss:3.249	MRR:19.4	Hits@10:32.82	Best:19.42
2024-10-30 13:35:37,681 INFO    : Snapshot:3	2	3	Epoch:14	Loss:3.237	MRR:19.33	Hits@10:32.71	Best:19.42
2024-10-30 13:35:42,383 INFO    : Early Stopping! Snapshot:3 Epoch: 15 Best Results: 19.42
2024-10-30 13:35:42,501 INFO    : => loading checkpoint './checkpoint/FB_CKGE\3model_best.tar'
2024-10-30 13:36:15,548 INFO    : 
+------------+--------+--------+--------+--------+---------+
| Snapshot:3 |  MRR   | Hits@1 | Hits@3 | Hits@5 | Hits@10 |
+------------+--------+--------+--------+--------+---------+
|     0      | 0.2439 | 0.1396 | 0.2869 | 0.358  |  0.447  |
|     1      | 0.1762 | 0.1043 | 0.1942 | 0.2463 |  0.3203 |
|     2      | 0.1766 | 0.1047 | 0.1974 | 0.2479 |  0.3175 |
|     3      | 0.1891 | 0.1171 | 0.2158 | 0.2636 |  0.3258 |
+------------+--------+--------+--------+--------+---------+
2024-10-30 13:36:28,983 INFO    : Snapshot:4	0	3	Epoch:0	Loss:4.471	MRR:20.2	Hits@10:33.3	Best:20.2
2024-10-30 13:36:33,968 INFO    : Snapshot:4	0	3	Epoch:1	Loss:3.906	MRR:20.21	Hits@10:33.35	Best:20.21
2024-10-30 13:36:38,933 INFO    : Snapshot:4	0	3	Epoch:2	Loss:3.829	MRR:20.24	Hits@10:33.36	Best:20.24
2024-10-30 13:36:43,853 INFO    : Snapshot:4	1	3	Epoch:3	Loss:3.811	MRR:20.22	Hits@10:33.34	Best:20.24
2024-10-30 13:36:48,781 INFO    : Snapshot:4	2	3	Epoch:4	Loss:3.801	MRR:20.22	Hits@10:33.32	Best:20.24
2024-10-30 13:36:53,663 INFO    : Early Stopping! Snapshot:4 Epoch: 5 Best Results: 20.24
2024-10-30 13:36:53,792 INFO    : => loading checkpoint './checkpoint/FB_CKGE\4model_best.tar'
2024-10-30 13:37:32,520 INFO    : 
+------------+--------+--------+--------+--------+---------+
| Snapshot:4 |  MRR   | Hits@1 | Hits@3 | Hits@5 | Hits@10 |
+------------+--------+--------+--------+--------+---------+
|     0      | 0.2439 | 0.1396 | 0.2869 | 0.358  |  0.447  |
|     1      | 0.1762 | 0.1043 | 0.1942 | 0.2463 |  0.3203 |
|     2      | 0.1766 | 0.1047 | 0.1974 | 0.2479 |  0.3175 |
|     3      | 0.1891 | 0.1171 | 0.2158 | 0.2636 |  0.3258 |
|     4      | 0.2118 | 0.1312 | 0.2412 | 0.2963 |  0.3689 |
+------------+--------+--------+--------+--------+---------+
2024-10-30 13:37:32,522 INFO    : Final Result:
[+------------+--------+--------+--------+--------+---------+
| Snapshot:0 |  MRR   | Hits@1 | Hits@3 | Hits@5 | Hits@10 |
+------------+--------+--------+--------+--------+---------+
|     0      | 0.2439 | 0.1396 | 0.2869 | 0.358  |  0.447  |
+------------+--------+--------+--------+--------+---------+, +------------+--------+--------+--------+--------+---------+
| Snapshot:1 |  MRR   | Hits@1 | Hits@3 | Hits@5 | Hits@10 |
+------------+--------+--------+--------+--------+---------+
|     0      | 0.2439 | 0.1396 | 0.2869 | 0.358  |  0.447  |
|     1      | 0.1762 | 0.1043 | 0.1942 | 0.2463 |  0.3203 |
+------------+--------+--------+--------+--------+---------+, +------------+--------+--------+--------+--------+---------+
| Snapshot:2 |  MRR   | Hits@1 | Hits@3 | Hits@5 | Hits@10 |
+------------+--------+--------+--------+--------+---------+
|     0      | 0.2439 | 0.1396 | 0.2869 | 0.358  |  0.447  |
|     1      | 0.1762 | 0.1043 | 0.1942 | 0.2463 |  0.3203 |
|     2      | 0.1766 | 0.1047 | 0.1974 | 0.2479 |  0.3175 |
+------------+--------+--------+--------+--------+---------+, +------------+--------+--------+--------+--------+---------+
| Snapshot:3 |  MRR   | Hits@1 | Hits@3 | Hits@5 | Hits@10 |
+------------+--------+--------+--------+--------+---------+
|     0      | 0.2439 | 0.1396 | 0.2869 | 0.358  |  0.447  |
|     1      | 0.1762 | 0.1043 | 0.1942 | 0.2463 |  0.3203 |
|     2      | 0.1766 | 0.1047 | 0.1974 | 0.2479 |  0.3175 |
|     3      | 0.1891 | 0.1171 | 0.2158 | 0.2636 |  0.3258 |
+------------+--------+--------+--------+--------+---------+, +------------+--------+--------+--------+--------+---------+
| Snapshot:4 |  MRR   | Hits@1 | Hits@3 | Hits@5 | Hits@10 |
+------------+--------+--------+--------+--------+---------+
|     0      | 0.2439 | 0.1396 | 0.2869 | 0.358  |  0.447  |
|     1      | 0.1762 | 0.1043 | 0.1942 | 0.2463 |  0.3203 |
|     2      | 0.1766 | 0.1047 | 0.1974 | 0.2479 |  0.3175 |
|     3      | 0.1891 | 0.1171 | 0.2158 | 0.2636 |  0.3258 |
|     4      | 0.2118 | 0.1312 | 0.2412 | 0.2963 |  0.3689 |
+------------+--------+--------+--------+--------+---------+]
2024-10-30 13:37:32,522 INFO    : Report Result:
+----------+--------------------+-----------+--------------+--------------+---------------+
| Snapshot |        Time        | Whole_MRR | Whole_Hits@1 | Whole_Hits@3 | Whole_Hits@10 |
+----------+--------------------+-----------+--------------+--------------+---------------+
|    0     | 86.99530124664307  |   0.244   |     0.14     |    0.287     |     0.447     |
|    1     |  63.8137104511261  |   0.234   |    0.135     |    0.274     |     0.429     |
|    2     | 76.54995846748352  |   0.227   |    0.131     |    0.264     |     0.415     |
|    3     | 79.50172686576843  |   0.223   |    0.129     |    0.259     |     0.405     |
|    4     | 33.042577028274536 |   0.222   |    0.129     |    0.257     |     0.401     |
+----------+--------------------+-----------+--------------+--------------+---------------+
2024-10-30 13:37:32,523 INFO    : Sum_Training_Time:339.90327405929565
2024-10-30 13:37:32,523 INFO    : Every_Training_Time:[86.99530124664307, 63.8137104511261, 76.54995846748352, 79.50172686576843, 33.042577028274536]
2024-10-30 13:37:32,523 INFO    : Forward transfer: 0.1486 Backward transfer: 0.0
