2024-09-27 15:34:29,038 INFO    : Namespace(batch_size='1024', data_path='./data/FB_CKGE/', dataset='FB_CKGE', debug=False, device=device(type='cuda', index=0), emb_dim=200, ent_r='200', epoch_num=200, explore=False, gpu='0', l2=0.0, learning_rate='2e-1', log_path='./logs/FB_CKGE 200 20 2e-1 1024/FB_CKGE 20240927153418', logger=<RootLogger root (INFO)>, margin=8.0, model_name='LoraKGE_Layers', multi_layers_path='train_sorted_by_edges_betweenness.txt', neg_ratio=10, note='', num_ent_layers='20', num_layer=1, num_rel_layers='1', patience=3, predict_result='True', r=100, r_fixed=True, random_seed=3407, record=False, rel_r='20', save_path='./checkpoint/FB_CKGE', skip_previous='False', snapshot_num=5, train_new=True, using_multi_layers=False, using_various_ranks='True', using_various_ranks_reverse=False, valid_metrics='mrr')
2024-09-27 15:34:48,253 INFO    : Snapshot:0	0	3	Epoch:0	Loss:107.405	MRR:19.84	Hits@10:38.57	Best:19.84
2024-09-27 15:35:05,052 INFO    : Snapshot:0	0	3	Epoch:1	Loss:27.441	MRR:24.37	Hits@10:44.58	Best:24.37
2024-09-27 15:35:21,584 INFO    : Snapshot:0	1	3	Epoch:2	Loss:9.743	MRR:24.3	Hits@10:44.57	Best:24.37
2024-09-27 15:35:38,152 INFO    : Snapshot:0	2	3	Epoch:3	Loss:5.814	MRR:24.09	Hits@10:44.21	Best:24.37
2024-09-27 15:35:55,260 INFO    : Early Stopping! Snapshot:0 Epoch: 4 Best Results: 24.37
2024-09-27 15:35:55,370 INFO    : => loading checkpoint './checkpoint/FB_CKGE\0model_best.tar'
2024-09-27 15:36:13,796 INFO    : 
+------------+--------+--------+--------+--------+---------+
| Snapshot:0 |  MRR   | Hits@1 | Hits@3 | Hits@5 | Hits@10 |
+------------+--------+--------+--------+--------+---------+
|     0      | 0.2439 | 0.1396 | 0.2869 | 0.358  |  0.447  |
+------------+--------+--------+--------+--------+---------+
2024-09-27 15:36:25,702 INFO    : Snapshot:1	0	3	Epoch:0	Loss:8.998	MRR:11.83	Hits@10:22.36	Best:11.83
2024-09-27 15:36:29,880 INFO    : Snapshot:1	0	3	Epoch:1	Loss:2.983	MRR:13.83	Hits@10:26.47	Best:13.83
2024-09-27 15:36:34,066 INFO    : Snapshot:1	0	3	Epoch:2	Loss:2.103	MRR:14.92	Hits@10:28.52	Best:14.92
2024-09-27 15:36:38,129 INFO    : Snapshot:1	0	3	Epoch:3	Loss:1.735	MRR:15.37	Hits@10:28.93	Best:15.37
2024-09-27 15:36:42,082 INFO    : Snapshot:1	0	3	Epoch:4	Loss:1.539	MRR:15.77	Hits@10:29.43	Best:15.77
2024-09-27 15:36:46,083 INFO    : Snapshot:1	0	3	Epoch:5	Loss:1.36	MRR:16.11	Hits@10:30.18	Best:16.11
2024-09-27 15:36:50,045 INFO    : Snapshot:1	0	3	Epoch:6	Loss:1.261	MRR:16.25	Hits@10:30.29	Best:16.25
2024-09-27 15:36:54,113 INFO    : Snapshot:1	1	3	Epoch:7	Loss:1.173	MRR:16.07	Hits@10:30.65	Best:16.25
2024-09-27 15:36:58,097 INFO    : Snapshot:1	0	3	Epoch:8	Loss:1.139	MRR:16.49	Hits@10:30.76	Best:16.49
2024-09-27 15:37:02,091 INFO    : Snapshot:1	0	3	Epoch:9	Loss:1.055	MRR:16.85	Hits@10:31.3	Best:16.85
2024-09-27 15:37:06,101 INFO    : Snapshot:1	1	3	Epoch:10	Loss:1.037	MRR:16.72	Hits@10:31.21	Best:16.85
2024-09-27 15:37:10,137 INFO    : Snapshot:1	2	3	Epoch:11	Loss:0.983	MRR:16.76	Hits@10:31.38	Best:16.85
2024-09-27 15:37:14,180 INFO    : Snapshot:1	0	3	Epoch:12	Loss:0.955	MRR:16.87	Hits@10:31.45	Best:16.87
2024-09-27 15:37:18,225 INFO    : Snapshot:1	1	3	Epoch:13	Loss:0.925	MRR:16.86	Hits@10:31.55	Best:16.87
2024-09-27 15:37:22,226 INFO    : Snapshot:1	0	3	Epoch:14	Loss:0.902	MRR:16.93	Hits@10:31.63	Best:16.93
2024-09-27 15:37:26,241 INFO    : Snapshot:1	0	3	Epoch:15	Loss:0.882	MRR:16.98	Hits@10:31.33	Best:16.98
2024-09-27 15:37:30,288 INFO    : Snapshot:1	0	3	Epoch:16	Loss:0.858	MRR:16.99	Hits@10:31.52	Best:16.99
2024-09-27 15:37:34,432 INFO    : Snapshot:1	1	3	Epoch:17	Loss:0.844	MRR:16.69	Hits@10:31.54	Best:16.99
2024-09-27 15:37:38,570 INFO    : Snapshot:1	2	3	Epoch:18	Loss:0.817	MRR:16.92	Hits@10:31.64	Best:16.99
2024-09-27 15:37:42,840 INFO    : Snapshot:1	0	3	Epoch:19	Loss:0.809	MRR:17.07	Hits@10:31.82	Best:17.07
2024-09-27 15:37:47,017 INFO    : Snapshot:1	1	3	Epoch:20	Loss:0.791	MRR:16.98	Hits@10:31.97	Best:17.07
2024-09-27 15:37:51,299 INFO    : Snapshot:1	0	3	Epoch:21	Loss:0.793	MRR:17.11	Hits@10:32.13	Best:17.11
2024-09-27 15:37:55,643 INFO    : Snapshot:1	1	3	Epoch:22	Loss:0.789	MRR:17.08	Hits@10:32.3	Best:17.11
2024-09-27 15:37:59,895 INFO    : Snapshot:1	0	3	Epoch:23	Loss:0.768	MRR:17.17	Hits@10:32.08	Best:17.17
2024-09-27 15:38:04,206 INFO    : Snapshot:1	1	3	Epoch:24	Loss:0.737	MRR:17.07	Hits@10:32.02	Best:17.17
2024-09-27 15:38:08,243 INFO    : Snapshot:1	0	3	Epoch:25	Loss:0.75	MRR:17.24	Hits@10:32.11	Best:17.24
2024-09-27 15:38:12,342 INFO    : Snapshot:1	0	3	Epoch:26	Loss:0.739	MRR:17.3	Hits@10:32.12	Best:17.3
2024-09-27 15:38:16,378 INFO    : Snapshot:1	1	3	Epoch:27	Loss:0.727	MRR:17.23	Hits@10:32.07	Best:17.3
2024-09-27 15:38:20,429 INFO    : Snapshot:1	2	3	Epoch:28	Loss:0.71	MRR:17.27	Hits@10:31.93	Best:17.3
2024-09-27 15:38:24,560 INFO    : Snapshot:1	0	3	Epoch:29	Loss:0.715	MRR:17.48	Hits@10:32.61	Best:17.48
2024-09-27 15:38:28,588 INFO    : Snapshot:1	1	3	Epoch:30	Loss:0.708	MRR:17.37	Hits@10:32.52	Best:17.48
2024-09-27 15:38:32,630 INFO    : Snapshot:1	2	3	Epoch:31	Loss:0.708	MRR:17.41	Hits@10:32.55	Best:17.48
2024-09-27 15:38:36,743 INFO    : Snapshot:1	0	3	Epoch:32	Loss:0.681	MRR:17.54	Hits@10:32.8	Best:17.54
2024-09-27 15:38:40,905 INFO    : Snapshot:1	1	3	Epoch:33	Loss:0.695	MRR:17.32	Hits@10:32.46	Best:17.54
2024-09-27 15:38:44,972 INFO    : Snapshot:1	2	3	Epoch:34	Loss:0.685	MRR:17.4	Hits@10:32.43	Best:17.54
2024-09-27 15:38:49,065 INFO    : Early Stopping! Snapshot:1 Epoch: 35 Best Results: 17.54
2024-09-27 15:38:49,178 INFO    : => loading checkpoint './checkpoint/FB_CKGE\1model_best.tar'
2024-09-27 15:39:12,473 INFO    : 
+------------+--------+--------+--------+--------+---------+
| Snapshot:1 |  MRR   | Hits@1 | Hits@3 | Hits@5 | Hits@10 |
+------------+--------+--------+--------+--------+---------+
|     0      | 0.2439 | 0.1396 | 0.2869 | 0.358  |  0.447  |
|     1      | 0.1822 | 0.1071 | 0.2018 | 0.2556 |   0.33  |
+------------+--------+--------+--------+--------+---------+
2024-09-27 15:39:24,467 INFO    : Snapshot:2	0	3	Epoch:0	Loss:6.824	MRR:18.01	Hits@10:31.54	Best:18.01
2024-09-27 15:39:29,236 INFO    : Snapshot:2	0	3	Epoch:1	Loss:3.401	MRR:18.19	Hits@10:31.95	Best:18.19
2024-09-27 15:39:33,677 INFO    : Snapshot:2	0	3	Epoch:2	Loss:2.972	MRR:18.34	Hits@10:32.03	Best:18.34
2024-09-27 15:39:38,237 INFO    : Snapshot:2	0	3	Epoch:3	Loss:2.799	MRR:18.42	Hits@10:32.21	Best:18.42
2024-09-27 15:39:42,778 INFO    : Snapshot:2	0	3	Epoch:4	Loss:2.694	MRR:18.43	Hits@10:32.24	Best:18.43
2024-09-27 15:39:47,377 INFO    : Snapshot:2	0	3	Epoch:5	Loss:2.616	MRR:18.51	Hits@10:32.5	Best:18.51
2024-09-27 15:39:51,942 INFO    : Snapshot:2	1	3	Epoch:6	Loss:2.558	MRR:18.38	Hits@10:32.42	Best:18.51
2024-09-27 15:39:56,476 INFO    : Snapshot:2	2	3	Epoch:7	Loss:2.505	MRR:18.48	Hits@10:32.65	Best:18.51
2024-09-27 15:40:01,008 INFO    : Early Stopping! Snapshot:2 Epoch: 8 Best Results: 18.51
2024-09-27 15:40:01,121 INFO    : => loading checkpoint './checkpoint/FB_CKGE\2model_best.tar'
2024-09-27 15:40:29,075 INFO    : 
+------------+--------+--------+--------+--------+---------+
| Snapshot:2 |  MRR   | Hits@1 | Hits@3 | Hits@5 | Hits@10 |
+------------+--------+--------+--------+--------+---------+
|     0      | 0.2439 | 0.1396 | 0.2869 | 0.358  |  0.447  |
|     1      | 0.1822 | 0.1071 | 0.2018 | 0.2556 |   0.33  |
|     2      | 0.1838 | 0.1103 | 0.2064 | 0.2574 |  0.3274 |
+------------+--------+--------+--------+--------+---------+
2024-09-27 15:40:41,809 INFO    : Snapshot:3	0	3	Epoch:0	Loss:5.269	MRR:19.26	Hits@10:33.12	Best:19.26
2024-09-27 15:40:46,603 INFO    : Snapshot:3	0	3	Epoch:1	Loss:3.771	MRR:19.33	Hits@10:33.24	Best:19.33
2024-09-27 15:40:51,370 INFO    : Snapshot:3	1	3	Epoch:2	Loss:3.508	MRR:19.29	Hits@10:33.27	Best:19.33
2024-09-27 15:40:56,117 INFO    : Snapshot:3	2	3	Epoch:3	Loss:3.418	MRR:19.32	Hits@10:33.28	Best:19.33
2024-09-27 15:41:00,918 INFO    : Snapshot:3	0	3	Epoch:4	Loss:3.404	MRR:19.36	Hits@10:33.32	Best:19.36
2024-09-27 15:41:05,688 INFO    : Snapshot:3	0	3	Epoch:5	Loss:3.377	MRR:19.43	Hits@10:33.35	Best:19.43
2024-09-27 15:41:10,451 INFO    : Snapshot:3	1	3	Epoch:6	Loss:3.367	MRR:19.35	Hits@10:33.23	Best:19.43
2024-09-27 15:41:15,215 INFO    : Snapshot:3	2	3	Epoch:7	Loss:3.362	MRR:19.39	Hits@10:33.34	Best:19.43
2024-09-27 15:41:20,034 INFO    : Early Stopping! Snapshot:3 Epoch: 8 Best Results: 19.43
2024-09-27 15:41:20,153 INFO    : => loading checkpoint './checkpoint/FB_CKGE\3model_best.tar'
2024-09-27 15:41:53,541 INFO    : 
+------------+--------+--------+--------+--------+---------+
| Snapshot:3 |  MRR   | Hits@1 | Hits@3 | Hits@5 | Hits@10 |
+------------+--------+--------+--------+--------+---------+
|     0      | 0.2439 | 0.1396 | 0.2869 | 0.358  |  0.447  |
|     1      | 0.1822 | 0.1071 | 0.2018 | 0.2556 |   0.33  |
|     2      | 0.1838 | 0.1103 | 0.2064 | 0.2574 |  0.3274 |
|     3      | 0.191  | 0.1161 | 0.2193 | 0.266  |  0.3335 |
+------------+--------+--------+--------+--------+---------+
2024-09-27 15:42:06,894 INFO    : Snapshot:4	0	3	Epoch:0	Loss:4.503	MRR:20.67	Hits@10:33.77	Best:20.67
2024-09-27 15:42:11,946 INFO    : Snapshot:4	0	3	Epoch:1	Loss:3.97	MRR:20.71	Hits@10:33.86	Best:20.71
2024-09-27 15:42:16,981 INFO    : Snapshot:4	1	3	Epoch:2	Loss:3.872	MRR:20.71	Hits@10:33.82	Best:20.71
2024-09-27 15:42:21,983 INFO    : Snapshot:4	2	3	Epoch:3	Loss:3.846	MRR:20.71	Hits@10:33.87	Best:20.71
2024-09-27 15:42:26,983 INFO    : Early Stopping! Snapshot:4 Epoch: 4 Best Results: 20.71
2024-09-27 15:42:27,106 INFO    : => loading checkpoint './checkpoint/FB_CKGE\4model_best.tar'
2024-09-27 15:43:03,585 INFO    : 
+------------+--------+--------+--------+--------+---------+
| Snapshot:4 |  MRR   | Hits@1 | Hits@3 | Hits@5 | Hits@10 |
+------------+--------+--------+--------+--------+---------+
|     0      | 0.2439 | 0.1396 | 0.2869 | 0.358  |  0.447  |
|     1      | 0.1822 | 0.1071 | 0.2018 | 0.2556 |   0.33  |
|     2      | 0.1838 | 0.1103 | 0.2064 | 0.2574 |  0.3274 |
|     3      | 0.191  | 0.1161 | 0.2193 | 0.266  |  0.3335 |
|     4      | 0.2129 | 0.1313 | 0.2427 | 0.2991 |  0.3703 |
+------------+--------+--------+--------+--------+---------+
2024-09-27 15:43:03,586 INFO    : Final Result:
[+------------+--------+--------+--------+--------+---------+
| Snapshot:0 |  MRR   | Hits@1 | Hits@3 | Hits@5 | Hits@10 |
+------------+--------+--------+--------+--------+---------+
|     0      | 0.2439 | 0.1396 | 0.2869 | 0.358  |  0.447  |
+------------+--------+--------+--------+--------+---------+, +------------+--------+--------+--------+--------+---------+
| Snapshot:1 |  MRR   | Hits@1 | Hits@3 | Hits@5 | Hits@10 |
+------------+--------+--------+--------+--------+---------+
|     0      | 0.2439 | 0.1396 | 0.2869 | 0.358  |  0.447  |
|     1      | 0.1822 | 0.1071 | 0.2018 | 0.2556 |   0.33  |
+------------+--------+--------+--------+--------+---------+, +------------+--------+--------+--------+--------+---------+
| Snapshot:2 |  MRR   | Hits@1 | Hits@3 | Hits@5 | Hits@10 |
+------------+--------+--------+--------+--------+---------+
|     0      | 0.2439 | 0.1396 | 0.2869 | 0.358  |  0.447  |
|     1      | 0.1822 | 0.1071 | 0.2018 | 0.2556 |   0.33  |
|     2      | 0.1838 | 0.1103 | 0.2064 | 0.2574 |  0.3274 |
+------------+--------+--------+--------+--------+---------+, +------------+--------+--------+--------+--------+---------+
| Snapshot:3 |  MRR   | Hits@1 | Hits@3 | Hits@5 | Hits@10 |
+------------+--------+--------+--------+--------+---------+
|     0      | 0.2439 | 0.1396 | 0.2869 | 0.358  |  0.447  |
|     1      | 0.1822 | 0.1071 | 0.2018 | 0.2556 |   0.33  |
|     2      | 0.1838 | 0.1103 | 0.2064 | 0.2574 |  0.3274 |
|     3      | 0.191  | 0.1161 | 0.2193 | 0.266  |  0.3335 |
+------------+--------+--------+--------+--------+---------+, +------------+--------+--------+--------+--------+---------+
| Snapshot:4 |  MRR   | Hits@1 | Hits@3 | Hits@5 | Hits@10 |
+------------+--------+--------+--------+--------+---------+
|     0      | 0.2439 | 0.1396 | 0.2869 | 0.358  |  0.447  |
|     1      | 0.1822 | 0.1071 | 0.2018 | 0.2556 |   0.33  |
|     2      | 0.1838 | 0.1103 | 0.2064 | 0.2574 |  0.3274 |
|     3      | 0.191  | 0.1161 | 0.2193 | 0.266  |  0.3335 |
|     4      | 0.2129 | 0.1313 | 0.2427 | 0.2991 |  0.3703 |
+------------+--------+--------+--------+--------+---------+]
2024-09-27 15:43:03,587 INFO    : Report Result:
+----------+--------------------+-----------+--------------+--------------+---------------+
| Snapshot |        Time        | Whole_MRR | Whole_Hits@1 | Whole_Hits@3 | Whole_Hits@10 |
+----------+--------------------+-----------+--------------+--------------+---------------+
|    0     | 86.22102117538452  |   0.244   |     0.14     |    0.287     |     0.447     |
|    1     | 150.72024059295654 |   0.235   |    0.135     |    0.275     |      0.43     |
|    2     | 44.170788526535034 |   0.229   |    0.132     |    0.266     |     0.417     |
|    3     | 46.254162311553955 |   0.224   |     0.13     |    0.261     |     0.408     |
|    4     | 28.344473123550415 |   0.223   |     0.13     |    0.259     |     0.404     |
+----------+--------------------+-----------+--------------+--------------+---------------+
2024-09-27 15:43:03,587 INFO    : Sum_Training_Time:355.71068572998047
2024-09-27 15:43:03,587 INFO    : Every_Training_Time:[86.22102117538452, 150.72024059295654, 44.170788526535034, 46.254162311553955, 28.344473123550415]
2024-09-27 15:43:03,587 INFO    : Forward transfer: 0.151275 Backward transfer: 0.0
