2024-09-19 14:14:07,766 INFO    : Namespace(batch_size='512', data_path='./data/HYBRID/', dataset='HYBRID', debug=False, device=device(type='cuda', index=0), emb_dim=200, ent_r='150', epoch_num=200, explore=False, gpu='0', l2=0.0, learning_rate='3e-1', log_path='./logs/20240919141359/HYBRID', logger=<RootLogger root (INFO)>, margin=8.0, model_name='LoraKGE_Layers', multi_layers_path='train_sorted_by_edges_betweenness.txt', neg_ratio=10, note='', num_ent_layers='10', num_layer=1, num_rel_layers='1', patience=3, predict_result=False, r=100, r_fixed=True, random_seed=3407, record=False, rel_r='20', save_path='./checkpoint/HYBRID', skip_previous='False', snapshot_num=5, train_new=True, using_multi_layers=False, using_various_ranks='True', using_various_ranks_reverse=False, valid_metrics='mrr')
2024-09-19 14:14:16,336 INFO    : Snapshot:0	0	3	Epoch:0	Loss:78.862	MRR:11.73	Hits@10:24.57	Best:11.73
2024-09-19 14:14:21,883 INFO    : Snapshot:0	0	3	Epoch:1	Loss:44.919	MRR:20.31	Hits@10:37.47	Best:20.31
2024-09-19 14:14:27,472 INFO    : Snapshot:0	0	3	Epoch:2	Loss:23.229	MRR:23.59	Hits@10:41.84	Best:23.59
2024-09-19 14:14:33,046 INFO    : Snapshot:0	0	3	Epoch:3	Loss:12.84	MRR:24.72	Hits@10:43.31	Best:24.72
2024-09-19 14:14:38,583 INFO    : Snapshot:0	0	3	Epoch:4	Loss:7.866	MRR:25.07	Hits@10:43.83	Best:25.07
2024-09-19 14:14:44,126 INFO    : Snapshot:0	1	3	Epoch:5	Loss:5.342	MRR:24.78	Hits@10:44.02	Best:25.07
2024-09-19 14:14:49,622 INFO    : Snapshot:0	2	3	Epoch:6	Loss:4.028	MRR:24.97	Hits@10:44.33	Best:25.07
2024-09-19 14:14:55,404 INFO    : Early Stopping! Snapshot:0 Epoch: 7 Best Results: 25.07
2024-09-19 14:14:55,493 INFO    : => loading checkpoint './checkpoint/HYBRID\0model_best.tar'
2024-09-19 14:14:58,687 INFO    : 
+------------+--------+--------+--------+--------+---------+
| Snapshot:0 |  MRR   | Hits@1 | Hits@3 | Hits@5 | Hits@10 |
+------------+--------+--------+--------+--------+---------+
|     0      | 0.2508 | 0.1496 | 0.3037 | 0.3616 |  0.4344 |
+------------+--------+--------+--------+--------+---------+
2024-09-19 14:15:05,607 INFO    : Snapshot:1	0	3	Epoch:0	Loss:12.13	MRR:22.74	Hits@10:40.9	Best:22.74
2024-09-19 14:15:08,260 INFO    : Snapshot:1	0	3	Epoch:1	Loss:6.735	MRR:24.44	Hits@10:43.39	Best:24.44
2024-09-19 14:15:10,868 INFO    : Snapshot:1	0	3	Epoch:2	Loss:5.9	MRR:25.05	Hits@10:44.29	Best:25.05
2024-09-19 14:15:13,502 INFO    : Snapshot:1	0	3	Epoch:3	Loss:5.566	MRR:26.03	Hits@10:45.21	Best:26.03
2024-09-19 14:15:16,124 INFO    : Snapshot:1	0	3	Epoch:4	Loss:5.355	MRR:26.28	Hits@10:45.93	Best:26.28
2024-09-19 14:15:18,796 INFO    : Snapshot:1	0	3	Epoch:5	Loss:5.184	MRR:26.81	Hits@10:46.1	Best:26.81
2024-09-19 14:15:21,400 INFO    : Snapshot:1	1	3	Epoch:6	Loss:5.122	MRR:26.21	Hits@10:46.12	Best:26.81
2024-09-19 14:15:24,009 INFO    : Snapshot:1	2	3	Epoch:7	Loss:5.016	MRR:26.48	Hits@10:46.46	Best:26.81
2024-09-19 14:15:26,728 INFO    : Early Stopping! Snapshot:1 Epoch: 8 Best Results: 26.81
2024-09-19 14:15:26,819 INFO    : => loading checkpoint './checkpoint/HYBRID\1model_best.tar'
2024-09-19 14:15:31,933 INFO    : 
+------------+--------+--------+--------+--------+---------+
| Snapshot:1 |  MRR   | Hits@1 | Hits@3 | Hits@5 | Hits@10 |
+------------+--------+--------+--------+--------+---------+
|     0      | 0.2508 | 0.1496 | 0.3037 | 0.3616 |  0.4344 |
|     1      | 0.2623 | 0.1667 | 0.3018 | 0.365  |  0.4495 |
+------------+--------+--------+--------+--------+---------+
2024-09-19 14:15:56,158 INFO    : Snapshot:2	0	3	Epoch:0	Loss:44.601	MRR:14.77	Hits@10:27.6	Best:14.77
2024-09-19 14:16:10,011 INFO    : Snapshot:2	0	3	Epoch:1	Loss:32.279	MRR:16.07	Hits@10:29.21	Best:16.07
2024-09-19 14:16:23,975 INFO    : Snapshot:2	0	3	Epoch:2	Loss:30.419	MRR:16.56	Hits@10:30.35	Best:16.56
2024-09-19 14:16:37,877 INFO    : Snapshot:2	0	3	Epoch:3	Loss:29.354	MRR:17.16	Hits@10:31.02	Best:17.16
2024-09-19 14:16:51,880 INFO    : Snapshot:2	0	3	Epoch:4	Loss:28.651	MRR:17.27	Hits@10:31.45	Best:17.27
2024-09-19 14:17:05,980 INFO    : Snapshot:2	0	3	Epoch:5	Loss:28.191	MRR:17.54	Hits@10:31.57	Best:17.54
2024-09-19 14:17:19,985 INFO    : Snapshot:2	0	3	Epoch:6	Loss:27.791	MRR:17.67	Hits@10:31.68	Best:17.67
2024-09-19 14:17:33,800 INFO    : Snapshot:2	0	3	Epoch:7	Loss:27.532	MRR:17.93	Hits@10:32.08	Best:17.93
2024-09-19 14:17:47,350 INFO    : Snapshot:2	1	3	Epoch:8	Loss:27.335	MRR:17.75	Hits@10:32.09	Best:17.93
2024-09-19 14:18:01,324 INFO    : Snapshot:2	0	3	Epoch:9	Loss:27.208	MRR:18.12	Hits@10:32.09	Best:18.12
2024-09-19 14:18:15,467 INFO    : Snapshot:2	0	3	Epoch:10	Loss:27.044	MRR:18.3	Hits@10:32.61	Best:18.3
2024-09-19 14:18:29,540 INFO    : Snapshot:2	0	3	Epoch:11	Loss:26.897	MRR:18.48	Hits@10:32.59	Best:18.48
2024-09-19 14:18:43,713 INFO    : Snapshot:2	1	3	Epoch:12	Loss:26.726	MRR:18.21	Hits@10:32.52	Best:18.48
2024-09-19 14:18:57,653 INFO    : Snapshot:2	2	3	Epoch:13	Loss:26.654	MRR:18.45	Hits@10:32.61	Best:18.48
2024-09-19 14:19:10,949 INFO    : Early Stopping! Snapshot:2 Epoch: 14 Best Results: 18.48
2024-09-19 14:19:11,057 INFO    : => loading checkpoint './checkpoint/HYBRID\2model_best.tar'
2024-09-19 14:19:23,443 INFO    : 
+------------+--------+--------+--------+--------+---------+
| Snapshot:2 |  MRR   | Hits@1 | Hits@3 | Hits@5 | Hits@10 |
+------------+--------+--------+--------+--------+---------+
|     0      | 0.2508 | 0.1496 | 0.3037 | 0.3616 |  0.4344 |
|     1      | 0.2623 | 0.1667 | 0.3018 | 0.365  |  0.4495 |
|     2      | 0.1832 | 0.1108 | 0.2061 | 0.2566 |  0.3238 |
+------------+--------+--------+--------+--------+---------+
2024-09-19 14:19:54,067 INFO    : Snapshot:3	0	3	Epoch:0	Loss:51.129	MRR:14.76	Hits@10:27.71	Best:14.76
2024-09-19 14:20:11,431 INFO    : Snapshot:3	0	3	Epoch:1	Loss:41.186	MRR:15.65	Hits@10:29.3	Best:15.65
2024-09-19 14:20:28,713 INFO    : Snapshot:3	0	3	Epoch:2	Loss:39.73	MRR:15.92	Hits@10:29.95	Best:15.92
2024-09-19 14:20:46,595 INFO    : Snapshot:3	0	3	Epoch:3	Loss:39.088	MRR:16.34	Hits@10:30.19	Best:16.34
2024-09-19 14:21:04,424 INFO    : Snapshot:3	0	3	Epoch:4	Loss:38.508	MRR:16.43	Hits@10:30.54	Best:16.43
2024-09-19 14:21:22,170 INFO    : Snapshot:3	0	3	Epoch:5	Loss:38.097	MRR:16.77	Hits@10:30.99	Best:16.77
2024-09-19 14:21:40,078 INFO    : Snapshot:3	0	3	Epoch:6	Loss:37.791	MRR:16.78	Hits@10:31.0	Best:16.78
2024-09-19 14:21:57,961 INFO    : Snapshot:3	0	3	Epoch:7	Loss:37.581	MRR:16.88	Hits@10:30.95	Best:16.88
2024-09-19 14:22:15,528 INFO    : Snapshot:3	0	3	Epoch:8	Loss:37.457	MRR:17.02	Hits@10:31.18	Best:17.02
2024-09-19 14:22:33,030 INFO    : Snapshot:3	0	3	Epoch:9	Loss:37.312	MRR:17.25	Hits@10:31.43	Best:17.25
2024-09-19 14:22:50,907 INFO    : Snapshot:3	1	3	Epoch:10	Loss:37.257	MRR:17.06	Hits@10:31.42	Best:17.25
2024-09-19 14:23:08,639 INFO    : Snapshot:3	2	3	Epoch:11	Loss:37.044	MRR:17.08	Hits@10:31.48	Best:17.25
2024-09-19 14:23:26,258 INFO    : Early Stopping! Snapshot:3 Epoch: 12 Best Results: 17.25
2024-09-19 14:23:26,349 INFO    : => loading checkpoint './checkpoint/HYBRID\3model_best.tar'
2024-09-19 14:23:49,275 INFO    : 
+------------+--------+--------+--------+--------+---------+
| Snapshot:3 |  MRR   | Hits@1 | Hits@3 | Hits@5 | Hits@10 |
+------------+--------+--------+--------+--------+---------+
|     0      | 0.2508 | 0.1496 | 0.3037 | 0.3616 |  0.4344 |
|     1      | 0.2623 | 0.1667 | 0.3018 | 0.365  |  0.4495 |
|     2      | 0.1832 | 0.1108 | 0.2061 | 0.2566 |  0.3238 |
|     3      | 0.171  | 0.0937 | 0.2022 | 0.253  |  0.3155 |
+------------+--------+--------+--------+--------+---------+
2024-09-19 14:24:03,445 INFO    : Snapshot:4	0	3	Epoch:0	Loss:24.925	MRR:15.11	Hits@10:24.46	Best:15.11
2024-09-19 14:24:10,377 INFO    : Snapshot:4	0	3	Epoch:1	Loss:22.754	MRR:15.31	Hits@10:24.67	Best:15.31
2024-09-19 14:24:17,336 INFO    : Snapshot:4	1	3	Epoch:2	Loss:22.456	MRR:14.9	Hits@10:24.4	Best:15.31
2024-09-19 14:24:24,316 INFO    : Snapshot:4	0	3	Epoch:3	Loss:22.312	MRR:15.32	Hits@10:24.66	Best:15.32
2024-09-19 14:24:31,306 INFO    : Snapshot:4	0	3	Epoch:4	Loss:22.237	MRR:15.41	Hits@10:24.76	Best:15.41
2024-09-19 14:24:38,315 INFO    : Snapshot:4	1	3	Epoch:5	Loss:22.202	MRR:15.26	Hits@10:24.69	Best:15.41
2024-09-19 14:24:45,290 INFO    : Snapshot:4	0	3	Epoch:6	Loss:22.184	MRR:15.48	Hits@10:24.96	Best:15.48
2024-09-19 14:24:52,249 INFO    : Snapshot:4	1	3	Epoch:7	Loss:22.107	MRR:15.22	Hits@10:24.75	Best:15.48
2024-09-19 14:24:59,237 INFO    : Snapshot:4	2	3	Epoch:8	Loss:22.09	MRR:15.31	Hits@10:24.78	Best:15.48
2024-09-19 14:25:06,080 INFO    : Early Stopping! Snapshot:4 Epoch: 9 Best Results: 15.48
2024-09-19 14:25:06,187 INFO    : => loading checkpoint './checkpoint/HYBRID\4model_best.tar'
2024-09-19 14:25:34,461 INFO    : 
+------------+--------+--------+--------+--------+---------+
| Snapshot:4 |  MRR   | Hits@1 | Hits@3 | Hits@5 | Hits@10 |
+------------+--------+--------+--------+--------+---------+
|     0      | 0.2508 | 0.1496 | 0.3037 | 0.3616 |  0.4344 |
|     1      | 0.2623 | 0.1667 | 0.3018 | 0.365  |  0.4495 |
|     2      | 0.1832 | 0.1108 | 0.2061 | 0.2566 |  0.3238 |
|     3      | 0.171  | 0.0937 | 0.2022 | 0.253  |  0.3155 |
|     4      | 0.1558 | 0.108  | 0.1681 | 0.1995 |  0.2494 |
+------------+--------+--------+--------+--------+---------+
2024-09-19 14:25:34,463 INFO    : Final Result:
[+------------+--------+--------+--------+--------+---------+
| Snapshot:0 |  MRR   | Hits@1 | Hits@3 | Hits@5 | Hits@10 |
+------------+--------+--------+--------+--------+---------+
|     0      | 0.2508 | 0.1496 | 0.3037 | 0.3616 |  0.4344 |
+------------+--------+--------+--------+--------+---------+, +------------+--------+--------+--------+--------+---------+
| Snapshot:1 |  MRR   | Hits@1 | Hits@3 | Hits@5 | Hits@10 |
+------------+--------+--------+--------+--------+---------+
|     0      | 0.2508 | 0.1496 | 0.3037 | 0.3616 |  0.4344 |
|     1      | 0.2623 | 0.1667 | 0.3018 | 0.365  |  0.4495 |
+------------+--------+--------+--------+--------+---------+, +------------+--------+--------+--------+--------+---------+
| Snapshot:2 |  MRR   | Hits@1 | Hits@3 | Hits@5 | Hits@10 |
+------------+--------+--------+--------+--------+---------+
|     0      | 0.2508 | 0.1496 | 0.3037 | 0.3616 |  0.4344 |
|     1      | 0.2623 | 0.1667 | 0.3018 | 0.365  |  0.4495 |
|     2      | 0.1832 | 0.1108 | 0.2061 | 0.2566 |  0.3238 |
+------------+--------+--------+--------+--------+---------+, +------------+--------+--------+--------+--------+---------+
| Snapshot:3 |  MRR   | Hits@1 | Hits@3 | Hits@5 | Hits@10 |
+------------+--------+--------+--------+--------+---------+
|     0      | 0.2508 | 0.1496 | 0.3037 | 0.3616 |  0.4344 |
|     1      | 0.2623 | 0.1667 | 0.3018 | 0.365  |  0.4495 |
|     2      | 0.1832 | 0.1108 | 0.2061 | 0.2566 |  0.3238 |
|     3      | 0.171  | 0.0937 | 0.2022 | 0.253  |  0.3155 |
+------------+--------+--------+--------+--------+---------+, +------------+--------+--------+--------+--------+---------+
| Snapshot:4 |  MRR   | Hits@1 | Hits@3 | Hits@5 | Hits@10 |
+------------+--------+--------+--------+--------+---------+
|     0      | 0.2508 | 0.1496 | 0.3037 | 0.3616 |  0.4344 |
|     1      | 0.2623 | 0.1667 | 0.3018 | 0.365  |  0.4495 |
|     2      | 0.1832 | 0.1108 | 0.2061 | 0.2566 |  0.3238 |
|     3      | 0.171  | 0.0937 | 0.2022 | 0.253  |  0.3155 |
|     4      | 0.1558 | 0.108  | 0.1681 | 0.1995 |  0.2494 |
+------------+--------+--------+--------+--------+---------+]
2024-09-19 14:25:34,464 INFO    : Report Result:
+----------+--------------------+-----------+--------------+--------------+---------------+
| Snapshot |        Time        | Whole_MRR | Whole_Hits@1 | Whole_Hits@3 | Whole_Hits@10 |
+----------+--------------------+-----------+--------------+--------------+---------------+
|    0     |  47.6374294757843  |   0.251   |     0.15     |    0.304     |     0.434     |
|    1     | 26.10259771347046  |   0.254   |    0.154     |    0.303     |     0.438     |
|    2     | 211.36751079559326 |   0.216   |    0.131     |    0.252     |     0.378     |
|    3     | 232.6425404548645  |   0.199   |    0.117     |    0.233     |     0.354     |
|    4     | 72.10837411880493  |   0.193   |    0.116     |    0.224     |      0.34     |
+----------+--------------------+-----------+--------------+--------------+---------------+
2024-09-19 14:25:34,464 INFO    : Sum_Training_Time:589.8584525585175
2024-09-19 14:25:34,464 INFO    : Every_Training_Time:[47.6374294757843, 26.10259771347046, 211.36751079559326, 232.6425404548645, 72.10837411880493]
2024-09-19 14:25:34,464 INFO    : Forward transfer: 0.0374 Backward transfer: 0.0
