2025-01-17 14:35:28,525 INFO    : Namespace(batch_size=1024, data_path='./data/ENTITY/', dataset='ENTITY', debug=False, device=device(type='cuda', index=0), emb_dim=200, ent_r='200', epoch_num=200, explore=False, gpu='0', l2=0.0, learning_rate='5e-2', log_path='./logs/ENTITY 200 20 5e-2 1024/ENTITY 20250117143519', logger=<RootLogger root (INFO)>, margin=8.0, model_name='LoraKGE_Layers', multi_layers_path='train_sorted_by_edges_betweenness.txt', neg_ratio=10, note='', num_ent_layers='20', num_layer=1, num_rel_layers='1', patience='5', predict_result=False, r=100, r_fixed=True, random_seed=3407, record=False, rel_r='200', save_path='./checkpoint/ENTITY', skip_previous='False', snapshot_num=5, train_new=True, using_multi_layers=False, using_various_ranks='True', using_various_ranks_reverse=False, valid_metrics='mrr')
2025-01-17 14:35:33,630 INFO    : Snapshot:0	0	5	Epoch:0	Loss:29.027	MRR:21.82	Hits@10:44.05	Best:21.82
2025-01-17 14:35:36,851 INFO    : Snapshot:0	0	5	Epoch:1	Loss:10.652	MRR:31.37	Hits@10:54.46	Best:31.37
2025-01-17 14:35:40,166 INFO    : Snapshot:0	0	5	Epoch:2	Loss:3.679	MRR:32.43	Hits@10:55.05	Best:32.43
2025-01-17 14:35:43,382 INFO    : Snapshot:0	0	5	Epoch:3	Loss:1.842	MRR:32.56	Hits@10:54.95	Best:32.56
2025-01-17 14:35:46,523 INFO    : Snapshot:0	1	5	Epoch:4	Loss:1.278	MRR:32.47	Hits@10:55.37	Best:32.56
2025-01-17 14:35:49,703 INFO    : Snapshot:0	2	5	Epoch:5	Loss:1.003	MRR:32.14	Hits@10:54.64	Best:32.56
2025-01-17 14:35:52,899 INFO    : Snapshot:0	3	5	Epoch:6	Loss:0.841	MRR:32.03	Hits@10:54.49	Best:32.56
2025-01-17 14:35:56,017 INFO    : Snapshot:0	4	5	Epoch:7	Loss:0.759	MRR:31.54	Hits@10:54.52	Best:32.56
2025-01-17 14:35:59,175 INFO    : Early Stopping! Snapshot:0 Epoch: 8 Best Results: 32.56
2025-01-17 14:35:59,269 INFO    : => loading checkpoint './checkpoint/ENTITY\0model_best.tar'
2025-01-17 14:36:00,898 INFO    : 
+------------+-------+--------+--------+--------+---------+
| Snapshot:0 |  MRR  | Hits@1 | Hits@3 | Hits@5 | Hits@10 |
+------------+-------+--------+--------+--------+---------+
|     0      | 0.328 | 0.2128 | 0.3751 | 0.4467 |  0.5535 |
+------------+-------+--------+--------+--------+---------+
2025-01-17 14:36:16,302 INFO    : Snapshot:1	0	5	Epoch:0	Loss:18.199	MRR:16.04	Hits@10:28.02	Best:16.04
2025-01-17 14:36:25,031 INFO    : Snapshot:1	0	5	Epoch:1	Loss:5.585	MRR:17.8	Hits@10:31.84	Best:17.8
2025-01-17 14:36:33,553 INFO    : Snapshot:1	0	5	Epoch:2	Loss:4.396	MRR:18.79	Hits@10:33.68	Best:18.79
2025-01-17 14:36:42,238 INFO    : Snapshot:1	0	5	Epoch:3	Loss:3.857	MRR:19.25	Hits@10:34.64	Best:19.25
2025-01-17 14:36:51,129 INFO    : Snapshot:1	0	5	Epoch:4	Loss:3.488	MRR:19.9	Hits@10:35.1	Best:19.9
2025-01-17 14:36:59,825 INFO    : Snapshot:1	0	5	Epoch:5	Loss:3.256	MRR:20.19	Hits@10:35.88	Best:20.19
2025-01-17 14:37:08,455 INFO    : Snapshot:1	0	5	Epoch:6	Loss:3.127	MRR:20.54	Hits@10:36.82	Best:20.54
2025-01-17 14:37:17,183 INFO    : Snapshot:1	0	5	Epoch:7	Loss:2.933	MRR:20.82	Hits@10:37.08	Best:20.82
2025-01-17 14:37:26,460 INFO    : Snapshot:1	0	5	Epoch:8	Loss:2.825	MRR:20.97	Hits@10:37.79	Best:20.97
2025-01-17 14:37:35,710 INFO    : Snapshot:1	0	5	Epoch:9	Loss:2.75	MRR:21.17	Hits@10:37.57	Best:21.17
2025-01-17 14:37:45,037 INFO    : Snapshot:1	0	5	Epoch:10	Loss:2.681	MRR:21.28	Hits@10:37.77	Best:21.28
2025-01-17 14:37:54,211 INFO    : Snapshot:1	0	5	Epoch:11	Loss:2.594	MRR:21.4	Hits@10:38.3	Best:21.4
2025-01-17 14:38:03,622 INFO    : Snapshot:1	0	5	Epoch:12	Loss:2.509	MRR:21.57	Hits@10:38.15	Best:21.57
2025-01-17 14:38:13,545 INFO    : Snapshot:1	0	5	Epoch:13	Loss:2.505	MRR:21.62	Hits@10:38.63	Best:21.62
2025-01-17 14:38:23,063 INFO    : Snapshot:1	0	5	Epoch:14	Loss:2.452	MRR:21.77	Hits@10:38.98	Best:21.77
2025-01-17 14:38:32,366 INFO    : Snapshot:1	0	5	Epoch:15	Loss:2.418	MRR:21.99	Hits@10:39.63	Best:21.99
2025-01-17 14:38:42,290 INFO    : Snapshot:1	1	5	Epoch:16	Loss:2.385	MRR:21.8	Hits@10:38.76	Best:21.99
2025-01-17 14:38:51,217 INFO    : Snapshot:1	0	5	Epoch:17	Loss:2.362	MRR:22.0	Hits@10:39.17	Best:22.0
2025-01-17 14:38:59,851 INFO    : Snapshot:1	0	5	Epoch:18	Loss:2.292	MRR:22.03	Hits@10:39.26	Best:22.03
2025-01-17 14:39:08,184 INFO    : Snapshot:1	0	5	Epoch:19	Loss:2.28	MRR:22.12	Hits@10:39.64	Best:22.12
2025-01-17 14:39:16,749 INFO    : Snapshot:1	1	5	Epoch:20	Loss:2.252	MRR:22.05	Hits@10:39.38	Best:22.12
2025-01-17 14:39:25,420 INFO    : Snapshot:1	2	5	Epoch:21	Loss:2.25	MRR:22.04	Hits@10:39.37	Best:22.12
2025-01-17 14:39:34,229 INFO    : Snapshot:1	0	5	Epoch:22	Loss:2.218	MRR:22.38	Hits@10:39.95	Best:22.38
2025-01-17 14:39:42,827 INFO    : Snapshot:1	1	5	Epoch:23	Loss:2.202	MRR:22.32	Hits@10:39.59	Best:22.38
2025-01-17 14:39:51,651 INFO    : Snapshot:1	0	5	Epoch:24	Loss:2.174	MRR:22.42	Hits@10:39.72	Best:22.42
2025-01-17 14:40:00,048 INFO    : Snapshot:1	1	5	Epoch:25	Loss:2.164	MRR:22.32	Hits@10:39.81	Best:22.42
2025-01-17 14:40:08,588 INFO    : Snapshot:1	0	5	Epoch:26	Loss:2.159	MRR:22.76	Hits@10:40.02	Best:22.76
2025-01-17 14:40:16,927 INFO    : Snapshot:1	1	5	Epoch:27	Loss:2.133	MRR:22.43	Hits@10:39.91	Best:22.76
2025-01-17 14:40:25,746 INFO    : Snapshot:1	2	5	Epoch:28	Loss:2.12	MRR:22.58	Hits@10:39.83	Best:22.76
2025-01-17 14:40:34,419 INFO    : Snapshot:1	3	5	Epoch:29	Loss:2.117	MRR:22.65	Hits@10:40.05	Best:22.76
2025-01-17 14:40:43,130 INFO    : Snapshot:1	4	5	Epoch:30	Loss:2.114	MRR:22.7	Hits@10:40.1	Best:22.76
2025-01-17 14:40:51,754 INFO    : Early Stopping! Snapshot:1 Epoch: 31 Best Results: 22.76
2025-01-17 14:40:51,872 INFO    : => loading checkpoint './checkpoint/ENTITY\1model_best.tar'
2025-01-17 14:40:57,551 INFO    : 
+------------+--------+--------+--------+--------+---------+
| Snapshot:1 |  MRR   | Hits@1 | Hits@3 | Hits@5 | Hits@10 |
+------------+--------+--------+--------+--------+---------+
|     0      | 0.328  | 0.2128 | 0.3751 | 0.4467 |  0.5535 |
|     1      | 0.2265 | 0.138  | 0.2497 | 0.3106 |  0.4026 |
+------------+--------+--------+--------+--------+---------+
2025-01-17 14:41:15,396 INFO    : Snapshot:2	0	5	Epoch:0	Loss:17.049	MRR:14.04	Hits@10:24.32	Best:14.04
2025-01-17 14:41:25,472 INFO    : Snapshot:2	0	5	Epoch:1	Loss:5.412	MRR:16.47	Hits@10:28.79	Best:16.47
2025-01-17 14:41:35,336 INFO    : Snapshot:2	0	5	Epoch:2	Loss:4.324	MRR:17.35	Hits@10:30.61	Best:17.35
2025-01-17 14:41:45,417 INFO    : Snapshot:2	0	5	Epoch:3	Loss:3.858	MRR:18.05	Hits@10:31.96	Best:18.05
2025-01-17 14:41:55,352 INFO    : Snapshot:2	0	5	Epoch:4	Loss:3.514	MRR:18.49	Hits@10:32.83	Best:18.49
2025-01-17 14:42:05,093 INFO    : Snapshot:2	0	5	Epoch:5	Loss:3.3	MRR:18.75	Hits@10:33.2	Best:18.75
2025-01-17 14:42:14,737 INFO    : Snapshot:2	0	5	Epoch:6	Loss:3.16	MRR:19.16	Hits@10:34.07	Best:19.16
2025-01-17 14:42:24,451 INFO    : Snapshot:2	1	5	Epoch:7	Loss:3.023	MRR:19.08	Hits@10:34.0	Best:19.16
2025-01-17 14:42:34,776 INFO    : Snapshot:2	0	5	Epoch:8	Loss:2.943	MRR:19.56	Hits@10:34.53	Best:19.56
2025-01-17 14:42:45,400 INFO    : Snapshot:2	0	5	Epoch:9	Loss:2.855	MRR:19.61	Hits@10:34.65	Best:19.61
2025-01-17 14:42:56,274 INFO    : Snapshot:2	0	5	Epoch:10	Loss:2.767	MRR:19.74	Hits@10:35.02	Best:19.74
2025-01-17 14:43:07,648 INFO    : Snapshot:2	1	5	Epoch:11	Loss:2.732	MRR:19.73	Hits@10:34.98	Best:19.74
2025-01-17 14:43:18,516 INFO    : Snapshot:2	0	5	Epoch:12	Loss:2.655	MRR:19.93	Hits@10:35.4	Best:19.93
2025-01-17 14:43:28,046 INFO    : Snapshot:2	0	5	Epoch:13	Loss:2.617	MRR:20.09	Hits@10:35.17	Best:20.09
2025-01-17 14:43:37,780 INFO    : Snapshot:2	1	5	Epoch:14	Loss:2.557	MRR:19.96	Hits@10:35.39	Best:20.09
2025-01-17 14:43:47,540 INFO    : Snapshot:2	2	5	Epoch:15	Loss:2.517	MRR:20.09	Hits@10:35.71	Best:20.09
2025-01-17 14:43:58,090 INFO    : Snapshot:2	0	5	Epoch:16	Loss:2.501	MRR:20.24	Hits@10:35.48	Best:20.24
2025-01-17 14:44:08,970 INFO    : Snapshot:2	1	5	Epoch:17	Loss:2.458	MRR:20.12	Hits@10:35.3	Best:20.24
2025-01-17 14:44:19,912 INFO    : Snapshot:2	2	5	Epoch:18	Loss:2.457	MRR:20.23	Hits@10:35.78	Best:20.24
2025-01-17 14:44:30,726 INFO    : Snapshot:2	3	5	Epoch:19	Loss:2.437	MRR:20.2	Hits@10:35.69	Best:20.24
2025-01-17 14:44:41,555 INFO    : Snapshot:2	0	5	Epoch:20	Loss:2.413	MRR:20.26	Hits@10:35.69	Best:20.26
2025-01-17 14:44:52,115 INFO    : Snapshot:2	0	5	Epoch:21	Loss:2.385	MRR:20.43	Hits@10:35.78	Best:20.43
2025-01-17 14:45:01,981 INFO    : Snapshot:2	1	5	Epoch:22	Loss:2.368	MRR:20.37	Hits@10:36.02	Best:20.43
2025-01-17 14:45:12,450 INFO    : Snapshot:2	2	5	Epoch:23	Loss:2.349	MRR:20.33	Hits@10:36.04	Best:20.43
2025-01-17 14:45:22,445 INFO    : Snapshot:2	3	5	Epoch:24	Loss:2.336	MRR:20.29	Hits@10:35.74	Best:20.43
2025-01-17 14:45:33,161 INFO    : Snapshot:2	4	5	Epoch:25	Loss:2.301	MRR:20.27	Hits@10:35.96	Best:20.43
2025-01-17 14:45:44,296 INFO    : Snapshot:2	0	5	Epoch:26	Loss:2.316	MRR:20.47	Hits@10:36.05	Best:20.47
2025-01-17 14:45:55,428 INFO    : Snapshot:2	1	5	Epoch:27	Loss:2.296	MRR:20.46	Hits@10:36.26	Best:20.47
2025-01-17 14:46:07,174 INFO    : Snapshot:2	2	5	Epoch:28	Loss:2.307	MRR:20.47	Hits@10:36.23	Best:20.47
2025-01-17 14:46:18,405 INFO    : Snapshot:2	0	5	Epoch:29	Loss:2.276	MRR:20.59	Hits@10:36.14	Best:20.59
2025-01-17 14:46:29,695 INFO    : Snapshot:2	0	5	Epoch:30	Loss:2.262	MRR:20.64	Hits@10:36.23	Best:20.64
2025-01-17 14:46:40,785 INFO    : Snapshot:2	0	5	Epoch:31	Loss:2.222	MRR:20.69	Hits@10:36.42	Best:20.69
2025-01-17 14:46:51,905 INFO    : Snapshot:2	1	5	Epoch:32	Loss:2.25	MRR:20.67	Hits@10:36.43	Best:20.69
2025-01-17 14:47:03,172 INFO    : Snapshot:2	0	5	Epoch:33	Loss:2.219	MRR:20.71	Hits@10:36.37	Best:20.71
2025-01-17 14:47:15,418 INFO    : Snapshot:2	0	5	Epoch:34	Loss:2.233	MRR:20.79	Hits@10:36.49	Best:20.79
2025-01-17 14:47:28,042 INFO    : Snapshot:2	1	5	Epoch:35	Loss:2.198	MRR:20.61	Hits@10:36.54	Best:20.79
2025-01-17 14:47:39,382 INFO    : Snapshot:2	2	5	Epoch:36	Loss:2.206	MRR:20.62	Hits@10:36.4	Best:20.79
2025-01-17 14:47:50,800 INFO    : Snapshot:2	0	5	Epoch:37	Loss:2.191	MRR:20.85	Hits@10:36.56	Best:20.85
2025-01-17 14:48:02,333 INFO    : Snapshot:2	1	5	Epoch:38	Loss:2.199	MRR:20.79	Hits@10:36.73	Best:20.85
2025-01-17 14:48:13,702 INFO    : Snapshot:2	2	5	Epoch:39	Loss:2.189	MRR:20.79	Hits@10:36.51	Best:20.85
2025-01-17 14:48:24,825 INFO    : Snapshot:2	3	5	Epoch:40	Loss:2.168	MRR:20.79	Hits@10:36.53	Best:20.85
2025-01-17 14:48:35,895 INFO    : Snapshot:2	4	5	Epoch:41	Loss:2.181	MRR:20.76	Hits@10:36.44	Best:20.85
2025-01-17 14:48:46,933 INFO    : Early Stopping! Snapshot:2 Epoch: 42 Best Results: 20.85
2025-01-17 14:48:47,059 INFO    : => loading checkpoint './checkpoint/ENTITY\2model_best.tar'
2025-01-17 14:48:58,829 INFO    : 
+------------+--------+--------+--------+--------+---------+
| Snapshot:2 |  MRR   | Hits@1 | Hits@3 | Hits@5 | Hits@10 |
+------------+--------+--------+--------+--------+---------+
|     0      | 0.328  | 0.2128 | 0.3751 | 0.4467 |  0.5535 |
|     1      | 0.2265 | 0.138  | 0.2497 | 0.3106 |  0.4026 |
|     2      | 0.2077 | 0.1246 | 0.2348 | 0.2858 |  0.3643 |
+------------+--------+--------+--------+--------+---------+
2025-01-17 14:49:20,434 INFO    : Snapshot:3	0	5	Epoch:0	Loss:15.995	MRR:13.4	Hits@10:22.54	Best:13.4
2025-01-17 14:49:31,892 INFO    : Snapshot:3	0	5	Epoch:1	Loss:4.711	MRR:15.45	Hits@10:27.07	Best:15.45
2025-01-17 14:49:43,527 INFO    : Snapshot:3	0	5	Epoch:2	Loss:3.721	MRR:16.48	Hits@10:28.95	Best:16.48
2025-01-17 14:49:55,316 INFO    : Snapshot:3	0	5	Epoch:3	Loss:3.267	MRR:17.18	Hits@10:30.53	Best:17.18
2025-01-17 14:50:06,869 INFO    : Snapshot:3	0	5	Epoch:4	Loss:2.982	MRR:17.51	Hits@10:31.34	Best:17.51
2025-01-17 14:50:17,588 INFO    : Snapshot:3	0	5	Epoch:5	Loss:2.817	MRR:17.93	Hits@10:32.12	Best:17.93
2025-01-17 14:50:28,583 INFO    : Snapshot:3	0	5	Epoch:6	Loss:2.649	MRR:18.22	Hits@10:32.53	Best:18.22
2025-01-17 14:50:39,516 INFO    : Snapshot:3	0	5	Epoch:7	Loss:2.563	MRR:18.34	Hits@10:32.79	Best:18.34
2025-01-17 14:50:50,145 INFO    : Snapshot:3	0	5	Epoch:8	Loss:2.476	MRR:18.64	Hits@10:33.46	Best:18.64
2025-01-17 14:51:00,656 INFO    : Snapshot:3	1	5	Epoch:9	Loss:2.375	MRR:18.62	Hits@10:32.8	Best:18.64
2025-01-17 14:51:11,058 INFO    : Snapshot:3	0	5	Epoch:10	Loss:2.322	MRR:18.8	Hits@10:33.68	Best:18.8
2025-01-17 14:51:21,403 INFO    : Snapshot:3	0	5	Epoch:11	Loss:2.274	MRR:18.82	Hits@10:33.54	Best:18.82
2025-01-17 14:51:31,795 INFO    : Snapshot:3	0	5	Epoch:12	Loss:2.225	MRR:18.87	Hits@10:33.42	Best:18.87
2025-01-17 14:51:42,158 INFO    : Snapshot:3	0	5	Epoch:13	Loss:2.191	MRR:19.0	Hits@10:33.85	Best:19.0
2025-01-17 14:51:52,937 INFO    : Snapshot:3	1	5	Epoch:14	Loss:2.166	MRR:18.98	Hits@10:33.81	Best:19.0
2025-01-17 14:52:03,579 INFO    : Snapshot:3	0	5	Epoch:15	Loss:2.151	MRR:19.14	Hits@10:34.12	Best:19.14
2025-01-17 14:52:14,307 INFO    : Snapshot:3	0	5	Epoch:16	Loss:2.128	MRR:19.22	Hits@10:33.99	Best:19.22
2025-01-17 14:52:25,119 INFO    : Snapshot:3	1	5	Epoch:17	Loss:2.084	MRR:19.14	Hits@10:34.29	Best:19.22
2025-01-17 14:52:36,954 INFO    : Snapshot:3	0	5	Epoch:18	Loss:2.061	MRR:19.3	Hits@10:34.33	Best:19.3
2025-01-17 14:52:49,176 INFO    : Snapshot:3	1	5	Epoch:19	Loss:2.025	MRR:19.28	Hits@10:34.54	Best:19.3
2025-01-17 14:53:01,939 INFO    : Snapshot:3	2	5	Epoch:20	Loss:2.016	MRR:19.29	Hits@10:34.31	Best:19.3
2025-01-17 14:53:14,073 INFO    : Snapshot:3	3	5	Epoch:21	Loss:1.996	MRR:19.28	Hits@10:34.4	Best:19.3
2025-01-17 14:53:26,139 INFO    : Snapshot:3	0	5	Epoch:22	Loss:1.991	MRR:19.38	Hits@10:34.49	Best:19.38
2025-01-17 14:53:37,972 INFO    : Snapshot:3	0	5	Epoch:23	Loss:1.973	MRR:19.45	Hits@10:34.59	Best:19.45
2025-01-17 14:53:50,176 INFO    : Snapshot:3	1	5	Epoch:24	Loss:1.968	MRR:19.39	Hits@10:34.35	Best:19.45
2025-01-17 14:54:01,913 INFO    : Snapshot:3	0	5	Epoch:25	Loss:1.942	MRR:19.57	Hits@10:34.45	Best:19.57
2025-01-17 14:54:13,523 INFO    : Snapshot:3	1	5	Epoch:26	Loss:1.934	MRR:19.33	Hits@10:34.36	Best:19.57
2025-01-17 14:54:25,669 INFO    : Snapshot:3	0	5	Epoch:27	Loss:1.914	MRR:19.6	Hits@10:34.59	Best:19.6
2025-01-17 14:54:37,704 INFO    : Snapshot:3	1	5	Epoch:28	Loss:1.914	MRR:19.44	Hits@10:34.47	Best:19.6
2025-01-17 14:54:48,206 INFO    : Snapshot:3	2	5	Epoch:29	Loss:1.898	MRR:19.49	Hits@10:34.65	Best:19.6
2025-01-17 14:54:58,937 INFO    : Snapshot:3	3	5	Epoch:30	Loss:1.881	MRR:19.36	Hits@10:34.54	Best:19.6
2025-01-17 14:55:09,754 INFO    : Snapshot:3	4	5	Epoch:31	Loss:1.885	MRR:19.52	Hits@10:34.75	Best:19.6
2025-01-17 14:55:20,191 INFO    : Early Stopping! Snapshot:3 Epoch: 32 Best Results: 19.6
2025-01-17 14:55:20,293 INFO    : => loading checkpoint './checkpoint/ENTITY\3model_best.tar'
2025-01-17 14:55:37,087 INFO    : 
+------------+--------+--------+--------+--------+---------+
| Snapshot:3 |  MRR   | Hits@1 | Hits@3 | Hits@5 | Hits@10 |
+------------+--------+--------+--------+--------+---------+
|     0      | 0.328  | 0.2128 | 0.3751 | 0.4467 |  0.5535 |
|     1      | 0.2265 | 0.138  | 0.2497 | 0.3106 |  0.4026 |
|     2      | 0.2077 | 0.1246 | 0.2348 | 0.2858 |  0.3643 |
|     3      | 0.1958 | 0.117  | 0.2181 | 0.2715 |  0.3475 |
+------------+--------+--------+--------+--------+---------+
2025-01-17 14:55:53,316 INFO    : Snapshot:4	0	5	Epoch:0	Loss:12.853	MRR:17.54	Hits@10:27.52	Best:17.54
2025-01-17 14:56:01,873 INFO    : Snapshot:4	0	5	Epoch:1	Loss:2.684	MRR:19.88	Hits@10:33.01	Best:19.88
2025-01-17 14:56:10,390 INFO    : Snapshot:4	0	5	Epoch:2	Loss:1.929	MRR:21.01	Hits@10:35.37	Best:21.01
2025-01-17 14:56:18,714 INFO    : Snapshot:4	0	5	Epoch:3	Loss:1.629	MRR:21.9	Hits@10:37.37	Best:21.9
2025-01-17 14:56:26,993 INFO    : Snapshot:4	0	5	Epoch:4	Loss:1.441	MRR:22.15	Hits@10:37.89	Best:22.15
2025-01-17 14:56:35,311 INFO    : Snapshot:4	0	5	Epoch:5	Loss:1.333	MRR:22.49	Hits@10:38.66	Best:22.49
2025-01-17 14:56:43,553 INFO    : Snapshot:4	0	5	Epoch:6	Loss:1.244	MRR:22.75	Hits@10:39.25	Best:22.75
2025-01-17 14:56:51,896 INFO    : Snapshot:4	0	5	Epoch:7	Loss:1.188	MRR:23.12	Hits@10:39.88	Best:23.12
2025-01-17 14:57:00,114 INFO    : Snapshot:4	0	5	Epoch:8	Loss:1.146	MRR:23.24	Hits@10:40.33	Best:23.24
2025-01-17 14:57:08,298 INFO    : Snapshot:4	0	5	Epoch:9	Loss:1.084	MRR:23.38	Hits@10:40.25	Best:23.38
2025-01-17 14:57:16,453 INFO    : Snapshot:4	0	5	Epoch:10	Loss:1.051	MRR:23.39	Hits@10:40.38	Best:23.39
2025-01-17 14:57:24,644 INFO    : Snapshot:4	1	5	Epoch:11	Loss:1.025	MRR:23.38	Hits@10:40.47	Best:23.39
2025-01-17 14:57:33,113 INFO    : Snapshot:4	0	5	Epoch:12	Loss:0.993	MRR:23.79	Hits@10:40.74	Best:23.79
2025-01-17 14:57:41,314 INFO    : Snapshot:4	0	5	Epoch:13	Loss:0.986	MRR:23.83	Hits@10:41.05	Best:23.83
2025-01-17 14:57:49,681 INFO    : Snapshot:4	1	5	Epoch:14	Loss:0.951	MRR:23.82	Hits@10:41.28	Best:23.83
2025-01-17 14:57:57,879 INFO    : Snapshot:4	2	5	Epoch:15	Loss:0.931	MRR:23.76	Hits@10:41.05	Best:23.83
2025-01-17 14:58:06,068 INFO    : Snapshot:4	0	5	Epoch:16	Loss:0.92	MRR:23.91	Hits@10:41.55	Best:23.91
2025-01-17 14:58:14,205 INFO    : Snapshot:4	1	5	Epoch:17	Loss:0.896	MRR:23.82	Hits@10:41.16	Best:23.91
2025-01-17 14:58:22,500 INFO    : Snapshot:4	0	5	Epoch:18	Loss:0.895	MRR:24.01	Hits@10:41.4	Best:24.01
2025-01-17 14:58:30,673 INFO    : Snapshot:4	1	5	Epoch:19	Loss:0.881	MRR:23.95	Hits@10:41.04	Best:24.01
2025-01-17 14:58:38,786 INFO    : Snapshot:4	2	5	Epoch:20	Loss:0.881	MRR:23.72	Hits@10:41.21	Best:24.01
2025-01-17 14:58:47,216 INFO    : Snapshot:4	3	5	Epoch:21	Loss:0.86	MRR:24.01	Hits@10:41.76	Best:24.01
2025-01-17 14:58:55,707 INFO    : Snapshot:4	4	5	Epoch:22	Loss:0.846	MRR:23.93	Hits@10:41.68	Best:24.01
2025-01-17 14:59:04,068 INFO    : Early Stopping! Snapshot:4 Epoch: 23 Best Results: 24.01
2025-01-17 14:59:04,172 INFO    : => loading checkpoint './checkpoint/ENTITY\4model_best.tar'
2025-01-17 14:59:26,470 INFO    : 
+------------+--------+--------+--------+--------+---------+
| Snapshot:4 |  MRR   | Hits@1 | Hits@3 | Hits@5 | Hits@10 |
+------------+--------+--------+--------+--------+---------+
|     0      | 0.328  | 0.2128 | 0.3751 | 0.4467 |  0.5535 |
|     1      | 0.2265 | 0.138  | 0.2497 | 0.3106 |  0.4026 |
|     2      | 0.2077 | 0.1246 | 0.2348 | 0.2858 |  0.3643 |
|     3      | 0.1958 | 0.117  | 0.2181 | 0.2715 |  0.3475 |
|     4      | 0.2404 | 0.1466 | 0.2784 | 0.3375 |  0.4199 |
+------------+--------+--------+--------+--------+---------+
2025-01-17 14:59:26,470 INFO    : Final Result:
[+------------+-------+--------+--------+--------+---------+
| Snapshot:0 |  MRR  | Hits@1 | Hits@3 | Hits@5 | Hits@10 |
+------------+-------+--------+--------+--------+---------+
|     0      | 0.328 | 0.2128 | 0.3751 | 0.4467 |  0.5535 |
+------------+-------+--------+--------+--------+---------+, +------------+--------+--------+--------+--------+---------+
| Snapshot:1 |  MRR   | Hits@1 | Hits@3 | Hits@5 | Hits@10 |
+------------+--------+--------+--------+--------+---------+
|     0      | 0.328  | 0.2128 | 0.3751 | 0.4467 |  0.5535 |
|     1      | 0.2265 | 0.138  | 0.2497 | 0.3106 |  0.4026 |
+------------+--------+--------+--------+--------+---------+, +------------+--------+--------+--------+--------+---------+
| Snapshot:2 |  MRR   | Hits@1 | Hits@3 | Hits@5 | Hits@10 |
+------------+--------+--------+--------+--------+---------+
|     0      | 0.328  | 0.2128 | 0.3751 | 0.4467 |  0.5535 |
|     1      | 0.2265 | 0.138  | 0.2497 | 0.3106 |  0.4026 |
|     2      | 0.2077 | 0.1246 | 0.2348 | 0.2858 |  0.3643 |
+------------+--------+--------+--------+--------+---------+, +------------+--------+--------+--------+--------+---------+
| Snapshot:3 |  MRR   | Hits@1 | Hits@3 | Hits@5 | Hits@10 |
+------------+--------+--------+--------+--------+---------+
|     0      | 0.328  | 0.2128 | 0.3751 | 0.4467 |  0.5535 |
|     1      | 0.2265 | 0.138  | 0.2497 | 0.3106 |  0.4026 |
|     2      | 0.2077 | 0.1246 | 0.2348 | 0.2858 |  0.3643 |
|     3      | 0.1958 | 0.117  | 0.2181 | 0.2715 |  0.3475 |
+------------+--------+--------+--------+--------+---------+, +------------+--------+--------+--------+--------+---------+
| Snapshot:4 |  MRR   | Hits@1 | Hits@3 | Hits@5 | Hits@10 |
+------------+--------+--------+--------+--------+---------+
|     0      | 0.328  | 0.2128 | 0.3751 | 0.4467 |  0.5535 |
|     1      | 0.2265 | 0.138  | 0.2497 | 0.3106 |  0.4026 |
|     2      | 0.2077 | 0.1246 | 0.2348 | 0.2858 |  0.3643 |
|     3      | 0.1958 | 0.117  | 0.2181 | 0.2715 |  0.3475 |
|     4      | 0.2404 | 0.1466 | 0.2784 | 0.3375 |  0.4199 |
+------------+--------+--------+--------+--------+---------+]
2025-01-17 14:59:26,470 INFO    : Report Result:
+----------+--------------------+-----------+--------------+--------------+---------------+
| Snapshot |        Time        | Whole_MRR | Whole_Hits@1 | Whole_Hits@3 | Whole_Hits@10 |
+----------+--------------------+-----------+--------------+--------------+---------------+
|    0     | 30.648905992507935 |   0.328   |    0.213     |    0.375     |     0.553     |
|    1     | 286.8988425731659  |   0.266   |    0.167     |    0.299     |     0.462     |
|    2     | 464.4042582511902  |   0.244   |    0.151     |    0.274     |     0.424     |
|    3     | 374.97489643096924 |   0.231   |    0.142     |    0.259     |     0.404     |
|    4     | 201.67176127433777 |   0.232   |    0.143     |    0.262     |     0.406     |
+----------+--------------------+-----------+--------------+--------------+---------------+
2025-01-17 14:59:26,470 INFO    : Sum_Training_Time:1358.598664522171
2025-01-17 14:59:26,470 INFO    : Every_Training_Time:[30.648905992507935, 286.8988425731659, 464.4042582511902, 374.97489643096924, 201.67176127433777]
2025-01-17 14:59:26,470 INFO    : Forward transfer: 0.040325 Backward transfer: 0.0
