2024-10-04 13:10:44,893 INFO    : Namespace(batch_size='1024', data_path='./data/WN_CKGE/', dataset='WN_CKGE', debug=False, device=device(type='cuda', index=0), emb_dim=200, ent_r='150', epoch_num=200, explore=False, gpu='0', l2=0.0, learning_rate='3e-1', log_path='./logs/WN_CKGE 150 2 3e-1 1024/WN_CKGE 20241004131040', logger=<RootLogger root (INFO)>, margin=8.0, model_name='LoraKGE_Layers', multi_layers_path='train_sorted_by_edges_betweenness.txt', neg_ratio=10, note='', num_ent_layers='2', num_layer=1, num_rel_layers='1', patience=3, predict_result='True', r=100, r_fixed=True, random_seed=3407, record=False, rel_r='20', save_path='./checkpoint/WN_CKGE', skip_previous='False', snapshot_num=5, train_new=True, using_multi_layers=False, using_various_ranks='True', using_various_ranks_reverse=False, valid_metrics='mrr')
2024-10-04 13:10:56,873 INFO    : Snapshot:0	0	3	Epoch:0	Loss:45.017	MRR:0.65	Hits@10:1.58	Best:0.65
2024-10-04 13:11:08,504 INFO    : Snapshot:0	0	3	Epoch:1	Loss:32.268	MRR:1.05	Hits@10:2.63	Best:1.05
2024-10-04 13:11:20,576 INFO    : Snapshot:0	0	3	Epoch:2	Loss:21.21	MRR:5.08	Hits@10:12.95	Best:5.08
2024-10-04 13:11:32,886 INFO    : Snapshot:0	0	3	Epoch:3	Loss:13.825	MRR:9.75	Hits@10:23.04	Best:9.75
2024-10-04 13:11:44,948 INFO    : Snapshot:0	0	3	Epoch:4	Loss:9.683	MRR:12.0	Hits@10:27.35	Best:12.0
2024-10-04 13:11:56,737 INFO    : Snapshot:0	0	3	Epoch:5	Loss:7.319	MRR:13.08	Hits@10:29.41	Best:13.08
2024-10-04 13:12:08,348 INFO    : Snapshot:0	0	3	Epoch:6	Loss:5.8	MRR:13.66	Hits@10:30.48	Best:13.66
2024-10-04 13:12:20,065 INFO    : Snapshot:0	0	3	Epoch:7	Loss:4.72	MRR:14.11	Hits@10:31.25	Best:14.11
2024-10-04 13:12:31,563 INFO    : Snapshot:0	0	3	Epoch:8	Loss:3.895	MRR:14.43	Hits@10:31.91	Best:14.43
2024-10-04 13:12:43,291 INFO    : Snapshot:0	0	3	Epoch:9	Loss:3.269	MRR:14.7	Hits@10:32.3	Best:14.7
2024-10-04 13:12:55,024 INFO    : Snapshot:0	0	3	Epoch:10	Loss:2.738	MRR:14.94	Hits@10:32.63	Best:14.94
2024-10-04 13:13:07,136 INFO    : Snapshot:0	0	3	Epoch:11	Loss:2.308	MRR:15.18	Hits@10:33.15	Best:15.18
2024-10-04 13:13:18,999 INFO    : Snapshot:0	0	3	Epoch:12	Loss:1.972	MRR:15.3	Hits@10:33.5	Best:15.3
2024-10-04 13:13:30,659 INFO    : Snapshot:0	0	3	Epoch:13	Loss:1.656	MRR:15.56	Hits@10:33.92	Best:15.56
2024-10-04 13:13:42,156 INFO    : Snapshot:0	0	3	Epoch:14	Loss:1.416	MRR:15.74	Hits@10:34.26	Best:15.74
2024-10-04 13:13:53,463 INFO    : Snapshot:0	0	3	Epoch:15	Loss:1.199	MRR:15.86	Hits@10:34.58	Best:15.86
2024-10-04 13:14:04,776 INFO    : Snapshot:0	0	3	Epoch:16	Loss:1.025	MRR:16.05	Hits@10:35.02	Best:16.05
2024-10-04 13:14:16,221 INFO    : Snapshot:0	0	3	Epoch:17	Loss:0.882	MRR:16.19	Hits@10:35.33	Best:16.19
2024-10-04 13:14:27,569 INFO    : Snapshot:0	0	3	Epoch:18	Loss:0.758	MRR:16.27	Hits@10:35.47	Best:16.27
2024-10-04 13:14:39,007 INFO    : Snapshot:0	0	3	Epoch:19	Loss:0.658	MRR:16.4	Hits@10:35.84	Best:16.4
2024-10-04 13:14:50,453 INFO    : Snapshot:0	0	3	Epoch:20	Loss:0.558	MRR:16.54	Hits@10:36.09	Best:16.54
2024-10-04 13:15:01,959 INFO    : Snapshot:0	0	3	Epoch:21	Loss:0.479	MRR:16.69	Hits@10:36.51	Best:16.69
2024-10-04 13:15:13,561 INFO    : Snapshot:0	0	3	Epoch:22	Loss:0.411	MRR:16.81	Hits@10:36.77	Best:16.81
2024-10-04 13:15:25,024 INFO    : Snapshot:0	0	3	Epoch:23	Loss:0.334	MRR:16.85	Hits@10:37.03	Best:16.85
2024-10-04 13:15:36,535 INFO    : Snapshot:0	0	3	Epoch:24	Loss:0.292	MRR:16.89	Hits@10:37.28	Best:16.89
2024-10-04 13:15:48,244 INFO    : Snapshot:0	0	3	Epoch:25	Loss:0.258	MRR:16.99	Hits@10:37.5	Best:16.99
2024-10-04 13:15:59,799 INFO    : Snapshot:0	1	3	Epoch:26	Loss:0.223	MRR:16.98	Hits@10:37.89	Best:16.99
2024-10-04 13:16:11,383 INFO    : Snapshot:0	2	3	Epoch:27	Loss:0.202	MRR:16.98	Hits@10:37.93	Best:16.99
2024-10-04 13:16:22,921 INFO    : Early Stopping! Snapshot:0 Epoch: 28 Best Results: 16.99
2024-10-04 13:16:22,965 INFO    : => loading checkpoint './checkpoint/WN_CKGE\0model_best.tar'
2024-10-04 13:16:35,201 INFO    : 
+------------+-------+--------+--------+--------+---------+
| Snapshot:0 |  MRR  | Hits@1 | Hits@3 | Hits@5 | Hits@10 |
+------------+-------+--------+--------+--------+---------+
|     0      | 0.171 | 0.0146 | 0.3097 | 0.343  |  0.3773 |
+------------+-------+--------+--------+--------+---------+
2024-10-04 13:16:54,004 INFO    : Snapshot:1	0	3	Epoch:0	Loss:5.939	MRR:4.57	Hits@10:12.2	Best:4.57
2024-10-04 13:17:02,652 INFO    : Snapshot:1	0	3	Epoch:1	Loss:2.608	MRR:8.74	Hits@10:21.37	Best:8.74
2024-10-04 13:17:11,253 INFO    : Snapshot:1	0	3	Epoch:2	Loss:1.386	MRR:10.99	Hits@10:25.4	Best:10.99
2024-10-04 13:17:19,979 INFO    : Snapshot:1	0	3	Epoch:3	Loss:0.881	MRR:12.25	Hits@10:27.5	Best:12.25
2024-10-04 13:17:28,643 INFO    : Snapshot:1	0	3	Epoch:4	Loss:0.645	MRR:12.73	Hits@10:28.74	Best:12.73
2024-10-04 13:17:37,306 INFO    : Snapshot:1	0	3	Epoch:5	Loss:0.514	MRR:13.36	Hits@10:29.38	Best:13.36
2024-10-04 13:17:45,899 INFO    : Snapshot:1	0	3	Epoch:6	Loss:0.448	MRR:13.66	Hits@10:30.22	Best:13.66
2024-10-04 13:17:54,470 INFO    : Snapshot:1	0	3	Epoch:7	Loss:0.397	MRR:13.75	Hits@10:30.27	Best:13.75
2024-10-04 13:18:03,104 INFO    : Snapshot:1	0	3	Epoch:8	Loss:0.359	MRR:13.84	Hits@10:30.51	Best:13.84
2024-10-04 13:18:11,714 INFO    : Snapshot:1	0	3	Epoch:9	Loss:0.338	MRR:13.98	Hits@10:30.59	Best:13.98
2024-10-04 13:18:20,350 INFO    : Snapshot:1	0	3	Epoch:10	Loss:0.318	MRR:14.15	Hits@10:31.1	Best:14.15
2024-10-04 13:18:29,003 INFO    : Snapshot:1	1	3	Epoch:11	Loss:0.304	MRR:14.12	Hits@10:31.13	Best:14.15
2024-10-04 13:18:37,623 INFO    : Snapshot:1	2	3	Epoch:12	Loss:0.291	MRR:14.06	Hits@10:31.13	Best:14.15
2024-10-04 13:18:46,230 INFO    : Snapshot:1	0	3	Epoch:13	Loss:0.283	MRR:14.16	Hits@10:31.4	Best:14.16
2024-10-04 13:18:54,785 INFO    : Snapshot:1	1	3	Epoch:14	Loss:0.267	MRR:14.15	Hits@10:31.69	Best:14.16
2024-10-04 13:19:03,402 INFO    : Snapshot:1	2	3	Epoch:15	Loss:0.269	MRR:14.12	Hits@10:31.42	Best:14.16
2024-10-04 13:19:11,954 INFO    : Snapshot:1	0	3	Epoch:16	Loss:0.265	MRR:14.19	Hits@10:31.45	Best:14.19
2024-10-04 13:19:20,478 INFO    : Snapshot:1	1	3	Epoch:17	Loss:0.257	MRR:14.12	Hits@10:31.4	Best:14.19
2024-10-04 13:19:29,057 INFO    : Snapshot:1	2	3	Epoch:18	Loss:0.256	MRR:14.16	Hits@10:31.26	Best:14.19
2024-10-04 13:19:37,586 INFO    : Early Stopping! Snapshot:1 Epoch: 19 Best Results: 14.19
2024-10-04 13:19:37,624 INFO    : => loading checkpoint './checkpoint/WN_CKGE\1model_best.tar'
2024-10-04 13:19:58,124 INFO    : 
+------------+--------+--------+--------+--------+---------+
| Snapshot:1 |  MRR   | Hits@1 | Hits@3 | Hits@5 | Hits@10 |
+------------+--------+--------+--------+--------+---------+
|     0      | 0.171  | 0.0146 | 0.3097 | 0.343  |  0.3773 |
|     1      | 0.1453 | 0.0188 | 0.2508 | 0.286  |  0.3234 |
+------------+--------+--------+--------+--------+---------+
2024-10-04 13:20:31,474 INFO    : Snapshot:2	0	3	Epoch:0	Loss:5.888	MRR:4.27	Hits@10:11.8	Best:4.27
2024-10-04 13:20:47,419 INFO    : Snapshot:2	0	3	Epoch:1	Loss:2.526	MRR:8.5	Hits@10:20.62	Best:8.5
2024-10-04 13:21:03,385 INFO    : Snapshot:2	0	3	Epoch:2	Loss:1.307	MRR:10.57	Hits@10:23.84	Best:10.57
2024-10-04 13:21:19,340 INFO    : Snapshot:2	0	3	Epoch:3	Loss:0.808	MRR:11.7	Hits@10:26.1	Best:11.7
2024-10-04 13:21:35,316 INFO    : Snapshot:2	0	3	Epoch:4	Loss:0.598	MRR:12.1	Hits@10:27.04	Best:12.1
2024-10-04 13:21:51,305 INFO    : Snapshot:2	0	3	Epoch:5	Loss:0.472	MRR:12.21	Hits@10:27.37	Best:12.21
2024-10-04 13:22:07,275 INFO    : Snapshot:2	0	3	Epoch:6	Loss:0.403	MRR:12.59	Hits@10:27.53	Best:12.59
2024-10-04 13:22:23,258 INFO    : Snapshot:2	0	3	Epoch:7	Loss:0.358	MRR:12.85	Hits@10:27.8	Best:12.85
2024-10-04 13:22:39,218 INFO    : Snapshot:2	0	3	Epoch:8	Loss:0.327	MRR:12.94	Hits@10:28.25	Best:12.94
2024-10-04 13:22:55,232 INFO    : Snapshot:2	0	3	Epoch:9	Loss:0.307	MRR:13.15	Hits@10:28.01	Best:13.15
2024-10-04 13:23:11,245 INFO    : Snapshot:2	0	3	Epoch:10	Loss:0.288	MRR:13.17	Hits@10:28.36	Best:13.17
2024-10-04 13:23:27,251 INFO    : Snapshot:2	0	3	Epoch:11	Loss:0.276	MRR:13.22	Hits@10:28.31	Best:13.22
2024-10-04 13:23:43,336 INFO    : Snapshot:2	0	3	Epoch:12	Loss:0.268	MRR:13.27	Hits@10:28.36	Best:13.27
2024-10-04 13:23:59,313 INFO    : Snapshot:2	0	3	Epoch:13	Loss:0.252	MRR:13.32	Hits@10:28.47	Best:13.32
2024-10-04 13:24:15,287 INFO    : Snapshot:2	0	3	Epoch:14	Loss:0.246	MRR:13.36	Hits@10:28.49	Best:13.36
2024-10-04 13:24:31,269 INFO    : Snapshot:2	0	3	Epoch:15	Loss:0.246	MRR:13.55	Hits@10:28.63	Best:13.55
2024-10-04 13:24:47,213 INFO    : Snapshot:2	0	3	Epoch:16	Loss:0.231	MRR:13.63	Hits@10:28.68	Best:13.63
2024-10-04 13:25:03,048 INFO    : Snapshot:2	0	3	Epoch:17	Loss:0.235	MRR:13.69	Hits@10:28.63	Best:13.69
2024-10-04 13:25:18,853 INFO    : Snapshot:2	1	3	Epoch:18	Loss:0.224	MRR:13.63	Hits@10:28.66	Best:13.69
2024-10-04 13:25:34,667 INFO    : Snapshot:2	2	3	Epoch:19	Loss:0.216	MRR:13.57	Hits@10:28.79	Best:13.69
2024-10-04 13:25:50,580 INFO    : Early Stopping! Snapshot:2 Epoch: 20 Best Results: 13.69
2024-10-04 13:25:50,627 INFO    : => loading checkpoint './checkpoint/WN_CKGE\2model_best.tar'
2024-10-04 13:26:27,336 INFO    : 
+------------+--------+--------+--------+--------+---------+
| Snapshot:2 |  MRR   | Hits@1 | Hits@3 | Hits@5 | Hits@10 |
+------------+--------+--------+--------+--------+---------+
|     0      | 0.171  | 0.0146 | 0.3097 | 0.343  |  0.3773 |
|     1      | 0.1453 | 0.0188 | 0.2508 | 0.286  |  0.3234 |
|     2      | 0.1426 | 0.022  | 0.2433 | 0.2739 |  0.3083 |
+------------+--------+--------+--------+--------+---------+
2024-10-04 13:27:05,435 INFO    : Snapshot:3	0	3	Epoch:0	Loss:5.887	MRR:3.56	Hits@10:9.41	Best:3.56
2024-10-04 13:27:23,332 INFO    : Snapshot:3	0	3	Epoch:1	Loss:2.461	MRR:7.86	Hits@10:18.79	Best:7.86
2024-10-04 13:27:41,222 INFO    : Snapshot:3	0	3	Epoch:2	Loss:1.25	MRR:10.1	Hits@10:22.34	Best:10.1
2024-10-04 13:27:59,164 INFO    : Snapshot:3	0	3	Epoch:3	Loss:0.781	MRR:11.16	Hits@10:24.35	Best:11.16
2024-10-04 13:28:17,156 INFO    : Snapshot:3	0	3	Epoch:4	Loss:0.581	MRR:11.67	Hits@10:25.27	Best:11.67
2024-10-04 13:28:35,220 INFO    : Snapshot:3	0	3	Epoch:5	Loss:0.465	MRR:12.14	Hits@10:25.78	Best:12.14
2024-10-04 13:28:53,248 INFO    : Snapshot:3	0	3	Epoch:6	Loss:0.397	MRR:12.34	Hits@10:25.7	Best:12.34
2024-10-04 13:29:11,534 INFO    : Snapshot:3	1	3	Epoch:7	Loss:0.352	MRR:12.28	Hits@10:26.16	Best:12.34
2024-10-04 13:29:29,742 INFO    : Snapshot:3	0	3	Epoch:8	Loss:0.325	MRR:12.42	Hits@10:26.45	Best:12.42
2024-10-04 13:29:47,851 INFO    : Snapshot:3	0	3	Epoch:9	Loss:0.309	MRR:12.56	Hits@10:26.42	Best:12.56
2024-10-04 13:30:05,872 INFO    : Snapshot:3	1	3	Epoch:10	Loss:0.298	MRR:12.56	Hits@10:26.29	Best:12.56
2024-10-04 13:30:23,921 INFO    : Snapshot:3	0	3	Epoch:11	Loss:0.276	MRR:12.65	Hits@10:26.48	Best:12.65
2024-10-04 13:30:41,915 INFO    : Snapshot:3	1	3	Epoch:12	Loss:0.271	MRR:12.62	Hits@10:26.21	Best:12.65
2024-10-04 13:30:59,909 INFO    : Snapshot:3	0	3	Epoch:13	Loss:0.26	MRR:12.83	Hits@10:26.53	Best:12.83
2024-10-04 13:31:17,934 INFO    : Snapshot:3	0	3	Epoch:14	Loss:0.25	MRR:13.02	Hits@10:26.67	Best:13.02
2024-10-04 13:31:35,930 INFO    : Snapshot:3	1	3	Epoch:15	Loss:0.247	MRR:12.98	Hits@10:26.67	Best:13.02
2024-10-04 13:31:53,894 INFO    : Snapshot:3	2	3	Epoch:16	Loss:0.244	MRR:12.9	Hits@10:26.85	Best:13.02
2024-10-04 13:32:11,860 INFO    : Early Stopping! Snapshot:3 Epoch: 17 Best Results: 13.02
2024-10-04 13:32:11,910 INFO    : => loading checkpoint './checkpoint/WN_CKGE\3model_best.tar'
2024-10-04 13:33:07,191 INFO    : 
+------------+--------+--------+--------+--------+---------+
| Snapshot:3 |  MRR   | Hits@1 | Hits@3 | Hits@5 | Hits@10 |
+------------+--------+--------+--------+--------+---------+
|     0      | 0.171  | 0.0146 | 0.3097 | 0.343  |  0.3773 |
|     1      | 0.1453 | 0.0188 | 0.2508 | 0.286  |  0.3234 |
|     2      | 0.1426 | 0.022  | 0.2433 | 0.2739 |  0.3083 |
|     3      | 0.1332 | 0.021  | 0.2282 | 0.257  |  0.2836 |
+------------+--------+--------+--------+--------+---------+
2024-10-04 13:33:16,863 INFO    : Snapshot:4	0	3	Epoch:0	Loss:5.755	MRR:9.86	Hits@10:21.67	Best:9.86
2024-10-04 13:33:19,919 INFO    : Snapshot:4	0	3	Epoch:1	Loss:2.339	MRR:11.37	Hits@10:25.11	Best:11.37
2024-10-04 13:33:22,985 INFO    : Snapshot:4	0	3	Epoch:2	Loss:1.155	MRR:12.31	Hits@10:26.53	Best:12.31
2024-10-04 13:33:26,091 INFO    : Snapshot:4	0	3	Epoch:3	Loss:0.721	MRR:12.72	Hits@10:27.04	Best:12.72
2024-10-04 13:33:29,191 INFO    : Snapshot:4	0	3	Epoch:4	Loss:0.53	MRR:13.04	Hits@10:27.63	Best:13.04
2024-10-04 13:33:32,281 INFO    : Snapshot:4	0	3	Epoch:5	Loss:0.434	MRR:13.23	Hits@10:27.9	Best:13.23
2024-10-04 13:33:35,380 INFO    : Snapshot:4	0	3	Epoch:6	Loss:0.368	MRR:13.44	Hits@10:28.09	Best:13.44
2024-10-04 13:33:38,483 INFO    : Snapshot:4	1	3	Epoch:7	Loss:0.332	MRR:13.42	Hits@10:28.04	Best:13.44
2024-10-04 13:33:41,690 INFO    : Snapshot:4	0	3	Epoch:8	Loss:0.307	MRR:13.5	Hits@10:28.15	Best:13.5
2024-10-04 13:33:45,042 INFO    : Snapshot:4	1	3	Epoch:9	Loss:0.291	MRR:13.42	Hits@10:28.28	Best:13.5
2024-10-04 13:33:48,281 INFO    : Snapshot:4	0	3	Epoch:10	Loss:0.271	MRR:13.57	Hits@10:28.28	Best:13.57
2024-10-04 13:33:51,515 INFO    : Snapshot:4	1	3	Epoch:11	Loss:0.26	MRR:13.48	Hits@10:28.28	Best:13.57
2024-10-04 13:33:54,719 INFO    : Snapshot:4	2	3	Epoch:12	Loss:0.248	MRR:13.51	Hits@10:28.39	Best:13.57
2024-10-04 13:33:57,921 INFO    : Early Stopping! Snapshot:4 Epoch: 13 Best Results: 13.57
2024-10-04 13:33:57,959 INFO    : => loading checkpoint './checkpoint/WN_CKGE\4model_best.tar'
2024-10-04 13:34:22,876 INFO    : 
+------------+--------+--------+--------+--------+---------+
| Snapshot:4 |  MRR   | Hits@1 | Hits@3 | Hits@5 | Hits@10 |
+------------+--------+--------+--------+--------+---------+
|     0      | 0.171  | 0.0146 | 0.3097 | 0.343  |  0.3773 |
|     1      | 0.1453 | 0.0188 | 0.2508 | 0.286  |  0.3234 |
|     2      | 0.1426 | 0.022  | 0.2433 | 0.2739 |  0.3083 |
|     3      | 0.1332 | 0.021  | 0.2282 | 0.257  |  0.2836 |
|     4      | 0.1428 | 0.0167 | 0.2571 | 0.2754 |  0.2985 |
+------------+--------+--------+--------+--------+---------+
2024-10-04 13:34:22,878 INFO    : Final Result:
[+------------+-------+--------+--------+--------+---------+
| Snapshot:0 |  MRR  | Hits@1 | Hits@3 | Hits@5 | Hits@10 |
+------------+-------+--------+--------+--------+---------+
|     0      | 0.171 | 0.0146 | 0.3097 | 0.343  |  0.3773 |
+------------+-------+--------+--------+--------+---------+, +------------+--------+--------+--------+--------+---------+
| Snapshot:1 |  MRR   | Hits@1 | Hits@3 | Hits@5 | Hits@10 |
+------------+--------+--------+--------+--------+---------+
|     0      | 0.171  | 0.0146 | 0.3097 | 0.343  |  0.3773 |
|     1      | 0.1453 | 0.0188 | 0.2508 | 0.286  |  0.3234 |
+------------+--------+--------+--------+--------+---------+, +------------+--------+--------+--------+--------+---------+
| Snapshot:2 |  MRR   | Hits@1 | Hits@3 | Hits@5 | Hits@10 |
+------------+--------+--------+--------+--------+---------+
|     0      | 0.171  | 0.0146 | 0.3097 | 0.343  |  0.3773 |
|     1      | 0.1453 | 0.0188 | 0.2508 | 0.286  |  0.3234 |
|     2      | 0.1426 | 0.022  | 0.2433 | 0.2739 |  0.3083 |
+------------+--------+--------+--------+--------+---------+, +------------+--------+--------+--------+--------+---------+
| Snapshot:3 |  MRR   | Hits@1 | Hits@3 | Hits@5 | Hits@10 |
+------------+--------+--------+--------+--------+---------+
|     0      | 0.171  | 0.0146 | 0.3097 | 0.343  |  0.3773 |
|     1      | 0.1453 | 0.0188 | 0.2508 | 0.286  |  0.3234 |
|     2      | 0.1426 | 0.022  | 0.2433 | 0.2739 |  0.3083 |
|     3      | 0.1332 | 0.021  | 0.2282 | 0.257  |  0.2836 |
+------------+--------+--------+--------+--------+---------+, +------------+--------+--------+--------+--------+---------+
| Snapshot:4 |  MRR   | Hits@1 | Hits@3 | Hits@5 | Hits@10 |
+------------+--------+--------+--------+--------+---------+
|     0      | 0.171  | 0.0146 | 0.3097 | 0.343  |  0.3773 |
|     1      | 0.1453 | 0.0188 | 0.2508 | 0.286  |  0.3234 |
|     2      | 0.1426 | 0.022  | 0.2433 | 0.2739 |  0.3083 |
|     3      | 0.1332 | 0.021  | 0.2282 | 0.257  |  0.2836 |
|     4      | 0.1428 | 0.0167 | 0.2571 | 0.2754 |  0.2985 |
+------------+--------+--------+--------+--------+---------+]
2024-10-04 13:34:22,879 INFO    : Report Result:
+----------+--------------------+-----------+--------------+--------------+---------------+
| Snapshot |        Time        | Whole_MRR | Whole_Hits@1 | Whole_Hits@3 | Whole_Hits@10 |
+----------+--------------------+-----------+--------------+--------------+---------------+
|    0     | 338.02749395370483 |   0.171   |    0.015     |     0.31     |     0.377     |
|    1     | 172.88405680656433 |   0.167   |    0.015     |    0.301     |      0.37     |
|    2     | 335.55471873283386 |   0.164   |    0.016     |    0.294     |     0.362     |
|    3     | 325.0358111858368  |   0.161   |    0.017     |    0.287     |     0.353     |
|    4     | 44.79045009613037  |   0.159   |    0.017     |    0.284     |     0.348     |
+----------+--------------------+-----------+--------------+--------------+---------------+
2024-10-04 13:34:22,879 INFO    : Sum_Training_Time:1216.2925307750702
2024-10-04 13:34:22,879 INFO    : Every_Training_Time:[338.02749395370483, 172.88405680656433, 335.55471873283386, 325.0358111858368, 44.79045009613037]
2024-10-04 13:34:22,879 INFO    : Forward transfer: 0.06085 Backward transfer: 0.0
