2024-09-19 11:26:06,155 INFO    : Namespace(batch_size='512', data_path='./data/HYBRID/', dataset='HYBRID', debug=False, device=device(type='cuda', index=0), emb_dim=200, ent_r='150', epoch_num=200, explore=False, gpu='0', l2=0.0, learning_rate='2e-1', log_path='./logs/20240919112558/HYBRID', logger=<RootLogger root (INFO)>, margin=8.0, model_name='LoraKGE_Layers', multi_layers_path='train_sorted_by_edges_betweenness.txt', neg_ratio=10, note='', num_ent_layers='2', num_layer=1, num_rel_layers='1', patience=3, predict_result=False, r=100, r_fixed=True, random_seed=3407, record=False, rel_r='20', save_path='./checkpoint/HYBRID', skip_previous='False', snapshot_num=5, train_new=True, using_multi_layers=False, using_various_ranks='True', using_various_ranks_reverse=False, valid_metrics='mrr')
2024-09-19 11:26:13,929 INFO    : Snapshot:0	0	3	Epoch:0	Loss:75.364	MRR:14.46	Hits@10:28.35	Best:14.46
2024-09-19 11:26:19,197 INFO    : Snapshot:0	0	3	Epoch:1	Loss:37.49	MRR:22.35	Hits@10:39.99	Best:22.35
2024-09-19 11:26:24,597 INFO    : Snapshot:0	0	3	Epoch:2	Loss:17.512	MRR:24.62	Hits@10:43.67	Best:24.62
2024-09-19 11:26:29,998 INFO    : Snapshot:0	0	3	Epoch:3	Loss:9.35	MRR:25.2	Hits@10:44.45	Best:25.2
2024-09-19 11:26:35,535 INFO    : Snapshot:0	1	3	Epoch:4	Loss:5.752	MRR:25.17	Hits@10:44.52	Best:25.2
2024-09-19 11:26:41,229 INFO    : Snapshot:0	2	3	Epoch:5	Loss:4.028	MRR:24.94	Hits@10:44.55	Best:25.2
2024-09-19 11:26:46,637 INFO    : Early Stopping! Snapshot:0 Epoch: 6 Best Results: 25.2
2024-09-19 11:26:46,728 INFO    : => loading checkpoint './checkpoint/HYBRID\0model_best.tar'
2024-09-19 11:26:49,966 INFO    : 
+------------+--------+--------+--------+--------+---------+
| Snapshot:0 |  MRR   | Hits@1 | Hits@3 | Hits@5 | Hits@10 |
+------------+--------+--------+--------+--------+---------+
|     0      | 0.2543 | 0.154  | 0.3053 | 0.365  |  0.4371 |
+------------+--------+--------+--------+--------+---------+
2024-09-19 11:26:56,530 INFO    : Snapshot:1	0	3	Epoch:0	Loss:12.264	MRR:22.0	Hits@10:39.57	Best:22.0
2024-09-19 11:26:58,965 INFO    : Snapshot:1	0	3	Epoch:1	Loss:6.809	MRR:24.12	Hits@10:43.33	Best:24.12
2024-09-19 11:27:01,202 INFO    : Snapshot:1	0	3	Epoch:2	Loss:5.939	MRR:25.44	Hits@10:44.99	Best:25.44
2024-09-19 11:27:03,449 INFO    : Snapshot:1	0	3	Epoch:3	Loss:5.549	MRR:25.88	Hits@10:45.7	Best:25.88
2024-09-19 11:27:05,665 INFO    : Snapshot:1	0	3	Epoch:4	Loss:5.316	MRR:26.35	Hits@10:45.87	Best:26.35
2024-09-19 11:27:07,855 INFO    : Snapshot:1	1	3	Epoch:5	Loss:5.172	MRR:26.23	Hits@10:46.04	Best:26.35
2024-09-19 11:27:10,082 INFO    : Snapshot:1	2	3	Epoch:6	Loss:5.081	MRR:26.05	Hits@10:46.17	Best:26.35
2024-09-19 11:27:12,298 INFO    : Snapshot:1	0	3	Epoch:7	Loss:4.981	MRR:26.98	Hits@10:46.95	Best:26.98
2024-09-19 11:27:14,530 INFO    : Snapshot:1	1	3	Epoch:8	Loss:4.904	MRR:26.54	Hits@10:46.91	Best:26.98
2024-09-19 11:27:16,763 INFO    : Snapshot:1	2	3	Epoch:9	Loss:4.86	MRR:26.48	Hits@10:46.84	Best:26.98
2024-09-19 11:27:18,979 INFO    : Snapshot:1	0	3	Epoch:10	Loss:4.819	MRR:27.13	Hits@10:46.87	Best:27.13
2024-09-19 11:27:21,171 INFO    : Snapshot:1	1	3	Epoch:11	Loss:4.795	MRR:26.95	Hits@10:47.05	Best:27.13
2024-09-19 11:27:23,436 INFO    : Snapshot:1	0	3	Epoch:12	Loss:4.771	MRR:27.53	Hits@10:47.05	Best:27.53
2024-09-19 11:27:25,679 INFO    : Snapshot:1	1	3	Epoch:13	Loss:4.706	MRR:27.27	Hits@10:46.78	Best:27.53
2024-09-19 11:27:27,910 INFO    : Snapshot:1	2	3	Epoch:14	Loss:4.707	MRR:27.08	Hits@10:46.99	Best:27.53
2024-09-19 11:27:30,140 INFO    : Early Stopping! Snapshot:1 Epoch: 15 Best Results: 27.53
2024-09-19 11:27:30,227 INFO    : => loading checkpoint './checkpoint/HYBRID\1model_best.tar'
2024-09-19 11:27:35,022 INFO    : 
+------------+--------+--------+--------+--------+---------+
| Snapshot:1 |  MRR   | Hits@1 | Hits@3 | Hits@5 | Hits@10 |
+------------+--------+--------+--------+--------+---------+
|     0      | 0.2543 | 0.154  | 0.3053 | 0.365  |  0.4371 |
|     1      | 0.267  | 0.1666 | 0.3128 | 0.3776 |   0.46  |
+------------+--------+--------+--------+--------+---------+
2024-09-19 11:27:57,350 INFO    : Snapshot:2	0	3	Epoch:0	Loss:44.725	MRR:14.7	Hits@10:27.76	Best:14.7
2024-09-19 11:28:09,574 INFO    : Snapshot:2	0	3	Epoch:1	Loss:32.209	MRR:16.08	Hits@10:29.57	Best:16.08
2024-09-19 11:28:21,486 INFO    : Snapshot:2	0	3	Epoch:2	Loss:30.226	MRR:16.85	Hits@10:30.81	Best:16.85
2024-09-19 11:28:33,585 INFO    : Snapshot:2	0	3	Epoch:3	Loss:29.248	MRR:17.45	Hits@10:31.47	Best:17.45
2024-09-19 11:28:45,866 INFO    : Snapshot:2	0	3	Epoch:4	Loss:28.619	MRR:17.82	Hits@10:32.06	Best:17.82
2024-09-19 11:28:57,942 INFO    : Snapshot:2	1	3	Epoch:5	Loss:28.152	MRR:17.79	Hits@10:32.05	Best:17.82
2024-09-19 11:29:10,070 INFO    : Snapshot:2	0	3	Epoch:6	Loss:27.809	MRR:18.06	Hits@10:32.36	Best:18.06
2024-09-19 11:29:22,057 INFO    : Snapshot:2	0	3	Epoch:7	Loss:27.506	MRR:18.11	Hits@10:32.73	Best:18.11
2024-09-19 11:29:33,698 INFO    : Snapshot:2	0	3	Epoch:8	Loss:27.307	MRR:18.29	Hits@10:32.62	Best:18.29
2024-09-19 11:29:45,366 INFO    : Snapshot:2	0	3	Epoch:9	Loss:27.066	MRR:18.47	Hits@10:32.81	Best:18.47
2024-09-19 11:29:57,170 INFO    : Snapshot:2	0	3	Epoch:10	Loss:26.981	MRR:18.62	Hits@10:33.02	Best:18.62
2024-09-19 11:30:08,927 INFO    : Snapshot:2	0	3	Epoch:11	Loss:26.911	MRR:18.69	Hits@10:33.04	Best:18.69
2024-09-19 11:30:20,812 INFO    : Snapshot:2	1	3	Epoch:12	Loss:26.76	MRR:18.68	Hits@10:33.09	Best:18.69
2024-09-19 11:30:32,971 INFO    : Snapshot:2	0	3	Epoch:13	Loss:26.742	MRR:18.77	Hits@10:33.34	Best:18.77
2024-09-19 11:30:45,133 INFO    : Snapshot:2	1	3	Epoch:14	Loss:26.657	MRR:18.6	Hits@10:32.96	Best:18.77
2024-09-19 11:30:56,875 INFO    : Snapshot:2	2	3	Epoch:15	Loss:26.528	MRR:18.62	Hits@10:33.12	Best:18.77
2024-09-19 11:31:08,809 INFO    : Snapshot:2	0	3	Epoch:16	Loss:26.422	MRR:18.79	Hits@10:33.28	Best:18.79
2024-09-19 11:31:20,474 INFO    : Snapshot:2	1	3	Epoch:17	Loss:26.368	MRR:18.66	Hits@10:33.34	Best:18.79
2024-09-19 11:31:32,211 INFO    : Snapshot:2	2	3	Epoch:18	Loss:26.323	MRR:18.76	Hits@10:33.34	Best:18.79
2024-09-19 11:31:43,997 INFO    : Early Stopping! Snapshot:2 Epoch: 19 Best Results: 18.79
2024-09-19 11:31:44,098 INFO    : => loading checkpoint './checkpoint/HYBRID\2model_best.tar'
2024-09-19 11:31:55,948 INFO    : 
+------------+--------+--------+--------+--------+---------+
| Snapshot:2 |  MRR   | Hits@1 | Hits@3 | Hits@5 | Hits@10 |
+------------+--------+--------+--------+--------+---------+
|     0      | 0.2543 | 0.154  | 0.3053 | 0.365  |  0.4371 |
|     1      | 0.267  | 0.1666 | 0.3128 | 0.3776 |   0.46  |
|     2      | 0.1871 | 0.1136 | 0.212  | 0.2607 |  0.3309 |
+------------+--------+--------+--------+--------+---------+
2024-09-19 11:32:24,561 INFO    : Snapshot:3	0	3	Epoch:0	Loss:50.967	MRR:14.88	Hits@10:28.25	Best:14.88
2024-09-19 11:32:40,219 INFO    : Snapshot:3	0	3	Epoch:1	Loss:41.117	MRR:15.79	Hits@10:29.7	Best:15.79
2024-09-19 11:32:55,729 INFO    : Snapshot:3	0	3	Epoch:2	Loss:39.708	MRR:16.22	Hits@10:30.52	Best:16.22
2024-09-19 11:33:11,137 INFO    : Snapshot:3	0	3	Epoch:3	Loss:39.124	MRR:16.63	Hits@10:30.79	Best:16.63
2024-09-19 11:33:26,378 INFO    : Snapshot:3	0	3	Epoch:4	Loss:38.649	MRR:16.89	Hits@10:31.24	Best:16.89
2024-09-19 11:33:41,829 INFO    : Snapshot:3	0	3	Epoch:5	Loss:38.278	MRR:17.0	Hits@10:31.24	Best:17.0
2024-09-19 11:33:57,320 INFO    : Snapshot:3	0	3	Epoch:6	Loss:38.077	MRR:17.13	Hits@10:31.78	Best:17.13
2024-09-19 11:34:12,805 INFO    : Snapshot:3	0	3	Epoch:7	Loss:37.83	MRR:17.21	Hits@10:31.58	Best:17.21
2024-09-19 11:34:28,274 INFO    : Snapshot:3	0	3	Epoch:8	Loss:37.678	MRR:17.24	Hits@10:31.65	Best:17.24
2024-09-19 11:34:43,872 INFO    : Snapshot:3	0	3	Epoch:9	Loss:37.469	MRR:17.36	Hits@10:31.84	Best:17.36
2024-09-19 11:34:59,472 INFO    : Snapshot:3	0	3	Epoch:10	Loss:37.31	MRR:17.46	Hits@10:31.7	Best:17.46
2024-09-19 11:35:15,253 INFO    : Snapshot:3	1	3	Epoch:11	Loss:37.213	MRR:17.37	Hits@10:32.0	Best:17.46
2024-09-19 11:35:30,738 INFO    : Snapshot:3	2	3	Epoch:12	Loss:37.123	MRR:17.33	Hits@10:31.96	Best:17.46
2024-09-19 11:35:46,061 INFO    : Early Stopping! Snapshot:3 Epoch: 13 Best Results: 17.46
2024-09-19 11:35:46,152 INFO    : => loading checkpoint './checkpoint/HYBRID\3model_best.tar'
2024-09-19 11:36:08,048 INFO    : 
+------------+--------+--------+--------+--------+---------+
| Snapshot:3 |  MRR   | Hits@1 | Hits@3 | Hits@5 | Hits@10 |
+------------+--------+--------+--------+--------+---------+
|     0      | 0.2543 | 0.154  | 0.3053 | 0.365  |  0.4371 |
|     1      | 0.267  | 0.1666 | 0.3128 | 0.3776 |   0.46  |
|     2      | 0.1871 | 0.1136 | 0.212  | 0.2607 |  0.3309 |
|     3      | 0.1745 | 0.0971 | 0.2072 | 0.2564 |  0.3202 |
+------------+--------+--------+--------+--------+---------+
2024-09-19 11:36:20,742 INFO    : Snapshot:4	0	3	Epoch:0	Loss:25.981	MRR:14.39	Hits@10:24.24	Best:14.39
2024-09-19 11:36:27,142 INFO    : Snapshot:4	0	3	Epoch:1	Loss:23.308	MRR:14.61	Hits@10:24.57	Best:14.61
2024-09-19 11:36:33,339 INFO    : Snapshot:4	0	3	Epoch:2	Loss:23.077	MRR:14.69	Hits@10:24.6	Best:14.69
2024-09-19 11:36:39,463 INFO    : Snapshot:4	0	3	Epoch:3	Loss:22.993	MRR:14.78	Hits@10:24.61	Best:14.78
2024-09-19 11:36:45,750 INFO    : Snapshot:4	0	3	Epoch:4	Loss:22.841	MRR:14.84	Hits@10:24.71	Best:14.84
2024-09-19 11:36:52,002 INFO    : Snapshot:4	1	3	Epoch:5	Loss:22.84	MRR:14.77	Hits@10:24.62	Best:14.84
2024-09-19 11:36:58,268 INFO    : Snapshot:4	0	3	Epoch:6	Loss:22.792	MRR:14.9	Hits@10:24.74	Best:14.9
2024-09-19 11:37:04,448 INFO    : Snapshot:4	1	3	Epoch:7	Loss:22.782	MRR:14.78	Hits@10:24.69	Best:14.9
2024-09-19 11:37:10,606 INFO    : Snapshot:4	0	3	Epoch:8	Loss:22.74	MRR:14.95	Hits@10:24.68	Best:14.95
2024-09-19 11:37:16,464 INFO    : Snapshot:4	1	3	Epoch:9	Loss:22.743	MRR:14.93	Hits@10:24.65	Best:14.95
2024-09-19 11:37:22,400 INFO    : Snapshot:4	0	3	Epoch:10	Loss:22.79	MRR:15.08	Hits@10:24.86	Best:15.08
2024-09-19 11:37:28,558 INFO    : Snapshot:4	1	3	Epoch:11	Loss:22.719	MRR:14.92	Hits@10:24.75	Best:15.08
2024-09-19 11:37:35,039 INFO    : Snapshot:4	2	3	Epoch:12	Loss:22.658	MRR:15.03	Hits@10:24.8	Best:15.08
2024-09-19 11:37:41,013 INFO    : Early Stopping! Snapshot:4 Epoch: 13 Best Results: 15.08
2024-09-19 11:37:41,105 INFO    : => loading checkpoint './checkpoint/HYBRID\4model_best.tar'
2024-09-19 11:38:07,308 INFO    : 
+------------+--------+--------+--------+--------+---------+
| Snapshot:4 |  MRR   | Hits@1 | Hits@3 | Hits@5 | Hits@10 |
+------------+--------+--------+--------+--------+---------+
|     0      | 0.2543 | 0.154  | 0.3053 | 0.365  |  0.4371 |
|     1      | 0.267  | 0.1666 | 0.3128 | 0.3776 |   0.46  |
|     2      | 0.1871 | 0.1136 | 0.212  | 0.2607 |  0.3309 |
|     3      | 0.1745 | 0.0971 | 0.2072 | 0.2564 |  0.3202 |
|     4      | 0.1506 | 0.1016 | 0.1624 | 0.1984 |  0.2488 |
+------------+--------+--------+--------+--------+---------+
2024-09-19 11:38:07,310 INFO    : Final Result:
[+------------+--------+--------+--------+--------+---------+
| Snapshot:0 |  MRR   | Hits@1 | Hits@3 | Hits@5 | Hits@10 |
+------------+--------+--------+--------+--------+---------+
|     0      | 0.2543 | 0.154  | 0.3053 | 0.365  |  0.4371 |
+------------+--------+--------+--------+--------+---------+, +------------+--------+--------+--------+--------+---------+
| Snapshot:1 |  MRR   | Hits@1 | Hits@3 | Hits@5 | Hits@10 |
+------------+--------+--------+--------+--------+---------+
|     0      | 0.2543 | 0.154  | 0.3053 | 0.365  |  0.4371 |
|     1      | 0.267  | 0.1666 | 0.3128 | 0.3776 |   0.46  |
+------------+--------+--------+--------+--------+---------+, +------------+--------+--------+--------+--------+---------+
| Snapshot:2 |  MRR   | Hits@1 | Hits@3 | Hits@5 | Hits@10 |
+------------+--------+--------+--------+--------+---------+
|     0      | 0.2543 | 0.154  | 0.3053 | 0.365  |  0.4371 |
|     1      | 0.267  | 0.1666 | 0.3128 | 0.3776 |   0.46  |
|     2      | 0.1871 | 0.1136 | 0.212  | 0.2607 |  0.3309 |
+------------+--------+--------+--------+--------+---------+, +------------+--------+--------+--------+--------+---------+
| Snapshot:3 |  MRR   | Hits@1 | Hits@3 | Hits@5 | Hits@10 |
+------------+--------+--------+--------+--------+---------+
|     0      | 0.2543 | 0.154  | 0.3053 | 0.365  |  0.4371 |
|     1      | 0.267  | 0.1666 | 0.3128 | 0.3776 |   0.46  |
|     2      | 0.1871 | 0.1136 | 0.212  | 0.2607 |  0.3309 |
|     3      | 0.1745 | 0.0971 | 0.2072 | 0.2564 |  0.3202 |
+------------+--------+--------+--------+--------+---------+, +------------+--------+--------+--------+--------+---------+
| Snapshot:4 |  MRR   | Hits@1 | Hits@3 | Hits@5 | Hits@10 |
+------------+--------+--------+--------+--------+---------+
|     0      | 0.2543 | 0.154  | 0.3053 | 0.365  |  0.4371 |
|     1      | 0.267  | 0.1666 | 0.3128 | 0.3776 |   0.46  |
|     2      | 0.1871 | 0.1136 | 0.212  | 0.2607 |  0.3309 |
|     3      | 0.1745 | 0.0971 | 0.2072 | 0.2564 |  0.3202 |
|     4      | 0.1506 | 0.1016 | 0.1624 | 0.1984 |  0.2488 |
+------------+--------+--------+--------+--------+---------+]
2024-09-19 11:38:07,310 INFO    : Report Result:
+----------+--------------------+-----------+--------------+--------------+---------------+
| Snapshot |        Time        | Whole_MRR | Whole_Hits@1 | Whole_Hits@3 | Whole_Hits@10 |
+----------+--------------------+-----------+--------------+--------------+---------------+
|    0     |  40.4817636013031  |   0.254   |    0.154     |    0.305     |     0.437     |
|    1     | 38.385108947753906 |   0.258   |    0.157     |    0.307     |     0.443     |
|    2     | 241.93314266204834 |    0.22   |    0.134     |    0.257     |     0.384     |
|    3     | 220.42386603355408 |   0.203   |     0.12     |    0.238     |     0.359     |
|    4     | 88.43893599510193  |   0.196   |    0.118     |    0.228     |     0.345     |
+----------+--------------------+-----------+--------------+--------------+---------------+
2024-09-19 11:38:07,310 INFO    : Sum_Training_Time:629.6628172397614
2024-09-19 11:38:07,310 INFO    : Every_Training_Time:[40.4817636013031, 38.385108947753906, 241.93314266204834, 220.42386603355408, 88.43893599510193]
2024-09-19 11:38:07,310 INFO    : Forward transfer: 0.036774999999999995 Backward transfer: 0.0
