2024-10-10 18:22:35,505 INFO    : Namespace(batch_size='1024', data_path='./data/FB_CKGE/', dataset='FB_CKGE', debug=False, device=device(type='cuda', index=0), emb_dim=200, ent_r='20', epoch_num=200, explore=False, gpu='0', l2=0.0, learning_rate='1e-1', log_path='./logs/FB_CKGE 20 20 1e-1 1024/FB_CKGE 20241010182225', logger=<RootLogger root (INFO)>, margin=8.0, model_name='LoraKGE_Layers', multi_layers_path='train_sorted_by_edges_betweenness.txt', neg_ratio=10, note='', num_ent_layers='20', num_layer=1, num_rel_layers='1', patience=3, predict_result='True', r=100, r_fixed=True, random_seed=3407, record=False, rel_r='20', save_path='./checkpoint/FB_CKGE', skip_previous='False', snapshot_num=5, train_new=True, using_multi_layers=False, using_various_ranks='True', using_various_ranks_reverse=False, valid_metrics='mrr')
2024-10-10 18:22:56,725 INFO    : Snapshot:0	0	3	Epoch:0	Loss:91.268	MRR:22.64	Hits@10:42.62	Best:22.64
2024-10-10 18:23:13,594 INFO    : Snapshot:0	0	3	Epoch:1	Loss:17.198	MRR:24.74	Hits@10:45.16	Best:24.74
2024-10-10 18:23:29,954 INFO    : Snapshot:0	1	3	Epoch:2	Loss:7.016	MRR:23.93	Hits@10:44.13	Best:24.74
2024-10-10 18:23:46,334 INFO    : Snapshot:0	2	3	Epoch:3	Loss:4.7	MRR:23.72	Hits@10:43.5	Best:24.74
2024-10-10 18:24:03,111 INFO    : Early Stopping! Snapshot:0 Epoch: 4 Best Results: 24.74
2024-10-10 18:24:03,221 INFO    : => loading checkpoint './checkpoint/FB_CKGE\0model_best.tar'
2024-10-10 18:24:21,891 INFO    : 
+------------+-------+--------+--------+--------+---------+
| Snapshot:0 |  MRR  | Hits@1 | Hits@3 | Hits@5 | Hits@10 |
+------------+-------+--------+--------+--------+---------+
|     0      | 0.246 | 0.1419 | 0.2865 |  0.36  |  0.452  |
+------------+-------+--------+--------+--------+---------+
2024-10-10 18:24:33,801 INFO    : Snapshot:1	0	3	Epoch:0	Loss:11.451	MRR:9.97	Hits@10:17.67	Best:9.97
2024-10-10 18:24:37,751 INFO    : Snapshot:1	0	3	Epoch:1	Loss:3.706	MRR:11.44	Hits@10:21.1	Best:11.44
2024-10-10 18:24:41,736 INFO    : Snapshot:1	0	3	Epoch:2	Loss:2.688	MRR:12.3	Hits@10:22.73	Best:12.3
2024-10-10 18:24:45,780 INFO    : Snapshot:1	0	3	Epoch:3	Loss:2.255	MRR:12.9	Hits@10:24.06	Best:12.9
2024-10-10 18:24:49,746 INFO    : Snapshot:1	0	3	Epoch:4	Loss:2.029	MRR:12.99	Hits@10:24.6	Best:12.99
2024-10-10 18:24:53,687 INFO    : Snapshot:1	0	3	Epoch:5	Loss:1.837	MRR:13.4	Hits@10:25.44	Best:13.4
2024-10-10 18:24:57,937 INFO    : Snapshot:1	0	3	Epoch:6	Loss:1.732	MRR:13.49	Hits@10:25.75	Best:13.49
2024-10-10 18:25:02,043 INFO    : Snapshot:1	0	3	Epoch:7	Loss:1.63	MRR:13.79	Hits@10:26.2	Best:13.79
2024-10-10 18:25:06,078 INFO    : Snapshot:1	0	3	Epoch:8	Loss:1.584	MRR:13.88	Hits@10:26.16	Best:13.88
2024-10-10 18:25:10,140 INFO    : Snapshot:1	0	3	Epoch:9	Loss:1.499	MRR:13.92	Hits@10:26.04	Best:13.92
2024-10-10 18:25:14,311 INFO    : Snapshot:1	0	3	Epoch:10	Loss:1.478	MRR:14.01	Hits@10:26.39	Best:14.01
2024-10-10 18:25:18,337 INFO    : Snapshot:1	0	3	Epoch:11	Loss:1.431	MRR:14.11	Hits@10:26.74	Best:14.11
2024-10-10 18:25:22,288 INFO    : Snapshot:1	0	3	Epoch:12	Loss:1.404	MRR:14.17	Hits@10:27.12	Best:14.17
2024-10-10 18:25:26,439 INFO    : Snapshot:1	0	3	Epoch:13	Loss:1.365	MRR:14.26	Hits@10:27.07	Best:14.26
2024-10-10 18:25:30,463 INFO    : Snapshot:1	0	3	Epoch:14	Loss:1.337	MRR:14.29	Hits@10:26.82	Best:14.29
2024-10-10 18:25:34,582 INFO    : Snapshot:1	1	3	Epoch:15	Loss:1.33	MRR:14.21	Hits@10:26.79	Best:14.29
2024-10-10 18:25:38,548 INFO    : Snapshot:1	2	3	Epoch:16	Loss:1.298	MRR:14.27	Hits@10:26.97	Best:14.29
2024-10-10 18:25:42,565 INFO    : Snapshot:1	0	3	Epoch:17	Loss:1.293	MRR:14.33	Hits@10:27.16	Best:14.33
2024-10-10 18:25:46,602 INFO    : Snapshot:1	1	3	Epoch:18	Loss:1.26	MRR:14.31	Hits@10:26.98	Best:14.33
2024-10-10 18:25:50,569 INFO    : Snapshot:1	2	3	Epoch:19	Loss:1.237	MRR:14.2	Hits@10:26.96	Best:14.33
2024-10-10 18:25:54,536 INFO    : Early Stopping! Snapshot:1 Epoch: 20 Best Results: 14.33
2024-10-10 18:25:54,648 INFO    : => loading checkpoint './checkpoint/FB_CKGE\1model_best.tar'
2024-10-10 18:26:18,503 INFO    : 
+------------+--------+--------+--------+--------+---------+
| Snapshot:1 |  MRR   | Hits@1 | Hits@3 | Hits@5 | Hits@10 |
+------------+--------+--------+--------+--------+---------+
|     0      | 0.246  | 0.1419 | 0.2865 |  0.36  |  0.452  |
|     1      | 0.1493 | 0.0862 | 0.1604 | 0.2035 |  0.2752 |
+------------+--------+--------+--------+--------+---------+
2024-10-10 18:26:30,674 INFO    : Snapshot:2	0	3	Epoch:0	Loss:7.811	MRR:15.13	Hits@10:26.74	Best:15.13
2024-10-10 18:26:35,147 INFO    : Snapshot:2	0	3	Epoch:1	Loss:3.6	MRR:15.33	Hits@10:27.18	Best:15.33
2024-10-10 18:26:39,987 INFO    : Snapshot:2	0	3	Epoch:2	Loss:3.003	MRR:15.49	Hits@10:27.43	Best:15.49
2024-10-10 18:26:44,549 INFO    : Snapshot:2	0	3	Epoch:3	Loss:2.773	MRR:15.52	Hits@10:27.64	Best:15.52
2024-10-10 18:26:49,142 INFO    : Snapshot:2	0	3	Epoch:4	Loss:2.617	MRR:15.56	Hits@10:27.7	Best:15.56
2024-10-10 18:26:53,674 INFO    : Snapshot:2	0	3	Epoch:5	Loss:2.514	MRR:15.67	Hits@10:27.86	Best:15.67
2024-10-10 18:26:58,195 INFO    : Snapshot:2	1	3	Epoch:6	Loss:2.456	MRR:15.67	Hits@10:27.93	Best:15.67
2024-10-10 18:27:02,656 INFO    : Snapshot:2	0	3	Epoch:7	Loss:2.374	MRR:15.71	Hits@10:27.88	Best:15.71
2024-10-10 18:27:07,136 INFO    : Snapshot:2	1	3	Epoch:8	Loss:2.332	MRR:15.65	Hits@10:27.87	Best:15.71
2024-10-10 18:27:11,738 INFO    : Snapshot:2	0	3	Epoch:9	Loss:2.306	MRR:15.77	Hits@10:27.86	Best:15.77
2024-10-10 18:27:16,146 INFO    : Snapshot:2	1	3	Epoch:10	Loss:2.256	MRR:15.77	Hits@10:27.86	Best:15.77
2024-10-10 18:27:20,494 INFO    : Snapshot:2	2	3	Epoch:11	Loss:2.26	MRR:15.74	Hits@10:27.92	Best:15.77
2024-10-10 18:27:24,880 INFO    : Snapshot:2	0	3	Epoch:12	Loss:2.232	MRR:15.8	Hits@10:28.07	Best:15.8
2024-10-10 18:27:29,315 INFO    : Snapshot:2	1	3	Epoch:13	Loss:2.217	MRR:15.74	Hits@10:27.85	Best:15.8
2024-10-10 18:27:33,725 INFO    : Snapshot:2	2	3	Epoch:14	Loss:2.184	MRR:15.8	Hits@10:28.0	Best:15.8
2024-10-10 18:27:38,166 INFO    : Snapshot:2	0	3	Epoch:15	Loss:2.174	MRR:15.81	Hits@10:28.0	Best:15.81
2024-10-10 18:27:42,563 INFO    : Snapshot:2	1	3	Epoch:16	Loss:2.168	MRR:15.8	Hits@10:28.01	Best:15.81
2024-10-10 18:27:46,872 INFO    : Snapshot:2	2	3	Epoch:17	Loss:2.157	MRR:15.79	Hits@10:27.96	Best:15.81
2024-10-10 18:27:51,244 INFO    : Early Stopping! Snapshot:2 Epoch: 18 Best Results: 15.81
2024-10-10 18:27:51,368 INFO    : => loading checkpoint './checkpoint/FB_CKGE\2model_best.tar'
2024-10-10 18:28:19,313 INFO    : 
+------------+--------+--------+--------+--------+---------+
| Snapshot:2 |  MRR   | Hits@1 | Hits@3 | Hits@5 | Hits@10 |
+------------+--------+--------+--------+--------+---------+
|     0      | 0.246  | 0.1419 | 0.2865 |  0.36  |  0.452  |
|     1      | 0.1493 | 0.0862 | 0.1604 | 0.2035 |  0.2752 |
|     2      | 0.1552 | 0.0932 | 0.169  | 0.2102 |  0.2758 |
+------------+--------+--------+--------+--------+---------+
2024-10-10 18:28:32,120 INFO    : Snapshot:3	0	3	Epoch:0	Loss:5.302	MRR:16.77	Hits@10:28.53	Best:16.77
2024-10-10 18:28:36,830 INFO    : Snapshot:3	0	3	Epoch:1	Loss:3.432	MRR:16.84	Hits@10:28.64	Best:16.84
2024-10-10 18:28:41,573 INFO    : Snapshot:3	0	3	Epoch:2	Loss:3.133	MRR:16.85	Hits@10:28.68	Best:16.85
2024-10-10 18:28:46,339 INFO    : Snapshot:3	1	3	Epoch:3	Loss:3.0	MRR:16.84	Hits@10:28.77	Best:16.85
2024-10-10 18:28:51,050 INFO    : Snapshot:3	2	3	Epoch:4	Loss:2.947	MRR:16.84	Hits@10:28.8	Best:16.85
2024-10-10 18:28:55,799 INFO    : Snapshot:3	0	3	Epoch:5	Loss:2.909	MRR:16.89	Hits@10:28.84	Best:16.89
2024-10-10 18:29:00,493 INFO    : Snapshot:3	1	3	Epoch:6	Loss:2.838	MRR:16.85	Hits@10:28.89	Best:16.89
2024-10-10 18:29:05,287 INFO    : Snapshot:3	2	3	Epoch:7	Loss:2.822	MRR:16.84	Hits@10:28.76	Best:16.89
2024-10-10 18:29:09,882 INFO    : Early Stopping! Snapshot:3 Epoch: 8 Best Results: 16.89
2024-10-10 18:29:09,993 INFO    : => loading checkpoint './checkpoint/FB_CKGE\3model_best.tar'
2024-10-10 18:29:41,933 INFO    : 
+------------+--------+--------+--------+--------+---------+
| Snapshot:3 |  MRR   | Hits@1 | Hits@3 | Hits@5 | Hits@10 |
+------------+--------+--------+--------+--------+---------+
|     0      | 0.246  | 0.1419 | 0.2865 |  0.36  |  0.452  |
|     1      | 0.1493 | 0.0862 | 0.1604 | 0.2035 |  0.2752 |
|     2      | 0.1552 | 0.0932 | 0.169  | 0.2102 |  0.2758 |
|     3      | 0.1639 | 0.1018 | 0.1777 | 0.2206 |  0.2836 |
+------------+--------+--------+--------+--------+---------+
2024-10-10 18:29:55,020 INFO    : Snapshot:4	0	3	Epoch:0	Loss:4.036	MRR:17.71	Hits@10:29.06	Best:17.71
2024-10-10 18:29:59,853 INFO    : Snapshot:4	1	3	Epoch:1	Loss:3.446	MRR:17.7	Hits@10:29.06	Best:17.71
2024-10-10 18:30:04,895 INFO    : Snapshot:4	0	3	Epoch:2	Loss:3.293	MRR:17.75	Hits@10:29.02	Best:17.75
2024-10-10 18:30:09,969 INFO    : Snapshot:4	1	3	Epoch:3	Loss:3.274	MRR:17.74	Hits@10:29.01	Best:17.75
2024-10-10 18:30:14,725 INFO    : Snapshot:4	2	3	Epoch:4	Loss:3.242	MRR:17.73	Hits@10:29.0	Best:17.75
2024-10-10 18:30:19,545 INFO    : Early Stopping! Snapshot:4 Epoch: 5 Best Results: 17.75
2024-10-10 18:30:19,660 INFO    : => loading checkpoint './checkpoint/FB_CKGE\4model_best.tar'
2024-10-10 18:30:57,362 INFO    : 
+------------+--------+--------+--------+--------+---------+
| Snapshot:4 |  MRR   | Hits@1 | Hits@3 | Hits@5 | Hits@10 |
+------------+--------+--------+--------+--------+---------+
|     0      | 0.246  | 0.1419 | 0.2865 |  0.36  |  0.452  |
|     1      | 0.1493 | 0.0862 | 0.1604 | 0.2035 |  0.2752 |
|     2      | 0.1552 | 0.0932 | 0.169  | 0.2102 |  0.2758 |
|     3      | 0.1639 | 0.1018 | 0.1777 | 0.2206 |  0.2836 |
|     4      | 0.2069 | 0.1295 | 0.2368 | 0.2863 |  0.3559 |
+------------+--------+--------+--------+--------+---------+
2024-10-10 18:30:57,363 INFO    : Final Result:
[+------------+-------+--------+--------+--------+---------+
| Snapshot:0 |  MRR  | Hits@1 | Hits@3 | Hits@5 | Hits@10 |
+------------+-------+--------+--------+--------+---------+
|     0      | 0.246 | 0.1419 | 0.2865 |  0.36  |  0.452  |
+------------+-------+--------+--------+--------+---------+, +------------+--------+--------+--------+--------+---------+
| Snapshot:1 |  MRR   | Hits@1 | Hits@3 | Hits@5 | Hits@10 |
+------------+--------+--------+--------+--------+---------+
|     0      | 0.246  | 0.1419 | 0.2865 |  0.36  |  0.452  |
|     1      | 0.1493 | 0.0862 | 0.1604 | 0.2035 |  0.2752 |
+------------+--------+--------+--------+--------+---------+, +------------+--------+--------+--------+--------+---------+
| Snapshot:2 |  MRR   | Hits@1 | Hits@3 | Hits@5 | Hits@10 |
+------------+--------+--------+--------+--------+---------+
|     0      | 0.246  | 0.1419 | 0.2865 |  0.36  |  0.452  |
|     1      | 0.1493 | 0.0862 | 0.1604 | 0.2035 |  0.2752 |
|     2      | 0.1552 | 0.0932 | 0.169  | 0.2102 |  0.2758 |
+------------+--------+--------+--------+--------+---------+, +------------+--------+--------+--------+--------+---------+
| Snapshot:3 |  MRR   | Hits@1 | Hits@3 | Hits@5 | Hits@10 |
+------------+--------+--------+--------+--------+---------+
|     0      | 0.246  | 0.1419 | 0.2865 |  0.36  |  0.452  |
|     1      | 0.1493 | 0.0862 | 0.1604 | 0.2035 |  0.2752 |
|     2      | 0.1552 | 0.0932 | 0.169  | 0.2102 |  0.2758 |
|     3      | 0.1639 | 0.1018 | 0.1777 | 0.2206 |  0.2836 |
+------------+--------+--------+--------+--------+---------+, +------------+--------+--------+--------+--------+---------+
| Snapshot:4 |  MRR   | Hits@1 | Hits@3 | Hits@5 | Hits@10 |
+------------+--------+--------+--------+--------+---------+
|     0      | 0.246  | 0.1419 | 0.2865 |  0.36  |  0.452  |
|     1      | 0.1493 | 0.0862 | 0.1604 | 0.2035 |  0.2752 |
|     2      | 0.1552 | 0.0932 | 0.169  | 0.2102 |  0.2758 |
|     3      | 0.1639 | 0.1018 | 0.1777 | 0.2206 |  0.2836 |
|     4      | 0.2069 | 0.1295 | 0.2368 | 0.2863 |  0.3559 |
+------------+--------+--------+--------+--------+---------+]
2024-10-10 18:30:57,364 INFO    : Report Result:
+----------+-------------------+-----------+--------------+--------------+---------------+
| Snapshot |        Time       | Whole_MRR | Whole_Hits@1 | Whole_Hits@3 | Whole_Hits@10 |
+----------+-------------------+-----------+--------------+--------------+---------------+
|    0     | 87.60506296157837 |   0.246   |    0.142     |    0.286     |     0.452     |
|    1     | 87.98154497146606 |   0.232   |    0.134     |    0.268     |     0.427     |
|    2     | 88.05274391174316 |   0.223   |    0.129     |    0.256     |     0.408     |
|    3     | 45.68451476097107 |   0.216   |    0.126     |    0.247     |     0.394     |
|    4     | 32.55043816566467 |   0.215   |    0.126     |    0.246     |      0.39     |
+----------+-------------------+-----------+--------------+--------------+---------------+
2024-10-10 18:30:57,364 INFO    : Sum_Training_Time:341.87430477142334
2024-10-10 18:30:57,364 INFO    : Every_Training_Time:[87.60506296157837, 87.98154497146606, 88.05274391174316, 45.68451476097107, 32.55043816566467]
2024-10-10 18:30:57,364 INFO    : Forward transfer: 0.13542500000000002 Backward transfer: 0.0
