2024-10-07 13:43:46,949 INFO    : Namespace(batch_size='1024', data_path='./data/FB_CKGE/', dataset='FB_CKGE', debug=False, device=device(type='cuda', index=0), emb_dim=200, ent_r='20', epoch_num=200, explore=False, gpu='0', l2=0.0, learning_rate='1e-1', log_path='./logs/FB_CKGE 20 20 1e-1 1024/FB_CKGE 20241007134336', logger=<RootLogger root (INFO)>, margin=8.0, model_name='LoraKGE_Layers', multi_layers_path='train_sorted_by_edges_betweenness.txt', neg_ratio=10, note='', num_ent_layers='20', num_layer=1, num_rel_layers='1', patience=3, predict_result='True', r=100, r_fixed=True, random_seed=3407, record=False, rel_r='200', save_path='./checkpoint/FB_CKGE', skip_previous='False', snapshot_num=5, train_new=True, using_multi_layers=False, using_various_ranks='True', using_various_ranks_reverse=False, valid_metrics='mrr')
2024-10-07 13:44:08,367 INFO    : Snapshot:0	0	3	Epoch:0	Loss:91.268	MRR:22.64	Hits@10:42.62	Best:22.64
2024-10-07 13:44:26,733 INFO    : Snapshot:0	0	3	Epoch:1	Loss:17.198	MRR:24.74	Hits@10:45.16	Best:24.74
2024-10-07 13:44:45,051 INFO    : Snapshot:0	1	3	Epoch:2	Loss:7.016	MRR:23.93	Hits@10:44.13	Best:24.74
2024-10-07 13:45:03,340 INFO    : Snapshot:0	2	3	Epoch:3	Loss:4.7	MRR:23.72	Hits@10:43.5	Best:24.74
2024-10-07 13:45:20,565 INFO    : Early Stopping! Snapshot:0 Epoch: 4 Best Results: 24.74
2024-10-07 13:45:20,696 INFO    : => loading checkpoint './checkpoint/FB_CKGE\0model_best.tar'
2024-10-07 13:45:39,582 INFO    : 
+------------+-------+--------+--------+--------+---------+
| Snapshot:0 |  MRR  | Hits@1 | Hits@3 | Hits@5 | Hits@10 |
+------------+-------+--------+--------+--------+---------+
|     0      | 0.246 | 0.1419 | 0.2865 |  0.36  |  0.452  |
+------------+-------+--------+--------+--------+---------+
2024-10-07 13:45:55,047 INFO    : Snapshot:1	0	3	Epoch:0	Loss:11.557	MRR:9.87	Hits@10:17.62	Best:9.87
2024-10-07 13:45:59,293 INFO    : Snapshot:1	0	3	Epoch:1	Loss:3.832	MRR:11.34	Hits@10:20.71	Best:11.34
2024-10-07 13:46:04,376 INFO    : Snapshot:1	0	3	Epoch:2	Loss:2.754	MRR:12.0	Hits@10:22.36	Best:12.0
2024-10-07 13:46:10,458 INFO    : Snapshot:1	0	3	Epoch:3	Loss:2.311	MRR:12.44	Hits@10:23.43	Best:12.44
2024-10-07 13:46:15,509 INFO    : Snapshot:1	0	3	Epoch:4	Loss:2.08	MRR:12.96	Hits@10:24.15	Best:12.96
2024-10-07 13:46:20,334 INFO    : Snapshot:1	0	3	Epoch:5	Loss:1.869	MRR:13.3	Hits@10:24.9	Best:13.3
2024-10-07 13:46:25,132 INFO    : Snapshot:1	0	3	Epoch:6	Loss:1.764	MRR:13.33	Hits@10:25.18	Best:13.33
2024-10-07 13:46:30,329 INFO    : Snapshot:1	0	3	Epoch:7	Loss:1.66	MRR:13.49	Hits@10:25.53	Best:13.49
2024-10-07 13:46:34,824 INFO    : Snapshot:1	0	3	Epoch:8	Loss:1.613	MRR:13.7	Hits@10:25.71	Best:13.7
2024-10-07 13:46:39,640 INFO    : Snapshot:1	1	3	Epoch:9	Loss:1.53	MRR:13.62	Hits@10:26.14	Best:13.7
2024-10-07 13:46:44,437 INFO    : Snapshot:1	0	3	Epoch:10	Loss:1.502	MRR:13.95	Hits@10:26.37	Best:13.95
2024-10-07 13:46:49,105 INFO    : Snapshot:1	1	3	Epoch:11	Loss:1.46	MRR:13.91	Hits@10:26.42	Best:13.95
2024-10-07 13:46:53,567 INFO    : Snapshot:1	2	3	Epoch:12	Loss:1.424	MRR:13.94	Hits@10:26.69	Best:13.95
2024-10-07 13:46:58,177 INFO    : Snapshot:1	0	3	Epoch:13	Loss:1.391	MRR:14.06	Hits@10:26.7	Best:14.06
2024-10-07 13:47:03,114 INFO    : Snapshot:1	0	3	Epoch:14	Loss:1.372	MRR:14.09	Hits@10:26.41	Best:14.09
2024-10-07 13:47:07,964 INFO    : Snapshot:1	1	3	Epoch:15	Loss:1.362	MRR:14.02	Hits@10:26.83	Best:14.09
2024-10-07 13:47:13,230 INFO    : Snapshot:1	2	3	Epoch:16	Loss:1.328	MRR:14.06	Hits@10:26.56	Best:14.09
2024-10-07 13:47:17,839 INFO    : Early Stopping! Snapshot:1 Epoch: 17 Best Results: 14.09
2024-10-07 13:47:17,981 INFO    : => loading checkpoint './checkpoint/FB_CKGE\1model_best.tar'
2024-10-07 13:47:51,147 INFO    : 
+------------+--------+--------+--------+--------+---------+
| Snapshot:1 |  MRR   | Hits@1 | Hits@3 | Hits@5 | Hits@10 |
+------------+--------+--------+--------+--------+---------+
|     0      | 0.246  | 0.1419 | 0.2865 |  0.36  |  0.452  |
|     1      | 0.1488 | 0.0879 | 0.1571 | 0.2003 |  0.2711 |
+------------+--------+--------+--------+--------+---------+
2024-10-07 13:48:04,063 INFO    : Snapshot:2	0	3	Epoch:0	Loss:7.92	MRR:14.84	Hits@10:25.86	Best:14.84
2024-10-07 13:48:08,946 INFO    : Snapshot:2	0	3	Epoch:1	Loss:3.64	MRR:14.96	Hits@10:26.35	Best:14.96
2024-10-07 13:48:13,960 INFO    : Snapshot:2	0	3	Epoch:2	Loss:3.066	MRR:15.19	Hits@10:26.56	Best:15.19
2024-10-07 13:48:18,892 INFO    : Snapshot:2	0	3	Epoch:3	Loss:2.809	MRR:15.34	Hits@10:26.79	Best:15.34
2024-10-07 13:48:23,452 INFO    : Snapshot:2	1	3	Epoch:4	Loss:2.664	MRR:15.31	Hits@10:26.85	Best:15.34
2024-10-07 13:48:28,219 INFO    : Snapshot:2	0	3	Epoch:5	Loss:2.547	MRR:15.43	Hits@10:26.77	Best:15.43
2024-10-07 13:48:32,963 INFO    : Snapshot:2	0	3	Epoch:6	Loss:2.471	MRR:15.49	Hits@10:26.98	Best:15.49
2024-10-07 13:48:38,129 INFO    : Snapshot:2	0	3	Epoch:7	Loss:2.412	MRR:15.54	Hits@10:27.1	Best:15.54
2024-10-07 13:48:42,767 INFO    : Snapshot:2	1	3	Epoch:8	Loss:2.373	MRR:15.54	Hits@10:27.12	Best:15.54
2024-10-07 13:48:48,228 INFO    : Snapshot:2	2	3	Epoch:9	Loss:2.331	MRR:15.53	Hits@10:26.98	Best:15.54
2024-10-07 13:48:54,519 INFO    : Early Stopping! Snapshot:2 Epoch: 10 Best Results: 15.54
2024-10-07 13:48:54,670 INFO    : => loading checkpoint './checkpoint/FB_CKGE\2model_best.tar'
2024-10-07 13:49:33,296 INFO    : 
+------------+--------+--------+--------+--------+---------+
| Snapshot:2 |  MRR   | Hits@1 | Hits@3 | Hits@5 | Hits@10 |
+------------+--------+--------+--------+--------+---------+
|     0      | 0.246  | 0.1419 | 0.2865 |  0.36  |  0.452  |
|     1      | 0.1488 | 0.0879 | 0.1571 | 0.2003 |  0.2711 |
|     2      | 0.1541 | 0.094  | 0.1665 | 0.2058 |  0.2737 |
+------------+--------+--------+--------+--------+---------+
2024-10-07 13:49:47,364 INFO    : Snapshot:3	0	3	Epoch:0	Loss:5.355	MRR:16.53	Hits@10:28.36	Best:16.53
2024-10-07 13:49:52,645 INFO    : Snapshot:3	0	3	Epoch:1	Loss:3.466	MRR:16.56	Hits@10:28.4	Best:16.56
2024-10-07 13:49:57,518 INFO    : Snapshot:3	0	3	Epoch:2	Loss:3.168	MRR:16.61	Hits@10:28.51	Best:16.61
2024-10-07 13:50:02,372 INFO    : Snapshot:3	1	3	Epoch:3	Loss:3.048	MRR:16.58	Hits@10:28.62	Best:16.61
2024-10-07 13:50:07,045 INFO    : Snapshot:3	2	3	Epoch:4	Loss:2.986	MRR:16.56	Hits@10:28.49	Best:16.61
2024-10-07 13:50:11,903 INFO    : Early Stopping! Snapshot:3 Epoch: 5 Best Results: 16.61
2024-10-07 13:50:12,044 INFO    : => loading checkpoint './checkpoint/FB_CKGE\3model_best.tar'
2024-10-07 13:50:48,940 INFO    : 
+------------+--------+--------+--------+--------+---------+
| Snapshot:3 |  MRR   | Hits@1 | Hits@3 | Hits@5 | Hits@10 |
+------------+--------+--------+--------+--------+---------+
|     0      | 0.246  | 0.1419 | 0.2865 |  0.36  |  0.452  |
|     1      | 0.1488 | 0.0879 | 0.1571 | 0.2003 |  0.2711 |
|     2      | 0.1541 | 0.094  | 0.1665 | 0.2058 |  0.2737 |
|     3      | 0.1614 | 0.1011 | 0.1744 | 0.2171 |  0.2791 |
+------------+--------+--------+--------+--------+---------+
2024-10-07 13:51:03,640 INFO    : Snapshot:4	0	3	Epoch:0	Loss:4.085	MRR:17.24	Hits@10:28.57	Best:17.24
2024-10-07 13:51:08,738 INFO    : Snapshot:4	0	3	Epoch:1	Loss:3.48	MRR:17.27	Hits@10:28.56	Best:17.27
2024-10-07 13:51:13,982 INFO    : Snapshot:4	1	3	Epoch:2	Loss:3.338	MRR:17.24	Hits@10:28.57	Best:17.27
2024-10-07 13:51:19,078 INFO    : Snapshot:4	2	3	Epoch:3	Loss:3.311	MRR:17.26	Hits@10:28.6	Best:17.27
2024-10-07 13:51:25,036 INFO    : Early Stopping! Snapshot:4 Epoch: 4 Best Results: 17.27
2024-10-07 13:51:25,192 INFO    : => loading checkpoint './checkpoint/FB_CKGE\4model_best.tar'
2024-10-07 13:52:11,961 INFO    : 
+------------+--------+--------+--------+--------+---------+
| Snapshot:4 |  MRR   | Hits@1 | Hits@3 | Hits@5 | Hits@10 |
+------------+--------+--------+--------+--------+---------+
|     0      | 0.246  | 0.1419 | 0.2865 |  0.36  |  0.452  |
|     1      | 0.1488 | 0.0879 | 0.1571 | 0.2003 |  0.2711 |
|     2      | 0.1541 | 0.094  | 0.1665 | 0.2058 |  0.2737 |
|     3      | 0.1614 | 0.1011 | 0.1744 | 0.2171 |  0.2791 |
|     4      | 0.2039 | 0.1286 | 0.2315 | 0.2806 |  0.3496 |
+------------+--------+--------+--------+--------+---------+
2024-10-07 13:52:11,963 INFO    : Final Result:
[+------------+-------+--------+--------+--------+---------+
| Snapshot:0 |  MRR  | Hits@1 | Hits@3 | Hits@5 | Hits@10 |
+------------+-------+--------+--------+--------+---------+
|     0      | 0.246 | 0.1419 | 0.2865 |  0.36  |  0.452  |
+------------+-------+--------+--------+--------+---------+, +------------+--------+--------+--------+--------+---------+
| Snapshot:1 |  MRR   | Hits@1 | Hits@3 | Hits@5 | Hits@10 |
+------------+--------+--------+--------+--------+---------+
|     0      | 0.246  | 0.1419 | 0.2865 |  0.36  |  0.452  |
|     1      | 0.1488 | 0.0879 | 0.1571 | 0.2003 |  0.2711 |
+------------+--------+--------+--------+--------+---------+, +------------+--------+--------+--------+--------+---------+
| Snapshot:2 |  MRR   | Hits@1 | Hits@3 | Hits@5 | Hits@10 |
+------------+--------+--------+--------+--------+---------+
|     0      | 0.246  | 0.1419 | 0.2865 |  0.36  |  0.452  |
|     1      | 0.1488 | 0.0879 | 0.1571 | 0.2003 |  0.2711 |
|     2      | 0.1541 | 0.094  | 0.1665 | 0.2058 |  0.2737 |
+------------+--------+--------+--------+--------+---------+, +------------+--------+--------+--------+--------+---------+
| Snapshot:3 |  MRR   | Hits@1 | Hits@3 | Hits@5 | Hits@10 |
+------------+--------+--------+--------+--------+---------+
|     0      | 0.246  | 0.1419 | 0.2865 |  0.36  |  0.452  |
|     1      | 0.1488 | 0.0879 | 0.1571 | 0.2003 |  0.2711 |
|     2      | 0.1541 | 0.094  | 0.1665 | 0.2058 |  0.2737 |
|     3      | 0.1614 | 0.1011 | 0.1744 | 0.2171 |  0.2791 |
+------------+--------+--------+--------+--------+---------+, +------------+--------+--------+--------+--------+---------+
| Snapshot:4 |  MRR   | Hits@1 | Hits@3 | Hits@5 | Hits@10 |
+------------+--------+--------+--------+--------+---------+
|     0      | 0.246  | 0.1419 | 0.2865 |  0.36  |  0.452  |
|     1      | 0.1488 | 0.0879 | 0.1571 | 0.2003 |  0.2711 |
|     2      | 0.1541 | 0.094  | 0.1665 | 0.2058 |  0.2737 |
|     3      | 0.1614 | 0.1011 | 0.1744 | 0.2171 |  0.2791 |
|     4      | 0.2039 | 0.1286 | 0.2315 | 0.2806 |  0.3496 |
+------------+--------+--------+--------+--------+---------+]
2024-10-07 13:52:11,964 INFO    : Report Result:
+----------+--------------------+-----------+--------------+--------------+---------------+
| Snapshot |        Time        | Whole_MRR | Whole_Hits@1 | Whole_Hits@3 | Whole_Hits@10 |
+----------+--------------------+-----------+--------------+--------------+---------------+
|    0     | 93.61743497848511  |   0.246   |    0.142     |    0.286     |     0.452     |
|    1     | 91.14942240715027  |   0.232   |    0.134     |    0.268     |     0.426     |
|    2     | 58.57812523841858  |   0.222   |    0.129     |    0.255     |     0.407     |
|    3     | 33.57220768928528  |   0.216   |    0.126     |    0.246     |     0.393     |
|    4     | 29.368273735046387 |   0.214   |    0.126     |    0.245     |     0.389     |
+----------+--------------------+-----------+--------------+--------------+---------------+
2024-10-07 13:52:11,964 INFO    : Sum_Training_Time:306.2854640483856
2024-10-07 13:52:11,964 INFO    : Every_Training_Time:[93.61743497848511, 91.14942240715027, 58.57812523841858, 33.57220768928528, 29.368273735046387]
2024-10-07 13:52:11,964 INFO    : Forward transfer: 0.1344 Backward transfer: 0.0
