2024-10-10 17:50:46,653 INFO    : Namespace(batch_size='1024', data_path='./data/FB_CKGE/', dataset='FB_CKGE', debug=False, device=device(type='cuda', index=0), emb_dim=200, ent_r='20', epoch_num=200, explore=False, gpu='0', l2=0.0, learning_rate='1e-1', log_path='./logs/FB_CKGE 20 20 1e-1 1024/FB_CKGE 20241010175036', logger=<RootLogger root (INFO)>, margin=8.0, model_name='LoraKGE_Layers', multi_layers_path='train_sorted_by_edges_betweenness.txt', neg_ratio=10, note='', num_ent_layers='20', num_layer=1, num_rel_layers='1', patience=3, predict_result='True', r=100, r_fixed=True, random_seed=3407, record=False, rel_r='20', save_path='./checkpoint/FB_CKGE', skip_previous='False', snapshot_num=5, train_new=True, using_multi_layers=False, using_various_ranks='True', using_various_ranks_reverse=False, valid_metrics='mrr')
2024-10-10 17:51:07,737 INFO    : Snapshot:0	0	3	Epoch:0	Loss:91.268	MRR:22.64	Hits@10:42.62	Best:22.64
2024-10-10 17:51:24,718 INFO    : Snapshot:0	0	3	Epoch:1	Loss:17.198	MRR:24.74	Hits@10:45.16	Best:24.74
2024-10-10 17:51:41,481 INFO    : Snapshot:0	1	3	Epoch:2	Loss:7.016	MRR:23.93	Hits@10:44.13	Best:24.74
2024-10-10 17:51:58,119 INFO    : Snapshot:0	2	3	Epoch:3	Loss:4.7	MRR:23.72	Hits@10:43.5	Best:24.74
2024-10-10 17:52:14,965 INFO    : Early Stopping! Snapshot:0 Epoch: 4 Best Results: 24.74
2024-10-10 17:52:15,074 INFO    : => loading checkpoint './checkpoint/FB_CKGE\0model_best.tar'
2024-10-10 17:52:35,559 INFO    : 
+------------+-------+--------+--------+--------+---------+
| Snapshot:0 |  MRR  | Hits@1 | Hits@3 | Hits@5 | Hits@10 |
+------------+-------+--------+--------+--------+---------+
|     0      | 0.246 | 0.1419 | 0.2865 |  0.36  |  0.452  |
+------------+-------+--------+--------+--------+---------+
2024-10-10 17:52:48,021 INFO    : Snapshot:1	0	3	Epoch:0	Loss:11.451	MRR:9.97	Hits@10:17.67	Best:9.97
2024-10-10 17:52:52,097 INFO    : Snapshot:1	0	3	Epoch:1	Loss:3.706	MRR:11.44	Hits@10:21.1	Best:11.44
2024-10-10 17:52:56,107 INFO    : Snapshot:1	0	3	Epoch:2	Loss:2.688	MRR:12.3	Hits@10:22.73	Best:12.3
2024-10-10 17:53:00,157 INFO    : Snapshot:1	0	3	Epoch:3	Loss:2.255	MRR:12.9	Hits@10:24.06	Best:12.9
2024-10-10 17:53:04,143 INFO    : Snapshot:1	0	3	Epoch:4	Loss:2.029	MRR:12.99	Hits@10:24.6	Best:12.99
2024-10-10 17:53:08,206 INFO    : Snapshot:1	0	3	Epoch:5	Loss:1.837	MRR:13.4	Hits@10:25.44	Best:13.4
2024-10-10 17:53:12,272 INFO    : Snapshot:1	0	3	Epoch:6	Loss:1.732	MRR:13.49	Hits@10:25.75	Best:13.49
2024-10-10 17:53:16,166 INFO    : Snapshot:1	0	3	Epoch:7	Loss:1.63	MRR:13.79	Hits@10:26.2	Best:13.79
2024-10-10 17:53:20,057 INFO    : Snapshot:1	0	3	Epoch:8	Loss:1.584	MRR:13.88	Hits@10:26.16	Best:13.88
2024-10-10 17:53:23,951 INFO    : Snapshot:1	0	3	Epoch:9	Loss:1.499	MRR:13.92	Hits@10:26.04	Best:13.92
2024-10-10 17:53:27,790 INFO    : Snapshot:1	0	3	Epoch:10	Loss:1.478	MRR:14.01	Hits@10:26.39	Best:14.01
2024-10-10 17:53:31,680 INFO    : Snapshot:1	0	3	Epoch:11	Loss:1.431	MRR:14.11	Hits@10:26.74	Best:14.11
2024-10-10 17:53:35,525 INFO    : Snapshot:1	0	3	Epoch:12	Loss:1.404	MRR:14.17	Hits@10:27.12	Best:14.17
2024-10-10 17:53:39,384 INFO    : Snapshot:1	0	3	Epoch:13	Loss:1.365	MRR:14.26	Hits@10:27.07	Best:14.26
2024-10-10 17:53:43,267 INFO    : Snapshot:1	0	3	Epoch:14	Loss:1.337	MRR:14.29	Hits@10:26.82	Best:14.29
2024-10-10 17:53:47,189 INFO    : Snapshot:1	1	3	Epoch:15	Loss:1.33	MRR:14.21	Hits@10:26.79	Best:14.29
2024-10-10 17:53:51,122 INFO    : Snapshot:1	2	3	Epoch:16	Loss:1.298	MRR:14.27	Hits@10:26.97	Best:14.29
2024-10-10 17:53:55,085 INFO    : Snapshot:1	0	3	Epoch:17	Loss:1.293	MRR:14.33	Hits@10:27.16	Best:14.33
2024-10-10 17:53:58,975 INFO    : Snapshot:1	1	3	Epoch:18	Loss:1.259	MRR:14.32	Hits@10:26.99	Best:14.33
2024-10-10 17:54:02,909 INFO    : Snapshot:1	2	3	Epoch:19	Loss:1.237	MRR:14.15	Hits@10:26.98	Best:14.33
2024-10-10 17:54:06,804 INFO    : Early Stopping! Snapshot:1 Epoch: 20 Best Results: 14.33
2024-10-10 17:54:06,926 INFO    : => loading checkpoint './checkpoint/FB_CKGE\1model_best.tar'
2024-10-10 17:54:32,408 INFO    : 
+------------+--------+--------+--------+--------+---------+
| Snapshot:1 |  MRR   | Hits@1 | Hits@3 | Hits@5 | Hits@10 |
+------------+--------+--------+--------+--------+---------+
|     0      | 0.246  | 0.1419 | 0.2865 |  0.36  |  0.452  |
|     1      | 0.1493 | 0.0862 | 0.1604 | 0.2035 |  0.2752 |
+------------+--------+--------+--------+--------+---------+
2024-10-10 17:54:44,587 INFO    : Snapshot:2	0	3	Epoch:0	Loss:7.811	MRR:15.13	Hits@10:26.74	Best:15.13
2024-10-10 17:54:48,998 INFO    : Snapshot:2	0	3	Epoch:1	Loss:3.6	MRR:15.33	Hits@10:27.18	Best:15.33
2024-10-10 17:54:53,711 INFO    : Snapshot:2	0	3	Epoch:2	Loss:3.003	MRR:15.49	Hits@10:27.43	Best:15.49
2024-10-10 17:54:58,119 INFO    : Snapshot:2	0	3	Epoch:3	Loss:2.773	MRR:15.52	Hits@10:27.64	Best:15.52
2024-10-10 17:55:02,478 INFO    : Snapshot:2	0	3	Epoch:4	Loss:2.617	MRR:15.56	Hits@10:27.7	Best:15.56
2024-10-10 17:55:06,871 INFO    : Snapshot:2	0	3	Epoch:5	Loss:2.514	MRR:15.67	Hits@10:27.86	Best:15.67
2024-10-10 17:55:11,237 INFO    : Snapshot:2	1	3	Epoch:6	Loss:2.456	MRR:15.67	Hits@10:27.93	Best:15.67
2024-10-10 17:55:15,629 INFO    : Snapshot:2	0	3	Epoch:7	Loss:2.374	MRR:15.71	Hits@10:27.88	Best:15.71
2024-10-10 17:55:19,993 INFO    : Snapshot:2	1	3	Epoch:8	Loss:2.332	MRR:15.65	Hits@10:27.87	Best:15.71
2024-10-10 17:55:24,376 INFO    : Snapshot:2	0	3	Epoch:9	Loss:2.306	MRR:15.77	Hits@10:27.86	Best:15.77
2024-10-10 17:55:28,805 INFO    : Snapshot:2	1	3	Epoch:10	Loss:2.256	MRR:15.77	Hits@10:27.86	Best:15.77
2024-10-10 17:55:33,216 INFO    : Snapshot:2	2	3	Epoch:11	Loss:2.26	MRR:15.74	Hits@10:27.92	Best:15.77
2024-10-10 17:55:37,564 INFO    : Snapshot:2	0	3	Epoch:12	Loss:2.232	MRR:15.8	Hits@10:28.07	Best:15.8
2024-10-10 17:55:41,966 INFO    : Snapshot:2	1	3	Epoch:13	Loss:2.217	MRR:15.74	Hits@10:27.85	Best:15.8
2024-10-10 17:55:46,294 INFO    : Snapshot:2	2	3	Epoch:14	Loss:2.184	MRR:15.8	Hits@10:28.0	Best:15.8
2024-10-10 17:55:50,635 INFO    : Snapshot:2	0	3	Epoch:15	Loss:2.174	MRR:15.81	Hits@10:28.0	Best:15.81
2024-10-10 17:55:54,912 INFO    : Snapshot:2	1	3	Epoch:16	Loss:2.168	MRR:15.8	Hits@10:28.01	Best:15.81
2024-10-10 17:55:59,185 INFO    : Snapshot:2	2	3	Epoch:17	Loss:2.157	MRR:15.79	Hits@10:27.96	Best:15.81
2024-10-10 17:56:03,503 INFO    : Early Stopping! Snapshot:2 Epoch: 18 Best Results: 15.81
2024-10-10 17:56:03,617 INFO    : => loading checkpoint './checkpoint/FB_CKGE\2model_best.tar'
2024-10-10 17:56:36,013 INFO    : 
+------------+--------+--------+--------+--------+---------+
| Snapshot:2 |  MRR   | Hits@1 | Hits@3 | Hits@5 | Hits@10 |
+------------+--------+--------+--------+--------+---------+
|     0      | 0.246  | 0.1419 | 0.2865 |  0.36  |  0.452  |
|     1      | 0.1493 | 0.0862 | 0.1604 | 0.2035 |  0.2752 |
|     2      | 0.1552 | 0.0932 | 0.169  | 0.2102 |  0.2758 |
+------------+--------+--------+--------+--------+---------+
2024-10-10 17:56:49,197 INFO    : Snapshot:3	0	3	Epoch:0	Loss:5.302	MRR:16.77	Hits@10:28.53	Best:16.77
2024-10-10 17:56:53,968 INFO    : Snapshot:3	0	3	Epoch:1	Loss:3.432	MRR:16.84	Hits@10:28.64	Best:16.84
2024-10-10 17:56:58,775 INFO    : Snapshot:3	0	3	Epoch:2	Loss:3.133	MRR:16.85	Hits@10:28.68	Best:16.85
2024-10-10 17:57:03,560 INFO    : Snapshot:3	1	3	Epoch:3	Loss:3.0	MRR:16.84	Hits@10:28.77	Best:16.85
2024-10-10 17:57:08,412 INFO    : Snapshot:3	2	3	Epoch:4	Loss:2.947	MRR:16.84	Hits@10:28.8	Best:16.85
2024-10-10 17:57:13,223 INFO    : Snapshot:3	0	3	Epoch:5	Loss:2.909	MRR:16.89	Hits@10:28.84	Best:16.89
2024-10-10 17:57:17,862 INFO    : Snapshot:3	1	3	Epoch:6	Loss:2.838	MRR:16.85	Hits@10:28.89	Best:16.89
2024-10-10 17:57:22,489 INFO    : Snapshot:3	2	3	Epoch:7	Loss:2.822	MRR:16.84	Hits@10:28.76	Best:16.89
2024-10-10 17:57:27,137 INFO    : Early Stopping! Snapshot:3 Epoch: 8 Best Results: 16.89
2024-10-10 17:57:27,247 INFO    : => loading checkpoint './checkpoint/FB_CKGE\3model_best.tar'
2024-10-10 17:58:02,725 INFO    : 
+------------+--------+--------+--------+--------+---------+
| Snapshot:3 |  MRR   | Hits@1 | Hits@3 | Hits@5 | Hits@10 |
+------------+--------+--------+--------+--------+---------+
|     0      | 0.246  | 0.1419 | 0.2865 |  0.36  |  0.452  |
|     1      | 0.1493 | 0.0862 | 0.1604 | 0.2035 |  0.2752 |
|     2      | 0.1552 | 0.0932 | 0.169  | 0.2102 |  0.2758 |
|     3      | 0.1639 | 0.1018 | 0.1777 | 0.2206 |  0.2836 |
+------------+--------+--------+--------+--------+---------+
2024-10-10 17:58:16,042 INFO    : Snapshot:4	0	3	Epoch:0	Loss:4.036	MRR:17.71	Hits@10:29.06	Best:17.71
2024-10-10 17:58:20,919 INFO    : Snapshot:4	1	3	Epoch:1	Loss:3.446	MRR:17.7	Hits@10:29.06	Best:17.71
2024-10-10 17:58:25,816 INFO    : Snapshot:4	0	3	Epoch:2	Loss:3.293	MRR:17.75	Hits@10:29.02	Best:17.75
2024-10-10 17:58:30,932 INFO    : Snapshot:4	1	3	Epoch:3	Loss:3.274	MRR:17.74	Hits@10:29.01	Best:17.75
2024-10-10 17:58:35,866 INFO    : Snapshot:4	2	3	Epoch:4	Loss:3.242	MRR:17.73	Hits@10:29.0	Best:17.75
2024-10-10 17:58:40,749 INFO    : Early Stopping! Snapshot:4 Epoch: 5 Best Results: 17.75
2024-10-10 17:58:40,871 INFO    : => loading checkpoint './checkpoint/FB_CKGE\4model_best.tar'
2024-10-10 17:59:22,129 INFO    : 
+------------+--------+--------+--------+--------+---------+
| Snapshot:4 |  MRR   | Hits@1 | Hits@3 | Hits@5 | Hits@10 |
+------------+--------+--------+--------+--------+---------+
|     0      | 0.246  | 0.1419 | 0.2865 |  0.36  |  0.452  |
|     1      | 0.1493 | 0.0862 | 0.1604 | 0.2035 |  0.2752 |
|     2      | 0.1552 | 0.0932 | 0.169  | 0.2102 |  0.2758 |
|     3      | 0.1639 | 0.1018 | 0.1777 | 0.2206 |  0.2836 |
|     4      | 0.2069 | 0.1295 | 0.2368 | 0.2863 |  0.3559 |
+------------+--------+--------+--------+--------+---------+
2024-10-10 17:59:22,131 INFO    : Final Result:
[+------------+-------+--------+--------+--------+---------+
| Snapshot:0 |  MRR  | Hits@1 | Hits@3 | Hits@5 | Hits@10 |
+------------+-------+--------+--------+--------+---------+
|     0      | 0.246 | 0.1419 | 0.2865 |  0.36  |  0.452  |
+------------+-------+--------+--------+--------+---------+, +------------+--------+--------+--------+--------+---------+
| Snapshot:1 |  MRR   | Hits@1 | Hits@3 | Hits@5 | Hits@10 |
+------------+--------+--------+--------+--------+---------+
|     0      | 0.246  | 0.1419 | 0.2865 |  0.36  |  0.452  |
|     1      | 0.1493 | 0.0862 | 0.1604 | 0.2035 |  0.2752 |
+------------+--------+--------+--------+--------+---------+, +------------+--------+--------+--------+--------+---------+
| Snapshot:2 |  MRR   | Hits@1 | Hits@3 | Hits@5 | Hits@10 |
+------------+--------+--------+--------+--------+---------+
|     0      | 0.246  | 0.1419 | 0.2865 |  0.36  |  0.452  |
|     1      | 0.1493 | 0.0862 | 0.1604 | 0.2035 |  0.2752 |
|     2      | 0.1552 | 0.0932 | 0.169  | 0.2102 |  0.2758 |
+------------+--------+--------+--------+--------+---------+, +------------+--------+--------+--------+--------+---------+
| Snapshot:3 |  MRR   | Hits@1 | Hits@3 | Hits@5 | Hits@10 |
+------------+--------+--------+--------+--------+---------+
|     0      | 0.246  | 0.1419 | 0.2865 |  0.36  |  0.452  |
|     1      | 0.1493 | 0.0862 | 0.1604 | 0.2035 |  0.2752 |
|     2      | 0.1552 | 0.0932 | 0.169  | 0.2102 |  0.2758 |
|     3      | 0.1639 | 0.1018 | 0.1777 | 0.2206 |  0.2836 |
+------------+--------+--------+--------+--------+---------+, +------------+--------+--------+--------+--------+---------+
| Snapshot:4 |  MRR   | Hits@1 | Hits@3 | Hits@5 | Hits@10 |
+------------+--------+--------+--------+--------+---------+
|     0      | 0.246  | 0.1419 | 0.2865 |  0.36  |  0.452  |
|     1      | 0.1493 | 0.0862 | 0.1604 | 0.2035 |  0.2752 |
|     2      | 0.1552 | 0.0932 | 0.169  | 0.2102 |  0.2758 |
|     3      | 0.1639 | 0.1018 | 0.1777 | 0.2206 |  0.2836 |
|     4      | 0.2069 | 0.1295 | 0.2368 | 0.2863 |  0.3559 |
+------------+--------+--------+--------+--------+---------+]
2024-10-10 17:59:22,131 INFO    : Report Result:
+----------+--------------------+-----------+--------------+--------------+---------------+
| Snapshot |        Time        | Whole_MRR | Whole_Hits@1 | Whole_Hits@3 | Whole_Hits@10 |
+----------+--------------------+-----------+--------------+--------------+---------------+
|    0     | 88.31187343597412  |   0.246   |    0.142     |    0.286     |     0.452     |
|    1     | 86.05340099334717  |   0.232   |    0.134     |    0.268     |     0.427     |
|    2     | 86.36259365081787  |   0.223   |    0.129     |    0.256     |     0.408     |
|    3     | 46.00817394256592  |   0.216   |    0.126     |    0.247     |     0.394     |
|    4     | 32.753328800201416 |   0.215   |    0.126     |    0.246     |      0.39     |
+----------+--------------------+-----------+--------------+--------------+---------------+
2024-10-10 17:59:22,132 INFO    : Sum_Training_Time:339.4893708229065
2024-10-10 17:59:22,132 INFO    : Every_Training_Time:[88.31187343597412, 86.05340099334717, 86.36259365081787, 46.00817394256592, 32.753328800201416]
2024-10-10 17:59:22,132 INFO    : Forward transfer: 0.13542500000000002 Backward transfer: 0.0
