2024-09-20 12:32:31,262 INFO    : Namespace(batch_size='1024', data_path='./data/HYBRID/', dataset='HYBRID', debug=False, device=device(type='cuda', index=0), emb_dim=200, ent_r='150', epoch_num=200, explore=False, gpu='0', l2=0.0, learning_rate='1e-1', log_path='./logs/20240920123223/HYBRID', logger=<RootLogger root (INFO)>, margin=8.0, model_name='LoraKGE_Layers', multi_layers_path='train_sorted_by_edges_betweenness.txt', neg_ratio=10, note='', num_ent_layers='2', num_layer=1, num_rel_layers='1', patience=3, predict_result=False, r='200', r_fixed=True, random_seed=3407, record=False, rel_r='20', save_path='./checkpoint/HYBRID', skip_previous='False', snapshot_num=5, train_new=True, using_multi_layers=False, using_various_ranks='True', using_various_ranks_reverse=False, valid_metrics='mrr')
2024-09-20 12:32:39,389 INFO    : Snapshot:0	0	3	Epoch:0	Loss:37.229	MRR:14.76	Hits@10:28.92	Best:14.76
2024-09-20 12:32:45,075 INFO    : Snapshot:0	0	3	Epoch:1	Loss:18.611	MRR:22.47	Hits@10:40.38	Best:22.47
2024-09-20 12:32:50,499 INFO    : Snapshot:0	0	3	Epoch:2	Loss:8.665	MRR:25.05	Hits@10:43.96	Best:25.05
2024-09-20 12:32:55,950 INFO    : Snapshot:0	0	3	Epoch:3	Loss:4.555	MRR:25.63	Hits@10:44.96	Best:25.63
2024-09-20 12:33:01,301 INFO    : Snapshot:0	1	3	Epoch:4	Loss:2.778	MRR:25.59	Hits@10:44.87	Best:25.63
2024-09-20 12:33:06,959 INFO    : Snapshot:0	2	3	Epoch:5	Loss:1.937	MRR:25.27	Hits@10:44.8	Best:25.63
2024-09-20 12:33:12,416 INFO    : Early Stopping! Snapshot:0 Epoch: 6 Best Results: 25.63
2024-09-20 12:33:12,508 INFO    : => loading checkpoint './checkpoint/HYBRID\0model_best.tar'
2024-09-20 12:33:15,769 INFO    : 
+------------+--------+--------+--------+--------+---------+
| Snapshot:0 |  MRR   | Hits@1 | Hits@3 | Hits@5 | Hits@10 |
+------------+--------+--------+--------+--------+---------+
|     0      | 0.2558 | 0.1548 | 0.3079 | 0.3682 |  0.4392 |
+------------+--------+--------+--------+--------+---------+
2024-09-20 12:33:22,288 INFO    : Snapshot:1	0	3	Epoch:0	Loss:8.096	MRR:20.63	Hits@10:36.66	Best:20.63
2024-09-20 12:33:24,678 INFO    : Snapshot:1	0	3	Epoch:1	Loss:3.91	MRR:23.8	Hits@10:41.47	Best:23.8
2024-09-20 12:33:26,924 INFO    : Snapshot:1	0	3	Epoch:2	Loss:3.266	MRR:25.34	Hits@10:44.06	Best:25.34
2024-09-20 12:33:29,150 INFO    : Snapshot:1	0	3	Epoch:3	Loss:2.967	MRR:25.95	Hits@10:45.21	Best:25.95
2024-09-20 12:33:31,358 INFO    : Snapshot:1	0	3	Epoch:4	Loss:2.808	MRR:26.61	Hits@10:45.23	Best:26.61
2024-09-20 12:33:33,599 INFO    : Snapshot:1	0	3	Epoch:5	Loss:2.69	MRR:26.95	Hits@10:45.56	Best:26.95
2024-09-20 12:33:35,835 INFO    : Snapshot:1	1	3	Epoch:6	Loss:2.615	MRR:26.77	Hits@10:45.78	Best:26.95
2024-09-20 12:33:38,091 INFO    : Snapshot:1	0	3	Epoch:7	Loss:2.569	MRR:27.13	Hits@10:46.2	Best:27.13
2024-09-20 12:33:40,383 INFO    : Snapshot:1	0	3	Epoch:8	Loss:2.515	MRR:27.14	Hits@10:46.68	Best:27.14
2024-09-20 12:33:42,601 INFO    : Snapshot:1	0	3	Epoch:9	Loss:2.49	MRR:27.31	Hits@10:46.24	Best:27.31
2024-09-20 12:33:44,813 INFO    : Snapshot:1	0	3	Epoch:10	Loss:2.464	MRR:27.48	Hits@10:46.46	Best:27.48
2024-09-20 12:33:47,053 INFO    : Snapshot:1	1	3	Epoch:11	Loss:2.445	MRR:27.48	Hits@10:46.86	Best:27.48
2024-09-20 12:33:49,286 INFO    : Snapshot:1	0	3	Epoch:12	Loss:2.431	MRR:27.75	Hits@10:46.96	Best:27.75
2024-09-20 12:33:51,522 INFO    : Snapshot:1	0	3	Epoch:13	Loss:2.397	MRR:28.02	Hits@10:46.91	Best:28.02
2024-09-20 12:33:53,767 INFO    : Snapshot:1	1	3	Epoch:14	Loss:2.402	MRR:27.76	Hits@10:46.79	Best:28.02
2024-09-20 12:33:55,979 INFO    : Snapshot:1	2	3	Epoch:15	Loss:2.364	MRR:27.9	Hits@10:47.14	Best:28.02
2024-09-20 12:33:58,216 INFO    : Snapshot:1	0	3	Epoch:16	Loss:2.367	MRR:28.28	Hits@10:47.11	Best:28.28
2024-09-20 12:34:00,450 INFO    : Snapshot:1	1	3	Epoch:17	Loss:2.38	MRR:28.04	Hits@10:47.08	Best:28.28
2024-09-20 12:34:02,663 INFO    : Snapshot:1	2	3	Epoch:18	Loss:2.354	MRR:28.0	Hits@10:47.2	Best:28.28
2024-09-20 12:34:04,877 INFO    : Early Stopping! Snapshot:1 Epoch: 19 Best Results: 28.28
2024-09-20 12:34:04,970 INFO    : => loading checkpoint './checkpoint/HYBRID\1model_best.tar'
2024-09-20 12:34:10,191 INFO    : 
+------------+--------+--------+--------+--------+---------+
| Snapshot:1 |  MRR   | Hits@1 | Hits@3 | Hits@5 | Hits@10 |
+------------+--------+--------+--------+--------+---------+
|     0      | 0.2558 | 0.1548 | 0.3079 | 0.3682 |  0.4392 |
|     1      | 0.2727 | 0.174  | 0.3133 | 0.3818 |  0.4646 |
+------------+--------+--------+--------+--------+---------+
2024-09-20 12:34:32,586 INFO    : Snapshot:2	0	3	Epoch:0	Loss:25.239	MRR:14.97	Hits@10:27.65	Best:14.97
2024-09-20 12:34:44,186 INFO    : Snapshot:2	0	3	Epoch:1	Loss:16.526	MRR:16.27	Hits@10:29.94	Best:16.27
2024-09-20 12:34:55,800 INFO    : Snapshot:2	0	3	Epoch:2	Loss:15.379	MRR:17.23	Hits@10:31.21	Best:17.23
2024-09-20 12:35:07,401 INFO    : Snapshot:2	0	3	Epoch:3	Loss:14.781	MRR:17.53	Hits@10:31.64	Best:17.53
2024-09-20 12:35:19,020 INFO    : Snapshot:2	0	3	Epoch:4	Loss:14.431	MRR:17.76	Hits@10:32.06	Best:17.76
2024-09-20 12:35:30,594 INFO    : Snapshot:2	0	3	Epoch:5	Loss:14.155	MRR:18.09	Hits@10:32.77	Best:18.09
2024-09-20 12:35:42,173 INFO    : Snapshot:2	0	3	Epoch:6	Loss:13.978	MRR:18.33	Hits@10:32.84	Best:18.33
2024-09-20 12:35:53,842 INFO    : Snapshot:2	0	3	Epoch:7	Loss:13.846	MRR:18.36	Hits@10:32.89	Best:18.36
2024-09-20 12:36:05,449 INFO    : Snapshot:2	1	3	Epoch:8	Loss:13.724	MRR:18.23	Hits@10:32.92	Best:18.36
2024-09-20 12:36:17,379 INFO    : Snapshot:2	0	3	Epoch:9	Loss:13.608	MRR:18.7	Hits@10:33.15	Best:18.7
2024-09-20 12:36:29,065 INFO    : Snapshot:2	0	3	Epoch:10	Loss:13.559	MRR:18.76	Hits@10:33.18	Best:18.76
2024-09-20 12:36:40,669 INFO    : Snapshot:2	1	3	Epoch:11	Loss:13.509	MRR:18.7	Hits@10:33.21	Best:18.76
2024-09-20 12:36:52,250 INFO    : Snapshot:2	2	3	Epoch:12	Loss:13.423	MRR:18.74	Hits@10:33.32	Best:18.76
2024-09-20 12:37:03,878 INFO    : Snapshot:2	0	3	Epoch:13	Loss:13.384	MRR:18.81	Hits@10:33.36	Best:18.81
2024-09-20 12:37:15,416 INFO    : Snapshot:2	0	3	Epoch:14	Loss:13.379	MRR:18.99	Hits@10:33.46	Best:18.99
2024-09-20 12:37:27,212 INFO    : Snapshot:2	1	3	Epoch:15	Loss:13.355	MRR:18.91	Hits@10:33.53	Best:18.99
2024-09-20 12:37:38,700 INFO    : Snapshot:2	2	3	Epoch:16	Loss:13.273	MRR:18.97	Hits@10:33.59	Best:18.99
2024-09-20 12:37:50,276 INFO    : Early Stopping! Snapshot:2 Epoch: 17 Best Results: 18.99
2024-09-20 12:37:50,378 INFO    : => loading checkpoint './checkpoint/HYBRID\2model_best.tar'
2024-09-20 12:38:02,994 INFO    : 
+------------+--------+--------+--------+--------+---------+
| Snapshot:2 |  MRR   | Hits@1 | Hits@3 | Hits@5 | Hits@10 |
+------------+--------+--------+--------+--------+---------+
|     0      | 0.2558 | 0.1548 | 0.3079 | 0.3682 |  0.4392 |
|     1      | 0.2727 | 0.174  | 0.3133 | 0.3818 |  0.4646 |
|     2      | 0.1873 | 0.1123 | 0.2136 | 0.2625 |  0.3312 |
+------------+--------+--------+--------+--------+---------+
2024-09-20 12:38:30,878 INFO    : Snapshot:3	0	3	Epoch:0	Loss:29.115	MRR:15.18	Hits@10:28.39	Best:15.18
2024-09-20 12:38:46,096 INFO    : Snapshot:3	0	3	Epoch:1	Loss:21.3	MRR:16.03	Hits@10:30.09	Best:16.03
2024-09-20 12:39:01,439 INFO    : Snapshot:3	0	3	Epoch:2	Loss:20.367	MRR:16.49	Hits@10:31.14	Best:16.49
2024-09-20 12:39:16,671 INFO    : Snapshot:3	0	3	Epoch:3	Loss:20.023	MRR:16.67	Hits@10:31.25	Best:16.67
2024-09-20 12:39:31,796 INFO    : Snapshot:3	0	3	Epoch:4	Loss:19.788	MRR:16.98	Hits@10:31.59	Best:16.98
2024-09-20 12:39:46,985 INFO    : Snapshot:3	0	3	Epoch:5	Loss:19.547	MRR:17.25	Hits@10:31.95	Best:17.25
2024-09-20 12:40:02,196 INFO    : Snapshot:3	1	3	Epoch:6	Loss:19.43	MRR:17.2	Hits@10:31.97	Best:17.25
2024-09-20 12:40:17,563 INFO    : Snapshot:3	2	3	Epoch:7	Loss:19.357	MRR:17.17	Hits@10:32.06	Best:17.25
2024-09-20 12:40:32,781 INFO    : Snapshot:3	0	3	Epoch:8	Loss:19.26	MRR:17.27	Hits@10:32.21	Best:17.27
2024-09-20 12:40:47,973 INFO    : Snapshot:3	0	3	Epoch:9	Loss:19.191	MRR:17.55	Hits@10:32.34	Best:17.55
2024-09-20 12:41:03,162 INFO    : Snapshot:3	1	3	Epoch:10	Loss:19.104	MRR:17.52	Hits@10:32.47	Best:17.55
2024-09-20 12:41:18,235 INFO    : Snapshot:3	2	3	Epoch:11	Loss:19.071	MRR:17.38	Hits@10:32.31	Best:17.55
2024-09-20 12:41:33,595 INFO    : Early Stopping! Snapshot:3 Epoch: 12 Best Results: 17.55
2024-09-20 12:41:33,688 INFO    : => loading checkpoint './checkpoint/HYBRID\3model_best.tar'
2024-09-20 12:41:56,748 INFO    : 
+------------+--------+--------+--------+--------+---------+
| Snapshot:3 |  MRR   | Hits@1 | Hits@3 | Hits@5 | Hits@10 |
+------------+--------+--------+--------+--------+---------+
|     0      | 0.2558 | 0.1548 | 0.3079 | 0.3682 |  0.4392 |
|     1      | 0.2727 | 0.174  | 0.3133 | 0.3818 |  0.4646 |
|     2      | 0.1873 | 0.1123 | 0.2136 | 0.2625 |  0.3312 |
|     3      | 0.1758 | 0.0974 | 0.2081 | 0.2613 |  0.3252 |
+------------+--------+--------+--------+--------+---------+
2024-09-20 12:42:10,111 INFO    : Snapshot:4	0	3	Epoch:0	Loss:14.51	MRR:14.48	Hits@10:23.65	Best:14.48
2024-09-20 12:42:16,371 INFO    : Snapshot:4	0	3	Epoch:1	Loss:11.855	MRR:15.14	Hits@10:24.5	Best:15.14
2024-09-20 12:42:22,755 INFO    : Snapshot:4	0	3	Epoch:2	Loss:11.64	MRR:15.17	Hits@10:24.49	Best:15.17
2024-09-20 12:42:28,904 INFO    : Snapshot:4	0	3	Epoch:3	Loss:11.542	MRR:15.18	Hits@10:24.67	Best:15.18
2024-09-20 12:42:35,044 INFO    : Snapshot:4	0	3	Epoch:4	Loss:11.534	MRR:15.36	Hits@10:24.97	Best:15.36
2024-09-20 12:42:41,089 INFO    : Snapshot:4	0	3	Epoch:5	Loss:11.417	MRR:15.45	Hits@10:24.91	Best:15.45
2024-09-20 12:42:47,129 INFO    : Snapshot:4	1	3	Epoch:6	Loss:11.375	MRR:15.27	Hits@10:24.85	Best:15.45
2024-09-20 12:42:53,452 INFO    : Snapshot:4	2	3	Epoch:7	Loss:11.386	MRR:15.23	Hits@10:24.74	Best:15.45
2024-09-20 12:42:59,592 INFO    : Early Stopping! Snapshot:4 Epoch: 8 Best Results: 15.45
2024-09-20 12:42:59,705 INFO    : => loading checkpoint './checkpoint/HYBRID\4model_best.tar'
2024-09-20 12:43:28,306 INFO    : 
+------------+--------+--------+--------+--------+---------+
| Snapshot:4 |  MRR   | Hits@1 | Hits@3 | Hits@5 | Hits@10 |
+------------+--------+--------+--------+--------+---------+
|     0      | 0.2558 | 0.1548 | 0.3079 | 0.3682 |  0.4392 |
|     1      | 0.2727 | 0.174  | 0.3133 | 0.3818 |  0.4646 |
|     2      | 0.1873 | 0.1123 | 0.2136 | 0.2625 |  0.3312 |
|     3      | 0.1758 | 0.0974 | 0.2081 | 0.2613 |  0.3252 |
|     4      | 0.1543 | 0.1053 | 0.1668 | 0.1992 |  0.2475 |
+------------+--------+--------+--------+--------+---------+
2024-09-20 12:43:28,307 INFO    : Final Result:
[+------------+--------+--------+--------+--------+---------+
| Snapshot:0 |  MRR   | Hits@1 | Hits@3 | Hits@5 | Hits@10 |
+------------+--------+--------+--------+--------+---------+
|     0      | 0.2558 | 0.1548 | 0.3079 | 0.3682 |  0.4392 |
+------------+--------+--------+--------+--------+---------+, +------------+--------+--------+--------+--------+---------+
| Snapshot:1 |  MRR   | Hits@1 | Hits@3 | Hits@5 | Hits@10 |
+------------+--------+--------+--------+--------+---------+
|     0      | 0.2558 | 0.1548 | 0.3079 | 0.3682 |  0.4392 |
|     1      | 0.2727 | 0.174  | 0.3133 | 0.3818 |  0.4646 |
+------------+--------+--------+--------+--------+---------+, +------------+--------+--------+--------+--------+---------+
| Snapshot:2 |  MRR   | Hits@1 | Hits@3 | Hits@5 | Hits@10 |
+------------+--------+--------+--------+--------+---------+
|     0      | 0.2558 | 0.1548 | 0.3079 | 0.3682 |  0.4392 |
|     1      | 0.2727 | 0.174  | 0.3133 | 0.3818 |  0.4646 |
|     2      | 0.1873 | 0.1123 | 0.2136 | 0.2625 |  0.3312 |
+------------+--------+--------+--------+--------+---------+, +------------+--------+--------+--------+--------+---------+
| Snapshot:3 |  MRR   | Hits@1 | Hits@3 | Hits@5 | Hits@10 |
+------------+--------+--------+--------+--------+---------+
|     0      | 0.2558 | 0.1548 | 0.3079 | 0.3682 |  0.4392 |
|     1      | 0.2727 | 0.174  | 0.3133 | 0.3818 |  0.4646 |
|     2      | 0.1873 | 0.1123 | 0.2136 | 0.2625 |  0.3312 |
|     3      | 0.1758 | 0.0974 | 0.2081 | 0.2613 |  0.3252 |
+------------+--------+--------+--------+--------+---------+, +------------+--------+--------+--------+--------+---------+
| Snapshot:4 |  MRR   | Hits@1 | Hits@3 | Hits@5 | Hits@10 |
+------------+--------+--------+--------+--------+---------+
|     0      | 0.2558 | 0.1548 | 0.3079 | 0.3682 |  0.4392 |
|     1      | 0.2727 | 0.174  | 0.3133 | 0.3818 |  0.4646 |
|     2      | 0.1873 | 0.1123 | 0.2136 | 0.2625 |  0.3312 |
|     3      | 0.1758 | 0.0974 | 0.2081 | 0.2613 |  0.3252 |
|     4      | 0.1543 | 0.1053 | 0.1668 | 0.1992 |  0.2475 |
+------------+--------+--------+--------+--------+---------+]
2024-09-20 12:43:28,308 INFO    : Report Result:
+----------+--------------------+-----------+--------------+--------------+---------------+
| Snapshot |        Time        | Whole_MRR | Whole_Hits@1 | Whole_Hits@3 | Whole_Hits@10 |
+----------+--------------------+-----------+--------------+--------------+---------------+
|    0     | 41.15395641326904  |   0.256   |    0.155     |    0.308     |     0.439     |
|    1     | 47.117730379104614 |    0.26   |     0.16     |    0.309     |     0.446     |
|    2     | 212.5468044281006  |   0.222   |    0.135     |    0.259     |     0.385     |
|    3     | 200.12945461273193 |   0.204   |     0.12     |    0.239     |     0.362     |
|    4     | 57.939048290252686 |   0.198   |    0.118     |     0.23     |     0.347     |
+----------+--------------------+-----------+--------------+--------------+---------------+
2024-09-20 12:43:28,308 INFO    : Sum_Training_Time:558.8869941234589
2024-09-20 12:43:28,308 INFO    : Every_Training_Time:[41.15395641326904, 47.117730379104614, 212.5468044281006, 200.12945461273193, 57.939048290252686]
2024-09-20 12:43:28,308 INFO    : Forward transfer: 0.036500000000000005 Backward transfer: 0.0
