2024-10-02 12:23:31,336 INFO    : Namespace(batch_size='1024', data_path='./data/WN_CKGE/', dataset='WN_CKGE', debug=False, device=device(type='cuda', index=0), emb_dim=200, ent_r='150', epoch_num=200, explore=False, gpu='0', l2=0.0, learning_rate='3e-1', log_path='./logs/WN_CKGE 150 5 3e-1 1024/WN_CKGE 20241002122327', logger=<RootLogger root (INFO)>, margin=8.0, model_name='LoraKGE_Layers', multi_layers_path='train_sorted_by_edges_betweenness.txt', neg_ratio=10, note='', num_ent_layers='5', num_layer=1, num_rel_layers='1', patience=3, predict_result='True', r=100, r_fixed=True, random_seed=3407, record=False, rel_r='200', save_path='./checkpoint/WN_CKGE', skip_previous='False', snapshot_num=5, train_new=True, using_multi_layers=False, using_various_ranks='True', using_various_ranks_reverse=False, valid_metrics='mrr')
2024-10-02 12:23:43,284 INFO    : Snapshot:0	0	3	Epoch:0	Loss:45.017	MRR:0.65	Hits@10:1.58	Best:0.65
2024-10-02 12:23:55,701 INFO    : Snapshot:0	0	3	Epoch:1	Loss:32.268	MRR:1.05	Hits@10:2.63	Best:1.05
2024-10-02 12:24:07,513 INFO    : Snapshot:0	0	3	Epoch:2	Loss:21.21	MRR:5.08	Hits@10:12.95	Best:5.08
2024-10-02 12:24:19,269 INFO    : Snapshot:0	0	3	Epoch:3	Loss:13.825	MRR:9.75	Hits@10:23.04	Best:9.75
2024-10-02 12:24:31,249 INFO    : Snapshot:0	0	3	Epoch:4	Loss:9.683	MRR:12.0	Hits@10:27.35	Best:12.0
2024-10-02 12:24:42,783 INFO    : Snapshot:0	0	3	Epoch:5	Loss:7.319	MRR:13.08	Hits@10:29.41	Best:13.08
2024-10-02 12:24:54,153 INFO    : Snapshot:0	0	3	Epoch:6	Loss:5.8	MRR:13.66	Hits@10:30.48	Best:13.66
2024-10-02 12:25:05,809 INFO    : Snapshot:0	0	3	Epoch:7	Loss:4.72	MRR:14.11	Hits@10:31.25	Best:14.11
2024-10-02 12:25:17,043 INFO    : Snapshot:0	0	3	Epoch:8	Loss:3.895	MRR:14.43	Hits@10:31.91	Best:14.43
2024-10-02 12:25:28,349 INFO    : Snapshot:0	0	3	Epoch:9	Loss:3.269	MRR:14.7	Hits@10:32.3	Best:14.7
2024-10-02 12:25:39,682 INFO    : Snapshot:0	0	3	Epoch:10	Loss:2.738	MRR:14.94	Hits@10:32.63	Best:14.94
2024-10-02 12:25:50,733 INFO    : Snapshot:0	0	3	Epoch:11	Loss:2.308	MRR:15.18	Hits@10:33.15	Best:15.18
2024-10-02 12:26:02,203 INFO    : Snapshot:0	0	3	Epoch:12	Loss:1.972	MRR:15.3	Hits@10:33.5	Best:15.3
2024-10-02 12:26:13,481 INFO    : Snapshot:0	0	3	Epoch:13	Loss:1.656	MRR:15.56	Hits@10:33.92	Best:15.56
2024-10-02 12:26:24,542 INFO    : Snapshot:0	0	3	Epoch:14	Loss:1.416	MRR:15.74	Hits@10:34.26	Best:15.74
2024-10-02 12:26:35,708 INFO    : Snapshot:0	0	3	Epoch:15	Loss:1.199	MRR:15.86	Hits@10:34.58	Best:15.86
2024-10-02 12:26:46,864 INFO    : Snapshot:0	0	3	Epoch:16	Loss:1.025	MRR:16.05	Hits@10:35.02	Best:16.05
2024-10-02 12:26:58,348 INFO    : Snapshot:0	0	3	Epoch:17	Loss:0.882	MRR:16.19	Hits@10:35.33	Best:16.19
2024-10-02 12:27:09,586 INFO    : Snapshot:0	0	3	Epoch:18	Loss:0.758	MRR:16.27	Hits@10:35.47	Best:16.27
2024-10-02 12:27:20,659 INFO    : Snapshot:0	0	3	Epoch:19	Loss:0.658	MRR:16.4	Hits@10:35.84	Best:16.4
2024-10-02 12:27:31,866 INFO    : Snapshot:0	0	3	Epoch:20	Loss:0.558	MRR:16.54	Hits@10:36.09	Best:16.54
2024-10-02 12:27:43,138 INFO    : Snapshot:0	0	3	Epoch:21	Loss:0.479	MRR:16.69	Hits@10:36.51	Best:16.69
2024-10-02 12:27:54,556 INFO    : Snapshot:0	0	3	Epoch:22	Loss:0.411	MRR:16.81	Hits@10:36.77	Best:16.81
2024-10-02 12:28:05,681 INFO    : Snapshot:0	0	3	Epoch:23	Loss:0.334	MRR:16.85	Hits@10:37.03	Best:16.85
2024-10-02 12:28:17,021 INFO    : Snapshot:0	0	3	Epoch:24	Loss:0.292	MRR:16.89	Hits@10:37.28	Best:16.89
2024-10-02 12:28:28,409 INFO    : Snapshot:0	0	3	Epoch:25	Loss:0.258	MRR:16.99	Hits@10:37.5	Best:16.99
2024-10-02 12:28:39,479 INFO    : Snapshot:0	1	3	Epoch:26	Loss:0.223	MRR:16.98	Hits@10:37.89	Best:16.99
2024-10-02 12:28:50,651 INFO    : Snapshot:0	2	3	Epoch:27	Loss:0.202	MRR:16.98	Hits@10:37.93	Best:16.99
2024-10-02 12:29:02,042 INFO    : Early Stopping! Snapshot:0 Epoch: 28 Best Results: 16.99
2024-10-02 12:29:02,084 INFO    : => loading checkpoint './checkpoint/WN_CKGE\0model_best.tar'
2024-10-02 12:29:14,085 INFO    : 
+------------+-------+--------+--------+--------+---------+
| Snapshot:0 |  MRR  | Hits@1 | Hits@3 | Hits@5 | Hits@10 |
+------------+-------+--------+--------+--------+---------+
|     0      | 0.171 | 0.0146 | 0.3097 | 0.343  |  0.3773 |
+------------+-------+--------+--------+--------+---------+
2024-10-02 12:29:31,829 INFO    : Snapshot:1	0	3	Epoch:0	Loss:6.0	MRR:4.94	Hits@10:13.82	Best:4.94
2024-10-02 12:29:39,783 INFO    : Snapshot:1	0	3	Epoch:1	Loss:2.548	MRR:9.15	Hits@10:22.69	Best:9.15
2024-10-02 12:29:47,935 INFO    : Snapshot:1	0	3	Epoch:2	Loss:1.302	MRR:11.37	Hits@10:25.94	Best:11.37
2024-10-02 12:29:55,635 INFO    : Snapshot:1	0	3	Epoch:3	Loss:0.813	MRR:12.46	Hits@10:28.12	Best:12.46
2024-10-02 12:30:03,289 INFO    : Snapshot:1	0	3	Epoch:4	Loss:0.596	MRR:13.09	Hits@10:29.35	Best:13.09
2024-10-02 12:30:10,997 INFO    : Snapshot:1	0	3	Epoch:5	Loss:0.467	MRR:13.58	Hits@10:30.24	Best:13.58
2024-10-02 12:30:18,673 INFO    : Snapshot:1	0	3	Epoch:6	Loss:0.412	MRR:13.69	Hits@10:30.24	Best:13.69
2024-10-02 12:30:26,339 INFO    : Snapshot:1	0	3	Epoch:7	Loss:0.367	MRR:13.92	Hits@10:30.75	Best:13.92
2024-10-02 12:30:34,024 INFO    : Snapshot:1	0	3	Epoch:8	Loss:0.335	MRR:13.98	Hits@10:30.67	Best:13.98
2024-10-02 12:30:41,675 INFO    : Snapshot:1	0	3	Epoch:9	Loss:0.313	MRR:13.99	Hits@10:30.91	Best:13.99
2024-10-02 12:30:49,319 INFO    : Snapshot:1	0	3	Epoch:10	Loss:0.3	MRR:14.1	Hits@10:30.97	Best:14.1
2024-10-02 12:30:56,977 INFO    : Snapshot:1	1	3	Epoch:11	Loss:0.285	MRR:13.95	Hits@10:30.86	Best:14.1
2024-10-02 12:31:04,616 INFO    : Snapshot:1	2	3	Epoch:12	Loss:0.279	MRR:14.08	Hits@10:30.89	Best:14.1
2024-10-02 12:31:12,257 INFO    : Early Stopping! Snapshot:1 Epoch: 13 Best Results: 14.1
2024-10-02 12:31:12,294 INFO    : => loading checkpoint './checkpoint/WN_CKGE\1model_best.tar'
2024-10-02 12:31:32,301 INFO    : 
+------------+-------+--------+--------+--------+---------+
| Snapshot:1 |  MRR  | Hits@1 | Hits@3 | Hits@5 | Hits@10 |
+------------+-------+--------+--------+--------+---------+
|     0      | 0.171 | 0.0146 | 0.3097 | 0.343  |  0.3773 |
|     1      | 0.144 | 0.0175 | 0.2476 | 0.2849 |  0.3215 |
+------------+-------+--------+--------+--------+---------+
2024-10-02 12:32:06,347 INFO    : Snapshot:2	0	3	Epoch:0	Loss:5.944	MRR:4.89	Hits@10:13.58	Best:4.89
2024-10-02 12:32:22,610 INFO    : Snapshot:2	0	3	Epoch:1	Loss:2.459	MRR:8.89	Hits@10:21.4	Best:8.89
2024-10-02 12:32:38,936 INFO    : Snapshot:2	0	3	Epoch:2	Loss:1.214	MRR:10.92	Hits@10:24.89	Best:10.92
2024-10-02 12:32:55,160 INFO    : Snapshot:2	0	3	Epoch:3	Loss:0.752	MRR:11.93	Hits@10:26.53	Best:11.93
2024-10-02 12:33:12,014 INFO    : Snapshot:2	0	3	Epoch:4	Loss:0.548	MRR:12.49	Hits@10:27.15	Best:12.49
2024-10-02 12:33:28,734 INFO    : Snapshot:2	0	3	Epoch:5	Loss:0.435	MRR:12.64	Hits@10:27.66	Best:12.64
2024-10-02 12:33:45,160 INFO    : Snapshot:2	0	3	Epoch:6	Loss:0.365	MRR:12.89	Hits@10:28.04	Best:12.89
2024-10-02 12:34:01,649 INFO    : Snapshot:2	0	3	Epoch:7	Loss:0.335	MRR:12.92	Hits@10:27.96	Best:12.92
2024-10-02 12:34:18,062 INFO    : Snapshot:2	0	3	Epoch:8	Loss:0.304	MRR:13.09	Hits@10:28.06	Best:13.09
2024-10-02 12:34:34,394 INFO    : Snapshot:2	0	3	Epoch:9	Loss:0.288	MRR:13.24	Hits@10:28.17	Best:13.24
2024-10-02 12:34:50,437 INFO    : Snapshot:2	0	3	Epoch:10	Loss:0.276	MRR:13.29	Hits@10:28.41	Best:13.29
2024-10-02 12:35:05,986 INFO    : Snapshot:2	0	3	Epoch:11	Loss:0.267	MRR:13.31	Hits@10:28.33	Best:13.31
2024-10-02 12:35:22,067 INFO    : Snapshot:2	0	3	Epoch:12	Loss:0.255	MRR:13.36	Hits@10:28.39	Best:13.36
2024-10-02 12:35:37,730 INFO    : Snapshot:2	0	3	Epoch:13	Loss:0.245	MRR:13.5	Hits@10:28.52	Best:13.5
2024-10-02 12:35:53,125 INFO    : Snapshot:2	1	3	Epoch:14	Loss:0.235	MRR:13.46	Hits@10:28.31	Best:13.5
2024-10-02 12:36:08,477 INFO    : Snapshot:2	2	3	Epoch:15	Loss:0.233	MRR:13.44	Hits@10:28.47	Best:13.5
2024-10-02 12:36:23,903 INFO    : Early Stopping! Snapshot:2 Epoch: 16 Best Results: 13.5
2024-10-02 12:36:23,948 INFO    : => loading checkpoint './checkpoint/WN_CKGE\2model_best.tar'
2024-10-02 12:37:00,196 INFO    : 
+------------+--------+--------+--------+--------+---------+
| Snapshot:2 |  MRR   | Hits@1 | Hits@3 | Hits@5 | Hits@10 |
+------------+--------+--------+--------+--------+---------+
|     0      | 0.171  | 0.0146 | 0.3097 | 0.343  |  0.3773 |
|     1      | 0.144  | 0.0175 | 0.2476 | 0.2849 |  0.3215 |
|     2      | 0.1433 | 0.0239 | 0.2425 | 0.2742 |  0.3032 |
+------------+--------+--------+--------+--------+---------+
2024-10-02 12:37:39,189 INFO    : Snapshot:3	0	3	Epoch:0	Loss:5.941	MRR:4.17	Hits@10:11.21	Best:4.17
2024-10-02 12:37:57,059 INFO    : Snapshot:3	0	3	Epoch:1	Loss:2.432	MRR:8.44	Hits@10:19.65	Best:8.44
2024-10-02 12:38:15,212 INFO    : Snapshot:3	0	3	Epoch:2	Loss:1.199	MRR:10.33	Hits@10:22.72	Best:10.33
2024-10-02 12:38:33,293 INFO    : Snapshot:3	0	3	Epoch:3	Loss:0.737	MRR:11.35	Hits@10:24.6	Best:11.35
2024-10-02 12:38:52,220 INFO    : Snapshot:3	0	3	Epoch:4	Loss:0.552	MRR:11.92	Hits@10:25.4	Best:11.92
2024-10-02 12:39:10,811 INFO    : Snapshot:3	0	3	Epoch:5	Loss:0.442	MRR:12.26	Hits@10:25.99	Best:12.26
2024-10-02 12:39:29,557 INFO    : Snapshot:3	0	3	Epoch:6	Loss:0.386	MRR:12.29	Hits@10:25.99	Best:12.29
2024-10-02 12:39:48,877 INFO    : Snapshot:3	0	3	Epoch:7	Loss:0.343	MRR:12.53	Hits@10:26.26	Best:12.53
2024-10-02 12:40:07,850 INFO    : Snapshot:3	0	3	Epoch:8	Loss:0.312	MRR:12.65	Hits@10:26.4	Best:12.65
2024-10-02 12:40:26,523 INFO    : Snapshot:3	0	3	Epoch:9	Loss:0.29	MRR:12.72	Hits@10:26.4	Best:12.72
2024-10-02 12:40:45,671 INFO    : Snapshot:3	1	3	Epoch:10	Loss:0.279	MRR:12.62	Hits@10:26.42	Best:12.72
2024-10-02 12:41:04,122 INFO    : Snapshot:3	0	3	Epoch:11	Loss:0.273	MRR:12.74	Hits@10:26.72	Best:12.74
2024-10-02 12:41:22,941 INFO    : Snapshot:3	1	3	Epoch:12	Loss:0.26	MRR:12.71	Hits@10:26.64	Best:12.74
2024-10-02 12:41:41,705 INFO    : Snapshot:3	0	3	Epoch:13	Loss:0.253	MRR:12.83	Hits@10:26.99	Best:12.83
2024-10-02 12:42:00,695 INFO    : Snapshot:3	0	3	Epoch:14	Loss:0.249	MRR:12.95	Hits@10:27.2	Best:12.95
2024-10-02 12:42:18,630 INFO    : Snapshot:3	1	3	Epoch:15	Loss:0.239	MRR:12.83	Hits@10:27.15	Best:12.95
2024-10-02 12:42:36,654 INFO    : Snapshot:3	2	3	Epoch:16	Loss:0.233	MRR:12.83	Hits@10:27.1	Best:12.95
2024-10-02 12:42:54,626 INFO    : Early Stopping! Snapshot:3 Epoch: 17 Best Results: 12.95
2024-10-02 12:42:54,679 INFO    : => loading checkpoint './checkpoint/WN_CKGE\3model_best.tar'
2024-10-02 12:43:53,104 INFO    : 
+------------+--------+--------+--------+--------+---------+
| Snapshot:3 |  MRR   | Hits@1 | Hits@3 | Hits@5 | Hits@10 |
+------------+--------+--------+--------+--------+---------+
|     0      | 0.171  | 0.0146 | 0.3097 | 0.343  |  0.3773 |
|     1      | 0.144  | 0.0175 | 0.2476 | 0.2849 |  0.3215 |
|     2      | 0.1433 | 0.0239 | 0.2425 | 0.2742 |  0.3032 |
|     3      | 0.1337 | 0.0218 | 0.2296 | 0.2554 |  0.2855 |
+------------+--------+--------+--------+--------+---------+
2024-10-02 12:44:03,473 INFO    : Snapshot:4	0	3	Epoch:0	Loss:5.854	MRR:10.23	Hits@10:22.61	Best:10.23
2024-10-02 12:44:07,100 INFO    : Snapshot:4	0	3	Epoch:1	Loss:2.297	MRR:11.57	Hits@10:25.27	Best:11.57
2024-10-02 12:44:10,621 INFO    : Snapshot:4	0	3	Epoch:2	Loss:1.106	MRR:12.42	Hits@10:26.8	Best:12.42
2024-10-02 12:44:14,347 INFO    : Snapshot:4	0	3	Epoch:3	Loss:0.662	MRR:12.99	Hits@10:27.63	Best:12.99
2024-10-02 12:44:17,712 INFO    : Snapshot:4	0	3	Epoch:4	Loss:0.49	MRR:13.23	Hits@10:28.06	Best:13.23
2024-10-02 12:44:21,419 INFO    : Snapshot:4	0	3	Epoch:5	Loss:0.399	MRR:13.31	Hits@10:27.98	Best:13.31
2024-10-02 12:44:25,134 INFO    : Snapshot:4	0	3	Epoch:6	Loss:0.352	MRR:13.48	Hits@10:28.12	Best:13.48
2024-10-02 12:44:28,828 INFO    : Snapshot:4	0	3	Epoch:7	Loss:0.319	MRR:13.5	Hits@10:28.12	Best:13.5
2024-10-02 12:44:32,259 INFO    : Snapshot:4	1	3	Epoch:8	Loss:0.292	MRR:13.48	Hits@10:28.12	Best:13.5
2024-10-02 12:44:35,621 INFO    : Snapshot:4	2	3	Epoch:9	Loss:0.274	MRR:13.46	Hits@10:28.15	Best:13.5
2024-10-02 12:44:39,165 INFO    : Snapshot:4	0	3	Epoch:10	Loss:0.259	MRR:13.52	Hits@10:28.23	Best:13.52
2024-10-02 12:44:42,504 INFO    : Snapshot:4	0	3	Epoch:11	Loss:0.249	MRR:13.53	Hits@10:28.12	Best:13.53
2024-10-02 12:44:45,700 INFO    : Snapshot:4	0	3	Epoch:12	Loss:0.247	MRR:13.56	Hits@10:28.23	Best:13.56
2024-10-02 12:44:48,886 INFO    : Snapshot:4	0	3	Epoch:13	Loss:0.242	MRR:13.61	Hits@10:28.44	Best:13.61
2024-10-02 12:44:52,074 INFO    : Snapshot:4	1	3	Epoch:14	Loss:0.227	MRR:13.59	Hits@10:28.41	Best:13.61
2024-10-02 12:44:55,261 INFO    : Snapshot:4	2	3	Epoch:15	Loss:0.225	MRR:13.58	Hits@10:28.44	Best:13.61
2024-10-02 12:44:58,534 INFO    : Early Stopping! Snapshot:4 Epoch: 16 Best Results: 13.61
2024-10-02 12:44:58,575 INFO    : => loading checkpoint './checkpoint/WN_CKGE\4model_best.tar'
2024-10-02 12:45:24,584 INFO    : 
+------------+--------+--------+--------+--------+---------+
| Snapshot:4 |  MRR   | Hits@1 | Hits@3 | Hits@5 | Hits@10 |
+------------+--------+--------+--------+--------+---------+
|     0      | 0.171  | 0.0146 | 0.3097 | 0.343  |  0.3773 |
|     1      | 0.144  | 0.0175 | 0.2476 | 0.2849 |  0.3215 |
|     2      | 0.1433 | 0.0239 | 0.2425 | 0.2742 |  0.3032 |
|     3      | 0.1337 | 0.0218 | 0.2296 | 0.2554 |  0.2855 |
|     4      | 0.1425 | 0.0161 | 0.2593 | 0.274  |  0.3004 |
+------------+--------+--------+--------+--------+---------+
2024-10-02 12:45:24,586 INFO    : Final Result:
[+------------+-------+--------+--------+--------+---------+
| Snapshot:0 |  MRR  | Hits@1 | Hits@3 | Hits@5 | Hits@10 |
+------------+-------+--------+--------+--------+---------+
|     0      | 0.171 | 0.0146 | 0.3097 | 0.343  |  0.3773 |
+------------+-------+--------+--------+--------+---------+, +------------+-------+--------+--------+--------+---------+
| Snapshot:1 |  MRR  | Hits@1 | Hits@3 | Hits@5 | Hits@10 |
+------------+-------+--------+--------+--------+---------+
|     0      | 0.171 | 0.0146 | 0.3097 | 0.343  |  0.3773 |
|     1      | 0.144 | 0.0175 | 0.2476 | 0.2849 |  0.3215 |
+------------+-------+--------+--------+--------+---------+, +------------+--------+--------+--------+--------+---------+
| Snapshot:2 |  MRR   | Hits@1 | Hits@3 | Hits@5 | Hits@10 |
+------------+--------+--------+--------+--------+---------+
|     0      | 0.171  | 0.0146 | 0.3097 | 0.343  |  0.3773 |
|     1      | 0.144  | 0.0175 | 0.2476 | 0.2849 |  0.3215 |
|     2      | 0.1433 | 0.0239 | 0.2425 | 0.2742 |  0.3032 |
+------------+--------+--------+--------+--------+---------+, +------------+--------+--------+--------+--------+---------+
| Snapshot:3 |  MRR   | Hits@1 | Hits@3 | Hits@5 | Hits@10 |
+------------+--------+--------+--------+--------+---------+
|     0      | 0.171  | 0.0146 | 0.3097 | 0.343  |  0.3773 |
|     1      | 0.144  | 0.0175 | 0.2476 | 0.2849 |  0.3215 |
|     2      | 0.1433 | 0.0239 | 0.2425 | 0.2742 |  0.3032 |
|     3      | 0.1337 | 0.0218 | 0.2296 | 0.2554 |  0.2855 |
+------------+--------+--------+--------+--------+---------+, +------------+--------+--------+--------+--------+---------+
| Snapshot:4 |  MRR   | Hits@1 | Hits@3 | Hits@5 | Hits@10 |
+------------+--------+--------+--------+--------+---------+
|     0      | 0.171  | 0.0146 | 0.3097 | 0.343  |  0.3773 |
|     1      | 0.144  | 0.0175 | 0.2476 | 0.2849 |  0.3215 |
|     2      | 0.1433 | 0.0239 | 0.2425 | 0.2742 |  0.3032 |
|     3      | 0.1337 | 0.0218 | 0.2296 | 0.2554 |  0.2855 |
|     4      | 0.1425 | 0.0161 | 0.2593 | 0.274  |  0.3004 |
+------------+--------+--------+--------+--------+---------+]
2024-10-02 12:45:24,587 INFO    : Report Result:
+----------+--------------------+-----------+--------------+--------------+---------------+
| Snapshot |        Time        | Whole_MRR | Whole_Hits@1 | Whole_Hits@3 | Whole_Hits@10 |
+----------+--------------------+-----------+--------------+--------------+---------------+
|    0     | 330.7062804698944  |   0.171   |    0.015     |     0.31     |     0.377     |
|    1     | 109.37048983573914 |   0.167   |    0.015     |    0.301     |     0.369     |
|    2     | 274.16690278053284 |   0.164   |    0.016     |    0.294     |     0.361     |
|    3     |  333.867146730423  |   0.161   |    0.017     |    0.286     |     0.353     |
|    4     |  59.297931432724   |   0.159   |    0.017     |    0.284     |     0.347     |
+----------+--------------------+-----------+--------------+--------------+---------------+
2024-10-02 12:45:24,588 INFO    : Sum_Training_Time:1107.4087512493134
2024-10-02 12:45:24,588 INFO    : Every_Training_Time:[330.7062804698944, 109.37048983573914, 274.16690278053284, 333.867146730423, 59.297931432724]
2024-10-02 12:45:24,588 INFO    : Forward transfer: 0.060425 Backward transfer: 0.0
