2024-10-04 10:24:29,287 INFO    : Namespace(batch_size='1024', data_path='./data/WN_CKGE/', dataset='WN_CKGE', debug=False, device=device(type='cuda', index=0), emb_dim=200, ent_r='200', epoch_num=200, explore=False, gpu='0', l2=0.0, learning_rate='3e-1', log_path='./logs/WN_CKGE 200 10 3e-1 1024/WN_CKGE 20241004102424', logger=<RootLogger root (INFO)>, margin=8.0, model_name='LoraKGE_Layers', multi_layers_path='train_sorted_by_edges_betweenness.txt', neg_ratio=10, note='', num_ent_layers='10', num_layer=1, num_rel_layers='1', patience=3, predict_result='True', r=100, r_fixed=True, random_seed=3407, record=False, rel_r='20', save_path='./checkpoint/WN_CKGE', skip_previous='False', snapshot_num=5, train_new=True, using_multi_layers=False, using_various_ranks='True', using_various_ranks_reverse=False, valid_metrics='mrr')
2024-10-04 10:24:41,272 INFO    : Snapshot:0	0	3	Epoch:0	Loss:45.017	MRR:0.65	Hits@10:1.58	Best:0.65
2024-10-04 10:24:52,736 INFO    : Snapshot:0	0	3	Epoch:1	Loss:32.268	MRR:1.05	Hits@10:2.63	Best:1.05
2024-10-04 10:25:04,679 INFO    : Snapshot:0	0	3	Epoch:2	Loss:21.21	MRR:5.08	Hits@10:12.95	Best:5.08
2024-10-04 10:25:16,545 INFO    : Snapshot:0	0	3	Epoch:3	Loss:13.825	MRR:9.75	Hits@10:23.04	Best:9.75
2024-10-04 10:25:28,316 INFO    : Snapshot:0	0	3	Epoch:4	Loss:9.683	MRR:12.0	Hits@10:27.35	Best:12.0
2024-10-04 10:25:39,669 INFO    : Snapshot:0	0	3	Epoch:5	Loss:7.319	MRR:13.08	Hits@10:29.41	Best:13.08
2024-10-04 10:25:50,906 INFO    : Snapshot:0	0	3	Epoch:6	Loss:5.8	MRR:13.66	Hits@10:30.48	Best:13.66
2024-10-04 10:26:02,253 INFO    : Snapshot:0	0	3	Epoch:7	Loss:4.72	MRR:14.11	Hits@10:31.25	Best:14.11
2024-10-04 10:26:13,771 INFO    : Snapshot:0	0	3	Epoch:8	Loss:3.895	MRR:14.43	Hits@10:31.91	Best:14.43
2024-10-04 10:26:25,657 INFO    : Snapshot:0	0	3	Epoch:9	Loss:3.269	MRR:14.7	Hits@10:32.3	Best:14.7
2024-10-04 10:26:37,017 INFO    : Snapshot:0	0	3	Epoch:10	Loss:2.738	MRR:14.94	Hits@10:32.63	Best:14.94
2024-10-04 10:26:48,530 INFO    : Snapshot:0	0	3	Epoch:11	Loss:2.308	MRR:15.18	Hits@10:33.15	Best:15.18
2024-10-04 10:26:59,963 INFO    : Snapshot:0	0	3	Epoch:12	Loss:1.972	MRR:15.3	Hits@10:33.5	Best:15.3
2024-10-04 10:27:11,496 INFO    : Snapshot:0	0	3	Epoch:13	Loss:1.656	MRR:15.56	Hits@10:33.92	Best:15.56
2024-10-04 10:27:22,830 INFO    : Snapshot:0	0	3	Epoch:14	Loss:1.416	MRR:15.74	Hits@10:34.26	Best:15.74
2024-10-04 10:27:34,251 INFO    : Snapshot:0	0	3	Epoch:15	Loss:1.199	MRR:15.86	Hits@10:34.58	Best:15.86
2024-10-04 10:27:45,688 INFO    : Snapshot:0	0	3	Epoch:16	Loss:1.025	MRR:16.05	Hits@10:35.02	Best:16.05
2024-10-04 10:27:57,273 INFO    : Snapshot:0	0	3	Epoch:17	Loss:0.882	MRR:16.19	Hits@10:35.33	Best:16.19
2024-10-04 10:28:08,743 INFO    : Snapshot:0	0	3	Epoch:18	Loss:0.758	MRR:16.27	Hits@10:35.47	Best:16.27
2024-10-04 10:28:20,369 INFO    : Snapshot:0	0	3	Epoch:19	Loss:0.658	MRR:16.4	Hits@10:35.84	Best:16.4
2024-10-04 10:28:31,945 INFO    : Snapshot:0	0	3	Epoch:20	Loss:0.558	MRR:16.54	Hits@10:36.09	Best:16.54
2024-10-04 10:28:43,783 INFO    : Snapshot:0	0	3	Epoch:21	Loss:0.479	MRR:16.69	Hits@10:36.51	Best:16.69
2024-10-04 10:28:55,521 INFO    : Snapshot:0	0	3	Epoch:22	Loss:0.411	MRR:16.81	Hits@10:36.77	Best:16.81
2024-10-04 10:29:07,189 INFO    : Snapshot:0	0	3	Epoch:23	Loss:0.334	MRR:16.85	Hits@10:37.03	Best:16.85
2024-10-04 10:29:20,260 INFO    : Snapshot:0	0	3	Epoch:24	Loss:0.292	MRR:16.89	Hits@10:37.28	Best:16.89
2024-10-04 10:29:33,198 INFO    : Snapshot:0	0	3	Epoch:25	Loss:0.258	MRR:16.99	Hits@10:37.5	Best:16.99
2024-10-04 10:29:47,582 INFO    : Snapshot:0	1	3	Epoch:26	Loss:0.223	MRR:16.98	Hits@10:37.89	Best:16.99
2024-10-04 10:30:02,853 INFO    : Snapshot:0	2	3	Epoch:27	Loss:0.202	MRR:16.98	Hits@10:37.93	Best:16.99
2024-10-04 10:30:14,634 INFO    : Early Stopping! Snapshot:0 Epoch: 28 Best Results: 16.99
2024-10-04 10:30:14,671 INFO    : => loading checkpoint './checkpoint/WN_CKGE\0model_best.tar'
2024-10-04 10:30:26,654 INFO    : 
+------------+-------+--------+--------+--------+---------+
| Snapshot:0 |  MRR  | Hits@1 | Hits@3 | Hits@5 | Hits@10 |
+------------+-------+--------+--------+--------+---------+
|     0      | 0.171 | 0.0146 | 0.3097 | 0.343  |  0.3773 |
+------------+-------+--------+--------+--------+---------+
2024-10-04 10:30:46,359 INFO    : Snapshot:1	0	3	Epoch:0	Loss:5.955	MRR:6.46	Hits@10:17.04	Best:6.46
2024-10-04 10:30:55,106 INFO    : Snapshot:1	0	3	Epoch:1	Loss:2.273	MRR:10.44	Hits@10:24.73	Best:10.44
2024-10-04 10:31:03,857 INFO    : Snapshot:1	0	3	Epoch:2	Loss:1.059	MRR:12.32	Hits@10:27.85	Best:12.32
2024-10-04 10:31:12,538 INFO    : Snapshot:1	0	3	Epoch:3	Loss:0.655	MRR:13.16	Hits@10:29.41	Best:13.16
2024-10-04 10:31:21,272 INFO    : Snapshot:1	0	3	Epoch:4	Loss:0.478	MRR:13.52	Hits@10:30.38	Best:13.52
2024-10-04 10:31:29,987 INFO    : Snapshot:1	0	3	Epoch:5	Loss:0.385	MRR:13.81	Hits@10:30.81	Best:13.81
2024-10-04 10:31:38,726 INFO    : Snapshot:1	0	3	Epoch:6	Loss:0.348	MRR:14.08	Hits@10:31.18	Best:14.08
2024-10-04 10:31:47,419 INFO    : Snapshot:1	0	3	Epoch:7	Loss:0.317	MRR:14.16	Hits@10:30.97	Best:14.16
2024-10-04 10:31:56,082 INFO    : Snapshot:1	0	3	Epoch:8	Loss:0.293	MRR:14.29	Hits@10:31.24	Best:14.29
2024-10-04 10:32:04,749 INFO    : Snapshot:1	1	3	Epoch:9	Loss:0.281	MRR:14.26	Hits@10:31.29	Best:14.29
2024-10-04 10:32:13,460 INFO    : Snapshot:1	0	3	Epoch:10	Loss:0.271	MRR:14.45	Hits@10:31.51	Best:14.45
2024-10-04 10:32:22,126 INFO    : Snapshot:1	1	3	Epoch:11	Loss:0.259	MRR:14.31	Hits@10:31.24	Best:14.45
2024-10-04 10:32:30,868 INFO    : Snapshot:1	2	3	Epoch:12	Loss:0.255	MRR:14.29	Hits@10:31.51	Best:14.45
2024-10-04 10:32:39,547 INFO    : Snapshot:1	0	3	Epoch:13	Loss:0.25	MRR:14.47	Hits@10:31.45	Best:14.47
2024-10-04 10:32:48,265 INFO    : Snapshot:1	1	3	Epoch:14	Loss:0.24	MRR:14.47	Hits@10:31.59	Best:14.47
2024-10-04 10:32:56,959 INFO    : Snapshot:1	2	3	Epoch:15	Loss:0.242	MRR:14.44	Hits@10:31.51	Best:14.47
2024-10-04 10:33:05,633 INFO    : Early Stopping! Snapshot:1 Epoch: 16 Best Results: 14.47
2024-10-04 10:33:05,678 INFO    : => loading checkpoint './checkpoint/WN_CKGE\1model_best.tar'
2024-10-04 10:33:26,697 INFO    : 
+------------+--------+--------+--------+--------+---------+
| Snapshot:1 |  MRR   | Hits@1 | Hits@3 | Hits@5 | Hits@10 |
+------------+--------+--------+--------+--------+---------+
|     0      | 0.171  | 0.0146 | 0.3097 | 0.343  |  0.3773 |
|     1      | 0.1473 | 0.0202 | 0.2538 | 0.2866 |  0.3242 |
+------------+--------+--------+--------+--------+---------+
2024-10-04 10:34:00,682 INFO    : Snapshot:2	0	3	Epoch:0	Loss:5.907	MRR:6.08	Hits@10:15.91	Best:6.08
2024-10-04 10:34:16,561 INFO    : Snapshot:2	0	3	Epoch:1	Loss:2.202	MRR:9.64	Hits@10:23.09	Best:9.64
2024-10-04 10:34:32,389 INFO    : Snapshot:2	0	3	Epoch:2	Loss:1.004	MRR:11.39	Hits@10:25.75	Best:11.39
2024-10-04 10:34:48,213 INFO    : Snapshot:2	0	3	Epoch:3	Loss:0.605	MRR:12.21	Hits@10:27.04	Best:12.21
2024-10-04 10:35:04,075 INFO    : Snapshot:2	0	3	Epoch:4	Loss:0.439	MRR:12.64	Hits@10:27.82	Best:12.64
2024-10-04 10:35:19,953 INFO    : Snapshot:2	0	3	Epoch:5	Loss:0.359	MRR:12.86	Hits@10:27.98	Best:12.86
2024-10-04 10:35:35,876 INFO    : Snapshot:2	0	3	Epoch:6	Loss:0.311	MRR:13.03	Hits@10:28.12	Best:13.03
2024-10-04 10:35:51,733 INFO    : Snapshot:2	0	3	Epoch:7	Loss:0.289	MRR:13.04	Hits@10:28.2	Best:13.04
2024-10-04 10:36:07,620 INFO    : Snapshot:2	0	3	Epoch:8	Loss:0.267	MRR:13.12	Hits@10:28.6	Best:13.12
2024-10-04 10:36:23,531 INFO    : Snapshot:2	0	3	Epoch:9	Loss:0.255	MRR:13.17	Hits@10:28.74	Best:13.17
2024-10-04 10:36:39,412 INFO    : Snapshot:2	0	3	Epoch:10	Loss:0.247	MRR:13.2	Hits@10:28.79	Best:13.2
2024-10-04 10:36:55,281 INFO    : Snapshot:2	0	3	Epoch:11	Loss:0.237	MRR:13.26	Hits@10:28.9	Best:13.26
2024-10-04 10:37:11,133 INFO    : Snapshot:2	0	3	Epoch:12	Loss:0.234	MRR:13.3	Hits@10:28.76	Best:13.3
2024-10-04 10:37:27,043 INFO    : Snapshot:2	1	3	Epoch:13	Loss:0.228	MRR:13.17	Hits@10:28.6	Best:13.3
2024-10-04 10:37:42,907 INFO    : Snapshot:2	2	3	Epoch:14	Loss:0.224	MRR:13.24	Hits@10:28.44	Best:13.3
2024-10-04 10:37:58,696 INFO    : Snapshot:2	0	3	Epoch:15	Loss:0.219	MRR:13.35	Hits@10:28.63	Best:13.35
2024-10-04 10:38:14,473 INFO    : Snapshot:2	0	3	Epoch:16	Loss:0.217	MRR:13.38	Hits@10:28.6	Best:13.38
2024-10-04 10:38:30,213 INFO    : Snapshot:2	1	3	Epoch:17	Loss:0.214	MRR:13.32	Hits@10:28.52	Best:13.38
2024-10-04 10:38:46,095 INFO    : Snapshot:2	0	3	Epoch:18	Loss:0.204	MRR:13.42	Hits@10:28.74	Best:13.42
2024-10-04 10:39:01,883 INFO    : Snapshot:2	1	3	Epoch:19	Loss:0.205	MRR:13.36	Hits@10:28.87	Best:13.42
2024-10-04 10:39:17,620 INFO    : Snapshot:2	2	3	Epoch:20	Loss:0.205	MRR:13.36	Hits@10:28.9	Best:13.42
2024-10-04 10:39:33,382 INFO    : Early Stopping! Snapshot:2 Epoch: 21 Best Results: 13.42
2024-10-04 10:39:33,420 INFO    : => loading checkpoint './checkpoint/WN_CKGE\2model_best.tar'
2024-10-04 10:40:10,570 INFO    : 
+------------+--------+--------+--------+--------+---------+
| Snapshot:2 |  MRR   | Hits@1 | Hits@3 | Hits@5 | Hits@10 |
+------------+--------+--------+--------+--------+---------+
|     0      | 0.171  | 0.0146 | 0.3097 | 0.343  |  0.3773 |
|     1      | 0.1473 | 0.0202 | 0.2538 | 0.2866 |  0.3242 |
|     2      | 0.1446 | 0.0223 | 0.2487 | 0.2809 |  0.3113 |
+------------+--------+--------+--------+--------+---------+
2024-10-04 10:40:52,435 INFO    : Snapshot:3	0	3	Epoch:0	Loss:5.909	MRR:5.09	Hits@10:13.23	Best:5.09
2024-10-04 10:41:10,393 INFO    : Snapshot:3	0	3	Epoch:1	Loss:2.172	MRR:9.24	Hits@10:20.91	Best:9.24
2024-10-04 10:41:28,310 INFO    : Snapshot:3	0	3	Epoch:2	Loss:0.969	MRR:11.05	Hits@10:24.35	Best:11.05
2024-10-04 10:41:46,224 INFO    : Snapshot:3	0	3	Epoch:3	Loss:0.592	MRR:11.8	Hits@10:25.22	Best:11.8
2024-10-04 10:42:04,225 INFO    : Snapshot:3	0	3	Epoch:4	Loss:0.438	MRR:12.13	Hits@10:25.35	Best:12.13
2024-10-04 10:42:22,204 INFO    : Snapshot:3	0	3	Epoch:5	Loss:0.363	MRR:12.5	Hits@10:25.99	Best:12.5
2024-10-04 10:42:40,178 INFO    : Snapshot:3	1	3	Epoch:6	Loss:0.32	MRR:12.46	Hits@10:26.05	Best:12.5
2024-10-04 10:42:58,010 INFO    : Snapshot:3	0	3	Epoch:7	Loss:0.298	MRR:12.62	Hits@10:26.4	Best:12.62
2024-10-04 10:43:15,934 INFO    : Snapshot:3	0	3	Epoch:8	Loss:0.274	MRR:12.65	Hits@10:26.32	Best:12.65
2024-10-04 10:43:33,811 INFO    : Snapshot:3	0	3	Epoch:9	Loss:0.261	MRR:12.68	Hits@10:26.45	Best:12.68
2024-10-04 10:43:51,626 INFO    : Snapshot:3	1	3	Epoch:10	Loss:0.256	MRR:12.66	Hits@10:26.51	Best:12.68
2024-10-04 10:44:09,503 INFO    : Snapshot:3	0	3	Epoch:11	Loss:0.244	MRR:12.82	Hits@10:26.94	Best:12.82
2024-10-04 10:44:27,321 INFO    : Snapshot:3	1	3	Epoch:12	Loss:0.237	MRR:12.76	Hits@10:26.85	Best:12.82
2024-10-04 10:44:45,119 INFO    : Snapshot:3	2	3	Epoch:13	Loss:0.236	MRR:12.73	Hits@10:26.67	Best:12.82
2024-10-04 10:45:02,939 INFO    : Early Stopping! Snapshot:3 Epoch: 14 Best Results: 12.82
2024-10-04 10:45:02,988 INFO    : => loading checkpoint './checkpoint/WN_CKGE\3model_best.tar'
2024-10-04 10:45:58,471 INFO    : 
+------------+--------+--------+--------+--------+---------+
| Snapshot:3 |  MRR   | Hits@1 | Hits@3 | Hits@5 | Hits@10 |
+------------+--------+--------+--------+--------+---------+
|     0      | 0.171  | 0.0146 | 0.3097 | 0.343  |  0.3773 |
|     1      | 0.1473 | 0.0202 | 0.2538 | 0.2866 |  0.3242 |
|     2      | 0.1446 | 0.0223 | 0.2487 | 0.2809 |  0.3113 |
|     3      | 0.1325 | 0.0207 | 0.2274 | 0.2522 |  0.2858 |
+------------+--------+--------+--------+--------+---------+
2024-10-04 10:46:08,600 INFO    : Snapshot:4	0	3	Epoch:0	Loss:5.848	MRR:10.78	Hits@10:23.79	Best:10.78
2024-10-04 10:46:11,885 INFO    : Snapshot:4	0	3	Epoch:1	Loss:2.07	MRR:12.16	Hits@10:26.16	Best:12.16
2024-10-04 10:46:15,072 INFO    : Snapshot:4	0	3	Epoch:2	Loss:0.905	MRR:12.86	Hits@10:27.58	Best:12.86
2024-10-04 10:46:18,316 INFO    : Snapshot:4	0	3	Epoch:3	Loss:0.556	MRR:13.1	Hits@10:27.9	Best:13.1
2024-10-04 10:46:21,604 INFO    : Snapshot:4	0	3	Epoch:4	Loss:0.404	MRR:13.26	Hits@10:28.31	Best:13.26
2024-10-04 10:46:24,862 INFO    : Snapshot:4	0	3	Epoch:5	Loss:0.336	MRR:13.33	Hits@10:28.31	Best:13.33
2024-10-04 10:46:28,107 INFO    : Snapshot:4	0	3	Epoch:6	Loss:0.3	MRR:13.48	Hits@10:28.39	Best:13.48
2024-10-04 10:46:31,343 INFO    : Snapshot:4	0	3	Epoch:7	Loss:0.273	MRR:13.54	Hits@10:28.52	Best:13.54
2024-10-04 10:46:34,580 INFO    : Snapshot:4	0	3	Epoch:8	Loss:0.265	MRR:13.65	Hits@10:28.36	Best:13.65
2024-10-04 10:46:37,806 INFO    : Snapshot:4	1	3	Epoch:9	Loss:0.249	MRR:13.63	Hits@10:28.44	Best:13.65
2024-10-04 10:46:41,068 INFO    : Snapshot:4	0	3	Epoch:10	Loss:0.239	MRR:13.74	Hits@10:28.52	Best:13.74
2024-10-04 10:46:44,275 INFO    : Snapshot:4	1	3	Epoch:11	Loss:0.23	MRR:13.65	Hits@10:28.36	Best:13.74
2024-10-04 10:46:47,553 INFO    : Snapshot:4	2	3	Epoch:12	Loss:0.224	MRR:13.7	Hits@10:28.49	Best:13.74
2024-10-04 10:46:50,774 INFO    : Early Stopping! Snapshot:4 Epoch: 13 Best Results: 13.74
2024-10-04 10:46:50,822 INFO    : => loading checkpoint './checkpoint/WN_CKGE\4model_best.tar'
2024-10-04 10:47:15,452 INFO    : 
+------------+--------+--------+--------+--------+---------+
| Snapshot:4 |  MRR   | Hits@1 | Hits@3 | Hits@5 | Hits@10 |
+------------+--------+--------+--------+--------+---------+
|     0      | 0.171  | 0.0146 | 0.3097 | 0.343  |  0.3773 |
|     1      | 0.1473 | 0.0202 | 0.2538 | 0.2866 |  0.3242 |
|     2      | 0.1446 | 0.0223 | 0.2487 | 0.2809 |  0.3113 |
|     3      | 0.1325 | 0.0207 | 0.2274 | 0.2522 |  0.2858 |
|     4      | 0.1438 | 0.0167 | 0.259  | 0.2765 |  0.3031 |
+------------+--------+--------+--------+--------+---------+
2024-10-04 10:47:15,453 INFO    : Final Result:
[+------------+-------+--------+--------+--------+---------+
| Snapshot:0 |  MRR  | Hits@1 | Hits@3 | Hits@5 | Hits@10 |
+------------+-------+--------+--------+--------+---------+
|     0      | 0.171 | 0.0146 | 0.3097 | 0.343  |  0.3773 |
+------------+-------+--------+--------+--------+---------+, +------------+--------+--------+--------+--------+---------+
| Snapshot:1 |  MRR   | Hits@1 | Hits@3 | Hits@5 | Hits@10 |
+------------+--------+--------+--------+--------+---------+
|     0      | 0.171  | 0.0146 | 0.3097 | 0.343  |  0.3773 |
|     1      | 0.1473 | 0.0202 | 0.2538 | 0.2866 |  0.3242 |
+------------+--------+--------+--------+--------+---------+, +------------+--------+--------+--------+--------+---------+
| Snapshot:2 |  MRR   | Hits@1 | Hits@3 | Hits@5 | Hits@10 |
+------------+--------+--------+--------+--------+---------+
|     0      | 0.171  | 0.0146 | 0.3097 | 0.343  |  0.3773 |
|     1      | 0.1473 | 0.0202 | 0.2538 | 0.2866 |  0.3242 |
|     2      | 0.1446 | 0.0223 | 0.2487 | 0.2809 |  0.3113 |
+------------+--------+--------+--------+--------+---------+, +------------+--------+--------+--------+--------+---------+
| Snapshot:3 |  MRR   | Hits@1 | Hits@3 | Hits@5 | Hits@10 |
+------------+--------+--------+--------+--------+---------+
|     0      | 0.171  | 0.0146 | 0.3097 | 0.343  |  0.3773 |
|     1      | 0.1473 | 0.0202 | 0.2538 | 0.2866 |  0.3242 |
|     2      | 0.1446 | 0.0223 | 0.2487 | 0.2809 |  0.3113 |
|     3      | 0.1325 | 0.0207 | 0.2274 | 0.2522 |  0.2858 |
+------------+--------+--------+--------+--------+---------+, +------------+--------+--------+--------+--------+---------+
| Snapshot:4 |  MRR   | Hits@1 | Hits@3 | Hits@5 | Hits@10 |
+------------+--------+--------+--------+--------+---------+
|     0      | 0.171  | 0.0146 | 0.3097 | 0.343  |  0.3773 |
|     1      | 0.1473 | 0.0202 | 0.2538 | 0.2866 |  0.3242 |
|     2      | 0.1446 | 0.0223 | 0.2487 | 0.2809 |  0.3113 |
|     3      | 0.1325 | 0.0207 | 0.2274 | 0.2522 |  0.2858 |
|     4      | 0.1438 | 0.0167 | 0.259  | 0.2765 |  0.3031 |
+------------+--------+--------+--------+--------+---------+]
2024-10-04 10:47:15,454 INFO    : Report Result:
+----------+-------------------+-----------+--------------+--------------+---------------+
| Snapshot |        Time       | Whole_MRR | Whole_Hits@1 | Whole_Hits@3 | Whole_Hits@10 |
+----------+-------------------+-----------+--------------+--------------+---------------+
|    0     | 345.3470962047577 |   0.171   |    0.015     |     0.31     |     0.377     |
|    1     | 148.8168375492096 |   0.168   |    0.015     |    0.302     |      0.37     |
|    2     | 349.2895007133484 |   0.165   |    0.016     |    0.295     |     0.362     |
|    3     | 269.0491774082184 |   0.161   |    0.017     |    0.288     |     0.354     |
|    4     | 45.90247082710266 |   0.159   |    0.017     |    0.285     |     0.349     |
+----------+-------------------+-----------+--------------+--------------+---------------+
2024-10-04 10:47:15,454 INFO    : Sum_Training_Time:1158.4050827026367
2024-10-04 10:47:15,454 INFO    : Every_Training_Time:[345.3470962047577, 148.8168375492096, 349.2895007133484, 269.0491774082184, 45.90247082710266]
2024-10-04 10:47:15,454 INFO    : Forward transfer: 0.061 Backward transfer: 0.0
