2025-01-14 19:40:40,308 INFO    : Namespace(batch_size=1024, data_path='./data/FACT/', dataset='FACT', debug=False, device=device(type='cuda', index=0), emb_dim=200, ent_r='200', epoch_num=200, explore=False, gpu='0', l2=0.0, learning_rate='2e-1', log_path='./logs/FACT 200 5 2e-1 1024/FACT 20250114194031', logger=<RootLogger root (INFO)>, margin=8.0, model_name='LoraKGE_Layers', multi_layers_path='train_sorted_by_edges_betweenness.txt', neg_ratio=10, note='', num_ent_layers='5', num_layer=1, num_rel_layers='1', patience='10', predict_result=False, r=100, r_fixed=True, random_seed=3407, record=False, rel_r='200', save_path='./checkpoint/FACT', skip_previous='False', snapshot_num=5, train_new=True, using_multi_layers=False, using_various_ranks='True', using_various_ranks_reverse=False, valid_metrics='mrr')
2025-01-14 19:40:48,443 INFO    : Snapshot:0	0	10	Epoch:0	Loss:46.436	MRR:8.14	Hits@10:17.21	Best:8.14
2025-01-14 19:40:54,593 INFO    : Snapshot:0	0	10	Epoch:1	Loss:31.638	MRR:13.21	Hits@10:26.42	Best:13.21
2025-01-14 19:41:00,813 INFO    : Snapshot:0	0	10	Epoch:2	Loss:21.354	MRR:17.37	Hits@10:32.16	Best:17.37
2025-01-14 19:41:07,023 INFO    : Snapshot:0	0	10	Epoch:3	Loss:14.161	MRR:20.57	Hits@10:35.08	Best:20.57
2025-01-14 19:41:13,271 INFO    : Snapshot:0	0	10	Epoch:4	Loss:9.217	MRR:22.54	Hits@10:36.91	Best:22.54
2025-01-14 19:41:19,604 INFO    : Snapshot:0	0	10	Epoch:5	Loss:6.03	MRR:23.44	Hits@10:37.72	Best:23.44
2025-01-14 19:41:25,858 INFO    : Snapshot:0	0	10	Epoch:6	Loss:4.071	MRR:23.89	Hits@10:38.22	Best:23.89
2025-01-14 19:41:32,109 INFO    : Snapshot:0	0	10	Epoch:7	Loss:2.905	MRR:24.26	Hits@10:38.72	Best:24.26
2025-01-14 19:41:38,325 INFO    : Snapshot:0	0	10	Epoch:8	Loss:2.166	MRR:24.37	Hits@10:39.1	Best:24.37
2025-01-14 19:41:44,620 INFO    : Snapshot:0	0	10	Epoch:9	Loss:1.7	MRR:24.56	Hits@10:39.22	Best:24.56
2025-01-14 19:41:51,064 INFO    : Snapshot:0	1	10	Epoch:10	Loss:1.356	MRR:24.52	Hits@10:39.3	Best:24.56
2025-01-14 19:41:57,555 INFO    : Snapshot:0	0	10	Epoch:11	Loss:1.155	MRR:24.79	Hits@10:39.5	Best:24.79
2025-01-14 19:42:03,741 INFO    : Snapshot:0	0	10	Epoch:12	Loss:1.003	MRR:24.82	Hits@10:39.42	Best:24.82
2025-01-14 19:42:09,870 INFO    : Snapshot:0	1	10	Epoch:13	Loss:0.897	MRR:24.81	Hits@10:39.66	Best:24.82
2025-01-14 19:42:16,143 INFO    : Snapshot:0	2	10	Epoch:14	Loss:0.834	MRR:24.72	Hits@10:39.48	Best:24.82
2025-01-14 19:42:22,432 INFO    : Snapshot:0	3	10	Epoch:15	Loss:0.736	MRR:24.62	Hits@10:39.5	Best:24.82
2025-01-14 19:42:28,602 INFO    : Snapshot:0	4	10	Epoch:16	Loss:0.692	MRR:24.56	Hits@10:39.41	Best:24.82
2025-01-14 19:42:34,929 INFO    : Snapshot:0	5	10	Epoch:17	Loss:0.658	MRR:24.63	Hits@10:39.45	Best:24.82
2025-01-14 19:42:41,396 INFO    : Snapshot:0	6	10	Epoch:18	Loss:0.621	MRR:24.54	Hits@10:39.42	Best:24.82
2025-01-14 19:42:47,689 INFO    : Snapshot:0	7	10	Epoch:19	Loss:0.591	MRR:24.58	Hits@10:39.5	Best:24.82
2025-01-14 19:42:53,992 INFO    : Snapshot:0	8	10	Epoch:20	Loss:0.567	MRR:24.75	Hits@10:39.56	Best:24.82
2025-01-14 19:43:00,240 INFO    : Snapshot:0	9	10	Epoch:21	Loss:0.542	MRR:24.53	Hits@10:39.31	Best:24.82
2025-01-14 19:43:06,525 INFO    : Early Stopping! Snapshot:0 Epoch: 22 Best Results: 24.82
2025-01-14 19:43:06,629 INFO    : => loading checkpoint './checkpoint/FACT\0model_best.tar'
2025-01-14 19:43:10,532 INFO    : 
+------------+--------+--------+--------+--------+---------+
| Snapshot:0 |  MRR   | Hits@1 | Hits@3 | Hits@5 | Hits@10 |
+------------+--------+--------+--------+--------+---------+
|     0      | 0.2389 | 0.1575 | 0.2775 | 0.325  |  0.3863 |
+------------+--------+--------+--------+--------+---------+
2025-01-14 19:43:26,401 INFO    : Snapshot:1	0	10	Epoch:0	Loss:18.57	MRR:18.3	Hits@10:29.56	Best:18.3
2025-01-14 19:43:34,306 INFO    : Snapshot:1	0	10	Epoch:1	Loss:15.795	MRR:18.68	Hits@10:30.19	Best:18.68
2025-01-14 19:43:42,260 INFO    : Snapshot:1	0	10	Epoch:2	Loss:15.178	MRR:18.87	Hits@10:30.42	Best:18.87
2025-01-14 19:43:50,161 INFO    : Snapshot:1	0	10	Epoch:3	Loss:14.918	MRR:19.05	Hits@10:30.83	Best:19.05
2025-01-14 19:43:58,080 INFO    : Snapshot:1	0	10	Epoch:4	Loss:14.754	MRR:19.13	Hits@10:30.94	Best:19.13
2025-01-14 19:44:06,068 INFO    : Snapshot:1	0	10	Epoch:5	Loss:14.652	MRR:19.15	Hits@10:31.02	Best:19.15
2025-01-14 19:44:13,982 INFO    : Snapshot:1	0	10	Epoch:6	Loss:14.596	MRR:19.3	Hits@10:31.17	Best:19.3
2025-01-14 19:44:22,047 INFO    : Snapshot:1	1	10	Epoch:7	Loss:14.545	MRR:19.28	Hits@10:31.2	Best:19.3
2025-01-14 19:44:30,174 INFO    : Snapshot:1	2	10	Epoch:8	Loss:14.483	MRR:19.28	Hits@10:31.3	Best:19.3
2025-01-14 19:44:38,250 INFO    : Snapshot:1	0	10	Epoch:9	Loss:14.416	MRR:19.32	Hits@10:31.39	Best:19.32
2025-01-14 19:44:46,280 INFO    : Snapshot:1	1	10	Epoch:10	Loss:14.442	MRR:19.3	Hits@10:31.32	Best:19.32
2025-01-14 19:44:54,189 INFO    : Snapshot:1	0	10	Epoch:11	Loss:14.393	MRR:19.34	Hits@10:31.37	Best:19.34
2025-01-14 19:45:02,173 INFO    : Snapshot:1	0	10	Epoch:12	Loss:14.365	MRR:19.41	Hits@10:31.47	Best:19.41
2025-01-14 19:45:11,538 INFO    : Snapshot:1	1	10	Epoch:13	Loss:14.322	MRR:19.4	Hits@10:31.56	Best:19.41
2025-01-14 19:45:19,787 INFO    : Snapshot:1	2	10	Epoch:14	Loss:14.31	MRR:19.41	Hits@10:31.42	Best:19.41
2025-01-14 19:45:27,823 INFO    : Snapshot:1	3	10	Epoch:15	Loss:14.298	MRR:19.41	Hits@10:31.49	Best:19.41
2025-01-14 19:45:36,135 INFO    : Snapshot:1	4	10	Epoch:16	Loss:14.338	MRR:19.4	Hits@10:31.64	Best:19.41
2025-01-14 19:45:44,116 INFO    : Snapshot:1	0	10	Epoch:17	Loss:14.296	MRR:19.43	Hits@10:31.61	Best:19.43
2025-01-14 19:45:52,036 INFO    : Snapshot:1	1	10	Epoch:18	Loss:14.321	MRR:19.39	Hits@10:31.75	Best:19.43
2025-01-14 19:46:00,024 INFO    : Snapshot:1	2	10	Epoch:19	Loss:14.267	MRR:19.41	Hits@10:31.64	Best:19.43
2025-01-14 19:46:07,964 INFO    : Snapshot:1	3	10	Epoch:20	Loss:14.266	MRR:19.43	Hits@10:31.53	Best:19.43
2025-01-14 19:46:15,942 INFO    : Snapshot:1	4	10	Epoch:21	Loss:14.268	MRR:19.42	Hits@10:31.62	Best:19.43
2025-01-14 19:46:23,938 INFO    : Snapshot:1	5	10	Epoch:22	Loss:14.277	MRR:19.43	Hits@10:31.64	Best:19.43
2025-01-14 19:46:31,919 INFO    : Snapshot:1	6	10	Epoch:23	Loss:14.264	MRR:19.39	Hits@10:31.6	Best:19.43
2025-01-14 19:46:40,080 INFO    : Snapshot:1	7	10	Epoch:24	Loss:14.226	MRR:19.36	Hits@10:31.48	Best:19.43
2025-01-14 19:46:48,059 INFO    : Snapshot:1	8	10	Epoch:25	Loss:14.24	MRR:19.43	Hits@10:31.66	Best:19.43
2025-01-14 19:46:56,101 INFO    : Snapshot:1	0	10	Epoch:26	Loss:14.224	MRR:19.45	Hits@10:31.64	Best:19.45
2025-01-14 19:47:04,100 INFO    : Snapshot:1	1	10	Epoch:27	Loss:14.241	MRR:19.39	Hits@10:31.61	Best:19.45
2025-01-14 19:47:12,071 INFO    : Snapshot:1	2	10	Epoch:28	Loss:14.214	MRR:19.45	Hits@10:31.69	Best:19.45
2025-01-14 19:47:20,130 INFO    : Snapshot:1	0	10	Epoch:29	Loss:14.219	MRR:19.46	Hits@10:31.71	Best:19.46
2025-01-14 19:47:28,145 INFO    : Snapshot:1	0	10	Epoch:30	Loss:14.223	MRR:19.47	Hits@10:31.71	Best:19.47
2025-01-14 19:47:36,190 INFO    : Snapshot:1	0	10	Epoch:31	Loss:14.195	MRR:19.5	Hits@10:31.77	Best:19.5
2025-01-14 19:47:44,051 INFO    : Snapshot:1	1	10	Epoch:32	Loss:14.205	MRR:19.45	Hits@10:31.72	Best:19.5
2025-01-14 19:47:51,946 INFO    : Snapshot:1	2	10	Epoch:33	Loss:14.188	MRR:19.47	Hits@10:31.75	Best:19.5
2025-01-14 19:47:59,882 INFO    : Snapshot:1	3	10	Epoch:34	Loss:14.194	MRR:19.47	Hits@10:31.67	Best:19.5
2025-01-14 19:48:07,804 INFO    : Snapshot:1	0	10	Epoch:35	Loss:14.183	MRR:19.52	Hits@10:31.76	Best:19.52
2025-01-14 19:48:15,833 INFO    : Snapshot:1	1	10	Epoch:36	Loss:14.194	MRR:19.5	Hits@10:31.76	Best:19.52
2025-01-14 19:48:23,911 INFO    : Snapshot:1	2	10	Epoch:37	Loss:14.185	MRR:19.49	Hits@10:31.78	Best:19.52
2025-01-14 19:48:31,987 INFO    : Snapshot:1	0	10	Epoch:38	Loss:14.221	MRR:19.53	Hits@10:31.78	Best:19.53
2025-01-14 19:48:40,143 INFO    : Snapshot:1	1	10	Epoch:39	Loss:14.186	MRR:19.5	Hits@10:31.81	Best:19.53
2025-01-14 19:48:48,189 INFO    : Snapshot:1	2	10	Epoch:40	Loss:14.173	MRR:19.48	Hits@10:31.84	Best:19.53
2025-01-14 19:48:56,326 INFO    : Snapshot:1	3	10	Epoch:41	Loss:14.17	MRR:19.5	Hits@10:31.85	Best:19.53
2025-01-14 19:49:04,414 INFO    : Snapshot:1	4	10	Epoch:42	Loss:14.176	MRR:19.51	Hits@10:31.81	Best:19.53
2025-01-14 19:49:12,679 INFO    : Snapshot:1	5	10	Epoch:43	Loss:14.155	MRR:19.5	Hits@10:31.74	Best:19.53
2025-01-14 19:49:20,582 INFO    : Snapshot:1	6	10	Epoch:44	Loss:14.164	MRR:19.47	Hits@10:31.7	Best:19.53
2025-01-14 19:49:28,483 INFO    : Snapshot:1	7	10	Epoch:45	Loss:14.19	MRR:19.52	Hits@10:31.79	Best:19.53
2025-01-14 19:49:36,429 INFO    : Snapshot:1	8	10	Epoch:46	Loss:14.152	MRR:19.52	Hits@10:31.8	Best:19.53
2025-01-14 19:49:44,403 INFO    : Snapshot:1	9	10	Epoch:47	Loss:14.169	MRR:19.52	Hits@10:31.85	Best:19.53
2025-01-14 19:49:52,352 INFO    : Snapshot:1	0	10	Epoch:48	Loss:14.152	MRR:19.54	Hits@10:31.79	Best:19.54
2025-01-14 19:50:00,448 INFO    : Snapshot:1	1	10	Epoch:49	Loss:14.158	MRR:19.51	Hits@10:31.85	Best:19.54
2025-01-14 19:50:08,417 INFO    : Snapshot:1	2	10	Epoch:50	Loss:14.15	MRR:19.53	Hits@10:31.77	Best:19.54
2025-01-14 19:50:16,462 INFO    : Snapshot:1	3	10	Epoch:51	Loss:14.107	MRR:19.51	Hits@10:31.72	Best:19.54
2025-01-14 19:50:24,526 INFO    : Snapshot:1	4	10	Epoch:52	Loss:14.161	MRR:19.5	Hits@10:31.76	Best:19.54
2025-01-14 19:50:32,841 INFO    : Snapshot:1	5	10	Epoch:53	Loss:14.137	MRR:19.5	Hits@10:31.68	Best:19.54
2025-01-14 19:50:40,889 INFO    : Snapshot:1	6	10	Epoch:54	Loss:14.13	MRR:19.52	Hits@10:31.77	Best:19.54
2025-01-14 19:50:48,843 INFO    : Snapshot:1	7	10	Epoch:55	Loss:14.137	MRR:19.53	Hits@10:31.76	Best:19.54
2025-01-14 19:50:56,820 INFO    : Snapshot:1	8	10	Epoch:56	Loss:14.135	MRR:19.51	Hits@10:31.76	Best:19.54
2025-01-14 19:51:04,790 INFO    : Snapshot:1	9	10	Epoch:57	Loss:14.128	MRR:19.53	Hits@10:31.83	Best:19.54
2025-01-14 19:51:12,762 INFO    : Early Stopping! Snapshot:1 Epoch: 58 Best Results: 19.54
2025-01-14 19:51:12,870 INFO    : => loading checkpoint './checkpoint/FACT\1model_best.tar'
2025-01-14 19:51:22,044 INFO    : 
+------------+--------+--------+--------+--------+---------+
| Snapshot:1 |  MRR   | Hits@1 | Hits@3 | Hits@5 | Hits@10 |
+------------+--------+--------+--------+--------+---------+
|     0      | 0.2389 | 0.1575 | 0.2775 | 0.325  |  0.3863 |
|     1      | 0.1936 | 0.1254 | 0.2243 | 0.2645 |  0.3146 |
+------------+--------+--------+--------+--------+---------+
2025-01-14 19:51:38,169 INFO    : Snapshot:2	0	10	Epoch:0	Loss:17.32	MRR:16.95	Hits@10:28.34	Best:16.95
2025-01-14 19:51:46,527 INFO    : Snapshot:2	0	10	Epoch:1	Loss:16.249	MRR:17.05	Hits@10:28.62	Best:17.05
2025-01-14 19:51:54,919 INFO    : Snapshot:2	0	10	Epoch:2	Loss:16.09	MRR:17.12	Hits@10:28.66	Best:17.12
2025-01-14 19:52:03,292 INFO    : Snapshot:2	0	10	Epoch:3	Loss:16.03	MRR:17.18	Hits@10:28.8	Best:17.18
2025-01-14 19:52:11,681 INFO    : Snapshot:2	1	10	Epoch:4	Loss:16.006	MRR:17.15	Hits@10:28.77	Best:17.18
2025-01-14 19:52:20,244 INFO    : Snapshot:2	2	10	Epoch:5	Loss:15.947	MRR:17.16	Hits@10:28.8	Best:17.18
2025-01-14 19:52:28,694 INFO    : Snapshot:2	0	10	Epoch:6	Loss:15.954	MRR:17.2	Hits@10:28.77	Best:17.2
2025-01-14 19:52:37,066 INFO    : Snapshot:2	0	10	Epoch:7	Loss:15.91	MRR:17.23	Hits@10:28.85	Best:17.23
2025-01-14 19:52:45,471 INFO    : Snapshot:2	1	10	Epoch:8	Loss:15.942	MRR:17.19	Hits@10:28.79	Best:17.23
2025-01-14 19:52:53,874 INFO    : Snapshot:2	2	10	Epoch:9	Loss:15.925	MRR:17.2	Hits@10:28.83	Best:17.23
2025-01-14 19:53:02,258 INFO    : Snapshot:2	0	10	Epoch:10	Loss:15.923	MRR:17.24	Hits@10:28.88	Best:17.24
2025-01-14 19:53:10,644 INFO    : Snapshot:2	1	10	Epoch:11	Loss:15.9	MRR:17.22	Hits@10:28.88	Best:17.24
2025-01-14 19:53:19,067 INFO    : Snapshot:2	0	10	Epoch:12	Loss:15.877	MRR:17.26	Hits@10:28.9	Best:17.26
2025-01-14 19:53:27,503 INFO    : Snapshot:2	1	10	Epoch:13	Loss:15.882	MRR:17.25	Hits@10:28.87	Best:17.26
2025-01-14 19:53:35,900 INFO    : Snapshot:2	2	10	Epoch:14	Loss:15.87	MRR:17.23	Hits@10:28.86	Best:17.26
2025-01-14 19:53:44,264 INFO    : Snapshot:2	3	10	Epoch:15	Loss:15.881	MRR:17.23	Hits@10:28.9	Best:17.26
2025-01-14 19:53:52,689 INFO    : Snapshot:2	4	10	Epoch:16	Loss:15.868	MRR:17.23	Hits@10:28.88	Best:17.26
2025-01-14 19:54:01,073 INFO    : Snapshot:2	5	10	Epoch:17	Loss:15.871	MRR:17.23	Hits@10:28.9	Best:17.26
2025-01-14 19:54:09,397 INFO    : Snapshot:2	6	10	Epoch:18	Loss:15.86	MRR:17.24	Hits@10:28.95	Best:17.26
2025-01-14 19:54:17,850 INFO    : Snapshot:2	7	10	Epoch:19	Loss:15.857	MRR:17.25	Hits@10:28.96	Best:17.26
2025-01-14 19:54:26,367 INFO    : Snapshot:2	0	10	Epoch:20	Loss:15.847	MRR:17.29	Hits@10:28.98	Best:17.29
2025-01-14 19:54:34,770 INFO    : Snapshot:2	1	10	Epoch:21	Loss:15.901	MRR:17.24	Hits@10:28.95	Best:17.29
2025-01-14 19:54:43,291 INFO    : Snapshot:2	2	10	Epoch:22	Loss:15.851	MRR:17.25	Hits@10:28.97	Best:17.29
2025-01-14 19:54:51,736 INFO    : Snapshot:2	3	10	Epoch:23	Loss:15.863	MRR:17.26	Hits@10:29.04	Best:17.29
2025-01-14 19:55:00,384 INFO    : Snapshot:2	4	10	Epoch:24	Loss:15.845	MRR:17.29	Hits@10:28.96	Best:17.29
2025-01-14 19:55:08,922 INFO    : Snapshot:2	5	10	Epoch:25	Loss:15.858	MRR:17.28	Hits@10:29.01	Best:17.29
2025-01-14 19:55:17,239 INFO    : Snapshot:2	6	10	Epoch:26	Loss:15.848	MRR:17.28	Hits@10:28.94	Best:17.29
2025-01-14 19:55:25,578 INFO    : Snapshot:2	7	10	Epoch:27	Loss:15.862	MRR:17.23	Hits@10:28.99	Best:17.29
2025-01-14 19:55:33,966 INFO    : Snapshot:2	8	10	Epoch:28	Loss:15.848	MRR:17.26	Hits@10:28.96	Best:17.29
2025-01-14 19:55:42,339 INFO    : Snapshot:2	9	10	Epoch:29	Loss:15.857	MRR:17.26	Hits@10:28.98	Best:17.29
2025-01-14 19:55:50,640 INFO    : Early Stopping! Snapshot:2 Epoch: 30 Best Results: 17.29
2025-01-14 19:55:50,737 INFO    : => loading checkpoint './checkpoint/FACT\2model_best.tar'
2025-01-14 19:56:05,512 INFO    : 
+------------+--------+--------+--------+--------+---------+
| Snapshot:2 |  MRR   | Hits@1 | Hits@3 | Hits@5 | Hits@10 |
+------------+--------+--------+--------+--------+---------+
|     0      | 0.2389 | 0.1575 | 0.2775 | 0.325  |  0.3863 |
|     1      | 0.1936 | 0.1254 | 0.2243 | 0.2645 |  0.3146 |
|     2      | 0.1699 | 0.1048 | 0.1955 | 0.2346 |  0.291  |
+------------+--------+--------+--------+--------+---------+
2025-01-14 19:56:22,042 INFO    : Snapshot:3	0	10	Epoch:0	Loss:16.982	MRR:14.12	Hits@10:25.27	Best:14.12
2025-01-14 19:56:30,643 INFO    : Snapshot:3	0	10	Epoch:1	Loss:16.604	MRR:14.14	Hits@10:25.35	Best:14.14
2025-01-14 19:56:39,247 INFO    : Snapshot:3	0	10	Epoch:2	Loss:16.573	MRR:14.19	Hits@10:25.49	Best:14.19
2025-01-14 19:56:47,830 INFO    : Snapshot:3	0	10	Epoch:3	Loss:16.538	MRR:14.2	Hits@10:25.46	Best:14.2
2025-01-14 19:56:56,388 INFO    : Snapshot:3	0	10	Epoch:4	Loss:16.549	MRR:14.21	Hits@10:25.48	Best:14.21
2025-01-14 19:57:04,987 INFO    : Snapshot:3	0	10	Epoch:5	Loss:16.535	MRR:14.22	Hits@10:25.47	Best:14.22
2025-01-14 19:57:13,581 INFO    : Snapshot:3	1	10	Epoch:6	Loss:16.534	MRR:14.21	Hits@10:25.5	Best:14.22
2025-01-14 19:57:22,174 INFO    : Snapshot:3	0	10	Epoch:7	Loss:16.496	MRR:14.24	Hits@10:25.43	Best:14.24
2025-01-14 19:57:30,760 INFO    : Snapshot:3	1	10	Epoch:8	Loss:16.499	MRR:14.2	Hits@10:25.41	Best:14.24
2025-01-14 19:57:39,274 INFO    : Snapshot:3	0	10	Epoch:9	Loss:16.509	MRR:14.25	Hits@10:25.52	Best:14.25
2025-01-14 19:57:48,037 INFO    : Snapshot:3	1	10	Epoch:10	Loss:16.48	MRR:14.19	Hits@10:25.43	Best:14.25
2025-01-14 19:57:56,586 INFO    : Snapshot:3	2	10	Epoch:11	Loss:16.502	MRR:14.23	Hits@10:25.49	Best:14.25
2025-01-14 19:58:05,113 INFO    : Snapshot:3	3	10	Epoch:12	Loss:16.511	MRR:14.23	Hits@10:25.51	Best:14.25
2025-01-14 19:58:13,598 INFO    : Snapshot:3	4	10	Epoch:13	Loss:16.493	MRR:14.2	Hits@10:25.46	Best:14.25
2025-01-14 19:58:22,129 INFO    : Snapshot:3	5	10	Epoch:14	Loss:16.51	MRR:14.24	Hits@10:25.46	Best:14.25
2025-01-14 19:58:30,600 INFO    : Snapshot:3	6	10	Epoch:15	Loss:16.457	MRR:14.23	Hits@10:25.49	Best:14.25
2025-01-14 19:58:39,156 INFO    : Snapshot:3	7	10	Epoch:16	Loss:16.498	MRR:14.23	Hits@10:25.49	Best:14.25
2025-01-14 19:58:47,704 INFO    : Snapshot:3	8	10	Epoch:17	Loss:16.458	MRR:14.22	Hits@10:25.48	Best:14.25
2025-01-14 19:58:56,252 INFO    : Snapshot:3	9	10	Epoch:18	Loss:16.489	MRR:14.23	Hits@10:25.44	Best:14.25
2025-01-14 19:59:04,802 INFO    : Early Stopping! Snapshot:3 Epoch: 19 Best Results: 14.25
2025-01-14 19:59:04,904 INFO    : => loading checkpoint './checkpoint/FACT\3model_best.tar'
2025-01-14 19:59:25,568 INFO    : 
+------------+--------+--------+--------+--------+---------+
| Snapshot:3 |  MRR   | Hits@1 | Hits@3 | Hits@5 | Hits@10 |
+------------+--------+--------+--------+--------+---------+
|     0      | 0.2389 | 0.1575 | 0.2775 | 0.325  |  0.3863 |
|     1      | 0.1936 | 0.1254 | 0.2243 | 0.2645 |  0.3146 |
|     2      | 0.1699 | 0.1048 | 0.1955 | 0.2346 |  0.291  |
|     3      | 0.1445 | 0.0836 | 0.1629 | 0.2019 |  0.2577 |
+------------+--------+--------+--------+--------+---------+
2025-01-14 20:00:43,495 INFO    : Snapshot:4	0	10	Epoch:0	Loss:16.782	MRR:10.71	Hits@10:20.77	Best:10.71
2025-01-14 20:01:22,202 INFO    : Snapshot:4	0	10	Epoch:1	Loss:16.166	MRR:10.75	Hits@10:20.84	Best:10.75
2025-01-14 20:02:00,782 INFO    : Snapshot:4	0	10	Epoch:2	Loss:16.147	MRR:10.81	Hits@10:20.91	Best:10.81
2025-01-14 20:02:39,462 INFO    : Snapshot:4	1	10	Epoch:3	Loss:16.135	MRR:10.74	Hits@10:20.87	Best:10.81
2025-01-14 20:03:18,032 INFO    : Snapshot:4	2	10	Epoch:4	Loss:16.119	MRR:10.78	Hits@10:20.92	Best:10.81
2025-01-14 20:03:56,709 INFO    : Snapshot:4	3	10	Epoch:5	Loss:16.098	MRR:10.76	Hits@10:20.84	Best:10.81
2025-01-14 20:04:35,307 INFO    : Snapshot:4	4	10	Epoch:6	Loss:16.1	MRR:10.79	Hits@10:20.89	Best:10.81
2025-01-14 20:05:13,935 INFO    : Snapshot:4	5	10	Epoch:7	Loss:16.104	MRR:10.77	Hits@10:20.92	Best:10.81
2025-01-14 20:05:52,557 INFO    : Snapshot:4	6	10	Epoch:8	Loss:16.071	MRR:10.78	Hits@10:20.86	Best:10.81
2025-01-14 20:06:31,127 INFO    : Snapshot:4	7	10	Epoch:9	Loss:16.074	MRR:10.74	Hits@10:20.85	Best:10.81
2025-01-14 20:07:09,751 INFO    : Snapshot:4	8	10	Epoch:10	Loss:16.057	MRR:10.77	Hits@10:20.87	Best:10.81
2025-01-14 20:07:48,354 INFO    : Snapshot:4	0	10	Epoch:11	Loss:16.074	MRR:10.83	Hits@10:20.93	Best:10.83
2025-01-14 20:08:26,873 INFO    : Snapshot:4	1	10	Epoch:12	Loss:16.102	MRR:10.79	Hits@10:20.94	Best:10.83
2025-01-14 20:09:05,440 INFO    : Snapshot:4	2	10	Epoch:13	Loss:16.06	MRR:10.8	Hits@10:20.87	Best:10.83
2025-01-14 20:09:44,039 INFO    : Snapshot:4	3	10	Epoch:14	Loss:16.078	MRR:10.79	Hits@10:20.98	Best:10.83
2025-01-14 20:10:22,659 INFO    : Snapshot:4	4	10	Epoch:15	Loss:16.068	MRR:10.81	Hits@10:20.9	Best:10.83
2025-01-14 20:11:01,449 INFO    : Snapshot:4	5	10	Epoch:16	Loss:16.07	MRR:10.81	Hits@10:20.88	Best:10.83
2025-01-14 20:11:40,059 INFO    : Snapshot:4	6	10	Epoch:17	Loss:16.06	MRR:10.76	Hits@10:20.9	Best:10.83
2025-01-14 20:12:18,616 INFO    : Snapshot:4	7	10	Epoch:18	Loss:16.062	MRR:10.77	Hits@10:20.93	Best:10.83
2025-01-14 20:12:57,354 INFO    : Snapshot:4	8	10	Epoch:19	Loss:16.058	MRR:10.77	Hits@10:20.85	Best:10.83
2025-01-14 20:13:35,935 INFO    : Snapshot:4	9	10	Epoch:20	Loss:16.041	MRR:10.8	Hits@10:20.94	Best:10.83
2025-01-14 20:14:14,501 INFO    : Early Stopping! Snapshot:4 Epoch: 21 Best Results: 10.83
2025-01-14 20:14:14,615 INFO    : => loading checkpoint './checkpoint/FACT\4model_best.tar'
2025-01-14 20:15:11,439 INFO    : 
+------------+--------+--------+--------+--------+---------+
| Snapshot:4 |  MRR   | Hits@1 | Hits@3 | Hits@5 | Hits@10 |
+------------+--------+--------+--------+--------+---------+
|     0      | 0.2389 | 0.1575 | 0.2775 | 0.325  |  0.3863 |
|     1      | 0.1936 | 0.1254 | 0.2243 | 0.2645 |  0.3146 |
|     2      | 0.1699 | 0.1048 | 0.1955 | 0.2346 |  0.291  |
|     3      | 0.1445 | 0.0836 | 0.1629 | 0.2019 |  0.2577 |
|     4      | 0.1073 | 0.0538 | 0.1146 | 0.1496 |  0.204  |
+------------+--------+--------+--------+--------+---------+
2025-01-14 20:15:11,439 INFO    : Final Result:
[+------------+--------+--------+--------+--------+---------+
| Snapshot:0 |  MRR   | Hits@1 | Hits@3 | Hits@5 | Hits@10 |
+------------+--------+--------+--------+--------+---------+
|     0      | 0.2389 | 0.1575 | 0.2775 | 0.325  |  0.3863 |
+------------+--------+--------+--------+--------+---------+, +------------+--------+--------+--------+--------+---------+
| Snapshot:1 |  MRR   | Hits@1 | Hits@3 | Hits@5 | Hits@10 |
+------------+--------+--------+--------+--------+---------+
|     0      | 0.2389 | 0.1575 | 0.2775 | 0.325  |  0.3863 |
|     1      | 0.1936 | 0.1254 | 0.2243 | 0.2645 |  0.3146 |
+------------+--------+--------+--------+--------+---------+, +------------+--------+--------+--------+--------+---------+
| Snapshot:2 |  MRR   | Hits@1 | Hits@3 | Hits@5 | Hits@10 |
+------------+--------+--------+--------+--------+---------+
|     0      | 0.2389 | 0.1575 | 0.2775 | 0.325  |  0.3863 |
|     1      | 0.1936 | 0.1254 | 0.2243 | 0.2645 |  0.3146 |
|     2      | 0.1699 | 0.1048 | 0.1955 | 0.2346 |  0.291  |
+------------+--------+--------+--------+--------+---------+, +------------+--------+--------+--------+--------+---------+
| Snapshot:3 |  MRR   | Hits@1 | Hits@3 | Hits@5 | Hits@10 |
+------------+--------+--------+--------+--------+---------+
|     0      | 0.2389 | 0.1575 | 0.2775 | 0.325  |  0.3863 |
|     1      | 0.1936 | 0.1254 | 0.2243 | 0.2645 |  0.3146 |
|     2      | 0.1699 | 0.1048 | 0.1955 | 0.2346 |  0.291  |
|     3      | 0.1445 | 0.0836 | 0.1629 | 0.2019 |  0.2577 |
+------------+--------+--------+--------+--------+---------+, +------------+--------+--------+--------+--------+---------+
| Snapshot:4 |  MRR   | Hits@1 | Hits@3 | Hits@5 | Hits@10 |
+------------+--------+--------+--------+--------+---------+
|     0      | 0.2389 | 0.1575 | 0.2775 | 0.325  |  0.3863 |
|     1      | 0.1936 | 0.1254 | 0.2243 | 0.2645 |  0.3146 |
|     2      | 0.1699 | 0.1048 | 0.1955 | 0.2346 |  0.291  |
|     3      | 0.1445 | 0.0836 | 0.1629 | 0.2019 |  0.2577 |
|     4      | 0.1073 | 0.0538 | 0.1146 | 0.1496 |  0.204  |
+------------+--------+--------+--------+--------+---------+]
2025-01-14 20:15:11,439 INFO    : Report Result:
+----------+--------------------+-----------+--------------+--------------+---------------+
| Snapshot |        Time        | Whole_MRR | Whole_Hits@1 | Whole_Hits@3 | Whole_Hits@10 |
+----------+--------------------+-----------+--------------+--------------+---------------+
|    0     | 146.21657752990723 |   0.239   |    0.158     |    0.278     |     0.386     |
|    1     | 476.75175619125366 |   0.216   |    0.141     |    0.251     |      0.35     |
|    2     | 262.94286942481995 |   0.201   |    0.129     |    0.232     |     0.331     |
|    3     | 173.37157440185547 |   0.187   |    0.118     |    0.215     |     0.312     |
|    4     | 852.1356859207153  |   0.171   |    0.105     |    0.195     |     0.291     |
+----------+--------------------+-----------+--------------+--------------+---------------+
2025-01-14 20:15:11,439 INFO    : Sum_Training_Time:1911.4184634685516
2025-01-14 20:15:11,439 INFO    : Every_Training_Time:[146.21657752990723, 476.75175619125366, 262.94286942481995, 173.37157440185547, 852.1356859207153]
2025-01-14 20:15:11,439 INFO    : Forward transfer: 0.1397 Backward transfer: 0.0
