2025-01-13 21:47:12,051 INFO    : Namespace(batch_size=1024, data_path='./data/RELATION/', dataset='RELATION', debug=False, device=device(type='cuda', index=0), emb_dim=200, ent_r='200', epoch_num=200, explore=False, gpu='0', l2=0.0, learning_rate='3e-1', log_path='./logs/RELATION 200 10 3e-1 1024/RELATION 20250113214703', logger=<RootLogger root (INFO)>, margin=8.0, model_name='LoraKGE_Layers', multi_layers_path='train_sorted_by_edges_betweenness.txt', neg_ratio=10, note='', num_ent_layers='10', num_layer=1, num_rel_layers='1', patience='10', predict_result=False, r=100, r_fixed=True, random_seed=3407, record=False, rel_r='200', save_path='./checkpoint/RELATION', skip_previous='False', snapshot_num=5, train_new=True, using_multi_layers=False, using_various_ranks='True', using_various_ranks_reverse=False, valid_metrics='mrr')
2025-01-13 21:47:25,490 INFO    : Snapshot:0	0	10	Epoch:0	Loss:65.167	MRR:13.37	Hits@10:24.9	Best:13.37
2025-01-13 21:47:36,564 INFO    : Snapshot:0	0	10	Epoch:1	Loss:42.228	MRR:21.54	Hits@10:38.44	Best:21.54
2025-01-13 21:47:47,603 INFO    : Snapshot:0	0	10	Epoch:2	Loss:24.381	MRR:25.32	Hits@10:43.85	Best:25.32
2025-01-13 21:47:58,785 INFO    : Snapshot:0	0	10	Epoch:3	Loss:13.69	MRR:26.81	Hits@10:45.89	Best:26.81
2025-01-13 21:48:09,833 INFO    : Snapshot:0	0	10	Epoch:4	Loss:8.41	MRR:27.55	Hits@10:46.95	Best:27.55
2025-01-13 21:48:21,055 INFO    : Snapshot:0	1	10	Epoch:5	Loss:5.762	MRR:27.55	Hits@10:47.45	Best:27.55
2025-01-13 21:48:32,236 INFO    : Snapshot:0	2	10	Epoch:6	Loss:4.288	MRR:27.51	Hits@10:47.43	Best:27.55
2025-01-13 21:48:43,454 INFO    : Snapshot:0	0	10	Epoch:7	Loss:3.483	MRR:27.63	Hits@10:47.33	Best:27.63
2025-01-13 21:48:54,702 INFO    : Snapshot:0	1	10	Epoch:8	Loss:2.959	MRR:27.6	Hits@10:47.17	Best:27.63
2025-01-13 21:49:05,865 INFO    : Snapshot:0	2	10	Epoch:9	Loss:2.603	MRR:27.29	Hits@10:46.87	Best:27.63
2025-01-13 21:49:16,966 INFO    : Snapshot:0	3	10	Epoch:10	Loss:2.339	MRR:27.38	Hits@10:46.96	Best:27.63
2025-01-13 21:49:27,920 INFO    : Snapshot:0	4	10	Epoch:11	Loss:2.19	MRR:27.13	Hits@10:46.79	Best:27.63
2025-01-13 21:49:38,896 INFO    : Snapshot:0	5	10	Epoch:12	Loss:2.024	MRR:27.07	Hits@10:46.67	Best:27.63
2025-01-13 21:49:49,893 INFO    : Snapshot:0	6	10	Epoch:13	Loss:1.92	MRR:27.02	Hits@10:46.57	Best:27.63
2025-01-13 21:50:01,017 INFO    : Snapshot:0	7	10	Epoch:14	Loss:1.801	MRR:26.83	Hits@10:46.21	Best:27.63
2025-01-13 21:50:12,285 INFO    : Snapshot:0	8	10	Epoch:15	Loss:1.751	MRR:26.88	Hits@10:46.49	Best:27.63
2025-01-13 21:50:23,464 INFO    : Snapshot:0	9	10	Epoch:16	Loss:1.648	MRR:26.45	Hits@10:45.94	Best:27.63
2025-01-13 21:50:34,654 INFO    : Early Stopping! Snapshot:0 Epoch: 17 Best Results: 27.63
2025-01-13 21:50:34,758 INFO    : => loading checkpoint './checkpoint/RELATION\0model_best.tar'
2025-01-13 21:50:42,002 INFO    : 
+------------+-------+--------+--------+--------+---------+
| Snapshot:0 |  MRR  | Hits@1 | Hits@3 | Hits@5 | Hits@10 |
+------------+-------+--------+--------+--------+---------+
|     0      | 0.278 | 0.1719 | 0.3391 | 0.4065 |  0.4742 |
+------------+-------+--------+--------+--------+---------+
2025-01-13 21:51:06,413 INFO    : Snapshot:1	0	10	Epoch:0	Loss:26.946	MRR:9.43	Hits@10:19.59	Best:9.43
2025-01-13 21:51:19,589 INFO    : Snapshot:1	0	10	Epoch:1	Loss:20.642	MRR:9.72	Hits@10:20.28	Best:9.72
2025-01-13 21:51:32,577 INFO    : Snapshot:1	0	10	Epoch:2	Loss:20.055	MRR:10.68	Hits@10:21.57	Best:10.68
2025-01-13 21:51:45,473 INFO    : Snapshot:1	1	10	Epoch:3	Loss:19.706	MRR:10.57	Hits@10:21.41	Best:10.68
2025-01-13 21:51:58,243 INFO    : Snapshot:1	2	10	Epoch:4	Loss:19.401	MRR:10.56	Hits@10:21.83	Best:10.68
2025-01-13 21:52:11,060 INFO    : Snapshot:1	0	10	Epoch:5	Loss:19.27	MRR:10.87	Hits@10:22.05	Best:10.87
2025-01-13 21:52:24,001 INFO    : Snapshot:1	1	10	Epoch:6	Loss:19.147	MRR:10.76	Hits@10:22.14	Best:10.87
2025-01-13 21:52:36,997 INFO    : Snapshot:1	0	10	Epoch:7	Loss:19.017	MRR:10.97	Hits@10:22.32	Best:10.97
2025-01-13 21:52:50,241 INFO    : Snapshot:1	1	10	Epoch:8	Loss:18.935	MRR:10.97	Hits@10:22.39	Best:10.97
2025-01-13 21:53:03,113 INFO    : Snapshot:1	2	10	Epoch:9	Loss:18.893	MRR:10.88	Hits@10:22.24	Best:10.97
2025-01-13 21:53:16,064 INFO    : Snapshot:1	0	10	Epoch:10	Loss:18.808	MRR:11.03	Hits@10:22.51	Best:11.03
2025-01-13 21:53:29,130 INFO    : Snapshot:1	0	10	Epoch:11	Loss:18.751	MRR:11.12	Hits@10:22.52	Best:11.12
2025-01-13 21:53:42,112 INFO    : Snapshot:1	0	10	Epoch:12	Loss:18.726	MRR:11.22	Hits@10:22.49	Best:11.22
2025-01-13 21:53:54,941 INFO    : Snapshot:1	1	10	Epoch:13	Loss:18.721	MRR:11.1	Hits@10:22.64	Best:11.22
2025-01-13 21:54:07,753 INFO    : Snapshot:1	2	10	Epoch:14	Loss:18.645	MRR:11.02	Hits@10:22.5	Best:11.22
2025-01-13 21:54:20,806 INFO    : Snapshot:1	3	10	Epoch:15	Loss:18.636	MRR:11.18	Hits@10:22.7	Best:11.22
2025-01-13 21:54:33,825 INFO    : Snapshot:1	4	10	Epoch:16	Loss:18.586	MRR:11.03	Hits@10:22.66	Best:11.22
2025-01-13 21:54:47,229 INFO    : Snapshot:1	5	10	Epoch:17	Loss:18.559	MRR:11.15	Hits@10:22.64	Best:11.22
2025-01-13 21:55:00,353 INFO    : Snapshot:1	0	10	Epoch:18	Loss:18.562	MRR:11.3	Hits@10:22.89	Best:11.3
2025-01-13 21:55:13,398 INFO    : Snapshot:1	1	10	Epoch:19	Loss:18.549	MRR:11.3	Hits@10:22.78	Best:11.3
2025-01-13 21:55:26,239 INFO    : Snapshot:1	0	10	Epoch:20	Loss:18.508	MRR:11.34	Hits@10:22.9	Best:11.34
2025-01-13 21:55:39,155 INFO    : Snapshot:1	0	10	Epoch:21	Loss:18.528	MRR:11.4	Hits@10:22.98	Best:11.4
2025-01-13 21:55:52,076 INFO    : Snapshot:1	1	10	Epoch:22	Loss:18.479	MRR:11.33	Hits@10:22.9	Best:11.4
2025-01-13 21:56:05,092 INFO    : Snapshot:1	2	10	Epoch:23	Loss:18.456	MRR:11.13	Hits@10:22.67	Best:11.4
2025-01-13 21:56:18,111 INFO    : Snapshot:1	3	10	Epoch:24	Loss:18.48	MRR:11.25	Hits@10:22.94	Best:11.4
2025-01-13 21:56:31,346 INFO    : Snapshot:1	4	10	Epoch:25	Loss:18.467	MRR:11.21	Hits@10:22.83	Best:11.4
2025-01-13 21:56:44,388 INFO    : Snapshot:1	5	10	Epoch:26	Loss:18.458	MRR:11.24	Hits@10:22.88	Best:11.4
2025-01-13 21:56:57,226 INFO    : Snapshot:1	6	10	Epoch:27	Loss:18.471	MRR:11.36	Hits@10:22.89	Best:11.4
2025-01-13 21:57:10,125 INFO    : Snapshot:1	7	10	Epoch:28	Loss:18.418	MRR:11.38	Hits@10:23.28	Best:11.4
2025-01-13 21:57:23,054 INFO    : Snapshot:1	8	10	Epoch:29	Loss:18.414	MRR:11.28	Hits@10:23.16	Best:11.4
2025-01-13 21:57:35,999 INFO    : Snapshot:1	9	10	Epoch:30	Loss:18.458	MRR:11.34	Hits@10:23.02	Best:11.4
2025-01-13 21:57:48,891 INFO    : Early Stopping! Snapshot:1 Epoch: 31 Best Results: 11.4
2025-01-13 21:57:49,008 INFO    : => loading checkpoint './checkpoint/RELATION\1model_best.tar'
2025-01-13 21:58:04,662 INFO    : 
+------------+--------+--------+--------+--------+---------+
| Snapshot:1 |  MRR   | Hits@1 | Hits@3 | Hits@5 | Hits@10 |
+------------+--------+--------+--------+--------+---------+
|     0      | 0.278  | 0.1719 | 0.3391 | 0.4065 |  0.4742 |
|     1      | 0.1147 | 0.0541 | 0.1332 | 0.1736 |  0.2299 |
+------------+--------+--------+--------+--------+---------+
2025-01-13 21:58:23,304 INFO    : Snapshot:2	0	10	Epoch:0	Loss:21.155	MRR:9.47	Hits@10:14.95	Best:9.47
2025-01-13 21:58:33,052 INFO    : Snapshot:2	0	10	Epoch:1	Loss:18.128	MRR:9.59	Hits@10:15.36	Best:9.59
2025-01-13 21:58:42,604 INFO    : Snapshot:2	1	10	Epoch:2	Loss:17.902	MRR:9.47	Hits@10:15.39	Best:9.59
2025-01-13 21:58:52,216 INFO    : Snapshot:2	0	10	Epoch:3	Loss:17.761	MRR:10.0	Hits@10:15.95	Best:10.0
2025-01-13 21:59:01,770 INFO    : Snapshot:2	1	10	Epoch:4	Loss:17.7	MRR:9.91	Hits@10:15.92	Best:10.0
2025-01-13 21:59:11,248 INFO    : Snapshot:2	2	10	Epoch:5	Loss:17.661	MRR:9.92	Hits@10:15.97	Best:10.0
2025-01-13 21:59:20,830 INFO    : Snapshot:2	3	10	Epoch:6	Loss:17.659	MRR:9.96	Hits@10:16.29	Best:10.0
2025-01-13 21:59:30,399 INFO    : Snapshot:2	4	10	Epoch:7	Loss:17.648	MRR:9.99	Hits@10:16.34	Best:10.0
2025-01-13 21:59:39,923 INFO    : Snapshot:2	5	10	Epoch:8	Loss:17.595	MRR:10.0	Hits@10:16.17	Best:10.0
2025-01-13 21:59:49,357 INFO    : Snapshot:2	0	10	Epoch:9	Loss:17.592	MRR:10.22	Hits@10:16.57	Best:10.22
2025-01-13 21:59:58,793 INFO    : Snapshot:2	1	10	Epoch:10	Loss:17.539	MRR:10.17	Hits@10:16.23	Best:10.22
2025-01-13 22:00:08,224 INFO    : Snapshot:2	2	10	Epoch:11	Loss:17.557	MRR:10.15	Hits@10:16.52	Best:10.22
2025-01-13 22:00:17,849 INFO    : Snapshot:2	3	10	Epoch:12	Loss:17.502	MRR:10.2	Hits@10:16.33	Best:10.22
2025-01-13 22:00:27,615 INFO    : Snapshot:2	4	10	Epoch:13	Loss:17.524	MRR:10.05	Hits@10:16.28	Best:10.22
2025-01-13 22:00:37,216 INFO    : Snapshot:2	5	10	Epoch:14	Loss:17.527	MRR:10.1	Hits@10:16.24	Best:10.22
2025-01-13 22:00:46,848 INFO    : Snapshot:2	0	10	Epoch:15	Loss:17.506	MRR:10.24	Hits@10:16.67	Best:10.24
2025-01-13 22:00:56,404 INFO    : Snapshot:2	1	10	Epoch:16	Loss:17.543	MRR:10.22	Hits@10:16.5	Best:10.24
2025-01-13 22:01:06,042 INFO    : Snapshot:2	0	10	Epoch:17	Loss:17.508	MRR:10.34	Hits@10:16.82	Best:10.34
2025-01-13 22:01:15,600 INFO    : Snapshot:2	1	10	Epoch:18	Loss:17.469	MRR:10.25	Hits@10:16.47	Best:10.34
2025-01-13 22:01:25,079 INFO    : Snapshot:2	2	10	Epoch:19	Loss:17.488	MRR:10.34	Hits@10:16.88	Best:10.34
2025-01-13 22:01:34,571 INFO    : Snapshot:2	3	10	Epoch:20	Loss:17.468	MRR:10.21	Hits@10:16.68	Best:10.34
2025-01-13 22:01:44,077 INFO    : Snapshot:2	4	10	Epoch:21	Loss:17.47	MRR:10.3	Hits@10:16.69	Best:10.34
2025-01-13 22:01:53,555 INFO    : Snapshot:2	5	10	Epoch:22	Loss:17.474	MRR:10.22	Hits@10:16.48	Best:10.34
2025-01-13 22:02:02,992 INFO    : Snapshot:2	0	10	Epoch:23	Loss:17.445	MRR:10.4	Hits@10:16.75	Best:10.4
2025-01-13 22:02:12,452 INFO    : Snapshot:2	1	10	Epoch:24	Loss:17.446	MRR:10.17	Hits@10:16.51	Best:10.4
2025-01-13 22:02:22,336 INFO    : Snapshot:2	2	10	Epoch:25	Loss:17.465	MRR:10.37	Hits@10:16.8	Best:10.4
2025-01-13 22:02:31,892 INFO    : Snapshot:2	3	10	Epoch:26	Loss:17.453	MRR:10.38	Hits@10:16.68	Best:10.4
2025-01-13 22:02:41,419 INFO    : Snapshot:2	0	10	Epoch:27	Loss:17.451	MRR:10.5	Hits@10:16.81	Best:10.5
2025-01-13 22:02:50,914 INFO    : Snapshot:2	1	10	Epoch:28	Loss:17.421	MRR:10.37	Hits@10:16.43	Best:10.5
2025-01-13 22:03:00,345 INFO    : Snapshot:2	2	10	Epoch:29	Loss:17.46	MRR:10.31	Hits@10:16.58	Best:10.5
2025-01-13 22:03:09,872 INFO    : Snapshot:2	3	10	Epoch:30	Loss:17.455	MRR:10.28	Hits@10:16.6	Best:10.5
2025-01-13 22:03:19,508 INFO    : Snapshot:2	4	10	Epoch:31	Loss:17.436	MRR:10.46	Hits@10:16.72	Best:10.5
2025-01-13 22:03:29,108 INFO    : Snapshot:2	5	10	Epoch:32	Loss:17.407	MRR:10.37	Hits@10:16.84	Best:10.5
2025-01-13 22:03:38,697 INFO    : Snapshot:2	6	10	Epoch:33	Loss:17.472	MRR:10.34	Hits@10:16.74	Best:10.5
2025-01-13 22:03:48,288 INFO    : Snapshot:2	7	10	Epoch:34	Loss:17.382	MRR:10.32	Hits@10:16.65	Best:10.5
2025-01-13 22:03:57,754 INFO    : Snapshot:2	8	10	Epoch:35	Loss:17.433	MRR:10.43	Hits@10:16.9	Best:10.5
2025-01-13 22:04:07,415 INFO    : Snapshot:2	9	10	Epoch:36	Loss:17.417	MRR:10.35	Hits@10:16.79	Best:10.5
2025-01-13 22:04:16,908 INFO    : Early Stopping! Snapshot:2 Epoch: 37 Best Results: 10.5
2025-01-13 22:04:17,018 INFO    : => loading checkpoint './checkpoint/RELATION\2model_best.tar'
2025-01-13 22:04:38,993 INFO    : 
+------------+--------+--------+--------+--------+---------+
| Snapshot:2 |  MRR   | Hits@1 | Hits@3 | Hits@5 | Hits@10 |
+------------+--------+--------+--------+--------+---------+
|     0      | 0.278  | 0.1719 | 0.3391 | 0.4065 |  0.4742 |
|     1      | 0.1147 | 0.0541 | 0.1332 | 0.1736 |  0.2299 |
|     2      | 0.1021 | 0.0653 | 0.1053 | 0.1267 |  0.1668 |
+------------+--------+--------+--------+--------+---------+
2025-01-13 22:04:49,082 INFO    : Snapshot:3	0	10	Epoch:0	Loss:9.589	MRR:16.97	Hits@10:24.6	Best:16.97
2025-01-13 22:04:53,487 INFO    : Snapshot:3	0	10	Epoch:1	Loss:6.749	MRR:18.78	Hits@10:27.12	Best:18.78
2025-01-13 22:04:57,817 INFO    : Snapshot:3	1	10	Epoch:2	Loss:6.531	MRR:17.03	Hits@10:27.14	Best:18.78
2025-01-13 22:05:02,207 INFO    : Snapshot:3	2	10	Epoch:3	Loss:6.437	MRR:16.73	Hits@10:27.22	Best:18.78
2025-01-13 22:05:06,608 INFO    : Snapshot:3	3	10	Epoch:4	Loss:6.348	MRR:15.29	Hits@10:27.16	Best:18.78
2025-01-13 22:05:10,950 INFO    : Snapshot:3	4	10	Epoch:5	Loss:6.292	MRR:16.79	Hits@10:27.6	Best:18.78
2025-01-13 22:05:15,388 INFO    : Snapshot:3	5	10	Epoch:6	Loss:6.266	MRR:18.72	Hits@10:28.12	Best:18.78
2025-01-13 22:05:19,766 INFO    : Snapshot:3	6	10	Epoch:7	Loss:6.251	MRR:18.36	Hits@10:28.53	Best:18.78
2025-01-13 22:05:24,309 INFO    : Snapshot:3	7	10	Epoch:8	Loss:6.239	MRR:18.77	Hits@10:28.43	Best:18.78
2025-01-13 22:05:28,697 INFO    : Snapshot:3	8	10	Epoch:9	Loss:6.24	MRR:18.65	Hits@10:28.53	Best:18.78
2025-01-13 22:05:33,105 INFO    : Snapshot:3	9	10	Epoch:10	Loss:6.206	MRR:17.39	Hits@10:28.34	Best:18.78
2025-01-13 22:05:37,518 INFO    : Early Stopping! Snapshot:3 Epoch: 11 Best Results: 18.78
2025-01-13 22:05:37,631 INFO    : => loading checkpoint './checkpoint/RELATION\3model_best.tar'
2025-01-13 22:06:02,862 INFO    : 
+------------+--------+--------+--------+--------+---------+
| Snapshot:3 |  MRR   | Hits@1 | Hits@3 | Hits@5 | Hits@10 |
+------------+--------+--------+--------+--------+---------+
|     0      | 0.278  | 0.1719 | 0.3391 | 0.4065 |  0.4742 |
|     1      | 0.1147 | 0.0541 | 0.1332 | 0.1736 |  0.2299 |
|     2      | 0.1021 | 0.0653 | 0.1053 | 0.1267 |  0.1668 |
|     3      | 0.1842 | 0.1343 | 0.1993 | 0.2277 |  0.2692 |
+------------+--------+--------+--------+--------+---------+
2025-01-13 22:06:37,984 INFO    : Snapshot:4	0	10	Epoch:0	Loss:8.478	MRR:12.28	Hits@10:21.82	Best:12.28
2025-01-13 22:06:53,999 INFO    : Snapshot:4	0	10	Epoch:1	Loss:6.612	MRR:13.07	Hits@10:22.98	Best:13.07
2025-01-13 22:07:09,991 INFO    : Snapshot:4	0	10	Epoch:2	Loss:6.437	MRR:13.33	Hits@10:23.69	Best:13.33
2025-01-13 22:07:25,971 INFO    : Snapshot:4	0	10	Epoch:3	Loss:6.358	MRR:13.64	Hits@10:24.01	Best:13.64
2025-01-13 22:07:41,931 INFO    : Snapshot:4	0	10	Epoch:4	Loss:6.329	MRR:13.65	Hits@10:24.37	Best:13.65
2025-01-13 22:07:57,887 INFO    : Snapshot:4	0	10	Epoch:5	Loss:6.304	MRR:13.99	Hits@10:24.39	Best:13.99
2025-01-13 22:08:13,822 INFO    : Snapshot:4	1	10	Epoch:6	Loss:6.336	MRR:13.89	Hits@10:24.47	Best:13.99
2025-01-13 22:08:29,798 INFO    : Snapshot:4	2	10	Epoch:7	Loss:6.268	MRR:13.86	Hits@10:24.62	Best:13.99
2025-01-13 22:08:45,785 INFO    : Snapshot:4	3	10	Epoch:8	Loss:6.281	MRR:13.76	Hits@10:24.29	Best:13.99
2025-01-13 22:09:01,755 INFO    : Snapshot:4	4	10	Epoch:9	Loss:6.275	MRR:13.81	Hits@10:24.37	Best:13.99
2025-01-13 22:09:17,737 INFO    : Snapshot:4	0	10	Epoch:10	Loss:6.265	MRR:14.0	Hits@10:24.51	Best:14.0
2025-01-13 22:09:33,734 INFO    : Snapshot:4	0	10	Epoch:11	Loss:6.242	MRR:14.04	Hits@10:24.7	Best:14.04
2025-01-13 22:09:49,686 INFO    : Snapshot:4	0	10	Epoch:12	Loss:6.263	MRR:14.16	Hits@10:24.66	Best:14.16
2025-01-13 22:10:05,614 INFO    : Snapshot:4	1	10	Epoch:13	Loss:6.252	MRR:13.94	Hits@10:24.89	Best:14.16
2025-01-13 22:10:21,559 INFO    : Snapshot:4	2	10	Epoch:14	Loss:6.232	MRR:13.77	Hits@10:24.42	Best:14.16
2025-01-13 22:10:37,516 INFO    : Snapshot:4	3	10	Epoch:15	Loss:6.239	MRR:13.79	Hits@10:24.53	Best:14.16
2025-01-13 22:10:53,495 INFO    : Snapshot:4	4	10	Epoch:16	Loss:6.235	MRR:13.99	Hits@10:24.37	Best:14.16
2025-01-13 22:11:09,443 INFO    : Snapshot:4	5	10	Epoch:17	Loss:6.229	MRR:13.85	Hits@10:24.83	Best:14.16
2025-01-13 22:11:25,398 INFO    : Snapshot:4	0	10	Epoch:18	Loss:6.197	MRR:14.29	Hits@10:24.67	Best:14.29
2025-01-13 22:11:41,358 INFO    : Snapshot:4	1	10	Epoch:19	Loss:6.204	MRR:14.2	Hits@10:24.69	Best:14.29
2025-01-13 22:11:57,296 INFO    : Snapshot:4	2	10	Epoch:20	Loss:6.197	MRR:14.24	Hits@10:24.66	Best:14.29
2025-01-13 22:12:13,217 INFO    : Snapshot:4	3	10	Epoch:21	Loss:6.206	MRR:13.83	Hits@10:24.6	Best:14.29
2025-01-13 22:12:29,181 INFO    : Snapshot:4	4	10	Epoch:22	Loss:6.233	MRR:13.85	Hits@10:24.47	Best:14.29
2025-01-13 22:12:45,156 INFO    : Snapshot:4	5	10	Epoch:23	Loss:6.203	MRR:13.67	Hits@10:24.5	Best:14.29
2025-01-13 22:13:01,136 INFO    : Snapshot:4	6	10	Epoch:24	Loss:6.185	MRR:13.72	Hits@10:24.61	Best:14.29
2025-01-13 22:13:17,111 INFO    : Snapshot:4	7	10	Epoch:25	Loss:6.214	MRR:13.99	Hits@10:24.89	Best:14.29
2025-01-13 22:13:33,093 INFO    : Snapshot:4	8	10	Epoch:26	Loss:6.188	MRR:13.77	Hits@10:24.86	Best:14.29
2025-01-13 22:13:48,998 INFO    : Snapshot:4	9	10	Epoch:27	Loss:6.168	MRR:13.92	Hits@10:24.73	Best:14.29
2025-01-13 22:14:05,135 INFO    : Early Stopping! Snapshot:4 Epoch: 28 Best Results: 14.29
2025-01-13 22:14:05,250 INFO    : => loading checkpoint './checkpoint/RELATION\4model_best.tar'
2025-01-13 22:14:45,391 INFO    : 
+------------+--------+--------+--------+--------+---------+
| Snapshot:4 |  MRR   | Hits@1 | Hits@3 | Hits@5 | Hits@10 |
+------------+--------+--------+--------+--------+---------+
|     0      | 0.278  | 0.1719 | 0.3391 | 0.4065 |  0.4742 |
|     1      | 0.1147 | 0.0541 | 0.1332 | 0.1736 |  0.2299 |
|     2      | 0.1021 | 0.0653 | 0.1053 | 0.1267 |  0.1668 |
|     3      | 0.1842 | 0.1343 | 0.1993 | 0.2277 |  0.2692 |
|     4      | 0.1362 | 0.0813 | 0.1437 | 0.1797 |  0.2426 |
+------------+--------+--------+--------+--------+---------+
2025-01-13 22:14:45,391 INFO    : Final Result:
[+------------+-------+--------+--------+--------+---------+
| Snapshot:0 |  MRR  | Hits@1 | Hits@3 | Hits@5 | Hits@10 |
+------------+-------+--------+--------+--------+---------+
|     0      | 0.278 | 0.1719 | 0.3391 | 0.4065 |  0.4742 |
+------------+-------+--------+--------+--------+---------+, +------------+--------+--------+--------+--------+---------+
| Snapshot:1 |  MRR   | Hits@1 | Hits@3 | Hits@5 | Hits@10 |
+------------+--------+--------+--------+--------+---------+
|     0      | 0.278  | 0.1719 | 0.3391 | 0.4065 |  0.4742 |
|     1      | 0.1147 | 0.0541 | 0.1332 | 0.1736 |  0.2299 |
+------------+--------+--------+--------+--------+---------+, +------------+--------+--------+--------+--------+---------+
| Snapshot:2 |  MRR   | Hits@1 | Hits@3 | Hits@5 | Hits@10 |
+------------+--------+--------+--------+--------+---------+
|     0      | 0.278  | 0.1719 | 0.3391 | 0.4065 |  0.4742 |
|     1      | 0.1147 | 0.0541 | 0.1332 | 0.1736 |  0.2299 |
|     2      | 0.1021 | 0.0653 | 0.1053 | 0.1267 |  0.1668 |
+------------+--------+--------+--------+--------+---------+, +------------+--------+--------+--------+--------+---------+
| Snapshot:3 |  MRR   | Hits@1 | Hits@3 | Hits@5 | Hits@10 |
+------------+--------+--------+--------+--------+---------+
|     0      | 0.278  | 0.1719 | 0.3391 | 0.4065 |  0.4742 |
|     1      | 0.1147 | 0.0541 | 0.1332 | 0.1736 |  0.2299 |
|     2      | 0.1021 | 0.0653 | 0.1053 | 0.1267 |  0.1668 |
|     3      | 0.1842 | 0.1343 | 0.1993 | 0.2277 |  0.2692 |
+------------+--------+--------+--------+--------+---------+, +------------+--------+--------+--------+--------+---------+
| Snapshot:4 |  MRR   | Hits@1 | Hits@3 | Hits@5 | Hits@10 |
+------------+--------+--------+--------+--------+---------+
|     0      | 0.278  | 0.1719 | 0.3391 | 0.4065 |  0.4742 |
|     1      | 0.1147 | 0.0541 | 0.1332 | 0.1736 |  0.2299 |
|     2      | 0.1021 | 0.0653 | 0.1053 | 0.1267 |  0.1668 |
|     3      | 0.1842 | 0.1343 | 0.1993 | 0.2277 |  0.2692 |
|     4      | 0.1362 | 0.0813 | 0.1437 | 0.1797 |  0.2426 |
+------------+--------+--------+--------+--------+---------+]
2025-01-13 22:14:45,391 INFO    : Report Result:
+----------+--------------------+-----------+--------------+--------------+---------------+
| Snapshot |        Time        | Whole_MRR | Whole_Hits@1 | Whole_Hits@3 | Whole_Hits@10 |
+----------+--------------------+-----------+--------------+--------------+---------------+
|    0     | 202.60134649276733 |   0.278   |    0.172     |    0.339     |     0.474     |
|    1     | 418.54952788352966 |   0.199   |    0.115     |    0.239     |     0.355     |
|    2     | 366.02064752578735 |   0.174   |    0.102     |    0.205     |     0.307     |
|    3     | 55.301738262176514 |   0.175   |    0.105     |    0.204     |     0.303     |
|    4     | 466.8457729816437  |   0.172   |    0.104     |     0.2      |     0.299     |
+----------+--------------------+-----------+--------------+--------------+---------------+
2025-01-13 22:14:45,391 INFO    : Sum_Training_Time:1509.3190331459045
2025-01-13 22:14:45,391 INFO    : Every_Training_Time:[202.60134649276733, 418.54952788352966, 366.02064752578735, 55.301738262176514, 466.8457729816437]
2025-01-13 22:14:45,391 INFO    : Forward transfer: 0.011924999999999998 Backward transfer: 0.0
