2025-01-13 19:29:10,542 INFO    : Namespace(batch_size=1024, data_path='./data/RELATION/', dataset='RELATION', debug=False, device=device(type='cuda', index=0), emb_dim=200, ent_r='200', epoch_num=200, explore=False, gpu='0', l2=0.0, learning_rate='2e-1', log_path='./logs/RELATION 200 20 2e-1 1024/RELATION 20250113192901', logger=<RootLogger root (INFO)>, margin=8.0, model_name='LoraKGE_Layers', multi_layers_path='train_sorted_by_edges_betweenness.txt', neg_ratio=10, note='', num_ent_layers='20', num_layer=1, num_rel_layers='1', patience='10', predict_result=False, r=100, r_fixed=True, random_seed=3407, record=False, rel_r='200', save_path='./checkpoint/RELATION', skip_previous='False', snapshot_num=5, train_new=True, using_multi_layers=False, using_various_ranks='True', using_various_ranks_reverse=False, valid_metrics='mrr')
2025-01-13 19:29:24,651 INFO    : Snapshot:0	0	10	Epoch:0	Loss:62.429	MRR:15.71	Hits@10:28.13	Best:15.71
2025-01-13 19:29:35,735 INFO    : Snapshot:0	0	10	Epoch:1	Loss:36.118	MRR:23.79	Hits@10:41.78	Best:23.79
2025-01-13 19:29:46,789 INFO    : Snapshot:0	0	10	Epoch:2	Loss:18.192	MRR:26.41	Hits@10:45.56	Best:26.41
2025-01-13 19:29:58,012 INFO    : Snapshot:0	0	10	Epoch:3	Loss:9.585	MRR:27.26	Hits@10:46.89	Best:27.26
2025-01-13 19:30:09,292 INFO    : Snapshot:0	0	10	Epoch:4	Loss:5.897	MRR:27.39	Hits@10:47.25	Best:27.39
2025-01-13 19:30:21,022 INFO    : Snapshot:0	1	10	Epoch:5	Loss:4.24	MRR:27.38	Hits@10:47.27	Best:27.39
2025-01-13 19:30:32,383 INFO    : Snapshot:0	0	10	Epoch:6	Loss:3.325	MRR:27.47	Hits@10:47.15	Best:27.47
2025-01-13 19:30:43,568 INFO    : Snapshot:0	1	10	Epoch:7	Loss:2.844	MRR:27.42	Hits@10:47.02	Best:27.47
2025-01-13 19:30:55,043 INFO    : Snapshot:0	2	10	Epoch:8	Loss:2.513	MRR:27.35	Hits@10:46.63	Best:27.47
2025-01-13 19:31:06,448 INFO    : Snapshot:0	3	10	Epoch:9	Loss:2.265	MRR:26.98	Hits@10:46.44	Best:27.47
2025-01-13 19:31:17,736 INFO    : Snapshot:0	4	10	Epoch:10	Loss:2.081	MRR:26.62	Hits@10:46.23	Best:27.47
2025-01-13 19:31:28,691 INFO    : Snapshot:0	5	10	Epoch:11	Loss:1.986	MRR:26.66	Hits@10:46.31	Best:27.47
2025-01-13 19:31:39,714 INFO    : Snapshot:0	6	10	Epoch:12	Loss:1.863	MRR:26.67	Hits@10:46.15	Best:27.47
2025-01-13 19:31:50,761 INFO    : Snapshot:0	7	10	Epoch:13	Loss:1.777	MRR:26.57	Hits@10:45.69	Best:27.47
2025-01-13 19:32:01,875 INFO    : Snapshot:0	8	10	Epoch:14	Loss:1.676	MRR:26.4	Hits@10:45.54	Best:27.47
2025-01-13 19:32:13,228 INFO    : Snapshot:0	9	10	Epoch:15	Loss:1.632	MRR:26.32	Hits@10:45.63	Best:27.47
2025-01-13 19:32:24,313 INFO    : Early Stopping! Snapshot:0 Epoch: 16 Best Results: 27.47
2025-01-13 19:32:24,423 INFO    : => loading checkpoint './checkpoint/RELATION\0model_best.tar'
2025-01-13 19:32:31,699 INFO    : 
+------------+--------+--------+--------+--------+---------+
| Snapshot:0 |  MRR   | Hits@1 | Hits@3 | Hits@5 | Hits@10 |
+------------+--------+--------+--------+--------+---------+
|     0      | 0.2769 | 0.1708 | 0.3384 | 0.4064 |  0.4734 |
+------------+--------+--------+--------+--------+---------+
2025-01-13 19:32:58,097 INFO    : Snapshot:1	0	10	Epoch:0	Loss:27.613	MRR:9.78	Hits@10:20.16	Best:9.78
2025-01-13 19:33:12,465 INFO    : Snapshot:1	0	10	Epoch:1	Loss:20.518	MRR:10.05	Hits@10:20.57	Best:10.05
2025-01-13 19:33:27,173 INFO    : Snapshot:1	0	10	Epoch:2	Loss:19.948	MRR:10.34	Hits@10:20.96	Best:10.34
2025-01-13 19:33:41,735 INFO    : Snapshot:1	0	10	Epoch:3	Loss:19.672	MRR:10.57	Hits@10:21.28	Best:10.57
2025-01-13 19:33:55,863 INFO    : Snapshot:1	0	10	Epoch:4	Loss:19.393	MRR:10.71	Hits@10:21.99	Best:10.71
2025-01-13 19:34:10,184 INFO    : Snapshot:1	0	10	Epoch:5	Loss:19.217	MRR:10.83	Hits@10:22.39	Best:10.83
2025-01-13 19:34:24,408 INFO    : Snapshot:1	1	10	Epoch:6	Loss:19.049	MRR:10.78	Hits@10:22.11	Best:10.83
2025-01-13 19:34:38,564 INFO    : Snapshot:1	0	10	Epoch:7	Loss:18.944	MRR:10.84	Hits@10:22.18	Best:10.84
2025-01-13 19:34:52,911 INFO    : Snapshot:1	0	10	Epoch:8	Loss:18.806	MRR:10.95	Hits@10:22.44	Best:10.95
2025-01-13 19:35:07,181 INFO    : Snapshot:1	1	10	Epoch:9	Loss:18.785	MRR:10.85	Hits@10:22.29	Best:10.95
2025-01-13 19:35:21,650 INFO    : Snapshot:1	0	10	Epoch:10	Loss:18.691	MRR:11.19	Hits@10:22.36	Best:11.19
2025-01-13 19:35:35,829 INFO    : Snapshot:1	1	10	Epoch:11	Loss:18.649	MRR:11.02	Hits@10:22.44	Best:11.19
2025-01-13 19:35:50,655 INFO    : Snapshot:1	2	10	Epoch:12	Loss:18.632	MRR:11.15	Hits@10:22.62	Best:11.19
2025-01-13 19:36:04,709 INFO    : Snapshot:1	3	10	Epoch:13	Loss:18.556	MRR:10.92	Hits@10:22.33	Best:11.19
2025-01-13 19:36:18,745 INFO    : Snapshot:1	4	10	Epoch:14	Loss:18.517	MRR:11.17	Hits@10:22.8	Best:11.19
2025-01-13 19:36:32,992 INFO    : Snapshot:1	5	10	Epoch:15	Loss:18.514	MRR:10.99	Hits@10:22.49	Best:11.19
2025-01-13 19:36:47,242 INFO    : Snapshot:1	6	10	Epoch:16	Loss:18.493	MRR:10.97	Hits@10:22.29	Best:11.19
2025-01-13 19:37:01,350 INFO    : Snapshot:1	0	10	Epoch:17	Loss:18.432	MRR:11.3	Hits@10:22.79	Best:11.3
2025-01-13 19:37:15,445 INFO    : Snapshot:1	0	10	Epoch:18	Loss:18.428	MRR:11.34	Hits@10:22.94	Best:11.34
2025-01-13 19:37:29,774 INFO    : Snapshot:1	1	10	Epoch:19	Loss:18.405	MRR:11.23	Hits@10:22.74	Best:11.34
2025-01-13 19:37:43,741 INFO    : Snapshot:1	2	10	Epoch:20	Loss:18.433	MRR:11.19	Hits@10:22.8	Best:11.34
2025-01-13 19:37:57,617 INFO    : Snapshot:1	3	10	Epoch:21	Loss:18.391	MRR:11.31	Hits@10:22.78	Best:11.34
2025-01-13 19:38:11,429 INFO    : Snapshot:1	4	10	Epoch:22	Loss:18.369	MRR:11.24	Hits@10:22.86	Best:11.34
2025-01-13 19:38:25,849 INFO    : Snapshot:1	0	10	Epoch:23	Loss:18.353	MRR:11.42	Hits@10:22.93	Best:11.42
2025-01-13 19:38:40,036 INFO    : Snapshot:1	1	10	Epoch:24	Loss:18.33	MRR:11.25	Hits@10:22.82	Best:11.42
2025-01-13 19:38:54,099 INFO    : Snapshot:1	2	10	Epoch:25	Loss:18.287	MRR:11.35	Hits@10:23.08	Best:11.42
2025-01-13 19:39:08,197 INFO    : Snapshot:1	3	10	Epoch:26	Loss:18.335	MRR:11.4	Hits@10:22.96	Best:11.42
2025-01-13 19:39:22,507 INFO    : Snapshot:1	4	10	Epoch:27	Loss:18.285	MRR:11.39	Hits@10:23.16	Best:11.42
2025-01-13 19:39:36,611 INFO    : Snapshot:1	5	10	Epoch:28	Loss:18.302	MRR:11.38	Hits@10:23.12	Best:11.42
2025-01-13 19:39:50,550 INFO    : Snapshot:1	6	10	Epoch:29	Loss:18.257	MRR:11.33	Hits@10:23.08	Best:11.42
2025-01-13 19:40:04,377 INFO    : Snapshot:1	0	10	Epoch:30	Loss:18.269	MRR:11.47	Hits@10:23.21	Best:11.47
2025-01-13 19:40:18,452 INFO    : Snapshot:1	1	10	Epoch:31	Loss:18.312	MRR:11.45	Hits@10:23.23	Best:11.47
2025-01-13 19:40:32,651 INFO    : Snapshot:1	2	10	Epoch:32	Loss:18.229	MRR:11.44	Hits@10:23.09	Best:11.47
2025-01-13 19:40:46,759 INFO    : Snapshot:1	3	10	Epoch:33	Loss:18.263	MRR:11.35	Hits@10:23.03	Best:11.47
2025-01-13 19:41:00,756 INFO    : Snapshot:1	4	10	Epoch:34	Loss:18.252	MRR:11.38	Hits@10:23.0	Best:11.47
2025-01-13 19:41:15,026 INFO    : Snapshot:1	0	10	Epoch:35	Loss:18.247	MRR:11.7	Hits@10:23.32	Best:11.7
2025-01-13 19:41:29,178 INFO    : Snapshot:1	1	10	Epoch:36	Loss:18.233	MRR:11.39	Hits@10:23.05	Best:11.7
2025-01-13 19:41:43,350 INFO    : Snapshot:1	2	10	Epoch:37	Loss:18.24	MRR:11.52	Hits@10:23.31	Best:11.7
2025-01-13 19:41:57,083 INFO    : Snapshot:1	3	10	Epoch:38	Loss:18.206	MRR:11.55	Hits@10:23.12	Best:11.7
2025-01-13 19:42:11,085 INFO    : Snapshot:1	4	10	Epoch:39	Loss:18.229	MRR:11.46	Hits@10:23.11	Best:11.7
2025-01-13 19:42:25,504 INFO    : Snapshot:1	5	10	Epoch:40	Loss:18.16	MRR:11.58	Hits@10:23.43	Best:11.7
2025-01-13 19:42:39,817 INFO    : Snapshot:1	6	10	Epoch:41	Loss:18.193	MRR:11.7	Hits@10:23.5	Best:11.7
2025-01-13 19:42:55,152 INFO    : Snapshot:1	7	10	Epoch:42	Loss:18.173	MRR:11.52	Hits@10:23.28	Best:11.7
2025-01-13 19:43:09,453 INFO    : Snapshot:1	8	10	Epoch:43	Loss:18.161	MRR:11.58	Hits@10:23.36	Best:11.7
2025-01-13 19:43:23,552 INFO    : Snapshot:1	9	10	Epoch:44	Loss:18.174	MRR:11.48	Hits@10:23.38	Best:11.7
2025-01-13 19:43:37,459 INFO    : Early Stopping! Snapshot:1 Epoch: 45 Best Results: 11.7
2025-01-13 19:43:37,584 INFO    : => loading checkpoint './checkpoint/RELATION\1model_best.tar'
2025-01-13 19:43:54,009 INFO    : 
+------------+--------+--------+--------+--------+---------+
| Snapshot:1 |  MRR   | Hits@1 | Hits@3 | Hits@5 | Hits@10 |
+------------+--------+--------+--------+--------+---------+
|     0      | 0.2769 | 0.1708 | 0.3384 | 0.4064 |  0.4734 |
|     1      | 0.1164 | 0.0553 | 0.1355 | 0.1752 |  0.2314 |
+------------+--------+--------+--------+--------+---------+
2025-01-13 19:44:13,375 INFO    : Snapshot:2	0	10	Epoch:0	Loss:21.465	MRR:9.53	Hits@10:15.11	Best:9.53
2025-01-13 19:44:23,585 INFO    : Snapshot:2	0	10	Epoch:1	Loss:17.915	MRR:9.8	Hits@10:15.63	Best:9.8
2025-01-13 19:44:33,860 INFO    : Snapshot:2	0	10	Epoch:2	Loss:17.695	MRR:9.86	Hits@10:15.82	Best:9.86
2025-01-13 19:44:44,189 INFO    : Snapshot:2	0	10	Epoch:3	Loss:17.616	MRR:10.08	Hits@10:16.36	Best:10.08
2025-01-13 19:44:54,556 INFO    : Snapshot:2	1	10	Epoch:4	Loss:17.515	MRR:10.01	Hits@10:16.02	Best:10.08
2025-01-13 19:45:05,787 INFO    : Snapshot:2	0	10	Epoch:5	Loss:17.48	MRR:10.3	Hits@10:16.47	Best:10.3
2025-01-13 19:45:16,506 INFO    : Snapshot:2	1	10	Epoch:6	Loss:17.449	MRR:10.11	Hits@10:16.12	Best:10.3
2025-01-13 19:45:26,808 INFO    : Snapshot:2	2	10	Epoch:7	Loss:17.4	MRR:10.22	Hits@10:16.31	Best:10.3
2025-01-13 19:45:37,356 INFO    : Snapshot:2	3	10	Epoch:8	Loss:17.394	MRR:10.19	Hits@10:16.26	Best:10.3
2025-01-13 19:45:47,436 INFO    : Snapshot:2	4	10	Epoch:9	Loss:17.388	MRR:10.28	Hits@10:16.28	Best:10.3
2025-01-13 19:45:57,521 INFO    : Snapshot:2	5	10	Epoch:10	Loss:17.391	MRR:10.3	Hits@10:16.43	Best:10.3
2025-01-13 19:46:07,675 INFO    : Snapshot:2	6	10	Epoch:11	Loss:17.395	MRR:10.29	Hits@10:16.48	Best:10.3
2025-01-13 19:46:17,945 INFO    : Snapshot:2	0	10	Epoch:12	Loss:17.378	MRR:10.31	Hits@10:16.48	Best:10.31
2025-01-13 19:46:28,175 INFO    : Snapshot:2	1	10	Epoch:13	Loss:17.349	MRR:10.31	Hits@10:16.31	Best:10.31
2025-01-13 19:46:38,467 INFO    : Snapshot:2	0	10	Epoch:14	Loss:17.317	MRR:10.39	Hits@10:16.71	Best:10.39
2025-01-13 19:46:48,882 INFO    : Snapshot:2	1	10	Epoch:15	Loss:17.299	MRR:10.35	Hits@10:16.51	Best:10.39
2025-01-13 19:46:59,055 INFO    : Snapshot:2	2	10	Epoch:16	Loss:17.293	MRR:10.29	Hits@10:16.33	Best:10.39
2025-01-13 19:47:09,355 INFO    : Snapshot:2	3	10	Epoch:17	Loss:17.325	MRR:10.35	Hits@10:16.68	Best:10.39
2025-01-13 19:47:19,587 INFO    : Snapshot:2	4	10	Epoch:18	Loss:17.291	MRR:10.32	Hits@10:16.28	Best:10.39
2025-01-13 19:47:29,921 INFO    : Snapshot:2	5	10	Epoch:19	Loss:17.301	MRR:10.25	Hits@10:16.43	Best:10.39
2025-01-13 19:47:40,172 INFO    : Snapshot:2	0	10	Epoch:20	Loss:17.308	MRR:10.4	Hits@10:16.7	Best:10.4
2025-01-13 19:47:50,298 INFO    : Snapshot:2	0	10	Epoch:21	Loss:17.331	MRR:10.45	Hits@10:16.68	Best:10.45
2025-01-13 19:48:00,526 INFO    : Snapshot:2	0	10	Epoch:22	Loss:17.291	MRR:10.47	Hits@10:16.68	Best:10.47
2025-01-13 19:48:10,812 INFO    : Snapshot:2	1	10	Epoch:23	Loss:17.307	MRR:10.44	Hits@10:16.56	Best:10.47
2025-01-13 19:48:21,125 INFO    : Snapshot:2	2	10	Epoch:24	Loss:17.3	MRR:10.26	Hits@10:16.28	Best:10.47
2025-01-13 19:48:31,482 INFO    : Snapshot:2	3	10	Epoch:25	Loss:17.25	MRR:10.43	Hits@10:16.42	Best:10.47
2025-01-13 19:48:41,778 INFO    : Snapshot:2	4	10	Epoch:26	Loss:17.274	MRR:10.25	Hits@10:16.14	Best:10.47
2025-01-13 19:48:52,257 INFO    : Snapshot:2	5	10	Epoch:27	Loss:17.268	MRR:10.47	Hits@10:16.45	Best:10.47
2025-01-13 19:49:02,583 INFO    : Snapshot:2	6	10	Epoch:28	Loss:17.269	MRR:10.46	Hits@10:16.58	Best:10.47
2025-01-13 19:49:12,803 INFO    : Snapshot:2	7	10	Epoch:29	Loss:17.275	MRR:10.4	Hits@10:16.65	Best:10.47
2025-01-13 19:49:23,032 INFO    : Snapshot:2	8	10	Epoch:30	Loss:17.28	MRR:10.36	Hits@10:16.36	Best:10.47
2025-01-13 19:49:33,194 INFO    : Snapshot:2	0	10	Epoch:31	Loss:17.287	MRR:10.55	Hits@10:16.84	Best:10.55
2025-01-13 19:49:43,435 INFO    : Snapshot:2	1	10	Epoch:32	Loss:17.26	MRR:10.38	Hits@10:16.63	Best:10.55
2025-01-13 19:49:53,703 INFO    : Snapshot:2	2	10	Epoch:33	Loss:17.243	MRR:10.39	Hits@10:16.7	Best:10.55
2025-01-13 19:50:03,903 INFO    : Snapshot:2	3	10	Epoch:34	Loss:17.26	MRR:10.47	Hits@10:16.81	Best:10.55
2025-01-13 19:50:14,081 INFO    : Snapshot:2	4	10	Epoch:35	Loss:17.25	MRR:10.51	Hits@10:16.76	Best:10.55
2025-01-13 19:50:24,499 INFO    : Snapshot:2	0	10	Epoch:36	Loss:17.242	MRR:10.57	Hits@10:16.9	Best:10.57
2025-01-13 19:50:34,941 INFO    : Snapshot:2	0	10	Epoch:37	Loss:17.243	MRR:10.58	Hits@10:16.93	Best:10.58
2025-01-13 19:50:45,266 INFO    : Snapshot:2	1	10	Epoch:38	Loss:17.253	MRR:10.55	Hits@10:16.65	Best:10.58
2025-01-13 19:50:55,687 INFO    : Snapshot:2	2	10	Epoch:39	Loss:17.276	MRR:10.55	Hits@10:16.69	Best:10.58
2025-01-13 19:51:05,924 INFO    : Snapshot:2	3	10	Epoch:40	Loss:17.234	MRR:10.52	Hits@10:16.6	Best:10.58
2025-01-13 19:51:16,271 INFO    : Snapshot:2	4	10	Epoch:41	Loss:17.226	MRR:10.58	Hits@10:16.83	Best:10.58
2025-01-13 19:51:26,485 INFO    : Snapshot:2	5	10	Epoch:42	Loss:17.198	MRR:10.52	Hits@10:16.7	Best:10.58
2025-01-13 19:51:36,714 INFO    : Snapshot:2	6	10	Epoch:43	Loss:17.211	MRR:10.54	Hits@10:16.61	Best:10.58
2025-01-13 19:51:46,872 INFO    : Snapshot:2	0	10	Epoch:44	Loss:17.238	MRR:10.6	Hits@10:16.78	Best:10.6
2025-01-13 19:51:57,111 INFO    : Snapshot:2	1	10	Epoch:45	Loss:17.212	MRR:10.46	Hits@10:16.48	Best:10.6
2025-01-13 19:52:07,241 INFO    : Snapshot:2	2	10	Epoch:46	Loss:17.244	MRR:10.49	Hits@10:16.53	Best:10.6
2025-01-13 19:52:17,468 INFO    : Snapshot:2	3	10	Epoch:47	Loss:17.233	MRR:10.39	Hits@10:16.61	Best:10.6
2025-01-13 19:52:27,700 INFO    : Snapshot:2	4	10	Epoch:48	Loss:17.205	MRR:10.46	Hits@10:16.84	Best:10.6
2025-01-13 19:52:37,814 INFO    : Snapshot:2	5	10	Epoch:49	Loss:17.213	MRR:10.41	Hits@10:16.63	Best:10.6
2025-01-13 19:52:47,928 INFO    : Snapshot:2	6	10	Epoch:50	Loss:17.221	MRR:10.56	Hits@10:16.6	Best:10.6
2025-01-13 19:52:58,317 INFO    : Snapshot:2	7	10	Epoch:51	Loss:17.205	MRR:10.47	Hits@10:16.69	Best:10.6
2025-01-13 19:53:08,660 INFO    : Snapshot:2	8	10	Epoch:52	Loss:17.214	MRR:10.49	Hits@10:16.78	Best:10.6
2025-01-13 19:53:18,938 INFO    : Snapshot:2	9	10	Epoch:53	Loss:17.208	MRR:10.53	Hits@10:16.84	Best:10.6
2025-01-13 19:53:29,191 INFO    : Early Stopping! Snapshot:2 Epoch: 54 Best Results: 10.6
2025-01-13 19:53:29,323 INFO    : => loading checkpoint './checkpoint/RELATION\2model_best.tar'
2025-01-13 19:53:51,385 INFO    : 
+------------+--------+--------+--------+--------+---------+
| Snapshot:2 |  MRR   | Hits@1 | Hits@3 | Hits@5 | Hits@10 |
+------------+--------+--------+--------+--------+---------+
|     0      | 0.2769 | 0.1708 | 0.3384 | 0.4064 |  0.4734 |
|     1      | 0.1164 | 0.0553 | 0.1355 | 0.1752 |  0.2314 |
|     2      | 0.1028 | 0.0663 | 0.1052 | 0.127  |  0.1671 |
+------------+--------+--------+--------+--------+---------+
2025-01-13 19:54:03,117 INFO    : Snapshot:3	0	10	Epoch:0	Loss:9.977	MRR:15.86	Hits@10:23.69	Best:15.86
2025-01-13 19:54:07,913 INFO    : Snapshot:3	0	10	Epoch:1	Loss:6.76	MRR:18.31	Hits@10:26.37	Best:18.31
2025-01-13 19:54:12,759 INFO    : Snapshot:3	1	10	Epoch:2	Loss:6.471	MRR:18.16	Hits@10:27.27	Best:18.31
2025-01-13 19:54:17,473 INFO    : Snapshot:3	2	10	Epoch:3	Loss:6.372	MRR:18.08	Hits@10:27.82	Best:18.31
2025-01-13 19:54:22,215 INFO    : Snapshot:3	3	10	Epoch:4	Loss:6.315	MRR:18.29	Hits@10:27.9	Best:18.31
2025-01-13 19:54:26,967 INFO    : Snapshot:3	0	10	Epoch:5	Loss:6.284	MRR:18.32	Hits@10:28.43	Best:18.32
2025-01-13 19:54:31,753 INFO    : Snapshot:3	0	10	Epoch:6	Loss:6.256	MRR:18.58	Hits@10:27.85	Best:18.58
2025-01-13 19:54:36,505 INFO    : Snapshot:3	1	10	Epoch:7	Loss:6.232	MRR:17.56	Hits@10:28.76	Best:18.58
2025-01-13 19:54:41,274 INFO    : Snapshot:3	2	10	Epoch:8	Loss:6.222	MRR:17.61	Hits@10:28.6	Best:18.58
2025-01-13 19:54:45,981 INFO    : Snapshot:3	0	10	Epoch:9	Loss:6.218	MRR:18.75	Hits@10:28.3	Best:18.75
2025-01-13 19:54:50,780 INFO    : Snapshot:3	0	10	Epoch:10	Loss:6.195	MRR:19.05	Hits@10:28.65	Best:19.05
2025-01-13 19:54:55,507 INFO    : Snapshot:3	0	10	Epoch:11	Loss:6.165	MRR:19.34	Hits@10:28.96	Best:19.34
2025-01-13 19:55:00,259 INFO    : Snapshot:3	1	10	Epoch:12	Loss:6.158	MRR:19.24	Hits@10:28.89	Best:19.34
2025-01-13 19:55:05,026 INFO    : Snapshot:3	2	10	Epoch:13	Loss:6.162	MRR:18.98	Hits@10:28.79	Best:19.34
2025-01-13 19:55:09,711 INFO    : Snapshot:3	0	10	Epoch:14	Loss:6.108	MRR:19.37	Hits@10:28.83	Best:19.37
2025-01-13 19:55:14,390 INFO    : Snapshot:3	1	10	Epoch:15	Loss:6.129	MRR:18.08	Hits@10:28.8	Best:19.37
2025-01-13 19:55:19,050 INFO    : Snapshot:3	2	10	Epoch:16	Loss:6.139	MRR:19.23	Hits@10:29.07	Best:19.37
2025-01-13 19:55:23,774 INFO    : Snapshot:3	3	10	Epoch:17	Loss:6.136	MRR:19.02	Hits@10:29.09	Best:19.37
2025-01-13 19:55:28,702 INFO    : Snapshot:3	4	10	Epoch:18	Loss:6.116	MRR:18.49	Hits@10:29.37	Best:19.37
2025-01-13 19:55:33,344 INFO    : Snapshot:3	5	10	Epoch:19	Loss:6.131	MRR:18.08	Hits@10:29.0	Best:19.37
2025-01-13 19:55:37,997 INFO    : Snapshot:3	6	10	Epoch:20	Loss:6.101	MRR:18.42	Hits@10:29.14	Best:19.37
2025-01-13 19:55:42,677 INFO    : Snapshot:3	7	10	Epoch:21	Loss:6.085	MRR:19.1	Hits@10:29.06	Best:19.37
2025-01-13 19:55:47,401 INFO    : Snapshot:3	8	10	Epoch:22	Loss:6.096	MRR:18.63	Hits@10:28.77	Best:19.37
2025-01-13 19:55:52,073 INFO    : Snapshot:3	9	10	Epoch:23	Loss:6.113	MRR:18.51	Hits@10:28.97	Best:19.37
2025-01-13 19:55:56,744 INFO    : Early Stopping! Snapshot:3 Epoch: 24 Best Results: 19.37
2025-01-13 19:55:56,862 INFO    : => loading checkpoint './checkpoint/RELATION\3model_best.tar'
2025-01-13 19:56:22,830 INFO    : 
+------------+--------+--------+--------+--------+---------+
| Snapshot:3 |  MRR   | Hits@1 | Hits@3 | Hits@5 | Hits@10 |
+------------+--------+--------+--------+--------+---------+
|     0      | 0.2769 | 0.1708 | 0.3384 | 0.4064 |  0.4734 |
|     1      | 0.1164 | 0.0553 | 0.1355 | 0.1752 |  0.2314 |
|     2      | 0.1028 | 0.0663 | 0.1052 | 0.127  |  0.1671 |
|     3      | 0.1928 | 0.1325 | 0.2189 | 0.2492 |  0.294  |
+------------+--------+--------+--------+--------+---------+
2025-01-13 19:56:55,292 INFO    : Snapshot:4	0	10	Epoch:0	Loss:8.99	MRR:13.22	Hits@10:22.81	Best:13.22
2025-01-13 19:57:09,960 INFO    : Snapshot:4	0	10	Epoch:1	Loss:6.799	MRR:13.86	Hits@10:23.94	Best:13.86
2025-01-13 19:57:24,666 INFO    : Snapshot:4	0	10	Epoch:2	Loss:6.627	MRR:14.27	Hits@10:24.73	Best:14.27
2025-01-13 19:57:39,339 INFO    : Snapshot:4	0	10	Epoch:3	Loss:6.542	MRR:14.39	Hits@10:25.06	Best:14.39
2025-01-13 19:57:53,968 INFO    : Snapshot:4	0	10	Epoch:4	Loss:6.509	MRR:14.5	Hits@10:25.6	Best:14.5
2025-01-13 19:58:08,572 INFO    : Snapshot:4	0	10	Epoch:5	Loss:6.473	MRR:14.86	Hits@10:25.54	Best:14.86
2025-01-13 19:58:23,183 INFO    : Snapshot:4	1	10	Epoch:6	Loss:6.51	MRR:14.69	Hits@10:25.6	Best:14.86
2025-01-13 19:58:37,882 INFO    : Snapshot:4	0	10	Epoch:7	Loss:6.443	MRR:15.05	Hits@10:25.6	Best:15.05
2025-01-13 19:58:52,532 INFO    : Snapshot:4	1	10	Epoch:8	Loss:6.445	MRR:14.99	Hits@10:25.69	Best:15.05
2025-01-13 19:59:07,176 INFO    : Snapshot:4	2	10	Epoch:9	Loss:6.439	MRR:15.02	Hits@10:25.87	Best:15.05
2025-01-13 19:59:21,784 INFO    : Snapshot:4	0	10	Epoch:10	Loss:6.429	MRR:15.08	Hits@10:26.24	Best:15.08
2025-01-13 19:59:36,430 INFO    : Snapshot:4	1	10	Epoch:11	Loss:6.412	MRR:14.92	Hits@10:25.84	Best:15.08
2025-01-13 19:59:51,038 INFO    : Snapshot:4	2	10	Epoch:12	Loss:6.397	MRR:14.58	Hits@10:25.93	Best:15.08
2025-01-13 20:00:05,617 INFO    : Snapshot:4	3	10	Epoch:13	Loss:6.402	MRR:14.73	Hits@10:25.6	Best:15.08
2025-01-13 20:00:20,226 INFO    : Snapshot:4	4	10	Epoch:14	Loss:6.39	MRR:14.69	Hits@10:25.78	Best:15.08
2025-01-13 20:00:34,903 INFO    : Snapshot:4	5	10	Epoch:15	Loss:6.386	MRR:14.54	Hits@10:25.83	Best:15.08
2025-01-13 20:00:49,547 INFO    : Snapshot:4	6	10	Epoch:16	Loss:6.393	MRR:14.72	Hits@10:25.93	Best:15.08
2025-01-13 20:01:04,222 INFO    : Snapshot:4	7	10	Epoch:17	Loss:6.405	MRR:14.7	Hits@10:25.58	Best:15.08
2025-01-13 20:01:18,814 INFO    : Snapshot:4	8	10	Epoch:18	Loss:6.381	MRR:14.91	Hits@10:25.96	Best:15.08
2025-01-13 20:01:33,435 INFO    : Snapshot:4	9	10	Epoch:19	Loss:6.381	MRR:15.04	Hits@10:25.97	Best:15.08
2025-01-13 20:01:48,057 INFO    : Early Stopping! Snapshot:4 Epoch: 20 Best Results: 15.08
2025-01-13 20:01:48,180 INFO    : => loading checkpoint './checkpoint/RELATION\4model_best.tar'
2025-01-13 20:02:27,724 INFO    : 
+------------+--------+--------+--------+--------+---------+
| Snapshot:4 |  MRR   | Hits@1 | Hits@3 | Hits@5 | Hits@10 |
+------------+--------+--------+--------+--------+---------+
|     0      | 0.2769 | 0.1708 | 0.3384 | 0.4064 |  0.4734 |
|     1      | 0.1164 | 0.0553 | 0.1355 | 0.1752 |  0.2314 |
|     2      | 0.1028 | 0.0663 | 0.1052 | 0.127  |  0.1671 |
|     3      | 0.1928 | 0.1325 | 0.2189 | 0.2492 |  0.294  |
|     4      | 0.1449 | 0.0871 | 0.1518 | 0.1933 |  0.255  |
+------------+--------+--------+--------+--------+---------+
2025-01-13 20:02:27,726 INFO    : Final Result:
[+------------+--------+--------+--------+--------+---------+
| Snapshot:0 |  MRR   | Hits@1 | Hits@3 | Hits@5 | Hits@10 |
+------------+--------+--------+--------+--------+---------+
|     0      | 0.2769 | 0.1708 | 0.3384 | 0.4064 |  0.4734 |
+------------+--------+--------+--------+--------+---------+, +------------+--------+--------+--------+--------+---------+
| Snapshot:1 |  MRR   | Hits@1 | Hits@3 | Hits@5 | Hits@10 |
+------------+--------+--------+--------+--------+---------+
|     0      | 0.2769 | 0.1708 | 0.3384 | 0.4064 |  0.4734 |
|     1      | 0.1164 | 0.0553 | 0.1355 | 0.1752 |  0.2314 |
+------------+--------+--------+--------+--------+---------+, +------------+--------+--------+--------+--------+---------+
| Snapshot:2 |  MRR   | Hits@1 | Hits@3 | Hits@5 | Hits@10 |
+------------+--------+--------+--------+--------+---------+
|     0      | 0.2769 | 0.1708 | 0.3384 | 0.4064 |  0.4734 |
|     1      | 0.1164 | 0.0553 | 0.1355 | 0.1752 |  0.2314 |
|     2      | 0.1028 | 0.0663 | 0.1052 | 0.127  |  0.1671 |
+------------+--------+--------+--------+--------+---------+, +------------+--------+--------+--------+--------+---------+
| Snapshot:3 |  MRR   | Hits@1 | Hits@3 | Hits@5 | Hits@10 |
+------------+--------+--------+--------+--------+---------+
|     0      | 0.2769 | 0.1708 | 0.3384 | 0.4064 |  0.4734 |
|     1      | 0.1164 | 0.0553 | 0.1355 | 0.1752 |  0.2314 |
|     2      | 0.1028 | 0.0663 | 0.1052 | 0.127  |  0.1671 |
|     3      | 0.1928 | 0.1325 | 0.2189 | 0.2492 |  0.294  |
+------------+--------+--------+--------+--------+---------+, +------------+--------+--------+--------+--------+---------+
| Snapshot:4 |  MRR   | Hits@1 | Hits@3 | Hits@5 | Hits@10 |
+------------+--------+--------+--------+--------+---------+
|     0      | 0.2769 | 0.1708 | 0.3384 | 0.4064 |  0.4734 |
|     1      | 0.1164 | 0.0553 | 0.1355 | 0.1752 |  0.2314 |
|     2      | 0.1028 | 0.0663 | 0.1052 | 0.127  |  0.1671 |
|     3      | 0.1928 | 0.1325 | 0.2189 | 0.2492 |  0.294  |
|     4      | 0.1449 | 0.0871 | 0.1518 | 0.1933 |  0.255  |
+------------+--------+--------+--------+--------+---------+]
2025-01-13 20:02:27,727 INFO    : Report Result:
+----------+--------------------+-----------+--------------+--------------+---------------+
| Snapshot |        Time        | Whole_MRR | Whole_Hits@1 | Whole_Hits@3 | Whole_Hits@10 |
+----------+--------------------+-----------+--------------+--------------+---------------+
|    0     | 193.77096223831177 |   0.277   |    0.171     |    0.338     |     0.473     |
|    1     | 656.9744222164154  |   0.199   |    0.115     |     0.24     |     0.356     |
|    2     | 568.8785011768341  |   0.174   |    0.102     |    0.205     |     0.307     |
|    3     | 121.62424802780151 |   0.176   |    0.105     |    0.207     |     0.306     |
|    4     | 310.3006854057312  |   0.174   |    0.104     |    0.203     |     0.303     |
+----------+--------------------+-----------+--------------+--------------+---------------+
2025-01-13 20:02:27,727 INFO    : Sum_Training_Time:1851.548819065094
2025-01-13 20:02:27,727 INFO    : Every_Training_Time:[193.77096223831177, 656.9744222164154, 568.8785011768341, 121.62424802780151, 310.3006854057312]
2025-01-13 20:02:27,727 INFO    : Forward transfer: 0.012074999999999999 Backward transfer: 0.0
