2024-09-10 15:19:18,145 INFO    : Namespace(batch_size=1024, data_path='./data/RELATION/', dataset='RELATION', debug=False, device=device(type='cuda', index=0), emb_dim=200, ent_r='150', epoch_num=200, explore=False, gpu='0', l2=0.0, learning_rate='3e-1', log_path='./logs/20240910151909/RELATION', logger=<RootLogger root (INFO)>, margin=8.0, model_name='LoraKGE_Layers', multi_layers_path='train_sorted_by_edges_betweenness.txt', neg_ratio=10, note='', num_ent_layers='10', num_layer=1, num_rel_layers='1', patience=3, predict_result=False, r=100, r_fixed=True, random_seed=3407, record=False, rel_r='20', save_path='./checkpoint/RELATION', skip_previous='False', snapshot_num=5, train_new=True, using_multi_layers=False, using_various_ranks='True', using_various_ranks_reverse=False, valid_metrics='mrr')
2024-09-10 15:19:32,774 INFO    : Snapshot:0	0	3	Epoch:0	Loss:65.167	MRR:13.37	Hits@10:24.9	Best:13.37
2024-09-10 15:19:44,068 INFO    : Snapshot:0	0	3	Epoch:1	Loss:42.228	MRR:21.54	Hits@10:38.44	Best:21.54
2024-09-10 15:19:55,435 INFO    : Snapshot:0	0	3	Epoch:2	Loss:24.381	MRR:25.32	Hits@10:43.85	Best:25.32
2024-09-10 15:20:07,011 INFO    : Snapshot:0	0	3	Epoch:3	Loss:13.69	MRR:26.81	Hits@10:45.89	Best:26.81
2024-09-10 15:20:18,403 INFO    : Snapshot:0	0	3	Epoch:4	Loss:8.41	MRR:27.55	Hits@10:46.95	Best:27.55
2024-09-10 15:20:29,761 INFO    : Snapshot:0	1	3	Epoch:5	Loss:5.762	MRR:27.55	Hits@10:47.45	Best:27.55
2024-09-10 15:20:41,163 INFO    : Snapshot:0	2	3	Epoch:6	Loss:4.288	MRR:27.51	Hits@10:47.43	Best:27.55
2024-09-10 15:20:52,491 INFO    : Snapshot:0	0	3	Epoch:7	Loss:3.483	MRR:27.63	Hits@10:47.33	Best:27.63
2024-09-10 15:21:03,847 INFO    : Snapshot:0	1	3	Epoch:8	Loss:2.959	MRR:27.6	Hits@10:47.17	Best:27.63
2024-09-10 15:21:15,198 INFO    : Snapshot:0	2	3	Epoch:9	Loss:2.603	MRR:27.29	Hits@10:46.87	Best:27.63
2024-09-10 15:21:26,564 INFO    : Early Stopping! Snapshot:0 Epoch: 10 Best Results: 27.63
2024-09-10 15:21:26,672 INFO    : => loading checkpoint './checkpoint/RELATION\0model_best.tar'
2024-09-10 15:21:34,022 INFO    : 
+------------+-------+--------+--------+--------+---------+
| Snapshot:0 |  MRR  | Hits@1 | Hits@3 | Hits@5 | Hits@10 |
+------------+-------+--------+--------+--------+---------+
|     0      | 0.278 | 0.1719 | 0.3391 | 0.4065 |  0.4742 |
+------------+-------+--------+--------+--------+---------+
2024-09-10 15:21:58,861 INFO    : Snapshot:1	0	3	Epoch:0	Loss:27.516	MRR:9.34	Hits@10:18.97	Best:9.34
2024-09-10 15:22:11,931 INFO    : Snapshot:1	1	3	Epoch:1	Loss:20.866	MRR:9.34	Hits@10:19.4	Best:9.34
2024-09-10 15:22:25,374 INFO    : Snapshot:1	0	3	Epoch:2	Loss:20.238	MRR:10.06	Hits@10:20.51	Best:10.06
2024-09-10 15:22:38,404 INFO    : Snapshot:1	0	3	Epoch:3	Loss:19.877	MRR:10.08	Hits@10:20.73	Best:10.08
2024-09-10 15:22:51,502 INFO    : Snapshot:1	0	3	Epoch:4	Loss:19.575	MRR:10.31	Hits@10:21.27	Best:10.31
2024-09-10 15:23:04,540 INFO    : Snapshot:1	0	3	Epoch:5	Loss:19.399	MRR:10.73	Hits@10:21.82	Best:10.73
2024-09-10 15:23:17,498 INFO    : Snapshot:1	1	3	Epoch:6	Loss:19.193	MRR:10.67	Hits@10:21.7	Best:10.73
2024-09-10 15:23:30,447 INFO    : Snapshot:1	2	3	Epoch:7	Loss:19.102	MRR:10.7	Hits@10:22.19	Best:10.73
2024-09-10 15:23:43,615 INFO    : Snapshot:1	0	3	Epoch:8	Loss:19.026	MRR:10.97	Hits@10:22.2	Best:10.97
2024-09-10 15:23:57,041 INFO    : Snapshot:1	1	3	Epoch:9	Loss:18.934	MRR:10.75	Hits@10:22.02	Best:10.97
2024-09-10 15:24:10,851 INFO    : Snapshot:1	2	3	Epoch:10	Loss:18.886	MRR:10.85	Hits@10:22.39	Best:10.97
2024-09-10 15:24:25,420 INFO    : Snapshot:1	0	3	Epoch:11	Loss:18.87	MRR:10.98	Hits@10:22.61	Best:10.98
2024-09-10 15:24:39,413 INFO    : Snapshot:1	0	3	Epoch:12	Loss:18.775	MRR:11.03	Hits@10:22.67	Best:11.03
2024-09-10 15:24:52,597 INFO    : Snapshot:1	1	3	Epoch:13	Loss:18.733	MRR:10.85	Hits@10:22.39	Best:11.03
2024-09-10 15:25:05,829 INFO    : Snapshot:1	0	3	Epoch:14	Loss:18.731	MRR:11.08	Hits@10:22.73	Best:11.08
2024-09-10 15:25:19,225 INFO    : Snapshot:1	1	3	Epoch:15	Loss:18.72	MRR:10.95	Hits@10:22.59	Best:11.08
2024-09-10 15:25:32,433 INFO    : Snapshot:1	2	3	Epoch:16	Loss:18.674	MRR:10.96	Hits@10:22.58	Best:11.08
2024-09-10 15:25:45,657 INFO    : Early Stopping! Snapshot:1 Epoch: 17 Best Results: 11.08
2024-09-10 15:25:45,779 INFO    : => loading checkpoint './checkpoint/RELATION\1model_best.tar'
2024-09-10 15:26:02,017 INFO    : 
+------------+-------+--------+--------+--------+---------+
| Snapshot:1 |  MRR  | Hits@1 | Hits@3 | Hits@5 | Hits@10 |
+------------+-------+--------+--------+--------+---------+
|     0      | 0.278 | 0.1719 | 0.3391 | 0.4065 |  0.4742 |
|     1      | 0.112 | 0.0517 | 0.1296 | 0.1703 |  0.2271 |
+------------+-------+--------+--------+--------+---------+
2024-09-10 15:26:20,916 INFO    : Snapshot:2	0	3	Epoch:0	Loss:22.079	MRR:9.06	Hits@10:14.13	Best:9.06
2024-09-10 15:26:30,572 INFO    : Snapshot:2	0	3	Epoch:1	Loss:18.363	MRR:9.55	Hits@10:15.13	Best:9.55
2024-09-10 15:26:40,189 INFO    : Snapshot:2	0	3	Epoch:2	Loss:18.084	MRR:9.71	Hits@10:15.43	Best:9.71
2024-09-10 15:26:49,979 INFO    : Snapshot:2	0	3	Epoch:3	Loss:17.932	MRR:9.83	Hits@10:15.66	Best:9.83
2024-09-10 15:26:59,687 INFO    : Snapshot:2	0	3	Epoch:4	Loss:17.856	MRR:9.91	Hits@10:15.78	Best:9.91
2024-09-10 15:27:09,295 INFO    : Snapshot:2	1	3	Epoch:5	Loss:17.764	MRR:9.76	Hits@10:15.68	Best:9.91
2024-09-10 15:27:19,211 INFO    : Snapshot:2	0	3	Epoch:6	Loss:17.795	MRR:9.95	Hits@10:15.88	Best:9.95
2024-09-10 15:27:29,009 INFO    : Snapshot:2	1	3	Epoch:7	Loss:17.691	MRR:9.84	Hits@10:16.04	Best:9.95
2024-09-10 15:27:38,583 INFO    : Snapshot:2	0	3	Epoch:8	Loss:17.719	MRR:10.04	Hits@10:16.0	Best:10.04
2024-09-10 15:27:48,151 INFO    : Snapshot:2	0	3	Epoch:9	Loss:17.663	MRR:10.05	Hits@10:16.19	Best:10.05
2024-09-10 15:27:57,885 INFO    : Snapshot:2	0	3	Epoch:10	Loss:17.671	MRR:10.14	Hits@10:16.37	Best:10.14
2024-09-10 15:28:07,418 INFO    : Snapshot:2	1	3	Epoch:11	Loss:17.68	MRR:10.1	Hits@10:16.21	Best:10.14
2024-09-10 15:28:17,126 INFO    : Snapshot:2	0	3	Epoch:12	Loss:17.657	MRR:10.2	Hits@10:16.36	Best:10.2
2024-09-10 15:28:26,772 INFO    : Snapshot:2	1	3	Epoch:13	Loss:17.644	MRR:10.16	Hits@10:16.4	Best:10.2
2024-09-10 15:28:36,200 INFO    : Snapshot:2	2	3	Epoch:14	Loss:17.651	MRR:10.09	Hits@10:16.4	Best:10.2
2024-09-10 15:28:45,726 INFO    : Early Stopping! Snapshot:2 Epoch: 15 Best Results: 10.2
2024-09-10 15:28:45,830 INFO    : => loading checkpoint './checkpoint/RELATION\2model_best.tar'
2024-09-10 15:29:08,398 INFO    : 
+------------+--------+--------+--------+--------+---------+
| Snapshot:2 |  MRR   | Hits@1 | Hits@3 | Hits@5 | Hits@10 |
+------------+--------+--------+--------+--------+---------+
|     0      | 0.278  | 0.1719 | 0.3391 | 0.4065 |  0.4742 |
|     1      | 0.112  | 0.0517 | 0.1296 | 0.1703 |  0.2271 |
|     2      | 0.0995 | 0.0639 | 0.1015 | 0.1224 |  0.1612 |
+------------+--------+--------+--------+--------+---------+
2024-09-10 15:29:18,854 INFO    : Snapshot:3	0	3	Epoch:0	Loss:10.318	MRR:14.67	Hits@10:22.48	Best:14.67
2024-09-10 15:29:23,266 INFO    : Snapshot:3	0	3	Epoch:1	Loss:7.112	MRR:15.55	Hits@10:24.11	Best:15.55
2024-09-10 15:29:27,624 INFO    : Snapshot:3	1	3	Epoch:2	Loss:6.822	MRR:14.85	Hits@10:25.05	Best:15.55
2024-09-10 15:29:31,994 INFO    : Snapshot:3	0	3	Epoch:3	Loss:6.634	MRR:16.31	Hits@10:26.26	Best:16.31
2024-09-10 15:29:36,399 INFO    : Snapshot:3	1	3	Epoch:4	Loss:6.535	MRR:15.76	Hits@10:26.89	Best:16.31
2024-09-10 15:29:40,731 INFO    : Snapshot:3	0	3	Epoch:5	Loss:6.459	MRR:17.27	Hits@10:26.97	Best:17.27
2024-09-10 15:29:45,188 INFO    : Snapshot:3	1	3	Epoch:6	Loss:6.429	MRR:15.08	Hits@10:27.27	Best:17.27
2024-09-10 15:29:49,658 INFO    : Snapshot:3	2	3	Epoch:7	Loss:6.41	MRR:15.4	Hits@10:27.2	Best:17.27
2024-09-10 15:29:54,110 INFO    : Early Stopping! Snapshot:3 Epoch: 8 Best Results: 17.27
2024-09-10 15:29:54,227 INFO    : => loading checkpoint './checkpoint/RELATION\3model_best.tar'
2024-09-10 15:30:20,180 INFO    : 
+------------+--------+--------+--------+--------+---------+
| Snapshot:3 |  MRR   | Hits@1 | Hits@3 | Hits@5 | Hits@10 |
+------------+--------+--------+--------+--------+---------+
|     0      | 0.278  | 0.1719 | 0.3391 | 0.4065 |  0.4742 |
|     1      | 0.112  | 0.0517 | 0.1296 | 0.1703 |  0.2271 |
|     2      | 0.0995 | 0.0639 | 0.1015 | 0.1224 |  0.1612 |
|     3      | 0.1683 | 0.1101 | 0.1877 | 0.2211 |  0.2738 |
+------------+--------+--------+--------+--------+---------+
2024-09-10 15:30:57,362 INFO    : Snapshot:4	0	3	Epoch:0	Loss:9.124	MRR:12.52	Hits@10:21.25	Best:12.52
2024-09-10 15:31:14,810 INFO    : Snapshot:4	0	3	Epoch:1	Loss:6.853	MRR:13.01	Hits@10:22.99	Best:13.01
2024-09-10 15:31:32,271 INFO    : Snapshot:4	0	3	Epoch:2	Loss:6.556	MRR:13.48	Hits@10:23.63	Best:13.48
2024-09-10 15:31:49,724 INFO    : Snapshot:4	0	3	Epoch:3	Loss:6.461	MRR:13.52	Hits@10:23.81	Best:13.52
2024-09-10 15:32:07,235 INFO    : Snapshot:4	1	3	Epoch:4	Loss:6.429	MRR:13.52	Hits@10:24.08	Best:13.52
2024-09-10 15:32:24,903 INFO    : Snapshot:4	0	3	Epoch:5	Loss:6.384	MRR:13.73	Hits@10:24.13	Best:13.73
2024-09-10 15:32:42,511 INFO    : Snapshot:4	0	3	Epoch:6	Loss:6.402	MRR:13.8	Hits@10:24.32	Best:13.8
2024-09-10 15:32:59,911 INFO    : Snapshot:4	1	3	Epoch:7	Loss:6.348	MRR:13.78	Hits@10:24.25	Best:13.8
2024-09-10 15:33:17,360 INFO    : Snapshot:4	2	3	Epoch:8	Loss:6.35	MRR:13.8	Hits@10:23.92	Best:13.8
2024-09-10 15:33:34,766 INFO    : Snapshot:4	0	3	Epoch:9	Loss:6.363	MRR:14.04	Hits@10:24.32	Best:14.04
2024-09-10 15:33:52,288 INFO    : Snapshot:4	1	3	Epoch:10	Loss:6.294	MRR:13.85	Hits@10:24.66	Best:14.04
2024-09-10 15:34:09,918 INFO    : Snapshot:4	0	3	Epoch:11	Loss:6.305	MRR:14.13	Hits@10:24.61	Best:14.13
2024-09-10 15:34:27,559 INFO    : Snapshot:4	1	3	Epoch:12	Loss:6.331	MRR:13.91	Hits@10:24.61	Best:14.13
2024-09-10 15:34:45,540 INFO    : Snapshot:4	2	3	Epoch:13	Loss:6.324	MRR:14.03	Hits@10:24.72	Best:14.13
2024-09-10 15:35:03,017 INFO    : Early Stopping! Snapshot:4 Epoch: 14 Best Results: 14.13
2024-09-10 15:35:03,143 INFO    : => loading checkpoint './checkpoint/RELATION\4model_best.tar'
2024-09-10 15:35:45,668 INFO    : 
+------------+--------+--------+--------+--------+---------+
| Snapshot:4 |  MRR   | Hits@1 | Hits@3 | Hits@5 | Hits@10 |
+------------+--------+--------+--------+--------+---------+
|     0      | 0.278  | 0.1719 | 0.3391 | 0.4065 |  0.4742 |
|     1      | 0.112  | 0.0517 | 0.1296 | 0.1703 |  0.2271 |
|     2      | 0.0995 | 0.0639 | 0.1015 | 0.1224 |  0.1612 |
|     3      | 0.1683 | 0.1101 | 0.1877 | 0.2211 |  0.2738 |
|     4      | 0.1345 | 0.0798 | 0.141  | 0.1757 |  0.2421 |
+------------+--------+--------+--------+--------+---------+
2024-09-10 15:35:45,670 INFO    : Final Result:
[+------------+-------+--------+--------+--------+---------+
| Snapshot:0 |  MRR  | Hits@1 | Hits@3 | Hits@5 | Hits@10 |
+------------+-------+--------+--------+--------+---------+
|     0      | 0.278 | 0.1719 | 0.3391 | 0.4065 |  0.4742 |
+------------+-------+--------+--------+--------+---------+, +------------+-------+--------+--------+--------+---------+
| Snapshot:1 |  MRR  | Hits@1 | Hits@3 | Hits@5 | Hits@10 |
+------------+-------+--------+--------+--------+---------+
|     0      | 0.278 | 0.1719 | 0.3391 | 0.4065 |  0.4742 |
|     1      | 0.112 | 0.0517 | 0.1296 | 0.1703 |  0.2271 |
+------------+-------+--------+--------+--------+---------+, +------------+--------+--------+--------+--------+---------+
| Snapshot:2 |  MRR   | Hits@1 | Hits@3 | Hits@5 | Hits@10 |
+------------+--------+--------+--------+--------+---------+
|     0      | 0.278  | 0.1719 | 0.3391 | 0.4065 |  0.4742 |
|     1      | 0.112  | 0.0517 | 0.1296 | 0.1703 |  0.2271 |
|     2      | 0.0995 | 0.0639 | 0.1015 | 0.1224 |  0.1612 |
+------------+--------+--------+--------+--------+---------+, +------------+--------+--------+--------+--------+---------+
| Snapshot:3 |  MRR   | Hits@1 | Hits@3 | Hits@5 | Hits@10 |
+------------+--------+--------+--------+--------+---------+
|     0      | 0.278  | 0.1719 | 0.3391 | 0.4065 |  0.4742 |
|     1      | 0.112  | 0.0517 | 0.1296 | 0.1703 |  0.2271 |
|     2      | 0.0995 | 0.0639 | 0.1015 | 0.1224 |  0.1612 |
|     3      | 0.1683 | 0.1101 | 0.1877 | 0.2211 |  0.2738 |
+------------+--------+--------+--------+--------+---------+, +------------+--------+--------+--------+--------+---------+
| Snapshot:4 |  MRR   | Hits@1 | Hits@3 | Hits@5 | Hits@10 |
+------------+--------+--------+--------+--------+---------+
|     0      | 0.278  | 0.1719 | 0.3391 | 0.4065 |  0.4742 |
|     1      | 0.112  | 0.0517 | 0.1296 | 0.1703 |  0.2271 |
|     2      | 0.0995 | 0.0639 | 0.1015 | 0.1224 |  0.1612 |
|     3      | 0.1683 | 0.1101 | 0.1877 | 0.2211 |  0.2738 |
|     4      | 0.1345 | 0.0798 | 0.141  | 0.1757 |  0.2421 |
+------------+--------+--------+--------+--------+---------+]
2024-09-10 15:35:45,670 INFO    : Report Result:
+----------+--------------------+-----------+--------------+--------------+---------------+
| Snapshot |        Time        | Whole_MRR | Whole_Hits@1 | Whole_Hits@3 | Whole_Hits@10 |
+----------+--------------------+-----------+--------------+--------------+---------------+
|    0     | 128.4202229976654  |   0.278   |    0.172     |    0.339     |     0.474     |
|    1     | 243.10709643363953 |   0.197   |    0.113     |    0.237     |     0.354     |
|    2     | 157.3968002796173  |   0.172   |    0.101     |    0.202     |     0.305     |
|    3     | 42.437126874923706 |   0.172   |    0.102     |    0.201     |     0.301     |
|    4     | 265.8168661594391  |   0.169   |     0.1      |    0.197     |     0.297     |
+----------+--------------------+-----------+--------------+--------------+---------------+
2024-09-10 15:35:45,670 INFO    : Sum_Training_Time:837.178112745285
2024-09-10 15:35:45,670 INFO    : Every_Training_Time:[128.4202229976654, 243.10709643363953, 157.3968002796173, 42.437126874923706, 265.8168661594391]
2024-09-10 15:35:45,670 INFO    : Forward transfer: 0.012 Backward transfer: 0.0
