2024-09-30 18:34:32,657 INFO    : Namespace(batch_size='1024', data_path='./data/WN_CKGE/', dataset='WN_CKGE', debug=False, device=device(type='cuda', index=0), emb_dim=200, ent_r='150', epoch_num=200, explore=False, gpu='0', l2=0.0, learning_rate='1e-1', log_path='./logs/WN_CKGE 150 10 1e-1 1024/WN_CKGE 20240930183428', logger=<RootLogger root (INFO)>, margin=8.0, model_name='LoraKGE_Layers', multi_layers_path='train_sorted_by_edges_betweenness.txt', neg_ratio=10, note='', num_ent_layers='10', num_layer=1, num_rel_layers='1', patience=3, predict_result='True', r=100, r_fixed=True, random_seed=3407, record=False, rel_r='20', save_path='./checkpoint/WN_CKGE', skip_previous='False', snapshot_num=5, train_new=True, using_multi_layers=False, using_various_ranks='True', using_various_ranks_reverse=False, valid_metrics='mrr')
2024-09-30 18:34:44,675 INFO    : Snapshot:0	0	3	Epoch:0	Loss:41.777	MRR:1.24	Hits@10:3.14	Best:1.24
2024-09-30 18:34:55,877 INFO    : Snapshot:0	0	3	Epoch:1	Loss:21.959	MRR:9.65	Hits@10:22.46	Best:9.65
2024-09-30 18:35:07,394 INFO    : Snapshot:0	0	3	Epoch:2	Loss:11.347	MRR:13.06	Hits@10:29.25	Best:13.06
2024-09-30 18:35:18,946 INFO    : Snapshot:0	0	3	Epoch:3	Loss:7.0	MRR:14.29	Hits@10:31.47	Best:14.29
2024-09-30 18:35:30,869 INFO    : Snapshot:0	0	3	Epoch:4	Loss:4.735	MRR:14.92	Hits@10:32.62	Best:14.92
2024-09-30 18:35:42,551 INFO    : Snapshot:0	0	3	Epoch:5	Loss:3.363	MRR:15.33	Hits@10:33.54	Best:15.33
2024-09-30 18:35:54,260 INFO    : Snapshot:0	0	3	Epoch:6	Loss:2.454	MRR:15.67	Hits@10:34.35	Best:15.67
2024-09-30 18:36:05,948 INFO    : Snapshot:0	0	3	Epoch:7	Loss:1.806	MRR:15.93	Hits@10:34.96	Best:15.93
2024-09-30 18:36:17,535 INFO    : Snapshot:0	0	3	Epoch:8	Loss:1.367	MRR:16.23	Hits@10:35.76	Best:16.23
2024-09-30 18:36:29,369 INFO    : Snapshot:0	0	3	Epoch:9	Loss:1.056	MRR:16.45	Hits@10:36.23	Best:16.45
2024-09-30 18:36:41,016 INFO    : Snapshot:0	0	3	Epoch:10	Loss:0.816	MRR:16.64	Hits@10:36.68	Best:16.64
2024-09-30 18:36:52,244 INFO    : Snapshot:0	0	3	Epoch:11	Loss:0.624	MRR:16.83	Hits@10:37.25	Best:16.83
2024-09-30 18:37:03,635 INFO    : Snapshot:0	0	3	Epoch:12	Loss:0.505	MRR:16.9	Hits@10:37.74	Best:16.9
2024-09-30 18:37:15,102 INFO    : Snapshot:0	0	3	Epoch:13	Loss:0.399	MRR:16.93	Hits@10:37.97	Best:16.93
2024-09-30 18:37:26,392 INFO    : Snapshot:0	1	3	Epoch:14	Loss:0.335	MRR:16.93	Hits@10:38.19	Best:16.93
2024-09-30 18:37:37,491 INFO    : Snapshot:0	0	3	Epoch:15	Loss:0.279	MRR:17.06	Hits@10:38.67	Best:17.06
2024-09-30 18:37:48,566 INFO    : Snapshot:0	1	3	Epoch:16	Loss:0.236	MRR:17.04	Hits@10:38.78	Best:17.06
2024-09-30 18:37:59,515 INFO    : Snapshot:0	0	3	Epoch:17	Loss:0.22	MRR:17.08	Hits@10:39.0	Best:17.08
2024-09-30 18:38:10,518 INFO    : Snapshot:0	0	3	Epoch:18	Loss:0.188	MRR:17.12	Hits@10:39.1	Best:17.12
2024-09-30 18:38:21,447 INFO    : Snapshot:0	1	3	Epoch:19	Loss:0.177	MRR:17.1	Hits@10:39.27	Best:17.12
2024-09-30 18:38:32,280 INFO    : Snapshot:0	2	3	Epoch:20	Loss:0.158	MRR:17.08	Hits@10:39.43	Best:17.12
2024-09-30 18:38:43,341 INFO    : Snapshot:0	0	3	Epoch:21	Loss:0.149	MRR:17.14	Hits@10:39.47	Best:17.14
2024-09-30 18:38:54,658 INFO    : Snapshot:0	1	3	Epoch:22	Loss:0.143	MRR:17.07	Hits@10:39.57	Best:17.14
2024-09-30 18:39:05,741 INFO    : Snapshot:0	2	3	Epoch:23	Loss:0.133	MRR:17.13	Hits@10:39.69	Best:17.14
2024-09-30 18:39:16,877 INFO    : Snapshot:0	0	3	Epoch:24	Loss:0.12	MRR:17.18	Hits@10:40.0	Best:17.18
2024-09-30 18:39:27,924 INFO    : Snapshot:0	0	3	Epoch:25	Loss:0.121	MRR:17.22	Hits@10:39.94	Best:17.22
2024-09-30 18:39:39,083 INFO    : Snapshot:0	1	3	Epoch:26	Loss:0.115	MRR:17.16	Hits@10:40.12	Best:17.22
2024-09-30 18:39:50,320 INFO    : Snapshot:0	2	3	Epoch:27	Loss:0.108	MRR:17.15	Hits@10:40.24	Best:17.22
2024-09-30 18:40:01,505 INFO    : Early Stopping! Snapshot:0 Epoch: 28 Best Results: 17.22
2024-09-30 18:40:01,542 INFO    : => loading checkpoint './checkpoint/WN_CKGE\0model_best.tar'
2024-09-30 18:40:13,213 INFO    : 
+------------+--------+--------+--------+--------+---------+
| Snapshot:0 |  MRR   | Hits@1 | Hits@3 | Hits@5 | Hits@10 |
+------------+--------+--------+--------+--------+---------+
|     0      | 0.1722 |  0.01  | 0.3114 | 0.354  |  0.3996 |
+------------+--------+--------+--------+--------+---------+
2024-09-30 18:40:30,469 INFO    : Snapshot:1	0	3	Epoch:0	Loss:6.612	MRR:4.97	Hits@10:12.63	Best:4.97
2024-09-30 18:40:38,404 INFO    : Snapshot:1	0	3	Epoch:1	Loss:3.433	MRR:8.91	Hits@10:23.31	Best:8.91
2024-09-30 18:40:46,396 INFO    : Snapshot:1	0	3	Epoch:2	Loss:1.64	MRR:11.05	Hits@10:28.74	Best:11.05
2024-09-30 18:40:54,334 INFO    : Snapshot:1	0	3	Epoch:3	Loss:0.873	MRR:12.41	Hits@10:30.7	Best:12.41
2024-09-30 18:41:02,255 INFO    : Snapshot:1	0	3	Epoch:4	Loss:0.57	MRR:12.87	Hits@10:31.59	Best:12.87
2024-09-30 18:41:10,196 INFO    : Snapshot:1	0	3	Epoch:5	Loss:0.422	MRR:13.4	Hits@10:32.53	Best:13.4
2024-09-30 18:41:18,163 INFO    : Snapshot:1	0	3	Epoch:6	Loss:0.355	MRR:13.5	Hits@10:32.69	Best:13.5
2024-09-30 18:41:26,133 INFO    : Snapshot:1	0	3	Epoch:7	Loss:0.302	MRR:13.6	Hits@10:32.72	Best:13.6
2024-09-30 18:41:34,150 INFO    : Snapshot:1	0	3	Epoch:8	Loss:0.267	MRR:13.72	Hits@10:32.93	Best:13.72
2024-09-30 18:41:42,094 INFO    : Snapshot:1	0	3	Epoch:9	Loss:0.245	MRR:13.74	Hits@10:32.96	Best:13.74
2024-09-30 18:41:50,061 INFO    : Snapshot:1	0	3	Epoch:10	Loss:0.23	MRR:13.89	Hits@10:33.17	Best:13.89
2024-09-30 18:41:58,019 INFO    : Snapshot:1	0	3	Epoch:11	Loss:0.216	MRR:13.92	Hits@10:33.23	Best:13.92
2024-09-30 18:42:05,965 INFO    : Snapshot:1	1	3	Epoch:12	Loss:0.208	MRR:13.91	Hits@10:33.01	Best:13.92
2024-09-30 18:42:13,884 INFO    : Snapshot:1	2	3	Epoch:13	Loss:0.203	MRR:13.92	Hits@10:33.12	Best:13.92
2024-09-30 18:42:21,843 INFO    : Snapshot:1	0	3	Epoch:14	Loss:0.195	MRR:14.0	Hits@10:33.28	Best:14.0
2024-09-30 18:42:29,809 INFO    : Snapshot:1	0	3	Epoch:15	Loss:0.188	MRR:14.03	Hits@10:33.49	Best:14.03
2024-09-30 18:42:37,792 INFO    : Snapshot:1	1	3	Epoch:16	Loss:0.189	MRR:13.95	Hits@10:33.55	Best:14.03
2024-09-30 18:42:45,780 INFO    : Snapshot:1	0	3	Epoch:17	Loss:0.181	MRR:14.04	Hits@10:33.39	Best:14.04
2024-09-30 18:42:53,678 INFO    : Snapshot:1	1	3	Epoch:18	Loss:0.18	MRR:14.03	Hits@10:33.28	Best:14.04
2024-09-30 18:43:01,583 INFO    : Snapshot:1	0	3	Epoch:19	Loss:0.177	MRR:14.12	Hits@10:33.76	Best:14.12
2024-09-30 18:43:09,490 INFO    : Snapshot:1	0	3	Epoch:20	Loss:0.177	MRR:14.14	Hits@10:33.92	Best:14.14
2024-09-30 18:43:17,363 INFO    : Snapshot:1	1	3	Epoch:21	Loss:0.172	MRR:14.13	Hits@10:33.6	Best:14.14
2024-09-30 18:43:25,292 INFO    : Snapshot:1	0	3	Epoch:22	Loss:0.166	MRR:14.29	Hits@10:33.52	Best:14.29
2024-09-30 18:43:33,169 INFO    : Snapshot:1	1	3	Epoch:23	Loss:0.165	MRR:14.18	Hits@10:33.71	Best:14.29
2024-09-30 18:43:41,003 INFO    : Snapshot:1	2	3	Epoch:24	Loss:0.168	MRR:14.23	Hits@10:33.68	Best:14.29
2024-09-30 18:43:48,904 INFO    : Early Stopping! Snapshot:1 Epoch: 25 Best Results: 14.29
2024-09-30 18:43:48,943 INFO    : => loading checkpoint './checkpoint/WN_CKGE\1model_best.tar'
2024-09-30 18:44:08,567 INFO    : 
+------------+--------+--------+--------+--------+---------+
| Snapshot:1 |  MRR   | Hits@1 | Hits@3 | Hits@5 | Hits@10 |
+------------+--------+--------+--------+--------+---------+
|     0      | 0.1722 |  0.01  | 0.3114 | 0.354  |  0.3996 |
|     1      | 0.142  | 0.0097 | 0.2473 | 0.2944 |  0.3358 |
+------------+--------+--------+--------+--------+---------+
2024-09-30 18:44:41,806 INFO    : Snapshot:2	0	3	Epoch:0	Loss:6.588	MRR:4.62	Hits@10:11.72	Best:4.62
2024-09-30 18:44:57,840 INFO    : Snapshot:2	0	3	Epoch:1	Loss:3.421	MRR:8.37	Hits@10:21.64	Best:8.37
2024-09-30 18:45:14,282 INFO    : Snapshot:2	0	3	Epoch:2	Loss:1.592	MRR:10.39	Hits@10:25.78	Best:10.39
2024-09-30 18:45:30,683 INFO    : Snapshot:2	0	3	Epoch:3	Loss:0.815	MRR:11.5	Hits@10:27.15	Best:11.5
2024-09-30 18:45:46,685 INFO    : Snapshot:2	0	3	Epoch:4	Loss:0.535	MRR:12.13	Hits@10:28.44	Best:12.13
2024-09-30 18:46:02,782 INFO    : Snapshot:2	0	3	Epoch:5	Loss:0.396	MRR:12.39	Hits@10:28.95	Best:12.39
2024-09-30 18:46:18,803 INFO    : Snapshot:2	0	3	Epoch:6	Loss:0.322	MRR:12.68	Hits@10:29.35	Best:12.68
2024-09-30 18:46:35,055 INFO    : Snapshot:2	0	3	Epoch:7	Loss:0.275	MRR:12.76	Hits@10:29.6	Best:12.76
2024-09-30 18:46:51,102 INFO    : Snapshot:2	0	3	Epoch:8	Loss:0.24	MRR:12.84	Hits@10:29.49	Best:12.84
2024-09-30 18:47:07,207 INFO    : Snapshot:2	0	3	Epoch:9	Loss:0.219	MRR:12.87	Hits@10:29.52	Best:12.87
2024-09-30 18:47:23,353 INFO    : Snapshot:2	0	3	Epoch:10	Loss:0.208	MRR:12.99	Hits@10:29.78	Best:12.99
2024-09-30 18:47:39,491 INFO    : Snapshot:2	0	3	Epoch:11	Loss:0.194	MRR:13.0	Hits@10:29.97	Best:13.0
2024-09-30 18:47:55,589 INFO    : Snapshot:2	0	3	Epoch:12	Loss:0.19	MRR:13.08	Hits@10:29.92	Best:13.08
2024-09-30 18:48:11,740 INFO    : Snapshot:2	0	3	Epoch:13	Loss:0.176	MRR:13.09	Hits@10:29.89	Best:13.09
2024-09-30 18:48:27,859 INFO    : Snapshot:2	0	3	Epoch:14	Loss:0.173	MRR:13.1	Hits@10:30.03	Best:13.1
2024-09-30 18:48:43,955 INFO    : Snapshot:2	1	3	Epoch:15	Loss:0.171	MRR:13.1	Hits@10:30.3	Best:13.1
2024-09-30 18:49:00,153 INFO    : Snapshot:2	2	3	Epoch:16	Loss:0.166	MRR:13.07	Hits@10:30.19	Best:13.1
2024-09-30 18:49:16,327 INFO    : Snapshot:2	0	3	Epoch:17	Loss:0.164	MRR:13.18	Hits@10:30.16	Best:13.18
2024-09-30 18:49:32,523 INFO    : Snapshot:2	1	3	Epoch:18	Loss:0.157	MRR:13.11	Hits@10:30.38	Best:13.18
2024-09-30 18:49:48,420 INFO    : Snapshot:2	2	3	Epoch:19	Loss:0.155	MRR:13.11	Hits@10:30.03	Best:13.18
2024-09-30 18:50:04,363 INFO    : Early Stopping! Snapshot:2 Epoch: 20 Best Results: 13.18
2024-09-30 18:50:04,407 INFO    : => loading checkpoint './checkpoint/WN_CKGE\2model_best.tar'
2024-09-30 18:50:40,732 INFO    : 
+------------+--------+--------+--------+--------+---------+
| Snapshot:2 |  MRR   | Hits@1 | Hits@3 | Hits@5 | Hits@10 |
+------------+--------+--------+--------+--------+---------+
|     0      | 0.1722 |  0.01  | 0.3114 | 0.354  |  0.3996 |
|     1      | 0.142  | 0.0097 | 0.2473 | 0.2944 |  0.3358 |
|     2      | 0.139  | 0.0121 | 0.2425 | 0.2809 |  0.322  |
+------------+--------+--------+--------+--------+---------+
2024-09-30 18:51:18,909 INFO    : Snapshot:3	0	3	Epoch:0	Loss:6.616	MRR:3.73	Hits@10:9.33	Best:3.73
2024-09-30 18:51:36,918 INFO    : Snapshot:3	0	3	Epoch:1	Loss:3.409	MRR:7.48	Hits@10:19.46	Best:7.48
2024-09-30 18:51:54,993 INFO    : Snapshot:3	0	3	Epoch:2	Loss:1.573	MRR:9.61	Hits@10:23.55	Best:9.61
2024-09-30 18:52:13,059 INFO    : Snapshot:3	0	3	Epoch:3	Loss:0.809	MRR:10.9	Hits@10:25.73	Best:10.9
2024-09-30 18:52:31,143 INFO    : Snapshot:3	0	3	Epoch:4	Loss:0.527	MRR:11.42	Hits@10:27.18	Best:11.42
2024-09-30 18:52:49,376 INFO    : Snapshot:3	0	3	Epoch:5	Loss:0.392	MRR:11.83	Hits@10:27.42	Best:11.83
2024-09-30 18:53:07,641 INFO    : Snapshot:3	0	3	Epoch:6	Loss:0.318	MRR:12.02	Hits@10:27.82	Best:12.02
2024-09-30 18:53:25,931 INFO    : Snapshot:3	0	3	Epoch:7	Loss:0.269	MRR:12.14	Hits@10:28.17	Best:12.14
2024-09-30 18:53:44,181 INFO    : Snapshot:3	0	3	Epoch:8	Loss:0.237	MRR:12.29	Hits@10:28.2	Best:12.29
2024-09-30 18:54:02,431 INFO    : Snapshot:3	0	3	Epoch:9	Loss:0.216	MRR:12.42	Hits@10:28.33	Best:12.42
2024-09-30 18:54:20,691 INFO    : Snapshot:3	1	3	Epoch:10	Loss:0.208	MRR:12.4	Hits@10:28.25	Best:12.42
2024-09-30 18:54:39,037 INFO    : Snapshot:3	0	3	Epoch:11	Loss:0.197	MRR:12.54	Hits@10:28.47	Best:12.54
2024-09-30 18:54:57,237 INFO    : Snapshot:3	1	3	Epoch:12	Loss:0.188	MRR:12.5	Hits@10:28.47	Best:12.54
2024-09-30 18:55:15,449 INFO    : Snapshot:3	2	3	Epoch:13	Loss:0.18	MRR:12.48	Hits@10:28.49	Best:12.54
2024-09-30 18:55:33,573 INFO    : Early Stopping! Snapshot:3 Epoch: 14 Best Results: 12.54
2024-09-30 18:55:33,616 INFO    : => loading checkpoint './checkpoint/WN_CKGE\3model_best.tar'
2024-09-30 18:56:27,556 INFO    : 
+------------+--------+--------+--------+--------+---------+
| Snapshot:3 |  MRR   | Hits@1 | Hits@3 | Hits@5 | Hits@10 |
+------------+--------+--------+--------+--------+---------+
|     0      | 0.1722 |  0.01  | 0.3114 | 0.354  |  0.3996 |
|     1      | 0.142  | 0.0097 | 0.2473 | 0.2944 |  0.3358 |
|     2      | 0.139  | 0.0121 | 0.2425 | 0.2809 |  0.322  |
|     3      | 0.1331 | 0.0108 | 0.2347 | 0.268  |  0.3083 |
+------------+--------+--------+--------+--------+---------+
2024-09-30 18:56:36,513 INFO    : Snapshot:4	0	3	Epoch:0	Loss:6.57	MRR:10.06	Hits@10:23.47	Best:10.06
2024-09-30 18:56:39,571 INFO    : Snapshot:4	0	3	Epoch:1	Loss:3.356	MRR:11.49	Hits@10:27.39	Best:11.49
2024-09-30 18:56:43,611 INFO    : Snapshot:4	0	3	Epoch:2	Loss:1.504	MRR:12.34	Hits@10:28.6	Best:12.34
2024-09-30 18:56:47,395 INFO    : Snapshot:4	0	3	Epoch:3	Loss:0.748	MRR:12.83	Hits@10:29.62	Best:12.83
2024-09-30 18:56:50,514 INFO    : Snapshot:4	0	3	Epoch:4	Loss:0.478	MRR:13.11	Hits@10:30.24	Best:13.11
2024-09-30 18:56:53,593 INFO    : Snapshot:4	0	3	Epoch:5	Loss:0.357	MRR:13.22	Hits@10:30.38	Best:13.22
2024-09-30 18:56:56,710 INFO    : Snapshot:4	0	3	Epoch:6	Loss:0.289	MRR:13.47	Hits@10:30.62	Best:13.47
2024-09-30 18:56:59,848 INFO    : Snapshot:4	0	3	Epoch:7	Loss:0.243	MRR:13.52	Hits@10:30.65	Best:13.52
2024-09-30 18:57:02,937 INFO    : Snapshot:4	1	3	Epoch:8	Loss:0.224	MRR:13.5	Hits@10:30.46	Best:13.52
2024-09-30 18:57:06,057 INFO    : Snapshot:4	0	3	Epoch:9	Loss:0.204	MRR:13.55	Hits@10:30.65	Best:13.55
2024-09-30 18:57:09,241 INFO    : Snapshot:4	0	3	Epoch:10	Loss:0.192	MRR:13.6	Hits@10:30.7	Best:13.6
2024-09-30 18:57:12,294 INFO    : Snapshot:4	1	3	Epoch:11	Loss:0.183	MRR:13.59	Hits@10:30.65	Best:13.6
2024-09-30 18:57:15,307 INFO    : Snapshot:4	2	3	Epoch:12	Loss:0.175	MRR:13.54	Hits@10:30.94	Best:13.6
2024-09-30 18:57:18,340 INFO    : Early Stopping! Snapshot:4 Epoch: 13 Best Results: 13.6
2024-09-30 18:57:18,384 INFO    : => loading checkpoint './checkpoint/WN_CKGE\4model_best.tar'
2024-09-30 18:57:41,974 INFO    : 
+------------+--------+--------+--------+--------+---------+
| Snapshot:4 |  MRR   | Hits@1 | Hits@3 | Hits@5 | Hits@10 |
+------------+--------+--------+--------+--------+---------+
|     0      | 0.1722 |  0.01  | 0.3114 | 0.354  |  0.3996 |
|     1      | 0.142  | 0.0097 | 0.2473 | 0.2944 |  0.3358 |
|     2      | 0.139  | 0.0121 | 0.2425 | 0.2809 |  0.322  |
|     3      | 0.1331 | 0.0108 | 0.2347 | 0.268  |  0.3083 |
|     4      | 0.1461 | 0.0097 | 0.2646 | 0.2899 |  0.3267 |
+------------+--------+--------+--------+--------+---------+
2024-09-30 18:57:41,976 INFO    : Final Result:
[+------------+--------+--------+--------+--------+---------+
| Snapshot:0 |  MRR   | Hits@1 | Hits@3 | Hits@5 | Hits@10 |
+------------+--------+--------+--------+--------+---------+
|     0      | 0.1722 |  0.01  | 0.3114 | 0.354  |  0.3996 |
+------------+--------+--------+--------+--------+---------+, +------------+--------+--------+--------+--------+---------+
| Snapshot:1 |  MRR   | Hits@1 | Hits@3 | Hits@5 | Hits@10 |
+------------+--------+--------+--------+--------+---------+
|     0      | 0.1722 |  0.01  | 0.3114 | 0.354  |  0.3996 |
|     1      | 0.142  | 0.0097 | 0.2473 | 0.2944 |  0.3358 |
+------------+--------+--------+--------+--------+---------+, +------------+--------+--------+--------+--------+---------+
| Snapshot:2 |  MRR   | Hits@1 | Hits@3 | Hits@5 | Hits@10 |
+------------+--------+--------+--------+--------+---------+
|     0      | 0.1722 |  0.01  | 0.3114 | 0.354  |  0.3996 |
|     1      | 0.142  | 0.0097 | 0.2473 | 0.2944 |  0.3358 |
|     2      | 0.139  | 0.0121 | 0.2425 | 0.2809 |  0.322  |
+------------+--------+--------+--------+--------+---------+, +------------+--------+--------+--------+--------+---------+
| Snapshot:3 |  MRR   | Hits@1 | Hits@3 | Hits@5 | Hits@10 |
+------------+--------+--------+--------+--------+---------+
|     0      | 0.1722 |  0.01  | 0.3114 | 0.354  |  0.3996 |
|     1      | 0.142  | 0.0097 | 0.2473 | 0.2944 |  0.3358 |
|     2      | 0.139  | 0.0121 | 0.2425 | 0.2809 |  0.322  |
|     3      | 0.1331 | 0.0108 | 0.2347 | 0.268  |  0.3083 |
+------------+--------+--------+--------+--------+---------+, +------------+--------+--------+--------+--------+---------+
| Snapshot:4 |  MRR   | Hits@1 | Hits@3 | Hits@5 | Hits@10 |
+------------+--------+--------+--------+--------+---------+
|     0      | 0.1722 |  0.01  | 0.3114 | 0.354  |  0.3996 |
|     1      | 0.142  | 0.0097 | 0.2473 | 0.2944 |  0.3358 |
|     2      | 0.139  | 0.0121 | 0.2425 | 0.2809 |  0.322  |
|     3      | 0.1331 | 0.0108 | 0.2347 | 0.268  |  0.3083 |
|     4      | 0.1461 | 0.0097 | 0.2646 | 0.2899 |  0.3267 |
+------------+--------+--------+--------+--------+---------+]
2024-09-30 18:57:41,977 INFO    : Report Result:
+----------+--------------------+-----------+--------------+--------------+---------------+
| Snapshot |        Time        | Whole_MRR | Whole_Hits@1 | Whole_Hits@3 | Whole_Hits@10 |
+----------+--------------------+-----------+--------------+--------------+---------------+
|    0     | 328.8464410305023  |   0.172   |     0.01     |    0.311     |      0.4      |
|    1     | 206.98389863967896 |   0.168   |     0.01     |    0.302     |      0.39     |
|    2     |  339.145884513855  |   0.164   |     0.01     |    0.295     |     0.382     |
|    3     | 273.29274678230286 |   0.161   |     0.01     |    0.288     |     0.374     |
|    4     | 45.40021634101868  |   0.159   |     0.01     |    0.286     |     0.369     |
+----------+--------------------+-----------+--------------+--------------+---------------+
2024-09-30 18:57:41,977 INFO    : Sum_Training_Time:1193.6691873073578
2024-09-30 18:57:41,977 INFO    : Every_Training_Time:[328.8464410305023, 206.98389863967896, 339.145884513855, 273.29274678230286, 45.40021634101868]
2024-09-30 18:57:41,977 INFO    : Forward transfer: 0.0601 Backward transfer: 0.0
