2024-09-20 14:23:03,439 INFO    : Namespace(batch_size='1024', data_path='./data/ENTITY/', dataset='ENTITY', debug=False, device=device(type='cuda', index=0), emb_dim=200, ent_r='200', epoch_num=200, explore=False, gpu='0', l2=0.0, learning_rate='3e-1', log_path='./logs/20240920142254/ENTITY', logger=<RootLogger root (INFO)>, margin=8.0, model_name='LoraKGE_Layers', multi_layers_path='train_sorted_by_edges_betweenness.txt', neg_ratio=10, note='', num_ent_layers='20', num_layer=1, num_rel_layers='1', patience=3, predict_result=False, r=100, r_fixed=True, random_seed=3407, record=False, rel_r='20', save_path='./checkpoint/ENTITY', skip_previous='False', snapshot_num=5, train_new=True, using_multi_layers=False, using_various_ranks='True', using_various_ranks_reverse=False, valid_metrics='mrr')
2024-09-20 14:23:09,362 INFO    : Snapshot:0	0	3	Epoch:0	Loss:35.288	MRR:9.73	Hits@10:23.32	Best:9.73
2024-09-20 14:23:12,580 INFO    : Snapshot:0	0	3	Epoch:1	Loss:24.605	MRR:18.0	Hits@10:39.98	Best:18.0
2024-09-20 14:23:15,759 INFO    : Snapshot:0	0	3	Epoch:2	Loss:14.488	MRR:26.48	Hits@10:48.81	Best:26.48
2024-09-20 14:23:18,802 INFO    : Snapshot:0	0	3	Epoch:3	Loss:7.616	MRR:30.42	Hits@10:52.54	Best:30.42
2024-09-20 14:23:21,884 INFO    : Snapshot:0	0	3	Epoch:4	Loss:4.185	MRR:31.77	Hits@10:54.22	Best:31.77
2024-09-20 14:23:25,089 INFO    : Snapshot:0	0	3	Epoch:5	Loss:2.558	MRR:32.23	Hits@10:54.56	Best:32.23
2024-09-20 14:23:28,266 INFO    : Snapshot:0	0	3	Epoch:6	Loss:1.777	MRR:32.38	Hits@10:55.02	Best:32.38
2024-09-20 14:23:31,371 INFO    : Snapshot:0	0	3	Epoch:7	Loss:1.364	MRR:32.49	Hits@10:54.98	Best:32.49
2024-09-20 14:23:34,468 INFO    : Snapshot:0	0	3	Epoch:8	Loss:1.111	MRR:32.5	Hits@10:54.8	Best:32.5
2024-09-20 14:23:37,786 INFO    : Snapshot:0	1	3	Epoch:9	Loss:0.952	MRR:32.38	Hits@10:54.79	Best:32.5
2024-09-20 14:23:40,869 INFO    : Snapshot:0	2	3	Epoch:10	Loss:0.832	MRR:32.24	Hits@10:55.01	Best:32.5
2024-09-20 14:23:44,183 INFO    : Early Stopping! Snapshot:0 Epoch: 11 Best Results: 32.5
2024-09-20 14:23:44,290 INFO    : => loading checkpoint './checkpoint/ENTITY\0model_best.tar'
2024-09-20 14:23:45,754 INFO    : 
+------------+--------+--------+--------+--------+---------+
| Snapshot:0 |  MRR   | Hits@1 | Hits@3 | Hits@5 | Hits@10 |
+------------+--------+--------+--------+--------+---------+
|     0      | 0.3285 | 0.2086 | 0.3806 | 0.4552 |  0.5588 |
+------------+--------+--------+--------+--------+---------+
2024-09-20 14:24:01,162 INFO    : Snapshot:1	0	3	Epoch:0	Loss:11.232	MRR:16.73	Hits@10:29.76	Best:16.73
2024-09-20 14:24:09,518 INFO    : Snapshot:1	0	3	Epoch:1	Loss:4.278	MRR:18.24	Hits@10:32.87	Best:18.24
2024-09-20 14:24:17,597 INFO    : Snapshot:1	0	3	Epoch:2	Loss:3.603	MRR:18.92	Hits@10:33.98	Best:18.92
2024-09-20 14:24:25,408 INFO    : Snapshot:1	0	3	Epoch:3	Loss:3.243	MRR:19.49	Hits@10:34.77	Best:19.49
2024-09-20 14:24:33,730 INFO    : Snapshot:1	0	3	Epoch:4	Loss:3.003	MRR:20.03	Hits@10:35.97	Best:20.03
2024-09-20 14:24:42,363 INFO    : Snapshot:1	0	3	Epoch:5	Loss:2.814	MRR:20.23	Hits@10:36.26	Best:20.23
2024-09-20 14:24:50,616 INFO    : Snapshot:1	0	3	Epoch:6	Loss:2.673	MRR:20.64	Hits@10:36.88	Best:20.64
2024-09-20 14:24:58,364 INFO    : Snapshot:1	0	3	Epoch:7	Loss:2.57	MRR:20.93	Hits@10:37.23	Best:20.93
2024-09-20 14:25:06,080 INFO    : Snapshot:1	0	3	Epoch:8	Loss:2.482	MRR:20.95	Hits@10:37.28	Best:20.95
2024-09-20 14:25:13,761 INFO    : Snapshot:1	0	3	Epoch:9	Loss:2.41	MRR:21.04	Hits@10:37.43	Best:21.04
2024-09-20 14:25:21,515 INFO    : Snapshot:1	0	3	Epoch:10	Loss:2.333	MRR:21.4	Hits@10:37.81	Best:21.4
2024-09-20 14:25:29,287 INFO    : Snapshot:1	0	3	Epoch:11	Loss:2.281	MRR:21.51	Hits@10:38.29	Best:21.51
2024-09-20 14:25:36,776 INFO    : Snapshot:1	1	3	Epoch:12	Loss:2.252	MRR:21.37	Hits@10:38.2	Best:21.51
2024-09-20 14:25:44,608 INFO    : Snapshot:1	0	3	Epoch:13	Loss:2.185	MRR:21.77	Hits@10:38.87	Best:21.77
2024-09-20 14:25:52,484 INFO    : Snapshot:1	0	3	Epoch:14	Loss:2.157	MRR:21.89	Hits@10:38.76	Best:21.89
2024-09-20 14:26:00,624 INFO    : Snapshot:1	1	3	Epoch:15	Loss:2.127	MRR:21.77	Hits@10:38.83	Best:21.89
2024-09-20 14:26:08,608 INFO    : Snapshot:1	0	3	Epoch:16	Loss:2.067	MRR:21.94	Hits@10:38.95	Best:21.94
2024-09-20 14:26:16,908 INFO    : Snapshot:1	0	3	Epoch:17	Loss:2.045	MRR:22.09	Hits@10:39.15	Best:22.09
2024-09-20 14:26:24,947 INFO    : Snapshot:1	1	3	Epoch:18	Loss:2.036	MRR:21.94	Hits@10:39.03	Best:22.09
2024-09-20 14:26:32,999 INFO    : Snapshot:1	2	3	Epoch:19	Loss:2.007	MRR:21.96	Hits@10:38.96	Best:22.09
2024-09-20 14:26:40,942 INFO    : Early Stopping! Snapshot:1 Epoch: 20 Best Results: 22.09
2024-09-20 14:26:41,038 INFO    : => loading checkpoint './checkpoint/ENTITY\1model_best.tar'
2024-09-20 14:26:46,381 INFO    : 
+------------+--------+--------+--------+--------+---------+
| Snapshot:1 |  MRR   | Hits@1 | Hits@3 | Hits@5 | Hits@10 |
+------------+--------+--------+--------+--------+---------+
|     0      | 0.3285 | 0.2086 | 0.3806 | 0.4552 |  0.5588 |
|     1      |  0.22  | 0.1334 | 0.2422 | 0.3016 |  0.3913 |
+------------+--------+--------+--------+--------+---------+
2024-09-20 14:27:01,575 INFO    : Snapshot:2	0	3	Epoch:0	Loss:10.648	MRR:15.08	Hits@10:26.32	Best:15.08
2024-09-20 14:27:10,451 INFO    : Snapshot:2	0	3	Epoch:1	Loss:4.258	MRR:16.69	Hits@10:29.4	Best:16.69
2024-09-20 14:27:19,379 INFO    : Snapshot:2	0	3	Epoch:2	Loss:3.644	MRR:17.44	Hits@10:30.76	Best:17.44
2024-09-20 14:27:28,572 INFO    : Snapshot:2	0	3	Epoch:3	Loss:3.326	MRR:18.01	Hits@10:31.79	Best:18.01
2024-09-20 14:27:37,632 INFO    : Snapshot:2	0	3	Epoch:4	Loss:3.064	MRR:18.16	Hits@10:32.1	Best:18.16
2024-09-20 14:27:46,629 INFO    : Snapshot:2	0	3	Epoch:5	Loss:2.914	MRR:18.48	Hits@10:32.63	Best:18.48
2024-09-20 14:27:55,684 INFO    : Snapshot:2	0	3	Epoch:6	Loss:2.763	MRR:18.85	Hits@10:33.02	Best:18.85
2024-09-20 14:28:04,726 INFO    : Snapshot:2	0	3	Epoch:7	Loss:2.663	MRR:19.11	Hits@10:33.5	Best:19.11
2024-09-20 14:28:13,780 INFO    : Snapshot:2	1	3	Epoch:8	Loss:2.598	MRR:18.97	Hits@10:33.8	Best:19.11
2024-09-20 14:28:22,898 INFO    : Snapshot:2	0	3	Epoch:9	Loss:2.509	MRR:19.26	Hits@10:34.17	Best:19.26
2024-09-20 14:28:31,966 INFO    : Snapshot:2	1	3	Epoch:10	Loss:2.478	MRR:19.07	Hits@10:33.87	Best:19.26
2024-09-20 14:28:41,119 INFO    : Snapshot:2	0	3	Epoch:11	Loss:2.429	MRR:19.45	Hits@10:34.19	Best:19.45
2024-09-20 14:28:50,200 INFO    : Snapshot:2	1	3	Epoch:12	Loss:2.349	MRR:19.41	Hits@10:34.42	Best:19.45
2024-09-20 14:28:59,454 INFO    : Snapshot:2	0	3	Epoch:13	Loss:2.347	MRR:19.61	Hits@10:34.51	Best:19.61
2024-09-20 14:29:08,531 INFO    : Snapshot:2	1	3	Epoch:14	Loss:2.29	MRR:19.53	Hits@10:34.43	Best:19.61
2024-09-20 14:29:17,711 INFO    : Snapshot:2	0	3	Epoch:15	Loss:2.272	MRR:19.76	Hits@10:34.41	Best:19.76
2024-09-20 14:29:27,043 INFO    : Snapshot:2	0	3	Epoch:16	Loss:2.247	MRR:19.82	Hits@10:34.83	Best:19.82
2024-09-20 14:29:35,962 INFO    : Snapshot:2	1	3	Epoch:17	Loss:2.249	MRR:19.77	Hits@10:34.81	Best:19.82
2024-09-20 14:29:44,905 INFO    : Snapshot:2	2	3	Epoch:18	Loss:2.195	MRR:19.76	Hits@10:34.92	Best:19.82
2024-09-20 14:29:53,821 INFO    : Early Stopping! Snapshot:2 Epoch: 19 Best Results: 19.82
2024-09-20 14:29:53,928 INFO    : => loading checkpoint './checkpoint/ENTITY\2model_best.tar'
2024-09-20 14:30:03,827 INFO    : 
+------------+--------+--------+--------+--------+---------+
| Snapshot:2 |  MRR   | Hits@1 | Hits@3 | Hits@5 | Hits@10 |
+------------+--------+--------+--------+--------+---------+
|     0      | 0.3285 | 0.2086 | 0.3806 | 0.4552 |  0.5588 |
|     1      |  0.22  | 0.1334 | 0.2422 | 0.3016 |  0.3913 |
|     2      | 0.1979 | 0.1191 |  0.22  | 0.2707 |  0.3491 |
+------------+--------+--------+--------+--------+---------+
2024-09-20 14:30:21,818 INFO    : Snapshot:3	0	3	Epoch:0	Loss:9.661	MRR:14.32	Hits@10:25.34	Best:14.32
2024-09-20 14:30:32,086 INFO    : Snapshot:3	0	3	Epoch:1	Loss:3.614	MRR:15.72	Hits@10:28.2	Best:15.72
2024-09-20 14:30:42,087 INFO    : Snapshot:3	0	3	Epoch:2	Loss:3.061	MRR:16.51	Hits@10:29.47	Best:16.51
2024-09-20 14:30:52,457 INFO    : Snapshot:3	0	3	Epoch:3	Loss:2.781	MRR:17.0	Hits@10:30.66	Best:17.0
2024-09-20 14:31:02,535 INFO    : Snapshot:3	0	3	Epoch:4	Loss:2.555	MRR:17.42	Hits@10:31.58	Best:17.42
2024-09-20 14:31:12,462 INFO    : Snapshot:3	0	3	Epoch:5	Loss:2.437	MRR:17.65	Hits@10:31.64	Best:17.65
2024-09-20 14:31:22,683 INFO    : Snapshot:3	0	3	Epoch:6	Loss:2.331	MRR:17.95	Hits@10:31.77	Best:17.95
2024-09-20 14:31:32,975 INFO    : Snapshot:3	0	3	Epoch:7	Loss:2.227	MRR:17.97	Hits@10:32.35	Best:17.97
2024-09-20 14:31:42,967 INFO    : Snapshot:3	0	3	Epoch:8	Loss:2.17	MRR:18.0	Hits@10:32.35	Best:18.0
2024-09-20 14:31:53,050 INFO    : Snapshot:3	0	3	Epoch:9	Loss:2.127	MRR:18.29	Hits@10:32.73	Best:18.29
2024-09-20 14:32:03,621 INFO    : Snapshot:3	0	3	Epoch:10	Loss:2.096	MRR:18.44	Hits@10:32.86	Best:18.44
2024-09-20 14:32:13,602 INFO    : Snapshot:3	0	3	Epoch:11	Loss:2.042	MRR:18.5	Hits@10:32.9	Best:18.5
2024-09-20 14:32:23,839 INFO    : Snapshot:3	0	3	Epoch:12	Loss:1.987	MRR:18.54	Hits@10:33.19	Best:18.54
2024-09-20 14:32:33,868 INFO    : Snapshot:3	1	3	Epoch:13	Loss:1.973	MRR:18.51	Hits@10:33.04	Best:18.54
2024-09-20 14:32:44,555 INFO    : Snapshot:3	0	3	Epoch:14	Loss:1.948	MRR:18.66	Hits@10:33.12	Best:18.66
2024-09-20 14:32:54,801 INFO    : Snapshot:3	1	3	Epoch:15	Loss:1.935	MRR:18.64	Hits@10:33.29	Best:18.66
2024-09-20 14:33:04,885 INFO    : Snapshot:3	0	3	Epoch:16	Loss:1.911	MRR:18.67	Hits@10:33.54	Best:18.67
2024-09-20 14:33:14,686 INFO    : Snapshot:3	0	3	Epoch:17	Loss:1.888	MRR:18.73	Hits@10:33.13	Best:18.73
2024-09-20 14:33:24,457 INFO    : Snapshot:3	0	3	Epoch:18	Loss:1.873	MRR:18.96	Hits@10:33.64	Best:18.96
2024-09-20 14:33:34,149 INFO    : Snapshot:3	1	3	Epoch:19	Loss:1.848	MRR:18.79	Hits@10:33.53	Best:18.96
2024-09-20 14:33:44,104 INFO    : Snapshot:3	2	3	Epoch:20	Loss:1.832	MRR:18.94	Hits@10:33.79	Best:18.96
2024-09-20 14:33:53,732 INFO    : Early Stopping! Snapshot:3 Epoch: 21 Best Results: 18.96
2024-09-20 14:33:53,835 INFO    : => loading checkpoint './checkpoint/ENTITY\3model_best.tar'
2024-09-20 14:34:09,239 INFO    : 
+------------+--------+--------+--------+--------+---------+
| Snapshot:3 |  MRR   | Hits@1 | Hits@3 | Hits@5 | Hits@10 |
+------------+--------+--------+--------+--------+---------+
|     0      | 0.3285 | 0.2086 | 0.3806 | 0.4552 |  0.5588 |
|     1      |  0.22  | 0.1334 | 0.2422 | 0.3016 |  0.3913 |
|     2      | 0.1979 | 0.1191 |  0.22  | 0.2707 |  0.3491 |
|     3      | 0.1901 | 0.1146 | 0.2118 | 0.2617 |  0.3364 |
+------------+--------+--------+--------+--------+---------+
2024-09-20 14:34:24,955 INFO    : Snapshot:4	0	3	Epoch:0	Loss:6.868	MRR:18.59	Hits@10:30.66	Best:18.59
2024-09-20 14:34:32,801 INFO    : Snapshot:4	0	3	Epoch:1	Loss:1.877	MRR:20.24	Hits@10:34.17	Best:20.24
2024-09-20 14:34:40,671 INFO    : Snapshot:4	0	3	Epoch:2	Loss:1.506	MRR:21.12	Hits@10:36.23	Best:21.12
2024-09-20 14:34:48,564 INFO    : Snapshot:4	0	3	Epoch:3	Loss:1.321	MRR:21.52	Hits@10:36.88	Best:21.52
2024-09-20 14:34:56,514 INFO    : Snapshot:4	0	3	Epoch:4	Loss:1.259	MRR:21.83	Hits@10:37.64	Best:21.83
2024-09-20 14:35:04,354 INFO    : Snapshot:4	0	3	Epoch:5	Loss:1.159	MRR:22.08	Hits@10:38.26	Best:22.08
2024-09-20 14:35:12,173 INFO    : Snapshot:4	0	3	Epoch:6	Loss:1.102	MRR:22.27	Hits@10:38.8	Best:22.27
2024-09-20 14:35:19,959 INFO    : Snapshot:4	0	3	Epoch:7	Loss:1.057	MRR:22.28	Hits@10:38.75	Best:22.28
2024-09-20 14:35:27,628 INFO    : Snapshot:4	0	3	Epoch:8	Loss:0.999	MRR:22.72	Hits@10:39.37	Best:22.72
2024-09-20 14:35:35,260 INFO    : Snapshot:4	0	3	Epoch:9	Loss:0.965	MRR:22.73	Hits@10:39.43	Best:22.73
2024-09-20 14:35:42,861 INFO    : Snapshot:4	1	3	Epoch:10	Loss:0.939	MRR:22.64	Hits@10:39.28	Best:22.73
2024-09-20 14:35:50,607 INFO    : Snapshot:4	2	3	Epoch:11	Loss:0.939	MRR:22.6	Hits@10:39.3	Best:22.73
2024-09-20 14:35:58,511 INFO    : Snapshot:4	0	3	Epoch:12	Loss:0.896	MRR:22.81	Hits@10:39.6	Best:22.81
2024-09-20 14:36:06,326 INFO    : Snapshot:4	0	3	Epoch:13	Loss:0.875	MRR:22.87	Hits@10:39.69	Best:22.87
2024-09-20 14:36:14,265 INFO    : Snapshot:4	1	3	Epoch:14	Loss:0.868	MRR:22.75	Hits@10:39.92	Best:22.87
2024-09-20 14:36:22,135 INFO    : Snapshot:4	0	3	Epoch:15	Loss:0.839	MRR:23.28	Hits@10:40.3	Best:23.28
2024-09-20 14:36:29,971 INFO    : Snapshot:4	1	3	Epoch:16	Loss:0.834	MRR:23.06	Hits@10:40.16	Best:23.28
2024-09-20 14:36:37,577 INFO    : Snapshot:4	2	3	Epoch:17	Loss:0.817	MRR:23.14	Hits@10:40.05	Best:23.28
2024-09-20 14:36:45,158 INFO    : Early Stopping! Snapshot:4 Epoch: 18 Best Results: 23.28
2024-09-20 14:36:45,251 INFO    : => loading checkpoint './checkpoint/ENTITY\4model_best.tar'
2024-09-20 14:37:05,421 INFO    : 
+------------+--------+--------+--------+--------+---------+
| Snapshot:4 |  MRR   | Hits@1 | Hits@3 | Hits@5 | Hits@10 |
+------------+--------+--------+--------+--------+---------+
|     0      | 0.3285 | 0.2086 | 0.3806 | 0.4552 |  0.5588 |
|     1      |  0.22  | 0.1334 | 0.2422 | 0.3016 |  0.3913 |
|     2      | 0.1979 | 0.1191 |  0.22  | 0.2707 |  0.3491 |
|     3      | 0.1901 | 0.1146 | 0.2118 | 0.2617 |  0.3364 |
|     4      | 0.2327 | 0.1434 | 0.267  | 0.3241 |  0.4035 |
+------------+--------+--------+--------+--------+---------+
2024-09-20 14:37:05,422 INFO    : Final Result:
[+------------+--------+--------+--------+--------+---------+
| Snapshot:0 |  MRR   | Hits@1 | Hits@3 | Hits@5 | Hits@10 |
+------------+--------+--------+--------+--------+---------+
|     0      | 0.3285 | 0.2086 | 0.3806 | 0.4552 |  0.5588 |
+------------+--------+--------+--------+--------+---------+, +------------+--------+--------+--------+--------+---------+
| Snapshot:1 |  MRR   | Hits@1 | Hits@3 | Hits@5 | Hits@10 |
+------------+--------+--------+--------+--------+---------+
|     0      | 0.3285 | 0.2086 | 0.3806 | 0.4552 |  0.5588 |
|     1      |  0.22  | 0.1334 | 0.2422 | 0.3016 |  0.3913 |
+------------+--------+--------+--------+--------+---------+, +------------+--------+--------+--------+--------+---------+
| Snapshot:2 |  MRR   | Hits@1 | Hits@3 | Hits@5 | Hits@10 |
+------------+--------+--------+--------+--------+---------+
|     0      | 0.3285 | 0.2086 | 0.3806 | 0.4552 |  0.5588 |
|     1      |  0.22  | 0.1334 | 0.2422 | 0.3016 |  0.3913 |
|     2      | 0.1979 | 0.1191 |  0.22  | 0.2707 |  0.3491 |
+------------+--------+--------+--------+--------+---------+, +------------+--------+--------+--------+--------+---------+
| Snapshot:3 |  MRR   | Hits@1 | Hits@3 | Hits@5 | Hits@10 |
+------------+--------+--------+--------+--------+---------+
|     0      | 0.3285 | 0.2086 | 0.3806 | 0.4552 |  0.5588 |
|     1      |  0.22  | 0.1334 | 0.2422 | 0.3016 |  0.3913 |
|     2      | 0.1979 | 0.1191 |  0.22  | 0.2707 |  0.3491 |
|     3      | 0.1901 | 0.1146 | 0.2118 | 0.2617 |  0.3364 |
+------------+--------+--------+--------+--------+---------+, +------------+--------+--------+--------+--------+---------+
| Snapshot:4 |  MRR   | Hits@1 | Hits@3 | Hits@5 | Hits@10 |
+------------+--------+--------+--------+--------+---------+
|     0      | 0.3285 | 0.2086 | 0.3806 | 0.4552 |  0.5588 |
|     1      |  0.22  | 0.1334 | 0.2422 | 0.3016 |  0.3913 |
|     2      | 0.1979 | 0.1191 |  0.22  | 0.2707 |  0.3491 |
|     3      | 0.1901 | 0.1146 | 0.2118 | 0.2617 |  0.3364 |
|     4      | 0.2327 | 0.1434 | 0.267  | 0.3241 |  0.4035 |
+------------+--------+--------+--------+--------+---------+]
2024-09-20 14:37:05,423 INFO    : Report Result:
+----------+--------------------+-----------+--------------+--------------+---------------+
| Snapshot |        Time        | Whole_MRR | Whole_Hits@1 | Whole_Hits@3 | Whole_Hits@10 |
+----------+--------------------+-----------+--------------+--------------+---------------+
|    0     | 40.74236702919006  |   0.329   |    0.209     |    0.381     |     0.559     |
|    1     | 171.27725982666016 |   0.262   |    0.163     |    0.296     |     0.457     |
|    2     | 182.9248070716858  |   0.238   |    0.146     |    0.267     |     0.416     |
|    3     | 224.22792220115662 |   0.225   |    0.138     |    0.252     |     0.394     |
|    4     | 150.8387475013733  |   0.226   |    0.138     |    0.254     |     0.396     |
+----------+--------------------+-----------+--------------+--------------+---------------+
2024-09-20 14:37:05,423 INFO    : Sum_Training_Time:770.0111036300659
2024-09-20 14:37:05,423 INFO    : Every_Training_Time:[40.74236702919006, 171.27725982666016, 182.9248070716858, 224.22792220115662, 150.8387475013733]
2024-09-20 14:37:05,423 INFO    : Forward transfer: 0.03862500000000001 Backward transfer: 0.0
