2025-01-09 13:37:38,613 INFO    : Namespace(batch_size=1024, data_path='./data/WN_CKGE/', dataset='WN_CKGE', debug=False, device=device(type='cuda', index=0), emb_dim=200, ent_r='200', epoch_num=200, explore=False, gpu='0', l2=0.0, learning_rate='2e-1', log_path='./logs/WN_CKGE 200 20 2e-1 1024/WN_CKGE 20250109133734', logger=<RootLogger root (INFO)>, margin=8.0, model_name='LoraKGE_Layers', multi_layers_path='train_sorted_by_edges_betweenness.txt', neg_ratio=10, note='', num_ent_layers='20', num_layer=1, num_rel_layers='1', patience='10', predict_result=False, r=100, r_fixed=True, random_seed=3407, record=False, rel_r='200', save_path='./checkpoint/WN_CKGE', skip_previous='False', snapshot_num=5, train_new=True, using_multi_layers=False, using_various_ranks='True', using_various_ranks_reverse=False, valid_metrics='mrr')
2025-01-09 13:37:50,350 INFO    : Snapshot:0	0	10	Epoch:0	Loss:43.873	MRR:0.82	Hits@10:1.92	Best:0.82
2025-01-09 13:38:01,899 INFO    : Snapshot:0	0	10	Epoch:1	Loss:28.425	MRR:2.42	Hits@10:6.33	Best:2.42
2025-01-09 13:38:13,184 INFO    : Snapshot:0	0	10	Epoch:2	Loss:16.858	MRR:9.07	Hits@10:21.52	Best:9.07
2025-01-09 13:38:24,778 INFO    : Snapshot:0	0	10	Epoch:3	Loss:10.631	MRR:12.21	Hits@10:27.73	Best:12.21
2025-01-09 13:38:36,441 INFO    : Snapshot:0	0	10	Epoch:4	Loss:7.432	MRR:13.39	Hits@10:29.97	Best:13.39
2025-01-09 13:38:47,757 INFO    : Snapshot:0	0	10	Epoch:5	Loss:5.584	MRR:14.12	Hits@10:31.38	Best:14.12
2025-01-09 13:38:59,012 INFO    : Snapshot:0	0	10	Epoch:6	Loss:4.378	MRR:14.57	Hits@10:32.16	Best:14.57
2025-01-09 13:39:10,470 INFO    : Snapshot:0	0	10	Epoch:7	Loss:3.481	MRR:14.86	Hits@10:32.57	Best:14.86
2025-01-09 13:39:22,052 INFO    : Snapshot:0	0	10	Epoch:8	Loss:2.775	MRR:15.13	Hits@10:33.16	Best:15.13
2025-01-09 13:39:33,367 INFO    : Snapshot:0	0	10	Epoch:9	Loss:2.249	MRR:15.4	Hits@10:33.64	Best:15.4
2025-01-09 13:39:44,855 INFO    : Snapshot:0	0	10	Epoch:10	Loss:1.809	MRR:15.58	Hits@10:34.25	Best:15.58
2025-01-09 13:39:56,627 INFO    : Snapshot:0	0	10	Epoch:11	Loss:1.471	MRR:15.79	Hits@10:34.65	Best:15.79
2025-01-09 13:40:07,900 INFO    : Snapshot:0	0	10	Epoch:12	Loss:1.231	MRR:15.98	Hits@10:35.04	Best:15.98
2025-01-09 13:40:19,216 INFO    : Snapshot:0	0	10	Epoch:13	Loss:1.003	MRR:16.17	Hits@10:35.6	Best:16.17
2025-01-09 13:40:30,534 INFO    : Snapshot:0	0	10	Epoch:14	Loss:0.852	MRR:16.37	Hits@10:36.0	Best:16.37
2025-01-09 13:40:41,638 INFO    : Snapshot:0	0	10	Epoch:15	Loss:0.715	MRR:16.55	Hits@10:36.19	Best:16.55
2025-01-09 13:40:53,052 INFO    : Snapshot:0	0	10	Epoch:16	Loss:0.595	MRR:16.81	Hits@10:36.74	Best:16.81
2025-01-09 13:41:04,851 INFO    : Snapshot:0	0	10	Epoch:17	Loss:0.499	MRR:16.83	Hits@10:36.97	Best:16.83
2025-01-09 13:41:16,583 INFO    : Snapshot:0	0	10	Epoch:18	Loss:0.408	MRR:16.93	Hits@10:37.23	Best:16.93
2025-01-09 13:41:27,585 INFO    : Snapshot:0	0	10	Epoch:19	Loss:0.343	MRR:17.0	Hits@10:37.68	Best:17.0
2025-01-09 13:41:39,669 INFO    : Snapshot:0	1	10	Epoch:20	Loss:0.284	MRR:16.95	Hits@10:37.81	Best:17.0
2025-01-09 13:41:50,593 INFO    : Snapshot:0	0	10	Epoch:21	Loss:0.252	MRR:17.02	Hits@10:37.85	Best:17.02
2025-01-09 13:42:02,608 INFO    : Snapshot:0	1	10	Epoch:22	Loss:0.228	MRR:17.0	Hits@10:38.01	Best:17.02
2025-01-09 13:42:14,563 INFO    : Snapshot:0	0	10	Epoch:23	Loss:0.193	MRR:17.06	Hits@10:38.26	Best:17.06
2025-01-09 13:42:26,087 INFO    : Snapshot:0	0	10	Epoch:24	Loss:0.178	MRR:17.12	Hits@10:38.45	Best:17.12
2025-01-09 13:42:37,605 INFO    : Snapshot:0	1	10	Epoch:25	Loss:0.16	MRR:17.08	Hits@10:38.38	Best:17.12
2025-01-09 13:42:49,202 INFO    : Snapshot:0	2	10	Epoch:26	Loss:0.149	MRR:17.09	Hits@10:38.57	Best:17.12
2025-01-09 13:43:01,001 INFO    : Snapshot:0	0	10	Epoch:27	Loss:0.136	MRR:17.13	Hits@10:38.9	Best:17.13
2025-01-09 13:43:12,516 INFO    : Snapshot:0	1	10	Epoch:28	Loss:0.137	MRR:17.13	Hits@10:39.09	Best:17.13
2025-01-09 13:43:23,691 INFO    : Snapshot:0	0	10	Epoch:29	Loss:0.13	MRR:17.16	Hits@10:39.22	Best:17.16
2025-01-09 13:43:35,147 INFO    : Snapshot:0	1	10	Epoch:30	Loss:0.12	MRR:17.16	Hits@10:39.24	Best:17.16
2025-01-09 13:43:46,862 INFO    : Snapshot:0	2	10	Epoch:31	Loss:0.118	MRR:17.16	Hits@10:39.45	Best:17.16
2025-01-09 13:43:58,239 INFO    : Snapshot:0	0	10	Epoch:32	Loss:0.112	MRR:17.2	Hits@10:39.4	Best:17.2
2025-01-09 13:44:09,691 INFO    : Snapshot:0	1	10	Epoch:33	Loss:0.113	MRR:17.15	Hits@10:39.7	Best:17.2
2025-01-09 13:44:20,996 INFO    : Snapshot:0	0	10	Epoch:34	Loss:0.111	MRR:17.23	Hits@10:39.72	Best:17.23
2025-01-09 13:44:32,453 INFO    : Snapshot:0	0	10	Epoch:35	Loss:0.105	MRR:17.26	Hits@10:39.75	Best:17.26
2025-01-09 13:44:43,908 INFO    : Snapshot:0	1	10	Epoch:36	Loss:0.108	MRR:17.23	Hits@10:39.89	Best:17.26
2025-01-09 13:44:55,569 INFO    : Snapshot:0	2	10	Epoch:37	Loss:0.101	MRR:17.23	Hits@10:39.83	Best:17.26
2025-01-09 13:45:06,901 INFO    : Snapshot:0	0	10	Epoch:38	Loss:0.104	MRR:17.29	Hits@10:40.03	Best:17.29
2025-01-09 13:45:18,304 INFO    : Snapshot:0	1	10	Epoch:39	Loss:0.101	MRR:17.23	Hits@10:40.13	Best:17.29
2025-01-09 13:45:29,925 INFO    : Snapshot:0	0	10	Epoch:40	Loss:0.099	MRR:17.36	Hits@10:40.34	Best:17.36
2025-01-09 13:45:41,307 INFO    : Snapshot:0	1	10	Epoch:41	Loss:0.098	MRR:17.3	Hits@10:40.15	Best:17.36
2025-01-09 13:45:52,664 INFO    : Snapshot:0	2	10	Epoch:42	Loss:0.097	MRR:17.26	Hits@10:40.34	Best:17.36
2025-01-09 13:46:04,290 INFO    : Snapshot:0	3	10	Epoch:43	Loss:0.096	MRR:17.27	Hits@10:40.5	Best:17.36
2025-01-09 13:46:16,103 INFO    : Snapshot:0	4	10	Epoch:44	Loss:0.096	MRR:17.29	Hits@10:40.36	Best:17.36
2025-01-09 13:46:27,661 INFO    : Snapshot:0	5	10	Epoch:45	Loss:0.089	MRR:17.27	Hits@10:40.43	Best:17.36
2025-01-09 13:46:39,123 INFO    : Snapshot:0	6	10	Epoch:46	Loss:0.093	MRR:17.31	Hits@10:40.56	Best:17.36
2025-01-09 13:46:50,887 INFO    : Snapshot:0	7	10	Epoch:47	Loss:0.094	MRR:17.27	Hits@10:40.5	Best:17.36
2025-01-09 13:47:02,328 INFO    : Snapshot:0	8	10	Epoch:48	Loss:0.096	MRR:17.29	Hits@10:40.66	Best:17.36
2025-01-09 13:47:14,277 INFO    : Snapshot:0	9	10	Epoch:49	Loss:0.095	MRR:17.28	Hits@10:40.62	Best:17.36
2025-01-09 13:47:26,147 INFO    : Early Stopping! Snapshot:0 Epoch: 50 Best Results: 17.36
2025-01-09 13:47:26,194 INFO    : => loading checkpoint './checkpoint/WN_CKGE\0model_best.tar'
2025-01-09 13:47:35,025 INFO    : 
+------------+--------+--------+--------+--------+---------+
| Snapshot:0 |  MRR   | Hits@1 | Hits@3 | Hits@5 | Hits@10 |
+------------+--------+--------+--------+--------+---------+
|     0      | 0.1751 | 0.0109 | 0.3144 | 0.3552 |  0.4036 |
+------------+--------+--------+--------+--------+---------+
2025-01-09 13:47:52,953 INFO    : Snapshot:1	0	10	Epoch:0	Loss:6.265	MRR:7.19	Hits@10:18.79	Best:7.19
2025-01-09 13:48:01,298 INFO    : Snapshot:1	0	10	Epoch:1	Loss:2.495	MRR:11.07	Hits@10:29.01	Best:11.07
2025-01-09 13:48:09,545 INFO    : Snapshot:1	0	10	Epoch:2	Loss:1.009	MRR:12.85	Hits@10:31.05	Best:12.85
2025-01-09 13:48:17,733 INFO    : Snapshot:1	0	10	Epoch:3	Loss:0.577	MRR:13.53	Hits@10:32.28	Best:13.53
2025-01-09 13:48:25,888 INFO    : Snapshot:1	0	10	Epoch:4	Loss:0.398	MRR:13.74	Hits@10:32.85	Best:13.74
2025-01-09 13:48:34,092 INFO    : Snapshot:1	0	10	Epoch:5	Loss:0.317	MRR:14.08	Hits@10:33.15	Best:14.08
2025-01-09 13:48:42,312 INFO    : Snapshot:1	0	10	Epoch:6	Loss:0.277	MRR:14.18	Hits@10:33.71	Best:14.18
2025-01-09 13:48:50,564 INFO    : Snapshot:1	0	10	Epoch:7	Loss:0.244	MRR:14.21	Hits@10:33.55	Best:14.21
2025-01-09 13:48:58,895 INFO    : Snapshot:1	0	10	Epoch:8	Loss:0.236	MRR:14.31	Hits@10:33.6	Best:14.31
2025-01-09 13:49:07,085 INFO    : Snapshot:1	0	10	Epoch:9	Loss:0.217	MRR:14.35	Hits@10:33.74	Best:14.35
2025-01-09 13:49:15,206 INFO    : Snapshot:1	1	10	Epoch:10	Loss:0.205	MRR:14.27	Hits@10:33.68	Best:14.35
2025-01-09 13:49:23,262 INFO    : Snapshot:1	0	10	Epoch:11	Loss:0.206	MRR:14.48	Hits@10:33.79	Best:14.48
2025-01-09 13:49:31,062 INFO    : Snapshot:1	1	10	Epoch:12	Loss:0.197	MRR:14.44	Hits@10:34.19	Best:14.48
2025-01-09 13:49:38,869 INFO    : Snapshot:1	2	10	Epoch:13	Loss:0.193	MRR:14.29	Hits@10:33.87	Best:14.48
2025-01-09 13:49:46,785 INFO    : Snapshot:1	3	10	Epoch:14	Loss:0.188	MRR:14.36	Hits@10:33.6	Best:14.48
2025-01-09 13:49:54,567 INFO    : Snapshot:1	4	10	Epoch:15	Loss:0.182	MRR:14.29	Hits@10:33.68	Best:14.48
2025-01-09 13:50:02,320 INFO    : Snapshot:1	5	10	Epoch:16	Loss:0.181	MRR:14.19	Hits@10:33.84	Best:14.48
2025-01-09 13:50:10,315 INFO    : Snapshot:1	6	10	Epoch:17	Loss:0.18	MRR:14.33	Hits@10:33.76	Best:14.48
2025-01-09 13:50:18,490 INFO    : Snapshot:1	7	10	Epoch:18	Loss:0.179	MRR:14.22	Hits@10:33.71	Best:14.48
2025-01-09 13:50:26,516 INFO    : Snapshot:1	8	10	Epoch:19	Loss:0.179	MRR:14.29	Hits@10:33.79	Best:14.48
2025-01-09 13:50:34,533 INFO    : Snapshot:1	9	10	Epoch:20	Loss:0.172	MRR:14.32	Hits@10:33.92	Best:14.48
2025-01-09 13:50:42,571 INFO    : Early Stopping! Snapshot:1 Epoch: 21 Best Results: 14.48
2025-01-09 13:50:42,613 INFO    : => loading checkpoint './checkpoint/WN_CKGE\1model_best.tar'
2025-01-09 13:50:59,914 INFO    : 
+------------+--------+--------+--------+--------+---------+
| Snapshot:1 |  MRR   | Hits@1 | Hits@3 | Hits@5 | Hits@10 |
+------------+--------+--------+--------+--------+---------+
|     0      | 0.1751 | 0.0109 | 0.3144 | 0.3552 |  0.4036 |
|     1      | 0.1425 | 0.0097 | 0.2457 | 0.2919 |  0.3384 |
+------------+--------+--------+--------+--------+---------+
2025-01-09 13:51:38,058 INFO    : Snapshot:2	0	10	Epoch:0	Loss:6.297	MRR:6.63	Hits@10:17.47	Best:6.63
2025-01-09 13:51:54,527 INFO    : Snapshot:2	0	10	Epoch:1	Loss:2.461	MRR:10.01	Hits@10:25.24	Best:10.01
2025-01-09 13:52:11,276 INFO    : Snapshot:2	0	10	Epoch:2	Loss:0.957	MRR:11.7	Hits@10:28.23	Best:11.7
2025-01-09 13:52:27,861 INFO    : Snapshot:2	0	10	Epoch:3	Loss:0.513	MRR:12.46	Hits@10:29.25	Best:12.46
2025-01-09 13:52:44,626 INFO    : Snapshot:2	0	10	Epoch:4	Loss:0.356	MRR:12.87	Hits@10:29.97	Best:12.87
2025-01-09 13:53:00,861 INFO    : Snapshot:2	0	10	Epoch:5	Loss:0.283	MRR:12.93	Hits@10:30.11	Best:12.93
2025-01-09 13:53:17,376 INFO    : Snapshot:2	0	10	Epoch:6	Loss:0.242	MRR:13.07	Hits@10:30.46	Best:13.07
2025-01-09 13:53:34,073 INFO    : Snapshot:2	1	10	Epoch:7	Loss:0.217	MRR:13.02	Hits@10:30.13	Best:13.07
2025-01-09 13:53:49,156 INFO    : Snapshot:2	0	10	Epoch:8	Loss:0.201	MRR:13.16	Hits@10:30.4	Best:13.16
2025-01-09 13:54:04,127 INFO    : Snapshot:2	0	10	Epoch:9	Loss:0.195	MRR:13.24	Hits@10:30.46	Best:13.24
2025-01-09 13:54:20,380 INFO    : Snapshot:2	0	10	Epoch:10	Loss:0.183	MRR:13.32	Hits@10:30.3	Best:13.32
2025-01-09 13:54:35,405 INFO    : Snapshot:2	1	10	Epoch:11	Loss:0.178	MRR:13.18	Hits@10:30.43	Best:13.32
2025-01-09 13:54:50,846 INFO    : Snapshot:2	2	10	Epoch:12	Loss:0.175	MRR:13.27	Hits@10:30.54	Best:13.32
2025-01-09 13:55:05,989 INFO    : Snapshot:2	0	10	Epoch:13	Loss:0.165	MRR:13.37	Hits@10:30.3	Best:13.37
2025-01-09 13:55:19,775 INFO    : Snapshot:2	1	10	Epoch:14	Loss:0.165	MRR:13.29	Hits@10:30.81	Best:13.37
2025-01-09 13:55:33,278 INFO    : Snapshot:2	2	10	Epoch:15	Loss:0.162	MRR:13.21	Hits@10:30.54	Best:13.37
2025-01-09 13:55:46,947 INFO    : Snapshot:2	3	10	Epoch:16	Loss:0.16	MRR:13.19	Hits@10:30.38	Best:13.37
2025-01-09 13:56:00,215 INFO    : Snapshot:2	4	10	Epoch:17	Loss:0.158	MRR:13.17	Hits@10:30.3	Best:13.37
2025-01-09 13:56:13,339 INFO    : Snapshot:2	5	10	Epoch:18	Loss:0.15	MRR:13.18	Hits@10:30.48	Best:13.37
2025-01-09 13:56:26,556 INFO    : Snapshot:2	6	10	Epoch:19	Loss:0.154	MRR:13.2	Hits@10:30.46	Best:13.37
2025-01-09 13:56:40,007 INFO    : Snapshot:2	7	10	Epoch:20	Loss:0.147	MRR:13.24	Hits@10:30.43	Best:13.37
2025-01-09 13:56:53,267 INFO    : Snapshot:2	8	10	Epoch:21	Loss:0.151	MRR:13.25	Hits@10:30.22	Best:13.37
2025-01-09 13:57:07,933 INFO    : Snapshot:2	9	10	Epoch:22	Loss:0.144	MRR:13.13	Hits@10:30.27	Best:13.37
2025-01-09 13:57:21,594 INFO    : Early Stopping! Snapshot:2 Epoch: 23 Best Results: 13.37
2025-01-09 13:57:21,625 INFO    : => loading checkpoint './checkpoint/WN_CKGE\2model_best.tar'
2025-01-09 13:57:55,696 INFO    : 
+------------+--------+--------+--------+--------+---------+
| Snapshot:2 |  MRR   | Hits@1 | Hits@3 | Hits@5 | Hits@10 |
+------------+--------+--------+--------+--------+---------+
|     0      | 0.1751 | 0.0109 | 0.3144 | 0.3552 |  0.4036 |
|     1      | 0.1425 | 0.0097 | 0.2457 | 0.2919 |  0.3384 |
|     2      | 0.1398 | 0.0121 | 0.2449 | 0.2855 |  0.3234 |
+------------+--------+--------+--------+--------+---------+
2025-01-09 13:58:37,181 INFO    : Snapshot:3	0	10	Epoch:0	Loss:6.266	MRR:5.76	Hits@10:15.56	Best:5.76
2025-01-09 13:58:56,108 INFO    : Snapshot:3	0	10	Epoch:1	Loss:2.411	MRR:9.65	Hits@10:24.25	Best:9.65
2025-01-09 13:59:14,832 INFO    : Snapshot:3	0	10	Epoch:2	Loss:0.913	MRR:11.28	Hits@10:26.8	Best:11.28
2025-01-09 13:59:33,812 INFO    : Snapshot:3	0	10	Epoch:3	Loss:0.492	MRR:11.97	Hits@10:28.25	Best:11.97
2025-01-09 13:59:52,797 INFO    : Snapshot:3	0	10	Epoch:4	Loss:0.35	MRR:12.3	Hits@10:28.36	Best:12.3
2025-01-09 14:00:11,669 INFO    : Snapshot:3	0	10	Epoch:5	Loss:0.277	MRR:12.53	Hits@10:28.6	Best:12.53
2025-01-09 14:00:30,122 INFO    : Snapshot:3	1	10	Epoch:6	Loss:0.244	MRR:12.52	Hits@10:28.79	Best:12.53
2025-01-09 14:00:48,598 INFO    : Snapshot:3	0	10	Epoch:7	Loss:0.213	MRR:12.63	Hits@10:28.92	Best:12.63
2025-01-09 14:01:07,303 INFO    : Snapshot:3	0	10	Epoch:8	Loss:0.207	MRR:12.66	Hits@10:28.98	Best:12.66
2025-01-09 14:01:26,083 INFO    : Snapshot:3	0	10	Epoch:9	Loss:0.193	MRR:12.69	Hits@10:29.14	Best:12.69
2025-01-09 14:01:44,633 INFO    : Snapshot:3	1	10	Epoch:10	Loss:0.183	MRR:12.65	Hits@10:28.98	Best:12.69
2025-01-09 14:02:03,228 INFO    : Snapshot:3	0	10	Epoch:11	Loss:0.177	MRR:12.72	Hits@10:29.01	Best:12.72
2025-01-09 14:02:22,173 INFO    : Snapshot:3	1	10	Epoch:12	Loss:0.18	MRR:12.72	Hits@10:28.98	Best:12.72
2025-01-09 14:02:41,449 INFO    : Snapshot:3	2	10	Epoch:13	Loss:0.171	MRR:12.71	Hits@10:28.98	Best:12.72
2025-01-09 14:03:01,131 INFO    : Snapshot:3	0	10	Epoch:14	Loss:0.165	MRR:12.77	Hits@10:29.06	Best:12.77
2025-01-09 14:03:20,140 INFO    : Snapshot:3	0	10	Epoch:15	Loss:0.161	MRR:12.83	Hits@10:29.49	Best:12.83
2025-01-09 14:03:39,212 INFO    : Snapshot:3	0	10	Epoch:16	Loss:0.162	MRR:12.84	Hits@10:29.14	Best:12.84
2025-01-09 14:03:57,531 INFO    : Snapshot:3	1	10	Epoch:17	Loss:0.16	MRR:12.82	Hits@10:29.17	Best:12.84
2025-01-09 14:04:15,963 INFO    : Snapshot:3	0	10	Epoch:18	Loss:0.157	MRR:12.86	Hits@10:29.46	Best:12.86
2025-01-09 14:04:34,149 INFO    : Snapshot:3	1	10	Epoch:19	Loss:0.155	MRR:12.83	Hits@10:29.49	Best:12.86
2025-01-09 14:04:52,304 INFO    : Snapshot:3	2	10	Epoch:20	Loss:0.153	MRR:12.79	Hits@10:29.44	Best:12.86
2025-01-09 14:05:10,384 INFO    : Snapshot:3	3	10	Epoch:21	Loss:0.152	MRR:12.83	Hits@10:29.38	Best:12.86
2025-01-09 14:05:28,573 INFO    : Snapshot:3	0	10	Epoch:22	Loss:0.146	MRR:12.9	Hits@10:29.49	Best:12.9
2025-01-09 14:05:47,167 INFO    : Snapshot:3	0	10	Epoch:23	Loss:0.146	MRR:12.94	Hits@10:29.52	Best:12.94
2025-01-09 14:06:05,216 INFO    : Snapshot:3	1	10	Epoch:24	Loss:0.143	MRR:12.89	Hits@10:29.6	Best:12.94
2025-01-09 14:06:23,034 INFO    : Snapshot:3	0	10	Epoch:25	Loss:0.144	MRR:12.98	Hits@10:29.44	Best:12.98
2025-01-09 14:06:40,679 INFO    : Snapshot:3	1	10	Epoch:26	Loss:0.142	MRR:12.93	Hits@10:29.35	Best:12.98
2025-01-09 14:06:58,344 INFO    : Snapshot:3	2	10	Epoch:27	Loss:0.143	MRR:12.93	Hits@10:29.41	Best:12.98
2025-01-09 14:07:15,845 INFO    : Snapshot:3	3	10	Epoch:28	Loss:0.14	MRR:12.97	Hits@10:29.41	Best:12.98
2025-01-09 14:07:33,282 INFO    : Snapshot:3	4	10	Epoch:29	Loss:0.134	MRR:12.89	Hits@10:29.33	Best:12.98
2025-01-09 14:07:50,677 INFO    : Snapshot:3	5	10	Epoch:30	Loss:0.137	MRR:12.85	Hits@10:29.3	Best:12.98
2025-01-09 14:08:08,411 INFO    : Snapshot:3	6	10	Epoch:31	Loss:0.138	MRR:12.8	Hits@10:29.14	Best:12.98
2025-01-09 14:08:25,881 INFO    : Snapshot:3	7	10	Epoch:32	Loss:0.134	MRR:12.79	Hits@10:29.17	Best:12.98
2025-01-09 14:08:43,375 INFO    : Snapshot:3	8	10	Epoch:33	Loss:0.134	MRR:12.87	Hits@10:29.19	Best:12.98
2025-01-09 14:09:00,202 INFO    : Snapshot:3	9	10	Epoch:34	Loss:0.13	MRR:12.85	Hits@10:29.27	Best:12.98
2025-01-09 14:09:17,158 INFO    : Early Stopping! Snapshot:3 Epoch: 35 Best Results: 12.98
2025-01-09 14:09:17,207 INFO    : => loading checkpoint './checkpoint/WN_CKGE\3model_best.tar'
2025-01-09 14:10:09,133 INFO    : 
+------------+--------+--------+--------+--------+---------+
| Snapshot:3 |  MRR   | Hits@1 | Hits@3 | Hits@5 | Hits@10 |
+------------+--------+--------+--------+--------+---------+
|     0      | 0.1751 | 0.0109 | 0.3144 | 0.3552 |  0.4036 |
|     1      | 0.1425 | 0.0097 | 0.2457 | 0.2919 |  0.3384 |
|     2      | 0.1398 | 0.0121 | 0.2449 | 0.2855 |  0.3234 |
|     3      | 0.1365 | 0.0129 | 0.2368 | 0.2718 |  0.3099 |
+------------+--------+--------+--------+--------+---------+
2025-01-09 14:10:18,491 INFO    : Snapshot:4	0	10	Epoch:0	Loss:6.211	MRR:11.11	Hits@10:25.86	Best:11.11
2025-01-09 14:10:21,844 INFO    : Snapshot:4	0	10	Epoch:1	Loss:2.275	MRR:12.57	Hits@10:29.3	Best:12.57
2025-01-09 14:10:25,254 INFO    : Snapshot:4	0	10	Epoch:2	Loss:0.799	MRR:13.4	Hits@10:30.43	Best:13.4
2025-01-09 14:10:28,577 INFO    : Snapshot:4	0	10	Epoch:3	Loss:0.44	MRR:13.59	Hits@10:30.91	Best:13.59
2025-01-09 14:10:31,927 INFO    : Snapshot:4	0	10	Epoch:4	Loss:0.307	MRR:13.71	Hits@10:31.13	Best:13.71
2025-01-09 14:10:35,503 INFO    : Snapshot:4	0	10	Epoch:5	Loss:0.256	MRR:13.8	Hits@10:31.13	Best:13.8
2025-01-09 14:10:39,120 INFO    : Snapshot:4	0	10	Epoch:6	Loss:0.221	MRR:13.82	Hits@10:31.24	Best:13.82
2025-01-09 14:10:42,682 INFO    : Snapshot:4	0	10	Epoch:7	Loss:0.201	MRR:13.87	Hits@10:31.18	Best:13.87
2025-01-09 14:10:46,407 INFO    : Snapshot:4	1	10	Epoch:8	Loss:0.19	MRR:13.8	Hits@10:31.08	Best:13.87
2025-01-09 14:10:49,816 INFO    : Snapshot:4	2	10	Epoch:9	Loss:0.181	MRR:13.84	Hits@10:31.26	Best:13.87
2025-01-09 14:10:53,405 INFO    : Snapshot:4	3	10	Epoch:10	Loss:0.17	MRR:13.84	Hits@10:31.13	Best:13.87
2025-01-09 14:10:56,933 INFO    : Snapshot:4	4	10	Epoch:11	Loss:0.169	MRR:13.81	Hits@10:31.24	Best:13.87
2025-01-09 14:11:00,504 INFO    : Snapshot:4	5	10	Epoch:12	Loss:0.161	MRR:13.81	Hits@10:31.18	Best:13.87
2025-01-09 14:11:03,978 INFO    : Snapshot:4	6	10	Epoch:13	Loss:0.161	MRR:13.76	Hits@10:30.99	Best:13.87
2025-01-09 14:11:07,374 INFO    : Snapshot:4	7	10	Epoch:14	Loss:0.153	MRR:13.83	Hits@10:31.05	Best:13.87
2025-01-09 14:11:10,750 INFO    : Snapshot:4	8	10	Epoch:15	Loss:0.153	MRR:13.8	Hits@10:31.29	Best:13.87
2025-01-09 14:11:14,236 INFO    : Snapshot:4	9	10	Epoch:16	Loss:0.148	MRR:13.82	Hits@10:31.13	Best:13.87
2025-01-09 14:11:17,733 INFO    : Early Stopping! Snapshot:4 Epoch: 17 Best Results: 13.87
2025-01-09 14:11:17,779 INFO    : => loading checkpoint './checkpoint/WN_CKGE\4model_best.tar'
2025-01-09 14:11:36,905 INFO    : 
+------------+--------+--------+--------+--------+---------+
| Snapshot:4 |  MRR   | Hits@1 | Hits@3 | Hits@5 | Hits@10 |
+------------+--------+--------+--------+--------+---------+
|     0      | 0.1751 | 0.0109 | 0.3144 | 0.3552 |  0.4036 |
|     1      | 0.1425 | 0.0097 | 0.2457 | 0.2919 |  0.3384 |
|     2      | 0.1398 | 0.0121 | 0.2449 | 0.2855 |  0.3234 |
|     3      | 0.1365 | 0.0129 | 0.2368 | 0.2718 |  0.3099 |
|     4      | 0.1446 | 0.0105 | 0.2601 | 0.2896 |  0.3251 |
+------------+--------+--------+--------+--------+---------+
2025-01-09 14:11:36,905 INFO    : Final Result:
[+------------+--------+--------+--------+--------+---------+
| Snapshot:0 |  MRR   | Hits@1 | Hits@3 | Hits@5 | Hits@10 |
+------------+--------+--------+--------+--------+---------+
|     0      | 0.1751 | 0.0109 | 0.3144 | 0.3552 |  0.4036 |
+------------+--------+--------+--------+--------+---------+, +------------+--------+--------+--------+--------+---------+
| Snapshot:1 |  MRR   | Hits@1 | Hits@3 | Hits@5 | Hits@10 |
+------------+--------+--------+--------+--------+---------+
|     0      | 0.1751 | 0.0109 | 0.3144 | 0.3552 |  0.4036 |
|     1      | 0.1425 | 0.0097 | 0.2457 | 0.2919 |  0.3384 |
+------------+--------+--------+--------+--------+---------+, +------------+--------+--------+--------+--------+---------+
| Snapshot:2 |  MRR   | Hits@1 | Hits@3 | Hits@5 | Hits@10 |
+------------+--------+--------+--------+--------+---------+
|     0      | 0.1751 | 0.0109 | 0.3144 | 0.3552 |  0.4036 |
|     1      | 0.1425 | 0.0097 | 0.2457 | 0.2919 |  0.3384 |
|     2      | 0.1398 | 0.0121 | 0.2449 | 0.2855 |  0.3234 |
+------------+--------+--------+--------+--------+---------+, +------------+--------+--------+--------+--------+---------+
| Snapshot:3 |  MRR   | Hits@1 | Hits@3 | Hits@5 | Hits@10 |
+------------+--------+--------+--------+--------+---------+
|     0      | 0.1751 | 0.0109 | 0.3144 | 0.3552 |  0.4036 |
|     1      | 0.1425 | 0.0097 | 0.2457 | 0.2919 |  0.3384 |
|     2      | 0.1398 | 0.0121 | 0.2449 | 0.2855 |  0.3234 |
|     3      | 0.1365 | 0.0129 | 0.2368 | 0.2718 |  0.3099 |
+------------+--------+--------+--------+--------+---------+, +------------+--------+--------+--------+--------+---------+
| Snapshot:4 |  MRR   | Hits@1 | Hits@3 | Hits@5 | Hits@10 |
+------------+--------+--------+--------+--------+---------+
|     0      | 0.1751 | 0.0109 | 0.3144 | 0.3552 |  0.4036 |
|     1      | 0.1425 | 0.0097 | 0.2457 | 0.2919 |  0.3384 |
|     2      | 0.1398 | 0.0121 | 0.2449 | 0.2855 |  0.3234 |
|     3      | 0.1365 | 0.0129 | 0.2368 | 0.2718 |  0.3099 |
|     4      | 0.1446 | 0.0105 | 0.2601 | 0.2896 |  0.3251 |
+------------+--------+--------+--------+--------+---------+]
2025-01-09 14:11:36,905 INFO    : Report Result:
+----------+--------------------+-----------+--------------+--------------+---------------+
| Snapshot |        Time        | Whole_MRR | Whole_Hits@1 | Whole_Hits@3 | Whole_Hits@10 |
+----------+--------------------+-----------+--------------+--------------+---------------+
|    0     | 587.5502600669861  |   0.175   |    0.011     |    0.314     |     0.404     |
|    1     | 178.41775846481323 |    0.17   |    0.011     |    0.305     |     0.394     |
|    2     | 360.7627840042114  |   0.167   |    0.011     |    0.297     |     0.385     |
|    3     | 659.4075601100922  |   0.163   |    0.011     |     0.29     |     0.377     |
|    4     | 63.102304458618164 |   0.161   |    0.011     |    0.287     |     0.372     |
+----------+--------------------+-----------+--------------+--------------+---------------+
2025-01-09 14:11:36,905 INFO    : Sum_Training_Time:1849.240667104721
2025-01-09 14:11:36,905 INFO    : Every_Training_Time:[587.5502600669861, 178.41775846481323, 360.7627840042114, 659.4075601100922, 63.102304458618164]
2025-01-09 14:11:36,905 INFO    : Forward transfer: 0.060074999999999996 Backward transfer: 0.0
