2025-04-03 19:24:33,355 INFO    : Namespace(batch_size=1024, data_path='./data/WN_CKGE/', dataset='WN_CKGE', debug=False, device=device(type='cuda', index=0), emb_dim=200, ent_r='200', epoch_num=200, explore=False, gpu='0', l2=0.0, learning_rate='2e-1', log_path='./logs/WN_CKGE 200 20 2e-1 1024/WN_CKGE 20250403192429', logger=<RootLogger root (INFO)>, margin=8.0, model_name='LoraKGE_Layers', multi_layers_path='train_sorted_by_edges_betweenness.txt', neg_ratio=10, note='', num_ent_layers='20', num_layer=1, num_rel_layers=1, patience='10', predict_result=False, r=100, r_fixed=True, random_seed=3407, record=False, rel_r='200', save_path='./checkpoint/WN_CKGE', skip_previous='False', snapshot_num=5, train_new=True, using_multi_layers=False, using_various_ranks='True', using_various_ranks_reverse=False, valid_metrics='mrr')
2025-04-03 19:24:44,927 INFO    : Snapshot:0	0	10	Epoch:0	Loss:43.873	MRR:0.82	Hits@10:1.92	Best:0.82
2025-04-03 19:24:55,822 INFO    : Snapshot:0	0	10	Epoch:1	Loss:28.425	MRR:2.42	Hits@10:6.33	Best:2.42
2025-04-03 19:25:06,562 INFO    : Snapshot:0	0	10	Epoch:2	Loss:16.858	MRR:9.07	Hits@10:21.52	Best:9.07
2025-04-03 19:25:17,339 INFO    : Snapshot:0	0	10	Epoch:3	Loss:10.631	MRR:12.21	Hits@10:27.73	Best:12.21
2025-04-03 19:25:28,390 INFO    : Snapshot:0	0	10	Epoch:4	Loss:7.432	MRR:13.39	Hits@10:29.97	Best:13.39
2025-04-03 19:25:39,142 INFO    : Snapshot:0	0	10	Epoch:5	Loss:5.584	MRR:14.12	Hits@10:31.38	Best:14.12
2025-04-03 19:25:49,903 INFO    : Snapshot:0	0	10	Epoch:6	Loss:4.378	MRR:14.57	Hits@10:32.16	Best:14.57
2025-04-03 19:26:00,740 INFO    : Snapshot:0	0	10	Epoch:7	Loss:3.481	MRR:14.86	Hits@10:32.57	Best:14.86
2025-04-03 19:26:11,588 INFO    : Snapshot:0	0	10	Epoch:8	Loss:2.775	MRR:15.13	Hits@10:33.16	Best:15.13
2025-04-03 19:26:22,517 INFO    : Snapshot:0	0	10	Epoch:9	Loss:2.249	MRR:15.4	Hits@10:33.64	Best:15.4
2025-04-03 19:26:33,535 INFO    : Snapshot:0	0	10	Epoch:10	Loss:1.809	MRR:15.58	Hits@10:34.25	Best:15.58
2025-04-03 19:26:44,491 INFO    : Snapshot:0	0	10	Epoch:11	Loss:1.471	MRR:15.79	Hits@10:34.65	Best:15.79
2025-04-03 19:26:55,362 INFO    : Snapshot:0	0	10	Epoch:12	Loss:1.231	MRR:15.98	Hits@10:35.04	Best:15.98
2025-04-03 19:27:06,290 INFO    : Snapshot:0	0	10	Epoch:13	Loss:1.003	MRR:16.17	Hits@10:35.6	Best:16.17
2025-04-03 19:27:17,094 INFO    : Snapshot:0	0	10	Epoch:14	Loss:0.852	MRR:16.37	Hits@10:36.0	Best:16.37
2025-04-03 19:27:27,939 INFO    : Snapshot:0	0	10	Epoch:15	Loss:0.715	MRR:16.55	Hits@10:36.19	Best:16.55
2025-04-03 19:27:38,854 INFO    : Snapshot:0	0	10	Epoch:16	Loss:0.595	MRR:16.81	Hits@10:36.74	Best:16.81
2025-04-03 19:27:49,728 INFO    : Snapshot:0	0	10	Epoch:17	Loss:0.499	MRR:16.83	Hits@10:36.97	Best:16.83
2025-04-03 19:28:00,516 INFO    : Snapshot:0	0	10	Epoch:18	Loss:0.408	MRR:16.93	Hits@10:37.23	Best:16.93
2025-04-03 19:28:11,292 INFO    : Snapshot:0	0	10	Epoch:19	Loss:0.343	MRR:17.0	Hits@10:37.68	Best:17.0
2025-04-03 19:28:22,140 INFO    : Snapshot:0	1	10	Epoch:20	Loss:0.284	MRR:16.95	Hits@10:37.81	Best:17.0
2025-04-03 19:28:32,923 INFO    : Snapshot:0	0	10	Epoch:21	Loss:0.252	MRR:17.02	Hits@10:37.85	Best:17.02
2025-04-03 19:28:43,789 INFO    : Snapshot:0	1	10	Epoch:22	Loss:0.228	MRR:17.0	Hits@10:38.01	Best:17.02
2025-04-03 19:28:54,546 INFO    : Snapshot:0	0	10	Epoch:23	Loss:0.193	MRR:17.06	Hits@10:38.26	Best:17.06
2025-04-03 19:29:05,274 INFO    : Snapshot:0	0	10	Epoch:24	Loss:0.178	MRR:17.12	Hits@10:38.45	Best:17.12
2025-04-03 19:29:15,950 INFO    : Snapshot:0	1	10	Epoch:25	Loss:0.16	MRR:17.08	Hits@10:38.38	Best:17.12
2025-04-03 19:29:26,807 INFO    : Snapshot:0	2	10	Epoch:26	Loss:0.149	MRR:17.09	Hits@10:38.57	Best:17.12
2025-04-03 19:29:37,702 INFO    : Snapshot:0	0	10	Epoch:27	Loss:0.136	MRR:17.13	Hits@10:38.9	Best:17.13
2025-04-03 19:29:48,372 INFO    : Snapshot:0	1	10	Epoch:28	Loss:0.137	MRR:17.13	Hits@10:39.09	Best:17.13
2025-04-03 19:29:59,295 INFO    : Snapshot:0	0	10	Epoch:29	Loss:0.13	MRR:17.16	Hits@10:39.22	Best:17.16
2025-04-03 19:30:10,023 INFO    : Snapshot:0	1	10	Epoch:30	Loss:0.12	MRR:17.16	Hits@10:39.24	Best:17.16
2025-04-03 19:30:20,802 INFO    : Snapshot:0	2	10	Epoch:31	Loss:0.118	MRR:17.16	Hits@10:39.45	Best:17.16
2025-04-03 19:30:31,557 INFO    : Snapshot:0	0	10	Epoch:32	Loss:0.112	MRR:17.2	Hits@10:39.4	Best:17.2
2025-04-03 19:30:42,530 INFO    : Snapshot:0	1	10	Epoch:33	Loss:0.113	MRR:17.15	Hits@10:39.7	Best:17.2
2025-04-03 19:30:53,319 INFO    : Snapshot:0	0	10	Epoch:34	Loss:0.111	MRR:17.23	Hits@10:39.72	Best:17.23
2025-04-03 19:31:04,058 INFO    : Snapshot:0	0	10	Epoch:35	Loss:0.105	MRR:17.26	Hits@10:39.75	Best:17.26
2025-04-03 19:31:14,797 INFO    : Snapshot:0	1	10	Epoch:36	Loss:0.108	MRR:17.23	Hits@10:39.89	Best:17.26
2025-04-03 19:31:25,605 INFO    : Snapshot:0	2	10	Epoch:37	Loss:0.101	MRR:17.23	Hits@10:39.83	Best:17.26
2025-04-03 19:31:36,417 INFO    : Snapshot:0	0	10	Epoch:38	Loss:0.104	MRR:17.29	Hits@10:40.03	Best:17.29
2025-04-03 19:31:47,256 INFO    : Snapshot:0	1	10	Epoch:39	Loss:0.101	MRR:17.23	Hits@10:40.13	Best:17.29
2025-04-03 19:31:58,252 INFO    : Snapshot:0	0	10	Epoch:40	Loss:0.099	MRR:17.36	Hits@10:40.34	Best:17.36
2025-04-03 19:32:09,070 INFO    : Snapshot:0	1	10	Epoch:41	Loss:0.098	MRR:17.3	Hits@10:40.15	Best:17.36
2025-04-03 19:32:19,862 INFO    : Snapshot:0	2	10	Epoch:42	Loss:0.097	MRR:17.26	Hits@10:40.34	Best:17.36
2025-04-03 19:32:30,836 INFO    : Snapshot:0	3	10	Epoch:43	Loss:0.096	MRR:17.27	Hits@10:40.5	Best:17.36
2025-04-03 19:32:41,837 INFO    : Snapshot:0	4	10	Epoch:44	Loss:0.096	MRR:17.29	Hits@10:40.36	Best:17.36
2025-04-03 19:32:52,680 INFO    : Snapshot:0	5	10	Epoch:45	Loss:0.089	MRR:17.27	Hits@10:40.43	Best:17.36
2025-04-03 19:33:03,567 INFO    : Snapshot:0	6	10	Epoch:46	Loss:0.093	MRR:17.31	Hits@10:40.56	Best:17.36
2025-04-03 19:33:14,435 INFO    : Snapshot:0	7	10	Epoch:47	Loss:0.094	MRR:17.27	Hits@10:40.5	Best:17.36
2025-04-03 19:33:25,233 INFO    : Snapshot:0	8	10	Epoch:48	Loss:0.096	MRR:17.29	Hits@10:40.66	Best:17.36
2025-04-03 19:33:36,170 INFO    : Snapshot:0	9	10	Epoch:49	Loss:0.095	MRR:17.28	Hits@10:40.62	Best:17.36
2025-04-03 19:33:47,017 INFO    : Early Stopping! Snapshot:0 Epoch: 50 Best Results: 17.36
2025-04-03 19:33:47,051 INFO    : => loading checkpoint './checkpoint/WN_CKGE\0model_best.tar'
2025-04-03 19:33:55,484 INFO    : 
+------------+--------+--------+--------+--------+---------+
| Snapshot:0 |  MRR   | Hits@1 | Hits@3 | Hits@5 | Hits@10 |
+------------+--------+--------+--------+--------+---------+
|     0      | 0.1751 | 0.0109 | 0.3144 | 0.3552 |  0.4036 |
+------------+--------+--------+--------+--------+---------+
2025-04-03 19:34:09,329 INFO    : Snapshot:1	0	10	Epoch:0	Loss:6.278	MRR:7.12	Hits@10:19.01	Best:7.12
2025-04-03 19:34:15,420 INFO    : Snapshot:1	0	10	Epoch:1	Loss:2.545	MRR:10.73	Hits@10:27.82	Best:10.73
2025-04-03 19:34:21,526 INFO    : Snapshot:1	0	10	Epoch:2	Loss:1.058	MRR:12.63	Hits@10:30.78	Best:12.63
2025-04-03 19:34:27,650 INFO    : Snapshot:1	0	10	Epoch:3	Loss:0.592	MRR:13.47	Hits@10:31.72	Best:13.47
2025-04-03 19:34:33,752 INFO    : Snapshot:1	0	10	Epoch:4	Loss:0.412	MRR:13.62	Hits@10:32.12	Best:13.62
2025-04-03 19:34:39,876 INFO    : Snapshot:1	0	10	Epoch:5	Loss:0.323	MRR:13.84	Hits@10:32.74	Best:13.84
2025-04-03 19:34:45,981 INFO    : Snapshot:1	0	10	Epoch:6	Loss:0.28	MRR:14.06	Hits@10:32.93	Best:14.06
2025-04-03 19:34:52,094 INFO    : Snapshot:1	0	10	Epoch:7	Loss:0.248	MRR:14.18	Hits@10:33.31	Best:14.18
2025-04-03 19:34:58,190 INFO    : Snapshot:1	0	10	Epoch:8	Loss:0.237	MRR:14.19	Hits@10:33.44	Best:14.19
2025-04-03 19:35:04,254 INFO    : Snapshot:1	0	10	Epoch:9	Loss:0.221	MRR:14.23	Hits@10:33.68	Best:14.23
2025-04-03 19:35:10,333 INFO    : Snapshot:1	0	10	Epoch:10	Loss:0.21	MRR:14.28	Hits@10:33.71	Best:14.28
2025-04-03 19:35:16,378 INFO    : Snapshot:1	1	10	Epoch:11	Loss:0.207	MRR:14.24	Hits@10:33.76	Best:14.28
2025-04-03 19:35:22,417 INFO    : Snapshot:1	2	10	Epoch:12	Loss:0.199	MRR:14.22	Hits@10:33.87	Best:14.28
2025-04-03 19:35:28,464 INFO    : Snapshot:1	3	10	Epoch:13	Loss:0.194	MRR:14.19	Hits@10:33.68	Best:14.28
2025-04-03 19:35:34,524 INFO    : Snapshot:1	4	10	Epoch:14	Loss:0.188	MRR:14.14	Hits@10:33.44	Best:14.28
2025-04-03 19:35:40,572 INFO    : Snapshot:1	5	10	Epoch:15	Loss:0.188	MRR:14.14	Hits@10:33.52	Best:14.28
2025-04-03 19:35:46,625 INFO    : Snapshot:1	6	10	Epoch:16	Loss:0.186	MRR:14.21	Hits@10:33.92	Best:14.28
2025-04-03 19:35:52,694 INFO    : Snapshot:1	0	10	Epoch:17	Loss:0.182	MRR:14.32	Hits@10:34.06	Best:14.32
2025-04-03 19:35:58,737 INFO    : Snapshot:1	1	10	Epoch:18	Loss:0.181	MRR:14.24	Hits@10:33.95	Best:14.32
2025-04-03 19:36:04,772 INFO    : Snapshot:1	2	10	Epoch:19	Loss:0.179	MRR:14.16	Hits@10:33.79	Best:14.32
2025-04-03 19:36:10,797 INFO    : Snapshot:1	3	10	Epoch:20	Loss:0.171	MRR:14.27	Hits@10:33.84	Best:14.32
2025-04-03 19:36:16,830 INFO    : Snapshot:1	4	10	Epoch:21	Loss:0.171	MRR:14.22	Hits@10:33.87	Best:14.32
2025-04-03 19:36:22,864 INFO    : Snapshot:1	5	10	Epoch:22	Loss:0.168	MRR:14.22	Hits@10:33.9	Best:14.32
2025-04-03 19:36:28,952 INFO    : Snapshot:1	0	10	Epoch:23	Loss:0.167	MRR:14.37	Hits@10:34.03	Best:14.37
2025-04-03 19:36:35,005 INFO    : Snapshot:1	1	10	Epoch:24	Loss:0.166	MRR:14.31	Hits@10:34.14	Best:14.37
2025-04-03 19:36:41,049 INFO    : Snapshot:1	2	10	Epoch:25	Loss:0.165	MRR:14.27	Hits@10:34.17	Best:14.37
2025-04-03 19:36:47,130 INFO    : Snapshot:1	3	10	Epoch:26	Loss:0.168	MRR:14.2	Hits@10:33.84	Best:14.37
2025-04-03 19:36:53,272 INFO    : Snapshot:1	4	10	Epoch:27	Loss:0.166	MRR:14.19	Hits@10:34.19	Best:14.37
2025-04-03 19:36:59,349 INFO    : Snapshot:1	5	10	Epoch:28	Loss:0.161	MRR:14.25	Hits@10:34.27	Best:14.37
2025-04-03 19:37:05,413 INFO    : Snapshot:1	6	10	Epoch:29	Loss:0.163	MRR:14.27	Hits@10:34.27	Best:14.37
2025-04-03 19:37:11,514 INFO    : Snapshot:1	0	10	Epoch:30	Loss:0.155	MRR:14.44	Hits@10:34.17	Best:14.44
2025-04-03 19:37:17,619 INFO    : Snapshot:1	0	10	Epoch:31	Loss:0.158	MRR:14.52	Hits@10:34.17	Best:14.52
2025-04-03 19:37:23,692 INFO    : Snapshot:1	1	10	Epoch:32	Loss:0.151	MRR:14.39	Hits@10:33.9	Best:14.52
2025-04-03 19:37:29,771 INFO    : Snapshot:1	0	10	Epoch:33	Loss:0.152	MRR:14.53	Hits@10:33.92	Best:14.53
2025-04-03 19:37:35,849 INFO    : Snapshot:1	1	10	Epoch:34	Loss:0.147	MRR:14.46	Hits@10:34.09	Best:14.53
2025-04-03 19:37:41,901 INFO    : Snapshot:1	2	10	Epoch:35	Loss:0.151	MRR:14.43	Hits@10:34.14	Best:14.53
2025-04-03 19:37:47,978 INFO    : Snapshot:1	3	10	Epoch:36	Loss:0.15	MRR:14.53	Hits@10:34.3	Best:14.53
2025-04-03 19:37:54,032 INFO    : Snapshot:1	4	10	Epoch:37	Loss:0.148	MRR:14.45	Hits@10:34.19	Best:14.53
2025-04-03 19:38:00,100 INFO    : Snapshot:1	0	10	Epoch:38	Loss:0.146	MRR:14.55	Hits@10:34.17	Best:14.55
2025-04-03 19:38:06,184 INFO    : Snapshot:1	1	10	Epoch:39	Loss:0.144	MRR:14.53	Hits@10:33.98	Best:14.55
2025-04-03 19:38:12,256 INFO    : Snapshot:1	0	10	Epoch:40	Loss:0.143	MRR:14.56	Hits@10:34.17	Best:14.56
2025-04-03 19:38:18,352 INFO    : Snapshot:1	0	10	Epoch:41	Loss:0.143	MRR:14.59	Hits@10:34.25	Best:14.59
2025-04-03 19:38:24,417 INFO    : Snapshot:1	1	10	Epoch:42	Loss:0.145	MRR:14.59	Hits@10:34.22	Best:14.59
2025-04-03 19:38:30,492 INFO    : Snapshot:1	2	10	Epoch:43	Loss:0.14	MRR:14.56	Hits@10:34.11	Best:14.59
2025-04-03 19:38:36,591 INFO    : Snapshot:1	3	10	Epoch:44	Loss:0.143	MRR:14.55	Hits@10:34.03	Best:14.59
2025-04-03 19:38:42,709 INFO    : Snapshot:1	0	10	Epoch:45	Loss:0.143	MRR:14.62	Hits@10:34.27	Best:14.62
2025-04-03 19:38:48,774 INFO    : Snapshot:1	1	10	Epoch:46	Loss:0.141	MRR:14.52	Hits@10:34.06	Best:14.62
2025-04-03 19:38:54,845 INFO    : Snapshot:1	2	10	Epoch:47	Loss:0.142	MRR:14.57	Hits@10:34.03	Best:14.62
2025-04-03 19:39:00,911 INFO    : Snapshot:1	3	10	Epoch:48	Loss:0.137	MRR:14.53	Hits@10:34.27	Best:14.62
2025-04-03 19:39:06,992 INFO    : Snapshot:1	4	10	Epoch:49	Loss:0.139	MRR:14.57	Hits@10:34.25	Best:14.62
2025-04-03 19:39:13,072 INFO    : Snapshot:1	5	10	Epoch:50	Loss:0.141	MRR:14.58	Hits@10:34.11	Best:14.62
2025-04-03 19:39:19,118 INFO    : Snapshot:1	6	10	Epoch:51	Loss:0.137	MRR:14.57	Hits@10:34.14	Best:14.62
2025-04-03 19:39:25,157 INFO    : Snapshot:1	7	10	Epoch:52	Loss:0.135	MRR:14.55	Hits@10:34.35	Best:14.62
2025-04-03 19:39:31,232 INFO    : Snapshot:1	0	10	Epoch:53	Loss:0.134	MRR:14.65	Hits@10:34.25	Best:14.65
2025-04-03 19:39:37,287 INFO    : Snapshot:1	1	10	Epoch:54	Loss:0.133	MRR:14.49	Hits@10:34.11	Best:14.65
2025-04-03 19:39:43,342 INFO    : Snapshot:1	2	10	Epoch:55	Loss:0.136	MRR:14.48	Hits@10:34.06	Best:14.65
2025-04-03 19:39:49,394 INFO    : Snapshot:1	3	10	Epoch:56	Loss:0.132	MRR:14.49	Hits@10:34.25	Best:14.65
2025-04-03 19:39:55,448 INFO    : Snapshot:1	4	10	Epoch:57	Loss:0.135	MRR:14.4	Hits@10:34.22	Best:14.65
2025-04-03 19:40:01,484 INFO    : Snapshot:1	5	10	Epoch:58	Loss:0.133	MRR:14.36	Hits@10:34.19	Best:14.65
2025-04-03 19:40:07,561 INFO    : Snapshot:1	6	10	Epoch:59	Loss:0.132	MRR:14.45	Hits@10:34.3	Best:14.65
2025-04-03 19:40:13,654 INFO    : Snapshot:1	7	10	Epoch:60	Loss:0.131	MRR:14.42	Hits@10:34.33	Best:14.65
2025-04-03 19:40:19,716 INFO    : Snapshot:1	8	10	Epoch:61	Loss:0.132	MRR:14.41	Hits@10:34.27	Best:14.65
2025-04-03 19:40:25,787 INFO    : Snapshot:1	9	10	Epoch:62	Loss:0.127	MRR:14.38	Hits@10:34.35	Best:14.65
2025-04-03 19:40:31,908 INFO    : Early Stopping! Snapshot:1 Epoch: 63 Best Results: 14.65
2025-04-03 19:40:31,945 INFO    : => loading checkpoint './checkpoint/WN_CKGE\1model_best.tar'
2025-04-03 19:40:46,655 INFO    : 
+------------+--------+--------+--------+--------+---------+
| Snapshot:1 |  MRR   | Hits@1 | Hits@3 | Hits@5 | Hits@10 |
+------------+--------+--------+--------+--------+---------+
|     0      | 0.1751 | 0.0109 | 0.3144 | 0.3552 |  0.4036 |
|     1      | 0.1452 | 0.011  | 0.2508 | 0.2946 |  0.3425 |
+------------+--------+--------+--------+--------+---------+
2025-04-03 19:41:17,283 INFO    : Snapshot:2	0	10	Epoch:0	Loss:6.287	MRR:6.59	Hits@10:17.1	Best:6.59
2025-04-03 19:41:30,661 INFO    : Snapshot:2	0	10	Epoch:1	Loss:2.5	MRR:9.9	Hits@10:25.03	Best:9.9
2025-04-03 19:41:44,028 INFO    : Snapshot:2	0	10	Epoch:2	Loss:0.999	MRR:11.64	Hits@10:27.93	Best:11.64
2025-04-03 19:41:57,402 INFO    : Snapshot:2	0	10	Epoch:3	Loss:0.546	MRR:12.44	Hits@10:29.41	Best:12.44
2025-04-03 19:42:10,733 INFO    : Snapshot:2	0	10	Epoch:4	Loss:0.373	MRR:12.81	Hits@10:29.84	Best:12.81
2025-04-03 19:42:24,066 INFO    : Snapshot:2	0	10	Epoch:5	Loss:0.291	MRR:13.03	Hits@10:30.27	Best:13.03
2025-04-03 19:42:37,464 INFO    : Snapshot:2	0	10	Epoch:6	Loss:0.252	MRR:13.14	Hits@10:30.4	Best:13.14
2025-04-03 19:42:50,847 INFO    : Snapshot:2	0	10	Epoch:7	Loss:0.227	MRR:13.17	Hits@10:30.3	Best:13.17
2025-04-03 19:43:04,207 INFO    : Snapshot:2	1	10	Epoch:8	Loss:0.205	MRR:13.16	Hits@10:30.51	Best:13.17
2025-04-03 19:43:17,589 INFO    : Snapshot:2	0	10	Epoch:9	Loss:0.194	MRR:13.33	Hits@10:30.86	Best:13.33
2025-04-03 19:43:30,975 INFO    : Snapshot:2	1	10	Epoch:10	Loss:0.186	MRR:13.31	Hits@10:30.81	Best:13.33
2025-04-03 19:43:44,307 INFO    : Snapshot:2	2	10	Epoch:11	Loss:0.177	MRR:13.24	Hits@10:30.81	Best:13.33
2025-04-03 19:43:57,638 INFO    : Snapshot:2	3	10	Epoch:12	Loss:0.179	MRR:13.28	Hits@10:30.99	Best:13.33
2025-04-03 19:44:10,961 INFO    : Snapshot:2	4	10	Epoch:13	Loss:0.169	MRR:13.32	Hits@10:30.97	Best:13.33
2025-04-03 19:44:24,355 INFO    : Snapshot:2	0	10	Epoch:14	Loss:0.164	MRR:13.37	Hits@10:31.26	Best:13.37
2025-04-03 19:44:37,734 INFO    : Snapshot:2	0	10	Epoch:15	Loss:0.16	MRR:13.41	Hits@10:30.94	Best:13.41
2025-04-03 19:44:51,093 INFO    : Snapshot:2	1	10	Epoch:16	Loss:0.16	MRR:13.33	Hits@10:30.78	Best:13.41
2025-04-03 19:45:04,719 INFO    : Snapshot:2	2	10	Epoch:17	Loss:0.161	MRR:13.39	Hits@10:30.99	Best:13.41
2025-04-03 19:45:18,067 INFO    : Snapshot:2	3	10	Epoch:18	Loss:0.151	MRR:13.34	Hits@10:31.16	Best:13.41
2025-04-03 19:45:31,444 INFO    : Snapshot:2	4	10	Epoch:19	Loss:0.15	MRR:13.4	Hits@10:31.26	Best:13.41
2025-04-03 19:45:44,779 INFO    : Snapshot:2	5	10	Epoch:20	Loss:0.153	MRR:13.38	Hits@10:31.08	Best:13.41
2025-04-03 19:45:58,122 INFO    : Snapshot:2	6	10	Epoch:21	Loss:0.148	MRR:13.32	Hits@10:31.08	Best:13.41
2025-04-03 19:46:11,431 INFO    : Snapshot:2	7	10	Epoch:22	Loss:0.149	MRR:13.38	Hits@10:31.26	Best:13.41
2025-04-03 19:46:24,790 INFO    : Snapshot:2	8	10	Epoch:23	Loss:0.147	MRR:13.38	Hits@10:30.89	Best:13.41
2025-04-03 19:46:38,161 INFO    : Snapshot:2	9	10	Epoch:24	Loss:0.143	MRR:13.32	Hits@10:30.91	Best:13.41
2025-04-03 19:46:51,544 INFO    : Early Stopping! Snapshot:2 Epoch: 25 Best Results: 13.41
2025-04-03 19:46:51,582 INFO    : => loading checkpoint './checkpoint/WN_CKGE\2model_best.tar'
2025-04-03 19:47:21,407 INFO    : 
+------------+--------+--------+--------+--------+---------+
| Snapshot:2 |  MRR   | Hits@1 | Hits@3 | Hits@5 | Hits@10 |
+------------+--------+--------+--------+--------+---------+
|     0      | 0.1751 | 0.0109 | 0.3144 | 0.3552 |  0.4036 |
|     1      | 0.1452 | 0.011  | 0.2508 | 0.2946 |  0.3425 |
|     2      | 0.1374 | 0.0099 | 0.2433 | 0.278  |  0.3247 |
+------------+--------+--------+--------+--------+---------+
2025-04-03 19:47:56,425 INFO    : Snapshot:3	0	10	Epoch:0	Loss:6.28	MRR:5.74	Hits@10:15.16	Best:5.74
2025-04-03 19:48:11,828 INFO    : Snapshot:3	0	10	Epoch:1	Loss:2.462	MRR:9.53	Hits@10:23.9	Best:9.53
2025-04-03 19:48:27,240 INFO    : Snapshot:3	0	10	Epoch:2	Loss:0.954	MRR:11.09	Hits@10:26.91	Best:11.09
2025-04-03 19:48:42,695 INFO    : Snapshot:3	0	10	Epoch:3	Loss:0.516	MRR:11.91	Hits@10:27.66	Best:11.91
2025-04-03 19:48:58,147 INFO    : Snapshot:3	0	10	Epoch:4	Loss:0.361	MRR:12.2	Hits@10:28.33	Best:12.2
2025-04-03 19:49:13,574 INFO    : Snapshot:3	0	10	Epoch:5	Loss:0.288	MRR:12.55	Hits@10:28.36	Best:12.55
2025-04-03 19:49:29,136 INFO    : Snapshot:3	0	10	Epoch:6	Loss:0.246	MRR:12.67	Hits@10:28.87	Best:12.67
2025-04-03 19:49:44,513 INFO    : Snapshot:3	1	10	Epoch:7	Loss:0.221	MRR:12.66	Hits@10:29.01	Best:12.67
2025-04-03 19:49:59,928 INFO    : Snapshot:3	0	10	Epoch:8	Loss:0.207	MRR:12.81	Hits@10:28.92	Best:12.81
2025-04-03 19:50:15,281 INFO    : Snapshot:3	1	10	Epoch:9	Loss:0.194	MRR:12.78	Hits@10:28.92	Best:12.81
2025-04-03 19:50:30,680 INFO    : Snapshot:3	2	10	Epoch:10	Loss:0.185	MRR:12.71	Hits@10:28.71	Best:12.81
2025-04-03 19:50:46,056 INFO    : Snapshot:3	3	10	Epoch:11	Loss:0.182	MRR:12.74	Hits@10:28.87	Best:12.81
2025-04-03 19:51:01,446 INFO    : Snapshot:3	4	10	Epoch:12	Loss:0.177	MRR:12.76	Hits@10:29.01	Best:12.81
2025-04-03 19:51:16,829 INFO    : Snapshot:3	5	10	Epoch:13	Loss:0.167	MRR:12.76	Hits@10:29.01	Best:12.81
2025-04-03 19:51:32,270 INFO    : Snapshot:3	6	10	Epoch:14	Loss:0.162	MRR:12.77	Hits@10:29.01	Best:12.81
2025-04-03 19:51:47,635 INFO    : Snapshot:3	7	10	Epoch:15	Loss:0.163	MRR:12.66	Hits@10:28.84	Best:12.81
2025-04-03 19:52:03,014 INFO    : Snapshot:3	8	10	Epoch:16	Loss:0.16	MRR:12.7	Hits@10:28.87	Best:12.81
2025-04-03 19:52:18,434 INFO    : Snapshot:3	9	10	Epoch:17	Loss:0.158	MRR:12.79	Hits@10:29.01	Best:12.81
2025-04-03 19:52:33,842 INFO    : Snapshot:3	0	10	Epoch:18	Loss:0.158	MRR:12.84	Hits@10:28.95	Best:12.84
2025-04-03 19:52:49,252 INFO    : Snapshot:3	0	10	Epoch:19	Loss:0.155	MRR:12.91	Hits@10:29.14	Best:12.91
2025-04-03 19:53:04,641 INFO    : Snapshot:3	0	10	Epoch:20	Loss:0.154	MRR:12.92	Hits@10:29.25	Best:12.92
2025-04-03 19:53:19,982 INFO    : Snapshot:3	1	10	Epoch:21	Loss:0.15	MRR:12.83	Hits@10:28.79	Best:12.92
2025-04-03 19:53:35,401 INFO    : Snapshot:3	2	10	Epoch:22	Loss:0.148	MRR:12.83	Hits@10:28.84	Best:12.92
2025-04-03 19:53:50,769 INFO    : Snapshot:3	3	10	Epoch:23	Loss:0.145	MRR:12.89	Hits@10:29.03	Best:12.92
2025-04-03 19:54:06,112 INFO    : Snapshot:3	4	10	Epoch:24	Loss:0.142	MRR:12.8	Hits@10:28.82	Best:12.92
2025-04-03 19:54:21,420 INFO    : Snapshot:3	5	10	Epoch:25	Loss:0.143	MRR:12.81	Hits@10:28.84	Best:12.92
2025-04-03 19:54:36,787 INFO    : Snapshot:3	6	10	Epoch:26	Loss:0.144	MRR:12.68	Hits@10:28.9	Best:12.92
2025-04-03 19:54:52,159 INFO    : Snapshot:3	7	10	Epoch:27	Loss:0.144	MRR:12.82	Hits@10:29.06	Best:12.92
2025-04-03 19:55:07,553 INFO    : Snapshot:3	8	10	Epoch:28	Loss:0.139	MRR:12.83	Hits@10:29.19	Best:12.92
2025-04-03 19:55:22,926 INFO    : Snapshot:3	9	10	Epoch:29	Loss:0.139	MRR:12.87	Hits@10:29.22	Best:12.92
2025-04-03 19:55:38,333 INFO    : Snapshot:3	0	10	Epoch:30	Loss:0.137	MRR:13.01	Hits@10:29.33	Best:13.01
2025-04-03 19:55:53,692 INFO    : Snapshot:3	1	10	Epoch:31	Loss:0.137	MRR:12.9	Hits@10:29.52	Best:13.01
2025-04-03 19:56:09,053 INFO    : Snapshot:3	2	10	Epoch:32	Loss:0.135	MRR:12.85	Hits@10:29.19	Best:13.01
2025-04-03 19:56:24,411 INFO    : Snapshot:3	3	10	Epoch:33	Loss:0.133	MRR:12.88	Hits@10:29.25	Best:13.01
2025-04-03 19:56:39,787 INFO    : Snapshot:3	4	10	Epoch:34	Loss:0.135	MRR:12.95	Hits@10:29.17	Best:13.01
2025-04-03 19:56:55,166 INFO    : Snapshot:3	5	10	Epoch:35	Loss:0.128	MRR:12.94	Hits@10:29.44	Best:13.01
2025-04-03 19:57:10,517 INFO    : Snapshot:3	6	10	Epoch:36	Loss:0.127	MRR:12.88	Hits@10:29.33	Best:13.01
2025-04-03 19:57:25,937 INFO    : Snapshot:3	0	10	Epoch:37	Loss:0.123	MRR:13.06	Hits@10:29.62	Best:13.06
2025-04-03 19:57:41,264 INFO    : Snapshot:3	1	10	Epoch:38	Loss:0.13	MRR:12.99	Hits@10:29.68	Best:13.06
2025-04-03 19:57:56,604 INFO    : Snapshot:3	2	10	Epoch:39	Loss:0.127	MRR:13.04	Hits@10:29.73	Best:13.06
2025-04-03 19:58:11,978 INFO    : Snapshot:3	3	10	Epoch:40	Loss:0.124	MRR:13.0	Hits@10:29.62	Best:13.06
2025-04-03 19:58:27,396 INFO    : Snapshot:3	4	10	Epoch:41	Loss:0.123	MRR:12.96	Hits@10:29.73	Best:13.06
2025-04-03 19:58:42,783 INFO    : Snapshot:3	5	10	Epoch:42	Loss:0.124	MRR:12.97	Hits@10:29.27	Best:13.06
2025-04-03 19:58:58,170 INFO    : Snapshot:3	6	10	Epoch:43	Loss:0.128	MRR:12.95	Hits@10:29.33	Best:13.06
2025-04-03 19:59:13,524 INFO    : Snapshot:3	7	10	Epoch:44	Loss:0.121	MRR:12.94	Hits@10:29.41	Best:13.06
2025-04-03 19:59:28,916 INFO    : Snapshot:3	0	10	Epoch:45	Loss:0.121	MRR:13.07	Hits@10:29.33	Best:13.07
2025-04-03 19:59:44,325 INFO    : Snapshot:3	0	10	Epoch:46	Loss:0.12	MRR:13.1	Hits@10:29.38	Best:13.1
2025-04-03 19:59:59,675 INFO    : Snapshot:3	1	10	Epoch:47	Loss:0.119	MRR:13.02	Hits@10:29.73	Best:13.1
2025-04-03 20:00:15,022 INFO    : Snapshot:3	2	10	Epoch:48	Loss:0.118	MRR:13.01	Hits@10:29.6	Best:13.1
2025-04-03 20:00:30,359 INFO    : Snapshot:3	3	10	Epoch:49	Loss:0.117	MRR:12.97	Hits@10:29.73	Best:13.1
2025-04-03 20:00:45,724 INFO    : Snapshot:3	4	10	Epoch:50	Loss:0.12	MRR:13.07	Hits@10:29.84	Best:13.1
2025-04-03 20:01:01,083 INFO    : Snapshot:3	5	10	Epoch:51	Loss:0.115	MRR:12.99	Hits@10:29.81	Best:13.1
2025-04-03 20:01:16,471 INFO    : Snapshot:3	6	10	Epoch:52	Loss:0.112	MRR:13.05	Hits@10:29.73	Best:13.1
2025-04-03 20:01:31,881 INFO    : Snapshot:3	7	10	Epoch:53	Loss:0.113	MRR:13.05	Hits@10:29.52	Best:13.1
2025-04-03 20:01:47,252 INFO    : Snapshot:3	8	10	Epoch:54	Loss:0.113	MRR:13.06	Hits@10:29.41	Best:13.1
2025-04-03 20:02:02,617 INFO    : Snapshot:3	9	10	Epoch:55	Loss:0.112	MRR:13.09	Hits@10:29.44	Best:13.1
2025-04-03 20:02:17,965 INFO    : Early Stopping! Snapshot:3 Epoch: 56 Best Results: 13.1
2025-04-03 20:02:18,002 INFO    : => loading checkpoint './checkpoint/WN_CKGE\3model_best.tar'
2025-04-03 20:03:05,812 INFO    : 
+------------+--------+--------+--------+--------+---------+
| Snapshot:3 |  MRR   | Hits@1 | Hits@3 | Hits@5 | Hits@10 |
+------------+--------+--------+--------+--------+---------+
|     0      | 0.1751 | 0.0109 | 0.3144 | 0.3552 |  0.4036 |
|     1      | 0.1452 | 0.011  | 0.2508 | 0.2946 |  0.3425 |
|     2      | 0.1374 | 0.0099 | 0.2433 | 0.278  |  0.3247 |
|     3      | 0.1366 | 0.011  | 0.2371 | 0.2747 |  0.314  |
+------------+--------+--------+--------+--------+---------+
2025-04-03 20:03:15,130 INFO    : Snapshot:4	0	10	Epoch:0	Loss:6.23	MRR:10.9	Hits@10:25.91	Best:10.9
2025-04-03 20:03:18,285 INFO    : Snapshot:4	0	10	Epoch:1	Loss:2.324	MRR:12.26	Hits@10:29.01	Best:12.26
2025-04-03 20:03:21,452 INFO    : Snapshot:4	0	10	Epoch:2	Loss:0.82	MRR:13.0	Hits@10:30.05	Best:13.0
2025-04-03 20:03:24,631 INFO    : Snapshot:4	0	10	Epoch:3	Loss:0.446	MRR:13.39	Hits@10:30.65	Best:13.39
2025-04-03 20:03:27,817 INFO    : Snapshot:4	0	10	Epoch:4	Loss:0.314	MRR:13.5	Hits@10:30.91	Best:13.5
2025-04-03 20:03:30,975 INFO    : Snapshot:4	0	10	Epoch:5	Loss:0.26	MRR:13.64	Hits@10:31.1	Best:13.64
2025-04-03 20:03:34,151 INFO    : Snapshot:4	0	10	Epoch:6	Loss:0.225	MRR:13.71	Hits@10:31.1	Best:13.71
2025-04-03 20:03:37,245 INFO    : Snapshot:4	1	10	Epoch:7	Loss:0.199	MRR:13.68	Hits@10:31.13	Best:13.71
2025-04-03 20:03:40,378 INFO    : Snapshot:4	2	10	Epoch:8	Loss:0.189	MRR:13.66	Hits@10:31.21	Best:13.71
2025-04-03 20:03:43,546 INFO    : Snapshot:4	0	10	Epoch:9	Loss:0.178	MRR:13.74	Hits@10:31.24	Best:13.74
2025-04-03 20:03:46,654 INFO    : Snapshot:4	1	10	Epoch:10	Loss:0.176	MRR:13.72	Hits@10:31.13	Best:13.74
2025-04-03 20:03:49,782 INFO    : Snapshot:4	2	10	Epoch:11	Loss:0.169	MRR:13.59	Hits@10:31.24	Best:13.74
2025-04-03 20:03:52,911 INFO    : Snapshot:4	3	10	Epoch:12	Loss:0.162	MRR:13.69	Hits@10:31.18	Best:13.74
2025-04-03 20:03:56,089 INFO    : Snapshot:4	4	10	Epoch:13	Loss:0.161	MRR:13.71	Hits@10:31.26	Best:13.74
2025-04-03 20:03:59,217 INFO    : Snapshot:4	5	10	Epoch:14	Loss:0.153	MRR:13.68	Hits@10:31.05	Best:13.74
2025-04-03 20:04:02,306 INFO    : Snapshot:4	6	10	Epoch:15	Loss:0.156	MRR:13.69	Hits@10:31.26	Best:13.74
2025-04-03 20:04:05,459 INFO    : Snapshot:4	7	10	Epoch:16	Loss:0.15	MRR:13.7	Hits@10:31.18	Best:13.74
2025-04-03 20:04:08,593 INFO    : Snapshot:4	8	10	Epoch:17	Loss:0.145	MRR:13.69	Hits@10:31.24	Best:13.74
2025-04-03 20:04:11,710 INFO    : Snapshot:4	9	10	Epoch:18	Loss:0.148	MRR:13.67	Hits@10:31.18	Best:13.74
2025-04-03 20:04:14,874 INFO    : Snapshot:4	0	10	Epoch:19	Loss:0.141	MRR:13.76	Hits@10:31.34	Best:13.76
2025-04-03 20:04:18,034 INFO    : Snapshot:4	0	10	Epoch:20	Loss:0.141	MRR:13.77	Hits@10:31.34	Best:13.77
2025-04-03 20:04:21,167 INFO    : Snapshot:4	1	10	Epoch:21	Loss:0.142	MRR:13.71	Hits@10:31.48	Best:13.77
2025-04-03 20:04:24,346 INFO    : Snapshot:4	2	10	Epoch:22	Loss:0.134	MRR:13.72	Hits@10:31.4	Best:13.77
2025-04-03 20:04:27,468 INFO    : Snapshot:4	3	10	Epoch:23	Loss:0.139	MRR:13.64	Hits@10:31.56	Best:13.77
2025-04-03 20:04:30,568 INFO    : Snapshot:4	4	10	Epoch:24	Loss:0.136	MRR:13.77	Hits@10:31.56	Best:13.77
2025-04-03 20:04:33,686 INFO    : Snapshot:4	5	10	Epoch:25	Loss:0.135	MRR:13.71	Hits@10:31.56	Best:13.77
2025-04-03 20:04:36,785 INFO    : Snapshot:4	6	10	Epoch:26	Loss:0.139	MRR:13.69	Hits@10:31.34	Best:13.77
2025-04-03 20:04:39,948 INFO    : Snapshot:4	7	10	Epoch:27	Loss:0.133	MRR:13.76	Hits@10:31.53	Best:13.77
2025-04-03 20:04:43,106 INFO    : Snapshot:4	8	10	Epoch:28	Loss:0.13	MRR:13.73	Hits@10:31.4	Best:13.77
2025-04-03 20:04:46,235 INFO    : Snapshot:4	9	10	Epoch:29	Loss:0.134	MRR:13.64	Hits@10:31.37	Best:13.77
2025-04-03 20:04:49,372 INFO    : Early Stopping! Snapshot:4 Epoch: 30 Best Results: 13.77
2025-04-03 20:04:49,410 INFO    : => loading checkpoint './checkpoint/WN_CKGE\4model_best.tar'
2025-04-03 20:05:07,456 INFO    : 
+------------+--------+--------+--------+--------+---------+
| Snapshot:4 |  MRR   | Hits@1 | Hits@3 | Hits@5 | Hits@10 |
+------------+--------+--------+--------+--------+---------+
|     0      | 0.1751 | 0.0109 | 0.3144 | 0.3552 |  0.4036 |
|     1      | 0.1452 | 0.011  | 0.2508 | 0.2946 |  0.3425 |
|     2      | 0.1374 | 0.0099 | 0.2433 | 0.278  |  0.3247 |
|     3      | 0.1366 | 0.011  | 0.2371 | 0.2747 |  0.314  |
|     4      | 0.1441 | 0.0105 | 0.2587 | 0.2896 |  0.3243 |
+------------+--------+--------+--------+--------+---------+
2025-04-03 20:05:07,458 INFO    : Final Result:
[+------------+--------+--------+--------+--------+---------+
| Snapshot:0 |  MRR   | Hits@1 | Hits@3 | Hits@5 | Hits@10 |
+------------+--------+--------+--------+--------+---------+
|     0      | 0.1751 | 0.0109 | 0.3144 | 0.3552 |  0.4036 |
+------------+--------+--------+--------+--------+---------+, +------------+--------+--------+--------+--------+---------+
| Snapshot:1 |  MRR   | Hits@1 | Hits@3 | Hits@5 | Hits@10 |
+------------+--------+--------+--------+--------+---------+
|     0      | 0.1751 | 0.0109 | 0.3144 | 0.3552 |  0.4036 |
|     1      | 0.1452 | 0.011  | 0.2508 | 0.2946 |  0.3425 |
+------------+--------+--------+--------+--------+---------+, +------------+--------+--------+--------+--------+---------+
| Snapshot:2 |  MRR   | Hits@1 | Hits@3 | Hits@5 | Hits@10 |
+------------+--------+--------+--------+--------+---------+
|     0      | 0.1751 | 0.0109 | 0.3144 | 0.3552 |  0.4036 |
|     1      | 0.1452 | 0.011  | 0.2508 | 0.2946 |  0.3425 |
|     2      | 0.1374 | 0.0099 | 0.2433 | 0.278  |  0.3247 |
+------------+--------+--------+--------+--------+---------+, +------------+--------+--------+--------+--------+---------+
| Snapshot:3 |  MRR   | Hits@1 | Hits@3 | Hits@5 | Hits@10 |
+------------+--------+--------+--------+--------+---------+
|     0      | 0.1751 | 0.0109 | 0.3144 | 0.3552 |  0.4036 |
|     1      | 0.1452 | 0.011  | 0.2508 | 0.2946 |  0.3425 |
|     2      | 0.1374 | 0.0099 | 0.2433 | 0.278  |  0.3247 |
|     3      | 0.1366 | 0.011  | 0.2371 | 0.2747 |  0.314  |
+------------+--------+--------+--------+--------+---------+, +------------+--------+--------+--------+--------+---------+
| Snapshot:4 |  MRR   | Hits@1 | Hits@3 | Hits@5 | Hits@10 |
+------------+--------+--------+--------+--------+---------+
|     0      | 0.1751 | 0.0109 | 0.3144 | 0.3552 |  0.4036 |
|     1      | 0.1452 | 0.011  | 0.2508 | 0.2946 |  0.3425 |
|     2      | 0.1374 | 0.0099 | 0.2433 | 0.278  |  0.3247 |
|     3      | 0.1366 | 0.011  | 0.2371 | 0.2747 |  0.314  |
|     4      | 0.1441 | 0.0105 | 0.2587 | 0.2896 |  0.3243 |
+------------+--------+--------+--------+--------+---------+]
2025-04-03 20:05:07,459 INFO    : Report Result:
+----------+--------------------+-----------+--------------+--------------+---------------+
| Snapshot |        Time        | Whole_MRR | Whole_Hits@1 | Whole_Hits@3 | Whole_Hits@10 |
+----------+--------------------+-----------+--------------+--------------+---------------+
|    0     | 553.6620740890503  |   0.175   |    0.011     |    0.314     |     0.404     |
|    1     | 389.19674348831177 |   0.171   |    0.011     |    0.305     |     0.395     |
|    2     | 348.18376302719116 |   0.167   |    0.011     |    0.298     |     0.386     |
|    3     | 877.4415509700775  |   0.163   |    0.011     |    0.291     |     0.378     |
|    4     | 97.87452101707458  |   0.161   |    0.011     |    0.288     |     0.373     |
+----------+--------------------+-----------+--------------+--------------+---------------+
2025-04-03 20:05:07,460 INFO    : Sum_Training_Time:2266.3586525917053
2025-04-03 20:05:07,460 INFO    : Every_Training_Time:[553.6620740890503, 389.19674348831177, 348.18376302719116, 877.4415509700775, 97.87452101707458]
2025-04-03 20:05:07,460 INFO    : Forward transfer: 0.0605 Backward transfer: 0.0
