2024-10-07 17:44:36,961 INFO    : Namespace(batch_size='1024', data_path='./data/WN_CKGE/', dataset='WN_CKGE', debug=False, device=device(type='cuda', index=0), emb_dim=200, ent_r='200', epoch_num=200, explore=False, gpu='0', l2=0.0, learning_rate='2e-1', log_path='./logs/WN_CKGE 200 20 2e-1 1024/WN_CKGE 20241007174432', logger=<RootLogger root (INFO)>, margin=8.0, model_name='LoraKGE_Layers', multi_layers_path='train_sorted_by_edges_betweenness.txt', neg_ratio=10, note='', num_ent_layers='20', num_layer=1, num_rel_layers='1', patience=3, predict_result='True', r=100, r_fixed=True, random_seed=3407, record=False, rel_r='20', save_path='./checkpoint/WN_CKGE', skip_previous='False', snapshot_num=5, train_new=True, using_multi_layers=False, using_various_ranks='True', using_various_ranks_reverse=False, valid_metrics='mrr')
2024-10-07 17:44:49,749 INFO    : Snapshot:0	0	3	Epoch:0	Loss:43.873	MRR:0.82	Hits@10:1.92	Best:0.82
2024-10-07 17:45:01,691 INFO    : Snapshot:0	0	3	Epoch:1	Loss:28.425	MRR:2.42	Hits@10:6.33	Best:2.42
2024-10-07 17:45:14,456 INFO    : Snapshot:0	0	3	Epoch:2	Loss:16.858	MRR:9.07	Hits@10:21.52	Best:9.07
2024-10-07 17:45:26,565 INFO    : Snapshot:0	0	3	Epoch:3	Loss:10.631	MRR:12.21	Hits@10:27.73	Best:12.21
2024-10-07 17:45:38,729 INFO    : Snapshot:0	0	3	Epoch:4	Loss:7.432	MRR:13.39	Hits@10:29.97	Best:13.39
2024-10-07 17:45:50,607 INFO    : Snapshot:0	0	3	Epoch:5	Loss:5.584	MRR:14.12	Hits@10:31.38	Best:14.12
2024-10-07 17:46:03,157 INFO    : Snapshot:0	0	3	Epoch:6	Loss:4.378	MRR:14.57	Hits@10:32.16	Best:14.57
2024-10-07 17:46:14,928 INFO    : Snapshot:0	0	3	Epoch:7	Loss:3.481	MRR:14.86	Hits@10:32.57	Best:14.86
2024-10-07 17:46:26,878 INFO    : Snapshot:0	0	3	Epoch:8	Loss:2.775	MRR:15.13	Hits@10:33.16	Best:15.13
2024-10-07 17:46:38,949 INFO    : Snapshot:0	0	3	Epoch:9	Loss:2.249	MRR:15.4	Hits@10:33.64	Best:15.4
2024-10-07 17:46:50,713 INFO    : Snapshot:0	0	3	Epoch:10	Loss:1.809	MRR:15.58	Hits@10:34.25	Best:15.58
2024-10-07 17:47:02,757 INFO    : Snapshot:0	0	3	Epoch:11	Loss:1.471	MRR:15.79	Hits@10:34.65	Best:15.79
2024-10-07 17:47:14,934 INFO    : Snapshot:0	0	3	Epoch:12	Loss:1.231	MRR:15.98	Hits@10:35.04	Best:15.98
2024-10-07 17:47:27,296 INFO    : Snapshot:0	0	3	Epoch:13	Loss:1.003	MRR:16.17	Hits@10:35.6	Best:16.17
2024-10-07 17:47:39,808 INFO    : Snapshot:0	0	3	Epoch:14	Loss:0.852	MRR:16.37	Hits@10:36.0	Best:16.37
2024-10-07 17:47:51,983 INFO    : Snapshot:0	0	3	Epoch:15	Loss:0.715	MRR:16.55	Hits@10:36.19	Best:16.55
2024-10-07 17:48:04,004 INFO    : Snapshot:0	0	3	Epoch:16	Loss:0.595	MRR:16.81	Hits@10:36.74	Best:16.81
2024-10-07 17:48:15,999 INFO    : Snapshot:0	0	3	Epoch:17	Loss:0.499	MRR:16.83	Hits@10:36.97	Best:16.83
2024-10-07 17:48:28,167 INFO    : Snapshot:0	0	3	Epoch:18	Loss:0.408	MRR:16.93	Hits@10:37.23	Best:16.93
2024-10-07 17:48:41,177 INFO    : Snapshot:0	0	3	Epoch:19	Loss:0.343	MRR:17.0	Hits@10:37.68	Best:17.0
2024-10-07 17:48:53,745 INFO    : Snapshot:0	1	3	Epoch:20	Loss:0.284	MRR:16.95	Hits@10:37.81	Best:17.0
2024-10-07 17:49:05,013 INFO    : Snapshot:0	0	3	Epoch:21	Loss:0.252	MRR:17.02	Hits@10:37.85	Best:17.02
2024-10-07 17:49:16,357 INFO    : Snapshot:0	1	3	Epoch:22	Loss:0.228	MRR:17.0	Hits@10:38.01	Best:17.02
2024-10-07 17:49:27,814 INFO    : Snapshot:0	0	3	Epoch:23	Loss:0.193	MRR:17.06	Hits@10:38.26	Best:17.06
2024-10-07 17:49:39,438 INFO    : Snapshot:0	0	3	Epoch:24	Loss:0.178	MRR:17.12	Hits@10:38.45	Best:17.12
2024-10-07 17:49:50,660 INFO    : Snapshot:0	1	3	Epoch:25	Loss:0.16	MRR:17.08	Hits@10:38.38	Best:17.12
2024-10-07 17:50:02,696 INFO    : Snapshot:0	2	3	Epoch:26	Loss:0.149	MRR:17.09	Hits@10:38.57	Best:17.12
2024-10-07 17:50:13,901 INFO    : Snapshot:0	0	3	Epoch:27	Loss:0.136	MRR:17.13	Hits@10:38.9	Best:17.13
2024-10-07 17:50:25,317 INFO    : Snapshot:0	1	3	Epoch:28	Loss:0.137	MRR:17.13	Hits@10:39.09	Best:17.13
2024-10-07 17:50:36,884 INFO    : Snapshot:0	0	3	Epoch:29	Loss:0.13	MRR:17.16	Hits@10:39.22	Best:17.16
2024-10-07 17:50:48,526 INFO    : Snapshot:0	1	3	Epoch:30	Loss:0.12	MRR:17.16	Hits@10:39.24	Best:17.16
2024-10-07 17:50:59,877 INFO    : Snapshot:0	2	3	Epoch:31	Loss:0.118	MRR:17.16	Hits@10:39.45	Best:17.16
2024-10-07 17:51:11,324 INFO    : Snapshot:0	0	3	Epoch:32	Loss:0.112	MRR:17.2	Hits@10:39.4	Best:17.2
2024-10-07 17:51:22,675 INFO    : Snapshot:0	1	3	Epoch:33	Loss:0.113	MRR:17.15	Hits@10:39.7	Best:17.2
2024-10-07 17:51:34,051 INFO    : Snapshot:0	0	3	Epoch:34	Loss:0.111	MRR:17.23	Hits@10:39.72	Best:17.23
2024-10-07 17:51:45,448 INFO    : Snapshot:0	0	3	Epoch:35	Loss:0.105	MRR:17.26	Hits@10:39.75	Best:17.26
2024-10-07 17:51:57,009 INFO    : Snapshot:0	1	3	Epoch:36	Loss:0.108	MRR:17.23	Hits@10:39.89	Best:17.26
2024-10-07 17:52:08,426 INFO    : Snapshot:0	2	3	Epoch:37	Loss:0.101	MRR:17.23	Hits@10:39.83	Best:17.26
2024-10-07 17:52:20,230 INFO    : Snapshot:0	0	3	Epoch:38	Loss:0.104	MRR:17.29	Hits@10:40.03	Best:17.29
2024-10-07 17:52:31,633 INFO    : Snapshot:0	1	3	Epoch:39	Loss:0.101	MRR:17.23	Hits@10:40.13	Best:17.29
2024-10-07 17:52:43,696 INFO    : Snapshot:0	0	3	Epoch:40	Loss:0.099	MRR:17.36	Hits@10:40.34	Best:17.36
2024-10-07 17:52:55,304 INFO    : Snapshot:0	1	3	Epoch:41	Loss:0.098	MRR:17.3	Hits@10:40.15	Best:17.36
2024-10-07 17:53:07,051 INFO    : Snapshot:0	2	3	Epoch:42	Loss:0.097	MRR:17.26	Hits@10:40.34	Best:17.36
2024-10-07 17:53:18,808 INFO    : Early Stopping! Snapshot:0 Epoch: 43 Best Results: 17.36
2024-10-07 17:53:18,848 INFO    : => loading checkpoint './checkpoint/WN_CKGE\0model_best.tar'
2024-10-07 17:53:30,547 INFO    : 
+------------+--------+--------+--------+--------+---------+
| Snapshot:0 |  MRR   | Hits@1 | Hits@3 | Hits@5 | Hits@10 |
+------------+--------+--------+--------+--------+---------+
|     0      | 0.1751 | 0.0109 | 0.3144 | 0.3552 |  0.4036 |
+------------+--------+--------+--------+--------+---------+
2024-10-07 17:53:51,022 INFO    : Snapshot:1	0	3	Epoch:0	Loss:6.261	MRR:7.77	Hits@10:20.16	Best:7.77
2024-10-07 17:54:00,328 INFO    : Snapshot:1	0	3	Epoch:1	Loss:2.377	MRR:11.35	Hits@10:28.49	Best:11.35
2024-10-07 17:54:09,703 INFO    : Snapshot:1	0	3	Epoch:2	Loss:0.92	MRR:12.88	Hits@10:30.99	Best:12.88
2024-10-07 17:54:19,099 INFO    : Snapshot:1	0	3	Epoch:3	Loss:0.521	MRR:13.63	Hits@10:32.28	Best:13.63
2024-10-07 17:54:28,558 INFO    : Snapshot:1	0	3	Epoch:4	Loss:0.37	MRR:13.89	Hits@10:32.61	Best:13.89
2024-10-07 17:54:38,161 INFO    : Snapshot:1	0	3	Epoch:5	Loss:0.295	MRR:14.02	Hits@10:32.8	Best:14.02
2024-10-07 17:54:47,725 INFO    : Snapshot:1	0	3	Epoch:6	Loss:0.259	MRR:14.08	Hits@10:33.25	Best:14.08
2024-10-07 17:54:57,166 INFO    : Snapshot:1	0	3	Epoch:7	Loss:0.243	MRR:14.15	Hits@10:33.36	Best:14.15
2024-10-07 17:55:06,533 INFO    : Snapshot:1	0	3	Epoch:8	Loss:0.226	MRR:14.33	Hits@10:33.39	Best:14.33
2024-10-07 17:55:15,865 INFO    : Snapshot:1	1	3	Epoch:9	Loss:0.215	MRR:14.25	Hits@10:33.66	Best:14.33
2024-10-07 17:55:25,291 INFO    : Snapshot:1	2	3	Epoch:10	Loss:0.206	MRR:14.2	Hits@10:33.6	Best:14.33
2024-10-07 17:55:34,627 INFO    : Early Stopping! Snapshot:1 Epoch: 11 Best Results: 14.33
2024-10-07 17:55:34,672 INFO    : => loading checkpoint './checkpoint/WN_CKGE\1model_best.tar'
2024-10-07 17:55:56,677 INFO    : 
+------------+--------+--------+--------+--------+---------+
| Snapshot:1 |  MRR   | Hits@1 | Hits@3 | Hits@5 | Hits@10 |
+------------+--------+--------+--------+--------+---------+
|     0      | 0.1751 | 0.0109 | 0.3144 | 0.3552 |  0.4036 |
|     1      | 0.142  | 0.0097 | 0.247  | 0.2892 |  0.3374 |
+------------+--------+--------+--------+--------+---------+
2024-10-07 17:56:32,061 INFO    : Snapshot:2	0	3	Epoch:0	Loss:6.256	MRR:6.89	Hits@10:17.85	Best:6.89
2024-10-07 17:56:48,810 INFO    : Snapshot:2	0	3	Epoch:1	Loss:2.354	MRR:10.28	Hits@10:25.56	Best:10.28
2024-10-07 17:57:05,410 INFO    : Snapshot:2	0	3	Epoch:2	Loss:0.871	MRR:11.79	Hits@10:28.2	Best:11.79
2024-10-07 17:57:22,184 INFO    : Snapshot:2	0	3	Epoch:3	Loss:0.476	MRR:12.46	Hits@10:29.38	Best:12.46
2024-10-07 17:57:38,505 INFO    : Snapshot:2	0	3	Epoch:4	Loss:0.338	MRR:12.81	Hits@10:29.76	Best:12.81
2024-10-07 17:57:54,738 INFO    : Snapshot:2	0	3	Epoch:5	Loss:0.268	MRR:13.02	Hits@10:30.16	Best:13.02
2024-10-07 17:58:11,000 INFO    : Snapshot:2	0	3	Epoch:6	Loss:0.23	MRR:13.17	Hits@10:30.48	Best:13.17
2024-10-07 17:58:27,969 INFO    : Snapshot:2	0	3	Epoch:7	Loss:0.211	MRR:13.33	Hits@10:30.54	Best:13.33
2024-10-07 17:58:44,516 INFO    : Snapshot:2	1	3	Epoch:8	Loss:0.197	MRR:13.28	Hits@10:30.62	Best:13.33
2024-10-07 17:59:01,154 INFO    : Snapshot:2	2	3	Epoch:9	Loss:0.189	MRR:13.2	Hits@10:30.56	Best:13.33
2024-10-07 17:59:18,204 INFO    : Early Stopping! Snapshot:2 Epoch: 10 Best Results: 13.33
2024-10-07 17:59:18,250 INFO    : => loading checkpoint './checkpoint/WN_CKGE\2model_best.tar'
2024-10-07 17:59:56,613 INFO    : 
+------------+--------+--------+--------+--------+---------+
| Snapshot:2 |  MRR   | Hits@1 | Hits@3 | Hits@5 | Hits@10 |
+------------+--------+--------+--------+--------+---------+
|     0      | 0.1751 | 0.0109 | 0.3144 | 0.3552 |  0.4036 |
|     1      | 0.142  | 0.0097 | 0.247  | 0.2892 |  0.3374 |
|     2      | 0.1378 | 0.0105 | 0.2419 | 0.2817 |  0.3196 |
+------------+--------+--------+--------+--------+---------+
2024-10-07 18:00:37,418 INFO    : Snapshot:3	0	3	Epoch:0	Loss:6.265	MRR:6.0	Hits@10:15.56	Best:6.0
2024-10-07 18:00:55,841 INFO    : Snapshot:3	0	3	Epoch:1	Loss:2.343	MRR:9.85	Hits@10:24.22	Best:9.85
2024-10-07 18:01:14,553 INFO    : Snapshot:3	0	3	Epoch:2	Loss:0.853	MRR:11.4	Hits@10:27.23	Best:11.4
2024-10-07 18:01:33,137 INFO    : Snapshot:3	0	3	Epoch:3	Loss:0.471	MRR:12.33	Hits@10:28.49	Best:12.33
2024-10-07 18:01:51,554 INFO    : Snapshot:3	0	3	Epoch:4	Loss:0.337	MRR:12.53	Hits@10:28.71	Best:12.53
2024-10-07 18:02:10,421 INFO    : Snapshot:3	0	3	Epoch:5	Loss:0.275	MRR:12.81	Hits@10:28.68	Best:12.81
2024-10-07 18:02:28,596 INFO    : Snapshot:3	1	3	Epoch:6	Loss:0.236	MRR:12.71	Hits@10:29.03	Best:12.81
2024-10-07 18:02:46,931 INFO    : Snapshot:3	2	3	Epoch:7	Loss:0.214	MRR:12.73	Hits@10:29.17	Best:12.81
2024-10-07 18:03:05,378 INFO    : Snapshot:3	0	3	Epoch:8	Loss:0.203	MRR:12.85	Hits@10:29.44	Best:12.85
2024-10-07 18:03:23,941 INFO    : Snapshot:3	0	3	Epoch:9	Loss:0.19	MRR:12.86	Hits@10:29.25	Best:12.86
2024-10-07 18:03:43,138 INFO    : Snapshot:3	0	3	Epoch:10	Loss:0.181	MRR:12.92	Hits@10:29.44	Best:12.92
2024-10-07 18:04:02,332 INFO    : Snapshot:3	1	3	Epoch:11	Loss:0.178	MRR:12.83	Hits@10:29.19	Best:12.92
2024-10-07 18:04:20,776 INFO    : Snapshot:3	2	3	Epoch:12	Loss:0.172	MRR:12.86	Hits@10:29.22	Best:12.92
2024-10-07 18:04:39,205 INFO    : Early Stopping! Snapshot:3 Epoch: 13 Best Results: 12.92
2024-10-07 18:04:39,257 INFO    : => loading checkpoint './checkpoint/WN_CKGE\3model_best.tar'
2024-10-07 18:05:37,360 INFO    : 
+------------+--------+--------+--------+--------+---------+
| Snapshot:3 |  MRR   | Hits@1 | Hits@3 | Hits@5 | Hits@10 |
+------------+--------+--------+--------+--------+---------+
|     0      | 0.1751 | 0.0109 | 0.3144 | 0.3552 |  0.4036 |
|     1      | 0.142  | 0.0097 | 0.247  | 0.2892 |  0.3374 |
|     2      | 0.1378 | 0.0105 | 0.2419 | 0.2817 |  0.3196 |
|     3      | 0.1334 | 0.0099 | 0.2331 | 0.2672 |  0.3105 |
+------------+--------+--------+--------+--------+---------+
2024-10-07 18:05:49,266 INFO    : Snapshot:4	0	3	Epoch:0	Loss:6.22	MRR:10.97	Hits@10:25.86	Best:10.97
2024-10-07 18:05:53,073 INFO    : Snapshot:4	0	3	Epoch:1	Loss:2.218	MRR:12.34	Hits@10:28.84	Best:12.34
2024-10-07 18:05:56,947 INFO    : Snapshot:4	0	3	Epoch:2	Loss:0.766	MRR:13.0	Hits@10:29.87	Best:13.0
2024-10-07 18:06:00,808 INFO    : Snapshot:4	0	3	Epoch:3	Loss:0.427	MRR:13.27	Hits@10:30.43	Best:13.27
2024-10-07 18:06:04,761 INFO    : Snapshot:4	0	3	Epoch:4	Loss:0.301	MRR:13.33	Hits@10:30.59	Best:13.33
2024-10-07 18:06:08,667 INFO    : Snapshot:4	0	3	Epoch:5	Loss:0.251	MRR:13.38	Hits@10:30.56	Best:13.38
2024-10-07 18:06:12,581 INFO    : Snapshot:4	0	3	Epoch:6	Loss:0.216	MRR:13.46	Hits@10:30.73	Best:13.46
2024-10-07 18:06:16,607 INFO    : Snapshot:4	0	3	Epoch:7	Loss:0.195	MRR:13.49	Hits@10:30.73	Best:13.49
2024-10-07 18:06:20,427 INFO    : Snapshot:4	1	3	Epoch:8	Loss:0.191	MRR:13.45	Hits@10:30.67	Best:13.49
2024-10-07 18:06:24,406 INFO    : Snapshot:4	2	3	Epoch:9	Loss:0.177	MRR:13.46	Hits@10:30.78	Best:13.49
2024-10-07 18:06:28,164 INFO    : Early Stopping! Snapshot:4 Epoch: 10 Best Results: 13.49
2024-10-07 18:06:28,198 INFO    : => loading checkpoint './checkpoint/WN_CKGE\4model_best.tar'
2024-10-07 18:06:52,384 INFO    : 
+------------+--------+--------+--------+--------+---------+
| Snapshot:4 |  MRR   | Hits@1 | Hits@3 | Hits@5 | Hits@10 |
+------------+--------+--------+--------+--------+---------+
|     0      | 0.1751 | 0.0109 | 0.3144 | 0.3552 |  0.4036 |
|     1      | 0.142  | 0.0097 | 0.247  | 0.2892 |  0.3374 |
|     2      | 0.1378 | 0.0105 | 0.2419 | 0.2817 |  0.3196 |
|     3      | 0.1334 | 0.0099 | 0.2331 | 0.2672 |  0.3105 |
|     4      | 0.1432 | 0.0105 | 0.2579 | 0.2869 |  0.3238 |
+------------+--------+--------+--------+--------+---------+
2024-10-07 18:06:52,386 INFO    : Final Result:
[+------------+--------+--------+--------+--------+---------+
| Snapshot:0 |  MRR   | Hits@1 | Hits@3 | Hits@5 | Hits@10 |
+------------+--------+--------+--------+--------+---------+
|     0      | 0.1751 | 0.0109 | 0.3144 | 0.3552 |  0.4036 |
+------------+--------+--------+--------+--------+---------+, +------------+--------+--------+--------+--------+---------+
| Snapshot:1 |  MRR   | Hits@1 | Hits@3 | Hits@5 | Hits@10 |
+------------+--------+--------+--------+--------+---------+
|     0      | 0.1751 | 0.0109 | 0.3144 | 0.3552 |  0.4036 |
|     1      | 0.142  | 0.0097 | 0.247  | 0.2892 |  0.3374 |
+------------+--------+--------+--------+--------+---------+, +------------+--------+--------+--------+--------+---------+
| Snapshot:2 |  MRR   | Hits@1 | Hits@3 | Hits@5 | Hits@10 |
+------------+--------+--------+--------+--------+---------+
|     0      | 0.1751 | 0.0109 | 0.3144 | 0.3552 |  0.4036 |
|     1      | 0.142  | 0.0097 | 0.247  | 0.2892 |  0.3374 |
|     2      | 0.1378 | 0.0105 | 0.2419 | 0.2817 |  0.3196 |
+------------+--------+--------+--------+--------+---------+, +------------+--------+--------+--------+--------+---------+
| Snapshot:3 |  MRR   | Hits@1 | Hits@3 | Hits@5 | Hits@10 |
+------------+--------+--------+--------+--------+---------+
|     0      | 0.1751 | 0.0109 | 0.3144 | 0.3552 |  0.4036 |
|     1      | 0.142  | 0.0097 | 0.247  | 0.2892 |  0.3374 |
|     2      | 0.1378 | 0.0105 | 0.2419 | 0.2817 |  0.3196 |
|     3      | 0.1334 | 0.0099 | 0.2331 | 0.2672 |  0.3105 |
+------------+--------+--------+--------+--------+---------+, +------------+--------+--------+--------+--------+---------+
| Snapshot:4 |  MRR   | Hits@1 | Hits@3 | Hits@5 | Hits@10 |
+------------+--------+--------+--------+--------+---------+
|     0      | 0.1751 | 0.0109 | 0.3144 | 0.3552 |  0.4036 |
|     1      | 0.142  | 0.0097 | 0.247  | 0.2892 |  0.3374 |
|     2      | 0.1378 | 0.0105 | 0.2419 | 0.2817 |  0.3196 |
|     3      | 0.1334 | 0.0099 | 0.2331 | 0.2672 |  0.3105 |
|     4      | 0.1432 | 0.0105 | 0.2579 | 0.2869 |  0.3238 |
+------------+--------+--------+--------+--------+---------+]
2024-10-07 18:06:52,386 INFO    : Report Result:
+----------+--------------------+-----------+--------------+--------------+---------------+
| Snapshot |        Time        | Whole_MRR | Whole_Hits@1 | Whole_Hits@3 | Whole_Hits@10 |
+----------+--------------------+-----------+--------------+--------------+---------------+
|    0     | 521.8463201522827  |   0.175   |    0.011     |    0.314     |     0.404     |
|    1     | 113.55903720855713 |    0.17   |    0.011     |    0.305     |     0.394     |
|    2     | 183.53808069229126 |   0.166   |    0.011     |    0.297     |     0.385     |
|    3     | 261.4186406135559  |   0.163   |    0.011     |     0.29     |     0.377     |
|    4     | 43.28323197364807  |   0.161   |    0.011     |    0.287     |     0.371     |
+----------+--------------------+-----------+--------------+--------------+---------------+
2024-10-07 18:06:52,387 INFO    : Sum_Training_Time:1123.645310640335
2024-10-07 18:06:52,387 INFO    : Every_Training_Time:[521.8463201522827, 113.55903720855713, 183.53808069229126, 261.4186406135559, 43.28323197364807]
2024-10-07 18:06:52,387 INFO    : Forward transfer: 0.059074999999999996 Backward transfer: 0.0
