2025-01-08 18:33:26,756 INFO    : Namespace(batch_size=1024, data_path='./data/WN_CKGE/', dataset='WN_CKGE', debug=False, device=device(type='cuda', index=0), emb_dim=200, ent_r='200', epoch_num=200, explore=False, gpu='0', l2=0.0, learning_rate='2e-1', log_path='./logs/WN_CKGE 200 20 2e-1 1024/WN_CKGE 20250108183322', logger=<RootLogger root (INFO)>, margin=8.0, model_name='LoraKGE_Layers', multi_layers_path='train_sorted_by_edges_betweenness.txt', neg_ratio=10, note='', num_ent_layers='20', num_layer=1, num_rel_layers='1', patience='10', predict_result=False, r=100, r_fixed=True, random_seed=3407, record=False, rel_r='200', save_path='./checkpoint/WN_CKGE', skip_previous='False', snapshot_num=5, train_new=True, using_multi_layers=False, using_various_ranks='True', using_various_ranks_reverse=False, valid_metrics='mrr')
2025-01-08 18:33:38,232 INFO    : Snapshot:0	0	10	Epoch:0	Loss:43.873	MRR:0.82	Hits@10:1.92	Best:0.82
2025-01-08 18:33:48,948 INFO    : Snapshot:0	0	10	Epoch:1	Loss:28.425	MRR:2.42	Hits@10:6.33	Best:2.42
2025-01-08 18:33:59,689 INFO    : Snapshot:0	0	10	Epoch:2	Loss:16.858	MRR:9.07	Hits@10:21.52	Best:9.07
2025-01-08 18:34:10,548 INFO    : Snapshot:0	0	10	Epoch:3	Loss:10.631	MRR:12.21	Hits@10:27.73	Best:12.21
2025-01-08 18:34:21,491 INFO    : Snapshot:0	0	10	Epoch:4	Loss:7.432	MRR:13.39	Hits@10:29.97	Best:13.39
2025-01-08 18:34:32,344 INFO    : Snapshot:0	0	10	Epoch:5	Loss:5.584	MRR:14.12	Hits@10:31.38	Best:14.12
2025-01-08 18:34:43,184 INFO    : Snapshot:0	0	10	Epoch:6	Loss:4.378	MRR:14.57	Hits@10:32.16	Best:14.57
2025-01-08 18:34:53,999 INFO    : Snapshot:0	0	10	Epoch:7	Loss:3.481	MRR:14.86	Hits@10:32.57	Best:14.86
2025-01-08 18:35:04,937 INFO    : Snapshot:0	0	10	Epoch:8	Loss:2.775	MRR:15.13	Hits@10:33.16	Best:15.13
2025-01-08 18:35:15,798 INFO    : Snapshot:0	0	10	Epoch:9	Loss:2.249	MRR:15.4	Hits@10:33.64	Best:15.4
2025-01-08 18:35:26,708 INFO    : Snapshot:0	0	10	Epoch:10	Loss:1.809	MRR:15.58	Hits@10:34.25	Best:15.58
2025-01-08 18:35:37,493 INFO    : Snapshot:0	0	10	Epoch:11	Loss:1.471	MRR:15.79	Hits@10:34.65	Best:15.79
2025-01-08 18:35:48,300 INFO    : Snapshot:0	0	10	Epoch:12	Loss:1.231	MRR:15.98	Hits@10:35.04	Best:15.98
2025-01-08 18:35:59,261 INFO    : Snapshot:0	0	10	Epoch:13	Loss:1.003	MRR:16.17	Hits@10:35.6	Best:16.17
2025-01-08 18:36:10,129 INFO    : Snapshot:0	0	10	Epoch:14	Loss:0.852	MRR:16.37	Hits@10:36.0	Best:16.37
2025-01-08 18:36:20,999 INFO    : Snapshot:0	0	10	Epoch:15	Loss:0.715	MRR:16.55	Hits@10:36.19	Best:16.55
2025-01-08 18:36:31,931 INFO    : Snapshot:0	0	10	Epoch:16	Loss:0.595	MRR:16.81	Hits@10:36.74	Best:16.81
2025-01-08 18:36:42,917 INFO    : Snapshot:0	0	10	Epoch:17	Loss:0.499	MRR:16.83	Hits@10:36.97	Best:16.83
2025-01-08 18:36:53,740 INFO    : Snapshot:0	0	10	Epoch:18	Loss:0.408	MRR:16.93	Hits@10:37.23	Best:16.93
2025-01-08 18:37:04,591 INFO    : Snapshot:0	0	10	Epoch:19	Loss:0.343	MRR:17.0	Hits@10:37.68	Best:17.0
2025-01-08 18:37:15,412 INFO    : Snapshot:0	1	10	Epoch:20	Loss:0.284	MRR:16.95	Hits@10:37.81	Best:17.0
2025-01-08 18:37:26,265 INFO    : Snapshot:0	0	10	Epoch:21	Loss:0.252	MRR:17.02	Hits@10:37.85	Best:17.02
2025-01-08 18:37:37,233 INFO    : Snapshot:0	1	10	Epoch:22	Loss:0.228	MRR:17.0	Hits@10:38.01	Best:17.02
2025-01-08 18:37:48,121 INFO    : Snapshot:0	0	10	Epoch:23	Loss:0.193	MRR:17.06	Hits@10:38.26	Best:17.06
2025-01-08 18:37:59,082 INFO    : Snapshot:0	0	10	Epoch:24	Loss:0.178	MRR:17.12	Hits@10:38.45	Best:17.12
2025-01-08 18:38:09,868 INFO    : Snapshot:0	1	10	Epoch:25	Loss:0.16	MRR:17.08	Hits@10:38.38	Best:17.12
2025-01-08 18:38:20,710 INFO    : Snapshot:0	2	10	Epoch:26	Loss:0.149	MRR:17.09	Hits@10:38.57	Best:17.12
2025-01-08 18:38:31,508 INFO    : Snapshot:0	0	10	Epoch:27	Loss:0.136	MRR:17.13	Hits@10:38.9	Best:17.13
2025-01-08 18:38:42,281 INFO    : Snapshot:0	1	10	Epoch:28	Loss:0.137	MRR:17.13	Hits@10:39.09	Best:17.13
2025-01-08 18:38:53,065 INFO    : Snapshot:0	0	10	Epoch:29	Loss:0.13	MRR:17.16	Hits@10:39.22	Best:17.16
2025-01-08 18:39:03,799 INFO    : Snapshot:0	1	10	Epoch:30	Loss:0.12	MRR:17.16	Hits@10:39.24	Best:17.16
2025-01-08 18:39:14,749 INFO    : Snapshot:0	2	10	Epoch:31	Loss:0.118	MRR:17.16	Hits@10:39.45	Best:17.16
2025-01-08 18:39:25,608 INFO    : Snapshot:0	0	10	Epoch:32	Loss:0.112	MRR:17.2	Hits@10:39.4	Best:17.2
2025-01-08 18:39:36,447 INFO    : Snapshot:0	1	10	Epoch:33	Loss:0.113	MRR:17.15	Hits@10:39.7	Best:17.2
2025-01-08 18:39:47,342 INFO    : Snapshot:0	0	10	Epoch:34	Loss:0.111	MRR:17.23	Hits@10:39.72	Best:17.23
2025-01-08 18:39:58,212 INFO    : Snapshot:0	0	10	Epoch:35	Loss:0.105	MRR:17.26	Hits@10:39.75	Best:17.26
2025-01-08 18:40:09,052 INFO    : Snapshot:0	1	10	Epoch:36	Loss:0.108	MRR:17.23	Hits@10:39.89	Best:17.26
2025-01-08 18:40:20,011 INFO    : Snapshot:0	2	10	Epoch:37	Loss:0.101	MRR:17.23	Hits@10:39.83	Best:17.26
2025-01-08 18:40:30,772 INFO    : Snapshot:0	0	10	Epoch:38	Loss:0.104	MRR:17.29	Hits@10:40.03	Best:17.29
2025-01-08 18:40:41,668 INFO    : Snapshot:0	1	10	Epoch:39	Loss:0.101	MRR:17.23	Hits@10:40.13	Best:17.29
2025-01-08 18:40:52,638 INFO    : Snapshot:0	0	10	Epoch:40	Loss:0.099	MRR:17.36	Hits@10:40.34	Best:17.36
2025-01-08 18:41:03,476 INFO    : Snapshot:0	1	10	Epoch:41	Loss:0.098	MRR:17.3	Hits@10:40.15	Best:17.36
2025-01-08 18:41:14,375 INFO    : Snapshot:0	2	10	Epoch:42	Loss:0.097	MRR:17.26	Hits@10:40.34	Best:17.36
2025-01-08 18:41:25,230 INFO    : Snapshot:0	3	10	Epoch:43	Loss:0.096	MRR:17.27	Hits@10:40.5	Best:17.36
2025-01-08 18:41:36,193 INFO    : Snapshot:0	4	10	Epoch:44	Loss:0.096	MRR:17.29	Hits@10:40.36	Best:17.36
2025-01-08 18:41:46,978 INFO    : Snapshot:0	5	10	Epoch:45	Loss:0.089	MRR:17.27	Hits@10:40.43	Best:17.36
2025-01-08 18:41:57,750 INFO    : Snapshot:0	6	10	Epoch:46	Loss:0.093	MRR:17.31	Hits@10:40.56	Best:17.36
2025-01-08 18:42:08,502 INFO    : Snapshot:0	7	10	Epoch:47	Loss:0.094	MRR:17.27	Hits@10:40.5	Best:17.36
2025-01-08 18:42:19,289 INFO    : Snapshot:0	8	10	Epoch:48	Loss:0.096	MRR:17.29	Hits@10:40.66	Best:17.36
2025-01-08 18:42:30,384 INFO    : Snapshot:0	9	10	Epoch:49	Loss:0.095	MRR:17.28	Hits@10:40.62	Best:17.36
2025-01-08 18:42:41,266 INFO    : Early Stopping! Snapshot:0 Epoch: 50 Best Results: 17.36
2025-01-08 18:42:41,304 INFO    : => loading checkpoint './checkpoint/WN_CKGE\0model_best.tar'
2025-01-08 18:42:49,815 INFO    : 
+------------+--------+--------+--------+--------+---------+
| Snapshot:0 |  MRR   | Hits@1 | Hits@3 | Hits@5 | Hits@10 |
+------------+--------+--------+--------+--------+---------+
|     0      | 0.1751 | 0.0109 | 0.3144 | 0.3552 |  0.4036 |
+------------+--------+--------+--------+--------+---------+
2025-01-08 18:43:03,803 INFO    : Snapshot:1	0	10	Epoch:0	Loss:6.268	MRR:7.32	Hits@10:19.41	Best:7.32
2025-01-08 18:43:10,068 INFO    : Snapshot:1	0	10	Epoch:1	Loss:2.444	MRR:11.24	Hits@10:29.09	Best:11.24
2025-01-08 18:43:16,319 INFO    : Snapshot:1	0	10	Epoch:2	Loss:0.966	MRR:12.94	Hits@10:31.32	Best:12.94
2025-01-08 18:43:22,564 INFO    : Snapshot:1	0	10	Epoch:3	Loss:0.551	MRR:13.61	Hits@10:32.74	Best:13.61
2025-01-08 18:43:28,825 INFO    : Snapshot:1	0	10	Epoch:4	Loss:0.383	MRR:13.75	Hits@10:33.04	Best:13.75
2025-01-08 18:43:35,072 INFO    : Snapshot:1	0	10	Epoch:5	Loss:0.303	MRR:14.05	Hits@10:33.15	Best:14.05
2025-01-08 18:43:41,318 INFO    : Snapshot:1	0	10	Epoch:6	Loss:0.267	MRR:14.08	Hits@10:33.2	Best:14.08
2025-01-08 18:43:47,591 INFO    : Snapshot:1	0	10	Epoch:7	Loss:0.239	MRR:14.17	Hits@10:33.41	Best:14.17
2025-01-08 18:43:53,819 INFO    : Snapshot:1	0	10	Epoch:8	Loss:0.229	MRR:14.23	Hits@10:33.47	Best:14.23
2025-01-08 18:44:00,072 INFO    : Snapshot:1	1	10	Epoch:9	Loss:0.216	MRR:14.22	Hits@10:33.63	Best:14.23
2025-01-08 18:44:06,315 INFO    : Snapshot:1	2	10	Epoch:10	Loss:0.207	MRR:14.2	Hits@10:33.79	Best:14.23
2025-01-08 18:44:12,612 INFO    : Snapshot:1	0	10	Epoch:11	Loss:0.205	MRR:14.38	Hits@10:33.9	Best:14.38
2025-01-08 18:44:18,871 INFO    : Snapshot:1	1	10	Epoch:12	Loss:0.198	MRR:14.34	Hits@10:34.03	Best:14.38
2025-01-08 18:44:25,135 INFO    : Snapshot:1	2	10	Epoch:13	Loss:0.192	MRR:14.28	Hits@10:33.98	Best:14.38
2025-01-08 18:44:31,388 INFO    : Snapshot:1	3	10	Epoch:14	Loss:0.189	MRR:14.34	Hits@10:34.09	Best:14.38
2025-01-08 18:44:37,623 INFO    : Snapshot:1	4	10	Epoch:15	Loss:0.183	MRR:14.29	Hits@10:34.06	Best:14.38
2025-01-08 18:44:43,886 INFO    : Snapshot:1	5	10	Epoch:16	Loss:0.184	MRR:14.33	Hits@10:34.11	Best:14.38
2025-01-08 18:44:50,139 INFO    : Snapshot:1	0	10	Epoch:17	Loss:0.18	MRR:14.46	Hits@10:34.35	Best:14.46
2025-01-08 18:44:56,349 INFO    : Snapshot:1	1	10	Epoch:18	Loss:0.177	MRR:14.35	Hits@10:34.09	Best:14.46
2025-01-08 18:45:02,594 INFO    : Snapshot:1	2	10	Epoch:19	Loss:0.176	MRR:14.44	Hits@10:34.14	Best:14.46
2025-01-08 18:45:08,815 INFO    : Snapshot:1	3	10	Epoch:20	Loss:0.171	MRR:14.35	Hits@10:34.03	Best:14.46
2025-01-08 18:45:15,048 INFO    : Snapshot:1	4	10	Epoch:21	Loss:0.172	MRR:14.23	Hits@10:33.95	Best:14.46
2025-01-08 18:45:21,312 INFO    : Snapshot:1	5	10	Epoch:22	Loss:0.168	MRR:14.25	Hits@10:33.98	Best:14.46
2025-01-08 18:45:27,556 INFO    : Snapshot:1	6	10	Epoch:23	Loss:0.168	MRR:14.34	Hits@10:34.19	Best:14.46
2025-01-08 18:45:33,785 INFO    : Snapshot:1	7	10	Epoch:24	Loss:0.166	MRR:14.28	Hits@10:34.01	Best:14.46
2025-01-08 18:45:40,012 INFO    : Snapshot:1	8	10	Epoch:25	Loss:0.166	MRR:14.27	Hits@10:33.82	Best:14.46
2025-01-08 18:45:46,233 INFO    : Snapshot:1	9	10	Epoch:26	Loss:0.165	MRR:14.34	Hits@10:33.76	Best:14.46
2025-01-08 18:45:52,604 INFO    : Snapshot:1	0	10	Epoch:27	Loss:0.165	MRR:14.48	Hits@10:33.84	Best:14.48
2025-01-08 18:45:58,852 INFO    : Snapshot:1	1	10	Epoch:28	Loss:0.158	MRR:14.46	Hits@10:34.09	Best:14.48
2025-01-08 18:46:05,085 INFO    : Snapshot:1	2	10	Epoch:29	Loss:0.159	MRR:14.44	Hits@10:34.19	Best:14.48
2025-01-08 18:46:11,331 INFO    : Snapshot:1	3	10	Epoch:30	Loss:0.155	MRR:14.45	Hits@10:34.09	Best:14.48
2025-01-08 18:46:17,617 INFO    : Snapshot:1	0	10	Epoch:31	Loss:0.156	MRR:14.52	Hits@10:34.22	Best:14.52
2025-01-08 18:46:23,863 INFO    : Snapshot:1	1	10	Epoch:32	Loss:0.153	MRR:14.48	Hits@10:34.22	Best:14.52
2025-01-08 18:46:30,149 INFO    : Snapshot:1	0	10	Epoch:33	Loss:0.152	MRR:14.61	Hits@10:34.09	Best:14.61
2025-01-08 18:46:36,400 INFO    : Snapshot:1	1	10	Epoch:34	Loss:0.151	MRR:14.51	Hits@10:34.19	Best:14.61
2025-01-08 18:46:42,639 INFO    : Snapshot:1	2	10	Epoch:35	Loss:0.15	MRR:14.56	Hits@10:34.38	Best:14.61
2025-01-08 18:46:48,865 INFO    : Snapshot:1	3	10	Epoch:36	Loss:0.15	MRR:14.53	Hits@10:34.14	Best:14.61
2025-01-08 18:46:55,087 INFO    : Snapshot:1	4	10	Epoch:37	Loss:0.149	MRR:14.55	Hits@10:34.27	Best:14.61
2025-01-08 18:47:01,312 INFO    : Snapshot:1	5	10	Epoch:38	Loss:0.147	MRR:14.54	Hits@10:34.35	Best:14.61
2025-01-08 18:47:07,543 INFO    : Snapshot:1	6	10	Epoch:39	Loss:0.147	MRR:14.56	Hits@10:34.46	Best:14.61
2025-01-08 18:47:13,784 INFO    : Snapshot:1	7	10	Epoch:40	Loss:0.143	MRR:14.54	Hits@10:34.19	Best:14.61
2025-01-08 18:47:20,010 INFO    : Snapshot:1	8	10	Epoch:41	Loss:0.147	MRR:14.59	Hits@10:34.19	Best:14.61
2025-01-08 18:47:26,275 INFO    : Snapshot:1	0	10	Epoch:42	Loss:0.142	MRR:14.64	Hits@10:34.33	Best:14.64
2025-01-08 18:47:32,516 INFO    : Snapshot:1	1	10	Epoch:43	Loss:0.141	MRR:14.57	Hits@10:33.98	Best:14.64
2025-01-08 18:47:38,762 INFO    : Snapshot:1	2	10	Epoch:44	Loss:0.143	MRR:14.55	Hits@10:34.11	Best:14.64
2025-01-08 18:47:45,017 INFO    : Snapshot:1	3	10	Epoch:45	Loss:0.14	MRR:14.57	Hits@10:34.3	Best:14.64
2025-01-08 18:47:51,251 INFO    : Snapshot:1	4	10	Epoch:46	Loss:0.139	MRR:14.53	Hits@10:34.44	Best:14.64
2025-01-08 18:47:57,497 INFO    : Snapshot:1	5	10	Epoch:47	Loss:0.141	MRR:14.52	Hits@10:34.3	Best:14.64
2025-01-08 18:48:03,733 INFO    : Snapshot:1	6	10	Epoch:48	Loss:0.138	MRR:14.61	Hits@10:34.62	Best:14.64
2025-01-08 18:48:09,970 INFO    : Snapshot:1	7	10	Epoch:49	Loss:0.138	MRR:14.6	Hits@10:34.38	Best:14.64
2025-01-08 18:48:16,221 INFO    : Snapshot:1	8	10	Epoch:50	Loss:0.137	MRR:14.64	Hits@10:34.27	Best:14.64
2025-01-08 18:48:22,526 INFO    : Snapshot:1	0	10	Epoch:51	Loss:0.137	MRR:14.68	Hits@10:34.35	Best:14.68
2025-01-08 18:48:28,799 INFO    : Snapshot:1	1	10	Epoch:52	Loss:0.134	MRR:14.6	Hits@10:34.44	Best:14.68
2025-01-08 18:48:35,074 INFO    : Snapshot:1	0	10	Epoch:53	Loss:0.133	MRR:14.71	Hits@10:34.27	Best:14.71
2025-01-08 18:48:41,322 INFO    : Snapshot:1	1	10	Epoch:54	Loss:0.132	MRR:14.64	Hits@10:34.22	Best:14.71
2025-01-08 18:48:47,592 INFO    : Snapshot:1	2	10	Epoch:55	Loss:0.134	MRR:14.65	Hits@10:34.35	Best:14.71
2025-01-08 18:48:53,855 INFO    : Snapshot:1	3	10	Epoch:56	Loss:0.131	MRR:14.61	Hits@10:34.46	Best:14.71
2025-01-08 18:49:00,098 INFO    : Snapshot:1	4	10	Epoch:57	Loss:0.133	MRR:14.53	Hits@10:34.78	Best:14.71
2025-01-08 18:49:06,364 INFO    : Snapshot:1	5	10	Epoch:58	Loss:0.134	MRR:14.67	Hits@10:34.81	Best:14.71
2025-01-08 18:49:12,590 INFO    : Snapshot:1	6	10	Epoch:59	Loss:0.132	MRR:14.7	Hits@10:34.92	Best:14.71
2025-01-08 18:49:18,858 INFO    : Snapshot:1	7	10	Epoch:60	Loss:0.131	MRR:14.6	Hits@10:34.76	Best:14.71
2025-01-08 18:49:25,068 INFO    : Snapshot:1	8	10	Epoch:61	Loss:0.132	MRR:14.65	Hits@10:34.78	Best:14.71
2025-01-08 18:49:31,325 INFO    : Snapshot:1	9	10	Epoch:62	Loss:0.13	MRR:14.59	Hits@10:34.84	Best:14.71
2025-01-08 18:49:37,564 INFO    : Early Stopping! Snapshot:1 Epoch: 63 Best Results: 14.71
2025-01-08 18:49:37,600 INFO    : => loading checkpoint './checkpoint/WN_CKGE\1model_best.tar'
2025-01-08 18:49:52,795 INFO    : 
+------------+--------+--------+--------+--------+---------+
| Snapshot:1 |  MRR   | Hits@1 | Hits@3 | Hits@5 | Hits@10 |
+------------+--------+--------+--------+--------+---------+
|     0      | 0.1751 | 0.0109 | 0.3144 | 0.3552 |  0.4036 |
|     1      | 0.1457 | 0.011  | 0.2511 | 0.2965 |  0.3473 |
+------------+--------+--------+--------+--------+---------+
2025-01-08 18:50:24,662 INFO    : Snapshot:2	0	10	Epoch:0	Loss:6.264	MRR:6.76	Hits@10:17.26	Best:6.76
2025-01-08 18:50:38,753 INFO    : Snapshot:2	0	10	Epoch:1	Loss:2.386	MRR:10.09	Hits@10:25.35	Best:10.09
2025-01-08 18:50:52,826 INFO    : Snapshot:2	0	10	Epoch:2	Loss:0.911	MRR:11.72	Hits@10:27.96	Best:11.72
2025-01-08 18:51:06,897 INFO    : Snapshot:2	0	10	Epoch:3	Loss:0.506	MRR:12.31	Hits@10:28.84	Best:12.31
2025-01-08 18:51:20,977 INFO    : Snapshot:2	0	10	Epoch:4	Loss:0.35	MRR:12.69	Hits@10:29.3	Best:12.69
2025-01-08 18:51:35,040 INFO    : Snapshot:2	0	10	Epoch:5	Loss:0.274	MRR:12.92	Hits@10:29.62	Best:12.92
2025-01-08 18:51:49,093 INFO    : Snapshot:2	0	10	Epoch:6	Loss:0.237	MRR:13.0	Hits@10:29.97	Best:13.0
2025-01-08 18:52:03,168 INFO    : Snapshot:2	0	10	Epoch:7	Loss:0.217	MRR:13.14	Hits@10:30.19	Best:13.14
2025-01-08 18:52:17,198 INFO    : Snapshot:2	1	10	Epoch:8	Loss:0.199	MRR:13.1	Hits@10:30.22	Best:13.14
2025-01-08 18:52:31,271 INFO    : Snapshot:2	0	10	Epoch:9	Loss:0.187	MRR:13.15	Hits@10:30.3	Best:13.15
2025-01-08 18:52:45,356 INFO    : Snapshot:2	0	10	Epoch:10	Loss:0.182	MRR:13.24	Hits@10:30.4	Best:13.24
2025-01-08 18:52:59,371 INFO    : Snapshot:2	1	10	Epoch:11	Loss:0.173	MRR:13.12	Hits@10:30.35	Best:13.24
2025-01-08 18:53:13,385 INFO    : Snapshot:2	2	10	Epoch:12	Loss:0.172	MRR:13.21	Hits@10:30.35	Best:13.24
2025-01-08 18:53:27,382 INFO    : Snapshot:2	3	10	Epoch:13	Loss:0.164	MRR:13.07	Hits@10:30.32	Best:13.24
2025-01-08 18:53:41,344 INFO    : Snapshot:2	4	10	Epoch:14	Loss:0.162	MRR:13.13	Hits@10:30.22	Best:13.24
2025-01-08 18:53:55,314 INFO    : Snapshot:2	5	10	Epoch:15	Loss:0.157	MRR:13.24	Hits@10:30.51	Best:13.24
2025-01-08 18:54:09,305 INFO    : Snapshot:2	6	10	Epoch:16	Loss:0.159	MRR:13.16	Hits@10:30.38	Best:13.24
2025-01-08 18:54:23,421 INFO    : Snapshot:2	0	10	Epoch:17	Loss:0.158	MRR:13.27	Hits@10:30.4	Best:13.27
2025-01-08 18:54:37,416 INFO    : Snapshot:2	1	10	Epoch:18	Loss:0.15	MRR:13.19	Hits@10:30.19	Best:13.27
2025-01-08 18:54:51,425 INFO    : Snapshot:2	2	10	Epoch:19	Loss:0.149	MRR:13.09	Hits@10:30.32	Best:13.27
2025-01-08 18:55:05,427 INFO    : Snapshot:2	3	10	Epoch:20	Loss:0.151	MRR:13.23	Hits@10:30.62	Best:13.27
2025-01-08 18:55:19,411 INFO    : Snapshot:2	4	10	Epoch:21	Loss:0.148	MRR:13.23	Hits@10:30.81	Best:13.27
2025-01-08 18:55:33,415 INFO    : Snapshot:2	0	10	Epoch:22	Loss:0.147	MRR:13.28	Hits@10:30.62	Best:13.28
2025-01-08 18:55:47,381 INFO    : Snapshot:2	1	10	Epoch:23	Loss:0.144	MRR:13.25	Hits@10:30.54	Best:13.28
2025-01-08 18:56:01,342 INFO    : Snapshot:2	2	10	Epoch:24	Loss:0.14	MRR:13.2	Hits@10:30.86	Best:13.28
2025-01-08 18:56:15,305 INFO    : Snapshot:2	3	10	Epoch:25	Loss:0.145	MRR:13.28	Hits@10:30.94	Best:13.28
2025-01-08 18:56:29,358 INFO    : Snapshot:2	0	10	Epoch:26	Loss:0.134	MRR:13.33	Hits@10:30.62	Best:13.33
2025-01-08 18:56:43,389 INFO    : Snapshot:2	0	10	Epoch:27	Loss:0.143	MRR:13.35	Hits@10:30.67	Best:13.35
2025-01-08 18:56:57,377 INFO    : Snapshot:2	1	10	Epoch:28	Loss:0.136	MRR:13.34	Hits@10:30.81	Best:13.35
2025-01-08 18:57:11,401 INFO    : Snapshot:2	0	10	Epoch:29	Loss:0.133	MRR:13.43	Hits@10:30.51	Best:13.43
2025-01-08 18:57:25,403 INFO    : Snapshot:2	1	10	Epoch:30	Loss:0.135	MRR:13.35	Hits@10:30.51	Best:13.43
2025-01-08 18:57:39,388 INFO    : Snapshot:2	2	10	Epoch:31	Loss:0.133	MRR:13.34	Hits@10:30.48	Best:13.43
2025-01-08 18:57:53,344 INFO    : Snapshot:2	3	10	Epoch:32	Loss:0.13	MRR:13.32	Hits@10:30.4	Best:13.43
2025-01-08 18:58:07,284 INFO    : Snapshot:2	4	10	Epoch:33	Loss:0.126	MRR:13.38	Hits@10:30.46	Best:13.43
2025-01-08 18:58:21,306 INFO    : Snapshot:2	5	10	Epoch:34	Loss:0.129	MRR:13.34	Hits@10:30.48	Best:13.43
2025-01-08 18:58:35,277 INFO    : Snapshot:2	6	10	Epoch:35	Loss:0.127	MRR:13.41	Hits@10:30.73	Best:13.43
2025-01-08 18:58:49,241 INFO    : Snapshot:2	7	10	Epoch:36	Loss:0.13	MRR:13.33	Hits@10:30.83	Best:13.43
2025-01-08 18:59:03,243 INFO    : Snapshot:2	8	10	Epoch:37	Loss:0.125	MRR:13.29	Hits@10:30.75	Best:13.43
2025-01-08 18:59:17,240 INFO    : Snapshot:2	9	10	Epoch:38	Loss:0.125	MRR:13.32	Hits@10:30.81	Best:13.43
2025-01-08 18:59:31,232 INFO    : Early Stopping! Snapshot:2 Epoch: 39 Best Results: 13.43
2025-01-08 18:59:31,271 INFO    : => loading checkpoint './checkpoint/WN_CKGE\2model_best.tar'
2025-01-08 19:00:01,836 INFO    : 
+------------+--------+--------+--------+--------+---------+
| Snapshot:2 |  MRR   | Hits@1 | Hits@3 | Hits@5 | Hits@10 |
+------------+--------+--------+--------+--------+---------+
|     0      | 0.1751 | 0.0109 | 0.3144 | 0.3552 |  0.4036 |
|     1      | 0.1457 | 0.011  | 0.2511 | 0.2965 |  0.3473 |
|     2      | 0.1395 | 0.0118 | 0.243  | 0.2804 |  0.3234 |
+------------+--------+--------+--------+--------+---------+
2025-01-08 19:00:37,033 INFO    : Snapshot:3	0	10	Epoch:0	Loss:6.275	MRR:5.9	Hits@10:15.3	Best:5.9
2025-01-08 19:00:52,781 INFO    : Snapshot:3	0	10	Epoch:1	Loss:2.385	MRR:9.74	Hits@10:24.44	Best:9.74
2025-01-08 19:01:08,469 INFO    : Snapshot:3	0	10	Epoch:2	Loss:0.887	MRR:11.39	Hits@10:27.34	Best:11.39
2025-01-08 19:01:24,119 INFO    : Snapshot:3	0	10	Epoch:3	Loss:0.491	MRR:12.18	Hits@10:28.52	Best:12.18
2025-01-08 19:01:39,785 INFO    : Snapshot:3	0	10	Epoch:4	Loss:0.343	MRR:12.46	Hits@10:28.79	Best:12.46
2025-01-08 19:01:55,471 INFO    : Snapshot:3	0	10	Epoch:5	Loss:0.277	MRR:12.6	Hits@10:29.01	Best:12.6
2025-01-08 19:02:11,134 INFO    : Snapshot:3	0	10	Epoch:6	Loss:0.238	MRR:12.76	Hits@10:29.03	Best:12.76
2025-01-08 19:02:26,790 INFO    : Snapshot:3	0	10	Epoch:7	Loss:0.214	MRR:12.86	Hits@10:29.41	Best:12.86
2025-01-08 19:02:42,433 INFO    : Snapshot:3	1	10	Epoch:8	Loss:0.202	MRR:12.8	Hits@10:29.44	Best:12.86
2025-01-08 19:02:58,055 INFO    : Snapshot:3	2	10	Epoch:9	Loss:0.188	MRR:12.81	Hits@10:29.41	Best:12.86
2025-01-08 19:03:13,710 INFO    : Snapshot:3	3	10	Epoch:10	Loss:0.18	MRR:12.75	Hits@10:29.46	Best:12.86
2025-01-08 19:03:29,325 INFO    : Snapshot:3	4	10	Epoch:11	Loss:0.177	MRR:12.75	Hits@10:29.19	Best:12.86
2025-01-08 19:03:44,947 INFO    : Snapshot:3	5	10	Epoch:12	Loss:0.169	MRR:12.68	Hits@10:29.11	Best:12.86
2025-01-08 19:04:00,567 INFO    : Snapshot:3	6	10	Epoch:13	Loss:0.167	MRR:12.81	Hits@10:29.46	Best:12.86
2025-01-08 19:04:16,218 INFO    : Snapshot:3	0	10	Epoch:14	Loss:0.165	MRR:12.95	Hits@10:29.33	Best:12.95
2025-01-08 19:04:31,838 INFO    : Snapshot:3	1	10	Epoch:15	Loss:0.159	MRR:12.91	Hits@10:29.52	Best:12.95
2025-01-08 19:04:47,456 INFO    : Snapshot:3	2	10	Epoch:16	Loss:0.157	MRR:12.92	Hits@10:29.52	Best:12.95
2025-01-08 19:05:03,065 INFO    : Snapshot:3	3	10	Epoch:17	Loss:0.15	MRR:12.86	Hits@10:29.49	Best:12.95
2025-01-08 19:05:18,711 INFO    : Snapshot:3	4	10	Epoch:18	Loss:0.159	MRR:12.89	Hits@10:29.89	Best:12.95
2025-01-08 19:05:34,346 INFO    : Snapshot:3	5	10	Epoch:19	Loss:0.153	MRR:12.91	Hits@10:30.0	Best:12.95
2025-01-08 19:05:49,931 INFO    : Snapshot:3	6	10	Epoch:20	Loss:0.152	MRR:12.93	Hits@10:30.22	Best:12.95
2025-01-08 19:06:05,506 INFO    : Snapshot:3	7	10	Epoch:21	Loss:0.151	MRR:12.89	Hits@10:29.78	Best:12.95
2025-01-08 19:06:21,198 INFO    : Snapshot:3	0	10	Epoch:22	Loss:0.15	MRR:13.04	Hits@10:29.78	Best:13.04
2025-01-08 19:06:36,880 INFO    : Snapshot:3	0	10	Epoch:23	Loss:0.145	MRR:13.08	Hits@10:30.05	Best:13.08
2025-01-08 19:06:52,511 INFO    : Snapshot:3	1	10	Epoch:24	Loss:0.145	MRR:12.96	Hits@10:29.89	Best:13.08
2025-01-08 19:07:08,165 INFO    : Snapshot:3	2	10	Epoch:25	Loss:0.143	MRR:12.84	Hits@10:29.76	Best:13.08
2025-01-08 19:07:23,763 INFO    : Snapshot:3	3	10	Epoch:26	Loss:0.142	MRR:12.91	Hits@10:29.49	Best:13.08
2025-01-08 19:07:39,389 INFO    : Snapshot:3	4	10	Epoch:27	Loss:0.139	MRR:12.96	Hits@10:29.57	Best:13.08
2025-01-08 19:07:54,993 INFO    : Snapshot:3	5	10	Epoch:28	Loss:0.139	MRR:12.92	Hits@10:29.44	Best:13.08
2025-01-08 19:08:10,601 INFO    : Snapshot:3	6	10	Epoch:29	Loss:0.139	MRR:12.99	Hits@10:29.41	Best:13.08
2025-01-08 19:08:26,242 INFO    : Snapshot:3	7	10	Epoch:30	Loss:0.132	MRR:13.05	Hits@10:29.57	Best:13.08
2025-01-08 19:08:41,873 INFO    : Snapshot:3	8	10	Epoch:31	Loss:0.137	MRR:13.08	Hits@10:29.68	Best:13.08
2025-01-08 19:08:57,539 INFO    : Snapshot:3	0	10	Epoch:32	Loss:0.136	MRR:13.09	Hits@10:29.87	Best:13.09
2025-01-08 19:09:13,207 INFO    : Snapshot:3	0	10	Epoch:33	Loss:0.133	MRR:13.19	Hits@10:30.16	Best:13.19
2025-01-08 19:09:28,834 INFO    : Snapshot:3	1	10	Epoch:34	Loss:0.129	MRR:13.13	Hits@10:30.27	Best:13.19
2025-01-08 19:09:44,460 INFO    : Snapshot:3	2	10	Epoch:35	Loss:0.131	MRR:13.08	Hits@10:30.13	Best:13.19
2025-01-08 19:10:00,053 INFO    : Snapshot:3	3	10	Epoch:36	Loss:0.127	MRR:13.13	Hits@10:30.35	Best:13.19
2025-01-08 19:10:15,645 INFO    : Snapshot:3	4	10	Epoch:37	Loss:0.128	MRR:13.16	Hits@10:30.43	Best:13.19
2025-01-08 19:10:31,253 INFO    : Snapshot:3	5	10	Epoch:38	Loss:0.13	MRR:13.11	Hits@10:30.46	Best:13.19
2025-01-08 19:10:46,861 INFO    : Snapshot:3	6	10	Epoch:39	Loss:0.124	MRR:13.02	Hits@10:30.51	Best:13.19
2025-01-08 19:11:02,569 INFO    : Snapshot:3	7	10	Epoch:40	Loss:0.128	MRR:13.06	Hits@10:30.51	Best:13.19
2025-01-08 19:11:18,180 INFO    : Snapshot:3	8	10	Epoch:41	Loss:0.122	MRR:13.03	Hits@10:30.38	Best:13.19
2025-01-08 19:11:33,778 INFO    : Snapshot:3	9	10	Epoch:42	Loss:0.123	MRR:13.07	Hits@10:30.43	Best:13.19
2025-01-08 19:11:49,388 INFO    : Early Stopping! Snapshot:3 Epoch: 43 Best Results: 13.19
2025-01-08 19:11:49,431 INFO    : => loading checkpoint './checkpoint/WN_CKGE\3model_best.tar'
2025-01-08 19:12:38,097 INFO    : 
+------------+--------+--------+--------+--------+---------+
| Snapshot:3 |  MRR   | Hits@1 | Hits@3 | Hits@5 | Hits@10 |
+------------+--------+--------+--------+--------+---------+
|     0      | 0.1751 | 0.0109 | 0.3144 | 0.3552 |  0.4036 |
|     1      | 0.1457 | 0.011  | 0.2511 | 0.2965 |  0.3473 |
|     2      | 0.1395 | 0.0118 | 0.243  | 0.2804 |  0.3234 |
|     3      | 0.1367 | 0.0121 | 0.2376 | 0.2769 |  0.3183 |
+------------+--------+--------+--------+--------+---------+
2025-01-08 19:12:47,709 INFO    : Snapshot:4	0	10	Epoch:0	Loss:6.215	MRR:11.09	Hits@10:26.21	Best:11.09
2025-01-08 19:12:50,906 INFO    : Snapshot:4	0	10	Epoch:1	Loss:2.26	MRR:12.58	Hits@10:29.7	Best:12.58
2025-01-08 19:12:54,117 INFO    : Snapshot:4	0	10	Epoch:2	Loss:0.799	MRR:13.27	Hits@10:30.62	Best:13.27
2025-01-08 19:12:57,327 INFO    : Snapshot:4	0	10	Epoch:3	Loss:0.45	MRR:13.51	Hits@10:30.99	Best:13.51
2025-01-08 19:13:00,539 INFO    : Snapshot:4	0	10	Epoch:4	Loss:0.313	MRR:13.57	Hits@10:31.21	Best:13.57
2025-01-08 19:13:03,698 INFO    : Snapshot:4	1	10	Epoch:5	Loss:0.252	MRR:13.56	Hits@10:31.08	Best:13.57
2025-01-08 19:13:06,937 INFO    : Snapshot:4	0	10	Epoch:6	Loss:0.219	MRR:13.63	Hits@10:31.29	Best:13.63
2025-01-08 19:13:10,172 INFO    : Snapshot:4	0	10	Epoch:7	Loss:0.199	MRR:13.7	Hits@10:31.37	Best:13.7
2025-01-08 19:13:13,340 INFO    : Snapshot:4	1	10	Epoch:8	Loss:0.19	MRR:13.68	Hits@10:31.26	Best:13.7
2025-01-08 19:13:16,523 INFO    : Snapshot:4	0	10	Epoch:9	Loss:0.181	MRR:13.71	Hits@10:31.42	Best:13.71
2025-01-08 19:13:19,742 INFO    : Snapshot:4	0	10	Epoch:10	Loss:0.171	MRR:13.77	Hits@10:31.48	Best:13.77
2025-01-08 19:13:22,965 INFO    : Snapshot:4	0	10	Epoch:11	Loss:0.167	MRR:13.78	Hits@10:31.1	Best:13.78
2025-01-08 19:13:26,192 INFO    : Snapshot:4	0	10	Epoch:12	Loss:0.16	MRR:13.8	Hits@10:31.08	Best:13.8
2025-01-08 19:13:29,351 INFO    : Snapshot:4	1	10	Epoch:13	Loss:0.157	MRR:13.69	Hits@10:30.94	Best:13.8
2025-01-08 19:13:32,518 INFO    : Snapshot:4	2	10	Epoch:14	Loss:0.153	MRR:13.79	Hits@10:31.1	Best:13.8
2025-01-08 19:13:35,696 INFO    : Snapshot:4	3	10	Epoch:15	Loss:0.156	MRR:13.8	Hits@10:31.21	Best:13.8
2025-01-08 19:13:38,873 INFO    : Snapshot:4	4	10	Epoch:16	Loss:0.149	MRR:13.8	Hits@10:31.21	Best:13.8
2025-01-08 19:13:42,096 INFO    : Snapshot:4	0	10	Epoch:17	Loss:0.149	MRR:13.83	Hits@10:31.21	Best:13.83
2025-01-08 19:13:45,280 INFO    : Snapshot:4	1	10	Epoch:18	Loss:0.148	MRR:13.8	Hits@10:31.42	Best:13.83
2025-01-08 19:13:48,424 INFO    : Snapshot:4	2	10	Epoch:19	Loss:0.145	MRR:13.77	Hits@10:31.26	Best:13.83
2025-01-08 19:13:51,620 INFO    : Snapshot:4	3	10	Epoch:20	Loss:0.142	MRR:13.69	Hits@10:30.86	Best:13.83
2025-01-08 19:13:54,781 INFO    : Snapshot:4	4	10	Epoch:21	Loss:0.142	MRR:13.65	Hits@10:30.94	Best:13.83
2025-01-08 19:13:57,976 INFO    : Snapshot:4	5	10	Epoch:22	Loss:0.136	MRR:13.71	Hits@10:31.08	Best:13.83
2025-01-08 19:14:01,139 INFO    : Snapshot:4	6	10	Epoch:23	Loss:0.14	MRR:13.79	Hits@10:31.1	Best:13.83
2025-01-08 19:14:04,304 INFO    : Snapshot:4	7	10	Epoch:24	Loss:0.137	MRR:13.75	Hits@10:31.13	Best:13.83
2025-01-08 19:14:07,493 INFO    : Snapshot:4	8	10	Epoch:25	Loss:0.138	MRR:13.81	Hits@10:31.24	Best:13.83
2025-01-08 19:14:10,637 INFO    : Snapshot:4	9	10	Epoch:26	Loss:0.13	MRR:13.78	Hits@10:31.18	Best:13.83
2025-01-08 19:14:13,769 INFO    : Early Stopping! Snapshot:4 Epoch: 27 Best Results: 13.83
2025-01-08 19:14:13,825 INFO    : => loading checkpoint './checkpoint/WN_CKGE\4model_best.tar'
2025-01-08 19:14:32,072 INFO    : 
+------------+--------+--------+--------+--------+---------+
| Snapshot:4 |  MRR   | Hits@1 | Hits@3 | Hits@5 | Hits@10 |
+------------+--------+--------+--------+--------+---------+
|     0      | 0.1751 | 0.0109 | 0.3144 | 0.3552 |  0.4036 |
|     1      | 0.1457 | 0.011  | 0.2511 | 0.2965 |  0.3473 |
|     2      | 0.1395 | 0.0118 | 0.243  | 0.2804 |  0.3234 |
|     3      | 0.1367 | 0.0121 | 0.2376 | 0.2769 |  0.3183 |
|     4      | 0.1461 | 0.011  | 0.2633 | 0.2931 |  0.3254 |
+------------+--------+--------+--------+--------+---------+
2025-01-08 19:14:32,072 INFO    : Final Result:
[+------------+--------+--------+--------+--------+---------+
| Snapshot:0 |  MRR   | Hits@1 | Hits@3 | Hits@5 | Hits@10 |
+------------+--------+--------+--------+--------+---------+
|     0      | 0.1751 | 0.0109 | 0.3144 | 0.3552 |  0.4036 |
+------------+--------+--------+--------+--------+---------+, +------------+--------+--------+--------+--------+---------+
| Snapshot:1 |  MRR   | Hits@1 | Hits@3 | Hits@5 | Hits@10 |
+------------+--------+--------+--------+--------+---------+
|     0      | 0.1751 | 0.0109 | 0.3144 | 0.3552 |  0.4036 |
|     1      | 0.1457 | 0.011  | 0.2511 | 0.2965 |  0.3473 |
+------------+--------+--------+--------+--------+---------+, +------------+--------+--------+--------+--------+---------+
| Snapshot:2 |  MRR   | Hits@1 | Hits@3 | Hits@5 | Hits@10 |
+------------+--------+--------+--------+--------+---------+
|     0      | 0.1751 | 0.0109 | 0.3144 | 0.3552 |  0.4036 |
|     1      | 0.1457 | 0.011  | 0.2511 | 0.2965 |  0.3473 |
|     2      | 0.1395 | 0.0118 | 0.243  | 0.2804 |  0.3234 |
+------------+--------+--------+--------+--------+---------+, +------------+--------+--------+--------+--------+---------+
| Snapshot:3 |  MRR   | Hits@1 | Hits@3 | Hits@5 | Hits@10 |
+------------+--------+--------+--------+--------+---------+
|     0      | 0.1751 | 0.0109 | 0.3144 | 0.3552 |  0.4036 |
|     1      | 0.1457 | 0.011  | 0.2511 | 0.2965 |  0.3473 |
|     2      | 0.1395 | 0.0118 | 0.243  | 0.2804 |  0.3234 |
|     3      | 0.1367 | 0.0121 | 0.2376 | 0.2769 |  0.3183 |
+------------+--------+--------+--------+--------+---------+, +------------+--------+--------+--------+--------+---------+
| Snapshot:4 |  MRR   | Hits@1 | Hits@3 | Hits@5 | Hits@10 |
+------------+--------+--------+--------+--------+---------+
|     0      | 0.1751 | 0.0109 | 0.3144 | 0.3552 |  0.4036 |
|     1      | 0.1457 | 0.011  | 0.2511 | 0.2965 |  0.3473 |
|     2      | 0.1395 | 0.0118 | 0.243  | 0.2804 |  0.3234 |
|     3      | 0.1367 | 0.0121 | 0.2376 | 0.2769 |  0.3183 |
|     4      | 0.1461 | 0.011  | 0.2633 | 0.2931 |  0.3254 |
+------------+--------+--------+--------+--------+---------+]
2025-01-08 19:14:32,072 INFO    : Report Result:
+----------+-------------------+-----------+--------------+--------------+---------------+
| Snapshot |        Time       | Whole_MRR | Whole_Hits@1 | Whole_Hits@3 | Whole_Hits@10 |
+----------+-------------------+-----------+--------------+--------------+---------------+
|    0     | 554.5098562240601 |   0.175   |    0.011     |    0.314     |     0.404     |
|    1     | 400.5263977050781 |   0.171   |    0.011     |    0.305     |     0.396     |
|    2     | 561.2228052616119 |   0.167   |    0.011     |    0.298     |     0.387     |
|    3     | 688.5938296318054 |   0.164   |    0.011     |    0.291     |     0.379     |
|    4     | 89.85268497467041 |   0.162   |    0.011     |    0.288     |     0.374     |
+----------+-------------------+-----------+--------------+--------------+---------------+
2025-01-08 19:14:32,072 INFO    : Sum_Training_Time:2294.705573797226
2025-01-08 19:14:32,072 INFO    : Every_Training_Time:[554.5098562240601, 400.5263977050781, 561.2228052616119, 688.5938296318054, 89.85268497467041]
2025-01-08 19:14:32,072 INFO    : Forward transfer: 0.060475 Backward transfer: 0.0
