2024-09-09 16:49:44,169 INFO    : Namespace(batch_size=1024, data_path='./data/ENTITY/', dataset='ENTITY', debug=False, device=device(type='cuda', index=0), emb_dim=200, ent_r='150', epoch_num=200, explore=False, gpu='0', l2=0.0, learning_rate='1e-1', log_path='./logs/20240909164933/ENTITY', logger=<RootLogger root (INFO)>, margin=8.0, model_name='LoraKGE_Layers', multi_layers_path='train_sorted_by_edges_betweenness.txt', neg_ratio=10, note='', num_ent_layers='2', num_layer=1, num_rel_layers='1', patience=3, predict_result=False, r=100, r_fixed=True, random_seed=3407, record=False, rel_r='20', save_path='./checkpoint/ENTITY', skip_previous='False', snapshot_num=5, train_new=True, using_multi_layers=False, using_various_ranks='True', using_various_ranks_reverse=False, valid_metrics='mrr')
2024-09-09 16:49:50,668 INFO    : Snapshot:0	0	3	Epoch:0	Loss:31.76	MRR:16.42	Hits@10:37.45	Best:16.42
2024-09-09 16:49:54,723 INFO    : Snapshot:0	0	3	Epoch:1	Loss:14.914	MRR:28.9	Hits@10:51.36	Best:28.9
2024-09-09 16:49:58,361 INFO    : Snapshot:0	0	3	Epoch:2	Loss:5.763	MRR:32.04	Hits@10:54.63	Best:32.04
2024-09-09 16:50:01,983 INFO    : Snapshot:0	0	3	Epoch:3	Loss:2.642	MRR:32.75	Hits@10:55.27	Best:32.75
2024-09-09 16:50:05,718 INFO    : Snapshot:0	1	3	Epoch:4	Loss:1.635	MRR:32.52	Hits@10:55.1	Best:32.75
2024-09-09 16:50:09,621 INFO    : Snapshot:0	0	3	Epoch:5	Loss:1.198	MRR:32.86	Hits@10:55.32	Best:32.86
2024-09-09 16:50:13,180 INFO    : Snapshot:0	1	3	Epoch:6	Loss:0.967	MRR:32.65	Hits@10:54.76	Best:32.86
2024-09-09 16:50:16,771 INFO    : Snapshot:0	2	3	Epoch:7	Loss:0.844	MRR:32.28	Hits@10:54.43	Best:32.86
2024-09-09 16:50:20,453 INFO    : Early Stopping! Snapshot:0 Epoch: 8 Best Results: 32.86
2024-09-09 16:50:20,570 INFO    : => loading checkpoint './checkpoint/ENTITY\0model_best.tar'
2024-09-09 16:50:22,203 INFO    : 
+------------+--------+--------+--------+--------+---------+
| Snapshot:0 |  MRR   | Hits@1 | Hits@3 | Hits@5 | Hits@10 |
+------------+--------+--------+--------+--------+---------+
|     0      | 0.3297 | 0.2143 | 0.3758 | 0.4509 |  0.5544 |
+------------+--------+--------+--------+--------+---------+
2024-09-09 16:50:36,216 INFO    : Snapshot:1	0	3	Epoch:0	Loss:11.727	MRR:16.11	Hits@10:28.53	Best:16.11
2024-09-09 16:50:43,279 INFO    : Snapshot:1	0	3	Epoch:1	Loss:4.243	MRR:17.7	Hits@10:31.89	Best:17.7
2024-09-09 16:50:50,369 INFO    : Snapshot:1	0	3	Epoch:2	Loss:3.508	MRR:18.69	Hits@10:33.43	Best:18.69
2024-09-09 16:50:57,855 INFO    : Snapshot:1	0	3	Epoch:3	Loss:3.118	MRR:19.08	Hits@10:34.43	Best:19.08
2024-09-09 16:51:05,016 INFO    : Snapshot:1	0	3	Epoch:4	Loss:2.841	MRR:19.77	Hits@10:35.08	Best:19.77
2024-09-09 16:51:12,046 INFO    : Snapshot:1	0	3	Epoch:5	Loss:2.626	MRR:20.31	Hits@10:36.12	Best:20.31
2024-09-09 16:51:19,043 INFO    : Snapshot:1	0	3	Epoch:6	Loss:2.534	MRR:20.74	Hits@10:36.65	Best:20.74
2024-09-09 16:51:26,501 INFO    : Snapshot:1	0	3	Epoch:7	Loss:2.376	MRR:21.05	Hits@10:37.33	Best:21.05
2024-09-09 16:51:33,623 INFO    : Snapshot:1	0	3	Epoch:8	Loss:2.297	MRR:21.2	Hits@10:37.88	Best:21.2
2024-09-09 16:51:40,629 INFO    : Snapshot:1	0	3	Epoch:9	Loss:2.248	MRR:21.3	Hits@10:37.59	Best:21.3
2024-09-09 16:51:47,989 INFO    : Snapshot:1	0	3	Epoch:10	Loss:2.183	MRR:21.58	Hits@10:38.24	Best:21.58
2024-09-09 16:51:55,288 INFO    : Snapshot:1	0	3	Epoch:11	Loss:2.097	MRR:21.73	Hits@10:38.55	Best:21.73
2024-09-09 16:52:02,865 INFO    : Snapshot:1	0	3	Epoch:12	Loss:2.038	MRR:21.85	Hits@10:38.83	Best:21.85
2024-09-09 16:52:09,872 INFO    : Snapshot:1	1	3	Epoch:13	Loss:2.044	MRR:21.72	Hits@10:38.91	Best:21.85
2024-09-09 16:52:16,599 INFO    : Snapshot:1	0	3	Epoch:14	Loss:1.993	MRR:21.97	Hits@10:39.1	Best:21.97
2024-09-09 16:52:23,511 INFO    : Snapshot:1	0	3	Epoch:15	Loss:1.977	MRR:22.35	Hits@10:39.59	Best:22.35
2024-09-09 16:52:30,449 INFO    : Snapshot:1	1	3	Epoch:16	Loss:1.946	MRR:22.16	Hits@10:39.5	Best:22.35
2024-09-09 16:52:37,423 INFO    : Snapshot:1	2	3	Epoch:17	Loss:1.93	MRR:22.13	Hits@10:39.46	Best:22.35
2024-09-09 16:52:44,275 INFO    : Early Stopping! Snapshot:1 Epoch: 18 Best Results: 22.35
2024-09-09 16:52:44,400 INFO    : => loading checkpoint './checkpoint/ENTITY\1model_best.tar'
2024-09-09 16:52:49,409 INFO    : 
+------------+--------+--------+--------+--------+---------+
| Snapshot:1 |  MRR   | Hits@1 | Hits@3 | Hits@5 | Hits@10 |
+------------+--------+--------+--------+--------+---------+
|     0      | 0.3297 | 0.2143 | 0.3758 | 0.4509 |  0.5544 |
|     1      | 0.2229 | 0.1362 | 0.2455 | 0.3035 |  0.3921 |
+------------+--------+--------+--------+--------+---------+
2024-09-09 16:53:04,966 INFO    : Snapshot:2	0	3	Epoch:0	Loss:11.271	MRR:14.63	Hits@10:26.22	Best:14.63
2024-09-09 16:53:13,113 INFO    : Snapshot:2	0	3	Epoch:1	Loss:4.146	MRR:16.76	Hits@10:29.61	Best:16.76
2024-09-09 16:53:23,062 INFO    : Snapshot:2	0	3	Epoch:2	Loss:3.464	MRR:17.31	Hits@10:31.16	Best:17.31
2024-09-09 16:53:32,882 INFO    : Snapshot:2	0	3	Epoch:3	Loss:3.126	MRR:17.81	Hits@10:32.14	Best:17.81
2024-09-09 16:53:41,375 INFO    : Snapshot:2	0	3	Epoch:4	Loss:2.879	MRR:18.3	Hits@10:32.7	Best:18.3
2024-09-09 16:53:49,915 INFO    : Snapshot:2	0	3	Epoch:5	Loss:2.736	MRR:18.55	Hits@10:33.25	Best:18.55
2024-09-09 16:53:58,321 INFO    : Snapshot:2	0	3	Epoch:6	Loss:2.567	MRR:18.77	Hits@10:33.48	Best:18.77
2024-09-09 16:54:06,482 INFO    : Snapshot:2	1	3	Epoch:7	Loss:2.472	MRR:18.77	Hits@10:33.81	Best:18.77
2024-09-09 16:54:14,546 INFO    : Snapshot:2	0	3	Epoch:8	Loss:2.408	MRR:19.21	Hits@10:34.18	Best:19.21
2024-09-09 16:54:22,526 INFO    : Snapshot:2	1	3	Epoch:9	Loss:2.327	MRR:19.2	Hits@10:34.29	Best:19.21
2024-09-09 16:54:30,736 INFO    : Snapshot:2	2	3	Epoch:10	Loss:2.282	MRR:19.19	Hits@10:34.21	Best:19.21
2024-09-09 16:54:38,950 INFO    : Snapshot:2	0	3	Epoch:11	Loss:2.239	MRR:19.48	Hits@10:34.74	Best:19.48
2024-09-09 16:54:47,142 INFO    : Snapshot:2	0	3	Epoch:12	Loss:2.194	MRR:19.56	Hits@10:34.89	Best:19.56
2024-09-09 16:54:55,352 INFO    : Snapshot:2	0	3	Epoch:13	Loss:2.167	MRR:19.66	Hits@10:34.78	Best:19.66
2024-09-09 16:55:03,201 INFO    : Snapshot:2	0	3	Epoch:14	Loss:2.133	MRR:19.67	Hits@10:35.04	Best:19.67
2024-09-09 16:55:11,234 INFO    : Snapshot:2	1	3	Epoch:15	Loss:2.101	MRR:19.62	Hits@10:35.2	Best:19.67
2024-09-09 16:55:19,670 INFO    : Snapshot:2	0	3	Epoch:16	Loss:2.077	MRR:19.73	Hits@10:34.98	Best:19.73
2024-09-09 16:55:27,741 INFO    : Snapshot:2	0	3	Epoch:17	Loss:2.065	MRR:19.94	Hits@10:35.4	Best:19.94
2024-09-09 16:55:35,868 INFO    : Snapshot:2	1	3	Epoch:18	Loss:2.033	MRR:19.82	Hits@10:35.15	Best:19.94
2024-09-09 16:55:44,096 INFO    : Snapshot:2	2	3	Epoch:19	Loss:2.015	MRR:19.84	Hits@10:35.08	Best:19.94
2024-09-09 16:55:52,405 INFO    : Early Stopping! Snapshot:2 Epoch: 20 Best Results: 19.94
2024-09-09 16:55:52,526 INFO    : => loading checkpoint './checkpoint/ENTITY\2model_best.tar'
2024-09-09 16:56:02,272 INFO    : 
+------------+--------+--------+--------+--------+---------+
| Snapshot:2 |  MRR   | Hits@1 | Hits@3 | Hits@5 | Hits@10 |
+------------+--------+--------+--------+--------+---------+
|     0      | 0.3297 | 0.2143 | 0.3758 | 0.4509 |  0.5544 |
|     1      | 0.2229 | 0.1362 | 0.2455 | 0.3035 |  0.3921 |
|     2      | 0.1998 | 0.1199 | 0.2224 | 0.2742 |  0.351  |
+------------+--------+--------+--------+--------+---------+
2024-09-09 16:56:20,014 INFO    : Snapshot:3	0	3	Epoch:0	Loss:10.204	MRR:13.82	Hits@10:23.9	Best:13.82
2024-09-09 16:56:29,033 INFO    : Snapshot:3	0	3	Epoch:1	Loss:3.507	MRR:15.79	Hits@10:28.17	Best:15.79
2024-09-09 16:56:38,143 INFO    : Snapshot:3	0	3	Epoch:2	Loss:2.898	MRR:16.64	Hits@10:29.67	Best:16.64
2024-09-09 16:56:47,418 INFO    : Snapshot:3	0	3	Epoch:3	Loss:2.593	MRR:17.52	Hits@10:31.0	Best:17.52
2024-09-09 16:56:56,327 INFO    : Snapshot:3	0	3	Epoch:4	Loss:2.385	MRR:17.82	Hits@10:31.56	Best:17.82
2024-09-09 16:57:05,341 INFO    : Snapshot:3	0	3	Epoch:5	Loss:2.262	MRR:17.88	Hits@10:31.94	Best:17.88
2024-09-09 16:57:14,471 INFO    : Snapshot:3	0	3	Epoch:6	Loss:2.141	MRR:18.31	Hits@10:32.55	Best:18.31
2024-09-09 16:57:23,598 INFO    : Snapshot:3	0	3	Epoch:7	Loss:2.095	MRR:18.32	Hits@10:32.71	Best:18.32
2024-09-09 16:57:32,599 INFO    : Snapshot:3	0	3	Epoch:8	Loss:2.017	MRR:18.49	Hits@10:32.85	Best:18.49
2024-09-09 16:57:41,522 INFO    : Snapshot:3	0	3	Epoch:9	Loss:1.933	MRR:18.51	Hits@10:33.08	Best:18.51
2024-09-09 16:57:51,089 INFO    : Snapshot:3	0	3	Epoch:10	Loss:1.919	MRR:18.62	Hits@10:33.24	Best:18.62
2024-09-09 16:58:00,508 INFO    : Snapshot:3	0	3	Epoch:11	Loss:1.883	MRR:18.74	Hits@10:33.35	Best:18.74
2024-09-09 16:58:09,788 INFO    : Snapshot:3	1	3	Epoch:12	Loss:1.837	MRR:18.73	Hits@10:33.09	Best:18.74
2024-09-09 16:58:18,717 INFO    : Snapshot:3	0	3	Epoch:13	Loss:1.816	MRR:18.85	Hits@10:33.67	Best:18.85
2024-09-09 16:58:27,555 INFO    : Snapshot:3	0	3	Epoch:14	Loss:1.782	MRR:19.01	Hits@10:33.41	Best:19.01
2024-09-09 16:58:36,548 INFO    : Snapshot:3	1	3	Epoch:15	Loss:1.778	MRR:18.86	Hits@10:33.42	Best:19.01
2024-09-09 16:58:45,435 INFO    : Snapshot:3	2	3	Epoch:16	Loss:1.765	MRR:18.9	Hits@10:33.64	Best:19.01
2024-09-09 16:58:54,282 INFO    : Early Stopping! Snapshot:3 Epoch: 17 Best Results: 19.01
2024-09-09 16:58:54,396 INFO    : => loading checkpoint './checkpoint/ENTITY\3model_best.tar'
2024-09-09 16:59:09,510 INFO    : 
+------------+--------+--------+--------+--------+---------+
| Snapshot:3 |  MRR   | Hits@1 | Hits@3 | Hits@5 | Hits@10 |
+------------+--------+--------+--------+--------+---------+
|     0      | 0.3297 | 0.2143 | 0.3758 | 0.4509 |  0.5544 |
|     1      | 0.2229 | 0.1362 | 0.2455 | 0.3035 |  0.3921 |
|     2      | 0.1998 | 0.1199 | 0.2224 | 0.2742 |  0.351  |
|     3      | 0.1877 | 0.111  | 0.2109 | 0.2603 |  0.3327 |
+------------+--------+--------+--------+--------+---------+
2024-09-09 16:59:24,628 INFO    : Snapshot:4	0	3	Epoch:0	Loss:7.51	MRR:17.73	Hits@10:28.68	Best:17.73
2024-09-09 16:59:31,826 INFO    : Snapshot:4	0	3	Epoch:1	Loss:1.863	MRR:19.96	Hits@10:32.98	Best:19.96
2024-09-09 16:59:39,190 INFO    : Snapshot:4	0	3	Epoch:2	Loss:1.434	MRR:21.1	Hits@10:35.69	Best:21.1
2024-09-09 16:59:46,733 INFO    : Snapshot:4	0	3	Epoch:3	Loss:1.227	MRR:21.87	Hits@10:37.5	Best:21.87
2024-09-09 16:59:54,138 INFO    : Snapshot:4	0	3	Epoch:4	Loss:1.102	MRR:22.25	Hits@10:38.15	Best:22.25
2024-09-09 17:00:01,450 INFO    : Snapshot:4	0	3	Epoch:5	Loss:1.038	MRR:22.66	Hits@10:39.19	Best:22.66
2024-09-09 17:00:08,659 INFO    : Snapshot:4	1	3	Epoch:6	Loss:0.981	MRR:22.61	Hits@10:39.36	Best:22.66
2024-09-09 17:00:16,001 INFO    : Snapshot:4	0	3	Epoch:7	Loss:0.942	MRR:22.79	Hits@10:39.84	Best:22.79
2024-09-09 17:00:23,451 INFO    : Snapshot:4	0	3	Epoch:8	Loss:0.903	MRR:23.16	Hits@10:39.99	Best:23.16
2024-09-09 17:00:30,970 INFO    : Snapshot:4	1	3	Epoch:9	Loss:0.855	MRR:23.03	Hits@10:40.03	Best:23.16
2024-09-09 17:00:38,406 INFO    : Snapshot:4	2	3	Epoch:10	Loss:0.831	MRR:23.08	Hits@10:40.2	Best:23.16
2024-09-09 17:00:45,815 INFO    : Early Stopping! Snapshot:4 Epoch: 11 Best Results: 23.16
2024-09-09 17:00:45,926 INFO    : => loading checkpoint './checkpoint/ENTITY\4model_best.tar'
2024-09-09 17:01:06,409 INFO    : 
+------------+--------+--------+--------+--------+---------+
| Snapshot:4 |  MRR   | Hits@1 | Hits@3 | Hits@5 | Hits@10 |
+------------+--------+--------+--------+--------+---------+
|     0      | 0.3297 | 0.2143 | 0.3758 | 0.4509 |  0.5544 |
|     1      | 0.2229 | 0.1362 | 0.2455 | 0.3035 |  0.3921 |
|     2      | 0.1998 | 0.1199 | 0.2224 | 0.2742 |  0.351  |
|     3      | 0.1877 | 0.111  | 0.2109 | 0.2603 |  0.3327 |
|     4      | 0.2318 | 0.1401 | 0.2689 | 0.3262 |  0.4042 |
+------------+--------+--------+--------+--------+---------+
2024-09-09 17:01:06,411 INFO    : Final Result:
[+------------+--------+--------+--------+--------+---------+
| Snapshot:0 |  MRR   | Hits@1 | Hits@3 | Hits@5 | Hits@10 |
+------------+--------+--------+--------+--------+---------+
|     0      | 0.3297 | 0.2143 | 0.3758 | 0.4509 |  0.5544 |
+------------+--------+--------+--------+--------+---------+, +------------+--------+--------+--------+--------+---------+
| Snapshot:1 |  MRR   | Hits@1 | Hits@3 | Hits@5 | Hits@10 |
+------------+--------+--------+--------+--------+---------+
|     0      | 0.3297 | 0.2143 | 0.3758 | 0.4509 |  0.5544 |
|     1      | 0.2229 | 0.1362 | 0.2455 | 0.3035 |  0.3921 |
+------------+--------+--------+--------+--------+---------+, +------------+--------+--------+--------+--------+---------+
| Snapshot:2 |  MRR   | Hits@1 | Hits@3 | Hits@5 | Hits@10 |
+------------+--------+--------+--------+--------+---------+
|     0      | 0.3297 | 0.2143 | 0.3758 | 0.4509 |  0.5544 |
|     1      | 0.2229 | 0.1362 | 0.2455 | 0.3035 |  0.3921 |
|     2      | 0.1998 | 0.1199 | 0.2224 | 0.2742 |  0.351  |
+------------+--------+--------+--------+--------+---------+, +------------+--------+--------+--------+--------+---------+
| Snapshot:3 |  MRR   | Hits@1 | Hits@3 | Hits@5 | Hits@10 |
+------------+--------+--------+--------+--------+---------+
|     0      | 0.3297 | 0.2143 | 0.3758 | 0.4509 |  0.5544 |
|     1      | 0.2229 | 0.1362 | 0.2455 | 0.3035 |  0.3921 |
|     2      | 0.1998 | 0.1199 | 0.2224 | 0.2742 |  0.351  |
|     3      | 0.1877 | 0.111  | 0.2109 | 0.2603 |  0.3327 |
+------------+--------+--------+--------+--------+---------+, +------------+--------+--------+--------+--------+---------+
| Snapshot:4 |  MRR   | Hits@1 | Hits@3 | Hits@5 | Hits@10 |
+------------+--------+--------+--------+--------+---------+
|     0      | 0.3297 | 0.2143 | 0.3758 | 0.4509 |  0.5544 |
|     1      | 0.2229 | 0.1362 | 0.2455 | 0.3035 |  0.3921 |
|     2      | 0.1998 | 0.1199 | 0.2224 | 0.2742 |  0.351  |
|     3      | 0.1877 | 0.111  | 0.2109 | 0.2603 |  0.3327 |
|     4      | 0.2318 | 0.1401 | 0.2689 | 0.3262 |  0.4042 |
+------------+--------+--------+--------+--------+---------+]
2024-09-09 17:01:06,411 INFO    : Report Result:
+----------+--------------------+-----------+--------------+--------------+---------------+
| Snapshot |        Time        | Whole_MRR | Whole_Hits@1 | Whole_Hits@3 | Whole_Hits@10 |
+----------+--------------------+-----------+--------------+--------------+---------------+
|    0     | 36.28285479545593  |    0.33   |    0.214     |    0.376     |     0.554     |
|    1     | 138.19406962394714 |   0.265   |    0.167     |    0.297     |     0.456     |
|    2     | 178.55169439315796 |    0.24   |    0.149     |    0.268     |     0.415     |
|    3     | 166.3238308429718  |   0.226   |    0.139     |    0.253     |     0.393     |
|    4     | 91.04089260101318  |   0.227   |    0.139     |    0.255     |     0.395     |
+----------+--------------------+-----------+--------------+--------------+---------------+
2024-09-09 17:01:06,412 INFO    : Sum_Training_Time:610.393342256546
2024-09-09 17:01:06,412 INFO    : Every_Training_Time:[36.28285479545593, 138.19406962394714, 178.55169439315796, 166.3238308429718, 91.04089260101318]
2024-09-09 17:01:06,412 INFO    : Forward transfer: 0.0377 Backward transfer: 0.0
