2024-09-19 12:10:20,224 INFO    : Namespace(batch_size='512', data_path='./data/HYBRID/', dataset='HYBRID', debug=False, device=device(type='cuda', index=0), emb_dim=200, ent_r='150', epoch_num=200, explore=False, gpu='0', l2=0.0, learning_rate='1e-1', log_path='./logs/20240919121012/HYBRID', logger=<RootLogger root (INFO)>, margin=8.0, model_name='LoraKGE_Layers', multi_layers_path='train_sorted_by_edges_betweenness.txt', neg_ratio=10, note='', num_ent_layers='20', num_layer=1, num_rel_layers='1', patience=3, predict_result=False, r=100, r_fixed=True, random_seed=3407, record=False, rel_r='20', save_path='./checkpoint/HYBRID', skip_previous='False', snapshot_num=5, train_new=True, using_multi_layers=False, using_various_ranks='True', using_various_ranks_reverse=False, valid_metrics='mrr')
2024-09-19 12:10:28,211 INFO    : Snapshot:0	0	3	Epoch:0	Loss:69.018	MRR:18.39	Hits@10:34.45	Best:18.39
2024-09-19 12:10:33,730 INFO    : Snapshot:0	0	3	Epoch:1	Loss:27.145	MRR:24.32	Hits@10:43.13	Best:24.32
2024-09-19 12:10:39,193 INFO    : Snapshot:0	0	3	Epoch:2	Loss:11.253	MRR:25.12	Hits@10:44.52	Best:25.12
2024-09-19 12:10:44,636 INFO    : Snapshot:0	1	3	Epoch:3	Loss:6.009	MRR:24.97	Hits@10:44.49	Best:25.12
2024-09-19 12:10:50,098 INFO    : Snapshot:0	2	3	Epoch:4	Loss:3.952	MRR:24.95	Hits@10:44.55	Best:25.12
2024-09-19 12:10:55,610 INFO    : Early Stopping! Snapshot:0 Epoch: 5 Best Results: 25.12
2024-09-19 12:10:55,697 INFO    : => loading checkpoint './checkpoint/HYBRID\0model_best.tar'
2024-09-19 12:10:58,961 INFO    : 
+------------+-------+--------+--------+--------+---------+
| Snapshot:0 |  MRR  | Hits@1 | Hits@3 | Hits@5 | Hits@10 |
+------------+-------+--------+--------+--------+---------+
|     0      | 0.254 | 0.1533 | 0.306  | 0.3663 |  0.4388 |
+------------+-------+--------+--------+--------+---------+
2024-09-19 12:11:06,326 INFO    : Snapshot:1	0	3	Epoch:0	Loss:14.275	MRR:22.43	Hits@10:41.26	Best:22.43
2024-09-19 12:11:09,392 INFO    : Snapshot:1	0	3	Epoch:1	Loss:6.943	MRR:25.29	Hits@10:44.44	Best:25.29
2024-09-19 12:11:12,356 INFO    : Snapshot:1	0	3	Epoch:2	Loss:5.926	MRR:26.09	Hits@10:45.83	Best:26.09
2024-09-19 12:11:15,607 INFO    : Snapshot:1	0	3	Epoch:3	Loss:5.482	MRR:26.67	Hits@10:46.35	Best:26.67
2024-09-19 12:11:18,587 INFO    : Snapshot:1	1	3	Epoch:4	Loss:5.277	MRR:26.63	Hits@10:46.42	Best:26.67
2024-09-19 12:11:21,499 INFO    : Snapshot:1	0	3	Epoch:5	Loss:5.125	MRR:26.97	Hits@10:46.98	Best:26.97
2024-09-19 12:11:24,518 INFO    : Snapshot:1	0	3	Epoch:6	Loss:5.013	MRR:27.24	Hits@10:46.84	Best:27.24
2024-09-19 12:11:27,516 INFO    : Snapshot:1	1	3	Epoch:7	Loss:4.937	MRR:27.16	Hits@10:47.07	Best:27.24
2024-09-19 12:11:30,353 INFO    : Snapshot:1	2	3	Epoch:8	Loss:4.897	MRR:26.68	Hits@10:47.16	Best:27.24
2024-09-19 12:11:33,225 INFO    : Snapshot:1	0	3	Epoch:9	Loss:4.849	MRR:27.25	Hits@10:46.92	Best:27.25
2024-09-19 12:11:36,025 INFO    : Snapshot:1	1	3	Epoch:10	Loss:4.783	MRR:26.99	Hits@10:46.85	Best:27.25
2024-09-19 12:11:38,905 INFO    : Snapshot:1	0	3	Epoch:11	Loss:4.746	MRR:27.61	Hits@10:47.1	Best:27.61
2024-09-19 12:11:41,776 INFO    : Snapshot:1	0	3	Epoch:12	Loss:4.695	MRR:27.71	Hits@10:47.26	Best:27.71
2024-09-19 12:11:44,683 INFO    : Snapshot:1	1	3	Epoch:13	Loss:4.72	MRR:27.39	Hits@10:47.33	Best:27.71
2024-09-19 12:11:47,489 INFO    : Snapshot:1	0	3	Epoch:14	Loss:4.667	MRR:27.77	Hits@10:47.29	Best:27.77
2024-09-19 12:11:50,313 INFO    : Snapshot:1	0	3	Epoch:15	Loss:4.674	MRR:28.01	Hits@10:47.63	Best:28.01
2024-09-19 12:11:53,218 INFO    : Snapshot:1	1	3	Epoch:16	Loss:4.647	MRR:27.7	Hits@10:47.35	Best:28.01
2024-09-19 12:11:56,097 INFO    : Snapshot:1	2	3	Epoch:17	Loss:4.603	MRR:27.74	Hits@10:47.38	Best:28.01
2024-09-19 12:11:59,073 INFO    : Early Stopping! Snapshot:1 Epoch: 18 Best Results: 28.01
2024-09-19 12:11:59,165 INFO    : => loading checkpoint './checkpoint/HYBRID\1model_best.tar'
2024-09-19 12:12:04,315 INFO    : 
+------------+--------+--------+--------+--------+---------+
| Snapshot:1 |  MRR   | Hits@1 | Hits@3 | Hits@5 | Hits@10 |
+------------+--------+--------+--------+--------+---------+
|     0      | 0.254  | 0.1533 | 0.306  | 0.3663 |  0.4388 |
|     1      | 0.2733 | 0.1752 | 0.3163 | 0.3787 |  0.463  |
+------------+--------+--------+--------+--------+---------+
2024-09-19 12:12:29,576 INFO    : Snapshot:2	0	3	Epoch:0	Loss:48.104	MRR:15.77	Hits@10:29.22	Best:15.77
2024-09-19 12:12:45,272 INFO    : Snapshot:2	0	3	Epoch:1	Loss:32.946	MRR:16.86	Hits@10:30.89	Best:16.86
2024-09-19 12:13:00,897 INFO    : Snapshot:2	0	3	Epoch:2	Loss:30.72	MRR:17.05	Hits@10:31.22	Best:17.05
2024-09-19 12:13:15,991 INFO    : Snapshot:2	0	3	Epoch:3	Loss:29.703	MRR:17.71	Hits@10:32.12	Best:17.71
2024-09-19 12:13:31,460 INFO    : Snapshot:2	0	3	Epoch:4	Loss:28.995	MRR:17.83	Hits@10:32.44	Best:17.83
2024-09-19 12:13:47,194 INFO    : Snapshot:2	0	3	Epoch:5	Loss:28.502	MRR:18.31	Hits@10:32.65	Best:18.31
2024-09-19 12:14:02,418 INFO    : Snapshot:2	0	3	Epoch:6	Loss:28.094	MRR:18.53	Hits@10:33.14	Best:18.53
2024-09-19 12:14:17,447 INFO    : Snapshot:2	1	3	Epoch:7	Loss:27.794	MRR:18.13	Hits@10:32.88	Best:18.53
2024-09-19 12:14:32,516 INFO    : Snapshot:2	2	3	Epoch:8	Loss:27.517	MRR:18.35	Hits@10:32.98	Best:18.53
2024-09-19 12:14:47,648 INFO    : Snapshot:2	0	3	Epoch:9	Loss:27.427	MRR:18.63	Hits@10:33.2	Best:18.63
2024-09-19 12:15:03,061 INFO    : Snapshot:2	0	3	Epoch:10	Loss:27.364	MRR:18.72	Hits@10:33.46	Best:18.72
2024-09-19 12:15:18,362 INFO    : Snapshot:2	0	3	Epoch:11	Loss:27.165	MRR:18.92	Hits@10:33.61	Best:18.92
2024-09-19 12:15:33,947 INFO    : Snapshot:2	1	3	Epoch:12	Loss:26.968	MRR:18.58	Hits@10:33.41	Best:18.92
2024-09-19 12:15:49,328 INFO    : Snapshot:2	0	3	Epoch:13	Loss:26.961	MRR:19.02	Hits@10:33.64	Best:19.02
2024-09-19 12:16:04,826 INFO    : Snapshot:2	1	3	Epoch:14	Loss:26.814	MRR:18.75	Hits@10:33.62	Best:19.02
2024-09-19 12:16:20,570 INFO    : Snapshot:2	2	3	Epoch:15	Loss:26.742	MRR:18.95	Hits@10:33.72	Best:19.02
2024-09-19 12:16:36,219 INFO    : Early Stopping! Snapshot:2 Epoch: 16 Best Results: 19.02
2024-09-19 12:16:36,326 INFO    : => loading checkpoint './checkpoint/HYBRID\2model_best.tar'
2024-09-19 12:16:49,384 INFO    : 
+------------+--------+--------+--------+--------+---------+
| Snapshot:2 |  MRR   | Hits@1 | Hits@3 | Hits@5 | Hits@10 |
+------------+--------+--------+--------+--------+---------+
|     0      | 0.254  | 0.1533 | 0.306  | 0.3663 |  0.4388 |
|     1      | 0.2733 | 0.1752 | 0.3163 | 0.3787 |  0.463  |
|     2      | 0.1894 | 0.1146 | 0.2155 | 0.2653 |  0.3343 |
+------------+--------+--------+--------+--------+---------+
2024-09-19 12:17:22,768 INFO    : Snapshot:3	0	3	Epoch:0	Loss:54.461	MRR:15.27	Hits@10:29.1	Best:15.27
2024-09-19 12:17:41,878 INFO    : Snapshot:3	0	3	Epoch:1	Loss:41.914	MRR:16.18	Hits@10:30.44	Best:16.18
2024-09-19 12:18:01,446 INFO    : Snapshot:3	0	3	Epoch:2	Loss:40.436	MRR:16.46	Hits@10:30.96	Best:16.46
2024-09-19 12:18:20,741 INFO    : Snapshot:3	0	3	Epoch:3	Loss:39.654	MRR:16.67	Hits@10:31.34	Best:16.67
2024-09-19 12:18:41,259 INFO    : Snapshot:3	0	3	Epoch:4	Loss:39.211	MRR:17.08	Hits@10:31.67	Best:17.08
2024-09-19 12:19:01,065 INFO    : Snapshot:3	1	3	Epoch:5	Loss:38.798	MRR:16.97	Hits@10:31.8	Best:17.08
2024-09-19 12:19:20,721 INFO    : Snapshot:3	0	3	Epoch:6	Loss:38.679	MRR:17.19	Hits@10:32.04	Best:17.19
2024-09-19 12:19:41,166 INFO    : Snapshot:3	1	3	Epoch:7	Loss:38.46	MRR:17.15	Hits@10:32.2	Best:17.19
2024-09-19 12:20:00,690 INFO    : Snapshot:3	0	3	Epoch:8	Loss:38.347	MRR:17.22	Hits@10:32.13	Best:17.22
2024-09-19 12:20:20,088 INFO    : Snapshot:3	0	3	Epoch:9	Loss:38.166	MRR:17.4	Hits@10:32.25	Best:17.4
2024-09-19 12:20:39,832 INFO    : Snapshot:3	1	3	Epoch:10	Loss:37.964	MRR:17.28	Hits@10:32.06	Best:17.4
2024-09-19 12:20:58,837 INFO    : Snapshot:3	2	3	Epoch:11	Loss:37.882	MRR:17.26	Hits@10:32.2	Best:17.4
2024-09-19 12:21:18,076 INFO    : Snapshot:3	0	3	Epoch:12	Loss:37.805	MRR:17.41	Hits@10:32.21	Best:17.41
2024-09-19 12:21:37,470 INFO    : Snapshot:3	0	3	Epoch:13	Loss:37.705	MRR:17.48	Hits@10:32.49	Best:17.48
2024-09-19 12:21:56,829 INFO    : Snapshot:3	1	3	Epoch:14	Loss:37.699	MRR:17.35	Hits@10:32.25	Best:17.48
2024-09-19 12:22:16,464 INFO    : Snapshot:3	2	3	Epoch:15	Loss:37.668	MRR:17.47	Hits@10:32.31	Best:17.48
2024-09-19 12:22:36,463 INFO    : Snapshot:3	0	3	Epoch:16	Loss:37.584	MRR:17.56	Hits@10:32.44	Best:17.56
2024-09-19 12:22:56,624 INFO    : Snapshot:3	1	3	Epoch:17	Loss:37.56	MRR:17.41	Hits@10:32.43	Best:17.56
2024-09-19 12:23:16,451 INFO    : Snapshot:3	2	3	Epoch:18	Loss:37.488	MRR:17.43	Hits@10:32.28	Best:17.56
2024-09-19 12:23:36,416 INFO    : Snapshot:3	0	3	Epoch:19	Loss:37.354	MRR:17.63	Hits@10:32.49	Best:17.63
2024-09-19 12:23:55,687 INFO    : Snapshot:3	1	3	Epoch:20	Loss:37.348	MRR:17.59	Hits@10:32.57	Best:17.63
2024-09-19 12:24:15,663 INFO    : Snapshot:3	2	3	Epoch:21	Loss:37.341	MRR:17.51	Hits@10:32.36	Best:17.63
2024-09-19 12:24:35,984 INFO    : Early Stopping! Snapshot:3 Epoch: 22 Best Results: 17.63
2024-09-19 12:24:36,089 INFO    : => loading checkpoint './checkpoint/HYBRID\3model_best.tar'
2024-09-19 12:24:59,703 INFO    : 
+------------+--------+--------+--------+--------+---------+
| Snapshot:3 |  MRR   | Hits@1 | Hits@3 | Hits@5 | Hits@10 |
+------------+--------+--------+--------+--------+---------+
|     0      | 0.254  | 0.1533 | 0.306  | 0.3663 |  0.4388 |
|     1      | 0.2733 | 0.1752 | 0.3163 | 0.3787 |  0.463  |
|     2      | 0.1894 | 0.1146 | 0.2155 | 0.2653 |  0.3343 |
|     3      | 0.1745 | 0.0936 | 0.2095 | 0.2631 |  0.3269 |
+------------+--------+--------+--------+--------+---------+
2024-09-19 12:25:14,369 INFO    : Snapshot:4	0	3	Epoch:0	Loss:28.902	MRR:13.48	Hits@10:23.95	Best:13.48
2024-09-19 12:25:21,613 INFO    : Snapshot:4	0	3	Epoch:1	Loss:25.244	MRR:14.28	Hits@10:24.7	Best:14.28
2024-09-19 12:25:29,065 INFO    : Snapshot:4	1	3	Epoch:2	Loss:24.899	MRR:14.09	Hits@10:24.58	Best:14.28
2024-09-19 12:25:36,594 INFO    : Snapshot:4	0	3	Epoch:3	Loss:24.802	MRR:14.33	Hits@10:24.81	Best:14.33
2024-09-19 12:25:44,104 INFO    : Snapshot:4	0	3	Epoch:4	Loss:24.795	MRR:14.38	Hits@10:24.81	Best:14.38
2024-09-19 12:25:51,561 INFO    : Snapshot:4	0	3	Epoch:5	Loss:24.652	MRR:14.4	Hits@10:24.8	Best:14.4
2024-09-19 12:25:59,476 INFO    : Snapshot:4	0	3	Epoch:6	Loss:24.627	MRR:14.46	Hits@10:24.85	Best:14.46
2024-09-19 12:26:07,159 INFO    : Snapshot:4	1	3	Epoch:7	Loss:24.597	MRR:14.38	Hits@10:24.82	Best:14.46
2024-09-19 12:26:14,891 INFO    : Snapshot:4	2	3	Epoch:8	Loss:24.536	MRR:14.26	Hits@10:24.73	Best:14.46
2024-09-19 12:26:22,393 INFO    : Early Stopping! Snapshot:4 Epoch: 9 Best Results: 14.46
2024-09-19 12:26:22,492 INFO    : => loading checkpoint './checkpoint/HYBRID\4model_best.tar'
2024-09-19 12:26:51,468 INFO    : 
+------------+--------+--------+--------+--------+---------+
| Snapshot:4 |  MRR   | Hits@1 | Hits@3 | Hits@5 | Hits@10 |
+------------+--------+--------+--------+--------+---------+
|     0      | 0.254  | 0.1533 | 0.306  | 0.3663 |  0.4388 |
|     1      | 0.2733 | 0.1752 | 0.3163 | 0.3787 |  0.463  |
|     2      | 0.1894 | 0.1146 | 0.2155 | 0.2653 |  0.3343 |
|     3      | 0.1745 | 0.0936 | 0.2095 | 0.2631 |  0.3269 |
|     4      | 0.1426 | 0.0896 | 0.1581 | 0.1945 |  0.2471 |
+------------+--------+--------+--------+--------+---------+
2024-09-19 12:26:51,469 INFO    : Final Result:
[+------------+-------+--------+--------+--------+---------+
| Snapshot:0 |  MRR  | Hits@1 | Hits@3 | Hits@5 | Hits@10 |
+------------+-------+--------+--------+--------+---------+
|     0      | 0.254 | 0.1533 | 0.306  | 0.3663 |  0.4388 |
+------------+-------+--------+--------+--------+---------+, +------------+--------+--------+--------+--------+---------+
| Snapshot:1 |  MRR   | Hits@1 | Hits@3 | Hits@5 | Hits@10 |
+------------+--------+--------+--------+--------+---------+
|     0      | 0.254  | 0.1533 | 0.306  | 0.3663 |  0.4388 |
|     1      | 0.2733 | 0.1752 | 0.3163 | 0.3787 |  0.463  |
+------------+--------+--------+--------+--------+---------+, +------------+--------+--------+--------+--------+---------+
| Snapshot:2 |  MRR   | Hits@1 | Hits@3 | Hits@5 | Hits@10 |
+------------+--------+--------+--------+--------+---------+
|     0      | 0.254  | 0.1533 | 0.306  | 0.3663 |  0.4388 |
|     1      | 0.2733 | 0.1752 | 0.3163 | 0.3787 |  0.463  |
|     2      | 0.1894 | 0.1146 | 0.2155 | 0.2653 |  0.3343 |
+------------+--------+--------+--------+--------+---------+, +------------+--------+--------+--------+--------+---------+
| Snapshot:3 |  MRR   | Hits@1 | Hits@3 | Hits@5 | Hits@10 |
+------------+--------+--------+--------+--------+---------+
|     0      | 0.254  | 0.1533 | 0.306  | 0.3663 |  0.4388 |
|     1      | 0.2733 | 0.1752 | 0.3163 | 0.3787 |  0.463  |
|     2      | 0.1894 | 0.1146 | 0.2155 | 0.2653 |  0.3343 |
|     3      | 0.1745 | 0.0936 | 0.2095 | 0.2631 |  0.3269 |
+------------+--------+--------+--------+--------+---------+, +------------+--------+--------+--------+--------+---------+
| Snapshot:4 |  MRR   | Hits@1 | Hits@3 | Hits@5 | Hits@10 |
+------------+--------+--------+--------+--------+---------+
|     0      | 0.254  | 0.1533 | 0.306  | 0.3663 |  0.4388 |
|     1      | 0.2733 | 0.1752 | 0.3163 | 0.3787 |  0.463  |
|     2      | 0.1894 | 0.1146 | 0.2155 | 0.2653 |  0.3343 |
|     3      | 0.1745 | 0.0936 | 0.2095 | 0.2631 |  0.3269 |
|     4      | 0.1426 | 0.0896 | 0.1581 | 0.1945 |  0.2471 |
+------------+--------+--------+--------+--------+---------+]
2024-09-19 12:26:51,470 INFO    : Report Result:
+----------+--------------------+-----------+--------------+--------------+---------------+
| Snapshot |        Time        | Whole_MRR | Whole_Hits@1 | Whole_Hits@3 | Whole_Hits@10 |
+----------+--------------------+-----------+--------------+--------------+---------------+
|    0     | 35.384963274002075 |   0.254   |    0.153     |    0.306     |     0.439     |
|    1     | 58.18324327468872  |   0.259   |    0.159     |    0.309     |     0.445     |
|    2     | 264.25502586364746 |   0.222   |    0.136     |    0.259     |     0.387     |
|    3     | 456.08534717559814 |   0.204   |     0.12     |     0.24     |     0.364     |
|    4     | 78.23584270477295  |   0.196   |    0.116     |     0.23     |     0.349     |
+----------+--------------------+-----------+--------------+--------------+---------------+
2024-09-19 12:26:51,470 INFO    : Sum_Training_Time:892.1444222927094
2024-09-19 12:26:51,470 INFO    : Every_Training_Time:[35.384963274002075, 58.18324327468872, 264.25502586364746, 456.08534717559814, 78.23584270477295]
2024-09-19 12:26:51,470 INFO    : Forward transfer: 0.037225 Backward transfer: 0.0
