2024-09-26 15:04:38,866 INFO    : Namespace(batch_size=1024, data_path='./data/FB_CKGE/', dataset='FB_CKGE', debug=False, device=device(type='cuda', index=0), emb_dim=200, ent_r='200', epoch_num=200, explore=False, gpu='0', l2=0.0, learning_rate='1e-1', log_path='./logs/FB_CKGE 200 200 1e-1 1024/FB_CKGE 20240926150428', logger=<RootLogger root (INFO)>, margin=8.0, model_name='LoraKGE_Layers', multi_layers_path='train_sorted_by_edges_betweenness.txt', neg_ratio=10, note='', num_ent_layers='200', num_layer=1, num_rel_layers='1', patience=3, predict_result='True', r=100, r_fixed=True, random_seed=3407, record=False, rel_r='20', save_path='./checkpoint/FB_CKGE', skip_previous='False', snapshot_num=5, train_new=True, using_multi_layers=False, using_various_ranks='True', using_various_ranks_reverse=False, valid_metrics='mrr')
2024-09-26 15:04:59,207 INFO    : Snapshot:0	0	3	Epoch:0	Loss:91.268	MRR:22.64	Hits@10:42.62	Best:22.64
2024-09-26 15:05:16,595 INFO    : Snapshot:0	0	3	Epoch:1	Loss:17.198	MRR:24.74	Hits@10:45.16	Best:24.74
2024-09-26 15:05:33,863 INFO    : Snapshot:0	1	3	Epoch:2	Loss:7.016	MRR:23.93	Hits@10:44.13	Best:24.74
2024-09-26 15:05:51,071 INFO    : Snapshot:0	2	3	Epoch:3	Loss:4.7	MRR:23.72	Hits@10:43.5	Best:24.74
2024-09-26 15:06:08,556 INFO    : Early Stopping! Snapshot:0 Epoch: 4 Best Results: 24.74
2024-09-26 15:06:08,663 INFO    : => loading checkpoint './checkpoint/FB_CKGE\0model_best.tar'
2024-09-26 15:06:29,311 INFO    : 
+------------+-------+--------+--------+--------+---------+
| Snapshot:0 |  MRR  | Hits@1 | Hits@3 | Hits@5 | Hits@10 |
+------------+-------+--------+--------+--------+---------+
|     0      | 0.246 | 0.1419 | 0.2865 |  0.36  |  0.452  |
+------------+-------+--------+--------+--------+---------+
2024-09-26 15:06:50,780 INFO    : Snapshot:1	0	3	Epoch:0	Loss:10.582	MRR:13.06	Hits@10:24.52	Best:13.06
2024-09-26 15:07:02,502 INFO    : Snapshot:1	0	3	Epoch:1	Loss:2.366	MRR:14.95	Hits@10:28.66	Best:14.95
2024-09-26 15:07:14,699 INFO    : Snapshot:1	0	3	Epoch:2	Loss:1.456	MRR:15.89	Hits@10:30.1	Best:15.89
2024-09-26 15:07:26,936 INFO    : Snapshot:1	0	3	Epoch:3	Loss:1.187	MRR:16.23	Hits@10:30.99	Best:16.23
2024-09-26 15:07:39,000 INFO    : Snapshot:1	0	3	Epoch:4	Loss:1.052	MRR:16.53	Hits@10:31.18	Best:16.53
2024-09-26 15:07:51,048 INFO    : Snapshot:1	0	3	Epoch:5	Loss:0.938	MRR:16.73	Hits@10:31.31	Best:16.73
2024-09-26 15:08:03,222 INFO    : Snapshot:1	0	3	Epoch:6	Loss:0.881	MRR:16.78	Hits@10:31.73	Best:16.78
2024-09-26 15:08:14,526 INFO    : Snapshot:1	1	3	Epoch:7	Loss:0.825	MRR:16.76	Hits@10:31.43	Best:16.78
2024-09-26 15:08:25,927 INFO    : Snapshot:1	0	3	Epoch:8	Loss:0.797	MRR:16.85	Hits@10:32.03	Best:16.85
2024-09-26 15:08:37,455 INFO    : Snapshot:1	0	3	Epoch:9	Loss:0.739	MRR:17.09	Hits@10:32.25	Best:17.09
2024-09-26 15:08:49,012 INFO    : Snapshot:1	1	3	Epoch:10	Loss:0.726	MRR:17.07	Hits@10:32.87	Best:17.09
2024-09-26 15:09:00,654 INFO    : Snapshot:1	0	3	Epoch:11	Loss:0.705	MRR:17.18	Hits@10:32.46	Best:17.18
2024-09-26 15:09:12,215 INFO    : Snapshot:1	1	3	Epoch:12	Loss:0.69	MRR:17.08	Hits@10:32.35	Best:17.18
2024-09-26 15:09:24,266 INFO    : Snapshot:1	0	3	Epoch:13	Loss:0.661	MRR:17.26	Hits@10:32.48	Best:17.26
2024-09-26 15:09:36,132 INFO    : Snapshot:1	0	3	Epoch:14	Loss:0.648	MRR:17.36	Hits@10:32.64	Best:17.36
2024-09-26 15:09:47,861 INFO    : Snapshot:1	1	3	Epoch:15	Loss:0.64	MRR:17.28	Hits@10:32.67	Best:17.36
2024-09-26 15:09:59,721 INFO    : Snapshot:1	0	3	Epoch:16	Loss:0.618	MRR:17.42	Hits@10:32.58	Best:17.42
2024-09-26 15:10:11,257 INFO    : Snapshot:1	0	3	Epoch:17	Loss:0.604	MRR:17.51	Hits@10:32.44	Best:17.51
2024-09-26 15:10:22,800 INFO    : Snapshot:1	0	3	Epoch:18	Loss:0.593	MRR:17.59	Hits@10:33.05	Best:17.59
2024-09-26 15:10:34,437 INFO    : Snapshot:1	1	3	Epoch:19	Loss:0.577	MRR:17.39	Hits@10:33.34	Best:17.59
2024-09-26 15:10:46,028 INFO    : Snapshot:1	2	3	Epoch:20	Loss:0.563	MRR:17.32	Hits@10:32.57	Best:17.59
2024-09-26 15:10:57,742 INFO    : Early Stopping! Snapshot:1 Epoch: 21 Best Results: 17.59
2024-09-26 15:10:57,865 INFO    : => loading checkpoint './checkpoint/FB_CKGE\1model_best.tar'
2024-09-26 15:11:36,805 INFO    : 
+------------+--------+--------+--------+--------+---------+
| Snapshot:1 |  MRR   | Hits@1 | Hits@3 | Hits@5 | Hits@10 |
+------------+--------+--------+--------+--------+---------+
|     0      | 0.246  | 0.1419 | 0.2865 |  0.36  |  0.452  |
|     1      | 0.1856 | 0.1111 | 0.2047 | 0.2587 |  0.3352 |
+------------+--------+--------+--------+--------+---------+
