2024-09-19 15:25:05,404 INFO    : Namespace(batch_size='512', data_path='./data/HYBRID/', dataset='HYBRID', debug=False, device=device(type='cuda', index=0), emb_dim=200, ent_r='200', epoch_num=200, explore=False, gpu='0', l2=0.0, learning_rate='2e-1', log_path='./logs/20240919152457/HYBRID', logger=<RootLogger root (INFO)>, margin=8.0, model_name='LoraKGE_Layers', multi_layers_path='train_sorted_by_edges_betweenness.txt', neg_ratio=10, note='', num_ent_layers='10', num_layer=1, num_rel_layers='1', patience=3, predict_result=False, r=100, r_fixed=True, random_seed=3407, record=False, rel_r='20', save_path='./checkpoint/HYBRID', skip_previous='False', snapshot_num=5, train_new=True, using_multi_layers=False, using_various_ranks='True', using_various_ranks_reverse=False, valid_metrics='mrr')
2024-09-19 15:25:13,500 INFO    : Snapshot:0	0	3	Epoch:0	Loss:75.364	MRR:14.46	Hits@10:28.35	Best:14.46
2024-09-19 15:25:19,078 INFO    : Snapshot:0	0	3	Epoch:1	Loss:37.49	MRR:22.35	Hits@10:39.99	Best:22.35
2024-09-19 15:25:24,608 INFO    : Snapshot:0	0	3	Epoch:2	Loss:17.512	MRR:24.62	Hits@10:43.67	Best:24.62
2024-09-19 15:25:30,202 INFO    : Snapshot:0	0	3	Epoch:3	Loss:9.35	MRR:25.2	Hits@10:44.45	Best:25.2
2024-09-19 15:25:35,773 INFO    : Snapshot:0	1	3	Epoch:4	Loss:5.752	MRR:25.17	Hits@10:44.52	Best:25.2
2024-09-19 15:25:41,348 INFO    : Snapshot:0	2	3	Epoch:5	Loss:4.028	MRR:24.94	Hits@10:44.55	Best:25.2
2024-09-19 15:25:46,903 INFO    : Early Stopping! Snapshot:0 Epoch: 6 Best Results: 25.2
2024-09-19 15:25:46,991 INFO    : => loading checkpoint './checkpoint/HYBRID\0model_best.tar'
2024-09-19 15:25:50,353 INFO    : 
+------------+--------+--------+--------+--------+---------+
| Snapshot:0 |  MRR   | Hits@1 | Hits@3 | Hits@5 | Hits@10 |
+------------+--------+--------+--------+--------+---------+
|     0      | 0.2543 | 0.154  | 0.3053 | 0.365  |  0.4371 |
+------------+--------+--------+--------+--------+---------+
2024-09-19 15:25:57,544 INFO    : Snapshot:1	0	3	Epoch:0	Loss:12.435	MRR:23.13	Hits@10:41.05	Best:23.13
2024-09-19 15:26:00,177 INFO    : Snapshot:1	0	3	Epoch:1	Loss:6.666	MRR:24.68	Hits@10:43.94	Best:24.68
2024-09-19 15:26:02,808 INFO    : Snapshot:1	0	3	Epoch:2	Loss:5.864	MRR:25.58	Hits@10:45.25	Best:25.58
2024-09-19 15:26:05,487 INFO    : Snapshot:1	0	3	Epoch:3	Loss:5.524	MRR:26.32	Hits@10:46.2	Best:26.32
2024-09-19 15:26:08,181 INFO    : Snapshot:1	0	3	Epoch:4	Loss:5.328	MRR:26.54	Hits@10:46.0	Best:26.54
2024-09-19 15:26:10,870 INFO    : Snapshot:1	0	3	Epoch:5	Loss:5.176	MRR:26.57	Hits@10:46.37	Best:26.57
2024-09-19 15:26:13,521 INFO    : Snapshot:1	1	3	Epoch:6	Loss:5.089	MRR:26.34	Hits@10:46.11	Best:26.57
2024-09-19 15:26:16,188 INFO    : Snapshot:1	0	3	Epoch:7	Loss:4.994	MRR:27.25	Hits@10:46.61	Best:27.25
2024-09-19 15:26:18,894 INFO    : Snapshot:1	1	3	Epoch:8	Loss:4.922	MRR:26.99	Hits@10:46.57	Best:27.25
2024-09-19 15:26:21,542 INFO    : Snapshot:1	2	3	Epoch:9	Loss:4.871	MRR:26.93	Hits@10:46.79	Best:27.25
2024-09-19 15:26:24,196 INFO    : Early Stopping! Snapshot:1 Epoch: 10 Best Results: 27.25
2024-09-19 15:26:24,286 INFO    : => loading checkpoint './checkpoint/HYBRID\1model_best.tar'
2024-09-19 15:26:29,409 INFO    : 
+------------+--------+--------+--------+--------+---------+
| Snapshot:1 |  MRR   | Hits@1 | Hits@3 | Hits@5 | Hits@10 |
+------------+--------+--------+--------+--------+---------+
|     0      | 0.2543 | 0.154  | 0.3053 | 0.365  |  0.4371 |
|     1      | 0.2647 | 0.1648 | 0.3083 | 0.3744 |  0.4553 |
+------------+--------+--------+--------+--------+---------+
2024-09-19 15:26:53,850 INFO    : Snapshot:2	0	3	Epoch:0	Loss:45.028	MRR:15.3	Hits@10:28.06	Best:15.3
2024-09-19 15:27:07,924 INFO    : Snapshot:2	0	3	Epoch:1	Loss:32.497	MRR:16.16	Hits@10:29.66	Best:16.16
2024-09-19 15:27:22,159 INFO    : Snapshot:2	0	3	Epoch:2	Loss:30.676	MRR:16.81	Hits@10:30.53	Best:16.81
2024-09-19 15:27:36,256 INFO    : Snapshot:2	0	3	Epoch:3	Loss:29.718	MRR:17.09	Hits@10:30.94	Best:17.09
2024-09-19 15:27:50,705 INFO    : Snapshot:2	0	3	Epoch:4	Loss:28.991	MRR:17.7	Hits@10:31.62	Best:17.7
2024-09-19 15:28:05,171 INFO    : Snapshot:2	0	3	Epoch:5	Loss:28.537	MRR:17.8	Hits@10:32.11	Best:17.8
2024-09-19 15:28:19,459 INFO    : Snapshot:2	0	3	Epoch:6	Loss:28.164	MRR:17.95	Hits@10:32.28	Best:17.95
2024-09-19 15:28:33,450 INFO    : Snapshot:2	1	3	Epoch:7	Loss:27.88	MRR:17.95	Hits@10:32.41	Best:17.95
2024-09-19 15:28:47,462 INFO    : Snapshot:2	0	3	Epoch:8	Loss:27.622	MRR:18.03	Hits@10:32.44	Best:18.03
2024-09-19 15:29:01,755 INFO    : Snapshot:2	0	3	Epoch:9	Loss:27.453	MRR:18.32	Hits@10:32.73	Best:18.32
2024-09-19 15:29:16,133 INFO    : Snapshot:2	0	3	Epoch:10	Loss:27.316	MRR:18.37	Hits@10:32.74	Best:18.37
2024-09-19 15:29:30,258 INFO    : Snapshot:2	0	3	Epoch:11	Loss:27.167	MRR:18.62	Hits@10:32.91	Best:18.62
2024-09-19 15:29:43,795 INFO    : Snapshot:2	1	3	Epoch:12	Loss:27.052	MRR:18.49	Hits@10:32.88	Best:18.62
2024-09-19 15:29:57,928 INFO    : Snapshot:2	0	3	Epoch:13	Loss:27.006	MRR:18.73	Hits@10:33.16	Best:18.73
2024-09-19 15:30:12,313 INFO    : Snapshot:2	1	3	Epoch:14	Loss:26.89	MRR:18.41	Hits@10:33.12	Best:18.73
2024-09-19 15:30:26,735 INFO    : Snapshot:2	2	3	Epoch:15	Loss:26.751	MRR:18.7	Hits@10:33.25	Best:18.73
2024-09-19 15:30:41,151 INFO    : Early Stopping! Snapshot:2 Epoch: 16 Best Results: 18.73
2024-09-19 15:30:41,261 INFO    : => loading checkpoint './checkpoint/HYBRID\2model_best.tar'
2024-09-19 15:30:54,171 INFO    : 
+------------+--------+--------+--------+--------+---------+
| Snapshot:2 |  MRR   | Hits@1 | Hits@3 | Hits@5 | Hits@10 |
+------------+--------+--------+--------+--------+---------+
|     0      | 0.2543 | 0.154  | 0.3053 | 0.365  |  0.4371 |
|     1      | 0.2647 | 0.1648 | 0.3083 | 0.3744 |  0.4553 |
|     2      | 0.1842 | 0.1105 | 0.2083 | 0.2583 |  0.3278 |
+------------+--------+--------+--------+--------+---------+
2024-09-19 15:31:26,017 INFO    : Snapshot:3	0	3	Epoch:0	Loss:51.374	MRR:14.68	Hits@10:27.75	Best:14.68
2024-09-19 15:31:44,002 INFO    : Snapshot:3	0	3	Epoch:1	Loss:41.33	MRR:15.67	Hits@10:29.37	Best:15.67
2024-09-19 15:32:02,018 INFO    : Snapshot:3	0	3	Epoch:2	Loss:40.032	MRR:16.17	Hits@10:30.34	Best:16.17
2024-09-19 15:32:20,032 INFO    : Snapshot:3	0	3	Epoch:3	Loss:39.416	MRR:16.43	Hits@10:30.55	Best:16.43
2024-09-19 15:32:38,004 INFO    : Snapshot:3	0	3	Epoch:4	Loss:38.975	MRR:16.61	Hits@10:31.06	Best:16.61
2024-09-19 15:32:56,138 INFO    : Snapshot:3	0	3	Epoch:5	Loss:38.52	MRR:16.88	Hits@10:31.06	Best:16.88
2024-09-19 15:33:14,134 INFO    : Snapshot:3	0	3	Epoch:6	Loss:38.37	MRR:16.96	Hits@10:31.5	Best:16.96
2024-09-19 15:33:32,138 INFO    : Snapshot:3	1	3	Epoch:7	Loss:38.184	MRR:16.81	Hits@10:31.38	Best:16.96
2024-09-19 15:33:50,156 INFO    : Snapshot:3	0	3	Epoch:8	Loss:38.055	MRR:17.06	Hits@10:31.49	Best:17.06
2024-09-19 15:34:08,546 INFO    : Snapshot:3	0	3	Epoch:9	Loss:37.943	MRR:17.27	Hits@10:31.72	Best:17.27
2024-09-19 15:34:26,741 INFO    : Snapshot:3	1	3	Epoch:10	Loss:37.747	MRR:17.22	Hits@10:31.55	Best:17.27
2024-09-19 15:34:44,715 INFO    : Snapshot:3	2	3	Epoch:11	Loss:37.614	MRR:17.2	Hits@10:31.66	Best:17.27
2024-09-19 15:35:02,865 INFO    : Early Stopping! Snapshot:3 Epoch: 12 Best Results: 17.27
2024-09-19 15:35:02,958 INFO    : => loading checkpoint './checkpoint/HYBRID\3model_best.tar'
2024-09-19 15:35:26,090 INFO    : 
+------------+--------+--------+--------+--------+---------+
| Snapshot:3 |  MRR   | Hits@1 | Hits@3 | Hits@5 | Hits@10 |
+------------+--------+--------+--------+--------+---------+
|     0      | 0.2543 | 0.154  | 0.3053 | 0.365  |  0.4371 |
|     1      | 0.2647 | 0.1648 | 0.3083 | 0.3744 |  0.4553 |
|     2      | 0.1842 | 0.1105 | 0.2083 | 0.2583 |  0.3278 |
|     3      | 0.172  | 0.0941 | 0.2048 | 0.2552 |  0.3184 |
+------------+--------+--------+--------+--------+---------+
2024-09-19 15:35:40,176 INFO    : Snapshot:4	0	3	Epoch:0	Loss:25.616	MRR:15.16	Hits@10:24.81	Best:15.16
2024-09-19 15:35:47,109 INFO    : Snapshot:4	0	3	Epoch:1	Loss:23.054	MRR:15.32	Hits@10:24.9	Best:15.32
2024-09-19 15:35:53,985 INFO    : Snapshot:4	1	3	Epoch:2	Loss:22.79	MRR:15.17	Hits@10:24.82	Best:15.32
2024-09-19 15:36:00,986 INFO    : Snapshot:4	0	3	Epoch:3	Loss:22.651	MRR:15.44	Hits@10:25.04	Best:15.44
2024-09-19 15:36:07,965 INFO    : Snapshot:4	1	3	Epoch:4	Loss:22.553	MRR:15.44	Hits@10:25.06	Best:15.44
2024-09-19 15:36:15,002 INFO    : Snapshot:4	0	3	Epoch:5	Loss:22.488	MRR:15.47	Hits@10:24.94	Best:15.47
2024-09-19 15:36:21,995 INFO    : Snapshot:4	0	3	Epoch:6	Loss:22.491	MRR:15.54	Hits@10:25.2	Best:15.54
2024-09-19 15:36:29,051 INFO    : Snapshot:4	1	3	Epoch:7	Loss:22.529	MRR:15.33	Hits@10:25.0	Best:15.54
2024-09-19 15:36:35,996 INFO    : Snapshot:4	2	3	Epoch:8	Loss:22.427	MRR:15.42	Hits@10:25.04	Best:15.54
2024-09-19 15:36:43,017 INFO    : Early Stopping! Snapshot:4 Epoch: 9 Best Results: 15.54
2024-09-19 15:36:43,106 INFO    : => loading checkpoint './checkpoint/HYBRID\4model_best.tar'
2024-09-19 15:37:11,961 INFO    : 
+------------+--------+--------+--------+--------+---------+
| Snapshot:4 |  MRR   | Hits@1 | Hits@3 | Hits@5 | Hits@10 |
+------------+--------+--------+--------+--------+---------+
|     0      | 0.2543 | 0.154  | 0.3053 | 0.365  |  0.4371 |
|     1      | 0.2647 | 0.1648 | 0.3083 | 0.3744 |  0.4553 |
|     2      | 0.1842 | 0.1105 | 0.2083 | 0.2583 |  0.3278 |
|     3      | 0.172  | 0.0941 | 0.2048 | 0.2552 |  0.3184 |
|     4      | 0.1554 | 0.1055 | 0.1705 | 0.2023 |  0.2512 |
+------------+--------+--------+--------+--------+---------+
2024-09-19 15:37:11,962 INFO    : Final Result:
[+------------+--------+--------+--------+--------+---------+
| Snapshot:0 |  MRR   | Hits@1 | Hits@3 | Hits@5 | Hits@10 |
+------------+--------+--------+--------+--------+---------+
|     0      | 0.2543 | 0.154  | 0.3053 | 0.365  |  0.4371 |
+------------+--------+--------+--------+--------+---------+, +------------+--------+--------+--------+--------+---------+
| Snapshot:1 |  MRR   | Hits@1 | Hits@3 | Hits@5 | Hits@10 |
+------------+--------+--------+--------+--------+---------+
|     0      | 0.2543 | 0.154  | 0.3053 | 0.365  |  0.4371 |
|     1      | 0.2647 | 0.1648 | 0.3083 | 0.3744 |  0.4553 |
+------------+--------+--------+--------+--------+---------+, +------------+--------+--------+--------+--------+---------+
| Snapshot:2 |  MRR   | Hits@1 | Hits@3 | Hits@5 | Hits@10 |
+------------+--------+--------+--------+--------+---------+
|     0      | 0.2543 | 0.154  | 0.3053 | 0.365  |  0.4371 |
|     1      | 0.2647 | 0.1648 | 0.3083 | 0.3744 |  0.4553 |
|     2      | 0.1842 | 0.1105 | 0.2083 | 0.2583 |  0.3278 |
+------------+--------+--------+--------+--------+---------+, +------------+--------+--------+--------+--------+---------+
| Snapshot:3 |  MRR   | Hits@1 | Hits@3 | Hits@5 | Hits@10 |
+------------+--------+--------+--------+--------+---------+
|     0      | 0.2543 | 0.154  | 0.3053 | 0.365  |  0.4371 |
|     1      | 0.2647 | 0.1648 | 0.3083 | 0.3744 |  0.4553 |
|     2      | 0.1842 | 0.1105 | 0.2083 | 0.2583 |  0.3278 |
|     3      | 0.172  | 0.0941 | 0.2048 | 0.2552 |  0.3184 |
+------------+--------+--------+--------+--------+---------+, +------------+--------+--------+--------+--------+---------+
| Snapshot:4 |  MRR   | Hits@1 | Hits@3 | Hits@5 | Hits@10 |
+------------+--------+--------+--------+--------+---------+
|     0      | 0.2543 | 0.154  | 0.3053 | 0.365  |  0.4371 |
|     1      | 0.2647 | 0.1648 | 0.3083 | 0.3744 |  0.4553 |
|     2      | 0.1842 | 0.1105 | 0.2083 | 0.2583 |  0.3278 |
|     3      | 0.172  | 0.0941 | 0.2048 | 0.2552 |  0.3184 |
|     4      | 0.1554 | 0.1055 | 0.1705 | 0.2023 |  0.2512 |
+------------+--------+--------+--------+--------+---------+]
2024-09-19 15:37:11,963 INFO    : Report Result:
+----------+--------------------+-----------+--------------+--------------+---------------+
| Snapshot |        Time        | Whole_MRR | Whole_Hits@1 | Whole_Hits@3 | Whole_Hits@10 |
+----------+--------------------+-----------+--------------+--------------+---------------+
|    0     | 41.49889612197876  |   0.254   |    0.154     |    0.305     |     0.437     |
|    1     | 31.935417890548706 |   0.257   |    0.157     |    0.306     |     0.442     |
|    2     | 244.1523895263672  |   0.219   |    0.132     |    0.254     |     0.382     |
|    3     | 238.11241579055786 |   0.201   |    0.118     |    0.235     |     0.357     |
|    4     | 72.23499774932861  |   0.195   |    0.116     |    0.227     |     0.344     |
+----------+--------------------+-----------+--------------+--------------+---------------+
2024-09-19 15:37:11,963 INFO    : Sum_Training_Time:627.9341170787811
2024-09-19 15:37:11,963 INFO    : Every_Training_Time:[41.49889612197876, 31.935417890548706, 244.1523895263672, 238.11241579055786, 72.23499774932861]
2024-09-19 15:37:11,963 INFO    : Forward transfer: 0.03725 Backward transfer: 0.0
