2024-10-04 15:04:18,883 INFO    : Namespace(batch_size='1024', data_path='./data/FB_CKGE/', dataset='FB_CKGE', debug=False, device=device(type='cuda', index=0), emb_dim=200, ent_r='200', epoch_num=200, explore=False, gpu='0', l2=0.0, learning_rate='2e-1', log_path='./logs/FB_CKGE 200 2 2e-1 1024/FB_CKGE 20241004150408', logger=<RootLogger root (INFO)>, margin=8.0, model_name='LoraKGE_Layers', multi_layers_path='train_sorted_by_edges_betweenness.txt', neg_ratio=10, note='', num_ent_layers='2', num_layer=1, num_rel_layers='1', patience=3, predict_result='True', r=100, r_fixed=True, random_seed=3407, record=False, rel_r='20', save_path='./checkpoint/FB_CKGE', skip_previous='False', snapshot_num=5, train_new=True, using_multi_layers=False, using_various_ranks='True', using_various_ranks_reverse=False, valid_metrics='mrr')
2024-10-04 15:04:41,176 INFO    : Snapshot:0	0	3	Epoch:0	Loss:107.405	MRR:19.84	Hits@10:38.57	Best:19.84
2024-10-04 15:04:58,683 INFO    : Snapshot:0	0	3	Epoch:1	Loss:27.441	MRR:24.37	Hits@10:44.58	Best:24.37
2024-10-04 15:05:16,175 INFO    : Snapshot:0	1	3	Epoch:2	Loss:9.743	MRR:24.3	Hits@10:44.57	Best:24.37
2024-10-04 15:05:34,150 INFO    : Snapshot:0	2	3	Epoch:3	Loss:5.814	MRR:24.09	Hits@10:44.21	Best:24.37
2024-10-04 15:05:52,070 INFO    : Early Stopping! Snapshot:0 Epoch: 4 Best Results: 24.37
2024-10-04 15:05:52,190 INFO    : => loading checkpoint './checkpoint/FB_CKGE\0model_best.tar'
2024-10-04 15:06:11,092 INFO    : 
+------------+--------+--------+--------+--------+---------+
| Snapshot:0 |  MRR   | Hits@1 | Hits@3 | Hits@5 | Hits@10 |
+------------+--------+--------+--------+--------+---------+
|     0      | 0.2439 | 0.1396 | 0.2869 | 0.358  |  0.447  |
+------------+--------+--------+--------+--------+---------+
2024-10-04 15:06:22,272 INFO    : Snapshot:1	0	3	Epoch:0	Loss:8.593	MRR:11.22	Hits@10:20.88	Best:11.22
2024-10-04 15:06:26,136 INFO    : Snapshot:1	0	3	Epoch:1	Loss:3.092	MRR:13.37	Hits@10:25.6	Best:13.37
2024-10-04 15:06:29,729 INFO    : Snapshot:1	0	3	Epoch:2	Loss:2.166	MRR:14.65	Hits@10:27.77	Best:14.65
2024-10-04 15:06:33,357 INFO    : Snapshot:1	0	3	Epoch:3	Loss:1.737	MRR:15.38	Hits@10:28.93	Best:15.38
2024-10-04 15:06:36,971 INFO    : Snapshot:1	0	3	Epoch:4	Loss:1.491	MRR:15.96	Hits@10:30.05	Best:15.96
2024-10-04 15:06:40,602 INFO    : Snapshot:1	0	3	Epoch:5	Loss:1.291	MRR:15.97	Hits@10:30.05	Best:15.97
2024-10-04 15:06:44,200 INFO    : Snapshot:1	0	3	Epoch:6	Loss:1.176	MRR:16.19	Hits@10:30.47	Best:16.19
2024-10-04 15:06:47,846 INFO    : Snapshot:1	1	3	Epoch:7	Loss:1.095	MRR:16.11	Hits@10:30.78	Best:16.19
2024-10-04 15:06:51,461 INFO    : Snapshot:1	0	3	Epoch:8	Loss:1.05	MRR:16.39	Hits@10:30.94	Best:16.39
2024-10-04 15:06:55,069 INFO    : Snapshot:1	0	3	Epoch:9	Loss:0.971	MRR:16.69	Hits@10:31.34	Best:16.69
2024-10-04 15:06:58,813 INFO    : Snapshot:1	0	3	Epoch:10	Loss:0.956	MRR:16.72	Hits@10:31.17	Best:16.72
2024-10-04 15:07:02,623 INFO    : Snapshot:1	1	3	Epoch:11	Loss:0.905	MRR:16.68	Hits@10:31.37	Best:16.72
2024-10-04 15:07:06,255 INFO    : Snapshot:1	2	3	Epoch:12	Loss:0.882	MRR:16.72	Hits@10:31.47	Best:16.72
2024-10-04 15:07:09,913 INFO    : Snapshot:1	0	3	Epoch:13	Loss:0.851	MRR:16.9	Hits@10:31.68	Best:16.9
2024-10-04 15:07:13,522 INFO    : Snapshot:1	1	3	Epoch:14	Loss:0.833	MRR:16.66	Hits@10:31.42	Best:16.9
2024-10-04 15:07:17,126 INFO    : Snapshot:1	0	3	Epoch:15	Loss:0.814	MRR:16.93	Hits@10:31.73	Best:16.93
2024-10-04 15:07:20,743 INFO    : Snapshot:1	1	3	Epoch:16	Loss:0.788	MRR:16.84	Hits@10:31.6	Best:16.93
2024-10-04 15:07:24,430 INFO    : Snapshot:1	2	3	Epoch:17	Loss:0.778	MRR:16.73	Hits@10:31.73	Best:16.93
2024-10-04 15:07:28,353 INFO    : Early Stopping! Snapshot:1 Epoch: 18 Best Results: 16.93
2024-10-04 15:07:28,483 INFO    : => loading checkpoint './checkpoint/FB_CKGE\1model_best.tar'
2024-10-04 15:07:52,580 INFO    : 
+------------+--------+--------+--------+--------+---------+
| Snapshot:1 |  MRR   | Hits@1 | Hits@3 | Hits@5 | Hits@10 |
+------------+--------+--------+--------+--------+---------+
|     0      | 0.2439 | 0.1396 | 0.2869 | 0.358  |  0.447  |
|     1      | 0.1777 | 0.1054 | 0.1958 | 0.2461 |  0.3218 |
+------------+--------+--------+--------+--------+---------+
2024-10-04 15:08:03,626 INFO    : Snapshot:2	0	3	Epoch:0	Loss:6.402	MRR:17.08	Hits@10:30.08	Best:17.08
2024-10-04 15:08:07,591 INFO    : Snapshot:2	0	3	Epoch:1	Loss:3.432	MRR:17.4	Hits@10:30.51	Best:17.4
2024-10-04 15:08:11,535 INFO    : Snapshot:2	0	3	Epoch:2	Loss:3.0	MRR:17.62	Hits@10:31.08	Best:17.62
2024-10-04 15:08:15,492 INFO    : Snapshot:2	0	3	Epoch:3	Loss:2.757	MRR:17.82	Hits@10:31.24	Best:17.82
2024-10-04 15:08:19,479 INFO    : Snapshot:2	0	3	Epoch:4	Loss:2.652	MRR:17.89	Hits@10:31.29	Best:17.89
2024-10-04 15:08:23,626 INFO    : Snapshot:2	0	3	Epoch:5	Loss:2.558	MRR:17.93	Hits@10:31.47	Best:17.93
2024-10-04 15:08:27,801 INFO    : Snapshot:2	0	3	Epoch:6	Loss:2.47	MRR:18.01	Hits@10:31.64	Best:18.01
2024-10-04 15:08:31,939 INFO    : Snapshot:2	1	3	Epoch:7	Loss:2.425	MRR:18.01	Hits@10:31.69	Best:18.01
2024-10-04 15:08:36,020 INFO    : Snapshot:2	0	3	Epoch:8	Loss:2.397	MRR:18.05	Hits@10:31.57	Best:18.05
2024-10-04 15:08:40,313 INFO    : Snapshot:2	0	3	Epoch:9	Loss:2.371	MRR:18.09	Hits@10:31.59	Best:18.09
2024-10-04 15:08:44,445 INFO    : Snapshot:2	0	3	Epoch:10	Loss:2.337	MRR:18.16	Hits@10:31.67	Best:18.16
2024-10-04 15:08:48,812 INFO    : Snapshot:2	0	3	Epoch:11	Loss:2.32	MRR:18.22	Hits@10:32.02	Best:18.22
2024-10-04 15:08:53,219 INFO    : Snapshot:2	1	3	Epoch:12	Loss:2.292	MRR:18.17	Hits@10:31.93	Best:18.22
2024-10-04 15:08:57,488 INFO    : Snapshot:2	2	3	Epoch:13	Loss:2.27	MRR:18.16	Hits@10:31.81	Best:18.22
2024-10-04 15:09:01,760 INFO    : Early Stopping! Snapshot:2 Epoch: 14 Best Results: 18.22
2024-10-04 15:09:01,895 INFO    : => loading checkpoint './checkpoint/FB_CKGE\2model_best.tar'
2024-10-04 15:09:29,584 INFO    : 
+------------+--------+--------+--------+--------+---------+
| Snapshot:2 |  MRR   | Hits@1 | Hits@3 | Hits@5 | Hits@10 |
+------------+--------+--------+--------+--------+---------+
|     0      | 0.2439 | 0.1396 | 0.2869 | 0.358  |  0.447  |
|     1      | 0.1777 | 0.1054 | 0.1958 | 0.2461 |  0.3218 |
|     2      | 0.1801 | 0.1073 | 0.201  | 0.2521 |  0.3211 |
+------------+--------+--------+--------+--------+---------+
2024-10-04 15:09:41,369 INFO    : Snapshot:3	0	3	Epoch:0	Loss:5.119	MRR:18.87	Hits@10:32.18	Best:18.87
2024-10-04 15:09:45,612 INFO    : Snapshot:3	0	3	Epoch:1	Loss:3.719	MRR:18.88	Hits@10:32.18	Best:18.88
2024-10-04 15:09:49,819 INFO    : Snapshot:3	0	3	Epoch:2	Loss:3.472	MRR:19.0	Hits@10:32.37	Best:19.0
2024-10-04 15:09:54,163 INFO    : Snapshot:3	0	3	Epoch:3	Loss:3.396	MRR:19.02	Hits@10:32.51	Best:19.02
2024-10-04 15:09:58,426 INFO    : Snapshot:3	1	3	Epoch:4	Loss:3.328	MRR:18.99	Hits@10:32.61	Best:19.02
2024-10-04 15:10:02,758 INFO    : Snapshot:3	2	3	Epoch:5	Loss:3.283	MRR:19.0	Hits@10:32.51	Best:19.02
2024-10-04 15:10:06,950 INFO    : Snapshot:3	0	3	Epoch:6	Loss:3.271	MRR:19.06	Hits@10:32.62	Best:19.06
2024-10-04 15:10:11,254 INFO    : Snapshot:3	1	3	Epoch:7	Loss:3.25	MRR:19.05	Hits@10:32.59	Best:19.06
2024-10-04 15:10:15,627 INFO    : Snapshot:3	2	3	Epoch:8	Loss:3.25	MRR:19.03	Hits@10:32.66	Best:19.06
2024-10-04 15:10:20,099 INFO    : Snapshot:3	0	3	Epoch:9	Loss:3.21	MRR:19.1	Hits@10:32.74	Best:19.1
2024-10-04 15:10:24,439 INFO    : Snapshot:3	1	3	Epoch:10	Loss:3.207	MRR:19.07	Hits@10:32.67	Best:19.1
2024-10-04 15:10:28,765 INFO    : Snapshot:3	2	3	Epoch:11	Loss:3.214	MRR:19.07	Hits@10:32.71	Best:19.1
2024-10-04 15:10:32,950 INFO    : Snapshot:3	0	3	Epoch:12	Loss:3.207	MRR:19.14	Hits@10:32.79	Best:19.14
2024-10-04 15:10:37,210 INFO    : Snapshot:3	1	3	Epoch:13	Loss:3.185	MRR:19.08	Hits@10:32.65	Best:19.14
2024-10-04 15:10:41,509 INFO    : Snapshot:3	2	3	Epoch:14	Loss:3.167	MRR:19.1	Hits@10:32.71	Best:19.14
2024-10-04 15:10:45,871 INFO    : Early Stopping! Snapshot:3 Epoch: 15 Best Results: 19.14
2024-10-04 15:10:45,996 INFO    : => loading checkpoint './checkpoint/FB_CKGE\3model_best.tar'
2024-10-04 15:11:20,413 INFO    : 
+------------+--------+--------+--------+--------+---------+
| Snapshot:3 |  MRR   | Hits@1 | Hits@3 | Hits@5 | Hits@10 |
+------------+--------+--------+--------+--------+---------+
|     0      | 0.2439 | 0.1396 | 0.2869 | 0.358  |  0.447  |
|     1      | 0.1777 | 0.1054 | 0.1958 | 0.2461 |  0.3218 |
|     2      | 0.1801 | 0.1073 | 0.201  | 0.2521 |  0.3211 |
|     3      | 0.1904 | 0.1173 | 0.2166 | 0.2658 |  0.3275 |
+------------+--------+--------+--------+--------+---------+
2024-10-04 15:11:33,767 INFO    : Snapshot:4	0	3	Epoch:0	Loss:4.345	MRR:20.11	Hits@10:33.55	Best:20.11
2024-10-04 15:11:38,474 INFO    : Snapshot:4	1	3	Epoch:1	Loss:3.855	MRR:20.11	Hits@10:33.6	Best:20.11
2024-10-04 15:11:43,228 INFO    : Snapshot:4	0	3	Epoch:2	Loss:3.74	MRR:20.13	Hits@10:33.63	Best:20.13
2024-10-04 15:11:48,073 INFO    : Snapshot:4	1	3	Epoch:3	Loss:3.728	MRR:20.13	Hits@10:33.59	Best:20.13
2024-10-04 15:11:52,719 INFO    : Snapshot:4	2	3	Epoch:4	Loss:3.707	MRR:20.12	Hits@10:33.63	Best:20.13
2024-10-04 15:11:57,302 INFO    : Early Stopping! Snapshot:4 Epoch: 5 Best Results: 20.13
2024-10-04 15:11:57,430 INFO    : => loading checkpoint './checkpoint/FB_CKGE\4model_best.tar'
2024-10-04 15:12:37,884 INFO    : 
+------------+--------+--------+--------+--------+---------+
| Snapshot:4 |  MRR   | Hits@1 | Hits@3 | Hits@5 | Hits@10 |
+------------+--------+--------+--------+--------+---------+
|     0      | 0.2439 | 0.1396 | 0.2869 | 0.358  |  0.447  |
|     1      | 0.1777 | 0.1054 | 0.1958 | 0.2461 |  0.3218 |
|     2      | 0.1801 | 0.1073 | 0.201  | 0.2521 |  0.3211 |
|     3      | 0.1904 | 0.1173 | 0.2166 | 0.2658 |  0.3275 |
|     4      | 0.2097 | 0.1295 | 0.2403 | 0.2931 |  0.3619 |
+------------+--------+--------+--------+--------+---------+
2024-10-04 15:12:37,886 INFO    : Final Result:
[+------------+--------+--------+--------+--------+---------+
| Snapshot:0 |  MRR   | Hits@1 | Hits@3 | Hits@5 | Hits@10 |
+------------+--------+--------+--------+--------+---------+
|     0      | 0.2439 | 0.1396 | 0.2869 | 0.358  |  0.447  |
+------------+--------+--------+--------+--------+---------+, +------------+--------+--------+--------+--------+---------+
| Snapshot:1 |  MRR   | Hits@1 | Hits@3 | Hits@5 | Hits@10 |
+------------+--------+--------+--------+--------+---------+
|     0      | 0.2439 | 0.1396 | 0.2869 | 0.358  |  0.447  |
|     1      | 0.1777 | 0.1054 | 0.1958 | 0.2461 |  0.3218 |
+------------+--------+--------+--------+--------+---------+, +------------+--------+--------+--------+--------+---------+
| Snapshot:2 |  MRR   | Hits@1 | Hits@3 | Hits@5 | Hits@10 |
+------------+--------+--------+--------+--------+---------+
|     0      | 0.2439 | 0.1396 | 0.2869 | 0.358  |  0.447  |
|     1      | 0.1777 | 0.1054 | 0.1958 | 0.2461 |  0.3218 |
|     2      | 0.1801 | 0.1073 | 0.201  | 0.2521 |  0.3211 |
+------------+--------+--------+--------+--------+---------+, +------------+--------+--------+--------+--------+---------+
| Snapshot:3 |  MRR   | Hits@1 | Hits@3 | Hits@5 | Hits@10 |
+------------+--------+--------+--------+--------+---------+
|     0      | 0.2439 | 0.1396 | 0.2869 | 0.358  |  0.447  |
|     1      | 0.1777 | 0.1054 | 0.1958 | 0.2461 |  0.3218 |
|     2      | 0.1801 | 0.1073 | 0.201  | 0.2521 |  0.3211 |
|     3      | 0.1904 | 0.1173 | 0.2166 | 0.2658 |  0.3275 |
+------------+--------+--------+--------+--------+---------+, +------------+--------+--------+--------+--------+---------+
| Snapshot:4 |  MRR   | Hits@1 | Hits@3 | Hits@5 | Hits@10 |
+------------+--------+--------+--------+--------+---------+
|     0      | 0.2439 | 0.1396 | 0.2869 | 0.358  |  0.447  |
|     1      | 0.1777 | 0.1054 | 0.1958 | 0.2461 |  0.3218 |
|     2      | 0.1801 | 0.1073 | 0.201  | 0.2521 |  0.3211 |
|     3      | 0.1904 | 0.1173 | 0.2166 | 0.2658 |  0.3275 |
|     4      | 0.2097 | 0.1295 | 0.2403 | 0.2931 |  0.3619 |
+------------+--------+--------+--------+--------+---------+]
2024-10-04 15:12:37,887 INFO    : Report Result:
+----------+--------------------+-----------+--------------+--------------+---------------+
| Snapshot |        Time        | Whole_MRR | Whole_Hits@1 | Whole_Hits@3 | Whole_Hits@10 |
+----------+--------------------+-----------+--------------+--------------+---------------+
|    0     | 93.18699765205383  |   0.244   |     0.14     |    0.287     |     0.447     |
|    1     | 72.75515866279602  |   0.234   |    0.135     |    0.274     |     0.429     |
|    2     | 64.92494773864746  |   0.228   |    0.131     |    0.265     |     0.416     |
|    3     | 71.71836924552917  |   0.224   |     0.13     |    0.259     |     0.406     |
|    4     | 31.511951208114624 |   0.222   |     0.13     |    0.258     |     0.401     |
+----------+--------------------+-----------+--------------+--------------+---------------+
2024-10-04 15:12:37,887 INFO    : Sum_Training_Time:334.0974245071411
2024-10-04 15:12:37,887 INFO    : Every_Training_Time:[93.18699765205383, 72.75515866279602, 64.92494773864746, 71.71836924552917, 31.511951208114624]
2024-10-04 15:12:37,887 INFO    : Forward transfer: 0.14895 Backward transfer: 0.0
