2024-12-31 15:40:05,119 INFO    : Namespace(batch_size=1024, data_path='./data/FB_CKGE/', dataset='FB_CKGE', debug=False, device=device(type='cuda', index=0), emb_dim=200, ent_r='200', epoch_num=200, explore=False, gpu='0', l2=0.0, learning_rate='1e-1', log_path='./logs/FB_CKGE 200 20 1e-1 1024/FB_CKGE 20241231153954', logger=<RootLogger root (INFO)>, margin=8.0, model_name='LoraKGE_Layers', multi_layers_path='train_sorted_by_edges_betweenness.txt', neg_ratio=10, note='', num_ent_layers='20', num_layer=1, num_rel_layers='20', patience='10', predict_result=False, r=100, r_fixed=True, random_seed=3407, record=False, rel_r='200', save_path='./checkpoint/FB_CKGE', skip_previous='False', snapshot_num=5, train_new=True, using_multi_layers='True', using_various_ranks='True', using_various_ranks_reverse=False, valid_metrics='mrr')
2024-12-31 15:40:25,540 INFO    : Snapshot:0	0	10	Epoch:0	Loss:91.268	MRR:22.64	Hits@10:42.62	Best:22.64
2024-12-31 15:40:42,409 INFO    : Snapshot:0	0	10	Epoch:1	Loss:17.198	MRR:24.74	Hits@10:45.16	Best:24.74
2024-12-31 15:40:58,932 INFO    : Snapshot:0	1	10	Epoch:2	Loss:7.016	MRR:23.93	Hits@10:44.13	Best:24.74
2024-12-31 15:41:15,523 INFO    : Snapshot:0	2	10	Epoch:3	Loss:4.7	MRR:23.72	Hits@10:43.5	Best:24.74
2024-12-31 15:41:32,715 INFO    : Snapshot:0	3	10	Epoch:4	Loss:3.835	MRR:23.61	Hits@10:43.1	Best:24.74
2024-12-31 15:41:48,722 INFO    : Snapshot:0	4	10	Epoch:5	Loss:3.293	MRR:23.07	Hits@10:42.54	Best:24.74
2024-12-31 15:42:05,377 INFO    : Snapshot:0	5	10	Epoch:6	Loss:2.965	MRR:22.76	Hits@10:42.38	Best:24.74
2024-12-31 15:42:22,911 INFO    : Snapshot:0	6	10	Epoch:7	Loss:2.801	MRR:22.97	Hits@10:42.23	Best:24.74
2024-12-31 15:42:40,014 INFO    : Snapshot:0	7	10	Epoch:8	Loss:2.603	MRR:22.88	Hits@10:42.17	Best:24.74
2024-12-31 15:42:57,205 INFO    : Snapshot:0	8	10	Epoch:9	Loss:2.452	MRR:22.61	Hits@10:41.77	Best:24.74
2024-12-31 15:43:14,325 INFO    : Snapshot:0	9	10	Epoch:10	Loss:2.363	MRR:22.43	Hits@10:41.5	Best:24.74
2024-12-31 15:43:31,496 INFO    : Early Stopping! Snapshot:0 Epoch: 11 Best Results: 24.74
2024-12-31 15:43:31,602 INFO    : => loading checkpoint './checkpoint/FB_CKGE\0model_best.tar'
2024-12-31 15:43:40,469 INFO    : 
+------------+-------+--------+--------+--------+---------+
| Snapshot:0 |  MRR  | Hits@1 | Hits@3 | Hits@5 | Hits@10 |
+------------+-------+--------+--------+--------+---------+
|     0      | 0.246 | 0.1419 | 0.2865 |  0.36  |  0.452  |
+------------+-------+--------+--------+--------+---------+
2024-12-31 15:43:50,959 INFO    : Snapshot:1	0	10	Epoch:0	Loss:10.176	MRR:11.39	Hits@10:20.69	Best:11.39
2024-12-31 15:43:55,127 INFO    : Snapshot:1	0	10	Epoch:1	Loss:2.885	MRR:13.15	Hits@10:24.41	Best:13.15
2024-12-31 15:43:59,296 INFO    : Snapshot:1	0	10	Epoch:2	Loss:1.972	MRR:13.92	Hits@10:26.1	Best:13.92
2024-12-31 15:44:03,447 INFO    : Snapshot:1	0	10	Epoch:3	Loss:1.613	MRR:14.41	Hits@10:27.41	Best:14.41
2024-12-31 15:44:07,636 INFO    : Snapshot:1	0	10	Epoch:4	Loss:1.384	MRR:14.79	Hits@10:27.88	Best:14.79
2024-12-31 15:44:11,904 INFO    : Snapshot:1	0	10	Epoch:5	Loss:1.21	MRR:14.94	Hits@10:28.15	Best:14.94
2024-12-31 15:44:16,060 INFO    : Snapshot:1	0	10	Epoch:6	Loss:1.134	MRR:15.31	Hits@10:29.06	Best:15.31
2024-12-31 15:44:20,193 INFO    : Snapshot:1	0	10	Epoch:7	Loss:1.048	MRR:15.54	Hits@10:29.35	Best:15.54
2024-12-31 15:44:24,420 INFO    : Snapshot:1	0	10	Epoch:8	Loss:0.989	MRR:15.8	Hits@10:29.72	Best:15.8
2024-12-31 15:44:28,570 INFO    : Snapshot:1	0	10	Epoch:9	Loss:0.933	MRR:15.93	Hits@10:29.73	Best:15.93
2024-12-31 15:44:32,695 INFO    : Snapshot:1	0	10	Epoch:10	Loss:0.904	MRR:16.08	Hits@10:30.34	Best:16.08
2024-12-31 15:44:36,685 INFO    : Snapshot:1	1	10	Epoch:11	Loss:0.83	MRR:16.05	Hits@10:30.15	Best:16.08
2024-12-31 15:44:40,892 INFO    : Snapshot:1	2	10	Epoch:12	Loss:0.815	MRR:15.92	Hits@10:29.95	Best:16.08
2024-12-31 15:44:44,899 INFO    : Snapshot:1	3	10	Epoch:13	Loss:0.799	MRR:16.0	Hits@10:30.14	Best:16.08
2024-12-31 15:44:48,937 INFO    : Snapshot:1	4	10	Epoch:14	Loss:0.767	MRR:16.01	Hits@10:30.16	Best:16.08
2024-12-31 15:44:53,030 INFO    : Snapshot:1	0	10	Epoch:15	Loss:0.759	MRR:16.23	Hits@10:30.5	Best:16.23
2024-12-31 15:44:57,730 INFO    : Snapshot:1	0	10	Epoch:16	Loss:0.743	MRR:16.29	Hits@10:30.95	Best:16.29
2024-12-31 15:45:02,147 INFO    : Snapshot:1	1	10	Epoch:17	Loss:0.698	MRR:16.24	Hits@10:30.83	Best:16.29
2024-12-31 15:45:06,667 INFO    : Snapshot:1	0	10	Epoch:18	Loss:0.697	MRR:16.49	Hits@10:30.93	Best:16.49
2024-12-31 15:45:10,909 INFO    : Snapshot:1	1	10	Epoch:19	Loss:0.669	MRR:16.41	Hits@10:30.93	Best:16.49
2024-12-31 15:45:15,115 INFO    : Snapshot:1	2	10	Epoch:20	Loss:0.676	MRR:16.38	Hits@10:30.78	Best:16.49
2024-12-31 15:45:19,275 INFO    : Snapshot:1	0	10	Epoch:21	Loss:0.657	MRR:16.57	Hits@10:31.15	Best:16.57
2024-12-31 15:45:23,252 INFO    : Snapshot:1	1	10	Epoch:22	Loss:0.644	MRR:16.56	Hits@10:31.36	Best:16.57
2024-12-31 15:45:27,438 INFO    : Snapshot:1	0	10	Epoch:23	Loss:0.633	MRR:16.66	Hits@10:31.26	Best:16.66
2024-12-31 15:45:31,527 INFO    : Snapshot:1	1	10	Epoch:24	Loss:0.628	MRR:16.54	Hits@10:31.34	Best:16.66
2024-12-31 15:45:35,876 INFO    : Snapshot:1	2	10	Epoch:25	Loss:0.613	MRR:16.5	Hits@10:31.43	Best:16.66
2024-12-31 15:45:39,961 INFO    : Snapshot:1	3	10	Epoch:26	Loss:0.613	MRR:16.45	Hits@10:31.11	Best:16.66
2024-12-31 15:45:44,280 INFO    : Snapshot:1	4	10	Epoch:27	Loss:0.603	MRR:16.6	Hits@10:30.93	Best:16.66
2024-12-31 15:45:48,487 INFO    : Snapshot:1	0	10	Epoch:28	Loss:0.584	MRR:16.87	Hits@10:31.62	Best:16.87
2024-12-31 15:45:52,655 INFO    : Snapshot:1	1	10	Epoch:29	Loss:0.595	MRR:16.72	Hits@10:31.26	Best:16.87
2024-12-31 15:45:56,745 INFO    : Snapshot:1	2	10	Epoch:30	Loss:0.587	MRR:16.69	Hits@10:31.5	Best:16.87
2024-12-31 15:46:00,801 INFO    : Snapshot:1	3	10	Epoch:31	Loss:0.584	MRR:16.76	Hits@10:31.31	Best:16.87
2024-12-31 15:46:04,911 INFO    : Snapshot:1	0	10	Epoch:32	Loss:0.568	MRR:16.9	Hits@10:31.57	Best:16.9
2024-12-31 15:46:09,066 INFO    : Snapshot:1	1	10	Epoch:33	Loss:0.591	MRR:16.84	Hits@10:31.13	Best:16.9
2024-12-31 15:46:13,170 INFO    : Snapshot:1	2	10	Epoch:34	Loss:0.563	MRR:16.82	Hits@10:31.58	Best:16.9
2024-12-31 15:46:17,295 INFO    : Snapshot:1	3	10	Epoch:35	Loss:0.558	MRR:16.69	Hits@10:31.18	Best:16.9
2024-12-31 15:46:21,341 INFO    : Snapshot:1	4	10	Epoch:36	Loss:0.562	MRR:16.87	Hits@10:31.48	Best:16.9
2024-12-31 15:46:25,354 INFO    : Snapshot:1	5	10	Epoch:37	Loss:0.558	MRR:16.83	Hits@10:31.58	Best:16.9
2024-12-31 15:46:29,329 INFO    : Snapshot:1	6	10	Epoch:38	Loss:0.553	MRR:16.88	Hits@10:31.45	Best:16.9
2024-12-31 15:46:33,481 INFO    : Snapshot:1	7	10	Epoch:39	Loss:0.548	MRR:16.73	Hits@10:31.79	Best:16.9
2024-12-31 15:46:37,537 INFO    : Snapshot:1	8	10	Epoch:40	Loss:0.555	MRR:16.72	Hits@10:31.53	Best:16.9
2024-12-31 15:46:41,941 INFO    : Snapshot:1	9	10	Epoch:41	Loss:0.544	MRR:16.81	Hits@10:31.72	Best:16.9
2024-12-31 15:46:46,093 INFO    : Early Stopping! Snapshot:1 Epoch: 42 Best Results: 16.9
2024-12-31 15:46:46,212 INFO    : => loading checkpoint './checkpoint/FB_CKGE\1model_best.tar'
2024-12-31 15:46:58,965 INFO    : 
+------------+--------+--------+--------+--------+---------+
| Snapshot:1 |  MRR   | Hits@1 | Hits@3 | Hits@5 | Hits@10 |
+------------+--------+--------+--------+--------+---------+
|     0      | 0.246  | 0.1419 | 0.2865 |  0.36  |  0.452  |
|     1      | 0.1745 | 0.1034 | 0.1904 | 0.2375 |  0.319  |
+------------+--------+--------+--------+--------+---------+
2024-12-31 15:47:09,116 INFO    : Snapshot:2	0	10	Epoch:0	Loss:7.19	MRR:17.14	Hits@10:30.3	Best:17.14
2024-12-31 15:47:13,671 INFO    : Snapshot:2	0	10	Epoch:1	Loss:3.079	MRR:17.34	Hits@10:30.8	Best:17.34
2024-12-31 15:47:18,204 INFO    : Snapshot:2	0	10	Epoch:2	Loss:2.572	MRR:17.38	Hits@10:31.03	Best:17.38
2024-12-31 15:47:22,675 INFO    : Snapshot:2	0	10	Epoch:3	Loss:2.368	MRR:17.57	Hits@10:31.34	Best:17.57
2024-12-31 15:47:27,391 INFO    : Snapshot:2	0	10	Epoch:4	Loss:2.26	MRR:17.72	Hits@10:31.52	Best:17.72
2024-12-31 15:47:32,233 INFO    : Snapshot:2	1	10	Epoch:5	Loss:2.168	MRR:17.64	Hits@10:31.55	Best:17.72
2024-12-31 15:47:36,941 INFO    : Snapshot:2	0	10	Epoch:6	Loss:2.096	MRR:17.74	Hits@10:31.62	Best:17.74
2024-12-31 15:47:41,580 INFO    : Snapshot:2	1	10	Epoch:7	Loss:2.049	MRR:17.68	Hits@10:31.63	Best:17.74
2024-12-31 15:47:46,059 INFO    : Snapshot:2	2	10	Epoch:8	Loss:2.0	MRR:17.67	Hits@10:31.5	Best:17.74
2024-12-31 15:47:50,697 INFO    : Snapshot:2	0	10	Epoch:9	Loss:2.003	MRR:17.83	Hits@10:31.63	Best:17.83
2024-12-31 15:47:55,386 INFO    : Snapshot:2	0	10	Epoch:10	Loss:1.96	MRR:17.9	Hits@10:31.62	Best:17.9
2024-12-31 15:47:59,916 INFO    : Snapshot:2	1	10	Epoch:11	Loss:1.941	MRR:17.76	Hits@10:31.72	Best:17.9
2024-12-31 15:48:04,565 INFO    : Snapshot:2	2	10	Epoch:12	Loss:1.917	MRR:17.82	Hits@10:31.88	Best:17.9
2024-12-31 15:48:09,106 INFO    : Snapshot:2	3	10	Epoch:13	Loss:1.91	MRR:17.77	Hits@10:31.78	Best:17.9
2024-12-31 15:48:13,640 INFO    : Snapshot:2	4	10	Epoch:14	Loss:1.884	MRR:17.77	Hits@10:31.76	Best:17.9
2024-12-31 15:48:18,267 INFO    : Snapshot:2	5	10	Epoch:15	Loss:1.887	MRR:17.87	Hits@10:31.73	Best:17.9
2024-12-31 15:48:22,839 INFO    : Snapshot:2	6	10	Epoch:16	Loss:1.873	MRR:17.8	Hits@10:31.77	Best:17.9
2024-12-31 15:48:27,501 INFO    : Snapshot:2	7	10	Epoch:17	Loss:1.849	MRR:17.82	Hits@10:32.01	Best:17.9
2024-12-31 15:48:32,055 INFO    : Snapshot:2	0	10	Epoch:18	Loss:1.85	MRR:17.92	Hits@10:32.0	Best:17.92
2024-12-31 15:48:36,700 INFO    : Snapshot:2	0	10	Epoch:19	Loss:1.842	MRR:17.94	Hits@10:31.97	Best:17.94
2024-12-31 15:48:41,380 INFO    : Snapshot:2	1	10	Epoch:20	Loss:1.827	MRR:17.88	Hits@10:31.87	Best:17.94
2024-12-31 15:48:46,019 INFO    : Snapshot:2	0	10	Epoch:21	Loss:1.815	MRR:17.95	Hits@10:31.98	Best:17.95
2024-12-31 15:48:50,589 INFO    : Snapshot:2	1	10	Epoch:22	Loss:1.813	MRR:17.86	Hits@10:31.88	Best:17.95
2024-12-31 15:48:55,297 INFO    : Snapshot:2	0	10	Epoch:23	Loss:1.821	MRR:17.97	Hits@10:31.86	Best:17.97
2024-12-31 15:48:59,887 INFO    : Snapshot:2	0	10	Epoch:24	Loss:1.807	MRR:18.03	Hits@10:31.9	Best:18.03
2024-12-31 15:49:04,409 INFO    : Snapshot:2	1	10	Epoch:25	Loss:1.788	MRR:17.93	Hits@10:31.8	Best:18.03
2024-12-31 15:49:08,942 INFO    : Snapshot:2	2	10	Epoch:26	Loss:1.791	MRR:17.9	Hits@10:31.93	Best:18.03
2024-12-31 15:49:13,506 INFO    : Snapshot:2	3	10	Epoch:27	Loss:1.791	MRR:17.94	Hits@10:31.97	Best:18.03
2024-12-31 15:49:18,043 INFO    : Snapshot:2	4	10	Epoch:28	Loss:1.786	MRR:17.93	Hits@10:31.98	Best:18.03
2024-12-31 15:49:22,593 INFO    : Snapshot:2	5	10	Epoch:29	Loss:1.798	MRR:17.97	Hits@10:32.0	Best:18.03
2024-12-31 15:49:27,189 INFO    : Snapshot:2	6	10	Epoch:30	Loss:1.768	MRR:17.91	Hits@10:31.95	Best:18.03
2024-12-31 15:49:32,057 INFO    : Snapshot:2	7	10	Epoch:31	Loss:1.789	MRR:17.97	Hits@10:32.04	Best:18.03
2024-12-31 15:49:36,607 INFO    : Snapshot:2	0	10	Epoch:32	Loss:1.763	MRR:18.06	Hits@10:32.0	Best:18.06
2024-12-31 15:49:41,405 INFO    : Snapshot:2	1	10	Epoch:33	Loss:1.769	MRR:17.97	Hits@10:31.97	Best:18.06
2024-12-31 15:49:46,085 INFO    : Snapshot:2	2	10	Epoch:34	Loss:1.762	MRR:18.03	Hits@10:31.96	Best:18.06
2024-12-31 15:49:50,642 INFO    : Snapshot:2	3	10	Epoch:35	Loss:1.755	MRR:17.96	Hits@10:31.96	Best:18.06
2024-12-31 15:49:55,612 INFO    : Snapshot:2	4	10	Epoch:36	Loss:1.776	MRR:18.03	Hits@10:31.96	Best:18.06
2024-12-31 15:50:00,238 INFO    : Snapshot:2	5	10	Epoch:37	Loss:1.772	MRR:18.03	Hits@10:31.93	Best:18.06
2024-12-31 15:50:04,826 INFO    : Snapshot:2	6	10	Epoch:38	Loss:1.762	MRR:17.95	Hits@10:31.85	Best:18.06
2024-12-31 15:50:09,418 INFO    : Snapshot:2	7	10	Epoch:39	Loss:1.74	MRR:17.98	Hits@10:31.92	Best:18.06
2024-12-31 15:50:14,168 INFO    : Snapshot:2	8	10	Epoch:40	Loss:1.74	MRR:18.02	Hits@10:32.09	Best:18.06
2024-12-31 15:50:18,787 INFO    : Snapshot:2	0	10	Epoch:41	Loss:1.754	MRR:18.09	Hits@10:32.13	Best:18.09
2024-12-31 15:50:23,403 INFO    : Snapshot:2	1	10	Epoch:42	Loss:1.738	MRR:18.01	Hits@10:32.1	Best:18.09
2024-12-31 15:50:28,039 INFO    : Snapshot:2	2	10	Epoch:43	Loss:1.754	MRR:18.03	Hits@10:32.11	Best:18.09
2024-12-31 15:50:32,513 INFO    : Snapshot:2	3	10	Epoch:44	Loss:1.733	MRR:17.92	Hits@10:31.95	Best:18.09
2024-12-31 15:50:36,930 INFO    : Snapshot:2	4	10	Epoch:45	Loss:1.741	MRR:17.92	Hits@10:31.94	Best:18.09
2024-12-31 15:50:41,457 INFO    : Snapshot:2	5	10	Epoch:46	Loss:1.731	MRR:18.01	Hits@10:31.97	Best:18.09
2024-12-31 15:50:45,880 INFO    : Snapshot:2	6	10	Epoch:47	Loss:1.746	MRR:18.02	Hits@10:32.01	Best:18.09
2024-12-31 15:50:50,370 INFO    : Snapshot:2	7	10	Epoch:48	Loss:1.751	MRR:18.03	Hits@10:32.03	Best:18.09
2024-12-31 15:50:54,942 INFO    : Snapshot:2	8	10	Epoch:49	Loss:1.728	MRR:18.01	Hits@10:31.97	Best:18.09
2024-12-31 15:50:59,393 INFO    : Snapshot:2	9	10	Epoch:50	Loss:1.737	MRR:18.0	Hits@10:32.01	Best:18.09
2024-12-31 15:51:03,939 INFO    : Early Stopping! Snapshot:2 Epoch: 51 Best Results: 18.09
2024-12-31 15:51:04,066 INFO    : => loading checkpoint './checkpoint/FB_CKGE\2model_best.tar'
2024-12-31 15:51:19,759 INFO    : 
+------------+--------+--------+--------+--------+---------+
| Snapshot:2 |  MRR   | Hits@1 | Hits@3 | Hits@5 | Hits@10 |
+------------+--------+--------+--------+--------+---------+
|     0      | 0.246  | 0.1419 | 0.2865 |  0.36  |  0.452  |
|     1      | 0.1745 | 0.1034 | 0.1904 | 0.2375 |  0.319  |
|     2      | 0.1811 | 0.1087 | 0.2024 | 0.2541 |  0.3223 |
+------------+--------+--------+--------+--------+---------+
2024-12-31 15:51:31,226 INFO    : Snapshot:3	0	10	Epoch:0	Loss:5.048	MRR:18.87	Hits@10:32.59	Best:18.87
2024-12-31 15:51:36,063 INFO    : Snapshot:3	0	10	Epoch:1	Loss:3.181	MRR:18.91	Hits@10:32.74	Best:18.91
2024-12-31 15:51:40,940 INFO    : Snapshot:3	0	10	Epoch:2	Loss:2.911	MRR:18.98	Hits@10:32.86	Best:18.98
2024-12-31 15:51:45,780 INFO    : Snapshot:3	1	10	Epoch:3	Loss:2.813	MRR:18.96	Hits@10:32.82	Best:18.98
2024-12-31 15:51:50,581 INFO    : Snapshot:3	0	10	Epoch:4	Loss:2.767	MRR:18.99	Hits@10:32.81	Best:18.99
2024-12-31 15:51:55,408 INFO    : Snapshot:3	1	10	Epoch:5	Loss:2.73	MRR:18.97	Hits@10:32.97	Best:18.99
2024-12-31 15:52:00,414 INFO    : Snapshot:3	2	10	Epoch:6	Loss:2.689	MRR:18.97	Hits@10:32.95	Best:18.99
2024-12-31 15:52:05,232 INFO    : Snapshot:3	3	10	Epoch:7	Loss:2.676	MRR:18.96	Hits@10:32.92	Best:18.99
2024-12-31 15:52:10,098 INFO    : Snapshot:3	4	10	Epoch:8	Loss:2.666	MRR:18.98	Hits@10:32.86	Best:18.99
2024-12-31 15:52:14,929 INFO    : Snapshot:3	5	10	Epoch:9	Loss:2.658	MRR:18.94	Hits@10:33.03	Best:18.99
2024-12-31 15:52:19,844 INFO    : Snapshot:3	0	10	Epoch:10	Loss:2.647	MRR:19.05	Hits@10:33.01	Best:19.05
2024-12-31 15:52:24,712 INFO    : Snapshot:3	1	10	Epoch:11	Loss:2.643	MRR:18.99	Hits@10:33.05	Best:19.05
2024-12-31 15:52:29,593 INFO    : Snapshot:3	2	10	Epoch:12	Loss:2.619	MRR:19.04	Hits@10:33.05	Best:19.05
2024-12-31 15:52:34,338 INFO    : Snapshot:3	0	10	Epoch:13	Loss:2.619	MRR:19.06	Hits@10:32.99	Best:19.06
2024-12-31 15:52:39,144 INFO    : Snapshot:3	1	10	Epoch:14	Loss:2.608	MRR:19.03	Hits@10:33.02	Best:19.06
2024-12-31 15:52:43,980 INFO    : Snapshot:3	2	10	Epoch:15	Loss:2.629	MRR:18.99	Hits@10:33.0	Best:19.06
2024-12-31 15:52:48,724 INFO    : Snapshot:3	3	10	Epoch:16	Loss:2.62	MRR:19.0	Hits@10:33.02	Best:19.06
2024-12-31 15:52:53,530 INFO    : Snapshot:3	4	10	Epoch:17	Loss:2.618	MRR:19.02	Hits@10:33.04	Best:19.06
2024-12-31 15:52:58,410 INFO    : Snapshot:3	5	10	Epoch:18	Loss:2.604	MRR:19.06	Hits@10:32.96	Best:19.06
2024-12-31 15:53:03,175 INFO    : Snapshot:3	6	10	Epoch:19	Loss:2.58	MRR:18.98	Hits@10:32.97	Best:19.06
2024-12-31 15:53:08,011 INFO    : Snapshot:3	7	10	Epoch:20	Loss:2.592	MRR:19.03	Hits@10:33.01	Best:19.06
2024-12-31 15:53:12,764 INFO    : Snapshot:3	8	10	Epoch:21	Loss:2.595	MRR:19.02	Hits@10:32.99	Best:19.06
2024-12-31 15:53:17,571 INFO    : Snapshot:3	9	10	Epoch:22	Loss:2.609	MRR:19.05	Hits@10:32.99	Best:19.06
2024-12-31 15:53:22,389 INFO    : Early Stopping! Snapshot:3 Epoch: 23 Best Results: 19.06
2024-12-31 15:53:22,497 INFO    : => loading checkpoint './checkpoint/FB_CKGE\3model_best.tar'
2024-12-31 15:53:41,367 INFO    : 
+------------+--------+--------+--------+--------+---------+
| Snapshot:3 |  MRR   | Hits@1 | Hits@3 | Hits@5 | Hits@10 |
+------------+--------+--------+--------+--------+---------+
|     0      | 0.246  | 0.1419 | 0.2865 |  0.36  |  0.452  |
|     1      | 0.1745 | 0.1034 | 0.1904 | 0.2375 |  0.319  |
|     2      | 0.1811 | 0.1087 | 0.2024 | 0.2541 |  0.3223 |
|     3      | 0.192  | 0.1197 | 0.2153 | 0.2626 |  0.3297 |
+------------+--------+--------+--------+--------+---------+
2024-12-31 15:53:53,134 INFO    : Snapshot:4	0	10	Epoch:0	Loss:3.863	MRR:20.4	Hits@10:33.68	Best:20.4
2024-12-31 15:53:58,248 INFO    : Snapshot:4	0	10	Epoch:1	Loss:3.262	MRR:20.44	Hits@10:33.75	Best:20.44
2024-12-31 15:54:03,212 INFO    : Snapshot:4	1	10	Epoch:2	Loss:3.131	MRR:20.43	Hits@10:33.69	Best:20.44
2024-12-31 15:54:08,224 INFO    : Snapshot:4	2	10	Epoch:3	Loss:3.112	MRR:20.44	Hits@10:33.73	Best:20.44
2024-12-31 15:54:13,247 INFO    : Snapshot:4	0	10	Epoch:4	Loss:3.102	MRR:20.45	Hits@10:33.71	Best:20.45
2024-12-31 15:54:18,286 INFO    : Snapshot:4	0	10	Epoch:5	Loss:3.109	MRR:20.47	Hits@10:33.7	Best:20.47
2024-12-31 15:54:23,310 INFO    : Snapshot:4	1	10	Epoch:6	Loss:3.086	MRR:20.46	Hits@10:33.76	Best:20.47
2024-12-31 15:54:28,306 INFO    : Snapshot:4	2	10	Epoch:7	Loss:3.103	MRR:20.46	Hits@10:33.7	Best:20.47
2024-12-31 15:54:33,329 INFO    : Snapshot:4	3	10	Epoch:8	Loss:3.072	MRR:20.45	Hits@10:33.69	Best:20.47
2024-12-31 15:54:38,316 INFO    : Snapshot:4	4	10	Epoch:9	Loss:3.067	MRR:20.43	Hits@10:33.69	Best:20.47
2024-12-31 15:54:43,319 INFO    : Snapshot:4	5	10	Epoch:10	Loss:3.108	MRR:20.45	Hits@10:33.68	Best:20.47
2024-12-31 15:54:48,365 INFO    : Snapshot:4	6	10	Epoch:11	Loss:3.079	MRR:20.47	Hits@10:33.68	Best:20.47
2024-12-31 15:54:53,425 INFO    : Snapshot:4	7	10	Epoch:12	Loss:3.082	MRR:20.44	Hits@10:33.71	Best:20.47
2024-12-31 15:54:58,442 INFO    : Snapshot:4	8	10	Epoch:13	Loss:3.067	MRR:20.44	Hits@10:33.73	Best:20.47
2024-12-31 15:55:03,383 INFO    : Snapshot:4	9	10	Epoch:14	Loss:3.052	MRR:20.45	Hits@10:33.73	Best:20.47
2024-12-31 15:55:08,277 INFO    : Early Stopping! Snapshot:4 Epoch: 15 Best Results: 20.47
2024-12-31 15:55:08,437 INFO    : => loading checkpoint './checkpoint/FB_CKGE\4model_best.tar'
2024-12-31 15:55:30,676 INFO    : 
+------------+--------+--------+--------+--------+---------+
| Snapshot:4 |  MRR   | Hits@1 | Hits@3 | Hits@5 | Hits@10 |
+------------+--------+--------+--------+--------+---------+
|     0      | 0.246  | 0.1419 | 0.2865 |  0.36  |  0.452  |
|     1      | 0.1745 | 0.1034 | 0.1904 | 0.2375 |  0.319  |
|     2      | 0.1811 | 0.1087 | 0.2024 | 0.2541 |  0.3223 |
|     3      | 0.192  | 0.1197 | 0.2153 | 0.2626 |  0.3297 |
|     4      | 0.2139 | 0.1325 | 0.2434 | 0.2996 |  0.3733 |
+------------+--------+--------+--------+--------+---------+
2024-12-31 15:55:30,678 INFO    : Final Result:
[+------------+-------+--------+--------+--------+---------+
| Snapshot:0 |  MRR  | Hits@1 | Hits@3 | Hits@5 | Hits@10 |
+------------+-------+--------+--------+--------+---------+
|     0      | 0.246 | 0.1419 | 0.2865 |  0.36  |  0.452  |
+------------+-------+--------+--------+--------+---------+, +------------+--------+--------+--------+--------+---------+
| Snapshot:1 |  MRR   | Hits@1 | Hits@3 | Hits@5 | Hits@10 |
+------------+--------+--------+--------+--------+---------+
|     0      | 0.246  | 0.1419 | 0.2865 |  0.36  |  0.452  |
|     1      | 0.1745 | 0.1034 | 0.1904 | 0.2375 |  0.319  |
+------------+--------+--------+--------+--------+---------+, +------------+--------+--------+--------+--------+---------+
| Snapshot:2 |  MRR   | Hits@1 | Hits@3 | Hits@5 | Hits@10 |
+------------+--------+--------+--------+--------+---------+
|     0      | 0.246  | 0.1419 | 0.2865 |  0.36  |  0.452  |
|     1      | 0.1745 | 0.1034 | 0.1904 | 0.2375 |  0.319  |
|     2      | 0.1811 | 0.1087 | 0.2024 | 0.2541 |  0.3223 |
+------------+--------+--------+--------+--------+---------+, +------------+--------+--------+--------+--------+---------+
| Snapshot:3 |  MRR   | Hits@1 | Hits@3 | Hits@5 | Hits@10 |
+------------+--------+--------+--------+--------+---------+
|     0      | 0.246  | 0.1419 | 0.2865 |  0.36  |  0.452  |
|     1      | 0.1745 | 0.1034 | 0.1904 | 0.2375 |  0.319  |
|     2      | 0.1811 | 0.1087 | 0.2024 | 0.2541 |  0.3223 |
|     3      | 0.192  | 0.1197 | 0.2153 | 0.2626 |  0.3297 |
+------------+--------+--------+--------+--------+---------+, +------------+--------+--------+--------+--------+---------+
| Snapshot:4 |  MRR   | Hits@1 | Hits@3 | Hits@5 | Hits@10 |
+------------+--------+--------+--------+--------+---------+
|     0      | 0.246  | 0.1419 | 0.2865 |  0.36  |  0.452  |
|     1      | 0.1745 | 0.1034 | 0.1904 | 0.2375 |  0.319  |
|     2      | 0.1811 | 0.1087 | 0.2024 | 0.2541 |  0.3223 |
|     3      | 0.192  | 0.1197 | 0.2153 | 0.2626 |  0.3297 |
|     4      | 0.2139 | 0.1325 | 0.2434 | 0.2996 |  0.3733 |
+------------+--------+--------+--------+--------+---------+]
2024-12-31 15:55:30,680 INFO    : Report Result:
+----------+--------------------+-----------+--------------+--------------+---------------+
| Snapshot |        Time        | Whole_MRR | Whole_Hits@1 | Whole_Hits@3 | Whole_Hits@10 |
+----------+--------------------+-----------+--------------+--------------+---------------+
|    0     | 206.37767219543457 |   0.246   |    0.142     |    0.286     |     0.452     |
|    1     | 182.5705714225769  |   0.236   |    0.136     |    0.273     |     0.433     |
|    2     | 241.9217700958252  |   0.229   |    0.133     |    0.264     |     0.419     |
|    3     | 119.25489330291748 |   0.225   |    0.131     |    0.259     |     0.409     |
|    4     | 83.23651599884033  |   0.224   |    0.132     |    0.257     |     0.406     |
+----------+--------------------+-----------+--------------+--------------+---------------+
2024-12-31 15:55:30,680 INFO    : Sum_Training_Time:833.3614230155945
2024-12-31 15:55:30,681 INFO    : Every_Training_Time:[206.37767219543457, 182.5705714225769, 241.9217700958252, 119.25489330291748, 83.23651599884033]
2024-12-31 15:55:30,681 INFO    : Forward transfer: 0.1492 Backward transfer: 0.0
