2024-10-10 16:36:46,794 INFO    : Namespace(batch_size='1024', data_path='./data/FB_CKGE/', dataset='FB_CKGE', debug=False, device=device(type='cuda', index=0), emb_dim=200, ent_r='200', epoch_num=200, explore=False, gpu='0', l2=0.0, learning_rate='1e-1', log_path='./logs/FB_CKGE 200 20 1e-1 1024/FB_CKGE 20241010163636', logger=<RootLogger root (INFO)>, margin=8.0, model_name='LoraKGE_Layers', multi_layers_path='train_sorted_by_edges_betweenness.txt', neg_ratio=10, note='', num_ent_layers='20', num_layer=1, num_rel_layers='1', patience=3, predict_result='True', r=100, r_fixed=True, random_seed=3407, record=False, rel_r='20', save_path='./checkpoint/FB_CKGE', skip_previous='False', snapshot_num=5, train_new=True, using_multi_layers=False, using_various_ranks='True', using_various_ranks_reverse=False, valid_metrics='mrr')
2024-10-10 16:37:07,063 INFO    : Snapshot:0	0	3	Epoch:0	Loss:91.268	MRR:22.64	Hits@10:42.62	Best:22.64
2024-10-10 16:37:24,130 INFO    : Snapshot:0	0	3	Epoch:1	Loss:17.198	MRR:24.74	Hits@10:45.16	Best:24.74
2024-10-10 16:37:41,694 INFO    : Snapshot:0	1	3	Epoch:2	Loss:7.016	MRR:23.93	Hits@10:44.13	Best:24.74
2024-10-10 16:37:58,202 INFO    : Snapshot:0	2	3	Epoch:3	Loss:4.7	MRR:23.72	Hits@10:43.5	Best:24.74
2024-10-10 16:38:16,326 INFO    : Early Stopping! Snapshot:0 Epoch: 4 Best Results: 24.74
2024-10-10 16:38:16,436 INFO    : => loading checkpoint './checkpoint/FB_CKGE\0model_best.tar'
2024-10-10 16:38:35,766 INFO    : 
+------------+-------+--------+--------+--------+---------+
| Snapshot:0 |  MRR  | Hits@1 | Hits@3 | Hits@5 | Hits@10 |
+------------+-------+--------+--------+--------+---------+
|     0      | 0.246 | 0.1419 | 0.2865 |  0.36  |  0.452  |
+------------+-------+--------+--------+--------+---------+
2024-10-10 16:38:47,424 INFO    : Snapshot:1	0	3	Epoch:0	Loss:9.854	MRR:11.41	Hits@10:20.99	Best:11.41
2024-10-10 16:38:51,853 INFO    : Snapshot:1	0	3	Epoch:1	Loss:2.639	MRR:13.48	Hits@10:25.47	Best:13.48
2024-10-10 16:38:56,235 INFO    : Snapshot:1	0	3	Epoch:2	Loss:1.775	MRR:14.49	Hits@10:27.04	Best:14.49
2024-10-10 16:39:00,659 INFO    : Snapshot:1	0	3	Epoch:3	Loss:1.428	MRR:15.03	Hits@10:28.4	Best:15.03
2024-10-10 16:39:04,933 INFO    : Snapshot:1	0	3	Epoch:4	Loss:1.244	MRR:15.35	Hits@10:28.88	Best:15.35
2024-10-10 16:39:09,420 INFO    : Snapshot:1	0	3	Epoch:5	Loss:1.093	MRR:15.56	Hits@10:29.79	Best:15.56
2024-10-10 16:39:13,900 INFO    : Snapshot:1	0	3	Epoch:6	Loss:1.002	MRR:15.7	Hits@10:29.79	Best:15.7
2024-10-10 16:39:18,170 INFO    : Snapshot:1	0	3	Epoch:7	Loss:0.928	MRR:15.92	Hits@10:30.46	Best:15.92
2024-10-10 16:39:22,501 INFO    : Snapshot:1	0	3	Epoch:8	Loss:0.879	MRR:16.02	Hits@10:30.44	Best:16.02
2024-10-10 16:39:26,638 INFO    : Snapshot:1	0	3	Epoch:9	Loss:0.812	MRR:16.13	Hits@10:30.39	Best:16.13
2024-10-10 16:39:30,862 INFO    : Snapshot:1	0	3	Epoch:10	Loss:0.796	MRR:16.33	Hits@10:30.52	Best:16.33
2024-10-10 16:39:35,091 INFO    : Snapshot:1	1	3	Epoch:11	Loss:0.758	MRR:16.21	Hits@10:30.66	Best:16.33
2024-10-10 16:39:39,447 INFO    : Snapshot:1	0	3	Epoch:12	Loss:0.738	MRR:16.43	Hits@10:31.23	Best:16.43
2024-10-10 16:39:43,716 INFO    : Snapshot:1	0	3	Epoch:13	Loss:0.714	MRR:16.58	Hits@10:31.47	Best:16.58
2024-10-10 16:39:47,924 INFO    : Snapshot:1	1	3	Epoch:14	Loss:0.699	MRR:16.38	Hits@10:31.09	Best:16.58
2024-10-10 16:39:52,352 INFO    : Snapshot:1	0	3	Epoch:15	Loss:0.685	MRR:16.74	Hits@10:31.4	Best:16.74
2024-10-10 16:39:56,729 INFO    : Snapshot:1	1	3	Epoch:16	Loss:0.658	MRR:16.61	Hits@10:31.32	Best:16.74
2024-10-10 16:40:00,978 INFO    : Snapshot:1	2	3	Epoch:17	Loss:0.642	MRR:16.68	Hits@10:31.4	Best:16.74
2024-10-10 16:40:05,291 INFO    : Early Stopping! Snapshot:1 Epoch: 18 Best Results: 16.74
2024-10-10 16:40:05,401 INFO    : => loading checkpoint './checkpoint/FB_CKGE\1model_best.tar'
2024-10-10 16:40:30,776 INFO    : 
+------------+-------+--------+--------+--------+---------+
| Snapshot:1 |  MRR  | Hits@1 | Hits@3 | Hits@5 | Hits@10 |
+------------+-------+--------+--------+--------+---------+
|     0      | 0.246 | 0.1419 | 0.2865 |  0.36  |  0.452  |
|     1      | 0.175 | 0.1042 | 0.1916 | 0.2415 |  0.316  |
+------------+-------+--------+--------+--------+---------+
2024-10-10 16:40:43,352 INFO    : Snapshot:2	0	3	Epoch:0	Loss:6.983	MRR:17.43	Hits@10:30.88	Best:17.43
2024-10-10 16:40:48,149 INFO    : Snapshot:2	0	3	Epoch:1	Loss:2.94	MRR:17.64	Hits@10:31.3	Best:17.64
2024-10-10 16:40:52,824 INFO    : Snapshot:2	0	3	Epoch:2	Loss:2.497	MRR:17.71	Hits@10:31.33	Best:17.71
2024-10-10 16:40:57,541 INFO    : Snapshot:2	0	3	Epoch:3	Loss:2.282	MRR:17.81	Hits@10:31.34	Best:17.81
2024-10-10 16:41:02,448 INFO    : Snapshot:2	0	3	Epoch:4	Loss:2.186	MRR:17.98	Hits@10:31.67	Best:17.98
2024-10-10 16:41:07,465 INFO    : Snapshot:2	0	3	Epoch:5	Loss:2.111	MRR:17.99	Hits@10:31.77	Best:17.99
2024-10-10 16:41:12,102 INFO    : Snapshot:2	1	3	Epoch:6	Loss:2.042	MRR:17.95	Hits@10:31.71	Best:17.99
2024-10-10 16:41:16,646 INFO    : Snapshot:2	2	3	Epoch:7	Loss:2.002	MRR:17.94	Hits@10:31.63	Best:17.99
2024-10-10 16:41:21,276 INFO    : Snapshot:2	0	3	Epoch:8	Loss:1.973	MRR:18.07	Hits@10:31.86	Best:18.07
2024-10-10 16:41:25,960 INFO    : Snapshot:2	1	3	Epoch:9	Loss:1.959	MRR:17.99	Hits@10:31.66	Best:18.07
2024-10-10 16:41:30,695 INFO    : Snapshot:2	0	3	Epoch:10	Loss:1.93	MRR:18.13	Hits@10:31.72	Best:18.13
2024-10-10 16:41:35,474 INFO    : Snapshot:2	1	3	Epoch:11	Loss:1.91	MRR:18.12	Hits@10:31.94	Best:18.13
2024-10-10 16:41:40,151 INFO    : Snapshot:2	2	3	Epoch:12	Loss:1.888	MRR:18.09	Hits@10:31.93	Best:18.13
2024-10-10 16:41:44,796 INFO    : Early Stopping! Snapshot:2 Epoch: 13 Best Results: 18.13
2024-10-10 16:41:44,912 INFO    : => loading checkpoint './checkpoint/FB_CKGE\2model_best.tar'
2024-10-10 16:42:12,961 INFO    : 
+------------+--------+--------+--------+--------+---------+
| Snapshot:2 |  MRR   | Hits@1 | Hits@3 | Hits@5 | Hits@10 |
+------------+--------+--------+--------+--------+---------+
|     0      | 0.246  | 0.1419 | 0.2865 |  0.36  |  0.452  |
|     1      | 0.175  | 0.1042 | 0.1916 | 0.2415 |  0.316  |
|     2      | 0.1793 | 0.1091 | 0.1978 | 0.2499 |  0.3157 |
+------------+--------+--------+--------+--------+---------+
2024-10-10 16:42:25,706 INFO    : Snapshot:3	0	3	Epoch:0	Loss:4.962	MRR:18.69	Hits@10:32.43	Best:18.69
2024-10-10 16:42:30,479 INFO    : Snapshot:3	0	3	Epoch:1	Loss:3.124	MRR:18.77	Hits@10:32.5	Best:18.77
2024-10-10 16:42:35,234 INFO    : Snapshot:3	1	3	Epoch:2	Loss:2.891	MRR:18.77	Hits@10:32.48	Best:18.77
2024-10-10 16:42:40,025 INFO    : Snapshot:3	0	3	Epoch:3	Loss:2.774	MRR:18.78	Hits@10:32.59	Best:18.78
2024-10-10 16:42:44,855 INFO    : Snapshot:3	0	3	Epoch:4	Loss:2.754	MRR:18.81	Hits@10:32.66	Best:18.81
2024-10-10 16:42:49,739 INFO    : Snapshot:3	0	3	Epoch:5	Loss:2.711	MRR:18.82	Hits@10:32.61	Best:18.82
2024-10-10 16:42:54,635 INFO    : Snapshot:3	0	3	Epoch:6	Loss:2.693	MRR:18.87	Hits@10:32.6	Best:18.87
2024-10-10 16:42:59,539 INFO    : Snapshot:3	0	3	Epoch:7	Loss:2.686	MRR:18.92	Hits@10:32.63	Best:18.92
2024-10-10 16:43:04,378 INFO    : Snapshot:3	1	3	Epoch:8	Loss:2.66	MRR:18.92	Hits@10:32.62	Best:18.92
2024-10-10 16:43:09,138 INFO    : Snapshot:3	2	3	Epoch:9	Loss:2.662	MRR:18.9	Hits@10:32.73	Best:18.92
2024-10-10 16:43:13,970 INFO    : Early Stopping! Snapshot:3 Epoch: 10 Best Results: 18.92
2024-10-10 16:43:14,083 INFO    : => loading checkpoint './checkpoint/FB_CKGE\3model_best.tar'
2024-10-10 16:43:49,616 INFO    : 
+------------+--------+--------+--------+--------+---------+
| Snapshot:3 |  MRR   | Hits@1 | Hits@3 | Hits@5 | Hits@10 |
+------------+--------+--------+--------+--------+---------+
|     0      | 0.246  | 0.1419 | 0.2865 |  0.36  |  0.452  |
|     1      | 0.175  | 0.1042 | 0.1916 | 0.2415 |  0.316  |
|     2      | 0.1793 | 0.1091 | 0.1978 | 0.2499 |  0.3157 |
|     3      | 0.1889 | 0.1182 | 0.2096 | 0.2564 |  0.324  |
+------------+--------+--------+--------+--------+---------+
2024-10-10 16:44:03,356 INFO    : Snapshot:4	0	3	Epoch:0	Loss:3.852	MRR:19.87	Hits@10:33.17	Best:19.87
2024-10-10 16:44:08,827 INFO    : Snapshot:4	1	3	Epoch:1	Loss:3.245	MRR:19.84	Hits@10:33.16	Best:19.87
2024-10-10 16:44:13,971 INFO    : Snapshot:4	2	3	Epoch:2	Loss:3.121	MRR:19.85	Hits@10:33.14	Best:19.87
2024-10-10 16:44:19,223 INFO    : Early Stopping! Snapshot:4 Epoch: 3 Best Results: 19.87
2024-10-10 16:44:19,344 INFO    : => loading checkpoint './checkpoint/FB_CKGE\4model_best.tar'
2024-10-10 16:45:03,436 INFO    : 
+------------+--------+--------+--------+--------+---------+
| Snapshot:4 |  MRR   | Hits@1 | Hits@3 | Hits@5 | Hits@10 |
+------------+--------+--------+--------+--------+---------+
|     0      | 0.246  | 0.1419 | 0.2865 |  0.36  |  0.452  |
|     1      | 0.175  | 0.1042 | 0.1916 | 0.2415 |  0.316  |
|     2      | 0.1793 | 0.1091 | 0.1978 | 0.2499 |  0.3157 |
|     3      | 0.1889 | 0.1182 | 0.2096 | 0.2564 |  0.324  |
|     4      | 0.2156 | 0.1345 | 0.2463 | 0.2985 |  0.3737 |
+------------+--------+--------+--------+--------+---------+
2024-10-10 16:45:03,438 INFO    : Final Result:
[+------------+-------+--------+--------+--------+---------+
| Snapshot:0 |  MRR  | Hits@1 | Hits@3 | Hits@5 | Hits@10 |
+------------+-------+--------+--------+--------+---------+
|     0      | 0.246 | 0.1419 | 0.2865 |  0.36  |  0.452  |
+------------+-------+--------+--------+--------+---------+, +------------+-------+--------+--------+--------+---------+
| Snapshot:1 |  MRR  | Hits@1 | Hits@3 | Hits@5 | Hits@10 |
+------------+-------+--------+--------+--------+---------+
|     0      | 0.246 | 0.1419 | 0.2865 |  0.36  |  0.452  |
|     1      | 0.175 | 0.1042 | 0.1916 | 0.2415 |  0.316  |
+------------+-------+--------+--------+--------+---------+, +------------+--------+--------+--------+--------+---------+
| Snapshot:2 |  MRR   | Hits@1 | Hits@3 | Hits@5 | Hits@10 |
+------------+--------+--------+--------+--------+---------+
|     0      | 0.246  | 0.1419 | 0.2865 |  0.36  |  0.452  |
|     1      | 0.175  | 0.1042 | 0.1916 | 0.2415 |  0.316  |
|     2      | 0.1793 | 0.1091 | 0.1978 | 0.2499 |  0.3157 |
+------------+--------+--------+--------+--------+---------+, +------------+--------+--------+--------+--------+---------+
| Snapshot:3 |  MRR   | Hits@1 | Hits@3 | Hits@5 | Hits@10 |
+------------+--------+--------+--------+--------+---------+
|     0      | 0.246  | 0.1419 | 0.2865 |  0.36  |  0.452  |
|     1      | 0.175  | 0.1042 | 0.1916 | 0.2415 |  0.316  |
|     2      | 0.1793 | 0.1091 | 0.1978 | 0.2499 |  0.3157 |
|     3      | 0.1889 | 0.1182 | 0.2096 | 0.2564 |  0.324  |
+------------+--------+--------+--------+--------+---------+, +------------+--------+--------+--------+--------+---------+
| Snapshot:4 |  MRR   | Hits@1 | Hits@3 | Hits@5 | Hits@10 |
+------------+--------+--------+--------+--------+---------+
|     0      | 0.246  | 0.1419 | 0.2865 |  0.36  |  0.452  |
|     1      | 0.175  | 0.1042 | 0.1916 | 0.2415 |  0.316  |
|     2      | 0.1793 | 0.1091 | 0.1978 | 0.2499 |  0.3157 |
|     3      | 0.1889 | 0.1182 | 0.2096 | 0.2564 |  0.324  |
|     4      | 0.2156 | 0.1345 | 0.2463 | 0.2985 |  0.3737 |
+------------+--------+--------+--------+--------+---------+]
2024-10-10 16:45:03,438 INFO    : Report Result:
+----------+-------------------+-----------+--------------+--------------+---------------+
| Snapshot |        Time       | Whole_MRR | Whole_Hits@1 | Whole_Hits@3 | Whole_Hits@10 |
+----------+-------------------+-----------+--------------+--------------+---------------+
|    0     | 89.53137755393982 |   0.246   |    0.142     |    0.286     |     0.452     |
|    1     |  84.5820529460907 |   0.236   |    0.137     |    0.273     |     0.433     |
|    2     | 69.08757972717285 |   0.229   |    0.133     |    0.264     |     0.418     |
|    3     | 56.28179454803467 |   0.224   |    0.131     |    0.258     |     0.408     |
|    4     | 24.27277159690857 |   0.223   |    0.132     |    0.256     |     0.404     |
+----------+-------------------+-----------+--------------+--------------+---------------+
2024-10-10 16:45:03,439 INFO    : Sum_Training_Time:323.7555763721466
2024-10-10 16:45:03,439 INFO    : Every_Training_Time:[89.53137755393982, 84.5820529460907, 69.08757972717285, 56.28179454803467, 24.27277159690857]
2024-10-10 16:45:03,439 INFO    : Forward transfer: 0.14892499999999997 Backward transfer: 0.0
