2024-09-25 15:46:16,416 INFO    : Namespace(batch_size=1024, data_path='./data/FB_CKGE/', dataset='FB_CKGE', debug=False, device=device(type='cuda', index=0), emb_dim=200, ent_r='200', epoch_num=200, explore=False, gpu='0', l2=0.0, learning_rate='1e-1', log_path='./logs/FB_CKGE 200 20 1e-1 1024/FB_CKGE 20240925154606', logger=<RootLogger root (INFO)>, margin=8.0, model_name='LoraKGE_Layers', multi_layers_path='train_sorted_by_edges_betweenness.txt', neg_ratio=10, note='', num_ent_layers='20', num_layer=1, num_rel_layers='1', patience=3, predict_result='True', r=100, r_fixed=True, random_seed=3407, record=False, rel_r='20', save_path='./checkpoint/FB_CKGE', skip_previous='False', snapshot_num=5, train_new=True, using_multi_layers=False, using_various_ranks='True', using_various_ranks_reverse=False, valid_metrics='mrr')
2024-09-25 15:46:36,501 INFO    : Snapshot:0	0	3	Epoch:0	Loss:91.268	MRR:22.64	Hits@10:42.62	Best:22.64
2024-09-25 15:46:53,032 INFO    : Snapshot:0	0	3	Epoch:1	Loss:17.198	MRR:24.74	Hits@10:45.16	Best:24.74
2024-09-25 15:47:09,411 INFO    : Snapshot:0	1	3	Epoch:2	Loss:7.016	MRR:23.93	Hits@10:44.13	Best:24.74
2024-09-25 15:47:25,503 INFO    : Snapshot:0	2	3	Epoch:3	Loss:4.7	MRR:23.72	Hits@10:43.5	Best:24.74
2024-09-25 15:47:42,035 INFO    : Early Stopping! Snapshot:0 Epoch: 4 Best Results: 24.74
2024-09-25 15:47:42,148 INFO    : => loading checkpoint './checkpoint/FB_CKGE\0model_best.tar'
2024-09-25 15:48:00,474 INFO    : 
+------------+-------+--------+--------+--------+---------+
| Snapshot:0 |  MRR  | Hits@1 | Hits@3 | Hits@5 | Hits@10 |
+------------+-------+--------+--------+--------+---------+
|     0      | 0.246 | 0.1419 | 0.2865 |  0.36  |  0.452  |
+------------+-------+--------+--------+--------+---------+
2024-09-25 15:48:11,970 INFO    : Snapshot:1	0	3	Epoch:0	Loss:9.89	MRR:11.31	Hits@10:20.81	Best:11.31
2024-09-25 15:48:15,995 INFO    : Snapshot:1	0	3	Epoch:1	Loss:2.642	MRR:13.34	Hits@10:25.16	Best:13.34
2024-09-25 15:48:19,996 INFO    : Snapshot:1	0	3	Epoch:2	Loss:1.779	MRR:14.24	Hits@10:27.17	Best:14.24
2024-09-25 15:48:24,035 INFO    : Snapshot:1	0	3	Epoch:3	Loss:1.424	MRR:15.11	Hits@10:28.25	Best:15.11
2024-09-25 15:48:28,076 INFO    : Snapshot:1	0	3	Epoch:4	Loss:1.235	MRR:15.29	Hits@10:28.98	Best:15.29
2024-09-25 15:48:32,155 INFO    : Snapshot:1	0	3	Epoch:5	Loss:1.089	MRR:15.87	Hits@10:29.91	Best:15.87
2024-09-25 15:48:36,038 INFO    : Snapshot:1	1	3	Epoch:6	Loss:0.999	MRR:15.87	Hits@10:29.99	Best:15.87
2024-09-25 15:48:40,099 INFO    : Snapshot:1	0	3	Epoch:7	Loss:0.916	MRR:15.95	Hits@10:29.62	Best:15.95
2024-09-25 15:48:44,155 INFO    : Snapshot:1	1	3	Epoch:8	Loss:0.883	MRR:15.95	Hits@10:30.33	Best:15.95
2024-09-25 15:48:48,352 INFO    : Snapshot:1	0	3	Epoch:9	Loss:0.819	MRR:16.11	Hits@10:30.6	Best:16.11
2024-09-25 15:48:52,645 INFO    : Snapshot:1	0	3	Epoch:10	Loss:0.803	MRR:16.33	Hits@10:30.82	Best:16.33
2024-09-25 15:48:56,817 INFO    : Snapshot:1	1	3	Epoch:11	Loss:0.763	MRR:16.24	Hits@10:30.59	Best:16.33
2024-09-25 15:49:00,817 INFO    : Snapshot:1	0	3	Epoch:12	Loss:0.741	MRR:16.37	Hits@10:31.04	Best:16.37
2024-09-25 15:49:04,856 INFO    : Snapshot:1	0	3	Epoch:13	Loss:0.711	MRR:16.42	Hits@10:30.9	Best:16.42
2024-09-25 15:49:08,920 INFO    : Snapshot:1	0	3	Epoch:14	Loss:0.699	MRR:16.51	Hits@10:31.25	Best:16.51
2024-09-25 15:49:13,012 INFO    : Snapshot:1	1	3	Epoch:15	Loss:0.68	MRR:16.48	Hits@10:31.12	Best:16.51
2024-09-25 15:49:17,299 INFO    : Snapshot:1	2	3	Epoch:16	Loss:0.656	MRR:16.49	Hits@10:31.3	Best:16.51
2024-09-25 15:49:21,594 INFO    : Snapshot:1	0	3	Epoch:17	Loss:0.645	MRR:16.57	Hits@10:31.15	Best:16.57
2024-09-25 15:49:26,001 INFO    : Snapshot:1	0	3	Epoch:18	Loss:0.633	MRR:16.65	Hits@10:31.76	Best:16.65
2024-09-25 15:49:30,103 INFO    : Snapshot:1	1	3	Epoch:19	Loss:0.613	MRR:16.62	Hits@10:31.59	Best:16.65
2024-09-25 15:49:34,165 INFO    : Snapshot:1	0	3	Epoch:20	Loss:0.603	MRR:16.75	Hits@10:31.39	Best:16.75
2024-09-25 15:49:38,293 INFO    : Snapshot:1	1	3	Epoch:21	Loss:0.601	MRR:16.75	Hits@10:31.51	Best:16.75
2024-09-25 15:49:42,628 INFO    : Snapshot:1	0	3	Epoch:22	Loss:0.59	MRR:16.81	Hits@10:31.59	Best:16.81
2024-09-25 15:49:46,821 INFO    : Snapshot:1	0	3	Epoch:23	Loss:0.582	MRR:16.82	Hits@10:31.45	Best:16.82
2024-09-25 15:49:51,029 INFO    : Snapshot:1	1	3	Epoch:24	Loss:0.555	MRR:16.66	Hits@10:31.55	Best:16.82
2024-09-25 15:49:55,174 INFO    : Snapshot:1	2	3	Epoch:25	Loss:0.566	MRR:16.82	Hits@10:31.97	Best:16.82
2024-09-25 15:49:59,398 INFO    : Snapshot:1	0	3	Epoch:26	Loss:0.554	MRR:16.94	Hits@10:31.5	Best:16.94
2024-09-25 15:50:03,493 INFO    : Snapshot:1	1	3	Epoch:27	Loss:0.543	MRR:16.91	Hits@10:31.85	Best:16.94
2024-09-25 15:50:07,415 INFO    : Snapshot:1	2	3	Epoch:28	Loss:0.54	MRR:16.89	Hits@10:31.7	Best:16.94
2024-09-25 15:50:11,503 INFO    : Snapshot:1	0	3	Epoch:29	Loss:0.533	MRR:16.99	Hits@10:31.81	Best:16.99
2024-09-25 15:50:15,617 INFO    : Snapshot:1	1	3	Epoch:30	Loss:0.537	MRR:16.96	Hits@10:31.86	Best:16.99
2024-09-25 15:50:19,727 INFO    : Snapshot:1	0	3	Epoch:31	Loss:0.528	MRR:17.07	Hits@10:31.96	Best:17.07
2024-09-25 15:50:23,743 INFO    : Snapshot:1	1	3	Epoch:32	Loss:0.508	MRR:16.9	Hits@10:31.54	Best:17.07
2024-09-25 15:50:27,736 INFO    : Snapshot:1	2	3	Epoch:33	Loss:0.52	MRR:16.91	Hits@10:31.66	Best:17.07
2024-09-25 15:50:31,691 INFO    : Snapshot:1	0	3	Epoch:34	Loss:0.519	MRR:17.12	Hits@10:32.16	Best:17.12
2024-09-25 15:50:35,617 INFO    : Snapshot:1	1	3	Epoch:35	Loss:0.521	MRR:17.09	Hits@10:32.07	Best:17.12
2024-09-25 15:50:39,569 INFO    : Snapshot:1	2	3	Epoch:36	Loss:0.501	MRR:17.12	Hits@10:31.93	Best:17.12
2024-09-25 15:50:43,520 INFO    : Early Stopping! Snapshot:1 Epoch: 37 Best Results: 17.12
2024-09-25 15:50:43,631 INFO    : => loading checkpoint './checkpoint/FB_CKGE\1model_best.tar'
2024-09-25 15:51:07,013 INFO    : 
+------------+--------+--------+--------+--------+---------+
| Snapshot:1 |  MRR   | Hits@1 | Hits@3 | Hits@5 | Hits@10 |
+------------+--------+--------+--------+--------+---------+
|     0      | 0.246  | 0.1419 | 0.2865 |  0.36  |  0.452  |
|     1      | 0.1786 | 0.1039 | 0.1965 | 0.2483 |  0.3262 |
+------------+--------+--------+--------+--------+---------+
2024-09-25 15:51:19,834 INFO    : Snapshot:2	0	3	Epoch:0	Loss:7.004	MRR:17.67	Hits@10:30.82	Best:17.67
2024-09-25 15:51:24,631 INFO    : Snapshot:2	0	3	Epoch:1	Loss:2.93	MRR:17.9	Hits@10:31.19	Best:17.9
2024-09-25 15:51:29,440 INFO    : Snapshot:2	1	3	Epoch:2	Loss:2.459	MRR:17.89	Hits@10:31.39	Best:17.9
2024-09-25 15:51:34,136 INFO    : Snapshot:2	0	3	Epoch:3	Loss:2.267	MRR:18.01	Hits@10:31.63	Best:18.01
2024-09-25 15:51:39,198 INFO    : Snapshot:2	0	3	Epoch:4	Loss:2.158	MRR:18.03	Hits@10:31.67	Best:18.03
2024-09-25 15:51:43,950 INFO    : Snapshot:2	1	3	Epoch:5	Loss:2.092	MRR:17.93	Hits@10:31.68	Best:18.03
2024-09-25 15:51:48,711 INFO    : Snapshot:2	0	3	Epoch:6	Loss:2.031	MRR:18.05	Hits@10:31.91	Best:18.05
2024-09-25 15:51:53,367 INFO    : Snapshot:2	0	3	Epoch:7	Loss:1.99	MRR:18.16	Hits@10:31.83	Best:18.16
2024-09-25 15:51:58,069 INFO    : Snapshot:2	1	3	Epoch:8	Loss:1.957	MRR:18.16	Hits@10:31.84	Best:18.16
2024-09-25 15:52:02,694 INFO    : Snapshot:2	2	3	Epoch:9	Loss:1.934	MRR:18.15	Hits@10:31.81	Best:18.16
2024-09-25 15:52:07,290 INFO    : Snapshot:2	0	3	Epoch:10	Loss:1.9	MRR:18.21	Hits@10:31.84	Best:18.21
2024-09-25 15:52:11,826 INFO    : Snapshot:2	1	3	Epoch:11	Loss:1.899	MRR:18.17	Hits@10:31.88	Best:18.21
2024-09-25 15:52:16,306 INFO    : Snapshot:2	0	3	Epoch:12	Loss:1.89	MRR:18.32	Hits@10:32.02	Best:18.32
2024-09-25 15:52:20,740 INFO    : Snapshot:2	1	3	Epoch:13	Loss:1.87	MRR:18.3	Hits@10:32.0	Best:18.32
2024-09-25 15:52:25,218 INFO    : Snapshot:2	2	3	Epoch:14	Loss:1.853	MRR:18.25	Hits@10:31.94	Best:18.32
2024-09-25 15:52:29,667 INFO    : Early Stopping! Snapshot:2 Epoch: 15 Best Results: 18.32
2024-09-25 15:52:29,780 INFO    : => loading checkpoint './checkpoint/FB_CKGE\2model_best.tar'
2024-09-25 15:52:59,077 INFO    : 
+------------+--------+--------+--------+--------+---------+
| Snapshot:2 |  MRR   | Hits@1 | Hits@3 | Hits@5 | Hits@10 |
+------------+--------+--------+--------+--------+---------+
|     0      | 0.246  | 0.1419 | 0.2865 |  0.36  |  0.452  |
|     1      | 0.1786 | 0.1039 | 0.1965 | 0.2483 |  0.3262 |
|     2      | 0.1826 | 0.1102 | 0.2039 | 0.2534 |  0.3248 |
+------------+--------+--------+--------+--------+---------+
2024-09-25 15:53:12,376 INFO    : Snapshot:3	0	3	Epoch:0	Loss:4.993	MRR:18.95	Hits@10:33.13	Best:18.95
2024-09-25 15:53:17,337 INFO    : Snapshot:3	0	3	Epoch:1	Loss:3.103	MRR:19.07	Hits@10:33.28	Best:19.07
2024-09-25 15:53:22,344 INFO    : Snapshot:3	1	3	Epoch:2	Loss:2.881	MRR:19.0	Hits@10:33.32	Best:19.07
2024-09-25 15:53:27,271 INFO    : Snapshot:3	2	3	Epoch:3	Loss:2.781	MRR:19.05	Hits@10:33.34	Best:19.07
2024-09-25 15:53:32,367 INFO    : Early Stopping! Snapshot:3 Epoch: 4 Best Results: 19.07
2024-09-25 15:53:32,480 INFO    : => loading checkpoint './checkpoint/FB_CKGE\3model_best.tar'
2024-09-25 15:54:06,169 INFO    : 
+------------+--------+--------+--------+--------+---------+
| Snapshot:3 |  MRR   | Hits@1 | Hits@3 | Hits@5 | Hits@10 |
+------------+--------+--------+--------+--------+---------+
|     0      | 0.246  | 0.1419 | 0.2865 |  0.36  |  0.452  |
|     1      | 0.1786 | 0.1039 | 0.1965 | 0.2483 |  0.3262 |
|     2      | 0.1826 | 0.1102 | 0.2039 | 0.2534 |  0.3248 |
|     3      | 0.1888 | 0.1157 | 0.2126 | 0.2621 |  0.3298 |
+------------+--------+--------+--------+--------+---------+
2024-09-25 15:54:19,911 INFO    : Snapshot:4	0	3	Epoch:0	Loss:3.901	MRR:20.11	Hits@10:33.34	Best:20.11
2024-09-25 15:54:24,891 INFO    : Snapshot:4	0	3	Epoch:1	Loss:3.267	MRR:20.15	Hits@10:33.42	Best:20.15
2024-09-25 15:54:29,806 INFO    : Snapshot:4	1	3	Epoch:2	Loss:3.169	MRR:20.15	Hits@10:33.38	Best:20.15
2024-09-25 15:54:34,781 INFO    : Snapshot:4	0	3	Epoch:3	Loss:3.16	MRR:20.18	Hits@10:33.39	Best:20.18
2024-09-25 15:54:40,085 INFO    : Snapshot:4	1	3	Epoch:4	Loss:3.141	MRR:20.16	Hits@10:33.41	Best:20.18
2024-09-25 15:54:45,559 INFO    : Snapshot:4	0	3	Epoch:5	Loss:3.117	MRR:20.19	Hits@10:33.38	Best:20.19
2024-09-25 15:54:50,804 INFO    : Snapshot:4	1	3	Epoch:6	Loss:3.127	MRR:20.18	Hits@10:33.38	Best:20.19
2024-09-25 15:54:56,049 INFO    : Snapshot:4	2	3	Epoch:7	Loss:3.121	MRR:20.16	Hits@10:33.41	Best:20.19
2024-09-25 15:55:01,285 INFO    : Early Stopping! Snapshot:4 Epoch: 8 Best Results: 20.19
2024-09-25 15:55:01,395 INFO    : => loading checkpoint './checkpoint/FB_CKGE\4model_best.tar'
2024-09-25 15:55:41,869 INFO    : 
+------------+--------+--------+--------+--------+---------+
| Snapshot:4 |  MRR   | Hits@1 | Hits@3 | Hits@5 | Hits@10 |
+------------+--------+--------+--------+--------+---------+
|     0      | 0.246  | 0.1419 | 0.2865 |  0.36  |  0.452  |
|     1      | 0.1786 | 0.1039 | 0.1965 | 0.2483 |  0.3262 |
|     2      | 0.1826 | 0.1102 | 0.2039 | 0.2534 |  0.3248 |
|     3      | 0.1888 | 0.1157 | 0.2126 | 0.2621 |  0.3298 |
|     4      | 0.2138 | 0.1318 | 0.246  | 0.2997 |  0.373  |
+------------+--------+--------+--------+--------+---------+
2024-09-25 15:55:41,871 INFO    : Final Result:
[+------------+-------+--------+--------+--------+---------+
| Snapshot:0 |  MRR  | Hits@1 | Hits@3 | Hits@5 | Hits@10 |
+------------+-------+--------+--------+--------+---------+
|     0      | 0.246 | 0.1419 | 0.2865 |  0.36  |  0.452  |
+------------+-------+--------+--------+--------+---------+, +------------+--------+--------+--------+--------+---------+
| Snapshot:1 |  MRR   | Hits@1 | Hits@3 | Hits@5 | Hits@10 |
+------------+--------+--------+--------+--------+---------+
|     0      | 0.246  | 0.1419 | 0.2865 |  0.36  |  0.452  |
|     1      | 0.1786 | 0.1039 | 0.1965 | 0.2483 |  0.3262 |
+------------+--------+--------+--------+--------+---------+, +------------+--------+--------+--------+--------+---------+
| Snapshot:2 |  MRR   | Hits@1 | Hits@3 | Hits@5 | Hits@10 |
+------------+--------+--------+--------+--------+---------+
|     0      | 0.246  | 0.1419 | 0.2865 |  0.36  |  0.452  |
|     1      | 0.1786 | 0.1039 | 0.1965 | 0.2483 |  0.3262 |
|     2      | 0.1826 | 0.1102 | 0.2039 | 0.2534 |  0.3248 |
+------------+--------+--------+--------+--------+---------+, +------------+--------+--------+--------+--------+---------+
| Snapshot:3 |  MRR   | Hits@1 | Hits@3 | Hits@5 | Hits@10 |
+------------+--------+--------+--------+--------+---------+
|     0      | 0.246  | 0.1419 | 0.2865 |  0.36  |  0.452  |
|     1      | 0.1786 | 0.1039 | 0.1965 | 0.2483 |  0.3262 |
|     2      | 0.1826 | 0.1102 | 0.2039 | 0.2534 |  0.3248 |
|     3      | 0.1888 | 0.1157 | 0.2126 | 0.2621 |  0.3298 |
+------------+--------+--------+--------+--------+---------+, +------------+--------+--------+--------+--------+---------+
| Snapshot:4 |  MRR   | Hits@1 | Hits@3 | Hits@5 | Hits@10 |
+------------+--------+--------+--------+--------+---------+
|     0      | 0.246  | 0.1419 | 0.2865 |  0.36  |  0.452  |
|     1      | 0.1786 | 0.1039 | 0.1965 | 0.2483 |  0.3262 |
|     2      | 0.1826 | 0.1102 | 0.2039 | 0.2534 |  0.3248 |
|     3      | 0.1888 | 0.1157 | 0.2126 | 0.2621 |  0.3298 |
|     4      | 0.2138 | 0.1318 | 0.246  | 0.2997 |  0.373  |
+------------+--------+--------+--------+--------+---------+]
2024-09-25 15:55:41,871 INFO    : Report Result:
+----------+--------------------+-----------+--------------+--------------+---------------+
| Snapshot |        Time        | Whole_MRR | Whole_Hits@1 | Whole_Hits@3 | Whole_Hits@10 |
+----------+--------------------+-----------+--------------+--------------+---------------+
|    0     | 85.61759662628174  |   0.246   |    0.142     |    0.286     |     0.452     |
|    1     | 158.70355653762817 |   0.236   |    0.136     |    0.274     |     0.434     |
|    2     | 77.67172598838806  |    0.23   |    0.133     |    0.265     |      0.42     |
|    3     | 28.18112349510193  |   0.225   |    0.131     |    0.259     |      0.41     |
|    4     | 49.83373951911926  |   0.224   |    0.131     |    0.258     |     0.407     |
+----------+--------------------+-----------+--------------+--------------+---------------+
2024-09-25 15:55:41,871 INFO    : Sum_Training_Time:400.00774216651917
2024-09-25 15:55:41,872 INFO    : Every_Training_Time:[85.61759662628174, 158.70355653762817, 77.67172598838806, 28.18112349510193, 49.83373951911926]
2024-09-25 15:55:41,872 INFO    : Forward transfer: 0.15002500000000002 Backward transfer: 0.0
