2025-01-09 13:18:38,462 INFO    : Namespace(batch_size=1024, data_path='./data/FB_CKGE/', dataset='FB_CKGE', debug=False, device=device(type='cuda', index=0), emb_dim=200, ent_r='200', epoch_num=200, explore=False, gpu='0', l2=0.0, learning_rate='1e-1', log_path='./logs/FB_CKGE 200 20 1e-1 1024/FB_CKGE 20250109131827', logger=<RootLogger root (INFO)>, margin=8.0, model_name='LoraKGE_Layers', multi_layers_path='train_sorted_by_edges_betweenness.txt', neg_ratio=10, note='', num_ent_layers='20', num_layer=1, num_rel_layers='1', patience='10', predict_result=False, r=100, r_fixed=True, random_seed=3407, record=False, rel_r='200', save_path='./checkpoint/FB_CKGE', skip_previous='False', snapshot_num=5, train_new=True, using_multi_layers=False, using_various_ranks='True', using_various_ranks_reverse=False, valid_metrics='mrr')
2025-01-09 13:19:01,906 INFO    : Snapshot:0	0	10	Epoch:0	Loss:91.268	MRR:22.64	Hits@10:42.62	Best:22.64
2025-01-09 13:19:21,177 INFO    : Snapshot:0	0	10	Epoch:1	Loss:17.198	MRR:24.74	Hits@10:45.16	Best:24.74
2025-01-09 13:19:39,636 INFO    : Snapshot:0	1	10	Epoch:2	Loss:7.016	MRR:23.93	Hits@10:44.13	Best:24.74
2025-01-09 13:19:58,265 INFO    : Snapshot:0	2	10	Epoch:3	Loss:4.7	MRR:23.72	Hits@10:43.5	Best:24.74
2025-01-09 13:20:17,210 INFO    : Snapshot:0	3	10	Epoch:4	Loss:3.835	MRR:23.61	Hits@10:43.1	Best:24.74
2025-01-09 13:20:35,619 INFO    : Snapshot:0	4	10	Epoch:5	Loss:3.293	MRR:23.16	Hits@10:42.57	Best:24.74
2025-01-09 13:20:54,280 INFO    : Snapshot:0	5	10	Epoch:6	Loss:2.965	MRR:22.71	Hits@10:42.15	Best:24.74
2025-01-09 13:21:13,206 INFO    : Snapshot:0	6	10	Epoch:7	Loss:2.841	MRR:22.93	Hits@10:42.27	Best:24.74
2025-01-09 13:21:32,163 INFO    : Snapshot:0	7	10	Epoch:8	Loss:2.6	MRR:22.85	Hits@10:42.15	Best:24.74
2025-01-09 13:21:50,824 INFO    : Snapshot:0	8	10	Epoch:9	Loss:2.491	MRR:22.63	Hits@10:41.66	Best:24.74
2025-01-09 13:22:09,673 INFO    : Snapshot:0	9	10	Epoch:10	Loss:2.351	MRR:22.42	Hits@10:41.36	Best:24.74
2025-01-09 13:22:28,989 INFO    : Early Stopping! Snapshot:0 Epoch: 11 Best Results: 24.74
2025-01-09 13:22:29,098 INFO    : => loading checkpoint './checkpoint/FB_CKGE\0model_best.tar'
2025-01-09 13:22:38,615 INFO    : 
+------------+-------+--------+--------+--------+---------+
| Snapshot:0 |  MRR  | Hits@1 | Hits@3 | Hits@5 | Hits@10 |
+------------+-------+--------+--------+--------+---------+
|     0      | 0.246 | 0.1419 | 0.2865 |  0.36  |  0.452  |
+------------+-------+--------+--------+--------+---------+
2025-01-09 13:22:51,135 INFO    : Snapshot:1	0	10	Epoch:0	Loss:10.064	MRR:11.27	Hits@10:20.64	Best:11.27
2025-01-09 13:22:56,011 INFO    : Snapshot:1	0	10	Epoch:1	Loss:2.829	MRR:12.99	Hits@10:24.6	Best:12.99
2025-01-09 13:23:00,997 INFO    : Snapshot:1	0	10	Epoch:2	Loss:1.91	MRR:14.1	Hits@10:26.7	Best:14.1
2025-01-09 13:23:06,014 INFO    : Snapshot:1	0	10	Epoch:3	Loss:1.551	MRR:14.64	Hits@10:27.59	Best:14.64
2025-01-09 13:23:11,016 INFO    : Snapshot:1	0	10	Epoch:4	Loss:1.323	MRR:15.04	Hits@10:28.63	Best:15.04
2025-01-09 13:23:16,221 INFO    : Snapshot:1	0	10	Epoch:5	Loss:1.153	MRR:15.19	Hits@10:28.53	Best:15.19
2025-01-09 13:23:21,333 INFO    : Snapshot:1	0	10	Epoch:6	Loss:1.09	MRR:15.39	Hits@10:29.11	Best:15.39
2025-01-09 13:23:26,694 INFO    : Snapshot:1	0	10	Epoch:7	Loss:0.992	MRR:15.82	Hits@10:29.4	Best:15.82
2025-01-09 13:23:31,977 INFO    : Snapshot:1	0	10	Epoch:8	Loss:0.938	MRR:16.0	Hits@10:30.11	Best:16.0
2025-01-09 13:23:37,120 INFO    : Snapshot:1	1	10	Epoch:9	Loss:0.886	MRR:15.97	Hits@10:30.18	Best:16.0
2025-01-09 13:23:42,277 INFO    : Snapshot:1	0	10	Epoch:10	Loss:0.864	MRR:16.04	Hits@10:30.51	Best:16.04
2025-01-09 13:23:47,389 INFO    : Snapshot:1	1	10	Epoch:11	Loss:0.791	MRR:15.97	Hits@10:30.26	Best:16.04
2025-01-09 13:23:52,422 INFO    : Snapshot:1	2	10	Epoch:12	Loss:0.768	MRR:16.02	Hits@10:30.5	Best:16.04
2025-01-09 13:23:57,408 INFO    : Snapshot:1	0	10	Epoch:13	Loss:0.749	MRR:16.23	Hits@10:30.89	Best:16.23
2025-01-09 13:24:02,534 INFO    : Snapshot:1	1	10	Epoch:14	Loss:0.73	MRR:16.07	Hits@10:30.25	Best:16.23
2025-01-09 13:24:07,567 INFO    : Snapshot:1	0	10	Epoch:15	Loss:0.718	MRR:16.42	Hits@10:30.82	Best:16.42
2025-01-09 13:24:12,553 INFO    : Snapshot:1	1	10	Epoch:16	Loss:0.7	MRR:16.42	Hits@10:31.15	Best:16.42
2025-01-09 13:24:17,304 INFO    : Snapshot:1	0	10	Epoch:17	Loss:0.663	MRR:16.55	Hits@10:30.76	Best:16.55
2025-01-09 13:24:21,836 INFO    : Snapshot:1	1	10	Epoch:18	Loss:0.656	MRR:16.51	Hits@10:30.99	Best:16.55
2025-01-09 13:24:26,493 INFO    : Snapshot:1	0	10	Epoch:19	Loss:0.633	MRR:16.65	Hits@10:31.22	Best:16.65
2025-01-09 13:24:31,198 INFO    : Snapshot:1	1	10	Epoch:20	Loss:0.646	MRR:16.65	Hits@10:30.89	Best:16.65
2025-01-09 13:24:35,887 INFO    : Snapshot:1	2	10	Epoch:21	Loss:0.619	MRR:16.51	Hits@10:30.9	Best:16.65
2025-01-09 13:24:40,823 INFO    : Snapshot:1	0	10	Epoch:22	Loss:0.608	MRR:16.78	Hits@10:31.25	Best:16.78
2025-01-09 13:24:45,438 INFO    : Snapshot:1	1	10	Epoch:23	Loss:0.601	MRR:16.44	Hits@10:31.15	Best:16.78
2025-01-09 13:24:50,217 INFO    : Snapshot:1	2	10	Epoch:24	Loss:0.598	MRR:16.61	Hits@10:31.15	Best:16.78
2025-01-09 13:24:54,922 INFO    : Snapshot:1	0	10	Epoch:25	Loss:0.58	MRR:16.82	Hits@10:31.36	Best:16.82
2025-01-09 13:24:59,580 INFO    : Snapshot:1	1	10	Epoch:26	Loss:0.583	MRR:16.65	Hits@10:31.35	Best:16.82
2025-01-09 13:25:04,426 INFO    : Snapshot:1	2	10	Epoch:27	Loss:0.573	MRR:16.78	Hits@10:31.37	Best:16.82
2025-01-09 13:25:09,022 INFO    : Snapshot:1	0	10	Epoch:28	Loss:0.551	MRR:16.86	Hits@10:31.5	Best:16.86
2025-01-09 13:25:13,476 INFO    : Snapshot:1	0	10	Epoch:29	Loss:0.561	MRR:17.02	Hits@10:31.53	Best:17.02
2025-01-09 13:25:17,960 INFO    : Snapshot:1	1	10	Epoch:30	Loss:0.55	MRR:16.93	Hits@10:31.75	Best:17.02
2025-01-09 13:25:22,398 INFO    : Snapshot:1	2	10	Epoch:31	Loss:0.55	MRR:16.79	Hits@10:31.68	Best:17.02
2025-01-09 13:25:26,806 INFO    : Snapshot:1	3	10	Epoch:32	Loss:0.533	MRR:17.0	Hits@10:32.05	Best:17.02
2025-01-09 13:25:31,416 INFO    : Snapshot:1	4	10	Epoch:33	Loss:0.556	MRR:17.02	Hits@10:31.93	Best:17.02
2025-01-09 13:25:35,839 INFO    : Snapshot:1	0	10	Epoch:34	Loss:0.53	MRR:17.05	Hits@10:32.02	Best:17.05
2025-01-09 13:25:40,262 INFO    : Snapshot:1	1	10	Epoch:35	Loss:0.528	MRR:16.98	Hits@10:32.0	Best:17.05
2025-01-09 13:25:44,919 INFO    : Snapshot:1	2	10	Epoch:36	Loss:0.532	MRR:16.9	Hits@10:31.85	Best:17.05
2025-01-09 13:25:49,467 INFO    : Snapshot:1	3	10	Epoch:37	Loss:0.525	MRR:17.03	Hits@10:32.18	Best:17.05
2025-01-09 13:25:54,109 INFO    : Snapshot:1	4	10	Epoch:38	Loss:0.525	MRR:16.96	Hits@10:32.13	Best:17.05
2025-01-09 13:25:58,594 INFO    : Snapshot:1	5	10	Epoch:39	Loss:0.519	MRR:16.97	Hits@10:31.77	Best:17.05
2025-01-09 13:26:03,174 INFO    : Snapshot:1	6	10	Epoch:40	Loss:0.522	MRR:16.76	Hits@10:31.63	Best:17.05
2025-01-09 13:26:07,987 INFO    : Snapshot:1	7	10	Epoch:41	Loss:0.509	MRR:16.88	Hits@10:32.2	Best:17.05
2025-01-09 13:26:12,645 INFO    : Snapshot:1	8	10	Epoch:42	Loss:0.492	MRR:16.88	Hits@10:32.03	Best:17.05
2025-01-09 13:26:17,209 INFO    : Snapshot:1	9	10	Epoch:43	Loss:0.489	MRR:16.87	Hits@10:31.92	Best:17.05
2025-01-09 13:26:21,804 INFO    : Snapshot:1	0	10	Epoch:44	Loss:0.483	MRR:17.07	Hits@10:32.51	Best:17.07
2025-01-09 13:26:26,307 INFO    : Snapshot:1	1	10	Epoch:45	Loss:0.485	MRR:16.88	Hits@10:31.88	Best:17.07
2025-01-09 13:26:30,714 INFO    : Snapshot:1	2	10	Epoch:46	Loss:0.484	MRR:16.97	Hits@10:32.14	Best:17.07
2025-01-09 13:26:35,231 INFO    : Snapshot:1	3	10	Epoch:47	Loss:0.485	MRR:16.91	Hits@10:32.3	Best:17.07
2025-01-09 13:26:40,014 INFO    : Snapshot:1	0	10	Epoch:48	Loss:0.492	MRR:17.17	Hits@10:32.45	Best:17.17
2025-01-09 13:26:44,672 INFO    : Snapshot:1	1	10	Epoch:49	Loss:0.491	MRR:16.96	Hits@10:32.16	Best:17.17
2025-01-09 13:26:49,299 INFO    : Snapshot:1	2	10	Epoch:50	Loss:0.479	MRR:17.08	Hits@10:32.05	Best:17.17
2025-01-09 13:26:53,784 INFO    : Snapshot:1	3	10	Epoch:51	Loss:0.489	MRR:17.01	Hits@10:32.09	Best:17.17
2025-01-09 13:26:58,394 INFO    : Snapshot:1	4	10	Epoch:52	Loss:0.481	MRR:17.07	Hits@10:31.94	Best:17.17
2025-01-09 13:27:02,974 INFO    : Snapshot:1	5	10	Epoch:53	Loss:0.477	MRR:17.11	Hits@10:32.29	Best:17.17
2025-01-09 13:27:07,586 INFO    : Snapshot:1	6	10	Epoch:54	Loss:0.471	MRR:17.06	Hits@10:32.23	Best:17.17
2025-01-09 13:27:12,478 INFO    : Snapshot:1	7	10	Epoch:55	Loss:0.467	MRR:17.05	Hits@10:32.36	Best:17.17
2025-01-09 13:27:17,340 INFO    : Snapshot:1	8	10	Epoch:56	Loss:0.457	MRR:17.15	Hits@10:32.3	Best:17.17
2025-01-09 13:27:22,044 INFO    : Snapshot:1	9	10	Epoch:57	Loss:0.474	MRR:17.13	Hits@10:32.08	Best:17.17
2025-01-09 13:27:26,796 INFO    : Early Stopping! Snapshot:1 Epoch: 58 Best Results: 17.17
2025-01-09 13:27:26,937 INFO    : => loading checkpoint './checkpoint/FB_CKGE\1model_best.tar'
2025-01-09 13:27:40,817 INFO    : 
+------------+--------+--------+--------+--------+---------+
| Snapshot:1 |  MRR   | Hits@1 | Hits@3 | Hits@5 | Hits@10 |
+------------+--------+--------+--------+--------+---------+
|     0      | 0.246  | 0.1419 | 0.2865 |  0.36  |  0.452  |
|     1      | 0.1811 | 0.1077 | 0.1989 | 0.2488 |  0.3272 |
+------------+--------+--------+--------+--------+---------+
2025-01-09 13:27:52,664 INFO    : Snapshot:2	0	10	Epoch:0	Loss:7.136	MRR:17.58	Hits@10:31.18	Best:17.58
2025-01-09 13:27:57,759 INFO    : Snapshot:2	0	10	Epoch:1	Loss:3.005	MRR:17.85	Hits@10:31.63	Best:17.85
2025-01-09 13:28:02,869 INFO    : Snapshot:2	0	10	Epoch:2	Loss:2.502	MRR:17.89	Hits@10:31.97	Best:17.89
2025-01-09 13:28:07,840 INFO    : Snapshot:2	0	10	Epoch:3	Loss:2.327	MRR:17.96	Hits@10:32.02	Best:17.96
2025-01-09 13:28:12,982 INFO    : Snapshot:2	0	10	Epoch:4	Loss:2.198	MRR:18.08	Hits@10:32.1	Best:18.08
2025-01-09 13:28:18,139 INFO    : Snapshot:2	0	10	Epoch:5	Loss:2.135	MRR:18.1	Hits@10:32.2	Best:18.1
2025-01-09 13:28:23,219 INFO    : Snapshot:2	0	10	Epoch:6	Loss:2.076	MRR:18.23	Hits@10:32.35	Best:18.23
2025-01-09 13:28:28,424 INFO    : Snapshot:2	0	10	Epoch:7	Loss:2.027	MRR:18.29	Hits@10:32.33	Best:18.29
2025-01-09 13:28:33,597 INFO    : Snapshot:2	1	10	Epoch:8	Loss:1.968	MRR:18.24	Hits@10:32.05	Best:18.29
2025-01-09 13:28:38,646 INFO    : Snapshot:2	0	10	Epoch:9	Loss:1.961	MRR:18.31	Hits@10:32.42	Best:18.31
2025-01-09 13:28:43,677 INFO    : Snapshot:2	1	10	Epoch:10	Loss:1.946	MRR:18.24	Hits@10:32.31	Best:18.31
2025-01-09 13:28:48,929 INFO    : Snapshot:2	0	10	Epoch:11	Loss:1.916	MRR:18.37	Hits@10:32.52	Best:18.37
2025-01-09 13:28:54,209 INFO    : Snapshot:2	1	10	Epoch:12	Loss:1.904	MRR:18.29	Hits@10:32.41	Best:18.37
2025-01-09 13:28:59,506 INFO    : Snapshot:2	2	10	Epoch:13	Loss:1.881	MRR:18.33	Hits@10:32.47	Best:18.37
2025-01-09 13:29:04,661 INFO    : Snapshot:2	3	10	Epoch:14	Loss:1.863	MRR:18.3	Hits@10:32.48	Best:18.37
2025-01-09 13:29:09,813 INFO    : Snapshot:2	4	10	Epoch:15	Loss:1.854	MRR:18.29	Hits@10:32.37	Best:18.37
2025-01-09 13:29:15,073 INFO    : Snapshot:2	5	10	Epoch:16	Loss:1.842	MRR:18.37	Hits@10:32.55	Best:18.37
2025-01-09 13:29:20,453 INFO    : Snapshot:2	6	10	Epoch:17	Loss:1.848	MRR:18.34	Hits@10:32.65	Best:18.37
2025-01-09 13:29:25,690 INFO    : Snapshot:2	7	10	Epoch:18	Loss:1.835	MRR:18.29	Hits@10:32.69	Best:18.37
2025-01-09 13:29:31,098 INFO    : Snapshot:2	0	10	Epoch:19	Loss:1.806	MRR:18.39	Hits@10:32.41	Best:18.39
2025-01-09 13:29:36,428 INFO    : Snapshot:2	1	10	Epoch:20	Loss:1.811	MRR:18.3	Hits@10:32.39	Best:18.39
2025-01-09 13:29:41,739 INFO    : Snapshot:2	2	10	Epoch:21	Loss:1.798	MRR:18.33	Hits@10:32.47	Best:18.39
2025-01-09 13:29:47,353 INFO    : Snapshot:2	3	10	Epoch:22	Loss:1.795	MRR:18.34	Hits@10:32.54	Best:18.39
2025-01-09 13:29:52,651 INFO    : Snapshot:2	4	10	Epoch:23	Loss:1.803	MRR:18.38	Hits@10:32.42	Best:18.39
2025-01-09 13:29:58,137 INFO    : Snapshot:2	0	10	Epoch:24	Loss:1.788	MRR:18.4	Hits@10:32.47	Best:18.4
2025-01-09 13:30:03,435 INFO    : Snapshot:2	0	10	Epoch:25	Loss:1.796	MRR:18.43	Hits@10:32.49	Best:18.43
2025-01-09 13:30:08,916 INFO    : Snapshot:2	0	10	Epoch:26	Loss:1.787	MRR:18.44	Hits@10:32.4	Best:18.44
2025-01-09 13:30:13,957 INFO    : Snapshot:2	1	10	Epoch:27	Loss:1.767	MRR:18.4	Hits@10:32.49	Best:18.44
2025-01-09 13:30:19,142 INFO    : Snapshot:2	0	10	Epoch:28	Loss:1.773	MRR:18.49	Hits@10:32.51	Best:18.49
2025-01-09 13:30:24,239 INFO    : Snapshot:2	1	10	Epoch:29	Loss:1.786	MRR:18.45	Hits@10:32.58	Best:18.49
2025-01-09 13:30:29,522 INFO    : Snapshot:2	2	10	Epoch:30	Loss:1.768	MRR:18.42	Hits@10:32.56	Best:18.49
2025-01-09 13:30:34,742 INFO    : Snapshot:2	3	10	Epoch:31	Loss:1.768	MRR:18.38	Hits@10:32.46	Best:18.49
2025-01-09 13:30:39,927 INFO    : Snapshot:2	4	10	Epoch:32	Loss:1.743	MRR:18.37	Hits@10:32.62	Best:18.49
2025-01-09 13:30:45,113 INFO    : Snapshot:2	0	10	Epoch:33	Loss:1.762	MRR:18.5	Hits@10:32.57	Best:18.5
2025-01-09 13:30:50,246 INFO    : Snapshot:2	1	10	Epoch:34	Loss:1.753	MRR:18.47	Hits@10:32.65	Best:18.5
2025-01-09 13:30:55,639 INFO    : Snapshot:2	2	10	Epoch:35	Loss:1.745	MRR:18.48	Hits@10:32.55	Best:18.5
2025-01-09 13:31:00,813 INFO    : Snapshot:2	3	10	Epoch:36	Loss:1.769	MRR:18.42	Hits@10:32.55	Best:18.5
2025-01-09 13:31:06,127 INFO    : Snapshot:2	4	10	Epoch:37	Loss:1.741	MRR:18.39	Hits@10:32.44	Best:18.5
2025-01-09 13:31:11,245 INFO    : Snapshot:2	5	10	Epoch:38	Loss:1.734	MRR:18.42	Hits@10:32.62	Best:18.5
2025-01-09 13:31:16,341 INFO    : Snapshot:2	6	10	Epoch:39	Loss:1.72	MRR:18.5	Hits@10:32.62	Best:18.5
2025-01-09 13:31:21,287 INFO    : Snapshot:2	7	10	Epoch:40	Loss:1.753	MRR:18.48	Hits@10:32.65	Best:18.5
2025-01-09 13:31:26,415 INFO    : Snapshot:2	8	10	Epoch:41	Loss:1.749	MRR:18.5	Hits@10:32.68	Best:18.5
2025-01-09 13:31:31,433 INFO    : Snapshot:2	0	10	Epoch:42	Loss:1.707	MRR:18.51	Hits@10:32.63	Best:18.51
2025-01-09 13:31:36,481 INFO    : Snapshot:2	0	10	Epoch:43	Loss:1.731	MRR:18.58	Hits@10:32.64	Best:18.58
2025-01-09 13:31:41,521 INFO    : Snapshot:2	1	10	Epoch:44	Loss:1.717	MRR:18.49	Hits@10:32.59	Best:18.58
2025-01-09 13:31:46,514 INFO    : Snapshot:2	2	10	Epoch:45	Loss:1.716	MRR:18.4	Hits@10:32.53	Best:18.58
2025-01-09 13:31:51,766 INFO    : Snapshot:2	3	10	Epoch:46	Loss:1.72	MRR:18.47	Hits@10:32.63	Best:18.58
2025-01-09 13:31:56,689 INFO    : Snapshot:2	4	10	Epoch:47	Loss:1.739	MRR:18.58	Hits@10:32.55	Best:18.58
2025-01-09 13:32:01,893 INFO    : Snapshot:2	5	10	Epoch:48	Loss:1.717	MRR:18.55	Hits@10:32.61	Best:18.58
2025-01-09 13:32:06,832 INFO    : Snapshot:2	6	10	Epoch:49	Loss:1.725	MRR:18.5	Hits@10:32.65	Best:18.58
2025-01-09 13:32:11,996 INFO    : Snapshot:2	7	10	Epoch:50	Loss:1.731	MRR:18.5	Hits@10:32.66	Best:18.58
2025-01-09 13:32:17,261 INFO    : Snapshot:2	8	10	Epoch:51	Loss:1.714	MRR:18.52	Hits@10:32.69	Best:18.58
2025-01-09 13:32:22,495 INFO    : Snapshot:2	9	10	Epoch:52	Loss:1.725	MRR:18.47	Hits@10:32.59	Best:18.58
2025-01-09 13:32:27,122 INFO    : Early Stopping! Snapshot:2 Epoch: 53 Best Results: 18.58
2025-01-09 13:32:27,248 INFO    : => loading checkpoint './checkpoint/FB_CKGE\2model_best.tar'
2025-01-09 13:32:44,184 INFO    : 
+------------+--------+--------+--------+--------+---------+
| Snapshot:2 |  MRR   | Hits@1 | Hits@3 | Hits@5 | Hits@10 |
+------------+--------+--------+--------+--------+---------+
|     0      | 0.246  | 0.1419 | 0.2865 |  0.36  |  0.452  |
|     1      | 0.1811 | 0.1077 | 0.1989 | 0.2488 |  0.3272 |
|     2      | 0.1839 | 0.1125 | 0.2022 | 0.2532 |  0.3269 |
+------------+--------+--------+--------+--------+---------+
2025-01-09 13:32:56,488 INFO    : Snapshot:3	0	10	Epoch:0	Loss:5.038	MRR:19.26	Hits@10:33.51	Best:19.26
2025-01-09 13:33:01,848 INFO    : Snapshot:3	0	10	Epoch:1	Loss:3.154	MRR:19.32	Hits@10:33.52	Best:19.32
2025-01-09 13:33:07,257 INFO    : Snapshot:3	0	10	Epoch:2	Loss:2.923	MRR:19.33	Hits@10:33.66	Best:19.33
2025-01-09 13:33:12,625 INFO    : Snapshot:3	0	10	Epoch:3	Loss:2.796	MRR:19.35	Hits@10:33.76	Best:19.35
2025-01-09 13:33:18,015 INFO    : Snapshot:3	1	10	Epoch:4	Loss:2.742	MRR:19.3	Hits@10:33.69	Best:19.35
2025-01-09 13:33:23,435 INFO    : Snapshot:3	0	10	Epoch:5	Loss:2.731	MRR:19.36	Hits@10:33.67	Best:19.36
2025-01-09 13:33:28,859 INFO    : Snapshot:3	0	10	Epoch:6	Loss:2.693	MRR:19.41	Hits@10:33.82	Best:19.41
2025-01-09 13:33:34,332 INFO    : Snapshot:3	1	10	Epoch:7	Loss:2.684	MRR:19.33	Hits@10:33.79	Best:19.41
2025-01-09 13:33:39,834 INFO    : Snapshot:3	0	10	Epoch:8	Loss:2.673	MRR:19.42	Hits@10:33.84	Best:19.42
2025-01-09 13:33:45,399 INFO    : Snapshot:3	1	10	Epoch:9	Loss:2.646	MRR:19.39	Hits@10:33.85	Best:19.42
2025-01-09 13:33:50,979 INFO    : Snapshot:3	2	10	Epoch:10	Loss:2.639	MRR:19.37	Hits@10:33.88	Best:19.42
2025-01-09 13:33:56,592 INFO    : Snapshot:3	0	10	Epoch:11	Loss:2.639	MRR:19.44	Hits@10:33.7	Best:19.44
2025-01-09 13:34:01,907 INFO    : Snapshot:3	1	10	Epoch:12	Loss:2.642	MRR:19.35	Hits@10:33.76	Best:19.44
2025-01-09 13:34:07,253 INFO    : Snapshot:3	2	10	Epoch:13	Loss:2.626	MRR:19.36	Hits@10:33.72	Best:19.44
2025-01-09 13:34:12,458 INFO    : Snapshot:3	3	10	Epoch:14	Loss:2.593	MRR:19.36	Hits@10:33.84	Best:19.44
2025-01-09 13:34:17,757 INFO    : Snapshot:3	4	10	Epoch:15	Loss:2.602	MRR:19.38	Hits@10:33.85	Best:19.44
2025-01-09 13:34:22,915 INFO    : Snapshot:3	5	10	Epoch:16	Loss:2.626	MRR:19.42	Hits@10:33.82	Best:19.44
2025-01-09 13:34:28,230 INFO    : Snapshot:3	6	10	Epoch:17	Loss:2.619	MRR:19.43	Hits@10:33.8	Best:19.44
2025-01-09 13:34:33,466 INFO    : Snapshot:3	7	10	Epoch:18	Loss:2.6	MRR:19.41	Hits@10:33.88	Best:19.44
2025-01-09 13:34:38,968 INFO    : Snapshot:3	8	10	Epoch:19	Loss:2.611	MRR:19.44	Hits@10:33.95	Best:19.44
2025-01-09 13:34:44,797 INFO    : Snapshot:3	9	10	Epoch:20	Loss:2.588	MRR:19.43	Hits@10:33.85	Best:19.44
2025-01-09 13:34:50,299 INFO    : Early Stopping! Snapshot:3 Epoch: 21 Best Results: 19.44
2025-01-09 13:34:50,424 INFO    : => loading checkpoint './checkpoint/FB_CKGE\3model_best.tar'
2025-01-09 13:35:11,057 INFO    : 
+------------+--------+--------+--------+--------+---------+
| Snapshot:3 |  MRR   | Hits@1 | Hits@3 | Hits@5 | Hits@10 |
+------------+--------+--------+--------+--------+---------+
|     0      | 0.246  | 0.1419 | 0.2865 |  0.36  |  0.452  |
|     1      | 0.1811 | 0.1077 | 0.1989 | 0.2488 |  0.3272 |
|     2      | 0.1839 | 0.1125 | 0.2022 | 0.2532 |  0.3269 |
|     3      | 0.1938 | 0.1202 | 0.2183 | 0.2658 |  0.3379 |
+------------+--------+--------+--------+--------+---------+
2025-01-09 13:35:25,748 INFO    : Snapshot:4	0	10	Epoch:0	Loss:3.874	MRR:20.43	Hits@10:34.02	Best:20.43
2025-01-09 13:35:31,688 INFO    : Snapshot:4	0	10	Epoch:1	Loss:3.262	MRR:20.46	Hits@10:34.03	Best:20.46
2025-01-09 13:35:37,504 INFO    : Snapshot:4	0	10	Epoch:2	Loss:3.154	MRR:20.47	Hits@10:34.01	Best:20.47
2025-01-09 13:35:43,396 INFO    : Snapshot:4	0	10	Epoch:3	Loss:3.116	MRR:20.49	Hits@10:34.06	Best:20.49
2025-01-09 13:35:49,069 INFO    : Snapshot:4	0	10	Epoch:4	Loss:3.084	MRR:20.5	Hits@10:34.05	Best:20.5
2025-01-09 13:35:54,773 INFO    : Snapshot:4	1	10	Epoch:5	Loss:3.088	MRR:20.5	Hits@10:34.04	Best:20.5
2025-01-09 13:36:00,744 INFO    : Snapshot:4	2	10	Epoch:6	Loss:3.103	MRR:20.47	Hits@10:34.04	Best:20.5
2025-01-09 13:36:06,510 INFO    : Snapshot:4	3	10	Epoch:7	Loss:3.091	MRR:20.48	Hits@10:34.05	Best:20.5
2025-01-09 13:36:12,200 INFO    : Snapshot:4	0	10	Epoch:8	Loss:3.076	MRR:20.52	Hits@10:34.04	Best:20.52
2025-01-09 13:36:17,780 INFO    : Snapshot:4	1	10	Epoch:9	Loss:3.05	MRR:20.5	Hits@10:34.01	Best:20.52
2025-01-09 13:36:23,344 INFO    : Snapshot:4	2	10	Epoch:10	Loss:3.069	MRR:20.47	Hits@10:34.05	Best:20.52
2025-01-09 13:36:28,908 INFO    : Snapshot:4	3	10	Epoch:11	Loss:3.066	MRR:20.48	Hits@10:34.02	Best:20.52
2025-01-09 13:36:34,394 INFO    : Snapshot:4	4	10	Epoch:12	Loss:3.057	MRR:20.46	Hits@10:34.01	Best:20.52
2025-01-09 13:36:40,177 INFO    : Snapshot:4	5	10	Epoch:13	Loss:3.058	MRR:20.46	Hits@10:34.03	Best:20.52
2025-01-09 13:36:45,506 INFO    : Snapshot:4	6	10	Epoch:14	Loss:3.06	MRR:20.49	Hits@10:34.0	Best:20.52
2025-01-09 13:36:51,224 INFO    : Snapshot:4	7	10	Epoch:15	Loss:3.069	MRR:20.47	Hits@10:33.99	Best:20.52
2025-01-09 13:36:57,070 INFO    : Snapshot:4	8	10	Epoch:16	Loss:3.053	MRR:20.49	Hits@10:34.0	Best:20.52
2025-01-09 13:37:02,993 INFO    : Snapshot:4	9	10	Epoch:17	Loss:3.063	MRR:20.48	Hits@10:34.05	Best:20.52
2025-01-09 13:37:08,714 INFO    : Early Stopping! Snapshot:4 Epoch: 18 Best Results: 20.52
2025-01-09 13:37:08,839 INFO    : => loading checkpoint './checkpoint/FB_CKGE\4model_best.tar'
2025-01-09 13:37:32,892 INFO    : 
+------------+--------+--------+--------+--------+---------+
| Snapshot:4 |  MRR   | Hits@1 | Hits@3 | Hits@5 | Hits@10 |
+------------+--------+--------+--------+--------+---------+
|     0      | 0.246  | 0.1419 | 0.2865 |  0.36  |  0.452  |
|     1      | 0.1811 | 0.1077 | 0.1989 | 0.2488 |  0.3272 |
|     2      | 0.1839 | 0.1125 | 0.2022 | 0.2532 |  0.3269 |
|     3      | 0.1938 | 0.1202 | 0.2183 | 0.2658 |  0.3379 |
|     4      | 0.2169 | 0.1358 | 0.2465 | 0.3039 |  0.3758 |
+------------+--------+--------+--------+--------+---------+
2025-01-09 13:37:32,892 INFO    : Final Result:
[+------------+-------+--------+--------+--------+---------+
| Snapshot:0 |  MRR  | Hits@1 | Hits@3 | Hits@5 | Hits@10 |
+------------+-------+--------+--------+--------+---------+
|     0      | 0.246 | 0.1419 | 0.2865 |  0.36  |  0.452  |
+------------+-------+--------+--------+--------+---------+, +------------+--------+--------+--------+--------+---------+
| Snapshot:1 |  MRR   | Hits@1 | Hits@3 | Hits@5 | Hits@10 |
+------------+--------+--------+--------+--------+---------+
|     0      | 0.246  | 0.1419 | 0.2865 |  0.36  |  0.452  |
|     1      | 0.1811 | 0.1077 | 0.1989 | 0.2488 |  0.3272 |
+------------+--------+--------+--------+--------+---------+, +------------+--------+--------+--------+--------+---------+
| Snapshot:2 |  MRR   | Hits@1 | Hits@3 | Hits@5 | Hits@10 |
+------------+--------+--------+--------+--------+---------+
|     0      | 0.246  | 0.1419 | 0.2865 |  0.36  |  0.452  |
|     1      | 0.1811 | 0.1077 | 0.1989 | 0.2488 |  0.3272 |
|     2      | 0.1839 | 0.1125 | 0.2022 | 0.2532 |  0.3269 |
+------------+--------+--------+--------+--------+---------+, +------------+--------+--------+--------+--------+---------+
| Snapshot:3 |  MRR   | Hits@1 | Hits@3 | Hits@5 | Hits@10 |
+------------+--------+--------+--------+--------+---------+
|     0      | 0.246  | 0.1419 | 0.2865 |  0.36  |  0.452  |
|     1      | 0.1811 | 0.1077 | 0.1989 | 0.2488 |  0.3272 |
|     2      | 0.1839 | 0.1125 | 0.2022 | 0.2532 |  0.3269 |
|     3      | 0.1938 | 0.1202 | 0.2183 | 0.2658 |  0.3379 |
+------------+--------+--------+--------+--------+---------+, +------------+--------+--------+--------+--------+---------+
| Snapshot:4 |  MRR   | Hits@1 | Hits@3 | Hits@5 | Hits@10 |
+------------+--------+--------+--------+--------+---------+
|     0      | 0.246  | 0.1419 | 0.2865 |  0.36  |  0.452  |
|     1      | 0.1811 | 0.1077 | 0.1989 | 0.2488 |  0.3272 |
|     2      | 0.1839 | 0.1125 | 0.2022 | 0.2532 |  0.3269 |
|     3      | 0.1938 | 0.1202 | 0.2183 | 0.2658 |  0.3379 |
|     4      | 0.2169 | 0.1358 | 0.2465 | 0.3039 |  0.3758 |
+------------+--------+--------+--------+--------+---------+]
2025-01-09 13:37:32,892 INFO    : Report Result:
+----------+--------------------+-----------+--------------+--------------+---------------+
| Snapshot |        Time        | Whole_MRR | Whole_Hits@1 | Whole_Hits@3 | Whole_Hits@10 |
+----------+--------------------+-----------+--------------+--------------+---------------+
|    0     | 230.5264117717743  |   0.246   |    0.142     |    0.286     |     0.452     |
|    1     |  284.492737531662  |   0.237   |    0.137     |    0.274     |     0.434     |
|    2     | 282.8669261932373  |    0.23   |    0.134     |    0.265     |     0.421     |
|    3     | 122.60950708389282 |   0.226   |    0.132     |     0.26     |     0.412     |
|    4     | 113.70275449752808 |   0.225   |    0.133     |    0.258     |     0.408     |
+----------+--------------------+-----------+--------------+--------------+---------------+
2025-01-09 13:37:32,892 INFO    : Sum_Training_Time:1034.1983370780945
2025-01-09 13:37:32,892 INFO    : Every_Training_Time:[230.5264117717743, 284.492737531662, 282.8669261932373, 122.60950708389282, 113.70275449752808]
2025-01-09 13:37:32,892 INFO    : Forward transfer: 0.151225 Backward transfer: 0.0
