2025-02-19 10:36:03,503 INFO    : Namespace(batch_size=1024, data_path='./data/FB_CKGE/', dataset='FB_CKGE', debug=False, device=device(type='cuda', index=0), emb_dim=200, ent_r='200', epoch_num=200, explore=False, gpu='0', l2=0.0, learning_rate='1e-1', log_path='./logs/FB_CKGE 200 20 1e-1 1024/FB_CKGE 20250219103552', logger=<RootLogger root (INFO)>, margin=8.0, model_name='LoraKGE_Layers', multi_layers_path='train_sorted_by_edges_betweenness.txt', neg_ratio=10, note='', num_ent_layers='20', num_layer=1, num_rel_layers=1, patience='10', predict_result=False, r=100, r_fixed=True, random_seed=3407, record=False, rel_r='200', save_path='./checkpoint/FB_CKGE', skip_previous='False', snapshot_num=5, train_new=True, using_multi_layers=False, using_various_ranks='True', using_various_ranks_reverse=False, valid_metrics='mrr')
2025-02-19 10:36:23,678 INFO    : Snapshot:0	0	10	Epoch:0	Loss:91.268	MRR:22.64	Hits@10:42.62	Best:22.64
2025-02-19 10:36:40,378 INFO    : Snapshot:0	0	10	Epoch:1	Loss:17.198	MRR:24.74	Hits@10:45.16	Best:24.74
2025-02-19 10:36:57,293 INFO    : Snapshot:0	1	10	Epoch:2	Loss:7.016	MRR:23.93	Hits@10:44.13	Best:24.74
2025-02-19 10:37:14,009 INFO    : Snapshot:0	2	10	Epoch:3	Loss:4.7	MRR:23.72	Hits@10:43.5	Best:24.74
2025-02-19 10:37:31,017 INFO    : Snapshot:0	3	10	Epoch:4	Loss:3.835	MRR:23.61	Hits@10:43.1	Best:24.74
2025-02-19 10:37:47,235 INFO    : Snapshot:0	4	10	Epoch:5	Loss:3.294	MRR:23.13	Hits@10:42.61	Best:24.74
2025-02-19 10:38:04,064 INFO    : Snapshot:0	5	10	Epoch:6	Loss:2.966	MRR:22.75	Hits@10:42.24	Best:24.74
2025-02-19 10:38:21,113 INFO    : Snapshot:0	6	10	Epoch:7	Loss:2.814	MRR:22.96	Hits@10:42.29	Best:24.74
2025-02-19 10:38:37,806 INFO    : Snapshot:0	7	10	Epoch:8	Loss:2.587	MRR:22.77	Hits@10:42.12	Best:24.74
2025-02-19 10:38:54,441 INFO    : Snapshot:0	8	10	Epoch:9	Loss:2.47	MRR:22.57	Hits@10:41.69	Best:24.74
2025-02-19 10:39:11,454 INFO    : Snapshot:0	9	10	Epoch:10	Loss:2.358	MRR:22.61	Hits@10:41.52	Best:24.74
2025-02-19 10:39:28,348 INFO    : Early Stopping! Snapshot:0 Epoch: 11 Best Results: 24.74
2025-02-19 10:39:28,471 INFO    : => loading checkpoint './checkpoint/FB_CKGE\0model_best.tar'
2025-02-19 10:39:37,451 INFO    : 
+------------+-------+--------+--------+--------+---------+
| Snapshot:0 |  MRR  | Hits@1 | Hits@3 | Hits@5 | Hits@10 |
+------------+-------+--------+--------+--------+---------+
|     0      | 0.246 | 0.1419 | 0.2865 |  0.36  |  0.452  |
+------------+-------+--------+--------+--------+---------+
2025-02-19 10:39:47,885 INFO    : Snapshot:1	0	10	Epoch:0	Loss:10.176	MRR:11.39	Hits@10:20.69	Best:11.39
2025-02-19 10:39:51,894 INFO    : Snapshot:1	0	10	Epoch:1	Loss:2.885	MRR:13.15	Hits@10:24.41	Best:13.15
2025-02-19 10:39:55,903 INFO    : Snapshot:1	0	10	Epoch:2	Loss:1.972	MRR:13.92	Hits@10:26.1	Best:13.92
2025-02-19 10:40:00,038 INFO    : Snapshot:1	0	10	Epoch:3	Loss:1.613	MRR:14.41	Hits@10:27.41	Best:14.41
2025-02-19 10:40:04,215 INFO    : Snapshot:1	0	10	Epoch:4	Loss:1.384	MRR:14.79	Hits@10:27.88	Best:14.79
2025-02-19 10:40:08,285 INFO    : Snapshot:1	0	10	Epoch:5	Loss:1.21	MRR:14.94	Hits@10:28.15	Best:14.94
2025-02-19 10:40:12,385 INFO    : Snapshot:1	0	10	Epoch:6	Loss:1.134	MRR:15.31	Hits@10:29.06	Best:15.31
2025-02-19 10:40:16,455 INFO    : Snapshot:1	0	10	Epoch:7	Loss:1.048	MRR:15.54	Hits@10:29.35	Best:15.54
2025-02-19 10:40:20,554 INFO    : Snapshot:1	0	10	Epoch:8	Loss:0.989	MRR:15.8	Hits@10:29.72	Best:15.8
2025-02-19 10:40:24,669 INFO    : Snapshot:1	0	10	Epoch:9	Loss:0.933	MRR:15.93	Hits@10:29.73	Best:15.93
2025-02-19 10:40:28,769 INFO    : Snapshot:1	0	10	Epoch:10	Loss:0.904	MRR:16.08	Hits@10:30.34	Best:16.08
2025-02-19 10:40:32,803 INFO    : Snapshot:1	1	10	Epoch:11	Loss:0.83	MRR:16.05	Hits@10:30.15	Best:16.08
2025-02-19 10:40:36,918 INFO    : Snapshot:1	2	10	Epoch:12	Loss:0.815	MRR:15.92	Hits@10:29.95	Best:16.08
2025-02-19 10:40:41,053 INFO    : Snapshot:1	3	10	Epoch:13	Loss:0.799	MRR:16.0	Hits@10:30.14	Best:16.08
2025-02-19 10:40:45,216 INFO    : Snapshot:1	4	10	Epoch:14	Loss:0.767	MRR:16.01	Hits@10:30.16	Best:16.08
2025-02-19 10:40:49,396 INFO    : Snapshot:1	0	10	Epoch:15	Loss:0.759	MRR:16.23	Hits@10:30.5	Best:16.23
2025-02-19 10:40:53,810 INFO    : Snapshot:1	0	10	Epoch:16	Loss:0.743	MRR:16.29	Hits@10:30.95	Best:16.29
2025-02-19 10:40:57,940 INFO    : Snapshot:1	1	10	Epoch:17	Loss:0.698	MRR:16.24	Hits@10:30.83	Best:16.29
2025-02-19 10:41:01,999 INFO    : Snapshot:1	0	10	Epoch:18	Loss:0.697	MRR:16.49	Hits@10:30.93	Best:16.49
2025-02-19 10:41:06,015 INFO    : Snapshot:1	1	10	Epoch:19	Loss:0.669	MRR:16.41	Hits@10:30.93	Best:16.49
2025-02-19 10:41:10,020 INFO    : Snapshot:1	2	10	Epoch:20	Loss:0.676	MRR:16.38	Hits@10:30.78	Best:16.49
2025-02-19 10:41:14,117 INFO    : Snapshot:1	0	10	Epoch:21	Loss:0.657	MRR:16.57	Hits@10:31.15	Best:16.57
2025-02-19 10:41:18,220 INFO    : Snapshot:1	1	10	Epoch:22	Loss:0.644	MRR:16.56	Hits@10:31.36	Best:16.57
2025-02-19 10:41:22,543 INFO    : Snapshot:1	0	10	Epoch:23	Loss:0.633	MRR:16.66	Hits@10:31.26	Best:16.66
2025-02-19 10:41:26,734 INFO    : Snapshot:1	1	10	Epoch:24	Loss:0.628	MRR:16.54	Hits@10:31.34	Best:16.66
2025-02-19 10:41:31,038 INFO    : Snapshot:1	2	10	Epoch:25	Loss:0.613	MRR:16.5	Hits@10:31.43	Best:16.66
2025-02-19 10:41:35,130 INFO    : Snapshot:1	3	10	Epoch:26	Loss:0.613	MRR:16.45	Hits@10:31.11	Best:16.66
2025-02-19 10:41:39,185 INFO    : Snapshot:1	4	10	Epoch:27	Loss:0.603	MRR:16.6	Hits@10:30.93	Best:16.66
2025-02-19 10:41:43,310 INFO    : Snapshot:1	0	10	Epoch:28	Loss:0.584	MRR:16.87	Hits@10:31.62	Best:16.87
2025-02-19 10:41:47,406 INFO    : Snapshot:1	1	10	Epoch:29	Loss:0.595	MRR:16.72	Hits@10:31.26	Best:16.87
2025-02-19 10:41:51,515 INFO    : Snapshot:1	2	10	Epoch:30	Loss:0.587	MRR:16.69	Hits@10:31.5	Best:16.87
2025-02-19 10:41:55,580 INFO    : Snapshot:1	3	10	Epoch:31	Loss:0.584	MRR:16.76	Hits@10:31.31	Best:16.87
2025-02-19 10:41:59,728 INFO    : Snapshot:1	0	10	Epoch:32	Loss:0.568	MRR:16.9	Hits@10:31.57	Best:16.9
2025-02-19 10:42:03,843 INFO    : Snapshot:1	1	10	Epoch:33	Loss:0.591	MRR:16.84	Hits@10:31.13	Best:16.9
2025-02-19 10:42:07,926 INFO    : Snapshot:1	2	10	Epoch:34	Loss:0.563	MRR:16.83	Hits@10:31.59	Best:16.9
2025-02-19 10:42:12,103 INFO    : Snapshot:1	3	10	Epoch:35	Loss:0.559	MRR:16.66	Hits@10:31.26	Best:16.9
2025-02-19 10:42:16,320 INFO    : Snapshot:1	0	10	Epoch:36	Loss:0.563	MRR:16.91	Hits@10:31.43	Best:16.91
2025-02-19 10:42:20,688 INFO    : Snapshot:1	1	10	Epoch:37	Loss:0.558	MRR:16.76	Hits@10:31.42	Best:16.91
2025-02-19 10:42:25,056 INFO    : Snapshot:1	2	10	Epoch:38	Loss:0.554	MRR:16.74	Hits@10:31.41	Best:16.91
2025-02-19 10:42:29,450 INFO    : Snapshot:1	3	10	Epoch:39	Loss:0.548	MRR:16.82	Hits@10:31.69	Best:16.91
2025-02-19 10:42:33,677 INFO    : Snapshot:1	4	10	Epoch:40	Loss:0.554	MRR:16.7	Hits@10:31.59	Best:16.91
2025-02-19 10:42:38,168 INFO    : Snapshot:1	5	10	Epoch:41	Loss:0.541	MRR:16.86	Hits@10:31.8	Best:16.91
2025-02-19 10:42:42,414 INFO    : Snapshot:1	6	10	Epoch:42	Loss:0.527	MRR:16.84	Hits@10:32.02	Best:16.91
2025-02-19 10:42:46,872 INFO    : Snapshot:1	7	10	Epoch:43	Loss:0.517	MRR:16.77	Hits@10:31.95	Best:16.91
2025-02-19 10:42:51,138 INFO    : Snapshot:1	0	10	Epoch:44	Loss:0.515	MRR:16.93	Hits@10:32.02	Best:16.93
2025-02-19 10:42:55,227 INFO    : Snapshot:1	0	10	Epoch:45	Loss:0.519	MRR:16.95	Hits@10:31.74	Best:16.95
2025-02-19 10:42:59,488 INFO    : Snapshot:1	0	10	Epoch:46	Loss:0.513	MRR:17.02	Hits@10:31.88	Best:17.02
2025-02-19 10:43:03,829 INFO    : Snapshot:1	1	10	Epoch:47	Loss:0.515	MRR:16.85	Hits@10:31.94	Best:17.02
2025-02-19 10:43:08,070 INFO    : Snapshot:1	2	10	Epoch:48	Loss:0.521	MRR:16.94	Hits@10:32.09	Best:17.02
2025-02-19 10:43:12,181 INFO    : Snapshot:1	3	10	Epoch:49	Loss:0.523	MRR:16.83	Hits@10:32.04	Best:17.02
2025-02-19 10:43:16,540 INFO    : Snapshot:1	4	10	Epoch:50	Loss:0.508	MRR:16.82	Hits@10:31.76	Best:17.02
2025-02-19 10:43:20,923 INFO    : Snapshot:1	5	10	Epoch:51	Loss:0.518	MRR:16.99	Hits@10:31.97	Best:17.02
2025-02-19 10:43:25,236 INFO    : Snapshot:1	6	10	Epoch:52	Loss:0.516	MRR:16.95	Hits@10:32.03	Best:17.02
2025-02-19 10:43:29,351 INFO    : Snapshot:1	7	10	Epoch:53	Loss:0.506	MRR:16.75	Hits@10:31.85	Best:17.02
2025-02-19 10:43:33,868 INFO    : Snapshot:1	8	10	Epoch:54	Loss:0.496	MRR:16.9	Hits@10:31.76	Best:17.02
2025-02-19 10:43:38,163 INFO    : Snapshot:1	9	10	Epoch:55	Loss:0.497	MRR:16.92	Hits@10:31.8	Best:17.02
2025-02-19 10:43:42,612 INFO    : Snapshot:1	0	10	Epoch:56	Loss:0.489	MRR:17.03	Hits@10:31.95	Best:17.03
2025-02-19 10:43:47,156 INFO    : Snapshot:1	1	10	Epoch:57	Loss:0.501	MRR:16.87	Hits@10:31.79	Best:17.03
2025-02-19 10:43:51,451 INFO    : Snapshot:1	2	10	Epoch:58	Loss:0.501	MRR:17.0	Hits@10:32.09	Best:17.03
2025-02-19 10:43:55,635 INFO    : Snapshot:1	3	10	Epoch:59	Loss:0.497	MRR:16.88	Hits@10:31.74	Best:17.03
2025-02-19 10:43:59,846 INFO    : Snapshot:1	4	10	Epoch:60	Loss:0.489	MRR:16.96	Hits@10:31.99	Best:17.03
2025-02-19 10:44:04,068 INFO    : Snapshot:1	5	10	Epoch:61	Loss:0.487	MRR:16.88	Hits@10:32.01	Best:17.03
2025-02-19 10:44:08,249 INFO    : Snapshot:1	0	10	Epoch:62	Loss:0.494	MRR:17.1	Hits@10:32.23	Best:17.1
2025-02-19 10:44:12,452 INFO    : Snapshot:1	1	10	Epoch:63	Loss:0.481	MRR:17.1	Hits@10:32.07	Best:17.1
2025-02-19 10:44:16,680 INFO    : Snapshot:1	0	10	Epoch:64	Loss:0.469	MRR:17.12	Hits@10:31.88	Best:17.12
2025-02-19 10:44:20,924 INFO    : Snapshot:1	0	10	Epoch:65	Loss:0.474	MRR:17.13	Hits@10:32.07	Best:17.13
2025-02-19 10:44:25,097 INFO    : Snapshot:1	1	10	Epoch:66	Loss:0.481	MRR:17.13	Hits@10:32.23	Best:17.13
2025-02-19 10:44:29,621 INFO    : Snapshot:1	2	10	Epoch:67	Loss:0.478	MRR:16.99	Hits@10:32.08	Best:17.13
2025-02-19 10:44:33,727 INFO    : Snapshot:1	3	10	Epoch:68	Loss:0.473	MRR:17.05	Hits@10:32.06	Best:17.13
2025-02-19 10:44:37,869 INFO    : Snapshot:1	4	10	Epoch:69	Loss:0.482	MRR:16.99	Hits@10:32.22	Best:17.13
2025-02-19 10:44:41,988 INFO    : Snapshot:1	5	10	Epoch:70	Loss:0.468	MRR:16.96	Hits@10:32.26	Best:17.13
2025-02-19 10:44:46,171 INFO    : Snapshot:1	6	10	Epoch:71	Loss:0.472	MRR:17.13	Hits@10:32.27	Best:17.13
2025-02-19 10:44:50,360 INFO    : Snapshot:1	7	10	Epoch:72	Loss:0.464	MRR:17.1	Hits@10:32.09	Best:17.13
2025-02-19 10:44:54,519 INFO    : Snapshot:1	8	10	Epoch:73	Loss:0.465	MRR:17.05	Hits@10:32.34	Best:17.13
2025-02-19 10:44:58,665 INFO    : Snapshot:1	9	10	Epoch:74	Loss:0.466	MRR:17.12	Hits@10:32.22	Best:17.13
2025-02-19 10:45:02,890 INFO    : Early Stopping! Snapshot:1 Epoch: 75 Best Results: 17.13
2025-02-19 10:45:03,022 INFO    : => loading checkpoint './checkpoint/FB_CKGE\1model_best.tar'
2025-02-19 10:45:15,985 INFO    : 
+------------+--------+--------+--------+--------+---------+
| Snapshot:1 |  MRR   | Hits@1 | Hits@3 | Hits@5 | Hits@10 |
+------------+--------+--------+--------+--------+---------+
|     0      | 0.246  | 0.1419 | 0.2865 |  0.36  |  0.452  |
|     1      | 0.1806 | 0.1067 | 0.2012 | 0.2507 |  0.3255 |
+------------+--------+--------+--------+--------+---------+
2025-02-19 10:45:26,834 INFO    : Snapshot:2	0	10	Epoch:0	Loss:7.213	MRR:17.52	Hits@10:30.68	Best:17.52
2025-02-19 10:45:31,543 INFO    : Snapshot:2	0	10	Epoch:1	Loss:3.093	MRR:17.65	Hits@10:31.11	Best:17.65
2025-02-19 10:45:36,248 INFO    : Snapshot:2	0	10	Epoch:2	Loss:2.581	MRR:17.73	Hits@10:31.14	Best:17.73
2025-02-19 10:45:40,796 INFO    : Snapshot:2	0	10	Epoch:3	Loss:2.389	MRR:17.84	Hits@10:31.43	Best:17.84
2025-02-19 10:45:45,444 INFO    : Snapshot:2	0	10	Epoch:4	Loss:2.278	MRR:17.92	Hits@10:31.48	Best:17.92
2025-02-19 10:45:50,204 INFO    : Snapshot:2	0	10	Epoch:5	Loss:2.188	MRR:18.03	Hits@10:31.69	Best:18.03
2025-02-19 10:45:54,901 INFO    : Snapshot:2	1	10	Epoch:6	Loss:2.108	MRR:18.01	Hits@10:31.69	Best:18.03
2025-02-19 10:45:59,786 INFO    : Snapshot:2	0	10	Epoch:7	Loss:2.055	MRR:18.08	Hits@10:31.71	Best:18.08
2025-02-19 10:46:04,570 INFO    : Snapshot:2	0	10	Epoch:8	Loss:2.013	MRR:18.15	Hits@10:31.7	Best:18.15
2025-02-19 10:46:09,345 INFO    : Snapshot:2	1	10	Epoch:9	Loss:2.002	MRR:18.12	Hits@10:31.76	Best:18.15
2025-02-19 10:46:14,368 INFO    : Snapshot:2	0	10	Epoch:10	Loss:1.968	MRR:18.2	Hits@10:31.8	Best:18.2
2025-02-19 10:46:19,263 INFO    : Snapshot:2	0	10	Epoch:11	Loss:1.963	MRR:18.21	Hits@10:31.88	Best:18.21
2025-02-19 10:46:23,981 INFO    : Snapshot:2	0	10	Epoch:12	Loss:1.929	MRR:18.22	Hits@10:32.01	Best:18.22
2025-02-19 10:46:28,787 INFO    : Snapshot:2	0	10	Epoch:13	Loss:1.912	MRR:18.24	Hits@10:32.05	Best:18.24
2025-02-19 10:46:33,816 INFO    : Snapshot:2	1	10	Epoch:14	Loss:1.907	MRR:18.13	Hits@10:31.86	Best:18.24
2025-02-19 10:46:38,575 INFO    : Snapshot:2	2	10	Epoch:15	Loss:1.881	MRR:18.2	Hits@10:31.95	Best:18.24
2025-02-19 10:46:43,427 INFO    : Snapshot:2	3	10	Epoch:16	Loss:1.847	MRR:18.09	Hits@10:31.92	Best:18.24
2025-02-19 10:46:48,143 INFO    : Snapshot:2	4	10	Epoch:17	Loss:1.869	MRR:18.14	Hits@10:31.92	Best:18.24
2025-02-19 10:46:53,311 INFO    : Snapshot:2	5	10	Epoch:18	Loss:1.862	MRR:18.16	Hits@10:31.97	Best:18.24
2025-02-19 10:46:58,299 INFO    : Snapshot:2	6	10	Epoch:19	Loss:1.83	MRR:18.2	Hits@10:32.07	Best:18.24
2025-02-19 10:47:03,361 INFO    : Snapshot:2	0	10	Epoch:20	Loss:1.83	MRR:18.26	Hits@10:32.09	Best:18.26
2025-02-19 10:47:08,343 INFO    : Snapshot:2	1	10	Epoch:21	Loss:1.831	MRR:18.24	Hits@10:32.06	Best:18.26
2025-02-19 10:47:13,338 INFO    : Snapshot:2	0	10	Epoch:22	Loss:1.826	MRR:18.33	Hits@10:32.06	Best:18.33
2025-02-19 10:47:18,183 INFO    : Snapshot:2	1	10	Epoch:23	Loss:1.836	MRR:18.28	Hits@10:32.13	Best:18.33
2025-02-19 10:47:23,037 INFO    : Snapshot:2	2	10	Epoch:24	Loss:1.812	MRR:18.22	Hits@10:31.97	Best:18.33
2025-02-19 10:47:27,963 INFO    : Snapshot:2	3	10	Epoch:25	Loss:1.825	MRR:18.19	Hits@10:32.05	Best:18.33
2025-02-19 10:47:32,993 INFO    : Snapshot:2	4	10	Epoch:26	Loss:1.808	MRR:18.12	Hits@10:32.05	Best:18.33
2025-02-19 10:47:37,847 INFO    : Snapshot:2	5	10	Epoch:27	Loss:1.816	MRR:18.26	Hits@10:32.01	Best:18.33
2025-02-19 10:47:42,697 INFO    : Snapshot:2	6	10	Epoch:28	Loss:1.811	MRR:18.23	Hits@10:31.97	Best:18.33
2025-02-19 10:47:47,456 INFO    : Snapshot:2	7	10	Epoch:29	Loss:1.802	MRR:18.24	Hits@10:32.14	Best:18.33
2025-02-19 10:47:52,673 INFO    : Snapshot:2	8	10	Epoch:30	Loss:1.801	MRR:18.27	Hits@10:32.1	Best:18.33
2025-02-19 10:47:57,635 INFO    : Snapshot:2	9	10	Epoch:31	Loss:1.794	MRR:18.24	Hits@10:32.22	Best:18.33
2025-02-19 10:48:02,614 INFO    : Early Stopping! Snapshot:2 Epoch: 32 Best Results: 18.33
2025-02-19 10:48:02,751 INFO    : => loading checkpoint './checkpoint/FB_CKGE\2model_best.tar'
2025-02-19 10:48:19,053 INFO    : 
+------------+--------+--------+--------+--------+---------+
| Snapshot:2 |  MRR   | Hits@1 | Hits@3 | Hits@5 | Hits@10 |
+------------+--------+--------+--------+--------+---------+
|     0      | 0.246  | 0.1419 | 0.2865 |  0.36  |  0.452  |
|     1      | 0.1806 | 0.1067 | 0.2012 | 0.2507 |  0.3255 |
|     2      | 0.1823 | 0.1104 | 0.2032 | 0.2529 |  0.3245 |
+------------+--------+--------+--------+--------+---------+
2025-02-19 10:48:31,225 INFO    : Snapshot:3	0	10	Epoch:0	Loss:5.102	MRR:19.38	Hits@10:33.5	Best:19.38
2025-02-19 10:48:36,226 INFO    : Snapshot:3	1	10	Epoch:1	Loss:3.191	MRR:19.36	Hits@10:33.64	Best:19.38
2025-02-19 10:48:41,228 INFO    : Snapshot:3	2	10	Epoch:2	Loss:2.944	MRR:19.38	Hits@10:33.63	Best:19.38
2025-02-19 10:48:46,139 INFO    : Snapshot:3	0	10	Epoch:3	Loss:2.837	MRR:19.45	Hits@10:33.76	Best:19.45
2025-02-19 10:48:51,305 INFO    : Snapshot:3	1	10	Epoch:4	Loss:2.797	MRR:19.36	Hits@10:33.71	Best:19.45
2025-02-19 10:48:56,565 INFO    : Snapshot:3	2	10	Epoch:5	Loss:2.774	MRR:19.36	Hits@10:33.8	Best:19.45
2025-02-19 10:49:01,601 INFO    : Snapshot:3	3	10	Epoch:6	Loss:2.739	MRR:19.41	Hits@10:33.84	Best:19.45
2025-02-19 10:49:06,717 INFO    : Snapshot:3	4	10	Epoch:7	Loss:2.737	MRR:19.34	Hits@10:33.82	Best:19.45
2025-02-19 10:49:11,882 INFO    : Snapshot:3	0	10	Epoch:8	Loss:2.692	MRR:19.46	Hits@10:33.8	Best:19.46
2025-02-19 10:49:16,786 INFO    : Snapshot:3	1	10	Epoch:9	Loss:2.69	MRR:19.44	Hits@10:33.84	Best:19.46
2025-02-19 10:49:21,696 INFO    : Snapshot:3	2	10	Epoch:10	Loss:2.675	MRR:19.45	Hits@10:33.77	Best:19.46
2025-02-19 10:49:26,539 INFO    : Snapshot:3	3	10	Epoch:11	Loss:2.661	MRR:19.41	Hits@10:33.8	Best:19.46
2025-02-19 10:49:31,342 INFO    : Snapshot:3	4	10	Epoch:12	Loss:2.673	MRR:19.42	Hits@10:33.75	Best:19.46
2025-02-19 10:49:36,175 INFO    : Snapshot:3	5	10	Epoch:13	Loss:2.643	MRR:19.37	Hits@10:33.71	Best:19.46
2025-02-19 10:49:41,035 INFO    : Snapshot:3	6	10	Epoch:14	Loss:2.655	MRR:19.45	Hits@10:33.89	Best:19.46
2025-02-19 10:49:45,791 INFO    : Snapshot:3	7	10	Epoch:15	Loss:2.659	MRR:19.38	Hits@10:33.78	Best:19.46
2025-02-19 10:49:50,616 INFO    : Snapshot:3	8	10	Epoch:16	Loss:2.639	MRR:19.43	Hits@10:33.84	Best:19.46
2025-02-19 10:49:55,512 INFO    : Snapshot:3	9	10	Epoch:17	Loss:2.64	MRR:19.41	Hits@10:33.8	Best:19.46
2025-02-19 10:50:00,357 INFO    : Early Stopping! Snapshot:3 Epoch: 18 Best Results: 19.46
2025-02-19 10:50:00,478 INFO    : => loading checkpoint './checkpoint/FB_CKGE\3model_best.tar'
2025-02-19 10:50:19,726 INFO    : 
+------------+--------+--------+--------+--------+---------+
| Snapshot:3 |  MRR   | Hits@1 | Hits@3 | Hits@5 | Hits@10 |
+------------+--------+--------+--------+--------+---------+
|     0      | 0.246  | 0.1419 | 0.2865 |  0.36  |  0.452  |
|     1      | 0.1806 | 0.1067 | 0.2012 | 0.2507 |  0.3255 |
|     2      | 0.1823 | 0.1104 | 0.2032 | 0.2529 |  0.3245 |
|     3      | 0.1937 | 0.1195 | 0.219  | 0.2691 |  0.337  |
+------------+--------+--------+--------+--------+---------+
2025-02-19 10:50:32,941 INFO    : Snapshot:4	0	10	Epoch:0	Loss:3.877	MRR:20.51	Hits@10:33.94	Best:20.51
2025-02-19 10:50:37,903 INFO    : Snapshot:4	0	10	Epoch:1	Loss:3.27	MRR:20.53	Hits@10:33.89	Best:20.53
2025-02-19 10:50:42,946 INFO    : Snapshot:4	0	10	Epoch:2	Loss:3.184	MRR:20.55	Hits@10:34.0	Best:20.55
2025-02-19 10:50:47,967 INFO    : Snapshot:4	0	10	Epoch:3	Loss:3.143	MRR:20.56	Hits@10:33.98	Best:20.56
2025-02-19 10:50:52,916 INFO    : Snapshot:4	1	10	Epoch:4	Loss:3.118	MRR:20.55	Hits@10:33.97	Best:20.56
2025-02-19 10:50:57,894 INFO    : Snapshot:4	0	10	Epoch:5	Loss:3.129	MRR:20.57	Hits@10:33.98	Best:20.57
2025-02-19 10:51:02,872 INFO    : Snapshot:4	1	10	Epoch:6	Loss:3.119	MRR:20.57	Hits@10:33.98	Best:20.57
2025-02-19 10:51:07,834 INFO    : Snapshot:4	2	10	Epoch:7	Loss:3.139	MRR:20.55	Hits@10:34.0	Best:20.57
2025-02-19 10:51:12,796 INFO    : Snapshot:4	3	10	Epoch:8	Loss:3.087	MRR:20.55	Hits@10:34.0	Best:20.57
2025-02-19 10:51:17,775 INFO    : Snapshot:4	4	10	Epoch:9	Loss:3.082	MRR:20.57	Hits@10:34.01	Best:20.57
2025-02-19 10:51:22,731 INFO    : Snapshot:4	5	10	Epoch:10	Loss:3.11	MRR:20.57	Hits@10:34.0	Best:20.57
2025-02-19 10:51:27,787 INFO    : Snapshot:4	6	10	Epoch:11	Loss:3.111	MRR:20.55	Hits@10:34.02	Best:20.57
2025-02-19 10:51:32,801 INFO    : Snapshot:4	7	10	Epoch:12	Loss:3.1	MRR:20.54	Hits@10:34.01	Best:20.57
2025-02-19 10:51:37,876 INFO    : Snapshot:4	8	10	Epoch:13	Loss:3.093	MRR:20.56	Hits@10:34.02	Best:20.57
2025-02-19 10:51:42,915 INFO    : Snapshot:4	9	10	Epoch:14	Loss:3.084	MRR:20.54	Hits@10:33.96	Best:20.57
2025-02-19 10:51:48,039 INFO    : Early Stopping! Snapshot:4 Epoch: 15 Best Results: 20.57
2025-02-19 10:51:48,162 INFO    : => loading checkpoint './checkpoint/FB_CKGE\4model_best.tar'
2025-02-19 10:52:10,362 INFO    : 
+------------+--------+--------+--------+--------+---------+
| Snapshot:4 |  MRR   | Hits@1 | Hits@3 | Hits@5 | Hits@10 |
+------------+--------+--------+--------+--------+---------+
|     0      | 0.246  | 0.1419 | 0.2865 |  0.36  |  0.452  |
|     1      | 0.1806 | 0.1067 | 0.2012 | 0.2507 |  0.3255 |
|     2      | 0.1823 | 0.1104 | 0.2032 | 0.2529 |  0.3245 |
|     3      | 0.1937 | 0.1195 | 0.219  | 0.2691 |  0.337  |
|     4      | 0.2153 | 0.1323 | 0.2472 | 0.3034 |  0.3754 |
+------------+--------+--------+--------+--------+---------+
2025-02-19 10:52:10,363 INFO    : Final Result:
[+------------+-------+--------+--------+--------+---------+
| Snapshot:0 |  MRR  | Hits@1 | Hits@3 | Hits@5 | Hits@10 |
+------------+-------+--------+--------+--------+---------+
|     0      | 0.246 | 0.1419 | 0.2865 |  0.36  |  0.452  |
+------------+-------+--------+--------+--------+---------+, +------------+--------+--------+--------+--------+---------+
| Snapshot:1 |  MRR   | Hits@1 | Hits@3 | Hits@5 | Hits@10 |
+------------+--------+--------+--------+--------+---------+
|     0      | 0.246  | 0.1419 | 0.2865 |  0.36  |  0.452  |
|     1      | 0.1806 | 0.1067 | 0.2012 | 0.2507 |  0.3255 |
+------------+--------+--------+--------+--------+---------+, +------------+--------+--------+--------+--------+---------+
| Snapshot:2 |  MRR   | Hits@1 | Hits@3 | Hits@5 | Hits@10 |
+------------+--------+--------+--------+--------+---------+
|     0      | 0.246  | 0.1419 | 0.2865 |  0.36  |  0.452  |
|     1      | 0.1806 | 0.1067 | 0.2012 | 0.2507 |  0.3255 |
|     2      | 0.1823 | 0.1104 | 0.2032 | 0.2529 |  0.3245 |
+------------+--------+--------+--------+--------+---------+, +------------+--------+--------+--------+--------+---------+
| Snapshot:3 |  MRR   | Hits@1 | Hits@3 | Hits@5 | Hits@10 |
+------------+--------+--------+--------+--------+---------+
|     0      | 0.246  | 0.1419 | 0.2865 |  0.36  |  0.452  |
|     1      | 0.1806 | 0.1067 | 0.2012 | 0.2507 |  0.3255 |
|     2      | 0.1823 | 0.1104 | 0.2032 | 0.2529 |  0.3245 |
|     3      | 0.1937 | 0.1195 | 0.219  | 0.2691 |  0.337  |
+------------+--------+--------+--------+--------+---------+, +------------+--------+--------+--------+--------+---------+
| Snapshot:4 |  MRR   | Hits@1 | Hits@3 | Hits@5 | Hits@10 |
+------------+--------+--------+--------+--------+---------+
|     0      | 0.246  | 0.1419 | 0.2865 |  0.36  |  0.452  |
|     1      | 0.1806 | 0.1067 | 0.2012 | 0.2507 |  0.3255 |
|     2      | 0.1823 | 0.1104 | 0.2032 | 0.2529 |  0.3245 |
|     3      | 0.1937 | 0.1195 | 0.219  | 0.2691 |  0.337  |
|     4      | 0.2153 | 0.1323 | 0.2472 | 0.3034 |  0.3754 |
+------------+--------+--------+--------+--------+---------+]
2025-02-19 10:52:10,364 INFO    : Report Result:
+----------+--------------------+-----------+--------------+--------------+---------------+
| Snapshot |        Time        | Whole_MRR | Whole_Hits@1 | Whole_Hits@3 | Whole_Hits@10 |
+----------+--------------------+-----------+--------------+--------------+---------------+
|    0     | 204.84511923789978 |   0.246   |    0.142     |    0.286     |     0.452     |
|    1     | 322.47996377944946 |   0.237   |    0.137     |    0.274     |     0.434     |
|    2     | 163.52050399780273 |    0.23   |    0.134     |    0.265     |      0.42     |
|    3     | 97.48340177536011  |   0.226   |    0.132     |     0.26     |     0.411     |
|    4     | 83.67803525924683  |   0.225   |    0.132     |    0.259     |     0.407     |
+----------+--------------------+-----------+--------------+--------------+---------------+
2025-02-19 10:52:10,365 INFO    : Sum_Training_Time:872.0070240497589
2025-02-19 10:52:10,365 INFO    : Every_Training_Time:[204.84511923789978, 322.47996377944946, 163.52050399780273, 97.48340177536011, 83.67803525924683]
2025-02-19 10:52:10,365 INFO    : Forward transfer: 0.15032500000000001 Backward transfer: 0.0
