2024-09-27 15:03:43,251 INFO    : Namespace(batch_size='1024', data_path='./data/FB_CKGE/', dataset='FB_CKGE', debug=False, device=device(type='cuda', index=0), emb_dim=200, ent_r='200', epoch_num=200, explore=False, gpu='0', l2=0.0, learning_rate='1e-1', log_path='./logs/FB_CKGE 200 20 1e-1 1024/FB_CKGE 20240927150333', logger=<RootLogger root (INFO)>, margin=8.0, model_name='LoraKGE_Layers', multi_layers_path='train_sorted_by_edges_betweenness.txt', neg_ratio=10, note='', num_ent_layers='20', num_layer=1, num_rel_layers='1', patience=3, predict_result='True', r=100, r_fixed=True, random_seed=3407, record=False, rel_r='20', save_path='./checkpoint/FB_CKGE', skip_previous='False', snapshot_num=5, train_new=True, using_multi_layers=False, using_various_ranks='True', using_various_ranks_reverse=False, valid_metrics='mrr')
2024-09-27 15:04:02,743 INFO    : Snapshot:0	0	3	Epoch:0	Loss:91.268	MRR:22.64	Hits@10:42.62	Best:22.64
2024-09-27 15:04:20,172 INFO    : Snapshot:0	0	3	Epoch:1	Loss:17.198	MRR:24.74	Hits@10:45.16	Best:24.74
2024-09-27 15:04:36,726 INFO    : Snapshot:0	1	3	Epoch:2	Loss:7.016	MRR:23.93	Hits@10:44.13	Best:24.74
2024-09-27 15:04:53,712 INFO    : Snapshot:0	2	3	Epoch:3	Loss:4.7	MRR:23.72	Hits@10:43.5	Best:24.74
2024-09-27 15:05:10,927 INFO    : Early Stopping! Snapshot:0 Epoch: 4 Best Results: 24.74
2024-09-27 15:05:11,036 INFO    : => loading checkpoint './checkpoint/FB_CKGE\0model_best.tar'
2024-09-27 15:05:31,559 INFO    : 
+------------+-------+--------+--------+--------+---------+
| Snapshot:0 |  MRR  | Hits@1 | Hits@3 | Hits@5 | Hits@10 |
+------------+-------+--------+--------+--------+---------+
|     0      | 0.246 | 0.1419 | 0.2865 |  0.36  |  0.452  |
+------------+-------+--------+--------+--------+---------+
2024-09-27 15:05:43,946 INFO    : Snapshot:1	0	3	Epoch:0	Loss:9.84	MRR:11.45	Hits@10:21.07	Best:11.45
2024-09-27 15:05:48,241 INFO    : Snapshot:1	0	3	Epoch:1	Loss:2.656	MRR:13.45	Hits@10:25.35	Best:13.45
2024-09-27 15:05:52,553 INFO    : Snapshot:1	0	3	Epoch:2	Loss:1.79	MRR:14.3	Hits@10:27.32	Best:14.3
2024-09-27 15:05:56,958 INFO    : Snapshot:1	0	3	Epoch:3	Loss:1.428	MRR:14.85	Hits@10:28.48	Best:14.85
2024-09-27 15:06:01,216 INFO    : Snapshot:1	0	3	Epoch:4	Loss:1.245	MRR:15.19	Hits@10:28.93	Best:15.19
2024-09-27 15:06:05,431 INFO    : Snapshot:1	0	3	Epoch:5	Loss:1.083	MRR:15.49	Hits@10:29.33	Best:15.49
2024-09-27 15:06:09,689 INFO    : Snapshot:1	0	3	Epoch:6	Loss:1.004	MRR:15.72	Hits@10:30.02	Best:15.72
2024-09-27 15:06:13,939 INFO    : Snapshot:1	0	3	Epoch:7	Loss:0.918	MRR:15.92	Hits@10:29.77	Best:15.92
2024-09-27 15:06:18,305 INFO    : Snapshot:1	0	3	Epoch:8	Loss:0.886	MRR:16.0	Hits@10:30.45	Best:16.0
2024-09-27 15:06:22,549 INFO    : Snapshot:1	0	3	Epoch:9	Loss:0.812	MRR:16.17	Hits@10:30.47	Best:16.17
2024-09-27 15:06:26,740 INFO    : Snapshot:1	1	3	Epoch:10	Loss:0.796	MRR:16.07	Hits@10:30.64	Best:16.17
2024-09-27 15:06:31,035 INFO    : Snapshot:1	0	3	Epoch:11	Loss:0.758	MRR:16.36	Hits@10:30.94	Best:16.36
2024-09-27 15:06:35,176 INFO    : Snapshot:1	1	3	Epoch:12	Loss:0.741	MRR:16.33	Hits@10:31.0	Best:16.36
2024-09-27 15:06:39,180 INFO    : Snapshot:1	2	3	Epoch:13	Loss:0.707	MRR:16.23	Hits@10:31.13	Best:16.36
2024-09-27 15:06:43,221 INFO    : Snapshot:1	0	3	Epoch:14	Loss:0.698	MRR:16.38	Hits@10:30.94	Best:16.38
2024-09-27 15:06:47,249 INFO    : Snapshot:1	0	3	Epoch:15	Loss:0.678	MRR:16.5	Hits@10:30.93	Best:16.5
2024-09-27 15:06:51,567 INFO    : Snapshot:1	1	3	Epoch:16	Loss:0.656	MRR:16.47	Hits@10:30.93	Best:16.5
2024-09-27 15:06:56,096 INFO    : Snapshot:1	0	3	Epoch:17	Loss:0.645	MRR:16.59	Hits@10:31.25	Best:16.59
2024-09-27 15:07:00,830 INFO    : Snapshot:1	0	3	Epoch:18	Loss:0.629	MRR:16.61	Hits@10:31.22	Best:16.61
2024-09-27 15:07:05,401 INFO    : Snapshot:1	0	3	Epoch:19	Loss:0.614	MRR:16.76	Hits@10:31.66	Best:16.76
2024-09-27 15:07:09,572 INFO    : Snapshot:1	0	3	Epoch:20	Loss:0.601	MRR:16.82	Hits@10:31.47	Best:16.82
2024-09-27 15:07:13,925 INFO    : Snapshot:1	1	3	Epoch:21	Loss:0.603	MRR:16.82	Hits@10:31.59	Best:16.82
2024-09-27 15:07:18,473 INFO    : Snapshot:1	2	3	Epoch:22	Loss:0.598	MRR:16.78	Hits@10:31.34	Best:16.82
2024-09-27 15:07:22,678 INFO    : Early Stopping! Snapshot:1 Epoch: 23 Best Results: 16.82
2024-09-27 15:07:22,787 INFO    : => loading checkpoint './checkpoint/FB_CKGE\1model_best.tar'
2024-09-27 15:07:52,097 INFO    : 
+------------+--------+--------+--------+--------+---------+
| Snapshot:1 |  MRR   | Hits@1 | Hits@3 | Hits@5 | Hits@10 |
+------------+--------+--------+--------+--------+---------+
|     0      | 0.246  | 0.1419 | 0.2865 |  0.36  |  0.452  |
|     1      | 0.1771 | 0.1053 | 0.1937 | 0.2443 |  0.3198 |
+------------+--------+--------+--------+--------+---------+
2024-09-27 15:08:04,689 INFO    : Snapshot:2	0	3	Epoch:0	Loss:6.979	MRR:17.31	Hits@10:30.83	Best:17.31
2024-09-27 15:08:09,651 INFO    : Snapshot:2	0	3	Epoch:1	Loss:2.911	MRR:17.5	Hits@10:31.18	Best:17.5
2024-09-27 15:08:14,358 INFO    : Snapshot:2	0	3	Epoch:2	Loss:2.46	MRR:17.7	Hits@10:31.35	Best:17.7
2024-09-27 15:08:18,927 INFO    : Snapshot:2	0	3	Epoch:3	Loss:2.3	MRR:17.74	Hits@10:31.68	Best:17.74
2024-09-27 15:08:23,453 INFO    : Snapshot:2	1	3	Epoch:4	Loss:2.171	MRR:17.74	Hits@10:31.62	Best:17.74
2024-09-27 15:08:27,998 INFO    : Snapshot:2	0	3	Epoch:5	Loss:2.079	MRR:17.76	Hits@10:31.73	Best:17.76
2024-09-27 15:08:32,981 INFO    : Snapshot:2	0	3	Epoch:6	Loss:2.043	MRR:17.91	Hits@10:31.96	Best:17.91
2024-09-27 15:08:37,565 INFO    : Snapshot:2	0	3	Epoch:7	Loss:2.002	MRR:17.95	Hits@10:31.99	Best:17.95
2024-09-27 15:08:42,295 INFO    : Snapshot:2	0	3	Epoch:8	Loss:1.981	MRR:17.97	Hits@10:32.05	Best:17.97
2024-09-27 15:08:46,851 INFO    : Snapshot:2	0	3	Epoch:9	Loss:1.95	MRR:17.99	Hits@10:32.17	Best:17.99
2024-09-27 15:08:51,489 INFO    : Snapshot:2	0	3	Epoch:10	Loss:1.917	MRR:18.05	Hits@10:32.23	Best:18.05
2024-09-27 15:08:56,332 INFO    : Snapshot:2	0	3	Epoch:11	Loss:1.898	MRR:18.09	Hits@10:32.24	Best:18.09
2024-09-27 15:09:00,844 INFO    : Snapshot:2	1	3	Epoch:12	Loss:1.897	MRR:17.96	Hits@10:32.08	Best:18.09
2024-09-27 15:09:05,376 INFO    : Snapshot:2	2	3	Epoch:13	Loss:1.882	MRR:18.03	Hits@10:32.01	Best:18.09
2024-09-27 15:09:09,879 INFO    : Early Stopping! Snapshot:2 Epoch: 14 Best Results: 18.09
2024-09-27 15:09:09,989 INFO    : => loading checkpoint './checkpoint/FB_CKGE\2model_best.tar'
2024-09-27 15:09:40,410 INFO    : 
+------------+--------+--------+--------+--------+---------+
| Snapshot:2 |  MRR   | Hits@1 | Hits@3 | Hits@5 | Hits@10 |
+------------+--------+--------+--------+--------+---------+
|     0      | 0.246  | 0.1419 | 0.2865 |  0.36  |  0.452  |
|     1      | 0.1771 | 0.1053 | 0.1937 | 0.2443 |  0.3198 |
|     2      | 0.1816 | 0.1111 | 0.2005 | 0.2492 |  0.3215 |
+------------+--------+--------+--------+--------+---------+
2024-09-27 15:09:53,611 INFO    : Snapshot:3	0	3	Epoch:0	Loss:4.989	MRR:18.94	Hits@10:32.78	Best:18.94
2024-09-27 15:09:58,575 INFO    : Snapshot:3	0	3	Epoch:1	Loss:3.131	MRR:18.97	Hits@10:32.88	Best:18.97
2024-09-27 15:10:03,439 INFO    : Snapshot:3	0	3	Epoch:2	Loss:2.891	MRR:19.03	Hits@10:32.92	Best:19.03
2024-09-27 15:10:08,311 INFO    : Snapshot:3	1	3	Epoch:3	Loss:2.822	MRR:18.99	Hits@10:32.97	Best:19.03
2024-09-27 15:10:13,172 INFO    : Snapshot:3	2	3	Epoch:4	Loss:2.771	MRR:18.99	Hits@10:32.88	Best:19.03
2024-09-27 15:10:18,057 INFO    : Snapshot:3	0	3	Epoch:5	Loss:2.695	MRR:19.05	Hits@10:32.92	Best:19.05
2024-09-27 15:10:22,891 INFO    : Snapshot:3	1	3	Epoch:6	Loss:2.713	MRR:19.05	Hits@10:32.96	Best:19.05
2024-09-27 15:10:27,645 INFO    : Snapshot:3	2	3	Epoch:7	Loss:2.682	MRR:19.04	Hits@10:33.01	Best:19.05
2024-09-27 15:10:32,531 INFO    : Snapshot:3	0	3	Epoch:8	Loss:2.69	MRR:19.07	Hits@10:33.03	Best:19.07
2024-09-27 15:10:37,452 INFO    : Snapshot:3	1	3	Epoch:9	Loss:2.66	MRR:19.03	Hits@10:32.99	Best:19.07
2024-09-27 15:10:42,629 INFO    : Snapshot:3	2	3	Epoch:10	Loss:2.666	MRR:19.04	Hits@10:33.05	Best:19.07
2024-09-27 15:10:47,535 INFO    : Early Stopping! Snapshot:3 Epoch: 11 Best Results: 19.07
2024-09-27 15:10:47,646 INFO    : => loading checkpoint './checkpoint/FB_CKGE\3model_best.tar'
2024-09-27 15:11:23,877 INFO    : 
+------------+--------+--------+--------+--------+---------+
| Snapshot:3 |  MRR   | Hits@1 | Hits@3 | Hits@5 | Hits@10 |
+------------+--------+--------+--------+--------+---------+
|     0      | 0.246  | 0.1419 | 0.2865 |  0.36  |  0.452  |
|     1      | 0.1771 | 0.1053 | 0.1937 | 0.2443 |  0.3198 |
|     2      | 0.1816 | 0.1111 | 0.2005 | 0.2492 |  0.3215 |
|     3      | 0.1885 | 0.1165 | 0.2102 | 0.2581 |  0.3305 |
+------------+--------+--------+--------+--------+---------+
2024-09-27 15:11:37,663 INFO    : Snapshot:4	0	3	Epoch:0	Loss:3.891	MRR:19.99	Hits@10:33.12	Best:19.99
2024-09-27 15:11:42,719 INFO    : Snapshot:4	0	3	Epoch:1	Loss:3.274	MRR:20.02	Hits@10:33.17	Best:20.02
2024-09-27 15:11:47,692 INFO    : Snapshot:4	1	3	Epoch:2	Loss:3.16	MRR:20.0	Hits@10:33.17	Best:20.02
2024-09-27 15:11:52,710 INFO    : Snapshot:4	0	3	Epoch:3	Loss:3.13	MRR:20.04	Hits@10:33.14	Best:20.04
2024-09-27 15:11:57,988 INFO    : Snapshot:4	1	3	Epoch:4	Loss:3.12	MRR:20.02	Hits@10:33.15	Best:20.04
2024-09-27 15:12:03,318 INFO    : Snapshot:4	2	3	Epoch:5	Loss:3.119	MRR:20.01	Hits@10:33.17	Best:20.04
2024-09-27 15:12:08,341 INFO    : Early Stopping! Snapshot:4 Epoch: 6 Best Results: 20.04
2024-09-27 15:12:08,461 INFO    : => loading checkpoint './checkpoint/FB_CKGE\4model_best.tar'
2024-09-27 15:12:49,172 INFO    : 
+------------+--------+--------+--------+--------+---------+
| Snapshot:4 |  MRR   | Hits@1 | Hits@3 | Hits@5 | Hits@10 |
+------------+--------+--------+--------+--------+---------+
|     0      | 0.246  | 0.1419 | 0.2865 |  0.36  |  0.452  |
|     1      | 0.1771 | 0.1053 | 0.1937 | 0.2443 |  0.3198 |
|     2      | 0.1816 | 0.1111 | 0.2005 | 0.2492 |  0.3215 |
|     3      | 0.1885 | 0.1165 | 0.2102 | 0.2581 |  0.3305 |
|     4      | 0.215  | 0.1339 | 0.2457 | 0.2993 |  0.3717 |
+------------+--------+--------+--------+--------+---------+
2024-09-27 15:12:49,173 INFO    : Final Result:
[+------------+-------+--------+--------+--------+---------+
| Snapshot:0 |  MRR  | Hits@1 | Hits@3 | Hits@5 | Hits@10 |
+------------+-------+--------+--------+--------+---------+
|     0      | 0.246 | 0.1419 | 0.2865 |  0.36  |  0.452  |
+------------+-------+--------+--------+--------+---------+, +------------+--------+--------+--------+--------+---------+
| Snapshot:1 |  MRR   | Hits@1 | Hits@3 | Hits@5 | Hits@10 |
+------------+--------+--------+--------+--------+---------+
|     0      | 0.246  | 0.1419 | 0.2865 |  0.36  |  0.452  |
|     1      | 0.1771 | 0.1053 | 0.1937 | 0.2443 |  0.3198 |
+------------+--------+--------+--------+--------+---------+, +------------+--------+--------+--------+--------+---------+
| Snapshot:2 |  MRR   | Hits@1 | Hits@3 | Hits@5 | Hits@10 |
+------------+--------+--------+--------+--------+---------+
|     0      | 0.246  | 0.1419 | 0.2865 |  0.36  |  0.452  |
|     1      | 0.1771 | 0.1053 | 0.1937 | 0.2443 |  0.3198 |
|     2      | 0.1816 | 0.1111 | 0.2005 | 0.2492 |  0.3215 |
+------------+--------+--------+--------+--------+---------+, +------------+--------+--------+--------+--------+---------+
| Snapshot:3 |  MRR   | Hits@1 | Hits@3 | Hits@5 | Hits@10 |
+------------+--------+--------+--------+--------+---------+
|     0      | 0.246  | 0.1419 | 0.2865 |  0.36  |  0.452  |
|     1      | 0.1771 | 0.1053 | 0.1937 | 0.2443 |  0.3198 |
|     2      | 0.1816 | 0.1111 | 0.2005 | 0.2492 |  0.3215 |
|     3      | 0.1885 | 0.1165 | 0.2102 | 0.2581 |  0.3305 |
+------------+--------+--------+--------+--------+---------+, +------------+--------+--------+--------+--------+---------+
| Snapshot:4 |  MRR   | Hits@1 | Hits@3 | Hits@5 | Hits@10 |
+------------+--------+--------+--------+--------+---------+
|     0      | 0.246  | 0.1419 | 0.2865 |  0.36  |  0.452  |
|     1      | 0.1771 | 0.1053 | 0.1937 | 0.2443 |  0.3198 |
|     2      | 0.1816 | 0.1111 | 0.2005 | 0.2492 |  0.3215 |
|     3      | 0.1885 | 0.1165 | 0.2102 | 0.2581 |  0.3305 |
|     4      | 0.215  | 0.1339 | 0.2457 | 0.2993 |  0.3717 |
+------------+--------+--------+--------+--------+---------+]
2024-09-27 15:12:49,174 INFO    : Report Result:
+----------+--------------------+-----------+--------------+--------------+---------------+
| Snapshot |        Time        | Whole_MRR | Whole_Hits@1 | Whole_Hits@3 | Whole_Hits@10 |
+----------+--------------------+-----------+--------------+--------------+---------------+
|    0     | 87.67606401443481  |   0.246   |    0.142     |    0.286     |     0.452     |
|    1     | 106.22502732276917 |   0.236   |    0.137     |    0.273     |     0.433     |
|    2     | 72.96352028846741  |   0.229   |    0.133     |    0.264     |     0.419     |
|    3     | 62.03033232688904  |   0.225   |    0.132     |    0.258     |     0.409     |
|    4     | 38.84902787208557  |   0.224   |    0.132     |    0.257     |     0.406     |
+----------+--------------------+-----------+--------------+--------------+---------------+
2024-09-27 15:12:49,174 INFO    : Sum_Training_Time:367.743971824646
2024-09-27 15:12:49,174 INFO    : Every_Training_Time:[87.67606401443481, 106.22502732276917, 72.96352028846741, 62.03033232688904, 38.84902787208557]
2024-09-27 15:12:49,174 INFO    : Forward transfer: 0.1492 Backward transfer: 0.0
