2024-09-24 17:18:14,720 INFO    : Namespace(batch_size=1024, data_path='./data/FB_CKGE/', dataset='FB_CKGE', debug=False, device=device(type='cuda', index=0), emb_dim=200, ent_r='200', epoch_num=200, explore=False, gpu='0', l2=0.0, learning_rate='1e-1', log_path='./logs/20240924171804/FB_CKGE', logger=<RootLogger root (INFO)>, margin=8.0, model_name='LoraKGE_Layers', multi_layers_path='train_sorted_by_edges_betweenness.txt', neg_ratio=10, note='', num_ent_layers='20', num_layer=1, num_rel_layers='1', patience=3, predict_result='True', r=100, r_fixed=True, random_seed=3407, record=False, rel_r='20', save_path='./checkpoint/FB_CKGE', skip_previous='False', snapshot_num=5, train_new=True, using_multi_layers=False, using_various_ranks='True', using_various_ranks_reverse=False, valid_metrics='mrr')
2024-09-24 17:18:33,980 INFO    : Snapshot:0	0	3	Epoch:0	Loss:91.268	MRR:22.64	Hits@10:42.62	Best:22.64
2024-09-24 17:18:50,506 INFO    : Snapshot:0	0	3	Epoch:1	Loss:17.198	MRR:24.74	Hits@10:45.16	Best:24.74
2024-09-24 17:19:06,830 INFO    : Snapshot:0	1	3	Epoch:2	Loss:7.016	MRR:23.93	Hits@10:44.13	Best:24.74
2024-09-24 17:19:23,044 INFO    : Snapshot:0	2	3	Epoch:3	Loss:4.7	MRR:23.72	Hits@10:43.5	Best:24.74
2024-09-24 17:19:39,674 INFO    : Early Stopping! Snapshot:0 Epoch: 4 Best Results: 24.74
2024-09-24 17:19:39,786 INFO    : => loading checkpoint './checkpoint/FB_CKGE\0model_best.tar'
2024-09-24 17:19:58,215 INFO    : 
+------------+-------+--------+--------+--------+---------+
| Snapshot:0 |  MRR  | Hits@1 | Hits@3 | Hits@5 | Hits@10 |
+------------+-------+--------+--------+--------+---------+
|     0      | 0.246 | 0.1419 | 0.2865 |  0.36  |  0.452  |
+------------+-------+--------+--------+--------+---------+
2024-09-24 17:20:10,402 INFO    : Snapshot:1	0	3	Epoch:0	Loss:9.89	MRR:11.31	Hits@10:20.81	Best:11.31
2024-09-24 17:20:14,476 INFO    : Snapshot:1	0	3	Epoch:1	Loss:2.642	MRR:13.34	Hits@10:25.16	Best:13.34
2024-09-24 17:20:18,542 INFO    : Snapshot:1	0	3	Epoch:2	Loss:1.779	MRR:14.24	Hits@10:27.17	Best:14.24
2024-09-24 17:20:22,778 INFO    : Snapshot:1	0	3	Epoch:3	Loss:1.424	MRR:15.11	Hits@10:28.25	Best:15.11
2024-09-24 17:20:26,979 INFO    : Snapshot:1	0	3	Epoch:4	Loss:1.235	MRR:15.29	Hits@10:28.98	Best:15.29
2024-09-24 17:20:31,377 INFO    : Snapshot:1	0	3	Epoch:5	Loss:1.089	MRR:15.87	Hits@10:29.91	Best:15.87
2024-09-24 17:20:35,642 INFO    : Snapshot:1	1	3	Epoch:6	Loss:0.999	MRR:15.87	Hits@10:29.99	Best:15.87
2024-09-24 17:20:39,832 INFO    : Snapshot:1	0	3	Epoch:7	Loss:0.916	MRR:15.95	Hits@10:29.62	Best:15.95
2024-09-24 17:20:43,881 INFO    : Snapshot:1	1	3	Epoch:8	Loss:0.883	MRR:15.95	Hits@10:30.33	Best:15.95
2024-09-24 17:20:48,009 INFO    : Snapshot:1	0	3	Epoch:9	Loss:0.819	MRR:16.11	Hits@10:30.6	Best:16.11
2024-09-24 17:20:52,231 INFO    : Snapshot:1	0	3	Epoch:10	Loss:0.803	MRR:16.33	Hits@10:30.82	Best:16.33
2024-09-24 17:20:56,220 INFO    : Snapshot:1	1	3	Epoch:11	Loss:0.763	MRR:16.24	Hits@10:30.59	Best:16.33
2024-09-24 17:21:00,157 INFO    : Snapshot:1	0	3	Epoch:12	Loss:0.741	MRR:16.37	Hits@10:31.04	Best:16.37
2024-09-24 17:21:04,108 INFO    : Snapshot:1	0	3	Epoch:13	Loss:0.711	MRR:16.42	Hits@10:30.9	Best:16.42
2024-09-24 17:21:08,136 INFO    : Snapshot:1	0	3	Epoch:14	Loss:0.699	MRR:16.51	Hits@10:31.25	Best:16.51
2024-09-24 17:21:12,017 INFO    : Snapshot:1	1	3	Epoch:15	Loss:0.68	MRR:16.48	Hits@10:31.12	Best:16.51
2024-09-24 17:21:15,896 INFO    : Snapshot:1	2	3	Epoch:16	Loss:0.656	MRR:16.49	Hits@10:31.3	Best:16.51
2024-09-24 17:21:19,794 INFO    : Snapshot:1	0	3	Epoch:17	Loss:0.645	MRR:16.57	Hits@10:31.15	Best:16.57
2024-09-24 17:21:23,831 INFO    : Snapshot:1	0	3	Epoch:18	Loss:0.633	MRR:16.65	Hits@10:31.76	Best:16.65
2024-09-24 17:21:27,885 INFO    : Snapshot:1	1	3	Epoch:19	Loss:0.613	MRR:16.62	Hits@10:31.59	Best:16.65
2024-09-24 17:21:32,012 INFO    : Snapshot:1	0	3	Epoch:20	Loss:0.603	MRR:16.75	Hits@10:31.39	Best:16.75
2024-09-24 17:21:36,027 INFO    : Snapshot:1	1	3	Epoch:21	Loss:0.601	MRR:16.75	Hits@10:31.51	Best:16.75
2024-09-24 17:21:40,224 INFO    : Snapshot:1	0	3	Epoch:22	Loss:0.59	MRR:16.81	Hits@10:31.59	Best:16.81
2024-09-24 17:21:44,239 INFO    : Snapshot:1	0	3	Epoch:23	Loss:0.582	MRR:16.82	Hits@10:31.45	Best:16.82
2024-09-24 17:21:48,217 INFO    : Snapshot:1	1	3	Epoch:24	Loss:0.555	MRR:16.66	Hits@10:31.55	Best:16.82
2024-09-24 17:21:52,236 INFO    : Snapshot:1	2	3	Epoch:25	Loss:0.566	MRR:16.82	Hits@10:31.97	Best:16.82
2024-09-24 17:21:56,303 INFO    : Snapshot:1	0	3	Epoch:26	Loss:0.554	MRR:16.94	Hits@10:31.5	Best:16.94
2024-09-24 17:22:00,380 INFO    : Snapshot:1	1	3	Epoch:27	Loss:0.543	MRR:16.91	Hits@10:31.84	Best:16.94
2024-09-24 17:22:04,430 INFO    : Snapshot:1	2	3	Epoch:28	Loss:0.54	MRR:16.93	Hits@10:31.81	Best:16.94
2024-09-24 17:22:08,480 INFO    : Snapshot:1	0	3	Epoch:29	Loss:0.532	MRR:17.05	Hits@10:31.59	Best:17.05
2024-09-24 17:22:12,460 INFO    : Snapshot:1	1	3	Epoch:30	Loss:0.539	MRR:16.86	Hits@10:31.61	Best:17.05
2024-09-24 17:22:16,541 INFO    : Snapshot:1	0	3	Epoch:31	Loss:0.529	MRR:17.06	Hits@10:31.93	Best:17.06
2024-09-24 17:22:20,642 INFO    : Snapshot:1	1	3	Epoch:32	Loss:0.507	MRR:17.05	Hits@10:31.81	Best:17.06
2024-09-24 17:22:25,059 INFO    : Snapshot:1	0	3	Epoch:33	Loss:0.522	MRR:17.07	Hits@10:31.97	Best:17.07
2024-09-24 17:22:29,334 INFO    : Snapshot:1	1	3	Epoch:34	Loss:0.518	MRR:17.06	Hits@10:32.01	Best:17.07
2024-09-24 17:22:33,351 INFO    : Snapshot:1	2	3	Epoch:35	Loss:0.523	MRR:17.07	Hits@10:32.28	Best:17.07
2024-09-24 17:22:37,612 INFO    : Early Stopping! Snapshot:1 Epoch: 36 Best Results: 17.07
2024-09-24 17:22:37,730 INFO    : => loading checkpoint './checkpoint/FB_CKGE\1model_best.tar'
2024-09-24 17:23:00,446 INFO    : 
+------------+--------+--------+--------+--------+---------+
| Snapshot:1 |  MRR   | Hits@1 | Hits@3 | Hits@5 | Hits@10 |
+------------+--------+--------+--------+--------+---------+
|     0      | 0.246  | 0.1419 | 0.2865 |  0.36  |  0.452  |
|     1      | 0.1809 | 0.1078 |  0.2   | 0.2504 |  0.3257 |
+------------+--------+--------+--------+--------+---------+
2024-09-24 17:23:12,590 INFO    : Snapshot:2	0	3	Epoch:0	Loss:6.992	MRR:17.56	Hits@10:30.69	Best:17.56
2024-09-24 17:23:17,370 INFO    : Snapshot:2	0	3	Epoch:1	Loss:2.947	MRR:17.71	Hits@10:30.75	Best:17.71
2024-09-24 17:23:22,251 INFO    : Snapshot:2	0	3	Epoch:2	Loss:2.485	MRR:17.94	Hits@10:31.05	Best:17.94
2024-09-24 17:23:26,847 INFO    : Snapshot:2	1	3	Epoch:3	Loss:2.276	MRR:17.83	Hits@10:31.14	Best:17.94
2024-09-24 17:23:31,393 INFO    : Snapshot:2	0	3	Epoch:4	Loss:2.173	MRR:17.98	Hits@10:31.52	Best:17.98
2024-09-24 17:23:36,063 INFO    : Snapshot:2	0	3	Epoch:5	Loss:2.091	MRR:18.0	Hits@10:31.52	Best:18.0
2024-09-24 17:23:40,619 INFO    : Snapshot:2	0	3	Epoch:6	Loss:2.051	MRR:18.04	Hits@10:31.71	Best:18.04
2024-09-24 17:23:45,027 INFO    : Snapshot:2	0	3	Epoch:7	Loss:1.992	MRR:18.05	Hits@10:31.63	Best:18.05
2024-09-24 17:23:49,405 INFO    : Snapshot:2	1	3	Epoch:8	Loss:1.961	MRR:17.96	Hits@10:31.6	Best:18.05
2024-09-24 17:23:53,805 INFO    : Snapshot:2	0	3	Epoch:9	Loss:1.951	MRR:18.06	Hits@10:31.72	Best:18.06
2024-09-24 17:23:58,252 INFO    : Snapshot:2	0	3	Epoch:10	Loss:1.918	MRR:18.17	Hits@10:31.88	Best:18.17
2024-09-24 17:24:02,651 INFO    : Snapshot:2	1	3	Epoch:11	Loss:1.887	MRR:18.15	Hits@10:31.7	Best:18.17
2024-09-24 17:24:07,095 INFO    : Snapshot:2	2	3	Epoch:12	Loss:1.896	MRR:18.09	Hits@10:31.76	Best:18.17
2024-09-24 17:24:11,617 INFO    : Early Stopping! Snapshot:2 Epoch: 13 Best Results: 18.17
2024-09-24 17:24:11,730 INFO    : => loading checkpoint './checkpoint/FB_CKGE\2model_best.tar'
2024-09-24 17:24:40,371 INFO    : 
+------------+--------+--------+--------+--------+---------+
| Snapshot:2 |  MRR   | Hits@1 | Hits@3 | Hits@5 | Hits@10 |
+------------+--------+--------+--------+--------+---------+
|     0      | 0.246  | 0.1419 | 0.2865 |  0.36  |  0.452  |
|     1      | 0.1809 | 0.1078 |  0.2   | 0.2504 |  0.3257 |
|     2      | 0.1843 | 0.1116 | 0.2092 | 0.2559 |  0.3252 |
+------------+--------+--------+--------+--------+---------+
2024-09-24 17:24:53,721 INFO    : Snapshot:3	0	3	Epoch:0	Loss:5.009	MRR:19.27	Hits@10:33.04	Best:19.27
2024-09-24 17:24:58,517 INFO    : Snapshot:3	0	3	Epoch:1	Loss:3.123	MRR:19.3	Hits@10:32.96	Best:19.3
2024-09-24 17:25:03,158 INFO    : Snapshot:3	1	3	Epoch:2	Loss:2.902	MRR:19.24	Hits@10:33.05	Best:19.3
2024-09-24 17:25:07,775 INFO    : Snapshot:3	2	3	Epoch:3	Loss:2.806	MRR:19.3	Hits@10:33.16	Best:19.3
2024-09-24 17:25:12,431 INFO    : Snapshot:3	0	3	Epoch:4	Loss:2.75	MRR:19.34	Hits@10:33.23	Best:19.34
2024-09-24 17:25:17,249 INFO    : Snapshot:3	0	3	Epoch:5	Loss:2.714	MRR:19.36	Hits@10:33.17	Best:19.36
2024-09-24 17:25:22,059 INFO    : Snapshot:3	1	3	Epoch:6	Loss:2.708	MRR:19.36	Hits@10:33.22	Best:19.36
2024-09-24 17:25:26,834 INFO    : Snapshot:3	0	3	Epoch:7	Loss:2.689	MRR:19.39	Hits@10:33.21	Best:19.39
2024-09-24 17:25:31,613 INFO    : Snapshot:3	1	3	Epoch:8	Loss:2.699	MRR:19.31	Hits@10:33.18	Best:19.39
2024-09-24 17:25:36,380 INFO    : Snapshot:3	2	3	Epoch:9	Loss:2.676	MRR:19.36	Hits@10:33.21	Best:19.39
2024-09-24 17:25:41,105 INFO    : Snapshot:3	0	3	Epoch:10	Loss:2.667	MRR:19.44	Hits@10:33.24	Best:19.44
2024-09-24 17:25:45,861 INFO    : Snapshot:3	1	3	Epoch:11	Loss:2.674	MRR:19.4	Hits@10:33.27	Best:19.44
2024-09-24 17:25:50,596 INFO    : Snapshot:3	2	3	Epoch:12	Loss:2.658	MRR:19.42	Hits@10:33.18	Best:19.44
2024-09-24 17:25:55,471 INFO    : Snapshot:3	0	3	Epoch:13	Loss:2.641	MRR:19.46	Hits@10:33.24	Best:19.46
2024-09-24 17:26:00,388 INFO    : Snapshot:3	1	3	Epoch:14	Loss:2.639	MRR:19.43	Hits@10:33.09	Best:19.46
2024-09-24 17:26:05,108 INFO    : Snapshot:3	2	3	Epoch:15	Loss:2.633	MRR:19.45	Hits@10:33.26	Best:19.46
2024-09-24 17:26:09,835 INFO    : Early Stopping! Snapshot:3 Epoch: 16 Best Results: 19.46
2024-09-24 17:26:09,953 INFO    : => loading checkpoint './checkpoint/FB_CKGE\3model_best.tar'
2024-09-24 17:26:45,405 INFO    : 
+------------+--------+--------+--------+--------+---------+
| Snapshot:3 |  MRR   | Hits@1 | Hits@3 | Hits@5 | Hits@10 |
+------------+--------+--------+--------+--------+---------+
|     0      | 0.246  | 0.1419 | 0.2865 |  0.36  |  0.452  |
|     1      | 0.1809 | 0.1078 |  0.2   | 0.2504 |  0.3257 |
|     2      | 0.1843 | 0.1116 | 0.2092 | 0.2559 |  0.3252 |
|     3      | 0.1911 | 0.1184 | 0.2151 | 0.2619 |  0.3299 |
+------------+--------+--------+--------+--------+---------+
2024-09-24 17:26:58,816 INFO    : Snapshot:4	0	3	Epoch:0	Loss:3.893	MRR:20.19	Hits@10:33.4	Best:20.19
2024-09-24 17:27:03,705 INFO    : Snapshot:4	0	3	Epoch:1	Loss:3.263	MRR:20.2	Hits@10:33.42	Best:20.2
2024-09-24 17:27:08,594 INFO    : Snapshot:4	0	3	Epoch:2	Loss:3.164	MRR:20.21	Hits@10:33.42	Best:20.21
2024-09-24 17:27:13,417 INFO    : Snapshot:4	1	3	Epoch:3	Loss:3.141	MRR:20.19	Hits@10:33.44	Best:20.21
2024-09-24 17:27:18,508 INFO    : Snapshot:4	2	3	Epoch:4	Loss:3.128	MRR:20.21	Hits@10:33.45	Best:20.21
2024-09-24 17:27:23,355 INFO    : Snapshot:4	0	3	Epoch:5	Loss:3.142	MRR:20.23	Hits@10:33.51	Best:20.23
2024-09-24 17:27:28,237 INFO    : Snapshot:4	1	3	Epoch:6	Loss:3.143	MRR:20.22	Hits@10:33.45	Best:20.23
2024-09-24 17:27:33,206 INFO    : Snapshot:4	2	3	Epoch:7	Loss:3.152	MRR:20.23	Hits@10:33.45	Best:20.23
2024-09-24 17:27:38,170 INFO    : Early Stopping! Snapshot:4 Epoch: 8 Best Results: 20.23
2024-09-24 17:27:38,305 INFO    : => loading checkpoint './checkpoint/FB_CKGE\4model_best.tar'
2024-09-24 17:28:18,662 INFO    : 
+------------+--------+--------+--------+--------+---------+
| Snapshot:4 |  MRR   | Hits@1 | Hits@3 | Hits@5 | Hits@10 |
+------------+--------+--------+--------+--------+---------+
|     0      | 0.246  | 0.1419 | 0.2865 |  0.36  |  0.452  |
|     1      | 0.1809 | 0.1078 |  0.2   | 0.2504 |  0.3257 |
|     2      | 0.1843 | 0.1116 | 0.2092 | 0.2559 |  0.3252 |
|     3      | 0.1911 | 0.1184 | 0.2151 | 0.2619 |  0.3299 |
|     4      | 0.2145 | 0.1329 | 0.2445 | 0.3005 |  0.3732 |
+------------+--------+--------+--------+--------+---------+
2024-09-24 17:28:18,664 INFO    : Final Result:
[+------------+-------+--------+--------+--------+---------+
| Snapshot:0 |  MRR  | Hits@1 | Hits@3 | Hits@5 | Hits@10 |
+------------+-------+--------+--------+--------+---------+
|     0      | 0.246 | 0.1419 | 0.2865 |  0.36  |  0.452  |
+------------+-------+--------+--------+--------+---------+, +------------+--------+--------+--------+--------+---------+
| Snapshot:1 |  MRR   | Hits@1 | Hits@3 | Hits@5 | Hits@10 |
+------------+--------+--------+--------+--------+---------+
|     0      | 0.246  | 0.1419 | 0.2865 |  0.36  |  0.452  |
|     1      | 0.1809 | 0.1078 |  0.2   | 0.2504 |  0.3257 |
+------------+--------+--------+--------+--------+---------+, +------------+--------+--------+--------+--------+---------+
| Snapshot:2 |  MRR   | Hits@1 | Hits@3 | Hits@5 | Hits@10 |
+------------+--------+--------+--------+--------+---------+
|     0      | 0.246  | 0.1419 | 0.2865 |  0.36  |  0.452  |
|     1      | 0.1809 | 0.1078 |  0.2   | 0.2504 |  0.3257 |
|     2      | 0.1843 | 0.1116 | 0.2092 | 0.2559 |  0.3252 |
+------------+--------+--------+--------+--------+---------+, +------------+--------+--------+--------+--------+---------+
| Snapshot:3 |  MRR   | Hits@1 | Hits@3 | Hits@5 | Hits@10 |
+------------+--------+--------+--------+--------+---------+
|     0      | 0.246  | 0.1419 | 0.2865 |  0.36  |  0.452  |
|     1      | 0.1809 | 0.1078 |  0.2   | 0.2504 |  0.3257 |
|     2      | 0.1843 | 0.1116 | 0.2092 | 0.2559 |  0.3252 |
|     3      | 0.1911 | 0.1184 | 0.2151 | 0.2619 |  0.3299 |
+------------+--------+--------+--------+--------+---------+, +------------+--------+--------+--------+--------+---------+
| Snapshot:4 |  MRR   | Hits@1 | Hits@3 | Hits@5 | Hits@10 |
+------------+--------+--------+--------+--------+---------+
|     0      | 0.246  | 0.1419 | 0.2865 |  0.36  |  0.452  |
|     1      | 0.1809 | 0.1078 |  0.2   | 0.2504 |  0.3257 |
|     2      | 0.1843 | 0.1116 | 0.2092 | 0.2559 |  0.3252 |
|     3      | 0.1911 | 0.1184 | 0.2151 | 0.2619 |  0.3299 |
|     4      | 0.2145 | 0.1329 | 0.2445 | 0.3005 |  0.3732 |
+------------+--------+--------+--------+--------+---------+]
2024-09-24 17:28:18,664 INFO    : Report Result:
+----------+--------------------+-----------+--------------+--------------+---------------+
| Snapshot |        Time        | Whole_MRR | Whole_Hits@1 | Whole_Hits@3 | Whole_Hits@10 |
+----------+--------------------+-----------+--------------+--------------+---------------+
|    0     | 84.95561957359314  |   0.246   |    0.142     |    0.286     |     0.452     |
|    1     | 154.78088927268982 |   0.237   |    0.137     |    0.274     |     0.434     |
|    2     | 66.76774168014526  |    0.23   |    0.134     |    0.266     |      0.42     |
|    3     | 84.58039498329163  |   0.226   |    0.132     |     0.26     |      0.41     |
|    4     | 47.26658773422241  |   0.225   |    0.132     |    0.259     |     0.407     |
+----------+--------------------+-----------+--------------+--------------+---------------+
2024-09-24 17:28:18,664 INFO    : Sum_Training_Time:438.35123324394226
2024-09-24 17:28:18,665 INFO    : Every_Training_Time:[84.95561957359314, 154.78088927268982, 66.76774168014526, 84.58039498329163, 47.26658773422241]
2024-09-24 17:28:18,665 INFO    : Forward transfer: 0.15052500000000002 Backward transfer: 0.0
