2024-10-10 16:23:58,504 INFO    : Namespace(batch_size='1024', data_path='./data/FB_CKGE/', dataset='FB_CKGE', debug=False, device=device(type='cuda', index=0), emb_dim=200, ent_r='200', epoch_num=200, explore=False, gpu='0', l2=0.0, learning_rate='1e-1', log_path='./logs/FB_CKGE 200 20 1e-1 1024/FB_CKGE 20241010162348', logger=<RootLogger root (INFO)>, margin=8.0, model_name='LoraKGE_Layers', multi_layers_path='train_sorted_by_edges_betweenness.txt', neg_ratio=10, note='', num_ent_layers='20', num_layer=1, num_rel_layers='1', patience=3, predict_result='True', r=100, r_fixed=True, random_seed=3407, record=False, rel_r='20', save_path='./checkpoint/FB_CKGE', skip_previous='False', snapshot_num=5, train_new=True, using_multi_layers=False, using_various_ranks='True', using_various_ranks_reverse=False, valid_metrics='mrr')
2024-10-10 16:24:19,052 INFO    : Snapshot:0	0	3	Epoch:0	Loss:91.268	MRR:22.64	Hits@10:42.62	Best:22.64
2024-10-10 16:24:35,658 INFO    : Snapshot:0	0	3	Epoch:1	Loss:17.198	MRR:24.74	Hits@10:45.16	Best:24.74
2024-10-10 16:24:52,184 INFO    : Snapshot:0	1	3	Epoch:2	Loss:7.016	MRR:23.93	Hits@10:44.13	Best:24.74
2024-10-10 16:25:09,107 INFO    : Snapshot:0	2	3	Epoch:3	Loss:4.7	MRR:23.72	Hits@10:43.5	Best:24.74
2024-10-10 16:25:27,108 INFO    : Early Stopping! Snapshot:0 Epoch: 4 Best Results: 24.74
2024-10-10 16:25:27,217 INFO    : => loading checkpoint './checkpoint/FB_CKGE\0model_best.tar'
2024-10-10 16:25:45,099 INFO    : 
+------------+-------+--------+--------+--------+---------+
| Snapshot:0 |  MRR  | Hits@1 | Hits@3 | Hits@5 | Hits@10 |
+------------+-------+--------+--------+--------+---------+
|     0      | 0.246 | 0.1419 | 0.2865 |  0.36  |  0.452  |
+------------+-------+--------+--------+--------+---------+
2024-10-10 16:25:56,896 INFO    : Snapshot:1	0	3	Epoch:0	Loss:9.854	MRR:11.41	Hits@10:20.99	Best:11.41
2024-10-10 16:26:01,171 INFO    : Snapshot:1	0	3	Epoch:1	Loss:2.639	MRR:13.48	Hits@10:25.47	Best:13.48
2024-10-10 16:26:05,567 INFO    : Snapshot:1	0	3	Epoch:2	Loss:1.775	MRR:14.49	Hits@10:27.04	Best:14.49
2024-10-10 16:26:09,803 INFO    : Snapshot:1	0	3	Epoch:3	Loss:1.428	MRR:15.03	Hits@10:28.4	Best:15.03
2024-10-10 16:26:13,997 INFO    : Snapshot:1	0	3	Epoch:4	Loss:1.244	MRR:15.35	Hits@10:28.88	Best:15.35
2024-10-10 16:26:18,337 INFO    : Snapshot:1	0	3	Epoch:5	Loss:1.093	MRR:15.56	Hits@10:29.79	Best:15.56
2024-10-10 16:26:22,737 INFO    : Snapshot:1	0	3	Epoch:6	Loss:1.002	MRR:15.7	Hits@10:29.79	Best:15.7
2024-10-10 16:26:27,050 INFO    : Snapshot:1	0	3	Epoch:7	Loss:0.928	MRR:15.92	Hits@10:30.46	Best:15.92
2024-10-10 16:26:31,283 INFO    : Snapshot:1	0	3	Epoch:8	Loss:0.879	MRR:16.02	Hits@10:30.44	Best:16.02
2024-10-10 16:26:35,747 INFO    : Snapshot:1	0	3	Epoch:9	Loss:0.812	MRR:16.13	Hits@10:30.39	Best:16.13
2024-10-10 16:26:40,215 INFO    : Snapshot:1	0	3	Epoch:10	Loss:0.796	MRR:16.33	Hits@10:30.52	Best:16.33
2024-10-10 16:26:44,588 INFO    : Snapshot:1	1	3	Epoch:11	Loss:0.758	MRR:16.21	Hits@10:30.66	Best:16.33
2024-10-10 16:26:49,115 INFO    : Snapshot:1	0	3	Epoch:12	Loss:0.738	MRR:16.43	Hits@10:31.23	Best:16.43
2024-10-10 16:26:53,528 INFO    : Snapshot:1	0	3	Epoch:13	Loss:0.714	MRR:16.58	Hits@10:31.47	Best:16.58
2024-10-10 16:26:57,883 INFO    : Snapshot:1	1	3	Epoch:14	Loss:0.699	MRR:16.38	Hits@10:31.09	Best:16.58
2024-10-10 16:27:02,122 INFO    : Snapshot:1	0	3	Epoch:15	Loss:0.685	MRR:16.74	Hits@10:31.4	Best:16.74
2024-10-10 16:27:06,399 INFO    : Snapshot:1	1	3	Epoch:16	Loss:0.658	MRR:16.61	Hits@10:31.32	Best:16.74
2024-10-10 16:27:10,583 INFO    : Snapshot:1	2	3	Epoch:17	Loss:0.642	MRR:16.68	Hits@10:31.4	Best:16.74
2024-10-10 16:27:14,779 INFO    : Early Stopping! Snapshot:1 Epoch: 18 Best Results: 16.74
2024-10-10 16:27:14,902 INFO    : => loading checkpoint './checkpoint/FB_CKGE\1model_best.tar'
2024-10-10 16:27:38,690 INFO    : 
+------------+-------+--------+--------+--------+---------+
| Snapshot:1 |  MRR  | Hits@1 | Hits@3 | Hits@5 | Hits@10 |
+------------+-------+--------+--------+--------+---------+
|     0      | 0.246 | 0.1419 | 0.2865 |  0.36  |  0.452  |
|     1      | 0.175 | 0.1042 | 0.1916 | 0.2415 |  0.316  |
+------------+-------+--------+--------+--------+---------+
2024-10-10 16:27:50,857 INFO    : Snapshot:2	0	3	Epoch:0	Loss:6.983	MRR:17.43	Hits@10:30.88	Best:17.43
2024-10-10 16:27:55,631 INFO    : Snapshot:2	0	3	Epoch:1	Loss:2.94	MRR:17.64	Hits@10:31.3	Best:17.64
2024-10-10 16:28:00,494 INFO    : Snapshot:2	0	3	Epoch:2	Loss:2.497	MRR:17.71	Hits@10:31.33	Best:17.71
2024-10-10 16:28:05,170 INFO    : Snapshot:2	0	3	Epoch:3	Loss:2.282	MRR:17.81	Hits@10:31.34	Best:17.81
2024-10-10 16:28:09,922 INFO    : Snapshot:2	0	3	Epoch:4	Loss:2.186	MRR:17.98	Hits@10:31.67	Best:17.98
2024-10-10 16:28:15,082 INFO    : Snapshot:2	0	3	Epoch:5	Loss:2.111	MRR:17.99	Hits@10:31.77	Best:17.99
2024-10-10 16:28:20,030 INFO    : Snapshot:2	1	3	Epoch:6	Loss:2.042	MRR:17.95	Hits@10:31.71	Best:17.99
2024-10-10 16:28:24,728 INFO    : Snapshot:2	2	3	Epoch:7	Loss:2.002	MRR:17.94	Hits@10:31.63	Best:17.99
2024-10-10 16:28:29,473 INFO    : Snapshot:2	0	3	Epoch:8	Loss:1.973	MRR:18.07	Hits@10:31.86	Best:18.07
2024-10-10 16:28:34,092 INFO    : Snapshot:2	1	3	Epoch:9	Loss:1.959	MRR:17.99	Hits@10:31.66	Best:18.07
2024-10-10 16:28:38,820 INFO    : Snapshot:2	0	3	Epoch:10	Loss:1.93	MRR:18.13	Hits@10:31.72	Best:18.13
2024-10-10 16:28:43,722 INFO    : Snapshot:2	1	3	Epoch:11	Loss:1.91	MRR:18.12	Hits@10:31.94	Best:18.13
2024-10-10 16:28:48,478 INFO    : Snapshot:2	2	3	Epoch:12	Loss:1.888	MRR:18.09	Hits@10:31.93	Best:18.13
2024-10-10 16:28:53,245 INFO    : Early Stopping! Snapshot:2 Epoch: 13 Best Results: 18.13
2024-10-10 16:28:53,366 INFO    : => loading checkpoint './checkpoint/FB_CKGE\2model_best.tar'
2024-10-10 16:29:23,691 INFO    : 
+------------+--------+--------+--------+--------+---------+
| Snapshot:2 |  MRR   | Hits@1 | Hits@3 | Hits@5 | Hits@10 |
+------------+--------+--------+--------+--------+---------+
|     0      | 0.246  | 0.1419 | 0.2865 |  0.36  |  0.452  |
|     1      | 0.175  | 0.1042 | 0.1916 | 0.2415 |  0.316  |
|     2      | 0.1793 | 0.1091 | 0.1978 | 0.2499 |  0.3157 |
+------------+--------+--------+--------+--------+---------+
2024-10-10 16:29:37,036 INFO    : Snapshot:3	0	3	Epoch:0	Loss:4.962	MRR:18.69	Hits@10:32.43	Best:18.69
2024-10-10 16:29:42,147 INFO    : Snapshot:3	0	3	Epoch:1	Loss:3.124	MRR:18.77	Hits@10:32.5	Best:18.77
2024-10-10 16:29:47,057 INFO    : Snapshot:3	1	3	Epoch:2	Loss:2.891	MRR:18.77	Hits@10:32.48	Best:18.77
2024-10-10 16:29:51,897 INFO    : Snapshot:3	0	3	Epoch:3	Loss:2.774	MRR:18.78	Hits@10:32.59	Best:18.78
2024-10-10 16:29:56,832 INFO    : Snapshot:3	0	3	Epoch:4	Loss:2.754	MRR:18.81	Hits@10:32.66	Best:18.81
2024-10-10 16:30:01,775 INFO    : Snapshot:3	0	3	Epoch:5	Loss:2.711	MRR:18.82	Hits@10:32.61	Best:18.82
2024-10-10 16:30:06,683 INFO    : Snapshot:3	0	3	Epoch:6	Loss:2.693	MRR:18.87	Hits@10:32.6	Best:18.87
2024-10-10 16:30:11,524 INFO    : Snapshot:3	0	3	Epoch:7	Loss:2.686	MRR:18.92	Hits@10:32.63	Best:18.92
2024-10-10 16:30:16,346 INFO    : Snapshot:3	1	3	Epoch:8	Loss:2.66	MRR:18.92	Hits@10:32.62	Best:18.92
2024-10-10 16:30:21,112 INFO    : Snapshot:3	2	3	Epoch:9	Loss:2.662	MRR:18.9	Hits@10:32.73	Best:18.92
2024-10-10 16:30:25,903 INFO    : Early Stopping! Snapshot:3 Epoch: 10 Best Results: 18.92
2024-10-10 16:30:26,018 INFO    : => loading checkpoint './checkpoint/FB_CKGE\3model_best.tar'
2024-10-10 16:31:00,933 INFO    : 
+------------+--------+--------+--------+--------+---------+
| Snapshot:3 |  MRR   | Hits@1 | Hits@3 | Hits@5 | Hits@10 |
+------------+--------+--------+--------+--------+---------+
|     0      | 0.246  | 0.1419 | 0.2865 |  0.36  |  0.452  |
|     1      | 0.175  | 0.1042 | 0.1916 | 0.2415 |  0.316  |
|     2      | 0.1793 | 0.1091 | 0.1978 | 0.2499 |  0.3157 |
|     3      | 0.1889 | 0.1182 | 0.2096 | 0.2564 |  0.324  |
+------------+--------+--------+--------+--------+---------+
2024-10-10 16:31:14,713 INFO    : Snapshot:4	0	3	Epoch:0	Loss:3.852	MRR:19.87	Hits@10:33.17	Best:19.87
2024-10-10 16:31:19,800 INFO    : Snapshot:4	1	3	Epoch:1	Loss:3.245	MRR:19.84	Hits@10:33.16	Best:19.87
2024-10-10 16:31:24,737 INFO    : Snapshot:4	2	3	Epoch:2	Loss:3.121	MRR:19.85	Hits@10:33.14	Best:19.87
2024-10-10 16:31:29,601 INFO    : Early Stopping! Snapshot:4 Epoch: 3 Best Results: 19.87
2024-10-10 16:31:29,722 INFO    : => loading checkpoint './checkpoint/FB_CKGE\4model_best.tar'
2024-10-10 16:32:10,357 INFO    : 
+------------+--------+--------+--------+--------+---------+
| Snapshot:4 |  MRR   | Hits@1 | Hits@3 | Hits@5 | Hits@10 |
+------------+--------+--------+--------+--------+---------+
|     0      | 0.246  | 0.1419 | 0.2865 |  0.36  |  0.452  |
|     1      | 0.175  | 0.1042 | 0.1916 | 0.2415 |  0.316  |
|     2      | 0.1793 | 0.1091 | 0.1978 | 0.2499 |  0.3157 |
|     3      | 0.1889 | 0.1182 | 0.2096 | 0.2564 |  0.324  |
|     4      | 0.2156 | 0.1345 | 0.2463 | 0.2985 |  0.3737 |
+------------+--------+--------+--------+--------+---------+
2024-10-10 16:32:10,358 INFO    : Final Result:
[+------------+-------+--------+--------+--------+---------+
| Snapshot:0 |  MRR  | Hits@1 | Hits@3 | Hits@5 | Hits@10 |
+------------+-------+--------+--------+--------+---------+
|     0      | 0.246 | 0.1419 | 0.2865 |  0.36  |  0.452  |
+------------+-------+--------+--------+--------+---------+, +------------+-------+--------+--------+--------+---------+
| Snapshot:1 |  MRR  | Hits@1 | Hits@3 | Hits@5 | Hits@10 |
+------------+-------+--------+--------+--------+---------+
|     0      | 0.246 | 0.1419 | 0.2865 |  0.36  |  0.452  |
|     1      | 0.175 | 0.1042 | 0.1916 | 0.2415 |  0.316  |
+------------+-------+--------+--------+--------+---------+, +------------+--------+--------+--------+--------+---------+
| Snapshot:2 |  MRR   | Hits@1 | Hits@3 | Hits@5 | Hits@10 |
+------------+--------+--------+--------+--------+---------+
|     0      | 0.246  | 0.1419 | 0.2865 |  0.36  |  0.452  |
|     1      | 0.175  | 0.1042 | 0.1916 | 0.2415 |  0.316  |
|     2      | 0.1793 | 0.1091 | 0.1978 | 0.2499 |  0.3157 |
+------------+--------+--------+--------+--------+---------+, +------------+--------+--------+--------+--------+---------+
| Snapshot:3 |  MRR   | Hits@1 | Hits@3 | Hits@5 | Hits@10 |
+------------+--------+--------+--------+--------+---------+
|     0      | 0.246  | 0.1419 | 0.2865 |  0.36  |  0.452  |
|     1      | 0.175  | 0.1042 | 0.1916 | 0.2415 |  0.316  |
|     2      | 0.1793 | 0.1091 | 0.1978 | 0.2499 |  0.3157 |
|     3      | 0.1889 | 0.1182 | 0.2096 | 0.2564 |  0.324  |
+------------+--------+--------+--------+--------+---------+, +------------+--------+--------+--------+--------+---------+
| Snapshot:4 |  MRR   | Hits@1 | Hits@3 | Hits@5 | Hits@10 |
+------------+--------+--------+--------+--------+---------+
|     0      | 0.246  | 0.1419 | 0.2865 |  0.36  |  0.452  |
|     1      | 0.175  | 0.1042 | 0.1916 | 0.2415 |  0.316  |
|     2      | 0.1793 | 0.1091 | 0.1978 | 0.2499 |  0.3157 |
|     3      | 0.1889 | 0.1182 | 0.2096 | 0.2564 |  0.324  |
|     4      | 0.2156 | 0.1345 | 0.2463 | 0.2985 |  0.3737 |
+------------+--------+--------+--------+--------+---------+]
2024-10-10 16:32:10,359 INFO    : Report Result:
+----------+-------------------+-----------+--------------+--------------+---------------+
| Snapshot |        Time       | Whole_MRR | Whole_Hits@1 | Whole_Hits@3 | Whole_Hits@10 |
+----------+-------------------+-----------+--------------+--------------+---------------+
|    0     | 88.60401964187622 |   0.246   |    0.142     |    0.286     |     0.452     |
|    1     | 85.22377896308899 |   0.236   |    0.137     |    0.273     |     0.433     |
|    2     | 69.73448586463928 |   0.229   |    0.133     |    0.264     |     0.418     |
|    3     | 57.01331949234009 |   0.224   |    0.131     |    0.258     |     0.408     |
|    4     | 23.29224181175232 |   0.223   |    0.132     |    0.256     |     0.404     |
+----------+-------------------+-----------+--------------+--------------+---------------+
2024-10-10 16:32:10,359 INFO    : Sum_Training_Time:323.8678457736969
2024-10-10 16:32:10,359 INFO    : Every_Training_Time:[88.60401964187622, 85.22377896308899, 69.73448586463928, 57.01331949234009, 23.29224181175232]
2024-10-10 16:32:10,359 INFO    : Forward transfer: 0.14892499999999997 Backward transfer: 0.0
