2024-10-30 13:17:40,458 INFO    : Namespace(batch_size='1024', data_path='./data/FB_CKGE/', dataset='FB_CKGE', debug=False, device=device(type='cuda', index=0), emb_dim=200, ent_r='200', epoch_num=200, explore=False, gpu='0', l2=0.0, learning_rate='1e-1', log_path='./logs/FB_CKGE 200 20 1e-1 1024/FB_CKGE 20241030131729', logger=<RootLogger root (INFO)>, margin=8.0, model_name='LoraKGE_Layers', multi_layers_path='train_sorted_by_edges_betweenness.txt', neg_ratio=10, note='', num_ent_layers='20', num_layer=1, num_rel_layers='1', patience=3, predict_result='True', r=100, r_fixed=True, random_seed=3407, record=False, rel_r='20', save_path='./checkpoint/FB_CKGE', skip_previous='False', snapshot_num=5, train_new=True, using_multi_layers=False, using_various_ranks='True', using_various_ranks_reverse=False, valid_metrics='mrr')
2024-10-30 13:18:00,512 INFO    : Snapshot:0	0	3	Epoch:0	Loss:91.268	MRR:22.64	Hits@10:42.62	Best:22.64
2024-10-30 13:18:17,317 INFO    : Snapshot:0	0	3	Epoch:1	Loss:17.198	MRR:24.74	Hits@10:45.16	Best:24.74
2024-10-30 13:18:34,034 INFO    : Snapshot:0	1	3	Epoch:2	Loss:7.016	MRR:23.93	Hits@10:44.13	Best:24.74
2024-10-30 13:18:50,856 INFO    : Snapshot:0	2	3	Epoch:3	Loss:4.7	MRR:23.72	Hits@10:43.5	Best:24.74
2024-10-30 13:19:08,238 INFO    : Early Stopping! Snapshot:0 Epoch: 4 Best Results: 24.74
2024-10-30 13:19:08,347 INFO    : => loading checkpoint './checkpoint/FB_CKGE\0model_best.tar'
2024-10-30 13:19:26,342 INFO    : 
+------------+-------+--------+--------+--------+---------+
| Snapshot:0 |  MRR  | Hits@1 | Hits@3 | Hits@5 | Hits@10 |
+------------+-------+--------+--------+--------+---------+
|     0      | 0.246 | 0.1419 | 0.2865 |  0.36  |  0.452  |
+------------+-------+--------+--------+--------+---------+
2024-10-30 13:19:39,607 INFO    : Snapshot:1	0	3	Epoch:0	Loss:9.861	MRR:11.35	Hits@10:20.93	Best:11.35
2024-10-30 13:19:43,731 INFO    : Snapshot:1	0	3	Epoch:1	Loss:2.653	MRR:13.23	Hits@10:25.3	Best:13.23
2024-10-30 13:19:47,824 INFO    : Snapshot:1	0	3	Epoch:2	Loss:1.791	MRR:14.29	Hits@10:27.18	Best:14.29
2024-10-30 13:19:51,891 INFO    : Snapshot:1	0	3	Epoch:3	Loss:1.437	MRR:14.86	Hits@10:28.29	Best:14.86
2024-10-30 13:19:55,945 INFO    : Snapshot:1	0	3	Epoch:4	Loss:1.248	MRR:15.27	Hits@10:29.09	Best:15.27
2024-10-30 13:20:00,047 INFO    : Snapshot:1	0	3	Epoch:5	Loss:1.084	MRR:15.68	Hits@10:29.61	Best:15.68
2024-10-30 13:20:04,119 INFO    : Snapshot:1	0	3	Epoch:6	Loss:1.003	MRR:15.76	Hits@10:29.9	Best:15.76
2024-10-30 13:20:08,197 INFO    : Snapshot:1	0	3	Epoch:7	Loss:0.925	MRR:15.87	Hits@10:29.81	Best:15.87
2024-10-30 13:20:12,335 INFO    : Snapshot:1	0	3	Epoch:8	Loss:0.883	MRR:15.93	Hits@10:30.14	Best:15.93
2024-10-30 13:20:16,616 INFO    : Snapshot:1	0	3	Epoch:9	Loss:0.819	MRR:16.11	Hits@10:30.55	Best:16.11
2024-10-30 13:20:20,660 INFO    : Snapshot:1	0	3	Epoch:10	Loss:0.802	MRR:16.17	Hits@10:30.54	Best:16.17
2024-10-30 13:20:24,721 INFO    : Snapshot:1	0	3	Epoch:11	Loss:0.759	MRR:16.31	Hits@10:30.51	Best:16.31
2024-10-30 13:20:28,721 INFO    : Snapshot:1	1	3	Epoch:12	Loss:0.741	MRR:16.25	Hits@10:31.09	Best:16.31
2024-10-30 13:20:32,784 INFO    : Snapshot:1	0	3	Epoch:13	Loss:0.716	MRR:16.4	Hits@10:31.01	Best:16.4
2024-10-30 13:20:36,809 INFO    : Snapshot:1	0	3	Epoch:14	Loss:0.699	MRR:16.48	Hits@10:30.99	Best:16.48
2024-10-30 13:20:41,106 INFO    : Snapshot:1	0	3	Epoch:15	Loss:0.68	MRR:16.65	Hits@10:31.38	Best:16.65
2024-10-30 13:20:45,242 INFO    : Snapshot:1	1	3	Epoch:16	Loss:0.661	MRR:16.59	Hits@10:31.01	Best:16.65
2024-10-30 13:20:49,516 INFO    : Snapshot:1	2	3	Epoch:17	Loss:0.646	MRR:16.61	Hits@10:31.19	Best:16.65
2024-10-30 13:20:53,663 INFO    : Early Stopping! Snapshot:1 Epoch: 18 Best Results: 16.65
2024-10-30 13:20:53,774 INFO    : => loading checkpoint './checkpoint/FB_CKGE\1model_best.tar'
2024-10-30 13:21:19,576 INFO    : 
+------------+-------+--------+--------+--------+---------+
| Snapshot:1 |  MRR  | Hits@1 | Hits@3 | Hits@5 | Hits@10 |
+------------+-------+--------+--------+--------+---------+
|     0      | 0.246 | 0.1419 | 0.2865 |  0.36  |  0.452  |
|     1      | 0.173 | 0.1016 | 0.1868 | 0.2406 |  0.3187 |
+------------+-------+--------+--------+--------+---------+
2024-10-30 13:21:32,188 INFO    : Snapshot:2	0	3	Epoch:0	Loss:6.97	MRR:17.32	Hits@10:30.64	Best:17.32
2024-10-30 13:21:36,897 INFO    : Snapshot:2	0	3	Epoch:1	Loss:2.924	MRR:17.58	Hits@10:31.26	Best:17.58
2024-10-30 13:21:41,465 INFO    : Snapshot:2	0	3	Epoch:2	Loss:2.488	MRR:17.68	Hits@10:31.2	Best:17.68
2024-10-30 13:21:46,089 INFO    : Snapshot:2	0	3	Epoch:3	Loss:2.275	MRR:17.75	Hits@10:31.51	Best:17.75
2024-10-30 13:21:50,738 INFO    : Snapshot:2	0	3	Epoch:4	Loss:2.191	MRR:17.84	Hits@10:31.76	Best:17.84
2024-10-30 13:21:55,424 INFO    : Snapshot:2	0	3	Epoch:5	Loss:2.113	MRR:17.89	Hits@10:31.87	Best:17.89
2024-10-30 13:22:00,009 INFO    : Snapshot:2	1	3	Epoch:6	Loss:2.038	MRR:17.86	Hits@10:31.65	Best:17.89
2024-10-30 13:22:04,502 INFO    : Snapshot:2	2	3	Epoch:7	Loss:1.998	MRR:17.87	Hits@10:31.71	Best:17.89
2024-10-30 13:22:09,018 INFO    : Snapshot:2	0	3	Epoch:8	Loss:1.972	MRR:17.92	Hits@10:31.78	Best:17.92
2024-10-30 13:22:13,580 INFO    : Snapshot:2	1	3	Epoch:9	Loss:1.952	MRR:17.91	Hits@10:31.72	Best:17.92
2024-10-30 13:22:18,098 INFO    : Snapshot:2	0	3	Epoch:10	Loss:1.928	MRR:18.04	Hits@10:31.85	Best:18.04
2024-10-30 13:22:22,544 INFO    : Snapshot:2	0	3	Epoch:11	Loss:1.911	MRR:18.07	Hits@10:32.05	Best:18.07
2024-10-30 13:22:27,056 INFO    : Snapshot:2	1	3	Epoch:12	Loss:1.89	MRR:18.01	Hits@10:31.93	Best:18.07
2024-10-30 13:22:31,587 INFO    : Snapshot:2	2	3	Epoch:13	Loss:1.871	MRR:18.02	Hits@10:31.83	Best:18.07
2024-10-30 13:22:36,089 INFO    : Snapshot:2	0	3	Epoch:14	Loss:1.862	MRR:18.09	Hits@10:31.85	Best:18.09
2024-10-30 13:22:40,720 INFO    : Snapshot:2	0	3	Epoch:15	Loss:1.871	MRR:18.13	Hits@10:31.85	Best:18.13
2024-10-30 13:22:45,514 INFO    : Snapshot:2	0	3	Epoch:16	Loss:1.841	MRR:18.14	Hits@10:31.91	Best:18.14
2024-10-30 13:22:50,154 INFO    : Snapshot:2	1	3	Epoch:17	Loss:1.832	MRR:18.03	Hits@10:31.83	Best:18.14
2024-10-30 13:22:54,713 INFO    : Snapshot:2	2	3	Epoch:18	Loss:1.816	MRR:18.12	Hits@10:31.91	Best:18.14
2024-10-30 13:22:59,403 INFO    : Early Stopping! Snapshot:2 Epoch: 19 Best Results: 18.14
2024-10-30 13:22:59,518 INFO    : => loading checkpoint './checkpoint/FB_CKGE\2model_best.tar'
2024-10-30 13:23:29,654 INFO    : 
+------------+--------+--------+--------+--------+---------+
| Snapshot:2 |  MRR   | Hits@1 | Hits@3 | Hits@5 | Hits@10 |
+------------+--------+--------+--------+--------+---------+
|     0      | 0.246  | 0.1419 | 0.2865 |  0.36  |  0.452  |
|     1      | 0.173  | 0.1016 | 0.1868 | 0.2406 |  0.3187 |
|     2      | 0.1777 | 0.1077 | 0.1958 | 0.2457 |  0.3148 |
+------------+--------+--------+--------+--------+---------+
2024-10-30 13:23:42,726 INFO    : Snapshot:3	0	3	Epoch:0	Loss:4.96	MRR:18.69	Hits@10:32.39	Best:18.69
2024-10-30 13:23:47,518 INFO    : Snapshot:3	0	3	Epoch:1	Loss:3.138	MRR:18.76	Hits@10:32.38	Best:18.76
2024-10-30 13:23:52,248 INFO    : Snapshot:3	0	3	Epoch:2	Loss:2.869	MRR:18.8	Hits@10:32.53	Best:18.8
2024-10-30 13:23:57,041 INFO    : Snapshot:3	0	3	Epoch:3	Loss:2.799	MRR:18.84	Hits@10:32.63	Best:18.84
2024-10-30 13:24:01,896 INFO    : Snapshot:3	1	3	Epoch:4	Loss:2.737	MRR:18.84	Hits@10:32.56	Best:18.84
2024-10-30 13:24:06,594 INFO    : Snapshot:3	0	3	Epoch:5	Loss:2.723	MRR:18.85	Hits@10:32.59	Best:18.85
2024-10-30 13:24:11,482 INFO    : Snapshot:3	1	3	Epoch:6	Loss:2.704	MRR:18.79	Hits@10:32.63	Best:18.85
2024-10-30 13:24:16,381 INFO    : Snapshot:3	2	3	Epoch:7	Loss:2.686	MRR:18.82	Hits@10:32.53	Best:18.85
2024-10-30 13:24:21,089 INFO    : Early Stopping! Snapshot:3 Epoch: 8 Best Results: 18.85
2024-10-30 13:24:21,199 INFO    : => loading checkpoint './checkpoint/FB_CKGE\3model_best.tar'
2024-10-30 13:24:53,620 INFO    : 
+------------+--------+--------+--------+--------+---------+
| Snapshot:3 |  MRR   | Hits@1 | Hits@3 | Hits@5 | Hits@10 |
+------------+--------+--------+--------+--------+---------+
|     0      | 0.246  | 0.1419 | 0.2865 |  0.36  |  0.452  |
|     1      | 0.173  | 0.1016 | 0.1868 | 0.2406 |  0.3187 |
|     2      | 0.1777 | 0.1077 | 0.1958 | 0.2457 |  0.3148 |
|     3      | 0.1886 | 0.117  | 0.2124 | 0.2602 |  0.3277 |
+------------+--------+--------+--------+--------+---------+
2024-10-30 13:25:07,166 INFO    : Snapshot:4	0	3	Epoch:0	Loss:3.842	MRR:19.57	Hits@10:32.74	Best:19.57
2024-10-30 13:25:12,054 INFO    : Snapshot:4	0	3	Epoch:1	Loss:3.234	MRR:19.59	Hits@10:32.73	Best:19.59
2024-10-30 13:25:17,077 INFO    : Snapshot:4	1	3	Epoch:2	Loss:3.137	MRR:19.58	Hits@10:32.75	Best:19.59
2024-10-30 13:25:21,964 INFO    : Snapshot:4	2	3	Epoch:3	Loss:3.114	MRR:19.59	Hits@10:32.75	Best:19.59
2024-10-30 13:25:26,856 INFO    : Early Stopping! Snapshot:4 Epoch: 4 Best Results: 19.59
2024-10-30 13:25:26,985 INFO    : => loading checkpoint './checkpoint/FB_CKGE\4model_best.tar'
2024-10-30 13:26:04,707 INFO    : 
+------------+--------+--------+--------+--------+---------+
| Snapshot:4 |  MRR   | Hits@1 | Hits@3 | Hits@5 | Hits@10 |
+------------+--------+--------+--------+--------+---------+
|     0      | 0.246  | 0.1419 | 0.2865 |  0.36  |  0.452  |
|     1      | 0.173  | 0.1016 | 0.1868 | 0.2406 |  0.3187 |
|     2      | 0.1777 | 0.1077 | 0.1958 | 0.2457 |  0.3148 |
|     3      | 0.1886 | 0.117  | 0.2124 | 0.2602 |  0.3277 |
|     4      | 0.2152 | 0.1345 | 0.2447 | 0.2993 |  0.3718 |
+------------+--------+--------+--------+--------+---------+
2024-10-30 13:26:04,708 INFO    : Final Result:
[+------------+-------+--------+--------+--------+---------+
| Snapshot:0 |  MRR  | Hits@1 | Hits@3 | Hits@5 | Hits@10 |
+------------+-------+--------+--------+--------+---------+
|     0      | 0.246 | 0.1419 | 0.2865 |  0.36  |  0.452  |
+------------+-------+--------+--------+--------+---------+, +------------+-------+--------+--------+--------+---------+
| Snapshot:1 |  MRR  | Hits@1 | Hits@3 | Hits@5 | Hits@10 |
+------------+-------+--------+--------+--------+---------+
|     0      | 0.246 | 0.1419 | 0.2865 |  0.36  |  0.452  |
|     1      | 0.173 | 0.1016 | 0.1868 | 0.2406 |  0.3187 |
+------------+-------+--------+--------+--------+---------+, +------------+--------+--------+--------+--------+---------+
| Snapshot:2 |  MRR   | Hits@1 | Hits@3 | Hits@5 | Hits@10 |
+------------+--------+--------+--------+--------+---------+
|     0      | 0.246  | 0.1419 | 0.2865 |  0.36  |  0.452  |
|     1      | 0.173  | 0.1016 | 0.1868 | 0.2406 |  0.3187 |
|     2      | 0.1777 | 0.1077 | 0.1958 | 0.2457 |  0.3148 |
+------------+--------+--------+--------+--------+---------+, +------------+--------+--------+--------+--------+---------+
| Snapshot:3 |  MRR   | Hits@1 | Hits@3 | Hits@5 | Hits@10 |
+------------+--------+--------+--------+--------+---------+
|     0      | 0.246  | 0.1419 | 0.2865 |  0.36  |  0.452  |
|     1      | 0.173  | 0.1016 | 0.1868 | 0.2406 |  0.3187 |
|     2      | 0.1777 | 0.1077 | 0.1958 | 0.2457 |  0.3148 |
|     3      | 0.1886 | 0.117  | 0.2124 | 0.2602 |  0.3277 |
+------------+--------+--------+--------+--------+---------+, +------------+--------+--------+--------+--------+---------+
| Snapshot:4 |  MRR   | Hits@1 | Hits@3 | Hits@5 | Hits@10 |
+------------+--------+--------+--------+--------+---------+
|     0      | 0.246  | 0.1419 | 0.2865 |  0.36  |  0.452  |
|     1      | 0.173  | 0.1016 | 0.1868 | 0.2406 |  0.3187 |
|     2      | 0.1777 | 0.1077 | 0.1958 | 0.2457 |  0.3148 |
|     3      | 0.1886 | 0.117  | 0.2124 | 0.2602 |  0.3277 |
|     4      | 0.2152 | 0.1345 | 0.2447 | 0.2993 |  0.3718 |
+------------+--------+--------+--------+--------+---------+]
2024-10-30 13:26:04,709 INFO    : Report Result:
+----------+--------------------+-----------+--------------+--------------+---------------+
| Snapshot |        Time        | Whole_MRR | Whole_Hits@1 | Whole_Hits@3 | Whole_Hits@10 |
+----------+--------------------+-----------+--------------+--------------+---------------+
|    0     | 87.78054857254028  |   0.246   |    0.142     |    0.286     |     0.452     |
|    1     | 81.50870418548584  |   0.236   |    0.136     |    0.272     |     0.433     |
|    2     | 95.47255039215088  |   0.228   |    0.133     |    0.263     |     0.418     |
|    3     | 46.38416862487793  |   0.224   |    0.131     |    0.257     |     0.408     |
|    4     | 27.852442264556885 |   0.223   |    0.131     |    0.256     |     0.404     |
+----------+--------------------+-----------+--------------+--------------+---------------+
2024-10-30 13:26:04,709 INFO    : Sum_Training_Time:338.9984140396118
2024-10-30 13:26:04,709 INFO    : Every_Training_Time:[87.78054857254028, 81.50870418548584, 95.47255039215088, 46.38416862487793, 27.852442264556885]
2024-10-30 13:26:04,709 INFO    : Forward transfer: 0.14837499999999998 Backward transfer: 0.0
