2024-10-07 14:52:58,250 INFO    : Namespace(batch_size='1024', data_path='./data/FB_CKGE/', dataset='FB_CKGE', debug=False, device=device(type='cuda', index=0), emb_dim=200, ent_r='200', epoch_num=200, explore=False, gpu='0', l2=0.0, learning_rate='1e-1', log_path='./logs/FB_CKGE 200 20 1e-1 1024/FB_CKGE 20241007145247', logger=<RootLogger root (INFO)>, margin=8.0, model_name='LoraKGE_Layers', multi_layers_path='train_sorted_by_edges_betweenness.txt', neg_ratio=10, note='', num_ent_layers='20', num_layer=1, num_rel_layers='1', patience=3, predict_result='True', r=100, r_fixed=True, random_seed=3407, record=False, rel_r='200', save_path='./checkpoint/FB_CKGE', skip_previous='False', snapshot_num=5, train_new=True, using_multi_layers=False, using_various_ranks='True', using_various_ranks_reverse=False, valid_metrics='mrr')
2024-10-07 14:53:18,425 INFO    : Snapshot:0	0	3	Epoch:0	Loss:91.268	MRR:22.64	Hits@10:42.62	Best:22.64
2024-10-07 14:53:35,607 INFO    : Snapshot:0	0	3	Epoch:1	Loss:17.198	MRR:24.74	Hits@10:45.16	Best:24.74
2024-10-07 14:53:52,919 INFO    : Snapshot:0	1	3	Epoch:2	Loss:7.016	MRR:23.93	Hits@10:44.13	Best:24.74
2024-10-07 14:54:10,154 INFO    : Snapshot:0	2	3	Epoch:3	Loss:4.7	MRR:23.72	Hits@10:43.5	Best:24.74
2024-10-07 14:54:27,689 INFO    : Early Stopping! Snapshot:0 Epoch: 4 Best Results: 24.74
2024-10-07 14:54:27,825 INFO    : => loading checkpoint './checkpoint/FB_CKGE\0model_best.tar'
2024-10-07 14:54:46,017 INFO    : 
+------------+-------+--------+--------+--------+---------+
| Snapshot:0 |  MRR  | Hits@1 | Hits@3 | Hits@5 | Hits@10 |
+------------+-------+--------+--------+--------+---------+
|     0      | 0.246 | 0.1419 | 0.2865 |  0.36  |  0.452  |
+------------+-------+--------+--------+--------+---------+
2024-10-07 14:54:58,293 INFO    : Snapshot:1	0	3	Epoch:0	Loss:9.93	MRR:11.56	Hits@10:21.08	Best:11.56
2024-10-07 14:55:02,679 INFO    : Snapshot:1	0	3	Epoch:1	Loss:2.645	MRR:13.31	Hits@10:25.08	Best:13.31
2024-10-07 14:55:07,051 INFO    : Snapshot:1	0	3	Epoch:2	Loss:1.785	MRR:14.43	Hits@10:27.24	Best:14.43
2024-10-07 14:55:11,539 INFO    : Snapshot:1	0	3	Epoch:3	Loss:1.433	MRR:15.06	Hits@10:28.39	Best:15.06
2024-10-07 14:55:15,854 INFO    : Snapshot:1	0	3	Epoch:4	Loss:1.248	MRR:15.52	Hits@10:29.35	Best:15.52
2024-10-07 14:55:19,973 INFO    : Snapshot:1	0	3	Epoch:5	Loss:1.089	MRR:15.72	Hits@10:29.86	Best:15.72
2024-10-07 14:55:24,184 INFO    : Snapshot:1	0	3	Epoch:6	Loss:1.0	MRR:15.82	Hits@10:29.78	Best:15.82
2024-10-07 14:55:28,442 INFO    : Snapshot:1	0	3	Epoch:7	Loss:0.914	MRR:15.97	Hits@10:30.55	Best:15.97
2024-10-07 14:55:32,955 INFO    : Snapshot:1	0	3	Epoch:8	Loss:0.879	MRR:16.13	Hits@10:30.51	Best:16.13
2024-10-07 14:55:37,622 INFO    : Snapshot:1	1	3	Epoch:9	Loss:0.815	MRR:16.12	Hits@10:30.56	Best:16.13
2024-10-07 14:55:42,537 INFO    : Snapshot:1	0	3	Epoch:10	Loss:0.796	MRR:16.16	Hits@10:30.55	Best:16.16
2024-10-07 14:55:47,111 INFO    : Snapshot:1	0	3	Epoch:11	Loss:0.756	MRR:16.26	Hits@10:30.76	Best:16.26
2024-10-07 14:55:51,726 INFO    : Snapshot:1	0	3	Epoch:12	Loss:0.737	MRR:16.45	Hits@10:31.14	Best:16.45
2024-10-07 14:55:55,914 INFO    : Snapshot:1	0	3	Epoch:13	Loss:0.71	MRR:16.49	Hits@10:30.94	Best:16.49
2024-10-07 14:55:59,987 INFO    : Snapshot:1	0	3	Epoch:14	Loss:0.693	MRR:16.53	Hits@10:31.06	Best:16.53
2024-10-07 14:56:04,221 INFO    : Snapshot:1	1	3	Epoch:15	Loss:0.68	MRR:16.33	Hits@10:31.08	Best:16.53
2024-10-07 14:56:08,467 INFO    : Snapshot:1	0	3	Epoch:16	Loss:0.657	MRR:16.58	Hits@10:31.22	Best:16.58
2024-10-07 14:56:12,975 INFO    : Snapshot:1	1	3	Epoch:17	Loss:0.637	MRR:16.47	Hits@10:30.85	Best:16.58
2024-10-07 14:56:17,196 INFO    : Snapshot:1	0	3	Epoch:18	Loss:0.628	MRR:16.69	Hits@10:31.5	Best:16.69
2024-10-07 14:56:21,509 INFO    : Snapshot:1	1	3	Epoch:19	Loss:0.61	MRR:16.53	Hits@10:31.63	Best:16.69
2024-10-07 14:56:25,794 INFO    : Snapshot:1	0	3	Epoch:20	Loss:0.598	MRR:16.94	Hits@10:31.8	Best:16.94
2024-10-07 14:56:30,034 INFO    : Snapshot:1	1	3	Epoch:21	Loss:0.603	MRR:16.84	Hits@10:31.76	Best:16.94
2024-10-07 14:56:34,592 INFO    : Snapshot:1	0	3	Epoch:22	Loss:0.593	MRR:16.96	Hits@10:31.39	Best:16.96
2024-10-07 14:56:38,982 INFO    : Snapshot:1	0	3	Epoch:23	Loss:0.577	MRR:16.99	Hits@10:31.8	Best:16.99
2024-10-07 14:56:43,188 INFO    : Snapshot:1	1	3	Epoch:24	Loss:0.554	MRR:16.86	Hits@10:31.99	Best:16.99
2024-10-07 14:56:47,321 INFO    : Snapshot:1	2	3	Epoch:25	Loss:0.563	MRR:16.9	Hits@10:32.01	Best:16.99
2024-10-07 14:56:51,498 INFO    : Early Stopping! Snapshot:1 Epoch: 26 Best Results: 16.99
2024-10-07 14:56:51,637 INFO    : => loading checkpoint './checkpoint/FB_CKGE\1model_best.tar'
2024-10-07 14:57:15,584 INFO    : 
+------------+--------+--------+--------+--------+---------+
| Snapshot:1 |  MRR   | Hits@1 | Hits@3 | Hits@5 | Hits@10 |
+------------+--------+--------+--------+--------+---------+
|     0      | 0.246  | 0.1419 | 0.2865 |  0.36  |  0.452  |
|     1      | 0.1795 | 0.1083 | 0.1965 | 0.2467 |  0.3206 |
+------------+--------+--------+--------+--------+---------+
2024-10-07 14:57:27,863 INFO    : Snapshot:2	0	3	Epoch:0	Loss:7.028	MRR:17.56	Hits@10:30.91	Best:17.56
2024-10-07 14:57:32,382 INFO    : Snapshot:2	0	3	Epoch:1	Loss:2.94	MRR:17.74	Hits@10:31.34	Best:17.74
2024-10-07 14:57:37,107 INFO    : Snapshot:2	0	3	Epoch:2	Loss:2.481	MRR:17.85	Hits@10:31.6	Best:17.85
2024-10-07 14:57:41,867 INFO    : Snapshot:2	0	3	Epoch:3	Loss:2.27	MRR:18.01	Hits@10:31.93	Best:18.01
2024-10-07 14:57:46,699 INFO    : Snapshot:2	0	3	Epoch:4	Loss:2.171	MRR:18.12	Hits@10:32.0	Best:18.12
2024-10-07 14:57:51,622 INFO    : Snapshot:2	1	3	Epoch:5	Loss:2.098	MRR:18.04	Hits@10:32.09	Best:18.12
2024-10-07 14:57:56,588 INFO    : Snapshot:2	0	3	Epoch:6	Loss:2.033	MRR:18.13	Hits@10:31.9	Best:18.13
2024-10-07 14:58:01,294 INFO    : Snapshot:2	0	3	Epoch:7	Loss:1.999	MRR:18.18	Hits@10:32.13	Best:18.18
2024-10-07 14:58:05,961 INFO    : Snapshot:2	0	3	Epoch:8	Loss:1.976	MRR:18.19	Hits@10:32.03	Best:18.19
2024-10-07 14:58:10,645 INFO    : Snapshot:2	0	3	Epoch:9	Loss:1.949	MRR:18.2	Hits@10:32.26	Best:18.2
2024-10-07 14:58:15,435 INFO    : Snapshot:2	1	3	Epoch:10	Loss:1.942	MRR:18.16	Hits@10:32.31	Best:18.2
2024-10-07 14:58:20,158 INFO    : Snapshot:2	0	3	Epoch:11	Loss:1.909	MRR:18.21	Hits@10:32.16	Best:18.21
2024-10-07 14:58:24,794 INFO    : Snapshot:2	1	3	Epoch:12	Loss:1.874	MRR:18.14	Hits@10:32.26	Best:18.21
2024-10-07 14:58:29,533 INFO    : Snapshot:2	2	3	Epoch:13	Loss:1.885	MRR:18.21	Hits@10:32.37	Best:18.21
2024-10-07 14:58:34,267 INFO    : Early Stopping! Snapshot:2 Epoch: 14 Best Results: 18.21
2024-10-07 14:58:34,390 INFO    : => loading checkpoint './checkpoint/FB_CKGE\2model_best.tar'
2024-10-07 14:59:04,643 INFO    : 
+------------+--------+--------+--------+--------+---------+
| Snapshot:2 |  MRR   | Hits@1 | Hits@3 | Hits@5 | Hits@10 |
+------------+--------+--------+--------+--------+---------+
|     0      | 0.246  | 0.1419 | 0.2865 |  0.36  |  0.452  |
|     1      | 0.1795 | 0.1083 | 0.1965 | 0.2467 |  0.3206 |
|     2      | 0.1797 | 0.1074 | 0.1997 | 0.2519 |  0.3243 |
+------------+--------+--------+--------+--------+---------+
2024-10-07 14:59:18,092 INFO    : Snapshot:3	0	3	Epoch:0	Loss:4.965	MRR:19.0	Hits@10:32.91	Best:19.0
2024-10-07 14:59:23,200 INFO    : Snapshot:3	0	3	Epoch:1	Loss:3.106	MRR:19.02	Hits@10:33.02	Best:19.02
2024-10-07 14:59:28,154 INFO    : Snapshot:3	0	3	Epoch:2	Loss:2.885	MRR:19.05	Hits@10:33.09	Best:19.05
2024-10-07 14:59:33,187 INFO    : Snapshot:3	1	3	Epoch:3	Loss:2.777	MRR:19.03	Hits@10:33.09	Best:19.05
2024-10-07 14:59:38,055 INFO    : Snapshot:3	2	3	Epoch:4	Loss:2.752	MRR:19.05	Hits@10:33.03	Best:19.05
2024-10-07 14:59:42,994 INFO    : Snapshot:3	0	3	Epoch:5	Loss:2.716	MRR:19.08	Hits@10:33.24	Best:19.08
2024-10-07 14:59:48,176 INFO    : Snapshot:3	1	3	Epoch:6	Loss:2.677	MRR:19.08	Hits@10:33.22	Best:19.08
2024-10-07 14:59:53,145 INFO    : Snapshot:3	2	3	Epoch:7	Loss:2.676	MRR:19.06	Hits@10:33.29	Best:19.08
2024-10-07 14:59:58,341 INFO    : Early Stopping! Snapshot:3 Epoch: 8 Best Results: 19.08
2024-10-07 14:59:58,474 INFO    : => loading checkpoint './checkpoint/FB_CKGE\3model_best.tar'
2024-10-07 15:00:33,915 INFO    : 
+------------+--------+--------+--------+--------+---------+
| Snapshot:3 |  MRR   | Hits@1 | Hits@3 | Hits@5 | Hits@10 |
+------------+--------+--------+--------+--------+---------+
|     0      | 0.246  | 0.1419 | 0.2865 |  0.36  |  0.452  |
|     1      | 0.1795 | 0.1083 | 0.1965 | 0.2467 |  0.3206 |
|     2      | 0.1797 | 0.1074 | 0.1997 | 0.2519 |  0.3243 |
|     3      | 0.1894 | 0.1164 | 0.2147 | 0.2617 |   0.33  |
+------------+--------+--------+--------+--------+---------+
2024-10-07 15:00:48,105 INFO    : Snapshot:4	0	3	Epoch:0	Loss:3.866	MRR:20.03	Hits@10:33.63	Best:20.03
2024-10-07 15:00:53,868 INFO    : Snapshot:4	0	3	Epoch:1	Loss:3.249	MRR:20.06	Hits@10:33.74	Best:20.06
2024-10-07 15:00:59,061 INFO    : Snapshot:4	0	3	Epoch:2	Loss:3.138	MRR:20.07	Hits@10:33.68	Best:20.07
2024-10-07 15:01:04,478 INFO    : Snapshot:4	0	3	Epoch:3	Loss:3.162	MRR:20.09	Hits@10:33.7	Best:20.09
2024-10-07 15:01:09,372 INFO    : Snapshot:4	1	3	Epoch:4	Loss:3.11	MRR:20.08	Hits@10:33.71	Best:20.09
2024-10-07 15:01:14,208 INFO    : Snapshot:4	2	3	Epoch:5	Loss:3.094	MRR:20.06	Hits@10:33.71	Best:20.09
2024-10-07 15:01:19,383 INFO    : Early Stopping! Snapshot:4 Epoch: 6 Best Results: 20.09
2024-10-07 15:01:19,509 INFO    : => loading checkpoint './checkpoint/FB_CKGE\4model_best.tar'
2024-10-07 15:01:57,031 INFO    : 
+------------+--------+--------+--------+--------+---------+
| Snapshot:4 |  MRR   | Hits@1 | Hits@3 | Hits@5 | Hits@10 |
+------------+--------+--------+--------+--------+---------+
|     0      | 0.246  | 0.1419 | 0.2865 |  0.36  |  0.452  |
|     1      | 0.1795 | 0.1083 | 0.1965 | 0.2467 |  0.3206 |
|     2      | 0.1797 | 0.1074 | 0.1997 | 0.2519 |  0.3243 |
|     3      | 0.1894 | 0.1164 | 0.2147 | 0.2617 |   0.33  |
|     4      | 0.2149 | 0.1327 | 0.2459 | 0.3023 |  0.3758 |
+------------+--------+--------+--------+--------+---------+
2024-10-07 15:01:57,032 INFO    : Final Result:
[+------------+-------+--------+--------+--------+---------+
| Snapshot:0 |  MRR  | Hits@1 | Hits@3 | Hits@5 | Hits@10 |
+------------+-------+--------+--------+--------+---------+
|     0      | 0.246 | 0.1419 | 0.2865 |  0.36  |  0.452  |
+------------+-------+--------+--------+--------+---------+, +------------+--------+--------+--------+--------+---------+
| Snapshot:1 |  MRR   | Hits@1 | Hits@3 | Hits@5 | Hits@10 |
+------------+--------+--------+--------+--------+---------+
|     0      | 0.246  | 0.1419 | 0.2865 |  0.36  |  0.452  |
|     1      | 0.1795 | 0.1083 | 0.1965 | 0.2467 |  0.3206 |
+------------+--------+--------+--------+--------+---------+, +------------+--------+--------+--------+--------+---------+
| Snapshot:2 |  MRR   | Hits@1 | Hits@3 | Hits@5 | Hits@10 |
+------------+--------+--------+--------+--------+---------+
|     0      | 0.246  | 0.1419 | 0.2865 |  0.36  |  0.452  |
|     1      | 0.1795 | 0.1083 | 0.1965 | 0.2467 |  0.3206 |
|     2      | 0.1797 | 0.1074 | 0.1997 | 0.2519 |  0.3243 |
+------------+--------+--------+--------+--------+---------+, +------------+--------+--------+--------+--------+---------+
| Snapshot:3 |  MRR   | Hits@1 | Hits@3 | Hits@5 | Hits@10 |
+------------+--------+--------+--------+--------+---------+
|     0      | 0.246  | 0.1419 | 0.2865 |  0.36  |  0.452  |
|     1      | 0.1795 | 0.1083 | 0.1965 | 0.2467 |  0.3206 |
|     2      | 0.1797 | 0.1074 | 0.1997 | 0.2519 |  0.3243 |
|     3      | 0.1894 | 0.1164 | 0.2147 | 0.2617 |   0.33  |
+------------+--------+--------+--------+--------+---------+, +------------+--------+--------+--------+--------+---------+
| Snapshot:4 |  MRR   | Hits@1 | Hits@3 | Hits@5 | Hits@10 |
+------------+--------+--------+--------+--------+---------+
|     0      | 0.246  | 0.1419 | 0.2865 |  0.36  |  0.452  |
|     1      | 0.1795 | 0.1083 | 0.1965 | 0.2467 |  0.3206 |
|     2      | 0.1797 | 0.1074 | 0.1997 | 0.2519 |  0.3243 |
|     3      | 0.1894 | 0.1164 | 0.2147 | 0.2617 |   0.33  |
|     4      | 0.2149 | 0.1327 | 0.2459 | 0.3023 |  0.3758 |
+------------+--------+--------+--------+--------+---------+]
2024-10-07 15:01:57,033 INFO    : Report Result:
+----------+-------------------+-----------+--------------+--------------+---------------+
| Snapshot |        Time       | Whole_MRR | Whole_Hits@1 | Whole_Hits@3 | Whole_Hits@10 |
+----------+-------------------+-----------+--------------+--------------+---------------+
|    0     | 89.43901896476746 |   0.246   |    0.142     |    0.286     |     0.452     |
|    1     | 120.9572913646698 |   0.236   |    0.137     |    0.274     |     0.433     |
|    2     |  74.1732907295227 |   0.229   |    0.133     |    0.264     |      0.42     |
|    3     | 48.46888732910156 |   0.225   |    0.131     |    0.259     |      0.41     |
|    4     | 39.61921787261963 |   0.224   |    0.132     |    0.258     |     0.406     |
+----------+-------------------+-----------+--------------+--------------+---------------+
2024-10-07 15:01:57,033 INFO    : Sum_Training_Time:372.65770626068115
2024-10-07 15:01:57,033 INFO    : Every_Training_Time:[89.43901896476746, 120.9572913646698, 74.1732907295227, 48.46888732910156, 39.61921787261963]
2024-10-07 15:01:57,034 INFO    : Forward transfer: 0.148625 Backward transfer: 0.0
