2024-09-27 16:01:48,443 INFO    : Namespace(batch_size='1024', data_path='./data/FB_CKGE/', dataset='FB_CKGE', debug=False, device=device(type='cuda', index=0), emb_dim=200, ent_r='200', epoch_num=200, explore=False, gpu='0', l2=0.0, learning_rate='1e-1', log_path='./logs/FB_CKGE 200 20 1e-1 1024/FB_CKGE 20240927160137', logger=<RootLogger root (INFO)>, margin=8.0, model_name='LoraKGE_Layers', multi_layers_path='train_sorted_by_edges_betweenness.txt', neg_ratio=10, note='', num_ent_layers='20', num_layer=1, num_rel_layers='1', patience=3, predict_result='True', r=100, r_fixed=True, random_seed=3407, record=False, rel_r='20', save_path='./checkpoint/FB_CKGE', skip_previous='False', snapshot_num=5, train_new=True, using_multi_layers=False, using_various_ranks='True', using_various_ranks_reverse=False, valid_metrics='mrr')
2024-09-27 16:02:08,952 INFO    : Snapshot:0	0	3	Epoch:0	Loss:91.268	MRR:22.64	Hits@10:42.62	Best:22.64
2024-09-27 16:02:26,855 INFO    : Snapshot:0	0	3	Epoch:1	Loss:17.198	MRR:24.74	Hits@10:45.16	Best:24.74
2024-09-27 16:02:44,282 INFO    : Snapshot:0	1	3	Epoch:2	Loss:7.016	MRR:23.93	Hits@10:44.13	Best:24.74
2024-09-27 16:03:02,195 INFO    : Snapshot:0	2	3	Epoch:3	Loss:4.7	MRR:23.72	Hits@10:43.5	Best:24.74
2024-09-27 16:03:19,331 INFO    : Early Stopping! Snapshot:0 Epoch: 4 Best Results: 24.74
2024-09-27 16:03:19,444 INFO    : => loading checkpoint './checkpoint/FB_CKGE\0model_best.tar'
2024-09-27 16:03:38,048 INFO    : 
+------------+-------+--------+--------+--------+---------+
| Snapshot:0 |  MRR  | Hits@1 | Hits@3 | Hits@5 | Hits@10 |
+------------+-------+--------+--------+--------+---------+
|     0      | 0.246 | 0.1419 | 0.2865 |  0.36  |  0.452  |
+------------+-------+--------+--------+--------+---------+
2024-09-27 16:03:50,179 INFO    : Snapshot:1	0	3	Epoch:0	Loss:9.84	MRR:11.45	Hits@10:21.07	Best:11.45
2024-09-27 16:03:54,253 INFO    : Snapshot:1	0	3	Epoch:1	Loss:2.656	MRR:13.45	Hits@10:25.35	Best:13.45
2024-09-27 16:03:58,351 INFO    : Snapshot:1	0	3	Epoch:2	Loss:1.79	MRR:14.3	Hits@10:27.32	Best:14.3
2024-09-27 16:04:02,451 INFO    : Snapshot:1	0	3	Epoch:3	Loss:1.428	MRR:14.85	Hits@10:28.48	Best:14.85
2024-09-27 16:04:06,505 INFO    : Snapshot:1	0	3	Epoch:4	Loss:1.245	MRR:15.19	Hits@10:28.93	Best:15.19
2024-09-27 16:04:10,589 INFO    : Snapshot:1	0	3	Epoch:5	Loss:1.083	MRR:15.49	Hits@10:29.33	Best:15.49
2024-09-27 16:04:14,648 INFO    : Snapshot:1	0	3	Epoch:6	Loss:1.004	MRR:15.72	Hits@10:30.02	Best:15.72
2024-09-27 16:04:18,725 INFO    : Snapshot:1	0	3	Epoch:7	Loss:0.918	MRR:15.92	Hits@10:29.77	Best:15.92
2024-09-27 16:04:22,778 INFO    : Snapshot:1	0	3	Epoch:8	Loss:0.886	MRR:16.0	Hits@10:30.45	Best:16.0
2024-09-27 16:04:26,886 INFO    : Snapshot:1	0	3	Epoch:9	Loss:0.812	MRR:16.17	Hits@10:30.47	Best:16.17
2024-09-27 16:04:30,892 INFO    : Snapshot:1	1	3	Epoch:10	Loss:0.796	MRR:16.07	Hits@10:30.64	Best:16.17
2024-09-27 16:04:35,013 INFO    : Snapshot:1	0	3	Epoch:11	Loss:0.758	MRR:16.36	Hits@10:30.94	Best:16.36
2024-09-27 16:04:39,019 INFO    : Snapshot:1	1	3	Epoch:12	Loss:0.741	MRR:16.33	Hits@10:31.0	Best:16.36
2024-09-27 16:04:43,125 INFO    : Snapshot:1	2	3	Epoch:13	Loss:0.707	MRR:16.23	Hits@10:31.13	Best:16.36
2024-09-27 16:04:47,240 INFO    : Snapshot:1	0	3	Epoch:14	Loss:0.698	MRR:16.38	Hits@10:30.94	Best:16.38
2024-09-27 16:04:51,376 INFO    : Snapshot:1	0	3	Epoch:15	Loss:0.678	MRR:16.5	Hits@10:30.93	Best:16.5
2024-09-27 16:04:55,488 INFO    : Snapshot:1	1	3	Epoch:16	Loss:0.656	MRR:16.47	Hits@10:30.93	Best:16.5
2024-09-27 16:04:59,600 INFO    : Snapshot:1	0	3	Epoch:17	Loss:0.645	MRR:16.59	Hits@10:31.25	Best:16.59
2024-09-27 16:05:03,658 INFO    : Snapshot:1	0	3	Epoch:18	Loss:0.629	MRR:16.61	Hits@10:31.22	Best:16.61
2024-09-27 16:05:07,769 INFO    : Snapshot:1	0	3	Epoch:19	Loss:0.614	MRR:16.76	Hits@10:31.66	Best:16.76
2024-09-27 16:05:11,897 INFO    : Snapshot:1	0	3	Epoch:20	Loss:0.601	MRR:16.82	Hits@10:31.47	Best:16.82
2024-09-27 16:05:15,940 INFO    : Snapshot:1	1	3	Epoch:21	Loss:0.603	MRR:16.82	Hits@10:31.59	Best:16.82
2024-09-27 16:05:20,239 INFO    : Snapshot:1	2	3	Epoch:22	Loss:0.598	MRR:16.78	Hits@10:31.34	Best:16.82
2024-09-27 16:05:24,280 INFO    : Early Stopping! Snapshot:1 Epoch: 23 Best Results: 16.82
2024-09-27 16:05:24,391 INFO    : => loading checkpoint './checkpoint/FB_CKGE\1model_best.tar'
2024-09-27 16:05:48,711 INFO    : 
+------------+--------+--------+--------+--------+---------+
| Snapshot:1 |  MRR   | Hits@1 | Hits@3 | Hits@5 | Hits@10 |
+------------+--------+--------+--------+--------+---------+
|     0      | 0.246  | 0.1419 | 0.2865 |  0.36  |  0.452  |
|     1      | 0.1771 | 0.1053 | 0.1937 | 0.2443 |  0.3198 |
+------------+--------+--------+--------+--------+---------+
2024-09-27 16:06:00,808 INFO    : Snapshot:2	0	3	Epoch:0	Loss:6.979	MRR:17.31	Hits@10:30.83	Best:17.31
2024-09-27 16:06:05,355 INFO    : Snapshot:2	0	3	Epoch:1	Loss:2.911	MRR:17.5	Hits@10:31.18	Best:17.5
2024-09-27 16:06:09,890 INFO    : Snapshot:2	0	3	Epoch:2	Loss:2.46	MRR:17.7	Hits@10:31.35	Best:17.7
2024-09-27 16:06:14,423 INFO    : Snapshot:2	0	3	Epoch:3	Loss:2.3	MRR:17.74	Hits@10:31.68	Best:17.74
2024-09-27 16:06:18,956 INFO    : Snapshot:2	1	3	Epoch:4	Loss:2.171	MRR:17.74	Hits@10:31.62	Best:17.74
2024-09-27 16:06:23,492 INFO    : Snapshot:2	0	3	Epoch:5	Loss:2.079	MRR:17.76	Hits@10:31.73	Best:17.76
2024-09-27 16:06:28,453 INFO    : Snapshot:2	0	3	Epoch:6	Loss:2.043	MRR:17.91	Hits@10:31.96	Best:17.91
2024-09-27 16:06:32,987 INFO    : Snapshot:2	0	3	Epoch:7	Loss:2.002	MRR:17.95	Hits@10:31.99	Best:17.95
2024-09-27 16:06:37,437 INFO    : Snapshot:2	0	3	Epoch:8	Loss:1.981	MRR:17.97	Hits@10:32.05	Best:17.97
2024-09-27 16:06:41,872 INFO    : Snapshot:2	0	3	Epoch:9	Loss:1.95	MRR:17.99	Hits@10:32.17	Best:17.99
2024-09-27 16:06:46,259 INFO    : Snapshot:2	0	3	Epoch:10	Loss:1.917	MRR:18.05	Hits@10:32.23	Best:18.05
2024-09-27 16:06:50,700 INFO    : Snapshot:2	0	3	Epoch:11	Loss:1.898	MRR:18.09	Hits@10:32.24	Best:18.09
2024-09-27 16:06:55,170 INFO    : Snapshot:2	1	3	Epoch:12	Loss:1.897	MRR:17.96	Hits@10:32.08	Best:18.09
2024-09-27 16:06:59,573 INFO    : Snapshot:2	2	3	Epoch:13	Loss:1.882	MRR:18.03	Hits@10:32.01	Best:18.09
2024-09-27 16:07:04,020 INFO    : Early Stopping! Snapshot:2 Epoch: 14 Best Results: 18.09
2024-09-27 16:07:04,148 INFO    : => loading checkpoint './checkpoint/FB_CKGE\2model_best.tar'
2024-09-27 16:07:33,208 INFO    : 
+------------+--------+--------+--------+--------+---------+
| Snapshot:2 |  MRR   | Hits@1 | Hits@3 | Hits@5 | Hits@10 |
+------------+--------+--------+--------+--------+---------+
|     0      | 0.246  | 0.1419 | 0.2865 |  0.36  |  0.452  |
|     1      | 0.1771 | 0.1053 | 0.1937 | 0.2443 |  0.3198 |
|     2      | 0.1816 | 0.1111 | 0.2005 | 0.2492 |  0.3215 |
+------------+--------+--------+--------+--------+---------+
2024-09-27 16:07:46,328 INFO    : Snapshot:3	0	3	Epoch:0	Loss:4.989	MRR:18.94	Hits@10:32.78	Best:18.94
2024-09-27 16:07:51,284 INFO    : Snapshot:3	0	3	Epoch:1	Loss:3.131	MRR:18.97	Hits@10:32.88	Best:18.97
2024-09-27 16:07:56,219 INFO    : Snapshot:3	0	3	Epoch:2	Loss:2.891	MRR:19.03	Hits@10:32.92	Best:19.03
2024-09-27 16:08:01,169 INFO    : Snapshot:3	1	3	Epoch:3	Loss:2.822	MRR:18.99	Hits@10:32.97	Best:19.03
2024-09-27 16:08:06,081 INFO    : Snapshot:3	2	3	Epoch:4	Loss:2.771	MRR:18.99	Hits@10:32.88	Best:19.03
2024-09-27 16:08:10,902 INFO    : Snapshot:3	0	3	Epoch:5	Loss:2.695	MRR:19.05	Hits@10:32.92	Best:19.05
2024-09-27 16:08:15,695 INFO    : Snapshot:3	1	3	Epoch:6	Loss:2.713	MRR:19.05	Hits@10:32.96	Best:19.05
2024-09-27 16:08:20,362 INFO    : Snapshot:3	2	3	Epoch:7	Loss:2.682	MRR:19.04	Hits@10:33.01	Best:19.05
2024-09-27 16:08:25,268 INFO    : Snapshot:3	0	3	Epoch:8	Loss:2.69	MRR:19.07	Hits@10:33.03	Best:19.07
2024-09-27 16:08:30,198 INFO    : Snapshot:3	1	3	Epoch:9	Loss:2.66	MRR:19.03	Hits@10:32.99	Best:19.07
2024-09-27 16:08:35,231 INFO    : Snapshot:3	2	3	Epoch:10	Loss:2.666	MRR:19.04	Hits@10:33.05	Best:19.07
2024-09-27 16:08:40,126 INFO    : Early Stopping! Snapshot:3 Epoch: 11 Best Results: 19.07
2024-09-27 16:08:40,241 INFO    : => loading checkpoint './checkpoint/FB_CKGE\3model_best.tar'
2024-09-27 16:09:15,029 INFO    : 
+------------+--------+--------+--------+--------+---------+
| Snapshot:3 |  MRR   | Hits@1 | Hits@3 | Hits@5 | Hits@10 |
+------------+--------+--------+--------+--------+---------+
|     0      | 0.246  | 0.1419 | 0.2865 |  0.36  |  0.452  |
|     1      | 0.1771 | 0.1053 | 0.1937 | 0.2443 |  0.3198 |
|     2      | 0.1816 | 0.1111 | 0.2005 | 0.2492 |  0.3215 |
|     3      | 0.1885 | 0.1165 | 0.2102 | 0.2581 |  0.3305 |
+------------+--------+--------+--------+--------+---------+
2024-09-27 16:09:28,697 INFO    : Snapshot:4	0	3	Epoch:0	Loss:3.891	MRR:19.99	Hits@10:33.12	Best:19.99
2024-09-27 16:09:33,725 INFO    : Snapshot:4	0	3	Epoch:1	Loss:3.274	MRR:20.02	Hits@10:33.17	Best:20.02
2024-09-27 16:09:38,716 INFO    : Snapshot:4	1	3	Epoch:2	Loss:3.16	MRR:20.0	Hits@10:33.17	Best:20.02
2024-09-27 16:09:43,794 INFO    : Snapshot:4	0	3	Epoch:3	Loss:3.13	MRR:20.04	Hits@10:33.14	Best:20.04
2024-09-27 16:09:48,983 INFO    : Snapshot:4	1	3	Epoch:4	Loss:3.12	MRR:20.02	Hits@10:33.15	Best:20.04
2024-09-27 16:09:54,438 INFO    : Snapshot:4	2	3	Epoch:5	Loss:3.119	MRR:20.01	Hits@10:33.17	Best:20.04
2024-09-27 16:09:59,398 INFO    : Early Stopping! Snapshot:4 Epoch: 6 Best Results: 20.04
2024-09-27 16:09:59,523 INFO    : => loading checkpoint './checkpoint/FB_CKGE\4model_best.tar'
2024-09-27 16:10:38,682 INFO    : 
+------------+--------+--------+--------+--------+---------+
| Snapshot:4 |  MRR   | Hits@1 | Hits@3 | Hits@5 | Hits@10 |
+------------+--------+--------+--------+--------+---------+
|     0      | 0.246  | 0.1419 | 0.2865 |  0.36  |  0.452  |
|     1      | 0.1771 | 0.1053 | 0.1937 | 0.2443 |  0.3198 |
|     2      | 0.1816 | 0.1111 | 0.2005 | 0.2492 |  0.3215 |
|     3      | 0.1885 | 0.1165 | 0.2102 | 0.2581 |  0.3305 |
|     4      | 0.215  | 0.1339 | 0.2457 | 0.2993 |  0.3717 |
+------------+--------+--------+--------+--------+---------+
2024-09-27 16:10:38,684 INFO    : Final Result:
[+------------+-------+--------+--------+--------+---------+
| Snapshot:0 |  MRR  | Hits@1 | Hits@3 | Hits@5 | Hits@10 |
+------------+-------+--------+--------+--------+---------+
|     0      | 0.246 | 0.1419 | 0.2865 |  0.36  |  0.452  |
+------------+-------+--------+--------+--------+---------+, +------------+--------+--------+--------+--------+---------+
| Snapshot:1 |  MRR   | Hits@1 | Hits@3 | Hits@5 | Hits@10 |
+------------+--------+--------+--------+--------+---------+
|     0      | 0.246  | 0.1419 | 0.2865 |  0.36  |  0.452  |
|     1      | 0.1771 | 0.1053 | 0.1937 | 0.2443 |  0.3198 |
+------------+--------+--------+--------+--------+---------+, +------------+--------+--------+--------+--------+---------+
| Snapshot:2 |  MRR   | Hits@1 | Hits@3 | Hits@5 | Hits@10 |
+------------+--------+--------+--------+--------+---------+
|     0      | 0.246  | 0.1419 | 0.2865 |  0.36  |  0.452  |
|     1      | 0.1771 | 0.1053 | 0.1937 | 0.2443 |  0.3198 |
|     2      | 0.1816 | 0.1111 | 0.2005 | 0.2492 |  0.3215 |
+------------+--------+--------+--------+--------+---------+, +------------+--------+--------+--------+--------+---------+
| Snapshot:3 |  MRR   | Hits@1 | Hits@3 | Hits@5 | Hits@10 |
+------------+--------+--------+--------+--------+---------+
|     0      | 0.246  | 0.1419 | 0.2865 |  0.36  |  0.452  |
|     1      | 0.1771 | 0.1053 | 0.1937 | 0.2443 |  0.3198 |
|     2      | 0.1816 | 0.1111 | 0.2005 | 0.2492 |  0.3215 |
|     3      | 0.1885 | 0.1165 | 0.2102 | 0.2581 |  0.3305 |
+------------+--------+--------+--------+--------+---------+, +------------+--------+--------+--------+--------+---------+
| Snapshot:4 |  MRR   | Hits@1 | Hits@3 | Hits@5 | Hits@10 |
+------------+--------+--------+--------+--------+---------+
|     0      | 0.246  | 0.1419 | 0.2865 |  0.36  |  0.452  |
|     1      | 0.1771 | 0.1053 | 0.1937 | 0.2443 |  0.3198 |
|     2      | 0.1816 | 0.1111 | 0.2005 | 0.2492 |  0.3215 |
|     3      | 0.1885 | 0.1165 | 0.2102 | 0.2581 |  0.3305 |
|     4      | 0.215  | 0.1339 | 0.2457 | 0.2993 |  0.3717 |
+------------+--------+--------+--------+--------+---------+]
2024-09-27 16:10:38,684 INFO    : Report Result:
+----------+--------------------+-----------+--------------+--------------+---------------+
| Snapshot |        Time        | Whole_MRR | Whole_Hits@1 | Whole_Hits@3 | Whole_Hits@10 |
+----------+--------------------+-----------+--------------+--------------+---------------+
|    0     | 90.88686156272888  |   0.246   |    0.142     |    0.286     |     0.452     |
|    1     | 101.39254713058472 |   0.236   |    0.137     |    0.273     |     0.433     |
|    2     | 70.78333353996277  |   0.229   |    0.133     |    0.264     |     0.419     |
|    3     | 61.932770013809204 |   0.225   |    0.132     |    0.258     |     0.409     |
|    4     | 38.900967597961426 |   0.224   |    0.132     |    0.257     |     0.406     |
+----------+--------------------+-----------+--------------+--------------+---------------+
2024-09-27 16:10:38,684 INFO    : Sum_Training_Time:363.896479845047
2024-09-27 16:10:38,685 INFO    : Every_Training_Time:[90.88686156272888, 101.39254713058472, 70.78333353996277, 61.932770013809204, 38.900967597961426]
2024-09-27 16:10:38,685 INFO    : Forward transfer: 0.1492 Backward transfer: 0.0
