2024-09-26 15:36:36,402 INFO    : Namespace(batch_size=1024, data_path='./data/FB_CKGE/', dataset='FB_CKGE', debug=False, device=device(type='cuda', index=0), emb_dim=200, ent_r='200', epoch_num=200, explore=False, gpu='0', l2=0.0, learning_rate='1e-1', log_path='./logs/FB_CKGE 200 20 1e-1 1024/FB_CKGE 20240926153626', logger=<RootLogger root (INFO)>, margin=8.0, model_name='LoraKGE_Layers', multi_layers_path='train_sorted_by_edges_betweenness.txt', neg_ratio=10, note='', num_ent_layers='20', num_layer=1, num_rel_layers='1', patience=3, predict_result='True', r=100, r_fixed=True, random_seed=3407, record=False, rel_r='20', save_path='./checkpoint/FB_CKGE', skip_previous='False', snapshot_num=5, train_new=True, using_multi_layers=False, using_various_ranks='True', using_various_ranks_reverse=False, valid_metrics='mrr')
2024-09-26 15:36:55,896 INFO    : Snapshot:0	0	3	Epoch:0	Loss:91.268	MRR:22.64	Hits@10:42.62	Best:22.64
2024-09-26 15:37:12,471 INFO    : Snapshot:0	0	3	Epoch:1	Loss:17.198	MRR:24.74	Hits@10:45.16	Best:24.74
2024-09-26 15:37:30,051 INFO    : Snapshot:0	1	3	Epoch:2	Loss:7.016	MRR:23.93	Hits@10:44.13	Best:24.74
2024-09-26 15:37:46,784 INFO    : Snapshot:0	2	3	Epoch:3	Loss:4.7	MRR:23.72	Hits@10:43.5	Best:24.74
2024-09-26 15:38:04,242 INFO    : Early Stopping! Snapshot:0 Epoch: 4 Best Results: 24.74
2024-09-26 15:38:04,347 INFO    : => loading checkpoint './checkpoint/FB_CKGE\0model_best.tar'
2024-09-26 15:38:23,723 INFO    : 
+------------+-------+--------+--------+--------+---------+
| Snapshot:0 |  MRR  | Hits@1 | Hits@3 | Hits@5 | Hits@10 |
+------------+-------+--------+--------+--------+---------+
|     0      | 0.246 | 0.1419 | 0.2865 |  0.36  |  0.452  |
+------------+-------+--------+--------+--------+---------+
2024-09-26 15:38:35,579 INFO    : Snapshot:1	0	3	Epoch:0	Loss:9.89	MRR:11.31	Hits@10:20.81	Best:11.31
2024-09-26 15:38:39,753 INFO    : Snapshot:1	0	3	Epoch:1	Loss:2.642	MRR:13.34	Hits@10:25.16	Best:13.34
2024-09-26 15:38:44,008 INFO    : Snapshot:1	0	3	Epoch:2	Loss:1.779	MRR:14.24	Hits@10:27.17	Best:14.24
2024-09-26 15:38:48,197 INFO    : Snapshot:1	0	3	Epoch:3	Loss:1.424	MRR:15.11	Hits@10:28.25	Best:15.11
2024-09-26 15:38:52,358 INFO    : Snapshot:1	0	3	Epoch:4	Loss:1.235	MRR:15.29	Hits@10:28.98	Best:15.29
2024-09-26 15:38:56,635 INFO    : Snapshot:1	0	3	Epoch:5	Loss:1.089	MRR:15.87	Hits@10:29.91	Best:15.87
2024-09-26 15:39:00,876 INFO    : Snapshot:1	1	3	Epoch:6	Loss:0.999	MRR:15.87	Hits@10:29.99	Best:15.87
2024-09-26 15:39:05,125 INFO    : Snapshot:1	0	3	Epoch:7	Loss:0.916	MRR:15.95	Hits@10:29.62	Best:15.95
2024-09-26 15:39:09,281 INFO    : Snapshot:1	1	3	Epoch:8	Loss:0.883	MRR:15.95	Hits@10:30.33	Best:15.95
2024-09-26 15:39:13,453 INFO    : Snapshot:1	0	3	Epoch:9	Loss:0.819	MRR:16.11	Hits@10:30.6	Best:16.11
2024-09-26 15:39:17,652 INFO    : Snapshot:1	0	3	Epoch:10	Loss:0.803	MRR:16.33	Hits@10:30.82	Best:16.33
2024-09-26 15:39:21,727 INFO    : Snapshot:1	1	3	Epoch:11	Loss:0.763	MRR:16.24	Hits@10:30.59	Best:16.33
2024-09-26 15:39:25,983 INFO    : Snapshot:1	0	3	Epoch:12	Loss:0.741	MRR:16.37	Hits@10:31.04	Best:16.37
2024-09-26 15:39:30,341 INFO    : Snapshot:1	0	3	Epoch:13	Loss:0.711	MRR:16.42	Hits@10:30.9	Best:16.42
2024-09-26 15:39:34,567 INFO    : Snapshot:1	0	3	Epoch:14	Loss:0.699	MRR:16.51	Hits@10:31.25	Best:16.51
2024-09-26 15:39:38,786 INFO    : Snapshot:1	1	3	Epoch:15	Loss:0.68	MRR:16.48	Hits@10:31.12	Best:16.51
2024-09-26 15:39:43,056 INFO    : Snapshot:1	2	3	Epoch:16	Loss:0.656	MRR:16.49	Hits@10:31.3	Best:16.51
2024-09-26 15:39:47,388 INFO    : Snapshot:1	0	3	Epoch:17	Loss:0.645	MRR:16.57	Hits@10:31.15	Best:16.57
2024-09-26 15:39:51,718 INFO    : Snapshot:1	0	3	Epoch:18	Loss:0.633	MRR:16.65	Hits@10:31.76	Best:16.65
2024-09-26 15:39:56,139 INFO    : Snapshot:1	1	3	Epoch:19	Loss:0.613	MRR:16.62	Hits@10:31.59	Best:16.65
2024-09-26 15:40:00,483 INFO    : Snapshot:1	0	3	Epoch:20	Loss:0.603	MRR:16.75	Hits@10:31.39	Best:16.75
2024-09-26 15:40:04,875 INFO    : Snapshot:1	1	3	Epoch:21	Loss:0.601	MRR:16.75	Hits@10:31.51	Best:16.75
2024-09-26 15:40:09,422 INFO    : Snapshot:1	0	3	Epoch:22	Loss:0.59	MRR:16.81	Hits@10:31.59	Best:16.81
2024-09-26 15:40:13,863 INFO    : Snapshot:1	0	3	Epoch:23	Loss:0.582	MRR:16.82	Hits@10:31.45	Best:16.82
2024-09-26 15:40:18,293 INFO    : Snapshot:1	1	3	Epoch:24	Loss:0.555	MRR:16.66	Hits@10:31.55	Best:16.82
2024-09-26 15:40:22,643 INFO    : Snapshot:1	2	3	Epoch:25	Loss:0.566	MRR:16.82	Hits@10:31.97	Best:16.82
2024-09-26 15:40:26,979 INFO    : Snapshot:1	0	3	Epoch:26	Loss:0.554	MRR:16.94	Hits@10:31.5	Best:16.94
2024-09-26 15:40:31,396 INFO    : Snapshot:1	1	3	Epoch:27	Loss:0.543	MRR:16.91	Hits@10:31.84	Best:16.94
2024-09-26 15:40:35,670 INFO    : Snapshot:1	2	3	Epoch:28	Loss:0.54	MRR:16.93	Hits@10:31.81	Best:16.94
2024-09-26 15:40:40,005 INFO    : Snapshot:1	0	3	Epoch:29	Loss:0.532	MRR:17.05	Hits@10:31.59	Best:17.05
2024-09-26 15:40:44,462 INFO    : Snapshot:1	1	3	Epoch:30	Loss:0.539	MRR:16.86	Hits@10:31.61	Best:17.05
2024-09-26 15:40:48,752 INFO    : Snapshot:1	0	3	Epoch:31	Loss:0.529	MRR:17.06	Hits@10:31.93	Best:17.06
2024-09-26 15:40:52,994 INFO    : Snapshot:1	1	3	Epoch:32	Loss:0.507	MRR:17.05	Hits@10:31.81	Best:17.06
2024-09-26 15:40:57,262 INFO    : Snapshot:1	2	3	Epoch:33	Loss:0.522	MRR:17.06	Hits@10:31.97	Best:17.06
2024-09-26 15:41:01,577 INFO    : Early Stopping! Snapshot:1 Epoch: 34 Best Results: 17.06
2024-09-26 15:41:01,685 INFO    : => loading checkpoint './checkpoint/FB_CKGE\1model_best.tar'
2024-09-26 15:41:27,828 INFO    : 
+------------+--------+--------+--------+--------+---------+
| Snapshot:1 |  MRR   | Hits@1 | Hits@3 | Hits@5 | Hits@10 |
+------------+--------+--------+--------+--------+---------+
|     0      | 0.246  | 0.1419 | 0.2865 |  0.36  |  0.452  |
|     1      | 0.1782 | 0.1043 | 0.1972 | 0.2485 |  0.323  |
+------------+--------+--------+--------+--------+---------+
2024-09-26 15:41:40,733 INFO    : Snapshot:2	0	3	Epoch:0	Loss:7.017	MRR:17.61	Hits@10:30.84	Best:17.61
2024-09-26 15:41:45,584 INFO    : Snapshot:2	0	3	Epoch:1	Loss:2.938	MRR:17.72	Hits@10:31.15	Best:17.72
2024-09-26 15:41:50,486 INFO    : Snapshot:2	0	3	Epoch:2	Loss:2.458	MRR:17.91	Hits@10:31.46	Best:17.91
2024-09-26 15:41:55,258 INFO    : Snapshot:2	0	3	Epoch:3	Loss:2.285	MRR:18.06	Hits@10:31.7	Best:18.06
2024-09-26 15:42:00,316 INFO    : Snapshot:2	1	3	Epoch:4	Loss:2.188	MRR:17.97	Hits@10:31.62	Best:18.06
2024-09-26 15:42:05,323 INFO    : Snapshot:2	0	3	Epoch:5	Loss:2.119	MRR:18.08	Hits@10:31.76	Best:18.08
2024-09-26 15:42:10,259 INFO    : Snapshot:2	0	3	Epoch:6	Loss:2.048	MRR:18.09	Hits@10:31.75	Best:18.09
2024-09-26 15:42:15,079 INFO    : Snapshot:2	0	3	Epoch:7	Loss:1.998	MRR:18.12	Hits@10:31.86	Best:18.12
2024-09-26 15:42:19,909 INFO    : Snapshot:2	1	3	Epoch:8	Loss:1.966	MRR:18.07	Hits@10:31.88	Best:18.12
2024-09-26 15:42:24,804 INFO    : Snapshot:2	0	3	Epoch:9	Loss:1.947	MRR:18.22	Hits@10:32.0	Best:18.22
2024-09-26 15:42:29,652 INFO    : Snapshot:2	0	3	Epoch:10	Loss:1.921	MRR:18.27	Hits@10:31.93	Best:18.27
2024-09-26 15:42:34,391 INFO    : Snapshot:2	1	3	Epoch:11	Loss:1.894	MRR:18.2	Hits@10:31.78	Best:18.27
2024-09-26 15:42:39,223 INFO    : Snapshot:2	2	3	Epoch:12	Loss:1.883	MRR:18.18	Hits@10:31.76	Best:18.27
2024-09-26 15:42:43,897 INFO    : Early Stopping! Snapshot:2 Epoch: 13 Best Results: 18.27
2024-09-26 15:42:44,009 INFO    : => loading checkpoint './checkpoint/FB_CKGE\2model_best.tar'
2024-09-26 15:43:15,761 INFO    : 
+------------+--------+--------+--------+--------+---------+
| Snapshot:2 |  MRR   | Hits@1 | Hits@3 | Hits@5 | Hits@10 |
+------------+--------+--------+--------+--------+---------+
|     0      | 0.246  | 0.1419 | 0.2865 |  0.36  |  0.452  |
|     1      | 0.1782 | 0.1043 | 0.1972 | 0.2485 |  0.323  |
|     2      | 0.1807 | 0.1079 | 0.2027 | 0.2535 |  0.3235 |
+------------+--------+--------+--------+--------+---------+
2024-09-26 15:43:29,501 INFO    : Snapshot:3	0	3	Epoch:0	Loss:4.995	MRR:19.14	Hits@10:33.07	Best:19.14
2024-09-26 15:43:34,585 INFO    : Snapshot:3	1	3	Epoch:1	Loss:3.142	MRR:19.11	Hits@10:33.08	Best:19.14
2024-09-26 15:43:39,929 INFO    : Snapshot:3	0	3	Epoch:2	Loss:2.895	MRR:19.15	Hits@10:33.13	Best:19.15
2024-09-26 15:43:45,053 INFO    : Snapshot:3	0	3	Epoch:3	Loss:2.815	MRR:19.2	Hits@10:33.19	Best:19.2
2024-09-26 15:43:50,197 INFO    : Snapshot:3	0	3	Epoch:4	Loss:2.769	MRR:19.21	Hits@10:33.34	Best:19.21
2024-09-26 15:43:55,388 INFO    : Snapshot:3	1	3	Epoch:5	Loss:2.736	MRR:19.18	Hits@10:33.27	Best:19.21
2024-09-26 15:44:00,696 INFO    : Snapshot:3	2	3	Epoch:6	Loss:2.692	MRR:19.13	Hits@10:33.34	Best:19.21
2024-09-26 15:44:05,759 INFO    : Early Stopping! Snapshot:3 Epoch: 7 Best Results: 19.21
2024-09-26 15:44:05,864 INFO    : => loading checkpoint './checkpoint/FB_CKGE\3model_best.tar'
2024-09-26 15:44:42,355 INFO    : 
+------------+--------+--------+--------+--------+---------+
| Snapshot:3 |  MRR   | Hits@1 | Hits@3 | Hits@5 | Hits@10 |
+------------+--------+--------+--------+--------+---------+
|     0      | 0.246  | 0.1419 | 0.2865 |  0.36  |  0.452  |
|     1      | 0.1782 | 0.1043 | 0.1972 | 0.2485 |  0.323  |
|     2      | 0.1807 | 0.1079 | 0.2027 | 0.2535 |  0.3235 |
|     3      | 0.1925 | 0.1199 | 0.2163 | 0.2641 |  0.334  |
+------------+--------+--------+--------+--------+---------+
2024-09-26 15:44:57,183 INFO    : Snapshot:4	0	3	Epoch:0	Loss:3.875	MRR:20.03	Hits@10:32.88	Best:20.03
2024-09-26 15:45:02,769 INFO    : Snapshot:4	0	3	Epoch:1	Loss:3.258	MRR:20.04	Hits@10:32.87	Best:20.04
2024-09-26 15:45:08,289 INFO    : Snapshot:4	0	3	Epoch:2	Loss:3.163	MRR:20.05	Hits@10:32.89	Best:20.05
2024-09-26 15:45:13,805 INFO    : Snapshot:4	0	3	Epoch:3	Loss:3.152	MRR:20.08	Hits@10:32.92	Best:20.08
2024-09-26 15:45:19,393 INFO    : Snapshot:4	1	3	Epoch:4	Loss:3.126	MRR:20.08	Hits@10:32.93	Best:20.08
2024-09-26 15:45:24,909 INFO    : Snapshot:4	2	3	Epoch:5	Loss:3.126	MRR:20.06	Hits@10:32.94	Best:20.08
2024-09-26 15:45:30,402 INFO    : Early Stopping! Snapshot:4 Epoch: 6 Best Results: 20.08
2024-09-26 15:45:30,509 INFO    : => loading checkpoint './checkpoint/FB_CKGE\4model_best.tar'
2024-09-26 15:46:13,017 INFO    : 
+------------+--------+--------+--------+--------+---------+
| Snapshot:4 |  MRR   | Hits@1 | Hits@3 | Hits@5 | Hits@10 |
+------------+--------+--------+--------+--------+---------+
|     0      | 0.246  | 0.1419 | 0.2865 |  0.36  |  0.452  |
|     1      | 0.1782 | 0.1043 | 0.1972 | 0.2485 |  0.323  |
|     2      | 0.1807 | 0.1079 | 0.2027 | 0.2535 |  0.3235 |
|     3      | 0.1925 | 0.1199 | 0.2163 | 0.2641 |  0.334  |
|     4      | 0.215  | 0.1329 | 0.2454 | 0.3018 |  0.3733 |
+------------+--------+--------+--------+--------+---------+
2024-09-26 15:46:13,019 INFO    : Final Result:
[+------------+-------+--------+--------+--------+---------+
| Snapshot:0 |  MRR  | Hits@1 | Hits@3 | Hits@5 | Hits@10 |
+------------+-------+--------+--------+--------+---------+
|     0      | 0.246 | 0.1419 | 0.2865 |  0.36  |  0.452  |
+------------+-------+--------+--------+--------+---------+, +------------+--------+--------+--------+--------+---------+
| Snapshot:1 |  MRR   | Hits@1 | Hits@3 | Hits@5 | Hits@10 |
+------------+--------+--------+--------+--------+---------+
|     0      | 0.246  | 0.1419 | 0.2865 |  0.36  |  0.452  |
|     1      | 0.1782 | 0.1043 | 0.1972 | 0.2485 |  0.323  |
+------------+--------+--------+--------+--------+---------+, +------------+--------+--------+--------+--------+---------+
| Snapshot:2 |  MRR   | Hits@1 | Hits@3 | Hits@5 | Hits@10 |
+------------+--------+--------+--------+--------+---------+
|     0      | 0.246  | 0.1419 | 0.2865 |  0.36  |  0.452  |
|     1      | 0.1782 | 0.1043 | 0.1972 | 0.2485 |  0.323  |
|     2      | 0.1807 | 0.1079 | 0.2027 | 0.2535 |  0.3235 |
+------------+--------+--------+--------+--------+---------+, +------------+--------+--------+--------+--------+---------+
| Snapshot:3 |  MRR   | Hits@1 | Hits@3 | Hits@5 | Hits@10 |
+------------+--------+--------+--------+--------+---------+
|     0      | 0.246  | 0.1419 | 0.2865 |  0.36  |  0.452  |
|     1      | 0.1782 | 0.1043 | 0.1972 | 0.2485 |  0.323  |
|     2      | 0.1807 | 0.1079 | 0.2027 | 0.2535 |  0.3235 |
|     3      | 0.1925 | 0.1199 | 0.2163 | 0.2641 |  0.334  |
+------------+--------+--------+--------+--------+---------+, +------------+--------+--------+--------+--------+---------+
| Snapshot:4 |  MRR   | Hits@1 | Hits@3 | Hits@5 | Hits@10 |
+------------+--------+--------+--------+--------+---------+
|     0      | 0.246  | 0.1419 | 0.2865 |  0.36  |  0.452  |
|     1      | 0.1782 | 0.1043 | 0.1972 | 0.2485 |  0.323  |
|     2      | 0.1807 | 0.1079 | 0.2027 | 0.2535 |  0.3235 |
|     3      | 0.1925 | 0.1199 | 0.2163 | 0.2641 |  0.334  |
|     4      | 0.215  | 0.1329 | 0.2454 | 0.3018 |  0.3733 |
+------------+--------+--------+--------+--------+---------+]
2024-09-26 15:46:13,019 INFO    : Report Result:
+----------+--------------------+-----------+--------------+--------------+---------------+
| Snapshot |        Time        | Whole_MRR | Whole_Hits@1 | Whole_Hits@3 | Whole_Hits@10 |
+----------+--------------------+-----------+--------------+--------------+---------------+
|    0     |   87.83837890625   |   0.246   |    0.142     |    0.286     |     0.452     |
|    1     | 153.33977794647217 |   0.236   |    0.137     |    0.274     |     0.434     |
|    2     | 71.23847675323486  |   0.229   |    0.133     |    0.265     |      0.42     |
|    3     | 44.73281979560852  |   0.225   |    0.131     |    0.259     |      0.41     |
|    4     | 41.986478090286255 |   0.224   |    0.132     |    0.258     |     0.407     |
+----------+--------------------+-----------+--------------+--------------+---------------+
2024-09-26 15:46:13,019 INFO    : Sum_Training_Time:399.1359314918518
2024-09-26 15:46:13,020 INFO    : Every_Training_Time:[87.83837890625, 153.33977794647217, 71.23847675323486, 44.73281979560852, 41.986478090286255]
2024-09-26 15:46:13,020 INFO    : Forward transfer: 0.150675 Backward transfer: 0.0
