2024-12-10 12:40:21,345 INFO    : Namespace(batch_size=1024, data_path='./data/FB_CKGE/', dataset='FB_CKGE', debug=False, device=device(type='cuda', index=0), emb_dim=200, ent_r='200', epoch_num=200, explore=False, gpu='0', l2=0.0, learning_rate='1e-1', log_path='./logs/FB_CKGE 200 20 1e-1 1024/FB_CKGE 20241210124010', logger=<RootLogger root (INFO)>, margin=8.0, model_name='LoraKGE_Layers', multi_layers_path='train_sorted_by_edges_betweenness.txt', neg_ratio=10, note='', num_ent_layers='20', num_layer=1, num_rel_layers='1', patience=3, predict_result='True', r=100, r_fixed=True, random_seed=3407, record=False, rel_r='20', save_path='./checkpoint/FB_CKGE', skip_previous='False', snapshot_num=5, train_new=True, using_multi_layers=False, using_various_ranks='True', using_various_ranks_reverse=False, valid_metrics='mrr')
2024-12-10 12:40:40,872 INFO    : Snapshot:0	0	3	Epoch:0	Loss:91.268	MRR:22.64	Hits@10:42.62	Best:22.64
2024-12-10 12:40:57,335 INFO    : Snapshot:0	0	3	Epoch:1	Loss:17.198	MRR:24.74	Hits@10:45.16	Best:24.74
2024-12-10 12:41:13,425 INFO    : Snapshot:0	1	3	Epoch:2	Loss:7.016	MRR:23.93	Hits@10:44.13	Best:24.74
2024-12-10 12:41:29,577 INFO    : Snapshot:0	2	3	Epoch:3	Loss:4.7	MRR:23.72	Hits@10:43.5	Best:24.74
2024-12-10 12:41:46,026 INFO    : Early Stopping! Snapshot:0 Epoch: 4 Best Results: 24.74
2024-12-10 12:41:46,128 INFO    : => loading checkpoint './checkpoint/FB_CKGE\0model_best.tar'
2024-12-10 12:42:03,447 INFO    : 
+------------+-------+--------+--------+--------+---------+
| Snapshot:0 |  MRR  | Hits@1 | Hits@3 | Hits@5 | Hits@10 |
+------------+-------+--------+--------+--------+---------+
|     0      | 0.246 | 0.1419 | 0.2865 |  0.36  |  0.452  |
+------------+-------+--------+--------+--------+---------+
2024-12-10 12:42:16,308 INFO    : Snapshot:1	0	3	Epoch:0	Loss:9.87	MRR:11.54	Hits@10:21.15	Best:11.54
2024-12-10 12:42:20,273 INFO    : Snapshot:1	0	3	Epoch:1	Loss:2.639	MRR:13.41	Hits@10:25.28	Best:13.41
2024-12-10 12:42:24,319 INFO    : Snapshot:1	0	3	Epoch:2	Loss:1.781	MRR:14.54	Hits@10:27.29	Best:14.54
2024-12-10 12:42:28,490 INFO    : Snapshot:1	0	3	Epoch:3	Loss:1.434	MRR:14.95	Hits@10:28.39	Best:14.95
2024-12-10 12:42:32,647 INFO    : Snapshot:1	0	3	Epoch:4	Loss:1.242	MRR:15.34	Hits@10:29.14	Best:15.34
2024-12-10 12:42:36,785 INFO    : Snapshot:1	0	3	Epoch:5	Loss:1.08	MRR:15.49	Hits@10:29.51	Best:15.49
2024-12-10 12:42:40,879 INFO    : Snapshot:1	0	3	Epoch:6	Loss:0.995	MRR:15.77	Hits@10:30.21	Best:15.77
2024-12-10 12:42:44,988 INFO    : Snapshot:1	0	3	Epoch:7	Loss:0.923	MRR:15.86	Hits@10:30.27	Best:15.86
2024-12-10 12:42:49,144 INFO    : Snapshot:1	0	3	Epoch:8	Loss:0.89	MRR:16.26	Hits@10:30.59	Best:16.26
2024-12-10 12:42:53,235 INFO    : Snapshot:1	1	3	Epoch:9	Loss:0.821	MRR:16.16	Hits@10:30.72	Best:16.26
2024-12-10 12:42:57,422 INFO    : Snapshot:1	0	3	Epoch:10	Loss:0.803	MRR:16.38	Hits@10:30.86	Best:16.38
2024-12-10 12:43:01,625 INFO    : Snapshot:1	0	3	Epoch:11	Loss:0.761	MRR:16.39	Hits@10:30.8	Best:16.39
2024-12-10 12:43:05,789 INFO    : Snapshot:1	0	3	Epoch:12	Loss:0.735	MRR:16.47	Hits@10:31.3	Best:16.47
2024-12-10 12:43:10,081 INFO    : Snapshot:1	0	3	Epoch:13	Loss:0.712	MRR:16.59	Hits@10:31.58	Best:16.59
2024-12-10 12:43:14,333 INFO    : Snapshot:1	1	3	Epoch:14	Loss:0.693	MRR:16.48	Hits@10:31.07	Best:16.59
2024-12-10 12:43:18,546 INFO    : Snapshot:1	2	3	Epoch:15	Loss:0.677	MRR:16.56	Hits@10:31.48	Best:16.59
2024-12-10 12:43:22,684 INFO    : Snapshot:1	0	3	Epoch:16	Loss:0.653	MRR:16.75	Hits@10:31.27	Best:16.75
2024-12-10 12:43:26,803 INFO    : Snapshot:1	1	3	Epoch:17	Loss:0.643	MRR:16.72	Hits@10:31.18	Best:16.75
2024-12-10 12:43:31,002 INFO    : Snapshot:1	2	3	Epoch:18	Loss:0.624	MRR:16.71	Hits@10:31.47	Best:16.75
2024-12-10 12:43:35,164 INFO    : Snapshot:1	0	3	Epoch:19	Loss:0.611	MRR:16.79	Hits@10:31.63	Best:16.79
2024-12-10 12:43:39,288 INFO    : Snapshot:1	1	3	Epoch:20	Loss:0.6	MRR:16.79	Hits@10:31.87	Best:16.79
2024-12-10 12:43:43,383 INFO    : Snapshot:1	0	3	Epoch:21	Loss:0.596	MRR:16.84	Hits@10:31.51	Best:16.84
2024-12-10 12:43:47,868 INFO    : Snapshot:1	1	3	Epoch:22	Loss:0.596	MRR:16.65	Hits@10:31.24	Best:16.84
2024-12-10 12:43:52,291 INFO    : Snapshot:1	0	3	Epoch:23	Loss:0.581	MRR:16.94	Hits@10:31.6	Best:16.94
2024-12-10 12:43:56,497 INFO    : Snapshot:1	1	3	Epoch:24	Loss:0.557	MRR:16.74	Hits@10:31.55	Best:16.94
2024-12-10 12:44:01,081 INFO    : Snapshot:1	2	3	Epoch:25	Loss:0.569	MRR:16.84	Hits@10:31.79	Best:16.94
2024-12-10 12:44:05,248 INFO    : Early Stopping! Snapshot:1 Epoch: 26 Best Results: 16.94
2024-12-10 12:44:05,383 INFO    : => loading checkpoint './checkpoint/FB_CKGE\1model_best.tar'
2024-12-10 12:44:31,239 INFO    : 
+------------+--------+--------+--------+--------+---------+
| Snapshot:1 |  MRR   | Hits@1 | Hits@3 | Hits@5 | Hits@10 |
+------------+--------+--------+--------+--------+---------+
|     0      | 0.246  | 0.1419 | 0.2865 |  0.36  |  0.452  |
|     1      | 0.1754 | 0.1019 | 0.193  | 0.2463 |  0.3231 |
+------------+--------+--------+--------+--------+---------+
2024-12-10 12:44:43,808 INFO    : Snapshot:2	0	3	Epoch:0	Loss:7.002	MRR:17.42	Hits@10:30.92	Best:17.42
2024-12-10 12:44:48,470 INFO    : Snapshot:2	0	3	Epoch:1	Loss:2.917	MRR:17.61	Hits@10:31.18	Best:17.61
2024-12-10 12:44:52,957 INFO    : Snapshot:2	0	3	Epoch:2	Loss:2.462	MRR:17.84	Hits@10:31.46	Best:17.84
2024-12-10 12:44:57,404 INFO    : Snapshot:2	0	3	Epoch:3	Loss:2.255	MRR:17.91	Hits@10:31.88	Best:17.91
2024-12-10 12:45:02,112 INFO    : Snapshot:2	0	3	Epoch:4	Loss:2.154	MRR:18.07	Hits@10:31.85	Best:18.07
2024-12-10 12:45:06,645 INFO    : Snapshot:2	1	3	Epoch:5	Loss:2.083	MRR:18.0	Hits@10:31.94	Best:18.07
2024-12-10 12:45:11,166 INFO    : Snapshot:2	2	3	Epoch:6	Loss:2.024	MRR:18.0	Hits@10:31.99	Best:18.07
2024-12-10 12:45:15,683 INFO    : Early Stopping! Snapshot:2 Epoch: 7 Best Results: 18.07
2024-12-10 12:45:15,806 INFO    : => loading checkpoint './checkpoint/FB_CKGE\2model_best.tar'
2024-12-10 12:45:44,193 INFO    : 
+------------+--------+--------+--------+--------+---------+
| Snapshot:2 |  MRR   | Hits@1 | Hits@3 | Hits@5 | Hits@10 |
+------------+--------+--------+--------+--------+---------+
|     0      | 0.246  | 0.1419 | 0.2865 |  0.36  |  0.452  |
|     1      | 0.1754 | 0.1019 | 0.193  | 0.2463 |  0.3231 |
|     2      | 0.1785 | 0.107  | 0.1968 | 0.2465 |  0.3189 |
+------------+--------+--------+--------+--------+---------+
2024-12-10 12:45:56,665 INFO    : Snapshot:3	0	3	Epoch:0	Loss:5.016	MRR:18.88	Hits@10:32.79	Best:18.88
2024-12-10 12:46:01,651 INFO    : Snapshot:3	1	3	Epoch:1	Loss:3.124	MRR:18.85	Hits@10:32.73	Best:18.88
2024-12-10 12:46:06,464 INFO    : Snapshot:3	0	3	Epoch:2	Loss:2.885	MRR:18.9	Hits@10:32.79	Best:18.9
2024-12-10 12:46:11,201 INFO    : Snapshot:3	0	3	Epoch:3	Loss:2.791	MRR:18.94	Hits@10:32.88	Best:18.94
2024-12-10 12:46:15,982 INFO    : Snapshot:3	0	3	Epoch:4	Loss:2.745	MRR:18.98	Hits@10:32.84	Best:18.98
2024-12-10 12:46:20,734 INFO    : Snapshot:3	1	3	Epoch:5	Loss:2.717	MRR:18.94	Hits@10:33.01	Best:18.98
2024-12-10 12:46:25,669 INFO    : Snapshot:3	2	3	Epoch:6	Loss:2.712	MRR:18.91	Hits@10:32.97	Best:18.98
2024-12-10 12:46:30,684 INFO    : Early Stopping! Snapshot:3 Epoch: 7 Best Results: 18.98
2024-12-10 12:46:30,809 INFO    : => loading checkpoint './checkpoint/FB_CKGE\3model_best.tar'
2024-12-10 12:47:05,754 INFO    : 
+------------+--------+--------+--------+--------+---------+
| Snapshot:3 |  MRR   | Hits@1 | Hits@3 | Hits@5 | Hits@10 |
+------------+--------+--------+--------+--------+---------+
|     0      | 0.246  | 0.1419 | 0.2865 |  0.36  |  0.452  |
|     1      | 0.1754 | 0.1019 | 0.193  | 0.2463 |  0.3231 |
|     2      | 0.1785 | 0.107  | 0.1968 | 0.2465 |  0.3189 |
|     3      | 0.1869 | 0.1157 | 0.2099 | 0.2561 |  0.3244 |
+------------+--------+--------+--------+--------+---------+
2024-12-10 12:47:21,899 INFO    : Snapshot:4	0	3	Epoch:0	Loss:3.895	MRR:20.03	Hits@10:33.06	Best:20.03
2024-12-10 12:47:26,823 INFO    : Snapshot:4	0	3	Epoch:1	Loss:3.268	MRR:20.04	Hits@10:33.09	Best:20.04
2024-12-10 12:47:31,747 INFO    : Snapshot:4	1	3	Epoch:2	Loss:3.179	MRR:20.03	Hits@10:33.09	Best:20.04
2024-12-10 12:47:37,102 INFO    : Snapshot:4	0	3	Epoch:3	Loss:3.133	MRR:20.06	Hits@10:33.13	Best:20.06
2024-12-10 12:47:42,316 INFO    : Snapshot:4	1	3	Epoch:4	Loss:3.139	MRR:20.05	Hits@10:33.08	Best:20.06
2024-12-10 12:47:47,803 INFO    : Snapshot:4	2	3	Epoch:5	Loss:3.123	MRR:20.05	Hits@10:33.06	Best:20.06
2024-12-10 12:47:53,131 INFO    : Snapshot:4	0	3	Epoch:6	Loss:3.137	MRR:20.08	Hits@10:33.14	Best:20.08
2024-12-10 12:47:58,233 INFO    : Snapshot:4	0	3	Epoch:7	Loss:3.113	MRR:20.12	Hits@10:33.11	Best:20.12
2024-12-10 12:48:03,204 INFO    : Snapshot:4	1	3	Epoch:8	Loss:3.09	MRR:20.09	Hits@10:33.06	Best:20.12
2024-12-10 12:48:08,128 INFO    : Snapshot:4	2	3	Epoch:9	Loss:3.094	MRR:20.05	Hits@10:33.05	Best:20.12
2024-12-10 12:48:13,251 INFO    : Early Stopping! Snapshot:4 Epoch: 10 Best Results: 20.12
2024-12-10 12:48:13,377 INFO    : => loading checkpoint './checkpoint/FB_CKGE\4model_best.tar'
2024-12-10 12:48:52,604 INFO    : 
+------------+--------+--------+--------+--------+---------+
| Snapshot:4 |  MRR   | Hits@1 | Hits@3 | Hits@5 | Hits@10 |
+------------+--------+--------+--------+--------+---------+
|     0      | 0.246  | 0.1419 | 0.2865 |  0.36  |  0.452  |
|     1      | 0.1754 | 0.1019 | 0.193  | 0.2463 |  0.3231 |
|     2      | 0.1785 | 0.107  | 0.1968 | 0.2465 |  0.3189 |
|     3      | 0.1869 | 0.1157 | 0.2099 | 0.2561 |  0.3244 |
|     4      | 0.2153 | 0.135  | 0.2454 | 0.2989 |  0.3713 |
+------------+--------+--------+--------+--------+---------+
2024-12-10 12:48:52,606 INFO    : Final Result:
[+------------+-------+--------+--------+--------+---------+
| Snapshot:0 |  MRR  | Hits@1 | Hits@3 | Hits@5 | Hits@10 |
+------------+-------+--------+--------+--------+---------+
|     0      | 0.246 | 0.1419 | 0.2865 |  0.36  |  0.452  |
+------------+-------+--------+--------+--------+---------+, +------------+--------+--------+--------+--------+---------+
| Snapshot:1 |  MRR   | Hits@1 | Hits@3 | Hits@5 | Hits@10 |
+------------+--------+--------+--------+--------+---------+
|     0      | 0.246  | 0.1419 | 0.2865 |  0.36  |  0.452  |
|     1      | 0.1754 | 0.1019 | 0.193  | 0.2463 |  0.3231 |
+------------+--------+--------+--------+--------+---------+, +------------+--------+--------+--------+--------+---------+
| Snapshot:2 |  MRR   | Hits@1 | Hits@3 | Hits@5 | Hits@10 |
+------------+--------+--------+--------+--------+---------+
|     0      | 0.246  | 0.1419 | 0.2865 |  0.36  |  0.452  |
|     1      | 0.1754 | 0.1019 | 0.193  | 0.2463 |  0.3231 |
|     2      | 0.1785 | 0.107  | 0.1968 | 0.2465 |  0.3189 |
+------------+--------+--------+--------+--------+---------+, +------------+--------+--------+--------+--------+---------+
| Snapshot:3 |  MRR   | Hits@1 | Hits@3 | Hits@5 | Hits@10 |
+------------+--------+--------+--------+--------+---------+
|     0      | 0.246  | 0.1419 | 0.2865 |  0.36  |  0.452  |
|     1      | 0.1754 | 0.1019 | 0.193  | 0.2463 |  0.3231 |
|     2      | 0.1785 | 0.107  | 0.1968 | 0.2465 |  0.3189 |
|     3      | 0.1869 | 0.1157 | 0.2099 | 0.2561 |  0.3244 |
+------------+--------+--------+--------+--------+---------+, +------------+--------+--------+--------+--------+---------+
| Snapshot:4 |  MRR   | Hits@1 | Hits@3 | Hits@5 | Hits@10 |
+------------+--------+--------+--------+--------+---------+
|     0      | 0.246  | 0.1419 | 0.2865 |  0.36  |  0.452  |
|     1      | 0.1754 | 0.1019 | 0.193  | 0.2463 |  0.3231 |
|     2      | 0.1785 | 0.107  | 0.1968 | 0.2465 |  0.3189 |
|     3      | 0.1869 | 0.1157 | 0.2099 | 0.2561 |  0.3244 |
|     4      | 0.2153 | 0.135  | 0.2454 | 0.2989 |  0.3713 |
+------------+--------+--------+--------+--------+---------+]
2024-12-10 12:48:52,607 INFO    : Report Result:
+----------+--------------------+-----------+--------------+--------------+---------------+
| Snapshot |        Time        | Whole_MRR | Whole_Hits@1 | Whole_Hits@3 | Whole_Hits@10 |
+----------+--------------------+-----------+--------------+--------------+---------------+
|    0     | 84.68181586265564  |   0.246   |    0.142     |    0.286     |     0.452     |
|    1     | 116.23471975326538 |   0.236   |    0.136     |    0.273     |     0.434     |
|    2     | 39.501702308654785 |   0.229   |    0.133     |    0.264     |     0.419     |
|    3     | 41.514753580093384 |   0.224   |    0.131     |    0.258     |     0.409     |
|    4     | 59.77469038963318  |   0.223   |    0.131     |    0.256     |     0.405     |
+----------+--------------------+-----------+--------------+--------------+---------------+
2024-12-10 12:48:52,608 INFO    : Sum_Training_Time:341.70768189430237
2024-12-10 12:48:52,608 INFO    : Every_Training_Time:[84.68181586265564, 116.23471975326538, 39.501702308654785, 41.514753580093384, 59.77469038963318]
2024-12-10 12:48:52,608 INFO    : Forward transfer: 0.14895 Backward transfer: 0.0
