2025-01-07 18:30:04,745 INFO    : Namespace(batch_size=1024, data_path='./data/FB_CKGE/', dataset='FB_CKGE', debug=False, device=device(type='cuda', index=0), emb_dim=200, ent_r='200', epoch_num=200, explore=False, gpu='0', l2=0.0, learning_rate='1e-1', log_path='./logs/FB_CKGE 200 20 1e-1 1024/FB_CKGE 20250107182954', logger=<RootLogger root (INFO)>, margin=8.0, model_name='LoraKGE_Layers', multi_layers_path='train_sorted_by_edges_betweenness.txt', neg_ratio=10, note='', num_ent_layers='20', num_layer=1, num_rel_layers=20, patience='10', predict_result=False, r=100, r_fixed=True, random_seed=3407, record=False, rel_r='200', save_path='./checkpoint/FB_CKGE', skip_previous='False', snapshot_num=5, train_new=True, using_multi_layers=False, using_various_ranks='True', using_various_ranks_reverse=False, valid_metrics='mrr')
2025-01-07 18:30:24,043 INFO    : Snapshot:0	0	10	Epoch:0	Loss:91.268	MRR:22.64	Hits@10:42.62	Best:22.64
2025-01-07 18:30:40,366 INFO    : Snapshot:0	0	10	Epoch:1	Loss:17.198	MRR:24.74	Hits@10:45.16	Best:24.74
2025-01-07 18:30:56,688 INFO    : Snapshot:0	1	10	Epoch:2	Loss:7.016	MRR:23.93	Hits@10:44.13	Best:24.74
2025-01-07 18:31:12,896 INFO    : Snapshot:0	2	10	Epoch:3	Loss:4.7	MRR:23.72	Hits@10:43.5	Best:24.74
2025-01-07 18:31:29,080 INFO    : Snapshot:0	3	10	Epoch:4	Loss:3.835	MRR:23.61	Hits@10:43.1	Best:24.74
2025-01-07 18:31:44,939 INFO    : Snapshot:0	4	10	Epoch:5	Loss:3.294	MRR:23.12	Hits@10:42.63	Best:24.74
2025-01-07 18:32:00,809 INFO    : Snapshot:0	5	10	Epoch:6	Loss:2.964	MRR:22.72	Hits@10:42.29	Best:24.74
2025-01-07 18:32:17,274 INFO    : Snapshot:0	6	10	Epoch:7	Loss:2.812	MRR:22.95	Hits@10:42.05	Best:24.74
2025-01-07 18:32:33,560 INFO    : Snapshot:0	7	10	Epoch:8	Loss:2.617	MRR:22.88	Hits@10:42.14	Best:24.74
2025-01-07 18:32:49,397 INFO    : Snapshot:0	8	10	Epoch:9	Loss:2.475	MRR:22.7	Hits@10:42.03	Best:24.74
2025-01-07 18:33:05,653 INFO    : Snapshot:0	9	10	Epoch:10	Loss:2.352	MRR:22.56	Hits@10:41.52	Best:24.74
2025-01-07 18:33:21,598 INFO    : Early Stopping! Snapshot:0 Epoch: 11 Best Results: 24.74
2025-01-07 18:33:21,724 INFO    : => loading checkpoint './checkpoint/FB_CKGE\0model_best.tar'
2025-01-07 18:33:30,219 INFO    : 
+------------+-------+--------+--------+--------+---------+
| Snapshot:0 |  MRR  | Hits@1 | Hits@3 | Hits@5 | Hits@10 |
+------------+-------+--------+--------+--------+---------+
|     0      | 0.246 | 0.1419 | 0.2865 |  0.36  |  0.452  |
+------------+-------+--------+--------+--------+---------+
2025-01-07 18:33:40,599 INFO    : Snapshot:1	0	10	Epoch:0	Loss:10.064	MRR:11.27	Hits@10:20.64	Best:11.27
2025-01-07 18:33:44,914 INFO    : Snapshot:1	0	10	Epoch:1	Loss:2.829	MRR:12.99	Hits@10:24.6	Best:12.99
2025-01-07 18:33:49,162 INFO    : Snapshot:1	0	10	Epoch:2	Loss:1.91	MRR:14.1	Hits@10:26.7	Best:14.1
2025-01-07 18:33:53,375 INFO    : Snapshot:1	0	10	Epoch:3	Loss:1.551	MRR:14.64	Hits@10:27.59	Best:14.64
2025-01-07 18:33:57,605 INFO    : Snapshot:1	0	10	Epoch:4	Loss:1.323	MRR:15.04	Hits@10:28.63	Best:15.04
2025-01-07 18:34:01,854 INFO    : Snapshot:1	0	10	Epoch:5	Loss:1.153	MRR:15.19	Hits@10:28.53	Best:15.19
2025-01-07 18:34:06,237 INFO    : Snapshot:1	0	10	Epoch:6	Loss:1.09	MRR:15.39	Hits@10:29.11	Best:15.39
2025-01-07 18:34:10,632 INFO    : Snapshot:1	0	10	Epoch:7	Loss:0.992	MRR:15.82	Hits@10:29.4	Best:15.82
2025-01-07 18:34:15,052 INFO    : Snapshot:1	0	10	Epoch:8	Loss:0.938	MRR:16.0	Hits@10:30.11	Best:16.0
2025-01-07 18:34:19,434 INFO    : Snapshot:1	1	10	Epoch:9	Loss:0.886	MRR:15.97	Hits@10:30.18	Best:16.0
2025-01-07 18:34:23,838 INFO    : Snapshot:1	0	10	Epoch:10	Loss:0.864	MRR:16.04	Hits@10:30.51	Best:16.04
2025-01-07 18:34:28,261 INFO    : Snapshot:1	1	10	Epoch:11	Loss:0.791	MRR:15.97	Hits@10:30.26	Best:16.04
2025-01-07 18:34:32,648 INFO    : Snapshot:1	2	10	Epoch:12	Loss:0.768	MRR:16.02	Hits@10:30.5	Best:16.04
2025-01-07 18:34:36,983 INFO    : Snapshot:1	0	10	Epoch:13	Loss:0.749	MRR:16.23	Hits@10:30.89	Best:16.23
2025-01-07 18:34:41,556 INFO    : Snapshot:1	1	10	Epoch:14	Loss:0.73	MRR:16.07	Hits@10:30.25	Best:16.23
2025-01-07 18:34:45,914 INFO    : Snapshot:1	0	10	Epoch:15	Loss:0.718	MRR:16.42	Hits@10:30.82	Best:16.42
2025-01-07 18:34:50,285 INFO    : Snapshot:1	1	10	Epoch:16	Loss:0.7	MRR:16.42	Hits@10:31.15	Best:16.42
2025-01-07 18:34:54,592 INFO    : Snapshot:1	0	10	Epoch:17	Loss:0.663	MRR:16.55	Hits@10:30.76	Best:16.55
2025-01-07 18:34:58,929 INFO    : Snapshot:1	1	10	Epoch:18	Loss:0.656	MRR:16.51	Hits@10:30.99	Best:16.55
2025-01-07 18:35:03,361 INFO    : Snapshot:1	0	10	Epoch:19	Loss:0.633	MRR:16.65	Hits@10:31.22	Best:16.65
2025-01-07 18:35:07,725 INFO    : Snapshot:1	1	10	Epoch:20	Loss:0.646	MRR:16.65	Hits@10:30.89	Best:16.65
2025-01-07 18:35:12,014 INFO    : Snapshot:1	2	10	Epoch:21	Loss:0.619	MRR:16.51	Hits@10:30.9	Best:16.65
2025-01-07 18:35:16,344 INFO    : Snapshot:1	0	10	Epoch:22	Loss:0.608	MRR:16.78	Hits@10:31.25	Best:16.78
2025-01-07 18:35:20,736 INFO    : Snapshot:1	1	10	Epoch:23	Loss:0.601	MRR:16.44	Hits@10:31.15	Best:16.78
2025-01-07 18:35:25,166 INFO    : Snapshot:1	2	10	Epoch:24	Loss:0.598	MRR:16.61	Hits@10:31.15	Best:16.78
2025-01-07 18:35:29,557 INFO    : Snapshot:1	0	10	Epoch:25	Loss:0.58	MRR:16.82	Hits@10:31.36	Best:16.82
2025-01-07 18:35:33,942 INFO    : Snapshot:1	1	10	Epoch:26	Loss:0.583	MRR:16.65	Hits@10:31.35	Best:16.82
2025-01-07 18:35:38,232 INFO    : Snapshot:1	2	10	Epoch:27	Loss:0.573	MRR:16.78	Hits@10:31.37	Best:16.82
2025-01-07 18:35:42,462 INFO    : Snapshot:1	0	10	Epoch:28	Loss:0.551	MRR:16.86	Hits@10:31.5	Best:16.86
2025-01-07 18:35:46,744 INFO    : Snapshot:1	0	10	Epoch:29	Loss:0.561	MRR:17.02	Hits@10:31.53	Best:17.02
2025-01-07 18:35:50,962 INFO    : Snapshot:1	1	10	Epoch:30	Loss:0.55	MRR:16.93	Hits@10:31.75	Best:17.02
2025-01-07 18:35:55,125 INFO    : Snapshot:1	2	10	Epoch:31	Loss:0.55	MRR:16.79	Hits@10:31.68	Best:17.02
2025-01-07 18:35:59,223 INFO    : Snapshot:1	3	10	Epoch:32	Loss:0.533	MRR:17.0	Hits@10:32.05	Best:17.02
2025-01-07 18:36:03,361 INFO    : Snapshot:1	4	10	Epoch:33	Loss:0.556	MRR:17.02	Hits@10:31.93	Best:17.02
2025-01-07 18:36:07,760 INFO    : Snapshot:1	0	10	Epoch:34	Loss:0.53	MRR:17.05	Hits@10:32.02	Best:17.05
2025-01-07 18:36:12,215 INFO    : Snapshot:1	1	10	Epoch:35	Loss:0.528	MRR:16.98	Hits@10:32.0	Best:17.05
2025-01-07 18:36:16,593 INFO    : Snapshot:1	2	10	Epoch:36	Loss:0.532	MRR:16.91	Hits@10:31.88	Best:17.05
2025-01-07 18:36:21,083 INFO    : Snapshot:1	3	10	Epoch:37	Loss:0.525	MRR:16.97	Hits@10:31.89	Best:17.05
2025-01-07 18:36:25,479 INFO    : Snapshot:1	4	10	Epoch:38	Loss:0.526	MRR:16.95	Hits@10:31.99	Best:17.05
2025-01-07 18:36:29,921 INFO    : Snapshot:1	5	10	Epoch:39	Loss:0.518	MRR:16.92	Hits@10:31.76	Best:17.05
2025-01-07 18:36:34,541 INFO    : Snapshot:1	6	10	Epoch:40	Loss:0.521	MRR:16.84	Hits@10:31.59	Best:17.05
2025-01-07 18:36:38,959 INFO    : Snapshot:1	7	10	Epoch:41	Loss:0.51	MRR:16.97	Hits@10:32.05	Best:17.05
2025-01-07 18:36:43,469 INFO    : Snapshot:1	0	10	Epoch:42	Loss:0.496	MRR:17.09	Hits@10:32.11	Best:17.09
2025-01-07 18:36:47,877 INFO    : Snapshot:1	1	10	Epoch:43	Loss:0.489	MRR:17.09	Hits@10:32.05	Best:17.09
2025-01-07 18:36:52,377 INFO    : Snapshot:1	2	10	Epoch:44	Loss:0.483	MRR:17.06	Hits@10:32.55	Best:17.09
2025-01-07 18:36:56,756 INFO    : Snapshot:1	3	10	Epoch:45	Loss:0.484	MRR:16.87	Hits@10:32.1	Best:17.09
2025-01-07 18:37:01,120 INFO    : Snapshot:1	4	10	Epoch:46	Loss:0.484	MRR:16.8	Hits@10:32.05	Best:17.09
2025-01-07 18:37:05,386 INFO    : Snapshot:1	5	10	Epoch:47	Loss:0.483	MRR:16.96	Hits@10:32.15	Best:17.09
2025-01-07 18:37:09,758 INFO    : Snapshot:1	0	10	Epoch:48	Loss:0.488	MRR:17.18	Hits@10:32.35	Best:17.18
2025-01-07 18:37:14,051 INFO    : Snapshot:1	1	10	Epoch:49	Loss:0.494	MRR:16.99	Hits@10:32.23	Best:17.18
2025-01-07 18:37:18,314 INFO    : Snapshot:1	2	10	Epoch:50	Loss:0.48	MRR:17.01	Hits@10:32.01	Best:17.18
2025-01-07 18:37:22,683 INFO    : Snapshot:1	3	10	Epoch:51	Loss:0.49	MRR:16.93	Hits@10:32.17	Best:17.18
2025-01-07 18:37:26,890 INFO    : Snapshot:1	0	10	Epoch:52	Loss:0.485	MRR:17.23	Hits@10:32.04	Best:17.23
2025-01-07 18:37:31,291 INFO    : Snapshot:1	1	10	Epoch:53	Loss:0.477	MRR:17.06	Hits@10:32.22	Best:17.23
2025-01-07 18:37:35,538 INFO    : Snapshot:1	2	10	Epoch:54	Loss:0.468	MRR:17.06	Hits@10:32.18	Best:17.23
2025-01-07 18:37:39,844 INFO    : Snapshot:1	3	10	Epoch:55	Loss:0.468	MRR:17.18	Hits@10:32.42	Best:17.23
2025-01-07 18:37:44,091 INFO    : Snapshot:1	4	10	Epoch:56	Loss:0.459	MRR:17.07	Hits@10:32.34	Best:17.23
2025-01-07 18:37:48,523 INFO    : Snapshot:1	5	10	Epoch:57	Loss:0.472	MRR:17.0	Hits@10:31.84	Best:17.23
2025-01-07 18:37:52,895 INFO    : Snapshot:1	6	10	Epoch:58	Loss:0.475	MRR:17.03	Hits@10:32.28	Best:17.23
2025-01-07 18:37:57,187 INFO    : Snapshot:1	7	10	Epoch:59	Loss:0.468	MRR:17.08	Hits@10:32.24	Best:17.23
2025-01-07 18:38:01,447 INFO    : Snapshot:1	8	10	Epoch:60	Loss:0.461	MRR:17.09	Hits@10:31.92	Best:17.23
2025-01-07 18:38:05,893 INFO    : Snapshot:1	9	10	Epoch:61	Loss:0.458	MRR:17.09	Hits@10:32.22	Best:17.23
2025-01-07 18:38:10,292 INFO    : Early Stopping! Snapshot:1 Epoch: 62 Best Results: 17.23
2025-01-07 18:38:10,409 INFO    : => loading checkpoint './checkpoint/FB_CKGE\1model_best.tar'
2025-01-07 18:38:23,447 INFO    : 
+------------+--------+--------+--------+--------+---------+
| Snapshot:1 |  MRR   | Hits@1 | Hits@3 | Hits@5 | Hits@10 |
+------------+--------+--------+--------+--------+---------+
|     0      | 0.246  | 0.1419 | 0.2865 |  0.36  |  0.452  |
|     1      | 0.1814 | 0.1098 | 0.198  | 0.2484 |  0.3244 |
+------------+--------+--------+--------+--------+---------+
2025-01-07 18:38:34,334 INFO    : Snapshot:2	0	10	Epoch:0	Loss:7.129	MRR:17.45	Hits@10:31.05	Best:17.45
2025-01-07 18:38:39,191 INFO    : Snapshot:2	0	10	Epoch:1	Loss:3.029	MRR:17.75	Hits@10:31.48	Best:17.75
2025-01-07 18:38:43,974 INFO    : Snapshot:2	0	10	Epoch:2	Loss:2.552	MRR:17.82	Hits@10:31.68	Best:17.82
2025-01-07 18:38:48,813 INFO    : Snapshot:2	0	10	Epoch:3	Loss:2.32	MRR:17.92	Hits@10:32.06	Best:17.92
2025-01-07 18:38:53,624 INFO    : Snapshot:2	0	10	Epoch:4	Loss:2.235	MRR:18.05	Hits@10:32.07	Best:18.05
2025-01-07 18:38:58,436 INFO    : Snapshot:2	0	10	Epoch:5	Loss:2.141	MRR:18.14	Hits@10:32.18	Best:18.14
2025-01-07 18:39:03,338 INFO    : Snapshot:2	0	10	Epoch:6	Loss:2.082	MRR:18.15	Hits@10:32.25	Best:18.15
2025-01-07 18:39:08,238 INFO    : Snapshot:2	0	10	Epoch:7	Loss:2.032	MRR:18.19	Hits@10:32.41	Best:18.19
2025-01-07 18:39:13,066 INFO    : Snapshot:2	1	10	Epoch:8	Loss:1.991	MRR:18.13	Hits@10:32.35	Best:18.19
2025-01-07 18:39:17,798 INFO    : Snapshot:2	2	10	Epoch:9	Loss:1.968	MRR:18.14	Hits@10:32.3	Best:18.19
2025-01-07 18:39:22,636 INFO    : Snapshot:2	0	10	Epoch:10	Loss:1.934	MRR:18.28	Hits@10:32.38	Best:18.28
2025-01-07 18:39:27,521 INFO    : Snapshot:2	0	10	Epoch:11	Loss:1.922	MRR:18.29	Hits@10:32.31	Best:18.29
2025-01-07 18:39:32,332 INFO    : Snapshot:2	1	10	Epoch:12	Loss:1.892	MRR:18.28	Hits@10:32.49	Best:18.29
2025-01-07 18:39:37,038 INFO    : Snapshot:2	0	10	Epoch:13	Loss:1.906	MRR:18.3	Hits@10:32.36	Best:18.3
2025-01-07 18:39:41,737 INFO    : Snapshot:2	1	10	Epoch:14	Loss:1.875	MRR:18.2	Hits@10:32.35	Best:18.3
2025-01-07 18:39:46,497 INFO    : Snapshot:2	2	10	Epoch:15	Loss:1.867	MRR:18.22	Hits@10:32.47	Best:18.3
2025-01-07 18:39:51,131 INFO    : Snapshot:2	3	10	Epoch:16	Loss:1.862	MRR:18.28	Hits@10:32.43	Best:18.3
2025-01-07 18:39:55,858 INFO    : Snapshot:2	4	10	Epoch:17	Loss:1.843	MRR:18.28	Hits@10:32.46	Best:18.3
2025-01-07 18:40:00,652 INFO    : Snapshot:2	0	10	Epoch:18	Loss:1.842	MRR:18.34	Hits@10:32.47	Best:18.34
2025-01-07 18:40:05,411 INFO    : Snapshot:2	1	10	Epoch:19	Loss:1.834	MRR:18.31	Hits@10:32.45	Best:18.34
2025-01-07 18:40:10,193 INFO    : Snapshot:2	2	10	Epoch:20	Loss:1.825	MRR:18.26	Hits@10:32.51	Best:18.34
2025-01-07 18:40:14,957 INFO    : Snapshot:2	0	10	Epoch:21	Loss:1.82	MRR:18.37	Hits@10:32.47	Best:18.37
2025-01-07 18:40:19,721 INFO    : Snapshot:2	1	10	Epoch:22	Loss:1.803	MRR:18.32	Hits@10:32.59	Best:18.37
2025-01-07 18:40:24,559 INFO    : Snapshot:2	0	10	Epoch:23	Loss:1.82	MRR:18.38	Hits@10:32.4	Best:18.38
2025-01-07 18:40:29,237 INFO    : Snapshot:2	1	10	Epoch:24	Loss:1.806	MRR:18.32	Hits@10:32.42	Best:18.38
2025-01-07 18:40:33,892 INFO    : Snapshot:2	2	10	Epoch:25	Loss:1.805	MRR:18.25	Hits@10:32.3	Best:18.38
2025-01-07 18:40:38,718 INFO    : Snapshot:2	3	10	Epoch:26	Loss:1.775	MRR:18.34	Hits@10:32.47	Best:18.38
2025-01-07 18:40:43,494 INFO    : Snapshot:2	4	10	Epoch:27	Loss:1.792	MRR:18.37	Hits@10:32.37	Best:18.38
2025-01-07 18:40:48,284 INFO    : Snapshot:2	5	10	Epoch:28	Loss:1.78	MRR:18.35	Hits@10:32.66	Best:18.38
2025-01-07 18:40:53,117 INFO    : Snapshot:2	6	10	Epoch:29	Loss:1.794	MRR:18.38	Hits@10:32.47	Best:18.38
2025-01-07 18:40:57,943 INFO    : Snapshot:2	0	10	Epoch:30	Loss:1.777	MRR:18.44	Hits@10:32.69	Best:18.44
2025-01-07 18:41:02,692 INFO    : Snapshot:2	1	10	Epoch:31	Loss:1.764	MRR:18.42	Hits@10:32.55	Best:18.44
2025-01-07 18:41:07,448 INFO    : Snapshot:2	2	10	Epoch:32	Loss:1.777	MRR:18.32	Hits@10:32.47	Best:18.44
2025-01-07 18:41:12,097 INFO    : Snapshot:2	3	10	Epoch:33	Loss:1.768	MRR:18.3	Hits@10:32.41	Best:18.44
2025-01-07 18:41:16,832 INFO    : Snapshot:2	4	10	Epoch:34	Loss:1.744	MRR:18.25	Hits@10:32.51	Best:18.44
2025-01-07 18:41:21,636 INFO    : Snapshot:2	5	10	Epoch:35	Loss:1.762	MRR:18.35	Hits@10:32.46	Best:18.44
2025-01-07 18:41:26,690 INFO    : Snapshot:2	6	10	Epoch:36	Loss:1.758	MRR:18.32	Hits@10:32.46	Best:18.44
2025-01-07 18:41:31,499 INFO    : Snapshot:2	7	10	Epoch:37	Loss:1.75	MRR:18.28	Hits@10:32.55	Best:18.44
2025-01-07 18:41:36,263 INFO    : Snapshot:2	8	10	Epoch:38	Loss:1.755	MRR:18.32	Hits@10:32.52	Best:18.44
2025-01-07 18:41:41,037 INFO    : Snapshot:2	9	10	Epoch:39	Loss:1.747	MRR:18.26	Hits@10:32.68	Best:18.44
2025-01-07 18:41:45,832 INFO    : Early Stopping! Snapshot:2 Epoch: 40 Best Results: 18.44
2025-01-07 18:41:45,956 INFO    : => loading checkpoint './checkpoint/FB_CKGE\2model_best.tar'
2025-01-07 18:42:01,165 INFO    : 
+------------+--------+--------+--------+--------+---------+
| Snapshot:2 |  MRR   | Hits@1 | Hits@3 | Hits@5 | Hits@10 |
+------------+--------+--------+--------+--------+---------+
|     0      | 0.246  | 0.1419 | 0.2865 |  0.36  |  0.452  |
|     1      | 0.1814 | 0.1098 | 0.198  | 0.2484 |  0.3244 |
|     2      | 0.1849 | 0.1123 | 0.2064 | 0.2529 |  0.326  |
+------------+--------+--------+--------+--------+---------+
2025-01-07 18:42:12,661 INFO    : Snapshot:3	0	10	Epoch:0	Loss:5.051	MRR:19.16	Hits@10:33.14	Best:19.16
2025-01-07 18:42:17,785 INFO    : Snapshot:3	0	10	Epoch:1	Loss:3.154	MRR:19.21	Hits@10:33.36	Best:19.21
2025-01-07 18:42:22,988 INFO    : Snapshot:3	0	10	Epoch:2	Loss:2.929	MRR:19.23	Hits@10:33.43	Best:19.23
2025-01-07 18:42:28,065 INFO    : Snapshot:3	0	10	Epoch:3	Loss:2.825	MRR:19.3	Hits@10:33.53	Best:19.3
2025-01-07 18:42:33,113 INFO    : Snapshot:3	0	10	Epoch:4	Loss:2.752	MRR:19.32	Hits@10:33.48	Best:19.32
2025-01-07 18:42:38,233 INFO    : Snapshot:3	0	10	Epoch:5	Loss:2.726	MRR:19.34	Hits@10:33.51	Best:19.34
2025-01-07 18:42:43,259 INFO    : Snapshot:3	1	10	Epoch:6	Loss:2.698	MRR:19.32	Hits@10:33.62	Best:19.34
2025-01-07 18:42:48,315 INFO    : Snapshot:3	2	10	Epoch:7	Loss:2.703	MRR:19.28	Hits@10:33.49	Best:19.34
2025-01-07 18:42:53,422 INFO    : Snapshot:3	3	10	Epoch:8	Loss:2.675	MRR:19.33	Hits@10:33.66	Best:19.34
2025-01-07 18:42:58,518 INFO    : Snapshot:3	4	10	Epoch:9	Loss:2.668	MRR:19.32	Hits@10:33.6	Best:19.34
2025-01-07 18:43:03,581 INFO    : Snapshot:3	5	10	Epoch:10	Loss:2.659	MRR:19.27	Hits@10:33.58	Best:19.34
2025-01-07 18:43:08,632 INFO    : Snapshot:3	6	10	Epoch:11	Loss:2.658	MRR:19.17	Hits@10:33.59	Best:19.34
2025-01-07 18:43:13,685 INFO    : Snapshot:3	7	10	Epoch:12	Loss:2.657	MRR:19.27	Hits@10:33.46	Best:19.34
2025-01-07 18:43:18,556 INFO    : Snapshot:3	8	10	Epoch:13	Loss:2.629	MRR:19.24	Hits@10:33.54	Best:19.34
2025-01-07 18:43:23,485 INFO    : Snapshot:3	9	10	Epoch:14	Loss:2.612	MRR:19.3	Hits@10:33.65	Best:19.34
2025-01-07 18:43:28,705 INFO    : Early Stopping! Snapshot:3 Epoch: 15 Best Results: 19.34
2025-01-07 18:43:28,828 INFO    : => loading checkpoint './checkpoint/FB_CKGE\3model_best.tar'
2025-01-07 18:43:47,257 INFO    : 
+------------+--------+--------+--------+--------+---------+
| Snapshot:3 |  MRR   | Hits@1 | Hits@3 | Hits@5 | Hits@10 |
+------------+--------+--------+--------+--------+---------+
|     0      | 0.246  | 0.1419 | 0.2865 |  0.36  |  0.452  |
|     1      | 0.1814 | 0.1098 | 0.198  | 0.2484 |  0.3244 |
|     2      | 0.1849 | 0.1123 | 0.2064 | 0.2529 |  0.326  |
|     3      | 0.1942 | 0.1207 | 0.2182 | 0.2672 |  0.3348 |
+------------+--------+--------+--------+--------+---------+
2025-01-07 18:43:59,533 INFO    : Snapshot:4	0	10	Epoch:0	Loss:3.879	MRR:20.41	Hits@10:33.71	Best:20.41
2025-01-07 18:44:04,748 INFO    : Snapshot:4	0	10	Epoch:1	Loss:3.268	MRR:20.44	Hits@10:33.72	Best:20.44
2025-01-07 18:44:09,997 INFO    : Snapshot:4	1	10	Epoch:2	Loss:3.172	MRR:20.43	Hits@10:33.73	Best:20.44
2025-01-07 18:44:15,210 INFO    : Snapshot:4	0	10	Epoch:3	Loss:3.158	MRR:20.45	Hits@10:33.71	Best:20.45
2025-01-07 18:44:20,503 INFO    : Snapshot:4	1	10	Epoch:4	Loss:3.137	MRR:20.42	Hits@10:33.7	Best:20.45
2025-01-07 18:44:25,743 INFO    : Snapshot:4	2	10	Epoch:5	Loss:3.13	MRR:20.42	Hits@10:33.76	Best:20.45
2025-01-07 18:44:30,990 INFO    : Snapshot:4	3	10	Epoch:6	Loss:3.114	MRR:20.45	Hits@10:33.72	Best:20.45
2025-01-07 18:44:36,107 INFO    : Snapshot:4	4	10	Epoch:7	Loss:3.133	MRR:20.43	Hits@10:33.69	Best:20.45
2025-01-07 18:44:41,293 INFO    : Snapshot:4	5	10	Epoch:8	Loss:3.112	MRR:20.44	Hits@10:33.71	Best:20.45
2025-01-07 18:44:46,425 INFO    : Snapshot:4	0	10	Epoch:9	Loss:3.103	MRR:20.46	Hits@10:33.7	Best:20.46
2025-01-07 18:44:51,632 INFO    : Snapshot:4	0	10	Epoch:10	Loss:3.079	MRR:20.47	Hits@10:33.74	Best:20.47
2025-01-07 18:44:56,824 INFO    : Snapshot:4	1	10	Epoch:11	Loss:3.083	MRR:20.44	Hits@10:33.71	Best:20.47
2025-01-07 18:45:01,925 INFO    : Snapshot:4	2	10	Epoch:12	Loss:3.077	MRR:20.45	Hits@10:33.75	Best:20.47
2025-01-07 18:45:07,090 INFO    : Snapshot:4	3	10	Epoch:13	Loss:3.094	MRR:20.45	Hits@10:33.73	Best:20.47
2025-01-07 18:45:12,491 INFO    : Snapshot:4	4	10	Epoch:14	Loss:3.098	MRR:20.46	Hits@10:33.77	Best:20.47
2025-01-07 18:45:17,658 INFO    : Snapshot:4	5	10	Epoch:15	Loss:3.111	MRR:20.44	Hits@10:33.75	Best:20.47
2025-01-07 18:45:22,758 INFO    : Snapshot:4	6	10	Epoch:16	Loss:3.089	MRR:20.45	Hits@10:33.7	Best:20.47
2025-01-07 18:45:27,875 INFO    : Snapshot:4	7	10	Epoch:17	Loss:3.101	MRR:20.44	Hits@10:33.68	Best:20.47
2025-01-07 18:45:32,993 INFO    : Snapshot:4	8	10	Epoch:18	Loss:3.089	MRR:20.46	Hits@10:33.74	Best:20.47
2025-01-07 18:45:38,059 INFO    : Snapshot:4	9	10	Epoch:19	Loss:3.102	MRR:20.46	Hits@10:33.74	Best:20.47
2025-01-07 18:45:43,157 INFO    : Early Stopping! Snapshot:4 Epoch: 20 Best Results: 20.47
2025-01-07 18:45:43,320 INFO    : => loading checkpoint './checkpoint/FB_CKGE\4model_best.tar'
2025-01-07 18:46:05,148 INFO    : 
+------------+--------+--------+--------+--------+---------+
| Snapshot:4 |  MRR   | Hits@1 | Hits@3 | Hits@5 | Hits@10 |
+------------+--------+--------+--------+--------+---------+
|     0      | 0.246  | 0.1419 | 0.2865 |  0.36  |  0.452  |
|     1      | 0.1814 | 0.1098 | 0.198  | 0.2484 |  0.3244 |
|     2      | 0.1849 | 0.1123 | 0.2064 | 0.2529 |  0.326  |
|     3      | 0.1942 | 0.1207 | 0.2182 | 0.2672 |  0.3348 |
|     4      | 0.2157 | 0.1329 | 0.2462 | 0.303  |  0.3776 |
+------------+--------+--------+--------+--------+---------+
2025-01-07 18:46:05,148 INFO    : Final Result:
[+------------+-------+--------+--------+--------+---------+
| Snapshot:0 |  MRR  | Hits@1 | Hits@3 | Hits@5 | Hits@10 |
+------------+-------+--------+--------+--------+---------+
|     0      | 0.246 | 0.1419 | 0.2865 |  0.36  |  0.452  |
+------------+-------+--------+--------+--------+---------+, +------------+--------+--------+--------+--------+---------+
| Snapshot:1 |  MRR   | Hits@1 | Hits@3 | Hits@5 | Hits@10 |
+------------+--------+--------+--------+--------+---------+
|     0      | 0.246  | 0.1419 | 0.2865 |  0.36  |  0.452  |
|     1      | 0.1814 | 0.1098 | 0.198  | 0.2484 |  0.3244 |
+------------+--------+--------+--------+--------+---------+, +------------+--------+--------+--------+--------+---------+
| Snapshot:2 |  MRR   | Hits@1 | Hits@3 | Hits@5 | Hits@10 |
+------------+--------+--------+--------+--------+---------+
|     0      | 0.246  | 0.1419 | 0.2865 |  0.36  |  0.452  |
|     1      | 0.1814 | 0.1098 | 0.198  | 0.2484 |  0.3244 |
|     2      | 0.1849 | 0.1123 | 0.2064 | 0.2529 |  0.326  |
+------------+--------+--------+--------+--------+---------+, +------------+--------+--------+--------+--------+---------+
| Snapshot:3 |  MRR   | Hits@1 | Hits@3 | Hits@5 | Hits@10 |
+------------+--------+--------+--------+--------+---------+
|     0      | 0.246  | 0.1419 | 0.2865 |  0.36  |  0.452  |
|     1      | 0.1814 | 0.1098 | 0.198  | 0.2484 |  0.3244 |
|     2      | 0.1849 | 0.1123 | 0.2064 | 0.2529 |  0.326  |
|     3      | 0.1942 | 0.1207 | 0.2182 | 0.2672 |  0.3348 |
+------------+--------+--------+--------+--------+---------+, +------------+--------+--------+--------+--------+---------+
| Snapshot:4 |  MRR   | Hits@1 | Hits@3 | Hits@5 | Hits@10 |
+------------+--------+--------+--------+--------+---------+
|     0      | 0.246  | 0.1419 | 0.2865 |  0.36  |  0.452  |
|     1      | 0.1814 | 0.1098 | 0.198  | 0.2484 |  0.3244 |
|     2      | 0.1849 | 0.1123 | 0.2064 | 0.2529 |  0.326  |
|     3      | 0.1942 | 0.1207 | 0.2182 | 0.2672 |  0.3348 |
|     4      | 0.2157 | 0.1329 | 0.2462 | 0.303  |  0.3776 |
+------------+--------+--------+--------+--------+---------+]
2025-01-07 18:46:05,148 INFO    : Report Result:
+----------+--------------------+-----------+--------------+--------------+---------------+
| Snapshot |        Time        | Whole_MRR | Whole_Hits@1 | Whole_Hits@3 | Whole_Hits@10 |
+----------+--------------------+-----------+--------------+--------------+---------------+
|    0     | 196.85377430915833 |   0.246   |    0.142     |    0.286     |     0.452     |
|    1     | 277.1746151447296  |   0.237   |    0.137     |    0.274     |     0.434     |
|    2     | 199.51416420936584 |    0.23   |    0.134     |    0.265     |      0.42     |
|    3     | 84.24745917320251  |   0.226   |    0.133     |     0.26     |     0.411     |
|    4     | 112.01279854774475 |   0.225   |    0.133     |    0.259     |     0.407     |
+----------+--------------------+-----------+--------------+--------------+---------------+
2025-01-07 18:46:05,148 INFO    : Sum_Training_Time:869.802811384201
2025-01-07 18:46:05,148 INFO    : Every_Training_Time:[196.85377430915833, 277.1746151447296, 199.51416420936584, 84.24745917320251, 112.01279854774475]
2025-01-07 18:46:05,148 INFO    : Forward transfer: 0.15107500000000001 Backward transfer: 0.0
