2024-09-19 11:10:29,153 INFO    : Namespace(batch_size='512', data_path='./data/HYBRID/', dataset='HYBRID', debug=False, device=device(type='cuda', index=0), emb_dim=200, ent_r='150', epoch_num=200, explore=False, gpu='0', l2=0.0, learning_rate='1e-1', log_path='./logs/20240919111021/HYBRID', logger=<RootLogger root (INFO)>, margin=8.0, model_name='LoraKGE_Layers', multi_layers_path='train_sorted_by_edges_betweenness.txt', neg_ratio=10, note='', num_ent_layers='2', num_layer=1, num_rel_layers='1', patience=3, predict_result=False, r=100, r_fixed=True, random_seed=3407, record=False, rel_r='20', save_path='./checkpoint/HYBRID', skip_previous='False', snapshot_num=5, train_new=True, using_multi_layers=False, using_various_ranks='True', using_various_ranks_reverse=False, valid_metrics='mrr')
2024-09-19 11:10:36,804 INFO    : Snapshot:0	0	3	Epoch:0	Loss:69.018	MRR:18.39	Hits@10:34.45	Best:18.39
2024-09-19 11:10:42,427 INFO    : Snapshot:0	0	3	Epoch:1	Loss:27.145	MRR:24.32	Hits@10:43.13	Best:24.32
2024-09-19 11:10:48,024 INFO    : Snapshot:0	0	3	Epoch:2	Loss:11.253	MRR:25.12	Hits@10:44.52	Best:25.12
2024-09-19 11:10:53,506 INFO    : Snapshot:0	1	3	Epoch:3	Loss:6.009	MRR:24.97	Hits@10:44.49	Best:25.12
2024-09-19 11:10:58,984 INFO    : Snapshot:0	2	3	Epoch:4	Loss:3.952	MRR:24.95	Hits@10:44.55	Best:25.12
2024-09-19 11:11:04,646 INFO    : Early Stopping! Snapshot:0 Epoch: 5 Best Results: 25.12
2024-09-19 11:11:04,739 INFO    : => loading checkpoint './checkpoint/HYBRID\0model_best.tar'
2024-09-19 11:11:08,086 INFO    : 
+------------+-------+--------+--------+--------+---------+
| Snapshot:0 |  MRR  | Hits@1 | Hits@3 | Hits@5 | Hits@10 |
+------------+-------+--------+--------+--------+---------+
|     0      | 0.254 | 0.1533 | 0.306  | 0.3663 |  0.4388 |
+------------+-------+--------+--------+--------+---------+
2024-09-19 11:11:14,474 INFO    : Snapshot:1	0	3	Epoch:0	Loss:13.439	MRR:22.11	Hits@10:39.46	Best:22.11
2024-09-19 11:11:16,772 INFO    : Snapshot:1	0	3	Epoch:1	Loss:6.957	MRR:24.0	Hits@10:43.54	Best:24.0
2024-09-19 11:11:19,120 INFO    : Snapshot:1	0	3	Epoch:2	Loss:6.029	MRR:25.18	Hits@10:44.9	Best:25.18
2024-09-19 11:11:21,487 INFO    : Snapshot:1	0	3	Epoch:3	Loss:5.568	MRR:25.61	Hits@10:45.34	Best:25.61
2024-09-19 11:11:23,802 INFO    : Snapshot:1	0	3	Epoch:4	Loss:5.36	MRR:26.73	Hits@10:46.17	Best:26.73
2024-09-19 11:11:26,019 INFO    : Snapshot:1	0	3	Epoch:5	Loss:5.189	MRR:26.85	Hits@10:46.42	Best:26.85
2024-09-19 11:11:28,189 INFO    : Snapshot:1	1	3	Epoch:6	Loss:5.062	MRR:26.77	Hits@10:46.49	Best:26.85
2024-09-19 11:11:30,422 INFO    : Snapshot:1	0	3	Epoch:7	Loss:4.982	MRR:27.23	Hits@10:46.92	Best:27.23
2024-09-19 11:11:32,779 INFO    : Snapshot:1	1	3	Epoch:8	Loss:4.917	MRR:26.95	Hits@10:47.01	Best:27.23
2024-09-19 11:11:34,987 INFO    : Snapshot:1	0	3	Epoch:9	Loss:4.873	MRR:27.47	Hits@10:47.04	Best:27.47
2024-09-19 11:11:37,191 INFO    : Snapshot:1	1	3	Epoch:10	Loss:4.803	MRR:27.33	Hits@10:46.8	Best:27.47
2024-09-19 11:11:39,405 INFO    : Snapshot:1	0	3	Epoch:11	Loss:4.76	MRR:27.59	Hits@10:47.31	Best:27.59
2024-09-19 11:11:41,598 INFO    : Snapshot:1	1	3	Epoch:12	Loss:4.711	MRR:27.52	Hits@10:47.32	Best:27.59
2024-09-19 11:11:43,793 INFO    : Snapshot:1	2	3	Epoch:13	Loss:4.73	MRR:27.38	Hits@10:47.2	Best:27.59
2024-09-19 11:11:46,026 INFO    : Early Stopping! Snapshot:1 Epoch: 14 Best Results: 27.59
2024-09-19 11:11:46,119 INFO    : => loading checkpoint './checkpoint/HYBRID\1model_best.tar'
2024-09-19 11:11:50,703 INFO    : 
+------------+--------+--------+--------+--------+---------+
| Snapshot:1 |  MRR   | Hits@1 | Hits@3 | Hits@5 | Hits@10 |
+------------+--------+--------+--------+--------+---------+
|     0      | 0.254  | 0.1533 | 0.306  | 0.3663 |  0.4388 |
|     1      | 0.2647 | 0.1655 | 0.3046 | 0.3728 |  0.4598 |
+------------+--------+--------+--------+--------+---------+
2024-09-19 11:12:12,237 INFO    : Snapshot:2	0	3	Epoch:0	Loss:45.924	MRR:15.09	Hits@10:28.21	Best:15.09
2024-09-19 11:12:24,220 INFO    : Snapshot:2	0	3	Epoch:1	Loss:32.24	MRR:16.26	Hits@10:30.02	Best:16.26
2024-09-19 11:12:36,558 INFO    : Snapshot:2	0	3	Epoch:2	Loss:30.121	MRR:16.88	Hits@10:30.86	Best:16.88
2024-09-19 11:12:48,811 INFO    : Snapshot:2	0	3	Epoch:3	Loss:29.113	MRR:17.3	Hits@10:31.57	Best:17.3
2024-09-19 11:13:01,027 INFO    : Snapshot:2	0	3	Epoch:4	Loss:28.47	MRR:17.93	Hits@10:32.27	Best:17.93
2024-09-19 11:13:13,188 INFO    : Snapshot:2	0	3	Epoch:5	Loss:28.04	MRR:17.95	Hits@10:32.36	Best:17.95
2024-09-19 11:13:25,196 INFO    : Snapshot:2	0	3	Epoch:6	Loss:27.7	MRR:18.32	Hits@10:32.61	Best:18.32
2024-09-19 11:13:37,434 INFO    : Snapshot:2	1	3	Epoch:7	Loss:27.384	MRR:18.13	Hits@10:32.45	Best:18.32
2024-09-19 11:13:49,935 INFO    : Snapshot:2	0	3	Epoch:8	Loss:27.219	MRR:18.39	Hits@10:32.86	Best:18.39
2024-09-19 11:14:01,977 INFO    : Snapshot:2	0	3	Epoch:9	Loss:26.995	MRR:18.72	Hits@10:33.04	Best:18.72
2024-09-19 11:14:13,835 INFO    : Snapshot:2	1	3	Epoch:10	Loss:26.962	MRR:18.62	Hits@10:33.25	Best:18.72
2024-09-19 11:14:25,785 INFO    : Snapshot:2	2	3	Epoch:11	Loss:26.761	MRR:18.72	Hits@10:33.17	Best:18.72
2024-09-19 11:14:37,552 INFO    : Early Stopping! Snapshot:2 Epoch: 12 Best Results: 18.72
2024-09-19 11:14:37,640 INFO    : => loading checkpoint './checkpoint/HYBRID\2model_best.tar'
2024-09-19 11:14:49,345 INFO    : 
+------------+--------+--------+--------+--------+---------+
| Snapshot:2 |  MRR   | Hits@1 | Hits@3 | Hits@5 | Hits@10 |
+------------+--------+--------+--------+--------+---------+
|     0      | 0.254  | 0.1533 | 0.306  | 0.3663 |  0.4388 |
|     1      | 0.2647 | 0.1655 | 0.3046 | 0.3728 |  0.4598 |
|     2      | 0.186  | 0.1124 | 0.2096 | 0.2597 |  0.3289 |
+------------+--------+--------+--------+--------+---------+
2024-09-19 11:15:17,123 INFO    : Snapshot:3	0	3	Epoch:0	Loss:52.951	MRR:14.95	Hits@10:28.39	Best:14.95
2024-09-19 11:15:32,383 INFO    : Snapshot:3	0	3	Epoch:1	Loss:41.437	MRR:15.84	Hits@10:29.91	Best:15.84
2024-09-19 11:15:47,672 INFO    : Snapshot:3	0	3	Epoch:2	Loss:40.048	MRR:16.03	Hits@10:30.48	Best:16.03
2024-09-19 11:16:02,823 INFO    : Snapshot:3	0	3	Epoch:3	Loss:39.278	MRR:16.15	Hits@10:30.64	Best:16.15
2024-09-19 11:16:17,960 INFO    : Snapshot:3	0	3	Epoch:4	Loss:38.838	MRR:16.6	Hits@10:31.17	Best:16.6
2024-09-19 11:16:33,281 INFO    : Snapshot:3	0	3	Epoch:5	Loss:38.553	MRR:16.88	Hits@10:31.48	Best:16.88
2024-09-19 11:16:48,678 INFO    : Snapshot:3	0	3	Epoch:6	Loss:38.29	MRR:16.95	Hits@10:31.68	Best:16.95
2024-09-19 11:17:04,106 INFO    : Snapshot:3	1	3	Epoch:7	Loss:38.139	MRR:16.8	Hits@10:31.44	Best:16.95
2024-09-19 11:17:19,706 INFO    : Snapshot:3	2	3	Epoch:8	Loss:37.999	MRR:16.95	Hits@10:31.51	Best:16.95
2024-09-19 11:17:34,877 INFO    : Snapshot:3	0	3	Epoch:9	Loss:37.836	MRR:17.0	Hits@10:31.64	Best:17.0
2024-09-19 11:17:49,862 INFO    : Snapshot:3	1	3	Epoch:10	Loss:37.665	MRR:16.93	Hits@10:31.62	Best:17.0
2024-09-19 11:18:04,926 INFO    : Snapshot:3	2	3	Epoch:11	Loss:37.579	MRR:16.97	Hits@10:31.7	Best:17.0
2024-09-19 11:18:20,384 INFO    : Snapshot:3	0	3	Epoch:12	Loss:37.566	MRR:17.03	Hits@10:31.64	Best:17.03
2024-09-19 11:18:36,331 INFO    : Snapshot:3	0	3	Epoch:13	Loss:37.463	MRR:17.07	Hits@10:31.71	Best:17.07
2024-09-19 11:18:52,056 INFO    : Snapshot:3	1	3	Epoch:14	Loss:37.394	MRR:16.92	Hits@10:31.68	Best:17.07
2024-09-19 11:19:07,300 INFO    : Snapshot:3	0	3	Epoch:15	Loss:37.25	MRR:17.08	Hits@10:31.72	Best:17.08
2024-09-19 11:19:22,489 INFO    : Snapshot:3	0	3	Epoch:16	Loss:37.243	MRR:17.27	Hits@10:31.73	Best:17.27
2024-09-19 11:19:37,543 INFO    : Snapshot:3	1	3	Epoch:17	Loss:37.276	MRR:17.14	Hits@10:31.78	Best:17.27
2024-09-19 11:19:53,283 INFO    : Snapshot:3	2	3	Epoch:18	Loss:37.111	MRR:17.16	Hits@10:31.88	Best:17.27
2024-09-19 11:20:08,699 INFO    : Early Stopping! Snapshot:3 Epoch: 19 Best Results: 17.27
2024-09-19 11:20:08,805 INFO    : => loading checkpoint './checkpoint/HYBRID\3model_best.tar'
2024-09-19 11:20:30,663 INFO    : 
+------------+--------+--------+--------+--------+---------+
| Snapshot:3 |  MRR   | Hits@1 | Hits@3 | Hits@5 | Hits@10 |
+------------+--------+--------+--------+--------+---------+
|     0      | 0.254  | 0.1533 | 0.306  | 0.3663 |  0.4388 |
|     1      | 0.2647 | 0.1655 | 0.3046 | 0.3728 |  0.4598 |
|     2      | 0.186  | 0.1124 | 0.2096 | 0.2597 |  0.3289 |
|     3      | 0.1727 | 0.0942 | 0.2062 | 0.2572 |  0.322  |
+------------+--------+--------+--------+--------+---------+
2024-09-19 11:20:43,206 INFO    : Snapshot:4	0	3	Epoch:0	Loss:26.848	MRR:14.64	Hits@10:24.34	Best:14.64
2024-09-19 11:20:49,262 INFO    : Snapshot:4	0	3	Epoch:1	Loss:23.306	MRR:15.4	Hits@10:24.88	Best:15.4
2024-09-19 11:20:55,014 INFO    : Snapshot:4	1	3	Epoch:2	Loss:22.971	MRR:15.21	Hits@10:25.0	Best:15.4
2024-09-19 11:21:00,839 INFO    : Snapshot:4	2	3	Epoch:3	Loss:22.867	MRR:15.29	Hits@10:25.04	Best:15.4
2024-09-19 11:21:06,959 INFO    : Early Stopping! Snapshot:4 Epoch: 4 Best Results: 15.4
2024-09-19 11:21:07,048 INFO    : => loading checkpoint './checkpoint/HYBRID\4model_best.tar'
2024-09-19 11:21:33,239 INFO    : 
+------------+--------+--------+--------+--------+---------+
| Snapshot:4 |  MRR   | Hits@1 | Hits@3 | Hits@5 | Hits@10 |
+------------+--------+--------+--------+--------+---------+
|     0      | 0.254  | 0.1533 | 0.306  | 0.3663 |  0.4388 |
|     1      | 0.2647 | 0.1655 | 0.3046 | 0.3728 |  0.4598 |
|     2      | 0.186  | 0.1124 | 0.2096 | 0.2597 |  0.3289 |
|     3      | 0.1727 | 0.0942 | 0.2062 | 0.2572 |  0.322  |
|     4      | 0.1542 | 0.1049 | 0.1682 | 0.1992 |  0.2467 |
+------------+--------+--------+--------+--------+---------+
2024-09-19 11:21:33,241 INFO    : Final Result:
[+------------+-------+--------+--------+--------+---------+
| Snapshot:0 |  MRR  | Hits@1 | Hits@3 | Hits@5 | Hits@10 |
+------------+-------+--------+--------+--------+---------+
|     0      | 0.254 | 0.1533 | 0.306  | 0.3663 |  0.4388 |
+------------+-------+--------+--------+--------+---------+, +------------+--------+--------+--------+--------+---------+
| Snapshot:1 |  MRR   | Hits@1 | Hits@3 | Hits@5 | Hits@10 |
+------------+--------+--------+--------+--------+---------+
|     0      | 0.254  | 0.1533 | 0.306  | 0.3663 |  0.4388 |
|     1      | 0.2647 | 0.1655 | 0.3046 | 0.3728 |  0.4598 |
+------------+--------+--------+--------+--------+---------+, +------------+--------+--------+--------+--------+---------+
| Snapshot:2 |  MRR   | Hits@1 | Hits@3 | Hits@5 | Hits@10 |
+------------+--------+--------+--------+--------+---------+
|     0      | 0.254  | 0.1533 | 0.306  | 0.3663 |  0.4388 |
|     1      | 0.2647 | 0.1655 | 0.3046 | 0.3728 |  0.4598 |
|     2      | 0.186  | 0.1124 | 0.2096 | 0.2597 |  0.3289 |
+------------+--------+--------+--------+--------+---------+, +------------+--------+--------+--------+--------+---------+
| Snapshot:3 |  MRR   | Hits@1 | Hits@3 | Hits@5 | Hits@10 |
+------------+--------+--------+--------+--------+---------+
|     0      | 0.254  | 0.1533 | 0.306  | 0.3663 |  0.4388 |
|     1      | 0.2647 | 0.1655 | 0.3046 | 0.3728 |  0.4598 |
|     2      | 0.186  | 0.1124 | 0.2096 | 0.2597 |  0.3289 |
|     3      | 0.1727 | 0.0942 | 0.2062 | 0.2572 |  0.322  |
+------------+--------+--------+--------+--------+---------+, +------------+--------+--------+--------+--------+---------+
| Snapshot:4 |  MRR   | Hits@1 | Hits@3 | Hits@5 | Hits@10 |
+------------+--------+--------+--------+--------+---------+
|     0      | 0.254  | 0.1533 | 0.306  | 0.3663 |  0.4388 |
|     1      | 0.2647 | 0.1655 | 0.3046 | 0.3728 |  0.4598 |
|     2      | 0.186  | 0.1124 | 0.2096 | 0.2597 |  0.3289 |
|     3      | 0.1727 | 0.0942 | 0.2062 | 0.2572 |  0.322  |
|     4      | 0.1542 | 0.1049 | 0.1682 | 0.1992 |  0.2467 |
+------------+--------+--------+--------+--------+---------+]
2024-09-19 11:21:33,242 INFO    : Report Result:
+----------+--------------------+-----------+--------------+--------------+---------------+
| Snapshot |        Time        | Whole_MRR | Whole_Hits@1 | Whole_Hits@3 | Whole_Hits@10 |
+----------+--------------------+-----------+--------------+--------------+---------------+
|    0     | 35.49183464050293  |   0.254   |    0.153     |    0.306     |     0.439     |
|    1     | 36.10308504104614  |   0.257   |    0.157     |    0.306     |     0.444     |
|    2     | 159.8007309436798  |   0.219   |    0.133     |    0.255     |     0.383     |
|    3     | 309.63531851768494 |   0.202   |    0.118     |    0.236     |      0.36     |
|    4     | 32.10269236564636  |   0.195   |    0.117     |    0.227     |     0.345     |
+----------+--------------------+-----------+--------------+--------------+---------------+
2024-09-19 11:21:33,242 INFO    : Sum_Training_Time:573.1336615085602
2024-09-19 11:21:33,242 INFO    : Every_Training_Time:[35.49183464050293, 36.10308504104614, 159.8007309436798, 309.63531851768494, 32.10269236564636]
2024-09-19 11:21:33,242 INFO    : Forward transfer: 0.0368 Backward transfer: 0.0
