2025-01-14 11:10:23,813 INFO    : Namespace(batch_size=1024, data_path='./data/HYBRID/', dataset='HYBRID', debug=False, device=device(type='cuda', index=0), emb_dim=200, ent_r='200', epoch_num=200, explore=False, gpu='0', l2=0.0, learning_rate='1e-1', log_path='./logs/HYBRID 200 10 1e-1 1024/HYBRID 20250114111016', logger=<RootLogger root (INFO)>, margin=8.0, model_name='LoraKGE_Layers', multi_layers_path='train_sorted_by_edges_betweenness.txt', neg_ratio=10, note='', num_ent_layers='10', num_layer=1, num_rel_layers='1', patience='10', predict_result=False, r=100, r_fixed=True, random_seed=3407, record=False, rel_r='200', save_path='./checkpoint/HYBRID', skip_previous='False', snapshot_num=5, train_new=True, using_multi_layers=False, using_various_ranks='True', using_various_ranks_reverse=False, valid_metrics='mrr')
2025-01-14 11:10:31,999 INFO    : Snapshot:0	0	10	Epoch:0	Loss:37.229	MRR:14.76	Hits@10:28.92	Best:14.76
2025-01-14 11:10:37,837 INFO    : Snapshot:0	0	10	Epoch:1	Loss:18.611	MRR:22.47	Hits@10:40.38	Best:22.47
2025-01-14 11:10:43,503 INFO    : Snapshot:0	0	10	Epoch:2	Loss:8.665	MRR:25.05	Hits@10:43.96	Best:25.05
2025-01-14 11:10:48,778 INFO    : Snapshot:0	0	10	Epoch:3	Loss:4.555	MRR:25.63	Hits@10:44.96	Best:25.63
2025-01-14 11:10:54,133 INFO    : Snapshot:0	1	10	Epoch:4	Loss:2.778	MRR:25.59	Hits@10:44.87	Best:25.63
2025-01-14 11:11:00,008 INFO    : Snapshot:0	2	10	Epoch:5	Loss:1.937	MRR:25.27	Hits@10:44.8	Best:25.63
2025-01-14 11:11:05,569 INFO    : Snapshot:0	3	10	Epoch:6	Loss:1.497	MRR:25.28	Hits@10:44.89	Best:25.63
2025-01-14 11:11:11,274 INFO    : Snapshot:0	4	10	Epoch:7	Loss:1.22	MRR:25.29	Hits@10:44.67	Best:25.63
2025-01-14 11:11:16,767 INFO    : Snapshot:0	5	10	Epoch:8	Loss:1.045	MRR:25.01	Hits@10:44.65	Best:25.63
2025-01-14 11:11:22,491 INFO    : Snapshot:0	6	10	Epoch:9	Loss:0.929	MRR:25.03	Hits@10:44.44	Best:25.63
2025-01-14 11:11:28,047 INFO    : Snapshot:0	7	10	Epoch:10	Loss:0.837	MRR:25.03	Hits@10:44.53	Best:25.63
2025-01-14 11:11:33,783 INFO    : Snapshot:0	8	10	Epoch:11	Loss:0.757	MRR:24.86	Hits@10:44.43	Best:25.63
2025-01-14 11:11:39,747 INFO    : Snapshot:0	9	10	Epoch:12	Loss:0.716	MRR:24.5	Hits@10:43.85	Best:25.63
2025-01-14 11:11:45,570 INFO    : Early Stopping! Snapshot:0 Epoch: 13 Best Results: 25.63
2025-01-14 11:11:45,665 INFO    : => loading checkpoint './checkpoint/HYBRID\0model_best.tar'
2025-01-14 11:11:49,269 INFO    : 
+------------+--------+--------+--------+--------+---------+
| Snapshot:0 |  MRR   | Hits@1 | Hits@3 | Hits@5 | Hits@10 |
+------------+--------+--------+--------+--------+---------+
|     0      | 0.2558 | 0.1548 | 0.3079 | 0.3682 |  0.4392 |
+------------+--------+--------+--------+--------+---------+
2025-01-14 11:11:56,116 INFO    : Snapshot:1	0	10	Epoch:0	Loss:8.678	MRR:20.88	Hits@10:36.51	Best:20.88
2025-01-14 11:11:58,633 INFO    : Snapshot:1	0	10	Epoch:1	Loss:4.064	MRR:24.68	Hits@10:42.11	Best:24.68
2025-01-14 11:12:01,233 INFO    : Snapshot:1	0	10	Epoch:2	Loss:3.37	MRR:25.3	Hits@10:43.65	Best:25.3
2025-01-14 11:12:03,814 INFO    : Snapshot:1	0	10	Epoch:3	Loss:3.047	MRR:26.34	Hits@10:45.11	Best:26.34
2025-01-14 11:12:06,243 INFO    : Snapshot:1	0	10	Epoch:4	Loss:2.88	MRR:26.63	Hits@10:45.39	Best:26.63
2025-01-14 11:12:08,606 INFO    : Snapshot:1	0	10	Epoch:5	Loss:2.752	MRR:26.78	Hits@10:45.71	Best:26.78
2025-01-14 11:12:10,971 INFO    : Snapshot:1	0	10	Epoch:6	Loss:2.667	MRR:27.0	Hits@10:45.71	Best:27.0
2025-01-14 11:12:13,359 INFO    : Snapshot:1	0	10	Epoch:7	Loss:2.626	MRR:27.41	Hits@10:46.2	Best:27.41
2025-01-14 11:12:15,732 INFO    : Snapshot:1	1	10	Epoch:8	Loss:2.594	MRR:26.67	Hits@10:45.99	Best:27.41
2025-01-14 11:12:18,278 INFO    : Snapshot:1	2	10	Epoch:9	Loss:2.551	MRR:27.2	Hits@10:46.31	Best:27.41
2025-01-14 11:12:20,576 INFO    : Snapshot:1	3	10	Epoch:10	Loss:2.516	MRR:27.29	Hits@10:46.42	Best:27.41
2025-01-14 11:12:22,972 INFO    : Snapshot:1	4	10	Epoch:11	Loss:2.503	MRR:27.34	Hits@10:46.61	Best:27.41
2025-01-14 11:12:25,352 INFO    : Snapshot:1	0	10	Epoch:12	Loss:2.482	MRR:27.51	Hits@10:46.55	Best:27.51
2025-01-14 11:12:27,728 INFO    : Snapshot:1	1	10	Epoch:13	Loss:2.451	MRR:27.5	Hits@10:46.83	Best:27.51
2025-01-14 11:12:30,191 INFO    : Snapshot:1	0	10	Epoch:14	Loss:2.438	MRR:27.97	Hits@10:46.96	Best:27.97
2025-01-14 11:12:32,697 INFO    : Snapshot:1	1	10	Epoch:15	Loss:2.447	MRR:27.74	Hits@10:46.99	Best:27.97
2025-01-14 11:12:35,211 INFO    : Snapshot:1	2	10	Epoch:16	Loss:2.417	MRR:27.74	Hits@10:46.73	Best:27.97
2025-01-14 11:12:37,730 INFO    : Snapshot:1	3	10	Epoch:17	Loss:2.426	MRR:27.55	Hits@10:46.8	Best:27.97
2025-01-14 11:12:40,107 INFO    : Snapshot:1	4	10	Epoch:18	Loss:2.397	MRR:27.78	Hits@10:46.87	Best:27.97
2025-01-14 11:12:42,441 INFO    : Snapshot:1	5	10	Epoch:19	Loss:2.406	MRR:27.64	Hits@10:46.78	Best:27.97
2025-01-14 11:12:44,855 INFO    : Snapshot:1	6	10	Epoch:20	Loss:2.375	MRR:27.39	Hits@10:46.98	Best:27.97
2025-01-14 11:12:47,257 INFO    : Snapshot:1	7	10	Epoch:21	Loss:2.37	MRR:27.63	Hits@10:46.69	Best:27.97
2025-01-14 11:12:49,641 INFO    : Snapshot:1	0	10	Epoch:22	Loss:2.369	MRR:28.03	Hits@10:47.01	Best:28.03
2025-01-14 11:12:52,079 INFO    : Snapshot:1	1	10	Epoch:23	Loss:2.355	MRR:28.0	Hits@10:46.96	Best:28.03
2025-01-14 11:12:54,581 INFO    : Snapshot:1	2	10	Epoch:24	Loss:2.351	MRR:27.82	Hits@10:46.99	Best:28.03
2025-01-14 11:12:57,120 INFO    : Snapshot:1	3	10	Epoch:25	Loss:2.353	MRR:28.03	Hits@10:47.16	Best:28.03
2025-01-14 11:12:59,648 INFO    : Snapshot:1	4	10	Epoch:26	Loss:2.362	MRR:27.88	Hits@10:47.19	Best:28.03
2025-01-14 11:13:02,122 INFO    : Snapshot:1	5	10	Epoch:27	Loss:2.339	MRR:27.74	Hits@10:46.86	Best:28.03
2025-01-14 11:13:04,613 INFO    : Snapshot:1	6	10	Epoch:28	Loss:2.337	MRR:27.87	Hits@10:46.95	Best:28.03
2025-01-14 11:13:07,174 INFO    : Snapshot:1	7	10	Epoch:29	Loss:2.325	MRR:27.83	Hits@10:47.02	Best:28.03
2025-01-14 11:13:09,732 INFO    : Snapshot:1	0	10	Epoch:30	Loss:2.323	MRR:28.19	Hits@10:47.07	Best:28.19
2025-01-14 11:13:12,301 INFO    : Snapshot:1	0	10	Epoch:31	Loss:2.332	MRR:28.27	Hits@10:47.07	Best:28.27
2025-01-14 11:13:14,659 INFO    : Snapshot:1	1	10	Epoch:32	Loss:2.332	MRR:27.75	Hits@10:47.03	Best:28.27
2025-01-14 11:13:17,109 INFO    : Snapshot:1	2	10	Epoch:33	Loss:2.315	MRR:28.13	Hits@10:47.16	Best:28.27
2025-01-14 11:13:19,496 INFO    : Snapshot:1	3	10	Epoch:34	Loss:2.32	MRR:27.77	Hits@10:47.45	Best:28.27
2025-01-14 11:13:21,917 INFO    : Snapshot:1	4	10	Epoch:35	Loss:2.304	MRR:28.05	Hits@10:47.21	Best:28.27
2025-01-14 11:13:24,274 INFO    : Snapshot:1	5	10	Epoch:36	Loss:2.313	MRR:28.12	Hits@10:47.46	Best:28.27
2025-01-14 11:13:26,688 INFO    : Snapshot:1	0	10	Epoch:37	Loss:2.303	MRR:28.31	Hits@10:47.29	Best:28.31
2025-01-14 11:13:29,197 INFO    : Snapshot:1	0	10	Epoch:38	Loss:2.291	MRR:28.36	Hits@10:46.92	Best:28.36
2025-01-14 11:13:31,714 INFO    : Snapshot:1	1	10	Epoch:39	Loss:2.293	MRR:28.14	Hits@10:46.93	Best:28.36
2025-01-14 11:13:34,392 INFO    : Snapshot:1	2	10	Epoch:40	Loss:2.286	MRR:28.21	Hits@10:47.1	Best:28.36
2025-01-14 11:13:36,855 INFO    : Snapshot:1	3	10	Epoch:41	Loss:2.301	MRR:28.26	Hits@10:47.2	Best:28.36
2025-01-14 11:13:39,351 INFO    : Snapshot:1	4	10	Epoch:42	Loss:2.281	MRR:27.9	Hits@10:47.01	Best:28.36
2025-01-14 11:13:41,789 INFO    : Snapshot:1	0	10	Epoch:43	Loss:2.286	MRR:28.39	Hits@10:47.59	Best:28.39
2025-01-14 11:13:44,143 INFO    : Snapshot:1	1	10	Epoch:44	Loss:2.285	MRR:28.26	Hits@10:47.11	Best:28.39
2025-01-14 11:13:46,540 INFO    : Snapshot:1	2	10	Epoch:45	Loss:2.288	MRR:28.35	Hits@10:46.87	Best:28.39
2025-01-14 11:13:48,942 INFO    : Snapshot:1	3	10	Epoch:46	Loss:2.294	MRR:27.98	Hits@10:47.22	Best:28.39
2025-01-14 11:13:51,309 INFO    : Snapshot:1	4	10	Epoch:47	Loss:2.301	MRR:28.18	Hits@10:47.23	Best:28.39
2025-01-14 11:13:53,695 INFO    : Snapshot:1	5	10	Epoch:48	Loss:2.281	MRR:28.03	Hits@10:47.27	Best:28.39
2025-01-14 11:13:56,093 INFO    : Snapshot:1	6	10	Epoch:49	Loss:2.276	MRR:28.23	Hits@10:47.4	Best:28.39
2025-01-14 11:13:58,583 INFO    : Snapshot:1	7	10	Epoch:50	Loss:2.274	MRR:27.93	Hits@10:47.19	Best:28.39
2025-01-14 11:14:01,102 INFO    : Snapshot:1	8	10	Epoch:51	Loss:2.278	MRR:27.98	Hits@10:47.37	Best:28.39
2025-01-14 11:14:03,635 INFO    : Snapshot:1	9	10	Epoch:52	Loss:2.271	MRR:28.35	Hits@10:47.49	Best:28.39
2025-01-14 11:14:06,135 INFO    : Early Stopping! Snapshot:1 Epoch: 53 Best Results: 28.39
2025-01-14 11:14:06,221 INFO    : => loading checkpoint './checkpoint/HYBRID\1model_best.tar'
2025-01-14 11:14:11,709 INFO    : 
+------------+--------+--------+--------+--------+---------+
| Snapshot:1 |  MRR   | Hits@1 | Hits@3 | Hits@5 | Hits@10 |
+------------+--------+--------+--------+--------+---------+
|     0      | 0.2558 | 0.1548 | 0.3079 | 0.3682 |  0.4392 |
|     1      | 0.2761 | 0.1786 | 0.315  | 0.3848 |  0.4666 |
+------------+--------+--------+--------+--------+---------+
2025-01-14 11:14:34,718 INFO    : Snapshot:2	0	10	Epoch:0	Loss:25.56	MRR:15.98	Hits@10:28.87	Best:15.98
2025-01-14 11:14:47,378 INFO    : Snapshot:2	0	10	Epoch:1	Loss:16.692	MRR:16.79	Hits@10:30.38	Best:16.79
2025-01-14 11:15:00,512 INFO    : Snapshot:2	0	10	Epoch:2	Loss:15.66	MRR:17.49	Hits@10:31.47	Best:17.49
2025-01-14 11:15:13,553 INFO    : Snapshot:2	0	10	Epoch:3	Loss:15.116	MRR:17.81	Hits@10:31.64	Best:17.81
2025-01-14 11:15:25,817 INFO    : Snapshot:2	0	10	Epoch:4	Loss:14.753	MRR:17.93	Hits@10:32.13	Best:17.93
2025-01-14 11:15:38,833 INFO    : Snapshot:2	0	10	Epoch:5	Loss:14.509	MRR:18.04	Hits@10:32.28	Best:18.04
2025-01-14 11:15:51,282 INFO    : Snapshot:2	0	10	Epoch:6	Loss:14.344	MRR:18.32	Hits@10:32.63	Best:18.32
2025-01-14 11:16:04,056 INFO    : Snapshot:2	1	10	Epoch:7	Loss:14.206	MRR:18.14	Hits@10:32.56	Best:18.32
2025-01-14 11:16:16,896 INFO    : Snapshot:2	0	10	Epoch:8	Loss:14.081	MRR:18.34	Hits@10:32.61	Best:18.34
2025-01-14 11:16:29,875 INFO    : Snapshot:2	0	10	Epoch:9	Loss:13.999	MRR:18.61	Hits@10:32.72	Best:18.61
2025-01-14 11:16:42,712 INFO    : Snapshot:2	0	10	Epoch:10	Loss:13.9	MRR:18.84	Hits@10:33.04	Best:18.84
2025-01-14 11:16:55,577 INFO    : Snapshot:2	1	10	Epoch:11	Loss:13.876	MRR:18.58	Hits@10:32.99	Best:18.84
2025-01-14 11:17:08,518 INFO    : Snapshot:2	2	10	Epoch:12	Loss:13.767	MRR:18.64	Hits@10:33.15	Best:18.84
2025-01-14 11:17:21,584 INFO    : Snapshot:2	3	10	Epoch:13	Loss:13.731	MRR:18.72	Hits@10:33.02	Best:18.84
2025-01-14 11:17:34,503 INFO    : Snapshot:2	4	10	Epoch:14	Loss:13.692	MRR:18.75	Hits@10:33.18	Best:18.84
2025-01-14 11:17:46,739 INFO    : Snapshot:2	5	10	Epoch:15	Loss:13.656	MRR:18.7	Hits@10:33.31	Best:18.84
2025-01-14 11:17:59,652 INFO    : Snapshot:2	0	10	Epoch:16	Loss:13.618	MRR:18.87	Hits@10:33.33	Best:18.87
2025-01-14 11:18:12,432 INFO    : Snapshot:2	1	10	Epoch:17	Loss:13.582	MRR:18.85	Hits@10:33.34	Best:18.87
2025-01-14 11:18:24,822 INFO    : Snapshot:2	0	10	Epoch:18	Loss:13.517	MRR:18.9	Hits@10:33.41	Best:18.9
2025-01-14 11:18:37,488 INFO    : Snapshot:2	1	10	Epoch:19	Loss:13.496	MRR:18.83	Hits@10:33.35	Best:18.9
2025-01-14 11:18:50,457 INFO    : Snapshot:2	2	10	Epoch:20	Loss:13.495	MRR:18.76	Hits@10:33.45	Best:18.9
2025-01-14 11:19:03,338 INFO    : Snapshot:2	0	10	Epoch:21	Loss:13.428	MRR:18.95	Hits@10:33.45	Best:18.95
2025-01-14 11:19:15,591 INFO    : Snapshot:2	1	10	Epoch:22	Loss:13.437	MRR:18.92	Hits@10:33.65	Best:18.95
2025-01-14 11:19:27,881 INFO    : Snapshot:2	2	10	Epoch:23	Loss:13.413	MRR:18.89	Hits@10:33.38	Best:18.95
2025-01-14 11:19:40,189 INFO    : Snapshot:2	3	10	Epoch:24	Loss:13.428	MRR:18.79	Hits@10:33.51	Best:18.95
2025-01-14 11:19:52,971 INFO    : Snapshot:2	0	10	Epoch:25	Loss:13.371	MRR:18.98	Hits@10:33.51	Best:18.98
2025-01-14 11:20:06,139 INFO    : Snapshot:2	0	10	Epoch:26	Loss:13.39	MRR:19.03	Hits@10:33.78	Best:19.03
2025-01-14 11:20:19,109 INFO    : Snapshot:2	1	10	Epoch:27	Loss:13.375	MRR:18.9	Hits@10:33.56	Best:19.03
2025-01-14 11:20:32,073 INFO    : Snapshot:2	2	10	Epoch:28	Loss:13.354	MRR:18.96	Hits@10:33.56	Best:19.03
2025-01-14 11:20:44,743 INFO    : Snapshot:2	0	10	Epoch:29	Loss:13.346	MRR:19.09	Hits@10:33.81	Best:19.09
2025-01-14 11:20:57,290 INFO    : Snapshot:2	1	10	Epoch:30	Loss:13.297	MRR:18.99	Hits@10:33.59	Best:19.09
2025-01-14 11:21:09,724 INFO    : Snapshot:2	2	10	Epoch:31	Loss:13.327	MRR:19.06	Hits@10:33.46	Best:19.09
2025-01-14 11:21:21,938 INFO    : Snapshot:2	3	10	Epoch:32	Loss:13.33	MRR:18.94	Hits@10:33.82	Best:19.09
2025-01-14 11:21:34,678 INFO    : Snapshot:2	0	10	Epoch:33	Loss:13.305	MRR:19.14	Hits@10:33.82	Best:19.14
2025-01-14 11:21:46,826 INFO    : Snapshot:2	1	10	Epoch:34	Loss:13.268	MRR:19.12	Hits@10:33.72	Best:19.14
2025-01-14 11:21:59,033 INFO    : Snapshot:2	0	10	Epoch:35	Loss:13.244	MRR:19.16	Hits@10:33.59	Best:19.16
2025-01-14 11:22:11,759 INFO    : Snapshot:2	1	10	Epoch:36	Loss:13.235	MRR:19.16	Hits@10:33.76	Best:19.16
2025-01-14 11:22:23,988 INFO    : Snapshot:2	0	10	Epoch:37	Loss:13.227	MRR:19.26	Hits@10:33.67	Best:19.26
2025-01-14 11:22:36,675 INFO    : Snapshot:2	1	10	Epoch:38	Loss:13.216	MRR:19.1	Hits@10:33.75	Best:19.26
2025-01-14 11:22:49,010 INFO    : Snapshot:2	2	10	Epoch:39	Loss:13.256	MRR:19.12	Hits@10:33.71	Best:19.26
2025-01-14 11:23:01,919 INFO    : Snapshot:2	3	10	Epoch:40	Loss:13.228	MRR:19.25	Hits@10:33.82	Best:19.26
2025-01-14 11:23:14,768 INFO    : Snapshot:2	4	10	Epoch:41	Loss:13.206	MRR:19.04	Hits@10:33.78	Best:19.26
2025-01-14 11:23:27,237 INFO    : Snapshot:2	5	10	Epoch:42	Loss:13.18	MRR:19.12	Hits@10:33.71	Best:19.26
2025-01-14 11:23:39,780 INFO    : Snapshot:2	6	10	Epoch:43	Loss:13.203	MRR:19.04	Hits@10:33.69	Best:19.26
2025-01-14 11:23:52,080 INFO    : Snapshot:2	7	10	Epoch:44	Loss:13.192	MRR:19.07	Hits@10:33.82	Best:19.26
2025-01-14 11:24:04,924 INFO    : Snapshot:2	8	10	Epoch:45	Loss:13.207	MRR:19.09	Hits@10:33.75	Best:19.26
2025-01-14 11:24:17,230 INFO    : Snapshot:2	9	10	Epoch:46	Loss:13.187	MRR:19.13	Hits@10:33.93	Best:19.26
2025-01-14 11:24:29,844 INFO    : Early Stopping! Snapshot:2 Epoch: 47 Best Results: 19.26
2025-01-14 11:24:29,943 INFO    : => loading checkpoint './checkpoint/HYBRID\2model_best.tar'
2025-01-14 11:24:43,056 INFO    : 
+------------+--------+--------+--------+--------+---------+
| Snapshot:2 |  MRR   | Hits@1 | Hits@3 | Hits@5 | Hits@10 |
+------------+--------+--------+--------+--------+---------+
|     0      | 0.2558 | 0.1548 | 0.3079 | 0.3682 |  0.4392 |
|     1      | 0.2761 | 0.1786 | 0.315  | 0.3848 |  0.4666 |
|     2      | 0.1912 | 0.1169 | 0.2167 | 0.2675 |  0.3334 |
+------------+--------+--------+--------+--------+---------+
2025-01-14 11:25:12,626 INFO    : Snapshot:3	0	10	Epoch:0	Loss:28.476	MRR:15.42	Hits@10:28.48	Best:15.42
2025-01-14 11:25:28,875 INFO    : Snapshot:3	0	10	Epoch:1	Loss:21.263	MRR:16.11	Hits@10:30.01	Best:16.11
2025-01-14 11:25:45,284 INFO    : Snapshot:3	0	10	Epoch:2	Loss:20.466	MRR:16.57	Hits@10:30.58	Best:16.57
2025-01-14 11:26:01,809 INFO    : Snapshot:3	0	10	Epoch:3	Loss:20.104	MRR:16.65	Hits@10:30.91	Best:16.65
2025-01-14 11:26:17,960 INFO    : Snapshot:3	0	10	Epoch:4	Loss:19.862	MRR:16.97	Hits@10:31.46	Best:16.97
2025-01-14 11:26:34,318 INFO    : Snapshot:3	0	10	Epoch:5	Loss:19.639	MRR:17.07	Hits@10:31.5	Best:17.07
2025-01-14 11:26:50,608 INFO    : Snapshot:3	1	10	Epoch:6	Loss:19.512	MRR:17.06	Hits@10:31.48	Best:17.07
2025-01-14 11:27:07,076 INFO    : Snapshot:3	0	10	Epoch:7	Loss:19.388	MRR:17.2	Hits@10:31.75	Best:17.2
2025-01-14 11:27:22,986 INFO    : Snapshot:3	0	10	Epoch:8	Loss:19.369	MRR:17.3	Hits@10:32.02	Best:17.3
2025-01-14 11:27:39,575 INFO    : Snapshot:3	0	10	Epoch:9	Loss:19.293	MRR:17.42	Hits@10:31.93	Best:17.42
2025-01-14 11:27:55,440 INFO    : Snapshot:3	1	10	Epoch:10	Loss:19.232	MRR:17.42	Hits@10:32.07	Best:17.42
2025-01-14 11:28:11,798 INFO    : Snapshot:3	0	10	Epoch:11	Loss:19.131	MRR:17.44	Hits@10:32.14	Best:17.44
2025-01-14 11:28:27,869 INFO    : Snapshot:3	0	10	Epoch:12	Loss:19.1	MRR:17.5	Hits@10:32.23	Best:17.5
2025-01-14 11:28:44,172 INFO    : Snapshot:3	0	10	Epoch:13	Loss:19.056	MRR:17.54	Hits@10:32.26	Best:17.54
2025-01-14 11:29:00,616 INFO    : Snapshot:3	1	10	Epoch:14	Loss:19.024	MRR:17.45	Hits@10:31.97	Best:17.54
2025-01-14 11:29:16,892 INFO    : Snapshot:3	0	10	Epoch:15	Loss:18.949	MRR:17.56	Hits@10:32.25	Best:17.56
2025-01-14 11:29:33,265 INFO    : Snapshot:3	1	10	Epoch:16	Loss:18.934	MRR:17.45	Hits@10:32.25	Best:17.56
2025-01-14 11:29:49,350 INFO    : Snapshot:3	2	10	Epoch:17	Loss:18.942	MRR:17.47	Hits@10:32.18	Best:17.56
2025-01-14 11:30:05,874 INFO    : Snapshot:3	0	10	Epoch:18	Loss:18.902	MRR:17.66	Hits@10:32.37	Best:17.66
2025-01-14 11:30:22,096 INFO    : Snapshot:3	1	10	Epoch:19	Loss:18.888	MRR:17.57	Hits@10:32.25	Best:17.66
2025-01-14 11:30:38,413 INFO    : Snapshot:3	2	10	Epoch:20	Loss:18.871	MRR:17.65	Hits@10:32.44	Best:17.66
2025-01-14 11:30:54,390 INFO    : Snapshot:3	3	10	Epoch:21	Loss:18.852	MRR:17.57	Hits@10:32.27	Best:17.66
2025-01-14 11:31:10,669 INFO    : Snapshot:3	0	10	Epoch:22	Loss:18.837	MRR:17.71	Hits@10:32.35	Best:17.71
2025-01-14 11:31:26,557 INFO    : Snapshot:3	1	10	Epoch:23	Loss:18.843	MRR:17.63	Hits@10:32.36	Best:17.71
2025-01-14 11:31:42,710 INFO    : Snapshot:3	2	10	Epoch:24	Loss:18.796	MRR:17.6	Hits@10:32.11	Best:17.71
2025-01-14 11:31:58,684 INFO    : Snapshot:3	3	10	Epoch:25	Loss:18.756	MRR:17.63	Hits@10:32.28	Best:17.71
2025-01-14 11:32:14,821 INFO    : Snapshot:3	0	10	Epoch:26	Loss:18.81	MRR:17.76	Hits@10:32.4	Best:17.76
2025-01-14 11:32:30,665 INFO    : Snapshot:3	1	10	Epoch:27	Loss:18.743	MRR:17.67	Hits@10:32.45	Best:17.76
2025-01-14 11:32:46,528 INFO    : Snapshot:3	2	10	Epoch:28	Loss:18.753	MRR:17.7	Hits@10:32.28	Best:17.76
2025-01-14 11:33:02,883 INFO    : Snapshot:3	0	10	Epoch:29	Loss:18.726	MRR:17.82	Hits@10:32.45	Best:17.82
2025-01-14 11:33:18,631 INFO    : Snapshot:3	1	10	Epoch:30	Loss:18.735	MRR:17.76	Hits@10:32.44	Best:17.82
2025-01-14 11:33:34,961 INFO    : Snapshot:3	2	10	Epoch:31	Loss:18.737	MRR:17.73	Hits@10:32.39	Best:17.82
2025-01-14 11:33:50,954 INFO    : Snapshot:3	3	10	Epoch:32	Loss:18.697	MRR:17.8	Hits@10:32.51	Best:17.82
2025-01-14 11:34:07,642 INFO    : Snapshot:3	4	10	Epoch:33	Loss:18.688	MRR:17.79	Hits@10:32.53	Best:17.82
2025-01-14 11:34:23,878 INFO    : Snapshot:3	5	10	Epoch:34	Loss:18.682	MRR:17.74	Hits@10:32.42	Best:17.82
2025-01-14 11:34:40,177 INFO    : Snapshot:3	6	10	Epoch:35	Loss:18.701	MRR:17.81	Hits@10:32.46	Best:17.82
2025-01-14 11:34:56,047 INFO    : Snapshot:3	7	10	Epoch:36	Loss:18.692	MRR:17.76	Hits@10:32.56	Best:17.82
2025-01-14 11:35:12,219 INFO    : Snapshot:3	8	10	Epoch:37	Loss:18.712	MRR:17.77	Hits@10:32.45	Best:17.82
2025-01-14 11:35:28,432 INFO    : Snapshot:3	9	10	Epoch:38	Loss:18.605	MRR:17.78	Hits@10:32.53	Best:17.82
2025-01-14 11:35:44,751 INFO    : Snapshot:3	0	10	Epoch:39	Loss:18.637	MRR:17.88	Hits@10:32.56	Best:17.88
2025-01-14 11:36:00,966 INFO    : Snapshot:3	1	10	Epoch:40	Loss:18.618	MRR:17.78	Hits@10:32.43	Best:17.88
2025-01-14 11:36:17,003 INFO    : Snapshot:3	2	10	Epoch:41	Loss:18.605	MRR:17.8	Hits@10:32.51	Best:17.88
2025-01-14 11:36:33,969 INFO    : Snapshot:3	3	10	Epoch:42	Loss:18.58	MRR:17.78	Hits@10:32.53	Best:17.88
2025-01-14 11:36:50,182 INFO    : Snapshot:3	4	10	Epoch:43	Loss:18.64	MRR:17.81	Hits@10:32.66	Best:17.88
2025-01-14 11:37:06,505 INFO    : Snapshot:3	5	10	Epoch:44	Loss:18.59	MRR:17.75	Hits@10:32.41	Best:17.88
2025-01-14 11:37:22,654 INFO    : Snapshot:3	6	10	Epoch:45	Loss:18.633	MRR:17.86	Hits@10:32.45	Best:17.88
2025-01-14 11:37:39,000 INFO    : Snapshot:3	7	10	Epoch:46	Loss:18.641	MRR:17.82	Hits@10:32.33	Best:17.88
2025-01-14 11:37:55,096 INFO    : Snapshot:3	8	10	Epoch:47	Loss:18.548	MRR:17.87	Hits@10:32.65	Best:17.88
2025-01-14 11:38:11,657 INFO    : Snapshot:3	9	10	Epoch:48	Loss:18.559	MRR:17.81	Hits@10:32.48	Best:17.88
2025-01-14 11:38:27,766 INFO    : Snapshot:3	0	10	Epoch:49	Loss:18.509	MRR:18.0	Hits@10:32.56	Best:18.0
2025-01-14 11:38:43,884 INFO    : Snapshot:3	1	10	Epoch:50	Loss:18.616	MRR:17.94	Hits@10:32.51	Best:18.0
2025-01-14 11:38:59,723 INFO    : Snapshot:3	2	10	Epoch:51	Loss:18.582	MRR:17.88	Hits@10:32.52	Best:18.0
2025-01-14 11:39:15,818 INFO    : Snapshot:3	3	10	Epoch:52	Loss:18.499	MRR:17.91	Hits@10:32.41	Best:18.0
2025-01-14 11:39:31,991 INFO    : Snapshot:3	4	10	Epoch:53	Loss:18.596	MRR:17.95	Hits@10:32.66	Best:18.0
2025-01-14 11:39:48,300 INFO    : Snapshot:3	5	10	Epoch:54	Loss:18.522	MRR:17.81	Hits@10:32.59	Best:18.0
2025-01-14 11:40:04,504 INFO    : Snapshot:3	6	10	Epoch:55	Loss:18.555	MRR:17.86	Hits@10:32.62	Best:18.0
2025-01-14 11:40:21,206 INFO    : Snapshot:3	7	10	Epoch:56	Loss:18.538	MRR:17.91	Hits@10:32.49	Best:18.0
2025-01-14 11:40:37,684 INFO    : Snapshot:3	8	10	Epoch:57	Loss:18.551	MRR:17.91	Hits@10:32.48	Best:18.0
2025-01-14 11:40:53,782 INFO    : Snapshot:3	9	10	Epoch:58	Loss:18.504	MRR:17.96	Hits@10:32.53	Best:18.0
2025-01-14 11:41:10,024 INFO    : Early Stopping! Snapshot:3 Epoch: 59 Best Results: 18.0
2025-01-14 11:41:10,119 INFO    : => loading checkpoint './checkpoint/HYBRID\3model_best.tar'
2025-01-14 11:41:33,390 INFO    : 
+------------+--------+--------+--------+--------+---------+
| Snapshot:3 |  MRR   | Hits@1 | Hits@3 | Hits@5 | Hits@10 |
+------------+--------+--------+--------+--------+---------+
|     0      | 0.2558 | 0.1548 | 0.3079 | 0.3682 |  0.4392 |
|     1      | 0.2761 | 0.1786 | 0.315  | 0.3848 |  0.4666 |
|     2      | 0.1912 | 0.1169 | 0.2167 | 0.2675 |  0.3334 |
|     3      | 0.1795 | 0.1005 | 0.2134 | 0.265  |  0.3278 |
+------------+--------+--------+--------+--------+---------+
2025-01-14 11:41:47,408 INFO    : Snapshot:4	0	10	Epoch:0	Loss:14.564	MRR:14.71	Hits@10:24.49	Best:14.71
2025-01-14 11:41:53,501 INFO    : Snapshot:4	0	10	Epoch:1	Loss:12.292	MRR:15.07	Hits@10:24.89	Best:15.07
2025-01-14 11:42:00,190 INFO    : Snapshot:4	1	10	Epoch:2	Loss:12.151	MRR:14.98	Hits@10:24.81	Best:15.07
2025-01-14 11:42:06,878 INFO    : Snapshot:4	2	10	Epoch:3	Loss:12.126	MRR:15.07	Hits@10:24.89	Best:15.07
2025-01-14 11:42:13,172 INFO    : Snapshot:4	0	10	Epoch:4	Loss:12.117	MRR:15.11	Hits@10:24.88	Best:15.11
2025-01-14 11:42:19,353 INFO    : Snapshot:4	1	10	Epoch:5	Loss:12.049	MRR:14.86	Hits@10:24.84	Best:15.11
2025-01-14 11:42:25,503 INFO    : Snapshot:4	2	10	Epoch:6	Loss:12.051	MRR:15.11	Hits@10:24.88	Best:15.11
2025-01-14 11:42:32,543 INFO    : Snapshot:4	3	10	Epoch:7	Loss:12.047	MRR:15.01	Hits@10:24.84	Best:15.11
2025-01-14 11:42:38,823 INFO    : Snapshot:4	4	10	Epoch:8	Loss:12.032	MRR:15.05	Hits@10:24.79	Best:15.11
2025-01-14 11:42:45,188 INFO    : Snapshot:4	5	10	Epoch:9	Loss:12.055	MRR:15.08	Hits@10:24.89	Best:15.11
2025-01-14 11:42:51,340 INFO    : Snapshot:4	6	10	Epoch:10	Loss:12.016	MRR:14.92	Hits@10:24.83	Best:15.11
2025-01-14 11:42:57,862 INFO    : Snapshot:4	7	10	Epoch:11	Loss:12.015	MRR:15.0	Hits@10:24.86	Best:15.11
2025-01-14 11:43:04,924 INFO    : Snapshot:4	8	10	Epoch:12	Loss:12.018	MRR:15.04	Hits@10:24.83	Best:15.11
2025-01-14 11:43:11,377 INFO    : Snapshot:4	9	10	Epoch:13	Loss:11.999	MRR:15.08	Hits@10:25.12	Best:15.11
2025-01-14 11:43:17,675 INFO    : Early Stopping! Snapshot:4 Epoch: 14 Best Results: 15.11
2025-01-14 11:43:17,780 INFO    : => loading checkpoint './checkpoint/HYBRID\4model_best.tar'
2025-01-14 11:43:46,637 INFO    : 
+------------+--------+--------+--------+--------+---------+
| Snapshot:4 |  MRR   | Hits@1 | Hits@3 | Hits@5 | Hits@10 |
+------------+--------+--------+--------+--------+---------+
|     0      | 0.2558 | 0.1548 | 0.3079 | 0.3682 |  0.4392 |
|     1      | 0.2761 | 0.1786 | 0.315  | 0.3848 |  0.4666 |
|     2      | 0.1912 | 0.1169 | 0.2167 | 0.2675 |  0.3334 |
|     3      | 0.1795 | 0.1005 | 0.2134 | 0.265  |  0.3278 |
|     4      | 0.1514 | 0.1003 | 0.1662 | 0.1995 |  0.2496 |
+------------+--------+--------+--------+--------+---------+
2025-01-14 11:43:46,639 INFO    : Final Result:
[+------------+--------+--------+--------+--------+---------+
| Snapshot:0 |  MRR   | Hits@1 | Hits@3 | Hits@5 | Hits@10 |
+------------+--------+--------+--------+--------+---------+
|     0      | 0.2558 | 0.1548 | 0.3079 | 0.3682 |  0.4392 |
+------------+--------+--------+--------+--------+---------+, +------------+--------+--------+--------+--------+---------+
| Snapshot:1 |  MRR   | Hits@1 | Hits@3 | Hits@5 | Hits@10 |
+------------+--------+--------+--------+--------+---------+
|     0      | 0.2558 | 0.1548 | 0.3079 | 0.3682 |  0.4392 |
|     1      | 0.2761 | 0.1786 | 0.315  | 0.3848 |  0.4666 |
+------------+--------+--------+--------+--------+---------+, +------------+--------+--------+--------+--------+---------+
| Snapshot:2 |  MRR   | Hits@1 | Hits@3 | Hits@5 | Hits@10 |
+------------+--------+--------+--------+--------+---------+
|     0      | 0.2558 | 0.1548 | 0.3079 | 0.3682 |  0.4392 |
|     1      | 0.2761 | 0.1786 | 0.315  | 0.3848 |  0.4666 |
|     2      | 0.1912 | 0.1169 | 0.2167 | 0.2675 |  0.3334 |
+------------+--------+--------+--------+--------+---------+, +------------+--------+--------+--------+--------+---------+
| Snapshot:3 |  MRR   | Hits@1 | Hits@3 | Hits@5 | Hits@10 |
+------------+--------+--------+--------+--------+---------+
|     0      | 0.2558 | 0.1548 | 0.3079 | 0.3682 |  0.4392 |
|     1      | 0.2761 | 0.1786 | 0.315  | 0.3848 |  0.4666 |
|     2      | 0.1912 | 0.1169 | 0.2167 | 0.2675 |  0.3334 |
|     3      | 0.1795 | 0.1005 | 0.2134 | 0.265  |  0.3278 |
+------------+--------+--------+--------+--------+---------+, +------------+--------+--------+--------+--------+---------+
| Snapshot:4 |  MRR   | Hits@1 | Hits@3 | Hits@5 | Hits@10 |
+------------+--------+--------+--------+--------+---------+
|     0      | 0.2558 | 0.1548 | 0.3079 | 0.3682 |  0.4392 |
|     1      | 0.2761 | 0.1786 | 0.315  | 0.3848 |  0.4666 |
|     2      | 0.1912 | 0.1169 | 0.2167 | 0.2675 |  0.3334 |
|     3      | 0.1795 | 0.1005 | 0.2134 | 0.265  |  0.3278 |
|     4      | 0.1514 | 0.1003 | 0.1662 | 0.1995 |  0.2496 |
+------------+--------+--------+--------+--------+---------+]
2025-01-14 11:43:46,640 INFO    : Report Result:
+----------+--------------------+-----------+--------------+--------------+---------------+
| Snapshot |        Time        | Whole_MRR | Whole_Hits@1 | Whole_Hits@3 | Whole_Hits@10 |
+----------+--------------------+-----------+--------------+--------------+---------------+
|    0     | 81.75685811042786  |   0.256   |    0.155     |    0.308     |     0.439     |
|    1     | 134.79649925231934 |   0.261   |    0.161     |     0.31     |     0.446     |
|    2     | 610.5630872249603  |   0.224   |    0.138     |    0.261     |     0.387     |
|    3     | 976.4662795066833  |   0.207   |    0.123     |    0.243     |     0.364     |
|    4     | 99.17008805274963  |    0.2    |     0.12     |    0.233     |     0.349     |
+----------+--------------------+-----------+--------------+--------------+---------------+
2025-01-14 11:43:46,640 INFO    : Sum_Training_Time:1902.7528121471405
2025-01-14 11:43:46,640 INFO    : Every_Training_Time:[81.75685811042786, 134.79649925231934, 610.5630872249603, 976.4662795066833, 99.17008805274963]
2025-01-14 11:43:46,640 INFO    : Forward transfer: 0.0371 Backward transfer: 0.0
