2024-09-26 14:29:28,058 INFO    : Namespace(batch_size=1024, data_path='./data/HYBRID/', dataset='HYBRID', debug=False, device=device(type='cuda', index=0), emb_dim=200, ent_r='200', epoch_num=200, explore=False, gpu='0', l2=0.0, learning_rate='1e-1', log_path='./logs/HYBRID 200 10 1e-1 1024/HYBRID 20240926142919', logger=<RootLogger root (INFO)>, margin=8.0, model_name='LoraKGE_Layers', multi_layers_path='train_sorted_by_edges_betweenness.txt', neg_ratio=10, note='', num_ent_layers='10', num_layer=1, num_rel_layers='1', patience=3, predict_result='True', r=100, r_fixed=True, random_seed=3407, record=False, rel_r='20', save_path='./checkpoint/HYBRID', skip_previous='False', snapshot_num=5, train_new=True, using_multi_layers=False, using_various_ranks='True', using_various_ranks_reverse=False, valid_metrics='mrr')
2024-09-26 14:29:36,534 INFO    : Snapshot:0	0	3	Epoch:0	Loss:37.229	MRR:14.76	Hits@10:28.92	Best:14.76
2024-09-26 14:29:42,156 INFO    : Snapshot:0	0	3	Epoch:1	Loss:18.611	MRR:22.47	Hits@10:40.38	Best:22.47
2024-09-26 14:29:47,607 INFO    : Snapshot:0	0	3	Epoch:2	Loss:8.665	MRR:25.05	Hits@10:43.96	Best:25.05
2024-09-26 14:29:53,187 INFO    : Snapshot:0	0	3	Epoch:3	Loss:4.555	MRR:25.63	Hits@10:44.96	Best:25.63
2024-09-26 14:29:58,752 INFO    : Snapshot:0	1	3	Epoch:4	Loss:2.778	MRR:25.59	Hits@10:44.87	Best:25.63
2024-09-26 14:30:04,531 INFO    : Snapshot:0	2	3	Epoch:5	Loss:1.937	MRR:25.27	Hits@10:44.8	Best:25.63
2024-09-26 14:30:10,041 INFO    : Early Stopping! Snapshot:0 Epoch: 6 Best Results: 25.63
2024-09-26 14:30:10,131 INFO    : => loading checkpoint './checkpoint/HYBRID\0model_best.tar'
2024-09-26 14:30:16,904 INFO    : 
+------------+--------+--------+--------+--------+---------+
| Snapshot:0 |  MRR   | Hits@1 | Hits@3 | Hits@5 | Hits@10 |
+------------+--------+--------+--------+--------+---------+
|     0      | 0.2558 | 0.1548 | 0.3079 | 0.3682 |  0.4392 |
+------------+--------+--------+--------+--------+---------+
2024-09-26 14:30:25,565 INFO    : Snapshot:1	0	3	Epoch:0	Loss:8.505	MRR:20.98	Hits@10:37.41	Best:20.98
2024-09-26 14:30:27,982 INFO    : Snapshot:1	0	3	Epoch:1	Loss:3.943	MRR:24.92	Hits@10:42.68	Best:24.92
2024-09-26 14:30:30,412 INFO    : Snapshot:1	0	3	Epoch:2	Loss:3.222	MRR:25.76	Hits@10:44.84	Best:25.76
2024-09-26 14:30:32,893 INFO    : Snapshot:1	0	3	Epoch:3	Loss:2.906	MRR:26.43	Hits@10:45.86	Best:26.43
2024-09-26 14:30:35,384 INFO    : Snapshot:1	0	3	Epoch:4	Loss:2.755	MRR:26.81	Hits@10:45.93	Best:26.81
2024-09-26 14:30:37,793 INFO    : Snapshot:1	1	3	Epoch:5	Loss:2.647	MRR:26.69	Hits@10:46.13	Best:26.81
2024-09-26 14:30:40,265 INFO    : Snapshot:1	0	3	Epoch:6	Loss:2.574	MRR:27.07	Hits@10:46.3	Best:27.07
2024-09-26 14:30:42,833 INFO    : Snapshot:1	0	3	Epoch:7	Loss:2.536	MRR:27.48	Hits@10:46.6	Best:27.48
2024-09-26 14:30:45,318 INFO    : Snapshot:1	0	3	Epoch:8	Loss:2.493	MRR:27.51	Hits@10:46.69	Best:27.51
2024-09-26 14:30:47,754 INFO    : Snapshot:1	0	3	Epoch:9	Loss:2.467	MRR:27.69	Hits@10:46.65	Best:27.69
2024-09-26 14:30:50,230 INFO    : Snapshot:1	1	3	Epoch:10	Loss:2.443	MRR:27.61	Hits@10:46.86	Best:27.69
2024-09-26 14:30:52,699 INFO    : Snapshot:1	0	3	Epoch:11	Loss:2.429	MRR:27.74	Hits@10:47.11	Best:27.74
2024-09-26 14:30:55,197 INFO    : Snapshot:1	0	3	Epoch:12	Loss:2.417	MRR:27.93	Hits@10:47.07	Best:27.93
2024-09-26 14:30:57,688 INFO    : Snapshot:1	0	3	Epoch:13	Loss:2.39	MRR:28.02	Hits@10:47.08	Best:28.02
2024-09-26 14:31:00,099 INFO    : Snapshot:1	1	3	Epoch:14	Loss:2.393	MRR:27.67	Hits@10:46.9	Best:28.02
2024-09-26 14:31:02,491 INFO    : Snapshot:1	2	3	Epoch:15	Loss:2.354	MRR:27.84	Hits@10:47.45	Best:28.02
2024-09-26 14:31:04,942 INFO    : Snapshot:1	0	3	Epoch:16	Loss:2.361	MRR:28.15	Hits@10:47.37	Best:28.15
2024-09-26 14:31:07,391 INFO    : Snapshot:1	1	3	Epoch:17	Loss:2.376	MRR:28.1	Hits@10:47.44	Best:28.15
2024-09-26 14:31:09,946 INFO    : Snapshot:1	2	3	Epoch:18	Loss:2.347	MRR:28.04	Hits@10:47.49	Best:28.15
2024-09-26 14:31:12,465 INFO    : Early Stopping! Snapshot:1 Epoch: 19 Best Results: 28.15
2024-09-26 14:31:12,556 INFO    : => loading checkpoint './checkpoint/HYBRID\1model_best.tar'
2024-09-26 14:31:23,034 INFO    : 
+------------+--------+--------+--------+--------+---------+
| Snapshot:1 |  MRR   | Hits@1 | Hits@3 | Hits@5 | Hits@10 |
+------------+--------+--------+--------+--------+---------+
|     0      | 0.2558 | 0.1548 | 0.3079 | 0.3682 |  0.4392 |
|     1      | 0.2742 | 0.1772 | 0.3143 | 0.3801 |  0.4636 |
+------------+--------+--------+--------+--------+---------+
2024-09-26 14:31:51,828 INFO    : Snapshot:2	0	3	Epoch:0	Loss:26.097	MRR:15.59	Hits@10:28.58	Best:15.59
2024-09-26 14:32:04,595 INFO    : Snapshot:2	0	3	Epoch:1	Loss:16.7	MRR:16.55	Hits@10:30.29	Best:16.55
2024-09-26 14:32:17,559 INFO    : Snapshot:2	0	3	Epoch:2	Loss:15.516	MRR:17.37	Hits@10:31.49	Best:17.37
2024-09-26 14:32:30,515 INFO    : Snapshot:2	0	3	Epoch:3	Loss:14.913	MRR:17.71	Hits@10:31.89	Best:17.71
2024-09-26 14:32:43,648 INFO    : Snapshot:2	0	3	Epoch:4	Loss:14.563	MRR:17.85	Hits@10:32.22	Best:17.85
2024-09-26 14:32:56,687 INFO    : Snapshot:2	0	3	Epoch:5	Loss:14.294	MRR:18.12	Hits@10:32.61	Best:18.12
2024-09-26 14:33:09,707 INFO    : Snapshot:2	1	3	Epoch:6	Loss:14.125	MRR:18.12	Hits@10:32.61	Best:18.12
2024-09-26 14:33:22,712 INFO    : Snapshot:2	0	3	Epoch:7	Loss:13.993	MRR:18.24	Hits@10:32.9	Best:18.24
2024-09-26 14:33:35,574 INFO    : Snapshot:2	1	3	Epoch:8	Loss:13.864	MRR:18.2	Hits@10:32.92	Best:18.24
2024-09-26 14:33:48,495 INFO    : Snapshot:2	0	3	Epoch:9	Loss:13.741	MRR:18.65	Hits@10:33.02	Best:18.65
2024-09-26 14:34:02,612 INFO    : Snapshot:2	0	3	Epoch:10	Loss:13.687	MRR:18.85	Hits@10:33.2	Best:18.85
2024-09-26 14:34:17,044 INFO    : Snapshot:2	1	3	Epoch:11	Loss:13.656	MRR:18.58	Hits@10:33.34	Best:18.85
2024-09-26 14:34:30,073 INFO    : Snapshot:2	2	3	Epoch:12	Loss:13.543	MRR:18.79	Hits@10:33.34	Best:18.85
2024-09-26 14:34:43,196 INFO    : Early Stopping! Snapshot:2 Epoch: 13 Best Results: 18.85
2024-09-26 14:34:43,289 INFO    : => loading checkpoint './checkpoint/HYBRID\2model_best.tar'
2024-09-26 14:35:06,419 INFO    : 
+------------+--------+--------+--------+--------+---------+
| Snapshot:2 |  MRR   | Hits@1 | Hits@3 | Hits@5 | Hits@10 |
+------------+--------+--------+--------+--------+---------+
|     0      | 0.2558 | 0.1548 | 0.3079 | 0.3682 |  0.4392 |
|     1      | 0.2742 | 0.1772 | 0.3143 | 0.3801 |  0.4636 |
|     2      | 0.1857 | 0.1106 | 0.2127 | 0.2606 |  0.3304 |
+------------+--------+--------+--------+--------+---------+
2024-09-26 14:35:43,025 INFO    : Snapshot:3	0	3	Epoch:0	Loss:29.72	MRR:15.26	Hits@10:28.47	Best:15.26
2024-09-26 14:35:59,782 INFO    : Snapshot:3	0	3	Epoch:1	Loss:21.493	MRR:16.35	Hits@10:30.32	Best:16.35
2024-09-26 14:36:16,597 INFO    : Snapshot:3	0	3	Epoch:2	Loss:20.657	MRR:16.79	Hits@10:30.96	Best:16.79
2024-09-26 14:36:33,395 INFO    : Snapshot:3	0	3	Epoch:3	Loss:20.303	MRR:16.93	Hits@10:31.27	Best:16.93
2024-09-26 14:36:49,986 INFO    : Snapshot:3	0	3	Epoch:4	Loss:20.122	MRR:17.27	Hits@10:31.69	Best:17.27
2024-09-26 14:37:06,615 INFO    : Snapshot:3	0	3	Epoch:5	Loss:19.853	MRR:17.35	Hits@10:31.72	Best:17.35
2024-09-26 14:37:23,252 INFO    : Snapshot:3	1	3	Epoch:6	Loss:19.711	MRR:17.34	Hits@10:31.83	Best:17.35
2024-09-26 14:37:40,378 INFO    : Snapshot:3	2	3	Epoch:7	Loss:19.634	MRR:17.34	Hits@10:31.8	Best:17.35
2024-09-26 14:37:57,166 INFO    : Snapshot:3	0	3	Epoch:8	Loss:19.586	MRR:17.41	Hits@10:32.01	Best:17.41
2024-09-26 14:38:14,012 INFO    : Snapshot:3	0	3	Epoch:9	Loss:19.554	MRR:17.56	Hits@10:32.05	Best:17.56
2024-09-26 14:38:30,762 INFO    : Snapshot:3	0	3	Epoch:10	Loss:19.42	MRR:17.61	Hits@10:32.12	Best:17.61
2024-09-26 14:38:47,357 INFO    : Snapshot:3	1	3	Epoch:11	Loss:19.428	MRR:17.52	Hits@10:31.99	Best:17.61
2024-09-26 14:39:04,170 INFO    : Snapshot:3	0	3	Epoch:12	Loss:19.326	MRR:17.71	Hits@10:32.26	Best:17.71
2024-09-26 14:39:20,994 INFO    : Snapshot:3	1	3	Epoch:13	Loss:19.294	MRR:17.71	Hits@10:32.07	Best:17.71
2024-09-26 14:39:37,733 INFO    : Snapshot:3	2	3	Epoch:14	Loss:19.351	MRR:17.69	Hits@10:32.32	Best:17.71
2024-09-26 14:39:54,362 INFO    : Snapshot:3	0	3	Epoch:15	Loss:19.23	MRR:17.73	Hits@10:32.39	Best:17.73
2024-09-26 14:40:11,138 INFO    : Snapshot:3	1	3	Epoch:16	Loss:19.205	MRR:17.54	Hits@10:32.25	Best:17.73
2024-09-26 14:40:27,680 INFO    : Snapshot:3	2	3	Epoch:17	Loss:19.264	MRR:17.56	Hits@10:32.25	Best:17.73
2024-09-26 14:40:44,299 INFO    : Early Stopping! Snapshot:3 Epoch: 18 Best Results: 17.73
2024-09-26 14:40:44,399 INFO    : => loading checkpoint './checkpoint/HYBRID\3model_best.tar'
2024-09-26 14:41:24,552 INFO    : 
+------------+--------+--------+--------+--------+---------+
| Snapshot:3 |  MRR   | Hits@1 | Hits@3 | Hits@5 | Hits@10 |
+------------+--------+--------+--------+--------+---------+
|     0      | 0.2558 | 0.1548 | 0.3079 | 0.3682 |  0.4392 |
|     1      | 0.2742 | 0.1772 | 0.3143 | 0.3801 |  0.4636 |
|     2      | 0.1857 | 0.1106 | 0.2127 | 0.2606 |  0.3304 |
|     3      | 0.1772 | 0.0997 | 0.2089 | 0.2603 |  0.3234 |
+------------+--------+--------+--------+--------+---------+
2024-09-26 14:41:41,882 INFO    : Snapshot:4	0	3	Epoch:0	Loss:14.702	MRR:14.2	Hits@10:23.11	Best:14.2
2024-09-26 14:41:48,410 INFO    : Snapshot:4	0	3	Epoch:1	Loss:12.0	MRR:14.86	Hits@10:24.08	Best:14.86
2024-09-26 14:41:55,266 INFO    : Snapshot:4	0	3	Epoch:2	Loss:11.754	MRR:15.04	Hits@10:24.33	Best:15.04
2024-09-26 14:42:01,842 INFO    : Snapshot:4	0	3	Epoch:3	Loss:11.633	MRR:15.29	Hits@10:24.49	Best:15.29
2024-09-26 14:42:08,631 INFO    : Snapshot:4	1	3	Epoch:4	Loss:11.616	MRR:15.21	Hits@10:24.51	Best:15.29
2024-09-26 14:42:15,094 INFO    : Snapshot:4	2	3	Epoch:5	Loss:11.522	MRR:15.19	Hits@10:24.45	Best:15.29
2024-09-26 14:42:21,620 INFO    : Snapshot:4	0	3	Epoch:6	Loss:11.523	MRR:15.32	Hits@10:24.54	Best:15.32
2024-09-26 14:42:28,218 INFO    : Snapshot:4	1	3	Epoch:7	Loss:11.509	MRR:15.29	Hits@10:24.6	Best:15.32
2024-09-26 14:42:34,892 INFO    : Snapshot:4	2	3	Epoch:8	Loss:11.47	MRR:15.27	Hits@10:24.58	Best:15.32
2024-09-26 14:42:41,430 INFO    : Early Stopping! Snapshot:4 Epoch: 9 Best Results: 15.32
2024-09-26 14:42:41,519 INFO    : => loading checkpoint './checkpoint/HYBRID\4model_best.tar'
2024-09-26 14:43:26,275 INFO    : 
+------------+--------+--------+--------+--------+---------+
| Snapshot:4 |  MRR   | Hits@1 | Hits@3 | Hits@5 | Hits@10 |
+------------+--------+--------+--------+--------+---------+
|     0      | 0.2558 | 0.1548 | 0.3079 | 0.3682 |  0.4392 |
|     1      | 0.2742 | 0.1772 | 0.3143 | 0.3801 |  0.4636 |
|     2      | 0.1857 | 0.1106 | 0.2127 | 0.2606 |  0.3304 |
|     3      | 0.1772 | 0.0997 | 0.2089 | 0.2603 |  0.3234 |
|     4      | 0.154  | 0.1066 | 0.1659 | 0.1997 |  0.2463 |
+------------+--------+--------+--------+--------+---------+
2024-09-26 14:43:26,276 INFO    : Final Result:
[+------------+--------+--------+--------+--------+---------+
| Snapshot:0 |  MRR   | Hits@1 | Hits@3 | Hits@5 | Hits@10 |
+------------+--------+--------+--------+--------+---------+
|     0      | 0.2558 | 0.1548 | 0.3079 | 0.3682 |  0.4392 |
+------------+--------+--------+--------+--------+---------+, +------------+--------+--------+--------+--------+---------+
| Snapshot:1 |  MRR   | Hits@1 | Hits@3 | Hits@5 | Hits@10 |
+------------+--------+--------+--------+--------+---------+
|     0      | 0.2558 | 0.1548 | 0.3079 | 0.3682 |  0.4392 |
|     1      | 0.2742 | 0.1772 | 0.3143 | 0.3801 |  0.4636 |
+------------+--------+--------+--------+--------+---------+, +------------+--------+--------+--------+--------+---------+
| Snapshot:2 |  MRR   | Hits@1 | Hits@3 | Hits@5 | Hits@10 |
+------------+--------+--------+--------+--------+---------+
|     0      | 0.2558 | 0.1548 | 0.3079 | 0.3682 |  0.4392 |
|     1      | 0.2742 | 0.1772 | 0.3143 | 0.3801 |  0.4636 |
|     2      | 0.1857 | 0.1106 | 0.2127 | 0.2606 |  0.3304 |
+------------+--------+--------+--------+--------+---------+, +------------+--------+--------+--------+--------+---------+
| Snapshot:3 |  MRR   | Hits@1 | Hits@3 | Hits@5 | Hits@10 |
+------------+--------+--------+--------+--------+---------+
|     0      | 0.2558 | 0.1548 | 0.3079 | 0.3682 |  0.4392 |
|     1      | 0.2742 | 0.1772 | 0.3143 | 0.3801 |  0.4636 |
|     2      | 0.1857 | 0.1106 | 0.2127 | 0.2606 |  0.3304 |
|     3      | 0.1772 | 0.0997 | 0.2089 | 0.2603 |  0.3234 |
+------------+--------+--------+--------+--------+---------+, +------------+--------+--------+--------+--------+---------+
| Snapshot:4 |  MRR   | Hits@1 | Hits@3 | Hits@5 | Hits@10 |
+------------+--------+--------+--------+--------+---------+
|     0      | 0.2558 | 0.1548 | 0.3079 | 0.3682 |  0.4392 |
|     1      | 0.2742 | 0.1772 | 0.3143 | 0.3801 |  0.4636 |
|     2      | 0.1857 | 0.1106 | 0.2127 | 0.2606 |  0.3304 |
|     3      | 0.1772 | 0.0997 | 0.2089 | 0.2603 |  0.3234 |
|     4      | 0.154  | 0.1066 | 0.1659 | 0.1997 |  0.2463 |
+------------+--------+--------+--------+--------+---------+]
2024-09-26 14:43:26,277 INFO    : Report Result:
+----------+--------------------+-----------+--------------+--------------+---------------+
| Snapshot |        Time        | Whole_MRR | Whole_Hits@1 | Whole_Hits@3 | Whole_Hits@10 |
+----------+--------------------+-----------+--------------+--------------+---------------+
|    0     | 41.98195219039917  |   0.256   |    0.155     |    0.308     |     0.439     |
|    1     | 51.913965463638306 |   0.261   |    0.161     |     0.31     |     0.446     |
|    2     | 187.18094491958618 |   0.221   |    0.134     |    0.258     |     0.385     |
|    3     | 320.8573296070099  |   0.204   |    0.121     |    0.239     |     0.361     |
|    4     | 68.96723365783691  |   0.198   |    0.119     |     0.23     |     0.346     |
+----------+--------------------+-----------+--------------+--------------+---------------+
2024-09-26 14:43:26,277 INFO    : Sum_Training_Time:670.9014258384705
2024-09-26 14:43:26,277 INFO    : Every_Training_Time:[41.98195219039917, 51.913965463638306, 187.18094491958618, 320.8573296070099, 68.96723365783691]
2024-09-26 14:43:26,277 INFO    : Forward transfer: 0.036449999999999996 Backward transfer: 0.0
