2024-09-19 16:51:37,525 INFO    : Namespace(batch_size='512', data_path='./data/HYBRID/', dataset='HYBRID', debug=False, device=device(type='cuda', index=0), emb_dim=200, ent_r='200', epoch_num=200, explore=False, gpu='0', l2=0.0, learning_rate='1e-1', log_path='./logs/20240919165129/HYBRID', logger=<RootLogger root (INFO)>, margin=8.0, model_name='LoraKGE_Layers', multi_layers_path='train_sorted_by_edges_betweenness.txt', neg_ratio=10, note='', num_ent_layers='5', num_layer=1, num_rel_layers='1', patience=3, predict_result=False, r=100, r_fixed=True, random_seed=3407, record=False, rel_r='20', save_path='./checkpoint/HYBRID', skip_previous='False', snapshot_num=5, train_new=True, using_multi_layers=False, using_various_ranks='True', using_various_ranks_reverse=False, valid_metrics='mrr')
2024-09-19 16:51:46,186 INFO    : Snapshot:0	0	3	Epoch:0	Loss:69.018	MRR:18.39	Hits@10:34.45	Best:18.39
2024-09-19 16:51:51,793 INFO    : Snapshot:0	0	3	Epoch:1	Loss:27.145	MRR:24.32	Hits@10:43.13	Best:24.32
2024-09-19 16:51:57,403 INFO    : Snapshot:0	0	3	Epoch:2	Loss:11.253	MRR:25.12	Hits@10:44.52	Best:25.12
2024-09-19 16:52:03,154 INFO    : Snapshot:0	1	3	Epoch:3	Loss:6.009	MRR:24.97	Hits@10:44.49	Best:25.12
2024-09-19 16:52:08,795 INFO    : Snapshot:0	2	3	Epoch:4	Loss:3.952	MRR:24.95	Hits@10:44.55	Best:25.12
2024-09-19 16:52:14,419 INFO    : Early Stopping! Snapshot:0 Epoch: 5 Best Results: 25.12
2024-09-19 16:52:14,510 INFO    : => loading checkpoint './checkpoint/HYBRID\0model_best.tar'
2024-09-19 16:52:17,897 INFO    : 
+------------+-------+--------+--------+--------+---------+
| Snapshot:0 |  MRR  | Hits@1 | Hits@3 | Hits@5 | Hits@10 |
+------------+-------+--------+--------+--------+---------+
|     0      | 0.254 | 0.1533 | 0.306  | 0.3663 |  0.4388 |
+------------+-------+--------+--------+--------+---------+
2024-09-19 16:52:24,665 INFO    : Snapshot:1	0	3	Epoch:0	Loss:13.682	MRR:22.41	Hits@10:40.51	Best:22.41
2024-09-19 16:52:27,148 INFO    : Snapshot:1	0	3	Epoch:1	Loss:6.959	MRR:24.56	Hits@10:44.16	Best:24.56
2024-09-19 16:52:29,625 INFO    : Snapshot:1	0	3	Epoch:2	Loss:5.997	MRR:25.74	Hits@10:45.11	Best:25.74
2024-09-19 16:52:32,327 INFO    : Snapshot:1	0	3	Epoch:3	Loss:5.539	MRR:26.29	Hits@10:45.32	Best:26.29
2024-09-19 16:52:34,806 INFO    : Snapshot:1	0	3	Epoch:4	Loss:5.319	MRR:26.58	Hits@10:46.43	Best:26.58
2024-09-19 16:52:37,278 INFO    : Snapshot:1	0	3	Epoch:5	Loss:5.168	MRR:26.98	Hits@10:46.47	Best:26.98
2024-09-19 16:52:39,765 INFO    : Snapshot:1	0	3	Epoch:6	Loss:5.048	MRR:27.17	Hits@10:46.72	Best:27.17
2024-09-19 16:52:42,236 INFO    : Snapshot:1	0	3	Epoch:7	Loss:4.97	MRR:27.2	Hits@10:46.91	Best:27.2
2024-09-19 16:52:44,713 INFO    : Snapshot:1	1	3	Epoch:8	Loss:4.917	MRR:26.97	Hits@10:47.11	Best:27.2
2024-09-19 16:52:47,208 INFO    : Snapshot:1	0	3	Epoch:9	Loss:4.875	MRR:27.32	Hits@10:46.91	Best:27.32
2024-09-19 16:52:49,737 INFO    : Snapshot:1	1	3	Epoch:10	Loss:4.804	MRR:27.03	Hits@10:46.95	Best:27.32
2024-09-19 16:52:52,293 INFO    : Snapshot:1	0	3	Epoch:11	Loss:4.761	MRR:27.61	Hits@10:47.03	Best:27.61
2024-09-19 16:52:54,820 INFO    : Snapshot:1	1	3	Epoch:12	Loss:4.722	MRR:27.54	Hits@10:47.43	Best:27.61
2024-09-19 16:52:57,296 INFO    : Snapshot:1	2	3	Epoch:13	Loss:4.738	MRR:27.21	Hits@10:46.85	Best:27.61
2024-09-19 16:52:59,783 INFO    : Snapshot:1	0	3	Epoch:14	Loss:4.692	MRR:27.68	Hits@10:47.52	Best:27.68
2024-09-19 16:53:02,258 INFO    : Snapshot:1	1	3	Epoch:15	Loss:4.692	MRR:27.52	Hits@10:47.5	Best:27.68
2024-09-19 16:53:04,731 INFO    : Snapshot:1	2	3	Epoch:16	Loss:4.664	MRR:27.28	Hits@10:46.98	Best:27.68
2024-09-19 16:53:07,175 INFO    : Early Stopping! Snapshot:1 Epoch: 17 Best Results: 27.68
2024-09-19 16:53:07,267 INFO    : => loading checkpoint './checkpoint/HYBRID\1model_best.tar'
2024-09-19 16:53:12,309 INFO    : 
+------------+-------+--------+--------+--------+---------+
| Snapshot:1 |  MRR  | Hits@1 | Hits@3 | Hits@5 | Hits@10 |
+------------+-------+--------+--------+--------+---------+
|     0      | 0.254 | 0.1533 | 0.306  | 0.3663 |  0.4388 |
|     1      | 0.267 | 0.1674 | 0.3103 | 0.3776 |  0.4576 |
+------------+-------+--------+--------+--------+---------+
2024-09-19 16:53:35,457 INFO    : Snapshot:2	0	3	Epoch:0	Loss:46.854	MRR:15.06	Hits@10:28.15	Best:15.06
2024-09-19 16:53:48,561 INFO    : Snapshot:2	0	3	Epoch:1	Loss:32.386	MRR:16.3	Hits@10:30.24	Best:16.3
2024-09-19 16:54:01,681 INFO    : Snapshot:2	0	3	Epoch:2	Loss:30.369	MRR:17.2	Hits@10:31.16	Best:17.2
2024-09-19 16:54:14,827 INFO    : Snapshot:2	0	3	Epoch:3	Loss:29.29	MRR:17.61	Hits@10:31.79	Best:17.61
2024-09-19 16:54:28,086 INFO    : Snapshot:2	0	3	Epoch:4	Loss:28.633	MRR:17.9	Hits@10:32.02	Best:17.9
2024-09-19 16:54:41,297 INFO    : Snapshot:2	1	3	Epoch:5	Loss:28.185	MRR:17.9	Hits@10:32.3	Best:17.9
2024-09-19 16:54:54,335 INFO    : Snapshot:2	0	3	Epoch:6	Loss:27.837	MRR:18.02	Hits@10:32.61	Best:18.02
2024-09-19 16:55:08,271 INFO    : Snapshot:2	0	3	Epoch:7	Loss:27.525	MRR:18.12	Hits@10:32.71	Best:18.12
2024-09-19 16:55:21,366 INFO    : Snapshot:2	0	3	Epoch:8	Loss:27.361	MRR:18.21	Hits@10:32.98	Best:18.21
2024-09-19 16:55:34,531 INFO    : Snapshot:2	0	3	Epoch:9	Loss:27.155	MRR:18.52	Hits@10:33.08	Best:18.52
2024-09-19 16:55:47,369 INFO    : Snapshot:2	0	3	Epoch:10	Loss:27.109	MRR:18.53	Hits@10:33.2	Best:18.53
2024-09-19 16:56:00,535 INFO    : Snapshot:2	0	3	Epoch:11	Loss:26.921	MRR:18.71	Hits@10:33.26	Best:18.71
2024-09-19 16:56:13,325 INFO    : Snapshot:2	1	3	Epoch:12	Loss:26.782	MRR:18.71	Hits@10:33.17	Best:18.71
2024-09-19 16:56:26,296 INFO    : Snapshot:2	0	3	Epoch:13	Loss:26.665	MRR:18.82	Hits@10:33.34	Best:18.82
2024-09-19 16:56:39,631 INFO    : Snapshot:2	1	3	Epoch:14	Loss:26.587	MRR:18.57	Hits@10:33.35	Best:18.82
2024-09-19 16:56:52,957 INFO    : Snapshot:2	2	3	Epoch:15	Loss:26.515	MRR:18.63	Hits@10:33.38	Best:18.82
2024-09-19 16:57:06,214 INFO    : Early Stopping! Snapshot:2 Epoch: 16 Best Results: 18.82
2024-09-19 16:57:06,315 INFO    : => loading checkpoint './checkpoint/HYBRID\2model_best.tar'
2024-09-19 16:57:19,043 INFO    : 
+------------+--------+--------+--------+--------+---------+
| Snapshot:2 |  MRR   | Hits@1 | Hits@3 | Hits@5 | Hits@10 |
+------------+--------+--------+--------+--------+---------+
|     0      | 0.254  | 0.1533 | 0.306  | 0.3663 |  0.4388 |
|     1      | 0.267  | 0.1674 | 0.3103 | 0.3776 |  0.4576 |
|     2      | 0.1872 | 0.1131 | 0.2128 | 0.2624 |  0.3307 |
+------------+--------+--------+--------+--------+---------+
2024-09-19 16:57:49,706 INFO    : Snapshot:3	0	3	Epoch:0	Loss:53.142	MRR:15.25	Hits@10:28.62	Best:15.25
2024-09-19 16:58:06,491 INFO    : Snapshot:3	0	3	Epoch:1	Loss:41.232	MRR:16.09	Hits@10:30.03	Best:16.09
2024-09-19 16:58:23,090 INFO    : Snapshot:3	0	3	Epoch:2	Loss:39.801	MRR:16.4	Hits@10:30.81	Best:16.4
2024-09-19 16:58:39,907 INFO    : Snapshot:3	0	3	Epoch:3	Loss:39.092	MRR:16.81	Hits@10:31.23	Best:16.81
2024-09-19 16:58:56,682 INFO    : Snapshot:3	0	3	Epoch:4	Loss:38.629	MRR:16.98	Hits@10:31.42	Best:16.98
2024-09-19 16:59:13,539 INFO    : Snapshot:3	0	3	Epoch:5	Loss:38.331	MRR:17.01	Hits@10:31.47	Best:17.01
2024-09-19 16:59:30,446 INFO    : Snapshot:3	0	3	Epoch:6	Loss:38.223	MRR:17.08	Hits@10:31.66	Best:17.08
2024-09-19 16:59:47,551 INFO    : Snapshot:3	0	3	Epoch:7	Loss:38.054	MRR:17.11	Hits@10:31.7	Best:17.11
2024-09-19 17:00:04,548 INFO    : Snapshot:3	0	3	Epoch:8	Loss:37.874	MRR:17.22	Hits@10:31.72	Best:17.22
2024-09-19 17:00:21,756 INFO    : Snapshot:3	0	3	Epoch:9	Loss:37.782	MRR:17.31	Hits@10:31.77	Best:17.31
2024-09-19 17:00:38,913 INFO    : Snapshot:3	1	3	Epoch:10	Loss:37.545	MRR:17.29	Hits@10:31.77	Best:17.31
2024-09-19 17:00:55,485 INFO    : Snapshot:3	2	3	Epoch:11	Loss:37.504	MRR:17.3	Hits@10:31.7	Best:17.31
2024-09-19 17:01:12,756 INFO    : Snapshot:3	0	3	Epoch:12	Loss:37.416	MRR:17.41	Hits@10:32.07	Best:17.41
2024-09-19 17:01:29,525 INFO    : Snapshot:3	0	3	Epoch:13	Loss:37.35	MRR:17.44	Hits@10:31.95	Best:17.44
2024-09-19 17:01:45,993 INFO    : Snapshot:3	1	3	Epoch:14	Loss:37.318	MRR:17.44	Hits@10:32.05	Best:17.44
2024-09-19 17:02:02,299 INFO    : Snapshot:3	0	3	Epoch:15	Loss:37.312	MRR:17.47	Hits@10:31.88	Best:17.47
2024-09-19 17:02:18,402 INFO    : Snapshot:3	0	3	Epoch:16	Loss:37.212	MRR:17.53	Hits@10:32.03	Best:17.53
2024-09-19 17:02:34,845 INFO    : Snapshot:3	0	3	Epoch:17	Loss:37.173	MRR:17.63	Hits@10:31.9	Best:17.63
2024-09-19 17:02:51,313 INFO    : Snapshot:3	1	3	Epoch:18	Loss:37.053	MRR:17.57	Hits@10:32.17	Best:17.63
2024-09-19 17:03:06,968 INFO    : Snapshot:3	2	3	Epoch:19	Loss:37.034	MRR:17.63	Hits@10:32.07	Best:17.63
2024-09-19 17:03:23,905 INFO    : Early Stopping! Snapshot:3 Epoch: 20 Best Results: 17.63
2024-09-19 17:03:24,019 INFO    : => loading checkpoint './checkpoint/HYBRID\3model_best.tar'
2024-09-19 17:03:47,226 INFO    : 
+------------+--------+--------+--------+--------+---------+
| Snapshot:3 |  MRR   | Hits@1 | Hits@3 | Hits@5 | Hits@10 |
+------------+--------+--------+--------+--------+---------+
|     0      | 0.254  | 0.1533 | 0.306  | 0.3663 |  0.4388 |
|     1      | 0.267  | 0.1674 | 0.3103 | 0.3776 |  0.4576 |
|     2      | 0.1872 | 0.1131 | 0.2128 | 0.2624 |  0.3307 |
|     3      | 0.1749 | 0.0957 | 0.2079 | 0.2593 |  0.3247 |
+------------+--------+--------+--------+--------+---------+
2024-09-19 17:04:00,935 INFO    : Snapshot:4	0	3	Epoch:0	Loss:26.837	MRR:14.91	Hits@10:24.37	Best:14.91
2024-09-19 17:04:07,426 INFO    : Snapshot:4	0	3	Epoch:1	Loss:23.406	MRR:15.42	Hits@10:24.99	Best:15.42
2024-09-19 17:04:14,138 INFO    : Snapshot:4	1	3	Epoch:2	Loss:23.038	MRR:15.38	Hits@10:24.92	Best:15.42
2024-09-19 17:04:21,233 INFO    : Snapshot:4	0	3	Epoch:3	Loss:22.929	MRR:15.55	Hits@10:25.08	Best:15.55
2024-09-19 17:04:27,957 INFO    : Snapshot:4	0	3	Epoch:4	Loss:22.795	MRR:15.7	Hits@10:25.15	Best:15.7
2024-09-19 17:04:34,725 INFO    : Snapshot:4	1	3	Epoch:5	Loss:22.748	MRR:15.64	Hits@10:25.18	Best:15.7
2024-09-19 17:04:41,437 INFO    : Snapshot:4	2	3	Epoch:6	Loss:22.771	MRR:15.7	Hits@10:25.15	Best:15.7
2024-09-19 17:04:48,193 INFO    : Snapshot:4	0	3	Epoch:7	Loss:22.775	MRR:15.73	Hits@10:25.24	Best:15.73
2024-09-19 17:04:54,913 INFO    : Snapshot:4	1	3	Epoch:8	Loss:22.75	MRR:15.73	Hits@10:25.11	Best:15.73
2024-09-19 17:05:01,688 INFO    : Snapshot:4	2	3	Epoch:9	Loss:22.692	MRR:15.69	Hits@10:25.26	Best:15.73
2024-09-19 17:05:08,392 INFO    : Early Stopping! Snapshot:4 Epoch: 10 Best Results: 15.73
2024-09-19 17:05:08,486 INFO    : => loading checkpoint './checkpoint/HYBRID\4model_best.tar'
2024-09-19 17:05:37,475 INFO    : 
+------------+--------+--------+--------+--------+---------+
| Snapshot:4 |  MRR   | Hits@1 | Hits@3 | Hits@5 | Hits@10 |
+------------+--------+--------+--------+--------+---------+
|     0      | 0.254  | 0.1533 | 0.306  | 0.3663 |  0.4388 |
|     1      | 0.267  | 0.1674 | 0.3103 | 0.3776 |  0.4576 |
|     2      | 0.1872 | 0.1131 | 0.2128 | 0.2624 |  0.3307 |
|     3      | 0.1749 | 0.0957 | 0.2079 | 0.2593 |  0.3247 |
|     4      | 0.1552 | 0.1052 | 0.1678 | 0.2026 |   0.25  |
+------------+--------+--------+--------+--------+---------+
2024-09-19 17:05:37,476 INFO    : Final Result:
[+------------+-------+--------+--------+--------+---------+
| Snapshot:0 |  MRR  | Hits@1 | Hits@3 | Hits@5 | Hits@10 |
+------------+-------+--------+--------+--------+---------+
|     0      | 0.254 | 0.1533 | 0.306  | 0.3663 |  0.4388 |
+------------+-------+--------+--------+--------+---------+, +------------+-------+--------+--------+--------+---------+
| Snapshot:1 |  MRR  | Hits@1 | Hits@3 | Hits@5 | Hits@10 |
+------------+-------+--------+--------+--------+---------+
|     0      | 0.254 | 0.1533 | 0.306  | 0.3663 |  0.4388 |
|     1      | 0.267 | 0.1674 | 0.3103 | 0.3776 |  0.4576 |
+------------+-------+--------+--------+--------+---------+, +------------+--------+--------+--------+--------+---------+
| Snapshot:2 |  MRR   | Hits@1 | Hits@3 | Hits@5 | Hits@10 |
+------------+--------+--------+--------+--------+---------+
|     0      | 0.254  | 0.1533 | 0.306  | 0.3663 |  0.4388 |
|     1      | 0.267  | 0.1674 | 0.3103 | 0.3776 |  0.4576 |
|     2      | 0.1872 | 0.1131 | 0.2128 | 0.2624 |  0.3307 |
+------------+--------+--------+--------+--------+---------+, +------------+--------+--------+--------+--------+---------+
| Snapshot:3 |  MRR   | Hits@1 | Hits@3 | Hits@5 | Hits@10 |
+------------+--------+--------+--------+--------+---------+
|     0      | 0.254  | 0.1533 | 0.306  | 0.3663 |  0.4388 |
|     1      | 0.267  | 0.1674 | 0.3103 | 0.3776 |  0.4576 |
|     2      | 0.1872 | 0.1131 | 0.2128 | 0.2624 |  0.3307 |
|     3      | 0.1749 | 0.0957 | 0.2079 | 0.2593 |  0.3247 |
+------------+--------+--------+--------+--------+---------+, +------------+--------+--------+--------+--------+---------+
| Snapshot:4 |  MRR   | Hits@1 | Hits@3 | Hits@5 | Hits@10 |
+------------+--------+--------+--------+--------+---------+
|     0      | 0.254  | 0.1533 | 0.306  | 0.3663 |  0.4388 |
|     1      | 0.267  | 0.1674 | 0.3103 | 0.3776 |  0.4576 |
|     2      | 0.1872 | 0.1131 | 0.2128 | 0.2624 |  0.3307 |
|     3      | 0.1749 | 0.0957 | 0.2079 | 0.2593 |  0.3247 |
|     4      | 0.1552 | 0.1052 | 0.1678 | 0.2026 |   0.25  |
+------------+--------+--------+--------+--------+---------+]
2024-09-19 17:05:37,476 INFO    : Report Result:
+----------+--------------------+-----------+--------------+--------------+---------------+
| Snapshot |        Time        | Whole_MRR | Whole_Hits@1 | Whole_Hits@3 | Whole_Hits@10 |
+----------+--------------------+-----------+--------------+--------------+---------------+
|    0     | 36.892903089523315 |   0.254   |    0.153     |    0.306     |     0.439     |
|    1     | 47.35112905502319  |   0.257   |    0.157     |    0.307     |     0.444     |
|    2     | 226.35149121284485 |    0.22   |    0.134     |    0.257     |     0.384     |
|    3     | 354.4373564720154  |   0.203   |    0.119     |    0.238     |     0.361     |
|    4     | 76.62310433387756  |   0.197   |    0.117     |    0.229     |     0.347     |
+----------+--------------------+-----------+--------------+--------------+---------------+
2024-09-19 17:05:37,476 INFO    : Sum_Training_Time:741.6559841632843
2024-09-19 17:05:37,476 INFO    : Every_Training_Time:[36.892903089523315, 47.35112905502319, 226.35149121284485, 354.4373564720154, 76.62310433387756]
2024-09-19 17:05:37,476 INFO    : Forward transfer: 0.0369 Backward transfer: 0.0
