2024-10-10 18:37:39,294 INFO    : Namespace(batch_size='1024', data_path='./data/FB_CKGE/', dataset='FB_CKGE', debug=False, device=device(type='cuda', index=0), emb_dim=200, ent_r='20', epoch_num=200, explore=False, gpu='0', l2=0.0, learning_rate='1e-1', log_path='./logs/FB_CKGE 20 1 1e-1 1024/FB_CKGE 20241010183728', logger=<RootLogger root (INFO)>, margin=8.0, model_name='LoraKGE_Layers', multi_layers_path='train_sorted_by_edges_betweenness.txt', neg_ratio=10, note='', num_ent_layers='1', num_layer=1, num_rel_layers='1', patience=3, predict_result='True', r=100, r_fixed=True, random_seed=3407, record=False, rel_r='20', save_path='./checkpoint/FB_CKGE', skip_previous='False', snapshot_num=5, train_new=True, using_multi_layers=False, using_various_ranks='True', using_various_ranks_reverse=False, valid_metrics='mrr')
2024-10-10 18:37:58,872 INFO    : Snapshot:0	0	3	Epoch:0	Loss:91.268	MRR:22.64	Hits@10:42.62	Best:22.64
2024-10-10 18:38:15,730 INFO    : Snapshot:0	0	3	Epoch:1	Loss:17.198	MRR:24.74	Hits@10:45.16	Best:24.74
2024-10-10 18:38:32,562 INFO    : Snapshot:0	1	3	Epoch:2	Loss:7.016	MRR:23.93	Hits@10:44.13	Best:24.74
2024-10-10 18:38:49,594 INFO    : Snapshot:0	2	3	Epoch:3	Loss:4.7	MRR:23.72	Hits@10:43.5	Best:24.74
2024-10-10 18:39:06,558 INFO    : Early Stopping! Snapshot:0 Epoch: 4 Best Results: 24.74
2024-10-10 18:39:06,668 INFO    : => loading checkpoint './checkpoint/FB_CKGE\0model_best.tar'
2024-10-10 18:39:25,874 INFO    : 
+------------+-------+--------+--------+--------+---------+
| Snapshot:0 |  MRR  | Hits@1 | Hits@3 | Hits@5 | Hits@10 |
+------------+-------+--------+--------+--------+---------+
|     0      | 0.246 | 0.1419 | 0.2865 |  0.36  |  0.452  |
+------------+-------+--------+--------+--------+---------+
2024-10-10 18:39:37,354 INFO    : Snapshot:1	0	3	Epoch:0	Loss:8.291	MRR:11.15	Hits@10:20.27	Best:11.15
2024-10-10 18:39:40,832 INFO    : Snapshot:1	0	3	Epoch:1	Loss:2.549	MRR:12.93	Hits@10:25.0	Best:12.93
2024-10-10 18:39:44,269 INFO    : Snapshot:1	0	3	Epoch:2	Loss:1.758	MRR:14.14	Hits@10:27.11	Best:14.14
2024-10-10 18:39:47,716 INFO    : Snapshot:1	0	3	Epoch:3	Loss:1.41	MRR:14.99	Hits@10:28.54	Best:14.99
2024-10-10 18:39:51,197 INFO    : Snapshot:1	0	3	Epoch:4	Loss:1.205	MRR:15.26	Hits@10:29.06	Best:15.26
2024-10-10 18:39:54,714 INFO    : Snapshot:1	0	3	Epoch:5	Loss:1.032	MRR:15.54	Hits@10:29.39	Best:15.54
2024-10-10 18:39:58,166 INFO    : Snapshot:1	0	3	Epoch:6	Loss:0.933	MRR:15.93	Hits@10:30.1	Best:15.93
2024-10-10 18:40:01,630 INFO    : Snapshot:1	1	3	Epoch:7	Loss:0.846	MRR:15.93	Hits@10:30.19	Best:15.93
2024-10-10 18:40:05,108 INFO    : Snapshot:1	0	3	Epoch:8	Loss:0.806	MRR:16.02	Hits@10:30.52	Best:16.02
2024-10-10 18:40:08,601 INFO    : Snapshot:1	0	3	Epoch:9	Loss:0.75	MRR:16.34	Hits@10:31.09	Best:16.34
2024-10-10 18:40:12,077 INFO    : Snapshot:1	0	3	Epoch:10	Loss:0.724	MRR:16.48	Hits@10:31.09	Best:16.48
2024-10-10 18:40:15,594 INFO    : Snapshot:1	0	3	Epoch:11	Loss:0.689	MRR:16.55	Hits@10:31.1	Best:16.55
2024-10-10 18:40:19,106 INFO    : Snapshot:1	0	3	Epoch:12	Loss:0.671	MRR:16.58	Hits@10:31.59	Best:16.58
2024-10-10 18:40:22,587 INFO    : Snapshot:1	0	3	Epoch:13	Loss:0.647	MRR:16.78	Hits@10:31.23	Best:16.78
2024-10-10 18:40:26,183 INFO    : Snapshot:1	1	3	Epoch:14	Loss:0.628	MRR:16.52	Hits@10:31.47	Best:16.78
2024-10-10 18:40:30,146 INFO    : Snapshot:1	2	3	Epoch:15	Loss:0.614	MRR:16.67	Hits@10:31.56	Best:16.78
2024-10-10 18:40:33,669 INFO    : Early Stopping! Snapshot:1 Epoch: 16 Best Results: 16.78
2024-10-10 18:40:33,775 INFO    : => loading checkpoint './checkpoint/FB_CKGE\1model_best.tar'
2024-10-10 18:40:58,295 INFO    : 
+------------+--------+--------+--------+--------+---------+
| Snapshot:1 |  MRR   | Hits@1 | Hits@3 | Hits@5 | Hits@10 |
+------------+--------+--------+--------+--------+---------+
|     0      | 0.246  | 0.1419 | 0.2865 |  0.36  |  0.452  |
|     1      | 0.1747 | 0.1037 | 0.1908 | 0.2394 |  0.3175 |
+------------+--------+--------+--------+--------+---------+
2024-10-10 18:41:09,966 INFO    : Snapshot:2	0	3	Epoch:0	Loss:6.0	MRR:16.9	Hits@10:29.72	Best:16.9
2024-10-10 18:41:13,838 INFO    : Snapshot:2	0	3	Epoch:1	Loss:2.843	MRR:17.2	Hits@10:30.49	Best:17.2
2024-10-10 18:41:17,662 INFO    : Snapshot:2	0	3	Epoch:2	Loss:2.449	MRR:17.38	Hits@10:30.67	Best:17.38
2024-10-10 18:41:21,512 INFO    : Snapshot:2	0	3	Epoch:3	Loss:2.261	MRR:17.54	Hits@10:30.95	Best:17.54
2024-10-10 18:41:25,544 INFO    : Snapshot:2	0	3	Epoch:4	Loss:2.142	MRR:17.6	Hits@10:31.09	Best:17.6
2024-10-10 18:41:29,418 INFO    : Snapshot:2	0	3	Epoch:5	Loss:2.047	MRR:17.62	Hits@10:31.08	Best:17.62
2024-10-10 18:41:33,264 INFO    : Snapshot:2	0	3	Epoch:6	Loss:1.993	MRR:17.63	Hits@10:31.18	Best:17.63
2024-10-10 18:41:37,118 INFO    : Snapshot:2	0	3	Epoch:7	Loss:1.958	MRR:17.79	Hits@10:31.36	Best:17.79
2024-10-10 18:41:41,043 INFO    : Snapshot:2	0	3	Epoch:8	Loss:1.901	MRR:17.84	Hits@10:31.28	Best:17.84
2024-10-10 18:41:45,004 INFO    : Snapshot:2	1	3	Epoch:9	Loss:1.899	MRR:17.8	Hits@10:31.3	Best:17.84
2024-10-10 18:41:48,864 INFO    : Snapshot:2	0	3	Epoch:10	Loss:1.87	MRR:17.94	Hits@10:31.57	Best:17.94
2024-10-10 18:41:52,699 INFO    : Snapshot:2	0	3	Epoch:11	Loss:1.854	MRR:17.96	Hits@10:31.63	Best:17.96
2024-10-10 18:41:56,542 INFO    : Snapshot:2	1	3	Epoch:12	Loss:1.817	MRR:17.89	Hits@10:31.44	Best:17.96
2024-10-10 18:42:00,503 INFO    : Snapshot:2	2	3	Epoch:13	Loss:1.822	MRR:17.91	Hits@10:31.56	Best:17.96
2024-10-10 18:42:04,398 INFO    : Snapshot:2	0	3	Epoch:14	Loss:1.8	MRR:18.0	Hits@10:31.62	Best:18.0
2024-10-10 18:42:08,357 INFO    : Snapshot:2	0	3	Epoch:15	Loss:1.789	MRR:18.08	Hits@10:31.67	Best:18.08
2024-10-10 18:42:12,206 INFO    : Snapshot:2	1	3	Epoch:16	Loss:1.797	MRR:18.0	Hits@10:31.69	Best:18.08
2024-10-10 18:42:16,110 INFO    : Snapshot:2	2	3	Epoch:17	Loss:1.787	MRR:18.03	Hits@10:31.75	Best:18.08
2024-10-10 18:42:19,909 INFO    : Early Stopping! Snapshot:2 Epoch: 18 Best Results: 18.08
2024-10-10 18:42:20,023 INFO    : => loading checkpoint './checkpoint/FB_CKGE\2model_best.tar'
2024-10-10 18:42:45,443 INFO    : 
+------------+--------+--------+--------+--------+---------+
| Snapshot:2 |  MRR   | Hits@1 | Hits@3 | Hits@5 | Hits@10 |
+------------+--------+--------+--------+--------+---------+
|     0      | 0.246  | 0.1419 | 0.2865 |  0.36  |  0.452  |
|     1      | 0.1747 | 0.1037 | 0.1908 | 0.2394 |  0.3175 |
|     2      | 0.1788 | 0.1083 | 0.1997 | 0.2465 |  0.3157 |
+------------+--------+--------+--------+--------+---------+
2024-10-10 18:42:56,614 INFO    : Snapshot:3	0	3	Epoch:0	Loss:4.513	MRR:18.88	Hits@10:32.76	Best:18.88
2024-10-10 18:43:00,702 INFO    : Snapshot:3	0	3	Epoch:1	Loss:3.027	MRR:18.93	Hits@10:32.8	Best:18.93
2024-10-10 18:43:04,787 INFO    : Snapshot:3	1	3	Epoch:2	Loss:2.847	MRR:18.87	Hits@10:32.84	Best:18.93
2024-10-10 18:43:08,861 INFO    : Snapshot:3	0	3	Epoch:3	Loss:2.75	MRR:18.97	Hits@10:33.13	Best:18.97
2024-10-10 18:43:13,144 INFO    : Snapshot:3	0	3	Epoch:4	Loss:2.71	MRR:19.01	Hits@10:33.04	Best:19.01
2024-10-10 18:43:17,235 INFO    : Snapshot:3	0	3	Epoch:5	Loss:2.652	MRR:19.04	Hits@10:33.2	Best:19.04
2024-10-10 18:43:21,324 INFO    : Snapshot:3	1	3	Epoch:6	Loss:2.63	MRR:19.03	Hits@10:33.25	Best:19.04
2024-10-10 18:43:25,413 INFO    : Snapshot:3	0	3	Epoch:7	Loss:2.614	MRR:19.06	Hits@10:33.16	Best:19.06
2024-10-10 18:43:29,522 INFO    : Snapshot:3	0	3	Epoch:8	Loss:2.584	MRR:19.1	Hits@10:33.28	Best:19.1
2024-10-10 18:43:33,597 INFO    : Snapshot:3	1	3	Epoch:9	Loss:2.58	MRR:19.09	Hits@10:33.3	Best:19.1
2024-10-10 18:43:37,718 INFO    : Snapshot:3	0	3	Epoch:10	Loss:2.588	MRR:19.11	Hits@10:33.3	Best:19.11
2024-10-10 18:43:41,808 INFO    : Snapshot:3	1	3	Epoch:11	Loss:2.542	MRR:19.1	Hits@10:33.31	Best:19.11
2024-10-10 18:43:45,862 INFO    : Snapshot:3	2	3	Epoch:12	Loss:2.541	MRR:19.1	Hits@10:33.34	Best:19.11
2024-10-10 18:43:49,899 INFO    : Snapshot:3	0	3	Epoch:13	Loss:2.515	MRR:19.13	Hits@10:33.29	Best:19.13
2024-10-10 18:43:53,967 INFO    : Snapshot:3	1	3	Epoch:14	Loss:2.529	MRR:19.07	Hits@10:33.31	Best:19.13
2024-10-10 18:43:58,015 INFO    : Snapshot:3	2	3	Epoch:15	Loss:2.539	MRR:19.1	Hits@10:33.26	Best:19.13
2024-10-10 18:44:02,271 INFO    : Early Stopping! Snapshot:3 Epoch: 16 Best Results: 19.13
2024-10-10 18:44:02,390 INFO    : => loading checkpoint './checkpoint/FB_CKGE\3model_best.tar'
2024-10-10 18:44:34,496 INFO    : 
+------------+--------+--------+--------+--------+---------+
| Snapshot:3 |  MRR   | Hits@1 | Hits@3 | Hits@5 | Hits@10 |
+------------+--------+--------+--------+--------+---------+
|     0      | 0.246  | 0.1419 | 0.2865 |  0.36  |  0.452  |
|     1      | 0.1747 | 0.1037 | 0.1908 | 0.2394 |  0.3175 |
|     2      | 0.1788 | 0.1083 | 0.1997 | 0.2465 |  0.3157 |
|     3      | 0.1898 | 0.1182 | 0.2117 | 0.2606 |  0.3274 |
+------------+--------+--------+--------+--------+---------+
2024-10-10 18:44:47,212 INFO    : Snapshot:4	0	3	Epoch:0	Loss:3.71	MRR:19.81	Hits@10:33.19	Best:19.81
2024-10-10 18:44:51,500 INFO    : Snapshot:4	1	3	Epoch:1	Loss:3.166	MRR:19.81	Hits@10:33.25	Best:19.81
2024-10-10 18:44:55,749 INFO    : Snapshot:4	2	3	Epoch:2	Loss:3.069	MRR:19.81	Hits@10:33.24	Best:19.81
2024-10-10 18:45:00,019 INFO    : Snapshot:4	0	3	Epoch:3	Loss:3.029	MRR:19.83	Hits@10:33.19	Best:19.83
2024-10-10 18:45:04,367 INFO    : Snapshot:4	1	3	Epoch:4	Loss:3.008	MRR:19.82	Hits@10:33.32	Best:19.83
2024-10-10 18:45:08,707 INFO    : Snapshot:4	0	3	Epoch:5	Loss:2.989	MRR:19.86	Hits@10:33.31	Best:19.86
2024-10-10 18:45:13,024 INFO    : Snapshot:4	1	3	Epoch:6	Loss:3.0	MRR:19.84	Hits@10:33.25	Best:19.86
2024-10-10 18:45:17,197 INFO    : Snapshot:4	2	3	Epoch:7	Loss:2.999	MRR:19.85	Hits@10:33.28	Best:19.86
2024-10-10 18:45:21,353 INFO    : Early Stopping! Snapshot:4 Epoch: 8 Best Results: 19.86
2024-10-10 18:45:21,479 INFO    : => loading checkpoint './checkpoint/FB_CKGE\4model_best.tar'
2024-10-10 18:45:58,492 INFO    : 
+------------+--------+--------+--------+--------+---------+
| Snapshot:4 |  MRR   | Hits@1 | Hits@3 | Hits@5 | Hits@10 |
+------------+--------+--------+--------+--------+---------+
|     0      | 0.246  | 0.1419 | 0.2865 |  0.36  |  0.452  |
|     1      | 0.1747 | 0.1037 | 0.1908 | 0.2394 |  0.3175 |
|     2      | 0.1788 | 0.1083 | 0.1997 | 0.2465 |  0.3157 |
|     3      | 0.1898 | 0.1182 | 0.2117 | 0.2606 |  0.3274 |
|     4      | 0.2107 | 0.1312 | 0.2398 | 0.2931 |  0.3643 |
+------------+--------+--------+--------+--------+---------+
2024-10-10 18:45:58,494 INFO    : Final Result:
[+------------+-------+--------+--------+--------+---------+
| Snapshot:0 |  MRR  | Hits@1 | Hits@3 | Hits@5 | Hits@10 |
+------------+-------+--------+--------+--------+---------+
|     0      | 0.246 | 0.1419 | 0.2865 |  0.36  |  0.452  |
+------------+-------+--------+--------+--------+---------+, +------------+--------+--------+--------+--------+---------+
| Snapshot:1 |  MRR   | Hits@1 | Hits@3 | Hits@5 | Hits@10 |
+------------+--------+--------+--------+--------+---------+
|     0      | 0.246  | 0.1419 | 0.2865 |  0.36  |  0.452  |
|     1      | 0.1747 | 0.1037 | 0.1908 | 0.2394 |  0.3175 |
+------------+--------+--------+--------+--------+---------+, +------------+--------+--------+--------+--------+---------+
| Snapshot:2 |  MRR   | Hits@1 | Hits@3 | Hits@5 | Hits@10 |
+------------+--------+--------+--------+--------+---------+
|     0      | 0.246  | 0.1419 | 0.2865 |  0.36  |  0.452  |
|     1      | 0.1747 | 0.1037 | 0.1908 | 0.2394 |  0.3175 |
|     2      | 0.1788 | 0.1083 | 0.1997 | 0.2465 |  0.3157 |
+------------+--------+--------+--------+--------+---------+, +------------+--------+--------+--------+--------+---------+
| Snapshot:3 |  MRR   | Hits@1 | Hits@3 | Hits@5 | Hits@10 |
+------------+--------+--------+--------+--------+---------+
|     0      | 0.246  | 0.1419 | 0.2865 |  0.36  |  0.452  |
|     1      | 0.1747 | 0.1037 | 0.1908 | 0.2394 |  0.3175 |
|     2      | 0.1788 | 0.1083 | 0.1997 | 0.2465 |  0.3157 |
|     3      | 0.1898 | 0.1182 | 0.2117 | 0.2606 |  0.3274 |
+------------+--------+--------+--------+--------+---------+, +------------+--------+--------+--------+--------+---------+
| Snapshot:4 |  MRR   | Hits@1 | Hits@3 | Hits@5 | Hits@10 |
+------------+--------+--------+--------+--------+---------+
|     0      | 0.246  | 0.1419 | 0.2865 |  0.36  |  0.452  |
|     1      | 0.1747 | 0.1037 | 0.1908 | 0.2394 |  0.3175 |
|     2      | 0.1788 | 0.1083 | 0.1997 | 0.2465 |  0.3157 |
|     3      | 0.1898 | 0.1182 | 0.2117 | 0.2606 |  0.3274 |
|     4      | 0.2107 | 0.1312 | 0.2398 | 0.2931 |  0.3643 |
+------------+--------+--------+--------+--------+---------+]
2024-10-10 18:45:58,494 INFO    : Report Result:
+----------+--------------------+-----------+--------------+--------------+---------------+
| Snapshot |        Time        | Whole_MRR | Whole_Hits@1 | Whole_Hits@3 | Whole_Hits@10 |
+----------+--------------------+-----------+--------------+--------------+---------------+
|    0     | 87.26292586326599  |   0.246   |    0.142     |    0.286     |     0.452     |
|    1     | 62.961111068725586 |   0.236   |    0.136     |    0.273     |     0.433     |
|    2     | 76.97591471672058  |   0.229   |    0.133     |    0.264     |     0.418     |
|    3     | 72.41374039649963  |   0.224   |    0.131     |    0.258     |     0.408     |
|    4     | 41.43198609352112  |   0.223   |    0.131     |    0.256     |     0.404     |
+----------+--------------------+-----------+--------------+--------------+---------------+
2024-10-10 18:45:58,495 INFO    : Sum_Training_Time:341.0456781387329
2024-10-10 18:45:58,495 INFO    : Every_Training_Time:[87.26292586326599, 62.961111068725586, 76.97591471672058, 72.41374039649963, 41.43198609352112]
2024-10-10 18:45:58,495 INFO    : Forward transfer: 0.1481 Backward transfer: 0.0
