2024-10-04 09:55:41,679 INFO    : Namespace(batch_size='1024', data_path='./data/WN_CKGE/', dataset='WN_CKGE', debug=False, device=device(type='cuda', index=0), emb_dim=200, ent_r='200', epoch_num=200, explore=False, gpu='0', l2=0.0, learning_rate='3e-1', log_path='./logs/WN_CKGE 200 20 3e-1 1024/WN_CKGE 20241004095537', logger=<RootLogger root (INFO)>, margin=8.0, model_name='LoraKGE_Layers', multi_layers_path='train_sorted_by_edges_betweenness.txt', neg_ratio=10, note='', num_ent_layers='20', num_layer=1, num_rel_layers='1', patience=3, predict_result='True', r=100, r_fixed=True, random_seed=3407, record=False, rel_r='20', save_path='./checkpoint/WN_CKGE', skip_previous='False', snapshot_num=5, train_new=True, using_multi_layers=False, using_various_ranks='True', using_various_ranks_reverse=False, valid_metrics='mrr')
2024-10-04 09:55:54,595 INFO    : Snapshot:0	0	3	Epoch:0	Loss:45.017	MRR:0.65	Hits@10:1.58	Best:0.65
2024-10-04 09:56:06,295 INFO    : Snapshot:0	0	3	Epoch:1	Loss:32.268	MRR:1.05	Hits@10:2.63	Best:1.05
2024-10-04 09:56:17,887 INFO    : Snapshot:0	0	3	Epoch:2	Loss:21.21	MRR:5.08	Hits@10:12.95	Best:5.08
2024-10-04 09:56:30,718 INFO    : Snapshot:0	0	3	Epoch:3	Loss:13.825	MRR:9.75	Hits@10:23.04	Best:9.75
2024-10-04 09:56:42,706 INFO    : Snapshot:0	0	3	Epoch:4	Loss:9.683	MRR:12.0	Hits@10:27.35	Best:12.0
2024-10-04 09:56:54,795 INFO    : Snapshot:0	0	3	Epoch:5	Loss:7.319	MRR:13.08	Hits@10:29.41	Best:13.08
2024-10-04 09:57:07,244 INFO    : Snapshot:0	0	3	Epoch:6	Loss:5.8	MRR:13.66	Hits@10:30.48	Best:13.66
2024-10-04 09:57:19,413 INFO    : Snapshot:0	0	3	Epoch:7	Loss:4.72	MRR:14.11	Hits@10:31.25	Best:14.11
2024-10-04 09:57:31,309 INFO    : Snapshot:0	0	3	Epoch:8	Loss:3.895	MRR:14.43	Hits@10:31.91	Best:14.43
2024-10-04 09:57:43,226 INFO    : Snapshot:0	0	3	Epoch:9	Loss:3.269	MRR:14.7	Hits@10:32.3	Best:14.7
2024-10-04 09:57:55,221 INFO    : Snapshot:0	0	3	Epoch:10	Loss:2.738	MRR:14.94	Hits@10:32.63	Best:14.94
2024-10-04 09:58:07,332 INFO    : Snapshot:0	0	3	Epoch:11	Loss:2.308	MRR:15.18	Hits@10:33.15	Best:15.18
2024-10-04 09:58:19,680 INFO    : Snapshot:0	0	3	Epoch:12	Loss:1.972	MRR:15.3	Hits@10:33.5	Best:15.3
2024-10-04 09:58:31,708 INFO    : Snapshot:0	0	3	Epoch:13	Loss:1.656	MRR:15.56	Hits@10:33.92	Best:15.56
2024-10-04 09:58:43,471 INFO    : Snapshot:0	0	3	Epoch:14	Loss:1.416	MRR:15.74	Hits@10:34.26	Best:15.74
2024-10-04 09:58:55,409 INFO    : Snapshot:0	0	3	Epoch:15	Loss:1.199	MRR:15.86	Hits@10:34.58	Best:15.86
2024-10-04 09:59:07,603 INFO    : Snapshot:0	0	3	Epoch:16	Loss:1.025	MRR:16.05	Hits@10:35.02	Best:16.05
2024-10-04 09:59:20,141 INFO    : Snapshot:0	0	3	Epoch:17	Loss:0.882	MRR:16.19	Hits@10:35.33	Best:16.19
2024-10-04 09:59:32,583 INFO    : Snapshot:0	0	3	Epoch:18	Loss:0.758	MRR:16.27	Hits@10:35.47	Best:16.27
2024-10-04 09:59:45,315 INFO    : Snapshot:0	0	3	Epoch:19	Loss:0.658	MRR:16.4	Hits@10:35.84	Best:16.4
2024-10-04 09:59:57,545 INFO    : Snapshot:0	0	3	Epoch:20	Loss:0.558	MRR:16.54	Hits@10:36.09	Best:16.54
2024-10-04 10:00:09,579 INFO    : Snapshot:0	0	3	Epoch:21	Loss:0.479	MRR:16.69	Hits@10:36.51	Best:16.69
2024-10-04 10:00:22,869 INFO    : Snapshot:0	0	3	Epoch:22	Loss:0.411	MRR:16.81	Hits@10:36.77	Best:16.81
2024-10-04 10:00:34,913 INFO    : Snapshot:0	0	3	Epoch:23	Loss:0.334	MRR:16.85	Hits@10:37.03	Best:16.85
2024-10-04 10:00:46,899 INFO    : Snapshot:0	0	3	Epoch:24	Loss:0.292	MRR:16.89	Hits@10:37.28	Best:16.89
2024-10-04 10:00:59,059 INFO    : Snapshot:0	0	3	Epoch:25	Loss:0.258	MRR:16.99	Hits@10:37.5	Best:16.99
2024-10-04 10:01:11,218 INFO    : Snapshot:0	1	3	Epoch:26	Loss:0.223	MRR:16.98	Hits@10:37.89	Best:16.99
2024-10-04 10:01:23,868 INFO    : Snapshot:0	2	3	Epoch:27	Loss:0.202	MRR:16.98	Hits@10:37.93	Best:16.99
2024-10-04 10:01:36,006 INFO    : Early Stopping! Snapshot:0 Epoch: 28 Best Results: 16.99
2024-10-04 10:01:36,052 INFO    : => loading checkpoint './checkpoint/WN_CKGE\0model_best.tar'
2024-10-04 10:01:48,487 INFO    : 
+------------+-------+--------+--------+--------+---------+
| Snapshot:0 |  MRR  | Hits@1 | Hits@3 | Hits@5 | Hits@10 |
+------------+-------+--------+--------+--------+---------+
|     0      | 0.171 | 0.0146 | 0.3097 | 0.343  |  0.3773 |
+------------+-------+--------+--------+--------+---------+
2024-10-04 10:02:10,483 INFO    : Snapshot:1	0	3	Epoch:0	Loss:5.965	MRR:7.03	Hits@10:18.41	Best:7.03
2024-10-04 10:02:19,297 INFO    : Snapshot:1	0	3	Epoch:1	Loss:2.181	MRR:11.16	Hits@10:26.21	Best:11.16
2024-10-04 10:02:28,196 INFO    : Snapshot:1	0	3	Epoch:2	Loss:0.959	MRR:12.8	Hits@10:29.17	Best:12.8
2024-10-04 10:02:37,165 INFO    : Snapshot:1	0	3	Epoch:3	Loss:0.594	MRR:13.49	Hits@10:30.32	Best:13.49
2024-10-04 10:02:46,110 INFO    : Snapshot:1	0	3	Epoch:4	Loss:0.436	MRR:13.73	Hits@10:30.83	Best:13.73
2024-10-04 10:02:54,803 INFO    : Snapshot:1	0	3	Epoch:5	Loss:0.358	MRR:14.06	Hits@10:31.29	Best:14.06
2024-10-04 10:03:03,653 INFO    : Snapshot:1	1	3	Epoch:6	Loss:0.33	MRR:14.02	Hits@10:31.34	Best:14.06
2024-10-04 10:03:12,525 INFO    : Snapshot:1	0	3	Epoch:7	Loss:0.299	MRR:14.13	Hits@10:31.64	Best:14.13
2024-10-04 10:03:21,008 INFO    : Snapshot:1	0	3	Epoch:8	Loss:0.283	MRR:14.24	Hits@10:31.51	Best:14.24
2024-10-04 10:03:29,449 INFO    : Snapshot:1	0	3	Epoch:9	Loss:0.267	MRR:14.29	Hits@10:31.61	Best:14.29
2024-10-04 10:03:37,875 INFO    : Snapshot:1	0	3	Epoch:10	Loss:0.262	MRR:14.45	Hits@10:31.8	Best:14.45
2024-10-04 10:03:46,572 INFO    : Snapshot:1	0	3	Epoch:11	Loss:0.249	MRR:14.49	Hits@10:31.69	Best:14.49
2024-10-04 10:03:55,366 INFO    : Snapshot:1	1	3	Epoch:12	Loss:0.244	MRR:14.44	Hits@10:31.59	Best:14.49
2024-10-04 10:04:03,982 INFO    : Snapshot:1	2	3	Epoch:13	Loss:0.242	MRR:14.45	Hits@10:31.77	Best:14.49
2024-10-04 10:04:12,407 INFO    : Early Stopping! Snapshot:1 Epoch: 14 Best Results: 14.49
2024-10-04 10:04:12,449 INFO    : => loading checkpoint './checkpoint/WN_CKGE\1model_best.tar'
2024-10-04 10:04:33,906 INFO    : 
+------------+--------+--------+--------+--------+---------+
| Snapshot:1 |  MRR   | Hits@1 | Hits@3 | Hits@5 | Hits@10 |
+------------+--------+--------+--------+--------+---------+
|     0      | 0.171  | 0.0146 | 0.3097 | 0.343  |  0.3773 |
|     1      | 0.1489 | 0.0218 | 0.2535 | 0.2895 |  0.3269 |
+------------+--------+--------+--------+--------+---------+
2024-10-04 10:05:14,204 INFO    : Snapshot:2	0	3	Epoch:0	Loss:5.933	MRR:6.58	Hits@10:17.18	Best:6.58
2024-10-04 10:05:31,056 INFO    : Snapshot:2	0	3	Epoch:1	Loss:2.136	MRR:10.4	Hits@10:23.82	Best:10.4
2024-10-04 10:05:48,050 INFO    : Snapshot:2	0	3	Epoch:2	Loss:0.905	MRR:11.86	Hits@10:26.32	Best:11.86
2024-10-04 10:06:04,795 INFO    : Snapshot:2	0	3	Epoch:3	Loss:0.556	MRR:12.46	Hits@10:26.77	Best:12.46
2024-10-04 10:06:21,672 INFO    : Snapshot:2	0	3	Epoch:4	Loss:0.41	MRR:12.92	Hits@10:27.8	Best:12.92
2024-10-04 10:06:38,335 INFO    : Snapshot:2	0	3	Epoch:5	Loss:0.336	MRR:13.17	Hits@10:28.36	Best:13.17
2024-10-04 10:06:54,923 INFO    : Snapshot:2	0	3	Epoch:6	Loss:0.305	MRR:13.31	Hits@10:28.58	Best:13.31
2024-10-04 10:07:11,822 INFO    : Snapshot:2	0	3	Epoch:7	Loss:0.281	MRR:13.53	Hits@10:28.82	Best:13.53
2024-10-04 10:07:28,217 INFO    : Snapshot:2	1	3	Epoch:8	Loss:0.261	MRR:13.46	Hits@10:28.58	Best:13.53
2024-10-04 10:07:44,370 INFO    : Snapshot:2	2	3	Epoch:9	Loss:0.254	MRR:13.49	Hits@10:28.6	Best:13.53
2024-10-04 10:08:00,046 INFO    : Early Stopping! Snapshot:2 Epoch: 10 Best Results: 13.53
2024-10-04 10:08:00,095 INFO    : => loading checkpoint './checkpoint/WN_CKGE\2model_best.tar'
2024-10-04 10:08:39,414 INFO    : 
+------------+--------+--------+--------+--------+---------+
| Snapshot:2 |  MRR   | Hits@1 | Hits@3 | Hits@5 | Hits@10 |
+------------+--------+--------+--------+--------+---------+
|     0      | 0.171  | 0.0146 | 0.3097 | 0.343  |  0.3773 |
|     1      | 0.1489 | 0.0218 | 0.2535 | 0.2895 |  0.3269 |
|     2      | 0.1412 | 0.0199 | 0.2435 | 0.2747 |  0.3043 |
+------------+--------+--------+--------+--------+---------+
2024-10-04 10:09:21,004 INFO    : Snapshot:3	0	3	Epoch:0	Loss:5.934	MRR:5.65	Hits@10:14.54	Best:5.65
2024-10-04 10:09:39,506 INFO    : Snapshot:3	0	3	Epoch:1	Loss:2.118	MRR:9.66	Hits@10:22.23	Best:9.66
2024-10-04 10:09:57,937 INFO    : Snapshot:3	0	3	Epoch:2	Loss:0.892	MRR:11.25	Hits@10:24.76	Best:11.25
2024-10-04 10:10:16,556 INFO    : Snapshot:3	0	3	Epoch:3	Loss:0.544	MRR:12.02	Hits@10:25.54	Best:12.02
2024-10-04 10:10:35,230 INFO    : Snapshot:3	0	3	Epoch:4	Loss:0.41	MRR:12.34	Hits@10:25.83	Best:12.34
2024-10-04 10:10:54,019 INFO    : Snapshot:3	0	3	Epoch:5	Loss:0.338	MRR:12.59	Hits@10:26.02	Best:12.59
2024-10-04 10:11:12,701 INFO    : Snapshot:3	1	3	Epoch:6	Loss:0.308	MRR:12.57	Hits@10:26.29	Best:12.59
2024-10-04 10:11:31,295 INFO    : Snapshot:3	0	3	Epoch:7	Loss:0.28	MRR:12.74	Hits@10:26.56	Best:12.74
2024-10-04 10:11:49,868 INFO    : Snapshot:3	0	3	Epoch:8	Loss:0.262	MRR:12.78	Hits@10:26.72	Best:12.78
2024-10-04 10:12:09,069 INFO    : Snapshot:3	0	3	Epoch:9	Loss:0.246	MRR:12.8	Hits@10:26.75	Best:12.8
2024-10-04 10:12:27,993 INFO    : Snapshot:3	0	3	Epoch:10	Loss:0.243	MRR:12.83	Hits@10:26.77	Best:12.83
2024-10-04 10:12:46,469 INFO    : Snapshot:3	0	3	Epoch:11	Loss:0.236	MRR:12.88	Hits@10:26.99	Best:12.88
2024-10-04 10:13:05,279 INFO    : Snapshot:3	1	3	Epoch:12	Loss:0.238	MRR:12.81	Hits@10:27.02	Best:12.88
2024-10-04 10:13:23,604 INFO    : Snapshot:3	2	3	Epoch:13	Loss:0.225	MRR:12.83	Hits@10:26.96	Best:12.88
2024-10-04 10:13:41,898 INFO    : Early Stopping! Snapshot:3 Epoch: 14 Best Results: 12.88
2024-10-04 10:13:41,947 INFO    : => loading checkpoint './checkpoint/WN_CKGE\3model_best.tar'
2024-10-04 10:14:38,436 INFO    : 
+------------+--------+--------+--------+--------+---------+
| Snapshot:3 |  MRR   | Hits@1 | Hits@3 | Hits@5 | Hits@10 |
+------------+--------+--------+--------+--------+---------+
|     0      | 0.171  | 0.0146 | 0.3097 | 0.343  |  0.3773 |
|     1      | 0.1489 | 0.0218 | 0.2535 | 0.2895 |  0.3269 |
|     2      | 0.1412 | 0.0199 | 0.2435 | 0.2747 |  0.3043 |
|     3      | 0.1349 | 0.022  | 0.2298 | 0.2575 |  0.2884 |
+------------+--------+--------+--------+--------+---------+
2024-10-04 10:14:48,928 INFO    : Snapshot:4	0	3	Epoch:0	Loss:5.901	MRR:11.03	Hits@10:24.87	Best:11.03
2024-10-04 10:14:52,258 INFO    : Snapshot:4	0	3	Epoch:1	Loss:2.011	MRR:12.27	Hits@10:26.72	Best:12.27
2024-10-04 10:14:55,679 INFO    : Snapshot:4	0	3	Epoch:2	Loss:0.846	MRR:13.04	Hits@10:27.63	Best:13.04
2024-10-04 10:14:59,043 INFO    : Snapshot:4	0	3	Epoch:3	Loss:0.513	MRR:13.32	Hits@10:28.33	Best:13.32
2024-10-04 10:15:02,438 INFO    : Snapshot:4	0	3	Epoch:4	Loss:0.387	MRR:13.44	Hits@10:28.39	Best:13.44
2024-10-04 10:15:05,796 INFO    : Snapshot:4	0	3	Epoch:5	Loss:0.318	MRR:13.53	Hits@10:28.55	Best:13.53
2024-10-04 10:15:09,098 INFO    : Snapshot:4	0	3	Epoch:6	Loss:0.29	MRR:13.58	Hits@10:28.58	Best:13.58
2024-10-04 10:15:12,402 INFO    : Snapshot:4	1	3	Epoch:7	Loss:0.257	MRR:13.49	Hits@10:28.68	Best:13.58
2024-10-04 10:15:15,718 INFO    : Snapshot:4	2	3	Epoch:8	Loss:0.259	MRR:13.57	Hits@10:28.84	Best:13.58
2024-10-04 10:15:19,120 INFO    : Snapshot:4	0	3	Epoch:9	Loss:0.236	MRR:13.62	Hits@10:28.74	Best:13.62
2024-10-04 10:15:22,515 INFO    : Snapshot:4	0	3	Epoch:10	Loss:0.236	MRR:13.64	Hits@10:28.95	Best:13.64
2024-10-04 10:15:25,814 INFO    : Snapshot:4	1	3	Epoch:11	Loss:0.229	MRR:13.61	Hits@10:29.09	Best:13.64
2024-10-04 10:15:29,173 INFO    : Snapshot:4	0	3	Epoch:12	Loss:0.215	MRR:13.7	Hits@10:28.87	Best:13.7
2024-10-04 10:15:32,516 INFO    : Snapshot:4	1	3	Epoch:13	Loss:0.216	MRR:13.69	Hits@10:28.87	Best:13.7
2024-10-04 10:15:35,955 INFO    : Snapshot:4	0	3	Epoch:14	Loss:0.211	MRR:13.76	Hits@10:28.98	Best:13.76
2024-10-04 10:15:39,316 INFO    : Snapshot:4	1	3	Epoch:15	Loss:0.211	MRR:13.72	Hits@10:28.95	Best:13.76
2024-10-04 10:15:42,718 INFO    : Snapshot:4	2	3	Epoch:16	Loss:0.207	MRR:13.7	Hits@10:28.95	Best:13.76
2024-10-04 10:15:46,095 INFO    : Early Stopping! Snapshot:4 Epoch: 17 Best Results: 13.76
2024-10-04 10:15:46,140 INFO    : => loading checkpoint './checkpoint/WN_CKGE\4model_best.tar'
2024-10-04 10:16:11,889 INFO    : 
+------------+--------+--------+--------+--------+---------+
| Snapshot:4 |  MRR   | Hits@1 | Hits@3 | Hits@5 | Hits@10 |
+------------+--------+--------+--------+--------+---------+
|     0      | 0.171  | 0.0146 | 0.3097 | 0.343  |  0.3773 |
|     1      | 0.1489 | 0.0218 | 0.2535 | 0.2895 |  0.3269 |
|     2      | 0.1412 | 0.0199 | 0.2435 | 0.2747 |  0.3043 |
|     3      | 0.1349 | 0.022  | 0.2298 | 0.2575 |  0.2884 |
|     4      | 0.1426 | 0.0153 | 0.2558 | 0.2794 |  0.3047 |
+------------+--------+--------+--------+--------+---------+
2024-10-04 10:16:11,891 INFO    : Final Result:
[+------------+-------+--------+--------+--------+---------+
| Snapshot:0 |  MRR  | Hits@1 | Hits@3 | Hits@5 | Hits@10 |
+------------+-------+--------+--------+--------+---------+
|     0      | 0.171 | 0.0146 | 0.3097 | 0.343  |  0.3773 |
+------------+-------+--------+--------+--------+---------+, +------------+--------+--------+--------+--------+---------+
| Snapshot:1 |  MRR   | Hits@1 | Hits@3 | Hits@5 | Hits@10 |
+------------+--------+--------+--------+--------+---------+
|     0      | 0.171  | 0.0146 | 0.3097 | 0.343  |  0.3773 |
|     1      | 0.1489 | 0.0218 | 0.2535 | 0.2895 |  0.3269 |
+------------+--------+--------+--------+--------+---------+, +------------+--------+--------+--------+--------+---------+
| Snapshot:2 |  MRR   | Hits@1 | Hits@3 | Hits@5 | Hits@10 |
+------------+--------+--------+--------+--------+---------+
|     0      | 0.171  | 0.0146 | 0.3097 | 0.343  |  0.3773 |
|     1      | 0.1489 | 0.0218 | 0.2535 | 0.2895 |  0.3269 |
|     2      | 0.1412 | 0.0199 | 0.2435 | 0.2747 |  0.3043 |
+------------+--------+--------+--------+--------+---------+, +------------+--------+--------+--------+--------+---------+
| Snapshot:3 |  MRR   | Hits@1 | Hits@3 | Hits@5 | Hits@10 |
+------------+--------+--------+--------+--------+---------+
|     0      | 0.171  | 0.0146 | 0.3097 | 0.343  |  0.3773 |
|     1      | 0.1489 | 0.0218 | 0.2535 | 0.2895 |  0.3269 |
|     2      | 0.1412 | 0.0199 | 0.2435 | 0.2747 |  0.3043 |
|     3      | 0.1349 | 0.022  | 0.2298 | 0.2575 |  0.2884 |
+------------+--------+--------+--------+--------+---------+, +------------+--------+--------+--------+--------+---------+
| Snapshot:4 |  MRR   | Hits@1 | Hits@3 | Hits@5 | Hits@10 |
+------------+--------+--------+--------+--------+---------+
|     0      | 0.171  | 0.0146 | 0.3097 | 0.343  |  0.3773 |
|     1      | 0.1489 | 0.0218 | 0.2535 | 0.2895 |  0.3269 |
|     2      | 0.1412 | 0.0199 | 0.2435 | 0.2747 |  0.3043 |
|     3      | 0.1349 | 0.022  | 0.2298 | 0.2575 |  0.2884 |
|     4      | 0.1426 | 0.0153 | 0.2558 | 0.2794 |  0.3047 |
+------------+--------+--------+--------+--------+---------+]
2024-10-04 10:16:11,892 INFO    : Report Result:
+----------+--------------------+-----------+--------------+--------------+---------------+
| Snapshot |        Time        | Whole_MRR | Whole_Hits@1 | Whole_Hits@3 | Whole_Hits@10 |
+----------+--------------------+-----------+--------------+--------------+---------------+
|    0     | 354.3281810283661  |   0.171   |    0.015     |     0.31     |     0.377     |
|    1     | 131.8546848297119  |   0.168   |    0.016     |    0.302     |      0.37     |
|    2     | 183.98294973373413 |   0.165   |    0.016     |    0.294     |     0.362     |
|    3     | 280.19724464416504 |   0.161   |    0.017     |    0.287     |     0.354     |
|    4     | 61.16142773628235  |   0.159   |    0.017     |    0.284     |     0.349     |
+----------+--------------------+-----------+--------------+--------------+---------------+
2024-10-04 10:16:11,892 INFO    : Sum_Training_Time:1011.5244879722595
2024-10-04 10:16:11,892 INFO    : Every_Training_Time:[354.3281810283661, 131.8546848297119, 183.98294973373413, 280.19724464416504, 61.16142773628235]
2024-10-04 10:16:11,892 INFO    : Forward transfer: 0.060950000000000004 Backward transfer: 0.0
