2025-01-13 20:02:38,798 INFO    : Namespace(batch_size=1024, data_path='./data/RELATION/', dataset='RELATION', debug=False, device=device(type='cuda', index=0), emb_dim=200, ent_r='200', epoch_num=200, explore=False, gpu='0', l2=0.0, learning_rate='3e-1', log_path='./logs/RELATION 200 20 3e-1 1024/RELATION 20250113200230', logger=<RootLogger root (INFO)>, margin=8.0, model_name='LoraKGE_Layers', multi_layers_path='train_sorted_by_edges_betweenness.txt', neg_ratio=10, note='', num_ent_layers='20', num_layer=1, num_rel_layers='1', patience='10', predict_result=False, r=100, r_fixed=True, random_seed=3407, record=False, rel_r='200', save_path='./checkpoint/RELATION', skip_previous='False', snapshot_num=5, train_new=True, using_multi_layers=False, using_various_ranks='True', using_various_ranks_reverse=False, valid_metrics='mrr')
2025-01-13 20:02:52,118 INFO    : Snapshot:0	0	10	Epoch:0	Loss:65.167	MRR:13.37	Hits@10:24.9	Best:13.37
2025-01-13 20:03:02,975 INFO    : Snapshot:0	0	10	Epoch:1	Loss:42.228	MRR:21.54	Hits@10:38.44	Best:21.54
2025-01-13 20:03:13,882 INFO    : Snapshot:0	0	10	Epoch:2	Loss:24.381	MRR:25.32	Hits@10:43.85	Best:25.32
2025-01-13 20:03:25,022 INFO    : Snapshot:0	0	10	Epoch:3	Loss:13.69	MRR:26.81	Hits@10:45.89	Best:26.81
2025-01-13 20:03:35,905 INFO    : Snapshot:0	0	10	Epoch:4	Loss:8.41	MRR:27.55	Hits@10:46.95	Best:27.55
2025-01-13 20:03:46,834 INFO    : Snapshot:0	1	10	Epoch:5	Loss:5.762	MRR:27.55	Hits@10:47.45	Best:27.55
2025-01-13 20:03:57,764 INFO    : Snapshot:0	2	10	Epoch:6	Loss:4.288	MRR:27.51	Hits@10:47.43	Best:27.55
2025-01-13 20:04:08,622 INFO    : Snapshot:0	0	10	Epoch:7	Loss:3.483	MRR:27.63	Hits@10:47.33	Best:27.63
2025-01-13 20:04:19,623 INFO    : Snapshot:0	1	10	Epoch:8	Loss:2.959	MRR:27.6	Hits@10:47.17	Best:27.63
2025-01-13 20:04:30,606 INFO    : Snapshot:0	2	10	Epoch:9	Loss:2.603	MRR:27.29	Hits@10:46.87	Best:27.63
2025-01-13 20:04:41,588 INFO    : Snapshot:0	3	10	Epoch:10	Loss:2.339	MRR:27.38	Hits@10:46.96	Best:27.63
2025-01-13 20:04:52,442 INFO    : Snapshot:0	4	10	Epoch:11	Loss:2.19	MRR:27.13	Hits@10:46.79	Best:27.63
2025-01-13 20:05:03,369 INFO    : Snapshot:0	5	10	Epoch:12	Loss:2.024	MRR:27.07	Hits@10:46.67	Best:27.63
2025-01-13 20:05:14,343 INFO    : Snapshot:0	6	10	Epoch:13	Loss:1.92	MRR:27.02	Hits@10:46.57	Best:27.63
2025-01-13 20:05:25,261 INFO    : Snapshot:0	7	10	Epoch:14	Loss:1.801	MRR:26.83	Hits@10:46.21	Best:27.63
2025-01-13 20:05:36,437 INFO    : Snapshot:0	8	10	Epoch:15	Loss:1.751	MRR:26.88	Hits@10:46.49	Best:27.63
2025-01-13 20:05:47,316 INFO    : Snapshot:0	9	10	Epoch:16	Loss:1.648	MRR:26.45	Hits@10:45.94	Best:27.63
2025-01-13 20:05:58,223 INFO    : Early Stopping! Snapshot:0 Epoch: 17 Best Results: 27.63
2025-01-13 20:05:58,325 INFO    : => loading checkpoint './checkpoint/RELATION\0model_best.tar'
2025-01-13 20:06:05,402 INFO    : 
+------------+-------+--------+--------+--------+---------+
| Snapshot:0 |  MRR  | Hits@1 | Hits@3 | Hits@5 | Hits@10 |
+------------+-------+--------+--------+--------+---------+
|     0      | 0.278 | 0.1719 | 0.3391 | 0.4065 |  0.4742 |
+------------+-------+--------+--------+--------+---------+
2025-01-13 20:06:32,101 INFO    : Snapshot:1	0	10	Epoch:0	Loss:27.188	MRR:9.65	Hits@10:19.37	Best:9.65
2025-01-13 20:06:46,413 INFO    : Snapshot:1	0	10	Epoch:1	Loss:20.712	MRR:10.08	Hits@10:20.57	Best:10.08
2025-01-13 20:07:00,836 INFO    : Snapshot:1	0	10	Epoch:2	Loss:20.117	MRR:10.6	Hits@10:21.49	Best:10.6
2025-01-13 20:07:15,099 INFO    : Snapshot:1	0	10	Epoch:3	Loss:19.769	MRR:10.62	Hits@10:21.7	Best:10.62
2025-01-13 20:07:29,208 INFO    : Snapshot:1	0	10	Epoch:4	Loss:19.48	MRR:10.77	Hits@10:21.76	Best:10.77
2025-01-13 20:07:43,301 INFO    : Snapshot:1	0	10	Epoch:5	Loss:19.346	MRR:11.13	Hits@10:22.43	Best:11.13
2025-01-13 20:07:57,502 INFO    : Snapshot:1	1	10	Epoch:6	Loss:19.21	MRR:10.82	Hits@10:22.09	Best:11.13
2025-01-13 20:08:11,581 INFO    : Snapshot:1	2	10	Epoch:7	Loss:19.054	MRR:11.09	Hits@10:22.28	Best:11.13
2025-01-13 20:08:26,061 INFO    : Snapshot:1	3	10	Epoch:8	Loss:18.95	MRR:11.03	Hits@10:22.58	Best:11.13
2025-01-13 20:08:40,630 INFO    : Snapshot:1	4	10	Epoch:9	Loss:18.898	MRR:11.03	Hits@10:22.23	Best:11.13
2025-01-13 20:08:54,861 INFO    : Snapshot:1	5	10	Epoch:10	Loss:18.805	MRR:11.1	Hits@10:22.54	Best:11.13
2025-01-13 20:09:09,078 INFO    : Snapshot:1	0	10	Epoch:11	Loss:18.738	MRR:11.16	Hits@10:22.62	Best:11.16
2025-01-13 20:09:23,335 INFO    : Snapshot:1	0	10	Epoch:12	Loss:18.707	MRR:11.22	Hits@10:22.72	Best:11.22
2025-01-13 20:09:37,504 INFO    : Snapshot:1	0	10	Epoch:13	Loss:18.689	MRR:11.31	Hits@10:22.94	Best:11.31
2025-01-13 20:09:51,587 INFO    : Snapshot:1	1	10	Epoch:14	Loss:18.612	MRR:11.15	Hits@10:22.68	Best:11.31
2025-01-13 20:10:05,608 INFO    : Snapshot:1	2	10	Epoch:15	Loss:18.603	MRR:11.25	Hits@10:22.64	Best:11.31
2025-01-13 20:10:19,807 INFO    : Snapshot:1	3	10	Epoch:16	Loss:18.546	MRR:11.14	Hits@10:22.73	Best:11.31
2025-01-13 20:10:34,237 INFO    : Snapshot:1	4	10	Epoch:17	Loss:18.52	MRR:11.25	Hits@10:22.79	Best:11.31
2025-01-13 20:10:48,298 INFO    : Snapshot:1	0	10	Epoch:18	Loss:18.525	MRR:11.42	Hits@10:23.04	Best:11.42
2025-01-13 20:11:02,501 INFO    : Snapshot:1	0	10	Epoch:19	Loss:18.504	MRR:11.46	Hits@10:23.1	Best:11.46
2025-01-13 20:11:16,738 INFO    : Snapshot:1	1	10	Epoch:20	Loss:18.462	MRR:11.34	Hits@10:23.06	Best:11.46
2025-01-13 20:11:30,911 INFO    : Snapshot:1	0	10	Epoch:21	Loss:18.481	MRR:11.6	Hits@10:23.17	Best:11.6
2025-01-13 20:11:45,110 INFO    : Snapshot:1	1	10	Epoch:22	Loss:18.43	MRR:11.45	Hits@10:23.09	Best:11.6
2025-01-13 20:11:59,002 INFO    : Snapshot:1	2	10	Epoch:23	Loss:18.407	MRR:11.31	Hits@10:23.06	Best:11.6
2025-01-13 20:12:13,155 INFO    : Snapshot:1	3	10	Epoch:24	Loss:18.428	MRR:11.48	Hits@10:22.96	Best:11.6
2025-01-13 20:12:27,602 INFO    : Snapshot:1	4	10	Epoch:25	Loss:18.41	MRR:11.36	Hits@10:23.05	Best:11.6
2025-01-13 20:12:42,202 INFO    : Snapshot:1	5	10	Epoch:26	Loss:18.401	MRR:11.46	Hits@10:23.07	Best:11.6
2025-01-13 20:12:56,580 INFO    : Snapshot:1	6	10	Epoch:27	Loss:18.409	MRR:11.49	Hits@10:23.16	Best:11.6
2025-01-13 20:13:10,851 INFO    : Snapshot:1	7	10	Epoch:28	Loss:18.356	MRR:11.59	Hits@10:23.48	Best:11.6
2025-01-13 20:13:24,840 INFO    : Snapshot:1	0	10	Epoch:29	Loss:18.352	MRR:11.66	Hits@10:23.56	Best:11.66
2025-01-13 20:13:38,985 INFO    : Snapshot:1	0	10	Epoch:30	Loss:18.393	MRR:11.76	Hits@10:23.39	Best:11.76
2025-01-13 20:13:53,004 INFO    : Snapshot:1	1	10	Epoch:31	Loss:18.354	MRR:11.71	Hits@10:23.49	Best:11.76
2025-01-13 20:14:07,074 INFO    : Snapshot:1	2	10	Epoch:32	Loss:18.359	MRR:11.66	Hits@10:23.24	Best:11.76
2025-01-13 20:14:21,469 INFO    : Snapshot:1	3	10	Epoch:33	Loss:18.287	MRR:11.55	Hits@10:23.31	Best:11.76
2025-01-13 20:14:36,076 INFO    : Snapshot:1	4	10	Epoch:34	Loss:18.322	MRR:11.64	Hits@10:23.38	Best:11.76
2025-01-13 20:14:50,275 INFO    : Snapshot:1	5	10	Epoch:35	Loss:18.342	MRR:11.75	Hits@10:23.39	Best:11.76
2025-01-13 20:15:04,313 INFO    : Snapshot:1	6	10	Epoch:36	Loss:18.277	MRR:11.74	Hits@10:23.25	Best:11.76
2025-01-13 20:15:18,476 INFO    : Snapshot:1	0	10	Epoch:37	Loss:18.296	MRR:11.78	Hits@10:23.51	Best:11.78
2025-01-13 20:15:32,624 INFO    : Snapshot:1	1	10	Epoch:38	Loss:18.324	MRR:11.72	Hits@10:23.47	Best:11.78
2025-01-13 20:15:46,744 INFO    : Snapshot:1	2	10	Epoch:39	Loss:18.337	MRR:11.74	Hits@10:23.53	Best:11.78
2025-01-13 20:16:00,753 INFO    : Snapshot:1	3	10	Epoch:40	Loss:18.241	MRR:11.7	Hits@10:23.39	Best:11.78
2025-01-13 20:16:14,853 INFO    : Snapshot:1	4	10	Epoch:41	Loss:18.274	MRR:11.7	Hits@10:23.53	Best:11.78
2025-01-13 20:16:29,168 INFO    : Snapshot:1	5	10	Epoch:42	Loss:18.285	MRR:11.54	Hits@10:23.36	Best:11.78
2025-01-13 20:16:43,783 INFO    : Snapshot:1	6	10	Epoch:43	Loss:18.258	MRR:11.72	Hits@10:23.55	Best:11.78
2025-01-13 20:16:57,940 INFO    : Snapshot:1	7	10	Epoch:44	Loss:18.267	MRR:11.71	Hits@10:23.52	Best:11.78
2025-01-13 20:17:12,136 INFO    : Snapshot:1	8	10	Epoch:45	Loss:18.238	MRR:11.61	Hits@10:23.51	Best:11.78
2025-01-13 20:17:26,466 INFO    : Snapshot:1	9	10	Epoch:46	Loss:18.257	MRR:11.77	Hits@10:23.61	Best:11.78
2025-01-13 20:17:40,672 INFO    : Snapshot:1	0	10	Epoch:47	Loss:18.233	MRR:11.83	Hits@10:23.59	Best:11.83
2025-01-13 20:17:54,771 INFO    : Snapshot:1	1	10	Epoch:48	Loss:18.262	MRR:11.7	Hits@10:23.73	Best:11.83
2025-01-13 20:18:08,648 INFO    : Snapshot:1	2	10	Epoch:49	Loss:18.22	MRR:11.77	Hits@10:23.62	Best:11.83
2025-01-13 20:18:22,947 INFO    : Snapshot:1	3	10	Epoch:50	Loss:18.176	MRR:11.67	Hits@10:23.62	Best:11.83
2025-01-13 20:18:37,470 INFO    : Snapshot:1	4	10	Epoch:51	Loss:18.221	MRR:11.75	Hits@10:23.58	Best:11.83
2025-01-13 20:18:51,871 INFO    : Snapshot:1	5	10	Epoch:52	Loss:18.162	MRR:11.77	Hits@10:23.66	Best:11.83
2025-01-13 20:19:06,249 INFO    : Snapshot:1	6	10	Epoch:53	Loss:18.223	MRR:11.69	Hits@10:23.56	Best:11.83
2025-01-13 20:19:20,329 INFO    : Snapshot:1	7	10	Epoch:54	Loss:18.197	MRR:11.74	Hits@10:23.58	Best:11.83
2025-01-13 20:19:34,434 INFO    : Snapshot:1	0	10	Epoch:55	Loss:18.183	MRR:11.92	Hits@10:23.55	Best:11.92
2025-01-13 20:19:48,515 INFO    : Snapshot:1	1	10	Epoch:56	Loss:18.221	MRR:11.8	Hits@10:23.79	Best:11.92
2025-01-13 20:20:02,735 INFO    : Snapshot:1	2	10	Epoch:57	Loss:18.228	MRR:11.9	Hits@10:23.6	Best:11.92
2025-01-13 20:20:16,966 INFO    : Snapshot:1	3	10	Epoch:58	Loss:18.203	MRR:11.79	Hits@10:23.63	Best:11.92
2025-01-13 20:20:31,459 INFO    : Snapshot:1	0	10	Epoch:59	Loss:18.199	MRR:11.94	Hits@10:23.82	Best:11.94
2025-01-13 20:20:46,144 INFO    : Snapshot:1	1	10	Epoch:60	Loss:18.188	MRR:11.89	Hits@10:23.85	Best:11.94
2025-01-13 20:21:00,288 INFO    : Snapshot:1	2	10	Epoch:61	Loss:18.204	MRR:11.79	Hits@10:23.53	Best:11.94
2025-01-13 20:21:14,477 INFO    : Snapshot:1	3	10	Epoch:62	Loss:18.167	MRR:11.73	Hits@10:23.61	Best:11.94
2025-01-13 20:21:28,712 INFO    : Snapshot:1	4	10	Epoch:63	Loss:18.142	MRR:11.84	Hits@10:23.67	Best:11.94
2025-01-13 20:21:42,808 INFO    : Snapshot:1	5	10	Epoch:64	Loss:18.143	MRR:11.84	Hits@10:23.75	Best:11.94
2025-01-13 20:21:56,820 INFO    : Snapshot:1	6	10	Epoch:65	Loss:18.189	MRR:11.79	Hits@10:23.64	Best:11.94
2025-01-13 20:22:10,865 INFO    : Snapshot:1	7	10	Epoch:66	Loss:18.153	MRR:11.71	Hits@10:23.62	Best:11.94
2025-01-13 20:22:25,076 INFO    : Snapshot:1	8	10	Epoch:67	Loss:18.164	MRR:11.86	Hits@10:23.68	Best:11.94
2025-01-13 20:22:39,428 INFO    : Snapshot:1	9	10	Epoch:68	Loss:18.195	MRR:11.86	Hits@10:23.65	Best:11.94
2025-01-13 20:22:53,624 INFO    : Early Stopping! Snapshot:1 Epoch: 69 Best Results: 11.94
2025-01-13 20:22:53,727 INFO    : => loading checkpoint './checkpoint/RELATION\1model_best.tar'
2025-01-13 20:23:09,918 INFO    : 
+------------+--------+--------+--------+--------+---------+
| Snapshot:1 |  MRR   | Hits@1 | Hits@3 | Hits@5 | Hits@10 |
+------------+--------+--------+--------+--------+---------+
|     0      | 0.278  | 0.1719 | 0.3391 | 0.4065 |  0.4742 |
|     1      | 0.1203 | 0.0589 | 0.1398 | 0.1797 |  0.2371 |
+------------+--------+--------+--------+--------+---------+
2025-01-13 20:23:29,715 INFO    : Snapshot:2	0	10	Epoch:0	Loss:21.333	MRR:9.65	Hits@10:15.81	Best:9.65
2025-01-13 20:23:40,158 INFO    : Snapshot:2	0	10	Epoch:1	Loss:18.14	MRR:9.91	Hits@10:16.27	Best:9.91
2025-01-13 20:23:50,428 INFO    : Snapshot:2	0	10	Epoch:2	Loss:17.877	MRR:9.94	Hits@10:16.15	Best:9.94
2025-01-13 20:24:00,688 INFO    : Snapshot:2	0	10	Epoch:3	Loss:17.82	MRR:10.19	Hits@10:16.53	Best:10.19
2025-01-13 20:24:11,010 INFO    : Snapshot:2	0	10	Epoch:4	Loss:17.702	MRR:10.2	Hits@10:16.53	Best:10.2
2025-01-13 20:24:21,546 INFO    : Snapshot:2	0	10	Epoch:5	Loss:17.682	MRR:10.29	Hits@10:16.48	Best:10.29
2025-01-13 20:24:31,878 INFO    : Snapshot:2	1	10	Epoch:6	Loss:17.67	MRR:10.18	Hits@10:16.52	Best:10.29
2025-01-13 20:24:42,238 INFO    : Snapshot:2	0	10	Epoch:7	Loss:17.629	MRR:10.33	Hits@10:16.75	Best:10.33
2025-01-13 20:24:52,570 INFO    : Snapshot:2	1	10	Epoch:8	Loss:17.567	MRR:10.31	Hits@10:16.9	Best:10.33
2025-01-13 20:25:02,962 INFO    : Snapshot:2	0	10	Epoch:9	Loss:17.592	MRR:10.36	Hits@10:16.68	Best:10.36
2025-01-13 20:25:13,311 INFO    : Snapshot:2	1	10	Epoch:10	Loss:17.561	MRR:10.36	Hits@10:16.74	Best:10.36
2025-01-13 20:25:23,467 INFO    : Snapshot:2	0	10	Epoch:11	Loss:17.522	MRR:10.44	Hits@10:17.09	Best:10.44
2025-01-13 20:25:33,682 INFO    : Snapshot:2	0	10	Epoch:12	Loss:17.544	MRR:10.45	Hits@10:16.92	Best:10.45
2025-01-13 20:25:44,018 INFO    : Snapshot:2	1	10	Epoch:13	Loss:17.508	MRR:10.42	Hits@10:16.82	Best:10.45
2025-01-13 20:25:54,232 INFO    : Snapshot:2	2	10	Epoch:14	Loss:17.492	MRR:10.41	Hits@10:16.87	Best:10.45
2025-01-13 20:26:04,436 INFO    : Snapshot:2	3	10	Epoch:15	Loss:17.519	MRR:10.44	Hits@10:16.77	Best:10.45
2025-01-13 20:26:14,783 INFO    : Snapshot:2	4	10	Epoch:16	Loss:17.492	MRR:10.41	Hits@10:16.97	Best:10.45
2025-01-13 20:26:25,242 INFO    : Snapshot:2	0	10	Epoch:17	Loss:17.498	MRR:10.51	Hits@10:17.05	Best:10.51
2025-01-13 20:26:35,447 INFO    : Snapshot:2	1	10	Epoch:18	Loss:17.492	MRR:10.49	Hits@10:16.96	Best:10.51
2025-01-13 20:26:45,629 INFO    : Snapshot:2	2	10	Epoch:19	Loss:17.47	MRR:10.5	Hits@10:17.02	Best:10.51
2025-01-13 20:26:55,835 INFO    : Snapshot:2	0	10	Epoch:20	Loss:17.488	MRR:10.65	Hits@10:17.16	Best:10.65
2025-01-13 20:27:06,211 INFO    : Snapshot:2	1	10	Epoch:21	Loss:17.446	MRR:10.46	Hits@10:17.07	Best:10.65
2025-01-13 20:27:16,443 INFO    : Snapshot:2	2	10	Epoch:22	Loss:17.445	MRR:10.4	Hits@10:16.93	Best:10.65
2025-01-13 20:27:26,644 INFO    : Snapshot:2	3	10	Epoch:23	Loss:17.506	MRR:10.5	Hits@10:17.04	Best:10.65
2025-01-13 20:27:36,843 INFO    : Snapshot:2	4	10	Epoch:24	Loss:17.447	MRR:10.47	Hits@10:17.01	Best:10.65
2025-01-13 20:27:47,137 INFO    : Snapshot:2	5	10	Epoch:25	Loss:17.482	MRR:10.57	Hits@10:17.18	Best:10.65
2025-01-13 20:27:57,282 INFO    : Snapshot:2	6	10	Epoch:26	Loss:17.492	MRR:10.55	Hits@10:17.05	Best:10.65
2025-01-13 20:28:07,464 INFO    : Snapshot:2	7	10	Epoch:27	Loss:17.439	MRR:10.5	Hits@10:17.05	Best:10.65
2025-01-13 20:28:17,599 INFO    : Snapshot:2	0	10	Epoch:28	Loss:17.466	MRR:10.68	Hits@10:17.15	Best:10.68
2025-01-13 20:28:27,884 INFO    : Snapshot:2	1	10	Epoch:29	Loss:17.451	MRR:10.57	Hits@10:16.95	Best:10.68
2025-01-13 20:28:38,137 INFO    : Snapshot:2	2	10	Epoch:30	Loss:17.448	MRR:10.57	Hits@10:17.11	Best:10.68
2025-01-13 20:28:48,447 INFO    : Snapshot:2	0	10	Epoch:31	Loss:17.419	MRR:10.73	Hits@10:17.22	Best:10.73
2025-01-13 20:28:58,711 INFO    : Snapshot:2	1	10	Epoch:32	Loss:17.46	MRR:10.67	Hits@10:17.16	Best:10.73
2025-01-13 20:29:08,974 INFO    : Snapshot:2	2	10	Epoch:33	Loss:17.472	MRR:10.6	Hits@10:17.12	Best:10.73
2025-01-13 20:29:19,190 INFO    : Snapshot:2	3	10	Epoch:34	Loss:17.464	MRR:10.61	Hits@10:17.06	Best:10.73
2025-01-13 20:29:29,416 INFO    : Snapshot:2	4	10	Epoch:35	Loss:17.431	MRR:10.69	Hits@10:17.13	Best:10.73
2025-01-13 20:29:39,581 INFO    : Snapshot:2	5	10	Epoch:36	Loss:17.423	MRR:10.59	Hits@10:17.24	Best:10.73
2025-01-13 20:29:49,953 INFO    : Snapshot:2	6	10	Epoch:37	Loss:17.429	MRR:10.57	Hits@10:17.09	Best:10.73
2025-01-13 20:30:00,193 INFO    : Snapshot:2	7	10	Epoch:38	Loss:17.422	MRR:10.65	Hits@10:17.28	Best:10.73
2025-01-13 20:30:10,359 INFO    : Snapshot:2	8	10	Epoch:39	Loss:17.422	MRR:10.65	Hits@10:17.18	Best:10.73
2025-01-13 20:30:20,764 INFO    : Snapshot:2	9	10	Epoch:40	Loss:17.422	MRR:10.6	Hits@10:17.04	Best:10.73
2025-01-13 20:30:31,089 INFO    : Early Stopping! Snapshot:2 Epoch: 41 Best Results: 10.73
2025-01-13 20:30:31,192 INFO    : => loading checkpoint './checkpoint/RELATION\2model_best.tar'
2025-01-13 20:30:53,999 INFO    : 
+------------+--------+--------+--------+--------+---------+
| Snapshot:2 |  MRR   | Hits@1 | Hits@3 | Hits@5 | Hits@10 |
+------------+--------+--------+--------+--------+---------+
|     0      | 0.278  | 0.1719 | 0.3391 | 0.4065 |  0.4742 |
|     1      | 0.1203 | 0.0589 | 0.1398 | 0.1797 |  0.2371 |
|     2      | 0.1042 | 0.0676 | 0.1062 | 0.1282 |  0.1691 |
+------------+--------+--------+--------+--------+---------+
2025-01-13 20:31:04,960 INFO    : Snapshot:3	0	10	Epoch:0	Loss:9.63	MRR:16.06	Hits@10:24.57	Best:16.06
2025-01-13 20:31:09,709 INFO    : Snapshot:3	0	10	Epoch:1	Loss:6.771	MRR:18.35	Hits@10:26.61	Best:18.35
2025-01-13 20:31:14,395 INFO    : Snapshot:3	1	10	Epoch:2	Loss:6.546	MRR:18.34	Hits@10:27.44	Best:18.35
2025-01-13 20:31:19,119 INFO    : Snapshot:3	0	10	Epoch:3	Loss:6.424	MRR:19.16	Hits@10:28.23	Best:19.16
2025-01-13 20:31:23,791 INFO    : Snapshot:3	1	10	Epoch:4	Loss:6.375	MRR:18.63	Hits@10:28.16	Best:19.16
2025-01-13 20:31:28,516 INFO    : Snapshot:3	0	10	Epoch:5	Loss:6.352	MRR:19.28	Hits@10:28.33	Best:19.28
2025-01-13 20:31:33,145 INFO    : Snapshot:3	1	10	Epoch:6	Loss:6.338	MRR:18.97	Hits@10:28.72	Best:19.28
2025-01-13 20:31:37,786 INFO    : Snapshot:3	2	10	Epoch:7	Loss:6.285	MRR:18.65	Hits@10:28.92	Best:19.28
2025-01-13 20:31:42,459 INFO    : Snapshot:3	3	10	Epoch:8	Loss:6.27	MRR:19.08	Hits@10:29.22	Best:19.28
2025-01-13 20:31:47,169 INFO    : Snapshot:3	0	10	Epoch:9	Loss:6.288	MRR:19.71	Hits@10:28.92	Best:19.71
2025-01-13 20:31:51,850 INFO    : Snapshot:3	1	10	Epoch:10	Loss:6.253	MRR:18.56	Hits@10:29.32	Best:19.71
2025-01-13 20:31:56,525 INFO    : Snapshot:3	2	10	Epoch:11	Loss:6.245	MRR:19.47	Hits@10:29.1	Best:19.71
2025-01-13 20:32:01,242 INFO    : Snapshot:3	3	10	Epoch:12	Loss:6.23	MRR:19.6	Hits@10:29.42	Best:19.71
2025-01-13 20:32:06,202 INFO    : Snapshot:3	0	10	Epoch:13	Loss:6.208	MRR:19.76	Hits@10:29.27	Best:19.76
2025-01-13 20:32:10,890 INFO    : Snapshot:3	1	10	Epoch:14	Loss:6.202	MRR:19.34	Hits@10:29.24	Best:19.76
2025-01-13 20:32:15,514 INFO    : Snapshot:3	2	10	Epoch:15	Loss:6.221	MRR:18.77	Hits@10:29.0	Best:19.76
2025-01-13 20:32:20,163 INFO    : Snapshot:3	3	10	Epoch:16	Loss:6.191	MRR:19.15	Hits@10:28.96	Best:19.76
2025-01-13 20:32:24,871 INFO    : Snapshot:3	4	10	Epoch:17	Loss:6.193	MRR:19.59	Hits@10:29.15	Best:19.76
2025-01-13 20:32:29,491 INFO    : Snapshot:3	5	10	Epoch:18	Loss:6.159	MRR:19.57	Hits@10:29.25	Best:19.76
2025-01-13 20:32:34,171 INFO    : Snapshot:3	6	10	Epoch:19	Loss:6.178	MRR:19.2	Hits@10:29.16	Best:19.76
2025-01-13 20:32:38,807 INFO    : Snapshot:3	7	10	Epoch:20	Loss:6.16	MRR:18.64	Hits@10:29.31	Best:19.76
2025-01-13 20:32:43,442 INFO    : Snapshot:3	8	10	Epoch:21	Loss:6.114	MRR:19.21	Hits@10:29.22	Best:19.76
2025-01-13 20:32:48,130 INFO    : Snapshot:3	9	10	Epoch:22	Loss:6.148	MRR:19.2	Hits@10:29.63	Best:19.76
2025-01-13 20:32:52,816 INFO    : Early Stopping! Snapshot:3 Epoch: 23 Best Results: 19.76
2025-01-13 20:32:52,933 INFO    : => loading checkpoint './checkpoint/RELATION\3model_best.tar'
2025-01-13 20:33:18,735 INFO    : 
+------------+--------+--------+--------+--------+---------+
| Snapshot:3 |  MRR   | Hits@1 | Hits@3 | Hits@5 | Hits@10 |
+------------+--------+--------+--------+--------+---------+
|     0      | 0.278  | 0.1719 | 0.3391 | 0.4065 |  0.4742 |
|     1      | 0.1203 | 0.0589 | 0.1398 | 0.1797 |  0.2371 |
|     2      | 0.1042 | 0.0676 | 0.1062 | 0.1282 |  0.1691 |
|     3      | 0.1988 | 0.1404 |  0.22  | 0.251  |  0.3004 |
+------------+--------+--------+--------+--------+---------+
2025-01-13 20:33:48,887 INFO    : Snapshot:4	0	10	Epoch:0	Loss:8.711	MRR:13.11	Hits@10:23.98	Best:13.11
2025-01-13 20:34:02,858 INFO    : Snapshot:4	0	10	Epoch:1	Loss:6.762	MRR:13.83	Hits@10:24.67	Best:13.83
2025-01-13 20:34:16,833 INFO    : Snapshot:4	0	10	Epoch:2	Loss:6.576	MRR:14.51	Hits@10:25.36	Best:14.51
2025-01-13 20:34:30,825 INFO    : Snapshot:4	1	10	Epoch:3	Loss:6.481	MRR:14.3	Hits@10:25.68	Best:14.51
2025-01-13 20:34:45,977 INFO    : Snapshot:4	0	10	Epoch:4	Loss:6.442	MRR:14.56	Hits@10:26.07	Best:14.56
2025-01-13 20:34:59,969 INFO    : Snapshot:4	0	10	Epoch:5	Loss:6.443	MRR:14.57	Hits@10:25.69	Best:14.57
2025-01-13 20:35:13,956 INFO    : Snapshot:4	0	10	Epoch:6	Loss:6.46	MRR:14.67	Hits@10:26.09	Best:14.67
2025-01-13 20:35:27,994 INFO    : Snapshot:4	0	10	Epoch:7	Loss:6.408	MRR:14.88	Hits@10:26.21	Best:14.88
2025-01-13 20:35:41,986 INFO    : Snapshot:4	0	10	Epoch:8	Loss:6.39	MRR:14.89	Hits@10:26.72	Best:14.89
2025-01-13 20:35:55,986 INFO    : Snapshot:4	0	10	Epoch:9	Loss:6.404	MRR:15.0	Hits@10:26.46	Best:15.0
2025-01-13 20:36:09,980 INFO    : Snapshot:4	1	10	Epoch:10	Loss:6.369	MRR:14.97	Hits@10:26.52	Best:15.0
2025-01-13 20:36:23,987 INFO    : Snapshot:4	0	10	Epoch:11	Loss:6.373	MRR:15.16	Hits@10:26.53	Best:15.16
2025-01-13 20:36:37,985 INFO    : Snapshot:4	1	10	Epoch:12	Loss:6.38	MRR:14.8	Hits@10:26.71	Best:15.16
2025-01-13 20:36:51,999 INFO    : Snapshot:4	2	10	Epoch:13	Loss:6.379	MRR:14.78	Hits@10:26.28	Best:15.16
2025-01-13 20:37:05,992 INFO    : Snapshot:4	3	10	Epoch:14	Loss:6.362	MRR:15.0	Hits@10:26.43	Best:15.16
2025-01-13 20:37:20,015 INFO    : Snapshot:4	0	10	Epoch:15	Loss:6.365	MRR:15.18	Hits@10:26.48	Best:15.18
2025-01-13 20:37:34,194 INFO    : Snapshot:4	1	10	Epoch:16	Loss:6.363	MRR:14.64	Hits@10:26.38	Best:15.18
2025-01-13 20:37:48,122 INFO    : Snapshot:4	2	10	Epoch:17	Loss:6.363	MRR:14.96	Hits@10:26.49	Best:15.18
2025-01-13 20:38:02,096 INFO    : Snapshot:4	3	10	Epoch:18	Loss:6.351	MRR:15.14	Hits@10:26.39	Best:15.18
2025-01-13 20:38:16,133 INFO    : Snapshot:4	0	10	Epoch:19	Loss:6.334	MRR:15.21	Hits@10:26.49	Best:15.21
2025-01-13 20:38:30,124 INFO    : Snapshot:4	1	10	Epoch:20	Loss:6.33	MRR:15.03	Hits@10:26.46	Best:15.21
2025-01-13 20:38:44,127 INFO    : Snapshot:4	2	10	Epoch:21	Loss:6.346	MRR:14.87	Hits@10:26.36	Best:15.21
2025-01-13 20:38:58,089 INFO    : Snapshot:4	0	10	Epoch:22	Loss:6.333	MRR:15.22	Hits@10:26.56	Best:15.22
2025-01-13 20:39:12,040 INFO    : Snapshot:4	0	10	Epoch:23	Loss:6.354	MRR:15.32	Hits@10:26.61	Best:15.32
2025-01-13 20:39:26,022 INFO    : Snapshot:4	1	10	Epoch:24	Loss:6.354	MRR:15.28	Hits@10:26.58	Best:15.32
2025-01-13 20:39:39,971 INFO    : Snapshot:4	2	10	Epoch:25	Loss:6.345	MRR:15.08	Hits@10:26.67	Best:15.32
2025-01-13 20:39:53,919 INFO    : Snapshot:4	3	10	Epoch:26	Loss:6.321	MRR:15.24	Hits@10:26.65	Best:15.32
2025-01-13 20:40:07,863 INFO    : Snapshot:4	4	10	Epoch:27	Loss:6.313	MRR:15.28	Hits@10:26.37	Best:15.32
2025-01-13 20:40:21,899 INFO    : Snapshot:4	0	10	Epoch:28	Loss:6.315	MRR:15.4	Hits@10:26.97	Best:15.4
2025-01-13 20:40:35,929 INFO    : Snapshot:4	1	10	Epoch:29	Loss:6.321	MRR:15.17	Hits@10:26.48	Best:15.4
2025-01-13 20:40:49,903 INFO    : Snapshot:4	2	10	Epoch:30	Loss:6.338	MRR:15.21	Hits@10:26.39	Best:15.4
2025-01-13 20:41:03,866 INFO    : Snapshot:4	3	10	Epoch:31	Loss:6.341	MRR:15.09	Hits@10:26.16	Best:15.4
2025-01-13 20:41:17,850 INFO    : Snapshot:4	4	10	Epoch:32	Loss:6.329	MRR:15.15	Hits@10:26.6	Best:15.4
2025-01-13 20:41:31,839 INFO    : Snapshot:4	5	10	Epoch:33	Loss:6.319	MRR:15.21	Hits@10:26.56	Best:15.4
2025-01-13 20:41:45,828 INFO    : Snapshot:4	6	10	Epoch:34	Loss:6.304	MRR:15.17	Hits@10:26.75	Best:15.4
2025-01-13 20:41:59,815 INFO    : Snapshot:4	7	10	Epoch:35	Loss:6.306	MRR:15.01	Hits@10:26.51	Best:15.4
2025-01-13 20:42:13,808 INFO    : Snapshot:4	8	10	Epoch:36	Loss:6.334	MRR:14.89	Hits@10:26.61	Best:15.4
2025-01-13 20:42:27,772 INFO    : Snapshot:4	9	10	Epoch:37	Loss:6.3	MRR:15.13	Hits@10:26.56	Best:15.4
2025-01-13 20:42:41,766 INFO    : Early Stopping! Snapshot:4 Epoch: 38 Best Results: 15.4
2025-01-13 20:42:41,887 INFO    : => loading checkpoint './checkpoint/RELATION\4model_best.tar'
2025-01-13 20:43:21,012 INFO    : 
+------------+--------+--------+--------+--------+---------+
| Snapshot:4 |  MRR   | Hits@1 | Hits@3 | Hits@5 | Hits@10 |
+------------+--------+--------+--------+--------+---------+
|     0      | 0.278  | 0.1719 | 0.3391 | 0.4065 |  0.4742 |
|     1      | 0.1203 | 0.0589 | 0.1398 | 0.1797 |  0.2371 |
|     2      | 0.1042 | 0.0676 | 0.1062 | 0.1282 |  0.1691 |
|     3      | 0.1988 | 0.1404 |  0.22  | 0.251  |  0.3004 |
|     4      | 0.1492 | 0.0893 | 0.1581 | 0.2006 |  0.2653 |
+------------+--------+--------+--------+--------+---------+
2025-01-13 20:43:21,012 INFO    : Final Result:
[+------------+-------+--------+--------+--------+---------+
| Snapshot:0 |  MRR  | Hits@1 | Hits@3 | Hits@5 | Hits@10 |
+------------+-------+--------+--------+--------+---------+
|     0      | 0.278 | 0.1719 | 0.3391 | 0.4065 |  0.4742 |
+------------+-------+--------+--------+--------+---------+, +------------+--------+--------+--------+--------+---------+
| Snapshot:1 |  MRR   | Hits@1 | Hits@3 | Hits@5 | Hits@10 |
+------------+--------+--------+--------+--------+---------+
|     0      | 0.278  | 0.1719 | 0.3391 | 0.4065 |  0.4742 |
|     1      | 0.1203 | 0.0589 | 0.1398 | 0.1797 |  0.2371 |
+------------+--------+--------+--------+--------+---------+, +------------+--------+--------+--------+--------+---------+
| Snapshot:2 |  MRR   | Hits@1 | Hits@3 | Hits@5 | Hits@10 |
+------------+--------+--------+--------+--------+---------+
|     0      | 0.278  | 0.1719 | 0.3391 | 0.4065 |  0.4742 |
|     1      | 0.1203 | 0.0589 | 0.1398 | 0.1797 |  0.2371 |
|     2      | 0.1042 | 0.0676 | 0.1062 | 0.1282 |  0.1691 |
+------------+--------+--------+--------+--------+---------+, +------------+--------+--------+--------+--------+---------+
| Snapshot:3 |  MRR   | Hits@1 | Hits@3 | Hits@5 | Hits@10 |
+------------+--------+--------+--------+--------+---------+
|     0      | 0.278  | 0.1719 | 0.3391 | 0.4065 |  0.4742 |
|     1      | 0.1203 | 0.0589 | 0.1398 | 0.1797 |  0.2371 |
|     2      | 0.1042 | 0.0676 | 0.1062 | 0.1282 |  0.1691 |
|     3      | 0.1988 | 0.1404 |  0.22  | 0.251  |  0.3004 |
+------------+--------+--------+--------+--------+---------+, +------------+--------+--------+--------+--------+---------+
| Snapshot:4 |  MRR   | Hits@1 | Hits@3 | Hits@5 | Hits@10 |
+------------+--------+--------+--------+--------+---------+
|     0      | 0.278  | 0.1719 | 0.3391 | 0.4065 |  0.4742 |
|     1      | 0.1203 | 0.0589 | 0.1398 | 0.1797 |  0.2371 |
|     2      | 0.1042 | 0.0676 | 0.1062 | 0.1282 |  0.1691 |
|     3      | 0.1988 | 0.1404 |  0.22  | 0.251  |  0.3004 |
|     4      | 0.1492 | 0.0893 | 0.1581 | 0.2006 |  0.2653 |
+------------+--------+--------+--------+--------+---------+]
2025-01-13 20:43:21,012 INFO    : Report Result:
+----------+--------------------+-----------+--------------+--------------+---------------+
| Snapshot |        Time        | Whole_MRR | Whole_Hits@1 | Whole_Hits@3 | Whole_Hits@10 |
+----------+--------------------+-----------+--------------+--------------+---------------+
|    0     | 199.42525696754456 |   0.278   |    0.172     |    0.339     |     0.474     |
|    1     | 999.5621359348297  |   0.201   |    0.117     |    0.242     |     0.359     |
|    2     | 434.73842906951904 |   0.176   |    0.104     |    0.207     |      0.31     |
|    3     | 115.54249119758606 |   0.179   |    0.108     |    0.209     |     0.309     |
|    4     | 549.5808436870575  |   0.177   |    0.107     |    0.205     |     0.306     |
+----------+--------------------+-----------+--------------+--------------+---------------+
2025-01-13 20:43:21,012 INFO    : Sum_Training_Time:2298.849156856537
2025-01-13 20:43:21,012 INFO    : Every_Training_Time:[199.42525696754456, 999.5621359348297, 434.73842906951904, 115.54249119758606, 549.5808436870575]
2025-01-13 20:43:21,012 INFO    : Forward transfer: 0.012275000000000001 Backward transfer: 0.0
