2025-01-09 15:58:14,330 INFO    : Namespace(batch_size=1024, data_path='./data/RELATION/', dataset='RELATION', debug=False, device=device(type='cuda', index=0), emb_dim=200, ent_r='200', epoch_num=200, explore=False, gpu='0', l2=0.0, learning_rate='1e-1', log_path='./logs/RELATION 200 20 1e-1 1024/RELATION 20250109155805', logger=<RootLogger root (INFO)>, margin=8.0, model_name='LoraKGE_Layers', multi_layers_path='train_sorted_by_edges_betweenness.txt', neg_ratio=10, note='', num_ent_layers='20', num_layer=1, num_rel_layers='10', patience='10', predict_result=False, r=100, r_fixed=True, random_seed=3407, record=False, rel_r='200', save_path='./checkpoint/RELATION', skip_previous='False', snapshot_num=5, train_new=True, using_multi_layers=False, using_various_ranks='True', using_various_ranks_reverse=False, valid_metrics='mrr')
2025-01-09 15:58:29,384 INFO    : Snapshot:0	0	10	Epoch:0	Loss:57.452	MRR:20.09	Hits@10:35.74	Best:20.09
2025-01-09 15:58:41,366 INFO    : Snapshot:0	0	10	Epoch:1	Loss:26.117	MRR:26.0	Hits@10:44.87	Best:26.0
2025-01-09 15:58:53,955 INFO    : Snapshot:0	0	10	Epoch:2	Loss:10.775	MRR:27.25	Hits@10:46.91	Best:27.25
2025-01-09 15:59:06,828 INFO    : Snapshot:0	0	10	Epoch:3	Loss:5.621	MRR:27.39	Hits@10:46.91	Best:27.39
2025-01-09 15:59:19,875 INFO    : Snapshot:0	1	10	Epoch:4	Loss:3.84	MRR:27.31	Hits@10:46.89	Best:27.39
2025-01-09 15:59:33,202 INFO    : Snapshot:0	2	10	Epoch:5	Loss:3.078	MRR:27.03	Hits@10:47.05	Best:27.39
2025-01-09 15:59:45,646 INFO    : Snapshot:0	3	10	Epoch:6	Loss:2.585	MRR:27.09	Hits@10:46.65	Best:27.39
2025-01-09 15:59:58,130 INFO    : Snapshot:0	4	10	Epoch:7	Loss:2.335	MRR:26.74	Hits@10:46.22	Best:27.39
2025-01-09 16:00:10,229 INFO    : Snapshot:0	5	10	Epoch:8	Loss:2.136	MRR:26.69	Hits@10:45.84	Best:27.39
2025-01-09 16:00:22,079 INFO    : Snapshot:0	6	10	Epoch:9	Loss:1.988	MRR:26.33	Hits@10:45.71	Best:27.39
2025-01-09 16:00:35,064 INFO    : Snapshot:0	7	10	Epoch:10	Loss:1.852	MRR:26.03	Hits@10:45.45	Best:27.39
2025-01-09 16:00:46,484 INFO    : Snapshot:0	8	10	Epoch:11	Loss:1.786	MRR:25.82	Hits@10:45.16	Best:27.39
2025-01-09 16:00:57,362 INFO    : Snapshot:0	9	10	Epoch:12	Loss:1.692	MRR:25.78	Hits@10:45.02	Best:27.39
2025-01-09 16:01:08,753 INFO    : Early Stopping! Snapshot:0 Epoch: 13 Best Results: 27.39
2025-01-09 16:01:08,869 INFO    : => loading checkpoint './checkpoint/RELATION\0model_best.tar'
2025-01-09 16:01:16,953 INFO    : 
+------------+--------+--------+--------+--------+---------+
| Snapshot:0 |  MRR   | Hits@1 | Hits@3 | Hits@5 | Hits@10 |
+------------+--------+--------+--------+--------+---------+
|     0      | 0.2767 | 0.1708 | 0.3381 | 0.4057 |  0.4728 |
+------------+--------+--------+--------+--------+---------+
2025-01-09 16:01:43,180 INFO    : Snapshot:1	0	10	Epoch:0	Loss:31.42	MRR:10.05	Hits@10:20.57	Best:10.05
2025-01-09 16:01:57,762 INFO    : Snapshot:1	0	10	Epoch:1	Loss:22.209	MRR:10.18	Hits@10:21.09	Best:10.18
2025-01-09 16:02:12,366 INFO    : Snapshot:1	0	10	Epoch:2	Loss:21.585	MRR:10.54	Hits@10:21.72	Best:10.54
2025-01-09 16:02:26,712 INFO    : Snapshot:1	0	10	Epoch:3	Loss:21.256	MRR:10.88	Hits@10:22.02	Best:10.88
2025-01-09 16:02:41,451 INFO    : Snapshot:1	0	10	Epoch:4	Loss:21.009	MRR:10.96	Hits@10:22.08	Best:10.96
2025-01-09 16:02:56,022 INFO    : Snapshot:1	0	10	Epoch:5	Loss:20.799	MRR:11.2	Hits@10:22.51	Best:11.2
2025-01-09 16:03:10,535 INFO    : Snapshot:1	1	10	Epoch:6	Loss:20.605	MRR:11.07	Hits@10:22.5	Best:11.2
2025-01-09 16:03:24,693 INFO    : Snapshot:1	0	10	Epoch:7	Loss:20.508	MRR:11.24	Hits@10:22.69	Best:11.24
2025-01-09 16:03:38,734 INFO    : Snapshot:1	1	10	Epoch:8	Loss:20.351	MRR:11.16	Hits@10:22.84	Best:11.24
2025-01-09 16:03:52,752 INFO    : Snapshot:1	2	10	Epoch:9	Loss:20.24	MRR:11.14	Hits@10:22.93	Best:11.24
2025-01-09 16:04:06,707 INFO    : Snapshot:1	3	10	Epoch:10	Loss:20.207	MRR:11.2	Hits@10:22.99	Best:11.24
2025-01-09 16:04:20,907 INFO    : Snapshot:1	4	10	Epoch:11	Loss:20.139	MRR:11.21	Hits@10:22.84	Best:11.24
2025-01-09 16:04:35,170 INFO    : Snapshot:1	0	10	Epoch:12	Loss:20.071	MRR:11.32	Hits@10:23.11	Best:11.32
2025-01-09 16:04:49,311 INFO    : Snapshot:1	0	10	Epoch:13	Loss:20.084	MRR:11.37	Hits@10:22.85	Best:11.37
2025-01-09 16:05:03,306 INFO    : Snapshot:1	1	10	Epoch:14	Loss:20.025	MRR:11.32	Hits@10:23.1	Best:11.37
2025-01-09 16:05:17,437 INFO    : Snapshot:1	2	10	Epoch:15	Loss:19.988	MRR:11.3	Hits@10:22.76	Best:11.37
2025-01-09 16:05:31,643 INFO    : Snapshot:1	3	10	Epoch:16	Loss:19.982	MRR:11.12	Hits@10:22.7	Best:11.37
2025-01-09 16:05:45,691 INFO    : Snapshot:1	0	10	Epoch:17	Loss:19.935	MRR:11.44	Hits@10:22.91	Best:11.44
2025-01-09 16:05:59,738 INFO    : Snapshot:1	1	10	Epoch:18	Loss:19.9	MRR:11.4	Hits@10:23.02	Best:11.44
2025-01-09 16:06:14,057 INFO    : Snapshot:1	2	10	Epoch:19	Loss:19.894	MRR:11.29	Hits@10:22.81	Best:11.44
2025-01-09 16:06:28,247 INFO    : Snapshot:1	0	10	Epoch:20	Loss:19.874	MRR:11.49	Hits@10:23.11	Best:11.49
2025-01-09 16:06:43,173 INFO    : Snapshot:1	0	10	Epoch:21	Loss:19.859	MRR:11.51	Hits@10:23.4	Best:11.51
2025-01-09 16:06:58,957 INFO    : Snapshot:1	1	10	Epoch:22	Loss:19.816	MRR:11.43	Hits@10:23.13	Best:11.51
2025-01-09 16:07:13,780 INFO    : Snapshot:1	0	10	Epoch:23	Loss:19.845	MRR:11.59	Hits@10:23.38	Best:11.59
2025-01-09 16:07:29,234 INFO    : Snapshot:1	1	10	Epoch:24	Loss:19.816	MRR:11.5	Hits@10:23.16	Best:11.59
2025-01-09 16:07:44,689 INFO    : Snapshot:1	2	10	Epoch:25	Loss:19.765	MRR:11.47	Hits@10:23.49	Best:11.59
2025-01-09 16:08:00,163 INFO    : Snapshot:1	3	10	Epoch:26	Loss:19.759	MRR:11.57	Hits@10:23.25	Best:11.59
2025-01-09 16:08:15,441 INFO    : Snapshot:1	4	10	Epoch:27	Loss:19.768	MRR:11.38	Hits@10:23.27	Best:11.59
2025-01-09 16:08:30,869 INFO    : Snapshot:1	5	10	Epoch:28	Loss:19.724	MRR:11.55	Hits@10:23.29	Best:11.59
2025-01-09 16:08:46,227 INFO    : Snapshot:1	6	10	Epoch:29	Loss:19.751	MRR:11.46	Hits@10:23.09	Best:11.59
2025-01-09 16:09:01,865 INFO    : Snapshot:1	7	10	Epoch:30	Loss:19.748	MRR:11.55	Hits@10:23.46	Best:11.59
2025-01-09 16:09:16,939 INFO    : Snapshot:1	0	10	Epoch:31	Loss:19.707	MRR:11.66	Hits@10:23.35	Best:11.66
2025-01-09 16:09:31,943 INFO    : Snapshot:1	1	10	Epoch:32	Loss:19.697	MRR:11.48	Hits@10:23.24	Best:11.66
2025-01-09 16:09:47,290 INFO    : Snapshot:1	2	10	Epoch:33	Loss:19.675	MRR:11.64	Hits@10:23.46	Best:11.66
2025-01-09 16:10:02,629 INFO    : Snapshot:1	0	10	Epoch:34	Loss:19.727	MRR:11.7	Hits@10:23.3	Best:11.7
2025-01-09 16:10:18,448 INFO    : Snapshot:1	0	10	Epoch:35	Loss:19.694	MRR:11.79	Hits@10:23.54	Best:11.79
2025-01-09 16:10:34,788 INFO    : Snapshot:1	1	10	Epoch:36	Loss:19.657	MRR:11.74	Hits@10:23.62	Best:11.79
2025-01-09 16:10:51,024 INFO    : Snapshot:1	2	10	Epoch:37	Loss:19.66	MRR:11.65	Hits@10:23.29	Best:11.79
2025-01-09 16:11:07,519 INFO    : Snapshot:1	3	10	Epoch:38	Loss:19.68	MRR:11.78	Hits@10:23.48	Best:11.79
2025-01-09 16:11:23,863 INFO    : Snapshot:1	4	10	Epoch:39	Loss:19.685	MRR:11.73	Hits@10:23.63	Best:11.79
2025-01-09 16:11:40,439 INFO    : Snapshot:1	0	10	Epoch:40	Loss:19.707	MRR:11.8	Hits@10:23.51	Best:11.8
2025-01-09 16:11:56,058 INFO    : Snapshot:1	0	10	Epoch:41	Loss:19.574	MRR:11.85	Hits@10:23.56	Best:11.85
2025-01-09 16:12:11,311 INFO    : Snapshot:1	1	10	Epoch:42	Loss:19.607	MRR:11.69	Hits@10:23.45	Best:11.85
2025-01-09 16:12:26,573 INFO    : Snapshot:1	2	10	Epoch:43	Loss:19.62	MRR:11.7	Hits@10:23.61	Best:11.85
2025-01-09 16:12:41,958 INFO    : Snapshot:1	3	10	Epoch:44	Loss:19.622	MRR:11.68	Hits@10:23.56	Best:11.85
2025-01-09 16:12:57,628 INFO    : Snapshot:1	4	10	Epoch:45	Loss:19.659	MRR:11.71	Hits@10:23.52	Best:11.85
2025-01-09 16:13:13,093 INFO    : Snapshot:1	5	10	Epoch:46	Loss:19.586	MRR:11.76	Hits@10:23.63	Best:11.85
2025-01-09 16:13:28,582 INFO    : Snapshot:1	6	10	Epoch:47	Loss:19.596	MRR:11.79	Hits@10:23.84	Best:11.85
2025-01-09 16:13:43,830 INFO    : Snapshot:1	7	10	Epoch:48	Loss:19.595	MRR:11.8	Hits@10:23.62	Best:11.85
2025-01-09 16:13:58,908 INFO    : Snapshot:1	8	10	Epoch:49	Loss:19.562	MRR:11.82	Hits@10:23.84	Best:11.85
2025-01-09 16:14:13,976 INFO    : Snapshot:1	9	10	Epoch:50	Loss:19.62	MRR:11.85	Hits@10:23.77	Best:11.85
2025-01-09 16:14:29,494 INFO    : Early Stopping! Snapshot:1 Epoch: 51 Best Results: 11.85
2025-01-09 16:14:29,640 INFO    : => loading checkpoint './checkpoint/RELATION\1model_best.tar'
2025-01-09 16:14:46,687 INFO    : 
+------------+--------+--------+--------+--------+---------+
| Snapshot:1 |  MRR   | Hits@1 | Hits@3 | Hits@5 | Hits@10 |
+------------+--------+--------+--------+--------+---------+
|     0      | 0.2767 | 0.1708 | 0.3381 | 0.4057 |  0.4728 |
|     1      | 0.1193 | 0.0576 | 0.1384 | 0.1788 |  0.2367 |
+------------+--------+--------+--------+--------+---------+
2025-01-09 16:15:08,502 INFO    : Snapshot:2	0	10	Epoch:0	Loss:24.021	MRR:9.72	Hits@10:15.18	Best:9.72
2025-01-09 16:15:19,728 INFO    : Snapshot:2	0	10	Epoch:1	Loss:19.132	MRR:10.1	Hits@10:15.83	Best:10.1
2025-01-09 16:15:31,176 INFO    : Snapshot:2	1	10	Epoch:2	Loss:18.795	MRR:10.04	Hits@10:15.92	Best:10.1
2025-01-09 16:15:42,711 INFO    : Snapshot:2	0	10	Epoch:3	Loss:18.676	MRR:10.25	Hits@10:16.45	Best:10.25
2025-01-09 16:15:53,862 INFO    : Snapshot:2	1	10	Epoch:4	Loss:18.638	MRR:10.19	Hits@10:16.48	Best:10.25
2025-01-09 16:16:05,057 INFO    : Snapshot:2	0	10	Epoch:5	Loss:18.583	MRR:10.37	Hits@10:16.58	Best:10.37
2025-01-09 16:16:16,361 INFO    : Snapshot:2	0	10	Epoch:6	Loss:18.548	MRR:10.38	Hits@10:16.53	Best:10.38
2025-01-09 16:16:27,586 INFO    : Snapshot:2	1	10	Epoch:7	Loss:18.508	MRR:10.21	Hits@10:16.64	Best:10.38
2025-01-09 16:16:38,717 INFO    : Snapshot:2	0	10	Epoch:8	Loss:18.495	MRR:10.42	Hits@10:16.52	Best:10.42
2025-01-09 16:16:50,047 INFO    : Snapshot:2	1	10	Epoch:9	Loss:18.478	MRR:10.26	Hits@10:16.37	Best:10.42
2025-01-09 16:17:01,214 INFO    : Snapshot:2	2	10	Epoch:10	Loss:18.444	MRR:10.37	Hits@10:16.66	Best:10.42
2025-01-09 16:17:12,460 INFO    : Snapshot:2	0	10	Epoch:11	Loss:18.435	MRR:10.45	Hits@10:16.67	Best:10.45
2025-01-09 16:17:24,142 INFO    : Snapshot:2	1	10	Epoch:12	Loss:18.411	MRR:10.37	Hits@10:16.44	Best:10.45
2025-01-09 16:17:35,732 INFO    : Snapshot:2	2	10	Epoch:13	Loss:18.411	MRR:10.4	Hits@10:16.56	Best:10.45
2025-01-09 16:17:47,261 INFO    : Snapshot:2	3	10	Epoch:14	Loss:18.403	MRR:10.37	Hits@10:16.72	Best:10.45
2025-01-09 16:17:58,266 INFO    : Snapshot:2	4	10	Epoch:15	Loss:18.406	MRR:10.45	Hits@10:16.77	Best:10.45
2025-01-09 16:18:09,611 INFO    : Snapshot:2	5	10	Epoch:16	Loss:18.41	MRR:10.26	Hits@10:16.33	Best:10.45
2025-01-09 16:18:20,395 INFO    : Snapshot:2	6	10	Epoch:17	Loss:18.452	MRR:10.43	Hits@10:16.62	Best:10.45
2025-01-09 16:18:31,182 INFO    : Snapshot:2	0	10	Epoch:18	Loss:18.385	MRR:10.56	Hits@10:16.81	Best:10.56
2025-01-09 16:18:42,480 INFO    : Snapshot:2	0	10	Epoch:19	Loss:18.349	MRR:10.6	Hits@10:16.87	Best:10.6
2025-01-09 16:18:53,791 INFO    : Snapshot:2	1	10	Epoch:20	Loss:18.383	MRR:10.41	Hits@10:16.55	Best:10.6
2025-01-09 16:19:05,267 INFO    : Snapshot:2	2	10	Epoch:21	Loss:18.373	MRR:10.53	Hits@10:16.86	Best:10.6
2025-01-09 16:19:16,684 INFO    : Snapshot:2	3	10	Epoch:22	Loss:18.336	MRR:10.48	Hits@10:16.81	Best:10.6
2025-01-09 16:19:27,842 INFO    : Snapshot:2	4	10	Epoch:23	Loss:18.334	MRR:10.46	Hits@10:16.67	Best:10.6
2025-01-09 16:19:39,133 INFO    : Snapshot:2	5	10	Epoch:24	Loss:18.371	MRR:10.36	Hits@10:16.68	Best:10.6
2025-01-09 16:19:50,326 INFO    : Snapshot:2	6	10	Epoch:25	Loss:18.368	MRR:10.53	Hits@10:16.77	Best:10.6
2025-01-09 16:20:01,885 INFO    : Snapshot:2	7	10	Epoch:26	Loss:18.365	MRR:10.5	Hits@10:16.7	Best:10.6
2025-01-09 16:20:13,072 INFO    : Snapshot:2	8	10	Epoch:27	Loss:18.329	MRR:10.53	Hits@10:16.8	Best:10.6
2025-01-09 16:20:24,103 INFO    : Snapshot:2	9	10	Epoch:28	Loss:18.316	MRR:10.6	Hits@10:16.71	Best:10.6
2025-01-09 16:20:35,181 INFO    : Early Stopping! Snapshot:2 Epoch: 29 Best Results: 10.6
2025-01-09 16:20:35,308 INFO    : => loading checkpoint './checkpoint/RELATION\2model_best.tar'
2025-01-09 16:20:58,829 INFO    : 
+------------+--------+--------+--------+--------+---------+
| Snapshot:2 |  MRR   | Hits@1 | Hits@3 | Hits@5 | Hits@10 |
+------------+--------+--------+--------+--------+---------+
|     0      | 0.2767 | 0.1708 | 0.3381 | 0.4057 |  0.4728 |
|     1      | 0.1193 | 0.0576 | 0.1384 | 0.1788 |  0.2367 |
|     2      | 0.1027 | 0.0668 | 0.1043 | 0.1253 |  0.1631 |
+------------+--------+--------+--------+--------+---------+
2025-01-09 16:21:10,836 INFO    : Snapshot:3	0	10	Epoch:0	Loss:11.766	MRR:17.1	Hits@10:24.55	Best:17.1
2025-01-09 16:21:15,973 INFO    : Snapshot:3	0	10	Epoch:1	Loss:7.286	MRR:18.47	Hits@10:25.72	Best:18.47
2025-01-09 16:21:21,044 INFO    : Snapshot:3	1	10	Epoch:2	Loss:6.919	MRR:18.15	Hits@10:27.45	Best:18.47
2025-01-09 16:21:26,140 INFO    : Snapshot:3	0	10	Epoch:3	Loss:6.774	MRR:18.8	Hits@10:27.75	Best:18.8
2025-01-09 16:21:31,282 INFO    : Snapshot:3	1	10	Epoch:4	Loss:6.676	MRR:18.5	Hits@10:28.4	Best:18.8
2025-01-09 16:21:36,330 INFO    : Snapshot:3	0	10	Epoch:5	Loss:6.635	MRR:19.22	Hits@10:28.8	Best:19.22
2025-01-09 16:21:41,498 INFO    : Snapshot:3	1	10	Epoch:6	Loss:6.579	MRR:18.98	Hits@10:28.68	Best:19.22
2025-01-09 16:21:46,533 INFO    : Snapshot:3	2	10	Epoch:7	Loss:6.577	MRR:19.04	Hits@10:28.77	Best:19.22
2025-01-09 16:21:51,792 INFO    : Snapshot:3	0	10	Epoch:8	Loss:6.572	MRR:19.54	Hits@10:28.97	Best:19.54
2025-01-09 16:21:57,020 INFO    : Snapshot:3	1	10	Epoch:9	Loss:6.542	MRR:19.06	Hits@10:29.09	Best:19.54
2025-01-09 16:22:02,176 INFO    : Snapshot:3	2	10	Epoch:10	Loss:6.545	MRR:18.73	Hits@10:28.95	Best:19.54
2025-01-09 16:22:07,663 INFO    : Snapshot:3	0	10	Epoch:11	Loss:6.517	MRR:19.88	Hits@10:29.02	Best:19.88
2025-01-09 16:22:13,029 INFO    : Snapshot:3	1	10	Epoch:12	Loss:6.499	MRR:19.59	Hits@10:29.24	Best:19.88
2025-01-09 16:22:18,664 INFO    : Snapshot:3	2	10	Epoch:13	Loss:6.497	MRR:19.51	Hits@10:29.39	Best:19.88
2025-01-09 16:22:24,553 INFO    : Snapshot:3	3	10	Epoch:14	Loss:6.475	MRR:19.76	Hits@10:29.67	Best:19.88
2025-01-09 16:22:30,018 INFO    : Snapshot:3	4	10	Epoch:15	Loss:6.46	MRR:18.96	Hits@10:29.31	Best:19.88
2025-01-09 16:22:35,701 INFO    : Snapshot:3	5	10	Epoch:16	Loss:6.485	MRR:19.6	Hits@10:29.29	Best:19.88
2025-01-09 16:22:41,502 INFO    : Snapshot:3	6	10	Epoch:17	Loss:6.509	MRR:19.2	Hits@10:29.47	Best:19.88
2025-01-09 16:22:47,690 INFO    : Snapshot:3	7	10	Epoch:18	Loss:6.462	MRR:19.35	Hits@10:29.41	Best:19.88
2025-01-09 16:22:52,990 INFO    : Snapshot:3	8	10	Epoch:19	Loss:6.445	MRR:18.98	Hits@10:29.33	Best:19.88
2025-01-09 16:22:58,801 INFO    : Snapshot:3	9	10	Epoch:20	Loss:6.446	MRR:19.05	Hits@10:29.52	Best:19.88
2025-01-09 16:23:04,452 INFO    : Early Stopping! Snapshot:3 Epoch: 21 Best Results: 19.88
2025-01-09 16:23:04,591 INFO    : => loading checkpoint './checkpoint/RELATION\3model_best.tar'
2025-01-09 16:23:33,165 INFO    : 
+------------+--------+--------+--------+--------+---------+
| Snapshot:3 |  MRR   | Hits@1 | Hits@3 | Hits@5 | Hits@10 |
+------------+--------+--------+--------+--------+---------+
|     0      | 0.2767 | 0.1708 | 0.3381 | 0.4057 |  0.4728 |
|     1      | 0.1193 | 0.0576 | 0.1384 | 0.1788 |  0.2367 |
|     2      | 0.1027 | 0.0668 | 0.1043 | 0.1253 |  0.1631 |
|     3      | 0.1931 | 0.1378 | 0.2092 | 0.2401 |  0.2946 |
+------------+--------+--------+--------+--------+---------+
2025-01-09 16:24:09,011 INFO    : Snapshot:4	0	10	Epoch:0	Loss:10.429	MRR:13.02	Hits@10:23.17	Best:13.02
2025-01-09 16:24:25,616 INFO    : Snapshot:4	0	10	Epoch:1	Loss:7.415	MRR:13.66	Hits@10:24.14	Best:13.66
2025-01-09 16:24:42,579 INFO    : Snapshot:4	0	10	Epoch:2	Loss:7.117	MRR:13.84	Hits@10:24.87	Best:13.84
2025-01-09 16:24:59,029 INFO    : Snapshot:4	0	10	Epoch:3	Loss:7.012	MRR:14.08	Hits@10:24.92	Best:14.08
2025-01-09 16:25:15,648 INFO    : Snapshot:4	0	10	Epoch:4	Loss:6.953	MRR:14.43	Hits@10:25.63	Best:14.43
2025-01-09 16:25:32,402 INFO    : Snapshot:4	0	10	Epoch:5	Loss:6.91	MRR:14.44	Hits@10:25.49	Best:14.44
2025-01-09 16:25:48,902 INFO    : Snapshot:4	1	10	Epoch:6	Loss:6.947	MRR:14.36	Hits@10:25.87	Best:14.44
2025-01-09 16:26:05,104 INFO    : Snapshot:4	2	10	Epoch:7	Loss:6.885	MRR:14.41	Hits@10:25.93	Best:14.44
2025-01-09 16:26:23,322 INFO    : Snapshot:4	0	10	Epoch:8	Loss:6.875	MRR:14.65	Hits@10:25.9	Best:14.65
2025-01-09 16:26:40,728 INFO    : Snapshot:4	0	10	Epoch:9	Loss:6.894	MRR:14.69	Hits@10:26.13	Best:14.69
2025-01-09 16:26:58,139 INFO    : Snapshot:4	1	10	Epoch:10	Loss:6.867	MRR:14.64	Hits@10:26.18	Best:14.69
2025-01-09 16:27:17,515 INFO    : Snapshot:4	2	10	Epoch:11	Loss:6.87	MRR:14.68	Hits@10:26.28	Best:14.69
2025-01-09 16:27:36,097 INFO    : Snapshot:4	3	10	Epoch:12	Loss:6.875	MRR:14.61	Hits@10:25.99	Best:14.69
2025-01-09 16:27:54,496 INFO    : Snapshot:4	0	10	Epoch:13	Loss:6.843	MRR:14.88	Hits@10:25.9	Best:14.88
2025-01-09 16:28:12,747 INFO    : Snapshot:4	1	10	Epoch:14	Loss:6.839	MRR:14.56	Hits@10:25.85	Best:14.88
2025-01-09 16:28:31,884 INFO    : Snapshot:4	2	10	Epoch:15	Loss:6.846	MRR:14.39	Hits@10:25.92	Best:14.88
2025-01-09 16:28:50,279 INFO    : Snapshot:4	3	10	Epoch:16	Loss:6.855	MRR:14.51	Hits@10:26.09	Best:14.88
2025-01-09 16:29:07,161 INFO    : Snapshot:4	4	10	Epoch:17	Loss:6.84	MRR:14.78	Hits@10:26.28	Best:14.88
2025-01-09 16:29:23,982 INFO    : Snapshot:4	5	10	Epoch:18	Loss:6.851	MRR:14.59	Hits@10:26.06	Best:14.88
2025-01-09 16:29:39,785 INFO    : Snapshot:4	6	10	Epoch:19	Loss:6.841	MRR:14.4	Hits@10:26.05	Best:14.88
2025-01-09 16:29:55,618 INFO    : Snapshot:4	7	10	Epoch:20	Loss:6.825	MRR:14.64	Hits@10:26.21	Best:14.88
2025-01-09 16:30:11,471 INFO    : Snapshot:4	8	10	Epoch:21	Loss:6.831	MRR:14.55	Hits@10:26.06	Best:14.88
2025-01-09 16:30:27,158 INFO    : Snapshot:4	9	10	Epoch:22	Loss:6.845	MRR:14.81	Hits@10:25.92	Best:14.88
2025-01-09 16:30:43,101 INFO    : Early Stopping! Snapshot:4 Epoch: 23 Best Results: 14.88
2025-01-09 16:30:43,263 INFO    : => loading checkpoint './checkpoint/RELATION\4model_best.tar'
2025-01-09 16:31:26,289 INFO    : 
+------------+--------+--------+--------+--------+---------+
| Snapshot:4 |  MRR   | Hits@1 | Hits@3 | Hits@5 | Hits@10 |
+------------+--------+--------+--------+--------+---------+
|     0      | 0.2767 | 0.1708 | 0.3381 | 0.4057 |  0.4728 |
|     1      | 0.1193 | 0.0576 | 0.1384 | 0.1788 |  0.2367 |
|     2      | 0.1027 | 0.0668 | 0.1043 | 0.1253 |  0.1631 |
|     3      | 0.1931 | 0.1378 | 0.2092 | 0.2401 |  0.2946 |
|     4      | 0.145  | 0.0872 | 0.1579 | 0.1892 |  0.2538 |
+------------+--------+--------+--------+--------+---------+
2025-01-09 16:31:26,289 INFO    : Final Result:
[+------------+--------+--------+--------+--------+---------+
| Snapshot:0 |  MRR   | Hits@1 | Hits@3 | Hits@5 | Hits@10 |
+------------+--------+--------+--------+--------+---------+
|     0      | 0.2767 | 0.1708 | 0.3381 | 0.4057 |  0.4728 |
+------------+--------+--------+--------+--------+---------+, +------------+--------+--------+--------+--------+---------+
| Snapshot:1 |  MRR   | Hits@1 | Hits@3 | Hits@5 | Hits@10 |
+------------+--------+--------+--------+--------+---------+
|     0      | 0.2767 | 0.1708 | 0.3381 | 0.4057 |  0.4728 |
|     1      | 0.1193 | 0.0576 | 0.1384 | 0.1788 |  0.2367 |
+------------+--------+--------+--------+--------+---------+, +------------+--------+--------+--------+--------+---------+
| Snapshot:2 |  MRR   | Hits@1 | Hits@3 | Hits@5 | Hits@10 |
+------------+--------+--------+--------+--------+---------+
|     0      | 0.2767 | 0.1708 | 0.3381 | 0.4057 |  0.4728 |
|     1      | 0.1193 | 0.0576 | 0.1384 | 0.1788 |  0.2367 |
|     2      | 0.1027 | 0.0668 | 0.1043 | 0.1253 |  0.1631 |
+------------+--------+--------+--------+--------+---------+, +------------+--------+--------+--------+--------+---------+
| Snapshot:3 |  MRR   | Hits@1 | Hits@3 | Hits@5 | Hits@10 |
+------------+--------+--------+--------+--------+---------+
|     0      | 0.2767 | 0.1708 | 0.3381 | 0.4057 |  0.4728 |
|     1      | 0.1193 | 0.0576 | 0.1384 | 0.1788 |  0.2367 |
|     2      | 0.1027 | 0.0668 | 0.1043 | 0.1253 |  0.1631 |
|     3      | 0.1931 | 0.1378 | 0.2092 | 0.2401 |  0.2946 |
+------------+--------+--------+--------+--------+---------+, +------------+--------+--------+--------+--------+---------+
| Snapshot:4 |  MRR   | Hits@1 | Hits@3 | Hits@5 | Hits@10 |
+------------+--------+--------+--------+--------+---------+
|     0      | 0.2767 | 0.1708 | 0.3381 | 0.4057 |  0.4728 |
|     1      | 0.1193 | 0.0576 | 0.1384 | 0.1788 |  0.2367 |
|     2      | 0.1027 | 0.0668 | 0.1043 | 0.1253 |  0.1631 |
|     3      | 0.1931 | 0.1378 | 0.2092 | 0.2401 |  0.2946 |
|     4      | 0.145  | 0.0872 | 0.1579 | 0.1892 |  0.2538 |
+------------+--------+--------+--------+--------+---------+]
2025-01-09 16:31:26,289 INFO    : Report Result:
+----------+--------------------+-----------+--------------+--------------+---------------+
| Snapshot |        Time        | Whole_MRR | Whole_Hits@1 | Whole_Hits@3 | Whole_Hits@10 |
+----------+--------------------+-----------+--------------+--------------+---------------+
|    0     | 174.42189574241638 |   0.277   |    0.171     |    0.338     |     0.473     |
|    1     |  783.321088552475  |    0.2    |    0.116     |    0.241     |     0.358     |
|    2     | 341.47033071517944 |   0.175   |    0.103     |    0.206     |     0.308     |
|    3     | 121.82759046554565 |   0.177   |    0.107     |    0.206     |     0.307     |
|    4     | 413.23190355300903 |   0.175   |    0.105     |    0.203     |     0.303     |
+----------+--------------------+-----------+--------------+--------------+---------------+
2025-01-09 16:31:26,289 INFO    : Sum_Training_Time:1834.2728090286255
2025-01-09 16:31:26,289 INFO    : Every_Training_Time:[174.42189574241638, 783.321088552475, 341.47033071517944, 121.82759046554565, 413.23190355300903]
2025-01-09 16:31:26,289 INFO    : Forward transfer: 0.012025000000000001 Backward transfer: 0.0
