2025-01-09 19:33:30,051 INFO    : Namespace(batch_size=1024, data_path='./data/HYBRID/', dataset='HYBRID', debug=False, device=device(type='cuda', index=0), emb_dim=200, ent_r='200', epoch_num=200, explore=False, gpu='0', l2=0.0, learning_rate='1e-1', log_path='./logs/HYBRID 200 20 1e-1 1024/HYBRID 20250109193322', logger=<RootLogger root (INFO)>, margin=8.0, model_name='LoraKGE_Layers', multi_layers_path='train_sorted_by_edges_betweenness.txt', neg_ratio=10, note='', num_ent_layers='20', num_layer=1, num_rel_layers='8', patience='10', predict_result=False, r=100, r_fixed=True, random_seed=3407, record=False, rel_r='150', save_path='./checkpoint/HYBRID', skip_previous='False', snapshot_num=5, train_new=True, using_multi_layers=False, using_various_ranks='True', using_various_ranks_reverse=False, valid_metrics='mrr')
2025-01-09 19:33:37,343 INFO    : Snapshot:0	0	10	Epoch:0	Loss:37.229	MRR:14.76	Hits@10:28.92	Best:14.76
2025-01-09 19:33:42,490 INFO    : Snapshot:0	0	10	Epoch:1	Loss:18.611	MRR:22.47	Hits@10:40.38	Best:22.47
2025-01-09 19:33:47,672 INFO    : Snapshot:0	0	10	Epoch:2	Loss:8.665	MRR:25.05	Hits@10:43.96	Best:25.05
2025-01-09 19:33:52,825 INFO    : Snapshot:0	0	10	Epoch:3	Loss:4.555	MRR:25.63	Hits@10:44.96	Best:25.63
2025-01-09 19:33:58,032 INFO    : Snapshot:0	1	10	Epoch:4	Loss:2.778	MRR:25.59	Hits@10:44.87	Best:25.63
2025-01-09 19:34:03,357 INFO    : Snapshot:0	2	10	Epoch:5	Loss:1.937	MRR:25.27	Hits@10:44.8	Best:25.63
2025-01-09 19:34:08,488 INFO    : Snapshot:0	3	10	Epoch:6	Loss:1.497	MRR:25.28	Hits@10:44.89	Best:25.63
2025-01-09 19:34:13,692 INFO    : Snapshot:0	4	10	Epoch:7	Loss:1.22	MRR:25.29	Hits@10:44.67	Best:25.63
2025-01-09 19:34:18,858 INFO    : Snapshot:0	5	10	Epoch:8	Loss:1.045	MRR:25.01	Hits@10:44.65	Best:25.63
2025-01-09 19:34:23,991 INFO    : Snapshot:0	6	10	Epoch:9	Loss:0.929	MRR:25.03	Hits@10:44.44	Best:25.63
2025-01-09 19:34:29,228 INFO    : Snapshot:0	7	10	Epoch:10	Loss:0.837	MRR:25.03	Hits@10:44.53	Best:25.63
2025-01-09 19:34:34,357 INFO    : Snapshot:0	8	10	Epoch:11	Loss:0.757	MRR:24.86	Hits@10:44.43	Best:25.63
2025-01-09 19:34:39,478 INFO    : Snapshot:0	9	10	Epoch:12	Loss:0.716	MRR:24.5	Hits@10:43.85	Best:25.63
2025-01-09 19:34:44,628 INFO    : Early Stopping! Snapshot:0 Epoch: 13 Best Results: 25.63
2025-01-09 19:34:44,721 INFO    : => loading checkpoint './checkpoint/HYBRID\0model_best.tar'
2025-01-09 19:34:48,040 INFO    : 
+------------+--------+--------+--------+--------+---------+
| Snapshot:0 |  MRR   | Hits@1 | Hits@3 | Hits@5 | Hits@10 |
+------------+--------+--------+--------+--------+---------+
|     0      | 0.2558 | 0.1548 | 0.3079 | 0.3682 |  0.4392 |
+------------+--------+--------+--------+--------+---------+
2025-01-09 19:34:55,070 INFO    : Snapshot:1	0	10	Epoch:0	Loss:8.72	MRR:21.05	Hits@10:37.25	Best:21.05
2025-01-09 19:34:57,573 INFO    : Snapshot:1	0	10	Epoch:1	Loss:4.025	MRR:24.94	Hits@10:42.69	Best:24.94
2025-01-09 19:35:00,103 INFO    : Snapshot:1	0	10	Epoch:2	Loss:3.279	MRR:25.84	Hits@10:44.28	Best:25.84
2025-01-09 19:35:02,673 INFO    : Snapshot:1	0	10	Epoch:3	Loss:2.952	MRR:26.76	Hits@10:45.34	Best:26.76
2025-01-09 19:35:05,194 INFO    : Snapshot:1	0	10	Epoch:4	Loss:2.785	MRR:27.0	Hits@10:45.66	Best:27.0
2025-01-09 19:35:07,739 INFO    : Snapshot:1	1	10	Epoch:5	Loss:2.667	MRR:26.96	Hits@10:46.16	Best:27.0
2025-01-09 19:35:10,269 INFO    : Snapshot:1	0	10	Epoch:6	Loss:2.585	MRR:27.74	Hits@10:46.54	Best:27.74
2025-01-09 19:35:12,812 INFO    : Snapshot:1	0	10	Epoch:7	Loss:2.548	MRR:27.87	Hits@10:46.56	Best:27.87
2025-01-09 19:35:15,366 INFO    : Snapshot:1	1	10	Epoch:8	Loss:2.522	MRR:27.5	Hits@10:46.35	Best:27.87
2025-01-09 19:35:18,040 INFO    : Snapshot:1	2	10	Epoch:9	Loss:2.489	MRR:27.62	Hits@10:46.6	Best:27.87
2025-01-09 19:35:20,534 INFO    : Snapshot:1	3	10	Epoch:10	Loss:2.454	MRR:27.29	Hits@10:46.75	Best:27.87
2025-01-09 19:35:23,132 INFO    : Snapshot:1	0	10	Epoch:11	Loss:2.442	MRR:27.89	Hits@10:46.53	Best:27.89
2025-01-09 19:35:25,722 INFO    : Snapshot:1	0	10	Epoch:12	Loss:2.428	MRR:27.93	Hits@10:46.72	Best:27.93
2025-01-09 19:35:28,257 INFO    : Snapshot:1	1	10	Epoch:13	Loss:2.397	MRR:27.6	Hits@10:46.87	Best:27.93
2025-01-09 19:35:30,831 INFO    : Snapshot:1	0	10	Epoch:14	Loss:2.386	MRR:28.3	Hits@10:46.81	Best:28.3
2025-01-09 19:35:33,384 INFO    : Snapshot:1	1	10	Epoch:15	Loss:2.398	MRR:28.04	Hits@10:47.28	Best:28.3
2025-01-09 19:35:35,935 INFO    : Snapshot:1	2	10	Epoch:16	Loss:2.372	MRR:27.93	Hits@10:46.84	Best:28.3
2025-01-09 19:35:38,442 INFO    : Snapshot:1	3	10	Epoch:17	Loss:2.379	MRR:27.63	Hits@10:47.03	Best:28.3
2025-01-09 19:35:40,963 INFO    : Snapshot:1	4	10	Epoch:18	Loss:2.354	MRR:28.25	Hits@10:47.22	Best:28.3
2025-01-09 19:35:43,411 INFO    : Snapshot:1	5	10	Epoch:19	Loss:2.363	MRR:27.87	Hits@10:47.08	Best:28.3
2025-01-09 19:35:45,892 INFO    : Snapshot:1	6	10	Epoch:20	Loss:2.332	MRR:27.74	Hits@10:47.17	Best:28.3
2025-01-09 19:35:48,386 INFO    : Snapshot:1	7	10	Epoch:21	Loss:2.328	MRR:27.83	Hits@10:47.13	Best:28.3
2025-01-09 19:35:50,845 INFO    : Snapshot:1	0	10	Epoch:22	Loss:2.327	MRR:28.32	Hits@10:47.39	Best:28.32
2025-01-09 19:35:53,305 INFO    : Snapshot:1	1	10	Epoch:23	Loss:2.314	MRR:28.1	Hits@10:47.03	Best:28.32
2025-01-09 19:35:55,860 INFO    : Snapshot:1	2	10	Epoch:24	Loss:2.31	MRR:27.95	Hits@10:46.89	Best:28.32
2025-01-09 19:35:58,292 INFO    : Snapshot:1	0	10	Epoch:25	Loss:2.317	MRR:28.39	Hits@10:47.32	Best:28.39
2025-01-09 19:36:00,787 INFO    : Snapshot:1	1	10	Epoch:26	Loss:2.325	MRR:28.18	Hits@10:47.39	Best:28.39
2025-01-09 19:36:03,280 INFO    : Snapshot:1	2	10	Epoch:27	Loss:2.302	MRR:28.01	Hits@10:47.26	Best:28.39
2025-01-09 19:36:05,759 INFO    : Snapshot:1	3	10	Epoch:28	Loss:2.299	MRR:28.01	Hits@10:47.45	Best:28.39
2025-01-09 19:36:08,324 INFO    : Snapshot:1	4	10	Epoch:29	Loss:2.292	MRR:28.31	Hits@10:47.33	Best:28.39
2025-01-09 19:36:10,895 INFO    : Snapshot:1	5	10	Epoch:30	Loss:2.289	MRR:28.37	Hits@10:47.54	Best:28.39
2025-01-09 19:36:13,420 INFO    : Snapshot:1	0	10	Epoch:31	Loss:2.297	MRR:28.46	Hits@10:47.54	Best:28.46
2025-01-09 19:36:15,993 INFO    : Snapshot:1	1	10	Epoch:32	Loss:2.298	MRR:28.05	Hits@10:47.4	Best:28.46
2025-01-09 19:36:18,606 INFO    : Snapshot:1	0	10	Epoch:33	Loss:2.278	MRR:28.65	Hits@10:47.71	Best:28.65
2025-01-09 19:36:21,116 INFO    : Snapshot:1	1	10	Epoch:34	Loss:2.286	MRR:28.23	Hits@10:47.65	Best:28.65
2025-01-09 19:36:23,679 INFO    : Snapshot:1	2	10	Epoch:35	Loss:2.271	MRR:28.17	Hits@10:47.72	Best:28.65
2025-01-09 19:36:26,265 INFO    : Snapshot:1	3	10	Epoch:36	Loss:2.28	MRR:28.36	Hits@10:47.69	Best:28.65
2025-01-09 19:36:28,790 INFO    : Snapshot:1	4	10	Epoch:37	Loss:2.268	MRR:28.63	Hits@10:47.71	Best:28.65
2025-01-09 19:36:31,311 INFO    : Snapshot:1	5	10	Epoch:38	Loss:2.258	MRR:28.65	Hits@10:47.78	Best:28.65
2025-01-09 19:36:33,882 INFO    : Snapshot:1	6	10	Epoch:39	Loss:2.261	MRR:28.41	Hits@10:47.46	Best:28.65
2025-01-09 19:36:36,557 INFO    : Snapshot:1	7	10	Epoch:40	Loss:2.254	MRR:28.48	Hits@10:47.71	Best:28.65
2025-01-09 19:36:39,139 INFO    : Snapshot:1	8	10	Epoch:41	Loss:2.268	MRR:28.45	Hits@10:47.59	Best:28.65
2025-01-09 19:36:41,744 INFO    : Snapshot:1	9	10	Epoch:42	Loss:2.249	MRR:28.21	Hits@10:47.54	Best:28.65
2025-01-09 19:36:44,252 INFO    : Early Stopping! Snapshot:1 Epoch: 43 Best Results: 28.65
2025-01-09 19:36:44,342 INFO    : => loading checkpoint './checkpoint/HYBRID\1model_best.tar'
2025-01-09 19:36:49,594 INFO    : 
+------------+--------+--------+--------+--------+---------+
| Snapshot:1 |  MRR   | Hits@1 | Hits@3 | Hits@5 | Hits@10 |
+------------+--------+--------+--------+--------+---------+
|     0      | 0.2558 | 0.1548 | 0.3079 | 0.3682 |  0.4392 |
|     1      | 0.2761 | 0.1782 | 0.3172 | 0.3837 |  0.4675 |
+------------+--------+--------+--------+--------+---------+
2025-01-09 19:37:13,536 INFO    : Snapshot:2	0	10	Epoch:0	Loss:26.033	MRR:16.55	Hits@10:29.83	Best:16.55
2025-01-09 19:37:26,532 INFO    : Snapshot:2	0	10	Epoch:1	Loss:16.662	MRR:17.2	Hits@10:30.98	Best:17.2
2025-01-09 19:37:39,387 INFO    : Snapshot:2	0	10	Epoch:2	Loss:15.56	MRR:17.51	Hits@10:31.6	Best:17.51
2025-01-09 19:37:52,244 INFO    : Snapshot:2	0	10	Epoch:3	Loss:14.993	MRR:18.2	Hits@10:32.36	Best:18.2
2025-01-09 19:38:05,131 INFO    : Snapshot:2	1	10	Epoch:4	Loss:14.665	MRR:18.02	Hits@10:32.36	Best:18.2
2025-01-09 19:38:18,454 INFO    : Snapshot:2	0	10	Epoch:5	Loss:14.329	MRR:18.66	Hits@10:32.82	Best:18.66
2025-01-09 19:38:31,597 INFO    : Snapshot:2	1	10	Epoch:6	Loss:14.179	MRR:18.53	Hits@10:32.94	Best:18.66
2025-01-09 19:38:44,636 INFO    : Snapshot:2	2	10	Epoch:7	Loss:14.028	MRR:18.58	Hits@10:32.89	Best:18.66
2025-01-09 19:38:57,695 INFO    : Snapshot:2	0	10	Epoch:8	Loss:13.891	MRR:18.79	Hits@10:33.29	Best:18.79
2025-01-09 19:39:10,702 INFO    : Snapshot:2	0	10	Epoch:9	Loss:13.779	MRR:18.92	Hits@10:33.42	Best:18.92
2025-01-09 19:39:23,866 INFO    : Snapshot:2	0	10	Epoch:10	Loss:13.691	MRR:19.02	Hits@10:33.47	Best:19.02
2025-01-09 19:39:36,858 INFO    : Snapshot:2	1	10	Epoch:11	Loss:13.654	MRR:18.99	Hits@10:33.5	Best:19.02
2025-01-09 19:39:49,737 INFO    : Snapshot:2	0	10	Epoch:12	Loss:13.591	MRR:19.03	Hits@10:33.51	Best:19.03
2025-01-09 19:40:02,609 INFO    : Snapshot:2	0	10	Epoch:13	Loss:13.53	MRR:19.22	Hits@10:33.67	Best:19.22
2025-01-09 19:40:15,306 INFO    : Snapshot:2	1	10	Epoch:14	Loss:13.497	MRR:19.06	Hits@10:33.56	Best:19.22
2025-01-09 19:40:28,047 INFO    : Snapshot:2	2	10	Epoch:15	Loss:13.407	MRR:19.03	Hits@10:33.74	Best:19.22
2025-01-09 19:40:41,087 INFO    : Snapshot:2	3	10	Epoch:16	Loss:13.384	MRR:19.12	Hits@10:33.72	Best:19.22
2025-01-09 19:40:54,045 INFO    : Snapshot:2	4	10	Epoch:17	Loss:13.354	MRR:19.19	Hits@10:34.02	Best:19.22
2025-01-09 19:41:06,960 INFO    : Snapshot:2	0	10	Epoch:18	Loss:13.31	MRR:19.35	Hits@10:33.76	Best:19.35
2025-01-09 19:41:19,851 INFO    : Snapshot:2	1	10	Epoch:19	Loss:13.299	MRR:19.22	Hits@10:33.66	Best:19.35
2025-01-09 19:41:32,900 INFO    : Snapshot:2	2	10	Epoch:20	Loss:13.255	MRR:19.22	Hits@10:33.75	Best:19.35
2025-01-09 19:41:46,261 INFO    : Snapshot:2	0	10	Epoch:21	Loss:13.231	MRR:19.39	Hits@10:33.98	Best:19.39
2025-01-09 19:41:59,349 INFO    : Snapshot:2	0	10	Epoch:22	Loss:13.233	MRR:19.45	Hits@10:34.02	Best:19.45
2025-01-09 19:42:12,230 INFO    : Snapshot:2	1	10	Epoch:23	Loss:13.203	MRR:19.23	Hits@10:33.9	Best:19.45
2025-01-09 19:42:25,213 INFO    : Snapshot:2	2	10	Epoch:24	Loss:13.192	MRR:19.35	Hits@10:34.17	Best:19.45
2025-01-09 19:42:38,094 INFO    : Snapshot:2	3	10	Epoch:25	Loss:13.156	MRR:19.27	Hits@10:34.05	Best:19.45
2025-01-09 19:42:51,100 INFO    : Snapshot:2	4	10	Epoch:26	Loss:13.166	MRR:19.29	Hits@10:34.17	Best:19.45
2025-01-09 19:43:04,099 INFO    : Snapshot:2	5	10	Epoch:27	Loss:13.112	MRR:19.32	Hits@10:34.17	Best:19.45
2025-01-09 19:43:16,983 INFO    : Snapshot:2	0	10	Epoch:28	Loss:13.171	MRR:19.49	Hits@10:34.13	Best:19.49
2025-01-09 19:43:29,692 INFO    : Snapshot:2	1	10	Epoch:29	Loss:13.08	MRR:19.34	Hits@10:34.23	Best:19.49
2025-01-09 19:43:42,585 INFO    : Snapshot:2	2	10	Epoch:30	Loss:13.08	MRR:19.32	Hits@10:34.11	Best:19.49
2025-01-09 19:43:55,333 INFO    : Snapshot:2	3	10	Epoch:31	Loss:13.093	MRR:19.33	Hits@10:34.05	Best:19.49
2025-01-09 19:44:08,039 INFO    : Snapshot:2	4	10	Epoch:32	Loss:13.065	MRR:19.46	Hits@10:34.25	Best:19.49
2025-01-09 19:44:21,302 INFO    : Snapshot:2	0	10	Epoch:33	Loss:13.052	MRR:19.65	Hits@10:34.19	Best:19.65
2025-01-09 19:44:34,336 INFO    : Snapshot:2	1	10	Epoch:34	Loss:13.054	MRR:19.36	Hits@10:34.25	Best:19.65
2025-01-09 19:44:47,350 INFO    : Snapshot:2	2	10	Epoch:35	Loss:13.027	MRR:19.54	Hits@10:34.21	Best:19.65
2025-01-09 19:45:00,414 INFO    : Snapshot:2	3	10	Epoch:36	Loss:13.027	MRR:19.47	Hits@10:34.25	Best:19.65
2025-01-09 19:45:14,510 INFO    : Snapshot:2	4	10	Epoch:37	Loss:12.999	MRR:19.42	Hits@10:34.22	Best:19.65
2025-01-09 19:45:27,484 INFO    : Snapshot:2	5	10	Epoch:38	Loss:13.008	MRR:19.46	Hits@10:34.15	Best:19.65
2025-01-09 19:45:40,927 INFO    : Snapshot:2	6	10	Epoch:39	Loss:12.992	MRR:19.41	Hits@10:34.17	Best:19.65
2025-01-09 19:45:53,671 INFO    : Snapshot:2	7	10	Epoch:40	Loss:13.007	MRR:19.53	Hits@10:34.38	Best:19.65
2025-01-09 19:46:06,502 INFO    : Snapshot:2	8	10	Epoch:41	Loss:12.968	MRR:19.49	Hits@10:34.2	Best:19.65
2025-01-09 19:46:19,443 INFO    : Snapshot:2	9	10	Epoch:42	Loss:13.008	MRR:19.52	Hits@10:34.15	Best:19.65
2025-01-09 19:46:32,345 INFO    : Early Stopping! Snapshot:2 Epoch: 43 Best Results: 19.65
2025-01-09 19:46:32,437 INFO    : => loading checkpoint './checkpoint/HYBRID\2model_best.tar'
2025-01-09 19:46:45,097 INFO    : 
+------------+--------+--------+--------+--------+---------+
| Snapshot:2 |  MRR   | Hits@1 | Hits@3 | Hits@5 | Hits@10 |
+------------+--------+--------+--------+--------+---------+
|     0      | 0.2558 | 0.1548 | 0.3079 | 0.3682 |  0.4392 |
|     1      | 0.2761 | 0.1782 | 0.3172 | 0.3837 |  0.4675 |
|     2      | 0.1953 | 0.1204 | 0.2214 | 0.2717 |  0.3394 |
+------------+--------+--------+--------+--------+---------+
2025-01-09 19:47:15,366 INFO    : Snapshot:3	0	10	Epoch:0	Loss:28.773	MRR:15.92	Hits@10:29.27	Best:15.92
2025-01-09 19:47:32,305 INFO    : Snapshot:3	0	10	Epoch:1	Loss:21.247	MRR:16.59	Hits@10:30.84	Best:16.59
2025-01-09 19:47:49,241 INFO    : Snapshot:3	0	10	Epoch:2	Loss:20.444	MRR:16.75	Hits@10:31.4	Best:16.75
2025-01-09 19:48:06,023 INFO    : Snapshot:3	0	10	Epoch:3	Loss:20.045	MRR:16.84	Hits@10:31.41	Best:16.84
2025-01-09 19:48:22,890 INFO    : Snapshot:3	0	10	Epoch:4	Loss:19.787	MRR:17.24	Hits@10:32.06	Best:17.24
2025-01-09 19:48:40,093 INFO    : Snapshot:3	0	10	Epoch:5	Loss:19.594	MRR:17.43	Hits@10:32.15	Best:17.43
2025-01-09 19:48:57,093 INFO    : Snapshot:3	1	10	Epoch:6	Loss:19.471	MRR:17.36	Hits@10:32.38	Best:17.43
2025-01-09 19:49:14,042 INFO    : Snapshot:3	0	10	Epoch:7	Loss:19.297	MRR:17.46	Hits@10:32.33	Best:17.46
2025-01-09 19:49:30,765 INFO    : Snapshot:3	0	10	Epoch:8	Loss:19.31	MRR:17.58	Hits@10:32.38	Best:17.58
2025-01-09 19:49:47,595 INFO    : Snapshot:3	0	10	Epoch:9	Loss:19.216	MRR:17.75	Hits@10:32.55	Best:17.75
2025-01-09 19:50:04,266 INFO    : Snapshot:3	1	10	Epoch:10	Loss:19.115	MRR:17.74	Hits@10:32.7	Best:17.75
2025-01-09 19:50:21,231 INFO    : Snapshot:3	2	10	Epoch:11	Loss:19.057	MRR:17.69	Hits@10:32.69	Best:17.75
2025-01-09 19:50:38,204 INFO    : Snapshot:3	0	10	Epoch:12	Loss:19.034	MRR:17.78	Hits@10:32.68	Best:17.78
2025-01-09 19:50:55,256 INFO    : Snapshot:3	0	10	Epoch:13	Loss:18.947	MRR:17.86	Hits@10:32.72	Best:17.86
2025-01-09 19:51:12,030 INFO    : Snapshot:3	1	10	Epoch:14	Loss:18.961	MRR:17.85	Hits@10:32.94	Best:17.86
2025-01-09 19:51:28,774 INFO    : Snapshot:3	0	10	Epoch:15	Loss:18.871	MRR:17.93	Hits@10:32.79	Best:17.93
2025-01-09 19:51:45,517 INFO    : Snapshot:3	1	10	Epoch:16	Loss:18.882	MRR:17.89	Hits@10:32.88	Best:17.93
2025-01-09 19:52:02,317 INFO    : Snapshot:3	0	10	Epoch:17	Loss:18.805	MRR:17.95	Hits@10:32.9	Best:17.95
2025-01-09 19:52:19,050 INFO    : Snapshot:3	0	10	Epoch:18	Loss:18.858	MRR:18.02	Hits@10:32.9	Best:18.02
2025-01-09 19:52:35,929 INFO    : Snapshot:3	1	10	Epoch:19	Loss:18.764	MRR:17.99	Hits@10:32.96	Best:18.02
2025-01-09 19:52:52,771 INFO    : Snapshot:3	2	10	Epoch:20	Loss:18.787	MRR:17.98	Hits@10:32.95	Best:18.02
2025-01-09 19:53:09,650 INFO    : Snapshot:3	3	10	Epoch:21	Loss:18.748	MRR:17.92	Hits@10:32.93	Best:18.02
2025-01-09 19:53:26,367 INFO    : Snapshot:3	0	10	Epoch:22	Loss:18.698	MRR:18.09	Hits@10:33.04	Best:18.09
2025-01-09 19:53:43,094 INFO    : Snapshot:3	1	10	Epoch:23	Loss:18.704	MRR:18.0	Hits@10:33.0	Best:18.09
2025-01-09 19:53:59,849 INFO    : Snapshot:3	2	10	Epoch:24	Loss:18.631	MRR:18.07	Hits@10:33.13	Best:18.09
2025-01-09 19:54:16,641 INFO    : Snapshot:3	0	10	Epoch:25	Loss:18.657	MRR:18.1	Hits@10:33.1	Best:18.1
2025-01-09 19:54:33,629 INFO    : Snapshot:3	1	10	Epoch:26	Loss:18.625	MRR:18.0	Hits@10:33.0	Best:18.1
2025-01-09 19:54:50,628 INFO    : Snapshot:3	2	10	Epoch:27	Loss:18.606	MRR:18.1	Hits@10:33.16	Best:18.1
2025-01-09 19:55:07,799 INFO    : Snapshot:3	3	10	Epoch:28	Loss:18.632	MRR:17.95	Hits@10:32.95	Best:18.1
2025-01-09 19:55:24,631 INFO    : Snapshot:3	0	10	Epoch:29	Loss:18.621	MRR:18.13	Hits@10:33.06	Best:18.13
2025-01-09 19:55:41,469 INFO    : Snapshot:3	0	10	Epoch:30	Loss:18.583	MRR:18.23	Hits@10:33.19	Best:18.23
2025-01-09 19:55:58,270 INFO    : Snapshot:3	1	10	Epoch:31	Loss:18.614	MRR:18.06	Hits@10:33.05	Best:18.23
2025-01-09 19:56:15,093 INFO    : Snapshot:3	2	10	Epoch:32	Loss:18.586	MRR:18.21	Hits@10:33.05	Best:18.23
2025-01-09 19:56:32,219 INFO    : Snapshot:3	3	10	Epoch:33	Loss:18.584	MRR:18.17	Hits@10:33.13	Best:18.23
2025-01-09 19:56:49,091 INFO    : Snapshot:3	4	10	Epoch:34	Loss:18.553	MRR:18.22	Hits@10:33.19	Best:18.23
2025-01-09 19:57:05,977 INFO    : Snapshot:3	5	10	Epoch:35	Loss:18.545	MRR:18.2	Hits@10:33.21	Best:18.23
2025-01-09 19:57:22,879 INFO    : Snapshot:3	6	10	Epoch:36	Loss:18.538	MRR:18.21	Hits@10:33.25	Best:18.23
2025-01-09 19:57:39,648 INFO    : Snapshot:3	7	10	Epoch:37	Loss:18.541	MRR:18.15	Hits@10:33.19	Best:18.23
2025-01-09 19:57:56,381 INFO    : Snapshot:3	8	10	Epoch:38	Loss:18.484	MRR:18.14	Hits@10:33.16	Best:18.23
2025-01-09 19:58:13,146 INFO    : Snapshot:3	0	10	Epoch:39	Loss:18.495	MRR:18.27	Hits@10:33.12	Best:18.27
2025-01-09 19:58:29,810 INFO    : Snapshot:3	1	10	Epoch:40	Loss:18.488	MRR:18.15	Hits@10:33.14	Best:18.27
2025-01-09 19:58:46,702 INFO    : Snapshot:3	2	10	Epoch:41	Loss:18.516	MRR:18.12	Hits@10:33.16	Best:18.27
2025-01-09 19:59:03,653 INFO    : Snapshot:3	3	10	Epoch:42	Loss:18.492	MRR:18.1	Hits@10:33.05	Best:18.27
2025-01-09 19:59:20,464 INFO    : Snapshot:3	4	10	Epoch:43	Loss:18.525	MRR:18.21	Hits@10:33.42	Best:18.27
2025-01-09 19:59:37,271 INFO    : Snapshot:3	5	10	Epoch:44	Loss:18.445	MRR:18.1	Hits@10:33.29	Best:18.27
2025-01-09 19:59:53,949 INFO    : Snapshot:3	6	10	Epoch:45	Loss:18.504	MRR:18.15	Hits@10:33.07	Best:18.27
2025-01-09 20:00:10,765 INFO    : Snapshot:3	7	10	Epoch:46	Loss:18.466	MRR:18.2	Hits@10:33.15	Best:18.27
2025-01-09 20:00:27,947 INFO    : Snapshot:3	8	10	Epoch:47	Loss:18.469	MRR:18.18	Hits@10:33.36	Best:18.27
2025-01-09 20:00:45,041 INFO    : Snapshot:3	9	10	Epoch:48	Loss:18.442	MRR:18.18	Hits@10:33.27	Best:18.27
2025-01-09 20:01:02,070 INFO    : Early Stopping! Snapshot:3 Epoch: 49 Best Results: 18.27
2025-01-09 20:01:02,164 INFO    : => loading checkpoint './checkpoint/HYBRID\3model_best.tar'
2025-01-09 20:01:25,035 INFO    : 
+------------+--------+--------+--------+--------+---------+
| Snapshot:3 |  MRR   | Hits@1 | Hits@3 | Hits@5 | Hits@10 |
+------------+--------+--------+--------+--------+---------+
|     0      | 0.2558 | 0.1548 | 0.3079 | 0.3682 |  0.4392 |
|     1      | 0.2761 | 0.1782 | 0.3172 | 0.3837 |  0.4675 |
|     2      | 0.1953 | 0.1204 | 0.2214 | 0.2717 |  0.3394 |
|     3      | 0.1823 | 0.1022 | 0.2178 | 0.2698 |  0.3328 |
+------------+--------+--------+--------+--------+---------+
2025-01-09 20:01:38,655 INFO    : Snapshot:4	0	10	Epoch:0	Loss:14.399	MRR:15.5	Hits@10:25.45	Best:15.5
2025-01-09 20:01:45,235 INFO    : Snapshot:4	0	10	Epoch:1	Loss:12.2	MRR:15.81	Hits@10:25.82	Best:15.81
2025-01-09 20:01:51,817 INFO    : Snapshot:4	1	10	Epoch:2	Loss:12.118	MRR:15.67	Hits@10:25.76	Best:15.81
2025-01-09 20:01:58,413 INFO    : Snapshot:4	2	10	Epoch:3	Loss:12.044	MRR:15.81	Hits@10:25.68	Best:15.81
2025-01-09 20:02:04,980 INFO    : Snapshot:4	3	10	Epoch:4	Loss:12.051	MRR:15.8	Hits@10:25.66	Best:15.81
2025-01-09 20:02:11,637 INFO    : Snapshot:4	0	10	Epoch:5	Loss:12.025	MRR:15.85	Hits@10:25.76	Best:15.85
2025-01-09 20:02:18,182 INFO    : Snapshot:4	0	10	Epoch:6	Loss:11.995	MRR:15.88	Hits@10:25.68	Best:15.88
2025-01-09 20:02:24,760 INFO    : Snapshot:4	1	10	Epoch:7	Loss:11.982	MRR:15.69	Hits@10:25.7	Best:15.88
2025-01-09 20:02:31,384 INFO    : Snapshot:4	2	10	Epoch:8	Loss:11.972	MRR:15.75	Hits@10:25.75	Best:15.88
2025-01-09 20:02:38,111 INFO    : Snapshot:4	3	10	Epoch:9	Loss:11.969	MRR:15.71	Hits@10:25.69	Best:15.88
2025-01-09 20:02:44,742 INFO    : Snapshot:4	4	10	Epoch:10	Loss:11.961	MRR:15.74	Hits@10:25.66	Best:15.88
2025-01-09 20:02:51,284 INFO    : Snapshot:4	5	10	Epoch:11	Loss:11.943	MRR:15.73	Hits@10:25.74	Best:15.88
2025-01-09 20:02:57,819 INFO    : Snapshot:4	6	10	Epoch:12	Loss:11.97	MRR:15.66	Hits@10:25.64	Best:15.88
2025-01-09 20:03:04,395 INFO    : Snapshot:4	7	10	Epoch:13	Loss:11.947	MRR:15.8	Hits@10:25.84	Best:15.88
2025-01-09 20:03:10,917 INFO    : Snapshot:4	8	10	Epoch:14	Loss:11.943	MRR:15.77	Hits@10:25.67	Best:15.88
2025-01-09 20:03:17,529 INFO    : Snapshot:4	9	10	Epoch:15	Loss:11.916	MRR:15.67	Hits@10:25.6	Best:15.88
2025-01-09 20:03:24,070 INFO    : Early Stopping! Snapshot:4 Epoch: 16 Best Results: 15.88
2025-01-09 20:03:24,175 INFO    : => loading checkpoint './checkpoint/HYBRID\4model_best.tar'
2025-01-09 20:03:51,459 INFO    : 
+------------+--------+--------+--------+--------+---------+
| Snapshot:4 |  MRR   | Hits@1 | Hits@3 | Hits@5 | Hits@10 |
+------------+--------+--------+--------+--------+---------+
|     0      | 0.2558 | 0.1548 | 0.3079 | 0.3682 |  0.4392 |
|     1      | 0.2761 | 0.1782 | 0.3172 | 0.3837 |  0.4675 |
|     2      | 0.1953 | 0.1204 | 0.2214 | 0.2717 |  0.3394 |
|     3      | 0.1823 | 0.1022 | 0.2178 | 0.2698 |  0.3328 |
|     4      | 0.1594 | 0.1067 | 0.1757 | 0.2107 |  0.2579 |
+------------+--------+--------+--------+--------+---------+
2025-01-09 20:03:51,475 INFO    : Final Result:
[+------------+--------+--------+--------+--------+---------+
| Snapshot:0 |  MRR   | Hits@1 | Hits@3 | Hits@5 | Hits@10 |
+------------+--------+--------+--------+--------+---------+
|     0      | 0.2558 | 0.1548 | 0.3079 | 0.3682 |  0.4392 |
+------------+--------+--------+--------+--------+---------+, +------------+--------+--------+--------+--------+---------+
| Snapshot:1 |  MRR   | Hits@1 | Hits@3 | Hits@5 | Hits@10 |
+------------+--------+--------+--------+--------+---------+
|     0      | 0.2558 | 0.1548 | 0.3079 | 0.3682 |  0.4392 |
|     1      | 0.2761 | 0.1782 | 0.3172 | 0.3837 |  0.4675 |
+------------+--------+--------+--------+--------+---------+, +------------+--------+--------+--------+--------+---------+
| Snapshot:2 |  MRR   | Hits@1 | Hits@3 | Hits@5 | Hits@10 |
+------------+--------+--------+--------+--------+---------+
|     0      | 0.2558 | 0.1548 | 0.3079 | 0.3682 |  0.4392 |
|     1      | 0.2761 | 0.1782 | 0.3172 | 0.3837 |  0.4675 |
|     2      | 0.1953 | 0.1204 | 0.2214 | 0.2717 |  0.3394 |
+------------+--------+--------+--------+--------+---------+, +------------+--------+--------+--------+--------+---------+
| Snapshot:3 |  MRR   | Hits@1 | Hits@3 | Hits@5 | Hits@10 |
+------------+--------+--------+--------+--------+---------+
|     0      | 0.2558 | 0.1548 | 0.3079 | 0.3682 |  0.4392 |
|     1      | 0.2761 | 0.1782 | 0.3172 | 0.3837 |  0.4675 |
|     2      | 0.1953 | 0.1204 | 0.2214 | 0.2717 |  0.3394 |
|     3      | 0.1823 | 0.1022 | 0.2178 | 0.2698 |  0.3328 |
+------------+--------+--------+--------+--------+---------+, +------------+--------+--------+--------+--------+---------+
| Snapshot:4 |  MRR   | Hits@1 | Hits@3 | Hits@5 | Hits@10 |
+------------+--------+--------+--------+--------+---------+
|     0      | 0.2558 | 0.1548 | 0.3079 | 0.3682 |  0.4392 |
|     1      | 0.2761 | 0.1782 | 0.3172 | 0.3837 |  0.4675 |
|     2      | 0.1953 | 0.1204 | 0.2214 | 0.2717 |  0.3394 |
|     3      | 0.1823 | 0.1022 | 0.2178 | 0.2698 |  0.3328 |
|     4      | 0.1594 | 0.1067 | 0.1757 | 0.2107 |  0.2579 |
+------------+--------+--------+--------+--------+---------+]
2025-01-09 20:03:51,475 INFO    : Report Result:
+----------+--------------------+-----------+--------------+--------------+---------------+
| Snapshot |        Time        | Whole_MRR | Whole_Hits@1 | Whole_Hits@3 | Whole_Hits@10 |
+----------+--------------------+-----------+--------------+--------------+---------------+
|    0     | 74.57672429084778  |   0.256   |    0.155     |    0.308     |     0.439     |
|    1     | 114.18072390556335 |   0.261   |    0.161     |     0.31     |     0.447     |
|    2     | 575.0220291614532  |   0.226   |     0.14     |    0.263     |      0.39     |
|    3     | 846.6294612884521  |   0.209   |    0.125     |    0.246     |     0.368     |
|    4     | 114.46467852592468 |   0.203   |    0.123     |    0.237     |     0.354     |
+----------+--------------------+-----------+--------------+--------------+---------------+
2025-01-09 20:03:51,475 INFO    : Sum_Training_Time:1724.8736171722412
2025-01-09 20:03:51,475 INFO    : Every_Training_Time:[74.57672429084778, 114.18072390556335, 575.0220291614532, 846.6294612884521, 114.46467852592468]
2025-01-09 20:03:51,475 INFO    : Forward transfer: 0.037275 Backward transfer: 0.0
