2025-01-15 11:20:05,445 INFO    : Namespace(batch_size=1024, data_path='./data/HYBRID/', dataset='HYBRID', debug=False, device=device(type='cuda', index=0), emb_dim=200, ent_r='200', epoch_num=200, explore=False, gpu='0', l2=0.0, learning_rate='1e-1', log_path='./logs/HYBRID 200 20 1e-1 1024/HYBRID 20250115111957', logger=<RootLogger root (INFO)>, margin=8.0, model_name='LoraKGE_Layers', multi_layers_path='train_sorted_by_edges_betweenness.txt', neg_ratio=10, note='', num_ent_layers='20', num_layer=1, num_rel_layers='8', patience='3', predict_result=False, r=100, r_fixed=True, random_seed=3407, record=False, rel_r='200', save_path='./checkpoint/HYBRID', skip_previous='False', snapshot_num=5, train_new=True, using_multi_layers=False, using_various_ranks='True', using_various_ranks_reverse=False, valid_metrics='mrr')
2025-01-15 11:20:13,462 INFO    : Snapshot:0	0	3	Epoch:0	Loss:37.229	MRR:14.76	Hits@10:28.92	Best:14.76
2025-01-15 11:20:19,033 INFO    : Snapshot:0	0	3	Epoch:1	Loss:18.611	MRR:22.47	Hits@10:40.38	Best:22.47
2025-01-15 11:20:24,631 INFO    : Snapshot:0	0	3	Epoch:2	Loss:8.665	MRR:25.05	Hits@10:43.96	Best:25.05
2025-01-15 11:20:30,176 INFO    : Snapshot:0	0	3	Epoch:3	Loss:4.555	MRR:25.63	Hits@10:44.96	Best:25.63
2025-01-15 11:20:35,629 INFO    : Snapshot:0	1	3	Epoch:4	Loss:2.778	MRR:25.59	Hits@10:44.87	Best:25.63
2025-01-15 11:20:41,757 INFO    : Snapshot:0	2	3	Epoch:5	Loss:1.937	MRR:25.27	Hits@10:44.8	Best:25.63
2025-01-15 11:20:47,680 INFO    : Early Stopping! Snapshot:0 Epoch: 6 Best Results: 25.63
2025-01-15 11:20:47,776 INFO    : => loading checkpoint './checkpoint/HYBRID\0model_best.tar'
2025-01-15 11:20:51,347 INFO    : 
+------------+--------+--------+--------+--------+---------+
| Snapshot:0 |  MRR   | Hits@1 | Hits@3 | Hits@5 | Hits@10 |
+------------+--------+--------+--------+--------+---------+
|     0      | 0.2558 | 0.1548 | 0.3079 | 0.3682 |  0.4392 |
+------------+--------+--------+--------+--------+---------+
2025-01-15 11:20:58,512 INFO    : Snapshot:1	0	3	Epoch:0	Loss:8.703	MRR:20.85	Hits@10:37.16	Best:20.85
2025-01-15 11:21:01,682 INFO    : Snapshot:1	0	3	Epoch:1	Loss:4.02	MRR:24.82	Hits@10:42.16	Best:24.82
2025-01-15 11:21:04,450 INFO    : Snapshot:1	0	3	Epoch:2	Loss:3.265	MRR:25.84	Hits@10:44.4	Best:25.84
2025-01-15 11:21:07,144 INFO    : Snapshot:1	0	3	Epoch:3	Loss:2.946	MRR:26.73	Hits@10:45.47	Best:26.73
2025-01-15 11:21:09,909 INFO    : Snapshot:1	0	3	Epoch:4	Loss:2.784	MRR:26.92	Hits@10:45.93	Best:26.92
2025-01-15 11:21:12,657 INFO    : Snapshot:1	0	3	Epoch:5	Loss:2.674	MRR:27.03	Hits@10:45.96	Best:27.03
2025-01-15 11:21:15,431 INFO    : Snapshot:1	0	3	Epoch:6	Loss:2.601	MRR:27.33	Hits@10:46.34	Best:27.33
2025-01-15 11:21:18,199 INFO    : Snapshot:1	0	3	Epoch:7	Loss:2.558	MRR:27.5	Hits@10:46.59	Best:27.5
2025-01-15 11:21:21,010 INFO    : Snapshot:1	0	3	Epoch:8	Loss:2.511	MRR:27.56	Hits@10:46.51	Best:27.56
2025-01-15 11:21:23,903 INFO    : Snapshot:1	1	3	Epoch:9	Loss:2.483	MRR:27.43	Hits@10:46.44	Best:27.56
2025-01-15 11:21:26,807 INFO    : Snapshot:1	2	3	Epoch:10	Loss:2.457	MRR:27.52	Hits@10:46.75	Best:27.56
2025-01-15 11:21:29,590 INFO    : Snapshot:1	0	3	Epoch:11	Loss:2.44	MRR:28.1	Hits@10:47.33	Best:28.1
2025-01-15 11:21:32,297 INFO    : Snapshot:1	1	3	Epoch:12	Loss:2.43	MRR:27.97	Hits@10:47.07	Best:28.1
2025-01-15 11:21:34,963 INFO    : Snapshot:1	2	3	Epoch:13	Loss:2.398	MRR:27.88	Hits@10:47.08	Best:28.1
2025-01-15 11:21:37,654 INFO    : Early Stopping! Snapshot:1 Epoch: 14 Best Results: 28.1
2025-01-15 11:21:37,744 INFO    : => loading checkpoint './checkpoint/HYBRID\1model_best.tar'
2025-01-15 11:21:43,512 INFO    : 
+------------+--------+--------+--------+--------+---------+
| Snapshot:1 |  MRR   | Hits@1 | Hits@3 | Hits@5 | Hits@10 |
+------------+--------+--------+--------+--------+---------+
|     0      | 0.2558 | 0.1548 | 0.3079 | 0.3682 |  0.4392 |
|     1      | 0.273  | 0.1746 | 0.3151 | 0.3798 |  0.4648 |
+------------+--------+--------+--------+--------+---------+
2025-01-15 11:22:07,768 INFO    : Snapshot:2	0	3	Epoch:0	Loss:25.863	MRR:16.37	Hits@10:29.5	Best:16.37
2025-01-15 11:22:21,862 INFO    : Snapshot:2	0	3	Epoch:1	Loss:16.673	MRR:17.16	Hits@10:30.75	Best:17.16
2025-01-15 11:22:36,562 INFO    : Snapshot:2	0	3	Epoch:2	Loss:15.545	MRR:17.68	Hits@10:31.75	Best:17.68
2025-01-15 11:22:51,187 INFO    : Snapshot:2	0	3	Epoch:3	Loss:14.987	MRR:18.06	Hits@10:32.08	Best:18.06
2025-01-15 11:23:05,661 INFO    : Snapshot:2	0	3	Epoch:4	Loss:14.637	MRR:18.35	Hits@10:32.33	Best:18.35
2025-01-15 11:23:19,986 INFO    : Snapshot:2	0	3	Epoch:5	Loss:14.389	MRR:18.6	Hits@10:32.8	Best:18.6
2025-01-15 11:23:34,448 INFO    : Snapshot:2	1	3	Epoch:6	Loss:14.14	MRR:18.51	Hits@10:33.14	Best:18.6
2025-01-15 11:23:49,206 INFO    : Snapshot:2	2	3	Epoch:7	Loss:13.981	MRR:18.43	Hits@10:33.08	Best:18.6
2025-01-15 11:24:03,529 INFO    : Snapshot:2	0	3	Epoch:8	Loss:13.893	MRR:18.67	Hits@10:33.05	Best:18.67
2025-01-15 11:24:17,830 INFO    : Snapshot:2	0	3	Epoch:9	Loss:13.773	MRR:18.84	Hits@10:33.15	Best:18.84
2025-01-15 11:24:31,642 INFO    : Snapshot:2	0	3	Epoch:10	Loss:13.704	MRR:18.92	Hits@10:33.65	Best:18.92
2025-01-15 11:24:46,106 INFO    : Snapshot:2	0	3	Epoch:11	Loss:13.627	MRR:19.08	Hits@10:33.49	Best:19.08
2025-01-15 11:25:00,358 INFO    : Snapshot:2	1	3	Epoch:12	Loss:13.556	MRR:18.86	Hits@10:33.5	Best:19.08
2025-01-15 11:25:14,863 INFO    : Snapshot:2	2	3	Epoch:13	Loss:13.544	MRR:19.06	Hits@10:33.76	Best:19.08
2025-01-15 11:25:28,750 INFO    : Snapshot:2	0	3	Epoch:14	Loss:13.464	MRR:19.12	Hits@10:33.62	Best:19.12
2025-01-15 11:25:43,162 INFO    : Snapshot:2	0	3	Epoch:15	Loss:13.447	MRR:19.13	Hits@10:33.59	Best:19.13
2025-01-15 11:25:57,179 INFO    : Snapshot:2	1	3	Epoch:16	Loss:13.399	MRR:19.06	Hits@10:33.65	Best:19.13
2025-01-15 11:26:11,614 INFO    : Snapshot:2	0	3	Epoch:17	Loss:13.35	MRR:19.22	Hits@10:33.94	Best:19.22
2025-01-15 11:26:26,091 INFO    : Snapshot:2	1	3	Epoch:18	Loss:13.288	MRR:19.21	Hits@10:33.84	Best:19.22
2025-01-15 11:26:41,109 INFO    : Snapshot:2	2	3	Epoch:19	Loss:13.231	MRR:19.21	Hits@10:33.78	Best:19.22
2025-01-15 11:26:55,217 INFO    : Early Stopping! Snapshot:2 Epoch: 20 Best Results: 19.22
2025-01-15 11:26:55,318 INFO    : => loading checkpoint './checkpoint/HYBRID\2model_best.tar'
2025-01-15 11:27:09,090 INFO    : 
+------------+--------+--------+--------+--------+---------+
| Snapshot:2 |  MRR   | Hits@1 | Hits@3 | Hits@5 | Hits@10 |
+------------+--------+--------+--------+--------+---------+
|     0      | 0.2558 | 0.1548 | 0.3079 | 0.3682 |  0.4392 |
|     1      | 0.273  | 0.1746 | 0.3151 | 0.3798 |  0.4648 |
|     2      | 0.1906 | 0.1151 | 0.2169 | 0.268  |  0.3371 |
+------------+--------+--------+--------+--------+---------+
2025-01-15 11:27:41,677 INFO    : Snapshot:3	0	3	Epoch:0	Loss:28.715	MRR:15.78	Hits@10:29.05	Best:15.78
2025-01-15 11:27:59,946 INFO    : Snapshot:3	0	3	Epoch:1	Loss:21.206	MRR:16.49	Hits@10:30.55	Best:16.49
2025-01-15 11:28:18,620 INFO    : Snapshot:3	0	3	Epoch:2	Loss:20.43	MRR:16.97	Hits@10:31.15	Best:16.97
2025-01-15 11:28:37,304 INFO    : Snapshot:3	0	3	Epoch:3	Loss:20.021	MRR:17.06	Hits@10:31.35	Best:17.06
2025-01-15 11:28:56,164 INFO    : Snapshot:3	0	3	Epoch:4	Loss:19.818	MRR:17.34	Hits@10:32.04	Best:17.34
2025-01-15 11:29:14,979 INFO    : Snapshot:3	0	3	Epoch:5	Loss:19.554	MRR:17.5	Hits@10:32.08	Best:17.5
2025-01-15 11:29:33,576 INFO    : Snapshot:3	1	3	Epoch:6	Loss:19.404	MRR:17.46	Hits@10:32.25	Best:17.5
2025-01-15 11:29:51,904 INFO    : Snapshot:3	2	3	Epoch:7	Loss:19.292	MRR:17.46	Hits@10:32.1	Best:17.5
2025-01-15 11:30:10,086 INFO    : Snapshot:3	0	3	Epoch:8	Loss:19.252	MRR:17.67	Hits@10:32.34	Best:17.67
2025-01-15 11:30:28,444 INFO    : Snapshot:3	0	3	Epoch:9	Loss:19.171	MRR:17.79	Hits@10:32.54	Best:17.79
2025-01-15 11:30:47,053 INFO    : Snapshot:3	0	3	Epoch:10	Loss:19.104	MRR:17.81	Hits@10:32.38	Best:17.81
2025-01-15 11:31:05,544 INFO    : Snapshot:3	1	3	Epoch:11	Loss:19.015	MRR:17.68	Hits@10:32.39	Best:17.81
2025-01-15 11:31:23,952 INFO    : Snapshot:3	0	3	Epoch:12	Loss:18.972	MRR:17.85	Hits@10:32.28	Best:17.85
2025-01-15 11:31:42,097 INFO    : Snapshot:3	0	3	Epoch:13	Loss:18.945	MRR:17.88	Hits@10:32.61	Best:17.88
2025-01-15 11:32:00,316 INFO    : Snapshot:3	1	3	Epoch:14	Loss:18.852	MRR:17.86	Hits@10:32.58	Best:17.88
2025-01-15 11:32:19,300 INFO    : Snapshot:3	0	3	Epoch:15	Loss:18.847	MRR:17.92	Hits@10:32.52	Best:17.92
2025-01-15 11:32:38,030 INFO    : Snapshot:3	1	3	Epoch:16	Loss:18.863	MRR:17.89	Hits@10:32.65	Best:17.92
2025-01-15 11:32:56,274 INFO    : Snapshot:3	2	3	Epoch:17	Loss:18.816	MRR:17.85	Hits@10:32.6	Best:17.92
2025-01-15 11:33:14,519 INFO    : Snapshot:3	0	3	Epoch:18	Loss:18.763	MRR:18.02	Hits@10:32.58	Best:18.02
2025-01-15 11:33:33,112 INFO    : Snapshot:3	0	3	Epoch:19	Loss:18.719	MRR:18.03	Hits@10:32.71	Best:18.03
2025-01-15 11:33:51,378 INFO    : Snapshot:3	1	3	Epoch:20	Loss:18.73	MRR:18.03	Hits@10:32.6	Best:18.03
2025-01-15 11:34:09,938 INFO    : Snapshot:3	2	3	Epoch:21	Loss:18.722	MRR:17.94	Hits@10:32.55	Best:18.03
2025-01-15 11:34:28,321 INFO    : Early Stopping! Snapshot:3 Epoch: 22 Best Results: 18.03
2025-01-15 11:34:28,418 INFO    : => loading checkpoint './checkpoint/HYBRID\3model_best.tar'
2025-01-15 11:34:53,763 INFO    : 
+------------+--------+--------+--------+--------+---------+
| Snapshot:3 |  MRR   | Hits@1 | Hits@3 | Hits@5 | Hits@10 |
+------------+--------+--------+--------+--------+---------+
|     0      | 0.2558 | 0.1548 | 0.3079 | 0.3682 |  0.4392 |
|     1      | 0.273  | 0.1746 | 0.3151 | 0.3798 |  0.4648 |
|     2      | 0.1906 | 0.1151 | 0.2169 | 0.268  |  0.3371 |
|     3      | 0.1808 | 0.1019 | 0.2148 | 0.2644 |  0.3294 |
+------------+--------+--------+--------+--------+---------+
2025-01-15 11:35:11,345 INFO    : Snapshot:4	0	3	Epoch:0	Loss:14.595	MRR:14.19	Hits@10:24.61	Best:14.19
2025-01-15 11:35:18,228 INFO    : Snapshot:4	0	3	Epoch:1	Loss:12.375	MRR:14.51	Hits@10:24.85	Best:14.51
2025-01-15 11:35:25,160 INFO    : Snapshot:4	1	3	Epoch:2	Loss:12.272	MRR:14.36	Hits@10:24.85	Best:14.51
2025-01-15 11:35:32,034 INFO    : Snapshot:4	0	3	Epoch:3	Loss:12.234	MRR:14.62	Hits@10:25.04	Best:14.62
2025-01-15 11:35:39,529 INFO    : Snapshot:4	1	3	Epoch:4	Loss:12.195	MRR:14.43	Hits@10:24.87	Best:14.62
2025-01-15 11:35:46,750 INFO    : Snapshot:4	2	3	Epoch:5	Loss:12.162	MRR:14.42	Hits@10:24.98	Best:14.62
2025-01-15 11:35:53,821 INFO    : Early Stopping! Snapshot:4 Epoch: 6 Best Results: 14.62
2025-01-15 11:35:53,921 INFO    : => loading checkpoint './checkpoint/HYBRID\4model_best.tar'
2025-01-15 11:36:26,656 INFO    : 
+------------+--------+--------+--------+--------+---------+
| Snapshot:4 |  MRR   | Hits@1 | Hits@3 | Hits@5 | Hits@10 |
+------------+--------+--------+--------+--------+---------+
|     0      | 0.2558 | 0.1548 | 0.3079 | 0.3682 |  0.4392 |
|     1      | 0.273  | 0.1746 | 0.3151 | 0.3798 |  0.4648 |
|     2      | 0.1906 | 0.1151 | 0.2169 | 0.268  |  0.3371 |
|     3      | 0.1808 | 0.1019 | 0.2148 | 0.2644 |  0.3294 |
|     4      | 0.1466 | 0.093  | 0.1613 | 0.2002 |  0.2512 |
+------------+--------+--------+--------+--------+---------+
2025-01-15 11:36:26,656 INFO    : Final Result:
[+------------+--------+--------+--------+--------+---------+
| Snapshot:0 |  MRR   | Hits@1 | Hits@3 | Hits@5 | Hits@10 |
+------------+--------+--------+--------+--------+---------+
|     0      | 0.2558 | 0.1548 | 0.3079 | 0.3682 |  0.4392 |
+------------+--------+--------+--------+--------+---------+, +------------+--------+--------+--------+--------+---------+
| Snapshot:1 |  MRR   | Hits@1 | Hits@3 | Hits@5 | Hits@10 |
+------------+--------+--------+--------+--------+---------+
|     0      | 0.2558 | 0.1548 | 0.3079 | 0.3682 |  0.4392 |
|     1      | 0.273  | 0.1746 | 0.3151 | 0.3798 |  0.4648 |
+------------+--------+--------+--------+--------+---------+, +------------+--------+--------+--------+--------+---------+
| Snapshot:2 |  MRR   | Hits@1 | Hits@3 | Hits@5 | Hits@10 |
+------------+--------+--------+--------+--------+---------+
|     0      | 0.2558 | 0.1548 | 0.3079 | 0.3682 |  0.4392 |
|     1      | 0.273  | 0.1746 | 0.3151 | 0.3798 |  0.4648 |
|     2      | 0.1906 | 0.1151 | 0.2169 | 0.268  |  0.3371 |
+------------+--------+--------+--------+--------+---------+, +------------+--------+--------+--------+--------+---------+
| Snapshot:3 |  MRR   | Hits@1 | Hits@3 | Hits@5 | Hits@10 |
+------------+--------+--------+--------+--------+---------+
|     0      | 0.2558 | 0.1548 | 0.3079 | 0.3682 |  0.4392 |
|     1      | 0.273  | 0.1746 | 0.3151 | 0.3798 |  0.4648 |
|     2      | 0.1906 | 0.1151 | 0.2169 | 0.268  |  0.3371 |
|     3      | 0.1808 | 0.1019 | 0.2148 | 0.2644 |  0.3294 |
+------------+--------+--------+--------+--------+---------+, +------------+--------+--------+--------+--------+---------+
| Snapshot:4 |  MRR   | Hits@1 | Hits@3 | Hits@5 | Hits@10 |
+------------+--------+--------+--------+--------+---------+
|     0      | 0.2558 | 0.1548 | 0.3079 | 0.3682 |  0.4392 |
|     1      | 0.273  | 0.1746 | 0.3151 | 0.3798 |  0.4648 |
|     2      | 0.1906 | 0.1151 | 0.2169 | 0.268  |  0.3371 |
|     3      | 0.1808 | 0.1019 | 0.2148 | 0.2644 |  0.3294 |
|     4      | 0.1466 | 0.093  | 0.1613 | 0.2002 |  0.2512 |
+------------+--------+--------+--------+--------+---------+]
2025-01-15 11:36:26,656 INFO    : Report Result:
+----------+--------------------+-----------+--------------+--------------+---------------+
| Snapshot |        Time        | Whole_MRR | Whole_Hits@1 | Whole_Hits@3 | Whole_Hits@10 |
+----------+--------------------+-----------+--------------+--------------+---------------+
|    0     | 42.23575401306152  |   0.256   |    0.155     |    0.308     |     0.439     |
|    1     | 44.20766305923462  |    0.26   |     0.16     |     0.31     |     0.446     |
|    2     | 303.43840527534485 |   0.223   |    0.136     |    0.261     |     0.388     |
|    3     | 428.17820739746094 |   0.207   |    0.123     |    0.243     |     0.366     |
|    4     | 54.05899238586426  |   0.199   |    0.119     |    0.232     |     0.351     |
+----------+--------------------+-----------+--------------+--------------+---------------+
2025-01-15 11:36:26,656 INFO    : Sum_Training_Time:872.1190221309662
2025-01-15 11:36:26,656 INFO    : Every_Training_Time:[42.23575401306152, 44.20766305923462, 303.43840527534485, 428.17820739746094, 54.05899238586426]
2025-01-15 11:36:26,656 INFO    : Forward transfer: 0.0372 Backward transfer: 0.0
