2025-02-19 12:11:31,445 INFO    : Namespace(batch_size=1024, data_path='./data/HYBRID/', dataset='HYBRID', debug=False, device=device(type='cuda', index=0), emb_dim=200, ent_r='200', epoch_num=200, explore=False, gpu='0', l2=0.0, learning_rate='1e-1', log_path='./logs/HYBRID 200 20 1e-1 1024/HYBRID 20250219121123', logger=<RootLogger root (INFO)>, margin=8.0, model_name='LoraKGE_Layers', multi_layers_path='train_sorted_by_edges_betweenness.txt', neg_ratio=10, note='', num_ent_layers='20', num_layer=1, num_rel_layers=8, patience='10', predict_result=False, r=100, r_fixed=True, random_seed=3407, record=False, rel_r='150', save_path='./checkpoint/HYBRID', skip_previous='False', snapshot_num=5, train_new=True, using_multi_layers=False, using_various_ranks='True', using_various_ranks_reverse=False, valid_metrics='mrr')
2025-02-19 12:11:38,649 INFO    : Snapshot:0	0	10	Epoch:0	Loss:37.229	MRR:14.76	Hits@10:28.92	Best:14.76
2025-02-19 12:11:43,907 INFO    : Snapshot:0	0	10	Epoch:1	Loss:18.611	MRR:22.47	Hits@10:40.38	Best:22.47
2025-02-19 12:11:49,073 INFO    : Snapshot:0	0	10	Epoch:2	Loss:8.665	MRR:25.05	Hits@10:43.96	Best:25.05
2025-02-19 12:11:54,228 INFO    : Snapshot:0	0	10	Epoch:3	Loss:4.555	MRR:25.63	Hits@10:44.96	Best:25.63
2025-02-19 12:11:59,491 INFO    : Snapshot:0	1	10	Epoch:4	Loss:2.778	MRR:25.59	Hits@10:44.87	Best:25.63
2025-02-19 12:12:04,936 INFO    : Snapshot:0	2	10	Epoch:5	Loss:1.937	MRR:25.27	Hits@10:44.8	Best:25.63
2025-02-19 12:12:10,087 INFO    : Snapshot:0	3	10	Epoch:6	Loss:1.497	MRR:25.28	Hits@10:44.89	Best:25.63
2025-02-19 12:12:15,230 INFO    : Snapshot:0	4	10	Epoch:7	Loss:1.22	MRR:25.29	Hits@10:44.67	Best:25.63
2025-02-19 12:12:20,391 INFO    : Snapshot:0	5	10	Epoch:8	Loss:1.045	MRR:25.01	Hits@10:44.65	Best:25.63
2025-02-19 12:12:25,577 INFO    : Snapshot:0	6	10	Epoch:9	Loss:0.929	MRR:25.03	Hits@10:44.44	Best:25.63
2025-02-19 12:12:30,782 INFO    : Snapshot:0	7	10	Epoch:10	Loss:0.837	MRR:25.03	Hits@10:44.53	Best:25.63
2025-02-19 12:12:36,029 INFO    : Snapshot:0	8	10	Epoch:11	Loss:0.757	MRR:24.86	Hits@10:44.43	Best:25.63
2025-02-19 12:12:41,197 INFO    : Snapshot:0	9	10	Epoch:12	Loss:0.716	MRR:24.5	Hits@10:43.85	Best:25.63
2025-02-19 12:12:46,400 INFO    : Early Stopping! Snapshot:0 Epoch: 13 Best Results: 25.63
2025-02-19 12:12:46,488 INFO    : => loading checkpoint './checkpoint/HYBRID\0model_best.tar'
2025-02-19 12:12:49,775 INFO    : 
+------------+--------+--------+--------+--------+---------+
| Snapshot:0 |  MRR   | Hits@1 | Hits@3 | Hits@5 | Hits@10 |
+------------+--------+--------+--------+--------+---------+
|     0      | 0.2558 | 0.1548 | 0.3079 | 0.3682 |  0.4392 |
+------------+--------+--------+--------+--------+---------+
2025-02-19 12:12:57,091 INFO    : Snapshot:1	0	10	Epoch:0	Loss:8.593	MRR:21.15	Hits@10:37.31	Best:21.15
2025-02-19 12:12:59,832 INFO    : Snapshot:1	0	10	Epoch:1	Loss:3.958	MRR:24.93	Hits@10:42.79	Best:24.93
2025-02-19 12:13:02,510 INFO    : Snapshot:1	0	10	Epoch:2	Loss:3.249	MRR:26.15	Hits@10:44.46	Best:26.15
2025-02-19 12:13:05,224 INFO    : Snapshot:1	0	10	Epoch:3	Loss:2.928	MRR:26.92	Hits@10:45.15	Best:26.92
2025-02-19 12:13:07,874 INFO    : Snapshot:1	0	10	Epoch:4	Loss:2.767	MRR:27.21	Hits@10:45.81	Best:27.21
2025-02-19 12:13:10,561 INFO    : Snapshot:1	0	10	Epoch:5	Loss:2.654	MRR:27.24	Hits@10:46.4	Best:27.24
2025-02-19 12:13:13,225 INFO    : Snapshot:1	0	10	Epoch:6	Loss:2.576	MRR:27.7	Hits@10:46.43	Best:27.7
2025-02-19 12:13:15,957 INFO    : Snapshot:1	0	10	Epoch:7	Loss:2.541	MRR:27.86	Hits@10:46.99	Best:27.86
2025-02-19 12:13:18,598 INFO    : Snapshot:1	1	10	Epoch:8	Loss:2.51	MRR:27.27	Hits@10:46.41	Best:27.86
2025-02-19 12:13:21,416 INFO    : Snapshot:1	2	10	Epoch:9	Loss:2.478	MRR:27.73	Hits@10:46.6	Best:27.86
2025-02-19 12:13:24,053 INFO    : Snapshot:1	3	10	Epoch:10	Loss:2.445	MRR:27.35	Hits@10:46.65	Best:27.86
2025-02-19 12:13:26,763 INFO    : Snapshot:1	4	10	Epoch:11	Loss:2.433	MRR:27.79	Hits@10:46.71	Best:27.86
2025-02-19 12:13:29,493 INFO    : Snapshot:1	0	10	Epoch:12	Loss:2.418	MRR:28.02	Hits@10:46.72	Best:28.02
2025-02-19 12:13:32,215 INFO    : Snapshot:1	1	10	Epoch:13	Loss:2.389	MRR:27.96	Hits@10:47.05	Best:28.02
2025-02-19 12:13:34,945 INFO    : Snapshot:1	0	10	Epoch:14	Loss:2.382	MRR:28.61	Hits@10:47.22	Best:28.61
2025-02-19 12:13:37,638 INFO    : Snapshot:1	1	10	Epoch:15	Loss:2.39	MRR:27.9	Hits@10:47.21	Best:28.61
2025-02-19 12:13:40,319 INFO    : Snapshot:1	2	10	Epoch:16	Loss:2.363	MRR:27.77	Hits@10:47.04	Best:28.61
2025-02-19 12:13:43,002 INFO    : Snapshot:1	3	10	Epoch:17	Loss:2.373	MRR:27.87	Hits@10:47.01	Best:28.61
2025-02-19 12:13:45,694 INFO    : Snapshot:1	4	10	Epoch:18	Loss:2.346	MRR:28.1	Hits@10:47.13	Best:28.61
2025-02-19 12:13:48,393 INFO    : Snapshot:1	5	10	Epoch:19	Loss:2.356	MRR:27.79	Hits@10:47.05	Best:28.61
2025-02-19 12:13:51,111 INFO    : Snapshot:1	6	10	Epoch:20	Loss:2.328	MRR:28.05	Hits@10:47.08	Best:28.61
2025-02-19 12:13:53,760 INFO    : Snapshot:1	7	10	Epoch:21	Loss:2.322	MRR:28.04	Hits@10:47.22	Best:28.61
2025-02-19 12:13:56,489 INFO    : Snapshot:1	8	10	Epoch:22	Loss:2.321	MRR:28.55	Hits@10:47.43	Best:28.61
2025-02-19 12:13:59,217 INFO    : Snapshot:1	9	10	Epoch:23	Loss:2.308	MRR:28.08	Hits@10:47.13	Best:28.61
2025-02-19 12:14:01,934 INFO    : Early Stopping! Snapshot:1 Epoch: 24 Best Results: 28.61
2025-02-19 12:14:02,016 INFO    : => loading checkpoint './checkpoint/HYBRID\1model_best.tar'
2025-02-19 12:14:07,413 INFO    : 
+------------+--------+--------+--------+--------+---------+
| Snapshot:1 |  MRR   | Hits@1 | Hits@3 | Hits@5 | Hits@10 |
+------------+--------+--------+--------+--------+---------+
|     0      | 0.2558 | 0.1548 | 0.3079 | 0.3682 |  0.4392 |
|     1      | 0.2753 | 0.1771 | 0.3138 | 0.3843 |  0.4634 |
+------------+--------+--------+--------+--------+---------+
2025-02-19 12:14:31,952 INFO    : Snapshot:2	0	10	Epoch:0	Loss:27.284	MRR:15.88	Hits@10:28.05	Best:15.88
2025-02-19 12:14:45,733 INFO    : Snapshot:2	0	10	Epoch:1	Loss:18.043	MRR:16.47	Hits@10:29.3	Best:16.47
2025-02-19 12:14:59,441 INFO    : Snapshot:2	0	10	Epoch:2	Loss:16.891	MRR:16.83	Hits@10:30.07	Best:16.83
2025-02-19 12:15:13,259 INFO    : Snapshot:2	0	10	Epoch:3	Loss:16.337	MRR:17.26	Hits@10:30.74	Best:17.26
2025-02-19 12:15:27,116 INFO    : Snapshot:2	0	10	Epoch:4	Loss:15.932	MRR:17.39	Hits@10:30.85	Best:17.39
2025-02-19 12:15:40,876 INFO    : Snapshot:2	0	10	Epoch:5	Loss:15.669	MRR:17.66	Hits@10:31.06	Best:17.66
2025-02-19 12:15:54,263 INFO    : Snapshot:2	0	10	Epoch:6	Loss:15.475	MRR:17.68	Hits@10:31.44	Best:17.68
2025-02-19 12:16:07,858 INFO    : Snapshot:2	0	10	Epoch:7	Loss:15.339	MRR:17.78	Hits@10:31.47	Best:17.78
2025-02-19 12:16:21,667 INFO    : Snapshot:2	0	10	Epoch:8	Loss:15.213	MRR:17.9	Hits@10:31.47	Best:17.9
2025-02-19 12:16:35,348 INFO    : Snapshot:2	0	10	Epoch:9	Loss:15.133	MRR:18.08	Hits@10:31.8	Best:18.08
2025-02-19 12:16:49,240 INFO    : Snapshot:2	0	10	Epoch:10	Loss:15.025	MRR:18.13	Hits@10:31.98	Best:18.13
2025-02-19 12:17:03,219 INFO    : Snapshot:2	1	10	Epoch:11	Loss:14.98	MRR:17.96	Hits@10:31.76	Best:18.13
2025-02-19 12:17:16,903 INFO    : Snapshot:2	2	10	Epoch:12	Loss:14.854	MRR:18.1	Hits@10:31.81	Best:18.13
2025-02-19 12:17:30,682 INFO    : Snapshot:2	0	10	Epoch:13	Loss:14.856	MRR:18.14	Hits@10:32.12	Best:18.14
2025-02-19 12:17:44,593 INFO    : Snapshot:2	0	10	Epoch:14	Loss:14.791	MRR:18.24	Hits@10:32.0	Best:18.24
2025-02-19 12:17:58,475 INFO    : Snapshot:2	0	10	Epoch:15	Loss:14.732	MRR:18.38	Hits@10:32.0	Best:18.38
2025-02-19 12:18:12,533 INFO    : Snapshot:2	1	10	Epoch:16	Loss:14.684	MRR:18.31	Hits@10:32.04	Best:18.38
2025-02-19 12:18:26,334 INFO    : Snapshot:2	2	10	Epoch:17	Loss:14.622	MRR:18.35	Hits@10:32.27	Best:18.38
2025-02-19 12:18:40,252 INFO    : Snapshot:2	0	10	Epoch:18	Loss:14.564	MRR:18.49	Hits@10:32.15	Best:18.49
2025-02-19 12:18:55,074 INFO    : Snapshot:2	1	10	Epoch:19	Loss:14.576	MRR:18.36	Hits@10:32.23	Best:18.49
2025-02-19 12:19:09,602 INFO    : Snapshot:2	2	10	Epoch:20	Loss:14.551	MRR:18.38	Hits@10:32.37	Best:18.49
2025-02-19 12:19:23,994 INFO    : Snapshot:2	3	10	Epoch:21	Loss:14.51	MRR:18.47	Hits@10:32.23	Best:18.49
2025-02-19 12:19:38,671 INFO    : Snapshot:2	4	10	Epoch:22	Loss:14.5	MRR:18.48	Hits@10:32.36	Best:18.49
2025-02-19 12:19:52,948 INFO    : Snapshot:2	5	10	Epoch:23	Loss:14.466	MRR:18.31	Hits@10:32.41	Best:18.49
2025-02-19 12:20:07,560 INFO    : Snapshot:2	6	10	Epoch:24	Loss:14.428	MRR:18.46	Hits@10:32.52	Best:18.49
2025-02-19 12:20:21,471 INFO    : Snapshot:2	0	10	Epoch:25	Loss:14.431	MRR:18.56	Hits@10:32.33	Best:18.56
2025-02-19 12:20:35,444 INFO    : Snapshot:2	1	10	Epoch:26	Loss:14.44	MRR:18.53	Hits@10:32.23	Best:18.56
2025-02-19 12:20:49,534 INFO    : Snapshot:2	2	10	Epoch:27	Loss:14.426	MRR:18.42	Hits@10:32.35	Best:18.56
2025-02-19 12:21:04,434 INFO    : Snapshot:2	3	10	Epoch:28	Loss:14.416	MRR:18.44	Hits@10:32.35	Best:18.56
2025-02-19 12:21:18,697 INFO    : Snapshot:2	0	10	Epoch:29	Loss:14.356	MRR:18.66	Hits@10:32.39	Best:18.66
2025-02-19 12:21:32,681 INFO    : Snapshot:2	1	10	Epoch:30	Loss:14.313	MRR:18.56	Hits@10:32.38	Best:18.66
2025-02-19 12:21:46,981 INFO    : Snapshot:2	2	10	Epoch:31	Loss:14.334	MRR:18.48	Hits@10:32.22	Best:18.66
2025-02-19 12:22:01,115 INFO    : Snapshot:2	3	10	Epoch:32	Loss:14.317	MRR:18.54	Hits@10:32.49	Best:18.66
2025-02-19 12:22:14,941 INFO    : Snapshot:2	4	10	Epoch:33	Loss:14.33	MRR:18.66	Hits@10:32.4	Best:18.66
2025-02-19 12:22:29,181 INFO    : Snapshot:2	5	10	Epoch:34	Loss:14.302	MRR:18.56	Hits@10:32.38	Best:18.66
2025-02-19 12:22:43,459 INFO    : Snapshot:2	6	10	Epoch:35	Loss:14.247	MRR:18.58	Hits@10:32.29	Best:18.66
2025-02-19 12:22:57,516 INFO    : Snapshot:2	7	10	Epoch:36	Loss:14.236	MRR:18.53	Hits@10:32.42	Best:18.66
2025-02-19 12:23:10,708 INFO    : Snapshot:2	0	10	Epoch:37	Loss:14.255	MRR:18.7	Hits@10:32.62	Best:18.7
2025-02-19 12:23:24,376 INFO    : Snapshot:2	1	10	Epoch:38	Loss:14.253	MRR:18.63	Hits@10:32.52	Best:18.7
2025-02-19 12:23:38,334 INFO    : Snapshot:2	2	10	Epoch:39	Loss:14.265	MRR:18.56	Hits@10:32.54	Best:18.7
2025-02-19 12:23:52,389 INFO    : Snapshot:2	3	10	Epoch:40	Loss:14.236	MRR:18.58	Hits@10:32.67	Best:18.7
2025-02-19 12:24:06,771 INFO    : Snapshot:2	4	10	Epoch:41	Loss:14.23	MRR:18.52	Hits@10:32.59	Best:18.7
2025-02-19 12:24:21,068 INFO    : Snapshot:2	5	10	Epoch:42	Loss:14.188	MRR:18.56	Hits@10:32.57	Best:18.7
2025-02-19 12:24:35,217 INFO    : Snapshot:2	6	10	Epoch:43	Loss:14.221	MRR:18.57	Hits@10:32.53	Best:18.7
2025-02-19 12:24:49,409 INFO    : Snapshot:2	7	10	Epoch:44	Loss:14.163	MRR:18.46	Hits@10:32.56	Best:18.7
2025-02-19 12:25:03,939 INFO    : Snapshot:2	0	10	Epoch:45	Loss:14.179	MRR:18.77	Hits@10:32.75	Best:18.77
2025-02-19 12:25:18,066 INFO    : Snapshot:2	1	10	Epoch:46	Loss:14.194	MRR:18.67	Hits@10:32.53	Best:18.77
2025-02-19 12:25:32,406 INFO    : Snapshot:2	2	10	Epoch:47	Loss:14.143	MRR:18.75	Hits@10:32.59	Best:18.77
2025-02-19 12:25:46,994 INFO    : Snapshot:2	3	10	Epoch:48	Loss:14.196	MRR:18.69	Hits@10:32.54	Best:18.77
2025-02-19 12:26:00,966 INFO    : Snapshot:2	4	10	Epoch:49	Loss:14.166	MRR:18.67	Hits@10:32.54	Best:18.77
2025-02-19 12:26:15,210 INFO    : Snapshot:2	5	10	Epoch:50	Loss:14.155	MRR:18.74	Hits@10:32.49	Best:18.77
2025-02-19 12:26:29,289 INFO    : Snapshot:2	6	10	Epoch:51	Loss:14.15	MRR:18.74	Hits@10:32.49	Best:18.77
2025-02-19 12:26:43,166 INFO    : Snapshot:2	7	10	Epoch:52	Loss:14.164	MRR:18.66	Hits@10:32.68	Best:18.77
2025-02-19 12:26:57,973 INFO    : Snapshot:2	8	10	Epoch:53	Loss:14.116	MRR:18.69	Hits@10:32.65	Best:18.77
2025-02-19 12:27:12,533 INFO    : Snapshot:2	9	10	Epoch:54	Loss:14.135	MRR:18.59	Hits@10:32.52	Best:18.77
2025-02-19 12:27:26,844 INFO    : Early Stopping! Snapshot:2 Epoch: 55 Best Results: 18.77
2025-02-19 12:27:26,937 INFO    : => loading checkpoint './checkpoint/HYBRID\2model_best.tar'
2025-02-19 12:27:40,748 INFO    : 
+------------+--------+--------+--------+--------+---------+
| Snapshot:2 |  MRR   | Hits@1 | Hits@3 | Hits@5 | Hits@10 |
+------------+--------+--------+--------+--------+---------+
|     0      | 0.2558 | 0.1548 | 0.3079 | 0.3682 |  0.4392 |
|     1      | 0.2017 | 0.1335 | 0.2301 | 0.2762 |  0.3263 |
|     2      | 0.1865 | 0.1125 | 0.2132 | 0.2615 |  0.3263 |
+------------+--------+--------+--------+--------+---------+
2025-02-19 12:28:12,892 INFO    : Snapshot:3	0	10	Epoch:0	Loss:34.295	MRR:13.15	Hits@10:24.9	Best:13.15
2025-02-19 12:28:31,113 INFO    : Snapshot:3	0	10	Epoch:1	Loss:26.899	MRR:13.58	Hits@10:25.91	Best:13.58
2025-02-19 12:28:49,512 INFO    : Snapshot:3	0	10	Epoch:2	Loss:26.067	MRR:13.77	Hits@10:26.24	Best:13.77
2025-02-19 12:29:06,951 INFO    : Snapshot:3	0	10	Epoch:3	Loss:25.655	MRR:13.91	Hits@10:26.37	Best:13.91
2025-02-19 12:29:24,590 INFO    : Snapshot:3	0	10	Epoch:4	Loss:25.394	MRR:14.04	Hits@10:26.66	Best:14.04
2025-02-19 12:29:42,879 INFO    : Snapshot:3	0	10	Epoch:5	Loss:25.148	MRR:14.24	Hits@10:27.03	Best:14.24
2025-02-19 12:30:01,089 INFO    : Snapshot:3	1	10	Epoch:6	Loss:25.013	MRR:14.18	Hits@10:26.85	Best:14.24
2025-02-19 12:30:19,594 INFO    : Snapshot:3	2	10	Epoch:7	Loss:24.876	MRR:14.24	Hits@10:27.0	Best:14.24
2025-02-19 12:30:38,022 INFO    : Snapshot:3	0	10	Epoch:8	Loss:24.825	MRR:14.44	Hits@10:27.17	Best:14.44
2025-02-19 12:30:55,976 INFO    : Snapshot:3	1	10	Epoch:9	Loss:24.673	MRR:14.39	Hits@10:27.25	Best:14.44
2025-02-19 12:31:14,154 INFO    : Snapshot:3	2	10	Epoch:10	Loss:24.647	MRR:14.33	Hits@10:27.17	Best:14.44
2025-02-19 12:31:32,039 INFO    : Snapshot:3	3	10	Epoch:11	Loss:24.602	MRR:14.38	Hits@10:27.33	Best:14.44
2025-02-19 12:31:50,443 INFO    : Snapshot:3	0	10	Epoch:12	Loss:24.543	MRR:14.52	Hits@10:27.34	Best:14.52
2025-02-19 12:32:09,152 INFO    : Snapshot:3	1	10	Epoch:13	Loss:24.487	MRR:14.31	Hits@10:27.1	Best:14.52
2025-02-19 12:32:27,525 INFO    : Snapshot:3	2	10	Epoch:14	Loss:24.418	MRR:14.36	Hits@10:27.31	Best:14.52
2025-02-19 12:32:45,616 INFO    : Snapshot:3	3	10	Epoch:15	Loss:24.357	MRR:14.46	Hits@10:27.2	Best:14.52
2025-02-19 12:33:03,747 INFO    : Snapshot:3	4	10	Epoch:16	Loss:24.312	MRR:14.41	Hits@10:27.3	Best:14.52
2025-02-19 12:33:21,991 INFO    : Snapshot:3	5	10	Epoch:17	Loss:24.307	MRR:14.44	Hits@10:27.16	Best:14.52
2025-02-19 12:33:39,989 INFO    : Snapshot:3	6	10	Epoch:18	Loss:24.237	MRR:14.45	Hits@10:27.36	Best:14.52
2025-02-19 12:33:57,768 INFO    : Snapshot:3	0	10	Epoch:19	Loss:24.263	MRR:14.56	Hits@10:27.38	Best:14.56
2025-02-19 12:34:15,857 INFO    : Snapshot:3	1	10	Epoch:20	Loss:24.207	MRR:14.5	Hits@10:27.36	Best:14.56
2025-02-19 12:34:33,813 INFO    : Snapshot:3	2	10	Epoch:21	Loss:24.225	MRR:14.34	Hits@10:27.19	Best:14.56
2025-02-19 12:34:51,906 INFO    : Snapshot:3	3	10	Epoch:22	Loss:24.099	MRR:14.51	Hits@10:27.15	Best:14.56
2025-02-19 12:35:09,757 INFO    : Snapshot:3	4	10	Epoch:23	Loss:24.166	MRR:14.45	Hits@10:27.24	Best:14.56
2025-02-19 12:35:27,737 INFO    : Snapshot:3	5	10	Epoch:24	Loss:24.149	MRR:14.53	Hits@10:27.43	Best:14.56
2025-02-19 12:35:45,768 INFO    : Snapshot:3	6	10	Epoch:25	Loss:24.155	MRR:14.49	Hits@10:27.26	Best:14.56
2025-02-19 12:36:04,136 INFO    : Snapshot:3	7	10	Epoch:26	Loss:24.169	MRR:14.47	Hits@10:27.37	Best:14.56
2025-02-19 12:36:22,327 INFO    : Snapshot:3	0	10	Epoch:27	Loss:24.111	MRR:14.63	Hits@10:27.31	Best:14.63
2025-02-19 12:36:40,932 INFO    : Snapshot:3	1	10	Epoch:28	Loss:24.068	MRR:14.41	Hits@10:27.17	Best:14.63
2025-02-19 12:36:59,879 INFO    : Snapshot:3	2	10	Epoch:29	Loss:24.038	MRR:14.5	Hits@10:27.31	Best:14.63
2025-02-19 12:37:18,917 INFO    : Snapshot:3	3	10	Epoch:30	Loss:24.062	MRR:14.49	Hits@10:27.3	Best:14.63
2025-02-19 12:37:37,874 INFO    : Snapshot:3	4	10	Epoch:31	Loss:24.03	MRR:14.44	Hits@10:27.23	Best:14.63
2025-02-19 12:37:56,872 INFO    : Snapshot:3	5	10	Epoch:32	Loss:24.033	MRR:14.5	Hits@10:27.55	Best:14.63
2025-02-19 12:38:15,815 INFO    : Snapshot:3	6	10	Epoch:33	Loss:24.024	MRR:14.6	Hits@10:27.45	Best:14.63
2025-02-19 12:38:35,030 INFO    : Snapshot:3	7	10	Epoch:34	Loss:24.002	MRR:14.58	Hits@10:27.28	Best:14.63
2025-02-19 12:38:53,855 INFO    : Snapshot:3	8	10	Epoch:35	Loss:24.016	MRR:14.53	Hits@10:27.38	Best:14.63
2025-02-19 12:39:12,674 INFO    : Snapshot:3	9	10	Epoch:36	Loss:23.988	MRR:14.53	Hits@10:27.38	Best:14.63
2025-02-19 12:39:31,864 INFO    : Early Stopping! Snapshot:3 Epoch: 37 Best Results: 14.63
2025-02-19 12:39:31,968 INFO    : => loading checkpoint './checkpoint/HYBRID\3model_best.tar'
2025-02-19 12:39:57,813 INFO    : 
+------------+--------+--------+--------+--------+---------+
| Snapshot:3 |  MRR   | Hits@1 | Hits@3 | Hits@5 | Hits@10 |
+------------+--------+--------+--------+--------+---------+
|     0      | 0.2558 | 0.1548 | 0.3079 | 0.3682 |  0.4392 |
|     1      | 0.2017 | 0.1335 | 0.2301 | 0.2762 |  0.3263 |
|     2      | 0.1038 | 0.0625 | 0.1189 | 0.1468 |  0.182  |
|     3      | 0.1471 | 0.0771 | 0.1763 | 0.2224 |  0.2762 |
+------------+--------+--------+--------+--------+---------+
2025-02-19 12:40:14,758 INFO    : Snapshot:4	0	10	Epoch:0	Loss:22.601	MRR:10.81	Hits@10:17.18	Best:10.81
2025-02-19 12:40:22,920 INFO    : Snapshot:4	0	10	Epoch:1	Loss:20.656	MRR:10.88	Hits@10:17.47	Best:10.88
2025-02-19 12:40:31,032 INFO    : Snapshot:4	0	10	Epoch:2	Loss:20.552	MRR:10.89	Hits@10:17.38	Best:10.89
2025-02-19 12:40:38,930 INFO    : Snapshot:4	0	10	Epoch:3	Loss:20.503	MRR:11.04	Hits@10:17.44	Best:11.04
2025-02-19 12:40:46,822 INFO    : Snapshot:4	1	10	Epoch:4	Loss:20.507	MRR:11.02	Hits@10:17.45	Best:11.04
2025-02-19 12:40:54,781 INFO    : Snapshot:4	2	10	Epoch:5	Loss:20.464	MRR:10.94	Hits@10:17.45	Best:11.04
2025-02-19 12:41:02,678 INFO    : Snapshot:4	3	10	Epoch:6	Loss:20.459	MRR:10.98	Hits@10:17.46	Best:11.04
2025-02-19 12:41:10,645 INFO    : Snapshot:4	4	10	Epoch:7	Loss:20.455	MRR:10.89	Hits@10:17.51	Best:11.04
2025-02-19 12:41:18,752 INFO    : Snapshot:4	0	10	Epoch:8	Loss:20.436	MRR:11.05	Hits@10:17.56	Best:11.05
2025-02-19 12:41:26,660 INFO    : Snapshot:4	1	10	Epoch:9	Loss:20.444	MRR:10.83	Hits@10:17.44	Best:11.05
2025-02-19 12:41:34,676 INFO    : Snapshot:4	2	10	Epoch:10	Loss:20.427	MRR:10.91	Hits@10:17.33	Best:11.05
2025-02-19 12:41:42,541 INFO    : Snapshot:4	3	10	Epoch:11	Loss:20.419	MRR:10.79	Hits@10:17.35	Best:11.05
2025-02-19 12:41:50,277 INFO    : Snapshot:4	4	10	Epoch:12	Loss:20.417	MRR:11.02	Hits@10:17.55	Best:11.05
2025-02-19 12:41:57,408 INFO    : Snapshot:4	0	10	Epoch:13	Loss:20.423	MRR:11.08	Hits@10:17.56	Best:11.08
2025-02-19 12:42:04,935 INFO    : Snapshot:4	1	10	Epoch:14	Loss:20.436	MRR:10.93	Hits@10:17.61	Best:11.08
2025-02-19 12:42:11,943 INFO    : Snapshot:4	2	10	Epoch:15	Loss:20.392	MRR:10.82	Hits@10:17.26	Best:11.08
2025-02-19 12:42:19,873 INFO    : Snapshot:4	3	10	Epoch:16	Loss:20.403	MRR:11.06	Hits@10:17.46	Best:11.08
2025-02-19 12:42:26,966 INFO    : Snapshot:4	4	10	Epoch:17	Loss:20.417	MRR:10.95	Hits@10:17.43	Best:11.08
2025-02-19 12:42:34,746 INFO    : Snapshot:4	5	10	Epoch:18	Loss:20.391	MRR:11.02	Hits@10:17.49	Best:11.08
2025-02-19 12:42:42,257 INFO    : Snapshot:4	6	10	Epoch:19	Loss:20.419	MRR:10.91	Hits@10:17.42	Best:11.08
2025-02-19 12:42:49,632 INFO    : Snapshot:4	7	10	Epoch:20	Loss:20.399	MRR:11.03	Hits@10:17.52	Best:11.08
2025-02-19 12:42:56,769 INFO    : Snapshot:4	8	10	Epoch:21	Loss:20.399	MRR:11.03	Hits@10:17.72	Best:11.08
2025-02-19 12:43:03,969 INFO    : Snapshot:4	9	10	Epoch:22	Loss:20.401	MRR:11.06	Hits@10:17.53	Best:11.08
2025-02-19 12:43:10,982 INFO    : Early Stopping! Snapshot:4 Epoch: 23 Best Results: 11.08
2025-02-19 12:43:11,087 INFO    : => loading checkpoint './checkpoint/HYBRID\4model_best.tar'
2025-02-19 12:43:41,256 INFO    : 
+------------+--------+--------+--------+--------+---------+
| Snapshot:4 |  MRR   | Hits@1 | Hits@3 | Hits@5 | Hits@10 |
+------------+--------+--------+--------+--------+---------+
|     0      | 0.2558 | 0.1548 | 0.3079 | 0.3682 |  0.4392 |
|     1      | 0.2017 | 0.1335 | 0.2301 | 0.2762 |  0.3263 |
|     2      | 0.1038 | 0.0625 | 0.1189 | 0.1468 |  0.182  |
|     3      | 0.0577 | 0.0214 | 0.0699 | 0.0944 |  0.1256 |
|     4      | 0.1114 | 0.0756 | 0.1258 | 0.147  |  0.1786 |
+------------+--------+--------+--------+--------+---------+
2025-02-19 12:43:41,257 INFO    : Final Result:
[+------------+--------+--------+--------+--------+---------+
| Snapshot:0 |  MRR   | Hits@1 | Hits@3 | Hits@5 | Hits@10 |
+------------+--------+--------+--------+--------+---------+
|     0      | 0.2558 | 0.1548 | 0.3079 | 0.3682 |  0.4392 |
+------------+--------+--------+--------+--------+---------+, +------------+--------+--------+--------+--------+---------+
| Snapshot:1 |  MRR   | Hits@1 | Hits@3 | Hits@5 | Hits@10 |
+------------+--------+--------+--------+--------+---------+
|     0      | 0.2558 | 0.1548 | 0.3079 | 0.3682 |  0.4392 |
|     1      | 0.2753 | 0.1771 | 0.3138 | 0.3843 |  0.4634 |
+------------+--------+--------+--------+--------+---------+, +------------+--------+--------+--------+--------+---------+
| Snapshot:2 |  MRR   | Hits@1 | Hits@3 | Hits@5 | Hits@10 |
+------------+--------+--------+--------+--------+---------+
|     0      | 0.2558 | 0.1548 | 0.3079 | 0.3682 |  0.4392 |
|     1      | 0.2017 | 0.1335 | 0.2301 | 0.2762 |  0.3263 |
|     2      | 0.1865 | 0.1125 | 0.2132 | 0.2615 |  0.3263 |
+------------+--------+--------+--------+--------+---------+, +------------+--------+--------+--------+--------+---------+
| Snapshot:3 |  MRR   | Hits@1 | Hits@3 | Hits@5 | Hits@10 |
+------------+--------+--------+--------+--------+---------+
|     0      | 0.2558 | 0.1548 | 0.3079 | 0.3682 |  0.4392 |
|     1      | 0.2017 | 0.1335 | 0.2301 | 0.2762 |  0.3263 |
|     2      | 0.1038 | 0.0625 | 0.1189 | 0.1468 |  0.182  |
|     3      | 0.1471 | 0.0771 | 0.1763 | 0.2224 |  0.2762 |
+------------+--------+--------+--------+--------+---------+, +------------+--------+--------+--------+--------+---------+
| Snapshot:4 |  MRR   | Hits@1 | Hits@3 | Hits@5 | Hits@10 |
+------------+--------+--------+--------+--------+---------+
|     0      | 0.2558 | 0.1548 | 0.3079 | 0.3682 |  0.4392 |
|     1      | 0.2017 | 0.1335 | 0.2301 | 0.2762 |  0.3263 |
|     2      | 0.1038 | 0.0625 | 0.1189 | 0.1468 |  0.182  |
|     3      | 0.0577 | 0.0214 | 0.0699 | 0.0944 |  0.1256 |
|     4      | 0.1114 | 0.0756 | 0.1258 | 0.147  |  0.1786 |
+------------+--------+--------+--------+--------+---------+]
2025-02-19 12:43:41,258 INFO    : Report Result:
+----------+--------------------+-----------+--------------+--------------+---------------+
| Snapshot |        Time        | Whole_MRR | Whole_Hits@1 | Whole_Hits@3 | Whole_Hits@10 |
+----------+--------------------+-----------+--------------+--------------+---------------+
|    0     |  74.9541711807251  |   0.256   |    0.155     |    0.308     |     0.439     |
|    1     |  70.0217547416687  |   0.261   |    0.161     |    0.309     |     0.446     |
|    2     | 791.7458374500275  |   0.212   |     0.13     |    0.248     |     0.365     |
|    3     | 700.3135750293732  |    0.16   |    0.093     |     0.19     |     0.284     |
|    4     | 187.09716415405273 |   0.124   |    0.072     |    0.146     |      0.22     |
+----------+--------------------+-----------+--------------+--------------+---------------+
2025-02-19 12:43:41,259 INFO    : Sum_Training_Time:1824.1325025558472
2025-02-19 12:43:41,259 INFO    : Every_Training_Time:[74.9541711807251, 70.0217547416687, 791.7458374500275, 700.3135750293732, 187.09716415405273]
2025-02-19 12:43:41,259 INFO    : Forward transfer: 0.027875 Backward transfer: -0.061425
