2024-09-26 13:13:50,575 INFO    : Namespace(batch_size=1024, data_path='./data/WN_CKGE/', dataset='WN_CKGE', debug=False, device=device(type='cuda', index=0), emb_dim=200, ent_r='200', epoch_num=200, explore=False, gpu='0', l2=0.0, learning_rate='1e-1', log_path='./logs/WN_CKGE 200 5 1e-1 1024/WN_CKGE 20240926131346', logger=<RootLogger root (INFO)>, margin=8.0, model_name='LoraKGE_Layers', multi_layers_path='train_sorted_by_edges_betweenness.txt', neg_ratio=10, note='', num_ent_layers='5', num_layer=1, num_rel_layers='1', patience=3, predict_result='True', r=100, r_fixed=True, random_seed=3407, record=False, rel_r='20', save_path='./checkpoint/WN_CKGE', skip_previous='False', snapshot_num=5, train_new=True, using_multi_layers=False, using_various_ranks='True', using_various_ranks_reverse=False, valid_metrics='mrr')
2024-09-26 13:14:02,336 INFO    : Snapshot:0	0	3	Epoch:0	Loss:41.777	MRR:1.24	Hits@10:3.14	Best:1.24
2024-09-26 13:14:13,208 INFO    : Snapshot:0	0	3	Epoch:1	Loss:21.959	MRR:9.65	Hits@10:22.46	Best:9.65
2024-09-26 13:14:24,691 INFO    : Snapshot:0	0	3	Epoch:2	Loss:11.347	MRR:13.06	Hits@10:29.25	Best:13.06
2024-09-26 13:14:36,222 INFO    : Snapshot:0	0	3	Epoch:3	Loss:7.0	MRR:14.29	Hits@10:31.47	Best:14.29
2024-09-26 13:14:47,834 INFO    : Snapshot:0	0	3	Epoch:4	Loss:4.735	MRR:14.92	Hits@10:32.62	Best:14.92
2024-09-26 13:14:58,931 INFO    : Snapshot:0	0	3	Epoch:5	Loss:3.363	MRR:15.33	Hits@10:33.54	Best:15.33
2024-09-26 13:15:10,244 INFO    : Snapshot:0	0	3	Epoch:6	Loss:2.454	MRR:15.67	Hits@10:34.35	Best:15.67
2024-09-26 13:15:22,207 INFO    : Snapshot:0	0	3	Epoch:7	Loss:1.806	MRR:15.93	Hits@10:34.96	Best:15.93
2024-09-26 13:15:33,633 INFO    : Snapshot:0	0	3	Epoch:8	Loss:1.367	MRR:16.23	Hits@10:35.76	Best:16.23
2024-09-26 13:15:44,773 INFO    : Snapshot:0	0	3	Epoch:9	Loss:1.056	MRR:16.45	Hits@10:36.23	Best:16.45
2024-09-26 13:15:55,698 INFO    : Snapshot:0	0	3	Epoch:10	Loss:0.816	MRR:16.64	Hits@10:36.68	Best:16.64
2024-09-26 13:16:06,906 INFO    : Snapshot:0	0	3	Epoch:11	Loss:0.624	MRR:16.83	Hits@10:37.25	Best:16.83
2024-09-26 13:16:18,417 INFO    : Snapshot:0	0	3	Epoch:12	Loss:0.505	MRR:16.9	Hits@10:37.74	Best:16.9
2024-09-26 13:16:29,802 INFO    : Snapshot:0	0	3	Epoch:13	Loss:0.399	MRR:16.93	Hits@10:37.97	Best:16.93
2024-09-26 13:16:40,721 INFO    : Snapshot:0	1	3	Epoch:14	Loss:0.335	MRR:16.93	Hits@10:38.19	Best:16.93
2024-09-26 13:16:51,639 INFO    : Snapshot:0	0	3	Epoch:15	Loss:0.279	MRR:17.06	Hits@10:38.67	Best:17.06
2024-09-26 13:17:02,538 INFO    : Snapshot:0	1	3	Epoch:16	Loss:0.236	MRR:17.04	Hits@10:38.78	Best:17.06
2024-09-26 13:17:13,431 INFO    : Snapshot:0	0	3	Epoch:17	Loss:0.22	MRR:17.08	Hits@10:39.0	Best:17.08
2024-09-26 13:17:24,398 INFO    : Snapshot:0	0	3	Epoch:18	Loss:0.188	MRR:17.12	Hits@10:39.1	Best:17.12
2024-09-26 13:17:35,504 INFO    : Snapshot:0	1	3	Epoch:19	Loss:0.177	MRR:17.1	Hits@10:39.27	Best:17.12
2024-09-26 13:17:46,719 INFO    : Snapshot:0	2	3	Epoch:20	Loss:0.158	MRR:17.08	Hits@10:39.43	Best:17.12
2024-09-26 13:17:57,789 INFO    : Snapshot:0	0	3	Epoch:21	Loss:0.149	MRR:17.14	Hits@10:39.47	Best:17.14
2024-09-26 13:18:08,810 INFO    : Snapshot:0	1	3	Epoch:22	Loss:0.143	MRR:17.07	Hits@10:39.57	Best:17.14
2024-09-26 13:18:19,715 INFO    : Snapshot:0	2	3	Epoch:23	Loss:0.133	MRR:17.13	Hits@10:39.69	Best:17.14
2024-09-26 13:18:30,641 INFO    : Snapshot:0	0	3	Epoch:24	Loss:0.12	MRR:17.18	Hits@10:40.0	Best:17.18
2024-09-26 13:18:41,524 INFO    : Snapshot:0	0	3	Epoch:25	Loss:0.121	MRR:17.22	Hits@10:39.94	Best:17.22
2024-09-26 13:18:52,361 INFO    : Snapshot:0	1	3	Epoch:26	Loss:0.115	MRR:17.16	Hits@10:40.12	Best:17.22
2024-09-26 13:19:03,287 INFO    : Snapshot:0	2	3	Epoch:27	Loss:0.108	MRR:17.15	Hits@10:40.24	Best:17.22
2024-09-26 13:19:14,003 INFO    : Early Stopping! Snapshot:0 Epoch: 28 Best Results: 17.22
2024-09-26 13:19:14,042 INFO    : => loading checkpoint './checkpoint/WN_CKGE\0model_best.tar'
2024-09-26 13:19:25,854 INFO    : 
+------------+--------+--------+--------+--------+---------+
| Snapshot:0 |  MRR   | Hits@1 | Hits@3 | Hits@5 | Hits@10 |
+------------+--------+--------+--------+--------+---------+
|     0      | 0.1722 |  0.01  | 0.3114 | 0.354  |  0.3996 |
+------------+--------+--------+--------+--------+---------+
2024-09-26 13:19:48,114 INFO    : Snapshot:1	0	3	Epoch:0	Loss:6.466	MRR:5.74	Hits@10:14.78	Best:5.74
2024-09-26 13:19:57,374 INFO    : Snapshot:1	0	3	Epoch:1	Loss:2.999	MRR:9.57	Hits@10:25.11	Best:9.57
2024-09-26 13:20:06,529 INFO    : Snapshot:1	0	3	Epoch:2	Loss:1.314	MRR:11.62	Hits@10:29.22	Best:11.62
2024-09-26 13:20:15,644 INFO    : Snapshot:1	0	3	Epoch:3	Loss:0.722	MRR:12.7	Hits@10:31.24	Best:12.7
2024-09-26 13:20:24,848 INFO    : Snapshot:1	0	3	Epoch:4	Loss:0.483	MRR:13.12	Hits@10:32.18	Best:13.12
2024-09-26 13:20:34,039 INFO    : Snapshot:1	0	3	Epoch:5	Loss:0.369	MRR:13.58	Hits@10:33.06	Best:13.58
2024-09-26 13:20:43,143 INFO    : Snapshot:1	0	3	Epoch:6	Loss:0.317	MRR:13.67	Hits@10:33.6	Best:13.67
2024-09-26 13:20:52,199 INFO    : Snapshot:1	1	3	Epoch:7	Loss:0.276	MRR:13.64	Hits@10:33.55	Best:13.67
2024-09-26 13:21:01,276 INFO    : Snapshot:1	0	3	Epoch:8	Loss:0.249	MRR:13.92	Hits@10:33.58	Best:13.92
2024-09-26 13:21:10,337 INFO    : Snapshot:1	0	3	Epoch:9	Loss:0.23	MRR:13.95	Hits@10:33.82	Best:13.95
2024-09-26 13:21:19,772 INFO    : Snapshot:1	0	3	Epoch:10	Loss:0.22	MRR:14.01	Hits@10:34.03	Best:14.01
2024-09-26 13:21:28,913 INFO    : Snapshot:1	0	3	Epoch:11	Loss:0.209	MRR:14.11	Hits@10:34.19	Best:14.11
2024-09-26 13:21:38,002 INFO    : Snapshot:1	1	3	Epoch:12	Loss:0.202	MRR:14.08	Hits@10:34.03	Best:14.11
2024-09-26 13:21:47,255 INFO    : Snapshot:1	2	3	Epoch:13	Loss:0.196	MRR:14.07	Hits@10:33.98	Best:14.11
2024-09-26 13:21:56,311 INFO    : Snapshot:1	0	3	Epoch:14	Loss:0.188	MRR:14.25	Hits@10:33.95	Best:14.25
2024-09-26 13:22:05,442 INFO    : Snapshot:1	0	3	Epoch:15	Loss:0.186	MRR:14.28	Hits@10:33.9	Best:14.28
2024-09-26 13:22:14,651 INFO    : Snapshot:1	1	3	Epoch:16	Loss:0.187	MRR:14.14	Hits@10:33.92	Best:14.28
2024-09-26 13:22:23,966 INFO    : Snapshot:1	2	3	Epoch:17	Loss:0.179	MRR:14.28	Hits@10:34.3	Best:14.28
2024-09-26 13:22:33,068 INFO    : Early Stopping! Snapshot:1 Epoch: 18 Best Results: 14.28
2024-09-26 13:22:33,112 INFO    : => loading checkpoint './checkpoint/WN_CKGE\1model_best.tar'
2024-09-26 13:22:54,648 INFO    : 
+------------+--------+--------+--------+--------+---------+
| Snapshot:1 |  MRR   | Hits@1 | Hits@3 | Hits@5 | Hits@10 |
+------------+--------+--------+--------+--------+---------+
|     0      | 0.1722 |  0.01  | 0.3114 | 0.354  |  0.3996 |
|     1      | 0.1428 | 0.0099 | 0.2481 | 0.2925 |  0.336  |
+------------+--------+--------+--------+--------+---------+
2024-09-26 13:23:32,536 INFO    : Snapshot:2	0	3	Epoch:0	Loss:6.465	MRR:5.33	Hits@10:13.71	Best:5.33
2024-09-26 13:23:48,500 INFO    : Snapshot:2	0	3	Epoch:1	Loss:2.985	MRR:8.74	Hits@10:22.2	Best:8.74
2024-09-26 13:24:04,542 INFO    : Snapshot:2	0	3	Epoch:2	Loss:1.245	MRR:10.84	Hits@10:25.89	Best:10.84
2024-09-26 13:24:20,602 INFO    : Snapshot:2	0	3	Epoch:3	Loss:0.665	MRR:11.79	Hits@10:27.9	Best:11.79
2024-09-26 13:24:36,664 INFO    : Snapshot:2	0	3	Epoch:4	Loss:0.444	MRR:12.23	Hits@10:28.63	Best:12.23
2024-09-26 13:24:53,230 INFO    : Snapshot:2	0	3	Epoch:5	Loss:0.339	MRR:12.45	Hits@10:29.25	Best:12.45
2024-09-26 13:25:09,248 INFO    : Snapshot:2	0	3	Epoch:6	Loss:0.28	MRR:12.53	Hits@10:29.44	Best:12.53
2024-09-26 13:25:25,253 INFO    : Snapshot:2	0	3	Epoch:7	Loss:0.24	MRR:12.74	Hits@10:29.52	Best:12.74
2024-09-26 13:25:41,388 INFO    : Snapshot:2	0	3	Epoch:8	Loss:0.215	MRR:12.88	Hits@10:30.03	Best:12.88
2024-09-26 13:25:57,352 INFO    : Snapshot:2	1	3	Epoch:9	Loss:0.207	MRR:12.83	Hits@10:30.05	Best:12.88
2024-09-26 13:26:13,429 INFO    : Snapshot:2	0	3	Epoch:10	Loss:0.196	MRR:12.91	Hits@10:29.81	Best:12.91
2024-09-26 13:26:29,402 INFO    : Snapshot:2	1	3	Epoch:11	Loss:0.186	MRR:12.91	Hits@10:29.95	Best:12.91
2024-09-26 13:26:45,582 INFO    : Snapshot:2	0	3	Epoch:12	Loss:0.183	MRR:13.08	Hits@10:30.05	Best:13.08
2024-09-26 13:27:01,801 INFO    : Snapshot:2	1	3	Epoch:13	Loss:0.172	MRR:13.02	Hits@10:30.08	Best:13.08
2024-09-26 13:27:18,506 INFO    : Snapshot:2	0	3	Epoch:14	Loss:0.166	MRR:13.09	Hits@10:30.03	Best:13.09
2024-09-26 13:27:35,143 INFO    : Snapshot:2	1	3	Epoch:15	Loss:0.162	MRR:13.08	Hits@10:30.32	Best:13.09
2024-09-26 13:27:51,123 INFO    : Snapshot:2	2	3	Epoch:16	Loss:0.159	MRR:13.04	Hits@10:30.22	Best:13.09
2024-09-26 13:28:06,967 INFO    : Snapshot:2	0	3	Epoch:17	Loss:0.156	MRR:13.13	Hits@10:30.22	Best:13.13
2024-09-26 13:28:22,801 INFO    : Snapshot:2	1	3	Epoch:18	Loss:0.152	MRR:13.04	Hits@10:30.27	Best:13.13
2024-09-26 13:28:38,936 INFO    : Snapshot:2	0	3	Epoch:19	Loss:0.158	MRR:13.19	Hits@10:30.46	Best:13.19
2024-09-26 13:28:54,780 INFO    : Snapshot:2	1	3	Epoch:20	Loss:0.15	MRR:13.15	Hits@10:30.4	Best:13.19
2024-09-26 13:29:11,248 INFO    : Snapshot:2	2	3	Epoch:21	Loss:0.148	MRR:13.15	Hits@10:30.32	Best:13.19
2024-09-26 13:29:27,116 INFO    : Early Stopping! Snapshot:2 Epoch: 22 Best Results: 13.19
2024-09-26 13:29:27,164 INFO    : => loading checkpoint './checkpoint/WN_CKGE\2model_best.tar'
2024-09-26 13:30:05,843 INFO    : 
+------------+--------+--------+--------+--------+---------+
| Snapshot:2 |  MRR   | Hits@1 | Hits@3 | Hits@5 | Hits@10 |
+------------+--------+--------+--------+--------+---------+
|     0      | 0.1722 |  0.01  | 0.3114 | 0.354  |  0.3996 |
|     1      | 0.1428 | 0.0099 | 0.2481 | 0.2925 |  0.336  |
|     2      | 0.1398 | 0.0121 | 0.243  | 0.282  |  0.3247 |
+------------+--------+--------+--------+--------+---------+
2024-09-26 13:30:47,301 INFO    : Snapshot:3	0	3	Epoch:0	Loss:6.468	MRR:4.52	Hits@10:12.04	Best:4.52
2024-09-26 13:31:05,158 INFO    : Snapshot:3	0	3	Epoch:1	Loss:2.961	MRR:8.23	Hits@10:20.86	Best:8.23
2024-09-26 13:31:23,174 INFO    : Snapshot:3	0	3	Epoch:2	Loss:1.235	MRR:10.45	Hits@10:25.62	Best:10.45
2024-09-26 13:31:41,088 INFO    : Snapshot:3	0	3	Epoch:3	Loss:0.647	MRR:11.58	Hits@10:27.5	Best:11.58
2024-09-26 13:31:58,901 INFO    : Snapshot:3	0	3	Epoch:4	Loss:0.441	MRR:12.02	Hits@10:28.39	Best:12.02
2024-09-26 13:32:16,599 INFO    : Snapshot:3	0	3	Epoch:5	Loss:0.333	MRR:12.22	Hits@10:28.6	Best:12.22
2024-09-26 13:32:34,196 INFO    : Snapshot:3	0	3	Epoch:6	Loss:0.281	MRR:12.31	Hits@10:28.74	Best:12.31
2024-09-26 13:32:51,746 INFO    : Snapshot:3	0	3	Epoch:7	Loss:0.244	MRR:12.48	Hits@10:28.98	Best:12.48
2024-09-26 13:33:09,341 INFO    : Snapshot:3	0	3	Epoch:8	Loss:0.219	MRR:12.63	Hits@10:29.35	Best:12.63
2024-09-26 13:33:27,206 INFO    : Snapshot:3	0	3	Epoch:9	Loss:0.21	MRR:12.74	Hits@10:29.19	Best:12.74
2024-09-26 13:33:45,294 INFO    : Snapshot:3	0	3	Epoch:10	Loss:0.191	MRR:12.76	Hits@10:29.41	Best:12.76
2024-09-26 13:34:03,573 INFO    : Snapshot:3	0	3	Epoch:11	Loss:0.187	MRR:12.85	Hits@10:29.78	Best:12.85
2024-09-26 13:34:21,365 INFO    : Snapshot:3	0	3	Epoch:12	Loss:0.179	MRR:12.86	Hits@10:29.73	Best:12.86
2024-09-26 13:34:38,960 INFO    : Snapshot:3	1	3	Epoch:13	Loss:0.174	MRR:12.86	Hits@10:29.78	Best:12.86
2024-09-26 13:34:56,578 INFO    : Snapshot:3	0	3	Epoch:14	Loss:0.173	MRR:12.9	Hits@10:29.76	Best:12.9
2024-09-26 13:35:14,160 INFO    : Snapshot:3	1	3	Epoch:15	Loss:0.162	MRR:12.87	Hits@10:29.7	Best:12.9
2024-09-26 13:35:31,777 INFO    : Snapshot:3	2	3	Epoch:16	Loss:0.161	MRR:12.85	Hits@10:29.54	Best:12.9
2024-09-26 13:35:49,393 INFO    : Early Stopping! Snapshot:3 Epoch: 17 Best Results: 12.9
2024-09-26 13:35:49,438 INFO    : => loading checkpoint './checkpoint/WN_CKGE\3model_best.tar'
2024-09-26 13:36:45,009 INFO    : 
+------------+--------+--------+--------+--------+---------+
| Snapshot:3 |  MRR   | Hits@1 | Hits@3 | Hits@5 | Hits@10 |
+------------+--------+--------+--------+--------+---------+
|     0      | 0.1722 |  0.01  | 0.3114 | 0.354  |  0.3996 |
|     1      | 0.1428 | 0.0099 | 0.2481 | 0.2925 |  0.336  |
|     2      | 0.1398 | 0.0121 | 0.243  | 0.282  |  0.3247 |
|     3      | 0.1329 | 0.0102 | 0.2352 | 0.2667 |  0.3043 |
+------------+--------+--------+--------+--------+---------+
2024-09-26 13:36:54,982 INFO    : Snapshot:4	0	3	Epoch:0	Loss:6.415	MRR:10.38	Hits@10:24.03	Best:10.38
2024-09-26 13:36:58,004 INFO    : Snapshot:4	0	3	Epoch:1	Loss:2.859	MRR:11.86	Hits@10:27.9	Best:11.86
2024-09-26 13:37:01,041 INFO    : Snapshot:4	0	3	Epoch:2	Loss:1.129	MRR:12.71	Hits@10:29.17	Best:12.71
2024-09-26 13:37:04,052 INFO    : Snapshot:4	0	3	Epoch:3	Loss:0.574	MRR:13.11	Hits@10:29.68	Best:13.11
2024-09-26 13:37:07,090 INFO    : Snapshot:4	0	3	Epoch:4	Loss:0.4	MRR:13.42	Hits@10:30.03	Best:13.42
2024-09-26 13:37:10,114 INFO    : Snapshot:4	0	3	Epoch:5	Loss:0.308	MRR:13.51	Hits@10:30.08	Best:13.51
2024-09-26 13:37:13,171 INFO    : Snapshot:4	0	3	Epoch:6	Loss:0.257	MRR:13.64	Hits@10:30.19	Best:13.64
2024-09-26 13:37:16,170 INFO    : Snapshot:4	1	3	Epoch:7	Loss:0.219	MRR:13.64	Hits@10:30.56	Best:13.64
2024-09-26 13:37:19,202 INFO    : Snapshot:4	0	3	Epoch:8	Loss:0.204	MRR:13.65	Hits@10:30.46	Best:13.65
2024-09-26 13:37:22,283 INFO    : Snapshot:4	0	3	Epoch:9	Loss:0.188	MRR:13.67	Hits@10:30.46	Best:13.67
2024-09-26 13:37:25,276 INFO    : Snapshot:4	0	3	Epoch:10	Loss:0.178	MRR:13.71	Hits@10:30.54	Best:13.71
2024-09-26 13:37:28,296 INFO    : Snapshot:4	1	3	Epoch:11	Loss:0.174	MRR:13.67	Hits@10:30.38	Best:13.71
2024-09-26 13:37:31,324 INFO    : Snapshot:4	2	3	Epoch:12	Loss:0.16	MRR:13.69	Hits@10:30.38	Best:13.71
2024-09-26 13:37:34,352 INFO    : Early Stopping! Snapshot:4 Epoch: 13 Best Results: 13.71
2024-09-26 13:37:34,385 INFO    : => loading checkpoint './checkpoint/WN_CKGE\4model_best.tar'
2024-09-26 13:37:57,816 INFO    : 
+------------+--------+--------+--------+--------+---------+
| Snapshot:4 |  MRR   | Hits@1 | Hits@3 | Hits@5 | Hits@10 |
+------------+--------+--------+--------+--------+---------+
|     0      | 0.1722 |  0.01  | 0.3114 | 0.354  |  0.3996 |
|     1      | 0.1428 | 0.0099 | 0.2481 | 0.2925 |  0.336  |
|     2      | 0.1398 | 0.0121 | 0.243  | 0.282  |  0.3247 |
|     3      | 0.1329 | 0.0102 | 0.2352 | 0.2667 |  0.3043 |
|     4      | 0.1464 | 0.0116 | 0.2625 | 0.2918 |  0.327  |
+------------+--------+--------+--------+--------+---------+
2024-09-26 13:37:57,817 INFO    : Final Result:
[+------------+--------+--------+--------+--------+---------+
| Snapshot:0 |  MRR   | Hits@1 | Hits@3 | Hits@5 | Hits@10 |
+------------+--------+--------+--------+--------+---------+
|     0      | 0.1722 |  0.01  | 0.3114 | 0.354  |  0.3996 |
+------------+--------+--------+--------+--------+---------+, +------------+--------+--------+--------+--------+---------+
| Snapshot:1 |  MRR   | Hits@1 | Hits@3 | Hits@5 | Hits@10 |
+------------+--------+--------+--------+--------+---------+
|     0      | 0.1722 |  0.01  | 0.3114 | 0.354  |  0.3996 |
|     1      | 0.1428 | 0.0099 | 0.2481 | 0.2925 |  0.336  |
+------------+--------+--------+--------+--------+---------+, +------------+--------+--------+--------+--------+---------+
| Snapshot:2 |  MRR   | Hits@1 | Hits@3 | Hits@5 | Hits@10 |
+------------+--------+--------+--------+--------+---------+
|     0      | 0.1722 |  0.01  | 0.3114 | 0.354  |  0.3996 |
|     1      | 0.1428 | 0.0099 | 0.2481 | 0.2925 |  0.336  |
|     2      | 0.1398 | 0.0121 | 0.243  | 0.282  |  0.3247 |
+------------+--------+--------+--------+--------+---------+, +------------+--------+--------+--------+--------+---------+
| Snapshot:3 |  MRR   | Hits@1 | Hits@3 | Hits@5 | Hits@10 |
+------------+--------+--------+--------+--------+---------+
|     0      | 0.1722 |  0.01  | 0.3114 | 0.354  |  0.3996 |
|     1      | 0.1428 | 0.0099 | 0.2481 | 0.2925 |  0.336  |
|     2      | 0.1398 | 0.0121 | 0.243  | 0.282  |  0.3247 |
|     3      | 0.1329 | 0.0102 | 0.2352 | 0.2667 |  0.3043 |
+------------+--------+--------+--------+--------+---------+, +------------+--------+--------+--------+--------+---------+
| Snapshot:4 |  MRR   | Hits@1 | Hits@3 | Hits@5 | Hits@10 |
+------------+--------+--------+--------+--------+---------+
|     0      | 0.1722 |  0.01  | 0.3114 | 0.354  |  0.3996 |
|     1      | 0.1428 | 0.0099 | 0.2481 | 0.2925 |  0.336  |
|     2      | 0.1398 | 0.0121 | 0.243  | 0.282  |  0.3247 |
|     3      | 0.1329 | 0.0102 | 0.2352 | 0.2667 |  0.3043 |
|     4      | 0.1464 | 0.0116 | 0.2625 | 0.2918 |  0.327  |
+------------+--------+--------+--------+--------+---------+]
2024-09-26 13:37:57,818 INFO    : Report Result:
+----------+--------------------+-----------+--------------+--------------+---------------+
| Snapshot |        Time        | Whole_MRR | Whole_Hits@1 | Whole_Hits@3 | Whole_Hits@10 |
+----------+--------------------+-----------+--------------+--------------+---------------+
|    0     | 323.42786383628845 |   0.172   |     0.01     |    0.311     |      0.4      |
|    1     | 174.8396017551422  |   0.168   |     0.01     |    0.302     |     0.391     |
|    2     | 371.2214117050171  |   0.164   |     0.01     |    0.295     |     0.382     |
|    3     | 320.6222426891327  |   0.161   |     0.01     |    0.288     |     0.374     |
|    4     | 42.983726263046265 |    0.16   |     0.01     |    0.286     |     0.369     |
+----------+--------------------+-----------+--------------+--------------+---------------+
2024-09-26 13:37:57,818 INFO    : Sum_Training_Time:1233.0948462486267
2024-09-26 13:37:57,818 INFO    : Every_Training_Time:[323.42786383628845, 174.8396017551422, 371.2214117050171, 320.6222426891327, 42.983726263046265]
2024-09-26 13:37:57,819 INFO    : Forward transfer: 0.0604 Backward transfer: 0.0
