2024-10-07 16:25:03,000 INFO    : Namespace(batch_size='1024', data_path='./data/WN_CKGE/', dataset='WN_CKGE', debug=False, device=device(type='cuda', index=0), emb_dim=200, ent_r='200', epoch_num=200, explore=False, gpu='0', l2=0.0, learning_rate='1e-1', log_path='./logs/WN_CKGE 200 5 1e-1 1024/WN_CKGE 20241007162458', logger=<RootLogger root (INFO)>, margin=8.0, model_name='LoraKGE_Layers', multi_layers_path='train_sorted_by_edges_betweenness.txt', neg_ratio=10, note='', num_ent_layers='5', num_layer=1, num_rel_layers='1', patience=3, predict_result='True', r=100, r_fixed=True, random_seed=3407, record=False, rel_r='20', save_path='./checkpoint/WN_CKGE', skip_previous='False', snapshot_num=5, train_new=True, using_multi_layers=False, using_various_ranks='True', using_various_ranks_reverse=False, valid_metrics='mrr')
2024-10-07 16:25:15,125 INFO    : Snapshot:0	0	3	Epoch:0	Loss:41.777	MRR:1.24	Hits@10:3.14	Best:1.24
2024-10-07 16:25:26,473 INFO    : Snapshot:0	0	3	Epoch:1	Loss:21.959	MRR:9.65	Hits@10:22.46	Best:9.65
2024-10-07 16:25:37,805 INFO    : Snapshot:0	0	3	Epoch:2	Loss:11.347	MRR:13.06	Hits@10:29.25	Best:13.06
2024-10-07 16:25:49,108 INFO    : Snapshot:0	0	3	Epoch:3	Loss:7.0	MRR:14.29	Hits@10:31.47	Best:14.29
2024-10-07 16:26:00,801 INFO    : Snapshot:0	0	3	Epoch:4	Loss:4.735	MRR:14.92	Hits@10:32.62	Best:14.92
2024-10-07 16:26:12,196 INFO    : Snapshot:0	0	3	Epoch:5	Loss:3.363	MRR:15.33	Hits@10:33.54	Best:15.33
2024-10-07 16:26:23,581 INFO    : Snapshot:0	0	3	Epoch:6	Loss:2.454	MRR:15.67	Hits@10:34.35	Best:15.67
2024-10-07 16:26:34,895 INFO    : Snapshot:0	0	3	Epoch:7	Loss:1.806	MRR:15.93	Hits@10:34.96	Best:15.93
2024-10-07 16:26:46,173 INFO    : Snapshot:0	0	3	Epoch:8	Loss:1.367	MRR:16.23	Hits@10:35.76	Best:16.23
2024-10-07 16:26:57,493 INFO    : Snapshot:0	0	3	Epoch:9	Loss:1.056	MRR:16.45	Hits@10:36.23	Best:16.45
2024-10-07 16:27:09,037 INFO    : Snapshot:0	0	3	Epoch:10	Loss:0.816	MRR:16.64	Hits@10:36.68	Best:16.64
2024-10-07 16:27:20,776 INFO    : Snapshot:0	0	3	Epoch:11	Loss:0.624	MRR:16.83	Hits@10:37.25	Best:16.83
2024-10-07 16:27:32,182 INFO    : Snapshot:0	0	3	Epoch:12	Loss:0.505	MRR:16.9	Hits@10:37.74	Best:16.9
2024-10-07 16:27:44,065 INFO    : Snapshot:0	0	3	Epoch:13	Loss:0.399	MRR:16.93	Hits@10:37.97	Best:16.93
2024-10-07 16:27:55,734 INFO    : Snapshot:0	1	3	Epoch:14	Loss:0.335	MRR:16.93	Hits@10:38.19	Best:16.93
2024-10-07 16:28:09,151 INFO    : Snapshot:0	0	3	Epoch:15	Loss:0.279	MRR:17.06	Hits@10:38.67	Best:17.06
2024-10-07 16:28:21,875 INFO    : Snapshot:0	1	3	Epoch:16	Loss:0.236	MRR:17.04	Hits@10:38.78	Best:17.06
2024-10-07 16:28:34,784 INFO    : Snapshot:0	0	3	Epoch:17	Loss:0.22	MRR:17.08	Hits@10:39.0	Best:17.08
2024-10-07 16:28:46,280 INFO    : Snapshot:0	0	3	Epoch:18	Loss:0.188	MRR:17.12	Hits@10:39.1	Best:17.12
2024-10-07 16:28:57,360 INFO    : Snapshot:0	1	3	Epoch:19	Loss:0.177	MRR:17.1	Hits@10:39.27	Best:17.12
2024-10-07 16:29:08,955 INFO    : Snapshot:0	2	3	Epoch:20	Loss:0.158	MRR:17.08	Hits@10:39.43	Best:17.12
2024-10-07 16:29:20,169 INFO    : Snapshot:0	0	3	Epoch:21	Loss:0.149	MRR:17.14	Hits@10:39.47	Best:17.14
2024-10-07 16:29:31,954 INFO    : Snapshot:0	1	3	Epoch:22	Loss:0.143	MRR:17.07	Hits@10:39.57	Best:17.14
2024-10-07 16:29:43,244 INFO    : Snapshot:0	2	3	Epoch:23	Loss:0.133	MRR:17.13	Hits@10:39.69	Best:17.14
2024-10-07 16:29:54,744 INFO    : Snapshot:0	0	3	Epoch:24	Loss:0.12	MRR:17.18	Hits@10:40.0	Best:17.18
2024-10-07 16:30:06,115 INFO    : Snapshot:0	0	3	Epoch:25	Loss:0.121	MRR:17.22	Hits@10:39.94	Best:17.22
2024-10-07 16:30:17,587 INFO    : Snapshot:0	1	3	Epoch:26	Loss:0.115	MRR:17.16	Hits@10:40.12	Best:17.22
2024-10-07 16:30:29,180 INFO    : Snapshot:0	2	3	Epoch:27	Loss:0.108	MRR:17.15	Hits@10:40.24	Best:17.22
2024-10-07 16:30:40,640 INFO    : Early Stopping! Snapshot:0 Epoch: 28 Best Results: 17.22
2024-10-07 16:30:40,687 INFO    : => loading checkpoint './checkpoint/WN_CKGE\0model_best.tar'
2024-10-07 16:30:52,534 INFO    : 
+------------+--------+--------+--------+--------+---------+
| Snapshot:0 |  MRR   | Hits@1 | Hits@3 | Hits@5 | Hits@10 |
+------------+--------+--------+--------+--------+---------+
|     0      | 0.1722 |  0.01  | 0.3114 | 0.354  |  0.3996 |
+------------+--------+--------+--------+--------+---------+
2024-10-07 16:31:09,095 INFO    : Snapshot:1	0	3	Epoch:0	Loss:6.485	MRR:5.46	Hits@10:14.44	Best:5.46
2024-10-07 16:31:16,921 INFO    : Snapshot:1	0	3	Epoch:1	Loss:3.042	MRR:9.55	Hits@10:25.46	Best:9.55
2024-10-07 16:31:24,636 INFO    : Snapshot:1	0	3	Epoch:2	Loss:1.343	MRR:11.68	Hits@10:29.38	Best:11.68
2024-10-07 16:31:32,298 INFO    : Snapshot:1	0	3	Epoch:3	Loss:0.727	MRR:12.91	Hits@10:31.61	Best:12.91
2024-10-07 16:31:39,839 INFO    : Snapshot:1	0	3	Epoch:4	Loss:0.488	MRR:13.26	Hits@10:32.04	Best:13.26
2024-10-07 16:31:47,247 INFO    : Snapshot:1	0	3	Epoch:5	Loss:0.37	MRR:13.6	Hits@10:32.74	Best:13.6
2024-10-07 16:31:54,439 INFO    : Snapshot:1	0	3	Epoch:6	Loss:0.317	MRR:13.71	Hits@10:33.23	Best:13.71
2024-10-07 16:32:01,818 INFO    : Snapshot:1	0	3	Epoch:7	Loss:0.273	MRR:13.82	Hits@10:33.2	Best:13.82
2024-10-07 16:32:09,008 INFO    : Snapshot:1	0	3	Epoch:8	Loss:0.246	MRR:13.91	Hits@10:33.17	Best:13.91
2024-10-07 16:32:16,471 INFO    : Snapshot:1	0	3	Epoch:9	Loss:0.229	MRR:14.03	Hits@10:33.12	Best:14.03
2024-10-07 16:32:23,940 INFO    : Snapshot:1	1	3	Epoch:10	Loss:0.219	MRR:14.02	Hits@10:33.39	Best:14.03
2024-10-07 16:32:31,136 INFO    : Snapshot:1	0	3	Epoch:11	Loss:0.207	MRR:14.07	Hits@10:33.6	Best:14.07
2024-10-07 16:32:38,410 INFO    : Snapshot:1	0	3	Epoch:12	Loss:0.201	MRR:14.13	Hits@10:33.55	Best:14.13
2024-10-07 16:32:45,646 INFO    : Snapshot:1	0	3	Epoch:13	Loss:0.196	MRR:14.14	Hits@10:33.6	Best:14.14
2024-10-07 16:32:52,885 INFO    : Snapshot:1	0	3	Epoch:14	Loss:0.189	MRR:14.22	Hits@10:33.58	Best:14.22
2024-10-07 16:33:00,255 INFO    : Snapshot:1	0	3	Epoch:15	Loss:0.184	MRR:14.25	Hits@10:33.44	Best:14.25
2024-10-07 16:33:07,638 INFO    : Snapshot:1	1	3	Epoch:16	Loss:0.185	MRR:14.18	Hits@10:33.55	Best:14.25
2024-10-07 16:33:14,980 INFO    : Snapshot:1	2	3	Epoch:17	Loss:0.178	MRR:14.21	Hits@10:33.63	Best:14.25
2024-10-07 16:33:22,337 INFO    : Early Stopping! Snapshot:1 Epoch: 18 Best Results: 14.25
2024-10-07 16:33:22,376 INFO    : => loading checkpoint './checkpoint/WN_CKGE\1model_best.tar'
2024-10-07 16:33:42,306 INFO    : 
+------------+--------+--------+--------+--------+---------+
| Snapshot:1 |  MRR   | Hits@1 | Hits@3 | Hits@5 | Hits@10 |
+------------+--------+--------+--------+--------+---------+
|     0      | 0.1722 |  0.01  | 0.3114 | 0.354  |  0.3996 |
|     1      | 0.1427 | 0.0118 | 0.246  | 0.2903 |  0.3336 |
+------------+--------+--------+--------+--------+---------+
2024-10-07 16:34:16,632 INFO    : Snapshot:2	0	3	Epoch:0	Loss:6.455	MRR:5.38	Hits@10:13.74	Best:5.38
2024-10-07 16:34:33,153 INFO    : Snapshot:2	0	3	Epoch:1	Loss:3.003	MRR:9.01	Hits@10:22.74	Best:9.01
2024-10-07 16:34:49,197 INFO    : Snapshot:2	0	3	Epoch:2	Loss:1.266	MRR:11.1	Hits@10:26.61	Best:11.1
2024-10-07 16:35:05,058 INFO    : Snapshot:2	0	3	Epoch:3	Loss:0.672	MRR:12.09	Hits@10:28.28	Best:12.09
2024-10-07 16:35:20,098 INFO    : Snapshot:2	0	3	Epoch:4	Loss:0.449	MRR:12.49	Hits@10:28.63	Best:12.49
2024-10-07 16:35:35,074 INFO    : Snapshot:2	0	3	Epoch:5	Loss:0.34	MRR:12.65	Hits@10:28.87	Best:12.65
2024-10-07 16:35:50,087 INFO    : Snapshot:2	0	3	Epoch:6	Loss:0.279	MRR:12.93	Hits@10:29.27	Best:12.93
2024-10-07 16:36:05,149 INFO    : Snapshot:2	0	3	Epoch:7	Loss:0.241	MRR:13.11	Hits@10:29.6	Best:13.11
2024-10-07 16:36:20,264 INFO    : Snapshot:2	0	3	Epoch:8	Loss:0.215	MRR:13.16	Hits@10:29.52	Best:13.16
2024-10-07 16:36:35,471 INFO    : Snapshot:2	0	3	Epoch:9	Loss:0.208	MRR:13.19	Hits@10:30.16	Best:13.19
2024-10-07 16:36:50,224 INFO    : Snapshot:2	0	3	Epoch:10	Loss:0.198	MRR:13.22	Hits@10:30.03	Best:13.22
2024-10-07 16:37:05,445 INFO    : Snapshot:2	1	3	Epoch:11	Loss:0.186	MRR:13.19	Hits@10:30.13	Best:13.22
2024-10-07 16:37:19,939 INFO    : Snapshot:2	0	3	Epoch:12	Loss:0.179	MRR:13.28	Hits@10:30.35	Best:13.28
2024-10-07 16:37:34,451 INFO    : Snapshot:2	1	3	Epoch:13	Loss:0.174	MRR:13.13	Hits@10:30.08	Best:13.28
2024-10-07 16:37:49,084 INFO    : Snapshot:2	2	3	Epoch:14	Loss:0.166	MRR:13.1	Hits@10:30.24	Best:13.28
2024-10-07 16:38:03,901 INFO    : Early Stopping! Snapshot:2 Epoch: 15 Best Results: 13.28
2024-10-07 16:38:03,947 INFO    : => loading checkpoint './checkpoint/WN_CKGE\2model_best.tar'
2024-10-07 16:38:40,448 INFO    : 
+------------+--------+--------+--------+--------+---------+
| Snapshot:2 |  MRR   | Hits@1 | Hits@3 | Hits@5 | Hits@10 |
+------------+--------+--------+--------+--------+---------+
|     0      | 0.1722 |  0.01  | 0.3114 | 0.354  |  0.3996 |
|     1      | 0.1427 | 0.0118 | 0.246  | 0.2903 |  0.3336 |
|     2      |  0.14  | 0.0137 | 0.2433 | 0.2812 |  0.322  |
+------------+--------+--------+--------+--------+---------+
2024-10-07 16:39:16,570 INFO    : Snapshot:3	0	3	Epoch:0	Loss:6.478	MRR:4.28	Hits@10:11.34	Best:4.28
2024-10-07 16:39:33,893 INFO    : Snapshot:3	0	3	Epoch:1	Loss:2.978	MRR:8.28	Hits@10:20.89	Best:8.28
2024-10-07 16:39:50,426 INFO    : Snapshot:3	0	3	Epoch:2	Loss:1.234	MRR:10.37	Hits@10:25.22	Best:10.37
2024-10-07 16:40:07,581 INFO    : Snapshot:3	0	3	Epoch:3	Loss:0.644	MRR:11.48	Hits@10:27.18	Best:11.48
2024-10-07 16:40:24,573 INFO    : Snapshot:3	0	3	Epoch:4	Loss:0.444	MRR:11.86	Hits@10:27.66	Best:11.86
2024-10-07 16:40:41,345 INFO    : Snapshot:3	0	3	Epoch:5	Loss:0.329	MRR:12.21	Hits@10:28.25	Best:12.21
2024-10-07 16:40:58,930 INFO    : Snapshot:3	0	3	Epoch:6	Loss:0.274	MRR:12.5	Hits@10:28.47	Best:12.5
2024-10-07 16:41:15,835 INFO    : Snapshot:3	0	3	Epoch:7	Loss:0.241	MRR:12.61	Hits@10:28.74	Best:12.61
2024-10-07 16:41:32,815 INFO    : Snapshot:3	0	3	Epoch:8	Loss:0.212	MRR:12.67	Hits@10:28.87	Best:12.67
2024-10-07 16:41:50,069 INFO    : Snapshot:3	0	3	Epoch:9	Loss:0.2	MRR:12.7	Hits@10:28.76	Best:12.7
2024-10-07 16:42:07,409 INFO    : Snapshot:3	1	3	Epoch:10	Loss:0.193	MRR:12.7	Hits@10:28.84	Best:12.7
2024-10-07 16:42:24,768 INFO    : Snapshot:3	0	3	Epoch:11	Loss:0.185	MRR:12.76	Hits@10:28.76	Best:12.76
2024-10-07 16:42:42,759 INFO    : Snapshot:3	1	3	Epoch:12	Loss:0.185	MRR:12.74	Hits@10:28.6	Best:12.76
2024-10-07 16:43:01,056 INFO    : Snapshot:3	0	3	Epoch:13	Loss:0.171	MRR:12.8	Hits@10:28.58	Best:12.8
2024-10-07 16:43:19,768 INFO    : Snapshot:3	1	3	Epoch:14	Loss:0.169	MRR:12.76	Hits@10:28.92	Best:12.8
2024-10-07 16:43:37,391 INFO    : Snapshot:3	0	3	Epoch:15	Loss:0.164	MRR:12.85	Hits@10:29.22	Best:12.85
2024-10-07 16:43:55,108 INFO    : Snapshot:3	1	3	Epoch:16	Loss:0.162	MRR:12.84	Hits@10:29.03	Best:12.85
2024-10-07 16:44:13,854 INFO    : Snapshot:3	2	3	Epoch:17	Loss:0.157	MRR:12.84	Hits@10:29.17	Best:12.85
2024-10-07 16:44:31,449 INFO    : Early Stopping! Snapshot:3 Epoch: 18 Best Results: 12.85
2024-10-07 16:44:31,494 INFO    : => loading checkpoint './checkpoint/WN_CKGE\3model_best.tar'
2024-10-07 16:45:27,023 INFO    : 
+------------+--------+--------+--------+--------+---------+
| Snapshot:3 |  MRR   | Hits@1 | Hits@3 | Hits@5 | Hits@10 |
+------------+--------+--------+--------+--------+---------+
|     0      | 0.1722 |  0.01  | 0.3114 | 0.354  |  0.3996 |
|     1      | 0.1427 | 0.0118 | 0.246  | 0.2903 |  0.3336 |
|     2      |  0.14  | 0.0137 | 0.2433 | 0.2812 |  0.322  |
|     3      | 0.1319 | 0.0097 | 0.2358 | 0.2672 |  0.3032 |
+------------+--------+--------+--------+--------+---------+
2024-10-07 16:45:37,202 INFO    : Snapshot:4	0	3	Epoch:0	Loss:6.413	MRR:10.38	Hits@10:24.25	Best:10.38
2024-10-07 16:45:40,284 INFO    : Snapshot:4	0	3	Epoch:1	Loss:2.848	MRR:11.91	Hits@10:27.69	Best:11.91
2024-10-07 16:45:43,424 INFO    : Snapshot:4	0	3	Epoch:2	Loss:1.13	MRR:12.81	Hits@10:29.09	Best:12.81
2024-10-07 16:45:46,611 INFO    : Snapshot:4	0	3	Epoch:3	Loss:0.57	MRR:13.26	Hits@10:29.76	Best:13.26
2024-10-07 16:45:49,690 INFO    : Snapshot:4	0	3	Epoch:4	Loss:0.391	MRR:13.47	Hits@10:30.19	Best:13.47
2024-10-07 16:45:52,774 INFO    : Snapshot:4	0	3	Epoch:5	Loss:0.306	MRR:13.62	Hits@10:30.38	Best:13.62
2024-10-07 16:45:55,966 INFO    : Snapshot:4	0	3	Epoch:6	Loss:0.247	MRR:13.66	Hits@10:30.67	Best:13.66
2024-10-07 16:45:59,155 INFO    : Snapshot:4	0	3	Epoch:7	Loss:0.217	MRR:13.68	Hits@10:30.7	Best:13.68
2024-10-07 16:46:02,248 INFO    : Snapshot:4	0	3	Epoch:8	Loss:0.202	MRR:13.77	Hits@10:30.89	Best:13.77
2024-10-07 16:46:05,334 INFO    : Snapshot:4	0	3	Epoch:9	Loss:0.184	MRR:13.83	Hits@10:30.94	Best:13.83
2024-10-07 16:46:08,350 INFO    : Snapshot:4	1	3	Epoch:10	Loss:0.176	MRR:13.82	Hits@10:30.89	Best:13.83
2024-10-07 16:46:11,505 INFO    : Snapshot:4	2	3	Epoch:11	Loss:0.168	MRR:13.79	Hits@10:30.89	Best:13.83
2024-10-07 16:46:14,863 INFO    : Early Stopping! Snapshot:4 Epoch: 12 Best Results: 13.83
2024-10-07 16:46:14,908 INFO    : => loading checkpoint './checkpoint/WN_CKGE\4model_best.tar'
2024-10-07 16:46:39,143 INFO    : 
+------------+--------+--------+--------+--------+---------+
| Snapshot:4 |  MRR   | Hits@1 | Hits@3 | Hits@5 | Hits@10 |
+------------+--------+--------+--------+--------+---------+
|     0      | 0.1722 |  0.01  | 0.3114 | 0.354  |  0.3996 |
|     1      | 0.1427 | 0.0118 | 0.246  | 0.2903 |  0.3336 |
|     2      |  0.14  | 0.0137 | 0.2433 | 0.2812 |  0.322  |
|     3      | 0.1319 | 0.0097 | 0.2358 | 0.2672 |  0.3032 |
|     4      | 0.1443 | 0.0089 | 0.2622 | 0.2877 |  0.3254 |
+------------+--------+--------+--------+--------+---------+
2024-10-07 16:46:39,144 INFO    : Final Result:
[+------------+--------+--------+--------+--------+---------+
| Snapshot:0 |  MRR   | Hits@1 | Hits@3 | Hits@5 | Hits@10 |
+------------+--------+--------+--------+--------+---------+
|     0      | 0.1722 |  0.01  | 0.3114 | 0.354  |  0.3996 |
+------------+--------+--------+--------+--------+---------+, +------------+--------+--------+--------+--------+---------+
| Snapshot:1 |  MRR   | Hits@1 | Hits@3 | Hits@5 | Hits@10 |
+------------+--------+--------+--------+--------+---------+
|     0      | 0.1722 |  0.01  | 0.3114 | 0.354  |  0.3996 |
|     1      | 0.1427 | 0.0118 | 0.246  | 0.2903 |  0.3336 |
+------------+--------+--------+--------+--------+---------+, +------------+--------+--------+--------+--------+---------+
| Snapshot:2 |  MRR   | Hits@1 | Hits@3 | Hits@5 | Hits@10 |
+------------+--------+--------+--------+--------+---------+
|     0      | 0.1722 |  0.01  | 0.3114 | 0.354  |  0.3996 |
|     1      | 0.1427 | 0.0118 | 0.246  | 0.2903 |  0.3336 |
|     2      |  0.14  | 0.0137 | 0.2433 | 0.2812 |  0.322  |
+------------+--------+--------+--------+--------+---------+, +------------+--------+--------+--------+--------+---------+
| Snapshot:3 |  MRR   | Hits@1 | Hits@3 | Hits@5 | Hits@10 |
+------------+--------+--------+--------+--------+---------+
|     0      | 0.1722 |  0.01  | 0.3114 | 0.354  |  0.3996 |
|     1      | 0.1427 | 0.0118 | 0.246  | 0.2903 |  0.3336 |
|     2      |  0.14  | 0.0137 | 0.2433 | 0.2812 |  0.322  |
|     3      | 0.1319 | 0.0097 | 0.2358 | 0.2672 |  0.3032 |
+------------+--------+--------+--------+--------+---------+, +------------+--------+--------+--------+--------+---------+
| Snapshot:4 |  MRR   | Hits@1 | Hits@3 | Hits@5 | Hits@10 |
+------------+--------+--------+--------+--------+---------+
|     0      | 0.1722 |  0.01  | 0.3114 | 0.354  |  0.3996 |
|     1      | 0.1427 | 0.0118 | 0.246  | 0.2903 |  0.3336 |
|     2      |  0.14  | 0.0137 | 0.2433 | 0.2812 |  0.322  |
|     3      | 0.1319 | 0.0097 | 0.2358 | 0.2672 |  0.3032 |
|     4      | 0.1443 | 0.0089 | 0.2622 | 0.2877 |  0.3254 |
+------------+--------+--------+--------+--------+---------+]
2024-10-07 16:46:39,145 INFO    : Report Result:
+----------+--------------------+-----------+--------------+--------------+---------------+
| Snapshot |        Time        | Whole_MRR | Whole_Hits@1 | Whole_Hits@3 | Whole_Hits@10 |
+----------+--------------------+-----------+--------------+--------------+---------------+
|    0     | 337.6404974460602  |   0.172   |     0.01     |    0.311     |      0.4      |
|    1     | 141.49593329429626 |   0.168   |     0.01     |    0.302     |      0.39     |
|    2     | 243.8857340812683  |   0.164   |    0.011     |    0.295     |     0.382     |
|    3     | 332.5261764526367  |   0.161   |    0.011     |    0.288     |     0.373     |
|    4     | 41.29076099395752  |   0.159   |     0.01     |    0.286     |     0.368     |
+----------+--------------------+-----------+--------------+--------------+---------------+
2024-10-07 16:46:39,145 INFO    : Sum_Training_Time:1096.839102268219
2024-10-07 16:46:39,145 INFO    : Every_Training_Time:[337.6404974460602, 141.49593329429626, 243.8857340812683, 332.5261764526367, 41.29076099395752]
2024-10-07 16:46:39,145 INFO    : Forward transfer: 0.059925 Backward transfer: 0.0
