2024-10-04 15:21:02,485 INFO    : Namespace(batch_size='1024', data_path='./data/FB_CKGE/', dataset='FB_CKGE', debug=False, device=device(type='cuda', index=0), emb_dim=200, ent_r='20', epoch_num=200, explore=False, gpu='0', l2=0.0, learning_rate='2e-1', log_path='./logs/FB_CKGE 20 2 2e-1 1024/FB_CKGE 20241004152052', logger=<RootLogger root (INFO)>, margin=8.0, model_name='LoraKGE_Layers', multi_layers_path='train_sorted_by_edges_betweenness.txt', neg_ratio=10, note='', num_ent_layers='2', num_layer=1, num_rel_layers='1', patience=3, predict_result='True', r=100, r_fixed=True, random_seed=3407, record=False, rel_r='20', save_path='./checkpoint/FB_CKGE', skip_previous='False', snapshot_num=5, train_new=True, using_multi_layers=False, using_various_ranks='True', using_various_ranks_reverse=False, valid_metrics='mrr')
2024-10-04 15:21:22,286 INFO    : Snapshot:0	0	3	Epoch:0	Loss:107.405	MRR:19.84	Hits@10:38.57	Best:19.84
2024-10-04 15:21:39,578 INFO    : Snapshot:0	0	3	Epoch:1	Loss:27.441	MRR:24.37	Hits@10:44.58	Best:24.37
2024-10-04 15:21:57,322 INFO    : Snapshot:0	1	3	Epoch:2	Loss:9.743	MRR:24.3	Hits@10:44.57	Best:24.37
2024-10-04 15:22:15,287 INFO    : Snapshot:0	2	3	Epoch:3	Loss:5.814	MRR:24.09	Hits@10:44.21	Best:24.37
2024-10-04 15:22:33,174 INFO    : Early Stopping! Snapshot:0 Epoch: 4 Best Results: 24.37
2024-10-04 15:22:33,287 INFO    : => loading checkpoint './checkpoint/FB_CKGE\0model_best.tar'
2024-10-04 15:22:54,996 INFO    : 
+------------+--------+--------+--------+--------+---------+
| Snapshot:0 |  MRR   | Hits@1 | Hits@3 | Hits@5 | Hits@10 |
+------------+--------+--------+--------+--------+---------+
|     0      | 0.2439 | 0.1396 | 0.2869 | 0.358  |  0.447  |
+------------+--------+--------+--------+--------+---------+
2024-10-04 15:23:06,548 INFO    : Snapshot:1	0	3	Epoch:0	Loss:8.922	MRR:10.71	Hits@10:20.0	Best:10.71
2024-10-04 15:23:09,990 INFO    : Snapshot:1	0	3	Epoch:1	Loss:3.382	MRR:12.69	Hits@10:24.0	Best:12.69
2024-10-04 15:23:13,434 INFO    : Snapshot:1	0	3	Epoch:2	Loss:2.472	MRR:13.66	Hits@10:26.03	Best:13.66
2024-10-04 15:23:16,861 INFO    : Snapshot:1	0	3	Epoch:3	Loss:2.043	MRR:14.32	Hits@10:27.63	Best:14.32
2024-10-04 15:23:20,335 INFO    : Snapshot:1	0	3	Epoch:4	Loss:1.787	MRR:14.95	Hits@10:28.43	Best:14.95
2024-10-04 15:23:23,857 INFO    : Snapshot:1	0	3	Epoch:5	Loss:1.572	MRR:15.08	Hits@10:28.61	Best:15.08
2024-10-04 15:23:27,375 INFO    : Snapshot:1	0	3	Epoch:6	Loss:1.428	MRR:15.43	Hits@10:29.34	Best:15.43
2024-10-04 15:23:30,785 INFO    : Snapshot:1	0	3	Epoch:7	Loss:1.34	MRR:15.48	Hits@10:29.55	Best:15.48
2024-10-04 15:23:34,418 INFO    : Snapshot:1	0	3	Epoch:8	Loss:1.281	MRR:15.86	Hits@10:29.99	Best:15.86
2024-10-04 15:23:37,845 INFO    : Snapshot:1	0	3	Epoch:9	Loss:1.202	MRR:15.88	Hits@10:30.51	Best:15.88
2024-10-04 15:23:41,486 INFO    : Snapshot:1	0	3	Epoch:10	Loss:1.178	MRR:16.0	Hits@10:30.47	Best:16.0
2024-10-04 15:23:45,091 INFO    : Snapshot:1	0	3	Epoch:11	Loss:1.118	MRR:16.07	Hits@10:30.43	Best:16.07
2024-10-04 15:23:48,723 INFO    : Snapshot:1	1	3	Epoch:12	Loss:1.1	MRR:15.97	Hits@10:30.39	Best:16.07
2024-10-04 15:23:52,506 INFO    : Snapshot:1	0	3	Epoch:13	Loss:1.064	MRR:16.16	Hits@10:30.61	Best:16.16
2024-10-04 15:23:56,260 INFO    : Snapshot:1	1	3	Epoch:14	Loss:1.04	MRR:16.16	Hits@10:30.43	Best:16.16
2024-10-04 15:23:59,993 INFO    : Snapshot:1	0	3	Epoch:15	Loss:1.023	MRR:16.3	Hits@10:30.27	Best:16.3
2024-10-04 15:24:03,636 INFO    : Snapshot:1	1	3	Epoch:16	Loss:1.003	MRR:16.27	Hits@10:30.95	Best:16.3
2024-10-04 15:24:07,284 INFO    : Snapshot:1	2	3	Epoch:17	Loss:0.994	MRR:16.16	Hits@10:30.64	Best:16.3
2024-10-04 15:24:10,855 INFO    : Snapshot:1	0	3	Epoch:18	Loss:0.968	MRR:16.32	Hits@10:31.02	Best:16.32
2024-10-04 15:24:14,413 INFO    : Snapshot:1	0	3	Epoch:19	Loss:0.95	MRR:16.33	Hits@10:31.12	Best:16.33
2024-10-04 15:24:18,317 INFO    : Snapshot:1	0	3	Epoch:20	Loss:0.933	MRR:16.34	Hits@10:31.17	Best:16.34
2024-10-04 15:24:22,428 INFO    : Snapshot:1	0	3	Epoch:21	Loss:0.937	MRR:16.56	Hits@10:31.33	Best:16.56
2024-10-04 15:24:26,123 INFO    : Snapshot:1	1	3	Epoch:22	Loss:0.936	MRR:16.52	Hits@10:31.09	Best:16.56
2024-10-04 15:24:29,942 INFO    : Snapshot:1	2	3	Epoch:23	Loss:0.916	MRR:16.49	Hits@10:31.18	Best:16.56
2024-10-04 15:24:33,613 INFO    : Early Stopping! Snapshot:1 Epoch: 24 Best Results: 16.56
2024-10-04 15:24:33,720 INFO    : => loading checkpoint './checkpoint/FB_CKGE\1model_best.tar'
2024-10-04 15:24:57,241 INFO    : 
+------------+--------+--------+--------+--------+---------+
| Snapshot:1 |  MRR   | Hits@1 | Hits@3 | Hits@5 | Hits@10 |
+------------+--------+--------+--------+--------+---------+
|     0      | 0.2439 | 0.1396 | 0.2869 | 0.358  |  0.447  |
|     1      | 0.1741 | 0.1018 | 0.1917 | 0.2433 |   0.32  |
+------------+--------+--------+--------+--------+---------+
2024-10-04 15:25:08,470 INFO    : Snapshot:2	0	3	Epoch:0	Loss:6.506	MRR:16.85	Hits@10:29.51	Best:16.85
2024-10-04 15:25:12,596 INFO    : Snapshot:2	0	3	Epoch:1	Loss:3.62	MRR:17.17	Hits@10:30.07	Best:17.17
2024-10-04 15:25:16,521 INFO    : Snapshot:2	0	3	Epoch:2	Loss:3.155	MRR:17.35	Hits@10:30.53	Best:17.35
2024-10-04 15:25:20,444 INFO    : Snapshot:2	0	3	Epoch:3	Loss:2.891	MRR:17.48	Hits@10:30.75	Best:17.48
2024-10-04 15:25:24,571 INFO    : Snapshot:2	0	3	Epoch:4	Loss:2.782	MRR:17.53	Hits@10:30.93	Best:17.53
2024-10-04 15:25:28,891 INFO    : Snapshot:2	0	3	Epoch:5	Loss:2.675	MRR:17.58	Hits@10:30.95	Best:17.58
2024-10-04 15:25:33,143 INFO    : Snapshot:2	0	3	Epoch:6	Loss:2.595	MRR:17.7	Hits@10:31.18	Best:17.7
2024-10-04 15:25:37,080 INFO    : Snapshot:2	1	3	Epoch:7	Loss:2.563	MRR:17.61	Hits@10:30.98	Best:17.7
2024-10-04 15:25:40,880 INFO    : Snapshot:2	0	3	Epoch:8	Loss:2.502	MRR:17.81	Hits@10:31.39	Best:17.81
2024-10-04 15:25:44,636 INFO    : Snapshot:2	1	3	Epoch:9	Loss:2.477	MRR:17.76	Hits@10:31.39	Best:17.81
2024-10-04 15:25:48,392 INFO    : Snapshot:2	0	3	Epoch:10	Loss:2.455	MRR:17.86	Hits@10:31.34	Best:17.86
2024-10-04 15:25:52,212 INFO    : Snapshot:2	0	3	Epoch:11	Loss:2.412	MRR:17.94	Hits@10:31.55	Best:17.94
2024-10-04 15:25:56,224 INFO    : Snapshot:2	1	3	Epoch:12	Loss:2.404	MRR:17.93	Hits@10:31.43	Best:17.94
2024-10-04 15:26:00,102 INFO    : Snapshot:2	2	3	Epoch:13	Loss:2.386	MRR:17.93	Hits@10:31.43	Best:17.94
2024-10-04 15:26:04,081 INFO    : Snapshot:2	0	3	Epoch:14	Loss:2.382	MRR:18.0	Hits@10:31.49	Best:18.0
2024-10-04 15:26:07,964 INFO    : Snapshot:2	1	3	Epoch:15	Loss:2.365	MRR:17.97	Hits@10:31.56	Best:18.0
2024-10-04 15:26:11,811 INFO    : Snapshot:2	2	3	Epoch:16	Loss:2.343	MRR:17.96	Hits@10:31.47	Best:18.0
2024-10-04 15:26:15,707 INFO    : Early Stopping! Snapshot:2 Epoch: 17 Best Results: 18.0
2024-10-04 15:26:15,835 INFO    : => loading checkpoint './checkpoint/FB_CKGE\2model_best.tar'
2024-10-04 15:26:45,976 INFO    : 
+------------+--------+--------+--------+--------+---------+
| Snapshot:2 |  MRR   | Hits@1 | Hits@3 | Hits@5 | Hits@10 |
+------------+--------+--------+--------+--------+---------+
|     0      | 0.2439 | 0.1396 | 0.2869 | 0.358  |  0.447  |
|     1      | 0.1741 | 0.1018 | 0.1917 | 0.2433 |   0.32  |
|     2      | 0.1769 | 0.1071 | 0.1949 | 0.2466 |  0.3153 |
+------------+--------+--------+--------+--------+---------+
2024-10-04 15:26:58,508 INFO    : Snapshot:3	0	3	Epoch:0	Loss:5.163	MRR:18.41	Hits@10:31.53	Best:18.41
2024-10-04 15:27:02,757 INFO    : Snapshot:3	0	3	Epoch:1	Loss:3.77	MRR:18.54	Hits@10:31.68	Best:18.54
2024-10-04 15:27:06,905 INFO    : Snapshot:3	0	3	Epoch:2	Loss:3.548	MRR:18.57	Hits@10:31.8	Best:18.57
2024-10-04 15:27:11,368 INFO    : Snapshot:3	0	3	Epoch:3	Loss:3.432	MRR:18.6	Hits@10:31.83	Best:18.6
2024-10-04 15:27:15,486 INFO    : Snapshot:3	1	3	Epoch:4	Loss:3.362	MRR:18.59	Hits@10:31.88	Best:18.6
2024-10-04 15:27:19,638 INFO    : Snapshot:3	0	3	Epoch:5	Loss:3.316	MRR:18.67	Hits@10:31.94	Best:18.67
2024-10-04 15:27:23,998 INFO    : Snapshot:3	0	3	Epoch:6	Loss:3.282	MRR:18.68	Hits@10:32.09	Best:18.68
2024-10-04 15:27:28,350 INFO    : Snapshot:3	0	3	Epoch:7	Loss:3.279	MRR:18.71	Hits@10:32.04	Best:18.71
2024-10-04 15:27:32,455 INFO    : Snapshot:3	1	3	Epoch:8	Loss:3.271	MRR:18.68	Hits@10:31.99	Best:18.71
2024-10-04 15:27:36,647 INFO    : Snapshot:3	2	3	Epoch:9	Loss:3.251	MRR:18.65	Hits@10:32.01	Best:18.71
2024-10-04 15:27:40,986 INFO    : Early Stopping! Snapshot:3 Epoch: 10 Best Results: 18.71
2024-10-04 15:27:41,102 INFO    : => loading checkpoint './checkpoint/FB_CKGE\3model_best.tar'
2024-10-04 15:28:14,152 INFO    : 
+------------+--------+--------+--------+--------+---------+
| Snapshot:3 |  MRR   | Hits@1 | Hits@3 | Hits@5 | Hits@10 |
+------------+--------+--------+--------+--------+---------+
|     0      | 0.2439 | 0.1396 | 0.2869 | 0.358  |  0.447  |
|     1      | 0.1741 | 0.1018 | 0.1917 | 0.2433 |   0.32  |
|     2      | 0.1769 | 0.1071 | 0.1949 | 0.2466 |  0.3153 |
|     3      | 0.1864 | 0.1151 | 0.2093 | 0.2582 |  0.3211 |
+------------+--------+--------+--------+--------+---------+
2024-10-04 15:28:27,161 INFO    : Snapshot:4	0	3	Epoch:0	Loss:4.357	MRR:19.78	Hits@10:32.56	Best:19.78
2024-10-04 15:28:31,647 INFO    : Snapshot:4	0	3	Epoch:1	Loss:3.837	MRR:19.79	Hits@10:32.65	Best:19.79
2024-10-04 15:28:35,964 INFO    : Snapshot:4	1	3	Epoch:2	Loss:3.741	MRR:19.79	Hits@10:32.67	Best:19.79
2024-10-04 15:28:40,353 INFO    : Snapshot:4	0	3	Epoch:3	Loss:3.737	MRR:19.81	Hits@10:32.67	Best:19.81
2024-10-04 15:28:44,792 INFO    : Snapshot:4	1	3	Epoch:4	Loss:3.693	MRR:19.79	Hits@10:32.69	Best:19.81
2024-10-04 15:28:49,317 INFO    : Snapshot:4	0	3	Epoch:5	Loss:3.7	MRR:19.83	Hits@10:32.72	Best:19.83
2024-10-04 15:28:53,613 INFO    : Snapshot:4	0	3	Epoch:6	Loss:3.694	MRR:19.84	Hits@10:32.76	Best:19.84
2024-10-04 15:28:58,058 INFO    : Snapshot:4	0	3	Epoch:7	Loss:3.682	MRR:19.87	Hits@10:32.69	Best:19.87
2024-10-04 15:29:02,486 INFO    : Snapshot:4	1	3	Epoch:8	Loss:3.676	MRR:19.86	Hits@10:32.72	Best:19.87
2024-10-04 15:29:06,840 INFO    : Snapshot:4	2	3	Epoch:9	Loss:3.682	MRR:19.86	Hits@10:32.72	Best:19.87
2024-10-04 15:29:11,193 INFO    : Early Stopping! Snapshot:4 Epoch: 10 Best Results: 19.87
2024-10-04 15:29:11,310 INFO    : => loading checkpoint './checkpoint/FB_CKGE\4model_best.tar'
2024-10-04 15:29:48,478 INFO    : 
+------------+--------+--------+--------+--------+---------+
| Snapshot:4 |  MRR   | Hits@1 | Hits@3 | Hits@5 | Hits@10 |
+------------+--------+--------+--------+--------+---------+
|     0      | 0.2439 | 0.1396 | 0.2869 | 0.358  |  0.447  |
|     1      | 0.1741 | 0.1018 | 0.1917 | 0.2433 |   0.32  |
|     2      | 0.1769 | 0.1071 | 0.1949 | 0.2466 |  0.3153 |
|     3      | 0.1864 | 0.1151 | 0.2093 | 0.2582 |  0.3211 |
|     4      | 0.2072 | 0.1272 | 0.2374 | 0.2902 |  0.3612 |
+------------+--------+--------+--------+--------+---------+
2024-10-04 15:29:48,480 INFO    : Final Result:
[+------------+--------+--------+--------+--------+---------+
| Snapshot:0 |  MRR   | Hits@1 | Hits@3 | Hits@5 | Hits@10 |
+------------+--------+--------+--------+--------+---------+
|     0      | 0.2439 | 0.1396 | 0.2869 | 0.358  |  0.447  |
+------------+--------+--------+--------+--------+---------+, +------------+--------+--------+--------+--------+---------+
| Snapshot:1 |  MRR   | Hits@1 | Hits@3 | Hits@5 | Hits@10 |
+------------+--------+--------+--------+--------+---------+
|     0      | 0.2439 | 0.1396 | 0.2869 | 0.358  |  0.447  |
|     1      | 0.1741 | 0.1018 | 0.1917 | 0.2433 |   0.32  |
+------------+--------+--------+--------+--------+---------+, +------------+--------+--------+--------+--------+---------+
| Snapshot:2 |  MRR   | Hits@1 | Hits@3 | Hits@5 | Hits@10 |
+------------+--------+--------+--------+--------+---------+
|     0      | 0.2439 | 0.1396 | 0.2869 | 0.358  |  0.447  |
|     1      | 0.1741 | 0.1018 | 0.1917 | 0.2433 |   0.32  |
|     2      | 0.1769 | 0.1071 | 0.1949 | 0.2466 |  0.3153 |
+------------+--------+--------+--------+--------+---------+, +------------+--------+--------+--------+--------+---------+
| Snapshot:3 |  MRR   | Hits@1 | Hits@3 | Hits@5 | Hits@10 |
+------------+--------+--------+--------+--------+---------+
|     0      | 0.2439 | 0.1396 | 0.2869 | 0.358  |  0.447  |
|     1      | 0.1741 | 0.1018 | 0.1917 | 0.2433 |   0.32  |
|     2      | 0.1769 | 0.1071 | 0.1949 | 0.2466 |  0.3153 |
|     3      | 0.1864 | 0.1151 | 0.2093 | 0.2582 |  0.3211 |
+------------+--------+--------+--------+--------+---------+, +------------+--------+--------+--------+--------+---------+
| Snapshot:4 |  MRR   | Hits@1 | Hits@3 | Hits@5 | Hits@10 |
+------------+--------+--------+--------+--------+---------+
|     0      | 0.2439 | 0.1396 | 0.2869 | 0.358  |  0.447  |
|     1      | 0.1741 | 0.1018 | 0.1917 | 0.2433 |   0.32  |
|     2      | 0.1769 | 0.1071 | 0.1949 | 0.2466 |  0.3153 |
|     3      | 0.1864 | 0.1151 | 0.2093 | 0.2582 |  0.3211 |
|     4      | 0.2072 | 0.1272 | 0.2374 | 0.2902 |  0.3612 |
+------------+--------+--------+--------+--------+---------+]
2024-10-04 15:29:48,481 INFO    : Report Result:
+----------+--------------------+-----------+--------------+--------------+---------------+
| Snapshot |        Time        | Whole_MRR | Whole_Hits@1 | Whole_Hits@3 | Whole_Hits@10 |
+----------+--------------------+-----------+--------------+--------------+---------------+
|    0     | 90.68844962120056  |   0.244   |     0.14     |    0.287     |     0.447     |
|    1     | 93.94300127029419  |   0.234   |    0.134     |    0.273     |     0.429     |
|    2     | 73.88452434539795  |   0.227   |    0.131     |    0.263     |     0.415     |
|    3     | 50.039462089538574 |   0.222   |    0.129     |    0.257     |     0.404     |
|    4     | 51.490304708480835 |   0.221   |    0.129     |    0.255     |      0.4      |
+----------+--------------------+-----------+--------------+--------------+---------------+
2024-10-04 15:29:48,481 INFO    : Sum_Training_Time:360.0457420349121
2024-10-04 15:29:48,481 INFO    : Every_Training_Time:[90.68844962120056, 93.94300127029419, 73.88452434539795, 50.039462089538574, 51.490304708480835]
2024-10-04 15:29:48,481 INFO    : Forward transfer: 0.147025 Backward transfer: 0.0
