2024-09-20 15:55:12,844 INFO    : Namespace(batch_size='1024', data_path='./data/ENTITY/', dataset='ENTITY', debug=False, device=device(type='cuda', index=0), emb_dim=200, ent_r='200', epoch_num=200, explore=False, gpu='0', l2=0.0, learning_rate='3e-1', log_path='./logs/20240920155503/ENTITY', logger=<RootLogger root (INFO)>, margin=8.0, model_name='LoraKGE_Layers', multi_layers_path='train_sorted_by_edges_betweenness.txt', neg_ratio=10, note='', num_ent_layers='2', num_layer=1, num_rel_layers='1', patience=3, predict_result=False, r=100, r_fixed=True, random_seed=3407, record=False, rel_r='20', save_path='./checkpoint/ENTITY', skip_previous='False', snapshot_num=5, train_new=True, using_multi_layers=False, using_various_ranks='True', using_various_ranks_reverse=False, valid_metrics='mrr')
2024-09-20 15:55:18,974 INFO    : Snapshot:0	0	3	Epoch:0	Loss:35.288	MRR:9.73	Hits@10:23.32	Best:9.73
2024-09-20 15:55:22,205 INFO    : Snapshot:0	0	3	Epoch:1	Loss:24.605	MRR:18.0	Hits@10:39.98	Best:18.0
2024-09-20 15:55:25,469 INFO    : Snapshot:0	0	3	Epoch:2	Loss:14.488	MRR:26.48	Hits@10:48.81	Best:26.48
2024-09-20 15:55:28,681 INFO    : Snapshot:0	0	3	Epoch:3	Loss:7.616	MRR:30.42	Hits@10:52.54	Best:30.42
2024-09-20 15:55:31,814 INFO    : Snapshot:0	0	3	Epoch:4	Loss:4.185	MRR:31.77	Hits@10:54.22	Best:31.77
2024-09-20 15:55:35,208 INFO    : Snapshot:0	0	3	Epoch:5	Loss:2.558	MRR:32.23	Hits@10:54.56	Best:32.23
2024-09-20 15:55:38,567 INFO    : Snapshot:0	0	3	Epoch:6	Loss:1.777	MRR:32.38	Hits@10:55.02	Best:32.38
2024-09-20 15:55:41,629 INFO    : Snapshot:0	0	3	Epoch:7	Loss:1.364	MRR:32.49	Hits@10:54.98	Best:32.49
2024-09-20 15:55:44,957 INFO    : Snapshot:0	0	3	Epoch:8	Loss:1.111	MRR:32.5	Hits@10:54.8	Best:32.5
2024-09-20 15:55:48,405 INFO    : Snapshot:0	1	3	Epoch:9	Loss:0.952	MRR:32.38	Hits@10:54.79	Best:32.5
2024-09-20 15:55:51,673 INFO    : Snapshot:0	2	3	Epoch:10	Loss:0.832	MRR:32.24	Hits@10:55.01	Best:32.5
2024-09-20 15:55:54,952 INFO    : Early Stopping! Snapshot:0 Epoch: 11 Best Results: 32.5
2024-09-20 15:55:55,048 INFO    : => loading checkpoint './checkpoint/ENTITY\0model_best.tar'
2024-09-20 15:55:56,466 INFO    : 
+------------+--------+--------+--------+--------+---------+
| Snapshot:0 |  MRR   | Hits@1 | Hits@3 | Hits@5 | Hits@10 |
+------------+--------+--------+--------+--------+---------+
|     0      | 0.3285 | 0.2086 | 0.3806 | 0.4552 |  0.5588 |
+------------+--------+--------+--------+--------+---------+
2024-09-20 15:56:09,606 INFO    : Snapshot:1	0	3	Epoch:0	Loss:10.928	MRR:16.3	Hits@10:29.57	Best:16.3
2024-09-20 15:56:16,035 INFO    : Snapshot:1	0	3	Epoch:1	Loss:4.214	MRR:17.77	Hits@10:31.99	Best:17.77
2024-09-20 15:56:22,830 INFO    : Snapshot:1	0	3	Epoch:2	Loss:3.523	MRR:18.68	Hits@10:33.25	Best:18.68
2024-09-20 15:56:29,646 INFO    : Snapshot:1	0	3	Epoch:3	Loss:3.126	MRR:19.19	Hits@10:34.4	Best:19.19
2024-09-20 15:56:36,656 INFO    : Snapshot:1	0	3	Epoch:4	Loss:2.869	MRR:19.77	Hits@10:35.46	Best:19.77
2024-09-20 15:56:43,385 INFO    : Snapshot:1	0	3	Epoch:5	Loss:2.681	MRR:20.12	Hits@10:36.28	Best:20.12
2024-09-20 15:56:50,009 INFO    : Snapshot:1	0	3	Epoch:6	Loss:2.519	MRR:20.62	Hits@10:36.96	Best:20.62
2024-09-20 15:56:56,655 INFO    : Snapshot:1	0	3	Epoch:7	Loss:2.412	MRR:21.05	Hits@10:37.49	Best:21.05
2024-09-20 15:57:03,305 INFO    : Snapshot:1	0	3	Epoch:8	Loss:2.328	MRR:21.18	Hits@10:37.76	Best:21.18
2024-09-20 15:57:09,989 INFO    : Snapshot:1	0	3	Epoch:9	Loss:2.247	MRR:21.33	Hits@10:37.99	Best:21.33
2024-09-20 15:57:16,733 INFO    : Snapshot:1	0	3	Epoch:10	Loss:2.156	MRR:21.62	Hits@10:38.24	Best:21.62
2024-09-20 15:57:23,389 INFO    : Snapshot:1	0	3	Epoch:11	Loss:2.114	MRR:21.99	Hits@10:38.9	Best:21.99
2024-09-20 15:57:30,082 INFO    : Snapshot:1	1	3	Epoch:12	Loss:2.085	MRR:21.84	Hits@10:39.11	Best:21.99
2024-09-20 15:57:36,654 INFO    : Snapshot:1	2	3	Epoch:13	Loss:2.027	MRR:21.84	Hits@10:39.48	Best:21.99
2024-09-20 15:57:43,574 INFO    : Snapshot:1	0	3	Epoch:14	Loss:1.992	MRR:22.22	Hits@10:39.46	Best:22.22
2024-09-20 15:57:50,244 INFO    : Snapshot:1	1	3	Epoch:15	Loss:1.977	MRR:22.22	Hits@10:39.68	Best:22.22
2024-09-20 15:57:56,887 INFO    : Snapshot:1	0	3	Epoch:16	Loss:1.916	MRR:22.49	Hits@10:39.95	Best:22.49
2024-09-20 15:58:03,591 INFO    : Snapshot:1	1	3	Epoch:17	Loss:1.894	MRR:22.44	Hits@10:39.94	Best:22.49
2024-09-20 15:58:10,320 INFO    : Snapshot:1	2	3	Epoch:18	Loss:1.892	MRR:22.49	Hits@10:39.92	Best:22.49
2024-09-20 15:58:17,051 INFO    : Snapshot:1	0	3	Epoch:19	Loss:1.857	MRR:22.51	Hits@10:39.83	Best:22.51
2024-09-20 15:58:23,722 INFO    : Snapshot:1	0	3	Epoch:20	Loss:1.859	MRR:22.64	Hits@10:40.09	Best:22.64
2024-09-20 15:58:30,347 INFO    : Snapshot:1	0	3	Epoch:21	Loss:1.823	MRR:22.68	Hits@10:39.92	Best:22.68
2024-09-20 15:58:37,082 INFO    : Snapshot:1	0	3	Epoch:22	Loss:1.815	MRR:22.71	Hits@10:40.19	Best:22.71
2024-09-20 15:58:43,952 INFO    : Snapshot:1	1	3	Epoch:23	Loss:1.786	MRR:22.52	Hits@10:40.22	Best:22.71
2024-09-20 15:58:50,612 INFO    : Snapshot:1	0	3	Epoch:24	Loss:1.779	MRR:22.88	Hits@10:40.44	Best:22.88
2024-09-20 15:58:57,287 INFO    : Snapshot:1	0	3	Epoch:25	Loss:1.803	MRR:22.97	Hits@10:40.56	Best:22.97
2024-09-20 15:59:03,926 INFO    : Snapshot:1	1	3	Epoch:26	Loss:1.778	MRR:22.84	Hits@10:40.7	Best:22.97
2024-09-20 15:59:10,624 INFO    : Snapshot:1	0	3	Epoch:27	Loss:1.736	MRR:23.13	Hits@10:41.01	Best:23.13
2024-09-20 15:59:17,202 INFO    : Snapshot:1	1	3	Epoch:28	Loss:1.722	MRR:23.05	Hits@10:40.99	Best:23.13
2024-09-20 15:59:23,841 INFO    : Snapshot:1	2	3	Epoch:29	Loss:1.723	MRR:22.84	Hits@10:40.88	Best:23.13
2024-09-20 15:59:30,366 INFO    : Early Stopping! Snapshot:1 Epoch: 30 Best Results: 23.13
2024-09-20 15:59:30,467 INFO    : => loading checkpoint './checkpoint/ENTITY\1model_best.tar'
2024-09-20 15:59:35,396 INFO    : 
+------------+--------+--------+--------+--------+---------+
| Snapshot:1 |  MRR   | Hits@1 | Hits@3 | Hits@5 | Hits@10 |
+------------+--------+--------+--------+--------+---------+
|     0      | 0.3285 | 0.2086 | 0.3806 | 0.4552 |  0.5588 |
|     1      | 0.2306 | 0.1411 | 0.2548 | 0.3157 |  0.4063 |
+------------+--------+--------+--------+--------+---------+
2024-09-20 15:59:50,288 INFO    : Snapshot:2	0	3	Epoch:0	Loss:10.244	MRR:15.1	Hits@10:26.48	Best:15.1
2024-09-20 15:59:58,136 INFO    : Snapshot:2	0	3	Epoch:1	Loss:4.107	MRR:17.25	Hits@10:30.06	Best:17.25
2024-09-20 16:00:06,087 INFO    : Snapshot:2	0	3	Epoch:2	Loss:3.456	MRR:17.94	Hits@10:31.86	Best:17.94
2024-09-20 16:00:14,136 INFO    : Snapshot:2	0	3	Epoch:3	Loss:3.096	MRR:18.32	Hits@10:32.86	Best:18.32
2024-09-20 16:00:22,001 INFO    : Snapshot:2	0	3	Epoch:4	Loss:2.875	MRR:18.8	Hits@10:33.32	Best:18.8
2024-09-20 16:00:29,964 INFO    : Snapshot:2	0	3	Epoch:5	Loss:2.72	MRR:18.84	Hits@10:33.39	Best:18.84
2024-09-20 16:00:37,783 INFO    : Snapshot:2	0	3	Epoch:6	Loss:2.589	MRR:19.0	Hits@10:33.69	Best:19.0
2024-09-20 16:00:45,639 INFO    : Snapshot:2	0	3	Epoch:7	Loss:2.484	MRR:19.41	Hits@10:34.11	Best:19.41
2024-09-20 16:00:53,499 INFO    : Snapshot:2	0	3	Epoch:8	Loss:2.408	MRR:19.53	Hits@10:34.35	Best:19.53
2024-09-20 16:01:01,264 INFO    : Snapshot:2	0	3	Epoch:9	Loss:2.372	MRR:19.65	Hits@10:34.99	Best:19.65
2024-09-20 16:01:09,104 INFO    : Snapshot:2	0	3	Epoch:10	Loss:2.288	MRR:19.68	Hits@10:34.6	Best:19.68
2024-09-20 16:01:16,959 INFO    : Snapshot:2	0	3	Epoch:11	Loss:2.259	MRR:19.95	Hits@10:34.84	Best:19.95
2024-09-20 16:01:24,707 INFO    : Snapshot:2	1	3	Epoch:12	Loss:2.191	MRR:19.82	Hits@10:34.92	Best:19.95
2024-09-20 16:01:32,699 INFO    : Snapshot:2	0	3	Epoch:13	Loss:2.186	MRR:20.01	Hits@10:35.44	Best:20.01
2024-09-20 16:01:40,553 INFO    : Snapshot:2	0	3	Epoch:14	Loss:2.157	MRR:20.17	Hits@10:35.36	Best:20.17
2024-09-20 16:01:48,377 INFO    : Snapshot:2	0	3	Epoch:15	Loss:2.113	MRR:20.28	Hits@10:35.72	Best:20.28
2024-09-20 16:01:56,107 INFO    : Snapshot:2	1	3	Epoch:16	Loss:2.095	MRR:20.24	Hits@10:35.49	Best:20.28
2024-09-20 16:02:03,776 INFO    : Snapshot:2	0	3	Epoch:17	Loss:2.057	MRR:20.35	Hits@10:35.72	Best:20.35
2024-09-20 16:02:11,484 INFO    : Snapshot:2	1	3	Epoch:18	Loss:2.053	MRR:20.19	Hits@10:35.74	Best:20.35
2024-09-20 16:02:19,259 INFO    : Snapshot:2	0	3	Epoch:19	Loss:2.032	MRR:20.4	Hits@10:35.96	Best:20.4
2024-09-20 16:02:27,079 INFO    : Snapshot:2	0	3	Epoch:20	Loss:2.009	MRR:20.43	Hits@10:35.92	Best:20.43
2024-09-20 16:02:34,789 INFO    : Snapshot:2	0	3	Epoch:21	Loss:1.999	MRR:20.51	Hits@10:36.19	Best:20.51
2024-09-20 16:02:42,881 INFO    : Snapshot:2	1	3	Epoch:22	Loss:1.973	MRR:20.51	Hits@10:36.18	Best:20.51
2024-09-20 16:02:50,673 INFO    : Snapshot:2	0	3	Epoch:23	Loss:1.972	MRR:20.56	Hits@10:36.28	Best:20.56
2024-09-20 16:02:58,447 INFO    : Snapshot:2	1	3	Epoch:24	Loss:1.931	MRR:20.4	Hits@10:36.07	Best:20.56
2024-09-20 16:03:06,276 INFO    : Snapshot:2	2	3	Epoch:25	Loss:1.934	MRR:20.49	Hits@10:36.35	Best:20.56
2024-09-20 16:03:14,011 INFO    : Early Stopping! Snapshot:2 Epoch: 26 Best Results: 20.56
2024-09-20 16:03:14,105 INFO    : => loading checkpoint './checkpoint/ENTITY\2model_best.tar'
2024-09-20 16:03:23,379 INFO    : 
+------------+--------+--------+--------+--------+---------+
| Snapshot:2 |  MRR   | Hits@1 | Hits@3 | Hits@5 | Hits@10 |
+------------+--------+--------+--------+--------+---------+
|     0      | 0.3285 | 0.2086 | 0.3806 | 0.4552 |  0.5588 |
|     1      | 0.2306 | 0.1411 | 0.2548 | 0.3157 |  0.4063 |
|     2      | 0.2059 | 0.1229 | 0.2303 | 0.2848 |  0.3667 |
+------------+--------+--------+--------+--------+---------+
2024-09-20 16:03:40,431 INFO    : Snapshot:3	0	3	Epoch:0	Loss:9.325	MRR:14.39	Hits@10:25.46	Best:14.39
2024-09-20 16:03:49,136 INFO    : Snapshot:3	0	3	Epoch:1	Loss:3.409	MRR:16.5	Hits@10:29.56	Best:16.5
2024-09-20 16:03:58,127 INFO    : Snapshot:3	0	3	Epoch:2	Loss:2.87	MRR:17.22	Hits@10:30.67	Best:17.22
2024-09-20 16:04:06,907 INFO    : Snapshot:3	0	3	Epoch:3	Loss:2.58	MRR:17.92	Hits@10:32.3	Best:17.92
2024-09-20 16:04:15,600 INFO    : Snapshot:3	1	3	Epoch:4	Loss:2.386	MRR:17.89	Hits@10:32.49	Best:17.92
2024-09-20 16:04:24,370 INFO    : Snapshot:3	0	3	Epoch:5	Loss:2.283	MRR:18.07	Hits@10:32.51	Best:18.07
2024-09-20 16:04:32,980 INFO    : Snapshot:3	0	3	Epoch:6	Loss:2.167	MRR:18.54	Hits@10:33.5	Best:18.54
2024-09-20 16:04:41,685 INFO    : Snapshot:3	0	3	Epoch:7	Loss:2.083	MRR:18.57	Hits@10:33.18	Best:18.57
2024-09-20 16:04:50,310 INFO    : Snapshot:3	0	3	Epoch:8	Loss:2.039	MRR:18.81	Hits@10:33.76	Best:18.81
2024-09-20 16:04:59,091 INFO    : Snapshot:3	0	3	Epoch:9	Loss:1.972	MRR:18.86	Hits@10:33.85	Best:18.86
2024-09-20 16:05:07,822 INFO    : Snapshot:3	1	3	Epoch:10	Loss:1.91	MRR:18.85	Hits@10:33.86	Best:18.86
2024-09-20 16:05:16,464 INFO    : Snapshot:3	0	3	Epoch:11	Loss:1.922	MRR:18.98	Hits@10:34.04	Best:18.98
2024-09-20 16:05:25,420 INFO    : Snapshot:3	0	3	Epoch:12	Loss:1.862	MRR:19.22	Hits@10:34.42	Best:19.22
2024-09-20 16:05:34,037 INFO    : Snapshot:3	1	3	Epoch:13	Loss:1.852	MRR:19.13	Hits@10:34.15	Best:19.22
2024-09-20 16:05:42,632 INFO    : Snapshot:3	2	3	Epoch:14	Loss:1.816	MRR:19.15	Hits@10:34.1	Best:19.22
2024-09-20 16:05:51,312 INFO    : Early Stopping! Snapshot:3 Epoch: 15 Best Results: 19.22
2024-09-20 16:05:51,406 INFO    : => loading checkpoint './checkpoint/ENTITY\3model_best.tar'
2024-09-20 16:06:06,161 INFO    : 
+------------+--------+--------+--------+--------+---------+
| Snapshot:3 |  MRR   | Hits@1 | Hits@3 | Hits@5 | Hits@10 |
+------------+--------+--------+--------+--------+---------+
|     0      | 0.3285 | 0.2086 | 0.3806 | 0.4552 |  0.5588 |
|     1      | 0.2306 | 0.1411 | 0.2548 | 0.3157 |  0.4063 |
|     2      | 0.2059 | 0.1229 | 0.2303 | 0.2848 |  0.3667 |
|     3      | 0.1927 | 0.1147 | 0.2144 | 0.2652 |  0.3446 |
+------------+--------+--------+--------+--------+---------+
2024-09-20 16:06:20,927 INFO    : Snapshot:4	0	3	Epoch:0	Loss:6.483	MRR:18.29	Hits@10:30.3	Best:18.29
2024-09-20 16:06:28,015 INFO    : Snapshot:4	0	3	Epoch:1	Loss:1.843	MRR:20.6	Hits@10:34.79	Best:20.6
2024-09-20 16:06:35,141 INFO    : Snapshot:4	0	3	Epoch:2	Loss:1.375	MRR:21.81	Hits@10:36.94	Best:21.81
2024-09-20 16:06:42,344 INFO    : Snapshot:4	0	3	Epoch:3	Loss:1.205	MRR:22.4	Hits@10:38.15	Best:22.4
2024-09-20 16:06:49,450 INFO    : Snapshot:4	0	3	Epoch:4	Loss:1.118	MRR:22.8	Hits@10:39.17	Best:22.8
2024-09-20 16:06:56,763 INFO    : Snapshot:4	1	3	Epoch:5	Loss:1.037	MRR:22.79	Hits@10:39.54	Best:22.8
2024-09-20 16:07:03,908 INFO    : Snapshot:4	0	3	Epoch:6	Loss:0.995	MRR:23.01	Hits@10:40.0	Best:23.01
2024-09-20 16:07:10,924 INFO    : Snapshot:4	0	3	Epoch:7	Loss:0.948	MRR:23.06	Hits@10:40.16	Best:23.06
2024-09-20 16:07:17,973 INFO    : Snapshot:4	0	3	Epoch:8	Loss:0.944	MRR:23.34	Hits@10:40.39	Best:23.34
2024-09-20 16:07:24,974 INFO    : Snapshot:4	0	3	Epoch:9	Loss:0.895	MRR:23.53	Hits@10:40.76	Best:23.53
2024-09-20 16:07:32,076 INFO    : Snapshot:4	1	3	Epoch:10	Loss:0.879	MRR:23.17	Hits@10:40.65	Best:23.53
2024-09-20 16:07:39,075 INFO    : Snapshot:4	2	3	Epoch:11	Loss:0.854	MRR:23.2	Hits@10:40.47	Best:23.53
2024-09-20 16:07:46,141 INFO    : Snapshot:4	0	3	Epoch:12	Loss:0.84	MRR:23.58	Hits@10:40.75	Best:23.58
2024-09-20 16:07:53,313 INFO    : Snapshot:4	0	3	Epoch:13	Loss:0.82	MRR:23.67	Hits@10:41.24	Best:23.67
2024-09-20 16:08:00,331 INFO    : Snapshot:4	1	3	Epoch:14	Loss:0.791	MRR:23.6	Hits@10:41.33	Best:23.67
2024-09-20 16:08:07,384 INFO    : Snapshot:4	2	3	Epoch:15	Loss:0.794	MRR:23.55	Hits@10:41.2	Best:23.67
2024-09-20 16:08:14,453 INFO    : Early Stopping! Snapshot:4 Epoch: 16 Best Results: 23.67
2024-09-20 16:08:14,546 INFO    : => loading checkpoint './checkpoint/ENTITY\4model_best.tar'
2024-09-20 16:08:34,495 INFO    : 
+------------+--------+--------+--------+--------+---------+
| Snapshot:4 |  MRR   | Hits@1 | Hits@3 | Hits@5 | Hits@10 |
+------------+--------+--------+--------+--------+---------+
|     0      | 0.3285 | 0.2086 | 0.3806 | 0.4552 |  0.5588 |
|     1      | 0.2306 | 0.1411 | 0.2548 | 0.3157 |  0.4063 |
|     2      | 0.2059 | 0.1229 | 0.2303 | 0.2848 |  0.3667 |
|     3      | 0.1927 | 0.1147 | 0.2144 | 0.2652 |  0.3446 |
|     4      | 0.2386 | 0.1457 | 0.2762 | 0.3368 |  0.4157 |
+------------+--------+--------+--------+--------+---------+
2024-09-20 16:08:34,496 INFO    : Final Result:
[+------------+--------+--------+--------+--------+---------+
| Snapshot:0 |  MRR   | Hits@1 | Hits@3 | Hits@5 | Hits@10 |
+------------+--------+--------+--------+--------+---------+
|     0      | 0.3285 | 0.2086 | 0.3806 | 0.4552 |  0.5588 |
+------------+--------+--------+--------+--------+---------+, +------------+--------+--------+--------+--------+---------+
| Snapshot:1 |  MRR   | Hits@1 | Hits@3 | Hits@5 | Hits@10 |
+------------+--------+--------+--------+--------+---------+
|     0      | 0.3285 | 0.2086 | 0.3806 | 0.4552 |  0.5588 |
|     1      | 0.2306 | 0.1411 | 0.2548 | 0.3157 |  0.4063 |
+------------+--------+--------+--------+--------+---------+, +------------+--------+--------+--------+--------+---------+
| Snapshot:2 |  MRR   | Hits@1 | Hits@3 | Hits@5 | Hits@10 |
+------------+--------+--------+--------+--------+---------+
|     0      | 0.3285 | 0.2086 | 0.3806 | 0.4552 |  0.5588 |
|     1      | 0.2306 | 0.1411 | 0.2548 | 0.3157 |  0.4063 |
|     2      | 0.2059 | 0.1229 | 0.2303 | 0.2848 |  0.3667 |
+------------+--------+--------+--------+--------+---------+, +------------+--------+--------+--------+--------+---------+
| Snapshot:3 |  MRR   | Hits@1 | Hits@3 | Hits@5 | Hits@10 |
+------------+--------+--------+--------+--------+---------+
|     0      | 0.3285 | 0.2086 | 0.3806 | 0.4552 |  0.5588 |
|     1      | 0.2306 | 0.1411 | 0.2548 | 0.3157 |  0.4063 |
|     2      | 0.2059 | 0.1229 | 0.2303 | 0.2848 |  0.3667 |
|     3      | 0.1927 | 0.1147 | 0.2144 | 0.2652 |  0.3446 |
+------------+--------+--------+--------+--------+---------+, +------------+--------+--------+--------+--------+---------+
| Snapshot:4 |  MRR   | Hits@1 | Hits@3 | Hits@5 | Hits@10 |
+------------+--------+--------+--------+--------+---------+
|     0      | 0.3285 | 0.2086 | 0.3806 | 0.4552 |  0.5588 |
|     1      | 0.2306 | 0.1411 | 0.2548 | 0.3157 |  0.4063 |
|     2      | 0.2059 | 0.1229 | 0.2303 | 0.2848 |  0.3667 |
|     3      | 0.1927 | 0.1147 | 0.2144 | 0.2652 |  0.3446 |
|     4      | 0.2386 | 0.1457 | 0.2762 | 0.3368 |  0.4157 |
+------------+--------+--------+--------+--------+---------+]
2024-09-20 16:08:34,497 INFO    : Report Result:
+----------+--------------------+-----------+--------------+--------------+---------------+
| Snapshot |        Time        | Whole_MRR | Whole_Hits@1 | Whole_Hits@3 | Whole_Hits@10 |
+----------+--------------------+-----------+--------------+--------------+---------------+
|    0     | 42.107404947280884 |   0.329   |    0.209     |    0.381     |     0.559     |
|    1     | 210.30128574371338 |   0.269   |    0.168     |    0.304     |     0.466     |
|    2     | 214.3495738506317  |   0.245   |     0.15     |    0.276     |     0.428     |
|    3     | 142.53805303573608 |   0.231   |    0.141     |    0.259     |     0.406     |
|    4     | 123.31013417243958 |   0.232   |    0.142     |    0.262     |     0.407     |
+----------+--------------------+-----------+--------------+--------------+---------------+
2024-09-20 16:08:34,497 INFO    : Sum_Training_Time:732.6064517498016
2024-09-20 16:08:34,497 INFO    : Every_Training_Time:[42.107404947280884, 210.30128574371338, 214.3495738506317, 142.53805303573608, 123.31013417243958]
2024-09-20 16:08:34,497 INFO    : Forward transfer: 0.038875 Backward transfer: 0.0
