2025-01-02 12:46:42,564 INFO    : Namespace(batch_size=1024, data_path='./data/FB_CKGE/', dataset='FB_CKGE', debug=False, device=device(type='cuda', index=0), emb_dim=200, ent_r='200', epoch_num=200, explore=False, gpu='0', l2=0.0, learning_rate='5e-2', log_path='./logs/FB_CKGE 200 20 5e-2 1024/FB_CKGE 20250102124631', logger=<RootLogger root (INFO)>, margin=8.0, model_name='LoraKGE_Layers', multi_layers_path='train_sorted_by_edges_betweenness.txt', neg_ratio=10, note='', num_ent_layers='20', num_layer=1, num_rel_layers='20', patience='10', predict_result=False, r=100, r_fixed=True, random_seed=3407, record=False, rel_r='200', save_path='./checkpoint/FB_CKGE', skip_previous='False', snapshot_num=5, train_new=True, using_multi_layers=False, using_various_ranks='True', using_various_ranks_reverse=False, valid_metrics='mrr')
2025-01-02 12:47:02,633 INFO    : Snapshot:0	0	10	Epoch:0	Loss:78.593	MRR:23.78	Hits@10:44.14	Best:23.78
2025-01-02 12:47:19,557 INFO    : Snapshot:0	0	10	Epoch:1	Loss:12.673	MRR:24.39	Hits@10:44.33	Best:24.39
2025-01-02 12:47:36,414 INFO    : Snapshot:0	1	10	Epoch:2	Loss:5.937	MRR:23.8	Hits@10:43.46	Best:24.39
2025-01-02 12:47:53,240 INFO    : Snapshot:0	2	10	Epoch:3	Loss:4.282	MRR:23.35	Hits@10:42.94	Best:24.39
2025-01-02 12:48:10,317 INFO    : Snapshot:0	3	10	Epoch:4	Loss:3.596	MRR:23.23	Hits@10:42.83	Best:24.39
2025-01-02 12:48:27,221 INFO    : Snapshot:0	4	10	Epoch:5	Loss:3.147	MRR:22.85	Hits@10:42.14	Best:24.39
2025-01-02 12:48:44,001 INFO    : Snapshot:0	5	10	Epoch:6	Loss:2.855	MRR:22.59	Hits@10:41.92	Best:24.39
2025-01-02 12:49:01,110 INFO    : Snapshot:0	6	10	Epoch:7	Loss:2.702	MRR:22.72	Hits@10:41.71	Best:24.39
2025-01-02 12:49:17,871 INFO    : Snapshot:0	7	10	Epoch:8	Loss:2.507	MRR:22.76	Hits@10:41.9	Best:24.39
2025-01-02 12:49:34,838 INFO    : Snapshot:0	8	10	Epoch:9	Loss:2.373	MRR:22.59	Hits@10:41.5	Best:24.39
2025-01-02 12:49:52,026 INFO    : Snapshot:0	9	10	Epoch:10	Loss:2.295	MRR:22.3	Hits@10:41.4	Best:24.39
2025-01-02 12:50:09,040 INFO    : Early Stopping! Snapshot:0 Epoch: 11 Best Results: 24.39
2025-01-02 12:50:09,170 INFO    : => loading checkpoint './checkpoint/FB_CKGE\0model_best.tar'
2025-01-02 12:50:18,071 INFO    : 
+------------+--------+--------+--------+--------+---------+
| Snapshot:0 |  MRR   | Hits@1 | Hits@3 | Hits@5 | Hits@10 |
+------------+--------+--------+--------+--------+---------+
|     0      | 0.2428 |  0.14  | 0.2833 | 0.3539 |  0.4437 |
+------------+--------+--------+--------+--------+---------+
2025-01-02 12:50:28,438 INFO    : Snapshot:1	0	10	Epoch:0	Loss:12.602	MRR:10.27	Hits@10:18.48	Best:10.27
2025-01-02 12:50:32,545 INFO    : Snapshot:1	0	10	Epoch:1	Loss:3.324	MRR:12.04	Hits@10:22.23	Best:12.04
2025-01-02 12:50:36,731 INFO    : Snapshot:1	0	10	Epoch:2	Loss:2.127	MRR:13.13	Hits@10:24.12	Best:13.13
2025-01-02 12:50:40,946 INFO    : Snapshot:1	0	10	Epoch:3	Loss:1.673	MRR:13.71	Hits@10:25.39	Best:13.71
2025-01-02 12:50:45,311 INFO    : Snapshot:1	0	10	Epoch:4	Loss:1.391	MRR:14.19	Hits@10:26.43	Best:14.19
2025-01-02 12:50:49,712 INFO    : Snapshot:1	0	10	Epoch:5	Loss:1.194	MRR:14.59	Hits@10:27.21	Best:14.59
2025-01-02 12:50:53,987 INFO    : Snapshot:1	0	10	Epoch:6	Loss:1.101	MRR:14.78	Hits@10:27.72	Best:14.78
2025-01-02 12:50:58,299 INFO    : Snapshot:1	0	10	Epoch:7	Loss:0.995	MRR:14.99	Hits@10:28.24	Best:14.99
2025-01-02 12:51:02,584 INFO    : Snapshot:1	0	10	Epoch:8	Loss:0.926	MRR:15.27	Hits@10:28.65	Best:15.27
2025-01-02 12:51:06,882 INFO    : Snapshot:1	1	10	Epoch:9	Loss:0.864	MRR:15.08	Hits@10:28.71	Best:15.27
2025-01-02 12:51:11,192 INFO    : Snapshot:1	0	10	Epoch:10	Loss:0.847	MRR:15.34	Hits@10:28.6	Best:15.34
2025-01-02 12:51:15,442 INFO    : Snapshot:1	0	10	Epoch:11	Loss:0.767	MRR:15.43	Hits@10:28.79	Best:15.43
2025-01-02 12:51:19,907 INFO    : Snapshot:1	0	10	Epoch:12	Loss:0.745	MRR:15.47	Hits@10:28.96	Best:15.47
2025-01-02 12:51:24,120 INFO    : Snapshot:1	1	10	Epoch:13	Loss:0.717	MRR:15.46	Hits@10:29.1	Best:15.47
2025-01-02 12:51:28,370 INFO    : Snapshot:1	0	10	Epoch:14	Loss:0.694	MRR:15.67	Hits@10:29.52	Best:15.67
2025-01-02 12:51:32,846 INFO    : Snapshot:1	0	10	Epoch:15	Loss:0.68	MRR:15.83	Hits@10:29.72	Best:15.83
2025-01-02 12:51:37,478 INFO    : Snapshot:1	0	10	Epoch:16	Loss:0.665	MRR:15.92	Hits@10:29.97	Best:15.92
2025-01-02 12:51:41,768 INFO    : Snapshot:1	1	10	Epoch:17	Loss:0.625	MRR:15.84	Hits@10:30.06	Best:15.92
2025-01-02 12:51:46,020 INFO    : Snapshot:1	2	10	Epoch:18	Loss:0.619	MRR:15.85	Hits@10:29.85	Best:15.92
2025-01-02 12:51:50,410 INFO    : Snapshot:1	0	10	Epoch:19	Loss:0.603	MRR:15.95	Hits@10:30.19	Best:15.95
2025-01-02 12:51:54,770 INFO    : Snapshot:1	0	10	Epoch:20	Loss:0.601	MRR:16.01	Hits@10:30.12	Best:16.01
2025-01-02 12:51:59,100 INFO    : Snapshot:1	0	10	Epoch:21	Loss:0.577	MRR:16.11	Hits@10:30.14	Best:16.11
2025-01-02 12:52:03,459 INFO    : Snapshot:1	1	10	Epoch:22	Loss:0.565	MRR:16.06	Hits@10:30.3	Best:16.11
2025-01-02 12:52:07,798 INFO    : Snapshot:1	2	10	Epoch:23	Loss:0.554	MRR:16.07	Hits@10:30.11	Best:16.11
2025-01-02 12:52:12,164 INFO    : Snapshot:1	3	10	Epoch:24	Loss:0.549	MRR:16.08	Hits@10:30.13	Best:16.11
2025-01-02 12:52:16,419 INFO    : Snapshot:1	0	10	Epoch:25	Loss:0.536	MRR:16.14	Hits@10:30.38	Best:16.14
2025-01-02 12:52:20,688 INFO    : Snapshot:1	1	10	Epoch:26	Loss:0.537	MRR:16.04	Hits@10:30.1	Best:16.14
2025-01-02 12:52:25,032 INFO    : Snapshot:1	2	10	Epoch:27	Loss:0.531	MRR:16.0	Hits@10:30.38	Best:16.14
2025-01-02 12:52:29,413 INFO    : Snapshot:1	3	10	Epoch:28	Loss:0.509	MRR:16.08	Hits@10:30.39	Best:16.14
2025-01-02 12:52:33,712 INFO    : Snapshot:1	0	10	Epoch:29	Loss:0.521	MRR:16.19	Hits@10:30.42	Best:16.19
2025-01-02 12:52:37,901 INFO    : Snapshot:1	1	10	Epoch:30	Loss:0.515	MRR:16.06	Hits@10:30.35	Best:16.19
2025-01-02 12:52:42,094 INFO    : Snapshot:1	2	10	Epoch:31	Loss:0.511	MRR:16.08	Hits@10:30.32	Best:16.19
2025-01-02 12:52:46,308 INFO    : Snapshot:1	0	10	Epoch:32	Loss:0.485	MRR:16.22	Hits@10:30.51	Best:16.22
2025-01-02 12:52:50,572 INFO    : Snapshot:1	0	10	Epoch:33	Loss:0.513	MRR:16.33	Hits@10:30.56	Best:16.33
2025-01-02 12:52:54,788 INFO    : Snapshot:1	1	10	Epoch:34	Loss:0.485	MRR:16.32	Hits@10:30.72	Best:16.33
2025-01-02 12:52:58,978 INFO    : Snapshot:1	2	10	Epoch:35	Loss:0.483	MRR:16.2	Hits@10:30.67	Best:16.33
2025-01-02 12:53:03,208 INFO    : Snapshot:1	0	10	Epoch:36	Loss:0.49	MRR:16.44	Hits@10:30.87	Best:16.44
2025-01-02 12:53:07,425 INFO    : Snapshot:1	1	10	Epoch:37	Loss:0.482	MRR:16.41	Hits@10:30.95	Best:16.44
2025-01-02 12:53:11,628 INFO    : Snapshot:1	2	10	Epoch:38	Loss:0.477	MRR:16.31	Hits@10:30.75	Best:16.44
2025-01-02 12:53:16,165 INFO    : Snapshot:1	3	10	Epoch:39	Loss:0.471	MRR:16.38	Hits@10:30.7	Best:16.44
2025-01-02 12:53:20,523 INFO    : Snapshot:1	4	10	Epoch:40	Loss:0.472	MRR:16.35	Hits@10:30.76	Best:16.44
2025-01-02 12:53:25,218 INFO    : Snapshot:1	0	10	Epoch:41	Loss:0.467	MRR:16.51	Hits@10:30.91	Best:16.51
2025-01-02 12:53:29,433 INFO    : Snapshot:1	0	10	Epoch:42	Loss:0.45	MRR:16.62	Hits@10:31.24	Best:16.62
2025-01-02 12:53:33,749 INFO    : Snapshot:1	1	10	Epoch:43	Loss:0.439	MRR:16.48	Hits@10:31.04	Best:16.62
2025-01-02 12:53:38,766 INFO    : Snapshot:1	0	10	Epoch:44	Loss:0.439	MRR:16.64	Hits@10:31.12	Best:16.64
2025-01-02 12:53:43,650 INFO    : Snapshot:1	0	10	Epoch:45	Loss:0.437	MRR:16.69	Hits@10:31.01	Best:16.69
2025-01-02 12:53:48,434 INFO    : Snapshot:1	1	10	Epoch:46	Loss:0.442	MRR:16.45	Hits@10:30.93	Best:16.69
2025-01-02 12:53:53,251 INFO    : Snapshot:1	2	10	Epoch:47	Loss:0.439	MRR:16.51	Hits@10:31.0	Best:16.69
2025-01-02 12:53:58,007 INFO    : Snapshot:1	3	10	Epoch:48	Loss:0.446	MRR:16.55	Hits@10:31.12	Best:16.69
2025-01-02 12:54:02,784 INFO    : Snapshot:1	4	10	Epoch:49	Loss:0.452	MRR:16.49	Hits@10:30.98	Best:16.69
2025-01-02 12:54:07,618 INFO    : Snapshot:1	0	10	Epoch:50	Loss:0.433	MRR:16.7	Hits@10:31.04	Best:16.7
2025-01-02 12:54:12,703 INFO    : Snapshot:1	0	10	Epoch:51	Loss:0.445	MRR:16.76	Hits@10:31.3	Best:16.76
2025-01-02 12:54:17,786 INFO    : Snapshot:1	1	10	Epoch:52	Loss:0.441	MRR:16.69	Hits@10:31.51	Best:16.76
2025-01-02 12:54:22,621 INFO    : Snapshot:1	2	10	Epoch:53	Loss:0.431	MRR:16.51	Hits@10:31.11	Best:16.76
2025-01-02 12:54:27,332 INFO    : Snapshot:1	3	10	Epoch:54	Loss:0.421	MRR:16.6	Hits@10:31.3	Best:16.76
2025-01-02 12:54:32,371 INFO    : Snapshot:1	4	10	Epoch:55	Loss:0.424	MRR:16.59	Hits@10:31.26	Best:16.76
2025-01-02 12:54:37,141 INFO    : Snapshot:1	5	10	Epoch:56	Loss:0.416	MRR:16.71	Hits@10:31.5	Best:16.76
2025-01-02 12:54:42,289 INFO    : Snapshot:1	6	10	Epoch:57	Loss:0.425	MRR:16.64	Hits@10:31.33	Best:16.76
2025-01-02 12:54:47,214 INFO    : Snapshot:1	7	10	Epoch:58	Loss:0.43	MRR:16.65	Hits@10:31.32	Best:16.76
2025-01-02 12:54:52,236 INFO    : Snapshot:1	8	10	Epoch:59	Loss:0.427	MRR:16.62	Hits@10:31.4	Best:16.76
2025-01-02 12:54:57,073 INFO    : Snapshot:1	9	10	Epoch:60	Loss:0.413	MRR:16.61	Hits@10:31.23	Best:16.76
2025-01-02 12:55:01,929 INFO    : Early Stopping! Snapshot:1 Epoch: 61 Best Results: 16.76
2025-01-02 12:55:02,054 INFO    : => loading checkpoint './checkpoint/FB_CKGE\1model_best.tar'
2025-01-02 12:55:16,054 INFO    : 
+------------+--------+--------+--------+--------+---------+
| Snapshot:1 |  MRR   | Hits@1 | Hits@3 | Hits@5 | Hits@10 |
+------------+--------+--------+--------+--------+---------+
|     0      | 0.2428 |  0.14  | 0.2833 | 0.3539 |  0.4437 |
|     1      | 0.1773 | 0.1037 | 0.1962 | 0.2474 |  0.3203 |
+------------+--------+--------+--------+--------+---------+
2025-01-02 12:55:27,738 INFO    : Snapshot:2	0	10	Epoch:0	Loss:8.529	MRR:17.08	Hits@10:30.18	Best:17.08
2025-01-02 12:55:32,993 INFO    : Snapshot:2	0	10	Epoch:1	Loss:3.264	MRR:17.33	Hits@10:30.61	Best:17.33
2025-01-02 12:55:38,545 INFO    : Snapshot:2	0	10	Epoch:2	Loss:2.546	MRR:17.54	Hits@10:30.87	Best:17.54
2025-01-02 12:55:43,945 INFO    : Snapshot:2	0	10	Epoch:3	Loss:2.258	MRR:17.65	Hits@10:31.12	Best:17.65
2025-01-02 12:55:49,004 INFO    : Snapshot:2	0	10	Epoch:4	Loss:2.112	MRR:17.66	Hits@10:31.19	Best:17.66
2025-01-02 12:55:54,104 INFO    : Snapshot:2	1	10	Epoch:5	Loss:1.992	MRR:17.63	Hits@10:31.1	Best:17.66
2025-01-02 12:55:59,037 INFO    : Snapshot:2	0	10	Epoch:6	Loss:1.934	MRR:17.7	Hits@10:31.34	Best:17.7
2025-01-02 12:56:04,397 INFO    : Snapshot:2	0	10	Epoch:7	Loss:1.861	MRR:17.73	Hits@10:31.35	Best:17.73
2025-01-02 12:56:09,763 INFO    : Snapshot:2	0	10	Epoch:8	Loss:1.849	MRR:17.83	Hits@10:31.47	Best:17.83
2025-01-02 12:56:14,810 INFO    : Snapshot:2	1	10	Epoch:9	Loss:1.78	MRR:17.83	Hits@10:31.59	Best:17.83
2025-01-02 12:56:19,741 INFO    : Snapshot:2	0	10	Epoch:10	Loss:1.771	MRR:17.87	Hits@10:31.49	Best:17.87
2025-01-02 12:56:24,874 INFO    : Snapshot:2	0	10	Epoch:11	Loss:1.751	MRR:17.93	Hits@10:31.64	Best:17.93
2025-01-02 12:56:29,901 INFO    : Snapshot:2	1	10	Epoch:12	Loss:1.72	MRR:17.91	Hits@10:31.59	Best:17.93
2025-01-02 12:56:35,503 INFO    : Snapshot:2	2	10	Epoch:13	Loss:1.716	MRR:17.89	Hits@10:31.47	Best:17.93
2025-01-02 12:56:40,827 INFO    : Snapshot:2	3	10	Epoch:14	Loss:1.707	MRR:17.91	Hits@10:31.51	Best:17.93
2025-01-02 12:56:45,622 INFO    : Snapshot:2	4	10	Epoch:15	Loss:1.681	MRR:17.91	Hits@10:31.53	Best:17.93
2025-01-02 12:56:50,810 INFO    : Snapshot:2	5	10	Epoch:16	Loss:1.677	MRR:17.9	Hits@10:31.52	Best:17.93
2025-01-02 12:56:55,857 INFO    : Snapshot:2	6	10	Epoch:17	Loss:1.666	MRR:17.91	Hits@10:31.58	Best:17.93
2025-01-02 12:57:00,673 INFO    : Snapshot:2	7	10	Epoch:18	Loss:1.637	MRR:17.92	Hits@10:31.53	Best:17.93
2025-01-02 12:57:05,715 INFO    : Snapshot:2	8	10	Epoch:19	Loss:1.636	MRR:17.91	Hits@10:31.64	Best:17.93
2025-01-02 12:57:10,782 INFO    : Snapshot:2	0	10	Epoch:20	Loss:1.625	MRR:17.98	Hits@10:31.61	Best:17.98
2025-01-02 12:57:15,800 INFO    : Snapshot:2	1	10	Epoch:21	Loss:1.634	MRR:17.97	Hits@10:31.6	Best:17.98
2025-01-02 12:57:20,719 INFO    : Snapshot:2	0	10	Epoch:22	Loss:1.617	MRR:18.0	Hits@10:31.63	Best:18.0
2025-01-02 12:57:25,716 INFO    : Snapshot:2	1	10	Epoch:23	Loss:1.611	MRR:17.97	Hits@10:31.58	Best:18.0
2025-01-02 12:57:31,041 INFO    : Snapshot:2	2	10	Epoch:24	Loss:1.622	MRR:17.99	Hits@10:31.69	Best:18.0
2025-01-02 12:57:36,795 INFO    : Snapshot:2	0	10	Epoch:25	Loss:1.614	MRR:18.03	Hits@10:31.7	Best:18.03
2025-01-02 12:57:42,152 INFO    : Snapshot:2	0	10	Epoch:26	Loss:1.606	MRR:18.04	Hits@10:31.64	Best:18.04
2025-01-02 12:57:46,759 INFO    : Snapshot:2	1	10	Epoch:27	Loss:1.602	MRR:17.96	Hits@10:31.62	Best:18.04
2025-01-02 12:57:51,348 INFO    : Snapshot:2	0	10	Epoch:28	Loss:1.595	MRR:18.05	Hits@10:31.71	Best:18.05
2025-01-02 12:57:56,146 INFO    : Snapshot:2	1	10	Epoch:29	Loss:1.593	MRR:18.03	Hits@10:31.57	Best:18.05
2025-01-02 12:58:00,749 INFO    : Snapshot:2	2	10	Epoch:30	Loss:1.569	MRR:17.99	Hits@10:31.46	Best:18.05
2025-01-02 12:58:05,459 INFO    : Snapshot:2	3	10	Epoch:31	Loss:1.579	MRR:17.97	Hits@10:31.49	Best:18.05
2025-01-02 12:58:10,197 INFO    : Snapshot:2	4	10	Epoch:32	Loss:1.572	MRR:17.98	Hits@10:31.57	Best:18.05
2025-01-02 12:58:14,930 INFO    : Snapshot:2	5	10	Epoch:33	Loss:1.568	MRR:18.04	Hits@10:31.65	Best:18.05
2025-01-02 12:58:19,831 INFO    : Snapshot:2	6	10	Epoch:34	Loss:1.581	MRR:18.0	Hits@10:31.59	Best:18.05
2025-01-02 12:58:24,823 INFO    : Snapshot:2	0	10	Epoch:35	Loss:1.564	MRR:18.08	Hits@10:31.63	Best:18.08
2025-01-02 12:58:29,558 INFO    : Snapshot:2	1	10	Epoch:36	Loss:1.568	MRR:18.05	Hits@10:31.48	Best:18.08
2025-01-02 12:58:34,183 INFO    : Snapshot:2	0	10	Epoch:37	Loss:1.565	MRR:18.09	Hits@10:31.65	Best:18.09
2025-01-02 12:58:38,737 INFO    : Snapshot:2	1	10	Epoch:38	Loss:1.556	MRR:18.02	Hits@10:31.82	Best:18.09
2025-01-02 12:58:43,297 INFO    : Snapshot:2	2	10	Epoch:39	Loss:1.544	MRR:18.04	Hits@10:31.67	Best:18.09
2025-01-02 12:58:47,932 INFO    : Snapshot:2	3	10	Epoch:40	Loss:1.561	MRR:18.09	Hits@10:31.77	Best:18.09
2025-01-02 12:58:52,508 INFO    : Snapshot:2	4	10	Epoch:41	Loss:1.567	MRR:18.03	Hits@10:31.76	Best:18.09
2025-01-02 12:58:57,101 INFO    : Snapshot:2	5	10	Epoch:42	Loss:1.544	MRR:18.04	Hits@10:31.63	Best:18.09
2025-01-02 12:59:01,686 INFO    : Snapshot:2	6	10	Epoch:43	Loss:1.558	MRR:18.02	Hits@10:31.63	Best:18.09
2025-01-02 12:59:06,417 INFO    : Snapshot:2	0	10	Epoch:44	Loss:1.547	MRR:18.11	Hits@10:31.81	Best:18.11
2025-01-02 12:59:11,198 INFO    : Snapshot:2	0	10	Epoch:45	Loss:1.539	MRR:18.15	Hits@10:31.72	Best:18.15
2025-01-02 12:59:15,879 INFO    : Snapshot:2	1	10	Epoch:46	Loss:1.553	MRR:18.06	Hits@10:31.73	Best:18.15
2025-01-02 12:59:20,509 INFO    : Snapshot:2	2	10	Epoch:47	Loss:1.538	MRR:18.09	Hits@10:31.63	Best:18.15
2025-01-02 12:59:25,208 INFO    : Snapshot:2	3	10	Epoch:48	Loss:1.551	MRR:18.02	Hits@10:31.69	Best:18.15
2025-01-02 12:59:29,843 INFO    : Snapshot:2	4	10	Epoch:49	Loss:1.555	MRR:18.04	Hits@10:31.61	Best:18.15
2025-01-02 12:59:34,441 INFO    : Snapshot:2	5	10	Epoch:50	Loss:1.533	MRR:17.95	Hits@10:31.72	Best:18.15
2025-01-02 12:59:39,022 INFO    : Snapshot:2	6	10	Epoch:51	Loss:1.556	MRR:18.12	Hits@10:31.68	Best:18.15
2025-01-02 12:59:43,886 INFO    : Snapshot:2	7	10	Epoch:52	Loss:1.549	MRR:17.99	Hits@10:31.68	Best:18.15
2025-01-02 12:59:48,440 INFO    : Snapshot:2	8	10	Epoch:53	Loss:1.529	MRR:18.05	Hits@10:31.72	Best:18.15
2025-01-02 12:59:53,121 INFO    : Snapshot:2	9	10	Epoch:54	Loss:1.515	MRR:18.08	Hits@10:31.69	Best:18.15
2025-01-02 12:59:57,721 INFO    : Early Stopping! Snapshot:2 Epoch: 55 Best Results: 18.15
2025-01-02 12:59:57,852 INFO    : => loading checkpoint './checkpoint/FB_CKGE\2model_best.tar'
2025-01-02 13:00:13,723 INFO    : 
+------------+--------+--------+--------+--------+---------+
| Snapshot:2 |  MRR   | Hits@1 | Hits@3 | Hits@5 | Hits@10 |
+------------+--------+--------+--------+--------+---------+
|     0      | 0.2428 |  0.14  | 0.2833 | 0.3539 |  0.4437 |
|     1      | 0.1773 | 0.1037 | 0.1962 | 0.2474 |  0.3203 |
|     2      | 0.1802 | 0.1086 | 0.1995 | 0.2489 |  0.3206 |
+------------+--------+--------+--------+--------+---------+
2025-01-02 13:00:25,221 INFO    : Snapshot:3	0	10	Epoch:0	Loss:5.431	MRR:18.96	Hits@10:33.01	Best:18.96
2025-01-02 13:00:30,088 INFO    : Snapshot:3	0	10	Epoch:1	Loss:3.102	MRR:19.06	Hits@10:33.1	Best:19.06
2025-01-02 13:00:34,987 INFO    : Snapshot:3	1	10	Epoch:2	Loss:2.693	MRR:19.04	Hits@10:33.22	Best:19.06
2025-01-02 13:00:39,807 INFO    : Snapshot:3	0	10	Epoch:3	Loss:2.56	MRR:19.09	Hits@10:33.29	Best:19.09
2025-01-02 13:00:44,642 INFO    : Snapshot:3	1	10	Epoch:4	Loss:2.492	MRR:19.07	Hits@10:33.28	Best:19.09
2025-01-02 13:00:49,626 INFO    : Snapshot:3	0	10	Epoch:5	Loss:2.427	MRR:19.12	Hits@10:33.39	Best:19.12
2025-01-02 13:00:54,561 INFO    : Snapshot:3	0	10	Epoch:6	Loss:2.414	MRR:19.15	Hits@10:33.45	Best:19.15
2025-01-02 13:00:59,440 INFO    : Snapshot:3	1	10	Epoch:7	Loss:2.43	MRR:19.13	Hits@10:33.31	Best:19.15
2025-01-02 13:01:04,348 INFO    : Snapshot:3	0	10	Epoch:8	Loss:2.396	MRR:19.16	Hits@10:33.38	Best:19.16
2025-01-02 13:01:09,191 INFO    : Snapshot:3	1	10	Epoch:9	Loss:2.383	MRR:19.12	Hits@10:33.38	Best:19.16
2025-01-02 13:01:14,057 INFO    : Snapshot:3	2	10	Epoch:10	Loss:2.352	MRR:19.1	Hits@10:33.41	Best:19.16
2025-01-02 13:01:19,003 INFO    : Snapshot:3	3	10	Epoch:11	Loss:2.348	MRR:19.1	Hits@10:33.35	Best:19.16
2025-01-02 13:01:23,811 INFO    : Snapshot:3	4	10	Epoch:12	Loss:2.34	MRR:19.14	Hits@10:33.35	Best:19.16
2025-01-02 13:01:28,736 INFO    : Snapshot:3	5	10	Epoch:13	Loss:2.346	MRR:19.14	Hits@10:33.34	Best:19.16
2025-01-02 13:01:33,716 INFO    : Snapshot:3	6	10	Epoch:14	Loss:2.325	MRR:19.15	Hits@10:33.35	Best:19.16
2025-01-02 13:01:38,551 INFO    : Snapshot:3	7	10	Epoch:15	Loss:2.325	MRR:19.16	Hits@10:33.38	Best:19.16
2025-01-02 13:01:43,409 INFO    : Snapshot:3	8	10	Epoch:16	Loss:2.332	MRR:19.15	Hits@10:33.46	Best:19.16
2025-01-02 13:01:48,369 INFO    : Snapshot:3	9	10	Epoch:17	Loss:2.325	MRR:19.13	Hits@10:33.39	Best:19.16
2025-01-02 13:01:53,330 INFO    : Early Stopping! Snapshot:3 Epoch: 18 Best Results: 19.16
2025-01-02 13:01:53,457 INFO    : => loading checkpoint './checkpoint/FB_CKGE\3model_best.tar'
2025-01-02 13:02:12,990 INFO    : 
+------------+--------+--------+--------+--------+---------+
| Snapshot:3 |  MRR   | Hits@1 | Hits@3 | Hits@5 | Hits@10 |
+------------+--------+--------+--------+--------+---------+
|     0      | 0.2428 |  0.14  | 0.2833 | 0.3539 |  0.4437 |
|     1      | 0.1773 | 0.1037 | 0.1962 | 0.2474 |  0.3203 |
|     2      | 0.1802 | 0.1086 | 0.1995 | 0.2489 |  0.3206 |
|     3      | 0.1894 | 0.1165 | 0.2144 | 0.2629 |  0.328  |
+------------+--------+--------+--------+--------+---------+
2025-01-02 13:02:24,982 INFO    : Snapshot:4	0	10	Epoch:0	Loss:3.681	MRR:20.18	Hits@10:33.18	Best:20.18
2025-01-02 13:02:30,266 INFO    : Snapshot:4	0	10	Epoch:1	Loss:3.019	MRR:20.19	Hits@10:33.21	Best:20.19
2025-01-02 13:02:35,269 INFO    : Snapshot:4	0	10	Epoch:2	Loss:2.836	MRR:20.2	Hits@10:33.21	Best:20.2
2025-01-02 13:02:40,334 INFO    : Snapshot:4	1	10	Epoch:3	Loss:2.781	MRR:20.19	Hits@10:33.19	Best:20.2
2025-01-02 13:02:45,351 INFO    : Snapshot:4	2	10	Epoch:4	Loss:2.764	MRR:20.2	Hits@10:33.22	Best:20.2
2025-01-02 13:02:50,368 INFO    : Snapshot:4	3	10	Epoch:5	Loss:2.745	MRR:20.2	Hits@10:33.25	Best:20.2
2025-01-02 13:02:55,411 INFO    : Snapshot:4	0	10	Epoch:6	Loss:2.738	MRR:20.22	Hits@10:33.24	Best:20.22
2025-01-02 13:03:00,434 INFO    : Snapshot:4	0	10	Epoch:7	Loss:2.738	MRR:20.23	Hits@10:33.27	Best:20.23
2025-01-02 13:03:05,507 INFO    : Snapshot:4	1	10	Epoch:8	Loss:2.735	MRR:20.23	Hits@10:33.25	Best:20.23
2025-01-02 13:03:10,567 INFO    : Snapshot:4	0	10	Epoch:9	Loss:2.744	MRR:20.24	Hits@10:33.26	Best:20.24
2025-01-02 13:03:15,619 INFO    : Snapshot:4	1	10	Epoch:10	Loss:2.739	MRR:20.22	Hits@10:33.2	Best:20.24
2025-01-02 13:03:20,729 INFO    : Snapshot:4	0	10	Epoch:11	Loss:2.729	MRR:20.25	Hits@10:33.27	Best:20.25
2025-01-02 13:03:25,753 INFO    : Snapshot:4	1	10	Epoch:12	Loss:2.709	MRR:20.24	Hits@10:33.28	Best:20.25
2025-01-02 13:03:30,880 INFO    : Snapshot:4	2	10	Epoch:13	Loss:2.717	MRR:20.23	Hits@10:33.22	Best:20.25
2025-01-02 13:03:35,983 INFO    : Snapshot:4	3	10	Epoch:14	Loss:2.72	MRR:20.23	Hits@10:33.26	Best:20.25
2025-01-02 13:03:41,082 INFO    : Snapshot:4	4	10	Epoch:15	Loss:2.709	MRR:20.21	Hits@10:33.23	Best:20.25
2025-01-02 13:03:46,167 INFO    : Snapshot:4	5	10	Epoch:16	Loss:2.722	MRR:20.2	Hits@10:33.22	Best:20.25
2025-01-02 13:03:51,218 INFO    : Snapshot:4	6	10	Epoch:17	Loss:2.717	MRR:20.21	Hits@10:33.24	Best:20.25
2025-01-02 13:03:56,355 INFO    : Snapshot:4	7	10	Epoch:18	Loss:2.726	MRR:20.2	Hits@10:33.21	Best:20.25
2025-01-02 13:04:01,420 INFO    : Snapshot:4	8	10	Epoch:19	Loss:2.748	MRR:20.21	Hits@10:33.24	Best:20.25
2025-01-02 13:04:06,487 INFO    : Snapshot:4	9	10	Epoch:20	Loss:2.731	MRR:20.21	Hits@10:33.26	Best:20.25
2025-01-02 13:04:11,788 INFO    : Early Stopping! Snapshot:4 Epoch: 21 Best Results: 20.25
2025-01-02 13:04:11,899 INFO    : => loading checkpoint './checkpoint/FB_CKGE\4model_best.tar'
2025-01-02 13:04:34,819 INFO    : 
+------------+--------+--------+--------+--------+---------+
| Snapshot:4 |  MRR   | Hits@1 | Hits@3 | Hits@5 | Hits@10 |
+------------+--------+--------+--------+--------+---------+
|     0      | 0.2428 |  0.14  | 0.2833 | 0.3539 |  0.4437 |
|     1      | 0.1773 | 0.1037 | 0.1962 | 0.2474 |  0.3203 |
|     2      | 0.1802 | 0.1086 | 0.1995 | 0.2489 |  0.3206 |
|     3      | 0.1894 | 0.1165 | 0.2144 | 0.2629 |  0.328  |
|     4      | 0.2151 | 0.1352 | 0.244  | 0.2969 |  0.3691 |
+------------+--------+--------+--------+--------+---------+
2025-01-02 13:04:34,819 INFO    : Final Result:
[+------------+--------+--------+--------+--------+---------+
| Snapshot:0 |  MRR   | Hits@1 | Hits@3 | Hits@5 | Hits@10 |
+------------+--------+--------+--------+--------+---------+
|     0      | 0.2428 |  0.14  | 0.2833 | 0.3539 |  0.4437 |
+------------+--------+--------+--------+--------+---------+, +------------+--------+--------+--------+--------+---------+
| Snapshot:1 |  MRR   | Hits@1 | Hits@3 | Hits@5 | Hits@10 |
+------------+--------+--------+--------+--------+---------+
|     0      | 0.2428 |  0.14  | 0.2833 | 0.3539 |  0.4437 |
|     1      | 0.1773 | 0.1037 | 0.1962 | 0.2474 |  0.3203 |
+------------+--------+--------+--------+--------+---------+, +------------+--------+--------+--------+--------+---------+
| Snapshot:2 |  MRR   | Hits@1 | Hits@3 | Hits@5 | Hits@10 |
+------------+--------+--------+--------+--------+---------+
|     0      | 0.2428 |  0.14  | 0.2833 | 0.3539 |  0.4437 |
|     1      | 0.1773 | 0.1037 | 0.1962 | 0.2474 |  0.3203 |
|     2      | 0.1802 | 0.1086 | 0.1995 | 0.2489 |  0.3206 |
+------------+--------+--------+--------+--------+---------+, +------------+--------+--------+--------+--------+---------+
| Snapshot:3 |  MRR   | Hits@1 | Hits@3 | Hits@5 | Hits@10 |
+------------+--------+--------+--------+--------+---------+
|     0      | 0.2428 |  0.14  | 0.2833 | 0.3539 |  0.4437 |
|     1      | 0.1773 | 0.1037 | 0.1962 | 0.2474 |  0.3203 |
|     2      | 0.1802 | 0.1086 | 0.1995 | 0.2489 |  0.3206 |
|     3      | 0.1894 | 0.1165 | 0.2144 | 0.2629 |  0.328  |
+------------+--------+--------+--------+--------+---------+, +------------+--------+--------+--------+--------+---------+
| Snapshot:4 |  MRR   | Hits@1 | Hits@3 | Hits@5 | Hits@10 |
+------------+--------+--------+--------+--------+---------+
|     0      | 0.2428 |  0.14  | 0.2833 | 0.3539 |  0.4437 |
|     1      | 0.1773 | 0.1037 | 0.1962 | 0.2474 |  0.3203 |
|     2      | 0.1802 | 0.1086 | 0.1995 | 0.2489 |  0.3206 |
|     3      | 0.1894 | 0.1165 | 0.2144 | 0.2629 |  0.328  |
|     4      | 0.2151 | 0.1352 | 0.244  | 0.2969 |  0.3691 |
+------------+--------+--------+--------+--------+---------+]
2025-01-02 13:04:34,819 INFO    : Report Result:
+----------+--------------------+-----------+--------------+--------------+---------------+
| Snapshot |        Time        | Whole_MRR | Whole_Hits@1 | Whole_Hits@3 | Whole_Hits@10 |
+----------+--------------------+-----------+--------------+--------------+---------------+
|    0     |  206.491557598114  |   0.243   |     0.14     |    0.283     |     0.444     |
|    1     | 280.9077570438385  |   0.233   |    0.135     |    0.271     |     0.426     |
|    2     |  278.486581325531  |   0.227   |    0.132     |    0.262     |     0.413     |
|    3     |  96.2408754825592  |   0.223   |     0.13     |    0.257     |     0.403     |
|    4     | 115.12753558158875 |   0.222   |     0.13     |    0.255     |      0.4      |
+----------+--------------------+-----------+--------------+--------------+---------------+
2025-01-02 13:04:34,819 INFO    : Sum_Training_Time:977.2543070316315
2025-01-02 13:04:34,819 INFO    : Every_Training_Time:[206.491557598114, 280.9077570438385, 278.486581325531, 96.2408754825592, 115.12753558158875]
2025-01-02 13:04:34,819 INFO    : Forward transfer: 0.148275 Backward transfer: 0.0
