2024-10-02 13:15:39,681 INFO    : Namespace(batch_size='1024', data_path='./data/WN_CKGE/', dataset='WN_CKGE', debug=False, device=device(type='cuda', index=0), emb_dim=200, ent_r='200', epoch_num=200, explore=False, gpu='0', l2=0.0, learning_rate='2e-1', log_path='./logs/WN_CKGE 200 10 2e-1 1024/WN_CKGE 20241002131535', logger=<RootLogger root (INFO)>, margin=8.0, model_name='LoraKGE_Layers', multi_layers_path='train_sorted_by_edges_betweenness.txt', neg_ratio=10, note='', num_ent_layers='10', num_layer=1, num_rel_layers='1', patience=3, predict_result='True', r=100, r_fixed=True, random_seed=3407, record=False, rel_r='20', save_path='./checkpoint/WN_CKGE', skip_previous='False', snapshot_num=5, train_new=True, using_multi_layers=False, using_various_ranks='True', using_various_ranks_reverse=False, valid_metrics='mrr')
2024-10-02 13:15:52,002 INFO    : Snapshot:0	0	3	Epoch:0	Loss:43.873	MRR:0.82	Hits@10:1.92	Best:0.82
2024-10-02 13:16:04,442 INFO    : Snapshot:0	0	3	Epoch:1	Loss:28.425	MRR:2.42	Hits@10:6.33	Best:2.42
2024-10-02 13:16:19,140 INFO    : Snapshot:0	0	3	Epoch:2	Loss:16.858	MRR:9.07	Hits@10:21.52	Best:9.07
2024-10-02 13:16:33,220 INFO    : Snapshot:0	0	3	Epoch:3	Loss:10.631	MRR:12.21	Hits@10:27.73	Best:12.21
2024-10-02 13:16:45,746 INFO    : Snapshot:0	0	3	Epoch:4	Loss:7.432	MRR:13.39	Hits@10:29.97	Best:13.39
2024-10-02 13:16:58,243 INFO    : Snapshot:0	0	3	Epoch:5	Loss:5.584	MRR:14.12	Hits@10:31.38	Best:14.12
2024-10-02 13:17:10,492 INFO    : Snapshot:0	0	3	Epoch:6	Loss:4.378	MRR:14.57	Hits@10:32.16	Best:14.57
2024-10-02 13:17:22,865 INFO    : Snapshot:0	0	3	Epoch:7	Loss:3.481	MRR:14.86	Hits@10:32.57	Best:14.86
2024-10-02 13:17:35,405 INFO    : Snapshot:0	0	3	Epoch:8	Loss:2.775	MRR:15.13	Hits@10:33.16	Best:15.13
2024-10-02 13:17:47,059 INFO    : Snapshot:0	0	3	Epoch:9	Loss:2.249	MRR:15.4	Hits@10:33.64	Best:15.4
2024-10-02 13:17:58,648 INFO    : Snapshot:0	0	3	Epoch:10	Loss:1.809	MRR:15.58	Hits@10:34.25	Best:15.58
2024-10-02 13:18:10,542 INFO    : Snapshot:0	0	3	Epoch:11	Loss:1.471	MRR:15.79	Hits@10:34.65	Best:15.79
2024-10-02 13:18:22,212 INFO    : Snapshot:0	0	3	Epoch:12	Loss:1.231	MRR:15.98	Hits@10:35.04	Best:15.98
2024-10-02 13:18:34,002 INFO    : Snapshot:0	0	3	Epoch:13	Loss:1.003	MRR:16.17	Hits@10:35.6	Best:16.17
2024-10-02 13:18:45,555 INFO    : Snapshot:0	0	3	Epoch:14	Loss:0.852	MRR:16.37	Hits@10:36.0	Best:16.37
2024-10-02 13:18:57,108 INFO    : Snapshot:0	0	3	Epoch:15	Loss:0.715	MRR:16.55	Hits@10:36.19	Best:16.55
2024-10-02 13:19:08,538 INFO    : Snapshot:0	0	3	Epoch:16	Loss:0.595	MRR:16.81	Hits@10:36.74	Best:16.81
2024-10-02 13:19:19,905 INFO    : Snapshot:0	0	3	Epoch:17	Loss:0.499	MRR:16.83	Hits@10:36.97	Best:16.83
2024-10-02 13:19:31,567 INFO    : Snapshot:0	0	3	Epoch:18	Loss:0.408	MRR:16.93	Hits@10:37.23	Best:16.93
2024-10-02 13:19:42,766 INFO    : Snapshot:0	0	3	Epoch:19	Loss:0.343	MRR:17.0	Hits@10:37.68	Best:17.0
2024-10-02 13:19:53,787 INFO    : Snapshot:0	1	3	Epoch:20	Loss:0.284	MRR:16.95	Hits@10:37.81	Best:17.0
2024-10-02 13:20:05,043 INFO    : Snapshot:0	0	3	Epoch:21	Loss:0.252	MRR:17.02	Hits@10:37.85	Best:17.02
2024-10-02 13:20:16,546 INFO    : Snapshot:0	1	3	Epoch:22	Loss:0.228	MRR:17.0	Hits@10:38.01	Best:17.02
2024-10-02 13:20:27,941 INFO    : Snapshot:0	0	3	Epoch:23	Loss:0.193	MRR:17.06	Hits@10:38.26	Best:17.06
2024-10-02 13:20:39,130 INFO    : Snapshot:0	0	3	Epoch:24	Loss:0.178	MRR:17.12	Hits@10:38.45	Best:17.12
2024-10-02 13:20:50,389 INFO    : Snapshot:0	1	3	Epoch:25	Loss:0.16	MRR:17.08	Hits@10:38.38	Best:17.12
2024-10-02 13:21:01,623 INFO    : Snapshot:0	2	3	Epoch:26	Loss:0.149	MRR:17.09	Hits@10:38.57	Best:17.12
2024-10-02 13:21:12,979 INFO    : Snapshot:0	0	3	Epoch:27	Loss:0.136	MRR:17.13	Hits@10:38.9	Best:17.13
2024-10-02 13:21:24,349 INFO    : Snapshot:0	1	3	Epoch:28	Loss:0.137	MRR:17.13	Hits@10:39.09	Best:17.13
2024-10-02 13:21:35,574 INFO    : Snapshot:0	0	3	Epoch:29	Loss:0.13	MRR:17.16	Hits@10:39.22	Best:17.16
2024-10-02 13:21:47,041 INFO    : Snapshot:0	1	3	Epoch:30	Loss:0.12	MRR:17.16	Hits@10:39.24	Best:17.16
2024-10-02 13:21:58,395 INFO    : Snapshot:0	2	3	Epoch:31	Loss:0.118	MRR:17.16	Hits@10:39.45	Best:17.16
2024-10-02 13:22:09,843 INFO    : Snapshot:0	0	3	Epoch:32	Loss:0.112	MRR:17.2	Hits@10:39.4	Best:17.2
2024-10-02 13:22:21,413 INFO    : Snapshot:0	1	3	Epoch:33	Loss:0.113	MRR:17.15	Hits@10:39.7	Best:17.2
2024-10-02 13:22:33,010 INFO    : Snapshot:0	0	3	Epoch:34	Loss:0.111	MRR:17.23	Hits@10:39.72	Best:17.23
2024-10-02 13:22:44,756 INFO    : Snapshot:0	0	3	Epoch:35	Loss:0.105	MRR:17.26	Hits@10:39.75	Best:17.26
2024-10-02 13:22:56,423 INFO    : Snapshot:0	1	3	Epoch:36	Loss:0.108	MRR:17.23	Hits@10:39.89	Best:17.26
2024-10-02 13:23:08,013 INFO    : Snapshot:0	2	3	Epoch:37	Loss:0.101	MRR:17.23	Hits@10:39.83	Best:17.26
2024-10-02 13:23:19,943 INFO    : Snapshot:0	0	3	Epoch:38	Loss:0.104	MRR:17.29	Hits@10:40.03	Best:17.29
2024-10-02 13:23:31,744 INFO    : Snapshot:0	1	3	Epoch:39	Loss:0.101	MRR:17.23	Hits@10:40.13	Best:17.29
2024-10-02 13:23:43,768 INFO    : Snapshot:0	0	3	Epoch:40	Loss:0.099	MRR:17.36	Hits@10:40.34	Best:17.36
2024-10-02 13:23:55,493 INFO    : Snapshot:0	1	3	Epoch:41	Loss:0.098	MRR:17.3	Hits@10:40.15	Best:17.36
2024-10-02 13:24:07,317 INFO    : Snapshot:0	2	3	Epoch:42	Loss:0.097	MRR:17.26	Hits@10:40.34	Best:17.36
2024-10-02 13:24:19,130 INFO    : Early Stopping! Snapshot:0 Epoch: 43 Best Results: 17.36
2024-10-02 13:24:19,168 INFO    : => loading checkpoint './checkpoint/WN_CKGE\0model_best.tar'
2024-10-02 13:24:31,641 INFO    : 
+------------+--------+--------+--------+--------+---------+
| Snapshot:0 |  MRR   | Hits@1 | Hits@3 | Hits@5 | Hits@10 |
+------------+--------+--------+--------+--------+---------+
|     0      | 0.1751 | 0.0109 | 0.3144 | 0.3552 |  0.4036 |
+------------+--------+--------+--------+--------+---------+
2024-10-02 13:24:51,245 INFO    : Snapshot:1	0	3	Epoch:0	Loss:6.204	MRR:7.44	Hits@10:20.16	Best:7.44
2024-10-02 13:25:00,301 INFO    : Snapshot:1	0	3	Epoch:1	Loss:2.379	MRR:11.2	Hits@10:28.44	Best:11.2
2024-10-02 13:25:09,389 INFO    : Snapshot:1	0	3	Epoch:2	Loss:0.986	MRR:12.7	Hits@10:31.16	Best:12.7
2024-10-02 13:25:18,449 INFO    : Snapshot:1	0	3	Epoch:3	Loss:0.568	MRR:13.58	Hits@10:32.34	Best:13.58
2024-10-02 13:25:27,527 INFO    : Snapshot:1	0	3	Epoch:4	Loss:0.407	MRR:13.72	Hits@10:33.15	Best:13.72
2024-10-02 13:25:36,582 INFO    : Snapshot:1	0	3	Epoch:5	Loss:0.319	MRR:13.85	Hits@10:33.31	Best:13.85
2024-10-02 13:25:45,527 INFO    : Snapshot:1	0	3	Epoch:6	Loss:0.275	MRR:13.96	Hits@10:33.58	Best:13.96
2024-10-02 13:25:54,488 INFO    : Snapshot:1	0	3	Epoch:7	Loss:0.257	MRR:14.0	Hits@10:33.49	Best:14.0
2024-10-02 13:26:03,674 INFO    : Snapshot:1	0	3	Epoch:8	Loss:0.234	MRR:14.15	Hits@10:33.95	Best:14.15
2024-10-02 13:26:12,690 INFO    : Snapshot:1	1	3	Epoch:9	Loss:0.222	MRR:14.1	Hits@10:33.9	Best:14.15
2024-10-02 13:26:21,737 INFO    : Snapshot:1	2	3	Epoch:10	Loss:0.214	MRR:14.11	Hits@10:33.79	Best:14.15
2024-10-02 13:26:30,814 INFO    : Snapshot:1	0	3	Epoch:11	Loss:0.205	MRR:14.25	Hits@10:33.71	Best:14.25
2024-10-02 13:26:39,856 INFO    : Snapshot:1	1	3	Epoch:12	Loss:0.2	MRR:14.23	Hits@10:33.92	Best:14.25
2024-10-02 13:26:48,913 INFO    : Snapshot:1	2	3	Epoch:13	Loss:0.195	MRR:14.14	Hits@10:33.44	Best:14.25
2024-10-02 13:26:58,001 INFO    : Early Stopping! Snapshot:1 Epoch: 14 Best Results: 14.25
2024-10-02 13:26:58,045 INFO    : => loading checkpoint './checkpoint/WN_CKGE\1model_best.tar'
2024-10-02 13:27:19,624 INFO    : 
+------------+--------+--------+--------+--------+---------+
| Snapshot:1 |  MRR   | Hits@1 | Hits@3 | Hits@5 | Hits@10 |
+------------+--------+--------+--------+--------+---------+
|     0      | 0.1751 | 0.0109 | 0.3144 | 0.3552 |  0.4036 |
|     1      | 0.1443 | 0.011  |  0.25  | 0.2968 |  0.3417 |
+------------+--------+--------+--------+--------+---------+
2024-10-02 13:27:53,590 INFO    : Snapshot:2	0	3	Epoch:0	Loss:6.206	MRR:6.77	Hits@10:18.23	Best:6.77
2024-10-02 13:28:09,854 INFO    : Snapshot:2	0	3	Epoch:1	Loss:2.33	MRR:10.26	Hits@10:25.62	Best:10.26
2024-10-02 13:28:26,035 INFO    : Snapshot:2	0	3	Epoch:2	Loss:0.919	MRR:11.8	Hits@10:28.17	Best:11.8
2024-10-02 13:28:42,304 INFO    : Snapshot:2	0	3	Epoch:3	Loss:0.527	MRR:12.43	Hits@10:29.49	Best:12.43
2024-10-02 13:28:58,570 INFO    : Snapshot:2	0	3	Epoch:4	Loss:0.367	MRR:12.85	Hits@10:30.19	Best:12.85
2024-10-02 13:29:14,833 INFO    : Snapshot:2	0	3	Epoch:5	Loss:0.284	MRR:13.0	Hits@10:30.43	Best:13.0
2024-10-02 13:29:31,128 INFO    : Snapshot:2	0	3	Epoch:6	Loss:0.252	MRR:13.16	Hits@10:30.62	Best:13.16
2024-10-02 13:29:47,375 INFO    : Snapshot:2	0	3	Epoch:7	Loss:0.22	MRR:13.32	Hits@10:30.59	Best:13.32
2024-10-02 13:30:03,621 INFO    : Snapshot:2	1	3	Epoch:8	Loss:0.202	MRR:13.2	Hits@10:30.56	Best:13.32
2024-10-02 13:30:19,902 INFO    : Snapshot:2	2	3	Epoch:9	Loss:0.197	MRR:13.28	Hits@10:30.56	Best:13.32
2024-10-02 13:30:36,150 INFO    : Early Stopping! Snapshot:2 Epoch: 10 Best Results: 13.32
2024-10-02 13:30:36,200 INFO    : => loading checkpoint './checkpoint/WN_CKGE\2model_best.tar'
2024-10-02 13:31:13,906 INFO    : 
+------------+--------+--------+--------+--------+---------+
| Snapshot:2 |  MRR   | Hits@1 | Hits@3 | Hits@5 | Hits@10 |
+------------+--------+--------+--------+--------+---------+
|     0      | 0.1751 | 0.0109 | 0.3144 | 0.3552 |  0.4036 |
|     1      | 0.1443 | 0.011  |  0.25  | 0.2968 |  0.3417 |
|     2      | 0.1376 | 0.011  | 0.239  | 0.2812 |  0.3218 |
+------------+--------+--------+--------+--------+---------+
2024-10-02 13:31:52,113 INFO    : Snapshot:3	0	3	Epoch:0	Loss:6.201	MRR:5.88	Hits@10:15.35	Best:5.88
2024-10-02 13:32:10,228 INFO    : Snapshot:3	0	3	Epoch:1	Loss:2.317	MRR:9.55	Hits@10:23.15	Best:9.55
2024-10-02 13:32:28,178 INFO    : Snapshot:3	0	3	Epoch:2	Loss:0.897	MRR:11.16	Hits@10:26.61	Best:11.16
2024-10-02 13:32:46,164 INFO    : Snapshot:3	0	3	Epoch:3	Loss:0.509	MRR:12.04	Hits@10:27.63	Best:12.04
2024-10-02 13:33:04,170 INFO    : Snapshot:3	0	3	Epoch:4	Loss:0.364	MRR:12.25	Hits@10:28.01	Best:12.25
2024-10-02 13:33:22,231 INFO    : Snapshot:3	0	3	Epoch:5	Loss:0.286	MRR:12.55	Hits@10:28.74	Best:12.55
2024-10-02 13:33:40,123 INFO    : Snapshot:3	1	3	Epoch:6	Loss:0.252	MRR:12.5	Hits@10:28.9	Best:12.55
2024-10-02 13:33:58,152 INFO    : Snapshot:3	0	3	Epoch:7	Loss:0.226	MRR:12.58	Hits@10:29.3	Best:12.58
2024-10-02 13:34:16,192 INFO    : Snapshot:3	0	3	Epoch:8	Loss:0.207	MRR:12.64	Hits@10:29.01	Best:12.64
2024-10-02 13:34:34,140 INFO    : Snapshot:3	0	3	Epoch:9	Loss:0.202	MRR:12.77	Hits@10:29.09	Best:12.77
2024-10-02 13:34:52,178 INFO    : Snapshot:3	1	3	Epoch:10	Loss:0.19	MRR:12.63	Hits@10:29.17	Best:12.77
2024-10-02 13:35:10,194 INFO    : Snapshot:3	2	3	Epoch:11	Loss:0.18	MRR:12.72	Hits@10:29.14	Best:12.77
2024-10-02 13:35:28,255 INFO    : Early Stopping! Snapshot:3 Epoch: 12 Best Results: 12.77
2024-10-02 13:35:28,306 INFO    : => loading checkpoint './checkpoint/WN_CKGE\3model_best.tar'
2024-10-02 13:36:25,922 INFO    : 
+------------+--------+--------+--------+--------+---------+
| Snapshot:3 |  MRR   | Hits@1 | Hits@3 | Hits@5 | Hits@10 |
+------------+--------+--------+--------+--------+---------+
|     0      | 0.1751 | 0.0109 | 0.3144 | 0.3552 |  0.4036 |
|     1      | 0.1443 | 0.011  |  0.25  | 0.2968 |  0.3417 |
|     2      | 0.1376 | 0.011  | 0.239  | 0.2812 |  0.3218 |
|     3      | 0.133  | 0.011  | 0.2323 | 0.268  |  0.3067 |
+------------+--------+--------+--------+--------+---------+
2024-10-02 13:36:36,212 INFO    : Snapshot:4	0	3	Epoch:0	Loss:6.13	MRR:10.92	Hits@10:25.81	Best:10.92
2024-10-02 13:36:39,470 INFO    : Snapshot:4	0	3	Epoch:1	Loss:2.178	MRR:12.32	Hits@10:29.14	Best:12.32
2024-10-02 13:36:42,678 INFO    : Snapshot:4	0	3	Epoch:2	Loss:0.808	MRR:12.97	Hits@10:29.92	Best:12.97
2024-10-02 13:36:45,948 INFO    : Snapshot:4	0	3	Epoch:3	Loss:0.464	MRR:13.29	Hits@10:30.67	Best:13.29
2024-10-02 13:36:49,222 INFO    : Snapshot:4	0	3	Epoch:4	Loss:0.329	MRR:13.38	Hits@10:30.7	Best:13.38
2024-10-02 13:36:52,643 INFO    : Snapshot:4	0	3	Epoch:5	Loss:0.27	MRR:13.43	Hits@10:30.81	Best:13.43
2024-10-02 13:36:55,864 INFO    : Snapshot:4	0	3	Epoch:6	Loss:0.232	MRR:13.57	Hits@10:30.91	Best:13.57
2024-10-02 13:36:59,004 INFO    : Snapshot:4	1	3	Epoch:7	Loss:0.204	MRR:13.54	Hits@10:30.94	Best:13.57
2024-10-02 13:37:02,194 INFO    : Snapshot:4	0	3	Epoch:8	Loss:0.193	MRR:13.59	Hits@10:31.08	Best:13.59
2024-10-02 13:37:05,396 INFO    : Snapshot:4	0	3	Epoch:9	Loss:0.182	MRR:13.64	Hits@10:31.08	Best:13.64
2024-10-02 13:37:08,580 INFO    : Snapshot:4	0	3	Epoch:10	Loss:0.177	MRR:13.67	Hits@10:31.24	Best:13.67
2024-10-02 13:37:11,724 INFO    : Snapshot:4	1	3	Epoch:11	Loss:0.17	MRR:13.59	Hits@10:31.13	Best:13.67
2024-10-02 13:37:14,883 INFO    : Snapshot:4	2	3	Epoch:12	Loss:0.164	MRR:13.63	Hits@10:31.24	Best:13.67
2024-10-02 13:37:18,091 INFO    : Snapshot:4	0	3	Epoch:13	Loss:0.164	MRR:13.68	Hits@10:31.24	Best:13.68
2024-10-02 13:37:21,263 INFO    : Snapshot:4	1	3	Epoch:14	Loss:0.157	MRR:13.67	Hits@10:31.21	Best:13.68
2024-10-02 13:37:24,460 INFO    : Snapshot:4	2	3	Epoch:15	Loss:0.154	MRR:13.64	Hits@10:31.24	Best:13.68
2024-10-02 13:37:27,643 INFO    : Early Stopping! Snapshot:4 Epoch: 16 Best Results: 13.68
2024-10-02 13:37:27,686 INFO    : => loading checkpoint './checkpoint/WN_CKGE\4model_best.tar'
2024-10-02 13:37:51,088 INFO    : 
+------------+--------+--------+--------+--------+---------+
| Snapshot:4 |  MRR   | Hits@1 | Hits@3 | Hits@5 | Hits@10 |
+------------+--------+--------+--------+--------+---------+
|     0      | 0.1751 | 0.0109 | 0.3144 | 0.3552 |  0.4036 |
|     1      | 0.1443 | 0.011  |  0.25  | 0.2968 |  0.3417 |
|     2      | 0.1376 | 0.011  | 0.239  | 0.2812 |  0.3218 |
|     3      | 0.133  | 0.011  | 0.2323 | 0.268  |  0.3067 |
|     4      | 0.1432 | 0.0083 | 0.2577 | 0.2915 |  0.3221 |
+------------+--------+--------+--------+--------+---------+
2024-10-02 13:37:51,090 INFO    : Final Result:
[+------------+--------+--------+--------+--------+---------+
| Snapshot:0 |  MRR   | Hits@1 | Hits@3 | Hits@5 | Hits@10 |
+------------+--------+--------+--------+--------+---------+
|     0      | 0.1751 | 0.0109 | 0.3144 | 0.3552 |  0.4036 |
+------------+--------+--------+--------+--------+---------+, +------------+--------+--------+--------+--------+---------+
| Snapshot:1 |  MRR   | Hits@1 | Hits@3 | Hits@5 | Hits@10 |
+------------+--------+--------+--------+--------+---------+
|     0      | 0.1751 | 0.0109 | 0.3144 | 0.3552 |  0.4036 |
|     1      | 0.1443 | 0.011  |  0.25  | 0.2968 |  0.3417 |
+------------+--------+--------+--------+--------+---------+, +------------+--------+--------+--------+--------+---------+
| Snapshot:2 |  MRR   | Hits@1 | Hits@3 | Hits@5 | Hits@10 |
+------------+--------+--------+--------+--------+---------+
|     0      | 0.1751 | 0.0109 | 0.3144 | 0.3552 |  0.4036 |
|     1      | 0.1443 | 0.011  |  0.25  | 0.2968 |  0.3417 |
|     2      | 0.1376 | 0.011  | 0.239  | 0.2812 |  0.3218 |
+------------+--------+--------+--------+--------+---------+, +------------+--------+--------+--------+--------+---------+
| Snapshot:3 |  MRR   | Hits@1 | Hits@3 | Hits@5 | Hits@10 |
+------------+--------+--------+--------+--------+---------+
|     0      | 0.1751 | 0.0109 | 0.3144 | 0.3552 |  0.4036 |
|     1      | 0.1443 | 0.011  |  0.25  | 0.2968 |  0.3417 |
|     2      | 0.1376 | 0.011  | 0.239  | 0.2812 |  0.3218 |
|     3      | 0.133  | 0.011  | 0.2323 | 0.268  |  0.3067 |
+------------+--------+--------+--------+--------+---------+, +------------+--------+--------+--------+--------+---------+
| Snapshot:4 |  MRR   | Hits@1 | Hits@3 | Hits@5 | Hits@10 |
+------------+--------+--------+--------+--------+---------+
|     0      | 0.1751 | 0.0109 | 0.3144 | 0.3552 |  0.4036 |
|     1      | 0.1443 | 0.011  |  0.25  | 0.2968 |  0.3417 |
|     2      | 0.1376 | 0.011  | 0.239  | 0.2812 |  0.3218 |
|     3      | 0.133  | 0.011  | 0.2323 | 0.268  |  0.3067 |
|     4      | 0.1432 | 0.0083 | 0.2577 | 0.2915 |  0.3221 |
+------------+--------+--------+--------+--------+---------+]
2024-10-02 13:37:51,090 INFO    : Report Result:
+----------+--------------------+-----------+--------------+--------------+---------------+
| Snapshot |        Time        | Whole_MRR | Whole_Hits@1 | Whole_Hits@3 | Whole_Hits@10 |
+----------+--------------------+-----------+--------------+--------------+---------------+
|    0     | 519.4475111961365  |   0.175   |    0.011     |    0.314     |     0.404     |
|    1     | 136.35482048988342 |   0.171   |    0.011     |    0.305     |     0.395     |
|    2     | 179.57054567337036 |   0.167   |    0.011     |    0.297     |     0.386     |
|    3     | 234.64490604400635 |   0.163   |    0.011     |     0.29     |     0.377     |
|    4     | 55.35517382621765  |   0.161   |    0.011     |    0.287     |     0.371     |
+----------+--------------------+-----------+--------------+--------------+---------------+
2024-10-02 13:37:51,091 INFO    : Sum_Training_Time:1125.3729572296143
2024-10-02 13:37:51,091 INFO    : Every_Training_Time:[519.4475111961365, 136.35482048988342, 179.57054567337036, 234.64490604400635, 55.35517382621765]
2024-10-02 13:37:51,091 INFO    : Forward transfer: 0.059675000000000006 Backward transfer: 0.0
