2024-09-10 13:34:10,564 INFO    : Namespace(batch_size=1024, data_path='./data/RELATION/', dataset='RELATION', debug=False, device=device(type='cuda', index=0), emb_dim=200, ent_r='150', epoch_num=200, explore=False, gpu='0', l2=0.0, learning_rate='2e-1', log_path='./logs/20240910133401/RELATION', logger=<RootLogger root (INFO)>, margin=8.0, model_name='LoraKGE_Layers', multi_layers_path='train_sorted_by_edges_betweenness.txt', neg_ratio=10, note='', num_ent_layers='5', num_layer=1, num_rel_layers='1', patience=3, predict_result=False, r=100, r_fixed=True, random_seed=3407, record=False, rel_r='20', save_path='./checkpoint/RELATION', skip_previous='False', snapshot_num=5, train_new=True, using_multi_layers=False, using_various_ranks='True', using_various_ranks_reverse=False, valid_metrics='mrr')
2024-09-10 13:34:24,782 INFO    : Snapshot:0	0	3	Epoch:0	Loss:62.429	MRR:15.71	Hits@10:28.13	Best:15.71
2024-09-10 13:34:35,582 INFO    : Snapshot:0	0	3	Epoch:1	Loss:36.118	MRR:23.79	Hits@10:41.78	Best:23.79
2024-09-10 13:34:46,228 INFO    : Snapshot:0	0	3	Epoch:2	Loss:18.192	MRR:26.41	Hits@10:45.56	Best:26.41
2024-09-10 13:34:57,148 INFO    : Snapshot:0	0	3	Epoch:3	Loss:9.585	MRR:27.26	Hits@10:46.89	Best:27.26
2024-09-10 13:35:07,834 INFO    : Snapshot:0	0	3	Epoch:4	Loss:5.897	MRR:27.39	Hits@10:47.25	Best:27.39
2024-09-10 13:35:18,513 INFO    : Snapshot:0	1	3	Epoch:5	Loss:4.24	MRR:27.38	Hits@10:47.27	Best:27.39
2024-09-10 13:35:29,101 INFO    : Snapshot:0	0	3	Epoch:6	Loss:3.325	MRR:27.47	Hits@10:47.15	Best:27.47
2024-09-10 13:35:39,685 INFO    : Snapshot:0	1	3	Epoch:7	Loss:2.844	MRR:27.42	Hits@10:47.02	Best:27.47
2024-09-10 13:35:50,267 INFO    : Snapshot:0	2	3	Epoch:8	Loss:2.513	MRR:27.35	Hits@10:46.63	Best:27.47
2024-09-10 13:36:00,813 INFO    : Early Stopping! Snapshot:0 Epoch: 9 Best Results: 27.47
2024-09-10 13:36:00,917 INFO    : => loading checkpoint './checkpoint/RELATION\0model_best.tar'
2024-09-10 13:36:07,768 INFO    : 
+------------+--------+--------+--------+--------+---------+
| Snapshot:0 |  MRR   | Hits@1 | Hits@3 | Hits@5 | Hits@10 |
+------------+--------+--------+--------+--------+---------+
|     0      | 0.2769 | 0.1708 | 0.3384 | 0.4064 |  0.4734 |
+------------+--------+--------+--------+--------+---------+
2024-09-10 13:36:31,682 INFO    : Snapshot:1	0	3	Epoch:0	Loss:27.44	MRR:9.11	Hits@10:18.67	Best:9.11
2024-09-10 13:36:44,035 INFO    : Snapshot:1	0	3	Epoch:1	Loss:20.736	MRR:9.57	Hits@10:20.2	Best:9.57
2024-09-10 13:36:55,810 INFO    : Snapshot:1	0	3	Epoch:2	Loss:20.062	MRR:9.97	Hits@10:20.87	Best:9.97
2024-09-10 13:37:07,661 INFO    : Snapshot:1	0	3	Epoch:3	Loss:19.681	MRR:10.0	Hits@10:21.03	Best:10.0
2024-09-10 13:37:19,724 INFO    : Snapshot:1	0	3	Epoch:4	Loss:19.417	MRR:10.34	Hits@10:21.46	Best:10.34
2024-09-10 13:37:31,607 INFO    : Snapshot:1	0	3	Epoch:5	Loss:19.221	MRR:10.4	Hits@10:21.66	Best:10.4
2024-09-10 13:37:43,407 INFO    : Snapshot:1	0	3	Epoch:6	Loss:19.046	MRR:10.46	Hits@10:21.82	Best:10.46
2024-09-10 13:37:55,221 INFO    : Snapshot:1	0	3	Epoch:7	Loss:18.97	MRR:10.52	Hits@10:21.89	Best:10.52
2024-09-10 13:38:07,014 INFO    : Snapshot:1	0	3	Epoch:8	Loss:18.819	MRR:10.73	Hits@10:22.04	Best:10.73
2024-09-10 13:38:19,131 INFO    : Snapshot:1	1	3	Epoch:9	Loss:18.782	MRR:10.59	Hits@10:21.87	Best:10.73
2024-09-10 13:38:31,430 INFO    : Snapshot:1	2	3	Epoch:10	Loss:18.724	MRR:10.63	Hits@10:21.86	Best:10.73
2024-09-10 13:38:43,839 INFO    : Early Stopping! Snapshot:1 Epoch: 11 Best Results: 10.73
2024-09-10 13:38:43,958 INFO    : => loading checkpoint './checkpoint/RELATION\1model_best.tar'
2024-09-10 13:39:00,460 INFO    : 
+------------+--------+--------+--------+--------+---------+
| Snapshot:1 |  MRR   | Hits@1 | Hits@3 | Hits@5 | Hits@10 |
+------------+--------+--------+--------+--------+---------+
|     0      | 0.2769 | 0.1708 | 0.3384 | 0.4064 |  0.4734 |
|     1      | 0.1069 | 0.0479 | 0.1238 | 0.1631 |  0.2203 |
+------------+--------+--------+--------+--------+---------+
2024-09-10 13:39:17,945 INFO    : Snapshot:2	0	3	Epoch:0	Loss:22.422	MRR:8.46	Hits@10:13.22	Best:8.46
2024-09-10 13:39:27,087 INFO    : Snapshot:2	0	3	Epoch:1	Loss:18.182	MRR:8.92	Hits@10:14.21	Best:8.92
2024-09-10 13:39:36,065 INFO    : Snapshot:2	0	3	Epoch:2	Loss:17.888	MRR:9.38	Hits@10:14.7	Best:9.38
2024-09-10 13:39:44,914 INFO    : Snapshot:2	0	3	Epoch:3	Loss:17.672	MRR:9.5	Hits@10:15.39	Best:9.5
2024-09-10 13:39:53,994 INFO    : Snapshot:2	0	3	Epoch:4	Loss:17.619	MRR:9.74	Hits@10:15.35	Best:9.74
2024-09-10 13:40:03,235 INFO    : Snapshot:2	0	3	Epoch:5	Loss:17.649	MRR:9.77	Hits@10:15.5	Best:9.77
2024-09-10 13:40:12,445 INFO    : Snapshot:2	0	3	Epoch:6	Loss:17.563	MRR:10.01	Hits@10:15.55	Best:10.01
2024-09-10 13:40:21,628 INFO    : Snapshot:2	1	3	Epoch:7	Loss:17.541	MRR:9.98	Hits@10:15.87	Best:10.01
2024-09-10 13:40:30,773 INFO    : Snapshot:2	2	3	Epoch:8	Loss:17.472	MRR:9.92	Hits@10:15.86	Best:10.01
2024-09-10 13:40:39,944 INFO    : Early Stopping! Snapshot:2 Epoch: 9 Best Results: 10.01
2024-09-10 13:40:40,052 INFO    : => loading checkpoint './checkpoint/RELATION\2model_best.tar'
2024-09-10 13:41:02,129 INFO    : 
+------------+--------+--------+--------+--------+---------+
| Snapshot:2 |  MRR   | Hits@1 | Hits@3 | Hits@5 | Hits@10 |
+------------+--------+--------+--------+--------+---------+
|     0      | 0.2769 | 0.1708 | 0.3384 | 0.4064 |  0.4734 |
|     1      | 0.1069 | 0.0479 | 0.1238 | 0.1631 |  0.2203 |
|     2      | 0.098  | 0.0654 | 0.0964 | 0.1166 |  0.1538 |
+------------+--------+--------+--------+--------+---------+
2024-09-10 13:41:12,223 INFO    : Snapshot:3	0	3	Epoch:0	Loss:10.507	MRR:15.49	Hits@10:21.92	Best:15.49
2024-09-10 13:41:16,437 INFO    : Snapshot:3	0	3	Epoch:1	Loss:6.992	MRR:16.4	Hits@10:24.91	Best:16.4
2024-09-10 13:41:20,661 INFO    : Snapshot:3	1	3	Epoch:2	Loss:6.682	MRR:15.62	Hits@10:25.0	Best:16.4
2024-09-10 13:41:24,882 INFO    : Snapshot:3	2	3	Epoch:3	Loss:6.508	MRR:14.56	Hits@10:25.62	Best:16.4
2024-09-10 13:41:29,258 INFO    : Early Stopping! Snapshot:3 Epoch: 4 Best Results: 16.4
2024-09-10 13:41:29,364 INFO    : => loading checkpoint './checkpoint/RELATION\3model_best.tar'
2024-09-10 13:41:55,362 INFO    : 
+------------+--------+--------+--------+--------+---------+
| Snapshot:3 |  MRR   | Hits@1 | Hits@3 | Hits@5 | Hits@10 |
+------------+--------+--------+--------+--------+---------+
|     0      | 0.2769 | 0.1708 | 0.3384 | 0.4064 |  0.4734 |
|     1      | 0.1069 | 0.0479 | 0.1238 | 0.1631 |  0.2203 |
|     2      | 0.098  | 0.0654 | 0.0964 | 0.1166 |  0.1538 |
|     3      | 0.164  | 0.1165 | 0.1719 | 0.2014 |  0.2545 |
+------------+--------+--------+--------+--------+---------+
2024-09-10 13:42:30,863 INFO    : Snapshot:4	0	3	Epoch:0	Loss:9.684	MRR:10.15	Hits@10:18.57	Best:10.15
2024-09-10 13:42:47,275 INFO    : Snapshot:4	0	3	Epoch:1	Loss:7.15	MRR:11.3	Hits@10:19.72	Best:11.3
2024-09-10 13:43:03,804 INFO    : Snapshot:4	0	3	Epoch:2	Loss:6.833	MRR:11.72	Hits@10:20.75	Best:11.72
2024-09-10 13:43:20,729 INFO    : Snapshot:4	0	3	Epoch:3	Loss:6.707	MRR:11.95	Hits@10:20.64	Best:11.95
2024-09-10 13:43:37,273 INFO    : Snapshot:4	1	3	Epoch:4	Loss:6.644	MRR:11.94	Hits@10:21.32	Best:11.95
2024-09-10 13:43:53,727 INFO    : Snapshot:4	0	3	Epoch:5	Loss:6.578	MRR:12.16	Hits@10:21.36	Best:12.16
2024-09-10 13:44:10,170 INFO    : Snapshot:4	0	3	Epoch:6	Loss:6.609	MRR:12.55	Hits@10:21.66	Best:12.55
2024-09-10 13:44:26,598 INFO    : Snapshot:4	0	3	Epoch:7	Loss:6.565	MRR:12.72	Hits@10:21.98	Best:12.72
2024-09-10 13:44:43,101 INFO    : Snapshot:4	1	3	Epoch:8	Loss:6.55	MRR:12.47	Hits@10:22.05	Best:12.72
2024-09-10 13:44:59,574 INFO    : Snapshot:4	2	3	Epoch:9	Loss:6.541	MRR:12.6	Hits@10:21.95	Best:12.72
2024-09-10 13:45:15,980 INFO    : Early Stopping! Snapshot:4 Epoch: 10 Best Results: 12.72
2024-09-10 13:45:16,097 INFO    : => loading checkpoint './checkpoint/RELATION\4model_best.tar'
2024-09-10 13:45:57,559 INFO    : 
+------------+--------+--------+--------+--------+---------+
| Snapshot:4 |  MRR   | Hits@1 | Hits@3 | Hits@5 | Hits@10 |
+------------+--------+--------+--------+--------+---------+
|     0      | 0.2769 | 0.1708 | 0.3384 | 0.4064 |  0.4734 |
|     1      | 0.1069 | 0.0479 | 0.1238 | 0.1631 |  0.2203 |
|     2      | 0.098  | 0.0654 | 0.0964 | 0.1166 |  0.1538 |
|     3      | 0.164  | 0.1165 | 0.1719 | 0.2014 |  0.2545 |
|     4      | 0.1223 | 0.0734 | 0.125  | 0.1618 |  0.2187 |
+------------+--------+--------+--------+--------+---------+
2024-09-10 13:45:57,560 INFO    : Final Result:
[+------------+--------+--------+--------+--------+---------+
| Snapshot:0 |  MRR   | Hits@1 | Hits@3 | Hits@5 | Hits@10 |
+------------+--------+--------+--------+--------+---------+
|     0      | 0.2769 | 0.1708 | 0.3384 | 0.4064 |  0.4734 |
+------------+--------+--------+--------+--------+---------+, +------------+--------+--------+--------+--------+---------+
| Snapshot:1 |  MRR   | Hits@1 | Hits@3 | Hits@5 | Hits@10 |
+------------+--------+--------+--------+--------+---------+
|     0      | 0.2769 | 0.1708 | 0.3384 | 0.4064 |  0.4734 |
|     1      | 0.1069 | 0.0479 | 0.1238 | 0.1631 |  0.2203 |
+------------+--------+--------+--------+--------+---------+, +------------+--------+--------+--------+--------+---------+
| Snapshot:2 |  MRR   | Hits@1 | Hits@3 | Hits@5 | Hits@10 |
+------------+--------+--------+--------+--------+---------+
|     0      | 0.2769 | 0.1708 | 0.3384 | 0.4064 |  0.4734 |
|     1      | 0.1069 | 0.0479 | 0.1238 | 0.1631 |  0.2203 |
|     2      | 0.098  | 0.0654 | 0.0964 | 0.1166 |  0.1538 |
+------------+--------+--------+--------+--------+---------+, +------------+--------+--------+--------+--------+---------+
| Snapshot:3 |  MRR   | Hits@1 | Hits@3 | Hits@5 | Hits@10 |
+------------+--------+--------+--------+--------+---------+
|     0      | 0.2769 | 0.1708 | 0.3384 | 0.4064 |  0.4734 |
|     1      | 0.1069 | 0.0479 | 0.1238 | 0.1631 |  0.2203 |
|     2      | 0.098  | 0.0654 | 0.0964 | 0.1166 |  0.1538 |
|     3      | 0.164  | 0.1165 | 0.1719 | 0.2014 |  0.2545 |
+------------+--------+--------+--------+--------+---------+, +------------+--------+--------+--------+--------+---------+
| Snapshot:4 |  MRR   | Hits@1 | Hits@3 | Hits@5 | Hits@10 |
+------------+--------+--------+--------+--------+---------+
|     0      | 0.2769 | 0.1708 | 0.3384 | 0.4064 |  0.4734 |
|     1      | 0.1069 | 0.0479 | 0.1238 | 0.1631 |  0.2203 |
|     2      | 0.098  | 0.0654 | 0.0964 | 0.1166 |  0.1538 |
|     3      | 0.164  | 0.1165 | 0.1719 | 0.2014 |  0.2545 |
|     4      | 0.1223 | 0.0734 | 0.125  | 0.1618 |  0.2187 |
+------------+--------+--------+--------+--------+---------+]
2024-09-10 13:45:57,561 INFO    : Report Result:
+----------+--------------------+-----------+--------------+--------------+---------------+
| Snapshot |        Time        | Whole_MRR | Whole_Hits@1 | Whole_Hits@3 | Whole_Hits@10 |
+----------+--------------------+-----------+--------------+--------------+---------------+
|    0     | 110.24888968467712 |   0.277   |    0.171     |    0.338     |     0.473     |
|    1     | 147.97480654716492 |   0.194   |    0.111     |    0.234     |      0.35     |
|    2     | 93.53525710105896  |    0.17   |    0.099     |    0.199     |      0.3      |
|    3     | 23.916621923446655 |   0.169   |    0.101     |    0.196     |     0.295     |
|    4     | 184.43487811088562 |   0.166   |    0.099     |    0.191     |      0.29     |
+----------+--------------------+-----------+--------------+--------------+---------------+
2024-09-10 13:45:57,561 INFO    : Sum_Training_Time:560.1104533672333
2024-09-10 13:45:57,561 INFO    : Every_Training_Time:[110.24888968467712, 147.97480654716492, 93.53525710105896, 23.916621923446655, 184.43487811088562]
2024-09-10 13:45:57,561 INFO    : Forward transfer: 0.011175000000000001 Backward transfer: 0.0
