2025-02-19 11:40:42,211 INFO    : Namespace(batch_size=1024, data_path='./data/FACT/', dataset='FACT', debug=False, device=device(type='cuda', index=0), emb_dim=200, ent_r='200', epoch_num=200, explore=False, gpu='0', l2=0.0, learning_rate='1e-1', log_path='./logs/FACT 200 20 1e-1 1024/FACT 20250219114032', logger=<RootLogger root (INFO)>, margin=8.0, model_name='LoraKGE_Layers', multi_layers_path='train_sorted_by_edges_betweenness.txt', neg_ratio=10, note='', num_ent_layers='20', num_layer=1, num_rel_layers=1, patience='10', predict_result=False, r=100, r_fixed=True, random_seed=3407, record=False, rel_r='200', save_path='./checkpoint/FACT', skip_previous='False', snapshot_num=5, train_new=True, using_multi_layers=False, using_various_ranks='True', using_various_ranks_reverse=False, valid_metrics='mrr')
2025-02-19 11:40:50,589 INFO    : Snapshot:0	0	10	Epoch:0	Loss:44.386	MRR:10.86	Hits@10:21.55	Best:10.86
2025-02-19 11:40:56,710 INFO    : Snapshot:0	0	10	Epoch:1	Loss:26.666	MRR:16.44	Hits@10:30.95	Best:16.44
2025-02-19 11:41:02,739 INFO    : Snapshot:0	0	10	Epoch:2	Loss:15.783	MRR:20.92	Hits@10:35.61	Best:20.92
2025-02-19 11:41:08,715 INFO    : Snapshot:0	0	10	Epoch:3	Loss:9.026	MRR:23.2	Hits@10:37.42	Best:23.2
2025-02-19 11:41:14,813 INFO    : Snapshot:0	0	10	Epoch:4	Loss:5.212	MRR:24.25	Hits@10:38.35	Best:24.25
2025-02-19 11:41:20,844 INFO    : Snapshot:0	0	10	Epoch:5	Loss:3.235	MRR:24.59	Hits@10:39.07	Best:24.59
2025-02-19 11:41:26,841 INFO    : Snapshot:0	0	10	Epoch:6	Loss:2.188	MRR:24.67	Hits@10:39.28	Best:24.67
2025-02-19 11:41:32,924 INFO    : Snapshot:0	0	10	Epoch:7	Loss:1.639	MRR:24.77	Hits@10:39.31	Best:24.77
2025-02-19 11:41:39,037 INFO    : Snapshot:0	0	10	Epoch:8	Loss:1.291	MRR:24.83	Hits@10:39.5	Best:24.83
2025-02-19 11:41:45,097 INFO    : Snapshot:0	1	10	Epoch:9	Loss:1.085	MRR:24.8	Hits@10:39.52	Best:24.83
2025-02-19 11:41:51,276 INFO    : Snapshot:0	2	10	Epoch:10	Loss:0.926	MRR:24.7	Hits@10:39.44	Best:24.83
2025-02-19 11:41:57,433 INFO    : Snapshot:0	3	10	Epoch:11	Loss:0.849	MRR:24.79	Hits@10:39.65	Best:24.83
2025-02-19 11:42:03,550 INFO    : Snapshot:0	4	10	Epoch:12	Loss:0.773	MRR:24.83	Hits@10:39.66	Best:24.83
2025-02-19 11:42:09,708 INFO    : Snapshot:0	5	10	Epoch:13	Loss:0.727	MRR:24.8	Hits@10:39.64	Best:24.83
2025-02-19 11:42:15,827 INFO    : Snapshot:0	6	10	Epoch:14	Loss:0.689	MRR:24.65	Hits@10:39.51	Best:24.83
2025-02-19 11:42:21,887 INFO    : Snapshot:0	7	10	Epoch:15	Loss:0.636	MRR:24.59	Hits@10:39.51	Best:24.83
2025-02-19 11:42:28,080 INFO    : Snapshot:0	8	10	Epoch:16	Loss:0.6	MRR:24.83	Hits@10:39.38	Best:24.83
2025-02-19 11:42:34,301 INFO    : Snapshot:0	9	10	Epoch:17	Loss:0.569	MRR:24.75	Hits@10:39.33	Best:24.83
2025-02-19 11:42:40,664 INFO    : Early Stopping! Snapshot:0 Epoch: 18 Best Results: 24.83
2025-02-19 11:42:40,754 INFO    : => loading checkpoint './checkpoint/FACT\0model_best.tar'
2025-02-19 11:42:44,410 INFO    : 
+------------+------+--------+--------+--------+---------+
| Snapshot:0 | MRR  | Hits@1 | Hits@3 | Hits@5 | Hits@10 |
+------------+------+--------+--------+--------+---------+
|     0      | 0.24 | 0.1585 | 0.2781 | 0.3244 |  0.3882 |
+------------+------+--------+--------+--------+---------+
2025-02-19 11:43:02,744 INFO    : Snapshot:1	0	10	Epoch:0	Loss:19.36	MRR:18.63	Hits@10:30.18	Best:18.63
2025-02-19 11:43:11,975 INFO    : Snapshot:1	0	10	Epoch:1	Loss:16.088	MRR:18.98	Hits@10:30.72	Best:18.98
2025-02-19 11:43:21,157 INFO    : Snapshot:1	0	10	Epoch:2	Loss:15.437	MRR:19.19	Hits@10:31.1	Best:19.19
2025-02-19 11:43:30,323 INFO    : Snapshot:1	0	10	Epoch:3	Loss:15.143	MRR:19.31	Hits@10:31.42	Best:19.31
2025-02-19 11:43:39,489 INFO    : Snapshot:1	0	10	Epoch:4	Loss:14.982	MRR:19.36	Hits@10:31.46	Best:19.36
2025-02-19 11:43:48,630 INFO    : Snapshot:1	1	10	Epoch:5	Loss:14.909	MRR:19.36	Hits@10:31.48	Best:19.36
2025-02-19 11:43:57,711 INFO    : Snapshot:1	0	10	Epoch:6	Loss:14.831	MRR:19.41	Hits@10:31.56	Best:19.41
2025-02-19 11:44:06,905 INFO    : Snapshot:1	0	10	Epoch:7	Loss:14.775	MRR:19.46	Hits@10:31.58	Best:19.46
2025-02-19 11:44:16,342 INFO    : Snapshot:1	0	10	Epoch:8	Loss:14.721	MRR:19.49	Hits@10:31.65	Best:19.49
2025-02-19 11:44:25,518 INFO    : Snapshot:1	1	10	Epoch:9	Loss:14.732	MRR:19.49	Hits@10:31.62	Best:19.49
2025-02-19 11:44:34,615 INFO    : Snapshot:1	0	10	Epoch:10	Loss:14.633	MRR:19.51	Hits@10:31.65	Best:19.51
2025-02-19 11:44:43,696 INFO    : Snapshot:1	0	10	Epoch:11	Loss:14.664	MRR:19.53	Hits@10:31.78	Best:19.53
2025-02-19 11:44:52,885 INFO    : Snapshot:1	0	10	Epoch:12	Loss:14.628	MRR:19.54	Hits@10:31.68	Best:19.54
2025-02-19 11:45:02,094 INFO    : Snapshot:1	1	10	Epoch:13	Loss:14.657	MRR:19.53	Hits@10:31.74	Best:19.54
2025-02-19 11:45:11,159 INFO    : Snapshot:1	0	10	Epoch:14	Loss:14.615	MRR:19.58	Hits@10:31.74	Best:19.58
2025-02-19 11:45:20,279 INFO    : Snapshot:1	1	10	Epoch:15	Loss:14.601	MRR:19.56	Hits@10:31.89	Best:19.58
2025-02-19 11:45:29,333 INFO    : Snapshot:1	0	10	Epoch:16	Loss:14.568	MRR:19.63	Hits@10:31.82	Best:19.63
2025-02-19 11:45:38,686 INFO    : Snapshot:1	1	10	Epoch:17	Loss:14.559	MRR:19.57	Hits@10:31.77	Best:19.63
2025-02-19 11:45:48,012 INFO    : Snapshot:1	2	10	Epoch:18	Loss:14.559	MRR:19.62	Hits@10:31.84	Best:19.63
2025-02-19 11:45:57,298 INFO    : Snapshot:1	3	10	Epoch:19	Loss:14.536	MRR:19.62	Hits@10:31.89	Best:19.63
2025-02-19 11:46:06,197 INFO    : Snapshot:1	4	10	Epoch:20	Loss:14.569	MRR:19.6	Hits@10:31.9	Best:19.63
2025-02-19 11:46:15,179 INFO    : Snapshot:1	5	10	Epoch:21	Loss:14.522	MRR:19.61	Hits@10:31.85	Best:19.63
2025-02-19 11:46:24,122 INFO    : Snapshot:1	6	10	Epoch:22	Loss:14.511	MRR:19.61	Hits@10:31.85	Best:19.63
2025-02-19 11:46:33,100 INFO    : Snapshot:1	7	10	Epoch:23	Loss:14.532	MRR:19.61	Hits@10:31.83	Best:19.63
2025-02-19 11:46:42,219 INFO    : Snapshot:1	8	10	Epoch:24	Loss:14.522	MRR:19.58	Hits@10:31.76	Best:19.63
2025-02-19 11:46:51,320 INFO    : Snapshot:1	9	10	Epoch:25	Loss:14.518	MRR:19.62	Hits@10:31.9	Best:19.63
2025-02-19 11:47:00,610 INFO    : Early Stopping! Snapshot:1 Epoch: 26 Best Results: 19.63
2025-02-19 11:47:00,700 INFO    : => loading checkpoint './checkpoint/FACT\1model_best.tar'
2025-02-19 11:47:10,095 INFO    : 
+------------+--------+--------+--------+--------+---------+
| Snapshot:1 |  MRR   | Hits@1 | Hits@3 | Hits@5 | Hits@10 |
+------------+--------+--------+--------+--------+---------+
|     0      |  0.24  | 0.1585 | 0.2781 | 0.3244 |  0.3882 |
|     1      | 0.1938 | 0.1257 | 0.2239 | 0.2634 |  0.3159 |
+------------+--------+--------+--------+--------+---------+
2025-02-19 11:47:28,131 INFO    : Snapshot:2	0	10	Epoch:0	Loss:17.786	MRR:17.1	Hits@10:29.17	Best:17.1
2025-02-19 11:47:37,630 INFO    : Snapshot:2	0	10	Epoch:1	Loss:16.509	MRR:17.17	Hits@10:29.23	Best:17.17
2025-02-19 11:47:47,258 INFO    : Snapshot:2	0	10	Epoch:2	Loss:16.378	MRR:17.21	Hits@10:29.31	Best:17.21
2025-02-19 11:47:56,840 INFO    : Snapshot:2	0	10	Epoch:3	Loss:16.315	MRR:17.25	Hits@10:29.36	Best:17.25
2025-02-19 11:48:06,441 INFO    : Snapshot:2	0	10	Epoch:4	Loss:16.252	MRR:17.28	Hits@10:29.41	Best:17.28
2025-02-19 11:48:16,066 INFO    : Snapshot:2	1	10	Epoch:5	Loss:16.19	MRR:17.28	Hits@10:29.41	Best:17.28
2025-02-19 11:48:25,605 INFO    : Snapshot:2	2	10	Epoch:6	Loss:16.198	MRR:17.26	Hits@10:29.34	Best:17.28
2025-02-19 11:48:35,206 INFO    : Snapshot:2	3	10	Epoch:7	Loss:16.213	MRR:17.27	Hits@10:29.39	Best:17.28
2025-02-19 11:48:44,681 INFO    : Snapshot:2	0	10	Epoch:8	Loss:16.178	MRR:17.33	Hits@10:29.37	Best:17.33
2025-02-19 11:48:54,303 INFO    : Snapshot:2	1	10	Epoch:9	Loss:16.157	MRR:17.3	Hits@10:29.4	Best:17.33
2025-02-19 11:49:03,977 INFO    : Snapshot:2	2	10	Epoch:10	Loss:16.172	MRR:17.33	Hits@10:29.5	Best:17.33
2025-02-19 11:49:13,361 INFO    : Snapshot:2	0	10	Epoch:11	Loss:16.157	MRR:17.34	Hits@10:29.51	Best:17.34
2025-02-19 11:49:24,256 INFO    : Snapshot:2	1	10	Epoch:12	Loss:16.157	MRR:17.29	Hits@10:29.51	Best:17.34
2025-02-19 11:49:34,965 INFO    : Snapshot:2	2	10	Epoch:13	Loss:16.18	MRR:17.3	Hits@10:29.5	Best:17.34
2025-02-19 11:49:44,612 INFO    : Snapshot:2	3	10	Epoch:14	Loss:16.138	MRR:17.31	Hits@10:29.5	Best:17.34
2025-02-19 11:49:54,208 INFO    : Snapshot:2	4	10	Epoch:15	Loss:16.142	MRR:17.31	Hits@10:29.43	Best:17.34
2025-02-19 11:50:03,774 INFO    : Snapshot:2	5	10	Epoch:16	Loss:16.154	MRR:17.31	Hits@10:29.48	Best:17.34
2025-02-19 11:50:13,314 INFO    : Snapshot:2	6	10	Epoch:17	Loss:16.122	MRR:17.32	Hits@10:29.5	Best:17.34
2025-02-19 11:50:22,801 INFO    : Snapshot:2	7	10	Epoch:18	Loss:16.154	MRR:17.33	Hits@10:29.59	Best:17.34
2025-02-19 11:50:32,410 INFO    : Snapshot:2	8	10	Epoch:19	Loss:16.137	MRR:17.3	Hits@10:29.5	Best:17.34
2025-02-19 11:50:41,994 INFO    : Snapshot:2	0	10	Epoch:20	Loss:16.137	MRR:17.35	Hits@10:29.58	Best:17.35
2025-02-19 11:50:51,413 INFO    : Snapshot:2	1	10	Epoch:21	Loss:16.09	MRR:17.28	Hits@10:29.5	Best:17.35
2025-02-19 11:51:00,932 INFO    : Snapshot:2	2	10	Epoch:22	Loss:16.087	MRR:17.32	Hits@10:29.46	Best:17.35
2025-02-19 11:51:10,701 INFO    : Snapshot:2	3	10	Epoch:23	Loss:16.133	MRR:17.35	Hits@10:29.53	Best:17.35
2025-02-19 11:51:20,474 INFO    : Snapshot:2	4	10	Epoch:24	Loss:16.102	MRR:17.31	Hits@10:29.54	Best:17.35
2025-02-19 11:51:29,917 INFO    : Snapshot:2	5	10	Epoch:25	Loss:16.131	MRR:17.35	Hits@10:29.57	Best:17.35
2025-02-19 11:51:39,446 INFO    : Snapshot:2	6	10	Epoch:26	Loss:16.089	MRR:17.33	Hits@10:29.53	Best:17.35
2025-02-19 11:51:48,681 INFO    : Snapshot:2	7	10	Epoch:27	Loss:16.104	MRR:17.34	Hits@10:29.57	Best:17.35
2025-02-19 11:51:58,086 INFO    : Snapshot:2	8	10	Epoch:28	Loss:16.11	MRR:17.34	Hits@10:29.48	Best:17.35
2025-02-19 11:52:07,505 INFO    : Snapshot:2	0	10	Epoch:29	Loss:16.084	MRR:17.36	Hits@10:29.61	Best:17.36
2025-02-19 11:52:17,024 INFO    : Snapshot:2	1	10	Epoch:30	Loss:16.107	MRR:17.32	Hits@10:29.52	Best:17.36
2025-02-19 11:52:26,507 INFO    : Snapshot:2	2	10	Epoch:31	Loss:16.137	MRR:17.35	Hits@10:29.64	Best:17.36
2025-02-19 11:52:35,956 INFO    : Snapshot:2	3	10	Epoch:32	Loss:16.113	MRR:17.33	Hits@10:29.54	Best:17.36
2025-02-19 11:52:45,339 INFO    : Snapshot:2	4	10	Epoch:33	Loss:16.095	MRR:17.35	Hits@10:29.52	Best:17.36
2025-02-19 11:52:54,754 INFO    : Snapshot:2	5	10	Epoch:34	Loss:16.114	MRR:17.36	Hits@10:29.54	Best:17.36
2025-02-19 11:53:04,040 INFO    : Snapshot:2	6	10	Epoch:35	Loss:16.099	MRR:17.35	Hits@10:29.52	Best:17.36
2025-02-19 11:53:13,577 INFO    : Snapshot:2	7	10	Epoch:36	Loss:16.103	MRR:17.32	Hits@10:29.53	Best:17.36
2025-02-19 11:53:23,059 INFO    : Snapshot:2	8	10	Epoch:37	Loss:16.115	MRR:17.33	Hits@10:29.53	Best:17.36
2025-02-19 11:53:32,513 INFO    : Snapshot:2	0	10	Epoch:38	Loss:16.088	MRR:17.37	Hits@10:29.54	Best:17.37
2025-02-19 11:53:42,061 INFO    : Snapshot:2	1	10	Epoch:39	Loss:16.135	MRR:17.35	Hits@10:29.56	Best:17.37
2025-02-19 11:53:51,536 INFO    : Snapshot:2	2	10	Epoch:40	Loss:16.075	MRR:17.36	Hits@10:29.59	Best:17.37
2025-02-19 11:54:01,046 INFO    : Snapshot:2	3	10	Epoch:41	Loss:16.11	MRR:17.36	Hits@10:29.56	Best:17.37
2025-02-19 11:54:11,013 INFO    : Snapshot:2	4	10	Epoch:42	Loss:16.091	MRR:17.35	Hits@10:29.52	Best:17.37
2025-02-19 11:54:20,553 INFO    : Snapshot:2	5	10	Epoch:43	Loss:16.087	MRR:17.33	Hits@10:29.52	Best:17.37
2025-02-19 11:54:30,079 INFO    : Snapshot:2	6	10	Epoch:44	Loss:16.074	MRR:17.32	Hits@10:29.56	Best:17.37
2025-02-19 11:54:39,845 INFO    : Snapshot:2	0	10	Epoch:45	Loss:16.075	MRR:17.38	Hits@10:29.58	Best:17.38
2025-02-19 11:54:49,511 INFO    : Snapshot:2	1	10	Epoch:46	Loss:16.072	MRR:17.35	Hits@10:29.52	Best:17.38
2025-02-19 11:54:59,031 INFO    : Snapshot:2	2	10	Epoch:47	Loss:16.096	MRR:17.34	Hits@10:29.56	Best:17.38
2025-02-19 11:55:08,585 INFO    : Snapshot:2	3	10	Epoch:48	Loss:16.059	MRR:17.36	Hits@10:29.52	Best:17.38
2025-02-19 11:55:18,021 INFO    : Snapshot:2	4	10	Epoch:49	Loss:16.065	MRR:17.34	Hits@10:29.55	Best:17.38
2025-02-19 11:55:27,587 INFO    : Snapshot:2	5	10	Epoch:50	Loss:16.082	MRR:17.37	Hits@10:29.57	Best:17.38
2025-02-19 11:55:37,115 INFO    : Snapshot:2	6	10	Epoch:51	Loss:16.083	MRR:17.35	Hits@10:29.56	Best:17.38
2025-02-19 11:55:46,886 INFO    : Snapshot:2	7	10	Epoch:52	Loss:16.098	MRR:17.34	Hits@10:29.54	Best:17.38
2025-02-19 11:55:56,597 INFO    : Snapshot:2	8	10	Epoch:53	Loss:16.073	MRR:17.37	Hits@10:29.52	Best:17.38
2025-02-19 11:56:06,213 INFO    : Snapshot:2	9	10	Epoch:54	Loss:16.09	MRR:17.36	Hits@10:29.5	Best:17.38
2025-02-19 11:56:15,820 INFO    : Early Stopping! Snapshot:2 Epoch: 55 Best Results: 17.38
2025-02-19 11:56:15,912 INFO    : => loading checkpoint './checkpoint/FACT\2model_best.tar'
2025-02-19 11:56:31,586 INFO    : 
+------------+--------+--------+--------+--------+---------+
| Snapshot:2 |  MRR   | Hits@1 | Hits@3 | Hits@5 | Hits@10 |
+------------+--------+--------+--------+--------+---------+
|     0      |  0.24  | 0.1585 | 0.2781 | 0.3244 |  0.3882 |
|     1      | 0.1938 | 0.1257 | 0.2239 | 0.2634 |  0.3159 |
|     2      | 0.1725 | 0.1064 | 0.1978 | 0.2376 |  0.2942 |
+------------+--------+--------+--------+--------+---------+
2025-02-19 11:56:50,067 INFO    : Snapshot:3	0	10	Epoch:0	Loss:17.554	MRR:14.48	Hits@10:25.63	Best:14.48
2025-02-19 11:56:59,826 INFO    : Snapshot:3	0	10	Epoch:1	Loss:16.999	MRR:14.54	Hits@10:25.73	Best:14.54
2025-02-19 11:57:09,552 INFO    : Snapshot:3	0	10	Epoch:2	Loss:16.966	MRR:14.55	Hits@10:25.71	Best:14.55
2025-02-19 11:57:19,273 INFO    : Snapshot:3	0	10	Epoch:3	Loss:16.945	MRR:14.56	Hits@10:25.74	Best:14.56
2025-02-19 11:57:28,886 INFO    : Snapshot:3	0	10	Epoch:4	Loss:16.913	MRR:14.59	Hits@10:25.81	Best:14.59
2025-02-19 11:57:38,478 INFO    : Snapshot:3	1	10	Epoch:5	Loss:16.925	MRR:14.58	Hits@10:25.73	Best:14.59
2025-02-19 11:57:48,068 INFO    : Snapshot:3	2	10	Epoch:6	Loss:16.938	MRR:14.57	Hits@10:25.75	Best:14.59
2025-02-19 11:57:57,616 INFO    : Snapshot:3	3	10	Epoch:7	Loss:16.895	MRR:14.58	Hits@10:25.73	Best:14.59
2025-02-19 11:58:07,227 INFO    : Snapshot:3	0	10	Epoch:8	Loss:16.897	MRR:14.6	Hits@10:25.78	Best:14.6
2025-02-19 11:58:16,851 INFO    : Snapshot:3	0	10	Epoch:9	Loss:16.918	MRR:14.62	Hits@10:25.74	Best:14.62
2025-02-19 11:58:26,421 INFO    : Snapshot:3	1	10	Epoch:10	Loss:16.895	MRR:14.61	Hits@10:25.8	Best:14.62
2025-02-19 11:58:36,016 INFO    : Snapshot:3	2	10	Epoch:11	Loss:16.892	MRR:14.58	Hits@10:25.75	Best:14.62
2025-02-19 11:58:45,773 INFO    : Snapshot:3	3	10	Epoch:12	Loss:16.923	MRR:14.6	Hits@10:25.78	Best:14.62
2025-02-19 11:58:55,445 INFO    : Snapshot:3	4	10	Epoch:13	Loss:16.905	MRR:14.61	Hits@10:25.76	Best:14.62
2025-02-19 11:59:05,056 INFO    : Snapshot:3	5	10	Epoch:14	Loss:16.91	MRR:14.61	Hits@10:25.76	Best:14.62
2025-02-19 11:59:14,558 INFO    : Snapshot:3	6	10	Epoch:15	Loss:16.895	MRR:14.6	Hits@10:25.8	Best:14.62
2025-02-19 11:59:23,961 INFO    : Snapshot:3	7	10	Epoch:16	Loss:16.882	MRR:14.62	Hits@10:25.72	Best:14.62
2025-02-19 11:59:34,126 INFO    : Snapshot:3	8	10	Epoch:17	Loss:16.909	MRR:14.61	Hits@10:25.74	Best:14.62
2025-02-19 11:59:43,840 INFO    : Snapshot:3	9	10	Epoch:18	Loss:16.905	MRR:14.6	Hits@10:25.74	Best:14.62
2025-02-19 11:59:53,410 INFO    : Early Stopping! Snapshot:3 Epoch: 19 Best Results: 14.62
2025-02-19 11:59:53,498 INFO    : => loading checkpoint './checkpoint/FACT\3model_best.tar'
2025-02-19 12:00:15,387 INFO    : 
+------------+--------+--------+--------+--------+---------+
| Snapshot:3 |  MRR   | Hits@1 | Hits@3 | Hits@5 | Hits@10 |
+------------+--------+--------+--------+--------+---------+
|     0      |  0.24  | 0.1585 | 0.2781 | 0.3244 |  0.3882 |
|     1      | 0.1938 | 0.1257 | 0.2239 | 0.2634 |  0.3159 |
|     2      | 0.1725 | 0.1064 | 0.1978 | 0.2376 |  0.2942 |
|     3      | 0.1461 | 0.0842 | 0.1665 | 0.2065 |  0.2616 |
+------------+--------+--------+--------+--------+---------+
2025-02-19 12:01:41,367 INFO    : Snapshot:4	0	10	Epoch:0	Loss:17.289	MRR:10.88	Hits@10:21.07	Best:10.88
2025-02-19 12:02:24,932 INFO    : Snapshot:4	0	10	Epoch:1	Loss:16.526	MRR:10.92	Hits@10:21.08	Best:10.92
2025-02-19 12:03:08,195 INFO    : Snapshot:4	0	10	Epoch:2	Loss:16.456	MRR:10.98	Hits@10:21.22	Best:10.98
2025-02-19 12:03:51,432 INFO    : Snapshot:4	1	10	Epoch:3	Loss:16.473	MRR:10.93	Hits@10:21.1	Best:10.98
2025-02-19 12:04:34,568 INFO    : Snapshot:4	2	10	Epoch:4	Loss:16.437	MRR:10.98	Hits@10:21.13	Best:10.98
2025-02-19 12:05:17,683 INFO    : Snapshot:4	3	10	Epoch:5	Loss:16.447	MRR:10.94	Hits@10:21.15	Best:10.98
2025-02-19 12:06:01,067 INFO    : Snapshot:4	4	10	Epoch:6	Loss:16.423	MRR:10.94	Hits@10:21.12	Best:10.98
2025-02-19 12:06:44,324 INFO    : Snapshot:4	5	10	Epoch:7	Loss:16.411	MRR:10.93	Hits@10:21.1	Best:10.98
2025-02-19 12:07:27,521 INFO    : Snapshot:4	6	10	Epoch:8	Loss:16.431	MRR:10.95	Hits@10:21.26	Best:10.98
2025-02-19 12:08:10,704 INFO    : Snapshot:4	7	10	Epoch:9	Loss:16.401	MRR:10.92	Hits@10:21.1	Best:10.98
2025-02-19 12:08:53,879 INFO    : Snapshot:4	8	10	Epoch:10	Loss:16.387	MRR:10.95	Hits@10:21.14	Best:10.98
2025-02-19 12:09:37,298 INFO    : Snapshot:4	9	10	Epoch:11	Loss:16.381	MRR:10.93	Hits@10:21.06	Best:10.98
2025-02-19 12:10:20,635 INFO    : Early Stopping! Snapshot:4 Epoch: 12 Best Results: 10.98
2025-02-19 12:10:20,734 INFO    : => loading checkpoint './checkpoint/FACT\4model_best.tar'
2025-02-19 12:11:21,832 INFO    : 
+------------+--------+--------+--------+--------+---------+
| Snapshot:4 |  MRR   | Hits@1 | Hits@3 | Hits@5 | Hits@10 |
+------------+--------+--------+--------+--------+---------+
|     0      |  0.24  | 0.1585 | 0.2781 | 0.3244 |  0.3882 |
|     1      | 0.1938 | 0.1257 | 0.2239 | 0.2634 |  0.3159 |
|     2      | 0.1725 | 0.1064 | 0.1978 | 0.2376 |  0.2942 |
|     3      | 0.1461 | 0.0842 | 0.1665 | 0.2065 |  0.2616 |
|     4      | 0.1103 | 0.055  | 0.1222 | 0.1551 |  0.2098 |
+------------+--------+--------+--------+--------+---------+
2025-02-19 12:11:21,834 INFO    : Final Result:
[+------------+------+--------+--------+--------+---------+
| Snapshot:0 | MRR  | Hits@1 | Hits@3 | Hits@5 | Hits@10 |
+------------+------+--------+--------+--------+---------+
|     0      | 0.24 | 0.1585 | 0.2781 | 0.3244 |  0.3882 |
+------------+------+--------+--------+--------+---------+, +------------+--------+--------+--------+--------+---------+
| Snapshot:1 |  MRR   | Hits@1 | Hits@3 | Hits@5 | Hits@10 |
+------------+--------+--------+--------+--------+---------+
|     0      |  0.24  | 0.1585 | 0.2781 | 0.3244 |  0.3882 |
|     1      | 0.1938 | 0.1257 | 0.2239 | 0.2634 |  0.3159 |
+------------+--------+--------+--------+--------+---------+, +------------+--------+--------+--------+--------+---------+
| Snapshot:2 |  MRR   | Hits@1 | Hits@3 | Hits@5 | Hits@10 |
+------------+--------+--------+--------+--------+---------+
|     0      |  0.24  | 0.1585 | 0.2781 | 0.3244 |  0.3882 |
|     1      | 0.1938 | 0.1257 | 0.2239 | 0.2634 |  0.3159 |
|     2      | 0.1725 | 0.1064 | 0.1978 | 0.2376 |  0.2942 |
+------------+--------+--------+--------+--------+---------+, +------------+--------+--------+--------+--------+---------+
| Snapshot:3 |  MRR   | Hits@1 | Hits@3 | Hits@5 | Hits@10 |
+------------+--------+--------+--------+--------+---------+
|     0      |  0.24  | 0.1585 | 0.2781 | 0.3244 |  0.3882 |
|     1      | 0.1938 | 0.1257 | 0.2239 | 0.2634 |  0.3159 |
|     2      | 0.1725 | 0.1064 | 0.1978 | 0.2376 |  0.2942 |
|     3      | 0.1461 | 0.0842 | 0.1665 | 0.2065 |  0.2616 |
+------------+--------+--------+--------+--------+---------+, +------------+--------+--------+--------+--------+---------+
| Snapshot:4 |  MRR   | Hits@1 | Hits@3 | Hits@5 | Hits@10 |
+------------+--------+--------+--------+--------+---------+
|     0      |  0.24  | 0.1585 | 0.2781 | 0.3244 |  0.3882 |
|     1      | 0.1938 | 0.1257 | 0.2239 | 0.2634 |  0.3159 |
|     2      | 0.1725 | 0.1064 | 0.1978 | 0.2376 |  0.2942 |
|     3      | 0.1461 | 0.0842 | 0.1665 | 0.2065 |  0.2616 |
|     4      | 0.1103 | 0.055  | 0.1222 | 0.1551 |  0.2098 |
+------------+--------+--------+--------+--------+---------+]
2025-02-19 12:11:21,835 INFO    : Report Result:
+----------+--------------------+-----------+--------------+--------------+---------------+
| Snapshot |        Time        | Whole_MRR | Whole_Hits@1 | Whole_Hits@3 | Whole_Hits@10 |
+----------+--------------------+-----------+--------------+--------------+---------------+
|    0     | 118.45194816589355 |    0.24   |    0.159     |    0.278     |     0.388     |
|    1     | 249.9969129562378  |   0.217   |    0.142     |    0.251     |     0.352     |
|    2     | 539.9144148826599  |   0.202   |     0.13     |    0.233     |     0.333     |
|    3     | 195.64858078956604 |   0.188   |    0.119     |    0.217     |     0.315     |
|    4     | 564.8692715167999  |   0.173   |    0.106     |    0.198     |     0.294     |
+----------+--------------------+-----------+--------------+--------------+---------------+
2025-02-19 12:11:21,836 INFO    : Sum_Training_Time:1668.8811283111572
2025-02-19 12:11:21,836 INFO    : Every_Training_Time:[118.45194816589355, 249.9969129562378, 539.9144148826599, 195.64858078956604, 564.8692715167999]
2025-02-19 12:11:21,836 INFO    : Forward transfer: 0.140775 Backward transfer: 0.0
