2025-04-03 20:05:19,313 INFO    : Namespace(batch_size=1024, data_path='./data/FACT/', dataset='FACT', debug=False, device=device(type='cuda', index=0), emb_dim=200, ent_r='200', epoch_num=200, explore=False, gpu='0', l2=0.0, learning_rate='1e-1', log_path='./logs/FACT 200 20 1e-1 1024/FACT 20250403200509', logger=<RootLogger root (INFO)>, margin=8.0, model_name='LoraKGE_Layers', multi_layers_path='train_sorted_by_edges_betweenness.txt', neg_ratio=10, note='', num_ent_layers='20', num_layer=1, num_rel_layers=1, patience='10', predict_result=False, r=100, r_fixed=True, random_seed=3407, record=False, rel_r='200', save_path='./checkpoint/FACT', skip_previous='False', snapshot_num=5, train_new=True, using_multi_layers=False, using_various_ranks='True', using_various_ranks_reverse=False, valid_metrics='mrr')
2025-04-03 20:05:27,446 INFO    : Snapshot:0	0	10	Epoch:0	Loss:44.386	MRR:10.86	Hits@10:21.55	Best:10.86
2025-04-03 20:05:33,380 INFO    : Snapshot:0	0	10	Epoch:1	Loss:26.666	MRR:16.44	Hits@10:30.95	Best:16.44
2025-04-03 20:05:39,381 INFO    : Snapshot:0	0	10	Epoch:2	Loss:15.783	MRR:20.92	Hits@10:35.61	Best:20.92
2025-04-03 20:05:45,342 INFO    : Snapshot:0	0	10	Epoch:3	Loss:9.026	MRR:23.2	Hits@10:37.42	Best:23.2
2025-04-03 20:05:51,362 INFO    : Snapshot:0	0	10	Epoch:4	Loss:5.212	MRR:24.25	Hits@10:38.35	Best:24.25
2025-04-03 20:05:57,348 INFO    : Snapshot:0	0	10	Epoch:5	Loss:3.235	MRR:24.59	Hits@10:39.07	Best:24.59
2025-04-03 20:06:03,303 INFO    : Snapshot:0	0	10	Epoch:6	Loss:2.188	MRR:24.67	Hits@10:39.28	Best:24.67
2025-04-03 20:06:09,281 INFO    : Snapshot:0	0	10	Epoch:7	Loss:1.639	MRR:24.77	Hits@10:39.31	Best:24.77
2025-04-03 20:06:15,250 INFO    : Snapshot:0	0	10	Epoch:8	Loss:1.291	MRR:24.83	Hits@10:39.5	Best:24.83
2025-04-03 20:06:21,240 INFO    : Snapshot:0	1	10	Epoch:9	Loss:1.085	MRR:24.8	Hits@10:39.52	Best:24.83
2025-04-03 20:06:27,199 INFO    : Snapshot:0	2	10	Epoch:10	Loss:0.926	MRR:24.7	Hits@10:39.44	Best:24.83
2025-04-03 20:06:33,289 INFO    : Snapshot:0	3	10	Epoch:11	Loss:0.849	MRR:24.79	Hits@10:39.65	Best:24.83
2025-04-03 20:06:39,303 INFO    : Snapshot:0	4	10	Epoch:12	Loss:0.773	MRR:24.83	Hits@10:39.66	Best:24.83
2025-04-03 20:06:45,288 INFO    : Snapshot:0	5	10	Epoch:13	Loss:0.727	MRR:24.8	Hits@10:39.64	Best:24.83
2025-04-03 20:06:51,277 INFO    : Snapshot:0	6	10	Epoch:14	Loss:0.689	MRR:24.65	Hits@10:39.51	Best:24.83
2025-04-03 20:06:57,287 INFO    : Snapshot:0	7	10	Epoch:15	Loss:0.636	MRR:24.59	Hits@10:39.51	Best:24.83
2025-04-03 20:07:03,376 INFO    : Snapshot:0	8	10	Epoch:16	Loss:0.6	MRR:24.83	Hits@10:39.38	Best:24.83
2025-04-03 20:07:09,328 INFO    : Snapshot:0	9	10	Epoch:17	Loss:0.569	MRR:24.75	Hits@10:39.33	Best:24.83
2025-04-03 20:07:15,520 INFO    : Early Stopping! Snapshot:0 Epoch: 18 Best Results: 24.83
2025-04-03 20:07:15,615 INFO    : => loading checkpoint './checkpoint/FACT\0model_best.tar'
2025-04-03 20:07:19,201 INFO    : 
+------------+------+--------+--------+--------+---------+
| Snapshot:0 | MRR  | Hits@1 | Hits@3 | Hits@5 | Hits@10 |
+------------+------+--------+--------+--------+---------+
|     0      | 0.24 | 0.1585 | 0.2781 | 0.3244 |  0.3882 |
+------------+------+--------+--------+--------+---------+
2025-04-03 20:07:37,224 INFO    : Snapshot:1	0	10	Epoch:0	Loss:19.36	MRR:18.63	Hits@10:30.18	Best:18.63
2025-04-03 20:07:47,441 INFO    : Snapshot:1	0	10	Epoch:1	Loss:16.088	MRR:18.98	Hits@10:30.72	Best:18.98
2025-04-03 20:07:57,915 INFO    : Snapshot:1	0	10	Epoch:2	Loss:15.437	MRR:19.19	Hits@10:31.1	Best:19.19
2025-04-03 20:08:06,569 INFO    : Snapshot:1	0	10	Epoch:3	Loss:15.143	MRR:19.31	Hits@10:31.42	Best:19.31
2025-04-03 20:08:15,163 INFO    : Snapshot:1	0	10	Epoch:4	Loss:14.982	MRR:19.36	Hits@10:31.46	Best:19.36
2025-04-03 20:08:23,765 INFO    : Snapshot:1	1	10	Epoch:5	Loss:14.909	MRR:19.36	Hits@10:31.48	Best:19.36
2025-04-03 20:08:32,493 INFO    : Snapshot:1	0	10	Epoch:6	Loss:14.831	MRR:19.41	Hits@10:31.56	Best:19.41
2025-04-03 20:08:41,284 INFO    : Snapshot:1	0	10	Epoch:7	Loss:14.775	MRR:19.46	Hits@10:31.58	Best:19.46
2025-04-03 20:08:50,127 INFO    : Snapshot:1	0	10	Epoch:8	Loss:14.721	MRR:19.49	Hits@10:31.65	Best:19.49
2025-04-03 20:08:58,718 INFO    : Snapshot:1	1	10	Epoch:9	Loss:14.732	MRR:19.49	Hits@10:31.62	Best:19.49
2025-04-03 20:09:07,346 INFO    : Snapshot:1	0	10	Epoch:10	Loss:14.633	MRR:19.51	Hits@10:31.65	Best:19.51
2025-04-03 20:09:16,063 INFO    : Snapshot:1	0	10	Epoch:11	Loss:14.664	MRR:19.53	Hits@10:31.78	Best:19.53
2025-04-03 20:09:24,727 INFO    : Snapshot:1	0	10	Epoch:12	Loss:14.628	MRR:19.54	Hits@10:31.68	Best:19.54
2025-04-03 20:09:33,290 INFO    : Snapshot:1	1	10	Epoch:13	Loss:14.657	MRR:19.53	Hits@10:31.74	Best:19.54
2025-04-03 20:09:41,883 INFO    : Snapshot:1	0	10	Epoch:14	Loss:14.615	MRR:19.58	Hits@10:31.74	Best:19.58
2025-04-03 20:09:50,485 INFO    : Snapshot:1	1	10	Epoch:15	Loss:14.601	MRR:19.56	Hits@10:31.89	Best:19.58
2025-04-03 20:09:59,127 INFO    : Snapshot:1	0	10	Epoch:16	Loss:14.568	MRR:19.63	Hits@10:31.82	Best:19.63
2025-04-03 20:10:07,749 INFO    : Snapshot:1	1	10	Epoch:17	Loss:14.559	MRR:19.57	Hits@10:31.77	Best:19.63
2025-04-03 20:10:16,333 INFO    : Snapshot:1	2	10	Epoch:18	Loss:14.559	MRR:19.62	Hits@10:31.84	Best:19.63
2025-04-03 20:10:24,979 INFO    : Snapshot:1	3	10	Epoch:19	Loss:14.536	MRR:19.62	Hits@10:31.89	Best:19.63
2025-04-03 20:10:33,853 INFO    : Snapshot:1	4	10	Epoch:20	Loss:14.569	MRR:19.6	Hits@10:31.9	Best:19.63
2025-04-03 20:10:42,690 INFO    : Snapshot:1	5	10	Epoch:21	Loss:14.522	MRR:19.61	Hits@10:31.85	Best:19.63
2025-04-03 20:10:51,345 INFO    : Snapshot:1	6	10	Epoch:22	Loss:14.511	MRR:19.61	Hits@10:31.85	Best:19.63
2025-04-03 20:10:59,822 INFO    : Snapshot:1	7	10	Epoch:23	Loss:14.532	MRR:19.61	Hits@10:31.83	Best:19.63
2025-04-03 20:11:08,391 INFO    : Snapshot:1	8	10	Epoch:24	Loss:14.522	MRR:19.58	Hits@10:31.76	Best:19.63
2025-04-03 20:11:16,989 INFO    : Snapshot:1	9	10	Epoch:25	Loss:14.518	MRR:19.62	Hits@10:31.9	Best:19.63
2025-04-03 20:11:25,783 INFO    : Early Stopping! Snapshot:1 Epoch: 26 Best Results: 19.63
2025-04-03 20:11:25,875 INFO    : => loading checkpoint './checkpoint/FACT\1model_best.tar'
2025-04-03 20:11:35,129 INFO    : 
+------------+--------+--------+--------+--------+---------+
| Snapshot:1 |  MRR   | Hits@1 | Hits@3 | Hits@5 | Hits@10 |
+------------+--------+--------+--------+--------+---------+
|     0      |  0.24  | 0.1585 | 0.2781 | 0.3244 |  0.3882 |
|     1      | 0.1938 | 0.1257 | 0.2239 | 0.2634 |  0.3159 |
+------------+--------+--------+--------+--------+---------+
2025-04-03 20:11:52,385 INFO    : Snapshot:2	0	10	Epoch:0	Loss:17.786	MRR:17.1	Hits@10:29.17	Best:17.1
2025-04-03 20:12:01,306 INFO    : Snapshot:2	0	10	Epoch:1	Loss:16.509	MRR:17.17	Hits@10:29.23	Best:17.17
2025-04-03 20:12:10,570 INFO    : Snapshot:2	0	10	Epoch:2	Loss:16.378	MRR:17.21	Hits@10:29.31	Best:17.21
2025-04-03 20:12:19,866 INFO    : Snapshot:2	0	10	Epoch:3	Loss:16.315	MRR:17.25	Hits@10:29.36	Best:17.25
2025-04-03 20:12:29,001 INFO    : Snapshot:2	0	10	Epoch:4	Loss:16.252	MRR:17.28	Hits@10:29.41	Best:17.28
2025-04-03 20:12:38,142 INFO    : Snapshot:2	1	10	Epoch:5	Loss:16.19	MRR:17.28	Hits@10:29.41	Best:17.28
2025-04-03 20:12:47,139 INFO    : Snapshot:2	2	10	Epoch:6	Loss:16.198	MRR:17.26	Hits@10:29.34	Best:17.28
2025-04-03 20:12:56,241 INFO    : Snapshot:2	3	10	Epoch:7	Loss:16.213	MRR:17.27	Hits@10:29.39	Best:17.28
2025-04-03 20:13:05,333 INFO    : Snapshot:2	0	10	Epoch:8	Loss:16.178	MRR:17.33	Hits@10:29.37	Best:17.33
2025-04-03 20:13:14,387 INFO    : Snapshot:2	1	10	Epoch:9	Loss:16.157	MRR:17.3	Hits@10:29.4	Best:17.33
2025-04-03 20:13:23,556 INFO    : Snapshot:2	2	10	Epoch:10	Loss:16.172	MRR:17.33	Hits@10:29.5	Best:17.33
2025-04-03 20:13:32,589 INFO    : Snapshot:2	0	10	Epoch:11	Loss:16.157	MRR:17.34	Hits@10:29.51	Best:17.34
2025-04-03 20:13:41,605 INFO    : Snapshot:2	1	10	Epoch:12	Loss:16.157	MRR:17.29	Hits@10:29.51	Best:17.34
2025-04-03 20:13:50,859 INFO    : Snapshot:2	2	10	Epoch:13	Loss:16.18	MRR:17.3	Hits@10:29.5	Best:17.34
2025-04-03 20:13:59,866 INFO    : Snapshot:2	3	10	Epoch:14	Loss:16.138	MRR:17.31	Hits@10:29.5	Best:17.34
2025-04-03 20:14:08,981 INFO    : Snapshot:2	4	10	Epoch:15	Loss:16.142	MRR:17.31	Hits@10:29.43	Best:17.34
2025-04-03 20:14:18,093 INFO    : Snapshot:2	5	10	Epoch:16	Loss:16.154	MRR:17.31	Hits@10:29.48	Best:17.34
2025-04-03 20:14:27,160 INFO    : Snapshot:2	6	10	Epoch:17	Loss:16.122	MRR:17.32	Hits@10:29.5	Best:17.34
2025-04-03 20:14:36,268 INFO    : Snapshot:2	7	10	Epoch:18	Loss:16.154	MRR:17.33	Hits@10:29.59	Best:17.34
2025-04-03 20:14:45,335 INFO    : Snapshot:2	8	10	Epoch:19	Loss:16.137	MRR:17.3	Hits@10:29.5	Best:17.34
2025-04-03 20:14:54,498 INFO    : Snapshot:2	0	10	Epoch:20	Loss:16.137	MRR:17.35	Hits@10:29.58	Best:17.35
2025-04-03 20:15:03,510 INFO    : Snapshot:2	1	10	Epoch:21	Loss:16.09	MRR:17.28	Hits@10:29.5	Best:17.35
2025-04-03 20:15:12,635 INFO    : Snapshot:2	2	10	Epoch:22	Loss:16.087	MRR:17.32	Hits@10:29.46	Best:17.35
2025-04-03 20:15:21,921 INFO    : Snapshot:2	3	10	Epoch:23	Loss:16.133	MRR:17.35	Hits@10:29.53	Best:17.35
2025-04-03 20:15:30,900 INFO    : Snapshot:2	4	10	Epoch:24	Loss:16.102	MRR:17.31	Hits@10:29.54	Best:17.35
2025-04-03 20:15:39,847 INFO    : Snapshot:2	5	10	Epoch:25	Loss:16.131	MRR:17.35	Hits@10:29.57	Best:17.35
2025-04-03 20:15:48,839 INFO    : Snapshot:2	6	10	Epoch:26	Loss:16.089	MRR:17.33	Hits@10:29.53	Best:17.35
2025-04-03 20:15:57,976 INFO    : Snapshot:2	7	10	Epoch:27	Loss:16.104	MRR:17.34	Hits@10:29.57	Best:17.35
2025-04-03 20:16:07,064 INFO    : Snapshot:2	8	10	Epoch:28	Loss:16.11	MRR:17.34	Hits@10:29.48	Best:17.35
2025-04-03 20:16:16,194 INFO    : Snapshot:2	0	10	Epoch:29	Loss:16.084	MRR:17.36	Hits@10:29.61	Best:17.36
2025-04-03 20:16:25,377 INFO    : Snapshot:2	1	10	Epoch:30	Loss:16.107	MRR:17.32	Hits@10:29.52	Best:17.36
2025-04-03 20:16:34,545 INFO    : Snapshot:2	2	10	Epoch:31	Loss:16.137	MRR:17.35	Hits@10:29.64	Best:17.36
2025-04-03 20:16:43,739 INFO    : Snapshot:2	3	10	Epoch:32	Loss:16.113	MRR:17.33	Hits@10:29.54	Best:17.36
2025-04-03 20:16:52,988 INFO    : Snapshot:2	4	10	Epoch:33	Loss:16.095	MRR:17.35	Hits@10:29.52	Best:17.36
2025-04-03 20:17:02,012 INFO    : Snapshot:2	5	10	Epoch:34	Loss:16.114	MRR:17.36	Hits@10:29.54	Best:17.36
2025-04-03 20:17:11,045 INFO    : Snapshot:2	6	10	Epoch:35	Loss:16.099	MRR:17.35	Hits@10:29.52	Best:17.36
2025-04-03 20:17:20,070 INFO    : Snapshot:2	7	10	Epoch:36	Loss:16.103	MRR:17.32	Hits@10:29.53	Best:17.36
2025-04-03 20:17:29,089 INFO    : Snapshot:2	8	10	Epoch:37	Loss:16.115	MRR:17.33	Hits@10:29.53	Best:17.36
2025-04-03 20:17:38,246 INFO    : Snapshot:2	0	10	Epoch:38	Loss:16.088	MRR:17.37	Hits@10:29.54	Best:17.37
2025-04-03 20:17:47,196 INFO    : Snapshot:2	1	10	Epoch:39	Loss:16.135	MRR:17.35	Hits@10:29.56	Best:17.37
2025-04-03 20:17:56,145 INFO    : Snapshot:2	2	10	Epoch:40	Loss:16.075	MRR:17.36	Hits@10:29.59	Best:17.37
2025-04-03 20:18:05,056 INFO    : Snapshot:2	3	10	Epoch:41	Loss:16.11	MRR:17.36	Hits@10:29.56	Best:17.37
2025-04-03 20:18:14,117 INFO    : Snapshot:2	4	10	Epoch:42	Loss:16.091	MRR:17.35	Hits@10:29.52	Best:17.37
2025-04-03 20:18:23,293 INFO    : Snapshot:2	5	10	Epoch:43	Loss:16.087	MRR:17.33	Hits@10:29.52	Best:17.37
2025-04-03 20:18:32,419 INFO    : Snapshot:2	6	10	Epoch:44	Loss:16.074	MRR:17.32	Hits@10:29.56	Best:17.37
2025-04-03 20:18:41,582 INFO    : Snapshot:2	0	10	Epoch:45	Loss:16.075	MRR:17.38	Hits@10:29.58	Best:17.38
2025-04-03 20:18:50,663 INFO    : Snapshot:2	1	10	Epoch:46	Loss:16.072	MRR:17.35	Hits@10:29.52	Best:17.38
2025-04-03 20:18:59,764 INFO    : Snapshot:2	2	10	Epoch:47	Loss:16.096	MRR:17.34	Hits@10:29.56	Best:17.38
2025-04-03 20:19:08,964 INFO    : Snapshot:2	3	10	Epoch:48	Loss:16.059	MRR:17.36	Hits@10:29.52	Best:17.38
2025-04-03 20:19:18,135 INFO    : Snapshot:2	4	10	Epoch:49	Loss:16.065	MRR:17.34	Hits@10:29.55	Best:17.38
2025-04-03 20:19:27,193 INFO    : Snapshot:2	5	10	Epoch:50	Loss:16.082	MRR:17.37	Hits@10:29.57	Best:17.38
2025-04-03 20:19:36,204 INFO    : Snapshot:2	6	10	Epoch:51	Loss:16.083	MRR:17.35	Hits@10:29.56	Best:17.38
2025-04-03 20:19:45,436 INFO    : Snapshot:2	7	10	Epoch:52	Loss:16.098	MRR:17.34	Hits@10:29.54	Best:17.38
2025-04-03 20:19:54,437 INFO    : Snapshot:2	8	10	Epoch:53	Loss:16.073	MRR:17.37	Hits@10:29.52	Best:17.38
2025-04-03 20:20:03,529 INFO    : Snapshot:2	9	10	Epoch:54	Loss:16.09	MRR:17.36	Hits@10:29.5	Best:17.38
2025-04-03 20:20:12,568 INFO    : Early Stopping! Snapshot:2 Epoch: 55 Best Results: 17.38
2025-04-03 20:20:12,661 INFO    : => loading checkpoint './checkpoint/FACT\2model_best.tar'
2025-04-03 20:20:27,679 INFO    : 
+------------+--------+--------+--------+--------+---------+
| Snapshot:2 |  MRR   | Hits@1 | Hits@3 | Hits@5 | Hits@10 |
+------------+--------+--------+--------+--------+---------+
|     0      |  0.24  | 0.1585 | 0.2781 | 0.3244 |  0.3882 |
|     1      | 0.1938 | 0.1257 | 0.2239 | 0.2634 |  0.3159 |
|     2      | 0.1725 | 0.1064 | 0.1978 | 0.2376 |  0.2942 |
+------------+--------+--------+--------+--------+---------+
2025-04-03 20:20:45,650 INFO    : Snapshot:3	0	10	Epoch:0	Loss:17.554	MRR:14.48	Hits@10:25.63	Best:14.48
2025-04-03 20:20:54,841 INFO    : Snapshot:3	0	10	Epoch:1	Loss:16.999	MRR:14.54	Hits@10:25.73	Best:14.54
2025-04-03 20:21:04,097 INFO    : Snapshot:3	0	10	Epoch:2	Loss:16.966	MRR:14.55	Hits@10:25.71	Best:14.55
2025-04-03 20:21:13,441 INFO    : Snapshot:3	0	10	Epoch:3	Loss:16.945	MRR:14.56	Hits@10:25.74	Best:14.56
2025-04-03 20:21:22,797 INFO    : Snapshot:3	0	10	Epoch:4	Loss:16.913	MRR:14.59	Hits@10:25.81	Best:14.59
2025-04-03 20:21:31,988 INFO    : Snapshot:3	1	10	Epoch:5	Loss:16.925	MRR:14.58	Hits@10:25.73	Best:14.59
2025-04-03 20:21:41,368 INFO    : Snapshot:3	2	10	Epoch:6	Loss:16.938	MRR:14.57	Hits@10:25.75	Best:14.59
2025-04-03 20:21:50,553 INFO    : Snapshot:3	3	10	Epoch:7	Loss:16.895	MRR:14.58	Hits@10:25.73	Best:14.59
2025-04-03 20:21:59,792 INFO    : Snapshot:3	0	10	Epoch:8	Loss:16.897	MRR:14.6	Hits@10:25.78	Best:14.6
2025-04-03 20:22:09,035 INFO    : Snapshot:3	0	10	Epoch:9	Loss:16.918	MRR:14.62	Hits@10:25.74	Best:14.62
2025-04-03 20:22:18,268 INFO    : Snapshot:3	1	10	Epoch:10	Loss:16.895	MRR:14.61	Hits@10:25.8	Best:14.62
2025-04-03 20:22:27,616 INFO    : Snapshot:3	2	10	Epoch:11	Loss:16.892	MRR:14.58	Hits@10:25.75	Best:14.62
2025-04-03 20:22:36,870 INFO    : Snapshot:3	3	10	Epoch:12	Loss:16.923	MRR:14.6	Hits@10:25.78	Best:14.62
2025-04-03 20:22:46,112 INFO    : Snapshot:3	4	10	Epoch:13	Loss:16.905	MRR:14.61	Hits@10:25.76	Best:14.62
2025-04-03 20:22:55,352 INFO    : Snapshot:3	5	10	Epoch:14	Loss:16.91	MRR:14.61	Hits@10:25.76	Best:14.62
2025-04-03 20:23:04,514 INFO    : Snapshot:3	6	10	Epoch:15	Loss:16.895	MRR:14.6	Hits@10:25.8	Best:14.62
2025-04-03 20:23:13,727 INFO    : Snapshot:3	7	10	Epoch:16	Loss:16.882	MRR:14.62	Hits@10:25.72	Best:14.62
2025-04-03 20:23:22,923 INFO    : Snapshot:3	8	10	Epoch:17	Loss:16.909	MRR:14.61	Hits@10:25.74	Best:14.62
2025-04-03 20:23:32,155 INFO    : Snapshot:3	9	10	Epoch:18	Loss:16.905	MRR:14.6	Hits@10:25.74	Best:14.62
2025-04-03 20:23:41,333 INFO    : Early Stopping! Snapshot:3 Epoch: 19 Best Results: 14.62
2025-04-03 20:23:41,425 INFO    : => loading checkpoint './checkpoint/FACT\3model_best.tar'
2025-04-03 20:24:02,418 INFO    : 
+------------+--------+--------+--------+--------+---------+
| Snapshot:3 |  MRR   | Hits@1 | Hits@3 | Hits@5 | Hits@10 |
+------------+--------+--------+--------+--------+---------+
|     0      |  0.24  | 0.1585 | 0.2781 | 0.3244 |  0.3882 |
|     1      | 0.1938 | 0.1257 | 0.2239 | 0.2634 |  0.3159 |
|     2      | 0.1725 | 0.1064 | 0.1978 | 0.2376 |  0.2942 |
|     3      | 0.1461 | 0.0842 | 0.1665 | 0.2065 |  0.2616 |
+------------+--------+--------+--------+--------+---------+
2025-04-03 20:24:48,109 INFO    : Snapshot:4	0	10	Epoch:0	Loss:17.289	MRR:10.88	Hits@10:21.07	Best:10.88
2025-04-03 20:25:11,712 INFO    : Snapshot:4	0	10	Epoch:1	Loss:16.526	MRR:10.92	Hits@10:21.08	Best:10.92
2025-04-03 20:25:35,218 INFO    : Snapshot:4	0	10	Epoch:2	Loss:16.456	MRR:10.98	Hits@10:21.22	Best:10.98
2025-04-03 20:25:58,663 INFO    : Snapshot:4	1	10	Epoch:3	Loss:16.473	MRR:10.93	Hits@10:21.1	Best:10.98
2025-04-03 20:26:22,079 INFO    : Snapshot:4	2	10	Epoch:4	Loss:16.437	MRR:10.98	Hits@10:21.13	Best:10.98
2025-04-03 20:26:45,576 INFO    : Snapshot:4	3	10	Epoch:5	Loss:16.447	MRR:10.94	Hits@10:21.15	Best:10.98
2025-04-03 20:27:09,071 INFO    : Snapshot:4	4	10	Epoch:6	Loss:16.423	MRR:10.94	Hits@10:21.12	Best:10.98
2025-04-03 20:27:32,588 INFO    : Snapshot:4	5	10	Epoch:7	Loss:16.411	MRR:10.93	Hits@10:21.1	Best:10.98
2025-04-03 20:27:55,960 INFO    : Snapshot:4	6	10	Epoch:8	Loss:16.431	MRR:10.95	Hits@10:21.26	Best:10.98
2025-04-03 20:28:19,424 INFO    : Snapshot:4	7	10	Epoch:9	Loss:16.401	MRR:10.92	Hits@10:21.1	Best:10.98
2025-04-03 20:28:42,957 INFO    : Snapshot:4	8	10	Epoch:10	Loss:16.387	MRR:10.95	Hits@10:21.14	Best:10.98
2025-04-03 20:29:06,753 INFO    : Snapshot:4	9	10	Epoch:11	Loss:16.381	MRR:10.93	Hits@10:21.06	Best:10.98
2025-04-03 20:29:30,195 INFO    : Early Stopping! Snapshot:4 Epoch: 12 Best Results: 10.98
2025-04-03 20:29:30,285 INFO    : => loading checkpoint './checkpoint/FACT\4model_best.tar'
2025-04-03 20:30:11,172 INFO    : 
+------------+--------+--------+--------+--------+---------+
| Snapshot:4 |  MRR   | Hits@1 | Hits@3 | Hits@5 | Hits@10 |
+------------+--------+--------+--------+--------+---------+
|     0      |  0.24  | 0.1585 | 0.2781 | 0.3244 |  0.3882 |
|     1      | 0.1938 | 0.1257 | 0.2239 | 0.2634 |  0.3159 |
|     2      | 0.1725 | 0.1064 | 0.1978 | 0.2376 |  0.2942 |
|     3      | 0.1461 | 0.0842 | 0.1665 | 0.2065 |  0.2616 |
|     4      | 0.1103 | 0.055  | 0.1222 | 0.1551 |  0.2098 |
+------------+--------+--------+--------+--------+---------+
2025-04-03 20:30:11,173 INFO    : Final Result:
[+------------+------+--------+--------+--------+---------+
| Snapshot:0 | MRR  | Hits@1 | Hits@3 | Hits@5 | Hits@10 |
+------------+------+--------+--------+--------+---------+
|     0      | 0.24 | 0.1585 | 0.2781 | 0.3244 |  0.3882 |
+------------+------+--------+--------+--------+---------+, +------------+--------+--------+--------+--------+---------+
| Snapshot:1 |  MRR   | Hits@1 | Hits@3 | Hits@5 | Hits@10 |
+------------+--------+--------+--------+--------+---------+
|     0      |  0.24  | 0.1585 | 0.2781 | 0.3244 |  0.3882 |
|     1      | 0.1938 | 0.1257 | 0.2239 | 0.2634 |  0.3159 |
+------------+--------+--------+--------+--------+---------+, +------------+--------+--------+--------+--------+---------+
| Snapshot:2 |  MRR   | Hits@1 | Hits@3 | Hits@5 | Hits@10 |
+------------+--------+--------+--------+--------+---------+
|     0      |  0.24  | 0.1585 | 0.2781 | 0.3244 |  0.3882 |
|     1      | 0.1938 | 0.1257 | 0.2239 | 0.2634 |  0.3159 |
|     2      | 0.1725 | 0.1064 | 0.1978 | 0.2376 |  0.2942 |
+------------+--------+--------+--------+--------+---------+, +------------+--------+--------+--------+--------+---------+
| Snapshot:3 |  MRR   | Hits@1 | Hits@3 | Hits@5 | Hits@10 |
+------------+--------+--------+--------+--------+---------+
|     0      |  0.24  | 0.1585 | 0.2781 | 0.3244 |  0.3882 |
|     1      | 0.1938 | 0.1257 | 0.2239 | 0.2634 |  0.3159 |
|     2      | 0.1725 | 0.1064 | 0.1978 | 0.2376 |  0.2942 |
|     3      | 0.1461 | 0.0842 | 0.1665 | 0.2065 |  0.2616 |
+------------+--------+--------+--------+--------+---------+, +------------+--------+--------+--------+--------+---------+
| Snapshot:4 |  MRR   | Hits@1 | Hits@3 | Hits@5 | Hits@10 |
+------------+--------+--------+--------+--------+---------+
|     0      |  0.24  | 0.1585 | 0.2781 | 0.3244 |  0.3882 |
|     1      | 0.1938 | 0.1257 | 0.2239 | 0.2634 |  0.3159 |
|     2      | 0.1725 | 0.1064 | 0.1978 | 0.2376 |  0.2942 |
|     3      | 0.1461 | 0.0842 | 0.1665 | 0.2065 |  0.2616 |
|     4      | 0.1103 | 0.055  | 0.1222 | 0.1551 |  0.2098 |
+------------+--------+--------+--------+--------+---------+]
2025-04-03 20:30:11,175 INFO    : Report Result:
+----------+--------------------+-----------+--------------+--------------+---------------+
| Snapshot |        Time        | Whole_MRR | Whole_Hits@1 | Whole_Hits@3 | Whole_Hits@10 |
+----------+--------------------+-----------+--------------+--------------+---------------+
|    0     | 116.20764374732971 |    0.24   |    0.159     |    0.278     |     0.388     |
|    1     | 240.7156789302826  |   0.217   |    0.142     |    0.251     |     0.352     |
|    2     | 511.73433542251587 |   0.202   |     0.13     |    0.233     |     0.333     |
|    3     | 187.62750148773193 |   0.188   |    0.119     |    0.217     |     0.315     |
|    4     | 307.40941095352173 |   0.173   |    0.106     |    0.198     |     0.294     |
+----------+--------------------+-----------+--------------+--------------+---------------+
2025-04-03 20:30:11,175 INFO    : Sum_Training_Time:1363.6945705413818
2025-04-03 20:30:11,176 INFO    : Every_Training_Time:[116.20764374732971, 240.7156789302826, 511.73433542251587, 187.62750148773193, 307.40941095352173]
2025-04-03 20:30:11,176 INFO    : Forward transfer: 0.140775 Backward transfer: 0.0
