2024-09-11 11:19:32,722 INFO    : Namespace(batch_size=1024, data_path='./data/FACT/', dataset='FACT', debug=False, device=device(type='cuda', index=0), emb_dim=200, ent_r='200', epoch_num=200, explore=False, gpu='0', l2=0.0, learning_rate='2e-1', log_path='./logs/20240911111923/FACT', logger=<RootLogger root (INFO)>, margin=8.0, model_name='LoraKGE_Layers', multi_layers_path='train_sorted_by_edges_betweenness.txt', neg_ratio=10, note='', num_ent_layers='20', num_layer=1, num_rel_layers='1', patience=3, predict_result=False, r=100, r_fixed=True, random_seed=3407, record=False, rel_r='20', save_path='./checkpoint/FACT', skip_previous='False', snapshot_num=5, train_new=True, using_multi_layers=False, using_various_ranks='True', using_various_ranks_reverse=False, valid_metrics='mrr')
2024-09-11 11:19:41,735 INFO    : Snapshot:0	0	3	Epoch:0	Loss:46.436	MRR:8.14	Hits@10:17.21	Best:8.14
2024-09-11 11:19:47,958 INFO    : Snapshot:0	0	3	Epoch:1	Loss:31.638	MRR:13.21	Hits@10:26.42	Best:13.21
2024-09-11 11:19:54,410 INFO    : Snapshot:0	0	3	Epoch:2	Loss:21.354	MRR:17.37	Hits@10:32.16	Best:17.37
2024-09-11 11:20:00,762 INFO    : Snapshot:0	0	3	Epoch:3	Loss:14.161	MRR:20.57	Hits@10:35.08	Best:20.57
2024-09-11 11:20:07,198 INFO    : Snapshot:0	0	3	Epoch:4	Loss:9.217	MRR:22.54	Hits@10:36.91	Best:22.54
2024-09-11 11:20:13,597 INFO    : Snapshot:0	0	3	Epoch:5	Loss:6.03	MRR:23.44	Hits@10:37.72	Best:23.44
2024-09-11 11:20:20,005 INFO    : Snapshot:0	0	3	Epoch:6	Loss:4.071	MRR:23.89	Hits@10:38.22	Best:23.89
2024-09-11 11:20:26,501 INFO    : Snapshot:0	0	3	Epoch:7	Loss:2.905	MRR:24.26	Hits@10:38.72	Best:24.26
2024-09-11 11:20:33,105 INFO    : Snapshot:0	0	3	Epoch:8	Loss:2.166	MRR:24.37	Hits@10:39.1	Best:24.37
2024-09-11 11:20:39,719 INFO    : Snapshot:0	0	3	Epoch:9	Loss:1.7	MRR:24.56	Hits@10:39.22	Best:24.56
2024-09-11 11:20:46,268 INFO    : Snapshot:0	1	3	Epoch:10	Loss:1.356	MRR:24.52	Hits@10:39.3	Best:24.56
2024-09-11 11:20:52,639 INFO    : Snapshot:0	0	3	Epoch:11	Loss:1.155	MRR:24.79	Hits@10:39.5	Best:24.79
2024-09-11 11:20:59,339 INFO    : Snapshot:0	0	3	Epoch:12	Loss:1.003	MRR:24.82	Hits@10:39.42	Best:24.82
2024-09-11 11:21:05,736 INFO    : Snapshot:0	1	3	Epoch:13	Loss:0.897	MRR:24.81	Hits@10:39.66	Best:24.82
2024-09-11 11:21:12,153 INFO    : Snapshot:0	2	3	Epoch:14	Loss:0.834	MRR:24.72	Hits@10:39.48	Best:24.82
2024-09-11 11:21:18,634 INFO    : Early Stopping! Snapshot:0 Epoch: 15 Best Results: 24.82
2024-09-11 11:21:18,734 INFO    : => loading checkpoint './checkpoint/FACT\0model_best.tar'
2024-09-11 11:21:22,901 INFO    : 
+------------+--------+--------+--------+--------+---------+
| Snapshot:0 |  MRR   | Hits@1 | Hits@3 | Hits@5 | Hits@10 |
+------------+--------+--------+--------+--------+---------+
|     0      | 0.2389 | 0.1575 | 0.2775 | 0.325  |  0.3863 |
+------------+--------+--------+--------+--------+---------+
2024-09-11 11:21:40,220 INFO    : Snapshot:1	0	3	Epoch:0	Loss:18.532	MRR:18.5	Hits@10:30.14	Best:18.5
2024-09-11 11:21:49,085 INFO    : Snapshot:1	0	3	Epoch:1	Loss:15.553	MRR:18.95	Hits@10:30.83	Best:18.95
2024-09-11 11:21:58,150 INFO    : Snapshot:1	0	3	Epoch:2	Loss:15.035	MRR:19.2	Hits@10:31.14	Best:19.2
2024-09-11 11:22:07,309 INFO    : Snapshot:1	0	3	Epoch:3	Loss:14.797	MRR:19.28	Hits@10:31.2	Best:19.28
2024-09-11 11:22:16,454 INFO    : Snapshot:1	0	3	Epoch:4	Loss:14.681	MRR:19.29	Hits@10:31.2	Best:19.29
2024-09-11 11:22:25,639 INFO    : Snapshot:1	0	3	Epoch:5	Loss:14.578	MRR:19.34	Hits@10:31.44	Best:19.34
2024-09-11 11:22:35,186 INFO    : Snapshot:1	0	3	Epoch:6	Loss:14.505	MRR:19.39	Hits@10:31.48	Best:19.39
2024-09-11 11:22:44,483 INFO    : Snapshot:1	1	3	Epoch:7	Loss:14.48	MRR:19.37	Hits@10:31.5	Best:19.39
2024-09-11 11:22:53,747 INFO    : Snapshot:1	0	3	Epoch:8	Loss:14.422	MRR:19.44	Hits@10:31.6	Best:19.44
2024-09-11 11:23:02,916 INFO    : Snapshot:1	1	3	Epoch:9	Loss:14.432	MRR:19.39	Hits@10:31.67	Best:19.44
2024-09-11 11:23:12,170 INFO    : Snapshot:1	2	3	Epoch:10	Loss:14.351	MRR:19.42	Hits@10:31.65	Best:19.44
2024-09-11 11:23:21,194 INFO    : Early Stopping! Snapshot:1 Epoch: 11 Best Results: 19.44
2024-09-11 11:23:21,299 INFO    : => loading checkpoint './checkpoint/FACT\1model_best.tar'
2024-09-11 11:23:31,269 INFO    : 
+------------+--------+--------+--------+--------+---------+
| Snapshot:1 |  MRR   | Hits@1 | Hits@3 | Hits@5 | Hits@10 |
+------------+--------+--------+--------+--------+---------+
|     0      | 0.2389 | 0.1575 | 0.2775 | 0.325  |  0.3863 |
|     1      | 0.1922 | 0.124  | 0.2234 | 0.2628 |  0.3141 |
+------------+--------+--------+--------+--------+---------+
2024-09-11 11:23:50,278 INFO    : Snapshot:2	0	3	Epoch:0	Loss:17.177	MRR:17.19	Hits@10:28.66	Best:17.19
2024-09-11 11:24:00,150 INFO    : Snapshot:2	0	3	Epoch:1	Loss:16.08	MRR:17.25	Hits@10:28.84	Best:17.25
2024-09-11 11:24:10,053 INFO    : Snapshot:2	0	3	Epoch:2	Loss:15.949	MRR:17.33	Hits@10:28.89	Best:17.33
2024-09-11 11:24:19,860 INFO    : Snapshot:2	0	3	Epoch:3	Loss:15.884	MRR:17.34	Hits@10:28.93	Best:17.34
2024-09-11 11:24:29,978 INFO    : Snapshot:2	1	3	Epoch:4	Loss:15.843	MRR:17.32	Hits@10:28.94	Best:17.34
2024-09-11 11:24:40,078 INFO    : Snapshot:2	2	3	Epoch:5	Loss:15.822	MRR:17.33	Hits@10:28.91	Best:17.34
2024-09-11 11:24:50,041 INFO    : Snapshot:2	0	3	Epoch:6	Loss:15.801	MRR:17.35	Hits@10:28.9	Best:17.35
2024-09-11 11:25:00,160 INFO    : Snapshot:2	0	3	Epoch:7	Loss:15.762	MRR:17.38	Hits@10:29.0	Best:17.38
2024-09-11 11:25:10,264 INFO    : Snapshot:2	1	3	Epoch:8	Loss:15.787	MRR:17.35	Hits@10:28.92	Best:17.38
2024-09-11 11:25:20,277 INFO    : Snapshot:2	0	3	Epoch:9	Loss:15.754	MRR:17.39	Hits@10:29.05	Best:17.39
2024-09-11 11:25:30,033 INFO    : Snapshot:2	1	3	Epoch:10	Loss:15.756	MRR:17.36	Hits@10:28.97	Best:17.39
2024-09-11 11:25:39,727 INFO    : Snapshot:2	2	3	Epoch:11	Loss:15.762	MRR:17.39	Hits@10:28.92	Best:17.39
2024-09-11 11:25:49,511 INFO    : Early Stopping! Snapshot:2 Epoch: 12 Best Results: 17.39
2024-09-11 11:25:49,616 INFO    : => loading checkpoint './checkpoint/FACT\2model_best.tar'
2024-09-11 11:26:06,148 INFO    : 
+------------+--------+--------+--------+--------+---------+
| Snapshot:2 |  MRR   | Hits@1 | Hits@3 | Hits@5 | Hits@10 |
+------------+--------+--------+--------+--------+---------+
|     0      | 0.2389 | 0.1575 | 0.2775 | 0.325  |  0.3863 |
|     1      | 0.1922 | 0.124  | 0.2234 | 0.2628 |  0.3141 |
|     2      | 0.1704 | 0.1049 | 0.1968 | 0.2362 |  0.2908 |
+------------+--------+--------+--------+--------+---------+
2024-09-11 11:26:25,797 INFO    : Snapshot:3	0	3	Epoch:0	Loss:17.004	MRR:14.15	Hits@10:25.36	Best:14.15
2024-09-11 11:26:35,577 INFO    : Snapshot:3	0	3	Epoch:1	Loss:16.581	MRR:14.19	Hits@10:25.45	Best:14.19
2024-09-11 11:26:45,460 INFO    : Snapshot:3	0	3	Epoch:2	Loss:16.509	MRR:14.24	Hits@10:25.46	Best:14.24
2024-09-11 11:26:55,187 INFO    : Snapshot:3	1	3	Epoch:3	Loss:16.472	MRR:14.23	Hits@10:25.4	Best:14.24
2024-09-11 11:27:05,116 INFO    : Snapshot:3	2	3	Epoch:4	Loss:16.485	MRR:14.21	Hits@10:25.48	Best:14.24
2024-09-11 11:27:14,994 INFO    : Snapshot:3	0	3	Epoch:5	Loss:16.464	MRR:14.25	Hits@10:25.47	Best:14.25
2024-09-11 11:27:24,776 INFO    : Snapshot:3	0	3	Epoch:6	Loss:16.481	MRR:14.26	Hits@10:25.48	Best:14.26
2024-09-11 11:27:34,674 INFO    : Snapshot:3	1	3	Epoch:7	Loss:16.473	MRR:14.24	Hits@10:25.43	Best:14.26
2024-09-11 11:27:44,499 INFO    : Snapshot:3	2	3	Epoch:8	Loss:16.466	MRR:14.25	Hits@10:25.5	Best:14.26
2024-09-11 11:27:54,255 INFO    : Snapshot:3	0	3	Epoch:9	Loss:16.485	MRR:14.3	Hits@10:25.49	Best:14.3
2024-09-11 11:28:04,072 INFO    : Snapshot:3	1	3	Epoch:10	Loss:16.446	MRR:14.27	Hits@10:25.49	Best:14.3
2024-09-11 11:28:14,091 INFO    : Snapshot:3	2	3	Epoch:11	Loss:16.461	MRR:14.28	Hits@10:25.51	Best:14.3
2024-09-11 11:28:23,635 INFO    : Early Stopping! Snapshot:3 Epoch: 12 Best Results: 14.3
2024-09-11 11:28:23,737 INFO    : => loading checkpoint './checkpoint/FACT\3model_best.tar'
2024-09-11 11:28:46,027 INFO    : 
+------------+--------+--------+--------+--------+---------+
| Snapshot:3 |  MRR   | Hits@1 | Hits@3 | Hits@5 | Hits@10 |
+------------+--------+--------+--------+--------+---------+
|     0      | 0.2389 | 0.1575 | 0.2775 | 0.325  |  0.3863 |
|     1      | 0.1922 | 0.124  | 0.2234 | 0.2628 |  0.3141 |
|     2      | 0.1704 | 0.1049 | 0.1968 | 0.2362 |  0.2908 |
|     3      | 0.1436 | 0.0826 | 0.1618 | 0.202  |  0.2591 |
+------------+--------+--------+--------+--------+---------+
2024-09-11 11:30:13,908 INFO    : Snapshot:4	0	3	Epoch:0	Loss:16.789	MRR:10.72	Hits@10:20.69	Best:10.72
