2024-09-19 16:20:41,109 INFO    : Namespace(batch_size='512', data_path='./data/HYBRID/', dataset='HYBRID', debug=False, device=device(type='cuda', index=0), emb_dim=200, ent_r='200', epoch_num=200, explore=False, gpu='0', l2=0.0, learning_rate='2e-1', log_path='./logs/20240919162032/HYBRID', logger=<RootLogger root (INFO)>, margin=8.0, model_name='LoraKGE_Layers', multi_layers_path='train_sorted_by_edges_betweenness.txt', neg_ratio=10, note='', num_ent_layers='20', num_layer=1, num_rel_layers='1', patience=3, predict_result=False, r=100, r_fixed=True, random_seed=3407, record=False, rel_r='20', save_path='./checkpoint/HYBRID', skip_previous='False', snapshot_num=5, train_new=True, using_multi_layers=False, using_various_ranks='True', using_various_ranks_reverse=False, valid_metrics='mrr')
2024-09-19 16:20:49,342 INFO    : Snapshot:0	0	3	Epoch:0	Loss:75.364	MRR:14.46	Hits@10:28.35	Best:14.46
2024-09-19 16:20:54,915 INFO    : Snapshot:0	0	3	Epoch:1	Loss:37.49	MRR:22.35	Hits@10:39.99	Best:22.35
2024-09-19 16:21:00,484 INFO    : Snapshot:0	0	3	Epoch:2	Loss:17.512	MRR:24.62	Hits@10:43.67	Best:24.62
2024-09-19 16:21:06,015 INFO    : Snapshot:0	0	3	Epoch:3	Loss:9.35	MRR:25.2	Hits@10:44.45	Best:25.2
2024-09-19 16:21:11,513 INFO    : Snapshot:0	1	3	Epoch:4	Loss:5.752	MRR:25.17	Hits@10:44.52	Best:25.2
2024-09-19 16:21:17,180 INFO    : Snapshot:0	2	3	Epoch:5	Loss:4.028	MRR:24.94	Hits@10:44.55	Best:25.2
2024-09-19 16:21:22,534 INFO    : Early Stopping! Snapshot:0 Epoch: 6 Best Results: 25.2
2024-09-19 16:21:22,626 INFO    : => loading checkpoint './checkpoint/HYBRID\0model_best.tar'
2024-09-19 16:21:25,860 INFO    : 
+------------+--------+--------+--------+--------+---------+
| Snapshot:0 |  MRR   | Hits@1 | Hits@3 | Hits@5 | Hits@10 |
+------------+--------+--------+--------+--------+---------+
|     0      | 0.2543 | 0.154  | 0.3053 | 0.365  |  0.4371 |
+------------+--------+--------+--------+--------+---------+
2024-09-19 16:21:33,606 INFO    : Snapshot:1	0	3	Epoch:0	Loss:12.523	MRR:23.04	Hits@10:41.09	Best:23.04
2024-09-19 16:21:36,753 INFO    : Snapshot:1	0	3	Epoch:1	Loss:6.606	MRR:25.17	Hits@10:44.4	Best:25.17
2024-09-19 16:21:39,689 INFO    : Snapshot:1	0	3	Epoch:2	Loss:5.782	MRR:25.81	Hits@10:45.35	Best:25.81
2024-09-19 16:21:42,660 INFO    : Snapshot:1	0	3	Epoch:3	Loss:5.448	MRR:26.62	Hits@10:46.31	Best:26.62
2024-09-19 16:21:45,600 INFO    : Snapshot:1	0	3	Epoch:4	Loss:5.249	MRR:26.71	Hits@10:46.34	Best:26.71
2024-09-19 16:21:48,586 INFO    : Snapshot:1	1	3	Epoch:5	Loss:5.104	MRR:26.43	Hits@10:46.55	Best:26.71
2024-09-19 16:21:51,528 INFO    : Snapshot:1	2	3	Epoch:6	Loss:5.045	MRR:26.6	Hits@10:46.1	Best:26.71
2024-09-19 16:21:54,480 INFO    : Snapshot:1	0	3	Epoch:7	Loss:4.948	MRR:26.98	Hits@10:46.54	Best:26.98
2024-09-19 16:21:57,504 INFO    : Snapshot:1	0	3	Epoch:8	Loss:4.876	MRR:27.08	Hits@10:46.53	Best:27.08
2024-09-19 16:22:00,553 INFO    : Snapshot:1	0	3	Epoch:9	Loss:4.836	MRR:27.22	Hits@10:46.95	Best:27.22
2024-09-19 16:22:03,444 INFO    : Snapshot:1	0	3	Epoch:10	Loss:4.797	MRR:27.34	Hits@10:46.97	Best:27.34
2024-09-19 16:22:06,371 INFO    : Snapshot:1	0	3	Epoch:11	Loss:4.777	MRR:27.37	Hits@10:47.04	Best:27.37
2024-09-19 16:22:09,288 INFO    : Snapshot:1	1	3	Epoch:12	Loss:4.754	MRR:27.3	Hits@10:46.98	Best:27.37
2024-09-19 16:22:12,215 INFO    : Snapshot:1	2	3	Epoch:13	Loss:4.694	MRR:27.24	Hits@10:47.1	Best:27.37
2024-09-19 16:22:15,114 INFO    : Snapshot:1	0	3	Epoch:14	Loss:4.699	MRR:27.44	Hits@10:47.22	Best:27.44
2024-09-19 16:22:18,036 INFO    : Snapshot:1	0	3	Epoch:15	Loss:4.65	MRR:27.52	Hits@10:47.39	Best:27.52
2024-09-19 16:22:20,982 INFO    : Snapshot:1	0	3	Epoch:16	Loss:4.644	MRR:27.83	Hits@10:47.34	Best:27.83
2024-09-19 16:22:24,024 INFO    : Snapshot:1	1	3	Epoch:17	Loss:4.641	MRR:27.59	Hits@10:47.27	Best:27.83
2024-09-19 16:22:26,954 INFO    : Snapshot:1	2	3	Epoch:18	Loss:4.63	MRR:27.71	Hits@10:47.62	Best:27.83
2024-09-19 16:22:29,915 INFO    : Early Stopping! Snapshot:1 Epoch: 19 Best Results: 27.83
2024-09-19 16:22:30,007 INFO    : => loading checkpoint './checkpoint/HYBRID\1model_best.tar'
2024-09-19 16:22:35,244 INFO    : 
+------------+--------+--------+--------+--------+---------+
| Snapshot:1 |  MRR   | Hits@1 | Hits@3 | Hits@5 | Hits@10 |
+------------+--------+--------+--------+--------+---------+
|     0      | 0.2543 | 0.154  | 0.3053 | 0.365  |  0.4371 |
|     1      | 0.2707 | 0.1692 | 0.3162 | 0.3838 |  0.4629 |
+------------+--------+--------+--------+--------+---------+
2024-09-19 16:23:01,021 INFO    : Snapshot:2	0	3	Epoch:0	Loss:45.62	MRR:15.79	Hits@10:28.68	Best:15.79
2024-09-19 16:23:16,934 INFO    : Snapshot:2	0	3	Epoch:1	Loss:32.611	MRR:16.58	Hits@10:30.08	Best:16.58
2024-09-19 16:23:32,264 INFO    : Snapshot:2	0	3	Epoch:2	Loss:30.689	MRR:17.06	Hits@10:30.83	Best:17.06
2024-09-19 16:23:47,495 INFO    : Snapshot:2	0	3	Epoch:3	Loss:29.625	MRR:17.47	Hits@10:31.63	Best:17.47
2024-09-19 16:24:03,232 INFO    : Snapshot:2	0	3	Epoch:4	Loss:28.981	MRR:17.91	Hits@10:31.93	Best:17.91
2024-09-19 16:24:19,001 INFO    : Snapshot:2	0	3	Epoch:5	Loss:28.478	MRR:18.11	Hits@10:32.29	Best:18.11
2024-09-19 16:24:35,040 INFO    : Snapshot:2	0	3	Epoch:6	Loss:28.114	MRR:18.17	Hits@10:32.38	Best:18.17
2024-09-19 16:24:51,051 INFO    : Snapshot:2	0	3	Epoch:7	Loss:27.88	MRR:18.34	Hits@10:32.78	Best:18.34
2024-09-19 16:25:06,253 INFO    : Snapshot:2	0	3	Epoch:8	Loss:27.612	MRR:18.35	Hits@10:32.62	Best:18.35
2024-09-19 16:25:21,456 INFO    : Snapshot:2	0	3	Epoch:9	Loss:27.378	MRR:18.55	Hits@10:32.86	Best:18.55
2024-09-19 16:25:36,870 INFO    : Snapshot:2	0	3	Epoch:10	Loss:27.291	MRR:18.69	Hits@10:32.96	Best:18.69
2024-09-19 16:25:52,316 INFO    : Snapshot:2	0	3	Epoch:11	Loss:27.173	MRR:18.72	Hits@10:33.25	Best:18.72
2024-09-19 16:26:07,948 INFO    : Snapshot:2	1	3	Epoch:12	Loss:27.021	MRR:18.61	Hits@10:33.14	Best:18.72
2024-09-19 16:26:23,647 INFO    : Snapshot:2	0	3	Epoch:13	Loss:26.899	MRR:18.91	Hits@10:33.14	Best:18.91
2024-09-19 16:26:39,330 INFO    : Snapshot:2	0	3	Epoch:14	Loss:26.872	MRR:18.92	Hits@10:33.35	Best:18.92
2024-09-19 16:26:55,029 INFO    : Snapshot:2	1	3	Epoch:15	Loss:26.802	MRR:18.85	Hits@10:33.34	Best:18.92
2024-09-19 16:27:10,604 INFO    : Snapshot:2	2	3	Epoch:16	Loss:26.636	MRR:18.92	Hits@10:33.29	Best:18.92
2024-09-19 16:27:26,131 INFO    : Early Stopping! Snapshot:2 Epoch: 17 Best Results: 18.92
2024-09-19 16:27:26,232 INFO    : => loading checkpoint './checkpoint/HYBRID\2model_best.tar'
2024-09-19 16:27:38,800 INFO    : 
+------------+--------+--------+--------+--------+---------+
| Snapshot:2 |  MRR   | Hits@1 | Hits@3 | Hits@5 | Hits@10 |
+------------+--------+--------+--------+--------+---------+
|     0      | 0.2543 | 0.154  | 0.3053 | 0.365  |  0.4371 |
|     1      | 0.2707 | 0.1692 | 0.3162 | 0.3838 |  0.4629 |
|     2      | 0.1862 | 0.1124 | 0.2099 | 0.2611 |  0.3302 |
+------------+--------+--------+--------+--------+---------+
2024-09-19 16:28:12,225 INFO    : Snapshot:3	0	3	Epoch:0	Loss:52.032	MRR:15.22	Hits@10:28.48	Best:15.22
2024-09-19 16:28:32,269 INFO    : Snapshot:3	0	3	Epoch:1	Loss:41.334	MRR:15.89	Hits@10:30.02	Best:15.89
2024-09-19 16:28:52,382 INFO    : Snapshot:3	0	3	Epoch:2	Loss:39.939	MRR:16.41	Hits@10:30.99	Best:16.41
2024-09-19 16:29:12,323 INFO    : Snapshot:3	0	3	Epoch:3	Loss:39.259	MRR:16.59	Hits@10:30.96	Best:16.59
2024-09-19 16:29:31,853 INFO    : Snapshot:3	0	3	Epoch:4	Loss:38.804	MRR:16.89	Hits@10:31.4	Best:16.89
2024-09-19 16:29:51,358 INFO    : Snapshot:3	0	3	Epoch:5	Loss:38.443	MRR:17.03	Hits@10:31.65	Best:17.03
2024-09-19 16:30:11,632 INFO    : Snapshot:3	0	3	Epoch:6	Loss:38.216	MRR:17.23	Hits@10:31.89	Best:17.23
2024-09-19 16:30:31,616 INFO    : Snapshot:3	1	3	Epoch:7	Loss:38.09	MRR:17.14	Hits@10:31.79	Best:17.23
2024-09-19 16:30:52,138 INFO    : Snapshot:3	0	3	Epoch:8	Loss:37.884	MRR:17.27	Hits@10:32.0	Best:17.27
2024-09-19 16:31:11,656 INFO    : Snapshot:3	0	3	Epoch:9	Loss:37.717	MRR:17.5	Hits@10:32.27	Best:17.5
2024-09-19 16:31:32,103 INFO    : Snapshot:3	1	3	Epoch:10	Loss:37.584	MRR:17.49	Hits@10:32.05	Best:17.5
2024-09-19 16:31:52,852 INFO    : Snapshot:3	2	3	Epoch:11	Loss:37.549	MRR:17.27	Hits@10:32.06	Best:17.5
2024-09-19 16:32:13,093 INFO    : Early Stopping! Snapshot:3 Epoch: 12 Best Results: 17.5
2024-09-19 16:32:13,190 INFO    : => loading checkpoint './checkpoint/HYBRID\3model_best.tar'
2024-09-19 16:32:37,043 INFO    : 
+------------+--------+--------+--------+--------+---------+
| Snapshot:3 |  MRR   | Hits@1 | Hits@3 | Hits@5 | Hits@10 |
+------------+--------+--------+--------+--------+---------+
|     0      | 0.2543 | 0.154  | 0.3053 | 0.365  |  0.4371 |
|     1      | 0.2707 | 0.1692 | 0.3162 | 0.3838 |  0.4629 |
|     2      | 0.1862 | 0.1124 | 0.2099 | 0.2611 |  0.3302 |
|     3      | 0.1742 | 0.0965 | 0.2064 | 0.257  |  0.3219 |
+------------+--------+--------+--------+--------+---------+
2024-09-19 16:32:52,059 INFO    : Snapshot:4	0	3	Epoch:0	Loss:25.851	MRR:14.51	Hits@10:24.18	Best:14.51
2024-09-19 16:33:00,073 INFO    : Snapshot:4	0	3	Epoch:1	Loss:23.283	MRR:14.83	Hits@10:24.6	Best:14.83
2024-09-19 16:33:07,936 INFO    : Snapshot:4	1	3	Epoch:2	Loss:23.016	MRR:14.61	Hits@10:24.4	Best:14.83
2024-09-19 16:33:15,930 INFO    : Snapshot:4	0	3	Epoch:3	Loss:22.908	MRR:14.93	Hits@10:24.74	Best:14.93
2024-09-19 16:33:23,732 INFO    : Snapshot:4	1	3	Epoch:4	Loss:22.907	MRR:14.86	Hits@10:24.67	Best:14.93
2024-09-19 16:33:31,737 INFO    : Snapshot:4	2	3	Epoch:5	Loss:22.729	MRR:14.84	Hits@10:24.64	Best:14.93
2024-09-19 16:33:39,564 INFO    : Snapshot:4	0	3	Epoch:6	Loss:22.657	MRR:15.01	Hits@10:24.73	Best:15.01
2024-09-19 16:33:47,423 INFO    : Snapshot:4	1	3	Epoch:7	Loss:22.675	MRR:14.78	Hits@10:24.57	Best:15.01
2024-09-19 16:33:55,165 INFO    : Snapshot:4	2	3	Epoch:8	Loss:22.705	MRR:14.89	Hits@10:24.71	Best:15.01
2024-09-19 16:34:02,962 INFO    : Early Stopping! Snapshot:4 Epoch: 9 Best Results: 15.01
2024-09-19 16:34:03,056 INFO    : => loading checkpoint './checkpoint/HYBRID\4model_best.tar'
2024-09-19 16:34:32,180 INFO    : 
+------------+--------+--------+--------+--------+---------+
| Snapshot:4 |  MRR   | Hits@1 | Hits@3 | Hits@5 | Hits@10 |
+------------+--------+--------+--------+--------+---------+
|     0      | 0.2543 | 0.154  | 0.3053 | 0.365  |  0.4371 |
|     1      | 0.2707 | 0.1692 | 0.3162 | 0.3838 |  0.4629 |
|     2      | 0.1862 | 0.1124 | 0.2099 | 0.2611 |  0.3302 |
|     3      | 0.1742 | 0.0965 | 0.2064 | 0.257  |  0.3219 |
|     4      | 0.1524 | 0.104  | 0.1651 | 0.1987 |  0.2449 |
+------------+--------+--------+--------+--------+---------+
2024-09-19 16:34:32,181 INFO    : Final Result:
[+------------+--------+--------+--------+--------+---------+
| Snapshot:0 |  MRR   | Hits@1 | Hits@3 | Hits@5 | Hits@10 |
+------------+--------+--------+--------+--------+---------+
|     0      | 0.2543 | 0.154  | 0.3053 | 0.365  |  0.4371 |
+------------+--------+--------+--------+--------+---------+, +------------+--------+--------+--------+--------+---------+
| Snapshot:1 |  MRR   | Hits@1 | Hits@3 | Hits@5 | Hits@10 |
+------------+--------+--------+--------+--------+---------+
|     0      | 0.2543 | 0.154  | 0.3053 | 0.365  |  0.4371 |
|     1      | 0.2707 | 0.1692 | 0.3162 | 0.3838 |  0.4629 |
+------------+--------+--------+--------+--------+---------+, +------------+--------+--------+--------+--------+---------+
| Snapshot:2 |  MRR   | Hits@1 | Hits@3 | Hits@5 | Hits@10 |
+------------+--------+--------+--------+--------+---------+
|     0      | 0.2543 | 0.154  | 0.3053 | 0.365  |  0.4371 |
|     1      | 0.2707 | 0.1692 | 0.3162 | 0.3838 |  0.4629 |
|     2      | 0.1862 | 0.1124 | 0.2099 | 0.2611 |  0.3302 |
+------------+--------+--------+--------+--------+---------+, +------------+--------+--------+--------+--------+---------+
| Snapshot:3 |  MRR   | Hits@1 | Hits@3 | Hits@5 | Hits@10 |
+------------+--------+--------+--------+--------+---------+
|     0      | 0.2543 | 0.154  | 0.3053 | 0.365  |  0.4371 |
|     1      | 0.2707 | 0.1692 | 0.3162 | 0.3838 |  0.4629 |
|     2      | 0.1862 | 0.1124 | 0.2099 | 0.2611 |  0.3302 |
|     3      | 0.1742 | 0.0965 | 0.2064 | 0.257  |  0.3219 |
+------------+--------+--------+--------+--------+---------+, +------------+--------+--------+--------+--------+---------+
| Snapshot:4 |  MRR   | Hits@1 | Hits@3 | Hits@5 | Hits@10 |
+------------+--------+--------+--------+--------+---------+
|     0      | 0.2543 | 0.154  | 0.3053 | 0.365  |  0.4371 |
|     1      | 0.2707 | 0.1692 | 0.3162 | 0.3838 |  0.4629 |
|     2      | 0.1862 | 0.1124 | 0.2099 | 0.2611 |  0.3302 |
|     3      | 0.1742 | 0.0965 | 0.2064 | 0.257  |  0.3219 |
|     4      | 0.1524 | 0.104  | 0.1651 | 0.1987 |  0.2449 |
+------------+--------+--------+--------+--------+---------+]
2024-09-19 16:34:32,182 INFO    : Report Result:
+----------+--------------------+-----------+--------------+--------------+---------------+
| Snapshot |        Time        | Whole_MRR | Whole_Hits@1 | Whole_Hits@3 | Whole_Hits@10 |
+----------+--------------------+-----------+--------------+--------------+---------------+
|    0     | 41.42498540878296  |   0.254   |    0.154     |    0.305     |     0.437     |
|    1     | 62.131996631622314 |   0.259   |    0.158     |    0.308     |     0.444     |
|    2     | 283.4572985172272  |    0.22   |    0.134     |    0.256     |     0.384     |
|    3     | 263.6198637485504  |   0.203   |     0.12     |    0.237     |      0.36     |
|    4     | 81.00670146942139  |   0.196   |    0.118     |    0.228     |     0.345     |
+----------+--------------------+-----------+--------------+--------------+---------------+
2024-09-19 16:34:32,182 INFO    : Sum_Training_Time:731.6408457756042
2024-09-19 16:34:32,182 INFO    : Every_Training_Time:[41.42498540878296, 62.131996631622314, 283.4572985172272, 263.6198637485504, 81.00670146942139]
2024-09-19 16:34:32,182 INFO    : Forward transfer: 0.036375 Backward transfer: 0.0
