2024-09-19 10:53:04,144 INFO    : Namespace(batch_size=1024, data_path='./data/HYBRID/', dataset='HYBRID', debug=False, device=device(type='cuda', index=0), emb_dim=200, ent_r='150', epoch_num=200, explore=False, gpu='0', l2=0.0, learning_rate='1e-2', log_path='./logs/20240919105256/HYBRID', logger=<RootLogger root (INFO)>, margin=8.0, model_name='LoraKGE_Layers', multi_layers_path='train_sorted_by_edges_betweenness.txt', neg_ratio=10, note='', num_ent_layers='2', num_layer=1, num_rel_layers='1', patience=3, predict_result=False, r=100, r_fixed=True, random_seed=3407, record=False, rel_r='20', save_path='./checkpoint/HYBRID', skip_previous='False', snapshot_num=5, train_new=True, using_multi_layers=False, using_various_ranks='True', using_various_ranks_reverse=False, valid_metrics='mrr')
2024-09-19 10:53:11,858 INFO    : Snapshot:0	0	3	Epoch:0	Loss:30.331	MRR:21.63	Hits@10:40.23	Best:21.63
2024-09-19 10:53:17,354 INFO    : Snapshot:0	0	3	Epoch:1	Loss:9.159	MRR:25.15	Hits@10:45.05	Best:25.15
2024-09-19 10:53:22,452 INFO    : Snapshot:0	0	3	Epoch:2	Loss:3.635	MRR:25.4	Hits@10:45.28	Best:25.4
2024-09-19 10:53:27,520 INFO    : Snapshot:0	1	3	Epoch:3	Loss:2.094	MRR:25.23	Hits@10:45.22	Best:25.4
2024-09-19 10:53:32,503 INFO    : Snapshot:0	2	3	Epoch:4	Loss:1.5	MRR:25.08	Hits@10:44.62	Best:25.4
2024-09-19 10:53:37,883 INFO    : Early Stopping! Snapshot:0 Epoch: 5 Best Results: 25.4
2024-09-19 10:53:37,971 INFO    : => loading checkpoint './checkpoint/HYBRID\0model_best.tar'
2024-09-19 10:53:41,095 INFO    : 
+------------+--------+--------+--------+--------+---------+
| Snapshot:0 |  MRR   | Hits@1 | Hits@3 | Hits@5 | Hits@10 |
+------------+--------+--------+--------+--------+---------+
|     0      | 0.2552 | 0.152  | 0.3085 | 0.3708 |  0.4437 |
+------------+--------+--------+--------+--------+---------+
2024-09-19 10:53:47,412 INFO    : Snapshot:1	0	3	Epoch:0	Loss:13.907	MRR:7.23	Hits@10:13.32	Best:7.23
2024-09-19 10:53:49,479 INFO    : Snapshot:1	0	3	Epoch:1	Loss:9.814	MRR:12.21	Hits@10:22.57	Best:12.21
2024-09-19 10:53:51,536 INFO    : Snapshot:1	0	3	Epoch:2	Loss:6.726	MRR:15.82	Hits@10:27.29	Best:15.82
2024-09-19 10:53:53,698 INFO    : Snapshot:1	0	3	Epoch:3	Loss:5.104	MRR:18.18	Hits@10:31.76	Best:18.18
2024-09-19 10:53:56,012 INFO    : Snapshot:1	0	3	Epoch:4	Loss:4.248	MRR:20.55	Hits@10:35.45	Best:20.55
2024-09-19 10:53:58,167 INFO    : Snapshot:1	0	3	Epoch:5	Loss:3.736	MRR:22.06	Hits@10:37.74	Best:22.06
2024-09-19 10:54:00,301 INFO    : Snapshot:1	0	3	Epoch:6	Loss:3.408	MRR:22.89	Hits@10:39.16	Best:22.89
2024-09-19 10:54:02,401 INFO    : Snapshot:1	0	3	Epoch:7	Loss:3.195	MRR:23.67	Hits@10:40.6	Best:23.67
2024-09-19 10:54:04,457 INFO    : Snapshot:1	0	3	Epoch:8	Loss:3.035	MRR:24.16	Hits@10:41.52	Best:24.16
2024-09-19 10:54:06,548 INFO    : Snapshot:1	0	3	Epoch:9	Loss:2.892	MRR:24.86	Hits@10:42.51	Best:24.86
2024-09-19 10:54:08,659 INFO    : Snapshot:1	0	3	Epoch:10	Loss:2.766	MRR:25.04	Hits@10:42.9	Best:25.04
2024-09-19 10:54:10,777 INFO    : Snapshot:1	0	3	Epoch:11	Loss:2.678	MRR:25.4	Hits@10:43.49	Best:25.4
2024-09-19 10:54:12,879 INFO    : Snapshot:1	0	3	Epoch:12	Loss:2.583	MRR:25.5	Hits@10:43.59	Best:25.5
2024-09-19 10:54:14,958 INFO    : Snapshot:1	0	3	Epoch:13	Loss:2.544	MRR:25.68	Hits@10:43.69	Best:25.68
2024-09-19 10:54:17,090 INFO    : Snapshot:1	0	3	Epoch:14	Loss:2.474	MRR:25.93	Hits@10:44.04	Best:25.93
2024-09-19 10:54:19,195 INFO    : Snapshot:1	0	3	Epoch:15	Loss:2.428	MRR:25.95	Hits@10:44.23	Best:25.95
2024-09-19 10:54:21,369 INFO    : Snapshot:1	0	3	Epoch:16	Loss:2.39	MRR:26.11	Hits@10:44.44	Best:26.11
2024-09-19 10:54:23,516 INFO    : Snapshot:1	0	3	Epoch:17	Loss:2.359	MRR:26.21	Hits@10:44.8	Best:26.21
2024-09-19 10:54:25,672 INFO    : Snapshot:1	0	3	Epoch:18	Loss:2.304	MRR:26.42	Hits@10:45.1	Best:26.42
2024-09-19 10:54:27,814 INFO    : Snapshot:1	1	3	Epoch:19	Loss:2.273	MRR:26.3	Hits@10:45.22	Best:26.42
2024-09-19 10:54:29,964 INFO    : Snapshot:1	0	3	Epoch:20	Loss:2.239	MRR:26.45	Hits@10:45.22	Best:26.45
2024-09-19 10:54:32,150 INFO    : Snapshot:1	0	3	Epoch:21	Loss:2.23	MRR:26.68	Hits@10:45.37	Best:26.68
2024-09-19 10:54:34,303 INFO    : Snapshot:1	0	3	Epoch:22	Loss:2.212	MRR:26.82	Hits@10:45.78	Best:26.82
2024-09-19 10:54:36,434 INFO    : Snapshot:1	1	3	Epoch:23	Loss:2.191	MRR:26.74	Hits@10:45.74	Best:26.82
2024-09-19 10:54:38,588 INFO    : Snapshot:1	0	3	Epoch:24	Loss:2.161	MRR:26.91	Hits@10:45.89	Best:26.91
2024-09-19 10:54:40,714 INFO    : Snapshot:1	0	3	Epoch:25	Loss:2.133	MRR:27.01	Hits@10:45.89	Best:27.01
2024-09-19 10:54:42,889 INFO    : Snapshot:1	0	3	Epoch:26	Loss:2.123	MRR:27.07	Hits@10:46.22	Best:27.07
2024-09-19 10:54:45,119 INFO    : Snapshot:1	0	3	Epoch:27	Loss:2.111	MRR:27.11	Hits@10:46.26	Best:27.11
2024-09-19 10:54:47,307 INFO    : Snapshot:1	1	3	Epoch:28	Loss:2.096	MRR:26.97	Hits@10:46.32	Best:27.11
2024-09-19 10:54:49,526 INFO    : Snapshot:1	0	3	Epoch:29	Loss:2.096	MRR:27.22	Hits@10:46.43	Best:27.22
2024-09-19 10:54:51,610 INFO    : Snapshot:1	1	3	Epoch:30	Loss:2.065	MRR:27.08	Hits@10:46.32	Best:27.22
2024-09-19 10:54:53,668 INFO    : Snapshot:1	2	3	Epoch:31	Loss:2.064	MRR:27.11	Hits@10:46.57	Best:27.22
2024-09-19 10:54:55,721 INFO    : Snapshot:1	0	3	Epoch:32	Loss:2.055	MRR:27.43	Hits@10:46.46	Best:27.43
2024-09-19 10:54:57,788 INFO    : Snapshot:1	0	3	Epoch:33	Loss:2.039	MRR:27.48	Hits@10:46.75	Best:27.48
2024-09-19 10:54:59,832 INFO    : Snapshot:1	1	3	Epoch:34	Loss:2.039	MRR:27.43	Hits@10:46.77	Best:27.48
2024-09-19 10:55:01,883 INFO    : Snapshot:1	2	3	Epoch:35	Loss:2.027	MRR:27.41	Hits@10:46.59	Best:27.48
2024-09-19 10:55:04,225 INFO    : Early Stopping! Snapshot:1 Epoch: 36 Best Results: 27.48
2024-09-19 10:55:04,323 INFO    : => loading checkpoint './checkpoint/HYBRID\1model_best.tar'
2024-09-19 10:55:08,876 INFO    : 
+------------+--------+--------+--------+--------+---------+
| Snapshot:1 |  MRR   | Hits@1 | Hits@3 | Hits@5 | Hits@10 |
+------------+--------+--------+--------+--------+---------+
|     0      | 0.2552 | 0.152  | 0.3085 | 0.3708 |  0.4437 |
|     1      | 0.2691 | 0.1713 | 0.3079 | 0.375  |  0.4623 |
+------------+--------+--------+--------+--------+---------+
2024-09-19 10:55:29,842 INFO    : Snapshot:2	0	3	Epoch:0	Loss:42.452	MRR:11.18	Hits@10:20.59	Best:11.18
2024-09-19 10:55:40,718 INFO    : Snapshot:2	0	3	Epoch:1	Loss:20.834	MRR:14.13	Hits@10:26.17	Best:14.13
2024-09-19 10:55:51,901 INFO    : Snapshot:2	0	3	Epoch:2	Loss:17.19	MRR:15.47	Hits@10:28.52	Best:15.47
2024-09-19 10:56:02,808 INFO    : Snapshot:2	0	3	Epoch:3	Loss:15.572	MRR:16.51	Hits@10:29.73	Best:16.51
2024-09-19 10:56:13,772 INFO    : Snapshot:2	0	3	Epoch:4	Loss:14.588	MRR:16.95	Hits@10:30.51	Best:16.95
2024-09-19 10:56:24,668 INFO    : Snapshot:2	0	3	Epoch:5	Loss:13.99	MRR:17.29	Hits@10:31.01	Best:17.29
2024-09-19 10:56:35,574 INFO    : Snapshot:2	0	3	Epoch:6	Loss:13.595	MRR:17.49	Hits@10:31.41	Best:17.49
2024-09-19 10:56:46,543 INFO    : Snapshot:2	0	3	Epoch:7	Loss:13.251	MRR:17.64	Hits@10:31.67	Best:17.64
2024-09-19 10:56:57,332 INFO    : Snapshot:2	0	3	Epoch:8	Loss:12.967	MRR:17.84	Hits@10:31.87	Best:17.84
2024-09-19 10:57:08,044 INFO    : Snapshot:2	0	3	Epoch:9	Loss:12.773	MRR:18.1	Hits@10:32.04	Best:18.1
2024-09-19 10:57:18,739 INFO    : Snapshot:2	0	3	Epoch:10	Loss:12.582	MRR:18.3	Hits@10:32.35	Best:18.3
2024-09-19 10:57:29,493 INFO    : Snapshot:2	1	3	Epoch:11	Loss:12.456	MRR:18.19	Hits@10:32.33	Best:18.3
2024-09-19 10:57:40,446 INFO    : Snapshot:2	2	3	Epoch:12	Loss:12.292	MRR:18.27	Hits@10:32.57	Best:18.3
2024-09-19 10:57:51,467 INFO    : Snapshot:2	0	3	Epoch:13	Loss:12.231	MRR:18.47	Hits@10:32.77	Best:18.47
2024-09-19 10:58:02,626 INFO    : Snapshot:2	1	3	Epoch:14	Loss:12.169	MRR:18.4	Hits@10:32.91	Best:18.47
2024-09-19 10:58:13,605 INFO    : Snapshot:2	0	3	Epoch:15	Loss:12.023	MRR:18.59	Hits@10:33.01	Best:18.59
2024-09-19 10:58:24,652 INFO    : Snapshot:2	1	3	Epoch:16	Loss:11.982	MRR:18.54	Hits@10:33.09	Best:18.59
2024-09-19 10:58:35,585 INFO    : Snapshot:2	2	3	Epoch:17	Loss:11.934	MRR:18.59	Hits@10:33.1	Best:18.59
2024-09-19 10:58:46,569 INFO    : Snapshot:2	0	3	Epoch:18	Loss:11.84	MRR:18.86	Hits@10:33.29	Best:18.86
2024-09-19 10:58:57,462 INFO    : Snapshot:2	1	3	Epoch:19	Loss:11.854	MRR:18.8	Hits@10:33.22	Best:18.86
2024-09-19 10:59:08,355 INFO    : Snapshot:2	2	3	Epoch:20	Loss:11.756	MRR:18.62	Hits@10:33.36	Best:18.86
2024-09-19 10:59:19,273 INFO    : Early Stopping! Snapshot:2 Epoch: 21 Best Results: 18.86
2024-09-19 10:59:19,371 INFO    : => loading checkpoint './checkpoint/HYBRID\2model_best.tar'
2024-09-19 10:59:30,999 INFO    : 
+------------+--------+--------+--------+--------+---------+
| Snapshot:2 |  MRR   | Hits@1 | Hits@3 | Hits@5 | Hits@10 |
+------------+--------+--------+--------+--------+---------+
|     0      | 0.2552 | 0.152  | 0.3085 | 0.3708 |  0.4437 |
|     1      | 0.2691 | 0.1713 | 0.3079 | 0.375  |  0.4623 |
|     2      | 0.1863 | 0.1131 | 0.2089 | 0.258  |  0.3304 |
+------------+--------+--------+--------+--------+---------+
2024-09-19 10:59:58,445 INFO    : Snapshot:3	0	3	Epoch:0	Loss:45.448	MRR:10.69	Hits@10:20.8	Best:10.69
2024-09-19 11:00:13,126 INFO    : Snapshot:3	0	3	Epoch:1	Loss:25.026	MRR:13.62	Hits@10:25.3	Best:13.62
2024-09-19 11:00:27,760 INFO    : Snapshot:3	0	3	Epoch:2	Loss:21.84	MRR:14.91	Hits@10:27.69	Best:14.91
2024-09-19 11:00:42,460 INFO    : Snapshot:3	0	3	Epoch:3	Loss:20.52	MRR:15.61	Hits@10:28.93	Best:15.61
2024-09-19 11:00:57,087 INFO    : Snapshot:3	0	3	Epoch:4	Loss:19.739	MRR:16.17	Hits@10:29.64	Best:16.17
2024-09-19 11:01:11,360 INFO    : Snapshot:3	0	3	Epoch:5	Loss:19.138	MRR:16.43	Hits@10:30.25	Best:16.43
2024-09-19 11:01:25,693 INFO    : Snapshot:3	0	3	Epoch:6	Loss:18.768	MRR:16.68	Hits@10:30.5	Best:16.68
2024-09-19 11:01:39,977 INFO    : Snapshot:3	0	3	Epoch:7	Loss:18.431	MRR:16.89	Hits@10:30.84	Best:16.89
2024-09-19 11:01:54,271 INFO    : Snapshot:3	0	3	Epoch:8	Loss:18.203	MRR:17.02	Hits@10:31.08	Best:17.02
2024-09-19 11:02:08,749 INFO    : Snapshot:3	0	3	Epoch:9	Loss:18.001	MRR:17.22	Hits@10:31.26	Best:17.22
2024-09-19 11:02:23,229 INFO    : Snapshot:3	0	3	Epoch:10	Loss:17.82	MRR:17.3	Hits@10:31.35	Best:17.3
2024-09-19 11:02:37,527 INFO    : Snapshot:3	0	3	Epoch:11	Loss:17.666	MRR:17.32	Hits@10:31.47	Best:17.32
2024-09-19 11:02:51,853 INFO    : Snapshot:3	1	3	Epoch:12	Loss:17.531	MRR:17.24	Hits@10:31.36	Best:17.32
2024-09-19 11:03:06,114 INFO    : Snapshot:3	0	3	Epoch:13	Loss:17.43	MRR:17.33	Hits@10:31.62	Best:17.33
2024-09-19 11:03:20,330 INFO    : Snapshot:3	0	3	Epoch:14	Loss:17.343	MRR:17.38	Hits@10:31.83	Best:17.38
2024-09-19 11:03:34,751 INFO    : Snapshot:3	1	3	Epoch:15	Loss:17.262	MRR:17.37	Hits@10:31.7	Best:17.38
2024-09-19 11:03:48,962 INFO    : Snapshot:3	0	3	Epoch:16	Loss:17.193	MRR:17.48	Hits@10:31.87	Best:17.48
2024-09-19 11:04:03,320 INFO    : Snapshot:3	1	3	Epoch:17	Loss:17.144	MRR:17.44	Hits@10:32.04	Best:17.48
2024-09-19 11:04:17,740 INFO    : Snapshot:3	0	3	Epoch:18	Loss:17.066	MRR:17.58	Hits@10:32.04	Best:17.58
2024-09-19 11:04:32,218 INFO    : Snapshot:3	0	3	Epoch:19	Loss:17.03	MRR:17.7	Hits@10:32.19	Best:17.7
2024-09-19 11:04:46,644 INFO    : Snapshot:3	1	3	Epoch:20	Loss:16.95	MRR:17.67	Hits@10:32.23	Best:17.7
2024-09-19 11:05:01,196 INFO    : Snapshot:3	2	3	Epoch:21	Loss:16.924	MRR:17.64	Hits@10:32.2	Best:17.7
2024-09-19 11:05:15,626 INFO    : Early Stopping! Snapshot:3 Epoch: 22 Best Results: 17.7
2024-09-19 11:05:15,737 INFO    : => loading checkpoint './checkpoint/HYBRID\3model_best.tar'
2024-09-19 11:05:37,424 INFO    : 
+------------+--------+--------+--------+--------+---------+
| Snapshot:3 |  MRR   | Hits@1 | Hits@3 | Hits@5 | Hits@10 |
+------------+--------+--------+--------+--------+---------+
|     0      | 0.2552 | 0.152  | 0.3085 | 0.3708 |  0.4437 |
|     1      | 0.2691 | 0.1713 | 0.3079 | 0.375  |  0.4623 |
|     2      | 0.1863 | 0.1131 | 0.2089 | 0.258  |  0.3304 |
|     3      | 0.1746 | 0.0968 | 0.2053 | 0.2575 |  0.3235 |
+------------+--------+--------+--------+--------+---------+
2024-09-19 11:05:50,045 INFO    : Snapshot:4	0	3	Epoch:0	Loss:21.05	MRR:6.99	Hits@10:15.37	Best:6.99
2024-09-19 11:05:56,032 INFO    : Snapshot:4	0	3	Epoch:1	Loss:15.392	MRR:12.75	Hits@10:20.95	Best:12.75
2024-09-19 11:06:01,642 INFO    : Snapshot:4	0	3	Epoch:2	Loss:13.23	MRR:13.67	Hits@10:22.75	Best:13.67
2024-09-19 11:06:07,141 INFO    : Snapshot:4	0	3	Epoch:3	Loss:12.442	MRR:14.14	Hits@10:23.69	Best:14.14
2024-09-19 11:06:12,768 INFO    : Snapshot:4	0	3	Epoch:4	Loss:12.016	MRR:14.52	Hits@10:24.11	Best:14.52
2024-09-19 11:06:18,209 INFO    : Snapshot:4	0	3	Epoch:5	Loss:11.773	MRR:14.72	Hits@10:24.35	Best:14.72
2024-09-19 11:06:23,650 INFO    : Snapshot:4	0	3	Epoch:6	Loss:11.609	MRR:14.94	Hits@10:24.6	Best:14.94
2024-09-19 11:06:29,202 INFO    : Snapshot:4	0	3	Epoch:7	Loss:11.446	MRR:15.01	Hits@10:24.79	Best:15.01
2024-09-19 11:06:34,796 INFO    : Snapshot:4	0	3	Epoch:8	Loss:11.359	MRR:15.11	Hits@10:24.86	Best:15.11
2024-09-19 11:06:40,291 INFO    : Snapshot:4	0	3	Epoch:9	Loss:11.278	MRR:15.21	Hits@10:25.02	Best:15.21
2024-09-19 11:06:45,762 INFO    : Snapshot:4	0	3	Epoch:10	Loss:11.216	MRR:15.28	Hits@10:25.08	Best:15.28
2024-09-19 11:06:51,481 INFO    : Snapshot:4	0	3	Epoch:11	Loss:11.137	MRR:15.33	Hits@10:25.12	Best:15.33
2024-09-19 11:06:56,864 INFO    : Snapshot:4	0	3	Epoch:12	Loss:11.133	MRR:15.36	Hits@10:25.12	Best:15.36
2024-09-19 11:07:02,235 INFO    : Snapshot:4	0	3	Epoch:13	Loss:11.093	MRR:15.48	Hits@10:25.31	Best:15.48
2024-09-19 11:07:07,612 INFO    : Snapshot:4	0	3	Epoch:14	Loss:11.045	MRR:15.5	Hits@10:25.33	Best:15.5
2024-09-19 11:07:12,987 INFO    : Snapshot:4	1	3	Epoch:15	Loss:11.012	MRR:15.5	Hits@10:25.35	Best:15.5
2024-09-19 11:07:18,395 INFO    : Snapshot:4	0	3	Epoch:16	Loss:10.997	MRR:15.53	Hits@10:25.36	Best:15.53
2024-09-19 11:07:24,079 INFO    : Snapshot:4	0	3	Epoch:17	Loss:10.98	MRR:15.58	Hits@10:25.36	Best:15.58
2024-09-19 11:07:29,732 INFO    : Snapshot:4	1	3	Epoch:18	Loss:10.943	MRR:15.58	Hits@10:25.35	Best:15.58
2024-09-19 11:07:35,385 INFO    : Snapshot:4	0	3	Epoch:19	Loss:10.905	MRR:15.67	Hits@10:25.45	Best:15.67
2024-09-19 11:07:40,787 INFO    : Snapshot:4	0	3	Epoch:20	Loss:10.926	MRR:15.7	Hits@10:25.43	Best:15.7
2024-09-19 11:07:46,251 INFO    : Snapshot:4	0	3	Epoch:21	Loss:10.915	MRR:15.73	Hits@10:25.51	Best:15.73
2024-09-19 11:07:51,852 INFO    : Snapshot:4	1	3	Epoch:22	Loss:10.878	MRR:15.71	Hits@10:25.38	Best:15.73
2024-09-19 11:07:57,408 INFO    : Snapshot:4	0	3	Epoch:23	Loss:10.886	MRR:15.74	Hits@10:25.48	Best:15.74
2024-09-19 11:08:02,763 INFO    : Snapshot:4	1	3	Epoch:24	Loss:10.822	MRR:15.68	Hits@10:25.45	Best:15.74
2024-09-19 11:08:08,240 INFO    : Snapshot:4	2	3	Epoch:25	Loss:10.837	MRR:15.72	Hits@10:25.45	Best:15.74
2024-09-19 11:08:13,681 INFO    : Snapshot:4	0	3	Epoch:26	Loss:10.853	MRR:15.81	Hits@10:25.6	Best:15.81
2024-09-19 11:08:19,172 INFO    : Snapshot:4	1	3	Epoch:27	Loss:10.849	MRR:15.78	Hits@10:25.53	Best:15.81
2024-09-19 11:08:24,773 INFO    : Snapshot:4	2	3	Epoch:28	Loss:10.828	MRR:15.77	Hits@10:25.54	Best:15.81
2024-09-19 11:08:30,319 INFO    : Snapshot:4	0	3	Epoch:29	Loss:10.85	MRR:15.84	Hits@10:25.63	Best:15.84
2024-09-19 11:08:35,786 INFO    : Snapshot:4	1	3	Epoch:30	Loss:10.799	MRR:15.78	Hits@10:25.48	Best:15.84
2024-09-19 11:08:41,331 INFO    : Snapshot:4	0	3	Epoch:31	Loss:10.791	MRR:15.86	Hits@10:25.63	Best:15.86
2024-09-19 11:08:46,995 INFO    : Snapshot:4	1	3	Epoch:32	Loss:10.826	MRR:15.84	Hits@10:25.61	Best:15.86
2024-09-19 11:08:52,532 INFO    : Snapshot:4	0	3	Epoch:33	Loss:10.806	MRR:15.89	Hits@10:25.58	Best:15.89
2024-09-19 11:08:58,181 INFO    : Snapshot:4	0	3	Epoch:34	Loss:10.801	MRR:15.9	Hits@10:25.76	Best:15.9
2024-09-19 11:09:03,721 INFO    : Snapshot:4	1	3	Epoch:35	Loss:10.808	MRR:15.89	Hits@10:25.69	Best:15.9
2024-09-19 11:09:09,541 INFO    : Snapshot:4	2	3	Epoch:36	Loss:10.806	MRR:15.88	Hits@10:25.64	Best:15.9
2024-09-19 11:09:15,262 INFO    : Early Stopping! Snapshot:4 Epoch: 37 Best Results: 15.9
2024-09-19 11:09:15,375 INFO    : => loading checkpoint './checkpoint/HYBRID\4model_best.tar'
2024-09-19 11:09:41,983 INFO    : 
+------------+--------+--------+--------+--------+---------+
| Snapshot:4 |  MRR   | Hits@1 | Hits@3 | Hits@5 | Hits@10 |
+------------+--------+--------+--------+--------+---------+
|     0      | 0.2552 | 0.152  | 0.3085 | 0.3708 |  0.4437 |
|     1      | 0.2691 | 0.1713 | 0.3079 | 0.375  |  0.4623 |
|     2      | 0.1863 | 0.1131 | 0.2089 | 0.258  |  0.3304 |
|     3      | 0.1746 | 0.0968 | 0.2053 | 0.2575 |  0.3235 |
|     4      | 0.1563 | 0.1062 | 0.1714 | 0.2019 |  0.2505 |
+------------+--------+--------+--------+--------+---------+
2024-09-19 11:09:41,985 INFO    : Final Result:
[+------------+--------+--------+--------+--------+---------+
| Snapshot:0 |  MRR   | Hits@1 | Hits@3 | Hits@5 | Hits@10 |
+------------+--------+--------+--------+--------+---------+
|     0      | 0.2552 | 0.152  | 0.3085 | 0.3708 |  0.4437 |
+------------+--------+--------+--------+--------+---------+, +------------+--------+--------+--------+--------+---------+
| Snapshot:1 |  MRR   | Hits@1 | Hits@3 | Hits@5 | Hits@10 |
+------------+--------+--------+--------+--------+---------+
|     0      | 0.2552 | 0.152  | 0.3085 | 0.3708 |  0.4437 |
|     1      | 0.2691 | 0.1713 | 0.3079 | 0.375  |  0.4623 |
+------------+--------+--------+--------+--------+---------+, +------------+--------+--------+--------+--------+---------+
| Snapshot:2 |  MRR   | Hits@1 | Hits@3 | Hits@5 | Hits@10 |
+------------+--------+--------+--------+--------+---------+
|     0      | 0.2552 | 0.152  | 0.3085 | 0.3708 |  0.4437 |
|     1      | 0.2691 | 0.1713 | 0.3079 | 0.375  |  0.4623 |
|     2      | 0.1863 | 0.1131 | 0.2089 | 0.258  |  0.3304 |
+------------+--------+--------+--------+--------+---------+, +------------+--------+--------+--------+--------+---------+
| Snapshot:3 |  MRR   | Hits@1 | Hits@3 | Hits@5 | Hits@10 |
+------------+--------+--------+--------+--------+---------+
|     0      | 0.2552 | 0.152  | 0.3085 | 0.3708 |  0.4437 |
|     1      | 0.2691 | 0.1713 | 0.3079 | 0.375  |  0.4623 |
|     2      | 0.1863 | 0.1131 | 0.2089 | 0.258  |  0.3304 |
|     3      | 0.1746 | 0.0968 | 0.2053 | 0.2575 |  0.3235 |
+------------+--------+--------+--------+--------+---------+, +------------+--------+--------+--------+--------+---------+
| Snapshot:4 |  MRR   | Hits@1 | Hits@3 | Hits@5 | Hits@10 |
+------------+--------+--------+--------+--------+---------+
|     0      | 0.2552 | 0.152  | 0.3085 | 0.3708 |  0.4437 |
|     1      | 0.2691 | 0.1713 | 0.3079 | 0.375  |  0.4623 |
|     2      | 0.1863 | 0.1131 | 0.2089 | 0.258  |  0.3304 |
|     3      | 0.1746 | 0.0968 | 0.2053 | 0.2575 |  0.3235 |
|     4      | 0.1563 | 0.1062 | 0.1714 | 0.2019 |  0.2505 |
+------------+--------+--------+--------+--------+---------+]
2024-09-19 11:09:41,985 INFO    : Report Result:
+----------+--------------------+-----------+--------------+--------------+---------------+
| Snapshot |        Time        | Whole_MRR | Whole_Hits@1 | Whole_Hits@3 | Whole_Hits@10 |
+----------+--------------------+-----------+--------------+--------------+---------------+
|    0     | 33.73782825469971  |   0.255   |    0.152     |    0.308     |     0.444     |
|    1     |  81.2252447605133  |   0.259   |    0.157     |    0.308     |     0.449     |
|    2     | 243.4731423854828  |   0.221   |    0.134     |    0.256     |     0.386     |
|    3     | 334.83772444725037 |   0.203   |     0.12     |    0.236     |     0.362     |
|    4     | 213.5447714328766  |   0.197   |    0.118     |    0.228     |     0.348     |
+----------+--------------------+-----------+--------------+--------------+---------------+
2024-09-19 11:09:41,985 INFO    : Sum_Training_Time:906.8187112808228
2024-09-19 11:09:41,985 INFO    : Every_Training_Time:[33.73782825469971, 81.2252447605133, 243.4731423854828, 334.83772444725037, 213.5447714328766]
2024-09-19 11:09:41,985 INFO    : Forward transfer: 0.03615 Backward transfer: 0.0
