2024-09-24 22:29:58,711 INFO    : Namespace(batch_size=1024, data_path='./data/WN_CKGE/', dataset='WN_CKGE', debug=False, device=device(type='cuda', index=0), emb_dim=200, ent_r='200', epoch_num=200, explore=False, gpu='0', l2=0.0, learning_rate='1e-1', log_path='./logs/WN_CKGE 200 2 1e-1 1024/WN_CKGE', logger=<RootLogger root (INFO)>, margin=8.0, model_name='LoraKGE_Layers', multi_layers_path='train_sorted_by_edges_betweenness.txt', neg_ratio=10, note='', num_ent_layers='2', num_layer=1, num_rel_layers='1', patience=3, predict_result='True', r=100, r_fixed=True, random_seed=3407, record=False, rel_r='20', save_path='./checkpoint/WN_CKGE', skip_previous='False', snapshot_num=5, train_new=True, using_multi_layers=False, using_various_ranks='True', using_various_ranks_reverse=False, valid_metrics='mrr')
2024-09-24 22:30:10,182 INFO    : Snapshot:0	0	3	Epoch:0	Loss:41.777	MRR:1.24	Hits@10:3.14	Best:1.24
2024-09-24 22:30:20,910 INFO    : Snapshot:0	0	3	Epoch:1	Loss:21.959	MRR:9.65	Hits@10:22.46	Best:9.65
2024-09-24 22:30:31,604 INFO    : Snapshot:0	0	3	Epoch:2	Loss:11.347	MRR:13.06	Hits@10:29.25	Best:13.06
2024-09-24 22:30:42,364 INFO    : Snapshot:0	0	3	Epoch:3	Loss:7.0	MRR:14.29	Hits@10:31.47	Best:14.29
2024-09-24 22:30:53,406 INFO    : Snapshot:0	0	3	Epoch:4	Loss:4.735	MRR:14.92	Hits@10:32.62	Best:14.92
2024-09-24 22:31:04,227 INFO    : Snapshot:0	0	3	Epoch:5	Loss:3.363	MRR:15.33	Hits@10:33.54	Best:15.33
2024-09-24 22:31:15,018 INFO    : Snapshot:0	0	3	Epoch:6	Loss:2.454	MRR:15.67	Hits@10:34.35	Best:15.67
2024-09-24 22:31:25,799 INFO    : Snapshot:0	0	3	Epoch:7	Loss:1.806	MRR:15.93	Hits@10:34.96	Best:15.93
2024-09-24 22:31:36,592 INFO    : Snapshot:0	0	3	Epoch:8	Loss:1.367	MRR:16.23	Hits@10:35.76	Best:16.23
2024-09-24 22:31:47,389 INFO    : Snapshot:0	0	3	Epoch:9	Loss:1.056	MRR:16.45	Hits@10:36.23	Best:16.45
2024-09-24 22:31:58,204 INFO    : Snapshot:0	0	3	Epoch:10	Loss:0.816	MRR:16.64	Hits@10:36.68	Best:16.64
2024-09-24 22:32:09,019 INFO    : Snapshot:0	0	3	Epoch:11	Loss:0.624	MRR:16.83	Hits@10:37.25	Best:16.83
2024-09-24 22:32:19,846 INFO    : Snapshot:0	0	3	Epoch:12	Loss:0.505	MRR:16.9	Hits@10:37.74	Best:16.9
2024-09-24 22:32:30,825 INFO    : Snapshot:0	0	3	Epoch:13	Loss:0.399	MRR:16.93	Hits@10:37.97	Best:16.93
2024-09-24 22:32:41,594 INFO    : Snapshot:0	1	3	Epoch:14	Loss:0.335	MRR:16.93	Hits@10:38.19	Best:16.93
2024-09-24 22:32:52,429 INFO    : Snapshot:0	0	3	Epoch:15	Loss:0.279	MRR:17.06	Hits@10:38.67	Best:17.06
2024-09-24 22:33:03,208 INFO    : Snapshot:0	1	3	Epoch:16	Loss:0.236	MRR:17.04	Hits@10:38.78	Best:17.06
2024-09-24 22:33:14,056 INFO    : Snapshot:0	0	3	Epoch:17	Loss:0.22	MRR:17.08	Hits@10:39.0	Best:17.08
2024-09-24 22:33:24,959 INFO    : Snapshot:0	0	3	Epoch:18	Loss:0.188	MRR:17.12	Hits@10:39.1	Best:17.12
2024-09-24 22:33:35,723 INFO    : Snapshot:0	1	3	Epoch:19	Loss:0.177	MRR:17.1	Hits@10:39.27	Best:17.12
2024-09-24 22:33:46,450 INFO    : Snapshot:0	2	3	Epoch:20	Loss:0.158	MRR:17.08	Hits@10:39.43	Best:17.12
2024-09-24 22:33:57,410 INFO    : Snapshot:0	0	3	Epoch:21	Loss:0.149	MRR:17.14	Hits@10:39.47	Best:17.14
2024-09-24 22:34:08,305 INFO    : Snapshot:0	1	3	Epoch:22	Loss:0.143	MRR:17.07	Hits@10:39.57	Best:17.14
2024-09-24 22:34:19,138 INFO    : Snapshot:0	2	3	Epoch:23	Loss:0.133	MRR:17.13	Hits@10:39.69	Best:17.14
2024-09-24 22:34:29,998 INFO    : Snapshot:0	0	3	Epoch:24	Loss:0.12	MRR:17.18	Hits@10:40.0	Best:17.18
2024-09-24 22:34:40,868 INFO    : Snapshot:0	0	3	Epoch:25	Loss:0.121	MRR:17.22	Hits@10:39.94	Best:17.22
2024-09-24 22:34:51,708 INFO    : Snapshot:0	1	3	Epoch:26	Loss:0.115	MRR:17.16	Hits@10:40.12	Best:17.22
2024-09-24 22:35:02,557 INFO    : Snapshot:0	2	3	Epoch:27	Loss:0.108	MRR:17.15	Hits@10:40.24	Best:17.22
2024-09-24 22:35:13,362 INFO    : Early Stopping! Snapshot:0 Epoch: 28 Best Results: 17.22
2024-09-24 22:35:13,395 INFO    : => loading checkpoint './checkpoint/WN_CKGE\0model_best.tar'
2024-09-24 22:35:24,639 INFO    : 
+------------+--------+--------+--------+--------+---------+
| Snapshot:0 |  MRR   | Hits@1 | Hits@3 | Hits@5 | Hits@10 |
+------------+--------+--------+--------+--------+---------+
|     0      | 0.1722 |  0.01  | 0.3114 | 0.354  |  0.3996 |
+------------+--------+--------+--------+--------+---------+
2024-09-24 22:35:40,196 INFO    : Snapshot:1	0	3	Epoch:0	Loss:6.269	MRR:6.28	Hits@10:16.4	Best:6.28
2024-09-24 22:35:47,297 INFO    : Snapshot:1	0	3	Epoch:1	Loss:2.61	MRR:9.88	Hits@10:25.4	Best:9.88
2024-09-24 22:35:54,390 INFO    : Snapshot:1	0	3	Epoch:2	Loss:1.135	MRR:12.18	Hits@10:29.87	Best:12.18
2024-09-24 22:36:01,483 INFO    : Snapshot:1	0	3	Epoch:3	Loss:0.66	MRR:13.06	Hits@10:31.72	Best:13.06
2024-09-24 22:36:08,582 INFO    : Snapshot:1	0	3	Epoch:4	Loss:0.456	MRR:13.47	Hits@10:32.61	Best:13.47
2024-09-24 22:36:15,690 INFO    : Snapshot:1	0	3	Epoch:5	Loss:0.356	MRR:13.85	Hits@10:32.85	Best:13.85
2024-09-24 22:36:22,798 INFO    : Snapshot:1	0	3	Epoch:6	Loss:0.309	MRR:13.9	Hits@10:33.04	Best:13.9
2024-09-24 22:36:29,912 INFO    : Snapshot:1	0	3	Epoch:7	Loss:0.269	MRR:13.99	Hits@10:33.31	Best:13.99
2024-09-24 22:36:37,046 INFO    : Snapshot:1	0	3	Epoch:8	Loss:0.243	MRR:14.11	Hits@10:33.49	Best:14.11
2024-09-24 22:36:44,150 INFO    : Snapshot:1	0	3	Epoch:9	Loss:0.229	MRR:14.27	Hits@10:33.68	Best:14.27
2024-09-24 22:36:51,271 INFO    : Snapshot:1	0	3	Epoch:10	Loss:0.218	MRR:14.32	Hits@10:34.11	Best:14.32
2024-09-24 22:36:58,357 INFO    : Snapshot:1	1	3	Epoch:11	Loss:0.208	MRR:14.29	Hits@10:33.84	Best:14.32
2024-09-24 22:37:05,446 INFO    : Snapshot:1	0	3	Epoch:12	Loss:0.202	MRR:14.35	Hits@10:33.92	Best:14.35
2024-09-24 22:37:12,532 INFO    : Snapshot:1	0	3	Epoch:13	Loss:0.196	MRR:14.37	Hits@10:34.03	Best:14.37
2024-09-24 22:37:19,626 INFO    : Snapshot:1	0	3	Epoch:14	Loss:0.187	MRR:14.43	Hits@10:34.06	Best:14.43
2024-09-24 22:37:26,693 INFO    : Snapshot:1	1	3	Epoch:15	Loss:0.185	MRR:14.39	Hits@10:34.14	Best:14.43
2024-09-24 22:37:33,751 INFO    : Snapshot:1	2	3	Epoch:16	Loss:0.185	MRR:14.37	Hits@10:34.3	Best:14.43
2024-09-24 22:37:40,838 INFO    : Snapshot:1	0	3	Epoch:17	Loss:0.179	MRR:14.45	Hits@10:34.03	Best:14.45
2024-09-24 22:37:47,917 INFO    : Snapshot:1	1	3	Epoch:18	Loss:0.177	MRR:14.44	Hits@10:34.27	Best:14.45
2024-09-24 22:37:55,005 INFO    : Snapshot:1	0	3	Epoch:19	Loss:0.171	MRR:14.47	Hits@10:34.3	Best:14.47
2024-09-24 22:38:02,087 INFO    : Snapshot:1	0	3	Epoch:20	Loss:0.174	MRR:14.52	Hits@10:34.25	Best:14.52
2024-09-24 22:38:09,149 INFO    : Snapshot:1	1	3	Epoch:21	Loss:0.169	MRR:14.47	Hits@10:34.38	Best:14.52
2024-09-24 22:38:16,232 INFO    : Snapshot:1	2	3	Epoch:22	Loss:0.165	MRR:14.49	Hits@10:34.25	Best:14.52
2024-09-24 22:38:23,300 INFO    : Early Stopping! Snapshot:1 Epoch: 23 Best Results: 14.52
2024-09-24 22:38:23,349 INFO    : => loading checkpoint './checkpoint/WN_CKGE\1model_best.tar'
2024-09-24 22:38:42,354 INFO    : 
+------------+--------+--------+--------+--------+---------+
| Snapshot:1 |  MRR   | Hits@1 | Hits@3 | Hits@5 | Hits@10 |
+------------+--------+--------+--------+--------+---------+
|     0      | 0.1722 |  0.01  | 0.3114 | 0.354  |  0.3996 |
|     1      | 0.1448 | 0.0113 | 0.2505 | 0.2973 |  0.3376 |
+------------+--------+--------+--------+--------+---------+
2024-09-24 22:39:15,934 INFO    : Snapshot:2	0	3	Epoch:0	Loss:6.262	MRR:5.51	Hits@10:14.44	Best:5.51
2024-09-24 22:39:31,949 INFO    : Snapshot:2	0	3	Epoch:1	Loss:2.568	MRR:9.08	Hits@10:22.9	Best:9.08
2024-09-24 22:39:47,971 INFO    : Snapshot:2	0	3	Epoch:2	Loss:1.054	MRR:11.13	Hits@10:26.64	Best:11.13
2024-09-24 22:40:03,990 INFO    : Snapshot:2	0	3	Epoch:3	Loss:0.596	MRR:11.93	Hits@10:28.44	Best:11.93
2024-09-24 22:40:20,014 INFO    : Snapshot:2	0	3	Epoch:4	Loss:0.421	MRR:12.42	Hits@10:29.11	Best:12.42
2024-09-24 22:40:36,030 INFO    : Snapshot:2	0	3	Epoch:5	Loss:0.314	MRR:12.56	Hits@10:29.49	Best:12.56
2024-09-24 22:40:52,052 INFO    : Snapshot:2	0	3	Epoch:6	Loss:0.27	MRR:12.82	Hits@10:29.65	Best:12.82
2024-09-24 22:41:08,074 INFO    : Snapshot:2	0	3	Epoch:7	Loss:0.239	MRR:12.87	Hits@10:30.0	Best:12.87
2024-09-24 22:41:24,100 INFO    : Snapshot:2	0	3	Epoch:8	Loss:0.213	MRR:12.99	Hits@10:30.03	Best:12.99
2024-09-24 22:41:40,103 INFO    : Snapshot:2	1	3	Epoch:9	Loss:0.202	MRR:12.96	Hits@10:30.0	Best:12.99
2024-09-24 22:41:56,124 INFO    : Snapshot:2	0	3	Epoch:10	Loss:0.192	MRR:13.05	Hits@10:29.81	Best:13.05
2024-09-24 22:42:12,131 INFO    : Snapshot:2	1	3	Epoch:11	Loss:0.181	MRR:12.99	Hits@10:30.16	Best:13.05
2024-09-24 22:42:28,305 INFO    : Snapshot:2	0	3	Epoch:12	Loss:0.177	MRR:13.11	Hits@10:30.19	Best:13.11
2024-09-24 22:42:44,313 INFO    : Snapshot:2	1	3	Epoch:13	Loss:0.173	MRR:13.07	Hits@10:30.16	Best:13.11
2024-09-24 22:43:00,405 INFO    : Snapshot:2	0	3	Epoch:14	Loss:0.168	MRR:13.19	Hits@10:30.22	Best:13.19
2024-09-24 22:43:16,440 INFO    : Snapshot:2	1	3	Epoch:15	Loss:0.161	MRR:13.13	Hits@10:30.38	Best:13.19
2024-09-24 22:43:32,526 INFO    : Snapshot:2	2	3	Epoch:16	Loss:0.161	MRR:13.15	Hits@10:30.13	Best:13.19
2024-09-24 22:43:48,581 INFO    : Early Stopping! Snapshot:2 Epoch: 17 Best Results: 13.19
2024-09-24 22:43:48,622 INFO    : => loading checkpoint './checkpoint/WN_CKGE\2model_best.tar'
2024-09-24 22:44:23,592 INFO    : 
+------------+--------+--------+--------+--------+---------+
| Snapshot:2 |  MRR   | Hits@1 | Hits@3 | Hits@5 | Hits@10 |
+------------+--------+--------+--------+--------+---------+
|     0      | 0.1722 |  0.01  | 0.3114 | 0.354  |  0.3996 |
|     1      | 0.1448 | 0.0113 | 0.2505 | 0.2973 |  0.3376 |
|     2      | 0.1387 | 0.0113 | 0.2425 | 0.282  |  0.3218 |
+------------+--------+--------+--------+--------+---------+
2024-09-24 22:45:02,295 INFO    : Snapshot:3	0	3	Epoch:0	Loss:6.254	MRR:4.9	Hits@10:12.88	Best:4.9
2024-09-24 22:45:20,441 INFO    : Snapshot:3	0	3	Epoch:1	Loss:2.514	MRR:8.8	Hits@10:22.53	Best:8.8
2024-09-24 22:45:38,341 INFO    : Snapshot:3	0	3	Epoch:2	Loss:1.015	MRR:10.7	Hits@10:25.97	Best:10.7
2024-09-24 22:45:56,199 INFO    : Snapshot:3	0	3	Epoch:3	Loss:0.579	MRR:11.6	Hits@10:27.34	Best:11.6
2024-09-24 22:46:14,060 INFO    : Snapshot:3	0	3	Epoch:4	Loss:0.4	MRR:11.99	Hits@10:27.85	Best:11.99
2024-09-24 22:46:31,936 INFO    : Snapshot:3	0	3	Epoch:5	Loss:0.315	MRR:12.35	Hits@10:28.25	Best:12.35
2024-09-24 22:46:49,820 INFO    : Snapshot:3	0	3	Epoch:6	Loss:0.269	MRR:12.44	Hits@10:28.74	Best:12.44
2024-09-24 22:47:07,707 INFO    : Snapshot:3	0	3	Epoch:7	Loss:0.241	MRR:12.57	Hits@10:28.49	Best:12.57
2024-09-24 22:47:25,596 INFO    : Snapshot:3	0	3	Epoch:8	Loss:0.215	MRR:12.59	Hits@10:28.87	Best:12.59
2024-09-24 22:47:43,461 INFO    : Snapshot:3	0	3	Epoch:9	Loss:0.207	MRR:12.68	Hits@10:29.01	Best:12.68
2024-09-24 22:48:01,296 INFO    : Snapshot:3	1	3	Epoch:10	Loss:0.191	MRR:12.66	Hits@10:28.95	Best:12.68
2024-09-24 22:48:19,154 INFO    : Snapshot:3	0	3	Epoch:11	Loss:0.183	MRR:12.73	Hits@10:29.06	Best:12.73
2024-09-24 22:48:37,016 INFO    : Snapshot:3	1	3	Epoch:12	Loss:0.173	MRR:12.66	Hits@10:28.95	Best:12.73
2024-09-24 22:48:54,883 INFO    : Snapshot:3	2	3	Epoch:13	Loss:0.171	MRR:12.67	Hits@10:29.06	Best:12.73
2024-09-24 22:49:12,728 INFO    : Early Stopping! Snapshot:3 Epoch: 14 Best Results: 12.73
2024-09-24 22:49:12,770 INFO    : => loading checkpoint './checkpoint/WN_CKGE\3model_best.tar'
2024-09-24 22:50:06,136 INFO    : 
+------------+--------+--------+--------+--------+---------+
| Snapshot:3 |  MRR   | Hits@1 | Hits@3 | Hits@5 | Hits@10 |
+------------+--------+--------+--------+--------+---------+
|     0      | 0.1722 |  0.01  | 0.3114 | 0.354  |  0.3996 |
|     1      | 0.1448 | 0.0113 | 0.2505 | 0.2973 |  0.3376 |
|     2      | 0.1387 | 0.0113 | 0.2425 | 0.282  |  0.3218 |
|     3      | 0.1314 | 0.011  | 0.2288 | 0.2634 |  0.3022 |
+------------+--------+--------+--------+--------+---------+
2024-09-24 22:50:15,331 INFO    : Snapshot:4	0	3	Epoch:0	Loss:6.163	MRR:10.71	Hits@10:25.05	Best:10.71
2024-09-24 22:50:18,298 INFO    : Snapshot:4	0	3	Epoch:1	Loss:2.408	MRR:12.12	Hits@10:28.01	Best:12.12
2024-09-24 22:50:21,274 INFO    : Snapshot:4	0	3	Epoch:2	Loss:0.932	MRR:12.93	Hits@10:29.73	Best:12.93
2024-09-24 22:50:24,251 INFO    : Snapshot:4	0	3	Epoch:3	Loss:0.518	MRR:13.3	Hits@10:30.38	Best:13.3
2024-09-24 22:50:27,223 INFO    : Snapshot:4	0	3	Epoch:4	Loss:0.366	MRR:13.48	Hits@10:30.7	Best:13.48
2024-09-24 22:50:30,184 INFO    : Snapshot:4	0	3	Epoch:5	Loss:0.29	MRR:13.55	Hits@10:30.65	Best:13.55
2024-09-24 22:50:33,151 INFO    : Snapshot:4	0	3	Epoch:6	Loss:0.243	MRR:13.67	Hits@10:30.81	Best:13.67
2024-09-24 22:50:36,165 INFO    : Snapshot:4	0	3	Epoch:7	Loss:0.217	MRR:13.76	Hits@10:30.94	Best:13.76
2024-09-24 22:50:39,147 INFO    : Snapshot:4	0	3	Epoch:8	Loss:0.196	MRR:13.8	Hits@10:31.02	Best:13.8
2024-09-24 22:50:42,100 INFO    : Snapshot:4	1	3	Epoch:9	Loss:0.19	MRR:13.76	Hits@10:31.16	Best:13.8
2024-09-24 22:50:45,046 INFO    : Snapshot:4	2	3	Epoch:10	Loss:0.181	MRR:13.78	Hits@10:31.1	Best:13.8
2024-09-24 22:50:47,991 INFO    : Early Stopping! Snapshot:4 Epoch: 11 Best Results: 13.8
2024-09-24 22:50:48,026 INFO    : => loading checkpoint './checkpoint/WN_CKGE\4model_best.tar'
2024-09-24 22:51:10,326 INFO    : 
+------------+--------+--------+--------+--------+---------+
| Snapshot:4 |  MRR   | Hits@1 | Hits@3 | Hits@5 | Hits@10 |
+------------+--------+--------+--------+--------+---------+
|     0      | 0.1722 |  0.01  | 0.3114 | 0.354  |  0.3996 |
|     1      | 0.1448 | 0.0113 | 0.2505 | 0.2973 |  0.3376 |
|     2      | 0.1387 | 0.0113 | 0.2425 | 0.282  |  0.3218 |
|     3      | 0.1314 | 0.011  | 0.2288 | 0.2634 |  0.3022 |
|     4      | 0.1468 | 0.0116 | 0.2628 | 0.2923 |  0.3259 |
+------------+--------+--------+--------+--------+---------+
2024-09-24 22:51:10,334 INFO    : Final Result:
[+------------+--------+--------+--------+--------+---------+
| Snapshot:0 |  MRR   | Hits@1 | Hits@3 | Hits@5 | Hits@10 |
+------------+--------+--------+--------+--------+---------+
|     0      | 0.1722 |  0.01  | 0.3114 | 0.354  |  0.3996 |
+------------+--------+--------+--------+--------+---------+, +------------+--------+--------+--------+--------+---------+
| Snapshot:1 |  MRR   | Hits@1 | Hits@3 | Hits@5 | Hits@10 |
+------------+--------+--------+--------+--------+---------+
|     0      | 0.1722 |  0.01  | 0.3114 | 0.354  |  0.3996 |
|     1      | 0.1448 | 0.0113 | 0.2505 | 0.2973 |  0.3376 |
+------------+--------+--------+--------+--------+---------+, +------------+--------+--------+--------+--------+---------+
| Snapshot:2 |  MRR   | Hits@1 | Hits@3 | Hits@5 | Hits@10 |
+------------+--------+--------+--------+--------+---------+
|     0      | 0.1722 |  0.01  | 0.3114 | 0.354  |  0.3996 |
|     1      | 0.1448 | 0.0113 | 0.2505 | 0.2973 |  0.3376 |
|     2      | 0.1387 | 0.0113 | 0.2425 | 0.282  |  0.3218 |
+------------+--------+--------+--------+--------+---------+, +------------+--------+--------+--------+--------+---------+
| Snapshot:3 |  MRR   | Hits@1 | Hits@3 | Hits@5 | Hits@10 |
+------------+--------+--------+--------+--------+---------+
|     0      | 0.1722 |  0.01  | 0.3114 | 0.354  |  0.3996 |
|     1      | 0.1448 | 0.0113 | 0.2505 | 0.2973 |  0.3376 |
|     2      | 0.1387 | 0.0113 | 0.2425 | 0.282  |  0.3218 |
|     3      | 0.1314 | 0.011  | 0.2288 | 0.2634 |  0.3022 |
+------------+--------+--------+--------+--------+---------+, +------------+--------+--------+--------+--------+---------+
| Snapshot:4 |  MRR   | Hits@1 | Hits@3 | Hits@5 | Hits@10 |
+------------+--------+--------+--------+--------+---------+
|     0      | 0.1722 |  0.01  | 0.3114 | 0.354  |  0.3996 |
|     1      | 0.1448 | 0.0113 | 0.2505 | 0.2973 |  0.3376 |
|     2      | 0.1387 | 0.0113 | 0.2425 | 0.282  |  0.3218 |
|     3      | 0.1314 | 0.011  | 0.2288 | 0.2634 |  0.3022 |
|     4      | 0.1468 | 0.0116 | 0.2628 | 0.2923 |  0.3259 |
+------------+--------+--------+--------+--------+---------+]
2024-09-24 22:51:10,334 INFO    : Report Result:
+----------+--------------------+-----------+--------------+--------------+---------------+
| Snapshot |        Time        | Whole_MRR | Whole_Hits@1 | Whole_Hits@3 | Whole_Hits@10 |
+----------+--------------------+-----------+--------------+--------------+---------------+
|    0     | 314.6517286300659  |   0.172   |     0.01     |    0.311     |      0.4      |
|    1     | 170.7725546360016  |   0.168   |     0.01     |    0.303     |     0.391     |
|    2     | 289.1586537361145  |   0.165   |     0.01     |    0.295     |     0.382     |
|    3     | 268.82475304603577 |   0.161   |     0.01     |    0.288     |     0.373     |
|    4     | 36.14563512802124  |   0.159   |    0.011     |    0.285     |     0.369     |
+----------+--------------------+-----------+--------------+--------------+---------------+
2024-09-24 22:51:10,336 INFO    : Sum_Training_Time:1079.553325176239
2024-09-24 22:51:10,336 INFO    : Every_Training_Time:[314.6517286300659, 170.7725546360016, 289.1586537361145, 268.82475304603577, 36.14563512802124]
2024-09-24 22:51:10,336 INFO    : Forward transfer: 0.060524999999999995 Backward transfer: 0.0