2024-10-01 09:25:09,153 INFO    : Namespace(batch_size='1024', data_path='./data/FB_CKGE/', dataset='FB_CKGE', debug=False, device=device(type='cuda', index=0), emb_dim=200, ent_r='200', epoch_num=200, explore=False, gpu='0', l2=0.0, learning_rate='1e-1', log_path='./logs/FB_CKGE 200 1 1e-1 1024/FB_CKGE 20241001092458', logger=<RootLogger root (INFO)>, margin=8.0, model_name='LoraKGE_Layers', multi_layers_path='train_sorted_by_edges_betweenness.txt', neg_ratio=10, note='', num_ent_layers='1', num_layer=1, num_rel_layers='1', patience=3, predict_result='True', r=100, r_fixed=True, random_seed=3407, record=False, rel_r='20', save_path='./checkpoint/FB_CKGE', skip_previous='False', snapshot_num=5, train_new=True, using_multi_layers=False, using_various_ranks='True', using_various_ranks_reverse=False, valid_metrics='mrr')
2024-10-01 09:25:29,709 INFO    : Snapshot:0	0	3	Epoch:0	Loss:91.268	MRR:22.64	Hits@10:42.62	Best:22.64
2024-10-01 09:25:47,322 INFO    : Snapshot:0	0	3	Epoch:1	Loss:17.198	MRR:24.74	Hits@10:45.16	Best:24.74
2024-10-01 09:26:04,761 INFO    : Snapshot:0	1	3	Epoch:2	Loss:7.016	MRR:23.93	Hits@10:44.13	Best:24.74
2024-10-01 09:26:22,321 INFO    : Snapshot:0	2	3	Epoch:3	Loss:4.7	MRR:23.72	Hits@10:43.5	Best:24.74
2024-10-01 09:26:40,103 INFO    : Early Stopping! Snapshot:0 Epoch: 4 Best Results: 24.74
2024-10-01 09:26:40,215 INFO    : => loading checkpoint './checkpoint/FB_CKGE\0model_best.tar'
2024-10-01 09:27:00,139 INFO    : 
+------------+-------+--------+--------+--------+---------+
| Snapshot:0 |  MRR  | Hits@1 | Hits@3 | Hits@5 | Hits@10 |
+------------+-------+--------+--------+--------+---------+
|     0      | 0.246 | 0.1419 | 0.2865 |  0.36  |  0.452  |
+------------+-------+--------+--------+--------+---------+
2024-10-01 09:27:11,778 INFO    : Snapshot:1	0	3	Epoch:0	Loss:8.244	MRR:11.18	Hits@10:20.49	Best:11.18
2024-10-01 09:27:15,450 INFO    : Snapshot:1	0	3	Epoch:1	Loss:2.531	MRR:13.18	Hits@10:24.94	Best:13.18
2024-10-01 09:27:19,108 INFO    : Snapshot:1	0	3	Epoch:2	Loss:1.729	MRR:14.34	Hits@10:27.18	Best:14.34
2024-10-01 09:27:22,718 INFO    : Snapshot:1	0	3	Epoch:3	Loss:1.39	MRR:15.0	Hits@10:28.16	Best:15.0
2024-10-01 09:27:26,319 INFO    : Snapshot:1	0	3	Epoch:4	Loss:1.182	MRR:15.44	Hits@10:29.16	Best:15.44
2024-10-01 09:27:29,969 INFO    : Snapshot:1	0	3	Epoch:5	Loss:1.012	MRR:15.93	Hits@10:29.55	Best:15.93
2024-10-01 09:27:33,599 INFO    : Snapshot:1	0	3	Epoch:6	Loss:0.92	MRR:16.08	Hits@10:30.22	Best:16.08
2024-10-01 09:27:37,259 INFO    : Snapshot:1	0	3	Epoch:7	Loss:0.837	MRR:16.11	Hits@10:30.15	Best:16.11
2024-10-01 09:27:40,885 INFO    : Snapshot:1	1	3	Epoch:8	Loss:0.804	MRR:16.07	Hits@10:30.58	Best:16.11
2024-10-01 09:27:44,521 INFO    : Snapshot:1	0	3	Epoch:9	Loss:0.742	MRR:16.33	Hits@10:30.78	Best:16.33
2024-10-01 09:27:48,174 INFO    : Snapshot:1	0	3	Epoch:10	Loss:0.721	MRR:16.56	Hits@10:30.91	Best:16.56
2024-10-01 09:27:51,797 INFO    : Snapshot:1	0	3	Epoch:11	Loss:0.682	MRR:16.58	Hits@10:31.28	Best:16.58
2024-10-01 09:27:55,408 INFO    : Snapshot:1	0	3	Epoch:12	Loss:0.662	MRR:16.65	Hits@10:31.32	Best:16.65
2024-10-01 09:27:59,096 INFO    : Snapshot:1	0	3	Epoch:13	Loss:0.64	MRR:16.85	Hits@10:31.56	Best:16.85
2024-10-01 09:28:02,713 INFO    : Snapshot:1	1	3	Epoch:14	Loss:0.62	MRR:16.68	Hits@10:31.66	Best:16.85
2024-10-01 09:28:06,346 INFO    : Snapshot:1	2	3	Epoch:15	Loss:0.606	MRR:16.78	Hits@10:31.62	Best:16.85
2024-10-01 09:28:09,957 INFO    : Early Stopping! Snapshot:1 Epoch: 16 Best Results: 16.85
2024-10-01 09:28:10,070 INFO    : => loading checkpoint './checkpoint/FB_CKGE\1model_best.tar'
2024-10-01 09:28:34,351 INFO    : 
+------------+--------+--------+--------+--------+---------+
| Snapshot:1 |  MRR   | Hits@1 | Hits@3 | Hits@5 | Hits@10 |
+------------+--------+--------+--------+--------+---------+
|     0      | 0.246  | 0.1419 | 0.2865 |  0.36  |  0.452  |
|     1      | 0.1755 | 0.1037 | 0.1936 | 0.2411 |  0.3212 |
+------------+--------+--------+--------+--------+---------+
2024-10-01 09:28:46,164 INFO    : Snapshot:2	0	3	Epoch:0	Loss:6.014	MRR:16.95	Hits@10:29.84	Best:16.95
2024-10-01 09:28:50,222 INFO    : Snapshot:2	0	3	Epoch:1	Loss:2.838	MRR:17.28	Hits@10:30.57	Best:17.28
2024-10-01 09:28:54,269 INFO    : Snapshot:2	0	3	Epoch:2	Loss:2.442	MRR:17.56	Hits@10:30.99	Best:17.56
2024-10-01 09:28:58,281 INFO    : Snapshot:2	0	3	Epoch:3	Loss:2.257	MRR:17.66	Hits@10:31.07	Best:17.66
2024-10-01 09:29:02,326 INFO    : Snapshot:2	0	3	Epoch:4	Loss:2.14	MRR:17.71	Hits@10:31.22	Best:17.71
2024-10-01 09:29:06,391 INFO    : Snapshot:2	0	3	Epoch:5	Loss:2.045	MRR:17.75	Hits@10:31.21	Best:17.75
2024-10-01 09:29:10,482 INFO    : Snapshot:2	0	3	Epoch:6	Loss:1.988	MRR:17.8	Hits@10:31.34	Best:17.8
2024-10-01 09:29:14,542 INFO    : Snapshot:2	0	3	Epoch:7	Loss:1.954	MRR:17.89	Hits@10:31.47	Best:17.89
2024-10-01 09:29:18,575 INFO    : Snapshot:2	1	3	Epoch:8	Loss:1.893	MRR:17.86	Hits@10:31.56	Best:17.89
2024-10-01 09:29:22,644 INFO    : Snapshot:2	0	3	Epoch:9	Loss:1.895	MRR:17.91	Hits@10:31.59	Best:17.91
2024-10-01 09:29:26,702 INFO    : Snapshot:2	0	3	Epoch:10	Loss:1.863	MRR:18.02	Hits@10:31.76	Best:18.02
2024-10-01 09:29:30,766 INFO    : Snapshot:2	1	3	Epoch:11	Loss:1.848	MRR:17.95	Hits@10:31.7	Best:18.02
2024-10-01 09:29:34,801 INFO    : Snapshot:2	2	3	Epoch:12	Loss:1.812	MRR:17.95	Hits@10:31.63	Best:18.02
2024-10-01 09:29:38,918 INFO    : Early Stopping! Snapshot:2 Epoch: 13 Best Results: 18.02
2024-10-01 09:29:39,032 INFO    : => loading checkpoint './checkpoint/FB_CKGE\2model_best.tar'
2024-10-01 09:30:07,945 INFO    : 
+------------+--------+--------+--------+--------+---------+
| Snapshot:2 |  MRR   | Hits@1 | Hits@3 | Hits@5 | Hits@10 |
+------------+--------+--------+--------+--------+---------+
|     0      | 0.246  | 0.1419 | 0.2865 |  0.36  |  0.452  |
|     1      | 0.1755 | 0.1037 | 0.1936 | 0.2411 |  0.3212 |
|     2      | 0.1783 | 0.108  | 0.1987 | 0.2475 |  0.3153 |
+------------+--------+--------+--------+--------+---------+
2024-10-01 09:30:20,470 INFO    : Snapshot:3	0	3	Epoch:0	Loss:4.492	MRR:18.49	Hits@10:32.41	Best:18.49
2024-10-01 09:30:24,782 INFO    : Snapshot:3	0	3	Epoch:1	Loss:3.039	MRR:18.52	Hits@10:32.57	Best:18.52
2024-10-01 09:30:29,134 INFO    : Snapshot:3	0	3	Epoch:2	Loss:2.822	MRR:18.63	Hits@10:32.63	Best:18.63
2024-10-01 09:30:33,493 INFO    : Snapshot:3	0	3	Epoch:3	Loss:2.745	MRR:18.66	Hits@10:32.72	Best:18.66
2024-10-01 09:30:37,798 INFO    : Snapshot:3	0	3	Epoch:4	Loss:2.703	MRR:18.67	Hits@10:32.8	Best:18.67
2024-10-01 09:30:42,121 INFO    : Snapshot:3	0	3	Epoch:5	Loss:2.653	MRR:18.75	Hits@10:32.97	Best:18.75
2024-10-01 09:30:46,449 INFO    : Snapshot:3	1	3	Epoch:6	Loss:2.623	MRR:18.74	Hits@10:33.0	Best:18.75
2024-10-01 09:30:50,835 INFO    : Snapshot:3	2	3	Epoch:7	Loss:2.609	MRR:18.75	Hits@10:33.0	Best:18.75
2024-10-01 09:30:55,147 INFO    : Snapshot:3	0	3	Epoch:8	Loss:2.604	MRR:18.76	Hits@10:32.92	Best:18.76
2024-10-01 09:30:59,457 INFO    : Snapshot:3	1	3	Epoch:9	Loss:2.575	MRR:18.75	Hits@10:32.96	Best:18.76
2024-10-01 09:31:03,835 INFO    : Snapshot:3	2	3	Epoch:10	Loss:2.578	MRR:18.74	Hits@10:32.98	Best:18.76
2024-10-01 09:31:08,175 INFO    : Snapshot:3	0	3	Epoch:11	Loss:2.549	MRR:18.8	Hits@10:33.05	Best:18.8
2024-10-01 09:31:12,534 INFO    : Snapshot:3	1	3	Epoch:12	Loss:2.56	MRR:18.73	Hits@10:32.9	Best:18.8
2024-10-01 09:31:16,897 INFO    : Snapshot:3	0	3	Epoch:13	Loss:2.567	MRR:18.82	Hits@10:32.96	Best:18.82
2024-10-01 09:31:21,198 INFO    : Snapshot:3	1	3	Epoch:14	Loss:2.523	MRR:18.77	Hits@10:33.01	Best:18.82
2024-10-01 09:31:25,488 INFO    : Snapshot:3	2	3	Epoch:15	Loss:2.541	MRR:18.76	Hits@10:33.0	Best:18.82
2024-10-01 09:31:29,882 INFO    : Early Stopping! Snapshot:3 Epoch: 16 Best Results: 18.82
2024-10-01 09:31:30,002 INFO    : => loading checkpoint './checkpoint/FB_CKGE\3model_best.tar'
2024-10-01 09:32:04,000 INFO    : 
+------------+--------+--------+--------+--------+---------+
| Snapshot:3 |  MRR   | Hits@1 | Hits@3 | Hits@5 | Hits@10 |
+------------+--------+--------+--------+--------+---------+
|     0      | 0.246  | 0.1419 | 0.2865 |  0.36  |  0.452  |
|     1      | 0.1755 | 0.1037 | 0.1936 | 0.2411 |  0.3212 |
|     2      | 0.1783 | 0.108  | 0.1987 | 0.2475 |  0.3153 |
|     3      | 0.1871 | 0.1152 | 0.2097 | 0.2583 |  0.3259 |
+------------+--------+--------+--------+--------+---------+
2024-10-01 09:32:16,687 INFO    : Snapshot:4	0	3	Epoch:0	Loss:3.675	MRR:20.0	Hits@10:33.02	Best:20.0
2024-10-01 09:32:21,176 INFO    : Snapshot:4	1	3	Epoch:1	Loss:3.143	MRR:20.0	Hits@10:33.05	Best:20.0
2024-10-01 09:32:25,654 INFO    : Snapshot:4	0	3	Epoch:2	Loss:3.055	MRR:20.04	Hits@10:33.05	Best:20.04
2024-10-01 09:32:30,173 INFO    : Snapshot:4	0	3	Epoch:3	Loss:3.035	MRR:20.07	Hits@10:33.07	Best:20.07
2024-10-01 09:32:34,678 INFO    : Snapshot:4	1	3	Epoch:4	Loss:3.025	MRR:20.06	Hits@10:33.12	Best:20.07
2024-10-01 09:32:39,183 INFO    : Snapshot:4	2	3	Epoch:5	Loss:3.015	MRR:20.06	Hits@10:33.12	Best:20.07
2024-10-01 09:32:43,691 INFO    : Snapshot:4	0	3	Epoch:6	Loss:3.002	MRR:20.08	Hits@10:33.12	Best:20.08
2024-10-01 09:32:48,178 INFO    : Snapshot:4	1	3	Epoch:7	Loss:2.999	MRR:20.06	Hits@10:33.09	Best:20.08
2024-10-01 09:32:52,670 INFO    : Snapshot:4	2	3	Epoch:8	Loss:3.001	MRR:20.08	Hits@10:33.09	Best:20.08
2024-10-01 09:32:57,143 INFO    : Early Stopping! Snapshot:4 Epoch: 9 Best Results: 20.08
2024-10-01 09:32:57,263 INFO    : => loading checkpoint './checkpoint/FB_CKGE\4model_best.tar'
2024-10-01 09:33:36,625 INFO    : 
+------------+--------+--------+--------+--------+---------+
| Snapshot:4 |  MRR   | Hits@1 | Hits@3 | Hits@5 | Hits@10 |
+------------+--------+--------+--------+--------+---------+
|     0      | 0.246  | 0.1419 | 0.2865 |  0.36  |  0.452  |
|     1      | 0.1755 | 0.1037 | 0.1936 | 0.2411 |  0.3212 |
|     2      | 0.1783 | 0.108  | 0.1987 | 0.2475 |  0.3153 |
|     3      | 0.1871 | 0.1152 | 0.2097 | 0.2583 |  0.3259 |
|     4      | 0.2106 | 0.1301 | 0.2416 | 0.2939 |  0.364  |
+------------+--------+--------+--------+--------+---------+
2024-10-01 09:33:36,626 INFO    : Final Result:
[+------------+-------+--------+--------+--------+---------+
| Snapshot:0 |  MRR  | Hits@1 | Hits@3 | Hits@5 | Hits@10 |
+------------+-------+--------+--------+--------+---------+
|     0      | 0.246 | 0.1419 | 0.2865 |  0.36  |  0.452  |
+------------+-------+--------+--------+--------+---------+, +------------+--------+--------+--------+--------+---------+
| Snapshot:1 |  MRR   | Hits@1 | Hits@3 | Hits@5 | Hits@10 |
+------------+--------+--------+--------+--------+---------+
|     0      | 0.246  | 0.1419 | 0.2865 |  0.36  |  0.452  |
|     1      | 0.1755 | 0.1037 | 0.1936 | 0.2411 |  0.3212 |
+------------+--------+--------+--------+--------+---------+, +------------+--------+--------+--------+--------+---------+
| Snapshot:2 |  MRR   | Hits@1 | Hits@3 | Hits@5 | Hits@10 |
+------------+--------+--------+--------+--------+---------+
|     0      | 0.246  | 0.1419 | 0.2865 |  0.36  |  0.452  |
|     1      | 0.1755 | 0.1037 | 0.1936 | 0.2411 |  0.3212 |
|     2      | 0.1783 | 0.108  | 0.1987 | 0.2475 |  0.3153 |
+------------+--------+--------+--------+--------+---------+, +------------+--------+--------+--------+--------+---------+
| Snapshot:3 |  MRR   | Hits@1 | Hits@3 | Hits@5 | Hits@10 |
+------------+--------+--------+--------+--------+---------+
|     0      | 0.246  | 0.1419 | 0.2865 |  0.36  |  0.452  |
|     1      | 0.1755 | 0.1037 | 0.1936 | 0.2411 |  0.3212 |
|     2      | 0.1783 | 0.108  | 0.1987 | 0.2475 |  0.3153 |
|     3      | 0.1871 | 0.1152 | 0.2097 | 0.2583 |  0.3259 |
+------------+--------+--------+--------+--------+---------+, +------------+--------+--------+--------+--------+---------+
| Snapshot:4 |  MRR   | Hits@1 | Hits@3 | Hits@5 | Hits@10 |
+------------+--------+--------+--------+--------+---------+
|     0      | 0.246  | 0.1419 | 0.2865 |  0.36  |  0.452  |
|     1      | 0.1755 | 0.1037 | 0.1936 | 0.2411 |  0.3212 |
|     2      | 0.1783 | 0.108  | 0.1987 | 0.2475 |  0.3153 |
|     3      | 0.1871 | 0.1152 | 0.2097 | 0.2583 |  0.3259 |
|     4      | 0.2106 | 0.1301 | 0.2416 | 0.2939 |  0.364  |
+------------+--------+--------+--------+--------+---------+]
2024-10-01 09:33:36,627 INFO    : Report Result:
+----------+--------------------+-----------+--------------+--------------+---------------+
| Snapshot |        Time        | Whole_MRR | Whole_Hits@1 | Whole_Hits@3 | Whole_Hits@10 |
+----------+--------------------+-----------+--------------+--------------+---------------+
|    0     | 90.94886350631714  |   0.246   |    0.142     |    0.286     |     0.452     |
|    1     | 65.10031819343567  |   0.236   |    0.136     |    0.273     |     0.433     |
|    2     | 59.860551595687866 |   0.229   |    0.133     |    0.264     |     0.419     |
|    3     | 76.76732420921326  |   0.224   |    0.131     |    0.258     |     0.408     |
|    4     | 47.94428563117981  |   0.223   |    0.131     |    0.256     |     0.404     |
+----------+--------------------+-----------+--------------+--------------+---------------+
2024-10-01 09:33:36,627 INFO    : Sum_Training_Time:340.62134313583374
2024-10-01 09:33:36,627 INFO    : Every_Training_Time:[90.94886350631714, 65.10031819343567, 59.860551595687866, 76.76732420921326, 47.94428563117981]
2024-10-01 09:33:36,628 INFO    : Forward transfer: 0.147475 Backward transfer: 0.0
