2024-09-24 20:22:00,712 INFO    : Namespace(batch_size=1024, data_path='./data/FB_CKGE/', dataset='FB_CKGE', debug=False, device=device(type='cuda', index=0), emb_dim=200, ent_r='200', epoch_num=200, explore=False, gpu='0', l2=0.0, learning_rate='1e-1', log_path='./logs/FB_CKGE 200 1 1e-1 1024/FB_CKGE', logger=<RootLogger root (INFO)>, margin=8.0, model_name='LoraKGE_Layers', multi_layers_path='train_sorted_by_edges_betweenness.txt', neg_ratio=10, note='', num_ent_layers='1', num_layer=1, num_rel_layers='1', patience=3, predict_result='True', r=100, r_fixed=True, random_seed=3407, record=False, rel_r='20', save_path='./checkpoint/FB_CKGE', skip_previous='False', snapshot_num=5, train_new=True, using_multi_layers=False, using_various_ranks='True', using_various_ranks_reverse=False, valid_metrics='mrr')
2024-09-24 20:22:20,346 INFO    : Snapshot:0	0	3	Epoch:0	Loss:91.268	MRR:22.64	Hits@10:42.62	Best:22.64
2024-09-24 20:22:37,230 INFO    : Snapshot:0	0	3	Epoch:1	Loss:17.198	MRR:24.74	Hits@10:45.16	Best:24.74
2024-09-24 20:22:53,839 INFO    : Snapshot:0	1	3	Epoch:2	Loss:7.016	MRR:23.93	Hits@10:44.13	Best:24.74
2024-09-24 20:23:10,331 INFO    : Snapshot:0	2	3	Epoch:3	Loss:4.7	MRR:23.72	Hits@10:43.5	Best:24.74
2024-09-24 20:23:27,318 INFO    : Early Stopping! Snapshot:0 Epoch: 4 Best Results: 24.74
2024-09-24 20:23:27,428 INFO    : => loading checkpoint './checkpoint/FB_CKGE\0model_best.tar'
2024-09-24 20:23:46,285 INFO    : 
+------------+-------+--------+--------+--------+---------+
| Snapshot:0 |  MRR  | Hits@1 | Hits@3 | Hits@5 | Hits@10 |
+------------+-------+--------+--------+--------+---------+
|     0      | 0.246 | 0.1419 | 0.2865 |  0.36  |  0.452  |
+------------+-------+--------+--------+--------+---------+
2024-09-24 20:23:56,900 INFO    : Snapshot:1	0	3	Epoch:0	Loss:8.259	MRR:11.08	Hits@10:20.22	Best:11.08
2024-09-24 20:24:00,276 INFO    : Snapshot:1	0	3	Epoch:1	Loss:2.545	MRR:13.23	Hits@10:24.74	Best:13.23
2024-09-24 20:24:03,697 INFO    : Snapshot:1	0	3	Epoch:2	Loss:1.727	MRR:14.28	Hits@10:26.88	Best:14.28
2024-09-24 20:24:07,126 INFO    : Snapshot:1	0	3	Epoch:3	Loss:1.384	MRR:15.05	Hits@10:28.38	Best:15.05
2024-09-24 20:24:10,486 INFO    : Snapshot:1	0	3	Epoch:4	Loss:1.177	MRR:15.59	Hits@10:29.28	Best:15.59
2024-09-24 20:24:13,896 INFO    : Snapshot:1	0	3	Epoch:5	Loss:1.008	MRR:15.72	Hits@10:29.33	Best:15.72
2024-09-24 20:24:17,373 INFO    : Snapshot:1	0	3	Epoch:6	Loss:0.916	MRR:16.04	Hits@10:30.22	Best:16.04
2024-09-24 20:24:20,777 INFO    : Snapshot:1	0	3	Epoch:7	Loss:0.833	MRR:16.2	Hits@10:30.26	Best:16.2
2024-09-24 20:24:24,235 INFO    : Snapshot:1	1	3	Epoch:8	Loss:0.797	MRR:16.2	Hits@10:30.52	Best:16.2
2024-09-24 20:24:27,681 INFO    : Snapshot:1	0	3	Epoch:9	Loss:0.74	MRR:16.46	Hits@10:30.62	Best:16.46
2024-09-24 20:24:31,197 INFO    : Snapshot:1	0	3	Epoch:10	Loss:0.718	MRR:16.65	Hits@10:31.0	Best:16.65
2024-09-24 20:24:34,639 INFO    : Snapshot:1	1	3	Epoch:11	Loss:0.682	MRR:16.58	Hits@10:31.02	Best:16.65
2024-09-24 20:24:38,056 INFO    : Snapshot:1	2	3	Epoch:12	Loss:0.658	MRR:16.62	Hits@10:31.5	Best:16.65
2024-09-24 20:24:41,467 INFO    : Snapshot:1	0	3	Epoch:13	Loss:0.634	MRR:16.87	Hits@10:31.66	Best:16.87
2024-09-24 20:24:44,769 INFO    : Snapshot:1	1	3	Epoch:14	Loss:0.618	MRR:16.7	Hits@10:31.59	Best:16.87
2024-09-24 20:24:48,064 INFO    : Snapshot:1	2	3	Epoch:15	Loss:0.603	MRR:16.71	Hits@10:31.49	Best:16.87
2024-09-24 20:24:51,368 INFO    : Early Stopping! Snapshot:1 Epoch: 16 Best Results: 16.87
2024-09-24 20:24:51,476 INFO    : => loading checkpoint './checkpoint/FB_CKGE\1model_best.tar'
2024-09-24 20:25:15,336 INFO    : 
+------------+--------+--------+--------+--------+---------+
| Snapshot:1 |  MRR   | Hits@1 | Hits@3 | Hits@5 | Hits@10 |
+------------+--------+--------+--------+--------+---------+
|     0      | 0.246  | 0.1419 | 0.2865 |  0.36  |  0.452  |
|     1      | 0.1762 | 0.1033 | 0.1949 | 0.2449 |  0.3212 |
+------------+--------+--------+--------+--------+---------+
2024-09-24 20:25:26,493 INFO    : Snapshot:2	0	3	Epoch:0	Loss:6.015	MRR:16.8	Hits@10:29.83	Best:16.8
2024-09-24 20:25:30,262 INFO    : Snapshot:2	0	3	Epoch:1	Loss:2.829	MRR:17.16	Hits@10:30.69	Best:17.16
2024-09-24 20:25:34,066 INFO    : Snapshot:2	0	3	Epoch:2	Loss:2.438	MRR:17.34	Hits@10:30.95	Best:17.34
2024-09-24 20:25:37,836 INFO    : Snapshot:2	0	3	Epoch:3	Loss:2.251	MRR:17.43	Hits@10:31.05	Best:17.43
2024-09-24 20:25:41,594 INFO    : Snapshot:2	0	3	Epoch:4	Loss:2.129	MRR:17.6	Hits@10:31.32	Best:17.6
2024-09-24 20:25:45,322 INFO    : Snapshot:2	0	3	Epoch:5	Loss:2.039	MRR:17.62	Hits@10:31.43	Best:17.62
2024-09-24 20:25:49,038 INFO    : Snapshot:2	0	3	Epoch:6	Loss:1.988	MRR:17.81	Hits@10:31.43	Best:17.81
2024-09-24 20:25:52,742 INFO    : Snapshot:2	1	3	Epoch:7	Loss:1.947	MRR:17.79	Hits@10:31.67	Best:17.81
2024-09-24 20:25:56,454 INFO    : Snapshot:2	2	3	Epoch:8	Loss:1.889	MRR:17.81	Hits@10:31.87	Best:17.81
2024-09-24 20:26:00,218 INFO    : Snapshot:2	0	3	Epoch:9	Loss:1.893	MRR:17.84	Hits@10:31.73	Best:17.84
2024-09-24 20:26:03,970 INFO    : Snapshot:2	1	3	Epoch:10	Loss:1.86	MRR:17.83	Hits@10:31.73	Best:17.84
2024-09-24 20:26:07,729 INFO    : Snapshot:2	0	3	Epoch:11	Loss:1.848	MRR:17.89	Hits@10:31.8	Best:17.89
2024-09-24 20:26:11,522 INFO    : Snapshot:2	0	3	Epoch:12	Loss:1.803	MRR:17.9	Hits@10:31.91	Best:17.9
2024-09-24 20:26:15,302 INFO    : Snapshot:2	0	3	Epoch:13	Loss:1.812	MRR:17.97	Hits@10:31.88	Best:17.97
2024-09-24 20:26:19,031 INFO    : Snapshot:2	1	3	Epoch:14	Loss:1.789	MRR:17.91	Hits@10:31.69	Best:17.97
2024-09-24 20:26:22,793 INFO    : Snapshot:2	2	3	Epoch:15	Loss:1.781	MRR:17.95	Hits@10:31.87	Best:17.97
2024-09-24 20:26:26,517 INFO    : Early Stopping! Snapshot:2 Epoch: 16 Best Results: 17.97
2024-09-24 20:26:26,630 INFO    : => loading checkpoint './checkpoint/FB_CKGE\2model_best.tar'
2024-09-24 20:26:56,772 INFO    : 
+------------+--------+--------+--------+--------+---------+
| Snapshot:2 |  MRR   | Hits@1 | Hits@3 | Hits@5 | Hits@10 |
+------------+--------+--------+--------+--------+---------+
|     0      | 0.246  | 0.1419 | 0.2865 |  0.36  |  0.452  |
|     1      | 0.1762 | 0.1033 | 0.1949 | 0.2449 |  0.3212 |
|     2      | 0.178  | 0.1061 | 0.1992 | 0.2479 |  0.3178 |
+------------+--------+--------+--------+--------+---------+
2024-09-24 20:27:08,546 INFO    : Snapshot:3	0	3	Epoch:0	Loss:4.508	MRR:18.66	Hits@10:32.59	Best:18.66
2024-09-24 20:27:12,591 INFO    : Snapshot:3	0	3	Epoch:1	Loss:3.032	MRR:18.73	Hits@10:32.71	Best:18.73
2024-09-24 20:27:16,605 INFO    : Snapshot:3	1	3	Epoch:2	Loss:2.837	MRR:18.72	Hits@10:32.67	Best:18.73
2024-09-24 20:27:20,674 INFO    : Snapshot:3	0	3	Epoch:3	Loss:2.745	MRR:18.77	Hits@10:32.89	Best:18.77
2024-09-24 20:27:24,743 INFO    : Snapshot:3	0	3	Epoch:4	Loss:2.695	MRR:18.83	Hits@10:33.01	Best:18.83
2024-09-24 20:27:28,819 INFO    : Snapshot:3	0	3	Epoch:5	Loss:2.643	MRR:18.86	Hits@10:32.97	Best:18.86
2024-09-24 20:27:32,877 INFO    : Snapshot:3	1	3	Epoch:6	Loss:2.62	MRR:18.86	Hits@10:32.94	Best:18.86
2024-09-24 20:27:36,938 INFO    : Snapshot:3	2	3	Epoch:7	Loss:2.618	MRR:18.84	Hits@10:33.04	Best:18.86
2024-09-24 20:27:40,988 INFO    : Snapshot:3	0	3	Epoch:8	Loss:2.577	MRR:18.92	Hits@10:33.11	Best:18.92
2024-09-24 20:27:45,050 INFO    : Snapshot:3	0	3	Epoch:9	Loss:2.561	MRR:18.96	Hits@10:33.05	Best:18.96
2024-09-24 20:27:49,087 INFO    : Snapshot:3	1	3	Epoch:10	Loss:2.576	MRR:18.92	Hits@10:33.06	Best:18.96
2024-09-24 20:27:53,128 INFO    : Snapshot:3	2	3	Epoch:11	Loss:2.557	MRR:18.95	Hits@10:33.08	Best:18.96
2024-09-24 20:27:57,146 INFO    : Early Stopping! Snapshot:3 Epoch: 12 Best Results: 18.96
2024-09-24 20:27:57,264 INFO    : => loading checkpoint './checkpoint/FB_CKGE\3model_best.tar'
2024-09-24 20:28:31,553 INFO    : 
+------------+--------+--------+--------+--------+---------+
| Snapshot:3 |  MRR   | Hits@1 | Hits@3 | Hits@5 | Hits@10 |
+------------+--------+--------+--------+--------+---------+
|     0      | 0.246  | 0.1419 | 0.2865 |  0.36  |  0.452  |
|     1      | 0.1762 | 0.1033 | 0.1949 | 0.2449 |  0.3212 |
|     2      | 0.178  | 0.1061 | 0.1992 | 0.2479 |  0.3178 |
|     3      | 0.1896 | 0.1166 | 0.214  | 0.2608 |  0.329  |
+------------+--------+--------+--------+--------+---------+
2024-09-24 20:28:43,683 INFO    : Snapshot:4	0	3	Epoch:0	Loss:3.68	MRR:19.85	Hits@10:32.9	Best:19.85
2024-09-24 20:28:47,879 INFO    : Snapshot:4	0	3	Epoch:1	Loss:3.154	MRR:19.89	Hits@10:32.98	Best:19.89
2024-09-24 20:28:52,094 INFO    : Snapshot:4	0	3	Epoch:2	Loss:3.059	MRR:19.91	Hits@10:33.01	Best:19.91
2024-09-24 20:28:56,287 INFO    : Snapshot:4	0	3	Epoch:3	Loss:3.043	MRR:19.96	Hits@10:33.02	Best:19.96
2024-09-24 20:29:00,459 INFO    : Snapshot:4	1	3	Epoch:4	Loss:2.982	MRR:19.89	Hits@10:33.01	Best:19.96
2024-09-24 20:29:04,643 INFO    : Snapshot:4	2	3	Epoch:5	Loss:2.999	MRR:19.91	Hits@10:33.0	Best:19.96
2024-09-24 20:29:08,843 INFO    : Early Stopping! Snapshot:4 Epoch: 6 Best Results: 19.96
2024-09-24 20:29:08,954 INFO    : => loading checkpoint './checkpoint/FB_CKGE\4model_best.tar'
2024-09-24 20:29:47,272 INFO    : 
+------------+--------+--------+--------+--------+---------+
| Snapshot:4 |  MRR   | Hits@1 | Hits@3 | Hits@5 | Hits@10 |
+------------+--------+--------+--------+--------+---------+
|     0      | 0.246  | 0.1419 | 0.2865 |  0.36  |  0.452  |
|     1      | 0.1762 | 0.1033 | 0.1949 | 0.2449 |  0.3212 |
|     2      | 0.178  | 0.1061 | 0.1992 | 0.2479 |  0.3178 |
|     3      | 0.1896 | 0.1166 | 0.214  | 0.2608 |  0.329  |
|     4      | 0.2115 | 0.131  | 0.2428 | 0.2949 |  0.366  |
+------------+--------+--------+--------+--------+---------+
2024-09-24 20:29:47,273 INFO    : Final Result:
[+------------+-------+--------+--------+--------+---------+
| Snapshot:0 |  MRR  | Hits@1 | Hits@3 | Hits@5 | Hits@10 |
+------------+-------+--------+--------+--------+---------+
|     0      | 0.246 | 0.1419 | 0.2865 |  0.36  |  0.452  |
+------------+-------+--------+--------+--------+---------+, +------------+--------+--------+--------+--------+---------+
| Snapshot:1 |  MRR   | Hits@1 | Hits@3 | Hits@5 | Hits@10 |
+------------+--------+--------+--------+--------+---------+
|     0      | 0.246  | 0.1419 | 0.2865 |  0.36  |  0.452  |
|     1      | 0.1762 | 0.1033 | 0.1949 | 0.2449 |  0.3212 |
+------------+--------+--------+--------+--------+---------+, +------------+--------+--------+--------+--------+---------+
| Snapshot:2 |  MRR   | Hits@1 | Hits@3 | Hits@5 | Hits@10 |
+------------+--------+--------+--------+--------+---------+
|     0      | 0.246  | 0.1419 | 0.2865 |  0.36  |  0.452  |
|     1      | 0.1762 | 0.1033 | 0.1949 | 0.2449 |  0.3212 |
|     2      | 0.178  | 0.1061 | 0.1992 | 0.2479 |  0.3178 |
+------------+--------+--------+--------+--------+---------+, +------------+--------+--------+--------+--------+---------+
| Snapshot:3 |  MRR   | Hits@1 | Hits@3 | Hits@5 | Hits@10 |
+------------+--------+--------+--------+--------+---------+
|     0      | 0.246  | 0.1419 | 0.2865 |  0.36  |  0.452  |
|     1      | 0.1762 | 0.1033 | 0.1949 | 0.2449 |  0.3212 |
|     2      | 0.178  | 0.1061 | 0.1992 | 0.2479 |  0.3178 |
|     3      | 0.1896 | 0.1166 | 0.214  | 0.2608 |  0.329  |
+------------+--------+--------+--------+--------+---------+, +------------+--------+--------+--------+--------+---------+
| Snapshot:4 |  MRR   | Hits@1 | Hits@3 | Hits@5 | Hits@10 |
+------------+--------+--------+--------+--------+---------+
|     0      | 0.246  | 0.1419 | 0.2865 |  0.36  |  0.452  |
|     1      | 0.1762 | 0.1033 | 0.1949 | 0.2449 |  0.3212 |
|     2      | 0.178  | 0.1061 | 0.1992 | 0.2479 |  0.3178 |
|     3      | 0.1896 | 0.1166 | 0.214  | 0.2608 |  0.329  |
|     4      | 0.2115 | 0.131  | 0.2428 | 0.2949 |  0.366  |
+------------+--------+--------+--------+--------+---------+]
2024-09-24 20:29:47,274 INFO    : Report Result:
+----------+-------------------+-----------+--------------+--------------+---------------+
| Snapshot |        Time       | Whole_MRR | Whole_Hits@1 | Whole_Hits@3 | Whole_Hits@10 |
+----------+-------------------+-----------+--------------+--------------+---------------+
|    0     | 86.60492134094238 |   0.246   |    0.142     |    0.286     |     0.452     |
|    1     | 60.73827648162842 |   0.236   |    0.136     |    0.273     |     0.433     |
|    2     | 66.72130227088928 |   0.229   |    0.133     |    0.264     |     0.419     |
|    3     | 55.51574945449829 |   0.224   |    0.131     |    0.259     |     0.409     |
|    4     | 32.18911838531494 |   0.223   |    0.131     |    0.257     |     0.405     |
+----------+-------------------+-----------+--------------+--------------+---------------+
2024-09-24 20:29:47,274 INFO    : Sum_Training_Time:301.7693679332733
2024-09-24 20:29:47,275 INFO    : Every_Training_Time:[86.60492134094238, 60.73827648162842, 66.72130227088928, 55.51574945449829, 32.18911838531494]
2024-09-24 20:29:47,275 INFO    : Forward transfer: 0.148325 Backward transfer: 0.0
