2024-09-24 17:45:55,737 INFO    : Namespace(batch_size=1024, data_path='./data/FB_CKGE/', dataset='FB_CKGE', debug=False, device=device(type='cuda', index=0), emb_dim=200, ent_r='200', epoch_num=200, explore=False, gpu='0', l2=0.0, learning_rate='1e-1', log_path='./logs/20240924174545/FB_CKGE', logger=<RootLogger root (INFO)>, margin=8.0, model_name='LoraKGE_Layers', multi_layers_path='train_sorted_by_edges_betweenness.txt', neg_ratio=10, note='', num_ent_layers='5', num_layer=1, num_rel_layers='1', patience=3, predict_result='True', r=100, r_fixed=True, random_seed=3407, record=False, rel_r='20', save_path='./checkpoint/FB_CKGE', skip_previous='False', snapshot_num=5, train_new=True, using_multi_layers=False, using_various_ranks='True', using_various_ranks_reverse=False, valid_metrics='mrr')
2024-09-24 17:46:14,770 INFO    : Snapshot:0	0	3	Epoch:0	Loss:91.268	MRR:22.64	Hits@10:42.62	Best:22.64
2024-09-24 17:46:31,008 INFO    : Snapshot:0	0	3	Epoch:1	Loss:17.198	MRR:24.74	Hits@10:45.16	Best:24.74
2024-09-24 17:46:48,231 INFO    : Snapshot:0	1	3	Epoch:2	Loss:7.016	MRR:23.93	Hits@10:44.13	Best:24.74
2024-09-24 17:47:05,428 INFO    : Snapshot:0	2	3	Epoch:3	Loss:4.7	MRR:23.72	Hits@10:43.5	Best:24.74
2024-09-24 17:47:22,997 INFO    : Early Stopping! Snapshot:0 Epoch: 4 Best Results: 24.74
2024-09-24 17:47:23,112 INFO    : => loading checkpoint './checkpoint/FB_CKGE\0model_best.tar'
2024-09-24 17:47:41,184 INFO    : 
+------------+-------+--------+--------+--------+---------+
| Snapshot:0 |  MRR  | Hits@1 | Hits@3 | Hits@5 | Hits@10 |
+------------+-------+--------+--------+--------+---------+
|     0      | 0.246 | 0.1419 | 0.2865 |  0.36  |  0.452  |
+------------+-------+--------+--------+--------+---------+
2024-09-24 17:47:52,406 INFO    : Snapshot:1	0	3	Epoch:0	Loss:9.016	MRR:11.03	Hits@10:20.46	Best:11.03
2024-09-24 17:47:56,097 INFO    : Snapshot:1	0	3	Epoch:1	Loss:2.652	MRR:13.19	Hits@10:25.23	Best:13.19
2024-09-24 17:47:59,842 INFO    : Snapshot:1	0	3	Epoch:2	Loss:1.8	MRR:14.2	Hits@10:26.91	Best:14.2
2024-09-24 17:48:03,598 INFO    : Snapshot:1	0	3	Epoch:3	Loss:1.448	MRR:15.0	Hits@10:28.36	Best:15.0
2024-09-24 17:48:07,337 INFO    : Snapshot:1	0	3	Epoch:4	Loss:1.253	MRR:15.21	Hits@10:29.02	Best:15.21
2024-09-24 17:48:11,079 INFO    : Snapshot:1	0	3	Epoch:5	Loss:1.086	MRR:15.68	Hits@10:29.52	Best:15.68
2024-09-24 17:48:14,795 INFO    : Snapshot:1	0	3	Epoch:6	Loss:0.991	MRR:15.7	Hits@10:30.03	Best:15.7
2024-09-24 17:48:18,563 INFO    : Snapshot:1	0	3	Epoch:7	Loss:0.906	MRR:15.74	Hits@10:30.1	Best:15.74
2024-09-24 17:48:22,298 INFO    : Snapshot:1	0	3	Epoch:8	Loss:0.872	MRR:15.99	Hits@10:30.46	Best:15.99
2024-09-24 17:48:26,043 INFO    : Snapshot:1	0	3	Epoch:9	Loss:0.795	MRR:16.05	Hits@10:30.51	Best:16.05
2024-09-24 17:48:29,768 INFO    : Snapshot:1	0	3	Epoch:10	Loss:0.775	MRR:16.12	Hits@10:30.83	Best:16.12
2024-09-24 17:48:33,497 INFO    : Snapshot:1	0	3	Epoch:11	Loss:0.736	MRR:16.33	Hits@10:30.89	Best:16.33
2024-09-24 17:48:37,200 INFO    : Snapshot:1	0	3	Epoch:12	Loss:0.718	MRR:16.48	Hits@10:31.37	Best:16.48
2024-09-24 17:48:40,934 INFO    : Snapshot:1	0	3	Epoch:13	Loss:0.689	MRR:16.56	Hits@10:31.41	Best:16.56
2024-09-24 17:48:44,634 INFO    : Snapshot:1	1	3	Epoch:14	Loss:0.675	MRR:16.38	Hits@10:30.91	Best:16.56
2024-09-24 17:48:48,335 INFO    : Snapshot:1	2	3	Epoch:15	Loss:0.655	MRR:16.51	Hits@10:31.45	Best:16.56
2024-09-24 17:48:52,057 INFO    : Snapshot:1	0	3	Epoch:16	Loss:0.635	MRR:16.58	Hits@10:31.1	Best:16.58
2024-09-24 17:48:55,743 INFO    : Snapshot:1	1	3	Epoch:17	Loss:0.621	MRR:16.55	Hits@10:31.18	Best:16.58
2024-09-24 17:48:59,462 INFO    : Snapshot:1	0	3	Epoch:18	Loss:0.612	MRR:16.77	Hits@10:31.61	Best:16.77
2024-09-24 17:49:03,227 INFO    : Snapshot:1	0	3	Epoch:19	Loss:0.593	MRR:16.86	Hits@10:31.67	Best:16.86
2024-09-24 17:49:06,958 INFO    : Snapshot:1	1	3	Epoch:20	Loss:0.581	MRR:16.65	Hits@10:31.52	Best:16.86
2024-09-24 17:49:10,664 INFO    : Snapshot:1	0	3	Epoch:21	Loss:0.583	MRR:16.88	Hits@10:31.84	Best:16.88
2024-09-24 17:49:14,611 INFO    : Snapshot:1	1	3	Epoch:22	Loss:0.575	MRR:16.74	Hits@10:31.36	Best:16.88
2024-09-24 17:49:18,383 INFO    : Snapshot:1	0	3	Epoch:23	Loss:0.567	MRR:16.91	Hits@10:31.93	Best:16.91
2024-09-24 17:49:22,146 INFO    : Snapshot:1	1	3	Epoch:24	Loss:0.536	MRR:16.78	Hits@10:31.79	Best:16.91
2024-09-24 17:49:25,859 INFO    : Snapshot:1	2	3	Epoch:25	Loss:0.551	MRR:16.87	Hits@10:31.61	Best:16.91
2024-09-24 17:49:29,593 INFO    : Early Stopping! Snapshot:1 Epoch: 26 Best Results: 16.91
2024-09-24 17:49:29,705 INFO    : => loading checkpoint './checkpoint/FB_CKGE\1model_best.tar'
2024-09-24 17:49:53,962 INFO    : 
+------------+--------+--------+--------+--------+---------+
| Snapshot:1 |  MRR   | Hits@1 | Hits@3 | Hits@5 | Hits@10 |
+------------+--------+--------+--------+--------+---------+
|     0      | 0.246  | 0.1419 | 0.2865 |  0.36  |  0.452  |
|     1      | 0.1786 | 0.1064 | 0.1959 | 0.247  |  0.3227 |
+------------+--------+--------+--------+--------+---------+
2024-09-24 17:50:05,676 INFO    : Snapshot:2	0	3	Epoch:0	Loss:6.536	MRR:17.37	Hits@10:30.52	Best:17.37
2024-09-24 17:50:09,801 INFO    : Snapshot:2	0	3	Epoch:1	Loss:2.932	MRR:17.49	Hits@10:31.0	Best:17.49
2024-09-24 17:50:13,904 INFO    : Snapshot:2	0	3	Epoch:2	Loss:2.498	MRR:17.78	Hits@10:31.3	Best:17.78
2024-09-24 17:50:17,999 INFO    : Snapshot:2	1	3	Epoch:3	Loss:2.283	MRR:17.75	Hits@10:31.4	Best:17.78
2024-09-24 17:50:22,133 INFO    : Snapshot:2	0	3	Epoch:4	Loss:2.17	MRR:17.97	Hits@10:31.59	Best:17.97
2024-09-24 17:50:26,273 INFO    : Snapshot:2	0	3	Epoch:5	Loss:2.092	MRR:18.11	Hits@10:31.78	Best:18.11
2024-09-24 17:50:30,350 INFO    : Snapshot:2	1	3	Epoch:6	Loss:2.017	MRR:18.03	Hits@10:31.84	Best:18.11
2024-09-24 17:50:34,405 INFO    : Snapshot:2	2	3	Epoch:7	Loss:1.973	MRR:18.11	Hits@10:31.7	Best:18.11
2024-09-24 17:50:38,502 INFO    : Early Stopping! Snapshot:2 Epoch: 8 Best Results: 18.11
2024-09-24 17:50:38,623 INFO    : => loading checkpoint './checkpoint/FB_CKGE\2model_best.tar'
2024-09-24 17:51:05,833 INFO    : 
+------------+--------+--------+--------+--------+---------+
| Snapshot:2 |  MRR   | Hits@1 | Hits@3 | Hits@5 | Hits@10 |
+------------+--------+--------+--------+--------+---------+
|     0      | 0.246  | 0.1419 | 0.2865 |  0.36  |  0.452  |
|     1      | 0.1786 | 0.1064 | 0.1959 | 0.247  |  0.3227 |
|     2      | 0.178  | 0.107  | 0.1988 | 0.2491 |  0.3147 |
+------------+--------+--------+--------+--------+---------+
2024-09-24 17:51:18,012 INFO    : Snapshot:3	0	3	Epoch:0	Loss:4.811	MRR:18.63	Hits@10:32.19	Best:18.63
2024-09-24 17:51:22,501 INFO    : Snapshot:3	0	3	Epoch:1	Loss:3.121	MRR:18.64	Hits@10:32.33	Best:18.64
2024-09-24 17:51:26,928 INFO    : Snapshot:3	0	3	Epoch:2	Loss:2.896	MRR:18.67	Hits@10:32.5	Best:18.67
2024-09-24 17:51:31,355 INFO    : Snapshot:3	0	3	Epoch:3	Loss:2.813	MRR:18.68	Hits@10:32.43	Best:18.68
2024-09-24 17:51:35,802 INFO    : Snapshot:3	0	3	Epoch:4	Loss:2.73	MRR:18.74	Hits@10:32.61	Best:18.74
2024-09-24 17:51:40,229 INFO    : Snapshot:3	1	3	Epoch:5	Loss:2.688	MRR:18.72	Hits@10:32.54	Best:18.74
2024-09-24 17:51:44,791 INFO    : Snapshot:3	0	3	Epoch:6	Loss:2.677	MRR:18.77	Hits@10:32.68	Best:18.77
2024-09-24 17:51:49,197 INFO    : Snapshot:3	0	3	Epoch:7	Loss:2.661	MRR:18.81	Hits@10:32.63	Best:18.81
2024-09-24 17:51:53,602 INFO    : Snapshot:3	0	3	Epoch:8	Loss:2.648	MRR:18.84	Hits@10:32.6	Best:18.84
2024-09-24 17:51:57,980 INFO    : Snapshot:3	1	3	Epoch:9	Loss:2.65	MRR:18.84	Hits@10:32.63	Best:18.84
2024-09-24 17:52:02,382 INFO    : Snapshot:3	2	3	Epoch:10	Loss:2.636	MRR:18.78	Hits@10:32.59	Best:18.84
2024-09-24 17:52:06,778 INFO    : Early Stopping! Snapshot:3 Epoch: 11 Best Results: 18.84
2024-09-24 17:52:06,895 INFO    : => loading checkpoint './checkpoint/FB_CKGE\3model_best.tar'
2024-09-24 17:52:39,063 INFO    : 
+------------+--------+--------+--------+--------+---------+
| Snapshot:3 |  MRR   | Hits@1 | Hits@3 | Hits@5 | Hits@10 |
+------------+--------+--------+--------+--------+---------+
|     0      | 0.246  | 0.1419 | 0.2865 |  0.36  |  0.452  |
|     1      | 0.1786 | 0.1064 | 0.1959 | 0.247  |  0.3227 |
|     2      | 0.178  | 0.107  | 0.1988 | 0.2491 |  0.3147 |
|     3      | 0.1876 | 0.1154 | 0.2105 | 0.2594 |  0.3261 |
+------------+--------+--------+--------+--------+---------+
2024-09-24 17:52:51,964 INFO    : Snapshot:4	0	3	Epoch:0	Loss:3.829	MRR:19.7	Hits@10:33.19	Best:19.7
2024-09-24 17:52:56,601 INFO    : Snapshot:4	0	3	Epoch:1	Loss:3.232	MRR:19.71	Hits@10:33.21	Best:19.71
2024-09-24 17:53:01,382 INFO    : Snapshot:4	0	3	Epoch:2	Loss:3.122	MRR:19.76	Hits@10:33.22	Best:19.76
2024-09-24 17:53:05,974 INFO    : Snapshot:4	1	3	Epoch:3	Loss:3.093	MRR:19.75	Hits@10:33.21	Best:19.76
2024-09-24 17:53:10,590 INFO    : Snapshot:4	2	3	Epoch:4	Loss:3.072	MRR:19.75	Hits@10:33.18	Best:19.76
2024-09-24 17:53:15,171 INFO    : Snapshot:4	0	3	Epoch:5	Loss:3.077	MRR:19.78	Hits@10:33.25	Best:19.78
2024-09-24 17:53:19,803 INFO    : Snapshot:4	1	3	Epoch:6	Loss:3.057	MRR:19.78	Hits@10:33.27	Best:19.78
2024-09-24 17:53:24,458 INFO    : Snapshot:4	2	3	Epoch:7	Loss:3.058	MRR:19.74	Hits@10:33.22	Best:19.78
2024-09-24 17:53:29,360 INFO    : Early Stopping! Snapshot:4 Epoch: 8 Best Results: 19.78
2024-09-24 17:53:29,472 INFO    : => loading checkpoint './checkpoint/FB_CKGE\4model_best.tar'
2024-09-24 17:54:07,374 INFO    : 
+------------+--------+--------+--------+--------+---------+
| Snapshot:4 |  MRR   | Hits@1 | Hits@3 | Hits@5 | Hits@10 |
+------------+--------+--------+--------+--------+---------+
|     0      | 0.246  | 0.1419 | 0.2865 |  0.36  |  0.452  |
|     1      | 0.1786 | 0.1064 | 0.1959 | 0.247  |  0.3227 |
|     2      | 0.178  | 0.107  | 0.1988 | 0.2491 |  0.3147 |
|     3      | 0.1876 | 0.1154 | 0.2105 | 0.2594 |  0.3261 |
|     4      | 0.2133 | 0.1327 | 0.2436 | 0.2979 |  0.3712 |
+------------+--------+--------+--------+--------+---------+
2024-09-24 17:55:19,034 INFO    : Final Result:
[+------------+-------+--------+--------+--------+---------+
| Snapshot:0 |  MRR  | Hits@1 | Hits@3 | Hits@5 | Hits@10 |
+------------+-------+--------+--------+--------+---------+
|     0      | 0.246 | 0.1419 | 0.2865 |  0.36  |  0.452  |
+------------+-------+--------+--------+--------+---------+, +------------+--------+--------+--------+--------+---------+
| Snapshot:1 |  MRR   | Hits@1 | Hits@3 | Hits@5 | Hits@10 |
+------------+--------+--------+--------+--------+---------+
|     0      | 0.246  | 0.1419 | 0.2865 |  0.36  |  0.452  |
|     1      | 0.1786 | 0.1064 | 0.1959 | 0.247  |  0.3227 |
+------------+--------+--------+--------+--------+---------+, +------------+--------+--------+--------+--------+---------+
| Snapshot:2 |  MRR   | Hits@1 | Hits@3 | Hits@5 | Hits@10 |
+------------+--------+--------+--------+--------+---------+
|     0      | 0.246  | 0.1419 | 0.2865 |  0.36  |  0.452  |
|     1      | 0.1786 | 0.1064 | 0.1959 | 0.247  |  0.3227 |
|     2      | 0.178  | 0.107  | 0.1988 | 0.2491 |  0.3147 |
+------------+--------+--------+--------+--------+---------+, +------------+--------+--------+--------+--------+---------+
| Snapshot:3 |  MRR   | Hits@1 | Hits@3 | Hits@5 | Hits@10 |
+------------+--------+--------+--------+--------+---------+
|     0      | 0.246  | 0.1419 | 0.2865 |  0.36  |  0.452  |
|     1      | 0.1786 | 0.1064 | 0.1959 | 0.247  |  0.3227 |
|     2      | 0.178  | 0.107  | 0.1988 | 0.2491 |  0.3147 |
|     3      | 0.1876 | 0.1154 | 0.2105 | 0.2594 |  0.3261 |
+------------+--------+--------+--------+--------+---------+, +------------+--------+--------+--------+--------+---------+
| Snapshot:4 |  MRR   | Hits@1 | Hits@3 | Hits@5 | Hits@10 |
+------------+--------+--------+--------+--------+---------+
|     0      | 0.246  | 0.1419 | 0.2865 |  0.36  |  0.452  |
|     1      | 0.1786 | 0.1064 | 0.1959 | 0.247  |  0.3227 |
|     2      | 0.178  | 0.107  | 0.1988 | 0.2491 |  0.3147 |
|     3      | 0.1876 | 0.1154 | 0.2105 | 0.2594 |  0.3261 |
|     4      | 0.2133 | 0.1327 | 0.2436 | 0.2979 |  0.3712 |
+------------+--------+--------+--------+--------+---------+]
2024-09-24 17:55:19,041 INFO    : Report Result:
+----------+--------------------+-----------+--------------+--------------+---------------+
| Snapshot |        Time        | Whole_MRR | Whole_Hits@1 | Whole_Hits@3 | Whole_Hits@10 |
+----------+--------------------+-----------+--------------+--------------+---------------+
|    0     | 87.26020002365112  |   0.246   |    0.142     |    0.286     |     0.452     |
|    1     | 104.02226996421814 |   0.236   |    0.137     |    0.274     |     0.434     |
|    2     | 40.05448532104492  |   0.229   |    0.133     |    0.264     |     0.419     |
|    3     | 56.18178176879883  |   0.224   |    0.131     |    0.258     |     0.408     |
|    4     | 45.133535385131836 |   0.223   |    0.131     |    0.257     |     0.405     |
+----------+--------------------+-----------+--------------+--------------+---------------+
2024-09-24 17:55:19,042 INFO    : Sum_Training_Time:332.65227246284485
2024-09-24 17:55:19,043 INFO    : Every_Training_Time:[87.26020002365112, 104.02226996421814, 40.05448532104492, 56.18178176879883, 45.133535385131836]
2024-09-24 17:55:19,045 INFO    : Forward transfer: 0.14852500000000002 Backward transfer: 0.0
