2024-10-07 15:35:01,859 INFO    : Namespace(batch_size='1024', data_path='./data/FB_CKGE/', dataset='FB_CKGE', debug=False, device=device(type='cuda', index=0), emb_dim=200, ent_r='200', epoch_num=200, explore=False, gpu='0', l2=0.0, learning_rate='1e-1', log_path='./logs/FB_CKGE 200 5 1e-1 1024/FB_CKGE 20241007153450', logger=<RootLogger root (INFO)>, margin=8.0, model_name='LoraKGE_Layers', multi_layers_path='train_sorted_by_edges_betweenness.txt', neg_ratio=10, note='', num_ent_layers='5', num_layer=1, num_rel_layers='1', patience=3, predict_result='True', r=100, r_fixed=True, random_seed=3407, record=False, rel_r='20', save_path='./checkpoint/FB_CKGE', skip_previous='False', snapshot_num=5, train_new=True, using_multi_layers=False, using_various_ranks='True', using_various_ranks_reverse=False, valid_metrics='mrr')
2024-10-07 15:35:22,600 INFO    : Snapshot:0	0	3	Epoch:0	Loss:91.268	MRR:22.64	Hits@10:42.62	Best:22.64
2024-10-07 15:35:40,552 INFO    : Snapshot:0	0	3	Epoch:1	Loss:17.198	MRR:24.74	Hits@10:45.16	Best:24.74
2024-10-07 15:36:01,122 INFO    : Snapshot:0	1	3	Epoch:2	Loss:7.016	MRR:23.93	Hits@10:44.13	Best:24.74
2024-10-07 15:36:25,484 INFO    : Snapshot:0	2	3	Epoch:3	Loss:4.7	MRR:23.72	Hits@10:43.5	Best:24.74
2024-10-07 15:36:44,604 INFO    : Early Stopping! Snapshot:0 Epoch: 4 Best Results: 24.74
2024-10-07 15:36:44,734 INFO    : => loading checkpoint './checkpoint/FB_CKGE\0model_best.tar'
2024-10-07 15:37:03,703 INFO    : 
+------------+-------+--------+--------+--------+---------+
| Snapshot:0 |  MRR  | Hits@1 | Hits@3 | Hits@5 | Hits@10 |
+------------+-------+--------+--------+--------+---------+
|     0      | 0.246 | 0.1419 | 0.2865 |  0.36  |  0.452  |
+------------+-------+--------+--------+--------+---------+
2024-10-07 15:37:16,285 INFO    : Snapshot:1	0	3	Epoch:0	Loss:8.976	MRR:11.1	Hits@10:20.45	Best:11.1
2024-10-07 15:37:20,328 INFO    : Snapshot:1	0	3	Epoch:1	Loss:2.626	MRR:12.97	Hits@10:24.87	Best:12.97
2024-10-07 15:37:24,402 INFO    : Snapshot:1	0	3	Epoch:2	Loss:1.803	MRR:14.26	Hits@10:27.39	Best:14.26
2024-10-07 15:37:28,353 INFO    : Snapshot:1	0	3	Epoch:3	Loss:1.449	MRR:15.08	Hits@10:28.46	Best:15.08
2024-10-07 15:37:32,283 INFO    : Snapshot:1	0	3	Epoch:4	Loss:1.25	MRR:15.28	Hits@10:29.32	Best:15.28
2024-10-07 15:37:36,405 INFO    : Snapshot:1	0	3	Epoch:5	Loss:1.09	MRR:15.55	Hits@10:29.35	Best:15.55
2024-10-07 15:37:40,108 INFO    : Snapshot:1	0	3	Epoch:6	Loss:0.996	MRR:15.67	Hits@10:29.38	Best:15.67
2024-10-07 15:37:43,812 INFO    : Snapshot:1	0	3	Epoch:7	Loss:0.895	MRR:15.77	Hits@10:29.77	Best:15.77
2024-10-07 15:37:47,452 INFO    : Snapshot:1	0	3	Epoch:8	Loss:0.868	MRR:15.84	Hits@10:29.81	Best:15.84
2024-10-07 15:37:51,109 INFO    : Snapshot:1	0	3	Epoch:9	Loss:0.798	MRR:15.99	Hits@10:30.23	Best:15.99
2024-10-07 15:37:55,314 INFO    : Snapshot:1	0	3	Epoch:10	Loss:0.776	MRR:16.27	Hits@10:30.51	Best:16.27
2024-10-07 15:37:59,673 INFO    : Snapshot:1	0	3	Epoch:11	Loss:0.742	MRR:16.33	Hits@10:30.65	Best:16.33
2024-10-07 15:38:03,316 INFO    : Snapshot:1	1	3	Epoch:12	Loss:0.722	MRR:16.29	Hits@10:31.03	Best:16.33
2024-10-07 15:38:07,251 INFO    : Snapshot:1	0	3	Epoch:13	Loss:0.69	MRR:16.55	Hits@10:31.17	Best:16.55
2024-10-07 15:38:10,897 INFO    : Snapshot:1	1	3	Epoch:14	Loss:0.681	MRR:16.51	Hits@10:31.11	Best:16.55
2024-10-07 15:38:14,580 INFO    : Snapshot:1	2	3	Epoch:15	Loss:0.663	MRR:16.5	Hits@10:31.08	Best:16.55
2024-10-07 15:38:18,570 INFO    : Early Stopping! Snapshot:1 Epoch: 16 Best Results: 16.55
2024-10-07 15:38:18,699 INFO    : => loading checkpoint './checkpoint/FB_CKGE\1model_best.tar'
2024-10-07 15:38:46,934 INFO    : 
+------------+--------+--------+--------+--------+---------+
| Snapshot:1 |  MRR   | Hits@1 | Hits@3 | Hits@5 | Hits@10 |
+------------+--------+--------+--------+--------+---------+
|     0      | 0.246  | 0.1419 | 0.2865 |  0.36  |  0.452  |
|     1      | 0.1729 | 0.1029 | 0.189  | 0.2362 |  0.3111 |
+------------+--------+--------+--------+--------+---------+
2024-10-07 15:38:58,857 INFO    : Snapshot:2	0	3	Epoch:0	Loss:6.499	MRR:16.69	Hits@10:29.72	Best:16.69
2024-10-07 15:39:03,245 INFO    : Snapshot:2	0	3	Epoch:1	Loss:2.926	MRR:16.98	Hits@10:30.34	Best:16.98
2024-10-07 15:39:07,348 INFO    : Snapshot:2	0	3	Epoch:2	Loss:2.482	MRR:17.16	Hits@10:30.67	Best:17.16
2024-10-07 15:39:11,564 INFO    : Snapshot:2	0	3	Epoch:3	Loss:2.301	MRR:17.22	Hits@10:30.76	Best:17.22
2024-10-07 15:39:15,871 INFO    : Snapshot:2	0	3	Epoch:4	Loss:2.191	MRR:17.28	Hits@10:30.93	Best:17.28
2024-10-07 15:39:20,144 INFO    : Snapshot:2	0	3	Epoch:5	Loss:2.096	MRR:17.47	Hits@10:31.06	Best:17.47
2024-10-07 15:39:24,201 INFO    : Snapshot:2	1	3	Epoch:6	Loss:2.04	MRR:17.44	Hits@10:30.87	Best:17.47
2024-10-07 15:39:28,175 INFO    : Snapshot:2	2	3	Epoch:7	Loss:1.997	MRR:17.45	Hits@10:31.16	Best:17.47
2024-10-07 15:39:32,253 INFO    : Snapshot:2	0	3	Epoch:8	Loss:1.938	MRR:17.53	Hits@10:31.33	Best:17.53
2024-10-07 15:39:36,412 INFO    : Snapshot:2	1	3	Epoch:9	Loss:1.938	MRR:17.51	Hits@10:31.43	Best:17.53
2024-10-07 15:39:40,573 INFO    : Snapshot:2	0	3	Epoch:10	Loss:1.908	MRR:17.55	Hits@10:31.3	Best:17.55
2024-10-07 15:39:45,060 INFO    : Snapshot:2	0	3	Epoch:11	Loss:1.886	MRR:17.64	Hits@10:31.27	Best:17.64
2024-10-07 15:39:49,498 INFO    : Snapshot:2	1	3	Epoch:12	Loss:1.851	MRR:17.5	Hits@10:31.24	Best:17.64
2024-10-07 15:39:53,659 INFO    : Snapshot:2	0	3	Epoch:13	Loss:1.845	MRR:17.66	Hits@10:31.39	Best:17.66
2024-10-07 15:39:57,821 INFO    : Snapshot:2	1	3	Epoch:14	Loss:1.829	MRR:17.54	Hits@10:31.29	Best:17.66
2024-10-07 15:40:01,888 INFO    : Snapshot:2	2	3	Epoch:15	Loss:1.815	MRR:17.65	Hits@10:31.31	Best:17.66
2024-10-07 15:40:06,009 INFO    : Early Stopping! Snapshot:2 Epoch: 16 Best Results: 17.66
2024-10-07 15:40:06,149 INFO    : => loading checkpoint './checkpoint/FB_CKGE\2model_best.tar'
2024-10-07 15:40:41,878 INFO    : 
+------------+--------+--------+--------+--------+---------+
| Snapshot:2 |  MRR   | Hits@1 | Hits@3 | Hits@5 | Hits@10 |
+------------+--------+--------+--------+--------+---------+
|     0      | 0.246  | 0.1419 | 0.2865 |  0.36  |  0.452  |
|     1      | 0.1729 | 0.1029 | 0.189  | 0.2362 |  0.3111 |
|     2      | 0.1772 | 0.1074 | 0.1954 | 0.2438 |  0.3133 |
+------------+--------+--------+--------+--------+---------+
2024-10-07 15:40:54,678 INFO    : Snapshot:3	0	3	Epoch:0	Loss:4.789	MRR:18.53	Hits@10:32.32	Best:18.53
2024-10-07 15:40:59,707 INFO    : Snapshot:3	0	3	Epoch:1	Loss:3.071	MRR:18.55	Hits@10:32.41	Best:18.55
2024-10-07 15:41:05,116 INFO    : Snapshot:3	0	3	Epoch:2	Loss:2.86	MRR:18.64	Hits@10:32.51	Best:18.64
2024-10-07 15:41:09,650 INFO    : Snapshot:3	1	3	Epoch:3	Loss:2.766	MRR:18.62	Hits@10:32.55	Best:18.64
2024-10-07 15:41:14,144 INFO    : Snapshot:3	0	3	Epoch:4	Loss:2.713	MRR:18.66	Hits@10:32.63	Best:18.66
2024-10-07 15:41:18,602 INFO    : Snapshot:3	1	3	Epoch:5	Loss:2.67	MRR:18.66	Hits@10:32.63	Best:18.66
2024-10-07 15:41:23,018 INFO    : Snapshot:3	0	3	Epoch:6	Loss:2.652	MRR:18.67	Hits@10:32.63	Best:18.67
2024-10-07 15:41:27,455 INFO    : Snapshot:3	0	3	Epoch:7	Loss:2.649	MRR:18.71	Hits@10:32.64	Best:18.71
2024-10-07 15:41:31,934 INFO    : Snapshot:3	1	3	Epoch:8	Loss:2.617	MRR:18.69	Hits@10:32.75	Best:18.71
2024-10-07 15:41:36,613 INFO    : Snapshot:3	2	3	Epoch:9	Loss:2.594	MRR:18.7	Hits@10:32.81	Best:18.71
2024-10-07 15:41:41,162 INFO    : Early Stopping! Snapshot:3 Epoch: 10 Best Results: 18.71
2024-10-07 15:41:41,309 INFO    : => loading checkpoint './checkpoint/FB_CKGE\3model_best.tar'
2024-10-07 15:42:17,814 INFO    : 
+------------+--------+--------+--------+--------+---------+
| Snapshot:3 |  MRR   | Hits@1 | Hits@3 | Hits@5 | Hits@10 |
+------------+--------+--------+--------+--------+---------+
|     0      | 0.246  | 0.1419 | 0.2865 |  0.36  |  0.452  |
|     1      | 0.1729 | 0.1029 | 0.189  | 0.2362 |  0.3111 |
|     2      | 0.1772 | 0.1074 | 0.1954 | 0.2438 |  0.3133 |
|     3      | 0.1876 | 0.1158 | 0.2109 | 0.255  |  0.3249 |
+------------+--------+--------+--------+--------+---------+
2024-10-07 15:42:31,522 INFO    : Snapshot:4	0	3	Epoch:0	Loss:3.746	MRR:19.81	Hits@10:33.06	Best:19.81
2024-10-07 15:42:36,507 INFO    : Snapshot:4	0	3	Epoch:1	Loss:3.193	MRR:19.82	Hits@10:33.06	Best:19.82
2024-10-07 15:42:41,912 INFO    : Snapshot:4	1	3	Epoch:2	Loss:3.057	MRR:19.81	Hits@10:33.1	Best:19.82
2024-10-07 15:42:47,114 INFO    : Snapshot:4	2	3	Epoch:3	Loss:3.071	MRR:19.81	Hits@10:33.14	Best:19.82
2024-10-07 15:42:51,996 INFO    : Early Stopping! Snapshot:4 Epoch: 4 Best Results: 19.82
2024-10-07 15:42:52,137 INFO    : => loading checkpoint './checkpoint/FB_CKGE\4model_best.tar'
2024-10-07 15:43:32,533 INFO    : 
+------------+--------+--------+--------+--------+---------+
| Snapshot:4 |  MRR   | Hits@1 | Hits@3 | Hits@5 | Hits@10 |
+------------+--------+--------+--------+--------+---------+
|     0      | 0.246  | 0.1419 | 0.2865 |  0.36  |  0.452  |
|     1      | 0.1729 | 0.1029 | 0.189  | 0.2362 |  0.3111 |
|     2      | 0.1772 | 0.1074 | 0.1954 | 0.2438 |  0.3133 |
|     3      | 0.1876 | 0.1158 | 0.2109 | 0.255  |  0.3249 |
|     4      | 0.2114 | 0.1313 | 0.2422 | 0.294  |  0.3648 |
+------------+--------+--------+--------+--------+---------+
2024-10-07 15:43:32,534 INFO    : Final Result:
[+------------+-------+--------+--------+--------+---------+
| Snapshot:0 |  MRR  | Hits@1 | Hits@3 | Hits@5 | Hits@10 |
+------------+-------+--------+--------+--------+---------+
|     0      | 0.246 | 0.1419 | 0.2865 |  0.36  |  0.452  |
+------------+-------+--------+--------+--------+---------+, +------------+--------+--------+--------+--------+---------+
| Snapshot:1 |  MRR   | Hits@1 | Hits@3 | Hits@5 | Hits@10 |
+------------+--------+--------+--------+--------+---------+
|     0      | 0.246  | 0.1419 | 0.2865 |  0.36  |  0.452  |
|     1      | 0.1729 | 0.1029 | 0.189  | 0.2362 |  0.3111 |
+------------+--------+--------+--------+--------+---------+, +------------+--------+--------+--------+--------+---------+
| Snapshot:2 |  MRR   | Hits@1 | Hits@3 | Hits@5 | Hits@10 |
+------------+--------+--------+--------+--------+---------+
|     0      | 0.246  | 0.1419 | 0.2865 |  0.36  |  0.452  |
|     1      | 0.1729 | 0.1029 | 0.189  | 0.2362 |  0.3111 |
|     2      | 0.1772 | 0.1074 | 0.1954 | 0.2438 |  0.3133 |
+------------+--------+--------+--------+--------+---------+, +------------+--------+--------+--------+--------+---------+
| Snapshot:3 |  MRR   | Hits@1 | Hits@3 | Hits@5 | Hits@10 |
+------------+--------+--------+--------+--------+---------+
|     0      | 0.246  | 0.1419 | 0.2865 |  0.36  |  0.452  |
|     1      | 0.1729 | 0.1029 | 0.189  | 0.2362 |  0.3111 |
|     2      | 0.1772 | 0.1074 | 0.1954 | 0.2438 |  0.3133 |
|     3      | 0.1876 | 0.1158 | 0.2109 | 0.255  |  0.3249 |
+------------+--------+--------+--------+--------+---------+, +------------+--------+--------+--------+--------+---------+
| Snapshot:4 |  MRR   | Hits@1 | Hits@3 | Hits@5 | Hits@10 |
+------------+--------+--------+--------+--------+---------+
|     0      | 0.246  | 0.1419 | 0.2865 |  0.36  |  0.452  |
|     1      | 0.1729 | 0.1029 | 0.189  | 0.2362 |  0.3111 |
|     2      | 0.1772 | 0.1074 | 0.1954 | 0.2438 |  0.3133 |
|     3      | 0.1876 | 0.1158 | 0.2109 | 0.255  |  0.3249 |
|     4      | 0.2114 | 0.1313 | 0.2422 | 0.294  |  0.3648 |
+------------+--------+--------+--------+--------+---------+]
2024-10-07 15:43:32,535 INFO    : Report Result:
+----------+--------------------+-----------+--------------+--------------+---------------+
| Snapshot |        Time        | Whole_MRR | Whole_Hits@1 | Whole_Hits@3 | Whole_Hits@10 |
+----------+--------------------+-----------+--------------+--------------+---------------+
|    0     | 102.74402737617493 |   0.246   |    0.142     |    0.286     |     0.452     |
|    1     | 69.66267085075378  |   0.236   |    0.136     |    0.273     |     0.432     |
|    2     | 74.17263865470886  |   0.228   |    0.133     |    0.263     |     0.417     |
|    3     | 54.21099853515625  |   0.224   |    0.131     |    0.257     |     0.407     |
|    4     | 28.167328119277954 |   0.223   |    0.131     |    0.256     |     0.403     |
+----------+--------------------+-----------+--------------+--------------+---------------+
2024-10-07 15:43:32,535 INFO    : Sum_Training_Time:328.9576635360718
2024-10-07 15:43:32,535 INFO    : Every_Training_Time:[102.74402737617493, 69.66267085075378, 74.17263865470886, 54.21099853515625, 28.167328119277954]
2024-10-07 15:43:32,535 INFO    : Forward transfer: 0.147475 Backward transfer: 0.0
