2024-09-19 10:39:56,581 INFO    : Namespace(batch_size=1024, data_path='./data/HYBRID/', dataset='HYBRID', debug=False, device=device(type='cuda', index=0), emb_dim=200, ent_r='150', epoch_num=200, explore=False, gpu='0', l2=0.0, learning_rate='1e-1', log_path='./logs/20240919103948/HYBRID', logger=<RootLogger root (INFO)>, margin=8.0, model_name='LoraKGE_Layers', multi_layers_path='train_sorted_by_edges_betweenness.txt', neg_ratio=10, note='', num_ent_layers='2', num_layer=1, num_rel_layers='1', patience=3, predict_result=False, r=100, r_fixed=True, random_seed=3407, record=False, rel_r='20', save_path='./checkpoint/HYBRID', skip_previous='False', snapshot_num=5, train_new=True, using_multi_layers=False, using_various_ranks='True', using_various_ranks_reverse=False, valid_metrics='mrr')
2024-09-19 10:40:04,623 INFO    : Snapshot:0	0	3	Epoch:0	Loss:37.229	MRR:14.76	Hits@10:28.92	Best:14.76
2024-09-19 10:40:09,803 INFO    : Snapshot:0	0	3	Epoch:1	Loss:18.611	MRR:22.47	Hits@10:40.38	Best:22.47
2024-09-19 10:40:14,965 INFO    : Snapshot:0	0	3	Epoch:2	Loss:8.665	MRR:25.05	Hits@10:43.96	Best:25.05
2024-09-19 10:40:20,162 INFO    : Snapshot:0	0	3	Epoch:3	Loss:4.555	MRR:25.63	Hits@10:44.96	Best:25.63
2024-09-19 10:40:25,303 INFO    : Snapshot:0	1	3	Epoch:4	Loss:2.778	MRR:25.59	Hits@10:44.87	Best:25.63
2024-09-19 10:40:30,710 INFO    : Snapshot:0	2	3	Epoch:5	Loss:1.937	MRR:25.27	Hits@10:44.8	Best:25.63
2024-09-19 10:40:35,781 INFO    : Early Stopping! Snapshot:0 Epoch: 6 Best Results: 25.63
2024-09-19 10:40:35,868 INFO    : => loading checkpoint './checkpoint/HYBRID\0model_best.tar'
2024-09-19 10:40:38,947 INFO    : 
+------------+--------+--------+--------+--------+---------+
| Snapshot:0 |  MRR   | Hits@1 | Hits@3 | Hits@5 | Hits@10 |
+------------+--------+--------+--------+--------+---------+
|     0      | 0.2558 | 0.1548 | 0.3079 | 0.3682 |  0.4392 |
+------------+--------+--------+--------+--------+---------+
2024-09-19 10:40:45,345 INFO    : Snapshot:1	0	3	Epoch:0	Loss:8.096	MRR:20.63	Hits@10:36.66	Best:20.63
2024-09-19 10:40:47,607 INFO    : Snapshot:1	0	3	Epoch:1	Loss:3.91	MRR:23.8	Hits@10:41.47	Best:23.8
2024-09-19 10:40:49,753 INFO    : Snapshot:1	0	3	Epoch:2	Loss:3.266	MRR:25.34	Hits@10:44.06	Best:25.34
2024-09-19 10:40:51,865 INFO    : Snapshot:1	0	3	Epoch:3	Loss:2.967	MRR:25.95	Hits@10:45.21	Best:25.95
2024-09-19 10:40:53,921 INFO    : Snapshot:1	0	3	Epoch:4	Loss:2.808	MRR:26.61	Hits@10:45.23	Best:26.61
2024-09-19 10:40:56,012 INFO    : Snapshot:1	0	3	Epoch:5	Loss:2.69	MRR:26.95	Hits@10:45.56	Best:26.95
2024-09-19 10:40:58,122 INFO    : Snapshot:1	1	3	Epoch:6	Loss:2.615	MRR:26.77	Hits@10:45.78	Best:26.95
2024-09-19 10:41:00,231 INFO    : Snapshot:1	0	3	Epoch:7	Loss:2.569	MRR:27.13	Hits@10:46.2	Best:27.13
2024-09-19 10:41:02,359 INFO    : Snapshot:1	0	3	Epoch:8	Loss:2.515	MRR:27.14	Hits@10:46.68	Best:27.14
2024-09-19 10:41:04,496 INFO    : Snapshot:1	0	3	Epoch:9	Loss:2.49	MRR:27.31	Hits@10:46.24	Best:27.31
2024-09-19 10:41:06,632 INFO    : Snapshot:1	0	3	Epoch:10	Loss:2.464	MRR:27.48	Hits@10:46.46	Best:27.48
2024-09-19 10:41:08,740 INFO    : Snapshot:1	1	3	Epoch:11	Loss:2.445	MRR:27.48	Hits@10:46.86	Best:27.48
2024-09-19 10:41:10,821 INFO    : Snapshot:1	0	3	Epoch:12	Loss:2.431	MRR:27.75	Hits@10:46.96	Best:27.75
2024-09-19 10:41:12,934 INFO    : Snapshot:1	0	3	Epoch:13	Loss:2.397	MRR:28.02	Hits@10:46.91	Best:28.02
2024-09-19 10:41:15,071 INFO    : Snapshot:1	1	3	Epoch:14	Loss:2.402	MRR:27.76	Hits@10:46.79	Best:28.02
2024-09-19 10:41:17,176 INFO    : Snapshot:1	2	3	Epoch:15	Loss:2.364	MRR:27.9	Hits@10:47.14	Best:28.02
2024-09-19 10:41:19,303 INFO    : Snapshot:1	0	3	Epoch:16	Loss:2.367	MRR:28.28	Hits@10:47.11	Best:28.28
2024-09-19 10:41:21,430 INFO    : Snapshot:1	1	3	Epoch:17	Loss:2.38	MRR:28.04	Hits@10:47.08	Best:28.28
2024-09-19 10:41:23,474 INFO    : Snapshot:1	2	3	Epoch:18	Loss:2.354	MRR:28.0	Hits@10:47.2	Best:28.28
2024-09-19 10:41:25,582 INFO    : Early Stopping! Snapshot:1 Epoch: 19 Best Results: 28.28
2024-09-19 10:41:25,671 INFO    : => loading checkpoint './checkpoint/HYBRID\1model_best.tar'
2024-09-19 10:41:30,491 INFO    : 
+------------+--------+--------+--------+--------+---------+
| Snapshot:1 |  MRR   | Hits@1 | Hits@3 | Hits@5 | Hits@10 |
+------------+--------+--------+--------+--------+---------+
|     0      | 0.2558 | 0.1548 | 0.3079 | 0.3682 |  0.4392 |
|     1      | 0.2727 | 0.174  | 0.3133 | 0.3818 |  0.4646 |
+------------+--------+--------+--------+--------+---------+
2024-09-19 10:41:51,719 INFO    : Snapshot:2	0	3	Epoch:0	Loss:25.239	MRR:14.97	Hits@10:27.65	Best:14.97
2024-09-19 10:42:02,826 INFO    : Snapshot:2	0	3	Epoch:1	Loss:16.526	MRR:16.27	Hits@10:29.94	Best:16.27
2024-09-19 10:42:14,196 INFO    : Snapshot:2	0	3	Epoch:2	Loss:15.379	MRR:17.23	Hits@10:31.21	Best:17.23
2024-09-19 10:42:25,564 INFO    : Snapshot:2	0	3	Epoch:3	Loss:14.781	MRR:17.53	Hits@10:31.64	Best:17.53
2024-09-19 10:42:37,064 INFO    : Snapshot:2	0	3	Epoch:4	Loss:14.431	MRR:17.74	Hits@10:32.08	Best:17.74
2024-09-19 10:42:48,575 INFO    : Snapshot:2	0	3	Epoch:5	Loss:14.155	MRR:18.16	Hits@10:32.79	Best:18.16
2024-09-19 10:42:59,534 INFO    : Snapshot:2	0	3	Epoch:6	Loss:13.978	MRR:18.26	Hits@10:32.82	Best:18.26
2024-09-19 10:43:10,587 INFO    : Snapshot:2	0	3	Epoch:7	Loss:13.85	MRR:18.34	Hits@10:32.96	Best:18.34
2024-09-19 10:43:21,507 INFO    : Snapshot:2	1	3	Epoch:8	Loss:13.724	MRR:18.21	Hits@10:32.95	Best:18.34
2024-09-19 10:43:33,346 INFO    : Snapshot:2	0	3	Epoch:9	Loss:13.604	MRR:18.72	Hits@10:33.09	Best:18.72
2024-09-19 10:43:44,210 INFO    : Snapshot:2	0	3	Epoch:10	Loss:13.562	MRR:18.76	Hits@10:33.3	Best:18.76
2024-09-19 10:43:56,156 INFO    : Snapshot:2	1	3	Epoch:11	Loss:13.506	MRR:18.61	Hits@10:33.28	Best:18.76
2024-09-19 10:44:07,376 INFO    : Snapshot:2	2	3	Epoch:12	Loss:13.423	MRR:18.68	Hits@10:33.25	Best:18.76
2024-09-19 10:44:18,487 INFO    : Snapshot:2	0	3	Epoch:13	Loss:13.387	MRR:18.83	Hits@10:33.42	Best:18.83
2024-09-19 10:44:29,722 INFO    : Snapshot:2	0	3	Epoch:14	Loss:13.38	MRR:19.03	Hits@10:33.47	Best:19.03
2024-09-19 10:44:41,405 INFO    : Snapshot:2	1	3	Epoch:15	Loss:13.354	MRR:18.89	Hits@10:33.59	Best:19.03
2024-09-19 10:44:52,596 INFO    : Snapshot:2	2	3	Epoch:16	Loss:13.276	MRR:18.89	Hits@10:33.63	Best:19.03
2024-09-19 10:45:03,657 INFO    : Early Stopping! Snapshot:2 Epoch: 17 Best Results: 19.03
2024-09-19 10:45:03,766 INFO    : => loading checkpoint './checkpoint/HYBRID\2model_best.tar'
2024-09-19 10:45:15,721 INFO    : 
+------------+--------+--------+--------+--------+---------+
| Snapshot:2 |  MRR   | Hits@1 | Hits@3 | Hits@5 | Hits@10 |
+------------+--------+--------+--------+--------+---------+
|     0      | 0.2558 | 0.1548 | 0.3079 | 0.3682 |  0.4392 |
|     1      | 0.2727 | 0.174  | 0.3133 | 0.3818 |  0.4646 |
|     2      | 0.1877 | 0.1131 | 0.2137 | 0.2621 |  0.3312 |
+------------+--------+--------+--------+--------+---------+
2024-09-19 10:45:43,326 INFO    : Snapshot:3	0	3	Epoch:0	Loss:29.149	MRR:15.07	Hits@10:28.22	Best:15.07
2024-09-19 10:45:58,119 INFO    : Snapshot:3	0	3	Epoch:1	Loss:21.273	MRR:16.15	Hits@10:30.27	Best:16.15
2024-09-19 10:46:12,900 INFO    : Snapshot:3	0	3	Epoch:2	Loss:20.332	MRR:16.5	Hits@10:30.97	Best:16.5
2024-09-19 10:46:27,428 INFO    : Snapshot:3	0	3	Epoch:3	Loss:19.972	MRR:16.75	Hits@10:31.38	Best:16.75
2024-09-19 10:46:42,159 INFO    : Snapshot:3	0	3	Epoch:4	Loss:19.735	MRR:17.07	Hits@10:31.74	Best:17.07
2024-09-19 10:46:56,673 INFO    : Snapshot:3	0	3	Epoch:5	Loss:19.525	MRR:17.2	Hits@10:32.11	Best:17.2
2024-09-19 10:47:11,104 INFO    : Snapshot:3	0	3	Epoch:6	Loss:19.403	MRR:17.23	Hits@10:32.01	Best:17.23
2024-09-19 10:47:25,712 INFO    : Snapshot:3	1	3	Epoch:7	Loss:19.346	MRR:17.15	Hits@10:31.99	Best:17.23
2024-09-19 10:47:39,858 INFO    : Snapshot:3	0	3	Epoch:8	Loss:19.245	MRR:17.27	Hits@10:32.2	Best:17.27
2024-09-19 10:47:54,101 INFO    : Snapshot:3	0	3	Epoch:9	Loss:19.181	MRR:17.56	Hits@10:32.4	Best:17.56
2024-09-19 10:48:08,515 INFO    : Snapshot:3	1	3	Epoch:10	Loss:19.091	MRR:17.55	Hits@10:32.49	Best:17.56
2024-09-19 10:48:23,075 INFO    : Snapshot:3	2	3	Epoch:11	Loss:19.054	MRR:17.34	Hits@10:32.33	Best:17.56
2024-09-19 10:48:37,692 INFO    : Snapshot:3	0	3	Epoch:12	Loss:19.04	MRR:17.62	Hits@10:32.31	Best:17.62
2024-09-19 10:48:52,164 INFO    : Snapshot:3	1	3	Epoch:13	Loss:18.964	MRR:17.49	Hits@10:32.35	Best:17.62
2024-09-19 10:49:06,261 INFO    : Snapshot:3	2	3	Epoch:14	Loss:18.994	MRR:17.5	Hits@10:32.37	Best:17.62
2024-09-19 10:49:20,632 INFO    : Early Stopping! Snapshot:3 Epoch: 15 Best Results: 17.62
2024-09-19 10:49:20,724 INFO    : => loading checkpoint './checkpoint/HYBRID\3model_best.tar'
2024-09-19 10:49:42,080 INFO    : 
+------------+--------+--------+--------+--------+---------+
| Snapshot:3 |  MRR   | Hits@1 | Hits@3 | Hits@5 | Hits@10 |
+------------+--------+--------+--------+--------+---------+
|     0      | 0.2558 | 0.1548 | 0.3079 | 0.3682 |  0.4392 |
|     1      | 0.2727 | 0.174  | 0.3133 | 0.3818 |  0.4646 |
|     2      | 0.1877 | 0.1131 | 0.2137 | 0.2621 |  0.3312 |
|     3      | 0.1763 | 0.0968 | 0.2095 | 0.262  |  0.3271 |
+------------+--------+--------+--------+--------+---------+
2024-09-19 10:49:54,041 INFO    : Snapshot:4	0	3	Epoch:0	Loss:14.53	MRR:14.42	Hits@10:23.59	Best:14.42
2024-09-19 10:49:59,487 INFO    : Snapshot:4	0	3	Epoch:1	Loss:11.844	MRR:14.95	Hits@10:24.34	Best:14.95
2024-09-19 10:50:04,913 INFO    : Snapshot:4	0	3	Epoch:2	Loss:11.593	MRR:15.14	Hits@10:24.53	Best:15.14
2024-09-19 10:50:10,269 INFO    : Snapshot:4	0	3	Epoch:3	Loss:11.502	MRR:15.18	Hits@10:24.49	Best:15.18
2024-09-19 10:50:15,625 INFO    : Snapshot:4	0	3	Epoch:4	Loss:11.468	MRR:15.29	Hits@10:24.63	Best:15.29
2024-09-19 10:50:21,013 INFO    : Snapshot:4	1	3	Epoch:5	Loss:11.346	MRR:15.23	Hits@10:24.64	Best:15.29
2024-09-19 10:50:26,477 INFO    : Snapshot:4	2	3	Epoch:6	Loss:11.344	MRR:15.18	Hits@10:24.6	Best:15.29
2024-09-19 10:50:31,913 INFO    : Early Stopping! Snapshot:4 Epoch: 7 Best Results: 15.29
2024-09-19 10:50:32,009 INFO    : => loading checkpoint './checkpoint/HYBRID\4model_best.tar'
2024-09-19 10:50:57,391 INFO    : 
+------------+--------+--------+--------+--------+---------+
| Snapshot:4 |  MRR   | Hits@1 | Hits@3 | Hits@5 | Hits@10 |
+------------+--------+--------+--------+--------+---------+
|     0      | 0.2558 | 0.1548 | 0.3079 | 0.3682 |  0.4392 |
|     1      | 0.2727 | 0.174  | 0.3133 | 0.3818 |  0.4646 |
|     2      | 0.1877 | 0.1131 | 0.2137 | 0.2621 |  0.3312 |
|     3      | 0.1763 | 0.0968 | 0.2095 | 0.262  |  0.3271 |
|     4      | 0.1529 | 0.1041 | 0.165  | 0.198  |  0.2473 |
+------------+--------+--------+--------+--------+---------+
2024-09-19 10:50:57,393 INFO    : Final Result:
[+------------+--------+--------+--------+--------+---------+
| Snapshot:0 |  MRR   | Hits@1 | Hits@3 | Hits@5 | Hits@10 |
+------------+--------+--------+--------+--------+---------+
|     0      | 0.2558 | 0.1548 | 0.3079 | 0.3682 |  0.4392 |
+------------+--------+--------+--------+--------+---------+, +------------+--------+--------+--------+--------+---------+
| Snapshot:1 |  MRR   | Hits@1 | Hits@3 | Hits@5 | Hits@10 |
+------------+--------+--------+--------+--------+---------+
|     0      | 0.2558 | 0.1548 | 0.3079 | 0.3682 |  0.4392 |
|     1      | 0.2727 | 0.174  | 0.3133 | 0.3818 |  0.4646 |
+------------+--------+--------+--------+--------+---------+, +------------+--------+--------+--------+--------+---------+
| Snapshot:2 |  MRR   | Hits@1 | Hits@3 | Hits@5 | Hits@10 |
+------------+--------+--------+--------+--------+---------+
|     0      | 0.2558 | 0.1548 | 0.3079 | 0.3682 |  0.4392 |
|     1      | 0.2727 | 0.174  | 0.3133 | 0.3818 |  0.4646 |
|     2      | 0.1877 | 0.1131 | 0.2137 | 0.2621 |  0.3312 |
+------------+--------+--------+--------+--------+---------+, +------------+--------+--------+--------+--------+---------+
| Snapshot:3 |  MRR   | Hits@1 | Hits@3 | Hits@5 | Hits@10 |
+------------+--------+--------+--------+--------+---------+
|     0      | 0.2558 | 0.1548 | 0.3079 | 0.3682 |  0.4392 |
|     1      | 0.2727 | 0.174  | 0.3133 | 0.3818 |  0.4646 |
|     2      | 0.1877 | 0.1131 | 0.2137 | 0.2621 |  0.3312 |
|     3      | 0.1763 | 0.0968 | 0.2095 | 0.262  |  0.3271 |
+------------+--------+--------+--------+--------+---------+, +------------+--------+--------+--------+--------+---------+
| Snapshot:4 |  MRR   | Hits@1 | Hits@3 | Hits@5 | Hits@10 |
+------------+--------+--------+--------+--------+---------+
|     0      | 0.2558 | 0.1548 | 0.3079 | 0.3682 |  0.4392 |
|     1      | 0.2727 | 0.174  | 0.3133 | 0.3818 |  0.4646 |
|     2      | 0.1877 | 0.1131 | 0.2137 | 0.2621 |  0.3312 |
|     3      | 0.1763 | 0.0968 | 0.2095 | 0.262  |  0.3271 |
|     4      | 0.1529 | 0.1041 | 0.165  | 0.198  |  0.2473 |
+------------+--------+--------+--------+--------+---------+]
2024-09-19 10:50:57,394 INFO    : Report Result:
+----------+--------------------+-----------+--------------+--------------+---------------+
| Snapshot |        Time        | Whole_MRR | Whole_Hits@1 | Whole_Hits@3 | Whole_Hits@10 |
+----------+--------------------+-----------+--------------+--------------+---------------+
|    0     | 39.19893217086792  |   0.256   |    0.155     |    0.308     |     0.439     |
|    1     | 44.71507143974304  |    0.26   |     0.16     |    0.309     |     0.446     |
|    2     | 206.07498264312744 |   0.222   |    0.135     |    0.259     |     0.385     |
|    3     | 235.0379283428192  |   0.204   |     0.12     |     0.24     |     0.363     |
|    4     | 45.580156087875366 |   0.198   |    0.118     |     0.23     |     0.348     |
+----------+--------------------+-----------+--------------+--------------+---------------+
2024-09-19 10:50:57,394 INFO    : Sum_Training_Time:570.607070684433
2024-09-19 10:50:57,394 INFO    : Every_Training_Time:[39.19893217086792, 44.71507143974304, 206.07498264312744, 235.0379283428192, 45.580156087875366]
2024-09-19 10:50:57,394 INFO    : Forward transfer: 0.036075 Backward transfer: 0.0
