2024-10-04 14:36:56,662 INFO    : Namespace(batch_size='1024', data_path='./data/FB_CKGE/', dataset='FB_CKGE', debug=False, device=device(type='cuda', index=0), emb_dim=200, ent_r='200', epoch_num=200, explore=False, gpu='0', l2=0.0, learning_rate='2e-1', log_path='./logs/FB_CKGE 200 10 2e-1 1024/FB_CKGE 20241004143646', logger=<RootLogger root (INFO)>, margin=8.0, model_name='LoraKGE_Layers', multi_layers_path='train_sorted_by_edges_betweenness.txt', neg_ratio=10, note='', num_ent_layers='10', num_layer=1, num_rel_layers='1', patience=3, predict_result='True', r=100, r_fixed=True, random_seed=3407, record=False, rel_r='20', save_path='./checkpoint/FB_CKGE', skip_previous='False', snapshot_num=5, train_new=True, using_multi_layers=False, using_various_ranks='True', using_various_ranks_reverse=False, valid_metrics='mrr')
2024-10-04 14:37:19,577 INFO    : Snapshot:0	0	3	Epoch:0	Loss:107.405	MRR:19.84	Hits@10:38.57	Best:19.84
2024-10-04 14:37:37,286 INFO    : Snapshot:0	0	3	Epoch:1	Loss:27.441	MRR:24.37	Hits@10:44.58	Best:24.37
2024-10-04 14:37:54,292 INFO    : Snapshot:0	1	3	Epoch:2	Loss:9.743	MRR:24.3	Hits@10:44.57	Best:24.37
2024-10-04 14:38:11,304 INFO    : Snapshot:0	2	3	Epoch:3	Loss:5.814	MRR:24.09	Hits@10:44.21	Best:24.37
2024-10-04 14:38:28,638 INFO    : Early Stopping! Snapshot:0 Epoch: 4 Best Results: 24.37
2024-10-04 14:38:28,753 INFO    : => loading checkpoint './checkpoint/FB_CKGE\0model_best.tar'
2024-10-04 14:38:47,791 INFO    : 
+------------+--------+--------+--------+--------+---------+
| Snapshot:0 |  MRR   | Hits@1 | Hits@3 | Hits@5 | Hits@10 |
+------------+--------+--------+--------+--------+---------+
|     0      | 0.2439 | 0.1396 | 0.2869 | 0.358  |  0.447  |
+------------+--------+--------+--------+--------+---------+
2024-10-04 14:38:59,207 INFO    : Snapshot:1	0	3	Epoch:0	Loss:8.856	MRR:11.67	Hits@10:21.86	Best:11.67
2024-10-04 14:39:03,141 INFO    : Snapshot:1	0	3	Epoch:1	Loss:3.019	MRR:13.69	Hits@10:26.19	Best:13.69
2024-10-04 14:39:07,197 INFO    : Snapshot:1	0	3	Epoch:2	Loss:2.145	MRR:14.71	Hits@10:28.06	Best:14.71
2024-10-04 14:39:10,922 INFO    : Snapshot:1	0	3	Epoch:3	Loss:1.774	MRR:15.26	Hits@10:29.01	Best:15.26
2024-10-04 14:39:14,703 INFO    : Snapshot:1	0	3	Epoch:4	Loss:1.553	MRR:15.52	Hits@10:29.7	Best:15.52
2024-10-04 14:39:18,650 INFO    : Snapshot:1	0	3	Epoch:5	Loss:1.374	MRR:15.84	Hits@10:29.64	Best:15.84
2024-10-04 14:39:22,713 INFO    : Snapshot:1	0	3	Epoch:6	Loss:1.25	MRR:16.11	Hits@10:30.39	Best:16.11
2024-10-04 14:39:26,672 INFO    : Snapshot:1	0	3	Epoch:7	Loss:1.171	MRR:16.12	Hits@10:30.49	Best:16.12
2024-10-04 14:39:30,633 INFO    : Snapshot:1	0	3	Epoch:8	Loss:1.131	MRR:16.26	Hits@10:30.44	Best:16.26
2024-10-04 14:39:34,672 INFO    : Snapshot:1	0	3	Epoch:9	Loss:1.048	MRR:16.51	Hits@10:30.84	Best:16.51
2024-10-04 14:39:38,874 INFO    : Snapshot:1	1	3	Epoch:10	Loss:1.025	MRR:16.46	Hits@10:30.77	Best:16.51
2024-10-04 14:39:43,313 INFO    : Snapshot:1	0	3	Epoch:11	Loss:0.977	MRR:16.78	Hits@10:30.84	Best:16.78
2024-10-04 14:39:47,426 INFO    : Snapshot:1	1	3	Epoch:12	Loss:0.957	MRR:16.74	Hits@10:31.14	Best:16.78
2024-10-04 14:39:51,545 INFO    : Snapshot:1	2	3	Epoch:13	Loss:0.924	MRR:16.76	Hits@10:31.34	Best:16.78
2024-10-04 14:39:55,761 INFO    : Early Stopping! Snapshot:1 Epoch: 14 Best Results: 16.78
2024-10-04 14:39:55,872 INFO    : => loading checkpoint './checkpoint/FB_CKGE\1model_best.tar'
2024-10-04 14:40:21,553 INFO    : 
+------------+--------+--------+--------+--------+---------+
| Snapshot:1 |  MRR   | Hits@1 | Hits@3 | Hits@5 | Hits@10 |
+------------+--------+--------+--------+--------+---------+
|     0      | 0.2439 | 0.1396 | 0.2869 | 0.358  |  0.447  |
|     1      | 0.1745 | 0.103  | 0.1922 | 0.2434 |  0.3173 |
+------------+--------+--------+--------+--------+---------+
2024-10-04 14:40:33,471 INFO    : Snapshot:2	0	3	Epoch:0	Loss:6.614	MRR:17.27	Hits@10:30.3	Best:17.27
2024-10-04 14:40:37,795 INFO    : Snapshot:2	0	3	Epoch:1	Loss:3.419	MRR:17.67	Hits@10:30.76	Best:17.67
2024-10-04 14:40:42,146 INFO    : Snapshot:2	0	3	Epoch:2	Loss:2.989	MRR:17.76	Hits@10:31.25	Best:17.76
2024-10-04 14:40:46,508 INFO    : Snapshot:2	0	3	Epoch:3	Loss:2.784	MRR:17.77	Hits@10:31.22	Best:17.77
2024-10-04 14:40:51,005 INFO    : Snapshot:2	0	3	Epoch:4	Loss:2.652	MRR:17.83	Hits@10:31.34	Best:17.83
2024-10-04 14:40:55,335 INFO    : Snapshot:2	0	3	Epoch:5	Loss:2.584	MRR:17.92	Hits@10:31.47	Best:17.92
2024-10-04 14:41:00,118 INFO    : Snapshot:2	0	3	Epoch:6	Loss:2.538	MRR:17.94	Hits@10:31.56	Best:17.94
2024-10-04 14:41:04,491 INFO    : Snapshot:2	0	3	Epoch:7	Loss:2.485	MRR:18.06	Hits@10:31.54	Best:18.06
2024-10-04 14:41:08,753 INFO    : Snapshot:2	1	3	Epoch:8	Loss:2.456	MRR:18.02	Hits@10:31.63	Best:18.06
2024-10-04 14:41:13,052 INFO    : Snapshot:2	2	3	Epoch:9	Loss:2.413	MRR:17.99	Hits@10:31.63	Best:18.06
2024-10-04 14:41:17,447 INFO    : Snapshot:2	0	3	Epoch:10	Loss:2.386	MRR:18.07	Hits@10:31.63	Best:18.07
2024-10-04 14:41:21,727 INFO    : Snapshot:2	0	3	Epoch:11	Loss:2.361	MRR:18.1	Hits@10:31.8	Best:18.1
2024-10-04 14:41:26,047 INFO    : Snapshot:2	1	3	Epoch:12	Loss:2.349	MRR:18.07	Hits@10:31.57	Best:18.1
2024-10-04 14:41:30,423 INFO    : Snapshot:2	0	3	Epoch:13	Loss:2.317	MRR:18.11	Hits@10:31.88	Best:18.11
2024-10-04 14:41:34,750 INFO    : Snapshot:2	1	3	Epoch:14	Loss:2.313	MRR:18.09	Hits@10:31.83	Best:18.11
2024-10-04 14:41:39,183 INFO    : Snapshot:2	0	3	Epoch:15	Loss:2.311	MRR:18.28	Hits@10:31.85	Best:18.28
2024-10-04 14:41:43,568 INFO    : Snapshot:2	1	3	Epoch:16	Loss:2.287	MRR:18.1	Hits@10:31.8	Best:18.28
2024-10-04 14:41:48,027 INFO    : Snapshot:2	2	3	Epoch:17	Loss:2.29	MRR:18.13	Hits@10:31.74	Best:18.28
2024-10-04 14:41:52,465 INFO    : Early Stopping! Snapshot:2 Epoch: 18 Best Results: 18.28
2024-10-04 14:41:52,606 INFO    : => loading checkpoint './checkpoint/FB_CKGE\2model_best.tar'
2024-10-04 14:42:22,466 INFO    : 
+------------+--------+--------+--------+--------+---------+
| Snapshot:2 |  MRR   | Hits@1 | Hits@3 | Hits@5 | Hits@10 |
+------------+--------+--------+--------+--------+---------+
|     0      | 0.2439 | 0.1396 | 0.2869 | 0.358  |  0.447  |
|     1      | 0.1745 | 0.103  | 0.1922 | 0.2434 |  0.3173 |
|     2      | 0.1751 | 0.1041 | 0.1947 | 0.2439 |  0.3158 |
+------------+--------+--------+--------+--------+---------+
2024-10-04 14:42:35,596 INFO    : Snapshot:3	0	3	Epoch:0	Loss:5.223	MRR:18.69	Hits@10:32.36	Best:18.69
2024-10-04 14:42:40,288 INFO    : Snapshot:3	0	3	Epoch:1	Loss:3.706	MRR:18.73	Hits@10:32.39	Best:18.73
2024-10-04 14:42:44,961 INFO    : Snapshot:3	0	3	Epoch:2	Loss:3.502	MRR:18.74	Hits@10:32.57	Best:18.74
2024-10-04 14:42:49,698 INFO    : Snapshot:3	0	3	Epoch:3	Loss:3.409	MRR:18.85	Hits@10:32.66	Best:18.85
2024-10-04 14:42:54,309 INFO    : Snapshot:3	1	3	Epoch:4	Loss:3.355	MRR:18.8	Hits@10:32.75	Best:18.85
2024-10-04 14:42:58,858 INFO    : Snapshot:3	2	3	Epoch:5	Loss:3.308	MRR:18.85	Hits@10:32.62	Best:18.85
2024-10-04 14:43:03,456 INFO    : Early Stopping! Snapshot:3 Epoch: 6 Best Results: 18.85
2024-10-04 14:43:03,565 INFO    : => loading checkpoint './checkpoint/FB_CKGE\3model_best.tar'
2024-10-04 14:43:36,242 INFO    : 
+------------+--------+--------+--------+--------+---------+
| Snapshot:3 |  MRR   | Hits@1 | Hits@3 | Hits@5 | Hits@10 |
+------------+--------+--------+--------+--------+---------+
|     0      | 0.2439 | 0.1396 | 0.2869 | 0.358  |  0.447  |
|     1      | 0.1745 | 0.103  | 0.1922 | 0.2434 |  0.3173 |
|     2      | 0.1751 | 0.1041 | 0.1947 | 0.2439 |  0.3158 |
|     3      | 0.1873 | 0.1142 | 0.2149 | 0.2607 |  0.3243 |
+------------+--------+--------+--------+--------+---------+
2024-10-04 14:43:49,310 INFO    : Snapshot:4	0	3	Epoch:0	Loss:4.394	MRR:19.75	Hits@10:33.01	Best:19.75
2024-10-04 14:43:53,890 INFO    : Snapshot:4	1	3	Epoch:1	Loss:3.858	MRR:19.75	Hits@10:33.05	Best:19.75
2024-10-04 14:43:58,517 INFO    : Snapshot:4	0	3	Epoch:2	Loss:3.799	MRR:19.77	Hits@10:33.12	Best:19.77
2024-10-04 14:44:03,112 INFO    : Snapshot:4	1	3	Epoch:3	Loss:3.787	MRR:19.77	Hits@10:33.08	Best:19.77
2024-10-04 14:44:07,685 INFO    : Snapshot:4	0	3	Epoch:4	Loss:3.738	MRR:19.81	Hits@10:33.11	Best:19.81
2024-10-04 14:44:12,372 INFO    : Snapshot:4	1	3	Epoch:5	Loss:3.724	MRR:19.8	Hits@10:33.12	Best:19.81
2024-10-04 14:44:17,057 INFO    : Snapshot:4	0	3	Epoch:6	Loss:3.75	MRR:19.82	Hits@10:33.13	Best:19.82
2024-10-04 14:44:21,594 INFO    : Snapshot:4	1	3	Epoch:7	Loss:3.748	MRR:19.79	Hits@10:33.09	Best:19.82
2024-10-04 14:44:26,240 INFO    : Snapshot:4	2	3	Epoch:8	Loss:3.743	MRR:19.8	Hits@10:33.11	Best:19.82
2024-10-04 14:44:30,829 INFO    : Snapshot:4	0	3	Epoch:9	Loss:3.712	MRR:19.83	Hits@10:33.13	Best:19.83
2024-10-04 14:44:35,508 INFO    : Snapshot:4	1	3	Epoch:10	Loss:3.725	MRR:19.79	Hits@10:33.12	Best:19.83
2024-10-04 14:44:40,285 INFO    : Snapshot:4	2	3	Epoch:11	Loss:3.717	MRR:19.81	Hits@10:33.12	Best:19.83
2024-10-04 14:44:44,986 INFO    : Early Stopping! Snapshot:4 Epoch: 12 Best Results: 19.83
2024-10-04 14:44:45,126 INFO    : => loading checkpoint './checkpoint/FB_CKGE\4model_best.tar'
2024-10-04 14:45:23,718 INFO    : 
+------------+--------+--------+--------+--------+---------+
| Snapshot:4 |  MRR   | Hits@1 | Hits@3 | Hits@5 | Hits@10 |
+------------+--------+--------+--------+--------+---------+
|     0      | 0.2439 | 0.1396 | 0.2869 | 0.358  |  0.447  |
|     1      | 0.1745 | 0.103  | 0.1922 | 0.2434 |  0.3173 |
|     2      | 0.1751 | 0.1041 | 0.1947 | 0.2439 |  0.3158 |
|     3      | 0.1873 | 0.1142 | 0.2149 | 0.2607 |  0.3243 |
|     4      | 0.2087 | 0.1286 | 0.2366 | 0.2925 |  0.3653 |
+------------+--------+--------+--------+--------+---------+
2024-10-04 14:45:23,720 INFO    : Final Result:
[+------------+--------+--------+--------+--------+---------+
| Snapshot:0 |  MRR   | Hits@1 | Hits@3 | Hits@5 | Hits@10 |
+------------+--------+--------+--------+--------+---------+
|     0      | 0.2439 | 0.1396 | 0.2869 | 0.358  |  0.447  |
+------------+--------+--------+--------+--------+---------+, +------------+--------+--------+--------+--------+---------+
| Snapshot:1 |  MRR   | Hits@1 | Hits@3 | Hits@5 | Hits@10 |
+------------+--------+--------+--------+--------+---------+
|     0      | 0.2439 | 0.1396 | 0.2869 | 0.358  |  0.447  |
|     1      | 0.1745 | 0.103  | 0.1922 | 0.2434 |  0.3173 |
+------------+--------+--------+--------+--------+---------+, +------------+--------+--------+--------+--------+---------+
| Snapshot:2 |  MRR   | Hits@1 | Hits@3 | Hits@5 | Hits@10 |
+------------+--------+--------+--------+--------+---------+
|     0      | 0.2439 | 0.1396 | 0.2869 | 0.358  |  0.447  |
|     1      | 0.1745 | 0.103  | 0.1922 | 0.2434 |  0.3173 |
|     2      | 0.1751 | 0.1041 | 0.1947 | 0.2439 |  0.3158 |
+------------+--------+--------+--------+--------+---------+, +------------+--------+--------+--------+--------+---------+
| Snapshot:3 |  MRR   | Hits@1 | Hits@3 | Hits@5 | Hits@10 |
+------------+--------+--------+--------+--------+---------+
|     0      | 0.2439 | 0.1396 | 0.2869 | 0.358  |  0.447  |
|     1      | 0.1745 | 0.103  | 0.1922 | 0.2434 |  0.3173 |
|     2      | 0.1751 | 0.1041 | 0.1947 | 0.2439 |  0.3158 |
|     3      | 0.1873 | 0.1142 | 0.2149 | 0.2607 |  0.3243 |
+------------+--------+--------+--------+--------+---------+, +------------+--------+--------+--------+--------+---------+
| Snapshot:4 |  MRR   | Hits@1 | Hits@3 | Hits@5 | Hits@10 |
+------------+--------+--------+--------+--------+---------+
|     0      | 0.2439 | 0.1396 | 0.2869 | 0.358  |  0.447  |
|     1      | 0.1745 | 0.103  | 0.1922 | 0.2434 |  0.3173 |
|     2      | 0.1751 | 0.1041 | 0.1947 | 0.2439 |  0.3158 |
|     3      | 0.1873 | 0.1142 | 0.2149 | 0.2607 |  0.3243 |
|     4      | 0.2087 | 0.1286 | 0.2366 | 0.2925 |  0.3653 |
+------------+--------+--------+--------+--------+---------+]
2024-10-04 14:45:23,721 INFO    : Report Result:
+----------+--------------------+-----------+--------------+--------------+---------------+
| Snapshot |        Time        | Whole_MRR | Whole_Hits@1 | Whole_Hits@3 | Whole_Hits@10 |
+----------+--------------------+-----------+--------------+--------------+---------------+
|    0     | 91.97513961791992  |   0.244   |     0.14     |    0.287     |     0.447     |
|    1     | 63.484052658081055 |   0.234   |    0.134     |    0.273     |     0.428     |
|    2     | 86.14351034164429  |   0.227   |    0.131     |    0.264     |     0.414     |
|    3     | 36.08201003074646  |   0.222   |    0.129     |    0.258     |     0.404     |
|    4     | 63.539881467819214 |   0.221   |    0.129     |    0.256     |      0.4      |
+----------+--------------------+-----------+--------------+--------------+---------------+
2024-10-04 14:45:23,721 INFO    : Sum_Training_Time:341.22459411621094
2024-10-04 14:45:23,721 INFO    : Every_Training_Time:[91.97513961791992, 63.484052658081055, 86.14351034164429, 36.08201003074646, 63.539881467819214]
2024-10-04 14:45:23,721 INFO    : Forward transfer: 0.147425 Backward transfer: 0.0
