2024-10-08 09:53:43,904 INFO    : Namespace(batch_size='1024', data_path='./data/WN_CKGE/', dataset='WN_CKGE', debug=False, device=device(type='cuda', index=0), emb_dim=200, ent_r='200', epoch_num=200, explore=False, gpu='0', l2=0.0, learning_rate='2e-1', log_path='./logs/WN_CKGE 200 5 2e-1 1024/WN_CKGE 20241008095339', logger=<RootLogger root (INFO)>, margin=8.0, model_name='LoraKGE_Layers', multi_layers_path='train_sorted_by_edges_betweenness.txt', neg_ratio=10, note='', num_ent_layers='5', num_layer=1, num_rel_layers='1', patience=3, predict_result='True', r=100, r_fixed=True, random_seed=3407, record=False, rel_r='20', save_path='./checkpoint/WN_CKGE', skip_previous='False', snapshot_num=5, train_new=True, using_multi_layers=False, using_various_ranks='True', using_various_ranks_reverse=False, valid_metrics='mrr')
2024-10-08 09:53:55,627 INFO    : Snapshot:0	0	3	Epoch:0	Loss:43.873	MRR:0.82	Hits@10:1.92	Best:0.82
2024-10-08 09:54:07,062 INFO    : Snapshot:0	0	3	Epoch:1	Loss:28.425	MRR:2.42	Hits@10:6.33	Best:2.42
2024-10-08 09:54:18,713 INFO    : Snapshot:0	0	3	Epoch:2	Loss:16.858	MRR:9.07	Hits@10:21.52	Best:9.07
2024-10-08 09:54:30,633 INFO    : Snapshot:0	0	3	Epoch:3	Loss:10.631	MRR:12.21	Hits@10:27.73	Best:12.21
2024-10-08 09:54:42,414 INFO    : Snapshot:0	0	3	Epoch:4	Loss:7.432	MRR:13.39	Hits@10:29.97	Best:13.39
2024-10-08 09:54:54,237 INFO    : Snapshot:0	0	3	Epoch:5	Loss:5.584	MRR:14.12	Hits@10:31.38	Best:14.12
2024-10-08 09:55:06,005 INFO    : Snapshot:0	0	3	Epoch:6	Loss:4.378	MRR:14.57	Hits@10:32.16	Best:14.57
2024-10-08 09:55:18,491 INFO    : Snapshot:0	0	3	Epoch:7	Loss:3.481	MRR:14.86	Hits@10:32.57	Best:14.86
2024-10-08 09:55:30,384 INFO    : Snapshot:0	0	3	Epoch:8	Loss:2.775	MRR:15.13	Hits@10:33.16	Best:15.13
2024-10-08 09:55:42,859 INFO    : Snapshot:0	0	3	Epoch:9	Loss:2.249	MRR:15.4	Hits@10:33.64	Best:15.4
2024-10-08 09:55:55,361 INFO    : Snapshot:0	0	3	Epoch:10	Loss:1.809	MRR:15.58	Hits@10:34.25	Best:15.58
2024-10-08 09:56:07,270 INFO    : Snapshot:0	0	3	Epoch:11	Loss:1.471	MRR:15.79	Hits@10:34.65	Best:15.79
2024-10-08 09:56:18,883 INFO    : Snapshot:0	0	3	Epoch:12	Loss:1.231	MRR:15.98	Hits@10:35.04	Best:15.98
2024-10-08 09:56:31,191 INFO    : Snapshot:0	0	3	Epoch:13	Loss:1.003	MRR:16.17	Hits@10:35.6	Best:16.17
2024-10-08 09:56:42,800 INFO    : Snapshot:0	0	3	Epoch:14	Loss:0.852	MRR:16.37	Hits@10:36.0	Best:16.37
2024-10-08 09:56:54,043 INFO    : Snapshot:0	0	3	Epoch:15	Loss:0.715	MRR:16.55	Hits@10:36.19	Best:16.55
2024-10-08 09:57:05,264 INFO    : Snapshot:0	0	3	Epoch:16	Loss:0.595	MRR:16.81	Hits@10:36.74	Best:16.81
2024-10-08 09:57:16,602 INFO    : Snapshot:0	0	3	Epoch:17	Loss:0.499	MRR:16.83	Hits@10:36.97	Best:16.83
2024-10-08 09:57:28,200 INFO    : Snapshot:0	0	3	Epoch:18	Loss:0.408	MRR:16.93	Hits@10:37.23	Best:16.93
2024-10-08 09:57:39,961 INFO    : Snapshot:0	0	3	Epoch:19	Loss:0.343	MRR:17.0	Hits@10:37.68	Best:17.0
2024-10-08 09:57:51,516 INFO    : Snapshot:0	1	3	Epoch:20	Loss:0.284	MRR:16.95	Hits@10:37.81	Best:17.0
2024-10-08 09:58:02,855 INFO    : Snapshot:0	0	3	Epoch:21	Loss:0.252	MRR:17.02	Hits@10:37.85	Best:17.02
2024-10-08 09:58:14,503 INFO    : Snapshot:0	1	3	Epoch:22	Loss:0.228	MRR:17.0	Hits@10:38.01	Best:17.02
2024-10-08 09:58:26,061 INFO    : Snapshot:0	0	3	Epoch:23	Loss:0.193	MRR:17.06	Hits@10:38.26	Best:17.06
2024-10-08 09:58:37,494 INFO    : Snapshot:0	0	3	Epoch:24	Loss:0.178	MRR:17.12	Hits@10:38.45	Best:17.12
2024-10-08 09:58:48,866 INFO    : Snapshot:0	1	3	Epoch:25	Loss:0.16	MRR:17.08	Hits@10:38.38	Best:17.12
2024-10-08 09:59:00,455 INFO    : Snapshot:0	2	3	Epoch:26	Loss:0.149	MRR:17.09	Hits@10:38.57	Best:17.12
2024-10-08 09:59:11,698 INFO    : Snapshot:0	0	3	Epoch:27	Loss:0.136	MRR:17.13	Hits@10:38.9	Best:17.13
2024-10-08 09:59:22,878 INFO    : Snapshot:0	1	3	Epoch:28	Loss:0.137	MRR:17.13	Hits@10:39.09	Best:17.13
2024-10-08 09:59:34,594 INFO    : Snapshot:0	0	3	Epoch:29	Loss:0.13	MRR:17.16	Hits@10:39.22	Best:17.16
2024-10-08 09:59:46,497 INFO    : Snapshot:0	1	3	Epoch:30	Loss:0.12	MRR:17.16	Hits@10:39.24	Best:17.16
2024-10-08 09:59:58,905 INFO    : Snapshot:0	2	3	Epoch:31	Loss:0.118	MRR:17.16	Hits@10:39.45	Best:17.16
2024-10-08 10:00:10,269 INFO    : Snapshot:0	0	3	Epoch:32	Loss:0.112	MRR:17.2	Hits@10:39.4	Best:17.2
2024-10-08 10:00:22,055 INFO    : Snapshot:0	1	3	Epoch:33	Loss:0.113	MRR:17.15	Hits@10:39.7	Best:17.2
2024-10-08 10:00:33,932 INFO    : Snapshot:0	0	3	Epoch:34	Loss:0.111	MRR:17.23	Hits@10:39.72	Best:17.23
2024-10-08 10:00:45,086 INFO    : Snapshot:0	0	3	Epoch:35	Loss:0.105	MRR:17.26	Hits@10:39.75	Best:17.26
2024-10-08 10:00:56,445 INFO    : Snapshot:0	1	3	Epoch:36	Loss:0.108	MRR:17.23	Hits@10:39.89	Best:17.26
2024-10-08 10:01:08,395 INFO    : Snapshot:0	2	3	Epoch:37	Loss:0.101	MRR:17.23	Hits@10:39.83	Best:17.26
2024-10-08 10:01:19,864 INFO    : Snapshot:0	0	3	Epoch:38	Loss:0.104	MRR:17.29	Hits@10:40.03	Best:17.29
2024-10-08 10:01:31,312 INFO    : Snapshot:0	1	3	Epoch:39	Loss:0.101	MRR:17.23	Hits@10:40.13	Best:17.29
2024-10-08 10:01:42,928 INFO    : Snapshot:0	0	3	Epoch:40	Loss:0.099	MRR:17.36	Hits@10:40.34	Best:17.36
2024-10-08 10:01:54,884 INFO    : Snapshot:0	1	3	Epoch:41	Loss:0.098	MRR:17.3	Hits@10:40.15	Best:17.36
2024-10-08 10:02:07,801 INFO    : Snapshot:0	2	3	Epoch:42	Loss:0.097	MRR:17.26	Hits@10:40.34	Best:17.36
2024-10-08 10:02:19,536 INFO    : Early Stopping! Snapshot:0 Epoch: 43 Best Results: 17.36
2024-10-08 10:02:19,585 INFO    : => loading checkpoint './checkpoint/WN_CKGE\0model_best.tar'
2024-10-08 10:02:31,794 INFO    : 
+------------+--------+--------+--------+--------+---------+
| Snapshot:0 |  MRR   | Hits@1 | Hits@3 | Hits@5 | Hits@10 |
+------------+--------+--------+--------+--------+---------+
|     0      | 0.1751 | 0.0109 | 0.3144 | 0.3552 |  0.4036 |
+------------+--------+--------+--------+--------+---------+
2024-10-08 10:02:52,702 INFO    : Snapshot:1	0	3	Epoch:0	Loss:6.139	MRR:7.03	Hits@10:18.79	Best:7.03
2024-10-08 10:03:01,778 INFO    : Snapshot:1	0	3	Epoch:1	Loss:2.368	MRR:10.67	Hits@10:27.1	Best:10.67
2024-10-08 10:03:10,718 INFO    : Snapshot:1	0	3	Epoch:2	Loss:1.026	MRR:12.4	Hits@10:30.38	Best:12.4
2024-10-08 10:03:19,692 INFO    : Snapshot:1	0	3	Epoch:3	Loss:0.603	MRR:13.28	Hits@10:31.96	Best:13.28
2024-10-08 10:03:28,697 INFO    : Snapshot:1	0	3	Epoch:4	Loss:0.425	MRR:13.47	Hits@10:32.55	Best:13.47
2024-10-08 10:03:37,707 INFO    : Snapshot:1	0	3	Epoch:5	Loss:0.334	MRR:13.67	Hits@10:33.2	Best:13.67
2024-10-08 10:03:46,695 INFO    : Snapshot:1	0	3	Epoch:6	Loss:0.287	MRR:13.73	Hits@10:33.06	Best:13.73
2024-10-08 10:03:55,687 INFO    : Snapshot:1	0	3	Epoch:7	Loss:0.262	MRR:13.93	Hits@10:33.41	Best:13.93
2024-10-08 10:04:04,647 INFO    : Snapshot:1	0	3	Epoch:8	Loss:0.241	MRR:14.06	Hits@10:33.63	Best:14.06
2024-10-08 10:04:13,707 INFO    : Snapshot:1	0	3	Epoch:9	Loss:0.227	MRR:14.07	Hits@10:33.71	Best:14.07
2024-10-08 10:04:22,726 INFO    : Snapshot:1	0	3	Epoch:10	Loss:0.218	MRR:14.11	Hits@10:33.49	Best:14.11
2024-10-08 10:04:31,877 INFO    : Snapshot:1	0	3	Epoch:11	Loss:0.208	MRR:14.19	Hits@10:33.84	Best:14.19
2024-10-08 10:04:40,949 INFO    : Snapshot:1	0	3	Epoch:12	Loss:0.202	MRR:14.2	Hits@10:34.11	Best:14.2
2024-10-08 10:04:49,889 INFO    : Snapshot:1	1	3	Epoch:13	Loss:0.195	MRR:14.19	Hits@10:33.82	Best:14.2
2024-10-08 10:04:58,887 INFO    : Snapshot:1	0	3	Epoch:14	Loss:0.193	MRR:14.21	Hits@10:34.09	Best:14.21
2024-10-08 10:05:08,158 INFO    : Snapshot:1	0	3	Epoch:15	Loss:0.184	MRR:14.28	Hits@10:34.01	Best:14.28
2024-10-08 10:05:17,246 INFO    : Snapshot:1	1	3	Epoch:16	Loss:0.183	MRR:14.21	Hits@10:33.95	Best:14.28
2024-10-08 10:05:26,323 INFO    : Snapshot:1	2	3	Epoch:17	Loss:0.179	MRR:14.28	Hits@10:33.95	Best:14.28
2024-10-08 10:05:35,414 INFO    : Snapshot:1	0	3	Epoch:18	Loss:0.181	MRR:14.32	Hits@10:34.17	Best:14.32
2024-10-08 10:05:44,536 INFO    : Snapshot:1	0	3	Epoch:19	Loss:0.18	MRR:14.33	Hits@10:34.06	Best:14.33
2024-10-08 10:05:53,913 INFO    : Snapshot:1	1	3	Epoch:20	Loss:0.173	MRR:14.26	Hits@10:34.09	Best:14.33
2024-10-08 10:06:03,014 INFO    : Snapshot:1	2	3	Epoch:21	Loss:0.176	MRR:14.28	Hits@10:34.06	Best:14.33
2024-10-08 10:06:12,141 INFO    : Early Stopping! Snapshot:1 Epoch: 22 Best Results: 14.33
2024-10-08 10:06:12,181 INFO    : => loading checkpoint './checkpoint/WN_CKGE\1model_best.tar'
2024-10-08 10:06:34,188 INFO    : 
+------------+--------+--------+--------+--------+---------+
| Snapshot:1 |  MRR   | Hits@1 | Hits@3 | Hits@5 | Hits@10 |
+------------+--------+--------+--------+--------+---------+
|     0      | 0.1751 | 0.0109 | 0.3144 | 0.3552 |  0.4036 |
|     1      | 0.1448 | 0.0108 | 0.2487 | 0.2962 |  0.3409 |
+------------+--------+--------+--------+--------+---------+
2024-10-08 10:07:14,281 INFO    : Snapshot:2	0	3	Epoch:0	Loss:6.109	MRR:6.51	Hits@10:17.15	Best:6.51
2024-10-08 10:07:31,252 INFO    : Snapshot:2	0	3	Epoch:1	Loss:2.265	MRR:9.86	Hits@10:24.89	Best:9.86
2024-10-08 10:07:47,511 INFO    : Snapshot:2	0	3	Epoch:2	Loss:0.932	MRR:11.68	Hits@10:27.9	Best:11.68
2024-10-08 10:08:03,865 INFO    : Snapshot:2	0	3	Epoch:3	Loss:0.54	MRR:12.4	Hits@10:29.14	Best:12.4
2024-10-08 10:08:20,167 INFO    : Snapshot:2	0	3	Epoch:4	Loss:0.384	MRR:12.7	Hits@10:30.03	Best:12.7
2024-10-08 10:08:37,374 INFO    : Snapshot:2	0	3	Epoch:5	Loss:0.299	MRR:12.88	Hits@10:30.03	Best:12.88
2024-10-08 10:08:54,204 INFO    : Snapshot:2	0	3	Epoch:6	Loss:0.26	MRR:13.06	Hits@10:30.22	Best:13.06
2024-10-08 10:09:11,233 INFO    : Snapshot:2	0	3	Epoch:7	Loss:0.228	MRR:13.22	Hits@10:30.43	Best:13.22
2024-10-08 10:09:27,604 INFO    : Snapshot:2	0	3	Epoch:8	Loss:0.211	MRR:13.33	Hits@10:30.62	Best:13.33
2024-10-08 10:09:44,271 INFO    : Snapshot:2	1	3	Epoch:9	Loss:0.203	MRR:13.32	Hits@10:30.75	Best:13.33
2024-10-08 10:10:01,900 INFO    : Snapshot:2	0	3	Epoch:10	Loss:0.19	MRR:13.34	Hits@10:30.59	Best:13.34
2024-10-08 10:10:19,544 INFO    : Snapshot:2	0	3	Epoch:11	Loss:0.185	MRR:13.38	Hits@10:30.54	Best:13.38
2024-10-08 10:10:36,858 INFO    : Snapshot:2	0	3	Epoch:12	Loss:0.177	MRR:13.42	Hits@10:30.62	Best:13.42
2024-10-08 10:10:54,689 INFO    : Snapshot:2	1	3	Epoch:13	Loss:0.172	MRR:13.39	Hits@10:30.73	Best:13.42
2024-10-08 10:11:12,459 INFO    : Snapshot:2	2	3	Epoch:14	Loss:0.165	MRR:13.29	Hits@10:30.56	Best:13.42
2024-10-08 10:11:29,673 INFO    : Early Stopping! Snapshot:2 Epoch: 15 Best Results: 13.42
2024-10-08 10:11:29,720 INFO    : => loading checkpoint './checkpoint/WN_CKGE\2model_best.tar'
2024-10-08 10:12:12,735 INFO    : 
+------------+--------+--------+--------+--------+---------+
| Snapshot:2 |  MRR   | Hits@1 | Hits@3 | Hits@5 | Hits@10 |
+------------+--------+--------+--------+--------+---------+
|     0      | 0.1751 | 0.0109 | 0.3144 | 0.3552 |  0.4036 |
|     1      | 0.1448 | 0.0108 | 0.2487 | 0.2962 |  0.3409 |
|     2      | 0.1404 | 0.0124 | 0.2414 | 0.2828 |  0.325  |
+------------+--------+--------+--------+--------+---------+
2024-10-08 10:12:56,496 INFO    : Snapshot:3	0	3	Epoch:0	Loss:6.102	MRR:5.45	Hits@10:14.52	Best:5.45
2024-10-08 10:13:16,089 INFO    : Snapshot:3	0	3	Epoch:1	Loss:2.249	MRR:9.45	Hits@10:23.82	Best:9.45
2024-10-08 10:13:35,669 INFO    : Snapshot:3	0	3	Epoch:2	Loss:0.917	MRR:11.14	Hits@10:26.75	Best:11.14
2024-10-08 10:13:54,315 INFO    : Snapshot:3	0	3	Epoch:3	Loss:0.527	MRR:11.98	Hits@10:28.06	Best:11.98
2024-10-08 10:14:12,706 INFO    : Snapshot:3	0	3	Epoch:4	Loss:0.379	MRR:12.48	Hits@10:28.68	Best:12.48
2024-10-08 10:14:30,909 INFO    : Snapshot:3	0	3	Epoch:5	Loss:0.296	MRR:12.64	Hits@10:28.98	Best:12.64
2024-10-08 10:14:49,131 INFO    : Snapshot:3	0	3	Epoch:6	Loss:0.256	MRR:12.82	Hits@10:28.95	Best:12.82
2024-10-08 10:15:08,277 INFO    : Snapshot:3	1	3	Epoch:7	Loss:0.224	MRR:12.77	Hits@10:29.33	Best:12.82
2024-10-08 10:15:26,741 INFO    : Snapshot:3	2	3	Epoch:8	Loss:0.207	MRR:12.81	Hits@10:29.3	Best:12.82
2024-10-08 10:15:45,590 INFO    : Snapshot:3	0	3	Epoch:9	Loss:0.195	MRR:12.93	Hits@10:29.44	Best:12.93
2024-10-08 10:16:03,694 INFO    : Snapshot:3	1	3	Epoch:10	Loss:0.191	MRR:12.89	Hits@10:29.54	Best:12.93
2024-10-08 10:16:21,620 INFO    : Snapshot:3	0	3	Epoch:11	Loss:0.181	MRR:12.97	Hits@10:29.73	Best:12.97
2024-10-08 10:16:39,527 INFO    : Snapshot:3	1	3	Epoch:12	Loss:0.186	MRR:12.9	Hits@10:29.68	Best:12.97
2024-10-08 10:16:57,441 INFO    : Snapshot:3	2	3	Epoch:13	Loss:0.174	MRR:12.95	Hits@10:29.33	Best:12.97
2024-10-08 10:17:15,608 INFO    : Snapshot:3	0	3	Epoch:14	Loss:0.169	MRR:13.01	Hits@10:29.54	Best:13.01
2024-10-08 10:17:34,611 INFO    : Snapshot:3	1	3	Epoch:15	Loss:0.165	MRR:12.97	Hits@10:29.84	Best:13.01
2024-10-08 10:17:53,157 INFO    : Snapshot:3	0	3	Epoch:16	Loss:0.162	MRR:13.06	Hits@10:29.54	Best:13.06
2024-10-08 10:18:12,599 INFO    : Snapshot:3	1	3	Epoch:17	Loss:0.156	MRR:13.06	Hits@10:29.65	Best:13.06
2024-10-08 10:18:31,146 INFO    : Snapshot:3	2	3	Epoch:18	Loss:0.158	MRR:13.0	Hits@10:29.78	Best:13.06
2024-10-08 10:18:50,009 INFO    : Snapshot:3	0	3	Epoch:19	Loss:0.163	MRR:13.15	Hits@10:29.62	Best:13.15
2024-10-08 10:19:08,464 INFO    : Snapshot:3	0	3	Epoch:20	Loss:0.154	MRR:13.2	Hits@10:29.65	Best:13.2
2024-10-08 10:19:27,423 INFO    : Snapshot:3	1	3	Epoch:21	Loss:0.148	MRR:13.12	Hits@10:29.65	Best:13.2
2024-10-08 10:19:45,883 INFO    : Snapshot:3	2	3	Epoch:22	Loss:0.152	MRR:13.12	Hits@10:29.7	Best:13.2
2024-10-08 10:20:03,974 INFO    : Early Stopping! Snapshot:3 Epoch: 23 Best Results: 13.2
2024-10-08 10:20:04,024 INFO    : => loading checkpoint './checkpoint/WN_CKGE\3model_best.tar'
2024-10-08 10:21:00,921 INFO    : 
+------------+--------+--------+--------+--------+---------+
| Snapshot:3 |  MRR   | Hits@1 | Hits@3 | Hits@5 | Hits@10 |
+------------+--------+--------+--------+--------+---------+
|     0      | 0.1751 | 0.0109 | 0.3144 | 0.3552 |  0.4036 |
|     1      | 0.1448 | 0.0108 | 0.2487 | 0.2962 |  0.3409 |
|     2      | 0.1404 | 0.0124 | 0.2414 | 0.2828 |  0.325  |
|     3      | 0.134  | 0.0108 | 0.2323 | 0.2677 |  0.3108 |
+------------+--------+--------+--------+--------+---------+
2024-10-08 10:21:11,305 INFO    : Snapshot:4	0	3	Epoch:0	Loss:6.023	MRR:10.96	Hits@10:25.62	Best:10.96
2024-10-08 10:21:14,509 INFO    : Snapshot:4	0	3	Epoch:1	Loss:2.074	MRR:12.37	Hits@10:28.55	Best:12.37
2024-10-08 10:21:17,602 INFO    : Snapshot:4	0	3	Epoch:2	Loss:0.803	MRR:13.17	Hits@10:29.57	Best:13.17
2024-10-08 10:21:20,709 INFO    : Snapshot:4	0	3	Epoch:3	Loss:0.458	MRR:13.41	Hits@10:29.87	Best:13.41
2024-10-08 10:21:23,997 INFO    : Snapshot:4	0	3	Epoch:4	Loss:0.325	MRR:13.54	Hits@10:30.35	Best:13.54
2024-10-08 10:21:27,127 INFO    : Snapshot:4	0	3	Epoch:5	Loss:0.268	MRR:13.64	Hits@10:30.38	Best:13.64
2024-10-08 10:21:30,455 INFO    : Snapshot:4	0	3	Epoch:6	Loss:0.233	MRR:13.67	Hits@10:30.56	Best:13.67
2024-10-08 10:21:33,639 INFO    : Snapshot:4	0	3	Epoch:7	Loss:0.207	MRR:13.75	Hits@10:30.54	Best:13.75
2024-10-08 10:21:36,973 INFO    : Snapshot:4	0	3	Epoch:8	Loss:0.198	MRR:13.79	Hits@10:30.54	Best:13.79
2024-10-08 10:21:40,359 INFO    : Snapshot:4	0	3	Epoch:9	Loss:0.186	MRR:13.82	Hits@10:30.54	Best:13.82
2024-10-08 10:21:43,602 INFO    : Snapshot:4	0	3	Epoch:10	Loss:0.177	MRR:13.83	Hits@10:30.59	Best:13.83
2024-10-08 10:21:46,731 INFO    : Snapshot:4	1	3	Epoch:11	Loss:0.174	MRR:13.76	Hits@10:30.7	Best:13.83
2024-10-08 10:21:49,972 INFO    : Snapshot:4	2	3	Epoch:12	Loss:0.164	MRR:13.83	Hits@10:30.67	Best:13.83
2024-10-08 10:21:53,183 INFO    : Early Stopping! Snapshot:4 Epoch: 13 Best Results: 13.83
2024-10-08 10:21:53,217 INFO    : => loading checkpoint './checkpoint/WN_CKGE\4model_best.tar'
2024-10-08 10:22:18,136 INFO    : 
+------------+--------+--------+--------+--------+---------+
| Snapshot:4 |  MRR   | Hits@1 | Hits@3 | Hits@5 | Hits@10 |
+------------+--------+--------+--------+--------+---------+
|     0      | 0.1751 | 0.0109 | 0.3144 | 0.3552 |  0.4036 |
|     1      | 0.1448 | 0.0108 | 0.2487 | 0.2962 |  0.3409 |
|     2      | 0.1404 | 0.0124 | 0.2414 | 0.2828 |  0.325  |
|     3      | 0.134  | 0.0108 | 0.2323 | 0.2677 |  0.3108 |
|     4      | 0.1452 | 0.0102 | 0.2622 | 0.2902 |  0.3243 |
+------------+--------+--------+--------+--------+---------+
2024-10-08 10:22:18,137 INFO    : Final Result:
[+------------+--------+--------+--------+--------+---------+
| Snapshot:0 |  MRR   | Hits@1 | Hits@3 | Hits@5 | Hits@10 |
+------------+--------+--------+--------+--------+---------+
|     0      | 0.1751 | 0.0109 | 0.3144 | 0.3552 |  0.4036 |
+------------+--------+--------+--------+--------+---------+, +------------+--------+--------+--------+--------+---------+
| Snapshot:1 |  MRR   | Hits@1 | Hits@3 | Hits@5 | Hits@10 |
+------------+--------+--------+--------+--------+---------+
|     0      | 0.1751 | 0.0109 | 0.3144 | 0.3552 |  0.4036 |
|     1      | 0.1448 | 0.0108 | 0.2487 | 0.2962 |  0.3409 |
+------------+--------+--------+--------+--------+---------+, +------------+--------+--------+--------+--------+---------+
| Snapshot:2 |  MRR   | Hits@1 | Hits@3 | Hits@5 | Hits@10 |
+------------+--------+--------+--------+--------+---------+
|     0      | 0.1751 | 0.0109 | 0.3144 | 0.3552 |  0.4036 |
|     1      | 0.1448 | 0.0108 | 0.2487 | 0.2962 |  0.3409 |
|     2      | 0.1404 | 0.0124 | 0.2414 | 0.2828 |  0.325  |
+------------+--------+--------+--------+--------+---------+, +------------+--------+--------+--------+--------+---------+
| Snapshot:3 |  MRR   | Hits@1 | Hits@3 | Hits@5 | Hits@10 |
+------------+--------+--------+--------+--------+---------+
|     0      | 0.1751 | 0.0109 | 0.3144 | 0.3552 |  0.4036 |
|     1      | 0.1448 | 0.0108 | 0.2487 | 0.2962 |  0.3409 |
|     2      | 0.1404 | 0.0124 | 0.2414 | 0.2828 |  0.325  |
|     3      | 0.134  | 0.0108 | 0.2323 | 0.2677 |  0.3108 |
+------------+--------+--------+--------+--------+---------+, +------------+--------+--------+--------+--------+---------+
| Snapshot:4 |  MRR   | Hits@1 | Hits@3 | Hits@5 | Hits@10 |
+------------+--------+--------+--------+--------+---------+
|     0      | 0.1751 | 0.0109 | 0.3144 | 0.3552 |  0.4036 |
|     1      | 0.1448 | 0.0108 | 0.2487 | 0.2962 |  0.3409 |
|     2      | 0.1404 | 0.0124 | 0.2414 | 0.2828 |  0.325  |
|     3      | 0.134  | 0.0108 | 0.2323 | 0.2677 |  0.3108 |
|     4      | 0.1452 | 0.0102 | 0.2622 | 0.2902 |  0.3243 |
+------------+--------+--------+--------+--------+---------+]
2024-10-08 10:22:18,138 INFO    : Report Result:
+----------+--------------------+-----------+--------------+--------------+---------------+
| Snapshot |        Time        | Whole_MRR | Whole_Hits@1 | Whole_Hits@3 | Whole_Hits@10 |
+----------+--------------------+-----------+--------------+--------------+---------------+
|    0     | 515.6329071521759  |   0.175   |    0.011     |    0.314     |     0.404     |
|    1     | 209.08482551574707 |   0.171   |    0.011     |    0.305     |     0.395     |
|    2     | 273.4215016365051  |   0.167   |    0.011     |    0.297     |     0.386     |
|    3     | 447.91305208206177 |   0.163   |    0.011     |     0.29     |     0.378     |
|    4     | 45.68918037414551  |   0.161   |    0.011     |    0.287     |     0.372     |
+----------+--------------------+-----------+--------------+--------------+---------------+
2024-10-08 10:22:18,138 INFO    : Sum_Training_Time:1491.7414667606354
2024-10-08 10:22:18,138 INFO    : Every_Training_Time:[515.6329071521759, 209.08482551574707, 273.4215016365051, 447.91305208206177, 45.68918037414551]
2024-10-08 10:22:18,138 INFO    : Forward transfer: 0.060075 Backward transfer: 0.0
