2025-01-13 20:43:31,464 INFO    : Namespace(batch_size=1024, data_path='./data/RELATION/', dataset='RELATION', debug=False, device=device(type='cuda', index=0), emb_dim=200, ent_r='200', epoch_num=200, explore=False, gpu='0', l2=0.0, learning_rate='1e-1', log_path='./logs/RELATION 200 10 1e-1 1024/RELATION 20250113204322', logger=<RootLogger root (INFO)>, margin=8.0, model_name='LoraKGE_Layers', multi_layers_path='train_sorted_by_edges_betweenness.txt', neg_ratio=10, note='', num_ent_layers='10', num_layer=1, num_rel_layers='1', patience='10', predict_result=False, r=100, r_fixed=True, random_seed=3407, record=False, rel_r='200', save_path='./checkpoint/RELATION', skip_previous='False', snapshot_num=5, train_new=True, using_multi_layers=False, using_various_ranks='True', using_various_ranks_reverse=False, valid_metrics='mrr')
2025-01-13 20:43:44,624 INFO    : Snapshot:0	0	10	Epoch:0	Loss:57.452	MRR:20.09	Hits@10:35.74	Best:20.09
2025-01-13 20:43:55,644 INFO    : Snapshot:0	0	10	Epoch:1	Loss:26.117	MRR:26.0	Hits@10:44.87	Best:26.0
2025-01-13 20:44:06,647 INFO    : Snapshot:0	0	10	Epoch:2	Loss:10.775	MRR:27.25	Hits@10:46.91	Best:27.25
2025-01-13 20:44:18,056 INFO    : Snapshot:0	0	10	Epoch:3	Loss:5.621	MRR:27.39	Hits@10:46.91	Best:27.39
2025-01-13 20:44:29,326 INFO    : Snapshot:0	1	10	Epoch:4	Loss:3.84	MRR:27.31	Hits@10:46.89	Best:27.39
2025-01-13 20:44:40,509 INFO    : Snapshot:0	2	10	Epoch:5	Loss:3.078	MRR:27.03	Hits@10:47.05	Best:27.39
2025-01-13 20:44:51,553 INFO    : Snapshot:0	3	10	Epoch:6	Loss:2.585	MRR:27.09	Hits@10:46.65	Best:27.39
2025-01-13 20:45:02,649 INFO    : Snapshot:0	4	10	Epoch:7	Loss:2.335	MRR:26.74	Hits@10:46.22	Best:27.39
2025-01-13 20:45:15,191 INFO    : Snapshot:0	5	10	Epoch:8	Loss:2.136	MRR:26.69	Hits@10:45.84	Best:27.39
2025-01-13 20:45:26,325 INFO    : Snapshot:0	6	10	Epoch:9	Loss:1.988	MRR:26.33	Hits@10:45.71	Best:27.39
2025-01-13 20:45:37,757 INFO    : Snapshot:0	7	10	Epoch:10	Loss:1.852	MRR:26.03	Hits@10:45.45	Best:27.39
2025-01-13 20:45:48,728 INFO    : Snapshot:0	8	10	Epoch:11	Loss:1.786	MRR:25.82	Hits@10:45.16	Best:27.39
2025-01-13 20:45:59,729 INFO    : Snapshot:0	9	10	Epoch:12	Loss:1.692	MRR:25.78	Hits@10:45.02	Best:27.39
2025-01-13 20:46:10,758 INFO    : Early Stopping! Snapshot:0 Epoch: 13 Best Results: 27.39
2025-01-13 20:46:10,858 INFO    : => loading checkpoint './checkpoint/RELATION\0model_best.tar'
2025-01-13 20:46:18,189 INFO    : 
+------------+--------+--------+--------+--------+---------+
| Snapshot:0 |  MRR   | Hits@1 | Hits@3 | Hits@5 | Hits@10 |
+------------+--------+--------+--------+--------+---------+
|     0      | 0.2767 | 0.1708 | 0.3381 | 0.4057 |  0.4728 |
+------------+--------+--------+--------+--------+---------+
2025-01-13 20:46:42,646 INFO    : Snapshot:1	0	10	Epoch:0	Loss:30.925	MRR:9.58	Hits@10:20.0	Best:9.58
2025-01-13 20:46:55,550 INFO    : Snapshot:1	0	10	Epoch:1	Loss:22.103	MRR:9.91	Hits@10:20.47	Best:9.91
2025-01-13 20:47:08,542 INFO    : Snapshot:1	0	10	Epoch:2	Loss:21.503	MRR:10.18	Hits@10:20.99	Best:10.18
2025-01-13 20:47:21,479 INFO    : Snapshot:1	0	10	Epoch:3	Loss:21.191	MRR:10.62	Hits@10:21.59	Best:10.62
2025-01-13 20:47:34,780 INFO    : Snapshot:1	0	10	Epoch:4	Loss:20.977	MRR:10.8	Hits@10:21.83	Best:10.8
2025-01-13 20:47:47,738 INFO    : Snapshot:1	0	10	Epoch:5	Loss:20.783	MRR:11.11	Hits@10:22.32	Best:11.11
2025-01-13 20:48:00,521 INFO    : Snapshot:1	1	10	Epoch:6	Loss:20.599	MRR:10.94	Hits@10:22.38	Best:11.11
2025-01-13 20:48:13,317 INFO    : Snapshot:1	2	10	Epoch:7	Loss:20.526	MRR:11.02	Hits@10:22.58	Best:11.11
2025-01-13 20:48:26,323 INFO    : Snapshot:1	3	10	Epoch:8	Loss:20.389	MRR:10.96	Hits@10:22.66	Best:11.11
2025-01-13 20:48:39,415 INFO    : Snapshot:1	0	10	Epoch:9	Loss:20.276	MRR:11.12	Hits@10:22.69	Best:11.12
2025-01-13 20:48:52,483 INFO    : Snapshot:1	1	10	Epoch:10	Loss:20.256	MRR:11.09	Hits@10:22.64	Best:11.12
2025-01-13 20:49:05,760 INFO    : Snapshot:1	0	10	Epoch:11	Loss:20.188	MRR:11.17	Hits@10:22.62	Best:11.17
2025-01-13 20:49:18,684 INFO    : Snapshot:1	1	10	Epoch:12	Loss:20.114	MRR:11.06	Hits@10:22.88	Best:11.17
2025-01-13 20:49:31,431 INFO    : Snapshot:1	0	10	Epoch:13	Loss:20.127	MRR:11.26	Hits@10:22.78	Best:11.26
2025-01-13 20:49:44,265 INFO    : Snapshot:1	1	10	Epoch:14	Loss:20.072	MRR:11.2	Hits@10:22.71	Best:11.26
2025-01-13 20:49:57,094 INFO    : Snapshot:1	2	10	Epoch:15	Loss:20.038	MRR:11.2	Hits@10:22.69	Best:11.26
2025-01-13 20:50:09,933 INFO    : Snapshot:1	3	10	Epoch:16	Loss:20.03	MRR:11.08	Hits@10:22.58	Best:11.26
2025-01-13 20:50:23,059 INFO    : Snapshot:1	4	10	Epoch:17	Loss:19.99	MRR:11.25	Hits@10:22.74	Best:11.26
2025-01-13 20:50:36,122 INFO    : Snapshot:1	0	10	Epoch:18	Loss:19.956	MRR:11.35	Hits@10:22.9	Best:11.35
2025-01-13 20:50:48,854 INFO    : Snapshot:1	1	10	Epoch:19	Loss:19.945	MRR:11.23	Hits@10:22.74	Best:11.35
2025-01-13 20:51:02,041 INFO    : Snapshot:1	0	10	Epoch:20	Loss:19.921	MRR:11.36	Hits@10:22.92	Best:11.36
2025-01-13 20:51:15,043 INFO    : Snapshot:1	0	10	Epoch:21	Loss:19.905	MRR:11.37	Hits@10:23.06	Best:11.37
2025-01-13 20:51:27,893 INFO    : Snapshot:1	1	10	Epoch:22	Loss:19.866	MRR:11.29	Hits@10:23.01	Best:11.37
2025-01-13 20:51:40,741 INFO    : Snapshot:1	2	10	Epoch:23	Loss:19.896	MRR:11.36	Hits@10:23.11	Best:11.37
2025-01-13 20:51:53,553 INFO    : Snapshot:1	3	10	Epoch:24	Loss:19.876	MRR:11.31	Hits@10:22.78	Best:11.37
2025-01-13 20:52:06,401 INFO    : Snapshot:1	4	10	Epoch:25	Loss:19.815	MRR:11.32	Hits@10:22.98	Best:11.37
2025-01-13 20:52:19,309 INFO    : Snapshot:1	0	10	Epoch:26	Loss:19.82	MRR:11.49	Hits@10:23.07	Best:11.49
2025-01-13 20:52:32,298 INFO    : Snapshot:1	1	10	Epoch:27	Loss:19.824	MRR:11.24	Hits@10:22.87	Best:11.49
2025-01-13 20:52:45,471 INFO    : Snapshot:1	2	10	Epoch:28	Loss:19.783	MRR:11.4	Hits@10:23.0	Best:11.49
2025-01-13 20:52:58,422 INFO    : Snapshot:1	3	10	Epoch:29	Loss:19.81	MRR:11.4	Hits@10:23.0	Best:11.49
2025-01-13 20:53:11,330 INFO    : Snapshot:1	4	10	Epoch:30	Loss:19.805	MRR:11.43	Hits@10:23.05	Best:11.49
2025-01-13 20:53:24,301 INFO    : Snapshot:1	5	10	Epoch:31	Loss:19.767	MRR:11.4	Hits@10:23.16	Best:11.49
2025-01-13 20:53:37,328 INFO    : Snapshot:1	6	10	Epoch:32	Loss:19.762	MRR:11.4	Hits@10:22.96	Best:11.49
2025-01-13 20:53:50,172 INFO    : Snapshot:1	0	10	Epoch:33	Loss:19.739	MRR:11.54	Hits@10:23.17	Best:11.54
2025-01-13 20:54:02,979 INFO    : Snapshot:1	1	10	Epoch:34	Loss:19.79	MRR:11.54	Hits@10:23.0	Best:11.54
2025-01-13 20:54:15,902 INFO    : Snapshot:1	0	10	Epoch:35	Loss:19.763	MRR:11.64	Hits@10:23.1	Best:11.64
2025-01-13 20:54:28,962 INFO    : Snapshot:1	1	10	Epoch:36	Loss:19.719	MRR:11.52	Hits@10:23.19	Best:11.64
2025-01-13 20:54:42,308 INFO    : Snapshot:1	2	10	Epoch:37	Loss:19.728	MRR:11.37	Hits@10:22.93	Best:11.64
2025-01-13 20:54:55,369 INFO    : Snapshot:1	0	10	Epoch:38	Loss:19.751	MRR:11.65	Hits@10:23.18	Best:11.65
2025-01-13 20:55:08,370 INFO    : Snapshot:1	1	10	Epoch:39	Loss:19.757	MRR:11.61	Hits@10:23.4	Best:11.65
2025-01-13 20:55:21,308 INFO    : Snapshot:1	0	10	Epoch:40	Loss:19.784	MRR:11.68	Hits@10:23.22	Best:11.68
2025-01-13 20:55:34,165 INFO    : Snapshot:1	1	10	Epoch:41	Loss:19.653	MRR:11.61	Hits@10:23.3	Best:11.68
2025-01-13 20:55:46,985 INFO    : Snapshot:1	2	10	Epoch:42	Loss:19.683	MRR:11.52	Hits@10:23.35	Best:11.68
2025-01-13 20:55:59,798 INFO    : Snapshot:1	3	10	Epoch:43	Loss:19.704	MRR:11.49	Hits@10:23.21	Best:11.68
2025-01-13 20:56:12,712 INFO    : Snapshot:1	4	10	Epoch:44	Loss:19.71	MRR:11.47	Hits@10:23.06	Best:11.68
2025-01-13 20:56:26,045 INFO    : Snapshot:1	5	10	Epoch:45	Loss:19.742	MRR:11.43	Hits@10:23.18	Best:11.68
2025-01-13 20:56:39,134 INFO    : Snapshot:1	6	10	Epoch:46	Loss:19.67	MRR:11.54	Hits@10:23.17	Best:11.68
2025-01-13 20:56:51,921 INFO    : Snapshot:1	7	10	Epoch:47	Loss:19.684	MRR:11.6	Hits@10:23.34	Best:11.68
2025-01-13 20:57:04,886 INFO    : Snapshot:1	8	10	Epoch:48	Loss:19.684	MRR:11.59	Hits@10:23.4	Best:11.68
2025-01-13 20:57:17,791 INFO    : Snapshot:1	9	10	Epoch:49	Loss:19.646	MRR:11.57	Hits@10:23.32	Best:11.68
2025-01-13 20:57:30,731 INFO    : Early Stopping! Snapshot:1 Epoch: 50 Best Results: 11.68
2025-01-13 20:57:30,833 INFO    : => loading checkpoint './checkpoint/RELATION\1model_best.tar'
2025-01-13 20:57:46,506 INFO    : 
+------------+--------+--------+--------+--------+---------+
| Snapshot:1 |  MRR   | Hits@1 | Hits@3 | Hits@5 | Hits@10 |
+------------+--------+--------+--------+--------+---------+
|     0      | 0.2767 | 0.1708 | 0.3381 | 0.4057 |  0.4728 |
|     1      | 0.1172 | 0.0567 | 0.1364 | 0.1752 |  0.2305 |
+------------+--------+--------+--------+--------+---------+
2025-01-13 20:58:04,926 INFO    : Snapshot:2	0	10	Epoch:0	Loss:23.854	MRR:9.26	Hits@10:14.41	Best:9.26
2025-01-13 20:58:14,371 INFO    : Snapshot:2	0	10	Epoch:1	Loss:19.08	MRR:9.73	Hits@10:15.33	Best:9.73
2025-01-13 20:58:23,930 INFO    : Snapshot:2	0	10	Epoch:2	Loss:18.78	MRR:9.85	Hits@10:15.57	Best:9.85
2025-01-13 20:58:33,393 INFO    : Snapshot:2	0	10	Epoch:3	Loss:18.659	MRR:9.99	Hits@10:15.91	Best:9.99
2025-01-13 20:58:42,848 INFO    : Snapshot:2	1	10	Epoch:4	Loss:18.581	MRR:9.9	Hits@10:15.99	Best:9.99
2025-01-13 20:58:52,331 INFO    : Snapshot:2	2	10	Epoch:5	Loss:18.569	MRR:9.88	Hits@10:15.79	Best:9.99
2025-01-13 20:59:02,099 INFO    : Snapshot:2	0	10	Epoch:6	Loss:18.507	MRR:10.03	Hits@10:16.26	Best:10.03
2025-01-13 20:59:11,569 INFO    : Snapshot:2	0	10	Epoch:7	Loss:18.482	MRR:10.06	Hits@10:16.22	Best:10.06
2025-01-13 20:59:21,067 INFO    : Snapshot:2	0	10	Epoch:8	Loss:18.448	MRR:10.13	Hits@10:16.29	Best:10.13
2025-01-13 20:59:30,601 INFO    : Snapshot:2	1	10	Epoch:9	Loss:18.444	MRR:10.03	Hits@10:16.11	Best:10.13
2025-01-13 20:59:40,166 INFO    : Snapshot:2	0	10	Epoch:10	Loss:18.429	MRR:10.36	Hits@10:16.53	Best:10.36
2025-01-13 20:59:49,645 INFO    : Snapshot:2	1	10	Epoch:11	Loss:18.404	MRR:10.23	Hits@10:16.22	Best:10.36
2025-01-13 20:59:58,995 INFO    : Snapshot:2	2	10	Epoch:12	Loss:18.413	MRR:10.28	Hits@10:16.41	Best:10.36
2025-01-13 21:00:08,433 INFO    : Snapshot:2	3	10	Epoch:13	Loss:18.407	MRR:10.21	Hits@10:16.33	Best:10.36
2025-01-13 21:00:17,928 INFO    : Snapshot:2	4	10	Epoch:14	Loss:18.387	MRR:10.2	Hits@10:16.66	Best:10.36
2025-01-13 21:00:27,545 INFO    : Snapshot:2	5	10	Epoch:15	Loss:18.375	MRR:10.35	Hits@10:16.5	Best:10.36
2025-01-13 21:00:37,139 INFO    : Snapshot:2	6	10	Epoch:16	Loss:18.368	MRR:10.21	Hits@10:16.37	Best:10.36
2025-01-13 21:00:46,682 INFO    : Snapshot:2	0	10	Epoch:17	Loss:18.376	MRR:10.38	Hits@10:16.77	Best:10.38
2025-01-13 21:00:56,413 INFO    : Snapshot:2	1	10	Epoch:18	Loss:18.378	MRR:10.32	Hits@10:16.53	Best:10.38
2025-01-13 21:01:06,020 INFO    : Snapshot:2	0	10	Epoch:19	Loss:18.356	MRR:10.47	Hits@10:16.55	Best:10.47
2025-01-13 21:01:15,495 INFO    : Snapshot:2	1	10	Epoch:20	Loss:18.352	MRR:10.36	Hits@10:16.6	Best:10.47
2025-01-13 21:01:24,886 INFO    : Snapshot:2	2	10	Epoch:21	Loss:18.359	MRR:10.38	Hits@10:16.51	Best:10.47
2025-01-13 21:01:34,372 INFO    : Snapshot:2	3	10	Epoch:22	Loss:18.352	MRR:10.4	Hits@10:16.67	Best:10.47
2025-01-13 21:01:43,796 INFO    : Snapshot:2	4	10	Epoch:23	Loss:18.339	MRR:10.32	Hits@10:16.38	Best:10.47
2025-01-13 21:01:53,241 INFO    : Snapshot:2	5	10	Epoch:24	Loss:18.345	MRR:10.35	Hits@10:16.56	Best:10.47
2025-01-13 21:02:02,638 INFO    : Snapshot:2	6	10	Epoch:25	Loss:18.342	MRR:10.4	Hits@10:16.51	Best:10.47
2025-01-13 21:02:12,045 INFO    : Snapshot:2	7	10	Epoch:26	Loss:18.34	MRR:10.35	Hits@10:16.26	Best:10.47
2025-01-13 21:02:21,517 INFO    : Snapshot:2	8	10	Epoch:27	Loss:18.322	MRR:10.44	Hits@10:16.63	Best:10.47
2025-01-13 21:02:31,051 INFO    : Snapshot:2	0	10	Epoch:28	Loss:18.328	MRR:10.48	Hits@10:16.76	Best:10.48
2025-01-13 21:02:40,508 INFO    : Snapshot:2	1	10	Epoch:29	Loss:18.345	MRR:10.42	Hits@10:16.4	Best:10.48
2025-01-13 21:02:50,192 INFO    : Snapshot:2	2	10	Epoch:30	Loss:18.314	MRR:10.48	Hits@10:16.67	Best:10.48
2025-01-13 21:02:59,641 INFO    : Snapshot:2	3	10	Epoch:31	Loss:18.307	MRR:10.47	Hits@10:16.7	Best:10.48
2025-01-13 21:03:09,088 INFO    : Snapshot:2	4	10	Epoch:32	Loss:18.282	MRR:10.48	Hits@10:16.54	Best:10.48
2025-01-13 21:03:18,474 INFO    : Snapshot:2	5	10	Epoch:33	Loss:18.298	MRR:10.32	Hits@10:16.64	Best:10.48
2025-01-13 21:03:27,897 INFO    : Snapshot:2	6	10	Epoch:34	Loss:18.32	MRR:10.45	Hits@10:16.43	Best:10.48
2025-01-13 21:03:37,416 INFO    : Snapshot:2	7	10	Epoch:35	Loss:18.323	MRR:10.48	Hits@10:16.57	Best:10.48
2025-01-13 21:03:46,851 INFO    : Snapshot:2	0	10	Epoch:36	Loss:18.279	MRR:10.49	Hits@10:16.7	Best:10.49
2025-01-13 21:03:56,207 INFO    : Snapshot:2	1	10	Epoch:37	Loss:18.301	MRR:10.49	Hits@10:16.54	Best:10.49
2025-01-13 21:04:05,626 INFO    : Snapshot:2	0	10	Epoch:38	Loss:18.305	MRR:10.61	Hits@10:16.71	Best:10.61
2025-01-13 21:04:15,071 INFO    : Snapshot:2	1	10	Epoch:39	Loss:18.284	MRR:10.51	Hits@10:16.65	Best:10.61
2025-01-13 21:04:24,609 INFO    : Snapshot:2	2	10	Epoch:40	Loss:18.271	MRR:10.49	Hits@10:16.71	Best:10.61
2025-01-13 21:04:34,042 INFO    : Snapshot:2	3	10	Epoch:41	Loss:18.309	MRR:10.48	Hits@10:16.57	Best:10.61
2025-01-13 21:04:43,676 INFO    : Snapshot:2	4	10	Epoch:42	Loss:18.282	MRR:10.56	Hits@10:16.73	Best:10.61
2025-01-13 21:04:53,154 INFO    : Snapshot:2	5	10	Epoch:43	Loss:18.265	MRR:10.52	Hits@10:16.69	Best:10.61
2025-01-13 21:05:02,579 INFO    : Snapshot:2	6	10	Epoch:44	Loss:18.268	MRR:10.6	Hits@10:16.76	Best:10.61
2025-01-13 21:05:12,088 INFO    : Snapshot:2	7	10	Epoch:45	Loss:18.295	MRR:10.51	Hits@10:16.72	Best:10.61
2025-01-13 21:05:21,618 INFO    : Snapshot:2	8	10	Epoch:46	Loss:18.287	MRR:10.57	Hits@10:16.86	Best:10.61
2025-01-13 21:05:31,025 INFO    : Snapshot:2	9	10	Epoch:47	Loss:18.265	MRR:10.58	Hits@10:16.72	Best:10.61
2025-01-13 21:05:40,544 INFO    : Early Stopping! Snapshot:2 Epoch: 48 Best Results: 10.61
2025-01-13 21:05:40,649 INFO    : => loading checkpoint './checkpoint/RELATION\2model_best.tar'
2025-01-13 21:06:02,587 INFO    : 
+------------+--------+--------+--------+--------+---------+
| Snapshot:2 |  MRR   | Hits@1 | Hits@3 | Hits@5 | Hits@10 |
+------------+--------+--------+--------+--------+---------+
|     0      | 0.2767 | 0.1708 | 0.3381 | 0.4057 |  0.4728 |
|     1      | 0.1172 | 0.0567 | 0.1364 | 0.1752 |  0.2305 |
|     2      | 0.1034 | 0.0677 | 0.1054 | 0.1262 |  0.162  |
+------------+--------+--------+--------+--------+---------+
2025-01-13 21:06:12,625 INFO    : Snapshot:3	0	10	Epoch:0	Loss:11.697	MRR:16.34	Hits@10:23.62	Best:16.34
2025-01-13 21:06:17,026 INFO    : Snapshot:3	0	10	Epoch:1	Loss:7.278	MRR:18.01	Hits@10:26.72	Best:18.01
2025-01-13 21:06:21,427 INFO    : Snapshot:3	0	10	Epoch:2	Loss:6.884	MRR:18.29	Hits@10:27.55	Best:18.29
2025-01-13 21:06:25,820 INFO    : Snapshot:3	1	10	Epoch:3	Loss:6.74	MRR:17.79	Hits@10:27.58	Best:18.29
2025-01-13 21:06:30,178 INFO    : Snapshot:3	2	10	Epoch:4	Loss:6.669	MRR:15.91	Hits@10:27.58	Best:18.29
2025-01-13 21:06:34,652 INFO    : Snapshot:3	3	10	Epoch:5	Loss:6.626	MRR:16.28	Hits@10:27.77	Best:18.29
2025-01-13 21:06:39,037 INFO    : Snapshot:3	4	10	Epoch:6	Loss:6.555	MRR:16.52	Hits@10:27.98	Best:18.29
2025-01-13 21:06:43,440 INFO    : Snapshot:3	5	10	Epoch:7	Loss:6.555	MRR:17.35	Hits@10:28.18	Best:18.29
2025-01-13 21:06:47,848 INFO    : Snapshot:3	6	10	Epoch:8	Loss:6.526	MRR:16.93	Hits@10:28.55	Best:18.29
2025-01-13 21:06:52,186 INFO    : Snapshot:3	7	10	Epoch:9	Loss:6.511	MRR:16.69	Hits@10:28.0	Best:18.29
2025-01-13 21:06:56,624 INFO    : Snapshot:3	8	10	Epoch:10	Loss:6.507	MRR:17.75	Hits@10:28.67	Best:18.29
2025-01-13 21:07:01,020 INFO    : Snapshot:3	9	10	Epoch:11	Loss:6.469	MRR:18.18	Hits@10:28.31	Best:18.29
2025-01-13 21:07:05,428 INFO    : Early Stopping! Snapshot:3 Epoch: 12 Best Results: 18.29
2025-01-13 21:07:05,533 INFO    : => loading checkpoint './checkpoint/RELATION\3model_best.tar'
2025-01-13 21:07:30,619 INFO    : 
+------------+--------+--------+--------+--------+---------+
| Snapshot:3 |  MRR   | Hits@1 | Hits@3 | Hits@5 | Hits@10 |
+------------+--------+--------+--------+--------+---------+
|     0      | 0.2767 | 0.1708 | 0.3381 | 0.4057 |  0.4728 |
|     1      | 0.1172 | 0.0567 | 0.1364 | 0.1752 |  0.2305 |
|     2      | 0.1034 | 0.0677 | 0.1054 | 0.1262 |  0.162  |
|     3      | 0.1791 | 0.1274 | 0.1892 | 0.2272 |  0.2781 |
+------------+--------+--------+--------+--------+---------+
2025-01-13 21:08:04,426 INFO    : Snapshot:4	0	10	Epoch:0	Loss:10.234	MRR:12.03	Hits@10:21.38	Best:12.03
2025-01-13 21:08:19,950 INFO    : Snapshot:4	0	10	Epoch:1	Loss:7.184	MRR:13.19	Hits@10:23.17	Best:13.19
2025-01-13 21:08:35,514 INFO    : Snapshot:4	0	10	Epoch:2	Loss:6.91	MRR:13.6	Hits@10:23.86	Best:13.6
2025-01-13 21:08:51,055 INFO    : Snapshot:4	0	10	Epoch:3	Loss:6.809	MRR:13.84	Hits@10:24.21	Best:13.84
2025-01-13 21:09:06,561 INFO    : Snapshot:4	1	10	Epoch:4	Loss:6.759	MRR:13.81	Hits@10:24.69	Best:13.84
2025-01-13 21:09:22,095 INFO    : Snapshot:4	0	10	Epoch:5	Loss:6.705	MRR:14.0	Hits@10:24.59	Best:14.0
2025-01-13 21:09:37,618 INFO    : Snapshot:4	1	10	Epoch:6	Loss:6.747	MRR:13.8	Hits@10:24.57	Best:14.0
2025-01-13 21:09:53,103 INFO    : Snapshot:4	2	10	Epoch:7	Loss:6.684	MRR:13.99	Hits@10:24.84	Best:14.0
2025-01-13 21:10:08,599 INFO    : Snapshot:4	3	10	Epoch:8	Loss:6.68	MRR:13.99	Hits@10:24.88	Best:14.0
2025-01-13 21:10:24,127 INFO    : Snapshot:4	4	10	Epoch:9	Loss:6.688	MRR:13.82	Hits@10:24.81	Best:14.0
2025-01-13 21:10:39,639 INFO    : Snapshot:4	5	10	Epoch:10	Loss:6.653	MRR:14.0	Hits@10:24.89	Best:14.0
2025-01-13 21:10:55,174 INFO    : Snapshot:4	6	10	Epoch:11	Loss:6.652	MRR:13.89	Hits@10:25.06	Best:14.0
2025-01-13 21:11:10,698 INFO    : Snapshot:4	0	10	Epoch:12	Loss:6.657	MRR:14.05	Hits@10:25.23	Best:14.05
2025-01-13 21:11:26,271 INFO    : Snapshot:4	0	10	Epoch:13	Loss:6.66	MRR:14.08	Hits@10:25.14	Best:14.08
2025-01-13 21:11:41,792 INFO    : Snapshot:4	0	10	Epoch:14	Loss:6.617	MRR:14.13	Hits@10:24.94	Best:14.13
2025-01-13 21:11:57,266 INFO    : Snapshot:4	1	10	Epoch:15	Loss:6.636	MRR:14.06	Hits@10:24.87	Best:14.13
2025-01-13 21:12:12,770 INFO    : Snapshot:4	0	10	Epoch:16	Loss:6.641	MRR:14.16	Hits@10:24.98	Best:14.16
2025-01-13 21:12:28,342 INFO    : Snapshot:4	0	10	Epoch:17	Loss:6.628	MRR:14.18	Hits@10:24.83	Best:14.18
2025-01-13 21:12:43,863 INFO    : Snapshot:4	1	10	Epoch:18	Loss:6.626	MRR:14.04	Hits@10:24.87	Best:14.18
2025-01-13 21:12:59,393 INFO    : Snapshot:4	2	10	Epoch:19	Loss:6.624	MRR:13.98	Hits@10:25.25	Best:14.18
2025-01-13 21:13:14,969 INFO    : Snapshot:4	0	10	Epoch:20	Loss:6.613	MRR:14.37	Hits@10:25.06	Best:14.37
2025-01-13 21:13:30,486 INFO    : Snapshot:4	1	10	Epoch:21	Loss:6.609	MRR:14.08	Hits@10:24.89	Best:14.37
2025-01-13 21:13:45,993 INFO    : Snapshot:4	2	10	Epoch:22	Loss:6.647	MRR:13.97	Hits@10:25.12	Best:14.37
2025-01-13 21:14:01,446 INFO    : Snapshot:4	3	10	Epoch:23	Loss:6.606	MRR:13.94	Hits@10:25.11	Best:14.37
2025-01-13 21:14:16,975 INFO    : Snapshot:4	4	10	Epoch:24	Loss:6.612	MRR:14.19	Hits@10:25.06	Best:14.37
2025-01-13 21:14:32,527 INFO    : Snapshot:4	5	10	Epoch:25	Loss:6.615	MRR:13.87	Hits@10:25.05	Best:14.37
2025-01-13 21:14:48,054 INFO    : Snapshot:4	6	10	Epoch:26	Loss:6.583	MRR:14.14	Hits@10:25.45	Best:14.37
2025-01-13 21:15:03,775 INFO    : Snapshot:4	7	10	Epoch:27	Loss:6.602	MRR:13.93	Hits@10:25.24	Best:14.37
2025-01-13 21:15:19,284 INFO    : Snapshot:4	8	10	Epoch:28	Loss:6.59	MRR:13.87	Hits@10:25.03	Best:14.37
2025-01-13 21:15:34,774 INFO    : Snapshot:4	9	10	Epoch:29	Loss:6.623	MRR:14.03	Hits@10:24.92	Best:14.37
2025-01-13 21:15:50,305 INFO    : Early Stopping! Snapshot:4 Epoch: 30 Best Results: 14.37
2025-01-13 21:15:50,419 INFO    : => loading checkpoint './checkpoint/RELATION\4model_best.tar'
2025-01-13 21:16:29,992 INFO    : 
+------------+--------+--------+--------+--------+---------+
| Snapshot:4 |  MRR   | Hits@1 | Hits@3 | Hits@5 | Hits@10 |
+------------+--------+--------+--------+--------+---------+
|     0      | 0.2767 | 0.1708 | 0.3381 | 0.4057 |  0.4728 |
|     1      | 0.1172 | 0.0567 | 0.1364 | 0.1752 |  0.2305 |
|     2      | 0.1034 | 0.0677 | 0.1054 | 0.1262 |  0.162  |
|     3      | 0.1791 | 0.1274 | 0.1892 | 0.2272 |  0.2781 |
|     4      | 0.135  | 0.079  | 0.1404 | 0.1794 |  0.2423 |
+------------+--------+--------+--------+--------+---------+
2025-01-13 21:16:29,992 INFO    : Final Result:
[+------------+--------+--------+--------+--------+---------+
| Snapshot:0 |  MRR   | Hits@1 | Hits@3 | Hits@5 | Hits@10 |
+------------+--------+--------+--------+--------+---------+
|     0      | 0.2767 | 0.1708 | 0.3381 | 0.4057 |  0.4728 |
+------------+--------+--------+--------+--------+---------+, +------------+--------+--------+--------+--------+---------+
| Snapshot:1 |  MRR   | Hits@1 | Hits@3 | Hits@5 | Hits@10 |
+------------+--------+--------+--------+--------+---------+
|     0      | 0.2767 | 0.1708 | 0.3381 | 0.4057 |  0.4728 |
|     1      | 0.1172 | 0.0567 | 0.1364 | 0.1752 |  0.2305 |
+------------+--------+--------+--------+--------+---------+, +------------+--------+--------+--------+--------+---------+
| Snapshot:2 |  MRR   | Hits@1 | Hits@3 | Hits@5 | Hits@10 |
+------------+--------+--------+--------+--------+---------+
|     0      | 0.2767 | 0.1708 | 0.3381 | 0.4057 |  0.4728 |
|     1      | 0.1172 | 0.0567 | 0.1364 | 0.1752 |  0.2305 |
|     2      | 0.1034 | 0.0677 | 0.1054 | 0.1262 |  0.162  |
+------------+--------+--------+--------+--------+---------+, +------------+--------+--------+--------+--------+---------+
| Snapshot:3 |  MRR   | Hits@1 | Hits@3 | Hits@5 | Hits@10 |
+------------+--------+--------+--------+--------+---------+
|     0      | 0.2767 | 0.1708 | 0.3381 | 0.4057 |  0.4728 |
|     1      | 0.1172 | 0.0567 | 0.1364 | 0.1752 |  0.2305 |
|     2      | 0.1034 | 0.0677 | 0.1054 | 0.1262 |  0.162  |
|     3      | 0.1791 | 0.1274 | 0.1892 | 0.2272 |  0.2781 |
+------------+--------+--------+--------+--------+---------+, +------------+--------+--------+--------+--------+---------+
| Snapshot:4 |  MRR   | Hits@1 | Hits@3 | Hits@5 | Hits@10 |
+------------+--------+--------+--------+--------+---------+
|     0      | 0.2767 | 0.1708 | 0.3381 | 0.4057 |  0.4728 |
|     1      | 0.1172 | 0.0567 | 0.1364 | 0.1752 |  0.2305 |
|     2      | 0.1034 | 0.0677 | 0.1054 | 0.1262 |  0.162  |
|     3      | 0.1791 | 0.1274 | 0.1892 | 0.2272 |  0.2781 |
|     4      | 0.135  | 0.079  | 0.1404 | 0.1794 |  0.2423 |
+------------+--------+--------+--------+--------+---------+]
2025-01-13 21:16:29,992 INFO    : Report Result:
+----------+--------------------+-----------+--------------+--------------+---------------+
| Snapshot |        Time        | Whole_MRR | Whole_Hits@1 | Whole_Hits@3 | Whole_Hits@10 |
+----------+--------------------+-----------+--------------+--------------+---------------+
|    0     | 159.29428148269653 |   0.277   |    0.171     |    0.338     |     0.473     |
|    1     | 664.3214268684387  |   0.199   |    0.115     |     0.24     |     0.355     |
|    2     | 467.8940420150757  |   0.175   |    0.103     |    0.206     |     0.306     |
|    3     | 59.637298583984375 |   0.175   |    0.106     |    0.204     |     0.303     |
|    4     | 484.3996801376343  |   0.172   |    0.104     |    0.199     |     0.299     |
+----------+--------------------+-----------+--------------+--------------+---------------+
2025-01-13 21:16:29,992 INFO    : Sum_Training_Time:1835.5467290878296
2025-01-13 21:16:29,992 INFO    : Every_Training_Time:[159.29428148269653, 664.3214268684387, 467.8940420150757, 59.637298583984375, 484.3996801376343]
2025-01-13 21:16:29,992 INFO    : Forward transfer: 0.0121 Backward transfer: 0.0
