2024-12-30 12:40:52,942 INFO    : Namespace(batch_size=1024, data_path='./data/FB_CKGE/', dataset='FB_CKGE', debug=False, device=device(type='cuda', index=0), emb_dim=200, ent_r='200', epoch_num=200, explore=False, gpu='0', l2=0.0, learning_rate='1e-1', log_path='./logs/FB_CKGE 200 30 1e-1 1024/FB_CKGE 20241230124042', logger=<RootLogger root (INFO)>, margin=8.0, model_name='LoraKGE_Layers', multi_layers_path='train_sorted_by_edges_betweenness.txt', neg_ratio=10, note='', num_ent_layers='30', num_layer=1, num_rel_layers='1', patience=3, predict_result=False, r=100, r_fixed=True, random_seed=3407, record=False, rel_r='20', save_path='./checkpoint/FB_CKGE', skip_previous='False', snapshot_num=5, train_new=True, using_multi_layers=False, using_various_ranks='True', using_various_ranks_reverse=False, valid_metrics='mrr')
2024-12-30 12:41:12,508 INFO    : Snapshot:0	0	3	Epoch:0	Loss:91.268	MRR:22.64	Hits@10:42.62	Best:22.64
2024-12-30 12:41:29,049 INFO    : Snapshot:0	0	3	Epoch:1	Loss:17.198	MRR:24.74	Hits@10:45.16	Best:24.74
2024-12-30 12:41:45,356 INFO    : Snapshot:0	1	3	Epoch:2	Loss:7.016	MRR:23.93	Hits@10:44.13	Best:24.74
2024-12-30 12:42:02,316 INFO    : Snapshot:0	2	3	Epoch:3	Loss:4.7	MRR:23.72	Hits@10:43.5	Best:24.74
2024-12-30 12:42:20,003 INFO    : Early Stopping! Snapshot:0 Epoch: 4 Best Results: 24.74
2024-12-30 12:42:20,116 INFO    : => loading checkpoint './checkpoint/FB_CKGE\0model_best.tar'
2024-12-30 12:42:29,063 INFO    : 
+------------+-------+--------+--------+--------+---------+
| Snapshot:0 |  MRR  | Hits@1 | Hits@3 | Hits@5 | Hits@10 |
+------------+-------+--------+--------+--------+---------+
|     0      | 0.246 | 0.1419 | 0.2865 |  0.36  |  0.452  |
+------------+-------+--------+--------+--------+---------+
2024-12-30 12:42:39,991 INFO    : Snapshot:1	0	3	Epoch:0	Loss:10.386	MRR:11.38	Hits@10:20.91	Best:11.38
2024-12-30 12:42:44,625 INFO    : Snapshot:1	0	3	Epoch:1	Loss:2.83	MRR:13.09	Hits@10:24.9	Best:13.09
2024-12-30 12:42:49,261 INFO    : Snapshot:1	0	3	Epoch:2	Loss:1.931	MRR:14.17	Hits@10:26.68	Best:14.17
2024-12-30 12:42:53,960 INFO    : Snapshot:1	0	3	Epoch:3	Loss:1.553	MRR:14.88	Hits@10:28.2	Best:14.88
2024-12-30 12:42:58,516 INFO    : Snapshot:1	0	3	Epoch:4	Loss:1.372	MRR:15.23	Hits@10:28.6	Best:15.23
2024-12-30 12:43:03,104 INFO    : Snapshot:1	0	3	Epoch:5	Loss:1.19	MRR:15.45	Hits@10:29.1	Best:15.45
2024-12-30 12:43:07,644 INFO    : Snapshot:1	0	3	Epoch:6	Loss:1.095	MRR:15.78	Hits@10:29.84	Best:15.78
2024-12-30 12:43:12,134 INFO    : Snapshot:1	1	3	Epoch:7	Loss:1.0	MRR:15.68	Hits@10:29.75	Best:15.78
2024-12-30 12:43:16,661 INFO    : Snapshot:1	0	3	Epoch:8	Loss:0.962	MRR:15.84	Hits@10:29.67	Best:15.84
2024-12-30 12:43:21,231 INFO    : Snapshot:1	0	3	Epoch:9	Loss:0.889	MRR:16.08	Hits@10:29.93	Best:16.08
2024-12-30 12:43:25,814 INFO    : Snapshot:1	0	3	Epoch:10	Loss:0.863	MRR:16.16	Hits@10:30.2	Best:16.16
2024-12-30 12:43:30,392 INFO    : Snapshot:1	0	3	Epoch:11	Loss:0.822	MRR:16.22	Hits@10:30.66	Best:16.22
2024-12-30 12:43:34,890 INFO    : Snapshot:1	1	3	Epoch:12	Loss:0.798	MRR:16.0	Hits@10:30.64	Best:16.22
2024-12-30 12:43:39,335 INFO    : Snapshot:1	2	3	Epoch:13	Loss:0.767	MRR:16.22	Hits@10:30.78	Best:16.22
2024-12-30 12:43:43,863 INFO    : Early Stopping! Snapshot:1 Epoch: 14 Best Results: 16.22
2024-12-30 12:43:43,972 INFO    : => loading checkpoint './checkpoint/FB_CKGE\1model_best.tar'
2024-12-30 12:43:57,357 INFO    : 
+------------+--------+--------+--------+--------+---------+
| Snapshot:1 |  MRR   | Hits@1 | Hits@3 | Hits@5 | Hits@10 |
+------------+--------+--------+--------+--------+---------+
|     0      | 0.246  | 0.1419 | 0.2865 |  0.36  |  0.452  |
|     1      | 0.1702 | 0.0999 | 0.1878 | 0.2361 |  0.308  |
+------------+--------+--------+--------+--------+---------+
2024-12-30 12:44:08,366 INFO    : Snapshot:2	0	3	Epoch:0	Loss:7.256	MRR:16.72	Hits@10:30.15	Best:16.72
2024-12-30 12:44:13,418 INFO    : Snapshot:2	0	3	Epoch:1	Loss:3.036	MRR:17.06	Hits@10:30.72	Best:17.06
2024-12-30 12:44:18,419 INFO    : Snapshot:2	0	3	Epoch:2	Loss:2.546	MRR:17.15	Hits@10:30.84	Best:17.15
2024-12-30 12:44:23,476 INFO    : Snapshot:2	0	3	Epoch:3	Loss:2.344	MRR:17.22	Hits@10:31.11	Best:17.22
2024-12-30 12:44:28,511 INFO    : Snapshot:2	0	3	Epoch:4	Loss:2.228	MRR:17.23	Hits@10:31.15	Best:17.23
2024-12-30 12:44:33,475 INFO    : Snapshot:2	1	3	Epoch:5	Loss:2.156	MRR:17.23	Hits@10:31.03	Best:17.23
2024-12-30 12:44:38,407 INFO    : Snapshot:2	0	3	Epoch:6	Loss:2.122	MRR:17.31	Hits@10:31.23	Best:17.31
2024-12-30 12:44:43,476 INFO    : Snapshot:2	1	3	Epoch:7	Loss:2.069	MRR:17.3	Hits@10:31.22	Best:17.31
2024-12-30 12:44:48,500 INFO    : Snapshot:2	0	3	Epoch:8	Loss:2.038	MRR:17.36	Hits@10:31.24	Best:17.36
2024-12-30 12:44:53,356 INFO    : Snapshot:2	1	3	Epoch:9	Loss:1.997	MRR:17.34	Hits@10:31.29	Best:17.36
2024-12-30 12:44:58,164 INFO    : Snapshot:2	0	3	Epoch:10	Loss:1.969	MRR:17.58	Hits@10:31.51	Best:17.58
2024-12-30 12:45:03,136 INFO    : Snapshot:2	1	3	Epoch:11	Loss:1.947	MRR:17.49	Hits@10:31.49	Best:17.58
2024-12-30 12:45:08,033 INFO    : Snapshot:2	2	3	Epoch:12	Loss:1.937	MRR:17.45	Hits@10:31.44	Best:17.58
2024-12-30 12:45:12,921 INFO    : Early Stopping! Snapshot:2 Epoch: 13 Best Results: 17.58
2024-12-30 12:45:13,033 INFO    : => loading checkpoint './checkpoint/FB_CKGE\2model_best.tar'
2024-12-30 12:45:29,290 INFO    : 
+------------+--------+--------+--------+--------+---------+
| Snapshot:2 |  MRR   | Hits@1 | Hits@3 | Hits@5 | Hits@10 |
+------------+--------+--------+--------+--------+---------+
|     0      | 0.246  | 0.1419 | 0.2865 |  0.36  |  0.452  |
|     1      | 0.1702 | 0.0999 | 0.1878 | 0.2361 |  0.308  |
|     2      | 0.1762 | 0.1048 | 0.1972 | 0.2442 |  0.3158 |
+------------+--------+--------+--------+--------+---------+
2024-12-30 12:45:41,081 INFO    : Snapshot:3	0	3	Epoch:0	Loss:5.083	MRR:18.49	Hits@10:32.39	Best:18.49
2024-12-30 12:45:46,357 INFO    : Snapshot:3	0	3	Epoch:1	Loss:3.183	MRR:18.57	Hits@10:32.5	Best:18.57
2024-12-30 12:45:51,629 INFO    : Snapshot:3	0	3	Epoch:2	Loss:2.924	MRR:18.6	Hits@10:32.54	Best:18.6
2024-12-30 12:45:56,922 INFO    : Snapshot:3	0	3	Epoch:3	Loss:2.836	MRR:18.62	Hits@10:32.67	Best:18.62
2024-12-30 12:46:02,148 INFO    : Snapshot:3	1	3	Epoch:4	Loss:2.791	MRR:18.61	Hits@10:32.61	Best:18.62
2024-12-30 12:46:07,376 INFO    : Snapshot:3	2	3	Epoch:5	Loss:2.737	MRR:18.57	Hits@10:32.58	Best:18.62
2024-12-30 12:46:12,665 INFO    : Early Stopping! Snapshot:3 Epoch: 6 Best Results: 18.62
2024-12-30 12:46:12,775 INFO    : => loading checkpoint './checkpoint/FB_CKGE\3model_best.tar'
2024-12-30 12:46:32,503 INFO    : 
+------------+--------+--------+--------+--------+---------+
| Snapshot:3 |  MRR   | Hits@1 | Hits@3 | Hits@5 | Hits@10 |
+------------+--------+--------+--------+--------+---------+
|     0      | 0.246  | 0.1419 | 0.2865 |  0.36  |  0.452  |
|     1      | 0.1702 | 0.0999 | 0.1878 | 0.2361 |  0.308  |
|     2      | 0.1762 | 0.1048 | 0.1972 | 0.2442 |  0.3158 |
|     3      | 0.1842 | 0.1152 | 0.2041 | 0.2502 |  0.3184 |
+------------+--------+--------+--------+--------+---------+
2024-12-30 12:46:44,728 INFO    : Snapshot:4	0	3	Epoch:0	Loss:3.921	MRR:19.47	Hits@10:32.4	Best:19.47
2024-12-30 12:46:50,040 INFO    : Snapshot:4	0	3	Epoch:1	Loss:3.284	MRR:19.51	Hits@10:32.43	Best:19.51
2024-12-30 12:46:55,387 INFO    : Snapshot:4	0	3	Epoch:2	Loss:3.185	MRR:19.54	Hits@10:32.45	Best:19.54
2024-12-30 12:47:00,820 INFO    : Snapshot:4	1	3	Epoch:3	Loss:3.175	MRR:19.51	Hits@10:32.5	Best:19.54
2024-12-30 12:47:06,309 INFO    : Snapshot:4	2	3	Epoch:4	Loss:3.157	MRR:19.5	Hits@10:32.44	Best:19.54
2024-12-30 12:47:11,733 INFO    : Early Stopping! Snapshot:4 Epoch: 5 Best Results: 19.54
2024-12-30 12:47:11,847 INFO    : => loading checkpoint './checkpoint/FB_CKGE\4model_best.tar'
2024-12-30 12:47:35,015 INFO    : 
+------------+--------+--------+--------+--------+---------+
| Snapshot:4 |  MRR   | Hits@1 | Hits@3 | Hits@5 | Hits@10 |
+------------+--------+--------+--------+--------+---------+
|     0      | 0.246  | 0.1419 | 0.2865 |  0.36  |  0.452  |
|     1      | 0.1702 | 0.0999 | 0.1878 | 0.2361 |  0.308  |
|     2      | 0.1762 | 0.1048 | 0.1972 | 0.2442 |  0.3158 |
|     3      | 0.1842 | 0.1152 | 0.2041 | 0.2502 |  0.3184 |
|     4      | 0.2145 | 0.1336 | 0.2442 | 0.2997 |  0.3717 |
+------------+--------+--------+--------+--------+---------+
2024-12-30 12:47:35,017 INFO    : Final Result:
[+------------+-------+--------+--------+--------+---------+
| Snapshot:0 |  MRR  | Hits@1 | Hits@3 | Hits@5 | Hits@10 |
+------------+-------+--------+--------+--------+---------+
|     0      | 0.246 | 0.1419 | 0.2865 |  0.36  |  0.452  |
+------------+-------+--------+--------+--------+---------+, +------------+--------+--------+--------+--------+---------+
| Snapshot:1 |  MRR   | Hits@1 | Hits@3 | Hits@5 | Hits@10 |
+------------+--------+--------+--------+--------+---------+
|     0      | 0.246  | 0.1419 | 0.2865 |  0.36  |  0.452  |
|     1      | 0.1702 | 0.0999 | 0.1878 | 0.2361 |  0.308  |
+------------+--------+--------+--------+--------+---------+, +------------+--------+--------+--------+--------+---------+
| Snapshot:2 |  MRR   | Hits@1 | Hits@3 | Hits@5 | Hits@10 |
+------------+--------+--------+--------+--------+---------+
|     0      | 0.246  | 0.1419 | 0.2865 |  0.36  |  0.452  |
|     1      | 0.1702 | 0.0999 | 0.1878 | 0.2361 |  0.308  |
|     2      | 0.1762 | 0.1048 | 0.1972 | 0.2442 |  0.3158 |
+------------+--------+--------+--------+--------+---------+, +------------+--------+--------+--------+--------+---------+
| Snapshot:3 |  MRR   | Hits@1 | Hits@3 | Hits@5 | Hits@10 |
+------------+--------+--------+--------+--------+---------+
|     0      | 0.246  | 0.1419 | 0.2865 |  0.36  |  0.452  |
|     1      | 0.1702 | 0.0999 | 0.1878 | 0.2361 |  0.308  |
|     2      | 0.1762 | 0.1048 | 0.1972 | 0.2442 |  0.3158 |
|     3      | 0.1842 | 0.1152 | 0.2041 | 0.2502 |  0.3184 |
+------------+--------+--------+--------+--------+---------+, +------------+--------+--------+--------+--------+---------+
| Snapshot:4 |  MRR   | Hits@1 | Hits@3 | Hits@5 | Hits@10 |
+------------+--------+--------+--------+--------+---------+
|     0      | 0.246  | 0.1419 | 0.2865 |  0.36  |  0.452  |
|     1      | 0.1702 | 0.0999 | 0.1878 | 0.2361 |  0.308  |
|     2      | 0.1762 | 0.1048 | 0.1972 | 0.2442 |  0.3158 |
|     3      | 0.1842 | 0.1152 | 0.2041 | 0.2502 |  0.3184 |
|     4      | 0.2145 | 0.1336 | 0.2442 | 0.2997 |  0.3717 |
+------------+--------+--------+--------+--------+---------+]
2024-12-30 12:47:35,018 INFO    : Report Result:
+----------+--------------------+-----------+--------------+--------------+---------------+
| Snapshot |        Time        | Whole_MRR | Whole_Hits@1 | Whole_Hits@3 | Whole_Hits@10 |
+----------+--------------------+-----------+--------------+--------------+---------------+
|    0     | 87.06030869483948  |   0.246   |    0.142     |    0.286     |     0.452     |
|    1     | 71.71868848800659  |   0.235   |    0.136     |    0.272     |     0.431     |
|    2     | 72.41062903404236  |   0.228   |    0.132     |    0.263     |     0.417     |
|    3     | 39.938414335250854 |   0.223   |     0.13     |    0.256     |     0.406     |
|    4     | 35.432050704956055 |   0.222   |     0.13     |    0.255     |     0.403     |
+----------+--------------------+-----------+--------------+--------------+---------------+
2024-12-30 12:47:35,019 INFO    : Sum_Training_Time:306.56009125709534
2024-12-30 12:47:35,019 INFO    : Every_Training_Time:[87.06030869483948, 71.71868848800659, 72.41062903404236, 39.938414335250854, 35.432050704956055]
2024-12-30 12:47:35,019 INFO    : Forward transfer: 0.14679999999999999 Backward transfer: 0.0
