2024-09-30 18:06:49,596 INFO    : Namespace(batch_size='1024', data_path='./data/WN_CKGE/', dataset='WN_CKGE', debug=False, device=device(type='cuda', index=0), emb_dim=200, ent_r='150', epoch_num=200, explore=False, gpu='0', l2=0.0, learning_rate='1e-1', log_path='./logs/WN_CKGE 150 5 1e-1 1024/WN_CKGE 20240930180645', logger=<RootLogger root (INFO)>, margin=8.0, model_name='LoraKGE_Layers', multi_layers_path='train_sorted_by_edges_betweenness.txt', neg_ratio=10, note='', num_ent_layers='5', num_layer=1, num_rel_layers='1', patience=3, predict_result='True', r=100, r_fixed=True, random_seed=3407, record=False, rel_r='20', save_path='./checkpoint/WN_CKGE', skip_previous='False', snapshot_num=5, train_new=True, using_multi_layers=False, using_various_ranks='True', using_various_ranks_reverse=False, valid_metrics='mrr')
2024-09-30 18:07:01,415 INFO    : Snapshot:0	0	3	Epoch:0	Loss:41.777	MRR:1.24	Hits@10:3.14	Best:1.24
2024-09-30 18:07:12,850 INFO    : Snapshot:0	0	3	Epoch:1	Loss:21.959	MRR:9.65	Hits@10:22.46	Best:9.65
2024-09-30 18:07:24,047 INFO    : Snapshot:0	0	3	Epoch:2	Loss:11.347	MRR:13.06	Hits@10:29.25	Best:13.06
2024-09-30 18:07:35,194 INFO    : Snapshot:0	0	3	Epoch:3	Loss:7.0	MRR:14.29	Hits@10:31.47	Best:14.29
2024-09-30 18:07:46,297 INFO    : Snapshot:0	0	3	Epoch:4	Loss:4.735	MRR:14.92	Hits@10:32.62	Best:14.92
2024-09-30 18:07:57,297 INFO    : Snapshot:0	0	3	Epoch:5	Loss:3.363	MRR:15.33	Hits@10:33.54	Best:15.33
2024-09-30 18:08:08,534 INFO    : Snapshot:0	0	3	Epoch:6	Loss:2.454	MRR:15.67	Hits@10:34.35	Best:15.67
2024-09-30 18:08:19,530 INFO    : Snapshot:0	0	3	Epoch:7	Loss:1.806	MRR:15.93	Hits@10:34.96	Best:15.93
2024-09-30 18:08:30,913 INFO    : Snapshot:0	0	3	Epoch:8	Loss:1.367	MRR:16.23	Hits@10:35.76	Best:16.23
2024-09-30 18:08:42,347 INFO    : Snapshot:0	0	3	Epoch:9	Loss:1.056	MRR:16.45	Hits@10:36.23	Best:16.45
2024-09-30 18:08:53,605 INFO    : Snapshot:0	0	3	Epoch:10	Loss:0.816	MRR:16.64	Hits@10:36.68	Best:16.64
2024-09-30 18:09:04,711 INFO    : Snapshot:0	0	3	Epoch:11	Loss:0.624	MRR:16.83	Hits@10:37.25	Best:16.83
2024-09-30 18:09:15,782 INFO    : Snapshot:0	0	3	Epoch:12	Loss:0.505	MRR:16.9	Hits@10:37.74	Best:16.9
2024-09-30 18:09:27,259 INFO    : Snapshot:0	0	3	Epoch:13	Loss:0.399	MRR:16.93	Hits@10:37.97	Best:16.93
2024-09-30 18:09:38,577 INFO    : Snapshot:0	1	3	Epoch:14	Loss:0.335	MRR:16.93	Hits@10:38.19	Best:16.93
2024-09-30 18:09:50,169 INFO    : Snapshot:0	0	3	Epoch:15	Loss:0.279	MRR:17.06	Hits@10:38.67	Best:17.06
2024-09-30 18:10:01,359 INFO    : Snapshot:0	1	3	Epoch:16	Loss:0.236	MRR:17.04	Hits@10:38.78	Best:17.06
2024-09-30 18:10:12,765 INFO    : Snapshot:0	0	3	Epoch:17	Loss:0.22	MRR:17.08	Hits@10:39.0	Best:17.08
2024-09-30 18:10:24,197 INFO    : Snapshot:0	0	3	Epoch:18	Loss:0.188	MRR:17.12	Hits@10:39.1	Best:17.12
2024-09-30 18:10:35,764 INFO    : Snapshot:0	1	3	Epoch:19	Loss:0.177	MRR:17.1	Hits@10:39.27	Best:17.12
2024-09-30 18:10:47,183 INFO    : Snapshot:0	2	3	Epoch:20	Loss:0.158	MRR:17.08	Hits@10:39.43	Best:17.12
2024-09-30 18:10:58,497 INFO    : Snapshot:0	0	3	Epoch:21	Loss:0.149	MRR:17.14	Hits@10:39.47	Best:17.14
2024-09-30 18:11:10,158 INFO    : Snapshot:0	1	3	Epoch:22	Loss:0.143	MRR:17.07	Hits@10:39.57	Best:17.14
2024-09-30 18:11:21,793 INFO    : Snapshot:0	2	3	Epoch:23	Loss:0.133	MRR:17.13	Hits@10:39.69	Best:17.14
2024-09-30 18:11:33,248 INFO    : Snapshot:0	0	3	Epoch:24	Loss:0.12	MRR:17.18	Hits@10:40.0	Best:17.18
2024-09-30 18:11:45,044 INFO    : Snapshot:0	0	3	Epoch:25	Loss:0.121	MRR:17.22	Hits@10:39.94	Best:17.22
2024-09-30 18:11:56,638 INFO    : Snapshot:0	1	3	Epoch:26	Loss:0.115	MRR:17.16	Hits@10:40.12	Best:17.22
2024-09-30 18:12:08,400 INFO    : Snapshot:0	2	3	Epoch:27	Loss:0.108	MRR:17.15	Hits@10:40.24	Best:17.22
2024-09-30 18:12:20,014 INFO    : Early Stopping! Snapshot:0 Epoch: 28 Best Results: 17.22
2024-09-30 18:12:20,051 INFO    : => loading checkpoint './checkpoint/WN_CKGE\0model_best.tar'
2024-09-30 18:12:32,490 INFO    : 
+------------+--------+--------+--------+--------+---------+
| Snapshot:0 |  MRR   | Hits@1 | Hits@3 | Hits@5 | Hits@10 |
+------------+--------+--------+--------+--------+---------+
|     0      | 0.1722 |  0.01  | 0.3114 | 0.354  |  0.3996 |
+------------+--------+--------+--------+--------+---------+
2024-09-30 18:12:50,372 INFO    : Snapshot:1	0	3	Epoch:0	Loss:6.517	MRR:5.09	Hits@10:13.28	Best:5.09
2024-09-30 18:12:58,416 INFO    : Snapshot:1	0	3	Epoch:1	Loss:3.203	MRR:8.82	Hits@10:23.28	Best:8.82
2024-09-30 18:13:06,232 INFO    : Snapshot:1	0	3	Epoch:2	Loss:1.545	MRR:10.95	Hits@10:27.77	Best:10.95
2024-09-30 18:13:13,848 INFO    : Snapshot:1	0	3	Epoch:3	Loss:0.874	MRR:12.29	Hits@10:30.16	Best:12.29
2024-09-30 18:13:21,434 INFO    : Snapshot:1	0	3	Epoch:4	Loss:0.589	MRR:12.84	Hits@10:31.29	Best:12.84
2024-09-30 18:13:28,966 INFO    : Snapshot:1	0	3	Epoch:5	Loss:0.448	MRR:13.4	Hits@10:32.47	Best:13.4
2024-09-30 18:13:36,455 INFO    : Snapshot:1	0	3	Epoch:6	Loss:0.374	MRR:13.47	Hits@10:32.58	Best:13.47
2024-09-30 18:13:43,951 INFO    : Snapshot:1	0	3	Epoch:7	Loss:0.322	MRR:13.62	Hits@10:32.61	Best:13.62
2024-09-30 18:13:51,405 INFO    : Snapshot:1	0	3	Epoch:8	Loss:0.284	MRR:13.85	Hits@10:32.74	Best:13.85
2024-09-30 18:13:58,851 INFO    : Snapshot:1	0	3	Epoch:9	Loss:0.264	MRR:13.91	Hits@10:33.01	Best:13.91
2024-09-30 18:14:06,579 INFO    : Snapshot:1	0	3	Epoch:10	Loss:0.245	MRR:14.0	Hits@10:33.2	Best:14.0
2024-09-30 18:14:14,039 INFO    : Snapshot:1	0	3	Epoch:11	Loss:0.228	MRR:14.06	Hits@10:33.28	Best:14.06
2024-09-30 18:14:21,802 INFO    : Snapshot:1	0	3	Epoch:12	Loss:0.22	MRR:14.09	Hits@10:33.25	Best:14.09
2024-09-30 18:14:29,707 INFO    : Snapshot:1	0	3	Epoch:13	Loss:0.214	MRR:14.11	Hits@10:33.39	Best:14.11
2024-09-30 18:14:37,592 INFO    : Snapshot:1	0	3	Epoch:14	Loss:0.202	MRR:14.14	Hits@10:33.49	Best:14.14
2024-09-30 18:14:45,160 INFO    : Snapshot:1	0	3	Epoch:15	Loss:0.199	MRR:14.16	Hits@10:33.47	Best:14.16
2024-09-30 18:14:52,602 INFO    : Snapshot:1	1	3	Epoch:16	Loss:0.197	MRR:14.14	Hits@10:33.49	Best:14.16
2024-09-30 18:15:00,011 INFO    : Snapshot:1	2	3	Epoch:17	Loss:0.188	MRR:14.15	Hits@10:33.6	Best:14.16
2024-09-30 18:15:07,376 INFO    : Early Stopping! Snapshot:1 Epoch: 18 Best Results: 14.16
2024-09-30 18:15:07,414 INFO    : => loading checkpoint './checkpoint/WN_CKGE\1model_best.tar'
2024-09-30 18:15:26,580 INFO    : 
+------------+--------+--------+--------+--------+---------+
| Snapshot:1 |  MRR   | Hits@1 | Hits@3 | Hits@5 | Hits@10 |
+------------+--------+--------+--------+--------+---------+
|     0      | 0.1722 |  0.01  | 0.3114 | 0.354  |  0.3996 |
|     1      | 0.1409 | 0.0102 | 0.2449 | 0.2906 |  0.3371 |
+------------+--------+--------+--------+--------+---------+
2024-09-30 18:16:00,062 INFO    : Snapshot:2	0	3	Epoch:0	Loss:6.48	MRR:4.88	Hits@10:12.74	Best:4.88
2024-09-30 18:16:16,160 INFO    : Snapshot:2	0	3	Epoch:1	Loss:3.167	MRR:8.29	Hits@10:21.05	Best:8.29
2024-09-30 18:16:32,301 INFO    : Snapshot:2	0	3	Epoch:2	Loss:1.471	MRR:10.29	Hits@10:25.13	Best:10.29
2024-09-30 18:16:48,459 INFO    : Snapshot:2	0	3	Epoch:3	Loss:0.809	MRR:11.3	Hits@10:27.12	Best:11.3
2024-09-30 18:17:04,645 INFO    : Snapshot:2	0	3	Epoch:4	Loss:0.543	MRR:11.94	Hits@10:28.15	Best:11.94
2024-09-30 18:17:20,856 INFO    : Snapshot:2	0	3	Epoch:5	Loss:0.413	MRR:12.25	Hits@10:28.58	Best:12.25
2024-09-30 18:17:37,074 INFO    : Snapshot:2	0	3	Epoch:6	Loss:0.334	MRR:12.49	Hits@10:29.01	Best:12.49
2024-09-30 18:17:53,339 INFO    : Snapshot:2	0	3	Epoch:7	Loss:0.284	MRR:12.68	Hits@10:29.38	Best:12.68
2024-09-30 18:18:09,925 INFO    : Snapshot:2	0	3	Epoch:8	Loss:0.25	MRR:12.8	Hits@10:29.62	Best:12.8
2024-09-30 18:18:26,221 INFO    : Snapshot:2	1	3	Epoch:9	Loss:0.238	MRR:12.71	Hits@10:29.76	Best:12.8
2024-09-30 18:18:42,830 INFO    : Snapshot:2	0	3	Epoch:10	Loss:0.222	MRR:12.82	Hits@10:29.73	Best:12.82
2024-09-30 18:18:59,435 INFO    : Snapshot:2	1	3	Epoch:11	Loss:0.207	MRR:12.77	Hits@10:29.87	Best:12.82
2024-09-30 18:19:16,599 INFO    : Snapshot:2	0	3	Epoch:12	Loss:0.201	MRR:12.96	Hits@10:29.92	Best:12.96
2024-09-30 18:19:33,585 INFO    : Snapshot:2	1	3	Epoch:13	Loss:0.189	MRR:12.89	Hits@10:29.87	Best:12.96
2024-09-30 18:19:50,782 INFO    : Snapshot:2	0	3	Epoch:14	Loss:0.183	MRR:12.97	Hits@10:30.27	Best:12.97
2024-09-30 18:20:06,683 INFO    : Snapshot:2	0	3	Epoch:15	Loss:0.176	MRR:13.03	Hits@10:30.43	Best:13.03
2024-09-30 18:20:22,790 INFO    : Snapshot:2	0	3	Epoch:16	Loss:0.17	MRR:13.07	Hits@10:30.27	Best:13.07
2024-09-30 18:20:38,489 INFO    : Snapshot:2	1	3	Epoch:17	Loss:0.166	MRR:13.01	Hits@10:30.3	Best:13.07
2024-09-30 18:20:54,569 INFO    : Snapshot:2	2	3	Epoch:18	Loss:0.164	MRR:13.04	Hits@10:30.22	Best:13.07
2024-09-30 18:21:11,174 INFO    : Early Stopping! Snapshot:2 Epoch: 19 Best Results: 13.07
2024-09-30 18:21:11,223 INFO    : => loading checkpoint './checkpoint/WN_CKGE\2model_best.tar'
2024-09-30 18:21:49,973 INFO    : 
+------------+--------+--------+--------+--------+---------+
| Snapshot:2 |  MRR   | Hits@1 | Hits@3 | Hits@5 | Hits@10 |
+------------+--------+--------+--------+--------+---------+
|     0      | 0.1722 |  0.01  | 0.3114 | 0.354  |  0.3996 |
|     1      | 0.1409 | 0.0102 | 0.2449 | 0.2906 |  0.3371 |
|     2      | 0.1379 | 0.0126 | 0.243  | 0.2774 |  0.3137 |
+------------+--------+--------+--------+--------+---------+
2024-09-30 18:22:28,999 INFO    : Snapshot:3	0	3	Epoch:0	Loss:6.519	MRR:4.03	Hits@10:10.16	Best:4.03
2024-09-30 18:22:47,964 INFO    : Snapshot:3	0	3	Epoch:1	Loss:3.168	MRR:7.71	Hits@10:19.68	Best:7.71
2024-09-30 18:23:06,787 INFO    : Snapshot:3	0	3	Epoch:2	Loss:1.452	MRR:9.85	Hits@10:24.7	Best:9.85
2024-09-30 18:23:26,286 INFO    : Snapshot:3	0	3	Epoch:3	Loss:0.786	MRR:10.97	Hits@10:26.61	Best:10.97
2024-09-30 18:23:45,244 INFO    : Snapshot:3	0	3	Epoch:4	Loss:0.533	MRR:11.51	Hits@10:27.18	Best:11.51
2024-09-30 18:24:03,753 INFO    : Snapshot:3	0	3	Epoch:5	Loss:0.406	MRR:11.92	Hits@10:27.93	Best:11.92
2024-09-30 18:24:22,736 INFO    : Snapshot:3	0	3	Epoch:6	Loss:0.337	MRR:12.03	Hits@10:28.06	Best:12.03
2024-09-30 18:24:41,974 INFO    : Snapshot:3	0	3	Epoch:7	Loss:0.293	MRR:12.19	Hits@10:28.28	Best:12.19
2024-09-30 18:25:00,857 INFO    : Snapshot:3	0	3	Epoch:8	Loss:0.257	MRR:12.34	Hits@10:28.55	Best:12.34
2024-09-30 18:25:20,214 INFO    : Snapshot:3	0	3	Epoch:9	Loss:0.235	MRR:12.36	Hits@10:28.68	Best:12.36
2024-09-30 18:25:40,057 INFO    : Snapshot:3	0	3	Epoch:10	Loss:0.219	MRR:12.48	Hits@10:28.63	Best:12.48
2024-09-30 18:25:58,679 INFO    : Snapshot:3	0	3	Epoch:11	Loss:0.21	MRR:12.53	Hits@10:28.63	Best:12.53
2024-09-30 18:26:18,118 INFO    : Snapshot:3	0	3	Epoch:12	Loss:0.198	MRR:12.57	Hits@10:28.6	Best:12.57
2024-09-30 18:26:36,613 INFO    : Snapshot:3	1	3	Epoch:13	Loss:0.19	MRR:12.54	Hits@10:28.58	Best:12.57
2024-09-30 18:26:54,517 INFO    : Snapshot:3	0	3	Epoch:14	Loss:0.183	MRR:12.59	Hits@10:28.58	Best:12.59
2024-09-30 18:27:12,404 INFO    : Snapshot:3	0	3	Epoch:15	Loss:0.179	MRR:12.62	Hits@10:28.98	Best:12.62
2024-09-30 18:27:30,314 INFO    : Snapshot:3	1	3	Epoch:16	Loss:0.173	MRR:12.6	Hits@10:28.87	Best:12.62
2024-09-30 18:27:48,177 INFO    : Snapshot:3	0	3	Epoch:17	Loss:0.173	MRR:12.63	Hits@10:28.98	Best:12.63
2024-09-30 18:28:06,060 INFO    : Snapshot:3	0	3	Epoch:18	Loss:0.17	MRR:12.69	Hits@10:28.92	Best:12.69
2024-09-30 18:28:23,924 INFO    : Snapshot:3	0	3	Epoch:19	Loss:0.169	MRR:12.72	Hits@10:28.98	Best:12.72
2024-09-30 18:28:41,806 INFO    : Snapshot:3	0	3	Epoch:20	Loss:0.164	MRR:12.77	Hits@10:28.98	Best:12.77
2024-09-30 18:28:59,691 INFO    : Snapshot:3	0	3	Epoch:21	Loss:0.158	MRR:12.79	Hits@10:28.98	Best:12.79
2024-09-30 18:29:17,577 INFO    : Snapshot:3	0	3	Epoch:22	Loss:0.155	MRR:12.89	Hits@10:29.25	Best:12.89
2024-09-30 18:29:35,449 INFO    : Snapshot:3	1	3	Epoch:23	Loss:0.152	MRR:12.85	Hits@10:29.33	Best:12.89
2024-09-30 18:29:53,406 INFO    : Snapshot:3	2	3	Epoch:24	Loss:0.156	MRR:12.82	Hits@10:29.14	Best:12.89
2024-09-30 18:30:11,256 INFO    : Early Stopping! Snapshot:3 Epoch: 25 Best Results: 12.89
2024-09-30 18:30:11,298 INFO    : => loading checkpoint './checkpoint/WN_CKGE\3model_best.tar'
2024-09-30 18:31:05,358 INFO    : 
+------------+--------+--------+--------+--------+---------+
| Snapshot:3 |  MRR   | Hits@1 | Hits@3 | Hits@5 | Hits@10 |
+------------+--------+--------+--------+--------+---------+
|     0      | 0.1722 |  0.01  | 0.3114 | 0.354  |  0.3996 |
|     1      | 0.1409 | 0.0102 | 0.2449 | 0.2906 |  0.3371 |
|     2      | 0.1379 | 0.0126 | 0.243  | 0.2774 |  0.3137 |
|     3      | 0.1323 | 0.0108 | 0.232  | 0.2675 |  0.3043 |
+------------+--------+--------+--------+--------+---------+
2024-09-30 18:31:14,657 INFO    : Snapshot:4	0	3	Epoch:0	Loss:6.434	MRR:10.17	Hits@10:23.74	Best:10.17
2024-09-30 18:31:17,789 INFO    : Snapshot:4	0	3	Epoch:1	Loss:3.068	MRR:11.64	Hits@10:27.69	Best:11.64
2024-09-30 18:31:20,796 INFO    : Snapshot:4	0	3	Epoch:2	Loss:1.347	MRR:12.47	Hits@10:28.87	Best:12.47
2024-09-30 18:31:23,796 INFO    : Snapshot:4	0	3	Epoch:3	Loss:0.707	MRR:12.87	Hits@10:29.87	Best:12.87
2024-09-30 18:31:26,803 INFO    : Snapshot:4	0	3	Epoch:4	Loss:0.482	MRR:13.25	Hits@10:30.22	Best:13.25
2024-09-30 18:31:29,783 INFO    : Snapshot:4	0	3	Epoch:5	Loss:0.365	MRR:13.42	Hits@10:30.32	Best:13.42
2024-09-30 18:31:32,788 INFO    : Snapshot:4	0	3	Epoch:6	Loss:0.301	MRR:13.51	Hits@10:30.65	Best:13.51
2024-09-30 18:31:35,769 INFO    : Snapshot:4	0	3	Epoch:7	Loss:0.262	MRR:13.56	Hits@10:30.56	Best:13.56
2024-09-30 18:31:38,753 INFO    : Snapshot:4	0	3	Epoch:8	Loss:0.241	MRR:13.65	Hits@10:30.62	Best:13.65
2024-09-30 18:31:41,741 INFO    : Snapshot:4	0	3	Epoch:9	Loss:0.217	MRR:13.69	Hits@10:30.75	Best:13.69
2024-09-30 18:31:44,679 INFO    : Snapshot:4	1	3	Epoch:10	Loss:0.207	MRR:13.67	Hits@10:30.81	Best:13.69
2024-09-30 18:31:47,627 INFO    : Snapshot:4	2	3	Epoch:11	Loss:0.195	MRR:13.66	Hits@10:30.75	Best:13.69
2024-09-30 18:31:50,585 INFO    : Snapshot:4	0	3	Epoch:12	Loss:0.185	MRR:13.75	Hits@10:30.83	Best:13.75
2024-09-30 18:31:53,531 INFO    : Snapshot:4	1	3	Epoch:13	Loss:0.178	MRR:13.7	Hits@10:30.91	Best:13.75
2024-09-30 18:31:56,483 INFO    : Snapshot:4	2	3	Epoch:14	Loss:0.17	MRR:13.69	Hits@10:30.78	Best:13.75
2024-09-30 18:31:59,416 INFO    : Early Stopping! Snapshot:4 Epoch: 15 Best Results: 13.75
2024-09-30 18:31:59,448 INFO    : => loading checkpoint './checkpoint/WN_CKGE\4model_best.tar'
2024-09-30 18:32:22,243 INFO    : 
+------------+--------+--------+--------+--------+---------+
| Snapshot:4 |  MRR   | Hits@1 | Hits@3 | Hits@5 | Hits@10 |
+------------+--------+--------+--------+--------+---------+
|     0      | 0.1722 |  0.01  | 0.3114 | 0.354  |  0.3996 |
|     1      | 0.1409 | 0.0102 | 0.2449 | 0.2906 |  0.3371 |
|     2      | 0.1379 | 0.0126 | 0.243  | 0.2774 |  0.3137 |
|     3      | 0.1323 | 0.0108 | 0.232  | 0.2675 |  0.3043 |
|     4      | 0.1448 | 0.0094 | 0.2622 | 0.2904 |  0.3251 |
+------------+--------+--------+--------+--------+---------+
2024-09-30 18:32:22,244 INFO    : Final Result:
[+------------+--------+--------+--------+--------+---------+
| Snapshot:0 |  MRR   | Hits@1 | Hits@3 | Hits@5 | Hits@10 |
+------------+--------+--------+--------+--------+---------+
|     0      | 0.1722 |  0.01  | 0.3114 | 0.354  |  0.3996 |
+------------+--------+--------+--------+--------+---------+, +------------+--------+--------+--------+--------+---------+
| Snapshot:1 |  MRR   | Hits@1 | Hits@3 | Hits@5 | Hits@10 |
+------------+--------+--------+--------+--------+---------+
|     0      | 0.1722 |  0.01  | 0.3114 | 0.354  |  0.3996 |
|     1      | 0.1409 | 0.0102 | 0.2449 | 0.2906 |  0.3371 |
+------------+--------+--------+--------+--------+---------+, +------------+--------+--------+--------+--------+---------+
| Snapshot:2 |  MRR   | Hits@1 | Hits@3 | Hits@5 | Hits@10 |
+------------+--------+--------+--------+--------+---------+
|     0      | 0.1722 |  0.01  | 0.3114 | 0.354  |  0.3996 |
|     1      | 0.1409 | 0.0102 | 0.2449 | 0.2906 |  0.3371 |
|     2      | 0.1379 | 0.0126 | 0.243  | 0.2774 |  0.3137 |
+------------+--------+--------+--------+--------+---------+, +------------+--------+--------+--------+--------+---------+
| Snapshot:3 |  MRR   | Hits@1 | Hits@3 | Hits@5 | Hits@10 |
+------------+--------+--------+--------+--------+---------+
|     0      | 0.1722 |  0.01  | 0.3114 | 0.354  |  0.3996 |
|     1      | 0.1409 | 0.0102 | 0.2449 | 0.2906 |  0.3371 |
|     2      | 0.1379 | 0.0126 | 0.243  | 0.2774 |  0.3137 |
|     3      | 0.1323 | 0.0108 | 0.232  | 0.2675 |  0.3043 |
+------------+--------+--------+--------+--------+---------+, +------------+--------+--------+--------+--------+---------+
| Snapshot:4 |  MRR   | Hits@1 | Hits@3 | Hits@5 | Hits@10 |
+------------+--------+--------+--------+--------+---------+
|     0      | 0.1722 |  0.01  | 0.3114 | 0.354  |  0.3996 |
|     1      | 0.1409 | 0.0102 | 0.2449 | 0.2906 |  0.3371 |
|     2      | 0.1379 | 0.0126 | 0.243  | 0.2774 |  0.3137 |
|     3      | 0.1323 | 0.0108 | 0.232  | 0.2675 |  0.3043 |
|     4      | 0.1448 | 0.0094 | 0.2622 | 0.2904 |  0.3251 |
+------------+--------+--------+--------+--------+---------+]
2024-09-30 18:32:22,245 INFO    : Report Result:
+----------+--------------------+-----------+--------------+--------------+---------------+
| Snapshot |        Time        | Whole_MRR | Whole_Hits@1 | Whole_Hits@3 | Whole_Hits@10 |
+----------+--------------------+-----------+--------------+--------------+---------------+
|    0     | 330.4164397716522  |   0.172   |     0.01     |    0.311     |      0.4      |
|    1     | 145.91909193992615 |   0.168   |     0.01     |    0.302     |     0.391     |
|    2     | 327.7829487323761  |   0.164   |     0.01     |    0.295     |     0.381     |
|    3     |  481.428427696228  |    0.16   |     0.01     |    0.288     |     0.373     |
|    4     | 48.23058605194092  |   0.159   |     0.01     |    0.285     |     0.368     |
+----------+--------------------+-----------+--------------+--------------+---------------+
2024-09-30 18:32:22,245 INFO    : Sum_Training_Time:1333.7774941921234
2024-09-30 18:32:22,245 INFO    : Every_Training_Time:[330.4164397716522, 145.91909193992615, 327.7829487323761, 481.428427696228, 48.23058605194092]
2024-09-30 18:32:22,245 INFO    : Forward transfer: 0.059375 Backward transfer: 0.0
