2024-09-25 10:12:03,273 INFO    : Namespace(batch_size=1024, data_path='./data/WN_CKGE/', dataset='WN_CKGE', debug=False, device=device(type='cuda', index=0), emb_dim=200, ent_r='150', epoch_num=200, explore=False, gpu='0', l2=0.0, learning_rate='1e-1', log_path='./logs/WN_CKGE 150 5 1e-1 1024/WN_CKGE', logger=<RootLogger root (INFO)>, margin=8.0, model_name='LoraKGE_Layers', multi_layers_path='train_sorted_by_edges_betweenness.txt', neg_ratio=10, note='', num_ent_layers='5', num_layer=1, num_rel_layers='1', patience=3, predict_result='True', r=100, r_fixed=True, random_seed=3407, record=False, rel_r='20', save_path='./checkpoint/WN_CKGE', skip_previous='False', snapshot_num=5, train_new=True, using_multi_layers=False, using_various_ranks='True', using_various_ranks_reverse=False, valid_metrics='mrr')
2024-09-25 10:12:15,177 INFO    : Snapshot:0	0	3	Epoch:0	Loss:41.777	MRR:1.24	Hits@10:3.14	Best:1.24
2024-09-25 10:12:26,340 INFO    : Snapshot:0	0	3	Epoch:1	Loss:21.959	MRR:9.65	Hits@10:22.46	Best:9.65
2024-09-25 10:12:37,393 INFO    : Snapshot:0	0	3	Epoch:2	Loss:11.347	MRR:13.06	Hits@10:29.25	Best:13.06
2024-09-25 10:12:49,194 INFO    : Snapshot:0	0	3	Epoch:3	Loss:7.0	MRR:14.29	Hits@10:31.47	Best:14.29
2024-09-25 10:13:00,735 INFO    : Snapshot:0	0	3	Epoch:4	Loss:4.735	MRR:14.92	Hits@10:32.62	Best:14.92
2024-09-25 10:13:12,262 INFO    : Snapshot:0	0	3	Epoch:5	Loss:3.363	MRR:15.33	Hits@10:33.54	Best:15.33
2024-09-25 10:13:23,977 INFO    : Snapshot:0	0	3	Epoch:6	Loss:2.454	MRR:15.67	Hits@10:34.35	Best:15.67
2024-09-25 10:13:35,864 INFO    : Snapshot:0	0	3	Epoch:7	Loss:1.806	MRR:15.93	Hits@10:34.96	Best:15.93
2024-09-25 10:13:47,204 INFO    : Snapshot:0	0	3	Epoch:8	Loss:1.367	MRR:16.23	Hits@10:35.76	Best:16.23
2024-09-25 10:13:58,832 INFO    : Snapshot:0	0	3	Epoch:9	Loss:1.056	MRR:16.45	Hits@10:36.23	Best:16.45
2024-09-25 10:14:09,750 INFO    : Snapshot:0	0	3	Epoch:10	Loss:0.816	MRR:16.64	Hits@10:36.68	Best:16.64
2024-09-25 10:14:20,814 INFO    : Snapshot:0	0	3	Epoch:11	Loss:0.624	MRR:16.83	Hits@10:37.25	Best:16.83
2024-09-25 10:14:32,181 INFO    : Snapshot:0	0	3	Epoch:12	Loss:0.505	MRR:16.9	Hits@10:37.74	Best:16.9
2024-09-25 10:14:43,523 INFO    : Snapshot:0	0	3	Epoch:13	Loss:0.399	MRR:16.93	Hits@10:37.97	Best:16.93
2024-09-25 10:14:54,544 INFO    : Snapshot:0	1	3	Epoch:14	Loss:0.335	MRR:16.93	Hits@10:38.19	Best:16.93
2024-09-25 10:15:05,892 INFO    : Snapshot:0	0	3	Epoch:15	Loss:0.279	MRR:17.06	Hits@10:38.67	Best:17.06
2024-09-25 10:15:17,554 INFO    : Snapshot:0	1	3	Epoch:16	Loss:0.236	MRR:17.04	Hits@10:38.78	Best:17.06
2024-09-25 10:15:29,962 INFO    : Snapshot:0	0	3	Epoch:17	Loss:0.22	MRR:17.08	Hits@10:39.0	Best:17.08
2024-09-25 10:15:41,610 INFO    : Snapshot:0	0	3	Epoch:18	Loss:0.188	MRR:17.12	Hits@10:39.1	Best:17.12
2024-09-25 10:15:54,220 INFO    : Snapshot:0	1	3	Epoch:19	Loss:0.177	MRR:17.1	Hits@10:39.27	Best:17.12
2024-09-25 10:16:06,465 INFO    : Snapshot:0	2	3	Epoch:20	Loss:0.158	MRR:17.08	Hits@10:39.43	Best:17.12
2024-09-25 10:16:18,654 INFO    : Snapshot:0	0	3	Epoch:21	Loss:0.149	MRR:17.14	Hits@10:39.47	Best:17.14
2024-09-25 10:16:30,959 INFO    : Snapshot:0	1	3	Epoch:22	Loss:0.143	MRR:17.07	Hits@10:39.57	Best:17.14
2024-09-25 10:16:43,916 INFO    : Snapshot:0	2	3	Epoch:23	Loss:0.133	MRR:17.13	Hits@10:39.69	Best:17.14
2024-09-25 10:16:56,002 INFO    : Snapshot:0	0	3	Epoch:24	Loss:0.12	MRR:17.18	Hits@10:40.0	Best:17.18
2024-09-25 10:17:08,613 INFO    : Snapshot:0	0	3	Epoch:25	Loss:0.121	MRR:17.22	Hits@10:39.94	Best:17.22
2024-09-25 10:17:20,764 INFO    : Snapshot:0	1	3	Epoch:26	Loss:0.115	MRR:17.16	Hits@10:40.12	Best:17.22
2024-09-25 10:17:32,854 INFO    : Snapshot:0	2	3	Epoch:27	Loss:0.108	MRR:17.15	Hits@10:40.24	Best:17.22
2024-09-25 10:17:45,206 INFO    : Early Stopping! Snapshot:0 Epoch: 28 Best Results: 17.22
2024-09-25 10:17:45,251 INFO    : => loading checkpoint './checkpoint/WN_CKGE\0model_best.tar'
2024-09-25 10:17:57,843 INFO    : 
+------------+--------+--------+--------+--------+---------+
| Snapshot:0 |  MRR   | Hits@1 | Hits@3 | Hits@5 | Hits@10 |
+------------+--------+--------+--------+--------+---------+
|     0      | 0.1722 |  0.01  | 0.3114 | 0.354  |  0.3996 |
+------------+--------+--------+--------+--------+---------+
2024-09-25 10:18:16,850 INFO    : Snapshot:1	0	3	Epoch:0	Loss:6.511	MRR:5.31	Hits@10:13.98	Best:5.31
2024-09-25 10:18:25,163 INFO    : Snapshot:1	0	3	Epoch:1	Loss:3.208	MRR:8.83	Hits@10:23.66	Best:8.83
2024-09-25 10:18:33,438 INFO    : Snapshot:1	0	3	Epoch:2	Loss:1.547	MRR:11.06	Hits@10:27.77	Best:11.06
2024-09-25 10:18:41,725 INFO    : Snapshot:1	0	3	Epoch:3	Loss:0.873	MRR:12.37	Hits@10:30.22	Best:12.37
2024-09-25 10:18:49,551 INFO    : Snapshot:1	0	3	Epoch:4	Loss:0.591	MRR:13.0	Hits@10:31.37	Best:13.0
2024-09-25 10:18:57,398 INFO    : Snapshot:1	0	3	Epoch:5	Loss:0.446	MRR:13.34	Hits@10:32.15	Best:13.34
2024-09-25 10:19:05,771 INFO    : Snapshot:1	0	3	Epoch:6	Loss:0.374	MRR:13.52	Hits@10:32.63	Best:13.52
2024-09-25 10:19:13,996 INFO    : Snapshot:1	0	3	Epoch:7	Loss:0.321	MRR:13.72	Hits@10:32.9	Best:13.72
2024-09-25 10:19:22,231 INFO    : Snapshot:1	0	3	Epoch:8	Loss:0.282	MRR:13.99	Hits@10:33.33	Best:13.99
2024-09-25 10:19:30,940 INFO    : Snapshot:1	0	3	Epoch:9	Loss:0.26	MRR:14.05	Hits@10:33.52	Best:14.05
2024-09-25 10:19:39,336 INFO    : Snapshot:1	0	3	Epoch:10	Loss:0.243	MRR:14.12	Hits@10:33.79	Best:14.12
2024-09-25 10:19:47,519 INFO    : Snapshot:1	0	3	Epoch:11	Loss:0.229	MRR:14.13	Hits@10:33.71	Best:14.13
2024-09-25 10:19:55,404 INFO    : Snapshot:1	1	3	Epoch:12	Loss:0.219	MRR:14.08	Hits@10:33.79	Best:14.13
2024-09-25 10:20:03,290 INFO    : Snapshot:1	2	3	Epoch:13	Loss:0.213	MRR:14.11	Hits@10:33.84	Best:14.13
2024-09-25 10:20:11,080 INFO    : Snapshot:1	0	3	Epoch:14	Loss:0.206	MRR:14.22	Hits@10:33.84	Best:14.22
2024-09-25 10:20:19,003 INFO    : Snapshot:1	1	3	Epoch:15	Loss:0.201	MRR:14.2	Hits@10:33.84	Best:14.22
2024-09-25 10:20:26,849 INFO    : Snapshot:1	0	3	Epoch:16	Loss:0.198	MRR:14.29	Hits@10:33.87	Best:14.29
2024-09-25 10:20:34,641 INFO    : Snapshot:1	0	3	Epoch:17	Loss:0.191	MRR:14.33	Hits@10:34.06	Best:14.33
2024-09-25 10:20:42,485 INFO    : Snapshot:1	1	3	Epoch:18	Loss:0.188	MRR:14.29	Hits@10:34.09	Best:14.33
2024-09-25 10:20:50,239 INFO    : Snapshot:1	2	3	Epoch:19	Loss:0.182	MRR:14.33	Hits@10:34.09	Best:14.33
2024-09-25 10:20:58,028 INFO    : Early Stopping! Snapshot:1 Epoch: 20 Best Results: 14.33
2024-09-25 10:20:58,067 INFO    : => loading checkpoint './checkpoint/WN_CKGE\1model_best.tar'
2024-09-25 10:21:17,998 INFO    : 
+------------+--------+--------+--------+--------+---------+
| Snapshot:1 |  MRR   | Hits@1 | Hits@3 | Hits@5 | Hits@10 |
+------------+--------+--------+--------+--------+---------+
|     0      | 0.1722 |  0.01  | 0.3114 | 0.354  |  0.3996 |
|     1      | 0.1399 | 0.0099 | 0.2425 | 0.2906 |  0.3296 |
+------------+--------+--------+--------+--------+---------+
2024-09-25 10:21:52,696 INFO    : Snapshot:2	0	3	Epoch:0	Loss:6.488	MRR:5.08	Hits@10:12.82	Best:5.08
2024-09-25 10:22:08,947 INFO    : Snapshot:2	0	3	Epoch:1	Loss:3.173	MRR:8.23	Hits@10:21.26	Best:8.23
2024-09-25 10:22:25,181 INFO    : Snapshot:2	0	3	Epoch:2	Loss:1.477	MRR:10.29	Hits@10:25.38	Best:10.29
2024-09-25 10:22:41,345 INFO    : Snapshot:2	0	3	Epoch:3	Loss:0.805	MRR:11.44	Hits@10:27.53	Best:11.44
2024-09-25 10:22:57,444 INFO    : Snapshot:2	0	3	Epoch:4	Loss:0.541	MRR:12.0	Hits@10:28.44	Best:12.0
2024-09-25 10:23:13,536 INFO    : Snapshot:2	0	3	Epoch:5	Loss:0.411	MRR:12.43	Hits@10:29.06	Best:12.43
2024-09-25 10:23:29,625 INFO    : Snapshot:2	0	3	Epoch:6	Loss:0.34	MRR:12.5	Hits@10:29.49	Best:12.5
2024-09-25 10:23:45,815 INFO    : Snapshot:2	0	3	Epoch:7	Loss:0.292	MRR:12.56	Hits@10:29.49	Best:12.56
2024-09-25 10:24:01,997 INFO    : Snapshot:2	0	3	Epoch:8	Loss:0.26	MRR:12.73	Hits@10:29.68	Best:12.73
2024-09-25 10:24:18,091 INFO    : Snapshot:2	1	3	Epoch:9	Loss:0.24	MRR:12.72	Hits@10:29.54	Best:12.73
2024-09-25 10:24:34,229 INFO    : Snapshot:2	0	3	Epoch:10	Loss:0.22	MRR:12.87	Hits@10:29.62	Best:12.87
2024-09-25 10:24:50,351 INFO    : Snapshot:2	0	3	Epoch:11	Loss:0.21	MRR:12.92	Hits@10:29.73	Best:12.92
2024-09-25 10:25:06,484 INFO    : Snapshot:2	0	3	Epoch:12	Loss:0.192	MRR:12.97	Hits@10:29.95	Best:12.97
2024-09-25 10:25:22,624 INFO    : Snapshot:2	0	3	Epoch:13	Loss:0.193	MRR:13.07	Hits@10:29.76	Best:13.07
2024-09-25 10:25:38,816 INFO    : Snapshot:2	0	3	Epoch:14	Loss:0.186	MRR:13.12	Hits@10:29.81	Best:13.12
2024-09-25 10:25:54,944 INFO    : Snapshot:2	1	3	Epoch:15	Loss:0.18	MRR:13.12	Hits@10:29.84	Best:13.12
2024-09-25 10:26:11,055 INFO    : Snapshot:2	2	3	Epoch:16	Loss:0.178	MRR:13.03	Hits@10:29.81	Best:13.12
2024-09-25 10:26:27,241 INFO    : Early Stopping! Snapshot:2 Epoch: 17 Best Results: 13.12
2024-09-25 10:26:27,286 INFO    : => loading checkpoint './checkpoint/WN_CKGE\2model_best.tar'
2024-09-25 10:27:04,414 INFO    : 
+------------+--------+--------+--------+--------+---------+
| Snapshot:2 |  MRR   | Hits@1 | Hits@3 | Hits@5 | Hits@10 |
+------------+--------+--------+--------+--------+---------+
|     0      | 0.1722 |  0.01  | 0.3114 | 0.354  |  0.3996 |
|     1      | 0.1399 | 0.0099 | 0.2425 | 0.2906 |  0.3296 |
|     2      | 0.138  | 0.0126 | 0.239  | 0.2798 |  0.3196 |
+------------+--------+--------+--------+--------+---------+
2024-09-25 10:27:46,003 INFO    : Snapshot:3	0	3	Epoch:0	Loss:6.51	MRR:4.12	Hits@10:10.97	Best:4.12
2024-09-25 10:28:04,536 INFO    : Snapshot:3	0	3	Epoch:1	Loss:3.156	MRR:7.81	Hits@10:20.22	Best:7.81
2024-09-25 10:28:22,919 INFO    : Snapshot:3	0	3	Epoch:2	Loss:1.435	MRR:10.05	Hits@10:24.78	Best:10.05
2024-09-25 10:28:41,604 INFO    : Snapshot:3	0	3	Epoch:3	Loss:0.773	MRR:11.15	Hits@10:26.94	Best:11.15
2024-09-25 10:29:00,123 INFO    : Snapshot:3	0	3	Epoch:4	Loss:0.529	MRR:11.67	Hits@10:27.37	Best:11.67
2024-09-25 10:29:18,668 INFO    : Snapshot:3	0	3	Epoch:5	Loss:0.4	MRR:11.9	Hits@10:27.85	Best:11.9
2024-09-25 10:29:36,903 INFO    : Snapshot:3	0	3	Epoch:6	Loss:0.325	MRR:12.18	Hits@10:28.09	Best:12.18
2024-09-25 10:29:55,155 INFO    : Snapshot:3	0	3	Epoch:7	Loss:0.28	MRR:12.31	Hits@10:27.98	Best:12.31
2024-09-25 10:30:13,405 INFO    : Snapshot:3	0	3	Epoch:8	Loss:0.253	MRR:12.42	Hits@10:28.25	Best:12.42
2024-09-25 10:30:31,712 INFO    : Snapshot:3	0	3	Epoch:9	Loss:0.229	MRR:12.56	Hits@10:28.49	Best:12.56
2024-09-25 10:30:49,982 INFO    : Snapshot:3	1	3	Epoch:10	Loss:0.215	MRR:12.54	Hits@10:28.49	Best:12.56
2024-09-25 10:31:08,232 INFO    : Snapshot:3	2	3	Epoch:11	Loss:0.206	MRR:12.49	Hits@10:28.39	Best:12.56
2024-09-25 10:31:26,466 INFO    : Early Stopping! Snapshot:3 Epoch: 12 Best Results: 12.56
2024-09-25 10:31:26,506 INFO    : => loading checkpoint './checkpoint/WN_CKGE\3model_best.tar'
2024-09-25 10:32:22,614 INFO    : 
+------------+--------+--------+--------+--------+---------+
| Snapshot:3 |  MRR   | Hits@1 | Hits@3 | Hits@5 | Hits@10 |
+------------+--------+--------+--------+--------+---------+
|     0      | 0.1722 |  0.01  | 0.3114 | 0.354  |  0.3996 |
|     1      | 0.1399 | 0.0099 | 0.2425 | 0.2906 |  0.3296 |
|     2      | 0.138  | 0.0126 | 0.239  | 0.2798 |  0.3196 |
|     3      | 0.1304 | 0.0108 | 0.2288 | 0.2632 |  0.3011 |
+------------+--------+--------+--------+--------+---------+
2024-09-25 10:32:32,030 INFO    : Snapshot:4	0	3	Epoch:0	Loss:6.437	MRR:10.08	Hits@10:23.41	Best:10.08
2024-09-25 10:32:35,127 INFO    : Snapshot:4	0	3	Epoch:1	Loss:3.056	MRR:11.52	Hits@10:27.18	Best:11.52
2024-09-25 10:32:38,231 INFO    : Snapshot:4	0	3	Epoch:2	Loss:1.357	MRR:12.41	Hits@10:28.74	Best:12.41
2024-09-25 10:32:41,334 INFO    : Snapshot:4	0	3	Epoch:3	Loss:0.71	MRR:12.86	Hits@10:29.27	Best:12.86
2024-09-25 10:32:44,411 INFO    : Snapshot:4	0	3	Epoch:4	Loss:0.475	MRR:13.11	Hits@10:29.68	Best:13.11
2024-09-25 10:32:47,509 INFO    : Snapshot:4	0	3	Epoch:5	Loss:0.369	MRR:13.21	Hits@10:30.05	Best:13.21
2024-09-25 10:32:50,599 INFO    : Snapshot:4	0	3	Epoch:6	Loss:0.302	MRR:13.31	Hits@10:30.24	Best:13.31
2024-09-25 10:32:53,684 INFO    : Snapshot:4	0	3	Epoch:7	Loss:0.258	MRR:13.44	Hits@10:30.3	Best:13.44
2024-09-25 10:32:56,739 INFO    : Snapshot:4	1	3	Epoch:8	Loss:0.234	MRR:13.4	Hits@10:30.43	Best:13.44
2024-09-25 10:32:59,801 INFO    : Snapshot:4	2	3	Epoch:9	Loss:0.214	MRR:13.43	Hits@10:30.48	Best:13.44
2024-09-25 10:33:02,885 INFO    : Snapshot:4	0	3	Epoch:10	Loss:0.204	MRR:13.49	Hits@10:30.43	Best:13.49
2024-09-25 10:33:05,981 INFO    : Snapshot:4	0	3	Epoch:11	Loss:0.193	MRR:13.51	Hits@10:30.51	Best:13.51
2024-09-25 10:33:09,107 INFO    : Snapshot:4	0	3	Epoch:12	Loss:0.185	MRR:13.53	Hits@10:30.56	Best:13.53
2024-09-25 10:33:12,249 INFO    : Snapshot:4	1	3	Epoch:13	Loss:0.179	MRR:13.45	Hits@10:30.56	Best:13.53
2024-09-25 10:33:15,324 INFO    : Snapshot:4	2	3	Epoch:14	Loss:0.169	MRR:13.48	Hits@10:30.4	Best:13.53
2024-09-25 10:33:18,460 INFO    : Early Stopping! Snapshot:4 Epoch: 15 Best Results: 13.53
2024-09-25 10:33:18,494 INFO    : => loading checkpoint './checkpoint/WN_CKGE\4model_best.tar'
2024-09-25 10:33:42,354 INFO    : 
+------------+--------+--------+--------+--------+---------+
| Snapshot:4 |  MRR   | Hits@1 | Hits@3 | Hits@5 | Hits@10 |
+------------+--------+--------+--------+--------+---------+
|     0      | 0.1722 |  0.01  | 0.3114 | 0.354  |  0.3996 |
|     1      | 0.1399 | 0.0099 | 0.2425 | 0.2906 |  0.3296 |
|     2      | 0.138  | 0.0126 | 0.239  | 0.2798 |  0.3196 |
|     3      | 0.1304 | 0.0108 | 0.2288 | 0.2632 |  0.3011 |
|     4      | 0.1454 | 0.0105 | 0.2614 | 0.2888 |  0.3224 |
+------------+--------+--------+--------+--------+---------+
2024-09-25 10:33:42,355 INFO    : Final Result:
[+------------+--------+--------+--------+--------+---------+
| Snapshot:0 |  MRR   | Hits@1 | Hits@3 | Hits@5 | Hits@10 |
+------------+--------+--------+--------+--------+---------+
|     0      | 0.1722 |  0.01  | 0.3114 | 0.354  |  0.3996 |
+------------+--------+--------+--------+--------+---------+, +------------+--------+--------+--------+--------+---------+
| Snapshot:1 |  MRR   | Hits@1 | Hits@3 | Hits@5 | Hits@10 |
+------------+--------+--------+--------+--------+---------+
|     0      | 0.1722 |  0.01  | 0.3114 | 0.354  |  0.3996 |
|     1      | 0.1399 | 0.0099 | 0.2425 | 0.2906 |  0.3296 |
+------------+--------+--------+--------+--------+---------+, +------------+--------+--------+--------+--------+---------+
| Snapshot:2 |  MRR   | Hits@1 | Hits@3 | Hits@5 | Hits@10 |
+------------+--------+--------+--------+--------+---------+
|     0      | 0.1722 |  0.01  | 0.3114 | 0.354  |  0.3996 |
|     1      | 0.1399 | 0.0099 | 0.2425 | 0.2906 |  0.3296 |
|     2      | 0.138  | 0.0126 | 0.239  | 0.2798 |  0.3196 |
+------------+--------+--------+--------+--------+---------+, +------------+--------+--------+--------+--------+---------+
| Snapshot:3 |  MRR   | Hits@1 | Hits@3 | Hits@5 | Hits@10 |
+------------+--------+--------+--------+--------+---------+
|     0      | 0.1722 |  0.01  | 0.3114 | 0.354  |  0.3996 |
|     1      | 0.1399 | 0.0099 | 0.2425 | 0.2906 |  0.3296 |
|     2      | 0.138  | 0.0126 | 0.239  | 0.2798 |  0.3196 |
|     3      | 0.1304 | 0.0108 | 0.2288 | 0.2632 |  0.3011 |
+------------+--------+--------+--------+--------+---------+, +------------+--------+--------+--------+--------+---------+
| Snapshot:4 |  MRR   | Hits@1 | Hits@3 | Hits@5 | Hits@10 |
+------------+--------+--------+--------+--------+---------+
|     0      | 0.1722 |  0.01  | 0.3114 | 0.354  |  0.3996 |
|     1      | 0.1399 | 0.0099 | 0.2425 | 0.2906 |  0.3296 |
|     2      | 0.138  | 0.0126 | 0.239  | 0.2798 |  0.3196 |
|     3      | 0.1304 | 0.0108 | 0.2288 | 0.2632 |  0.3011 |
|     4      | 0.1454 | 0.0105 | 0.2614 | 0.2888 |  0.3224 |
+------------+--------+--------+--------+--------+---------+]
2024-09-25 10:33:42,356 INFO    : Report Result:
+----------+--------------------+-----------+--------------+--------------+---------------+
| Snapshot |        Time        | Whole_MRR | Whole_Hits@1 | Whole_Hits@3 | Whole_Hits@10 |
+----------+--------------------+-----------+--------------+--------------+---------------+
|    0     | 341.9338550567627  |   0.172   |     0.01     |    0.311     |      0.4      |
|    1     | 170.7874505519867  |   0.168   |     0.01     |    0.302     |      0.39     |
|    2     | 291.39267134666443 |   0.164   |     0.01     |    0.294     |     0.381     |
|    3     | 239.57836723327637 |    0.16   |     0.01     |    0.287     |     0.372     |
|    4     | 50.08353328704834  |   0.159   |     0.01     |    0.284     |     0.367     |
+----------+--------------------+-----------+--------------+--------------+---------------+
2024-09-25 10:33:42,356 INFO    : Sum_Training_Time:1093.7758774757385
2024-09-25 10:33:42,356 INFO    : Every_Training_Time:[341.9338550567627, 170.7874505519867, 291.39267134666443, 239.57836723327637, 50.08353328704834]
2024-09-25 10:33:42,356 INFO    : Forward transfer: 0.059725 Backward transfer: 0.0
