2024-10-04 12:22:07,015 INFO    : Namespace(batch_size='1024', data_path='./data/WN_CKGE/', dataset='WN_CKGE', debug=False, device=device(type='cuda', index=0), emb_dim=200, ent_r='200', epoch_num=200, explore=False, gpu='0', l2=0.0, learning_rate='3e-1', log_path='./logs/WN_CKGE 200 5 3e-1 1024/WN_CKGE 20241004122202', logger=<RootLogger root (INFO)>, margin=8.0, model_name='LoraKGE_Layers', multi_layers_path='train_sorted_by_edges_betweenness.txt', neg_ratio=10, note='', num_ent_layers='5', num_layer=1, num_rel_layers='1', patience=3, predict_result='True', r=100, r_fixed=True, random_seed=3407, record=False, rel_r='20', save_path='./checkpoint/WN_CKGE', skip_previous='False', snapshot_num=5, train_new=True, using_multi_layers=False, using_various_ranks='True', using_various_ranks_reverse=False, valid_metrics='mrr')
2024-10-04 12:22:19,414 INFO    : Snapshot:0	0	3	Epoch:0	Loss:45.017	MRR:0.65	Hits@10:1.58	Best:0.65
2024-10-04 12:22:31,221 INFO    : Snapshot:0	0	3	Epoch:1	Loss:32.268	MRR:1.05	Hits@10:2.63	Best:1.05
2024-10-04 12:22:42,920 INFO    : Snapshot:0	0	3	Epoch:2	Loss:21.21	MRR:5.08	Hits@10:12.95	Best:5.08
2024-10-04 12:22:54,755 INFO    : Snapshot:0	0	3	Epoch:3	Loss:13.825	MRR:9.75	Hits@10:23.04	Best:9.75
2024-10-04 12:23:06,904 INFO    : Snapshot:0	0	3	Epoch:4	Loss:9.683	MRR:12.0	Hits@10:27.35	Best:12.0
2024-10-04 12:23:20,347 INFO    : Snapshot:0	0	3	Epoch:5	Loss:7.319	MRR:13.08	Hits@10:29.41	Best:13.08
2024-10-04 12:23:32,270 INFO    : Snapshot:0	0	3	Epoch:6	Loss:5.8	MRR:13.66	Hits@10:30.48	Best:13.66
2024-10-04 12:23:46,077 INFO    : Snapshot:0	0	3	Epoch:7	Loss:4.72	MRR:14.11	Hits@10:31.25	Best:14.11
2024-10-04 12:23:59,070 INFO    : Snapshot:0	0	3	Epoch:8	Loss:3.895	MRR:14.43	Hits@10:31.91	Best:14.43
2024-10-04 12:24:12,128 INFO    : Snapshot:0	0	3	Epoch:9	Loss:3.269	MRR:14.7	Hits@10:32.3	Best:14.7
2024-10-04 12:24:25,937 INFO    : Snapshot:0	0	3	Epoch:10	Loss:2.738	MRR:14.94	Hits@10:32.63	Best:14.94
2024-10-04 12:24:39,667 INFO    : Snapshot:0	0	3	Epoch:11	Loss:2.308	MRR:15.18	Hits@10:33.15	Best:15.18
2024-10-04 12:24:53,511 INFO    : Snapshot:0	0	3	Epoch:12	Loss:1.972	MRR:15.3	Hits@10:33.5	Best:15.3
2024-10-04 12:25:05,229 INFO    : Snapshot:0	0	3	Epoch:13	Loss:1.656	MRR:15.56	Hits@10:33.92	Best:15.56
2024-10-04 12:25:16,969 INFO    : Snapshot:0	0	3	Epoch:14	Loss:1.416	MRR:15.74	Hits@10:34.26	Best:15.74
2024-10-04 12:25:28,961 INFO    : Snapshot:0	0	3	Epoch:15	Loss:1.199	MRR:15.86	Hits@10:34.58	Best:15.86
2024-10-04 12:25:42,827 INFO    : Snapshot:0	0	3	Epoch:16	Loss:1.025	MRR:16.05	Hits@10:35.02	Best:16.05
2024-10-04 12:25:56,488 INFO    : Snapshot:0	0	3	Epoch:17	Loss:0.882	MRR:16.19	Hits@10:35.33	Best:16.19
2024-10-04 12:26:10,444 INFO    : Snapshot:0	0	3	Epoch:18	Loss:0.758	MRR:16.27	Hits@10:35.47	Best:16.27
2024-10-04 12:26:22,197 INFO    : Snapshot:0	0	3	Epoch:19	Loss:0.658	MRR:16.4	Hits@10:35.84	Best:16.4
2024-10-04 12:26:34,657 INFO    : Snapshot:0	0	3	Epoch:20	Loss:0.558	MRR:16.54	Hits@10:36.09	Best:16.54
2024-10-04 12:26:46,163 INFO    : Snapshot:0	0	3	Epoch:21	Loss:0.479	MRR:16.69	Hits@10:36.51	Best:16.69
2024-10-04 12:26:57,772 INFO    : Snapshot:0	0	3	Epoch:22	Loss:0.411	MRR:16.81	Hits@10:36.77	Best:16.81
2024-10-04 12:27:09,191 INFO    : Snapshot:0	0	3	Epoch:23	Loss:0.334	MRR:16.85	Hits@10:37.03	Best:16.85
2024-10-04 12:27:20,540 INFO    : Snapshot:0	0	3	Epoch:24	Loss:0.292	MRR:16.89	Hits@10:37.28	Best:16.89
2024-10-04 12:27:31,966 INFO    : Snapshot:0	0	3	Epoch:25	Loss:0.258	MRR:16.99	Hits@10:37.5	Best:16.99
2024-10-04 12:27:43,298 INFO    : Snapshot:0	1	3	Epoch:26	Loss:0.223	MRR:16.98	Hits@10:37.89	Best:16.99
2024-10-04 12:27:54,939 INFO    : Snapshot:0	2	3	Epoch:27	Loss:0.202	MRR:16.98	Hits@10:37.93	Best:16.99
2024-10-04 12:28:06,505 INFO    : Early Stopping! Snapshot:0 Epoch: 28 Best Results: 16.99
2024-10-04 12:28:06,550 INFO    : => loading checkpoint './checkpoint/WN_CKGE\0model_best.tar'
2024-10-04 12:28:18,324 INFO    : 
+------------+-------+--------+--------+--------+---------+
| Snapshot:0 |  MRR  | Hits@1 | Hits@3 | Hits@5 | Hits@10 |
+------------+-------+--------+--------+--------+---------+
|     0      | 0.171 | 0.0146 | 0.3097 | 0.343  |  0.3773 |
+------------+-------+--------+--------+--------+---------+
2024-10-04 12:28:38,713 INFO    : Snapshot:1	0	3	Epoch:0	Loss:5.932	MRR:6.02	Hits@10:15.78	Best:6.02
2024-10-04 12:28:47,612 INFO    : Snapshot:1	0	3	Epoch:1	Loss:2.333	MRR:10.17	Hits@10:23.76	Best:10.17
2024-10-04 12:28:56,036 INFO    : Snapshot:1	0	3	Epoch:2	Loss:1.124	MRR:11.95	Hits@10:27.5	Best:11.95
2024-10-04 12:29:04,349 INFO    : Snapshot:1	0	3	Epoch:3	Loss:0.703	MRR:12.85	Hits@10:29.03	Best:12.85
2024-10-04 12:29:12,682 INFO    : Snapshot:1	0	3	Epoch:4	Loss:0.516	MRR:13.27	Hits@10:29.97	Best:13.27
2024-10-04 12:29:21,009 INFO    : Snapshot:1	0	3	Epoch:5	Loss:0.411	MRR:13.67	Hits@10:30.46	Best:13.67
2024-10-04 12:29:29,342 INFO    : Snapshot:1	0	3	Epoch:6	Loss:0.367	MRR:13.79	Hits@10:30.81	Best:13.79
2024-10-04 12:29:37,683 INFO    : Snapshot:1	0	3	Epoch:7	Loss:0.331	MRR:14.1	Hits@10:31.08	Best:14.1
2024-10-04 12:29:46,232 INFO    : Snapshot:1	0	3	Epoch:8	Loss:0.301	MRR:14.13	Hits@10:31.24	Best:14.13
2024-10-04 12:29:54,592 INFO    : Snapshot:1	0	3	Epoch:9	Loss:0.288	MRR:14.22	Hits@10:31.13	Best:14.22
2024-10-04 12:30:02,927 INFO    : Snapshot:1	0	3	Epoch:10	Loss:0.28	MRR:14.41	Hits@10:31.61	Best:14.41
2024-10-04 12:30:11,300 INFO    : Snapshot:1	1	3	Epoch:11	Loss:0.264	MRR:14.38	Hits@10:31.45	Best:14.41
2024-10-04 12:30:19,689 INFO    : Snapshot:1	0	3	Epoch:12	Loss:0.256	MRR:14.44	Hits@10:31.64	Best:14.44
2024-10-04 12:30:28,095 INFO    : Snapshot:1	0	3	Epoch:13	Loss:0.249	MRR:14.62	Hits@10:31.96	Best:14.62
2024-10-04 12:30:36,455 INFO    : Snapshot:1	1	3	Epoch:14	Loss:0.241	MRR:14.51	Hits@10:31.8	Best:14.62
2024-10-04 12:30:44,723 INFO    : Snapshot:1	2	3	Epoch:15	Loss:0.242	MRR:14.54	Hits@10:31.56	Best:14.62
2024-10-04 12:30:53,068 INFO    : Early Stopping! Snapshot:1 Epoch: 16 Best Results: 14.62
2024-10-04 12:30:53,112 INFO    : => loading checkpoint './checkpoint/WN_CKGE\1model_best.tar'
2024-10-04 12:31:14,165 INFO    : 
+------------+--------+--------+--------+--------+---------+
| Snapshot:1 |  MRR   | Hits@1 | Hits@3 | Hits@5 | Hits@10 |
+------------+--------+--------+--------+--------+---------+
|     0      | 0.171  | 0.0146 | 0.3097 | 0.343  |  0.3773 |
|     1      | 0.1464 | 0.0191 | 0.2511 | 0.2849 |  0.3191 |
+------------+--------+--------+--------+--------+---------+
2024-10-04 12:31:49,050 INFO    : Snapshot:2	0	3	Epoch:0	Loss:5.843	MRR:5.54	Hits@10:14.89	Best:5.54
2024-10-04 12:32:05,258 INFO    : Snapshot:2	0	3	Epoch:1	Loss:2.233	MRR:10.0	Hits@10:23.01	Best:10.0
2024-10-04 12:32:21,356 INFO    : Snapshot:2	0	3	Epoch:2	Loss:1.054	MRR:11.41	Hits@10:25.22	Best:11.41
2024-10-04 12:32:37,537 INFO    : Snapshot:2	0	3	Epoch:3	Loss:0.645	MRR:11.99	Hits@10:26.56	Best:11.99
2024-10-04 12:32:53,742 INFO    : Snapshot:2	0	3	Epoch:4	Loss:0.467	MRR:12.52	Hits@10:27.63	Best:12.52
2024-10-04 12:33:09,952 INFO    : Snapshot:2	0	3	Epoch:5	Loss:0.378	MRR:12.66	Hits@10:27.85	Best:12.66
2024-10-04 12:33:26,011 INFO    : Snapshot:2	0	3	Epoch:6	Loss:0.328	MRR:12.95	Hits@10:28.09	Best:12.95
2024-10-04 12:33:42,152 INFO    : Snapshot:2	0	3	Epoch:7	Loss:0.3	MRR:13.05	Hits@10:28.06	Best:13.05
2024-10-04 12:33:58,257 INFO    : Snapshot:2	1	3	Epoch:8	Loss:0.275	MRR:12.99	Hits@10:28.09	Best:13.05
2024-10-04 12:34:14,318 INFO    : Snapshot:2	0	3	Epoch:9	Loss:0.264	MRR:13.21	Hits@10:28.15	Best:13.21
2024-10-04 12:34:30,497 INFO    : Snapshot:2	0	3	Epoch:10	Loss:0.251	MRR:13.23	Hits@10:28.25	Best:13.23
2024-10-04 12:34:46,536 INFO    : Snapshot:2	0	3	Epoch:11	Loss:0.24	MRR:13.24	Hits@10:28.36	Best:13.24
2024-10-04 12:35:02,851 INFO    : Snapshot:2	0	3	Epoch:12	Loss:0.238	MRR:13.4	Hits@10:28.36	Best:13.4
2024-10-04 12:35:18,867 INFO    : Snapshot:2	1	3	Epoch:13	Loss:0.229	MRR:13.24	Hits@10:28.49	Best:13.4
2024-10-04 12:35:35,050 INFO    : Snapshot:2	2	3	Epoch:14	Loss:0.226	MRR:13.25	Hits@10:28.47	Best:13.4
2024-10-04 12:35:51,144 INFO    : Early Stopping! Snapshot:2 Epoch: 15 Best Results: 13.4
2024-10-04 12:35:51,194 INFO    : => loading checkpoint './checkpoint/WN_CKGE\2model_best.tar'
2024-10-04 12:36:30,083 INFO    : 
+------------+--------+--------+--------+--------+---------+
| Snapshot:2 |  MRR   | Hits@1 | Hits@3 | Hits@5 | Hits@10 |
+------------+--------+--------+--------+--------+---------+
|     0      | 0.171  | 0.0146 | 0.3097 | 0.343  |  0.3773 |
|     1      | 0.1464 | 0.0191 | 0.2511 | 0.2849 |  0.3191 |
|     2      | 0.1434 | 0.0234 | 0.2433 | 0.2755 |  0.3043 |
+------------+--------+--------+--------+--------+---------+
2024-10-04 12:37:12,509 INFO    : Snapshot:3	0	3	Epoch:0	Loss:5.848	MRR:4.89	Hits@10:12.26	Best:4.89
2024-10-04 12:37:31,101 INFO    : Snapshot:3	0	3	Epoch:1	Loss:2.188	MRR:8.98	Hits@10:20.59	Best:8.98
2024-10-04 12:37:49,487 INFO    : Snapshot:3	0	3	Epoch:2	Loss:1.011	MRR:10.9	Hits@10:23.41	Best:10.9
2024-10-04 12:38:08,141 INFO    : Snapshot:3	0	3	Epoch:3	Loss:0.62	MRR:11.66	Hits@10:25.3	Best:11.66
2024-10-04 12:38:26,884 INFO    : Snapshot:3	0	3	Epoch:4	Loss:0.46	MRR:12.1	Hits@10:25.86	Best:12.1
2024-10-04 12:38:45,242 INFO    : Snapshot:3	0	3	Epoch:5	Loss:0.378	MRR:12.38	Hits@10:26.02	Best:12.38
2024-10-04 12:39:03,397 INFO    : Snapshot:3	0	3	Epoch:6	Loss:0.332	MRR:12.41	Hits@10:26.16	Best:12.41
2024-10-04 12:39:22,196 INFO    : Snapshot:3	0	3	Epoch:7	Loss:0.301	MRR:12.56	Hits@10:26.45	Best:12.56
2024-10-04 12:39:40,654 INFO    : Snapshot:3	0	3	Epoch:8	Loss:0.285	MRR:12.69	Hits@10:26.88	Best:12.69
2024-10-04 12:39:59,080 INFO    : Snapshot:3	0	3	Epoch:9	Loss:0.262	MRR:12.8	Hits@10:26.88	Best:12.8
2024-10-04 12:40:17,663 INFO    : Snapshot:3	1	3	Epoch:10	Loss:0.258	MRR:12.71	Hits@10:26.91	Best:12.8
2024-10-04 12:40:36,136 INFO    : Snapshot:3	2	3	Epoch:11	Loss:0.252	MRR:12.77	Hits@10:26.53	Best:12.8
2024-10-04 12:40:54,330 INFO    : Early Stopping! Snapshot:3 Epoch: 12 Best Results: 12.8
2024-10-04 12:40:54,374 INFO    : => loading checkpoint './checkpoint/WN_CKGE\3model_best.tar'
2024-10-04 12:41:50,805 INFO    : 
+------------+--------+--------+--------+--------+---------+
| Snapshot:3 |  MRR   | Hits@1 | Hits@3 | Hits@5 | Hits@10 |
+------------+--------+--------+--------+--------+---------+
|     0      | 0.171  | 0.0146 | 0.3097 | 0.343  |  0.3773 |
|     1      | 0.1464 | 0.0191 | 0.2511 | 0.2849 |  0.3191 |
|     2      | 0.1434 | 0.0234 | 0.2433 | 0.2755 |  0.3043 |
|     3      | 0.1354 | 0.0207 | 0.2336 | 0.2618 |  0.2884 |
+------------+--------+--------+--------+--------+---------+
2024-10-04 12:42:00,786 INFO    : Snapshot:4	0	3	Epoch:0	Loss:5.767	MRR:10.63	Hits@10:23.41	Best:10.63
2024-10-04 12:42:04,030 INFO    : Snapshot:4	0	3	Epoch:1	Loss:2.081	MRR:12.18	Hits@10:26.21	Best:12.18
2024-10-04 12:42:07,288 INFO    : Snapshot:4	0	3	Epoch:2	Loss:0.93	MRR:13.05	Hits@10:27.2	Best:13.05
2024-10-04 12:42:10,503 INFO    : Snapshot:4	0	3	Epoch:3	Loss:0.571	MRR:13.35	Hits@10:27.88	Best:13.35
2024-10-04 12:42:13,696 INFO    : Snapshot:4	0	3	Epoch:4	Loss:0.42	MRR:13.67	Hits@10:28.2	Best:13.67
2024-10-04 12:42:16,898 INFO    : Snapshot:4	0	3	Epoch:5	Loss:0.346	MRR:13.72	Hits@10:28.2	Best:13.72
2024-10-04 12:42:20,095 INFO    : Snapshot:4	0	3	Epoch:6	Loss:0.305	MRR:13.84	Hits@10:28.31	Best:13.84
2024-10-04 12:42:23,282 INFO    : Snapshot:4	1	3	Epoch:7	Loss:0.278	MRR:13.84	Hits@10:28.44	Best:13.84
2024-10-04 12:42:26,504 INFO    : Snapshot:4	0	3	Epoch:8	Loss:0.269	MRR:13.89	Hits@10:28.23	Best:13.89
2024-10-04 12:42:29,682 INFO    : Snapshot:4	1	3	Epoch:9	Loss:0.25	MRR:13.87	Hits@10:28.36	Best:13.89
2024-10-04 12:42:32,968 INFO    : Snapshot:4	2	3	Epoch:10	Loss:0.247	MRR:13.85	Hits@10:28.41	Best:13.89
2024-10-04 12:42:36,114 INFO    : Early Stopping! Snapshot:4 Epoch: 11 Best Results: 13.89
2024-10-04 12:42:36,159 INFO    : => loading checkpoint './checkpoint/WN_CKGE\4model_best.tar'
2024-10-04 12:43:00,190 INFO    : 
+------------+--------+--------+--------+--------+---------+
| Snapshot:4 |  MRR   | Hits@1 | Hits@3 | Hits@5 | Hits@10 |
+------------+--------+--------+--------+--------+---------+
|     0      | 0.171  | 0.0146 | 0.3097 | 0.343  |  0.3773 |
|     1      | 0.1464 | 0.0191 | 0.2511 | 0.2849 |  0.3191 |
|     2      | 0.1434 | 0.0234 | 0.2433 | 0.2755 |  0.3043 |
|     3      | 0.1354 | 0.0207 | 0.2336 | 0.2618 |  0.2884 |
|     4      | 0.1418 | 0.0172 | 0.255  | 0.2716 |  0.2969 |
+------------+--------+--------+--------+--------+---------+
2024-10-04 12:43:00,191 INFO    : Final Result:
[+------------+-------+--------+--------+--------+---------+
| Snapshot:0 |  MRR  | Hits@1 | Hits@3 | Hits@5 | Hits@10 |
+------------+-------+--------+--------+--------+---------+
|     0      | 0.171 | 0.0146 | 0.3097 | 0.343  |  0.3773 |
+------------+-------+--------+--------+--------+---------+, +------------+--------+--------+--------+--------+---------+
| Snapshot:1 |  MRR   | Hits@1 | Hits@3 | Hits@5 | Hits@10 |
+------------+--------+--------+--------+--------+---------+
|     0      | 0.171  | 0.0146 | 0.3097 | 0.343  |  0.3773 |
|     1      | 0.1464 | 0.0191 | 0.2511 | 0.2849 |  0.3191 |
+------------+--------+--------+--------+--------+---------+, +------------+--------+--------+--------+--------+---------+
| Snapshot:2 |  MRR   | Hits@1 | Hits@3 | Hits@5 | Hits@10 |
+------------+--------+--------+--------+--------+---------+
|     0      | 0.171  | 0.0146 | 0.3097 | 0.343  |  0.3773 |
|     1      | 0.1464 | 0.0191 | 0.2511 | 0.2849 |  0.3191 |
|     2      | 0.1434 | 0.0234 | 0.2433 | 0.2755 |  0.3043 |
+------------+--------+--------+--------+--------+---------+, +------------+--------+--------+--------+--------+---------+
| Snapshot:3 |  MRR   | Hits@1 | Hits@3 | Hits@5 | Hits@10 |
+------------+--------+--------+--------+--------+---------+
|     0      | 0.171  | 0.0146 | 0.3097 | 0.343  |  0.3773 |
|     1      | 0.1464 | 0.0191 | 0.2511 | 0.2849 |  0.3191 |
|     2      | 0.1434 | 0.0234 | 0.2433 | 0.2755 |  0.3043 |
|     3      | 0.1354 | 0.0207 | 0.2336 | 0.2618 |  0.2884 |
+------------+--------+--------+--------+--------+---------+, +------------+--------+--------+--------+--------+---------+
| Snapshot:4 |  MRR   | Hits@1 | Hits@3 | Hits@5 | Hits@10 |
+------------+--------+--------+--------+--------+---------+
|     0      | 0.171  | 0.0146 | 0.3097 | 0.343  |  0.3773 |
|     1      | 0.1464 | 0.0191 | 0.2511 | 0.2849 |  0.3191 |
|     2      | 0.1434 | 0.0234 | 0.2433 | 0.2755 |  0.3043 |
|     3      | 0.1354 | 0.0207 | 0.2336 | 0.2618 |  0.2884 |
|     4      | 0.1418 | 0.0172 | 0.255  | 0.2716 |  0.2969 |
+------------+--------+--------+--------+--------+---------+]
2024-10-04 12:43:00,192 INFO    : Report Result:
+----------+-------------------+-----------+--------------+--------------+---------------+
| Snapshot |        Time       | Whole_MRR | Whole_Hits@1 | Whole_Hits@3 | Whole_Hits@10 |
+----------+-------------------+-----------+--------------+--------------+---------------+
|    0     | 359.4902219772339 |   0.171   |    0.015     |     0.31     |     0.377     |
|    1     | 144.7108178138733 |   0.167   |    0.015     |    0.301     |     0.369     |
|    2     | 258.8324227333069 |   0.164   |    0.016     |    0.294     |     0.361     |
|    3     | 241.3141176700592 |   0.161   |    0.017     |    0.287     |     0.353     |
|    4     | 39.35739541053772 |   0.159   |    0.017     |    0.284     |     0.347     |
+----------+-------------------+-----------+--------------+--------------+---------------+
2024-10-04 12:43:00,192 INFO    : Sum_Training_Time:1043.704975605011
2024-10-04 12:43:00,192 INFO    : Every_Training_Time:[359.4902219772339, 144.7108178138733, 258.8324227333069, 241.3141176700592, 39.35739541053772]
2024-10-04 12:43:00,192 INFO    : Forward transfer: 0.06094999999999999 Backward transfer: 0.0
