2025-01-08 20:10:48,169 INFO    : Namespace(batch_size=1024, data_path='./data/ENTITY/', dataset='ENTITY', debug=False, device=device(type='cuda', index=0), emb_dim=200, ent_r='200', epoch_num=200, explore=False, gpu='0', l2=0.0, learning_rate='1e-1', log_path='./logs/ENTITY 200 20 1e-1 1024/ENTITY 20250108201039', logger=<RootLogger root (INFO)>, margin=8.0, model_name='LoraKGE_Layers', multi_layers_path='train_sorted_by_edges_betweenness.txt', neg_ratio=10, note='', num_ent_layers='20', num_layer=1, num_rel_layers='1', patience='10', predict_result=False, r=100, r_fixed=True, random_seed=3407, record=False, rel_r='200', save_path='./checkpoint/ENTITY', skip_previous='False', snapshot_num=5, train_new=True, using_multi_layers=False, using_various_ranks='True', using_various_ranks_reverse=False, valid_metrics='mrr')
2025-01-08 20:10:53,044 INFO    : Snapshot:0	0	10	Epoch:0	Loss:31.76	MRR:16.42	Hits@10:37.45	Best:16.42
2025-01-08 20:10:56,072 INFO    : Snapshot:0	0	10	Epoch:1	Loss:14.914	MRR:28.9	Hits@10:51.36	Best:28.9
2025-01-08 20:10:59,141 INFO    : Snapshot:0	0	10	Epoch:2	Loss:5.763	MRR:32.04	Hits@10:54.63	Best:32.04
2025-01-08 20:11:02,191 INFO    : Snapshot:0	0	10	Epoch:3	Loss:2.642	MRR:32.75	Hits@10:55.27	Best:32.75
2025-01-08 20:11:05,253 INFO    : Snapshot:0	1	10	Epoch:4	Loss:1.635	MRR:32.52	Hits@10:55.1	Best:32.75
2025-01-08 20:11:08,329 INFO    : Snapshot:0	0	10	Epoch:5	Loss:1.198	MRR:32.86	Hits@10:55.32	Best:32.86
2025-01-08 20:11:11,356 INFO    : Snapshot:0	1	10	Epoch:6	Loss:0.967	MRR:32.65	Hits@10:54.76	Best:32.86
2025-01-08 20:11:14,383 INFO    : Snapshot:0	2	10	Epoch:7	Loss:0.844	MRR:32.28	Hits@10:54.43	Best:32.86
2025-01-08 20:11:17,449 INFO    : Snapshot:0	3	10	Epoch:8	Loss:0.753	MRR:32.02	Hits@10:54.54	Best:32.86
2025-01-08 20:11:20,685 INFO    : Snapshot:0	4	10	Epoch:9	Loss:0.688	MRR:31.78	Hits@10:54.15	Best:32.86
2025-01-08 20:11:23,749 INFO    : Snapshot:0	5	10	Epoch:10	Loss:0.629	MRR:31.68	Hits@10:53.99	Best:32.86
2025-01-08 20:11:26,858 INFO    : Snapshot:0	6	10	Epoch:11	Loss:0.599	MRR:31.33	Hits@10:53.97	Best:32.86
2025-01-08 20:11:29,936 INFO    : Snapshot:0	7	10	Epoch:12	Loss:0.577	MRR:31.5	Hits@10:54.0	Best:32.86
2025-01-08 20:11:33,067 INFO    : Snapshot:0	8	10	Epoch:13	Loss:0.539	MRR:31.31	Hits@10:53.61	Best:32.86
2025-01-08 20:11:36,128 INFO    : Snapshot:0	9	10	Epoch:14	Loss:0.517	MRR:31.51	Hits@10:53.28	Best:32.86
2025-01-08 20:11:38,974 INFO    : Early Stopping! Snapshot:0 Epoch: 15 Best Results: 32.86
2025-01-08 20:11:39,081 INFO    : => loading checkpoint './checkpoint/ENTITY\0model_best.tar'
2025-01-08 20:11:40,425 INFO    : 
+------------+--------+--------+--------+--------+---------+
| Snapshot:0 |  MRR   | Hits@1 | Hits@3 | Hits@5 | Hits@10 |
+------------+--------+--------+--------+--------+---------+
|     0      | 0.3297 | 0.2143 | 0.3758 | 0.4509 |  0.5544 |
+------------+--------+--------+--------+--------+---------+
2025-01-08 20:11:55,037 INFO    : Snapshot:1	0	10	Epoch:0	Loss:13.715	MRR:16.28	Hits@10:29.19	Best:16.28
2025-01-08 20:12:02,772 INFO    : Snapshot:1	0	10	Epoch:1	Loss:4.459	MRR:18.1	Hits@10:32.96	Best:18.1
2025-01-08 20:12:10,809 INFO    : Snapshot:1	0	10	Epoch:2	Loss:3.631	MRR:18.99	Hits@10:33.82	Best:18.99
2025-01-08 20:12:19,113 INFO    : Snapshot:1	0	10	Epoch:3	Loss:3.244	MRR:19.22	Hits@10:34.54	Best:19.22
2025-01-08 20:12:27,211 INFO    : Snapshot:1	0	10	Epoch:4	Loss:2.969	MRR:19.43	Hits@10:34.83	Best:19.43
2025-01-08 20:12:35,317 INFO    : Snapshot:1	0	10	Epoch:5	Loss:2.755	MRR:20.35	Hits@10:36.15	Best:20.35
2025-01-08 20:12:43,350 INFO    : Snapshot:1	0	10	Epoch:6	Loss:2.64	MRR:20.48	Hits@10:35.99	Best:20.48
2025-01-08 20:12:51,461 INFO    : Snapshot:1	0	10	Epoch:7	Loss:2.514	MRR:20.56	Hits@10:36.93	Best:20.56
2025-01-08 20:12:59,580 INFO    : Snapshot:1	0	10	Epoch:8	Loss:2.448	MRR:20.67	Hits@10:37.11	Best:20.67
2025-01-08 20:13:07,571 INFO    : Snapshot:1	0	10	Epoch:9	Loss:2.356	MRR:21.02	Hits@10:37.43	Best:21.02
2025-01-08 20:13:15,338 INFO    : Snapshot:1	0	10	Epoch:10	Loss:2.284	MRR:21.25	Hits@10:37.68	Best:21.25
2025-01-08 20:13:23,264 INFO    : Snapshot:1	0	10	Epoch:11	Loss:2.23	MRR:21.32	Hits@10:38.03	Best:21.32
2025-01-08 20:13:30,960 INFO    : Snapshot:1	0	10	Epoch:12	Loss:2.178	MRR:21.51	Hits@10:38.09	Best:21.51
2025-01-08 20:13:38,866 INFO    : Snapshot:1	0	10	Epoch:13	Loss:2.141	MRR:21.64	Hits@10:38.31	Best:21.64
2025-01-08 20:13:46,673 INFO    : Snapshot:1	0	10	Epoch:14	Loss:2.135	MRR:21.78	Hits@10:38.66	Best:21.78
2025-01-08 20:13:54,458 INFO    : Snapshot:1	0	10	Epoch:15	Loss:2.062	MRR:21.8	Hits@10:38.61	Best:21.8
2025-01-08 20:14:02,493 INFO    : Snapshot:1	0	10	Epoch:16	Loss:2.044	MRR:21.86	Hits@10:38.8	Best:21.86
2025-01-08 20:14:10,417 INFO    : Snapshot:1	0	10	Epoch:17	Loss:2.014	MRR:21.93	Hits@10:38.98	Best:21.93
2025-01-08 20:14:18,415 INFO    : Snapshot:1	1	10	Epoch:18	Loss:1.986	MRR:21.86	Hits@10:38.75	Best:21.93
2025-01-08 20:14:26,472 INFO    : Snapshot:1	0	10	Epoch:19	Loss:1.954	MRR:22.03	Hits@10:39.29	Best:22.03
2025-01-08 20:14:34,393 INFO    : Snapshot:1	1	10	Epoch:20	Loss:1.965	MRR:21.94	Hits@10:38.92	Best:22.03
2025-01-08 20:14:42,290 INFO    : Snapshot:1	0	10	Epoch:21	Loss:1.923	MRR:22.1	Hits@10:39.29	Best:22.1
2025-01-08 20:14:50,330 INFO    : Snapshot:1	0	10	Epoch:22	Loss:1.904	MRR:22.45	Hits@10:39.63	Best:22.45
2025-01-08 20:14:58,158 INFO    : Snapshot:1	1	10	Epoch:23	Loss:1.891	MRR:22.14	Hits@10:39.35	Best:22.45
2025-01-08 20:15:05,877 INFO    : Snapshot:1	2	10	Epoch:24	Loss:1.876	MRR:22.21	Hits@10:39.66	Best:22.45
2025-01-08 20:15:13,727 INFO    : Snapshot:1	3	10	Epoch:25	Loss:1.852	MRR:22.32	Hits@10:39.41	Best:22.45
2025-01-08 20:15:21,639 INFO    : Snapshot:1	4	10	Epoch:26	Loss:1.833	MRR:22.28	Hits@10:39.46	Best:22.45
2025-01-08 20:15:29,464 INFO    : Snapshot:1	5	10	Epoch:27	Loss:1.825	MRR:22.37	Hits@10:39.6	Best:22.45
2025-01-08 20:15:37,303 INFO    : Snapshot:1	0	10	Epoch:28	Loss:1.821	MRR:22.5	Hits@10:39.91	Best:22.5
2025-01-08 20:15:45,095 INFO    : Snapshot:1	1	10	Epoch:29	Loss:1.799	MRR:22.29	Hits@10:39.67	Best:22.5
2025-01-08 20:15:52,881 INFO    : Snapshot:1	2	10	Epoch:30	Loss:1.808	MRR:22.45	Hits@10:40.23	Best:22.5
2025-01-08 20:16:00,694 INFO    : Snapshot:1	0	10	Epoch:31	Loss:1.783	MRR:22.59	Hits@10:40.21	Best:22.59
2025-01-08 20:16:08,670 INFO    : Snapshot:1	1	10	Epoch:32	Loss:1.791	MRR:22.53	Hits@10:39.94	Best:22.59
2025-01-08 20:16:16,628 INFO    : Snapshot:1	2	10	Epoch:33	Loss:1.754	MRR:22.33	Hits@10:39.74	Best:22.59
2025-01-08 20:16:24,508 INFO    : Snapshot:1	3	10	Epoch:34	Loss:1.753	MRR:22.57	Hits@10:40.24	Best:22.59
2025-01-08 20:16:32,408 INFO    : Snapshot:1	0	10	Epoch:35	Loss:1.757	MRR:22.71	Hits@10:40.16	Best:22.71
2025-01-08 20:16:40,332 INFO    : Snapshot:1	0	10	Epoch:36	Loss:1.754	MRR:22.78	Hits@10:40.14	Best:22.78
2025-01-08 20:16:48,233 INFO    : Snapshot:1	1	10	Epoch:37	Loss:1.747	MRR:22.65	Hits@10:39.92	Best:22.78
2025-01-08 20:16:56,035 INFO    : Snapshot:1	2	10	Epoch:38	Loss:1.716	MRR:22.73	Hits@10:40.18	Best:22.78
2025-01-08 20:17:03,874 INFO    : Snapshot:1	0	10	Epoch:39	Loss:1.731	MRR:23.0	Hits@10:40.41	Best:23.0
2025-01-08 20:17:11,753 INFO    : Snapshot:1	1	10	Epoch:40	Loss:1.715	MRR:22.76	Hits@10:40.04	Best:23.0
2025-01-08 20:17:19,706 INFO    : Snapshot:1	2	10	Epoch:41	Loss:1.703	MRR:22.82	Hits@10:40.41	Best:23.0
2025-01-08 20:17:27,706 INFO    : Snapshot:1	3	10	Epoch:42	Loss:1.691	MRR:22.84	Hits@10:40.63	Best:23.0
2025-01-08 20:17:35,735 INFO    : Snapshot:1	4	10	Epoch:43	Loss:1.688	MRR:22.76	Hits@10:40.4	Best:23.0
2025-01-08 20:17:43,526 INFO    : Snapshot:1	5	10	Epoch:44	Loss:1.69	MRR:22.89	Hits@10:40.49	Best:23.0
2025-01-08 20:17:51,342 INFO    : Snapshot:1	6	10	Epoch:45	Loss:1.675	MRR:22.97	Hits@10:40.69	Best:23.0
2025-01-08 20:17:59,049 INFO    : Snapshot:1	7	10	Epoch:46	Loss:1.671	MRR:22.94	Hits@10:40.72	Best:23.0
2025-01-08 20:18:06,918 INFO    : Snapshot:1	8	10	Epoch:47	Loss:1.672	MRR:22.89	Hits@10:40.39	Best:23.0
2025-01-08 20:18:15,004 INFO    : Snapshot:1	9	10	Epoch:48	Loss:1.679	MRR:22.77	Hits@10:40.48	Best:23.0
2025-01-08 20:18:23,030 INFO    : Early Stopping! Snapshot:1 Epoch: 49 Best Results: 23.0
2025-01-08 20:18:23,130 INFO    : => loading checkpoint './checkpoint/ENTITY\1model_best.tar'
2025-01-08 20:18:28,646 INFO    : 
+------------+--------+--------+--------+--------+---------+
| Snapshot:1 |  MRR   | Hits@1 | Hits@3 | Hits@5 | Hits@10 |
+------------+--------+--------+--------+--------+---------+
|     0      | 0.3297 | 0.2143 | 0.3758 | 0.4509 |  0.5544 |
|     1      | 0.2323 | 0.1429 | 0.2588 | 0.3192 |  0.4055 |
+------------+--------+--------+--------+--------+---------+
2025-01-08 20:18:45,284 INFO    : Snapshot:2	0	10	Epoch:0	Loss:12.905	MRR:14.76	Hits@10:26.31	Best:14.76
2025-01-08 20:18:54,513 INFO    : Snapshot:2	0	10	Epoch:1	Loss:4.434	MRR:16.9	Hits@10:29.86	Best:16.9
2025-01-08 20:19:03,937 INFO    : Snapshot:2	0	10	Epoch:2	Loss:3.644	MRR:17.56	Hits@10:31.34	Best:17.56
2025-01-08 20:19:12,927 INFO    : Snapshot:2	0	10	Epoch:3	Loss:3.259	MRR:18.06	Hits@10:32.12	Best:18.06
2025-01-08 20:19:21,863 INFO    : Snapshot:2	0	10	Epoch:4	Loss:3.026	MRR:18.45	Hits@10:32.66	Best:18.45
2025-01-08 20:19:30,853 INFO    : Snapshot:2	0	10	Epoch:5	Loss:2.878	MRR:18.83	Hits@10:33.45	Best:18.83
2025-01-08 20:19:39,758 INFO    : Snapshot:2	0	10	Epoch:6	Loss:2.741	MRR:19.05	Hits@10:33.66	Best:19.05
2025-01-08 20:19:48,665 INFO    : Snapshot:2	0	10	Epoch:7	Loss:2.608	MRR:19.15	Hits@10:33.78	Best:19.15
2025-01-08 20:19:57,679 INFO    : Snapshot:2	0	10	Epoch:8	Loss:2.543	MRR:19.29	Hits@10:34.17	Best:19.29
2025-01-08 20:20:06,595 INFO    : Snapshot:2	0	10	Epoch:9	Loss:2.455	MRR:19.33	Hits@10:34.28	Best:19.33
2025-01-08 20:20:15,844 INFO    : Snapshot:2	0	10	Epoch:10	Loss:2.407	MRR:19.74	Hits@10:34.46	Best:19.74
2025-01-08 20:20:25,181 INFO    : Snapshot:2	1	10	Epoch:11	Loss:2.341	MRR:19.74	Hits@10:34.8	Best:19.74
2025-01-08 20:20:34,329 INFO    : Snapshot:2	2	10	Epoch:12	Loss:2.313	MRR:19.6	Hits@10:34.88	Best:19.74
2025-01-08 20:20:43,216 INFO    : Snapshot:2	3	10	Epoch:13	Loss:2.292	MRR:19.68	Hits@10:35.02	Best:19.74
2025-01-08 20:20:52,183 INFO    : Snapshot:2	0	10	Epoch:14	Loss:2.257	MRR:19.81	Hits@10:34.96	Best:19.81
2025-01-08 20:21:01,188 INFO    : Snapshot:2	0	10	Epoch:15	Loss:2.223	MRR:19.83	Hits@10:35.24	Best:19.83
2025-01-08 20:21:10,240 INFO    : Snapshot:2	0	10	Epoch:16	Loss:2.19	MRR:19.92	Hits@10:35.19	Best:19.92
2025-01-08 20:21:19,286 INFO    : Snapshot:2	0	10	Epoch:17	Loss:2.143	MRR:20.03	Hits@10:35.41	Best:20.03
2025-01-08 20:21:28,409 INFO    : Snapshot:2	0	10	Epoch:18	Loss:2.139	MRR:20.33	Hits@10:35.45	Best:20.33
2025-01-08 20:21:37,382 INFO    : Snapshot:2	1	10	Epoch:19	Loss:2.132	MRR:20.13	Hits@10:35.35	Best:20.33
2025-01-08 20:21:46,369 INFO    : Snapshot:2	2	10	Epoch:20	Loss:2.114	MRR:20.2	Hits@10:35.73	Best:20.33
2025-01-08 20:21:55,292 INFO    : Snapshot:2	3	10	Epoch:21	Loss:2.053	MRR:20.08	Hits@10:35.86	Best:20.33
2025-01-08 20:22:04,137 INFO    : Snapshot:2	4	10	Epoch:22	Loss:2.067	MRR:20.23	Hits@10:35.58	Best:20.33
2025-01-08 20:22:13,167 INFO    : Snapshot:2	0	10	Epoch:23	Loss:2.018	MRR:20.35	Hits@10:35.86	Best:20.35
2025-01-08 20:22:22,282 INFO    : Snapshot:2	0	10	Epoch:24	Loss:2.031	MRR:20.48	Hits@10:35.98	Best:20.48
2025-01-08 20:22:31,412 INFO    : Snapshot:2	1	10	Epoch:25	Loss:2.014	MRR:20.44	Hits@10:36.02	Best:20.48
2025-01-08 20:22:40,417 INFO    : Snapshot:2	2	10	Epoch:26	Loss:2.03	MRR:20.29	Hits@10:35.82	Best:20.48
2025-01-08 20:22:49,497 INFO    : Snapshot:2	3	10	Epoch:27	Loss:1.98	MRR:20.19	Hits@10:35.88	Best:20.48
2025-01-08 20:22:58,505 INFO    : Snapshot:2	4	10	Epoch:28	Loss:1.982	MRR:20.1	Hits@10:35.77	Best:20.48
2025-01-08 20:23:07,538 INFO    : Snapshot:2	5	10	Epoch:29	Loss:1.975	MRR:20.28	Hits@10:36.0	Best:20.48
2025-01-08 20:23:16,877 INFO    : Snapshot:2	0	10	Epoch:30	Loss:1.969	MRR:20.56	Hits@10:35.97	Best:20.56
2025-01-08 20:23:25,969 INFO    : Snapshot:2	1	10	Epoch:31	Loss:1.948	MRR:20.4	Hits@10:35.83	Best:20.56
2025-01-08 20:23:35,041 INFO    : Snapshot:2	2	10	Epoch:32	Loss:1.96	MRR:20.52	Hits@10:36.06	Best:20.56
2025-01-08 20:23:43,940 INFO    : Snapshot:2	3	10	Epoch:33	Loss:1.934	MRR:20.45	Hits@10:36.01	Best:20.56
2025-01-08 20:23:52,973 INFO    : Snapshot:2	0	10	Epoch:34	Loss:1.925	MRR:20.58	Hits@10:36.45	Best:20.58
2025-01-08 20:24:01,852 INFO    : Snapshot:2	1	10	Epoch:35	Loss:1.929	MRR:20.54	Hits@10:36.27	Best:20.58
2025-01-08 20:24:11,007 INFO    : Snapshot:2	2	10	Epoch:36	Loss:1.904	MRR:20.47	Hits@10:36.03	Best:20.58
2025-01-08 20:24:20,198 INFO    : Snapshot:2	3	10	Epoch:37	Loss:1.903	MRR:20.5	Hits@10:36.18	Best:20.58
2025-01-08 20:24:29,356 INFO    : Snapshot:2	0	10	Epoch:38	Loss:1.882	MRR:20.62	Hits@10:36.39	Best:20.62
2025-01-08 20:24:38,481 INFO    : Snapshot:2	1	10	Epoch:39	Loss:1.887	MRR:20.54	Hits@10:36.2	Best:20.62
2025-01-08 20:24:47,953 INFO    : Snapshot:2	2	10	Epoch:40	Loss:1.888	MRR:20.49	Hits@10:36.5	Best:20.62
2025-01-08 20:24:57,309 INFO    : Snapshot:2	3	10	Epoch:41	Loss:1.868	MRR:20.53	Hits@10:36.17	Best:20.62
2025-01-08 20:25:06,514 INFO    : Snapshot:2	4	10	Epoch:42	Loss:1.859	MRR:20.41	Hits@10:36.06	Best:20.62
2025-01-08 20:25:15,509 INFO    : Snapshot:2	5	10	Epoch:43	Loss:1.848	MRR:20.52	Hits@10:36.37	Best:20.62
2025-01-08 20:25:24,478 INFO    : Snapshot:2	0	10	Epoch:44	Loss:1.842	MRR:20.65	Hits@10:36.44	Best:20.65
2025-01-08 20:25:33,313 INFO    : Snapshot:2	1	10	Epoch:45	Loss:1.836	MRR:20.58	Hits@10:36.22	Best:20.65
2025-01-08 20:25:42,239 INFO    : Snapshot:2	0	10	Epoch:46	Loss:1.84	MRR:20.72	Hits@10:36.66	Best:20.72
2025-01-08 20:25:51,277 INFO    : Snapshot:2	1	10	Epoch:47	Loss:1.827	MRR:20.56	Hits@10:36.59	Best:20.72
2025-01-08 20:26:00,327 INFO    : Snapshot:2	2	10	Epoch:48	Loss:1.821	MRR:20.63	Hits@10:36.49	Best:20.72
2025-01-08 20:26:09,725 INFO    : Snapshot:2	3	10	Epoch:49	Loss:1.83	MRR:20.62	Hits@10:36.52	Best:20.72
2025-01-08 20:26:18,939 INFO    : Snapshot:2	4	10	Epoch:50	Loss:1.823	MRR:20.51	Hits@10:36.18	Best:20.72
2025-01-08 20:26:28,200 INFO    : Snapshot:2	0	10	Epoch:51	Loss:1.796	MRR:20.73	Hits@10:36.6	Best:20.73
2025-01-08 20:26:37,372 INFO    : Snapshot:2	1	10	Epoch:52	Loss:1.817	MRR:20.66	Hits@10:36.45	Best:20.73
2025-01-08 20:26:46,314 INFO    : Snapshot:2	2	10	Epoch:53	Loss:1.829	MRR:20.59	Hits@10:36.61	Best:20.73
2025-01-08 20:26:55,308 INFO    : Snapshot:2	3	10	Epoch:54	Loss:1.825	MRR:20.72	Hits@10:36.37	Best:20.73
2025-01-08 20:27:04,371 INFO    : Snapshot:2	0	10	Epoch:55	Loss:1.802	MRR:20.86	Hits@10:36.45	Best:20.86
2025-01-08 20:27:13,470 INFO    : Snapshot:2	0	10	Epoch:56	Loss:1.79	MRR:20.89	Hits@10:36.54	Best:20.89
2025-01-08 20:27:22,499 INFO    : Snapshot:2	0	10	Epoch:57	Loss:1.809	MRR:20.92	Hits@10:36.74	Best:20.92
2025-01-08 20:27:31,735 INFO    : Snapshot:2	0	10	Epoch:58	Loss:1.776	MRR:20.93	Hits@10:36.8	Best:20.93
2025-01-08 20:27:40,811 INFO    : Snapshot:2	1	10	Epoch:59	Loss:1.803	MRR:20.78	Hits@10:36.54	Best:20.93
2025-01-08 20:27:49,598 INFO    : Snapshot:2	2	10	Epoch:60	Loss:1.788	MRR:20.69	Hits@10:36.36	Best:20.93
2025-01-08 20:27:58,501 INFO    : Snapshot:2	3	10	Epoch:61	Loss:1.778	MRR:20.91	Hits@10:36.64	Best:20.93
2025-01-08 20:28:07,388 INFO    : Snapshot:2	4	10	Epoch:62	Loss:1.761	MRR:20.79	Hits@10:36.32	Best:20.93
2025-01-08 20:28:16,467 INFO    : Snapshot:2	5	10	Epoch:63	Loss:1.754	MRR:20.89	Hits@10:36.66	Best:20.93
2025-01-08 20:28:25,544 INFO    : Snapshot:2	6	10	Epoch:64	Loss:1.77	MRR:20.71	Hits@10:36.56	Best:20.93
2025-01-08 20:28:34,522 INFO    : Snapshot:2	7	10	Epoch:65	Loss:1.77	MRR:20.81	Hits@10:36.92	Best:20.93
2025-01-08 20:28:43,574 INFO    : Snapshot:2	8	10	Epoch:66	Loss:1.767	MRR:20.8	Hits@10:36.71	Best:20.93
2025-01-08 20:28:52,701 INFO    : Snapshot:2	9	10	Epoch:67	Loss:1.743	MRR:20.88	Hits@10:36.63	Best:20.93
2025-01-08 20:29:01,684 INFO    : Early Stopping! Snapshot:2 Epoch: 68 Best Results: 20.93
2025-01-08 20:29:01,777 INFO    : => loading checkpoint './checkpoint/ENTITY\2model_best.tar'
2025-01-08 20:29:11,537 INFO    : 
+------------+--------+--------+--------+--------+---------+
| Snapshot:2 |  MRR   | Hits@1 | Hits@3 | Hits@5 | Hits@10 |
+------------+--------+--------+--------+--------+---------+
|     0      | 0.3297 | 0.2143 | 0.3758 | 0.4509 |  0.5544 |
|     1      | 0.2323 | 0.1429 | 0.2588 | 0.3192 |  0.4055 |
|     2      | 0.2087 | 0.1253 | 0.2332 | 0.2878 |  0.3693 |
+------------+--------+--------+--------+--------+---------+
2025-01-08 20:29:29,355 INFO    : Snapshot:3	0	10	Epoch:0	Loss:11.819	MRR:14.07	Hits@10:24.64	Best:14.07
2025-01-08 20:29:39,158 INFO    : Snapshot:3	0	10	Epoch:1	Loss:3.723	MRR:16.0	Hits@10:28.21	Best:16.0
2025-01-08 20:29:48,901 INFO    : Snapshot:3	0	10	Epoch:2	Loss:3.066	MRR:16.66	Hits@10:29.94	Best:16.66
2025-01-08 20:29:58,738 INFO    : Snapshot:3	0	10	Epoch:3	Loss:2.742	MRR:17.36	Hits@10:31.35	Best:17.36
2025-01-08 20:30:08,411 INFO    : Snapshot:3	0	10	Epoch:4	Loss:2.536	MRR:17.79	Hits@10:31.7	Best:17.79
2025-01-08 20:30:18,440 INFO    : Snapshot:3	0	10	Epoch:5	Loss:2.368	MRR:18.08	Hits@10:32.02	Best:18.08
2025-01-08 20:30:28,473 INFO    : Snapshot:3	0	10	Epoch:6	Loss:2.29	MRR:18.28	Hits@10:32.57	Best:18.28
2025-01-08 20:30:38,465 INFO    : Snapshot:3	0	10	Epoch:7	Loss:2.153	MRR:18.42	Hits@10:32.86	Best:18.42
2025-01-08 20:30:48,451 INFO    : Snapshot:3	0	10	Epoch:8	Loss:2.112	MRR:18.59	Hits@10:33.15	Best:18.59
2025-01-08 20:30:58,612 INFO    : Snapshot:3	0	10	Epoch:9	Loss:2.069	MRR:18.63	Hits@10:33.39	Best:18.63
2025-01-08 20:31:08,571 INFO    : Snapshot:3	0	10	Epoch:10	Loss:2.002	MRR:18.74	Hits@10:33.36	Best:18.74
2025-01-08 20:31:18,500 INFO    : Snapshot:3	0	10	Epoch:11	Loss:1.966	MRR:18.85	Hits@10:33.99	Best:18.85
2025-01-08 20:31:28,284 INFO    : Snapshot:3	1	10	Epoch:12	Loss:1.936	MRR:18.78	Hits@10:34.0	Best:18.85
2025-01-08 20:31:37,911 INFO    : Snapshot:3	2	10	Epoch:13	Loss:1.922	MRR:18.74	Hits@10:33.76	Best:18.85
2025-01-08 20:31:47,598 INFO    : Snapshot:3	3	10	Epoch:14	Loss:1.867	MRR:18.69	Hits@10:33.62	Best:18.85
2025-01-08 20:31:57,337 INFO    : Snapshot:3	0	10	Epoch:15	Loss:1.824	MRR:19.0	Hits@10:33.97	Best:19.0
2025-01-08 20:32:07,038 INFO    : Snapshot:3	0	10	Epoch:16	Loss:1.811	MRR:19.1	Hits@10:34.11	Best:19.1
2025-01-08 20:32:16,981 INFO    : Snapshot:3	1	10	Epoch:17	Loss:1.817	MRR:19.01	Hits@10:33.83	Best:19.1
2025-01-08 20:32:27,037 INFO    : Snapshot:3	0	10	Epoch:18	Loss:1.762	MRR:19.11	Hits@10:34.24	Best:19.11
2025-01-08 20:32:36,984 INFO    : Snapshot:3	0	10	Epoch:19	Loss:1.784	MRR:19.26	Hits@10:34.25	Best:19.26
2025-01-08 20:32:46,872 INFO    : Snapshot:3	1	10	Epoch:20	Loss:1.739	MRR:19.08	Hits@10:33.96	Best:19.26
2025-01-08 20:32:56,753 INFO    : Snapshot:3	0	10	Epoch:21	Loss:1.737	MRR:19.28	Hits@10:34.68	Best:19.28
2025-01-08 20:33:06,442 INFO    : Snapshot:3	1	10	Epoch:22	Loss:1.721	MRR:19.1	Hits@10:34.65	Best:19.28
2025-01-08 20:33:16,286 INFO    : Snapshot:3	2	10	Epoch:23	Loss:1.723	MRR:19.23	Hits@10:34.54	Best:19.28
2025-01-08 20:33:26,111 INFO    : Snapshot:3	3	10	Epoch:24	Loss:1.715	MRR:19.11	Hits@10:34.53	Best:19.28
2025-01-08 20:33:35,958 INFO    : Snapshot:3	0	10	Epoch:25	Loss:1.696	MRR:19.36	Hits@10:34.66	Best:19.36
2025-01-08 20:33:45,557 INFO    : Snapshot:3	1	10	Epoch:26	Loss:1.681	MRR:19.33	Hits@10:34.52	Best:19.36
2025-01-08 20:33:55,307 INFO    : Snapshot:3	2	10	Epoch:27	Loss:1.643	MRR:19.31	Hits@10:34.59	Best:19.36
2025-01-08 20:34:04,992 INFO    : Snapshot:3	0	10	Epoch:28	Loss:1.676	MRR:19.46	Hits@10:34.57	Best:19.46
2025-01-08 20:34:14,909 INFO    : Snapshot:3	1	10	Epoch:29	Loss:1.651	MRR:19.37	Hits@10:34.6	Best:19.46
2025-01-08 20:34:24,744 INFO    : Snapshot:3	2	10	Epoch:30	Loss:1.649	MRR:19.31	Hits@10:34.66	Best:19.46
2025-01-08 20:34:34,740 INFO    : Snapshot:3	3	10	Epoch:31	Loss:1.652	MRR:19.24	Hits@10:34.59	Best:19.46
2025-01-08 20:34:44,516 INFO    : Snapshot:3	4	10	Epoch:32	Loss:1.621	MRR:19.44	Hits@10:34.69	Best:19.46
2025-01-08 20:34:54,412 INFO    : Snapshot:3	5	10	Epoch:33	Loss:1.616	MRR:19.41	Hits@10:34.85	Best:19.46
2025-01-08 20:35:04,274 INFO    : Snapshot:3	6	10	Epoch:34	Loss:1.615	MRR:19.37	Hits@10:34.96	Best:19.46
2025-01-08 20:35:14,130 INFO    : Snapshot:3	7	10	Epoch:35	Loss:1.602	MRR:19.38	Hits@10:34.84	Best:19.46
2025-01-08 20:35:23,977 INFO    : Snapshot:3	8	10	Epoch:36	Loss:1.598	MRR:19.44	Hits@10:34.5	Best:19.46
2025-01-08 20:35:33,918 INFO    : Snapshot:3	0	10	Epoch:37	Loss:1.616	MRR:19.55	Hits@10:34.99	Best:19.55
2025-01-08 20:35:43,765 INFO    : Snapshot:3	0	10	Epoch:38	Loss:1.59	MRR:19.62	Hits@10:35.2	Best:19.62
2025-01-08 20:35:53,443 INFO    : Snapshot:3	1	10	Epoch:39	Loss:1.584	MRR:19.42	Hits@10:34.89	Best:19.62
2025-01-08 20:36:03,026 INFO    : Snapshot:3	2	10	Epoch:40	Loss:1.602	MRR:19.56	Hits@10:35.14	Best:19.62
2025-01-08 20:36:13,151 INFO    : Snapshot:3	3	10	Epoch:41	Loss:1.568	MRR:19.54	Hits@10:35.37	Best:19.62
2025-01-08 20:36:23,119 INFO    : Snapshot:3	4	10	Epoch:42	Loss:1.554	MRR:19.61	Hits@10:35.17	Best:19.62
2025-01-08 20:36:33,111 INFO    : Snapshot:3	5	10	Epoch:43	Loss:1.563	MRR:19.47	Hits@10:35.31	Best:19.62
2025-01-08 20:36:43,033 INFO    : Snapshot:3	6	10	Epoch:44	Loss:1.552	MRR:19.57	Hits@10:35.01	Best:19.62
2025-01-08 20:36:53,098 INFO    : Snapshot:3	0	10	Epoch:45	Loss:1.564	MRR:19.63	Hits@10:35.1	Best:19.63
2025-01-08 20:37:03,133 INFO    : Snapshot:3	1	10	Epoch:46	Loss:1.568	MRR:19.44	Hits@10:34.93	Best:19.63
2025-01-08 20:37:12,847 INFO    : Snapshot:3	0	10	Epoch:47	Loss:1.529	MRR:19.65	Hits@10:35.1	Best:19.65
2025-01-08 20:37:22,596 INFO    : Snapshot:3	0	10	Epoch:48	Loss:1.527	MRR:19.68	Hits@10:35.06	Best:19.68
2025-01-08 20:37:32,364 INFO    : Snapshot:3	1	10	Epoch:49	Loss:1.544	MRR:19.68	Hits@10:35.21	Best:19.68
2025-01-08 20:37:42,094 INFO    : Snapshot:3	2	10	Epoch:50	Loss:1.553	MRR:19.62	Hits@10:35.03	Best:19.68
2025-01-08 20:37:52,002 INFO    : Snapshot:3	0	10	Epoch:51	Loss:1.522	MRR:19.72	Hits@10:35.4	Best:19.72
2025-01-08 20:38:01,776 INFO    : Snapshot:3	1	10	Epoch:52	Loss:1.523	MRR:19.72	Hits@10:34.95	Best:19.72
2025-01-08 20:38:11,603 INFO    : Snapshot:3	2	10	Epoch:53	Loss:1.533	MRR:19.62	Hits@10:35.09	Best:19.72
2025-01-08 20:38:21,621 INFO    : Snapshot:3	3	10	Epoch:54	Loss:1.52	MRR:19.6	Hits@10:35.15	Best:19.72
2025-01-08 20:38:31,642 INFO    : Snapshot:3	4	10	Epoch:55	Loss:1.508	MRR:19.59	Hits@10:35.06	Best:19.72
2025-01-08 20:38:41,504 INFO    : Snapshot:3	5	10	Epoch:56	Loss:1.503	MRR:19.7	Hits@10:35.3	Best:19.72
2025-01-08 20:38:51,211 INFO    : Snapshot:3	6	10	Epoch:57	Loss:1.506	MRR:19.67	Hits@10:35.02	Best:19.72
2025-01-08 20:39:00,979 INFO    : Snapshot:3	0	10	Epoch:58	Loss:1.515	MRR:19.83	Hits@10:35.19	Best:19.83
2025-01-08 20:39:10,738 INFO    : Snapshot:3	1	10	Epoch:59	Loss:1.517	MRR:19.47	Hits@10:35.2	Best:19.83
2025-01-08 20:39:20,614 INFO    : Snapshot:3	2	10	Epoch:60	Loss:1.503	MRR:19.58	Hits@10:35.41	Best:19.83
2025-01-08 20:39:30,792 INFO    : Snapshot:3	3	10	Epoch:61	Loss:1.486	MRR:19.8	Hits@10:35.29	Best:19.83
2025-01-08 20:39:40,503 INFO    : Snapshot:3	4	10	Epoch:62	Loss:1.5	MRR:19.57	Hits@10:35.05	Best:19.83
2025-01-08 20:39:50,138 INFO    : Snapshot:3	5	10	Epoch:63	Loss:1.482	MRR:19.6	Hits@10:34.96	Best:19.83
2025-01-08 20:39:59,816 INFO    : Snapshot:3	6	10	Epoch:64	Loss:1.485	MRR:19.69	Hits@10:35.01	Best:19.83
2025-01-08 20:40:09,562 INFO    : Snapshot:3	7	10	Epoch:65	Loss:1.489	MRR:19.64	Hits@10:35.03	Best:19.83
2025-01-08 20:40:19,385 INFO    : Snapshot:3	8	10	Epoch:66	Loss:1.497	MRR:19.59	Hits@10:35.02	Best:19.83
2025-01-08 20:40:29,179 INFO    : Snapshot:3	9	10	Epoch:67	Loss:1.493	MRR:19.57	Hits@10:35.13	Best:19.83
2025-01-08 20:40:39,095 INFO    : Early Stopping! Snapshot:3 Epoch: 68 Best Results: 19.83
2025-01-08 20:40:39,189 INFO    : => loading checkpoint './checkpoint/ENTITY\3model_best.tar'
2025-01-08 20:40:54,413 INFO    : 
+------------+--------+--------+--------+--------+---------+
| Snapshot:3 |  MRR   | Hits@1 | Hits@3 | Hits@5 | Hits@10 |
+------------+--------+--------+--------+--------+---------+
|     0      | 0.3297 | 0.2143 | 0.3758 | 0.4509 |  0.5544 |
|     1      | 0.2323 | 0.1429 | 0.2588 | 0.3192 |  0.4055 |
|     2      | 0.2087 | 0.1253 | 0.2332 | 0.2878 |  0.3693 |
|     3      | 0.1986 | 0.119  | 0.2225 | 0.2757 |  0.3507 |
+------------+--------+--------+--------+--------+---------+
2025-01-08 20:41:10,056 INFO    : Snapshot:4	0	10	Epoch:0	Loss:8.994	MRR:17.89	Hits@10:29.43	Best:17.89
2025-01-08 20:41:17,793 INFO    : Snapshot:4	0	10	Epoch:1	Loss:1.975	MRR:20.21	Hits@10:34.16	Best:20.21
2025-01-08 20:41:25,581 INFO    : Snapshot:4	0	10	Epoch:2	Loss:1.484	MRR:21.25	Hits@10:36.33	Best:21.25
2025-01-08 20:41:33,319 INFO    : Snapshot:4	0	10	Epoch:3	Loss:1.306	MRR:21.67	Hits@10:37.44	Best:21.67
2025-01-08 20:41:41,152 INFO    : Snapshot:4	0	10	Epoch:4	Loss:1.186	MRR:22.22	Hits@10:38.63	Best:22.22
2025-01-08 20:41:48,917 INFO    : Snapshot:4	0	10	Epoch:5	Loss:1.093	MRR:22.47	Hits@10:39.15	Best:22.47
2025-01-08 20:41:56,719 INFO    : Snapshot:4	0	10	Epoch:6	Loss:1.048	MRR:22.64	Hits@10:39.41	Best:22.64
2025-01-08 20:42:04,583 INFO    : Snapshot:4	0	10	Epoch:7	Loss:0.993	MRR:22.93	Hits@10:39.7	Best:22.93
2025-01-08 20:42:12,520 INFO    : Snapshot:4	0	10	Epoch:8	Loss:0.953	MRR:23.08	Hits@10:39.91	Best:23.08
2025-01-08 20:42:20,358 INFO    : Snapshot:4	0	10	Epoch:9	Loss:0.908	MRR:23.18	Hits@10:40.38	Best:23.18
2025-01-08 20:42:28,163 INFO    : Snapshot:4	1	10	Epoch:10	Loss:0.878	MRR:23.17	Hits@10:40.52	Best:23.18
2025-01-08 20:42:35,998 INFO    : Snapshot:4	0	10	Epoch:11	Loss:0.866	MRR:23.24	Hits@10:40.5	Best:23.24
2025-01-08 20:42:43,889 INFO    : Snapshot:4	0	10	Epoch:12	Loss:0.847	MRR:23.42	Hits@10:40.58	Best:23.42
2025-01-08 20:42:51,766 INFO    : Snapshot:4	0	10	Epoch:13	Loss:0.827	MRR:23.45	Hits@10:41.12	Best:23.45
2025-01-08 20:42:59,601 INFO    : Snapshot:4	0	10	Epoch:14	Loss:0.823	MRR:23.76	Hits@10:41.2	Best:23.76
2025-01-08 20:43:07,659 INFO    : Snapshot:4	1	10	Epoch:15	Loss:0.814	MRR:23.72	Hits@10:41.09	Best:23.76
2025-01-08 20:43:15,335 INFO    : Snapshot:4	0	10	Epoch:16	Loss:0.793	MRR:23.91	Hits@10:41.43	Best:23.91
2025-01-08 20:43:23,089 INFO    : Snapshot:4	1	10	Epoch:17	Loss:0.775	MRR:23.77	Hits@10:41.34	Best:23.91
2025-01-08 20:43:30,842 INFO    : Snapshot:4	2	10	Epoch:18	Loss:0.764	MRR:23.76	Hits@10:41.25	Best:23.91
2025-01-08 20:43:38,497 INFO    : Snapshot:4	3	10	Epoch:19	Loss:0.759	MRR:23.84	Hits@10:41.62	Best:23.91
2025-01-08 20:43:46,187 INFO    : Snapshot:4	4	10	Epoch:20	Loss:0.742	MRR:23.56	Hits@10:41.13	Best:23.91
2025-01-08 20:43:53,899 INFO    : Snapshot:4	5	10	Epoch:21	Loss:0.738	MRR:23.66	Hits@10:41.48	Best:23.91
2025-01-08 20:44:01,627 INFO    : Snapshot:4	6	10	Epoch:22	Loss:0.731	MRR:23.64	Hits@10:41.44	Best:23.91
2025-01-08 20:44:09,485 INFO    : Snapshot:4	0	10	Epoch:23	Loss:0.737	MRR:24.08	Hits@10:41.94	Best:24.08
2025-01-08 20:44:17,221 INFO    : Snapshot:4	1	10	Epoch:24	Loss:0.713	MRR:23.85	Hits@10:41.51	Best:24.08
2025-01-08 20:44:24,898 INFO    : Snapshot:4	2	10	Epoch:25	Loss:0.709	MRR:23.91	Hits@10:41.5	Best:24.08
2025-01-08 20:44:32,607 INFO    : Snapshot:4	3	10	Epoch:26	Loss:0.718	MRR:23.92	Hits@10:42.07	Best:24.08
2025-01-08 20:44:40,282 INFO    : Snapshot:4	4	10	Epoch:27	Loss:0.7	MRR:23.76	Hits@10:41.86	Best:24.08
2025-01-08 20:44:48,019 INFO    : Snapshot:4	5	10	Epoch:28	Loss:0.704	MRR:23.88	Hits@10:41.7	Best:24.08
2025-01-08 20:44:55,783 INFO    : Snapshot:4	6	10	Epoch:29	Loss:0.697	MRR:24.0	Hits@10:41.94	Best:24.08
2025-01-08 20:45:04,467 INFO    : Snapshot:4	7	10	Epoch:30	Loss:0.687	MRR:24.01	Hits@10:41.74	Best:24.08
2025-01-08 20:45:12,945 INFO    : Snapshot:4	8	10	Epoch:31	Loss:0.696	MRR:23.95	Hits@10:42.13	Best:24.08
2025-01-08 20:45:20,656 INFO    : Snapshot:4	9	10	Epoch:32	Loss:0.699	MRR:23.94	Hits@10:41.91	Best:24.08
2025-01-08 20:45:28,496 INFO    : Snapshot:4	0	10	Epoch:33	Loss:0.674	MRR:24.09	Hits@10:42.07	Best:24.09
2025-01-08 20:45:36,404 INFO    : Snapshot:4	0	10	Epoch:34	Loss:0.672	MRR:24.16	Hits@10:42.01	Best:24.16
2025-01-08 20:45:44,009 INFO    : Snapshot:4	1	10	Epoch:35	Loss:0.673	MRR:24.02	Hits@10:42.0	Best:24.16
2025-01-08 20:45:51,611 INFO    : Snapshot:4	2	10	Epoch:36	Loss:0.668	MRR:23.87	Hits@10:41.8	Best:24.16
2025-01-08 20:45:59,293 INFO    : Snapshot:4	3	10	Epoch:37	Loss:0.657	MRR:24.1	Hits@10:42.02	Best:24.16
2025-01-08 20:46:07,028 INFO    : Snapshot:4	4	10	Epoch:38	Loss:0.66	MRR:24.08	Hits@10:41.94	Best:24.16
2025-01-08 20:46:14,804 INFO    : Snapshot:4	5	10	Epoch:39	Loss:0.657	MRR:24.13	Hits@10:42.38	Best:24.16
2025-01-08 20:46:22,586 INFO    : Snapshot:4	6	10	Epoch:40	Loss:0.658	MRR:24.15	Hits@10:42.21	Best:24.16
2025-01-08 20:46:30,266 INFO    : Snapshot:4	0	10	Epoch:41	Loss:0.654	MRR:24.21	Hits@10:42.26	Best:24.21
2025-01-08 20:46:38,075 INFO    : Snapshot:4	0	10	Epoch:42	Loss:0.652	MRR:24.33	Hits@10:42.54	Best:24.33
2025-01-08 20:46:45,844 INFO    : Snapshot:4	1	10	Epoch:43	Loss:0.655	MRR:24.23	Hits@10:42.26	Best:24.33
2025-01-08 20:46:53,603 INFO    : Snapshot:4	2	10	Epoch:44	Loss:0.661	MRR:24.14	Hits@10:42.31	Best:24.33
2025-01-08 20:47:01,613 INFO    : Snapshot:4	3	10	Epoch:45	Loss:0.642	MRR:24.2	Hits@10:42.3	Best:24.33
2025-01-08 20:47:09,428 INFO    : Snapshot:4	0	10	Epoch:46	Loss:0.642	MRR:24.38	Hits@10:42.69	Best:24.38
2025-01-08 20:47:17,246 INFO    : Snapshot:4	1	10	Epoch:47	Loss:0.628	MRR:24.31	Hits@10:42.39	Best:24.38
2025-01-08 20:47:25,036 INFO    : Snapshot:4	2	10	Epoch:48	Loss:0.636	MRR:24.22	Hits@10:42.62	Best:24.38
2025-01-08 20:47:32,792 INFO    : Snapshot:4	3	10	Epoch:49	Loss:0.639	MRR:23.97	Hits@10:42.24	Best:24.38
2025-01-08 20:47:40,562 INFO    : Snapshot:4	4	10	Epoch:50	Loss:0.617	MRR:24.17	Hits@10:42.68	Best:24.38
2025-01-08 20:47:48,341 INFO    : Snapshot:4	5	10	Epoch:51	Loss:0.634	MRR:24.02	Hits@10:42.12	Best:24.38
2025-01-08 20:47:56,022 INFO    : Snapshot:4	6	10	Epoch:52	Loss:0.625	MRR:24.21	Hits@10:42.29	Best:24.38
2025-01-08 20:48:03,748 INFO    : Snapshot:4	7	10	Epoch:53	Loss:0.617	MRR:24.05	Hits@10:42.38	Best:24.38
2025-01-08 20:48:11,566 INFO    : Snapshot:4	8	10	Epoch:54	Loss:0.619	MRR:23.92	Hits@10:42.22	Best:24.38
2025-01-08 20:48:19,400 INFO    : Snapshot:4	9	10	Epoch:55	Loss:0.628	MRR:23.95	Hits@10:42.08	Best:24.38
2025-01-08 20:48:27,237 INFO    : Early Stopping! Snapshot:4 Epoch: 56 Best Results: 24.38
2025-01-08 20:48:27,333 INFO    : => loading checkpoint './checkpoint/ENTITY\4model_best.tar'
2025-01-08 20:48:48,009 INFO    : 
+------------+--------+--------+--------+--------+---------+
| Snapshot:4 |  MRR   | Hits@1 | Hits@3 | Hits@5 | Hits@10 |
+------------+--------+--------+--------+--------+---------+
|     0      | 0.3297 | 0.2143 | 0.3758 | 0.4509 |  0.5544 |
|     1      | 0.2323 | 0.1429 | 0.2588 | 0.3192 |  0.4055 |
|     2      | 0.2087 | 0.1253 | 0.2332 | 0.2878 |  0.3693 |
|     3      | 0.1986 | 0.119  | 0.2225 | 0.2757 |  0.3507 |
|     4      | 0.2467 | 0.1486 | 0.2906 | 0.3519 |  0.4328 |
+------------+--------+--------+--------+--------+---------+
2025-01-08 20:48:48,011 INFO    : Final Result:
[+------------+--------+--------+--------+--------+---------+
| Snapshot:0 |  MRR   | Hits@1 | Hits@3 | Hits@5 | Hits@10 |
+------------+--------+--------+--------+--------+---------+
|     0      | 0.3297 | 0.2143 | 0.3758 | 0.4509 |  0.5544 |
+------------+--------+--------+--------+--------+---------+, +------------+--------+--------+--------+--------+---------+
| Snapshot:1 |  MRR   | Hits@1 | Hits@3 | Hits@5 | Hits@10 |
+------------+--------+--------+--------+--------+---------+
|     0      | 0.3297 | 0.2143 | 0.3758 | 0.4509 |  0.5544 |
|     1      | 0.2323 | 0.1429 | 0.2588 | 0.3192 |  0.4055 |
+------------+--------+--------+--------+--------+---------+, +------------+--------+--------+--------+--------+---------+
| Snapshot:2 |  MRR   | Hits@1 | Hits@3 | Hits@5 | Hits@10 |
+------------+--------+--------+--------+--------+---------+
|     0      | 0.3297 | 0.2143 | 0.3758 | 0.4509 |  0.5544 |
|     1      | 0.2323 | 0.1429 | 0.2588 | 0.3192 |  0.4055 |
|     2      | 0.2087 | 0.1253 | 0.2332 | 0.2878 |  0.3693 |
+------------+--------+--------+--------+--------+---------+, +------------+--------+--------+--------+--------+---------+
| Snapshot:3 |  MRR   | Hits@1 | Hits@3 | Hits@5 | Hits@10 |
+------------+--------+--------+--------+--------+---------+
|     0      | 0.3297 | 0.2143 | 0.3758 | 0.4509 |  0.5544 |
|     1      | 0.2323 | 0.1429 | 0.2588 | 0.3192 |  0.4055 |
|     2      | 0.2087 | 0.1253 | 0.2332 | 0.2878 |  0.3693 |
|     3      | 0.1986 | 0.119  | 0.2225 | 0.2757 |  0.3507 |
+------------+--------+--------+--------+--------+---------+, +------------+--------+--------+--------+--------+---------+
| Snapshot:4 |  MRR   | Hits@1 | Hits@3 | Hits@5 | Hits@10 |
+------------+--------+--------+--------+--------+---------+
|     0      | 0.3297 | 0.2143 | 0.3758 | 0.4509 |  0.5544 |
|     1      | 0.2323 | 0.1429 | 0.2588 | 0.3192 |  0.4055 |
|     2      | 0.2087 | 0.1253 | 0.2332 | 0.2878 |  0.3693 |
|     3      | 0.1986 | 0.119  | 0.2225 | 0.2757 |  0.3507 |
|     4      | 0.2467 | 0.1486 | 0.2906 | 0.3519 |  0.4328 |
+------------+--------+--------+--------+--------+---------+]
2025-01-08 20:48:48,012 INFO    : Report Result:
+----------+--------------------+-----------+--------------+--------------+---------------+
| Snapshot |        Time        | Whole_MRR | Whole_Hits@1 | Whole_Hits@3 | Whole_Hits@10 |
+----------+--------------------+-----------+--------------+--------------+---------------+
|    0     | 50.820027589797974 |    0.33   |    0.214     |    0.376     |     0.554     |
|    1     | 398.62751030921936 |    0.27   |    0.171     |    0.305     |     0.464     |
|    2     | 628.5544791221619  |   0.247   |    0.153     |    0.277     |     0.428     |
|    3     | 682.0789604187012  |   0.234   |    0.144     |    0.263     |     0.407     |
|    4     | 447.64428210258484 |   0.236   |    0.145     |    0.267     |     0.411     |
+----------+--------------------+-----------+--------------+--------------+---------------+
2025-01-08 20:48:48,013 INFO    : Sum_Training_Time:2207.725259542465
2025-01-08 20:48:48,013 INFO    : Every_Training_Time:[50.820027589797974, 398.62751030921936, 628.5544791221619, 682.0789604187012, 447.64428210258484]
2025-01-08 20:48:48,013 INFO    : Forward transfer: 0.0388 Backward transfer: 0.0
