2025-01-09 20:04:01,536 INFO    : Namespace(batch_size=1024, data_path='./data/ENTITY/', dataset='ENTITY', debug=False, device=device(type='cuda', index=0), emb_dim=200, ent_r='200', epoch_num=200, explore=False, gpu='0', l2=0.0, learning_rate='1e-1', log_path='./logs/ENTITY 200 20 1e-1 1024/ENTITY 20250109200353', logger=<RootLogger root (INFO)>, margin=8.0, model_name='LoraKGE_Layers', multi_layers_path='train_sorted_by_edges_betweenness.txt', neg_ratio=10, note='', num_ent_layers='20', num_layer=1, num_rel_layers='1', patience='10', predict_result=False, r=100, r_fixed=True, random_seed=3407, record=False, rel_r='200', save_path='./checkpoint/ENTITY', skip_previous='False', snapshot_num=5, train_new=True, using_multi_layers=False, using_various_ranks='True', using_various_ranks_reverse=False, valid_metrics='mrr')
2025-01-09 20:04:06,534 INFO    : Snapshot:0	0	10	Epoch:0	Loss:31.76	MRR:16.42	Hits@10:37.45	Best:16.42
2025-01-09 20:04:09,615 INFO    : Snapshot:0	0	10	Epoch:1	Loss:14.914	MRR:28.9	Hits@10:51.36	Best:28.9
2025-01-09 20:04:12,598 INFO    : Snapshot:0	0	10	Epoch:2	Loss:5.763	MRR:32.04	Hits@10:54.63	Best:32.04
2025-01-09 20:04:15,617 INFO    : Snapshot:0	0	10	Epoch:3	Loss:2.642	MRR:32.75	Hits@10:55.27	Best:32.75
2025-01-09 20:04:18,608 INFO    : Snapshot:0	1	10	Epoch:4	Loss:1.635	MRR:32.52	Hits@10:55.1	Best:32.75
2025-01-09 20:04:21,656 INFO    : Snapshot:0	0	10	Epoch:5	Loss:1.198	MRR:32.86	Hits@10:55.32	Best:32.86
2025-01-09 20:04:24,632 INFO    : Snapshot:0	1	10	Epoch:6	Loss:0.967	MRR:32.65	Hits@10:54.76	Best:32.86
2025-01-09 20:04:27,592 INFO    : Snapshot:0	2	10	Epoch:7	Loss:0.844	MRR:32.28	Hits@10:54.43	Best:32.86
2025-01-09 20:04:30,596 INFO    : Snapshot:0	3	10	Epoch:8	Loss:0.753	MRR:32.02	Hits@10:54.54	Best:32.86
2025-01-09 20:04:33,758 INFO    : Snapshot:0	4	10	Epoch:9	Loss:0.688	MRR:31.78	Hits@10:54.15	Best:32.86
2025-01-09 20:04:36,830 INFO    : Snapshot:0	5	10	Epoch:10	Loss:0.629	MRR:31.68	Hits@10:53.99	Best:32.86
2025-01-09 20:04:39,786 INFO    : Snapshot:0	6	10	Epoch:11	Loss:0.599	MRR:31.33	Hits@10:53.97	Best:32.86
2025-01-09 20:04:42,803 INFO    : Snapshot:0	7	10	Epoch:12	Loss:0.577	MRR:31.5	Hits@10:54.0	Best:32.86
2025-01-09 20:04:45,751 INFO    : Snapshot:0	8	10	Epoch:13	Loss:0.539	MRR:31.31	Hits@10:53.61	Best:32.86
2025-01-09 20:04:48,768 INFO    : Snapshot:0	9	10	Epoch:14	Loss:0.517	MRR:31.51	Hits@10:53.28	Best:32.86
2025-01-09 20:04:51,810 INFO    : Early Stopping! Snapshot:0 Epoch: 15 Best Results: 32.86
2025-01-09 20:04:51,903 INFO    : => loading checkpoint './checkpoint/ENTITY\0model_best.tar'
2025-01-09 20:04:53,266 INFO    : 
+------------+--------+--------+--------+--------+---------+
| Snapshot:0 |  MRR   | Hits@1 | Hits@3 | Hits@5 | Hits@10 |
+------------+--------+--------+--------+--------+---------+
|     0      | 0.3297 | 0.2143 | 0.3758 | 0.4509 |  0.5544 |
+------------+--------+--------+--------+--------+---------+
2025-01-09 20:05:07,962 INFO    : Snapshot:1	0	10	Epoch:0	Loss:13.859	MRR:16.26	Hits@10:29.08	Best:16.26
2025-01-09 20:05:15,902 INFO    : Snapshot:1	0	10	Epoch:1	Loss:4.529	MRR:18.28	Hits@10:32.37	Best:18.28
2025-01-09 20:05:23,917 INFO    : Snapshot:1	0	10	Epoch:2	Loss:3.696	MRR:18.91	Hits@10:33.89	Best:18.91
2025-01-09 20:05:32,078 INFO    : Snapshot:1	0	10	Epoch:3	Loss:3.31	MRR:19.36	Hits@10:34.59	Best:19.36
2025-01-09 20:05:39,909 INFO    : Snapshot:1	0	10	Epoch:4	Loss:3.029	MRR:19.89	Hits@10:35.03	Best:19.89
2025-01-09 20:05:47,725 INFO    : Snapshot:1	0	10	Epoch:5	Loss:2.818	MRR:20.13	Hits@10:36.08	Best:20.13
2025-01-09 20:05:55,462 INFO    : Snapshot:1	0	10	Epoch:6	Loss:2.701	MRR:20.51	Hits@10:36.09	Best:20.51
2025-01-09 20:06:03,342 INFO    : Snapshot:1	0	10	Epoch:7	Loss:2.575	MRR:20.62	Hits@10:36.68	Best:20.62
2025-01-09 20:06:11,413 INFO    : Snapshot:1	0	10	Epoch:8	Loss:2.499	MRR:20.8	Hits@10:37.25	Best:20.8
2025-01-09 20:06:19,497 INFO    : Snapshot:1	0	10	Epoch:9	Loss:2.415	MRR:20.91	Hits@10:37.12	Best:20.91
2025-01-09 20:06:27,537 INFO    : Snapshot:1	0	10	Epoch:10	Loss:2.339	MRR:21.27	Hits@10:37.9	Best:21.27
2025-01-09 20:06:35,625 INFO    : Snapshot:1	0	10	Epoch:11	Loss:2.286	MRR:21.31	Hits@10:37.85	Best:21.31
2025-01-09 20:06:43,681 INFO    : Snapshot:1	0	10	Epoch:12	Loss:2.233	MRR:21.34	Hits@10:37.68	Best:21.34
2025-01-09 20:06:51,958 INFO    : Snapshot:1	0	10	Epoch:13	Loss:2.195	MRR:21.52	Hits@10:38.21	Best:21.52
2025-01-09 20:07:00,028 INFO    : Snapshot:1	0	10	Epoch:14	Loss:2.194	MRR:21.72	Hits@10:38.38	Best:21.72
2025-01-09 20:07:07,959 INFO    : Snapshot:1	1	10	Epoch:15	Loss:2.12	MRR:21.61	Hits@10:38.37	Best:21.72
2025-01-09 20:07:15,648 INFO    : Snapshot:1	0	10	Epoch:16	Loss:2.099	MRR:21.93	Hits@10:38.64	Best:21.93
2025-01-09 20:07:23,432 INFO    : Snapshot:1	1	10	Epoch:17	Loss:2.068	MRR:21.83	Hits@10:38.8	Best:21.93
2025-01-09 20:07:31,156 INFO    : Snapshot:1	2	10	Epoch:18	Loss:2.038	MRR:21.5	Hits@10:38.44	Best:21.93
2025-01-09 20:07:38,925 INFO    : Snapshot:1	0	10	Epoch:19	Loss:2.008	MRR:22.11	Hits@10:39.32	Best:22.11
2025-01-09 20:07:46,678 INFO    : Snapshot:1	1	10	Epoch:20	Loss:2.022	MRR:22.07	Hits@10:38.94	Best:22.11
2025-01-09 20:07:54,457 INFO    : Snapshot:1	0	10	Epoch:21	Loss:1.971	MRR:22.18	Hits@10:39.16	Best:22.18
2025-01-09 20:08:02,349 INFO    : Snapshot:1	0	10	Epoch:22	Loss:1.957	MRR:22.25	Hits@10:39.36	Best:22.25
2025-01-09 20:08:10,175 INFO    : Snapshot:1	1	10	Epoch:23	Loss:1.95	MRR:22.18	Hits@10:39.23	Best:22.25
2025-01-09 20:08:18,287 INFO    : Snapshot:1	0	10	Epoch:24	Loss:1.925	MRR:22.29	Hits@10:39.48	Best:22.29
2025-01-09 20:08:26,334 INFO    : Snapshot:1	1	10	Epoch:25	Loss:1.904	MRR:22.19	Hits@10:39.1	Best:22.29
2025-01-09 20:08:34,313 INFO    : Snapshot:1	0	10	Epoch:26	Loss:1.882	MRR:22.35	Hits@10:39.45	Best:22.35
2025-01-09 20:08:42,090 INFO    : Snapshot:1	1	10	Epoch:27	Loss:1.871	MRR:22.34	Hits@10:39.57	Best:22.35
2025-01-09 20:08:50,027 INFO    : Snapshot:1	0	10	Epoch:28	Loss:1.871	MRR:22.37	Hits@10:39.82	Best:22.37
2025-01-09 20:08:57,883 INFO    : Snapshot:1	1	10	Epoch:29	Loss:1.85	MRR:22.34	Hits@10:39.77	Best:22.37
2025-01-09 20:09:05,707 INFO    : Snapshot:1	0	10	Epoch:30	Loss:1.854	MRR:22.53	Hits@10:39.89	Best:22.53
2025-01-09 20:09:13,597 INFO    : Snapshot:1	0	10	Epoch:31	Loss:1.839	MRR:22.6	Hits@10:39.92	Best:22.6
2025-01-09 20:09:21,557 INFO    : Snapshot:1	1	10	Epoch:32	Loss:1.84	MRR:22.31	Hits@10:39.6	Best:22.6
2025-01-09 20:09:29,447 INFO    : Snapshot:1	2	10	Epoch:33	Loss:1.806	MRR:22.42	Hits@10:39.69	Best:22.6
2025-01-09 20:09:37,402 INFO    : Snapshot:1	3	10	Epoch:34	Loss:1.799	MRR:22.45	Hits@10:39.8	Best:22.6
2025-01-09 20:09:45,261 INFO    : Snapshot:1	0	10	Epoch:35	Loss:1.817	MRR:22.76	Hits@10:40.16	Best:22.76
2025-01-09 20:09:52,919 INFO    : Snapshot:1	1	10	Epoch:36	Loss:1.802	MRR:22.71	Hits@10:40.02	Best:22.76
2025-01-09 20:10:00,729 INFO    : Snapshot:1	2	10	Epoch:37	Loss:1.794	MRR:22.66	Hits@10:39.93	Best:22.76
2025-01-09 20:10:08,479 INFO    : Snapshot:1	3	10	Epoch:38	Loss:1.766	MRR:22.74	Hits@10:40.01	Best:22.76
2025-01-09 20:10:16,436 INFO    : Snapshot:1	0	10	Epoch:39	Loss:1.784	MRR:22.78	Hits@10:40.07	Best:22.78
2025-01-09 20:10:24,324 INFO    : Snapshot:1	0	10	Epoch:40	Loss:1.767	MRR:22.9	Hits@10:40.33	Best:22.9
2025-01-09 20:10:32,193 INFO    : Snapshot:1	1	10	Epoch:41	Loss:1.754	MRR:22.8	Hits@10:40.11	Best:22.9
2025-01-09 20:10:40,265 INFO    : Snapshot:1	2	10	Epoch:42	Loss:1.745	MRR:22.83	Hits@10:40.14	Best:22.9
2025-01-09 20:10:48,150 INFO    : Snapshot:1	0	10	Epoch:43	Loss:1.74	MRR:22.93	Hits@10:40.18	Best:22.93
2025-01-09 20:10:55,971 INFO    : Snapshot:1	1	10	Epoch:44	Loss:1.742	MRR:22.88	Hits@10:40.33	Best:22.93
2025-01-09 20:11:03,888 INFO    : Snapshot:1	2	10	Epoch:45	Loss:1.728	MRR:22.91	Hits@10:40.19	Best:22.93
2025-01-09 20:11:11,746 INFO    : Snapshot:1	3	10	Epoch:46	Loss:1.722	MRR:22.93	Hits@10:40.49	Best:22.93
2025-01-09 20:11:19,713 INFO    : Snapshot:1	4	10	Epoch:47	Loss:1.724	MRR:22.75	Hits@10:40.49	Best:22.93
2025-01-09 20:11:27,621 INFO    : Snapshot:1	5	10	Epoch:48	Loss:1.728	MRR:22.91	Hits@10:40.43	Best:22.93
2025-01-09 20:11:35,535 INFO    : Snapshot:1	6	10	Epoch:49	Loss:1.718	MRR:22.9	Hits@10:40.19	Best:22.93
2025-01-09 20:11:43,282 INFO    : Snapshot:1	0	10	Epoch:50	Loss:1.708	MRR:22.97	Hits@10:40.68	Best:22.97
2025-01-09 20:11:51,228 INFO    : Snapshot:1	1	10	Epoch:51	Loss:1.691	MRR:22.8	Hits@10:40.26	Best:22.97
2025-01-09 20:11:58,967 INFO    : Snapshot:1	2	10	Epoch:52	Loss:1.692	MRR:22.96	Hits@10:40.55	Best:22.97
2025-01-09 20:12:06,727 INFO    : Snapshot:1	0	10	Epoch:53	Loss:1.68	MRR:23.06	Hits@10:40.5	Best:23.06
2025-01-09 20:12:14,899 INFO    : Snapshot:1	1	10	Epoch:54	Loss:1.68	MRR:22.96	Hits@10:40.29	Best:23.06
2025-01-09 20:12:22,877 INFO    : Snapshot:1	2	10	Epoch:55	Loss:1.684	MRR:23.0	Hits@10:40.49	Best:23.06
2025-01-09 20:12:30,915 INFO    : Snapshot:1	0	10	Epoch:56	Loss:1.67	MRR:23.17	Hits@10:40.87	Best:23.17
2025-01-09 20:12:39,034 INFO    : Snapshot:1	1	10	Epoch:57	Loss:1.655	MRR:22.93	Hits@10:40.32	Best:23.17
2025-01-09 20:12:47,035 INFO    : Snapshot:1	2	10	Epoch:58	Loss:1.684	MRR:23.02	Hits@10:40.49	Best:23.17
2025-01-09 20:12:55,087 INFO    : Snapshot:1	3	10	Epoch:59	Loss:1.683	MRR:22.88	Hits@10:40.29	Best:23.17
2025-01-09 20:13:03,379 INFO    : Snapshot:1	4	10	Epoch:60	Loss:1.655	MRR:22.99	Hits@10:40.33	Best:23.17
2025-01-09 20:13:11,132 INFO    : Snapshot:1	0	10	Epoch:61	Loss:1.65	MRR:23.19	Hits@10:40.77	Best:23.19
2025-01-09 20:13:19,058 INFO    : Snapshot:1	1	10	Epoch:62	Loss:1.657	MRR:23.13	Hits@10:40.73	Best:23.19
2025-01-09 20:13:26,800 INFO    : Snapshot:1	2	10	Epoch:63	Loss:1.638	MRR:23.12	Hits@10:41.07	Best:23.19
2025-01-09 20:13:34,440 INFO    : Snapshot:1	3	10	Epoch:64	Loss:1.644	MRR:23.12	Hits@10:40.68	Best:23.19
2025-01-09 20:13:42,203 INFO    : Snapshot:1	4	10	Epoch:65	Loss:1.65	MRR:23.1	Hits@10:40.53	Best:23.19
2025-01-09 20:13:50,039 INFO    : Snapshot:1	5	10	Epoch:66	Loss:1.624	MRR:23.12	Hits@10:41.03	Best:23.19
2025-01-09 20:13:57,917 INFO    : Snapshot:1	6	10	Epoch:67	Loss:1.635	MRR:23.15	Hits@10:40.76	Best:23.19
2025-01-09 20:14:05,713 INFO    : Snapshot:1	0	10	Epoch:68	Loss:1.624	MRR:23.28	Hits@10:41.13	Best:23.28
2025-01-09 20:14:13,736 INFO    : Snapshot:1	1	10	Epoch:69	Loss:1.64	MRR:23.28	Hits@10:40.96	Best:23.28
2025-01-09 20:14:21,904 INFO    : Snapshot:1	2	10	Epoch:70	Loss:1.606	MRR:23.0	Hits@10:40.93	Best:23.28
2025-01-09 20:14:29,969 INFO    : Snapshot:1	3	10	Epoch:71	Loss:1.617	MRR:23.16	Hits@10:41.09	Best:23.28
2025-01-09 20:14:37,966 INFO    : Snapshot:1	0	10	Epoch:72	Loss:1.611	MRR:23.31	Hits@10:41.08	Best:23.31
2025-01-09 20:14:45,772 INFO    : Snapshot:1	1	10	Epoch:73	Loss:1.605	MRR:23.16	Hits@10:40.99	Best:23.31
2025-01-09 20:14:53,619 INFO    : Snapshot:1	2	10	Epoch:74	Loss:1.623	MRR:23.27	Hits@10:41.18	Best:23.31
2025-01-09 20:15:01,520 INFO    : Snapshot:1	3	10	Epoch:75	Loss:1.607	MRR:23.28	Hits@10:40.87	Best:23.31
2025-01-09 20:15:09,352 INFO    : Snapshot:1	4	10	Epoch:76	Loss:1.614	MRR:23.31	Hits@10:41.09	Best:23.31
2025-01-09 20:15:17,248 INFO    : Snapshot:1	5	10	Epoch:77	Loss:1.596	MRR:23.09	Hits@10:40.98	Best:23.31
2025-01-09 20:15:24,973 INFO    : Snapshot:1	6	10	Epoch:78	Loss:1.608	MRR:23.04	Hits@10:41.15	Best:23.31
2025-01-09 20:15:32,878 INFO    : Snapshot:1	0	10	Epoch:79	Loss:1.584	MRR:23.32	Hits@10:41.19	Best:23.32
2025-01-09 20:15:40,852 INFO    : Snapshot:1	1	10	Epoch:80	Loss:1.585	MRR:23.25	Hits@10:40.82	Best:23.32
2025-01-09 20:15:48,720 INFO    : Snapshot:1	0	10	Epoch:81	Loss:1.615	MRR:23.35	Hits@10:41.32	Best:23.35
2025-01-09 20:15:56,501 INFO    : Snapshot:1	0	10	Epoch:82	Loss:1.586	MRR:23.39	Hits@10:41.12	Best:23.39
2025-01-09 20:16:04,248 INFO    : Snapshot:1	0	10	Epoch:83	Loss:1.587	MRR:23.46	Hits@10:41.2	Best:23.46
2025-01-09 20:16:12,065 INFO    : Snapshot:1	1	10	Epoch:84	Loss:1.574	MRR:23.26	Hits@10:40.97	Best:23.46
2025-01-09 20:16:19,912 INFO    : Snapshot:1	0	10	Epoch:85	Loss:1.568	MRR:23.54	Hits@10:41.37	Best:23.54
2025-01-09 20:16:27,839 INFO    : Snapshot:1	1	10	Epoch:86	Loss:1.562	MRR:23.35	Hits@10:41.13	Best:23.54
2025-01-09 20:16:35,788 INFO    : Snapshot:1	2	10	Epoch:87	Loss:1.572	MRR:23.49	Hits@10:41.21	Best:23.54
2025-01-09 20:16:43,621 INFO    : Snapshot:1	3	10	Epoch:88	Loss:1.567	MRR:23.44	Hits@10:41.57	Best:23.54
2025-01-09 20:16:51,634 INFO    : Snapshot:1	4	10	Epoch:89	Loss:1.575	MRR:23.47	Hits@10:41.18	Best:23.54
2025-01-09 20:16:59,436 INFO    : Snapshot:1	5	10	Epoch:90	Loss:1.577	MRR:23.44	Hits@10:41.25	Best:23.54
2025-01-09 20:17:07,296 INFO    : Snapshot:1	6	10	Epoch:91	Loss:1.545	MRR:23.4	Hits@10:41.44	Best:23.54
2025-01-09 20:17:15,258 INFO    : Snapshot:1	7	10	Epoch:92	Loss:1.582	MRR:23.4	Hits@10:41.27	Best:23.54
2025-01-09 20:17:23,235 INFO    : Snapshot:1	8	10	Epoch:93	Loss:1.561	MRR:23.4	Hits@10:41.4	Best:23.54
2025-01-09 20:17:31,196 INFO    : Snapshot:1	9	10	Epoch:94	Loss:1.563	MRR:23.52	Hits@10:41.56	Best:23.54
2025-01-09 20:17:39,028 INFO    : Snapshot:1	0	10	Epoch:95	Loss:1.543	MRR:23.57	Hits@10:41.6	Best:23.57
2025-01-09 20:17:46,850 INFO    : Snapshot:1	0	10	Epoch:96	Loss:1.562	MRR:23.61	Hits@10:41.61	Best:23.61
2025-01-09 20:17:54,641 INFO    : Snapshot:1	1	10	Epoch:97	Loss:1.539	MRR:23.49	Hits@10:41.22	Best:23.61
2025-01-09 20:18:02,447 INFO    : Snapshot:1	2	10	Epoch:98	Loss:1.529	MRR:23.44	Hits@10:41.52	Best:23.61
2025-01-09 20:18:10,846 INFO    : Snapshot:1	3	10	Epoch:99	Loss:1.561	MRR:23.45	Hits@10:41.54	Best:23.61
2025-01-09 20:18:18,937 INFO    : Snapshot:1	0	10	Epoch:100	Loss:1.545	MRR:23.66	Hits@10:41.74	Best:23.66
2025-01-09 20:18:26,893 INFO    : Snapshot:1	1	10	Epoch:101	Loss:1.547	MRR:23.41	Hits@10:41.6	Best:23.66
2025-01-09 20:18:34,964 INFO    : Snapshot:1	2	10	Epoch:102	Loss:1.543	MRR:23.23	Hits@10:41.43	Best:23.66
2025-01-09 20:18:43,073 INFO    : Snapshot:1	3	10	Epoch:103	Loss:1.535	MRR:23.53	Hits@10:41.46	Best:23.66
2025-01-09 20:18:51,096 INFO    : Snapshot:1	4	10	Epoch:104	Loss:1.544	MRR:23.32	Hits@10:41.34	Best:23.66
2025-01-09 20:18:59,142 INFO    : Snapshot:1	5	10	Epoch:105	Loss:1.538	MRR:23.48	Hits@10:41.56	Best:23.66
2025-01-09 20:19:07,102 INFO    : Snapshot:1	6	10	Epoch:106	Loss:1.534	MRR:23.55	Hits@10:41.63	Best:23.66
2025-01-09 20:19:14,750 INFO    : Snapshot:1	7	10	Epoch:107	Loss:1.524	MRR:23.52	Hits@10:41.57	Best:23.66
2025-01-09 20:19:22,562 INFO    : Snapshot:1	8	10	Epoch:108	Loss:1.52	MRR:23.33	Hits@10:40.99	Best:23.66
2025-01-09 20:19:30,581 INFO    : Snapshot:1	9	10	Epoch:109	Loss:1.529	MRR:23.33	Hits@10:41.18	Best:23.66
2025-01-09 20:19:38,354 INFO    : Early Stopping! Snapshot:1 Epoch: 110 Best Results: 23.66
2025-01-09 20:19:38,444 INFO    : => loading checkpoint './checkpoint/ENTITY\1model_best.tar'
2025-01-09 20:19:43,615 INFO    : 
+------------+--------+--------+--------+--------+---------+
| Snapshot:1 |  MRR   | Hits@1 | Hits@3 | Hits@5 | Hits@10 |
+------------+--------+--------+--------+--------+---------+
|     0      | 0.3297 | 0.2143 | 0.3758 | 0.4509 |  0.5544 |
|     1      | 0.2374 | 0.1461 | 0.2645 | 0.3258 |  0.4177 |
+------------+--------+--------+--------+--------+---------+
2025-01-09 20:19:59,854 INFO    : Snapshot:2	0	10	Epoch:0	Loss:12.984	MRR:14.84	Hits@10:26.29	Best:14.84
2025-01-09 20:20:09,076 INFO    : Snapshot:2	0	10	Epoch:1	Loss:4.46	MRR:16.69	Hits@10:29.59	Best:16.69
2025-01-09 20:20:18,272 INFO    : Snapshot:2	0	10	Epoch:2	Loss:3.67	MRR:17.47	Hits@10:31.16	Best:17.47
2025-01-09 20:20:27,480 INFO    : Snapshot:2	0	10	Epoch:3	Loss:3.324	MRR:18.1	Hits@10:32.43	Best:18.1
2025-01-09 20:20:36,746 INFO    : Snapshot:2	0	10	Epoch:4	Loss:3.084	MRR:18.57	Hits@10:33.02	Best:18.57
2025-01-09 20:20:45,805 INFO    : Snapshot:2	0	10	Epoch:5	Loss:2.916	MRR:18.82	Hits@10:33.46	Best:18.82
2025-01-09 20:20:54,782 INFO    : Snapshot:2	0	10	Epoch:6	Loss:2.775	MRR:19.1	Hits@10:34.04	Best:19.1
2025-01-09 20:21:03,758 INFO    : Snapshot:2	0	10	Epoch:7	Loss:2.691	MRR:19.25	Hits@10:34.32	Best:19.25
2025-01-09 20:21:12,797 INFO    : Snapshot:2	0	10	Epoch:8	Loss:2.604	MRR:19.31	Hits@10:34.54	Best:19.31
2025-01-09 20:21:21,842 INFO    : Snapshot:2	0	10	Epoch:9	Loss:2.493	MRR:19.49	Hits@10:34.65	Best:19.49
2025-01-09 20:21:31,118 INFO    : Snapshot:2	0	10	Epoch:10	Loss:2.452	MRR:19.56	Hits@10:34.9	Best:19.56
2025-01-09 20:21:40,060 INFO    : Snapshot:2	0	10	Epoch:11	Loss:2.392	MRR:19.71	Hits@10:35.24	Best:19.71
2025-01-09 20:21:48,928 INFO    : Snapshot:2	0	10	Epoch:12	Loss:2.373	MRR:19.76	Hits@10:35.48	Best:19.76
2025-01-09 20:21:57,779 INFO    : Snapshot:2	0	10	Epoch:13	Loss:2.315	MRR:19.8	Hits@10:35.37	Best:19.8
2025-01-09 20:22:06,665 INFO    : Snapshot:2	0	10	Epoch:14	Loss:2.294	MRR:19.96	Hits@10:35.48	Best:19.96
2025-01-09 20:22:15,686 INFO    : Snapshot:2	1	10	Epoch:15	Loss:2.244	MRR:19.96	Hits@10:35.37	Best:19.96
2025-01-09 20:22:24,814 INFO    : Snapshot:2	0	10	Epoch:16	Loss:2.225	MRR:20.14	Hits@10:35.63	Best:20.14
2025-01-09 20:22:33,840 INFO    : Snapshot:2	1	10	Epoch:17	Loss:2.202	MRR:20.04	Hits@10:35.69	Best:20.14
2025-01-09 20:22:42,866 INFO    : Snapshot:2	2	10	Epoch:18	Loss:2.165	MRR:20.06	Hits@10:35.61	Best:20.14
2025-01-09 20:22:51,926 INFO    : Snapshot:2	3	10	Epoch:19	Loss:2.166	MRR:20.11	Hits@10:35.74	Best:20.14
2025-01-09 20:23:00,851 INFO    : Snapshot:2	4	10	Epoch:20	Loss:2.139	MRR:20.03	Hits@10:35.68	Best:20.14
2025-01-09 20:23:09,785 INFO    : Snapshot:2	5	10	Epoch:21	Loss:2.136	MRR:20.12	Hits@10:35.84	Best:20.14
2025-01-09 20:23:18,844 INFO    : Snapshot:2	0	10	Epoch:22	Loss:2.117	MRR:20.26	Hits@10:35.77	Best:20.26
2025-01-09 20:23:27,819 INFO    : Snapshot:2	1	10	Epoch:23	Loss:2.082	MRR:20.09	Hits@10:35.82	Best:20.26
2025-01-09 20:23:36,856 INFO    : Snapshot:2	2	10	Epoch:24	Loss:2.095	MRR:20.26	Hits@10:36.04	Best:20.26
2025-01-09 20:23:45,715 INFO    : Snapshot:2	0	10	Epoch:25	Loss:2.084	MRR:20.36	Hits@10:36.09	Best:20.36
2025-01-09 20:23:54,516 INFO    : Snapshot:2	1	10	Epoch:26	Loss:2.057	MRR:20.25	Hits@10:36.09	Best:20.36
2025-01-09 20:24:03,361 INFO    : Snapshot:2	2	10	Epoch:27	Loss:2.037	MRR:20.29	Hits@10:36.17	Best:20.36
2025-01-09 20:24:12,546 INFO    : Snapshot:2	3	10	Epoch:28	Loss:2.041	MRR:20.3	Hits@10:36.29	Best:20.36
2025-01-09 20:24:21,625 INFO    : Snapshot:2	4	10	Epoch:29	Loss:2.018	MRR:20.21	Hits@10:36.17	Best:20.36
2025-01-09 20:24:30,803 INFO    : Snapshot:2	0	10	Epoch:30	Loss:2.008	MRR:20.51	Hits@10:36.32	Best:20.51
2025-01-09 20:24:39,936 INFO    : Snapshot:2	1	10	Epoch:31	Loss:2.005	MRR:20.45	Hits@10:36.19	Best:20.51
2025-01-09 20:24:49,073 INFO    : Snapshot:2	2	10	Epoch:32	Loss:1.986	MRR:20.42	Hits@10:36.22	Best:20.51
2025-01-09 20:24:58,184 INFO    : Snapshot:2	0	10	Epoch:33	Loss:1.976	MRR:20.66	Hits@10:36.4	Best:20.66
2025-01-09 20:25:07,396 INFO    : Snapshot:2	1	10	Epoch:34	Loss:1.952	MRR:20.59	Hits@10:36.41	Best:20.66
2025-01-09 20:25:16,260 INFO    : Snapshot:2	2	10	Epoch:35	Loss:1.964	MRR:20.51	Hits@10:36.43	Best:20.66
2025-01-09 20:25:25,098 INFO    : Snapshot:2	3	10	Epoch:36	Loss:1.967	MRR:20.6	Hits@10:36.51	Best:20.66
2025-01-09 20:25:34,070 INFO    : Snapshot:2	0	10	Epoch:37	Loss:1.951	MRR:20.67	Hits@10:36.62	Best:20.67
2025-01-09 20:25:43,069 INFO    : Snapshot:2	1	10	Epoch:38	Loss:1.939	MRR:20.6	Hits@10:36.64	Best:20.67
2025-01-09 20:25:51,940 INFO    : Snapshot:2	0	10	Epoch:39	Loss:1.938	MRR:20.73	Hits@10:36.66	Best:20.73
2025-01-09 20:26:00,841 INFO    : Snapshot:2	1	10	Epoch:40	Loss:1.904	MRR:20.57	Hits@10:36.53	Best:20.73
2025-01-09 20:26:09,762 INFO    : Snapshot:2	2	10	Epoch:41	Loss:1.912	MRR:20.65	Hits@10:36.67	Best:20.73
2025-01-09 20:26:18,878 INFO    : Snapshot:2	3	10	Epoch:42	Loss:1.928	MRR:20.58	Hits@10:36.78	Best:20.73
2025-01-09 20:26:27,947 INFO    : Snapshot:2	4	10	Epoch:43	Loss:1.901	MRR:20.49	Hits@10:36.8	Best:20.73
2025-01-09 20:26:36,964 INFO    : Snapshot:2	5	10	Epoch:44	Loss:1.896	MRR:20.62	Hits@10:36.62	Best:20.73
2025-01-09 20:26:45,927 INFO    : Snapshot:2	0	10	Epoch:45	Loss:1.893	MRR:20.8	Hits@10:36.84	Best:20.8
2025-01-09 20:26:54,854 INFO    : Snapshot:2	1	10	Epoch:46	Loss:1.89	MRR:20.71	Hits@10:36.63	Best:20.8
2025-01-09 20:27:03,760 INFO    : Snapshot:2	2	10	Epoch:47	Loss:1.88	MRR:20.71	Hits@10:36.67	Best:20.8
2025-01-09 20:27:12,880 INFO    : Snapshot:2	0	10	Epoch:48	Loss:1.868	MRR:20.81	Hits@10:36.75	Best:20.81
2025-01-09 20:27:21,946 INFO    : Snapshot:2	1	10	Epoch:49	Loss:1.885	MRR:20.69	Hits@10:36.76	Best:20.81
2025-01-09 20:27:30,972 INFO    : Snapshot:2	2	10	Epoch:50	Loss:1.876	MRR:20.78	Hits@10:37.06	Best:20.81
2025-01-09 20:27:39,944 INFO    : Snapshot:2	3	10	Epoch:51	Loss:1.877	MRR:20.74	Hits@10:36.75	Best:20.81
2025-01-09 20:27:48,856 INFO    : Snapshot:2	0	10	Epoch:52	Loss:1.866	MRR:20.84	Hits@10:36.77	Best:20.84
2025-01-09 20:27:57,764 INFO    : Snapshot:2	1	10	Epoch:53	Loss:1.863	MRR:20.81	Hits@10:36.83	Best:20.84
2025-01-09 20:28:06,510 INFO    : Snapshot:2	2	10	Epoch:54	Loss:1.843	MRR:20.59	Hits@10:36.61	Best:20.84
2025-01-09 20:28:15,578 INFO    : Snapshot:2	0	10	Epoch:55	Loss:1.855	MRR:20.91	Hits@10:37.0	Best:20.91
2025-01-09 20:28:24,638 INFO    : Snapshot:2	1	10	Epoch:56	Loss:1.853	MRR:20.81	Hits@10:36.75	Best:20.91
2025-01-09 20:28:33,845 INFO    : Snapshot:2	2	10	Epoch:57	Loss:1.814	MRR:20.64	Hits@10:36.67	Best:20.91
2025-01-09 20:28:42,837 INFO    : Snapshot:2	3	10	Epoch:58	Loss:1.848	MRR:20.73	Hits@10:36.96	Best:20.91
2025-01-09 20:28:51,880 INFO    : Snapshot:2	4	10	Epoch:59	Loss:1.825	MRR:20.84	Hits@10:36.83	Best:20.91
2025-01-09 20:29:00,738 INFO    : Snapshot:2	5	10	Epoch:60	Loss:1.8	MRR:20.77	Hits@10:36.77	Best:20.91
2025-01-09 20:29:09,665 INFO    : Snapshot:2	6	10	Epoch:61	Loss:1.802	MRR:20.89	Hits@10:36.93	Best:20.91
2025-01-09 20:29:18,722 INFO    : Snapshot:2	7	10	Epoch:62	Loss:1.819	MRR:20.81	Hits@10:37.02	Best:20.91
2025-01-09 20:29:27,704 INFO    : Snapshot:2	8	10	Epoch:63	Loss:1.805	MRR:20.91	Hits@10:37.05	Best:20.91
2025-01-09 20:29:36,692 INFO    : Snapshot:2	9	10	Epoch:64	Loss:1.819	MRR:20.7	Hits@10:37.03	Best:20.91
2025-01-09 20:29:46,093 INFO    : Snapshot:2	0	10	Epoch:65	Loss:1.806	MRR:20.92	Hits@10:36.94	Best:20.92
2025-01-09 20:29:55,207 INFO    : Snapshot:2	0	10	Epoch:66	Loss:1.801	MRR:20.96	Hits@10:37.24	Best:20.96
2025-01-09 20:30:04,155 INFO    : Snapshot:2	1	10	Epoch:67	Loss:1.807	MRR:20.87	Hits@10:36.91	Best:20.96
2025-01-09 20:30:13,175 INFO    : Snapshot:2	2	10	Epoch:68	Loss:1.794	MRR:20.83	Hits@10:37.1	Best:20.96
2025-01-09 20:30:22,338 INFO    : Snapshot:2	3	10	Epoch:69	Loss:1.784	MRR:20.88	Hits@10:37.14	Best:20.96
2025-01-09 20:30:31,410 INFO    : Snapshot:2	4	10	Epoch:70	Loss:1.778	MRR:20.79	Hits@10:37.09	Best:20.96
2025-01-09 20:30:40,580 INFO    : Snapshot:2	5	10	Epoch:71	Loss:1.792	MRR:20.85	Hits@10:36.99	Best:20.96
2025-01-09 20:30:49,772 INFO    : Snapshot:2	6	10	Epoch:72	Loss:1.792	MRR:20.79	Hits@10:36.9	Best:20.96
2025-01-09 20:30:58,995 INFO    : Snapshot:2	7	10	Epoch:73	Loss:1.785	MRR:20.83	Hits@10:37.01	Best:20.96
2025-01-09 20:31:08,092 INFO    : Snapshot:2	8	10	Epoch:74	Loss:1.767	MRR:20.81	Hits@10:36.97	Best:20.96
2025-01-09 20:31:17,110 INFO    : Snapshot:2	9	10	Epoch:75	Loss:1.783	MRR:20.87	Hits@10:36.99	Best:20.96
2025-01-09 20:31:26,008 INFO    : Early Stopping! Snapshot:2 Epoch: 76 Best Results: 20.96
2025-01-09 20:31:26,097 INFO    : => loading checkpoint './checkpoint/ENTITY\2model_best.tar'
2025-01-09 20:31:35,650 INFO    : 
+------------+--------+--------+--------+--------+---------+
| Snapshot:2 |  MRR   | Hits@1 | Hits@3 | Hits@5 | Hits@10 |
+------------+--------+--------+--------+--------+---------+
|     0      | 0.3297 | 0.2143 | 0.3758 | 0.4509 |  0.5544 |
|     1      | 0.2374 | 0.1461 | 0.2645 | 0.3258 |  0.4177 |
|     2      | 0.2108 | 0.1272 | 0.2356 | 0.2887 |  0.3712 |
+------------+--------+--------+--------+--------+---------+
2025-01-09 20:31:53,374 INFO    : Snapshot:3	0	10	Epoch:0	Loss:12.043	MRR:14.12	Hits@10:24.67	Best:14.12
2025-01-09 20:32:03,087 INFO    : Snapshot:3	0	10	Epoch:1	Loss:3.827	MRR:15.88	Hits@10:28.08	Best:15.88
2025-01-09 20:32:13,030 INFO    : Snapshot:3	0	10	Epoch:2	Loss:3.166	MRR:16.83	Hits@10:30.1	Best:16.83
2025-01-09 20:32:23,061 INFO    : Snapshot:3	0	10	Epoch:3	Loss:2.806	MRR:17.64	Hits@10:31.34	Best:17.64
2025-01-09 20:32:32,990 INFO    : Snapshot:3	0	10	Epoch:4	Loss:2.603	MRR:17.67	Hits@10:31.92	Best:17.67
2025-01-09 20:32:42,852 INFO    : Snapshot:3	0	10	Epoch:5	Loss:2.441	MRR:18.06	Hits@10:32.11	Best:18.06
2025-01-09 20:32:52,664 INFO    : Snapshot:3	0	10	Epoch:6	Loss:2.318	MRR:18.25	Hits@10:32.63	Best:18.25
2025-01-09 20:33:02,455 INFO    : Snapshot:3	0	10	Epoch:7	Loss:2.235	MRR:18.42	Hits@10:32.82	Best:18.42
2025-01-09 20:33:12,256 INFO    : Snapshot:3	0	10	Epoch:8	Loss:2.159	MRR:18.74	Hits@10:33.37	Best:18.74
2025-01-09 20:33:22,118 INFO    : Snapshot:3	1	10	Epoch:9	Loss:2.114	MRR:18.62	Hits@10:33.13	Best:18.74
2025-01-09 20:33:32,169 INFO    : Snapshot:3	0	10	Epoch:10	Loss:2.063	MRR:18.83	Hits@10:33.72	Best:18.83
2025-01-09 20:33:41,791 INFO    : Snapshot:3	0	10	Epoch:11	Loss:2.014	MRR:18.94	Hits@10:33.81	Best:18.94
2025-01-09 20:33:51,469 INFO    : Snapshot:3	0	10	Epoch:12	Loss:1.999	MRR:18.99	Hits@10:33.62	Best:18.99
2025-01-09 20:34:01,146 INFO    : Snapshot:3	1	10	Epoch:13	Loss:1.93	MRR:18.95	Hits@10:33.66	Best:18.99
2025-01-09 20:34:10,835 INFO    : Snapshot:3	0	10	Epoch:14	Loss:1.923	MRR:19.18	Hits@10:33.99	Best:19.18
2025-01-09 20:34:20,672 INFO    : Snapshot:3	1	10	Epoch:15	Loss:1.901	MRR:18.91	Hits@10:33.98	Best:19.18
2025-01-09 20:34:30,468 INFO    : Snapshot:3	0	10	Epoch:16	Loss:1.87	MRR:19.32	Hits@10:34.12	Best:19.32
2025-01-09 20:34:40,323 INFO    : Snapshot:3	0	10	Epoch:17	Loss:1.846	MRR:19.37	Hits@10:34.31	Best:19.37
2025-01-09 20:34:50,061 INFO    : Snapshot:3	1	10	Epoch:18	Loss:1.816	MRR:19.18	Hits@10:34.16	Best:19.37
2025-01-09 20:34:59,781 INFO    : Snapshot:3	2	10	Epoch:19	Loss:1.812	MRR:19.27	Hits@10:34.45	Best:19.37
2025-01-09 20:35:09,755 INFO    : Snapshot:3	3	10	Epoch:20	Loss:1.804	MRR:19.29	Hits@10:34.44	Best:19.37
2025-01-09 20:35:19,637 INFO    : Snapshot:3	4	10	Epoch:21	Loss:1.8	MRR:19.3	Hits@10:34.52	Best:19.37
2025-01-09 20:35:29,470 INFO    : Snapshot:3	5	10	Epoch:22	Loss:1.764	MRR:19.29	Hits@10:34.53	Best:19.37
2025-01-09 20:35:39,208 INFO    : Snapshot:3	6	10	Epoch:23	Loss:1.758	MRR:19.34	Hits@10:34.73	Best:19.37
2025-01-09 20:35:48,893 INFO    : Snapshot:3	7	10	Epoch:24	Loss:1.746	MRR:19.36	Hits@10:34.56	Best:19.37
2025-01-09 20:35:58,566 INFO    : Snapshot:3	0	10	Epoch:25	Loss:1.734	MRR:19.45	Hits@10:34.62	Best:19.45
2025-01-09 20:36:08,146 INFO    : Snapshot:3	1	10	Epoch:26	Loss:1.71	MRR:19.28	Hits@10:34.68	Best:19.45
2025-01-09 20:36:17,967 INFO    : Snapshot:3	2	10	Epoch:27	Loss:1.704	MRR:19.42	Hits@10:34.51	Best:19.45
2025-01-09 20:36:27,857 INFO    : Snapshot:3	3	10	Epoch:28	Loss:1.709	MRR:19.41	Hits@10:34.79	Best:19.45
2025-01-09 20:36:37,738 INFO    : Snapshot:3	4	10	Epoch:29	Loss:1.701	MRR:19.45	Hits@10:34.95	Best:19.45
2025-01-09 20:36:47,901 INFO    : Snapshot:3	0	10	Epoch:30	Loss:1.705	MRR:19.54	Hits@10:34.83	Best:19.54
2025-01-09 20:36:57,870 INFO    : Snapshot:3	0	10	Epoch:31	Loss:1.676	MRR:19.58	Hits@10:34.83	Best:19.58
2025-01-09 20:37:07,836 INFO    : Snapshot:3	1	10	Epoch:32	Loss:1.687	MRR:19.53	Hits@10:34.98	Best:19.58
2025-01-09 20:37:17,519 INFO    : Snapshot:3	2	10	Epoch:33	Loss:1.669	MRR:19.57	Hits@10:34.96	Best:19.58
2025-01-09 20:37:27,212 INFO    : Snapshot:3	0	10	Epoch:34	Loss:1.654	MRR:19.82	Hits@10:35.19	Best:19.82
2025-01-09 20:37:36,967 INFO    : Snapshot:3	1	10	Epoch:35	Loss:1.649	MRR:19.65	Hits@10:34.97	Best:19.82
2025-01-09 20:37:46,624 INFO    : Snapshot:3	2	10	Epoch:36	Loss:1.635	MRR:19.63	Hits@10:35.07	Best:19.82
2025-01-09 20:37:56,280 INFO    : Snapshot:3	3	10	Epoch:37	Loss:1.622	MRR:19.65	Hits@10:35.08	Best:19.82
2025-01-09 20:38:05,957 INFO    : Snapshot:3	4	10	Epoch:38	Loss:1.63	MRR:19.56	Hits@10:35.02	Best:19.82
2025-01-09 20:38:15,770 INFO    : Snapshot:3	5	10	Epoch:39	Loss:1.634	MRR:19.67	Hits@10:34.87	Best:19.82
2025-01-09 20:38:25,866 INFO    : Snapshot:3	6	10	Epoch:40	Loss:1.624	MRR:19.51	Hits@10:34.7	Best:19.82
2025-01-09 20:38:35,681 INFO    : Snapshot:3	7	10	Epoch:41	Loss:1.62	MRR:19.66	Hits@10:35.19	Best:19.82
2025-01-09 20:38:45,511 INFO    : Snapshot:3	8	10	Epoch:42	Loss:1.613	MRR:19.75	Hits@10:35.01	Best:19.82
2025-01-09 20:38:55,267 INFO    : Snapshot:3	9	10	Epoch:43	Loss:1.604	MRR:19.71	Hits@10:35.18	Best:19.82
2025-01-09 20:39:05,000 INFO    : Early Stopping! Snapshot:3 Epoch: 44 Best Results: 19.82
2025-01-09 20:39:05,093 INFO    : => loading checkpoint './checkpoint/ENTITY\3model_best.tar'
2025-01-09 20:39:20,192 INFO    : 
+------------+--------+--------+--------+--------+---------+
| Snapshot:3 |  MRR   | Hits@1 | Hits@3 | Hits@5 | Hits@10 |
+------------+--------+--------+--------+--------+---------+
|     0      | 0.3297 | 0.2143 | 0.3758 | 0.4509 |  0.5544 |
|     1      | 0.2374 | 0.1461 | 0.2645 | 0.3258 |  0.4177 |
|     2      | 0.2108 | 0.1272 | 0.2356 | 0.2887 |  0.3712 |
|     3      | 0.1971 | 0.1184 | 0.2199 | 0.2725 |  0.3496 |
+------------+--------+--------+--------+--------+---------+
2025-01-09 20:39:35,669 INFO    : Snapshot:4	0	10	Epoch:0	Loss:9.217	MRR:17.51	Hits@10:28.88	Best:17.51
2025-01-09 20:39:43,418 INFO    : Snapshot:4	0	10	Epoch:1	Loss:2.075	MRR:19.89	Hits@10:34.03	Best:19.89
2025-01-09 20:39:51,313 INFO    : Snapshot:4	0	10	Epoch:2	Loss:1.544	MRR:20.93	Hits@10:36.4	Best:20.93
2025-01-09 20:39:59,048 INFO    : Snapshot:4	0	10	Epoch:3	Loss:1.345	MRR:21.43	Hits@10:37.29	Best:21.43
2025-01-09 20:40:06,934 INFO    : Snapshot:4	0	10	Epoch:4	Loss:1.215	MRR:21.71	Hits@10:38.19	Best:21.71
2025-01-09 20:40:14,659 INFO    : Snapshot:4	0	10	Epoch:5	Loss:1.15	MRR:22.21	Hits@10:39.26	Best:22.21
2025-01-09 20:40:22,337 INFO    : Snapshot:4	0	10	Epoch:6	Loss:1.073	MRR:22.38	Hits@10:39.53	Best:22.38
2025-01-09 20:40:30,087 INFO    : Snapshot:4	0	10	Epoch:7	Loss:1.028	MRR:22.62	Hits@10:40.1	Best:22.62
2025-01-09 20:40:37,885 INFO    : Snapshot:4	0	10	Epoch:8	Loss:0.979	MRR:22.69	Hits@10:40.06	Best:22.69
2025-01-09 20:40:45,724 INFO    : Snapshot:4	0	10	Epoch:9	Loss:0.929	MRR:22.81	Hits@10:40.23	Best:22.81
2025-01-09 20:40:53,485 INFO    : Snapshot:4	0	10	Epoch:10	Loss:0.906	MRR:23.09	Hits@10:40.38	Best:23.09
2025-01-09 20:41:01,271 INFO    : Snapshot:4	1	10	Epoch:11	Loss:0.89	MRR:23.08	Hits@10:40.78	Best:23.09
2025-01-09 20:41:09,096 INFO    : Snapshot:4	0	10	Epoch:12	Loss:0.875	MRR:23.38	Hits@10:41.22	Best:23.38
2025-01-09 20:41:16,863 INFO    : Snapshot:4	1	10	Epoch:13	Loss:0.845	MRR:23.23	Hits@10:41.17	Best:23.38
2025-01-09 20:41:24,615 INFO    : Snapshot:4	2	10	Epoch:14	Loss:0.836	MRR:23.27	Hits@10:41.31	Best:23.38
2025-01-09 20:41:32,488 INFO    : Snapshot:4	3	10	Epoch:15	Loss:0.824	MRR:23.27	Hits@10:41.23	Best:23.38
2025-01-09 20:41:40,284 INFO    : Snapshot:4	4	10	Epoch:16	Loss:0.807	MRR:23.35	Hits@10:41.37	Best:23.38
2025-01-09 20:41:48,062 INFO    : Snapshot:4	0	10	Epoch:17	Loss:0.79	MRR:23.42	Hits@10:41.3	Best:23.42
2025-01-09 20:41:55,851 INFO    : Snapshot:4	0	10	Epoch:18	Loss:0.789	MRR:23.5	Hits@10:41.6	Best:23.5
2025-01-09 20:42:03,574 INFO    : Snapshot:4	0	10	Epoch:19	Loss:0.778	MRR:23.61	Hits@10:41.64	Best:23.61
2025-01-09 20:42:11,568 INFO    : Snapshot:4	1	10	Epoch:20	Loss:0.782	MRR:23.46	Hits@10:41.84	Best:23.61
2025-01-09 20:42:19,338 INFO    : Snapshot:4	0	10	Epoch:21	Loss:0.751	MRR:23.62	Hits@10:41.76	Best:23.62
2025-01-09 20:42:27,110 INFO    : Snapshot:4	1	10	Epoch:22	Loss:0.766	MRR:23.48	Hits@10:41.9	Best:23.62
2025-01-09 20:42:34,910 INFO    : Snapshot:4	2	10	Epoch:23	Loss:0.756	MRR:23.5	Hits@10:41.63	Best:23.62
2025-01-09 20:42:42,677 INFO    : Snapshot:4	3	10	Epoch:24	Loss:0.743	MRR:23.45	Hits@10:41.72	Best:23.62
2025-01-09 20:42:50,530 INFO    : Snapshot:4	0	10	Epoch:25	Loss:0.731	MRR:23.69	Hits@10:41.78	Best:23.69
2025-01-09 20:42:58,312 INFO    : Snapshot:4	1	10	Epoch:26	Loss:0.72	MRR:23.5	Hits@10:41.75	Best:23.69
2025-01-09 20:43:06,196 INFO    : Snapshot:4	0	10	Epoch:27	Loss:0.737	MRR:23.78	Hits@10:42.15	Best:23.78
2025-01-09 20:43:13,986 INFO    : Snapshot:4	1	10	Epoch:28	Loss:0.717	MRR:23.62	Hits@10:41.95	Best:23.78
2025-01-09 20:43:21,760 INFO    : Snapshot:4	2	10	Epoch:29	Loss:0.705	MRR:23.66	Hits@10:41.96	Best:23.78
2025-01-09 20:43:29,421 INFO    : Snapshot:4	3	10	Epoch:30	Loss:0.701	MRR:23.36	Hits@10:41.95	Best:23.78
2025-01-09 20:43:37,126 INFO    : Snapshot:4	4	10	Epoch:31	Loss:0.695	MRR:23.36	Hits@10:41.84	Best:23.78
2025-01-09 20:43:44,787 INFO    : Snapshot:4	5	10	Epoch:32	Loss:0.697	MRR:23.52	Hits@10:41.83	Best:23.78
2025-01-09 20:43:52,457 INFO    : Snapshot:4	6	10	Epoch:33	Loss:0.692	MRR:23.62	Hits@10:41.95	Best:23.78
2025-01-09 20:44:00,449 INFO    : Snapshot:4	7	10	Epoch:34	Loss:0.687	MRR:23.75	Hits@10:42.35	Best:23.78
2025-01-09 20:44:08,205 INFO    : Snapshot:4	8	10	Epoch:35	Loss:0.688	MRR:23.53	Hits@10:41.97	Best:23.78
2025-01-09 20:44:16,019 INFO    : Snapshot:4	0	10	Epoch:36	Loss:0.679	MRR:23.89	Hits@10:42.39	Best:23.89
2025-01-09 20:44:23,561 INFO    : Snapshot:4	1	10	Epoch:37	Loss:0.686	MRR:23.83	Hits@10:42.34	Best:23.89
2025-01-09 20:44:31,406 INFO    : Snapshot:4	0	10	Epoch:38	Loss:0.67	MRR:23.97	Hits@10:42.51	Best:23.97
2025-01-09 20:44:39,224 INFO    : Snapshot:4	1	10	Epoch:39	Loss:0.671	MRR:23.72	Hits@10:42.4	Best:23.97
2025-01-09 20:44:46,964 INFO    : Snapshot:4	2	10	Epoch:40	Loss:0.666	MRR:23.83	Hits@10:42.66	Best:23.97
2025-01-09 20:44:54,744 INFO    : Snapshot:4	3	10	Epoch:41	Loss:0.658	MRR:23.78	Hits@10:42.2	Best:23.97
2025-01-09 20:45:02,500 INFO    : Snapshot:4	4	10	Epoch:42	Loss:0.661	MRR:23.82	Hits@10:42.36	Best:23.97
2025-01-09 20:45:11,687 INFO    : Snapshot:4	5	10	Epoch:43	Loss:0.662	MRR:23.91	Hits@10:42.64	Best:23.97
2025-01-09 20:45:19,624 INFO    : Snapshot:4	6	10	Epoch:44	Loss:0.657	MRR:23.8	Hits@10:42.74	Best:23.97
2025-01-09 20:45:27,394 INFO    : Snapshot:4	7	10	Epoch:45	Loss:0.655	MRR:23.85	Hits@10:42.36	Best:23.97
2025-01-09 20:45:35,335 INFO    : Snapshot:4	0	10	Epoch:46	Loss:0.65	MRR:24.12	Hits@10:42.53	Best:24.12
2025-01-09 20:45:43,147 INFO    : Snapshot:4	0	10	Epoch:47	Loss:0.637	MRR:24.24	Hits@10:42.81	Best:24.24
2025-01-09 20:45:50,892 INFO    : Snapshot:4	1	10	Epoch:48	Loss:0.65	MRR:23.76	Hits@10:42.23	Best:24.24
2025-01-09 20:45:58,745 INFO    : Snapshot:4	2	10	Epoch:49	Loss:0.641	MRR:23.81	Hits@10:42.6	Best:24.24
2025-01-09 20:46:06,441 INFO    : Snapshot:4	3	10	Epoch:50	Loss:0.646	MRR:23.77	Hits@10:42.35	Best:24.24
2025-01-09 20:46:14,168 INFO    : Snapshot:4	4	10	Epoch:51	Loss:0.646	MRR:23.65	Hits@10:42.53	Best:24.24
2025-01-09 20:46:21,974 INFO    : Snapshot:4	5	10	Epoch:52	Loss:0.635	MRR:23.75	Hits@10:42.55	Best:24.24
2025-01-09 20:46:29,828 INFO    : Snapshot:4	6	10	Epoch:53	Loss:0.639	MRR:23.74	Hits@10:42.62	Best:24.24
2025-01-09 20:46:37,606 INFO    : Snapshot:4	7	10	Epoch:54	Loss:0.632	MRR:24.06	Hits@10:42.56	Best:24.24
2025-01-09 20:46:45,382 INFO    : Snapshot:4	8	10	Epoch:55	Loss:0.633	MRR:24.06	Hits@10:42.86	Best:24.24
2025-01-09 20:46:53,120 INFO    : Snapshot:4	9	10	Epoch:56	Loss:0.622	MRR:24.01	Hits@10:42.72	Best:24.24
2025-01-09 20:47:00,748 INFO    : Early Stopping! Snapshot:4 Epoch: 57 Best Results: 24.24
2025-01-09 20:47:00,849 INFO    : => loading checkpoint './checkpoint/ENTITY\4model_best.tar'
2025-01-09 20:47:21,081 INFO    : 
+------------+--------+--------+--------+--------+---------+
| Snapshot:4 |  MRR   | Hits@1 | Hits@3 | Hits@5 | Hits@10 |
+------------+--------+--------+--------+--------+---------+
|     0      | 0.3297 | 0.2143 | 0.3758 | 0.4509 |  0.5544 |
|     1      | 0.2374 | 0.1461 | 0.2645 | 0.3258 |  0.4177 |
|     2      | 0.2108 | 0.1272 | 0.2356 | 0.2887 |  0.3712 |
|     3      | 0.1971 | 0.1184 | 0.2199 | 0.2725 |  0.3496 |
|     4      | 0.2426 | 0.1422 | 0.2873 | 0.3513 |  0.4366 |
+------------+--------+--------+--------+--------+---------+
2025-01-09 20:47:21,081 INFO    : Final Result:
[+------------+--------+--------+--------+--------+---------+
| Snapshot:0 |  MRR   | Hits@1 | Hits@3 | Hits@5 | Hits@10 |
+------------+--------+--------+--------+--------+---------+
|     0      | 0.3297 | 0.2143 | 0.3758 | 0.4509 |  0.5544 |
+------------+--------+--------+--------+--------+---------+, +------------+--------+--------+--------+--------+---------+
| Snapshot:1 |  MRR   | Hits@1 | Hits@3 | Hits@5 | Hits@10 |
+------------+--------+--------+--------+--------+---------+
|     0      | 0.3297 | 0.2143 | 0.3758 | 0.4509 |  0.5544 |
|     1      | 0.2374 | 0.1461 | 0.2645 | 0.3258 |  0.4177 |
+------------+--------+--------+--------+--------+---------+, +------------+--------+--------+--------+--------+---------+
| Snapshot:2 |  MRR   | Hits@1 | Hits@3 | Hits@5 | Hits@10 |
+------------+--------+--------+--------+--------+---------+
|     0      | 0.3297 | 0.2143 | 0.3758 | 0.4509 |  0.5544 |
|     1      | 0.2374 | 0.1461 | 0.2645 | 0.3258 |  0.4177 |
|     2      | 0.2108 | 0.1272 | 0.2356 | 0.2887 |  0.3712 |
+------------+--------+--------+--------+--------+---------+, +------------+--------+--------+--------+--------+---------+
| Snapshot:3 |  MRR   | Hits@1 | Hits@3 | Hits@5 | Hits@10 |
+------------+--------+--------+--------+--------+---------+
|     0      | 0.3297 | 0.2143 | 0.3758 | 0.4509 |  0.5544 |
|     1      | 0.2374 | 0.1461 | 0.2645 | 0.3258 |  0.4177 |
|     2      | 0.2108 | 0.1272 | 0.2356 | 0.2887 |  0.3712 |
|     3      | 0.1971 | 0.1184 | 0.2199 | 0.2725 |  0.3496 |
+------------+--------+--------+--------+--------+---------+, +------------+--------+--------+--------+--------+---------+
| Snapshot:4 |  MRR   | Hits@1 | Hits@3 | Hits@5 | Hits@10 |
+------------+--------+--------+--------+--------+---------+
|     0      | 0.3297 | 0.2143 | 0.3758 | 0.4509 |  0.5544 |
|     1      | 0.2374 | 0.1461 | 0.2645 | 0.3258 |  0.4177 |
|     2      | 0.2108 | 0.1272 | 0.2356 | 0.2887 |  0.3712 |
|     3      | 0.1971 | 0.1184 | 0.2199 | 0.2725 |  0.3496 |
|     4      | 0.2426 | 0.1422 | 0.2873 | 0.3513 |  0.4366 |
+------------+--------+--------+--------+--------+---------+]
2025-01-09 20:47:21,081 INFO    : Report Result:
+----------+--------------------+-----------+--------------+--------------+---------------+
| Snapshot |        Time        | Whole_MRR | Whole_Hits@1 | Whole_Hits@3 | Whole_Hits@10 |
+----------+--------------------+-----------+--------------+--------------+---------------+
|    0     | 50.25807452201843  |    0.33   |    0.214     |    0.376     |     0.554     |
|    1     | 880.9941349029541  |   0.274   |    0.173     |    0.308     |     0.471     |
|    2     |  697.816463470459  |   0.249   |    0.155     |     0.28     |     0.433     |
|    3     | 443.7982084751129  |   0.235   |    0.145     |    0.264     |     0.411     |
|    4     | 455.48808193206787 |   0.237   |    0.145     |    0.268     |     0.414     |
+----------+--------------------+-----------+--------------+--------------+---------------+
2025-01-09 20:47:21,081 INFO    : Sum_Training_Time:2528.3549633026123
2025-01-09 20:47:21,081 INFO    : Every_Training_Time:[50.25807452201843, 880.9941349029541, 697.816463470459, 443.7982084751129, 455.48808193206787]
2025-01-09 20:47:21,081 INFO    : Forward transfer: 0.038299999999999994 Backward transfer: 0.0
