2025-01-08 14:43:21,774 INFO    : Namespace(batch_size=1024, data_path='./data/ENTITY/', dataset='ENTITY', debug=False, device=device(type='cuda', index=0), emb_dim=200, ent_r='200', epoch_num=200, explore=False, gpu='0', l2=0.0, learning_rate='1e-1', log_path='./logs/ENTITY 200 20 1e-1 1024/ENTITY 20250108144313', logger=<RootLogger root (INFO)>, margin=8.0, model_name='LoraKGE_Layers', multi_layers_path='train_sorted_by_edges_betweenness.txt', neg_ratio=10, note='', num_ent_layers='20', num_layer=1, num_rel_layers=10, patience='1', predict_result=False, r=100, r_fixed=True, random_seed=3407, record=False, rel_r='200', save_path='./checkpoint/ENTITY', skip_previous='False', snapshot_num=5, train_new=True, using_multi_layers=False, using_various_ranks='True', using_various_ranks_reverse=False, valid_metrics='mrr')
2025-01-08 14:43:26,697 INFO    : Snapshot:0	0	1	Epoch:0	Loss:31.76	MRR:16.42	Hits@10:37.45	Best:16.42
2025-01-08 14:43:29,878 INFO    : Snapshot:0	0	1	Epoch:1	Loss:14.914	MRR:28.9	Hits@10:51.36	Best:28.9
2025-01-08 14:43:32,929 INFO    : Snapshot:0	0	1	Epoch:2	Loss:5.763	MRR:32.04	Hits@10:54.63	Best:32.04
2025-01-08 14:43:36,079 INFO    : Snapshot:0	0	1	Epoch:3	Loss:2.642	MRR:32.75	Hits@10:55.27	Best:32.75
2025-01-08 14:43:39,197 INFO    : Early Stopping! Snapshot:0 Epoch: 4 Best Results: 32.75
2025-01-08 14:43:39,300 INFO    : => loading checkpoint './checkpoint/ENTITY\0model_best.tar'
2025-01-08 14:43:40,783 INFO    : 
+------------+--------+--------+--------+--------+---------+
| Snapshot:0 |  MRR   | Hits@1 | Hits@3 | Hits@5 | Hits@10 |
+------------+--------+--------+--------+--------+---------+
|     0      | 0.3312 | 0.2157 | 0.3791 | 0.4531 |  0.5559 |
+------------+--------+--------+--------+--------+---------+
2025-01-08 14:43:56,459 INFO    : Snapshot:1	0	1	Epoch:0	Loss:15.024	MRR:16.49	Hits@10:29.66	Best:16.49
2025-01-08 14:44:05,018 INFO    : Snapshot:1	0	1	Epoch:1	Loss:5.649	MRR:18.59	Hits@10:33.55	Best:18.59
2025-01-08 14:44:13,927 INFO    : Snapshot:1	0	1	Epoch:2	Loss:4.717	MRR:19.33	Hits@10:34.64	Best:19.33
2025-01-08 14:44:22,812 INFO    : Snapshot:1	0	1	Epoch:3	Loss:4.217	MRR:19.91	Hits@10:35.62	Best:19.91
2025-01-08 14:44:31,601 INFO    : Snapshot:1	0	1	Epoch:4	Loss:3.895	MRR:20.45	Hits@10:36.09	Best:20.45
2025-01-08 14:44:40,401 INFO    : Snapshot:1	0	1	Epoch:5	Loss:3.665	MRR:20.62	Hits@10:36.99	Best:20.62
2025-01-08 14:44:49,195 INFO    : Snapshot:1	0	1	Epoch:6	Loss:3.474	MRR:21.08	Hits@10:37.31	Best:21.08
2025-01-08 14:44:57,761 INFO    : Snapshot:1	0	1	Epoch:7	Loss:3.353	MRR:21.43	Hits@10:38.02	Best:21.43
2025-01-08 14:45:06,233 INFO    : Snapshot:1	0	1	Epoch:8	Loss:3.257	MRR:21.72	Hits@10:38.43	Best:21.72
2025-01-08 14:45:14,820 INFO    : Early Stopping! Snapshot:1 Epoch: 9 Best Results: 21.72
2025-01-08 14:45:14,912 INFO    : => loading checkpoint './checkpoint/ENTITY\1model_best.tar'
2025-01-08 14:45:20,242 INFO    : 
+------------+--------+--------+--------+--------+---------+
| Snapshot:1 |  MRR   | Hits@1 | Hits@3 | Hits@5 | Hits@10 |
+------------+--------+--------+--------+--------+---------+
|     0      | 0.3312 | 0.2157 | 0.3791 | 0.4531 |  0.5559 |
|     1      | 0.2183 | 0.1329 | 0.2418 | 0.3002 |  0.3849 |
+------------+--------+--------+--------+--------+---------+
2025-01-08 14:45:36,980 INFO    : Snapshot:2	0	1	Epoch:0	Loss:14.206	MRR:14.74	Hits@10:25.93	Best:14.74
2025-01-08 14:45:46,429 INFO    : Snapshot:2	0	1	Epoch:1	Loss:5.579	MRR:16.74	Hits@10:29.67	Best:16.74
2025-01-08 14:45:55,687 INFO    : Snapshot:2	0	1	Epoch:2	Loss:4.68	MRR:17.59	Hits@10:31.44	Best:17.59
2025-01-08 14:46:04,799 INFO    : Snapshot:2	0	1	Epoch:3	Loss:4.223	MRR:18.15	Hits@10:32.25	Best:18.15
2025-01-08 14:46:13,956 INFO    : Snapshot:2	0	1	Epoch:4	Loss:3.915	MRR:18.48	Hits@10:32.82	Best:18.48
2025-01-08 14:46:23,334 INFO    : Snapshot:2	0	1	Epoch:5	Loss:3.721	MRR:18.93	Hits@10:33.36	Best:18.93
2025-01-08 14:46:32,979 INFO    : Snapshot:2	0	1	Epoch:6	Loss:3.558	MRR:19.13	Hits@10:34.0	Best:19.13
2025-01-08 14:46:42,395 INFO    : Snapshot:2	0	1	Epoch:7	Loss:3.432	MRR:19.21	Hits@10:34.06	Best:19.21
2025-01-08 14:46:51,850 INFO    : Snapshot:2	0	1	Epoch:8	Loss:3.343	MRR:19.3	Hits@10:34.02	Best:19.3
2025-01-08 14:47:01,665 INFO    : Snapshot:2	0	1	Epoch:9	Loss:3.271	MRR:19.51	Hits@10:34.28	Best:19.51
2025-01-08 14:47:11,101 INFO    : Snapshot:2	0	1	Epoch:10	Loss:3.216	MRR:19.63	Hits@10:34.46	Best:19.63
2025-01-08 14:47:20,456 INFO    : Early Stopping! Snapshot:2 Epoch: 11 Best Results: 19.63
2025-01-08 14:47:20,552 INFO    : => loading checkpoint './checkpoint/ENTITY\2model_best.tar'
2025-01-08 14:47:30,623 INFO    : 
+------------+--------+--------+--------+--------+---------+
| Snapshot:2 |  MRR   | Hits@1 | Hits@3 | Hits@5 | Hits@10 |
+------------+--------+--------+--------+--------+---------+
|     0      | 0.3312 | 0.2157 | 0.3791 | 0.4531 |  0.5559 |
|     1      | 0.2183 | 0.1328 | 0.2417 | 0.3002 |  0.3848 |
|     2      | 0.1958 | 0.1166 | 0.2191 | 0.2715 |  0.3468 |
+------------+--------+--------+--------+--------+---------+
2025-01-08 14:47:49,912 INFO    : Snapshot:3	0	1	Epoch:0	Loss:12.938	MRR:13.99	Hits@10:24.64	Best:13.99
2025-01-08 14:48:00,933 INFO    : Snapshot:3	0	1	Epoch:1	Loss:4.717	MRR:16.3	Hits@10:28.82	Best:16.3
2025-01-08 14:48:11,680 INFO    : Snapshot:3	0	1	Epoch:2	Loss:3.97	MRR:16.73	Hits@10:29.59	Best:16.73
2025-01-08 14:48:22,536 INFO    : Snapshot:3	0	1	Epoch:3	Loss:3.543	MRR:17.39	Hits@10:30.94	Best:17.39
2025-01-08 14:48:33,421 INFO    : Snapshot:3	0	1	Epoch:4	Loss:3.274	MRR:17.71	Hits@10:31.66	Best:17.71
2025-01-08 14:48:44,073 INFO    : Snapshot:3	0	1	Epoch:5	Loss:3.124	MRR:17.8	Hits@10:31.9	Best:17.8
2025-01-08 14:48:54,803 INFO    : Snapshot:3	0	1	Epoch:6	Loss:2.972	MRR:18.13	Hits@10:32.0	Best:18.13
2025-01-08 14:49:05,674 INFO    : Snapshot:3	0	1	Epoch:7	Loss:2.877	MRR:18.26	Hits@10:32.51	Best:18.26
2025-01-08 14:49:16,278 INFO    : Snapshot:3	0	1	Epoch:8	Loss:2.808	MRR:18.4	Hits@10:32.61	Best:18.4
2025-01-08 14:49:26,781 INFO    : Early Stopping! Snapshot:3 Epoch: 9 Best Results: 18.4
2025-01-08 14:49:26,885 INFO    : => loading checkpoint './checkpoint/ENTITY\3model_best.tar'
2025-01-08 14:49:43,284 INFO    : 
+------------+--------+--------+--------+--------+---------+
| Snapshot:3 |  MRR   | Hits@1 | Hits@3 | Hits@5 | Hits@10 |
+------------+--------+--------+--------+--------+---------+
|     0      | 0.3312 | 0.2157 | 0.3791 | 0.4531 |  0.5559 |
|     1      | 0.2183 | 0.1328 | 0.2417 | 0.3002 |  0.3848 |
|     2      | 0.1958 | 0.1166 | 0.2191 | 0.2715 |  0.3468 |
|     3      | 0.1863 | 0.1125 | 0.2073 | 0.2541 |  0.3286 |
+------------+--------+--------+--------+--------+---------+
