2025-01-09 11:02:11,067 INFO    : Namespace(batch_size=1024, data_path='./data/ENTITY/', dataset='ENTITY', debug=False, device=device(type='cuda', index=0), emb_dim=200, ent_r='200', epoch_num=200, explore=False, gpu='0', l2=0.0, learning_rate='1e-1', log_path='./logs/ENTITY 200 20 1e-1 1024/ENTITY 20250109110202', logger=<RootLogger root (INFO)>, margin=8.0, model_name='LoraKGE_Layers', multi_layers_path='train_sorted_by_edges_betweenness.txt', neg_ratio=10, note='', num_ent_layers='20', num_layer=1, num_rel_layers='1', patience='3', predict_result=False, r=100, r_fixed=True, random_seed=3407, record=False, rel_r='200', save_path='./checkpoint/ENTITY', skip_previous='False', snapshot_num=5, train_new=True, using_multi_layers=False, using_various_ranks='True', using_various_ranks_reverse=False, valid_metrics='mrr')
2025-01-09 11:02:15,866 INFO    : Snapshot:0	0	3	Epoch:0	Loss:31.76	MRR:16.42	Hits@10:37.45	Best:16.42
2025-01-09 11:02:18,927 INFO    : Snapshot:0	0	3	Epoch:1	Loss:14.914	MRR:28.9	Hits@10:51.36	Best:28.9
2025-01-09 11:02:22,046 INFO    : Snapshot:0	0	3	Epoch:2	Loss:5.763	MRR:32.04	Hits@10:54.63	Best:32.04
2025-01-09 11:02:25,219 INFO    : Snapshot:0	0	3	Epoch:3	Loss:2.642	MRR:32.75	Hits@10:55.27	Best:32.75
2025-01-09 11:02:28,293 INFO    : Snapshot:0	1	3	Epoch:4	Loss:1.635	MRR:32.52	Hits@10:55.1	Best:32.75
2025-01-09 11:02:31,366 INFO    : Snapshot:0	0	3	Epoch:5	Loss:1.198	MRR:32.86	Hits@10:55.32	Best:32.86
2025-01-09 11:02:34,700 INFO    : Snapshot:0	1	3	Epoch:6	Loss:0.967	MRR:32.65	Hits@10:54.76	Best:32.86
2025-01-09 11:02:37,845 INFO    : Snapshot:0	2	3	Epoch:7	Loss:0.844	MRR:32.28	Hits@10:54.43	Best:32.86
2025-01-09 11:02:40,898 INFO    : Early Stopping! Snapshot:0 Epoch: 8 Best Results: 32.86
2025-01-09 11:02:40,995 INFO    : => loading checkpoint './checkpoint/ENTITY\0model_best.tar'
2025-01-09 11:02:42,612 INFO    : 
+------------+--------+--------+--------+--------+---------+
| Snapshot:0 |  MRR   | Hits@1 | Hits@3 | Hits@5 | Hits@10 |
+------------+--------+--------+--------+--------+---------+
|     0      | 0.3297 | 0.2143 | 0.3758 | 0.4509 |  0.5544 |
+------------+--------+--------+--------+--------+---------+
2025-01-09 11:02:57,903 INFO    : Snapshot:1	0	3	Epoch:0	Loss:13.616	MRR:16.3	Hits@10:29.28	Best:16.3
2025-01-09 11:03:05,708 INFO    : Snapshot:1	0	3	Epoch:1	Loss:4.464	MRR:18.06	Hits@10:32.33	Best:18.06
2025-01-09 11:03:13,832 INFO    : Snapshot:1	0	3	Epoch:2	Loss:3.659	MRR:18.64	Hits@10:33.61	Best:18.64
2025-01-09 11:03:22,012 INFO    : Snapshot:1	0	3	Epoch:3	Loss:3.269	MRR:19.25	Hits@10:34.57	Best:19.25
2025-01-09 11:03:30,089 INFO    : Snapshot:1	0	3	Epoch:4	Loss:2.993	MRR:19.48	Hits@10:34.82	Best:19.48
2025-01-09 11:03:38,247 INFO    : Snapshot:1	0	3	Epoch:5	Loss:2.806	MRR:19.83	Hits@10:35.88	Best:19.83
2025-01-09 11:03:46,145 INFO    : Snapshot:1	0	3	Epoch:6	Loss:2.72	MRR:20.51	Hits@10:36.32	Best:20.51
2025-01-09 11:03:54,157 INFO    : Snapshot:1	0	3	Epoch:7	Loss:2.565	MRR:20.65	Hits@10:37.04	Best:20.65
2025-01-09 11:04:01,894 INFO    : Snapshot:1	1	3	Epoch:8	Loss:2.464	MRR:20.64	Hits@10:37.49	Best:20.65
2025-01-09 11:04:09,766 INFO    : Snapshot:1	0	3	Epoch:9	Loss:2.418	MRR:20.78	Hits@10:37.27	Best:20.78
2025-01-09 11:04:17,744 INFO    : Snapshot:1	0	3	Epoch:10	Loss:2.351	MRR:21.2	Hits@10:37.78	Best:21.2
2025-01-09 11:04:25,711 INFO    : Snapshot:1	1	3	Epoch:11	Loss:2.261	MRR:21.15	Hits@10:38.16	Best:21.2
2025-01-09 11:04:33,647 INFO    : Snapshot:1	0	3	Epoch:12	Loss:2.198	MRR:21.22	Hits@10:38.12	Best:21.22
2025-01-09 11:04:41,691 INFO    : Snapshot:1	0	3	Epoch:13	Loss:2.207	MRR:21.25	Hits@10:38.17	Best:21.25
2025-01-09 11:04:49,663 INFO    : Snapshot:1	0	3	Epoch:14	Loss:2.153	MRR:21.68	Hits@10:38.74	Best:21.68
2025-01-09 11:04:57,520 INFO    : Snapshot:1	1	3	Epoch:15	Loss:2.131	MRR:21.67	Hits@10:39.06	Best:21.68
2025-01-09 11:05:05,436 INFO    : Snapshot:1	0	3	Epoch:16	Loss:2.1	MRR:21.96	Hits@10:38.98	Best:21.96
2025-01-09 11:05:13,354 INFO    : Snapshot:1	1	3	Epoch:17	Loss:2.076	MRR:21.68	Hits@10:38.53	Best:21.96
2025-01-09 11:05:21,300 INFO    : Snapshot:1	2	3	Epoch:18	Loss:2.007	MRR:21.84	Hits@10:38.99	Best:21.96
2025-01-09 11:05:29,249 INFO    : Snapshot:1	0	3	Epoch:19	Loss:2.006	MRR:22.23	Hits@10:39.19	Best:22.23
2025-01-09 11:05:37,184 INFO    : Snapshot:1	1	3	Epoch:20	Loss:1.981	MRR:21.82	Hits@10:38.76	Best:22.23
2025-01-09 11:05:44,822 INFO    : Snapshot:1	2	3	Epoch:21	Loss:1.967	MRR:21.89	Hits@10:39.12	Best:22.23
2025-01-09 11:05:52,597 INFO    : Early Stopping! Snapshot:1 Epoch: 22 Best Results: 22.23
2025-01-09 11:05:52,692 INFO    : => loading checkpoint './checkpoint/ENTITY\1model_best.tar'
2025-01-09 11:05:57,900 INFO    : 
+------------+--------+--------+--------+--------+---------+
| Snapshot:1 |  MRR   | Hits@1 | Hits@3 | Hits@5 | Hits@10 |
+------------+--------+--------+--------+--------+---------+
|     0      | 0.3297 | 0.2143 | 0.3758 | 0.4509 |  0.5544 |
|     1      | 0.223  | 0.1364 | 0.248  | 0.3027 |  0.3905 |
+------------+--------+--------+--------+--------+---------+
2025-01-09 11:06:14,636 INFO    : Snapshot:2	0	3	Epoch:0	Loss:12.937	MRR:14.56	Hits@10:25.56	Best:14.56
2025-01-09 11:06:24,070 INFO    : Snapshot:2	0	3	Epoch:1	Loss:4.409	MRR:16.44	Hits@10:29.01	Best:16.44
2025-01-09 11:06:33,473 INFO    : Snapshot:2	0	3	Epoch:2	Loss:3.655	MRR:17.37	Hits@10:31.17	Best:17.37
2025-01-09 11:06:42,841 INFO    : Snapshot:2	0	3	Epoch:3	Loss:3.32	MRR:18.05	Hits@10:31.89	Best:18.05
2025-01-09 11:06:52,226 INFO    : Snapshot:2	0	3	Epoch:4	Loss:3.055	MRR:18.08	Hits@10:32.23	Best:18.08
2025-01-09 11:07:01,515 INFO    : Snapshot:2	0	3	Epoch:5	Loss:2.929	MRR:18.58	Hits@10:32.76	Best:18.58
2025-01-09 11:07:10,565 INFO    : Snapshot:2	0	3	Epoch:6	Loss:2.76	MRR:18.68	Hits@10:33.13	Best:18.68
2025-01-09 11:07:19,570 INFO    : Snapshot:2	0	3	Epoch:7	Loss:2.666	MRR:18.72	Hits@10:33.3	Best:18.72
2025-01-09 11:07:28,506 INFO    : Snapshot:2	0	3	Epoch:8	Loss:2.582	MRR:18.93	Hits@10:33.43	Best:18.93
2025-01-09 11:07:37,581 INFO    : Snapshot:2	0	3	Epoch:9	Loss:2.515	MRR:19.0	Hits@10:33.67	Best:19.0
2025-01-09 11:07:46,557 INFO    : Snapshot:2	0	3	Epoch:10	Loss:2.445	MRR:19.19	Hits@10:33.87	Best:19.19
2025-01-09 11:07:55,647 INFO    : Snapshot:2	0	3	Epoch:11	Loss:2.436	MRR:19.34	Hits@10:34.21	Best:19.34
2025-01-09 11:08:04,640 INFO    : Snapshot:2	0	3	Epoch:12	Loss:2.388	MRR:19.4	Hits@10:34.41	Best:19.4
2025-01-09 11:08:13,825 INFO    : Snapshot:2	0	3	Epoch:13	Loss:2.313	MRR:19.45	Hits@10:34.31	Best:19.45
2025-01-09 11:08:23,087 INFO    : Snapshot:2	0	3	Epoch:14	Loss:2.298	MRR:19.53	Hits@10:34.64	Best:19.53
2025-01-09 11:08:32,354 INFO    : Snapshot:2	0	3	Epoch:15	Loss:2.284	MRR:19.6	Hits@10:34.57	Best:19.6
2025-01-09 11:08:41,462 INFO    : Snapshot:2	1	3	Epoch:16	Loss:2.241	MRR:19.42	Hits@10:34.66	Best:19.6
2025-01-09 11:08:50,488 INFO    : Snapshot:2	0	3	Epoch:17	Loss:2.226	MRR:19.61	Hits@10:34.7	Best:19.61
2025-01-09 11:08:59,505 INFO    : Snapshot:2	0	3	Epoch:18	Loss:2.179	MRR:19.76	Hits@10:34.87	Best:19.76
2025-01-09 11:09:08,495 INFO    : Snapshot:2	1	3	Epoch:19	Loss:2.157	MRR:19.67	Hits@10:34.9	Best:19.76
2025-01-09 11:09:17,840 INFO    : Snapshot:2	2	3	Epoch:20	Loss:2.13	MRR:19.74	Hits@10:34.98	Best:19.76
2025-01-09 11:09:26,992 INFO    : Snapshot:2	0	3	Epoch:21	Loss:2.128	MRR:19.8	Hits@10:34.98	Best:19.8
2025-01-09 11:09:36,117 INFO    : Snapshot:2	0	3	Epoch:22	Loss:2.12	MRR:19.81	Hits@10:35.31	Best:19.81
2025-01-09 11:09:44,984 INFO    : Snapshot:2	0	3	Epoch:23	Loss:2.115	MRR:19.89	Hits@10:35.28	Best:19.89
2025-01-09 11:09:53,790 INFO    : Snapshot:2	1	3	Epoch:24	Loss:2.091	MRR:19.77	Hits@10:35.11	Best:19.89
2025-01-09 11:10:02,700 INFO    : Snapshot:2	2	3	Epoch:25	Loss:2.067	MRR:19.85	Hits@10:35.42	Best:19.89
2025-01-09 11:10:11,601 INFO    : Early Stopping! Snapshot:2 Epoch: 26 Best Results: 19.89
2025-01-09 11:10:11,699 INFO    : => loading checkpoint './checkpoint/ENTITY\2model_best.tar'
2025-01-09 11:10:21,415 INFO    : 
+------------+--------+--------+--------+--------+---------+
| Snapshot:2 |  MRR   | Hits@1 | Hits@3 | Hits@5 | Hits@10 |
+------------+--------+--------+--------+--------+---------+
|     0      | 0.3297 | 0.2143 | 0.3758 | 0.4509 |  0.5544 |
|     1      | 0.223  | 0.1364 | 0.248  | 0.3027 |  0.3905 |
|     2      | 0.2009 | 0.1211 | 0.2235 | 0.2753 |  0.3535 |
+------------+--------+--------+--------+--------+---------+
2025-01-09 11:10:40,014 INFO    : Snapshot:3	0	3	Epoch:0	Loss:11.859	MRR:13.73	Hits@10:23.89	Best:13.73
2025-01-09 11:10:49,731 INFO    : Snapshot:3	0	3	Epoch:1	Loss:3.778	MRR:15.57	Hits@10:27.68	Best:15.57
2025-01-09 11:10:59,678 INFO    : Snapshot:3	0	3	Epoch:2	Loss:3.09	MRR:16.45	Hits@10:29.56	Best:16.45
2025-01-09 11:11:09,727 INFO    : Snapshot:3	0	3	Epoch:3	Loss:2.784	MRR:16.92	Hits@10:30.26	Best:16.92
2025-01-09 11:11:19,621 INFO    : Snapshot:3	0	3	Epoch:4	Loss:2.536	MRR:17.36	Hits@10:31.07	Best:17.36
2025-01-09 11:11:29,506 INFO    : Snapshot:3	0	3	Epoch:5	Loss:2.412	MRR:17.48	Hits@10:31.4	Best:17.48
2025-01-09 11:11:39,327 INFO    : Snapshot:3	0	3	Epoch:6	Loss:2.32	MRR:17.89	Hits@10:31.87	Best:17.89
2025-01-09 11:11:49,146 INFO    : Snapshot:3	0	3	Epoch:7	Loss:2.219	MRR:17.99	Hits@10:32.2	Best:17.99
2025-01-09 11:11:59,021 INFO    : Snapshot:3	0	3	Epoch:8	Loss:2.15	MRR:18.27	Hits@10:32.61	Best:18.27
2025-01-09 11:12:08,840 INFO    : Snapshot:3	1	3	Epoch:9	Loss:2.097	MRR:18.26	Hits@10:32.73	Best:18.27
2025-01-09 11:12:18,992 INFO    : Snapshot:3	2	3	Epoch:10	Loss:2.053	MRR:18.08	Hits@10:32.78	Best:18.27
2025-01-09 11:12:29,159 INFO    : Snapshot:3	0	3	Epoch:11	Loss:1.985	MRR:18.4	Hits@10:32.76	Best:18.4
2025-01-09 11:12:39,060 INFO    : Snapshot:3	1	3	Epoch:12	Loss:1.956	MRR:18.33	Hits@10:32.81	Best:18.4
2025-01-09 11:12:49,242 INFO    : Snapshot:3	0	3	Epoch:13	Loss:1.946	MRR:18.42	Hits@10:33.02	Best:18.42
2025-01-09 11:12:59,205 INFO    : Snapshot:3	0	3	Epoch:14	Loss:1.898	MRR:18.51	Hits@10:33.02	Best:18.51
2025-01-09 11:13:09,048 INFO    : Snapshot:3	0	3	Epoch:15	Loss:1.881	MRR:18.7	Hits@10:33.64	Best:18.7
2025-01-09 11:13:18,726 INFO    : Snapshot:3	1	3	Epoch:16	Loss:1.856	MRR:18.6	Hits@10:33.25	Best:18.7
2025-01-09 11:13:28,534 INFO    : Snapshot:3	0	3	Epoch:17	Loss:1.842	MRR:18.73	Hits@10:33.47	Best:18.73
2025-01-09 11:13:38,241 INFO    : Snapshot:3	0	3	Epoch:18	Loss:1.839	MRR:18.85	Hits@10:33.59	Best:18.85
2025-01-09 11:13:48,004 INFO    : Snapshot:3	1	3	Epoch:19	Loss:1.823	MRR:18.74	Hits@10:33.63	Best:18.85
2025-01-09 11:13:57,631 INFO    : Snapshot:3	2	3	Epoch:20	Loss:1.782	MRR:18.61	Hits@10:33.46	Best:18.85
2025-01-09 11:14:07,344 INFO    : Early Stopping! Snapshot:3 Epoch: 21 Best Results: 18.85
2025-01-09 11:14:07,455 INFO    : => loading checkpoint './checkpoint/ENTITY\3model_best.tar'
2025-01-09 11:14:23,286 INFO    : 
+------------+--------+--------+--------+--------+---------+
| Snapshot:3 |  MRR   | Hits@1 | Hits@3 | Hits@5 | Hits@10 |
+------------+--------+--------+--------+--------+---------+
|     0      | 0.3297 | 0.2143 | 0.3758 | 0.4509 |  0.5544 |
|     1      | 0.223  | 0.1364 | 0.248  | 0.3027 |  0.3905 |
|     2      | 0.2009 | 0.1211 | 0.2235 | 0.2753 |  0.3535 |
|     3      | 0.189  | 0.1119 |  0.21  | 0.2613 |  0.3364 |
+------------+--------+--------+--------+--------+---------+
2025-01-09 11:14:39,063 INFO    : Snapshot:4	0	3	Epoch:0	Loss:9.06	MRR:17.94	Hits@10:29.67	Best:17.94
2025-01-09 11:14:46,794 INFO    : Snapshot:4	0	3	Epoch:1	Loss:2.014	MRR:19.89	Hits@10:34.03	Best:19.89
2025-01-09 11:14:54,604 INFO    : Snapshot:4	0	3	Epoch:2	Loss:1.538	MRR:21.08	Hits@10:36.38	Best:21.08
2025-01-09 11:15:02,392 INFO    : Snapshot:4	0	3	Epoch:3	Loss:1.324	MRR:21.62	Hits@10:37.34	Best:21.62
2025-01-09 11:15:10,235 INFO    : Snapshot:4	0	3	Epoch:4	Loss:1.195	MRR:22.04	Hits@10:38.55	Best:22.04
2025-01-09 11:15:18,055 INFO    : Snapshot:4	0	3	Epoch:5	Loss:1.113	MRR:22.29	Hits@10:39.15	Best:22.29
2025-01-09 11:15:25,857 INFO    : Snapshot:4	0	3	Epoch:6	Loss:1.041	MRR:22.64	Hits@10:39.49	Best:22.64
2025-01-09 11:15:33,619 INFO    : Snapshot:4	1	3	Epoch:7	Loss:1.005	MRR:22.64	Hits@10:39.74	Best:22.64
2025-01-09 11:15:41,425 INFO    : Snapshot:4	0	3	Epoch:8	Loss:0.981	MRR:22.77	Hits@10:39.86	Best:22.77
2025-01-09 11:15:49,256 INFO    : Snapshot:4	1	3	Epoch:9	Loss:0.939	MRR:22.67	Hits@10:39.69	Best:22.77
2025-01-09 11:15:57,043 INFO    : Snapshot:4	0	3	Epoch:10	Loss:0.904	MRR:22.96	Hits@10:39.84	Best:22.96
2025-01-09 11:16:04,732 INFO    : Snapshot:4	0	3	Epoch:11	Loss:0.865	MRR:23.04	Hits@10:40.15	Best:23.04
2025-01-09 11:16:12,605 INFO    : Snapshot:4	0	3	Epoch:12	Loss:0.861	MRR:23.15	Hits@10:40.67	Best:23.15
2025-01-09 11:16:20,364 INFO    : Snapshot:4	0	3	Epoch:13	Loss:0.841	MRR:23.34	Hits@10:40.7	Best:23.34
2025-01-09 11:16:28,050 INFO    : Snapshot:4	0	3	Epoch:14	Loss:0.827	MRR:23.38	Hits@10:40.79	Best:23.38
2025-01-09 11:16:35,782 INFO    : Snapshot:4	1	3	Epoch:15	Loss:0.804	MRR:23.36	Hits@10:40.92	Best:23.38
2025-01-09 11:16:43,547 INFO    : Snapshot:4	0	3	Epoch:16	Loss:0.801	MRR:23.58	Hits@10:41.26	Best:23.58
2025-01-09 11:16:51,375 INFO    : Snapshot:4	1	3	Epoch:17	Loss:0.782	MRR:23.39	Hits@10:41.31	Best:23.58
2025-01-09 11:16:59,286 INFO    : Snapshot:4	2	3	Epoch:18	Loss:0.783	MRR:23.49	Hits@10:41.43	Best:23.58
2025-01-09 11:17:07,172 INFO    : Early Stopping! Snapshot:4 Epoch: 19 Best Results: 23.58
2025-01-09 11:17:07,273 INFO    : => loading checkpoint './checkpoint/ENTITY\4model_best.tar'
2025-01-09 11:17:28,036 INFO    : 
+------------+--------+--------+--------+--------+---------+
| Snapshot:4 |  MRR   | Hits@1 | Hits@3 | Hits@5 | Hits@10 |
+------------+--------+--------+--------+--------+---------+
|     0      | 0.3297 | 0.2143 | 0.3758 | 0.4509 |  0.5544 |
|     1      | 0.223  | 0.1364 | 0.248  | 0.3027 |  0.3905 |
|     2      | 0.2009 | 0.1211 | 0.2235 | 0.2753 |  0.3535 |
|     3      | 0.189  | 0.1119 |  0.21  | 0.2613 |  0.3364 |
|     4      | 0.2366 | 0.1417 | 0.2757 | 0.336  |  0.4174 |
+------------+--------+--------+--------+--------+---------+
2025-01-09 11:17:28,036 INFO    : Final Result:
[+------------+--------+--------+--------+--------+---------+
| Snapshot:0 |  MRR   | Hits@1 | Hits@3 | Hits@5 | Hits@10 |
+------------+--------+--------+--------+--------+---------+
|     0      | 0.3297 | 0.2143 | 0.3758 | 0.4509 |  0.5544 |
+------------+--------+--------+--------+--------+---------+, +------------+--------+--------+--------+--------+---------+
| Snapshot:1 |  MRR   | Hits@1 | Hits@3 | Hits@5 | Hits@10 |
+------------+--------+--------+--------+--------+---------+
|     0      | 0.3297 | 0.2143 | 0.3758 | 0.4509 |  0.5544 |
|     1      | 0.223  | 0.1364 | 0.248  | 0.3027 |  0.3905 |
+------------+--------+--------+--------+--------+---------+, +------------+--------+--------+--------+--------+---------+
| Snapshot:2 |  MRR   | Hits@1 | Hits@3 | Hits@5 | Hits@10 |
+------------+--------+--------+--------+--------+---------+
|     0      | 0.3297 | 0.2143 | 0.3758 | 0.4509 |  0.5544 |
|     1      | 0.223  | 0.1364 | 0.248  | 0.3027 |  0.3905 |
|     2      | 0.2009 | 0.1211 | 0.2235 | 0.2753 |  0.3535 |
+------------+--------+--------+--------+--------+---------+, +------------+--------+--------+--------+--------+---------+
| Snapshot:3 |  MRR   | Hits@1 | Hits@3 | Hits@5 | Hits@10 |
+------------+--------+--------+--------+--------+---------+
|     0      | 0.3297 | 0.2143 | 0.3758 | 0.4509 |  0.5544 |
|     1      | 0.223  | 0.1364 | 0.248  | 0.3027 |  0.3905 |
|     2      | 0.2009 | 0.1211 | 0.2235 | 0.2753 |  0.3535 |
|     3      | 0.189  | 0.1119 |  0.21  | 0.2613 |  0.3364 |
+------------+--------+--------+--------+--------+---------+, +------------+--------+--------+--------+--------+---------+
| Snapshot:4 |  MRR   | Hits@1 | Hits@3 | Hits@5 | Hits@10 |
+------------+--------+--------+--------+--------+---------+
|     0      | 0.3297 | 0.2143 | 0.3758 | 0.4509 |  0.5544 |
|     1      | 0.223  | 0.1364 | 0.248  | 0.3027 |  0.3905 |
|     2      | 0.2009 | 0.1211 | 0.2235 | 0.2753 |  0.3535 |
|     3      | 0.189  | 0.1119 |  0.21  | 0.2613 |  0.3364 |
|     4      | 0.2366 | 0.1417 | 0.2757 | 0.336  |  0.4174 |
+------------+--------+--------+--------+--------+---------+]
2025-01-09 11:17:28,036 INFO    : Report Result:
+----------+--------------------+-----------+--------------+--------------+---------------+
| Snapshot |        Time        | Whole_MRR | Whole_Hits@1 | Whole_Hits@3 | Whole_Hits@10 |
+----------+--------------------+-----------+--------------+--------------+---------------+
|    0     | 29.83112335205078  |    0.33   |    0.214     |    0.376     |     0.554     |
|    1     | 186.0378007888794  |   0.265   |    0.167     |    0.298     |     0.455     |
|    2     | 249.16837668418884 |    0.24   |    0.149     |    0.269     |     0.416     |
|    3     | 220.3338029384613  |   0.227   |    0.139     |    0.253     |     0.395     |
|    4     | 158.81579160690308 |   0.228   |     0.14     |    0.257     |     0.398     |
+----------+--------------------+-----------+--------------+--------------+---------------+
2025-01-09 11:17:28,036 INFO    : Sum_Training_Time:844.1868953704834
2025-01-09 11:17:28,036 INFO    : Every_Training_Time:[29.83112335205078, 186.0378007888794, 249.16837668418884, 220.3338029384613, 158.81579160690308]
2025-01-09 11:17:28,036 INFO    : Forward transfer: 0.0383 Backward transfer: 0.0
