2025-01-17 14:11:16,051 INFO    : Namespace(batch_size=1024, data_path='./data/ENTITY/', dataset='ENTITY', debug=False, device=device(type='cuda', index=0), emb_dim=200, ent_r='200', epoch_num=200, explore=False, gpu='0', l2=0.0, learning_rate='3e-2', log_path='./logs/ENTITY 200 20 3e-2 1024/ENTITY 20250117141106', logger=<RootLogger root (INFO)>, margin=8.0, model_name='LoraKGE_Layers', multi_layers_path='train_sorted_by_edges_betweenness.txt', neg_ratio=10, note='', num_ent_layers='20', num_layer=1, num_rel_layers='1', patience='5', predict_result=False, r=100, r_fixed=True, random_seed=3407, record=False, rel_r='200', save_path='./checkpoint/ENTITY', skip_previous='False', snapshot_num=5, train_new=True, using_multi_layers=False, using_various_ranks='True', using_various_ranks_reverse=False, valid_metrics='mrr')
2025-01-17 14:11:22,591 INFO    : Snapshot:0	0	5	Epoch:0	Loss:27.234	MRR:24.38	Hits@10:46.92	Best:24.38
2025-01-17 14:11:26,529 INFO    : Snapshot:0	0	5	Epoch:1	Loss:8.669	MRR:31.6	Hits@10:54.31	Best:31.6
2025-01-17 14:11:30,317 INFO    : Snapshot:0	0	5	Epoch:2	Loss:2.985	MRR:32.33	Hits@10:54.84	Best:32.33
2025-01-17 14:11:34,261 INFO    : Snapshot:0	1	5	Epoch:3	Loss:1.609	MRR:32.26	Hits@10:54.66	Best:32.33
2025-01-17 14:11:38,115 INFO    : Snapshot:0	2	5	Epoch:4	Loss:1.17	MRR:32.23	Hits@10:54.68	Best:32.33
2025-01-17 14:11:42,232 INFO    : Snapshot:0	3	5	Epoch:5	Loss:0.944	MRR:31.89	Hits@10:54.57	Best:32.33
2025-01-17 14:11:46,240 INFO    : Snapshot:0	4	5	Epoch:6	Loss:0.805	MRR:31.66	Hits@10:53.93	Best:32.33
2025-01-17 14:11:50,110 INFO    : Early Stopping! Snapshot:0 Epoch: 7 Best Results: 32.33
2025-01-17 14:11:50,220 INFO    : => loading checkpoint './checkpoint/ENTITY\0model_best.tar'
2025-01-17 14:11:52,049 INFO    : 
+------------+--------+--------+--------+--------+---------+
| Snapshot:0 |  MRR   | Hits@1 | Hits@3 | Hits@5 | Hits@10 |
+------------+--------+--------+--------+--------+---------+
|     0      | 0.3269 | 0.2104 | 0.3763 | 0.4479 |  0.5513 |
+------------+--------+--------+--------+--------+---------+
2025-01-17 14:12:10,056 INFO    : Snapshot:1	0	5	Epoch:0	Loss:23.513	MRR:15.37	Hits@10:26.88	Best:15.37
2025-01-17 14:12:18,711 INFO    : Snapshot:1	0	5	Epoch:1	Loss:7.251	MRR:17.22	Hits@10:31.31	Best:17.22
2025-01-17 14:12:27,294 INFO    : Snapshot:1	0	5	Epoch:2	Loss:5.571	MRR:18.29	Hits@10:32.86	Best:18.29
2025-01-17 14:12:35,913 INFO    : Snapshot:1	0	5	Epoch:3	Loss:4.813	MRR:18.94	Hits@10:34.32	Best:18.94
2025-01-17 14:12:44,446 INFO    : Snapshot:1	0	5	Epoch:4	Loss:4.332	MRR:19.69	Hits@10:35.49	Best:19.69
2025-01-17 14:12:53,278 INFO    : Snapshot:1	0	5	Epoch:5	Loss:4.004	MRR:20.0	Hits@10:36.25	Best:20.0
2025-01-17 14:13:01,865 INFO    : Snapshot:1	0	5	Epoch:6	Loss:3.726	MRR:20.38	Hits@10:36.78	Best:20.38
2025-01-17 14:13:10,581 INFO    : Snapshot:1	0	5	Epoch:7	Loss:3.545	MRR:20.73	Hits@10:37.27	Best:20.73
2025-01-17 14:13:19,099 INFO    : Snapshot:1	0	5	Epoch:8	Loss:3.392	MRR:20.97	Hits@10:38.04	Best:20.97
2025-01-17 14:13:27,718 INFO    : Snapshot:1	0	5	Epoch:9	Loss:3.238	MRR:21.12	Hits@10:38.07	Best:21.12
2025-01-17 14:13:36,385 INFO    : Snapshot:1	0	5	Epoch:10	Loss:3.157	MRR:21.43	Hits@10:38.31	Best:21.43
2025-01-17 14:13:44,912 INFO    : Snapshot:1	0	5	Epoch:11	Loss:3.072	MRR:21.72	Hits@10:38.87	Best:21.72
2025-01-17 14:13:53,523 INFO    : Snapshot:1	1	5	Epoch:12	Loss:2.988	MRR:21.63	Hits@10:38.63	Best:21.72
2025-01-17 14:14:01,977 INFO    : Snapshot:1	2	5	Epoch:13	Loss:2.921	MRR:21.64	Hits@10:38.83	Best:21.72
2025-01-17 14:14:10,865 INFO    : Snapshot:1	0	5	Epoch:14	Loss:2.897	MRR:21.93	Hits@10:39.34	Best:21.93
2025-01-17 14:14:19,495 INFO    : Snapshot:1	0	5	Epoch:15	Loss:2.852	MRR:22.05	Hits@10:39.56	Best:22.05
2025-01-17 14:14:28,448 INFO    : Snapshot:1	0	5	Epoch:16	Loss:2.785	MRR:22.06	Hits@10:39.17	Best:22.06
2025-01-17 14:14:37,755 INFO    : Snapshot:1	1	5	Epoch:17	Loss:2.752	MRR:21.98	Hits@10:39.5	Best:22.06
2025-01-17 14:14:46,474 INFO    : Snapshot:1	0	5	Epoch:18	Loss:2.7	MRR:22.19	Hits@10:39.7	Best:22.19
2025-01-17 14:14:54,932 INFO    : Snapshot:1	0	5	Epoch:19	Loss:2.672	MRR:22.32	Hits@10:39.76	Best:22.32
2025-01-17 14:15:03,474 INFO    : Snapshot:1	0	5	Epoch:20	Loss:2.67	MRR:22.39	Hits@10:39.97	Best:22.39
2025-01-17 14:15:12,180 INFO    : Snapshot:1	0	5	Epoch:21	Loss:2.635	MRR:22.4	Hits@10:40.12	Best:22.4
2025-01-17 14:15:20,754 INFO    : Snapshot:1	1	5	Epoch:22	Loss:2.608	MRR:22.35	Hits@10:39.98	Best:22.4
2025-01-17 14:15:29,558 INFO    : Snapshot:1	0	5	Epoch:23	Loss:2.534	MRR:22.57	Hits@10:40.22	Best:22.57
2025-01-17 14:15:38,032 INFO    : Snapshot:1	1	5	Epoch:24	Loss:2.54	MRR:22.46	Hits@10:40.33	Best:22.57
2025-01-17 14:15:46,590 INFO    : Snapshot:1	0	5	Epoch:25	Loss:2.517	MRR:22.58	Hits@10:40.39	Best:22.58
2025-01-17 14:15:55,242 INFO    : Snapshot:1	0	5	Epoch:26	Loss:2.526	MRR:22.75	Hits@10:40.64	Best:22.75
2025-01-17 14:16:03,811 INFO    : Snapshot:1	1	5	Epoch:27	Loss:2.497	MRR:22.6	Hits@10:40.35	Best:22.75
2025-01-17 14:16:12,409 INFO    : Snapshot:1	2	5	Epoch:28	Loss:2.482	MRR:22.68	Hits@10:40.36	Best:22.75
2025-01-17 14:16:21,051 INFO    : Snapshot:1	3	5	Epoch:29	Loss:2.464	MRR:22.65	Hits@10:40.43	Best:22.75
2025-01-17 14:16:29,658 INFO    : Snapshot:1	4	5	Epoch:30	Loss:2.47	MRR:22.73	Hits@10:40.71	Best:22.75
2025-01-17 14:16:38,377 INFO    : Early Stopping! Snapshot:1 Epoch: 31 Best Results: 22.75
2025-01-17 14:16:38,477 INFO    : => loading checkpoint './checkpoint/ENTITY\1model_best.tar'
2025-01-17 14:16:44,324 INFO    : 
+------------+--------+--------+--------+--------+---------+
| Snapshot:1 |  MRR   | Hits@1 | Hits@3 | Hits@5 | Hits@10 |
+------------+--------+--------+--------+--------+---------+
|     0      | 0.3269 | 0.2104 | 0.3763 | 0.4479 |  0.5513 |
|     1      | 0.226  | 0.1357 | 0.2522 | 0.3131 |  0.4035 |
+------------+--------+--------+--------+--------+---------+
2025-01-17 14:17:01,938 INFO    : Snapshot:2	0	5	Epoch:0	Loss:21.998	MRR:12.74	Hits@10:21.87	Best:12.74
2025-01-17 14:17:11,837 INFO    : Snapshot:2	0	5	Epoch:1	Loss:6.985	MRR:15.48	Hits@10:27.45	Best:15.48
2025-01-17 14:17:21,476 INFO    : Snapshot:2	0	5	Epoch:2	Loss:5.411	MRR:16.77	Hits@10:29.9	Best:16.77
2025-01-17 14:17:30,911 INFO    : Snapshot:2	0	5	Epoch:3	Loss:4.744	MRR:17.61	Hits@10:31.48	Best:17.61
2025-01-17 14:17:40,439 INFO    : Snapshot:2	0	5	Epoch:4	Loss:4.292	MRR:18.03	Hits@10:32.2	Best:18.03
2025-01-17 14:17:49,976 INFO    : Snapshot:2	0	5	Epoch:5	Loss:3.962	MRR:18.32	Hits@10:32.78	Best:18.32
2025-01-17 14:17:59,582 INFO    : Snapshot:2	0	5	Epoch:6	Loss:3.787	MRR:18.77	Hits@10:33.6	Best:18.77
2025-01-17 14:18:09,096 INFO    : Snapshot:2	0	5	Epoch:7	Loss:3.574	MRR:18.91	Hits@10:33.85	Best:18.91
2025-01-17 14:18:18,615 INFO    : Snapshot:2	0	5	Epoch:8	Loss:3.453	MRR:19.12	Hits@10:34.61	Best:19.12
2025-01-17 14:18:28,354 INFO    : Snapshot:2	0	5	Epoch:9	Loss:3.334	MRR:19.41	Hits@10:34.71	Best:19.41
2025-01-17 14:18:38,422 INFO    : Snapshot:2	0	5	Epoch:10	Loss:3.249	MRR:19.71	Hits@10:34.95	Best:19.71
2025-01-17 14:18:48,127 INFO    : Snapshot:2	1	5	Epoch:11	Loss:3.142	MRR:19.57	Hits@10:35.33	Best:19.71
2025-01-17 14:18:57,897 INFO    : Snapshot:2	0	5	Epoch:12	Loss:3.098	MRR:19.89	Hits@10:35.44	Best:19.89
2025-01-17 14:19:07,651 INFO    : Snapshot:2	1	5	Epoch:13	Loss:3.061	MRR:19.73	Hits@10:35.48	Best:19.89
2025-01-17 14:19:17,427 INFO    : Snapshot:2	0	5	Epoch:14	Loss:2.992	MRR:19.95	Hits@10:35.89	Best:19.95
2025-01-17 14:19:27,016 INFO    : Snapshot:2	0	5	Epoch:15	Loss:2.941	MRR:20.01	Hits@10:35.83	Best:20.01
2025-01-17 14:19:36,583 INFO    : Snapshot:2	0	5	Epoch:16	Loss:2.89	MRR:20.13	Hits@10:36.02	Best:20.13
2025-01-17 14:19:46,087 INFO    : Snapshot:2	0	5	Epoch:17	Loss:2.857	MRR:20.16	Hits@10:36.1	Best:20.16
2025-01-17 14:19:55,824 INFO    : Snapshot:2	0	5	Epoch:18	Loss:2.823	MRR:20.21	Hits@10:35.97	Best:20.21
2025-01-17 14:20:05,681 INFO    : Snapshot:2	0	5	Epoch:19	Loss:2.797	MRR:20.27	Hits@10:36.43	Best:20.27
2025-01-17 14:20:15,362 INFO    : Snapshot:2	1	5	Epoch:20	Loss:2.745	MRR:20.27	Hits@10:36.08	Best:20.27
2025-01-17 14:20:25,161 INFO    : Snapshot:2	0	5	Epoch:21	Loss:2.747	MRR:20.39	Hits@10:36.15	Best:20.39
2025-01-17 14:20:34,918 INFO    : Snapshot:2	1	5	Epoch:22	Loss:2.713	MRR:20.36	Hits@10:36.36	Best:20.39
2025-01-17 14:20:44,614 INFO    : Snapshot:2	2	5	Epoch:23	Loss:2.673	MRR:20.38	Hits@10:36.16	Best:20.39
2025-01-17 14:20:54,227 INFO    : Snapshot:2	0	5	Epoch:24	Loss:2.669	MRR:20.51	Hits@10:36.36	Best:20.51
2025-01-17 14:21:03,727 INFO    : Snapshot:2	1	5	Epoch:25	Loss:2.643	MRR:20.48	Hits@10:36.46	Best:20.51
2025-01-17 14:21:13,320 INFO    : Snapshot:2	2	5	Epoch:26	Loss:2.664	MRR:20.46	Hits@10:36.49	Best:20.51
2025-01-17 14:21:23,024 INFO    : Snapshot:2	0	5	Epoch:27	Loss:2.622	MRR:20.59	Hits@10:36.6	Best:20.59
2025-01-17 14:21:32,891 INFO    : Snapshot:2	1	5	Epoch:28	Loss:2.602	MRR:20.53	Hits@10:36.8	Best:20.59
2025-01-17 14:21:42,587 INFO    : Snapshot:2	2	5	Epoch:29	Loss:2.56	MRR:20.44	Hits@10:36.72	Best:20.59
2025-01-17 14:21:51,977 INFO    : Snapshot:2	3	5	Epoch:30	Loss:2.591	MRR:20.56	Hits@10:36.86	Best:20.59
2025-01-17 14:22:01,588 INFO    : Snapshot:2	0	5	Epoch:31	Loss:2.567	MRR:20.63	Hits@10:36.91	Best:20.63
2025-01-17 14:22:11,075 INFO    : Snapshot:2	1	5	Epoch:32	Loss:2.565	MRR:20.53	Hits@10:36.79	Best:20.63
2025-01-17 14:22:20,699 INFO    : Snapshot:2	2	5	Epoch:33	Loss:2.568	MRR:20.53	Hits@10:36.82	Best:20.63
2025-01-17 14:22:30,424 INFO    : Snapshot:2	0	5	Epoch:34	Loss:2.536	MRR:20.74	Hits@10:36.98	Best:20.74
2025-01-17 14:22:40,327 INFO    : Snapshot:2	0	5	Epoch:35	Loss:2.555	MRR:20.78	Hits@10:36.82	Best:20.78
2025-01-17 14:22:50,011 INFO    : Snapshot:2	1	5	Epoch:36	Loss:2.517	MRR:20.73	Hits@10:36.77	Best:20.78
2025-01-17 14:22:59,828 INFO    : Snapshot:2	2	5	Epoch:37	Loss:2.521	MRR:20.55	Hits@10:36.72	Best:20.78
2025-01-17 14:23:09,443 INFO    : Snapshot:2	3	5	Epoch:38	Loss:2.509	MRR:20.64	Hits@10:36.99	Best:20.78
2025-01-17 14:23:18,943 INFO    : Snapshot:2	4	5	Epoch:39	Loss:2.487	MRR:20.69	Hits@10:36.77	Best:20.78
2025-01-17 14:23:28,593 INFO    : Early Stopping! Snapshot:2 Epoch: 40 Best Results: 20.78
2025-01-17 14:23:28,713 INFO    : => loading checkpoint './checkpoint/ENTITY\2model_best.tar'
2025-01-17 14:23:39,173 INFO    : 
+------------+--------+--------+--------+--------+---------+
| Snapshot:2 |  MRR   | Hits@1 | Hits@3 | Hits@5 | Hits@10 |
+------------+--------+--------+--------+--------+---------+
|     0      | 0.3269 | 0.2104 | 0.3763 | 0.4479 |  0.5513 |
|     1      | 0.226  | 0.1357 | 0.2522 | 0.3131 |  0.4035 |
|     2      | 0.2101 | 0.1264 | 0.2363 | 0.2899 |  0.3694 |
+------------+--------+--------+--------+--------+---------+
2025-01-17 14:23:58,124 INFO    : Snapshot:3	0	5	Epoch:0	Loss:20.804	MRR:12.19	Hits@10:20.56	Best:12.19
2025-01-17 14:24:08,802 INFO    : Snapshot:3	0	5	Epoch:1	Loss:6.116	MRR:14.65	Hits@10:25.45	Best:14.65
2025-01-17 14:24:19,174 INFO    : Snapshot:3	0	5	Epoch:2	Loss:4.684	MRR:15.66	Hits@10:27.89	Best:15.66
2025-01-17 14:24:29,933 INFO    : Snapshot:3	0	5	Epoch:3	Loss:4.017	MRR:16.62	Hits@10:29.72	Best:16.62
2025-01-17 14:24:40,673 INFO    : Snapshot:3	0	5	Epoch:4	Loss:3.655	MRR:17.17	Hits@10:31.05	Best:17.17
2025-01-17 14:24:51,267 INFO    : Snapshot:3	0	5	Epoch:5	Loss:3.406	MRR:17.52	Hits@10:31.81	Best:17.52
2025-01-17 14:25:01,802 INFO    : Snapshot:3	0	5	Epoch:6	Loss:3.202	MRR:17.91	Hits@10:32.53	Best:17.91
2025-01-17 14:25:12,397 INFO    : Snapshot:3	0	5	Epoch:7	Loss:3.032	MRR:18.09	Hits@10:32.73	Best:18.09
2025-01-17 14:25:22,746 INFO    : Snapshot:3	0	5	Epoch:8	Loss:2.927	MRR:18.2	Hits@10:33.14	Best:18.2
2025-01-17 14:25:33,129 INFO    : Snapshot:3	0	5	Epoch:9	Loss:2.827	MRR:18.56	Hits@10:33.63	Best:18.56
2025-01-17 14:25:43,565 INFO    : Snapshot:3	0	5	Epoch:10	Loss:2.756	MRR:18.57	Hits@10:33.88	Best:18.57
2025-01-17 14:25:54,728 INFO    : Snapshot:3	0	5	Epoch:11	Loss:2.694	MRR:18.7	Hits@10:33.86	Best:18.7
2025-01-17 14:26:06,570 INFO    : Snapshot:3	0	5	Epoch:12	Loss:2.591	MRR:18.8	Hits@10:34.19	Best:18.8
2025-01-17 14:26:18,383 INFO    : Snapshot:3	0	5	Epoch:13	Loss:2.554	MRR:18.97	Hits@10:34.23	Best:18.97
2025-01-17 14:26:30,263 INFO    : Snapshot:3	0	5	Epoch:14	Loss:2.49	MRR:19.1	Hits@10:34.33	Best:19.1
2025-01-17 14:26:41,498 INFO    : Snapshot:3	0	5	Epoch:15	Loss:2.461	MRR:19.11	Hits@10:34.41	Best:19.11
2025-01-17 14:26:53,028 INFO    : Snapshot:3	0	5	Epoch:16	Loss:2.395	MRR:19.3	Hits@10:34.56	Best:19.3
2025-01-17 14:27:04,476 INFO    : Snapshot:3	1	5	Epoch:17	Loss:2.385	MRR:19.1	Hits@10:34.34	Best:19.3
2025-01-17 14:27:16,366 INFO    : Snapshot:3	2	5	Epoch:18	Loss:2.366	MRR:19.27	Hits@10:34.55	Best:19.3
2025-01-17 14:27:28,348 INFO    : Snapshot:3	3	5	Epoch:19	Loss:2.329	MRR:19.3	Hits@10:35.02	Best:19.3
2025-01-17 14:27:40,114 INFO    : Snapshot:3	0	5	Epoch:20	Loss:2.283	MRR:19.32	Hits@10:34.68	Best:19.32
2025-01-17 14:27:52,168 INFO    : Snapshot:3	0	5	Epoch:21	Loss:2.294	MRR:19.5	Hits@10:35.29	Best:19.5
2025-01-17 14:28:04,566 INFO    : Snapshot:3	1	5	Epoch:22	Loss:2.278	MRR:19.43	Hits@10:35.12	Best:19.5
2025-01-17 14:28:16,346 INFO    : Snapshot:3	2	5	Epoch:23	Loss:2.256	MRR:19.5	Hits@10:35.02	Best:19.5
2025-01-17 14:28:28,137 INFO    : Snapshot:3	3	5	Epoch:24	Loss:2.237	MRR:19.43	Hits@10:34.93	Best:19.5
2025-01-17 14:28:39,737 INFO    : Snapshot:3	0	5	Epoch:25	Loss:2.213	MRR:19.65	Hits@10:35.17	Best:19.65
2025-01-17 14:28:51,499 INFO    : Snapshot:3	1	5	Epoch:26	Loss:2.228	MRR:19.46	Hits@10:35.15	Best:19.65
2025-01-17 14:29:03,976 INFO    : Snapshot:3	2	5	Epoch:27	Loss:2.187	MRR:19.42	Hits@10:35.37	Best:19.65
2025-01-17 14:29:16,702 INFO    : Snapshot:3	3	5	Epoch:28	Loss:2.178	MRR:19.47	Hits@10:35.32	Best:19.65
2025-01-17 14:29:28,952 INFO    : Snapshot:3	4	5	Epoch:29	Loss:2.168	MRR:19.61	Hits@10:35.38	Best:19.65
2025-01-17 14:29:41,286 INFO    : Early Stopping! Snapshot:3 Epoch: 30 Best Results: 19.65
2025-01-17 14:29:41,402 INFO    : => loading checkpoint './checkpoint/ENTITY\3model_best.tar'
2025-01-17 14:29:59,504 INFO    : 
+------------+--------+--------+--------+--------+---------+
| Snapshot:3 |  MRR   | Hits@1 | Hits@3 | Hits@5 | Hits@10 |
+------------+--------+--------+--------+--------+---------+
|     0      | 0.3269 | 0.2104 | 0.3763 | 0.4479 |  0.5513 |
|     1      | 0.226  | 0.1357 | 0.2522 | 0.3131 |  0.4035 |
|     2      | 0.2101 | 0.1264 | 0.2363 | 0.2899 |  0.3694 |
|     3      | 0.1969 | 0.1158 | 0.2223 | 0.276  |  0.3513 |
+------------+--------+--------+--------+--------+---------+
2025-01-17 14:30:17,863 INFO    : Snapshot:4	0	5	Epoch:0	Loss:17.058	MRR:16.09	Hits@10:25.31	Best:16.09
2025-01-17 14:30:27,404 INFO    : Snapshot:4	0	5	Epoch:1	Loss:3.826	MRR:18.73	Hits@10:30.95	Best:18.73
2025-01-17 14:30:36,650 INFO    : Snapshot:4	0	5	Epoch:2	Loss:2.613	MRR:20.34	Hits@10:34.29	Best:20.34
2025-01-17 14:30:46,101 INFO    : Snapshot:4	0	5	Epoch:3	Loss:2.111	MRR:21.2	Hits@10:36.39	Best:21.2
2025-01-17 14:30:55,092 INFO    : Snapshot:4	0	5	Epoch:4	Loss:1.854	MRR:21.79	Hits@10:37.67	Best:21.79
2025-01-17 14:31:04,291 INFO    : Snapshot:4	0	5	Epoch:5	Loss:1.694	MRR:22.35	Hits@10:38.77	Best:22.35
2025-01-17 14:31:13,598 INFO    : Snapshot:4	0	5	Epoch:6	Loss:1.556	MRR:22.75	Hits@10:39.34	Best:22.75
2025-01-17 14:31:22,829 INFO    : Snapshot:4	0	5	Epoch:7	Loss:1.463	MRR:23.12	Hits@10:40.09	Best:23.12
2025-01-17 14:31:31,705 INFO    : Snapshot:4	0	5	Epoch:8	Loss:1.384	MRR:23.19	Hits@10:40.05	Best:23.19
2025-01-17 14:31:40,710 INFO    : Snapshot:4	0	5	Epoch:9	Loss:1.329	MRR:23.3	Hits@10:40.28	Best:23.3
2025-01-17 14:31:49,387 INFO    : Snapshot:4	0	5	Epoch:10	Loss:1.267	MRR:23.44	Hits@10:40.57	Best:23.44
2025-01-17 14:31:58,496 INFO    : Snapshot:4	0	5	Epoch:11	Loss:1.218	MRR:23.64	Hits@10:41.19	Best:23.64
2025-01-17 14:32:07,384 INFO    : Snapshot:4	0	5	Epoch:12	Loss:1.196	MRR:23.82	Hits@10:41.33	Best:23.82
2025-01-17 14:32:16,402 INFO    : Snapshot:4	0	5	Epoch:13	Loss:1.139	MRR:23.84	Hits@10:41.37	Best:23.84
2025-01-17 14:32:25,227 INFO    : Snapshot:4	0	5	Epoch:14	Loss:1.122	MRR:23.98	Hits@10:41.72	Best:23.98
2025-01-17 14:32:34,127 INFO    : Snapshot:4	1	5	Epoch:15	Loss:1.096	MRR:23.98	Hits@10:41.84	Best:23.98
2025-01-17 14:32:43,358 INFO    : Snapshot:4	0	5	Epoch:16	Loss:1.082	MRR:24.0	Hits@10:41.73	Best:24.0
2025-01-17 14:32:52,251 INFO    : Snapshot:4	0	5	Epoch:17	Loss:1.059	MRR:24.09	Hits@10:41.77	Best:24.09
2025-01-17 14:33:01,097 INFO    : Snapshot:4	0	5	Epoch:18	Loss:1.05	MRR:24.24	Hits@10:42.17	Best:24.24
2025-01-17 14:33:09,892 INFO    : Snapshot:4	0	5	Epoch:19	Loss:1.031	MRR:24.4	Hits@10:42.3	Best:24.4
2025-01-17 14:33:18,654 INFO    : Snapshot:4	1	5	Epoch:20	Loss:1.008	MRR:24.25	Hits@10:42.27	Best:24.4
2025-01-17 14:33:27,691 INFO    : Snapshot:4	0	5	Epoch:21	Loss:0.994	MRR:24.43	Hits@10:42.48	Best:24.43
2025-01-17 14:33:36,618 INFO    : Snapshot:4	1	5	Epoch:22	Loss:0.981	MRR:24.19	Hits@10:42.29	Best:24.43
2025-01-17 14:33:45,426 INFO    : Snapshot:4	2	5	Epoch:23	Loss:0.972	MRR:24.31	Hits@10:42.4	Best:24.43
2025-01-17 14:33:54,331 INFO    : Snapshot:4	3	5	Epoch:24	Loss:0.952	MRR:24.33	Hits@10:42.61	Best:24.43
2025-01-17 14:34:03,157 INFO    : Snapshot:4	0	5	Epoch:25	Loss:0.947	MRR:24.44	Hits@10:42.57	Best:24.44
2025-01-17 14:34:11,955 INFO    : Snapshot:4	0	5	Epoch:26	Loss:0.94	MRR:24.51	Hits@10:42.61	Best:24.51
2025-01-17 14:34:20,618 INFO    : Snapshot:4	1	5	Epoch:27	Loss:0.933	MRR:24.4	Hits@10:42.4	Best:24.51
2025-01-17 14:34:29,859 INFO    : Snapshot:4	2	5	Epoch:28	Loss:0.948	MRR:24.37	Hits@10:42.38	Best:24.51
2025-01-17 14:34:38,680 INFO    : Snapshot:4	3	5	Epoch:29	Loss:0.924	MRR:24.47	Hits@10:43.03	Best:24.51
2025-01-17 14:34:47,049 INFO    : Snapshot:4	4	5	Epoch:30	Loss:0.916	MRR:24.47	Hits@10:42.77	Best:24.51
2025-01-17 14:34:55,484 INFO    : Early Stopping! Snapshot:4 Epoch: 31 Best Results: 24.51
2025-01-17 14:34:55,591 INFO    : => loading checkpoint './checkpoint/ENTITY\4model_best.tar'
2025-01-17 14:35:17,532 INFO    : 
+------------+--------+--------+--------+--------+---------+
| Snapshot:4 |  MRR   | Hits@1 | Hits@3 | Hits@5 | Hits@10 |
+------------+--------+--------+--------+--------+---------+
|     0      | 0.3269 | 0.2104 | 0.3763 | 0.4479 |  0.5513 |
|     1      | 0.226  | 0.1357 | 0.2522 | 0.3131 |  0.4035 |
|     2      | 0.2101 | 0.1264 | 0.2363 | 0.2899 |  0.3694 |
|     3      | 0.1969 | 0.1158 | 0.2223 | 0.276  |  0.3513 |
|     4      | 0.2443 | 0.147  | 0.2859 | 0.348  |  0.4303 |
+------------+--------+--------+--------+--------+---------+
2025-01-17 14:35:17,535 INFO    : Final Result:
[+------------+--------+--------+--------+--------+---------+
| Snapshot:0 |  MRR   | Hits@1 | Hits@3 | Hits@5 | Hits@10 |
+------------+--------+--------+--------+--------+---------+
|     0      | 0.3269 | 0.2104 | 0.3763 | 0.4479 |  0.5513 |
+------------+--------+--------+--------+--------+---------+, +------------+--------+--------+--------+--------+---------+
| Snapshot:1 |  MRR   | Hits@1 | Hits@3 | Hits@5 | Hits@10 |
+------------+--------+--------+--------+--------+---------+
|     0      | 0.3269 | 0.2104 | 0.3763 | 0.4479 |  0.5513 |
|     1      | 0.226  | 0.1357 | 0.2522 | 0.3131 |  0.4035 |
+------------+--------+--------+--------+--------+---------+, +------------+--------+--------+--------+--------+---------+
| Snapshot:2 |  MRR   | Hits@1 | Hits@3 | Hits@5 | Hits@10 |
+------------+--------+--------+--------+--------+---------+
|     0      | 0.3269 | 0.2104 | 0.3763 | 0.4479 |  0.5513 |
|     1      | 0.226  | 0.1357 | 0.2522 | 0.3131 |  0.4035 |
|     2      | 0.2101 | 0.1264 | 0.2363 | 0.2899 |  0.3694 |
+------------+--------+--------+--------+--------+---------+, +------------+--------+--------+--------+--------+---------+
| Snapshot:3 |  MRR   | Hits@1 | Hits@3 | Hits@5 | Hits@10 |
+------------+--------+--------+--------+--------+---------+
|     0      | 0.3269 | 0.2104 | 0.3763 | 0.4479 |  0.5513 |
|     1      | 0.226  | 0.1357 | 0.2522 | 0.3131 |  0.4035 |
|     2      | 0.2101 | 0.1264 | 0.2363 | 0.2899 |  0.3694 |
|     3      | 0.1969 | 0.1158 | 0.2223 | 0.276  |  0.3513 |
+------------+--------+--------+--------+--------+---------+, +------------+--------+--------+--------+--------+---------+
| Snapshot:4 |  MRR   | Hits@1 | Hits@3 | Hits@5 | Hits@10 |
+------------+--------+--------+--------+--------+---------+
|     0      | 0.3269 | 0.2104 | 0.3763 | 0.4479 |  0.5513 |
|     1      | 0.226  | 0.1357 | 0.2522 | 0.3131 |  0.4035 |
|     2      | 0.2101 | 0.1264 | 0.2363 | 0.2899 |  0.3694 |
|     3      | 0.1969 | 0.1158 | 0.2223 | 0.276  |  0.3513 |
|     4      | 0.2443 | 0.147  | 0.2859 | 0.348  |  0.4303 |
+------------+--------+--------+--------+--------+---------+]
2025-01-17 14:35:17,536 INFO    : Report Result:
+----------+--------------------+-----------+--------------+--------------+---------------+
| Snapshot |        Time        | Whole_MRR | Whole_Hits@1 | Whole_Hits@3 | Whole_Hits@10 |
+----------+--------------------+-----------+--------------+--------------+---------------+
|    0     | 34.059473752975464 |   0.327   |     0.21     |    0.376     |     0.551     |
|    1     | 281.73028326034546 |   0.265   |    0.165     |    0.301     |     0.461     |
|    2     | 399.4126830101013  |   0.244   |     0.15     |    0.276     |     0.426     |
|    3     | 356.40367579460144 |   0.232   |    0.141     |    0.262     |     0.406     |
|    4     | 290.0831048488617  |   0.233   |    0.142     |    0.265     |      0.41     |
+----------+--------------------+-----------+--------------+--------------+---------------+
2025-01-17 14:35:17,536 INFO    : Sum_Training_Time:1361.6892206668854
2025-01-17 14:35:17,536 INFO    : Every_Training_Time:[34.059473752975464, 281.73028326034546, 399.4126830101013, 356.40367579460144, 290.0831048488617]
2025-01-17 14:35:17,537 INFO    : Forward transfer: 0.04285 Backward transfer: 0.0
