2025-01-09 20:47:31,213 INFO    : Namespace(batch_size=1024, data_path='./data/RELATION/', dataset='RELATION', debug=False, device=device(type='cuda', index=0), emb_dim=200, ent_r='200', epoch_num=200, explore=False, gpu='0', l2=0.0, learning_rate='1e-1', log_path='./logs/RELATION 200 20 1e-1 1024/RELATION 20250109204722', logger=<RootLogger root (INFO)>, margin=8.0, model_name='LoraKGE_Layers', multi_layers_path='train_sorted_by_edges_betweenness.txt', neg_ratio=10, note='', num_ent_layers='20', num_layer=1, num_rel_layers='10', patience='10', predict_result=False, r=100, r_fixed=True, random_seed=3407, record=False, rel_r='200', save_path='./checkpoint/RELATION', skip_previous='False', snapshot_num=5, train_new=True, using_multi_layers=False, using_various_ranks='True', using_various_ranks_reverse=False, valid_metrics='mrr')
2025-01-09 20:47:44,430 INFO    : Snapshot:0	0	10	Epoch:0	Loss:57.452	MRR:20.09	Hits@10:35.74	Best:20.09
2025-01-09 20:47:55,390 INFO    : Snapshot:0	0	10	Epoch:1	Loss:26.117	MRR:26.0	Hits@10:44.87	Best:26.0
2025-01-09 20:48:06,405 INFO    : Snapshot:0	0	10	Epoch:2	Loss:10.775	MRR:27.25	Hits@10:46.91	Best:27.25
2025-01-09 20:48:17,751 INFO    : Snapshot:0	0	10	Epoch:3	Loss:5.621	MRR:27.39	Hits@10:46.91	Best:27.39
2025-01-09 20:48:28,799 INFO    : Snapshot:0	1	10	Epoch:4	Loss:3.84	MRR:27.31	Hits@10:46.89	Best:27.39
2025-01-09 20:48:39,883 INFO    : Snapshot:0	2	10	Epoch:5	Loss:3.078	MRR:27.03	Hits@10:47.05	Best:27.39
2025-01-09 20:48:50,929 INFO    : Snapshot:0	3	10	Epoch:6	Loss:2.585	MRR:27.09	Hits@10:46.65	Best:27.39
2025-01-09 20:49:02,014 INFO    : Snapshot:0	4	10	Epoch:7	Loss:2.335	MRR:26.74	Hits@10:46.22	Best:27.39
2025-01-09 20:49:12,956 INFO    : Snapshot:0	5	10	Epoch:8	Loss:2.136	MRR:26.69	Hits@10:45.84	Best:27.39
2025-01-09 20:49:23,923 INFO    : Snapshot:0	6	10	Epoch:9	Loss:1.988	MRR:26.33	Hits@10:45.71	Best:27.39
2025-01-09 20:49:34,846 INFO    : Snapshot:0	7	10	Epoch:10	Loss:1.852	MRR:26.03	Hits@10:45.45	Best:27.39
2025-01-09 20:49:45,780 INFO    : Snapshot:0	8	10	Epoch:11	Loss:1.786	MRR:25.82	Hits@10:45.16	Best:27.39
2025-01-09 20:49:56,779 INFO    : Snapshot:0	9	10	Epoch:12	Loss:1.692	MRR:25.78	Hits@10:45.02	Best:27.39
2025-01-09 20:50:07,728 INFO    : Early Stopping! Snapshot:0 Epoch: 13 Best Results: 27.39
2025-01-09 20:50:07,837 INFO    : => loading checkpoint './checkpoint/RELATION\0model_best.tar'
2025-01-09 20:50:15,239 INFO    : 
+------------+--------+--------+--------+--------+---------+
| Snapshot:0 |  MRR   | Hits@1 | Hits@3 | Hits@5 | Hits@10 |
+------------+--------+--------+--------+--------+---------+
|     0      | 0.2767 | 0.1708 | 0.3381 | 0.4057 |  0.4728 |
+------------+--------+--------+--------+--------+---------+
2025-01-09 20:50:41,489 INFO    : Snapshot:1	0	10	Epoch:0	Loss:31.388	MRR:10.19	Hits@10:20.45	Best:10.19
2025-01-09 20:50:55,475 INFO    : Snapshot:1	1	10	Epoch:1	Loss:22.2	MRR:10.17	Hits@10:20.78	Best:10.19
2025-01-09 20:51:09,466 INFO    : Snapshot:1	0	10	Epoch:2	Loss:21.566	MRR:10.45	Hits@10:21.43	Best:10.45
2025-01-09 20:51:23,698 INFO    : Snapshot:1	0	10	Epoch:3	Loss:21.226	MRR:10.77	Hits@10:21.77	Best:10.77
2025-01-09 20:51:37,664 INFO    : Snapshot:1	0	10	Epoch:4	Loss:20.979	MRR:10.85	Hits@10:21.92	Best:10.85
2025-01-09 20:51:51,536 INFO    : Snapshot:1	0	10	Epoch:5	Loss:20.79	MRR:11.11	Hits@10:22.5	Best:11.11
2025-01-09 20:52:05,428 INFO    : Snapshot:1	1	10	Epoch:6	Loss:20.61	MRR:10.94	Hits@10:22.47	Best:11.11
2025-01-09 20:52:19,485 INFO    : Snapshot:1	2	10	Epoch:7	Loss:20.527	MRR:11.11	Hits@10:22.58	Best:11.11
2025-01-09 20:52:33,526 INFO    : Snapshot:1	3	10	Epoch:8	Loss:20.379	MRR:11.0	Hits@10:22.66	Best:11.11
2025-01-09 20:52:47,487 INFO    : Snapshot:1	4	10	Epoch:9	Loss:20.267	MRR:10.98	Hits@10:22.65	Best:11.11
2025-01-09 20:53:01,476 INFO    : Snapshot:1	0	10	Epoch:10	Loss:20.227	MRR:11.2	Hits@10:22.86	Best:11.2
2025-01-09 20:53:15,553 INFO    : Snapshot:1	1	10	Epoch:11	Loss:20.152	MRR:11.18	Hits@10:22.79	Best:11.2
2025-01-09 20:53:29,875 INFO    : Snapshot:1	2	10	Epoch:12	Loss:20.078	MRR:11.16	Hits@10:23.09	Best:11.2
2025-01-09 20:53:43,840 INFO    : Snapshot:1	0	10	Epoch:13	Loss:20.088	MRR:11.41	Hits@10:23.06	Best:11.41
2025-01-09 20:53:57,700 INFO    : Snapshot:1	1	10	Epoch:14	Loss:20.034	MRR:11.31	Hits@10:23.1	Best:11.41
2025-01-09 20:54:11,675 INFO    : Snapshot:1	0	10	Epoch:15	Loss:19.997	MRR:11.44	Hits@10:23.03	Best:11.44
2025-01-09 20:54:26,026 INFO    : Snapshot:1	1	10	Epoch:16	Loss:19.991	MRR:11.18	Hits@10:22.94	Best:11.44
2025-01-09 20:54:40,261 INFO    : Snapshot:1	2	10	Epoch:17	Loss:19.95	MRR:11.42	Hits@10:23.12	Best:11.44
2025-01-09 20:54:54,453 INFO    : Snapshot:1	0	10	Epoch:18	Loss:19.909	MRR:11.49	Hits@10:23.28	Best:11.49
2025-01-09 20:55:08,544 INFO    : Snapshot:1	1	10	Epoch:19	Loss:19.898	MRR:11.29	Hits@10:23.05	Best:11.49
2025-01-09 20:55:22,524 INFO    : Snapshot:1	0	10	Epoch:20	Loss:19.874	MRR:11.53	Hits@10:23.21	Best:11.53
2025-01-09 20:55:36,592 INFO    : Snapshot:1	1	10	Epoch:21	Loss:19.857	MRR:11.5	Hits@10:23.29	Best:11.53
2025-01-09 20:55:50,400 INFO    : Snapshot:1	2	10	Epoch:22	Loss:19.813	MRR:11.45	Hits@10:23.31	Best:11.53
2025-01-09 20:56:04,273 INFO    : Snapshot:1	3	10	Epoch:23	Loss:19.839	MRR:11.48	Hits@10:23.27	Best:11.53
2025-01-09 20:56:18,510 INFO    : Snapshot:1	4	10	Epoch:24	Loss:19.816	MRR:11.35	Hits@10:23.17	Best:11.53
2025-01-09 20:56:32,768 INFO    : Snapshot:1	5	10	Epoch:25	Loss:19.765	MRR:11.39	Hits@10:23.37	Best:11.53
2025-01-09 20:56:46,757 INFO    : Snapshot:1	0	10	Epoch:26	Loss:19.76	MRR:11.63	Hits@10:23.31	Best:11.63
2025-01-09 20:57:00,727 INFO    : Snapshot:1	1	10	Epoch:27	Loss:19.766	MRR:11.35	Hits@10:23.15	Best:11.63
2025-01-09 20:57:14,777 INFO    : Snapshot:1	2	10	Epoch:28	Loss:19.725	MRR:11.48	Hits@10:23.43	Best:11.63
2025-01-09 20:57:28,865 INFO    : Snapshot:1	3	10	Epoch:29	Loss:19.751	MRR:11.55	Hits@10:23.23	Best:11.63
2025-01-09 20:57:43,013 INFO    : Snapshot:1	4	10	Epoch:30	Loss:19.751	MRR:11.6	Hits@10:23.53	Best:11.63
2025-01-09 20:57:56,915 INFO    : Snapshot:1	5	10	Epoch:31	Loss:19.708	MRR:11.57	Hits@10:23.54	Best:11.63
2025-01-09 20:58:10,874 INFO    : Snapshot:1	6	10	Epoch:32	Loss:19.701	MRR:11.56	Hits@10:23.4	Best:11.63
2025-01-09 20:58:25,026 INFO    : Snapshot:1	7	10	Epoch:33	Loss:19.68	MRR:11.58	Hits@10:23.41	Best:11.63
2025-01-09 20:58:39,010 INFO    : Snapshot:1	0	10	Epoch:34	Loss:19.73	MRR:11.66	Hits@10:23.36	Best:11.66
2025-01-09 20:58:53,027 INFO    : Snapshot:1	0	10	Epoch:35	Loss:19.698	MRR:11.78	Hits@10:23.44	Best:11.78
2025-01-09 20:59:06,982 INFO    : Snapshot:1	1	10	Epoch:36	Loss:19.657	MRR:11.71	Hits@10:23.68	Best:11.78
2025-01-09 20:59:21,050 INFO    : Snapshot:1	2	10	Epoch:37	Loss:19.664	MRR:11.58	Hits@10:23.37	Best:11.78
2025-01-09 20:59:35,414 INFO    : Snapshot:1	3	10	Epoch:38	Loss:19.684	MRR:11.76	Hits@10:23.5	Best:11.78
2025-01-09 20:59:49,186 INFO    : Snapshot:1	4	10	Epoch:39	Loss:19.687	MRR:11.68	Hits@10:23.77	Best:11.78
2025-01-09 21:00:03,044 INFO    : Snapshot:1	5	10	Epoch:40	Loss:19.713	MRR:11.74	Hits@10:23.64	Best:11.78
2025-01-09 21:00:17,112 INFO    : Snapshot:1	0	10	Epoch:41	Loss:19.584	MRR:11.81	Hits@10:23.6	Best:11.81
2025-01-09 21:00:31,311 INFO    : Snapshot:1	1	10	Epoch:42	Loss:19.615	MRR:11.71	Hits@10:23.72	Best:11.81
2025-01-09 21:00:45,505 INFO    : Snapshot:1	2	10	Epoch:43	Loss:19.631	MRR:11.64	Hits@10:23.61	Best:11.81
2025-01-09 21:00:59,707 INFO    : Snapshot:1	3	10	Epoch:44	Loss:19.636	MRR:11.53	Hits@10:23.43	Best:11.81
2025-01-09 21:01:13,664 INFO    : Snapshot:1	4	10	Epoch:45	Loss:19.669	MRR:11.62	Hits@10:23.56	Best:11.81
2025-01-09 21:01:27,630 INFO    : Snapshot:1	5	10	Epoch:46	Loss:19.599	MRR:11.74	Hits@10:23.62	Best:11.81
2025-01-09 21:01:41,740 INFO    : Snapshot:1	6	10	Epoch:47	Loss:19.614	MRR:11.75	Hits@10:23.84	Best:11.81
2025-01-09 21:01:55,785 INFO    : Snapshot:1	7	10	Epoch:48	Loss:19.613	MRR:11.74	Hits@10:23.71	Best:11.81
2025-01-09 21:02:09,784 INFO    : Snapshot:1	8	10	Epoch:49	Loss:19.571	MRR:11.74	Hits@10:23.71	Best:11.81
2025-01-09 21:02:24,059 INFO    : Snapshot:1	9	10	Epoch:50	Loss:19.632	MRR:11.78	Hits@10:23.81	Best:11.81
2025-01-09 21:02:38,320 INFO    : Early Stopping! Snapshot:1 Epoch: 51 Best Results: 11.81
2025-01-09 21:02:38,450 INFO    : => loading checkpoint './checkpoint/RELATION\1model_best.tar'
2025-01-09 21:02:54,465 INFO    : 
+------------+--------+--------+--------+--------+---------+
| Snapshot:1 |  MRR   | Hits@1 | Hits@3 | Hits@5 | Hits@10 |
+------------+--------+--------+--------+--------+---------+
|     0      | 0.2767 | 0.1708 | 0.3381 | 0.4057 |  0.4728 |
|     1      | 0.1179 | 0.056  | 0.1371 | 0.1778 |  0.2356 |
+------------+--------+--------+--------+--------+---------+
2025-01-09 21:03:14,286 INFO    : Snapshot:2	0	10	Epoch:0	Loss:24.006	MRR:9.76	Hits@10:15.49	Best:9.76
2025-01-09 21:03:24,602 INFO    : Snapshot:2	0	10	Epoch:1	Loss:19.132	MRR:10.02	Hits@10:15.75	Best:10.02
2025-01-09 21:03:34,821 INFO    : Snapshot:2	1	10	Epoch:2	Loss:18.783	MRR:9.99	Hits@10:15.72	Best:10.02
2025-01-09 21:03:45,166 INFO    : Snapshot:2	0	10	Epoch:3	Loss:18.669	MRR:10.18	Hits@10:16.17	Best:10.18
2025-01-09 21:03:55,335 INFO    : Snapshot:2	0	10	Epoch:4	Loss:18.631	MRR:10.27	Hits@10:16.43	Best:10.27
2025-01-09 21:04:05,487 INFO    : Snapshot:2	1	10	Epoch:5	Loss:18.579	MRR:10.14	Hits@10:16.34	Best:10.27
2025-01-09 21:04:15,544 INFO    : Snapshot:2	0	10	Epoch:6	Loss:18.549	MRR:10.28	Hits@10:16.28	Best:10.28
2025-01-09 21:04:25,868 INFO    : Snapshot:2	1	10	Epoch:7	Loss:18.506	MRR:10.2	Hits@10:16.36	Best:10.28
2025-01-09 21:04:36,121 INFO    : Snapshot:2	0	10	Epoch:8	Loss:18.493	MRR:10.33	Hits@10:16.53	Best:10.33
2025-01-09 21:04:46,322 INFO    : Snapshot:2	1	10	Epoch:9	Loss:18.477	MRR:10.27	Hits@10:16.34	Best:10.33
2025-01-09 21:04:56,527 INFO    : Snapshot:2	0	10	Epoch:10	Loss:18.441	MRR:10.4	Hits@10:16.53	Best:10.4
2025-01-09 21:05:06,721 INFO    : Snapshot:2	1	10	Epoch:11	Loss:18.433	MRR:10.35	Hits@10:16.65	Best:10.4
2025-01-09 21:05:16,980 INFO    : Snapshot:2	0	10	Epoch:12	Loss:18.412	MRR:10.48	Hits@10:16.77	Best:10.48
2025-01-09 21:05:27,050 INFO    : Snapshot:2	1	10	Epoch:13	Loss:18.408	MRR:10.28	Hits@10:16.47	Best:10.48
2025-01-09 21:05:37,409 INFO    : Snapshot:2	2	10	Epoch:14	Loss:18.403	MRR:10.38	Hits@10:16.73	Best:10.48
2025-01-09 21:05:47,521 INFO    : Snapshot:2	0	10	Epoch:15	Loss:18.405	MRR:10.55	Hits@10:16.8	Best:10.55
2025-01-09 21:05:57,790 INFO    : Snapshot:2	1	10	Epoch:16	Loss:18.404	MRR:10.38	Hits@10:16.5	Best:10.55
2025-01-09 21:06:07,905 INFO    : Snapshot:2	2	10	Epoch:17	Loss:18.447	MRR:10.44	Hits@10:16.54	Best:10.55
2025-01-09 21:06:18,177 INFO    : Snapshot:2	0	10	Epoch:18	Loss:18.377	MRR:10.59	Hits@10:16.96	Best:10.59
2025-01-09 21:06:28,510 INFO    : Snapshot:2	0	10	Epoch:19	Loss:18.345	MRR:10.61	Hits@10:16.81	Best:10.61
2025-01-09 21:06:38,858 INFO    : Snapshot:2	1	10	Epoch:20	Loss:18.377	MRR:10.47	Hits@10:16.81	Best:10.61
2025-01-09 21:06:49,130 INFO    : Snapshot:2	2	10	Epoch:21	Loss:18.365	MRR:10.56	Hits@10:16.9	Best:10.61
2025-01-09 21:06:59,362 INFO    : Snapshot:2	3	10	Epoch:22	Loss:18.331	MRR:10.49	Hits@10:16.75	Best:10.61
2025-01-09 21:07:09,626 INFO    : Snapshot:2	4	10	Epoch:23	Loss:18.328	MRR:10.55	Hits@10:16.85	Best:10.61
2025-01-09 21:07:19,691 INFO    : Snapshot:2	5	10	Epoch:24	Loss:18.365	MRR:10.42	Hits@10:16.68	Best:10.61
2025-01-09 21:07:29,837 INFO    : Snapshot:2	6	10	Epoch:25	Loss:18.365	MRR:10.49	Hits@10:16.82	Best:10.61
2025-01-09 21:07:40,063 INFO    : Snapshot:2	7	10	Epoch:26	Loss:18.36	MRR:10.51	Hits@10:16.62	Best:10.61
2025-01-09 21:07:50,232 INFO    : Snapshot:2	8	10	Epoch:27	Loss:18.323	MRR:10.52	Hits@10:16.67	Best:10.61
2025-01-09 21:08:00,361 INFO    : Snapshot:2	9	10	Epoch:28	Loss:18.31	MRR:10.56	Hits@10:16.71	Best:10.61
2025-01-09 21:08:10,568 INFO    : Early Stopping! Snapshot:2 Epoch: 29 Best Results: 10.61
2025-01-09 21:08:10,681 INFO    : => loading checkpoint './checkpoint/RELATION\2model_best.tar'
2025-01-09 21:08:32,957 INFO    : 
+------------+--------+--------+--------+--------+---------+
| Snapshot:2 |  MRR   | Hits@1 | Hits@3 | Hits@5 | Hits@10 |
+------------+--------+--------+--------+--------+---------+
|     0      | 0.2767 | 0.1708 | 0.3381 | 0.4057 |  0.4728 |
|     1      | 0.1179 | 0.056  | 0.1371 | 0.1778 |  0.2356 |
|     2      | 0.1027 | 0.0677 | 0.1035 | 0.1244 |  0.1626 |
+------------+--------+--------+--------+--------+---------+
2025-01-09 21:08:43,995 INFO    : Snapshot:3	0	10	Epoch:0	Loss:11.802	MRR:15.31	Hits@10:24.45	Best:15.31
2025-01-09 21:08:48,655 INFO    : Snapshot:3	0	10	Epoch:1	Loss:7.329	MRR:18.42	Hits@10:25.79	Best:18.42
2025-01-09 21:08:53,507 INFO    : Snapshot:3	1	10	Epoch:2	Loss:6.944	MRR:18.08	Hits@10:27.53	Best:18.42
2025-01-09 21:08:58,196 INFO    : Snapshot:3	0	10	Epoch:3	Loss:6.8	MRR:18.78	Hits@10:27.98	Best:18.78
2025-01-09 21:09:02,841 INFO    : Snapshot:3	1	10	Epoch:4	Loss:6.693	MRR:18.13	Hits@10:28.46	Best:18.78
2025-01-09 21:09:07,544 INFO    : Snapshot:3	2	10	Epoch:5	Loss:6.651	MRR:18.39	Hits@10:28.5	Best:18.78
2025-01-09 21:09:12,177 INFO    : Snapshot:3	3	10	Epoch:6	Loss:6.592	MRR:18.26	Hits@10:28.94	Best:18.78
2025-01-09 21:09:16,858 INFO    : Snapshot:3	0	10	Epoch:7	Loss:6.589	MRR:18.95	Hits@10:28.83	Best:18.95
2025-01-09 21:09:21,483 INFO    : Snapshot:3	0	10	Epoch:8	Loss:6.576	MRR:19.29	Hits@10:28.77	Best:19.29
2025-01-09 21:09:26,124 INFO    : Snapshot:3	1	10	Epoch:9	Loss:6.552	MRR:19.22	Hits@10:29.05	Best:19.29
2025-01-09 21:09:30,761 INFO    : Snapshot:3	2	10	Epoch:10	Loss:6.552	MRR:18.74	Hits@10:28.93	Best:19.29
2025-01-09 21:09:35,415 INFO    : Snapshot:3	3	10	Epoch:11	Loss:6.524	MRR:19.24	Hits@10:29.16	Best:19.29
2025-01-09 21:09:40,057 INFO    : Snapshot:3	4	10	Epoch:12	Loss:6.51	MRR:19.14	Hits@10:29.16	Best:19.29
2025-01-09 21:09:44,708 INFO    : Snapshot:3	5	10	Epoch:13	Loss:6.504	MRR:19.15	Hits@10:29.21	Best:19.29
2025-01-09 21:09:49,308 INFO    : Snapshot:3	6	10	Epoch:14	Loss:6.486	MRR:19.15	Hits@10:29.43	Best:19.29
2025-01-09 21:09:53,961 INFO    : Snapshot:3	7	10	Epoch:15	Loss:6.468	MRR:19.01	Hits@10:29.47	Best:19.29
2025-01-09 21:09:58,731 INFO    : Snapshot:3	0	10	Epoch:16	Loss:6.492	MRR:19.38	Hits@10:29.52	Best:19.38
2025-01-09 21:10:03,482 INFO    : Snapshot:3	0	10	Epoch:17	Loss:6.519	MRR:19.4	Hits@10:29.79	Best:19.4
2025-01-09 21:10:08,361 INFO    : Snapshot:3	1	10	Epoch:18	Loss:6.468	MRR:19.33	Hits@10:29.71	Best:19.4
2025-01-09 21:10:13,041 INFO    : Snapshot:3	2	10	Epoch:19	Loss:6.456	MRR:19.05	Hits@10:29.42	Best:19.4
2025-01-09 21:10:17,747 INFO    : Snapshot:3	3	10	Epoch:20	Loss:6.457	MRR:18.75	Hits@10:29.45	Best:19.4
2025-01-09 21:10:22,456 INFO    : Snapshot:3	4	10	Epoch:21	Loss:6.423	MRR:18.83	Hits@10:29.52	Best:19.4
2025-01-09 21:10:27,030 INFO    : Snapshot:3	5	10	Epoch:22	Loss:6.439	MRR:19.33	Hits@10:29.53	Best:19.4
2025-01-09 21:10:31,656 INFO    : Snapshot:3	0	10	Epoch:23	Loss:6.463	MRR:19.65	Hits@10:29.52	Best:19.65
2025-01-09 21:10:36,342 INFO    : Snapshot:3	1	10	Epoch:24	Loss:6.452	MRR:19.36	Hits@10:29.57	Best:19.65
2025-01-09 21:10:41,027 INFO    : Snapshot:3	2	10	Epoch:25	Loss:6.423	MRR:19.09	Hits@10:29.59	Best:19.65
2025-01-09 21:10:45,705 INFO    : Snapshot:3	3	10	Epoch:26	Loss:6.426	MRR:19.26	Hits@10:29.64	Best:19.65
2025-01-09 21:10:50,375 INFO    : Snapshot:3	4	10	Epoch:27	Loss:6.454	MRR:19.24	Hits@10:29.79	Best:19.65
2025-01-09 21:10:55,012 INFO    : Snapshot:3	5	10	Epoch:28	Loss:6.441	MRR:18.97	Hits@10:29.57	Best:19.65
2025-01-09 21:10:59,676 INFO    : Snapshot:3	6	10	Epoch:29	Loss:6.428	MRR:18.86	Hits@10:29.7	Best:19.65
2025-01-09 21:11:04,343 INFO    : Snapshot:3	7	10	Epoch:30	Loss:6.441	MRR:19.48	Hits@10:29.83	Best:19.65
2025-01-09 21:11:09,034 INFO    : Snapshot:3	8	10	Epoch:31	Loss:6.415	MRR:19.57	Hits@10:29.88	Best:19.65
2025-01-09 21:11:13,690 INFO    : Snapshot:3	9	10	Epoch:32	Loss:6.41	MRR:19.65	Hits@10:29.5	Best:19.65
2025-01-09 21:11:18,423 INFO    : Early Stopping! Snapshot:3 Epoch: 33 Best Results: 19.65
2025-01-09 21:11:18,534 INFO    : => loading checkpoint './checkpoint/RELATION\3model_best.tar'
2025-01-09 21:11:43,980 INFO    : 
+------------+--------+--------+--------+--------+---------+
| Snapshot:3 |  MRR   | Hits@1 | Hits@3 | Hits@5 | Hits@10 |
+------------+--------+--------+--------+--------+---------+
|     0      | 0.2767 | 0.1708 | 0.3381 | 0.4057 |  0.4728 |
|     1      | 0.1179 | 0.056  | 0.1371 | 0.1778 |  0.2356 |
|     2      | 0.1027 | 0.0677 | 0.1035 | 0.1244 |  0.1626 |
|     3      | 0.1929 | 0.1319 | 0.218  | 0.2475 |  0.2977 |
+------------+--------+--------+--------+--------+---------+
2025-01-09 21:12:21,141 INFO    : Snapshot:4	0	10	Epoch:0	Loss:10.366	MRR:13.11	Hits@10:22.83	Best:13.11
2025-01-09 21:12:37,711 INFO    : Snapshot:4	0	10	Epoch:1	Loss:7.357	MRR:13.77	Hits@10:24.26	Best:13.77
2025-01-09 21:12:54,315 INFO    : Snapshot:4	0	10	Epoch:2	Loss:7.062	MRR:14.18	Hits@10:24.98	Best:14.18
2025-01-09 21:13:10,867 INFO    : Snapshot:4	1	10	Epoch:3	Loss:6.936	MRR:14.0	Hits@10:25.5	Best:14.18
2025-01-09 21:13:27,440 INFO    : Snapshot:4	0	10	Epoch:4	Loss:6.89	MRR:14.44	Hits@10:25.8	Best:14.44
2025-01-09 21:13:43,981 INFO    : Snapshot:4	0	10	Epoch:5	Loss:6.853	MRR:14.71	Hits@10:25.97	Best:14.71
2025-01-09 21:14:00,495 INFO    : Snapshot:4	0	10	Epoch:6	Loss:6.895	MRR:14.99	Hits@10:25.93	Best:14.99
2025-01-09 21:14:17,025 INFO    : Snapshot:4	1	10	Epoch:7	Loss:6.813	MRR:14.87	Hits@10:25.87	Best:14.99
2025-01-09 21:14:33,614 INFO    : Snapshot:4	2	10	Epoch:8	Loss:6.837	MRR:14.95	Hits@10:25.97	Best:14.99
2025-01-09 21:14:50,400 INFO    : Snapshot:4	0	10	Epoch:9	Loss:6.824	MRR:15.07	Hits@10:26.43	Best:15.07
2025-01-09 21:15:06,994 INFO    : Snapshot:4	0	10	Epoch:10	Loss:6.798	MRR:15.14	Hits@10:26.27	Best:15.14
2025-01-09 21:15:23,542 INFO    : Snapshot:4	1	10	Epoch:11	Loss:6.816	MRR:14.97	Hits@10:26.12	Best:15.14
2025-01-09 21:15:40,072 INFO    : Snapshot:4	2	10	Epoch:12	Loss:6.802	MRR:14.75	Hits@10:26.14	Best:15.14
2025-01-09 21:15:56,588 INFO    : Snapshot:4	3	10	Epoch:13	Loss:6.791	MRR:14.96	Hits@10:26.44	Best:15.14
2025-01-09 21:16:13,138 INFO    : Snapshot:4	4	10	Epoch:14	Loss:6.783	MRR:14.82	Hits@10:26.0	Best:15.14
2025-01-09 21:16:29,668 INFO    : Snapshot:4	5	10	Epoch:15	Loss:6.773	MRR:14.43	Hits@10:26.05	Best:15.14
2025-01-09 21:16:46,247 INFO    : Snapshot:4	6	10	Epoch:16	Loss:6.776	MRR:14.75	Hits@10:26.36	Best:15.14
2025-01-09 21:17:02,782 INFO    : Snapshot:4	7	10	Epoch:17	Loss:6.778	MRR:14.82	Hits@10:26.57	Best:15.14
2025-01-09 21:17:19,379 INFO    : Snapshot:4	8	10	Epoch:18	Loss:6.78	MRR:14.71	Hits@10:26.04	Best:15.14
2025-01-09 21:17:35,941 INFO    : Snapshot:4	9	10	Epoch:19	Loss:6.771	MRR:14.98	Hits@10:26.51	Best:15.14
2025-01-09 21:17:52,502 INFO    : Early Stopping! Snapshot:4 Epoch: 20 Best Results: 15.14
2025-01-09 21:17:52,622 INFO    : => loading checkpoint './checkpoint/RELATION\4model_best.tar'
2025-01-09 21:18:33,955 INFO    : 
+------------+--------+--------+--------+--------+---------+
| Snapshot:4 |  MRR   | Hits@1 | Hits@3 | Hits@5 | Hits@10 |
+------------+--------+--------+--------+--------+---------+
|     0      | 0.2767 | 0.1708 | 0.3381 | 0.4057 |  0.4728 |
|     1      | 0.1179 | 0.056  | 0.1371 | 0.1778 |  0.2356 |
|     2      | 0.1027 | 0.0677 | 0.1035 | 0.1244 |  0.1626 |
|     3      | 0.1929 | 0.1319 | 0.218  | 0.2475 |  0.2977 |
|     4      | 0.1466 | 0.0895 | 0.1542 | 0.1912 |  0.2567 |
+------------+--------+--------+--------+--------+---------+
2025-01-09 21:18:33,955 INFO    : Final Result:
[+------------+--------+--------+--------+--------+---------+
| Snapshot:0 |  MRR   | Hits@1 | Hits@3 | Hits@5 | Hits@10 |
+------------+--------+--------+--------+--------+---------+
|     0      | 0.2767 | 0.1708 | 0.3381 | 0.4057 |  0.4728 |
+------------+--------+--------+--------+--------+---------+, +------------+--------+--------+--------+--------+---------+
| Snapshot:1 |  MRR   | Hits@1 | Hits@3 | Hits@5 | Hits@10 |
+------------+--------+--------+--------+--------+---------+
|     0      | 0.2767 | 0.1708 | 0.3381 | 0.4057 |  0.4728 |
|     1      | 0.1179 | 0.056  | 0.1371 | 0.1778 |  0.2356 |
+------------+--------+--------+--------+--------+---------+, +------------+--------+--------+--------+--------+---------+
| Snapshot:2 |  MRR   | Hits@1 | Hits@3 | Hits@5 | Hits@10 |
+------------+--------+--------+--------+--------+---------+
|     0      | 0.2767 | 0.1708 | 0.3381 | 0.4057 |  0.4728 |
|     1      | 0.1179 | 0.056  | 0.1371 | 0.1778 |  0.2356 |
|     2      | 0.1027 | 0.0677 | 0.1035 | 0.1244 |  0.1626 |
+------------+--------+--------+--------+--------+---------+, +------------+--------+--------+--------+--------+---------+
| Snapshot:3 |  MRR   | Hits@1 | Hits@3 | Hits@5 | Hits@10 |
+------------+--------+--------+--------+--------+---------+
|     0      | 0.2767 | 0.1708 | 0.3381 | 0.4057 |  0.4728 |
|     1      | 0.1179 | 0.056  | 0.1371 | 0.1778 |  0.2356 |
|     2      | 0.1027 | 0.0677 | 0.1035 | 0.1244 |  0.1626 |
|     3      | 0.1929 | 0.1319 | 0.218  | 0.2475 |  0.2977 |
+------------+--------+--------+--------+--------+---------+, +------------+--------+--------+--------+--------+---------+
| Snapshot:4 |  MRR   | Hits@1 | Hits@3 | Hits@5 | Hits@10 |
+------------+--------+--------+--------+--------+---------+
|     0      | 0.2767 | 0.1708 | 0.3381 | 0.4057 |  0.4728 |
|     1      | 0.1179 | 0.056  | 0.1371 | 0.1778 |  0.2356 |
|     2      | 0.1027 | 0.0677 | 0.1035 | 0.1244 |  0.1626 |
|     3      | 0.1929 | 0.1319 | 0.218  | 0.2475 |  0.2977 |
|     4      | 0.1466 | 0.0895 | 0.1542 | 0.1912 |  0.2567 |
+------------+--------+--------+--------+--------+---------+]
2025-01-09 21:18:33,955 INFO    : Report Result:
+----------+--------------------+-----------+--------------+--------------+---------------+
| Snapshot |        Time        | Whole_MRR | Whole_Hits@1 | Whole_Hits@3 | Whole_Hits@10 |
+----------+--------------------+-----------+--------------+--------------+---------------+
|    0     | 156.51557755470276 |   0.277   |    0.171     |    0.338     |     0.473     |
|    1     | 734.3988180160522  |   0.199   |    0.115     |     0.24     |     0.357     |
|    2     | 309.61690759658813 |   0.175   |    0.103     |    0.205     |     0.308     |
|    3     | 162.13444662094116 |   0.177   |    0.106     |    0.207     |     0.307     |
|    4     | 350.67556500434875 |   0.175   |    0.105     |    0.203     |     0.303     |
+----------+--------------------+-----------+--------------+--------------+---------------+
2025-01-09 21:18:33,955 INFO    : Sum_Training_Time:1713.341314792633
2025-01-09 21:18:33,955 INFO    : Every_Training_Time:[156.51557755470276, 734.3988180160522, 309.61690759658813, 162.13444662094116, 350.67556500434875]
2025-01-09 21:18:33,955 INFO    : Forward transfer: 0.012299999999999998 Backward transfer: 0.0
