2025-01-07 19:16:24,253 INFO    : Namespace(batch_size=1024, data_path='./data/RELATION/', dataset='RELATION', debug=False, device=device(type='cuda', index=0), emb_dim=200, ent_r='200', epoch_num=200, explore=False, gpu='0', l2=0.0, learning_rate='1e-1', log_path='./logs/RELATION 200 20 1e-1 1024/RELATION 20250107191615', logger=<RootLogger root (INFO)>, margin=8.0, model_name='LoraKGE_Layers', multi_layers_path='train_sorted_by_edges_betweenness.txt', neg_ratio=10, note='', num_ent_layers='20', num_layer=1, num_rel_layers=20, patience='10', predict_result=False, r=100, r_fixed=True, random_seed=3407, record=False, rel_r='200', save_path='./checkpoint/RELATION', skip_previous='False', snapshot_num=5, train_new=True, using_multi_layers=False, using_various_ranks='True', using_various_ranks_reverse=False, valid_metrics='mrr')
2025-01-07 19:16:37,405 INFO    : Snapshot:0	0	10	Epoch:0	Loss:57.452	MRR:20.09	Hits@10:35.74	Best:20.09
2025-01-07 19:16:48,200 INFO    : Snapshot:0	0	10	Epoch:1	Loss:26.117	MRR:26.0	Hits@10:44.87	Best:26.0
2025-01-07 19:16:59,025 INFO    : Snapshot:0	0	10	Epoch:2	Loss:10.775	MRR:27.25	Hits@10:46.91	Best:27.25
2025-01-07 19:17:10,101 INFO    : Snapshot:0	0	10	Epoch:3	Loss:5.621	MRR:27.39	Hits@10:46.91	Best:27.39
2025-01-07 19:17:20,877 INFO    : Snapshot:0	1	10	Epoch:4	Loss:3.84	MRR:27.31	Hits@10:46.89	Best:27.39
2025-01-07 19:17:31,716 INFO    : Snapshot:0	2	10	Epoch:5	Loss:3.078	MRR:27.03	Hits@10:47.05	Best:27.39
2025-01-07 19:17:42,395 INFO    : Snapshot:0	3	10	Epoch:6	Loss:2.585	MRR:27.09	Hits@10:46.65	Best:27.39
2025-01-07 19:17:53,192 INFO    : Snapshot:0	4	10	Epoch:7	Loss:2.335	MRR:26.74	Hits@10:46.22	Best:27.39
2025-01-07 19:18:03,903 INFO    : Snapshot:0	5	10	Epoch:8	Loss:2.136	MRR:26.69	Hits@10:45.84	Best:27.39
2025-01-07 19:18:14,784 INFO    : Snapshot:0	6	10	Epoch:9	Loss:1.988	MRR:26.33	Hits@10:45.71	Best:27.39
2025-01-07 19:18:25,669 INFO    : Snapshot:0	7	10	Epoch:10	Loss:1.852	MRR:26.03	Hits@10:45.45	Best:27.39
2025-01-07 19:18:36,588 INFO    : Snapshot:0	8	10	Epoch:11	Loss:1.786	MRR:25.82	Hits@10:45.16	Best:27.39
2025-01-07 19:18:47,487 INFO    : Snapshot:0	9	10	Epoch:12	Loss:1.692	MRR:25.78	Hits@10:45.02	Best:27.39
2025-01-07 19:18:58,339 INFO    : Early Stopping! Snapshot:0 Epoch: 13 Best Results: 27.39
2025-01-07 19:18:58,454 INFO    : => loading checkpoint './checkpoint/RELATION\0model_best.tar'
2025-01-07 19:19:05,669 INFO    : 
+------------+--------+--------+--------+--------+---------+
| Snapshot:0 |  MRR   | Hits@1 | Hits@3 | Hits@5 | Hits@10 |
+------------+--------+--------+--------+--------+---------+
|     0      | 0.2767 | 0.1708 | 0.3381 | 0.4057 |  0.4728 |
+------------+--------+--------+--------+--------+---------+
