2025-01-09 11:17:38,148 INFO    : Namespace(batch_size=1024, data_path='./data/RELATION/', dataset='RELATION', debug=False, device=device(type='cuda', index=0), emb_dim=200, ent_r='200', epoch_num=200, explore=False, gpu='0', l2=0.0, learning_rate='1e-1', log_path='./logs/RELATION 200 20 1e-1 1024/RELATION 20250109111729', logger=<RootLogger root (INFO)>, margin=8.0, model_name='LoraKGE_Layers', multi_layers_path='train_sorted_by_edges_betweenness.txt', neg_ratio=10, note='', num_ent_layers='20', num_layer=1, num_rel_layers='10', patience='3', predict_result=False, r=100, r_fixed=True, random_seed=3407, record=False, rel_r='200', save_path='./checkpoint/RELATION', skip_previous='False', snapshot_num=5, train_new=True, using_multi_layers=False, using_various_ranks='True', using_various_ranks_reverse=False, valid_metrics='mrr')
2025-01-09 11:17:51,401 INFO    : Snapshot:0	0	3	Epoch:0	Loss:57.452	MRR:20.09	Hits@10:35.74	Best:20.09
2025-01-09 11:18:02,198 INFO    : Snapshot:0	0	3	Epoch:1	Loss:26.117	MRR:26.0	Hits@10:44.87	Best:26.0
2025-01-09 11:18:13,169 INFO    : Snapshot:0	0	3	Epoch:2	Loss:10.775	MRR:27.25	Hits@10:46.91	Best:27.25
2025-01-09 11:18:24,358 INFO    : Snapshot:0	0	3	Epoch:3	Loss:5.621	MRR:27.39	Hits@10:46.91	Best:27.39
2025-01-09 11:18:35,343 INFO    : Snapshot:0	1	3	Epoch:4	Loss:3.84	MRR:27.31	Hits@10:46.89	Best:27.39
2025-01-09 11:18:46,410 INFO    : Snapshot:0	2	3	Epoch:5	Loss:3.078	MRR:27.03	Hits@10:47.05	Best:27.39
2025-01-09 11:18:57,455 INFO    : Early Stopping! Snapshot:0 Epoch: 6 Best Results: 27.39
2025-01-09 11:18:57,562 INFO    : => loading checkpoint './checkpoint/RELATION\0model_best.tar'
2025-01-09 11:19:04,791 INFO    : 
+------------+--------+--------+--------+--------+---------+
| Snapshot:0 |  MRR   | Hits@1 | Hits@3 | Hits@5 | Hits@10 |
+------------+--------+--------+--------+--------+---------+
|     0      | 0.2767 | 0.1708 | 0.3381 | 0.4057 |  0.4728 |
+------------+--------+--------+--------+--------+---------+
2025-01-09 11:19:30,916 INFO    : Snapshot:1	0	3	Epoch:0	Loss:31.514	MRR:9.77	Hits@10:19.96	Best:9.77
2025-01-09 11:19:44,800 INFO    : Snapshot:1	0	3	Epoch:1	Loss:22.257	MRR:10.02	Hits@10:20.52	Best:10.02
2025-01-09 11:19:58,844 INFO    : Snapshot:1	0	3	Epoch:2	Loss:21.542	MRR:10.3	Hits@10:21.22	Best:10.3
2025-01-09 11:20:12,750 INFO    : Snapshot:1	0	3	Epoch:3	Loss:21.186	MRR:10.45	Hits@10:21.54	Best:10.45
2025-01-09 11:20:26,994 INFO    : Snapshot:1	0	3	Epoch:4	Loss:20.93	MRR:10.93	Hits@10:22.26	Best:10.93
2025-01-09 11:20:41,009 INFO    : Snapshot:1	1	3	Epoch:5	Loss:20.723	MRR:10.93	Hits@10:22.38	Best:10.93
2025-01-09 11:20:55,010 INFO    : Snapshot:1	0	3	Epoch:6	Loss:20.584	MRR:10.96	Hits@10:22.51	Best:10.96
2025-01-09 11:21:09,074 INFO    : Snapshot:1	0	3	Epoch:7	Loss:20.427	MRR:11.08	Hits@10:22.71	Best:11.08
2025-01-09 11:21:23,156 INFO    : Snapshot:1	0	3	Epoch:8	Loss:20.29	MRR:11.16	Hits@10:22.75	Best:11.16
2025-01-09 11:21:37,115 INFO    : Snapshot:1	1	3	Epoch:9	Loss:20.225	MRR:11.03	Hits@10:22.69	Best:11.16
2025-01-09 11:21:50,986 INFO    : Snapshot:1	2	3	Epoch:10	Loss:20.134	MRR:10.99	Hits@10:22.84	Best:11.16
2025-01-09 11:22:04,765 INFO    : Early Stopping! Snapshot:1 Epoch: 11 Best Results: 11.16
2025-01-09 11:22:04,868 INFO    : => loading checkpoint './checkpoint/RELATION\1model_best.tar'
2025-01-09 11:22:21,210 INFO    : 
+------------+--------+--------+--------+--------+---------+
| Snapshot:1 |  MRR   | Hits@1 | Hits@3 | Hits@5 | Hits@10 |
+------------+--------+--------+--------+--------+---------+
|     0      | 0.2767 | 0.1708 | 0.3381 | 0.4057 |  0.4728 |
|     1      | 0.1146 | 0.0543 | 0.134  | 0.1733 |  0.2284 |
+------------+--------+--------+--------+--------+---------+
2025-01-09 11:22:40,919 INFO    : Snapshot:2	0	3	Epoch:0	Loss:23.884	MRR:9.58	Hits@10:14.92	Best:9.58
2025-01-09 11:22:51,058 INFO    : Snapshot:2	0	3	Epoch:1	Loss:19.08	MRR:9.95	Hits@10:15.5	Best:9.95
2025-01-09 11:23:01,271 INFO    : Snapshot:2	1	3	Epoch:2	Loss:18.801	MRR:9.89	Hits@10:15.66	Best:9.95
2025-01-09 11:23:11,661 INFO    : Snapshot:2	0	3	Epoch:3	Loss:18.659	MRR:10.05	Hits@10:16.03	Best:10.05
2025-01-09 11:23:21,885 INFO    : Snapshot:2	0	3	Epoch:4	Loss:18.549	MRR:10.2	Hits@10:16.17	Best:10.2
2025-01-09 11:23:32,120 INFO    : Snapshot:2	0	3	Epoch:5	Loss:18.531	MRR:10.21	Hits@10:16.27	Best:10.21
2025-01-09 11:23:42,214 INFO    : Snapshot:2	1	3	Epoch:6	Loss:18.5	MRR:10.2	Hits@10:16.15	Best:10.21
2025-01-09 11:23:52,440 INFO    : Snapshot:2	0	3	Epoch:7	Loss:18.492	MRR:10.24	Hits@10:16.29	Best:10.24
2025-01-09 11:24:02,454 INFO    : Snapshot:2	0	3	Epoch:8	Loss:18.454	MRR:10.29	Hits@10:16.25	Best:10.29
2025-01-09 11:24:12,501 INFO    : Snapshot:2	1	3	Epoch:9	Loss:18.456	MRR:10.17	Hits@10:16.37	Best:10.29
2025-01-09 11:24:22,754 INFO    : Snapshot:2	2	3	Epoch:10	Loss:18.438	MRR:10.26	Hits@10:16.45	Best:10.29
2025-01-09 11:24:32,911 INFO    : Snapshot:2	0	3	Epoch:11	Loss:18.402	MRR:10.35	Hits@10:16.54	Best:10.35
2025-01-09 11:24:43,159 INFO    : Snapshot:2	0	3	Epoch:12	Loss:18.389	MRR:10.39	Hits@10:16.62	Best:10.39
2025-01-09 11:24:53,453 INFO    : Snapshot:2	1	3	Epoch:13	Loss:18.396	MRR:10.25	Hits@10:16.48	Best:10.39
2025-01-09 11:25:03,864 INFO    : Snapshot:2	2	3	Epoch:14	Loss:18.357	MRR:10.27	Hits@10:16.56	Best:10.39
2025-01-09 11:25:13,983 INFO    : Early Stopping! Snapshot:2 Epoch: 15 Best Results: 10.39
2025-01-09 11:25:14,090 INFO    : => loading checkpoint './checkpoint/RELATION\2model_best.tar'
2025-01-09 11:25:36,392 INFO    : 
+------------+--------+--------+--------+--------+---------+
| Snapshot:2 |  MRR   | Hits@1 | Hits@3 | Hits@5 | Hits@10 |
+------------+--------+--------+--------+--------+---------+
|     0      | 0.2767 | 0.1708 | 0.3381 | 0.4057 |  0.4728 |
|     1      | 0.1146 | 0.0543 | 0.134  | 0.1733 |  0.2284 |
|     2      | 0.101  | 0.0669 | 0.1012 | 0.1219 |  0.1592 |
+------------+--------+--------+--------+--------+---------+
2025-01-09 11:25:46,999 INFO    : Snapshot:3	0	3	Epoch:0	Loss:11.607	MRR:16.63	Hits@10:23.96	Best:16.63
2025-01-09 11:25:51,650 INFO    : Snapshot:3	0	3	Epoch:1	Loss:7.278	MRR:18.24	Hits@10:26.3	Best:18.24
2025-01-09 11:25:56,236 INFO    : Snapshot:3	0	3	Epoch:2	Loss:6.914	MRR:18.27	Hits@10:27.65	Best:18.27
2025-01-09 11:26:00,899 INFO    : Snapshot:3	0	3	Epoch:3	Loss:6.787	MRR:18.35	Hits@10:28.03	Best:18.35
2025-01-09 11:26:05,486 INFO    : Snapshot:3	1	3	Epoch:4	Loss:6.7	MRR:17.67	Hits@10:28.67	Best:18.35
2025-01-09 11:26:10,166 INFO    : Snapshot:3	0	3	Epoch:5	Loss:6.624	MRR:19.02	Hits@10:28.53	Best:19.02
2025-01-09 11:26:14,847 INFO    : Snapshot:3	0	3	Epoch:6	Loss:6.6	MRR:19.18	Hits@10:28.28	Best:19.18
2025-01-09 11:26:19,592 INFO    : Snapshot:3	1	3	Epoch:7	Loss:6.591	MRR:18.86	Hits@10:28.48	Best:19.18
2025-01-09 11:26:24,391 INFO    : Snapshot:3	2	3	Epoch:8	Loss:6.573	MRR:18.72	Hits@10:28.0	Best:19.18
2025-01-09 11:26:29,066 INFO    : Early Stopping! Snapshot:3 Epoch: 9 Best Results: 19.18
2025-01-09 11:26:29,170 INFO    : => loading checkpoint './checkpoint/RELATION\3model_best.tar'
2025-01-09 11:26:54,746 INFO    : 
+------------+--------+--------+--------+--------+---------+
| Snapshot:3 |  MRR   | Hits@1 | Hits@3 | Hits@5 | Hits@10 |
+------------+--------+--------+--------+--------+---------+
|     0      | 0.2767 | 0.1708 | 0.3381 | 0.4057 |  0.4728 |
|     1      | 0.1146 | 0.0543 | 0.134  | 0.1733 |  0.2284 |
|     2      | 0.101  | 0.0669 | 0.1012 | 0.1219 |  0.1592 |
|     3      | 0.1853 | 0.1288 | 0.2038 | 0.2348 |  0.2832 |
+------------+--------+--------+--------+--------+---------+
2025-01-09 11:27:27,084 INFO    : Snapshot:4	0	3	Epoch:0	Loss:10.406	MRR:12.64	Hits@10:22.78	Best:12.64
2025-01-09 11:27:42,426 INFO    : Snapshot:4	0	3	Epoch:1	Loss:7.415	MRR:13.11	Hits@10:23.52	Best:13.11
2025-01-09 11:27:57,763 INFO    : Snapshot:4	0	3	Epoch:2	Loss:7.129	MRR:13.57	Hits@10:23.82	Best:13.57
2025-01-09 11:28:13,047 INFO    : Snapshot:4	1	3	Epoch:3	Loss:7.002	MRR:13.42	Hits@10:24.33	Best:13.57
2025-01-09 11:28:28,284 INFO    : Snapshot:4	0	3	Epoch:4	Loss:6.969	MRR:13.74	Hits@10:24.84	Best:13.74
2025-01-09 11:28:43,583 INFO    : Snapshot:4	0	3	Epoch:5	Loss:6.912	MRR:13.86	Hits@10:25.03	Best:13.86
2025-01-09 11:28:58,882 INFO    : Snapshot:4	0	3	Epoch:6	Loss:6.952	MRR:14.2	Hits@10:24.95	Best:14.2
2025-01-09 11:29:14,137 INFO    : Snapshot:4	1	3	Epoch:7	Loss:6.886	MRR:14.01	Hits@10:24.72	Best:14.2
2025-01-09 11:29:29,402 INFO    : Snapshot:4	2	3	Epoch:8	Loss:6.883	MRR:14.13	Hits@10:25.1	Best:14.2
2025-01-09 11:29:44,624 INFO    : Early Stopping! Snapshot:4 Epoch: 9 Best Results: 14.2
2025-01-09 11:29:44,728 INFO    : => loading checkpoint './checkpoint/RELATION\4model_best.tar'
2025-01-09 11:30:25,005 INFO    : 
+------------+--------+--------+--------+--------+---------+
| Snapshot:4 |  MRR   | Hits@1 | Hits@3 | Hits@5 | Hits@10 |
+------------+--------+--------+--------+--------+---------+
|     0      | 0.2767 | 0.1708 | 0.3381 | 0.4057 |  0.4728 |
|     1      | 0.1146 | 0.0543 | 0.134  | 0.1733 |  0.2284 |
|     2      | 0.101  | 0.0669 | 0.1012 | 0.1219 |  0.1592 |
|     3      | 0.1853 | 0.1288 | 0.2038 | 0.2348 |  0.2832 |
|     4      | 0.1349 | 0.079  | 0.1439 | 0.1808 |  0.2445 |
+------------+--------+--------+--------+--------+---------+
2025-01-09 11:30:25,005 INFO    : Final Result:
[+------------+--------+--------+--------+--------+---------+
| Snapshot:0 |  MRR   | Hits@1 | Hits@3 | Hits@5 | Hits@10 |
+------------+--------+--------+--------+--------+---------+
|     0      | 0.2767 | 0.1708 | 0.3381 | 0.4057 |  0.4728 |
+------------+--------+--------+--------+--------+---------+, +------------+--------+--------+--------+--------+---------+
| Snapshot:1 |  MRR   | Hits@1 | Hits@3 | Hits@5 | Hits@10 |
+------------+--------+--------+--------+--------+---------+
|     0      | 0.2767 | 0.1708 | 0.3381 | 0.4057 |  0.4728 |
|     1      | 0.1146 | 0.0543 | 0.134  | 0.1733 |  0.2284 |
+------------+--------+--------+--------+--------+---------+, +------------+--------+--------+--------+--------+---------+
| Snapshot:2 |  MRR   | Hits@1 | Hits@3 | Hits@5 | Hits@10 |
+------------+--------+--------+--------+--------+---------+
|     0      | 0.2767 | 0.1708 | 0.3381 | 0.4057 |  0.4728 |
|     1      | 0.1146 | 0.0543 | 0.134  | 0.1733 |  0.2284 |
|     2      | 0.101  | 0.0669 | 0.1012 | 0.1219 |  0.1592 |
+------------+--------+--------+--------+--------+---------+, +------------+--------+--------+--------+--------+---------+
| Snapshot:3 |  MRR   | Hits@1 | Hits@3 | Hits@5 | Hits@10 |
+------------+--------+--------+--------+--------+---------+
|     0      | 0.2767 | 0.1708 | 0.3381 | 0.4057 |  0.4728 |
|     1      | 0.1146 | 0.0543 | 0.134  | 0.1733 |  0.2284 |
|     2      | 0.101  | 0.0669 | 0.1012 | 0.1219 |  0.1592 |
|     3      | 0.1853 | 0.1288 | 0.2038 | 0.2348 |  0.2832 |
+------------+--------+--------+--------+--------+---------+, +------------+--------+--------+--------+--------+---------+
| Snapshot:4 |  MRR   | Hits@1 | Hits@3 | Hits@5 | Hits@10 |
+------------+--------+--------+--------+--------+---------+
|     0      | 0.2767 | 0.1708 | 0.3381 | 0.4057 |  0.4728 |
|     1      | 0.1146 | 0.0543 | 0.134  | 0.1733 |  0.2284 |
|     2      | 0.101  | 0.0669 | 0.1012 | 0.1219 |  0.1592 |
|     3      | 0.1853 | 0.1288 | 0.2038 | 0.2348 |  0.2832 |
|     4      | 0.1349 | 0.079  | 0.1439 | 0.1808 |  0.2445 |
+------------+--------+--------+--------+--------+---------+]
2025-01-09 11:30:25,005 INFO    : Report Result:
+----------+--------------------+-----------+--------------+--------------+---------------+
| Snapshot |        Time        | Whole_MRR | Whole_Hits@1 | Whole_Hits@3 | Whole_Hits@10 |
+----------+--------------------+-----------+--------------+--------------+---------------+
|    0     | 79.30697751045227  |   0.277   |    0.171     |    0.338     |     0.473     |
|    1     | 171.2858202457428  |   0.198   |    0.114     |    0.239     |     0.354     |
|    2     | 166.48306488990784 |   0.173   |    0.102     |    0.204     |     0.304     |
|    3     | 49.453513622283936 |   0.174   |    0.105     |    0.204     |     0.302     |
|    4     | 155.24738144874573 |   0.172   |    0.103     |    0.199     |     0.298     |
+----------+--------------------+-----------+--------------+--------------+---------------+
2025-01-09 11:30:25,005 INFO    : Sum_Training_Time:621.7767577171326
2025-01-09 11:30:25,005 INFO    : Every_Training_Time:[79.30697751045227, 171.2858202457428, 166.48306488990784, 49.453513622283936, 155.24738144874573]
2025-01-09 11:30:25,005 INFO    : Forward transfer: 0.011875 Backward transfer: 0.0
