2025-01-08 14:55:37,001 INFO    : Namespace(batch_size=1024, data_path='./data/RELATION/', dataset='RELATION', debug=False, device=device(type='cuda', index=0), emb_dim=200, ent_r='200', epoch_num=200, explore=False, gpu='0', l2=0.0, learning_rate='1e-1', log_path='./logs/RELATION 200 20 1e-1 1024/RELATION 20250108145528', logger=<RootLogger root (INFO)>, margin=8.0, model_name='LoraKGE_Layers', multi_layers_path='train_sorted_by_edges_betweenness.txt', neg_ratio=10, note='', num_ent_layers='20', num_layer=1, num_rel_layers=10, patience='10', predict_result=False, r=100, r_fixed=True, random_seed=3407, record=False, rel_r='200', save_path='./checkpoint/RELATION', skip_previous='False', snapshot_num=5, train_new=True, using_multi_layers=False, using_various_ranks='True', using_various_ranks_reverse=False, valid_metrics='mrr')
2025-01-08 14:55:50,520 INFO    : Snapshot:0	0	10	Epoch:0	Loss:57.452	MRR:20.09	Hits@10:35.74	Best:20.09
2025-01-08 14:56:01,276 INFO    : Snapshot:0	0	10	Epoch:1	Loss:26.117	MRR:26.0	Hits@10:44.87	Best:26.0
2025-01-08 14:56:12,222 INFO    : Snapshot:0	0	10	Epoch:2	Loss:10.775	MRR:27.25	Hits@10:46.91	Best:27.25
2025-01-08 14:56:23,387 INFO    : Snapshot:0	0	10	Epoch:3	Loss:5.621	MRR:27.39	Hits@10:46.91	Best:27.39
2025-01-08 14:56:34,331 INFO    : Snapshot:0	1	10	Epoch:4	Loss:3.84	MRR:27.31	Hits@10:46.89	Best:27.39
2025-01-08 14:56:45,147 INFO    : Snapshot:0	2	10	Epoch:5	Loss:3.078	MRR:27.03	Hits@10:47.05	Best:27.39
2025-01-08 14:56:55,920 INFO    : Snapshot:0	3	10	Epoch:6	Loss:2.585	MRR:27.09	Hits@10:46.65	Best:27.39
2025-01-08 14:57:06,717 INFO    : Snapshot:0	4	10	Epoch:7	Loss:2.335	MRR:26.74	Hits@10:46.22	Best:27.39
2025-01-08 14:57:17,503 INFO    : Snapshot:0	5	10	Epoch:8	Loss:2.136	MRR:26.69	Hits@10:45.84	Best:27.39
2025-01-08 14:57:28,358 INFO    : Snapshot:0	6	10	Epoch:9	Loss:1.988	MRR:26.33	Hits@10:45.71	Best:27.39
2025-01-08 14:57:39,242 INFO    : Snapshot:0	7	10	Epoch:10	Loss:1.852	MRR:26.03	Hits@10:45.45	Best:27.39
2025-01-08 14:57:50,088 INFO    : Snapshot:0	8	10	Epoch:11	Loss:1.786	MRR:25.82	Hits@10:45.16	Best:27.39
2025-01-08 14:58:00,906 INFO    : Snapshot:0	9	10	Epoch:12	Loss:1.692	MRR:25.78	Hits@10:45.02	Best:27.39
2025-01-08 14:58:11,793 INFO    : Early Stopping! Snapshot:0 Epoch: 13 Best Results: 27.39
2025-01-08 14:58:11,897 INFO    : => loading checkpoint './checkpoint/RELATION\0model_best.tar'
2025-01-08 14:58:19,160 INFO    : 
+------------+--------+--------+--------+--------+---------+
| Snapshot:0 |  MRR   | Hits@1 | Hits@3 | Hits@5 | Hits@10 |
+------------+--------+--------+--------+--------+---------+
|     0      | 0.2767 | 0.1708 | 0.3381 | 0.4057 |  0.4728 |
+------------+--------+--------+--------+--------+---------+
2025-01-08 14:58:45,868 INFO    : Snapshot:1	0	10	Epoch:0	Loss:30.601	MRR:10.3	Hits@10:21.25	Best:10.3
2025-01-08 14:59:00,656 INFO    : Snapshot:1	0	10	Epoch:1	Loss:22.017	MRR:10.38	Hits@10:21.55	Best:10.38
2025-01-08 14:59:15,496 INFO    : Snapshot:1	0	10	Epoch:2	Loss:21.391	MRR:10.76	Hits@10:21.88	Best:10.76
2025-01-08 14:59:30,573 INFO    : Snapshot:1	0	10	Epoch:3	Loss:21.071	MRR:10.79	Hits@10:21.75	Best:10.79
2025-01-08 14:59:45,140 INFO    : Snapshot:1	0	10	Epoch:4	Loss:20.843	MRR:10.91	Hits@10:22.08	Best:10.91
2025-01-08 14:59:59,537 INFO    : Snapshot:1	0	10	Epoch:5	Loss:20.671	MRR:11.08	Hits@10:22.48	Best:11.08
2025-01-08 15:00:14,275 INFO    : Snapshot:1	1	10	Epoch:6	Loss:20.527	MRR:11.03	Hits@10:22.51	Best:11.08
2025-01-08 15:00:29,221 INFO    : Snapshot:1	0	10	Epoch:7	Loss:20.46	MRR:11.13	Hits@10:22.51	Best:11.13
2025-01-08 15:00:44,025 INFO    : Snapshot:1	1	10	Epoch:8	Loss:20.332	MRR:11.06	Hits@10:22.7	Best:11.13
2025-01-08 15:00:59,062 INFO    : Snapshot:1	0	10	Epoch:9	Loss:20.232	MRR:11.2	Hits@10:22.86	Best:11.2
2025-01-08 15:01:14,068 INFO    : Snapshot:1	0	10	Epoch:10	Loss:20.21	MRR:11.22	Hits@10:22.69	Best:11.22
2025-01-08 15:01:28,778 INFO    : Snapshot:1	0	10	Epoch:11	Loss:20.144	MRR:11.24	Hits@10:22.8	Best:11.24
2025-01-08 15:01:43,440 INFO    : Snapshot:1	0	10	Epoch:12	Loss:20.088	MRR:11.25	Hits@10:23.06	Best:11.25
2025-01-08 15:01:57,993 INFO    : Snapshot:1	0	10	Epoch:13	Loss:20.1	MRR:11.35	Hits@10:22.8	Best:11.35
2025-01-08 15:02:12,623 INFO    : Snapshot:1	1	10	Epoch:14	Loss:20.049	MRR:11.26	Hits@10:23.14	Best:11.35
2025-01-08 15:02:27,613 INFO    : Snapshot:1	2	10	Epoch:15	Loss:20.019	MRR:11.32	Hits@10:22.73	Best:11.35
2025-01-08 15:02:42,402 INFO    : Snapshot:1	3	10	Epoch:16	Loss:20.01	MRR:11.25	Hits@10:22.94	Best:11.35
2025-01-08 15:02:56,984 INFO    : Snapshot:1	0	10	Epoch:17	Loss:19.971	MRR:11.41	Hits@10:23.0	Best:11.41
2025-01-08 15:03:11,632 INFO    : Snapshot:1	1	10	Epoch:18	Loss:19.929	MRR:11.41	Hits@10:23.14	Best:11.41
2025-01-08 15:03:26,750 INFO    : Snapshot:1	2	10	Epoch:19	Loss:19.924	MRR:11.36	Hits@10:22.9	Best:11.41
2025-01-08 15:03:41,487 INFO    : Snapshot:1	0	10	Epoch:20	Loss:19.898	MRR:11.54	Hits@10:23.13	Best:11.54
2025-01-08 15:03:55,931 INFO    : Snapshot:1	1	10	Epoch:21	Loss:19.883	MRR:11.46	Hits@10:23.45	Best:11.54
2025-01-08 15:04:10,530 INFO    : Snapshot:1	2	10	Epoch:22	Loss:19.841	MRR:11.39	Hits@10:23.21	Best:11.54
2025-01-08 15:04:25,223 INFO    : Snapshot:1	3	10	Epoch:23	Loss:19.872	MRR:11.54	Hits@10:23.43	Best:11.54
2025-01-08 15:04:40,027 INFO    : Snapshot:1	4	10	Epoch:24	Loss:19.847	MRR:11.39	Hits@10:23.19	Best:11.54
2025-01-08 15:04:54,515 INFO    : Snapshot:1	5	10	Epoch:25	Loss:19.796	MRR:11.43	Hits@10:23.44	Best:11.54
2025-01-08 15:05:09,164 INFO    : Snapshot:1	0	10	Epoch:26	Loss:19.796	MRR:11.57	Hits@10:23.39	Best:11.57
2025-01-08 15:05:24,246 INFO    : Snapshot:1	1	10	Epoch:27	Loss:19.799	MRR:11.51	Hits@10:23.36	Best:11.57
2025-01-08 15:05:38,955 INFO    : Snapshot:1	0	10	Epoch:28	Loss:19.753	MRR:11.58	Hits@10:23.35	Best:11.58
2025-01-08 15:05:53,383 INFO    : Snapshot:1	1	10	Epoch:29	Loss:19.779	MRR:11.51	Hits@10:23.3	Best:11.58
2025-01-08 15:06:07,873 INFO    : Snapshot:1	2	10	Epoch:30	Loss:19.781	MRR:11.55	Hits@10:23.33	Best:11.58
2025-01-08 15:06:22,755 INFO    : Snapshot:1	3	10	Epoch:31	Loss:19.739	MRR:11.56	Hits@10:23.51	Best:11.58
2025-01-08 15:06:37,761 INFO    : Snapshot:1	4	10	Epoch:32	Loss:19.734	MRR:11.5	Hits@10:23.39	Best:11.58
2025-01-08 15:06:52,751 INFO    : Snapshot:1	0	10	Epoch:33	Loss:19.712	MRR:11.67	Hits@10:23.58	Best:11.67
2025-01-08 15:07:07,680 INFO    : Snapshot:1	0	10	Epoch:34	Loss:19.761	MRR:11.75	Hits@10:23.52	Best:11.75
2025-01-08 15:07:22,045 INFO    : Snapshot:1	1	10	Epoch:35	Loss:19.723	MRR:11.68	Hits@10:23.47	Best:11.75
2025-01-08 15:07:36,863 INFO    : Snapshot:1	0	10	Epoch:36	Loss:19.684	MRR:11.77	Hits@10:23.63	Best:11.77
2025-01-08 15:07:51,260 INFO    : Snapshot:1	1	10	Epoch:37	Loss:19.694	MRR:11.59	Hits@10:23.39	Best:11.77
2025-01-08 15:08:05,905 INFO    : Snapshot:1	2	10	Epoch:38	Loss:19.714	MRR:11.73	Hits@10:23.6	Best:11.77
2025-01-08 15:08:20,801 INFO    : Snapshot:1	0	10	Epoch:39	Loss:19.721	MRR:11.79	Hits@10:23.73	Best:11.79
2025-01-08 15:08:35,683 INFO    : Snapshot:1	0	10	Epoch:40	Loss:19.746	MRR:11.83	Hits@10:23.56	Best:11.83
2025-01-08 15:08:50,330 INFO    : Snapshot:1	1	10	Epoch:41	Loss:19.612	MRR:11.82	Hits@10:23.63	Best:11.83
2025-01-08 15:09:04,883 INFO    : Snapshot:1	2	10	Epoch:42	Loss:19.647	MRR:11.69	Hits@10:23.6	Best:11.83
2025-01-08 15:09:19,544 INFO    : Snapshot:1	3	10	Epoch:43	Loss:19.662	MRR:11.7	Hits@10:23.69	Best:11.83
2025-01-08 15:09:34,503 INFO    : Snapshot:1	4	10	Epoch:44	Loss:19.666	MRR:11.67	Hits@10:23.69	Best:11.83
2025-01-08 15:09:49,118 INFO    : Snapshot:1	5	10	Epoch:45	Loss:19.7	MRR:11.66	Hits@10:23.48	Best:11.83
2025-01-08 15:10:03,468 INFO    : Snapshot:1	6	10	Epoch:46	Loss:19.63	MRR:11.75	Hits@10:23.51	Best:11.83
2025-01-08 15:10:18,207 INFO    : Snapshot:1	7	10	Epoch:47	Loss:19.635	MRR:11.71	Hits@10:23.7	Best:11.83
2025-01-08 15:10:33,120 INFO    : Snapshot:1	8	10	Epoch:48	Loss:19.628	MRR:11.83	Hits@10:23.69	Best:11.83
2025-01-08 15:10:47,892 INFO    : Snapshot:1	9	10	Epoch:49	Loss:19.587	MRR:11.73	Hits@10:23.78	Best:11.83
2025-01-08 15:11:02,492 INFO    : Early Stopping! Snapshot:1 Epoch: 50 Best Results: 11.83
2025-01-08 15:11:02,607 INFO    : => loading checkpoint './checkpoint/RELATION\1model_best.tar'
2025-01-08 15:11:19,238 INFO    : 
+------------+--------+--------+--------+--------+---------+
| Snapshot:1 |  MRR   | Hits@1 | Hits@3 | Hits@5 | Hits@10 |
+------------+--------+--------+--------+--------+---------+
|     0      | 0.2767 | 0.1708 | 0.3381 | 0.4057 |  0.4728 |
|     1      | 0.1198 | 0.0582 | 0.1393 | 0.1795 |  0.2356 |
+------------+--------+--------+--------+--------+---------+
2025-01-08 15:11:39,544 INFO    : Snapshot:2	0	10	Epoch:0	Loss:23.492	MRR:10.06	Hits@10:15.99	Best:10.06
2025-01-08 15:11:50,319 INFO    : Snapshot:2	0	10	Epoch:1	Loss:18.921	MRR:10.17	Hits@10:16.45	Best:10.17
2025-01-08 15:12:00,920 INFO    : Snapshot:2	0	10	Epoch:2	Loss:18.68	MRR:10.21	Hits@10:16.51	Best:10.21
2025-01-08 15:12:11,692 INFO    : Snapshot:2	0	10	Epoch:3	Loss:18.6	MRR:10.36	Hits@10:16.56	Best:10.36
2025-01-08 15:12:22,553 INFO    : Snapshot:2	1	10	Epoch:4	Loss:18.537	MRR:10.24	Hits@10:16.64	Best:10.36
2025-01-08 15:12:33,662 INFO    : Snapshot:2	0	10	Epoch:5	Loss:18.536	MRR:10.38	Hits@10:16.95	Best:10.38
2025-01-08 15:12:44,451 INFO    : Snapshot:2	1	10	Epoch:6	Loss:18.482	MRR:10.33	Hits@10:16.64	Best:10.38
2025-01-08 15:12:55,298 INFO    : Snapshot:2	2	10	Epoch:7	Loss:18.456	MRR:10.31	Hits@10:16.58	Best:10.38
2025-01-08 15:13:06,122 INFO    : Snapshot:2	3	10	Epoch:8	Loss:18.432	MRR:10.37	Hits@10:16.62	Best:10.38
2025-01-08 15:13:16,769 INFO    : Snapshot:2	4	10	Epoch:9	Loss:18.426	MRR:10.34	Hits@10:16.74	Best:10.38
2025-01-08 15:13:27,510 INFO    : Snapshot:2	0	10	Epoch:10	Loss:18.418	MRR:10.63	Hits@10:16.93	Best:10.63
2025-01-08 15:13:38,159 INFO    : Snapshot:2	1	10	Epoch:11	Loss:18.392	MRR:10.49	Hits@10:16.76	Best:10.63
2025-01-08 15:13:49,246 INFO    : Snapshot:2	2	10	Epoch:12	Loss:18.404	MRR:10.53	Hits@10:16.86	Best:10.63
2025-01-08 15:14:00,732 INFO    : Snapshot:2	3	10	Epoch:13	Loss:18.401	MRR:10.45	Hits@10:16.84	Best:10.63
2025-01-08 15:14:11,836 INFO    : Snapshot:2	4	10	Epoch:14	Loss:18.377	MRR:10.37	Hits@10:16.87	Best:10.63
2025-01-08 15:14:22,811 INFO    : Snapshot:2	5	10	Epoch:15	Loss:18.367	MRR:10.55	Hits@10:16.76	Best:10.63
2025-01-08 15:14:33,835 INFO    : Snapshot:2	6	10	Epoch:16	Loss:18.359	MRR:10.45	Hits@10:16.85	Best:10.63
2025-01-08 15:14:44,639 INFO    : Snapshot:2	7	10	Epoch:17	Loss:18.373	MRR:10.56	Hits@10:16.99	Best:10.63
2025-01-08 15:14:55,523 INFO    : Snapshot:2	8	10	Epoch:18	Loss:18.37	MRR:10.58	Hits@10:16.9	Best:10.63
2025-01-08 15:15:06,424 INFO    : Snapshot:2	9	10	Epoch:19	Loss:18.35	MRR:10.61	Hits@10:16.87	Best:10.63
2025-01-08 15:15:17,491 INFO    : Early Stopping! Snapshot:2 Epoch: 20 Best Results: 10.63
2025-01-08 15:15:17,598 INFO    : => loading checkpoint './checkpoint/RELATION\2model_best.tar'
2025-01-08 15:15:40,575 INFO    : 
+------------+--------+--------+--------+--------+---------+
| Snapshot:2 |  MRR   | Hits@1 | Hits@3 | Hits@5 | Hits@10 |
+------------+--------+--------+--------+--------+---------+
|     0      | 0.2767 | 0.1708 | 0.3381 | 0.4057 |  0.4728 |
|     1      | 0.0169 | 0.0022 | 0.0221 | 0.0322 |  0.0446 |
|     2      | 0.103  | 0.0669 | 0.1057 | 0.126  |  0.1638 |
+------------+--------+--------+--------+--------+---------+
2025-01-08 15:15:51,739 INFO    : Snapshot:3	0	10	Epoch:0	Loss:11.572	MRR:18.24	Hits@10:25.95	Best:18.24
2025-01-08 15:15:56,791 INFO    : Snapshot:3	0	10	Epoch:1	Loss:7.107	MRR:19.51	Hits@10:27.82	Best:19.51
2025-01-08 15:16:01,989 INFO    : Snapshot:3	0	10	Epoch:2	Loss:6.831	MRR:19.88	Hits@10:28.66	Best:19.88
2025-01-08 15:16:07,181 INFO    : Snapshot:3	0	10	Epoch:3	Loss:6.701	MRR:20.17	Hits@10:29.09	Best:20.17
2025-01-08 15:16:12,329 INFO    : Snapshot:3	1	10	Epoch:4	Loss:6.651	MRR:19.82	Hits@10:28.99	Best:20.17
2025-01-08 15:16:17,409 INFO    : Snapshot:3	2	10	Epoch:5	Loss:6.591	MRR:19.89	Hits@10:29.05	Best:20.17
2025-01-08 15:16:22,319 INFO    : Snapshot:3	0	10	Epoch:6	Loss:6.567	MRR:20.19	Hits@10:29.56	Best:20.19
2025-01-08 15:16:27,274 INFO    : Snapshot:3	1	10	Epoch:7	Loss:6.546	MRR:19.99	Hits@10:29.42	Best:20.19
2025-01-08 15:16:32,259 INFO    : Snapshot:3	2	10	Epoch:8	Loss:6.544	MRR:20.18	Hits@10:29.54	Best:20.19
2025-01-08 15:16:37,356 INFO    : Snapshot:3	3	10	Epoch:9	Loss:6.533	MRR:19.63	Hits@10:29.26	Best:20.19
2025-01-08 15:16:42,388 INFO    : Snapshot:3	4	10	Epoch:10	Loss:6.513	MRR:19.92	Hits@10:29.29	Best:20.19
2025-01-08 15:16:47,609 INFO    : Snapshot:3	5	10	Epoch:11	Loss:6.497	MRR:20.04	Hits@10:29.47	Best:20.19
2025-01-08 15:16:52,964 INFO    : Snapshot:3	6	10	Epoch:12	Loss:6.499	MRR:20.02	Hits@10:29.26	Best:20.19
2025-01-08 15:16:57,951 INFO    : Snapshot:3	7	10	Epoch:13	Loss:6.478	MRR:19.58	Hits@10:29.32	Best:20.19
2025-01-08 15:17:03,001 INFO    : Snapshot:3	8	10	Epoch:14	Loss:6.443	MRR:19.57	Hits@10:29.56	Best:20.19
2025-01-08 15:17:07,972 INFO    : Snapshot:3	9	10	Epoch:15	Loss:6.496	MRR:19.22	Hits@10:29.56	Best:20.19
2025-01-08 15:17:13,021 INFO    : Early Stopping! Snapshot:3 Epoch: 16 Best Results: 20.19
2025-01-08 15:17:13,142 INFO    : => loading checkpoint './checkpoint/RELATION\3model_best.tar'
2025-01-08 15:17:39,804 INFO    : 
+------------+--------+--------+--------+--------+---------+
| Snapshot:3 |  MRR   | Hits@1 | Hits@3 | Hits@5 | Hits@10 |
+------------+--------+--------+--------+--------+---------+
|     0      | 0.2767 | 0.1708 | 0.3381 | 0.4057 |  0.4728 |
|     1      | 0.0169 | 0.0022 | 0.0221 | 0.0322 |  0.0446 |
|     2      | 0.0052 | 0.0006 | 0.0042 | 0.0064 |  0.0111 |
|     3      | 0.199  | 0.1422 | 0.2192 | 0.248  |  0.2947 |
+------------+--------+--------+--------+--------+---------+
2025-01-08 15:18:14,240 INFO    : Snapshot:4	0	10	Epoch:0	Loss:10.229	MRR:13.96	Hits@10:24.54	Best:13.96
2025-01-08 15:18:30,250 INFO    : Snapshot:4	0	10	Epoch:1	Loss:7.197	MRR:14.28	Hits@10:25.28	Best:14.28
2025-01-08 15:18:46,372 INFO    : Snapshot:4	0	10	Epoch:2	Loss:6.963	MRR:14.53	Hits@10:25.53	Best:14.53
2025-01-08 15:19:02,397 INFO    : Snapshot:4	0	10	Epoch:3	Loss:6.872	MRR:14.62	Hits@10:25.78	Best:14.62
2025-01-08 15:19:18,438 INFO    : Snapshot:4	0	10	Epoch:4	Loss:6.849	MRR:14.72	Hits@10:26.16	Best:14.72
2025-01-08 15:19:34,513 INFO    : Snapshot:4	1	10	Epoch:5	Loss:6.804	MRR:14.63	Hits@10:25.89	Best:14.72
2025-01-08 15:19:50,554 INFO    : Snapshot:4	2	10	Epoch:6	Loss:6.864	MRR:14.6	Hits@10:25.79	Best:14.72
2025-01-08 15:20:06,533 INFO    : Snapshot:4	0	10	Epoch:7	Loss:6.816	MRR:14.76	Hits@10:26.14	Best:14.76
2025-01-08 15:20:22,560 INFO    : Snapshot:4	0	10	Epoch:8	Loss:6.78	MRR:15.01	Hits@10:25.91	Best:15.01
2025-01-08 15:20:38,538 INFO    : Snapshot:4	0	10	Epoch:9	Loss:6.817	MRR:15.28	Hits@10:26.2	Best:15.28
2025-01-08 15:20:54,503 INFO    : Snapshot:4	1	10	Epoch:10	Loss:6.766	MRR:15.15	Hits@10:26.21	Best:15.28
2025-01-08 15:21:10,482 INFO    : Snapshot:4	2	10	Epoch:11	Loss:6.771	MRR:15.03	Hits@10:26.12	Best:15.28
2025-01-08 15:21:26,465 INFO    : Snapshot:4	3	10	Epoch:12	Loss:6.795	MRR:14.88	Hits@10:26.16	Best:15.28
2025-01-08 15:21:42,457 INFO    : Snapshot:4	4	10	Epoch:13	Loss:6.78	MRR:14.8	Hits@10:26.05	Best:15.28
2025-01-08 15:21:58,554 INFO    : Snapshot:4	5	10	Epoch:14	Loss:6.76	MRR:14.83	Hits@10:26.13	Best:15.28
2025-01-08 15:22:14,630 INFO    : Snapshot:4	6	10	Epoch:15	Loss:6.758	MRR:15.03	Hits@10:26.34	Best:15.28
2025-01-08 15:22:30,648 INFO    : Snapshot:4	7	10	Epoch:16	Loss:6.762	MRR:14.92	Hits@10:26.18	Best:15.28
2025-01-08 15:22:46,687 INFO    : Snapshot:4	8	10	Epoch:17	Loss:6.758	MRR:14.8	Hits@10:26.21	Best:15.28
2025-01-08 15:23:02,295 INFO    : Snapshot:4	9	10	Epoch:18	Loss:6.763	MRR:14.83	Hits@10:25.96	Best:15.28
2025-01-08 15:23:17,915 INFO    : Early Stopping! Snapshot:4 Epoch: 19 Best Results: 15.28
2025-01-08 15:23:18,043 INFO    : => loading checkpoint './checkpoint/RELATION\4model_best.tar'
2025-01-08 15:23:58,859 INFO    : 
+------------+--------+--------+--------+--------+---------+
| Snapshot:4 |  MRR   | Hits@1 | Hits@3 | Hits@5 | Hits@10 |
+------------+--------+--------+--------+--------+---------+
|     0      | 0.2767 | 0.1708 | 0.3381 | 0.4057 |  0.4728 |
|     1      | 0.0169 | 0.0022 | 0.0221 | 0.0322 |  0.0446 |
|     2      | 0.0052 | 0.0006 | 0.0042 | 0.0064 |  0.0111 |
|     3      | 0.0063 | 0.0003 | 0.005  | 0.0073 |  0.015  |
|     4      | 0.1446 | 0.0901 | 0.1519 | 0.187  |  0.251  |
+------------+--------+--------+--------+--------+---------+
2025-01-08 15:23:58,874 INFO    : Final Result:
[+------------+--------+--------+--------+--------+---------+
| Snapshot:0 |  MRR   | Hits@1 | Hits@3 | Hits@5 | Hits@10 |
+------------+--------+--------+--------+--------+---------+
|     0      | 0.2767 | 0.1708 | 0.3381 | 0.4057 |  0.4728 |
+------------+--------+--------+--------+--------+---------+, +------------+--------+--------+--------+--------+---------+
| Snapshot:1 |  MRR   | Hits@1 | Hits@3 | Hits@5 | Hits@10 |
+------------+--------+--------+--------+--------+---------+
|     0      | 0.2767 | 0.1708 | 0.3381 | 0.4057 |  0.4728 |
|     1      | 0.1198 | 0.0582 | 0.1393 | 0.1795 |  0.2356 |
+------------+--------+--------+--------+--------+---------+, +------------+--------+--------+--------+--------+---------+
| Snapshot:2 |  MRR   | Hits@1 | Hits@3 | Hits@5 | Hits@10 |
+------------+--------+--------+--------+--------+---------+
|     0      | 0.2767 | 0.1708 | 0.3381 | 0.4057 |  0.4728 |
|     1      | 0.0169 | 0.0022 | 0.0221 | 0.0322 |  0.0446 |
|     2      | 0.103  | 0.0669 | 0.1057 | 0.126  |  0.1638 |
+------------+--------+--------+--------+--------+---------+, +------------+--------+--------+--------+--------+---------+
| Snapshot:3 |  MRR   | Hits@1 | Hits@3 | Hits@5 | Hits@10 |
+------------+--------+--------+--------+--------+---------+
|     0      | 0.2767 | 0.1708 | 0.3381 | 0.4057 |  0.4728 |
|     1      | 0.0169 | 0.0022 | 0.0221 | 0.0322 |  0.0446 |
|     2      | 0.0052 | 0.0006 | 0.0042 | 0.0064 |  0.0111 |
|     3      | 0.199  | 0.1422 | 0.2192 | 0.248  |  0.2947 |
+------------+--------+--------+--------+--------+---------+, +------------+--------+--------+--------+--------+---------+
| Snapshot:4 |  MRR   | Hits@1 | Hits@3 | Hits@5 | Hits@10 |
+------------+--------+--------+--------+--------+---------+
|     0      | 0.2767 | 0.1708 | 0.3381 | 0.4057 |  0.4728 |
|     1      | 0.0169 | 0.0022 | 0.0221 | 0.0322 |  0.0446 |
|     2      | 0.0052 | 0.0006 | 0.0042 | 0.0064 |  0.0111 |
|     3      | 0.0063 | 0.0003 | 0.005  | 0.0073 |  0.015  |
|     4      | 0.1446 | 0.0901 | 0.1519 | 0.187  |  0.251  |
+------------+--------+--------+--------+--------+---------+]
2025-01-08 15:23:58,874 INFO    : Report Result:
+----------+--------------------+-----------+--------------+--------------+---------------+
| Snapshot |        Time        | Whole_MRR | Whole_Hits@1 | Whole_Hits@3 | Whole_Hits@10 |
+----------+--------------------+-----------+--------------+--------------+---------------+
|    0     | 154.79212260246277 |   0.277   |    0.171     |    0.338     |     0.473     |
|    1     | 754.6948504447937  |    0.2    |    0.116     |    0.241     |     0.357     |
|    2     | 231.68124675750732 |   0.138   |    0.083     |    0.164     |     0.239     |
|    3     | 89.06082677841187  |   0.122   |    0.074     |    0.147     |      0.21     |
|    4     | 322.5544810295105  |   0.105   |    0.062     |    0.126     |     0.185     |
+----------+--------------------+-----------+--------------+--------------+---------------+
2025-01-08 15:23:58,874 INFO    : Sum_Training_Time:1552.7835276126862
2025-01-08 15:23:58,874 INFO    : Every_Training_Time:[154.79212260246277, 754.6948504447937, 231.68124675750732, 89.06082677841187, 322.5544810295105]
2025-01-08 15:23:58,874 INFO    : Forward transfer: 0.011925000000000002 Backward transfer: -0.09834999999999999
