2024-09-11 16:56:46,527 INFO    : Namespace(batch_size=1024, data_path='./data/FACT/', dataset='FACT', debug=False, device=device(type='cuda', index=0), emb_dim=200, ent_r='150', epoch_num=200, explore=False, gpu='0', l2=0.0, learning_rate='1e-1', log_path='./logs/20240911165636/FACT', logger=<RootLogger root (INFO)>, margin=8.0, model_name='LoraKGE_Layers', multi_layers_path='train_sorted_by_edges_betweenness.txt', neg_ratio=10, note='', num_ent_layers='10', num_layer=1, num_rel_layers='1', patience=3, predict_result=False, r=100, r_fixed=True, random_seed=3407, record=False, rel_r='20', save_path='./checkpoint/FACT', skip_previous='False', snapshot_num=5, train_new=True, using_multi_layers=False, using_various_ranks='True', using_various_ranks_reverse=False, valid_metrics='mrr')
2024-09-11 16:56:55,059 INFO    : Snapshot:0	0	3	Epoch:0	Loss:44.386	MRR:10.86	Hits@10:21.55	Best:10.86
2024-09-11 16:57:01,367 INFO    : Snapshot:0	0	3	Epoch:1	Loss:26.666	MRR:16.44	Hits@10:30.95	Best:16.44
2024-09-11 16:57:07,739 INFO    : Snapshot:0	0	3	Epoch:2	Loss:15.783	MRR:20.92	Hits@10:35.61	Best:20.92
2024-09-11 16:57:13,972 INFO    : Snapshot:0	0	3	Epoch:3	Loss:9.026	MRR:23.2	Hits@10:37.42	Best:23.2
2024-09-11 16:57:20,310 INFO    : Snapshot:0	0	3	Epoch:4	Loss:5.212	MRR:24.25	Hits@10:38.35	Best:24.25
2024-09-11 16:57:26,622 INFO    : Snapshot:0	0	3	Epoch:5	Loss:3.235	MRR:24.59	Hits@10:39.07	Best:24.59
2024-09-11 16:57:33,175 INFO    : Snapshot:0	0	3	Epoch:6	Loss:2.188	MRR:24.67	Hits@10:39.28	Best:24.67
2024-09-11 16:57:39,539 INFO    : Snapshot:0	0	3	Epoch:7	Loss:1.639	MRR:24.77	Hits@10:39.31	Best:24.77
2024-09-11 16:57:45,938 INFO    : Snapshot:0	0	3	Epoch:8	Loss:1.291	MRR:24.83	Hits@10:39.5	Best:24.83
2024-09-11 16:57:52,206 INFO    : Snapshot:0	1	3	Epoch:9	Loss:1.085	MRR:24.8	Hits@10:39.52	Best:24.83
2024-09-11 16:57:58,449 INFO    : Snapshot:0	2	3	Epoch:10	Loss:0.926	MRR:24.7	Hits@10:39.44	Best:24.83
2024-09-11 16:58:04,712 INFO    : Early Stopping! Snapshot:0 Epoch: 11 Best Results: 24.83
2024-09-11 16:58:04,809 INFO    : => loading checkpoint './checkpoint/FACT\0model_best.tar'
2024-09-11 16:58:08,750 INFO    : 
+------------+------+--------+--------+--------+---------+
| Snapshot:0 | MRR  | Hits@1 | Hits@3 | Hits@5 | Hits@10 |
+------------+------+--------+--------+--------+---------+
|     0      | 0.24 | 0.1585 | 0.2781 | 0.3244 |  0.3882 |
+------------+------+--------+--------+--------+---------+
2024-09-11 16:58:24,885 INFO    : Snapshot:1	0	3	Epoch:0	Loss:19.26	MRR:18.56	Hits@10:30.08	Best:18.56
2024-09-11 16:58:33,126 INFO    : Snapshot:1	0	3	Epoch:1	Loss:16.051	MRR:18.89	Hits@10:30.53	Best:18.89
2024-09-11 16:58:41,256 INFO    : Snapshot:1	0	3	Epoch:2	Loss:15.433	MRR:19.16	Hits@10:30.96	Best:19.16
2024-09-11 16:58:49,531 INFO    : Snapshot:1	0	3	Epoch:3	Loss:15.143	MRR:19.3	Hits@10:31.17	Best:19.3
2024-09-11 16:58:57,849 INFO    : Snapshot:1	1	3	Epoch:4	Loss:15.044	MRR:19.27	Hits@10:31.27	Best:19.3
2024-09-11 16:59:06,158 INFO    : Snapshot:1	0	3	Epoch:5	Loss:14.93	MRR:19.35	Hits@10:31.44	Best:19.35
2024-09-11 16:59:14,590 INFO    : Snapshot:1	0	3	Epoch:6	Loss:14.843	MRR:19.38	Hits@10:31.44	Best:19.38
2024-09-11 16:59:22,955 INFO    : Snapshot:1	0	3	Epoch:7	Loss:14.778	MRR:19.44	Hits@10:31.57	Best:19.44
2024-09-11 16:59:31,398 INFO    : Snapshot:1	0	3	Epoch:8	Loss:14.745	MRR:19.46	Hits@10:31.56	Best:19.46
2024-09-11 16:59:39,442 INFO    : Snapshot:1	0	3	Epoch:9	Loss:14.71	MRR:19.49	Hits@10:31.73	Best:19.49
2024-09-11 16:59:47,831 INFO    : Snapshot:1	0	3	Epoch:10	Loss:14.682	MRR:19.53	Hits@10:31.65	Best:19.53
2024-09-11 16:59:56,142 INFO    : Snapshot:1	1	3	Epoch:11	Loss:14.67	MRR:19.52	Hits@10:31.68	Best:19.53
2024-09-11 17:00:04,239 INFO    : Snapshot:1	2	3	Epoch:12	Loss:14.663	MRR:19.51	Hits@10:31.71	Best:19.53
2024-09-11 17:00:12,338 INFO    : Snapshot:1	0	3	Epoch:13	Loss:14.619	MRR:19.55	Hits@10:31.62	Best:19.55
2024-09-11 17:00:20,672 INFO    : Snapshot:1	1	3	Epoch:14	Loss:14.64	MRR:19.54	Hits@10:31.61	Best:19.55
2024-09-11 17:00:28,842 INFO    : Snapshot:1	2	3	Epoch:15	Loss:14.572	MRR:19.51	Hits@10:31.67	Best:19.55
2024-09-11 17:00:37,364 INFO    : Snapshot:1	0	3	Epoch:16	Loss:14.556	MRR:19.57	Hits@10:31.84	Best:19.57
2024-09-11 17:00:45,822 INFO    : Snapshot:1	1	3	Epoch:17	Loss:14.546	MRR:19.53	Hits@10:31.75	Best:19.57
2024-09-11 17:00:54,090 INFO    : Snapshot:1	2	3	Epoch:18	Loss:14.554	MRR:19.53	Hits@10:31.79	Best:19.57
2024-09-11 17:01:02,153 INFO    : Early Stopping! Snapshot:1 Epoch: 19 Best Results: 19.57
2024-09-11 17:01:02,263 INFO    : => loading checkpoint './checkpoint/FACT\1model_best.tar'
2024-09-11 17:01:11,346 INFO    : 
+------------+--------+--------+--------+--------+---------+
| Snapshot:1 |  MRR   | Hits@1 | Hits@3 | Hits@5 | Hits@10 |
+------------+--------+--------+--------+--------+---------+
|     0      |  0.24  | 0.1585 | 0.2781 | 0.3244 |  0.3882 |
|     1      | 0.1926 | 0.1237 | 0.224  | 0.2635 |  0.3159 |
+------------+--------+--------+--------+--------+---------+
2024-09-11 17:01:28,033 INFO    : Snapshot:2	0	3	Epoch:0	Loss:17.783	MRR:17.07	Hits@10:28.93	Best:17.07
2024-09-11 17:01:36,375 INFO    : Snapshot:2	0	3	Epoch:1	Loss:16.55	MRR:17.16	Hits@10:29.13	Best:17.16
2024-09-11 17:01:45,150 INFO    : Snapshot:2	0	3	Epoch:2	Loss:16.401	MRR:17.17	Hits@10:29.11	Best:17.17
2024-09-11 17:01:53,754 INFO    : Snapshot:2	0	3	Epoch:3	Loss:16.313	MRR:17.21	Hits@10:29.26	Best:17.21
2024-09-11 17:02:02,371 INFO    : Snapshot:2	0	3	Epoch:4	Loss:16.274	MRR:17.24	Hits@10:29.28	Best:17.24
2024-09-11 17:02:11,170 INFO    : Snapshot:2	0	3	Epoch:5	Loss:16.254	MRR:17.26	Hits@10:29.29	Best:17.26
2024-09-11 17:02:19,984 INFO    : Snapshot:2	1	3	Epoch:6	Loss:16.241	MRR:17.25	Hits@10:29.2	Best:17.26
2024-09-11 17:02:28,586 INFO    : Snapshot:2	0	3	Epoch:7	Loss:16.21	MRR:17.3	Hits@10:29.31	Best:17.3
2024-09-11 17:02:37,157 INFO    : Snapshot:2	1	3	Epoch:8	Loss:16.197	MRR:17.27	Hits@10:29.3	Best:17.3
2024-09-11 17:02:45,626 INFO    : Snapshot:2	0	3	Epoch:9	Loss:16.175	MRR:17.31	Hits@10:29.3	Best:17.31
2024-09-11 17:02:53,988 INFO    : Snapshot:2	1	3	Epoch:10	Loss:16.199	MRR:17.29	Hits@10:29.29	Best:17.31
2024-09-11 17:03:02,415 INFO    : Snapshot:2	2	3	Epoch:11	Loss:16.177	MRR:17.29	Hits@10:29.32	Best:17.31
2024-09-11 17:03:10,770 INFO    : Snapshot:2	0	3	Epoch:12	Loss:16.183	MRR:17.32	Hits@10:29.37	Best:17.32
2024-09-11 17:03:19,248 INFO    : Snapshot:2	0	3	Epoch:13	Loss:16.158	MRR:17.36	Hits@10:29.32	Best:17.36
2024-09-11 17:03:27,635 INFO    : Snapshot:2	1	3	Epoch:14	Loss:16.173	MRR:17.34	Hits@10:29.4	Best:17.36
2024-09-11 17:03:36,074 INFO    : Snapshot:2	2	3	Epoch:15	Loss:16.157	MRR:17.31	Hits@10:29.41	Best:17.36
2024-09-11 17:03:44,427 INFO    : Early Stopping! Snapshot:2 Epoch: 16 Best Results: 17.36
2024-09-11 17:03:44,526 INFO    : => loading checkpoint './checkpoint/FACT\2model_best.tar'
2024-09-11 17:03:59,439 INFO    : 
+------------+--------+--------+--------+--------+---------+
| Snapshot:2 |  MRR   | Hits@1 | Hits@3 | Hits@5 | Hits@10 |
+------------+--------+--------+--------+--------+---------+
|     0      |  0.24  | 0.1585 | 0.2781 | 0.3244 |  0.3882 |
|     1      | 0.1926 | 0.1237 | 0.224  | 0.2635 |  0.3159 |
|     2      | 0.1725 | 0.107  | 0.1987 | 0.2369 |  0.292  |
+------------+--------+--------+--------+--------+---------+
2024-09-11 17:04:16,961 INFO    : Snapshot:3	0	3	Epoch:0	Loss:17.433	MRR:14.4	Hits@10:25.7	Best:14.4
2024-09-11 17:04:25,615 INFO    : Snapshot:3	0	3	Epoch:1	Loss:16.963	MRR:14.42	Hits@10:25.67	Best:14.42
2024-09-11 17:04:34,207 INFO    : Snapshot:3	0	3	Epoch:2	Loss:16.92	MRR:14.44	Hits@10:25.71	Best:14.44
2024-09-11 17:04:42,951 INFO    : Snapshot:3	0	3	Epoch:3	Loss:16.86	MRR:14.45	Hits@10:25.64	Best:14.45
2024-09-11 17:04:51,658 INFO    : Snapshot:3	0	3	Epoch:4	Loss:16.901	MRR:14.46	Hits@10:25.67	Best:14.46
2024-09-11 17:05:00,338 INFO    : Snapshot:3	1	3	Epoch:5	Loss:16.854	MRR:14.45	Hits@10:25.7	Best:14.46
2024-09-11 17:05:09,166 INFO    : Snapshot:3	0	3	Epoch:6	Loss:16.844	MRR:14.47	Hits@10:25.7	Best:14.47
2024-09-11 17:05:17,819 INFO    : Snapshot:3	1	3	Epoch:7	Loss:16.841	MRR:14.46	Hits@10:25.77	Best:14.47
2024-09-11 17:05:26,544 INFO    : Snapshot:3	0	3	Epoch:8	Loss:16.872	MRR:14.51	Hits@10:25.73	Best:14.51
2024-09-11 17:05:35,344 INFO    : Snapshot:3	1	3	Epoch:9	Loss:16.836	MRR:14.48	Hits@10:25.7	Best:14.51
2024-09-11 17:05:43,954 INFO    : Snapshot:3	2	3	Epoch:10	Loss:16.85	MRR:14.47	Hits@10:25.73	Best:14.51
2024-09-11 17:05:52,791 INFO    : Early Stopping! Snapshot:3 Epoch: 11 Best Results: 14.51
2024-09-11 17:05:52,889 INFO    : => loading checkpoint './checkpoint/FACT\3model_best.tar'
2024-09-11 17:06:14,051 INFO    : 
+------------+--------+--------+--------+--------+---------+
| Snapshot:3 |  MRR   | Hits@1 | Hits@3 | Hits@5 | Hits@10 |
+------------+--------+--------+--------+--------+---------+
|     0      |  0.24  | 0.1585 | 0.2781 | 0.3244 |  0.3882 |
|     1      | 0.1926 | 0.1237 | 0.224  | 0.2635 |  0.3159 |
|     2      | 0.1725 | 0.107  | 0.1987 | 0.2369 |  0.292  |
|     3      | 0.1461 | 0.0844 | 0.1654 | 0.205  |  0.2613 |
+------------+--------+--------+--------+--------+---------+
2024-09-11 17:07:34,582 INFO    : Snapshot:4	0	3	Epoch:0	Loss:17.195	MRR:10.87	Hits@10:20.74	Best:10.87
2024-09-11 17:08:15,160 INFO    : Snapshot:4	1	3	Epoch:1	Loss:16.382	MRR:10.87	Hits@10:20.79	Best:10.87
2024-09-11 17:08:55,990 INFO    : Snapshot:4	0	3	Epoch:2	Loss:16.363	MRR:10.95	Hits@10:20.85	Best:10.95
2024-09-11 17:09:36,632 INFO    : Snapshot:4	1	3	Epoch:3	Loss:16.317	MRR:10.95	Hits@10:20.82	Best:10.95
2024-09-11 17:10:16,645 INFO    : Snapshot:4	0	3	Epoch:4	Loss:16.295	MRR:11.0	Hits@10:20.86	Best:11.0
2024-09-11 17:10:57,129 INFO    : Snapshot:4	1	3	Epoch:5	Loss:16.317	MRR:10.97	Hits@10:20.85	Best:11.0
2024-09-11 17:11:37,746 INFO    : Snapshot:4	2	3	Epoch:6	Loss:16.282	MRR:10.95	Hits@10:20.87	Best:11.0
2024-09-11 17:12:18,676 INFO    : Early Stopping! Snapshot:4 Epoch: 7 Best Results: 11.0
2024-09-11 17:12:18,785 INFO    : => loading checkpoint './checkpoint/FACT\4model_best.tar'
2024-09-11 17:13:18,452 INFO    : 
+------------+--------+--------+--------+--------+---------+
| Snapshot:4 |  MRR   | Hits@1 | Hits@3 | Hits@5 | Hits@10 |
+------------+--------+--------+--------+--------+---------+
|     0      |  0.24  | 0.1585 | 0.2781 | 0.3244 |  0.3882 |
|     1      | 0.1926 | 0.1237 | 0.224  | 0.2635 |  0.3159 |
|     2      | 0.1725 | 0.107  | 0.1987 | 0.2369 |  0.292  |
|     3      | 0.1461 | 0.0844 | 0.1654 | 0.205  |  0.2613 |
|     4      | 0.1093 | 0.0557 | 0.1196 | 0.1522 |  0.2064 |
+------------+--------+--------+--------+--------+---------+
2024-09-11 17:13:18,453 INFO    : Final Result:
[+------------+------+--------+--------+--------+---------+
| Snapshot:0 | MRR  | Hits@1 | Hits@3 | Hits@5 | Hits@10 |
+------------+------+--------+--------+--------+---------+
|     0      | 0.24 | 0.1585 | 0.2781 | 0.3244 |  0.3882 |
+------------+------+--------+--------+--------+---------+, +------------+--------+--------+--------+--------+---------+
| Snapshot:1 |  MRR   | Hits@1 | Hits@3 | Hits@5 | Hits@10 |
+------------+--------+--------+--------+--------+---------+
|     0      |  0.24  | 0.1585 | 0.2781 | 0.3244 |  0.3882 |
|     1      | 0.1926 | 0.1237 | 0.224  | 0.2635 |  0.3159 |
+------------+--------+--------+--------+--------+---------+, +------------+--------+--------+--------+--------+---------+
| Snapshot:2 |  MRR   | Hits@1 | Hits@3 | Hits@5 | Hits@10 |
+------------+--------+--------+--------+--------+---------+
|     0      |  0.24  | 0.1585 | 0.2781 | 0.3244 |  0.3882 |
|     1      | 0.1926 | 0.1237 | 0.224  | 0.2635 |  0.3159 |
|     2      | 0.1725 | 0.107  | 0.1987 | 0.2369 |  0.292  |
+------------+--------+--------+--------+--------+---------+, +------------+--------+--------+--------+--------+---------+
| Snapshot:3 |  MRR   | Hits@1 | Hits@3 | Hits@5 | Hits@10 |
+------------+--------+--------+--------+--------+---------+
|     0      |  0.24  | 0.1585 | 0.2781 | 0.3244 |  0.3882 |
|     1      | 0.1926 | 0.1237 | 0.224  | 0.2635 |  0.3159 |
|     2      | 0.1725 | 0.107  | 0.1987 | 0.2369 |  0.292  |
|     3      | 0.1461 | 0.0844 | 0.1654 | 0.205  |  0.2613 |
+------------+--------+--------+--------+--------+---------+, +------------+--------+--------+--------+--------+---------+
| Snapshot:4 |  MRR   | Hits@1 | Hits@3 | Hits@5 | Hits@10 |
+------------+--------+--------+--------+--------+---------+
|     0      |  0.24  | 0.1585 | 0.2781 | 0.3244 |  0.3882 |
|     1      | 0.1926 | 0.1237 | 0.224  | 0.2635 |  0.3159 |
|     2      | 0.1725 | 0.107  | 0.1987 | 0.2369 |  0.292  |
|     3      | 0.1461 | 0.0844 | 0.1654 | 0.205  |  0.2613 |
|     4      | 0.1093 | 0.0557 | 0.1196 | 0.1522 |  0.2064 |
+------------+--------+--------+--------+--------+---------+]
2024-09-11 17:13:18,454 INFO    : Report Result:
+----------+--------------------+-----------+--------------+--------------+---------------+
| Snapshot |        Time        | Whole_MRR | Whole_Hits@1 | Whole_Hits@3 | Whole_Hits@10 |
+----------+--------------------+-----------+--------------+--------------+---------------+
|    0     | 78.18451642990112  |    0.24   |    0.159     |    0.278     |     0.388     |
|    1     | 167.5953140258789  |   0.216   |    0.141     |    0.251     |     0.352     |
|    2     | 147.34272623062134 |   0.202   |     0.13     |    0.234     |     0.332     |
|    3     | 107.36645555496216 |   0.188   |    0.118     |    0.217     |     0.314     |
|    4     | 326.46303844451904 |   0.172   |    0.106     |    0.197     |     0.293     |
+----------+--------------------+-----------+--------------+--------------+---------------+
2024-09-11 17:13:18,454 INFO    : Sum_Training_Time:826.9520506858826
2024-09-11 17:13:18,454 INFO    : Every_Training_Time:[78.18451642990112, 167.5953140258789, 147.34272623062134, 107.36645555496216, 326.46303844451904]
2024-09-11 17:13:18,454 INFO    : Forward transfer: 0.140575 Backward transfer: 0.0
