2024-10-05 14:47:29,037 INFO    : Namespace(batch_size='1024', data_path='./data/WN_CKGE/', dataset='WN_CKGE', debug=False, device=device(type='cuda', index=0), emb_dim=200, ent_r='20', epoch_num=200, explore=False, gpu='0', l2=0.0, learning_rate='1e-1', log_path='./logs/WN_CKGE 20 10 1e-1 1024/WN_CKGE 20241005144724', logger=<RootLogger root (INFO)>, margin=8.0, model_name='LoraKGE_Layers', multi_layers_path='train_sorted_by_edges_betweenness.txt', neg_ratio=10, note='', num_ent_layers='10', num_layer=1, num_rel_layers='1', patience=3, predict_result='True', r=100, r_fixed=True, random_seed=3407, record=False, rel_r='200', save_path='./checkpoint/WN_CKGE', skip_previous='False', snapshot_num=5, train_new=True, using_multi_layers=False, using_various_ranks='True', using_various_ranks_reverse=False, valid_metrics='mrr')
2024-10-05 14:47:41,521 INFO    : Snapshot:0	0	3	Epoch:0	Loss:41.777	MRR:1.24	Hits@10:3.14	Best:1.24
2024-10-05 14:47:53,295 INFO    : Snapshot:0	0	3	Epoch:1	Loss:21.959	MRR:9.65	Hits@10:22.46	Best:9.65
2024-10-05 14:48:04,299 INFO    : Snapshot:0	0	3	Epoch:2	Loss:11.347	MRR:13.06	Hits@10:29.25	Best:13.06
2024-10-05 14:48:15,302 INFO    : Snapshot:0	0	3	Epoch:3	Loss:7.0	MRR:14.29	Hits@10:31.47	Best:14.29
2024-10-05 14:48:26,631 INFO    : Snapshot:0	0	3	Epoch:4	Loss:4.735	MRR:14.92	Hits@10:32.62	Best:14.92
2024-10-05 14:48:37,892 INFO    : Snapshot:0	0	3	Epoch:5	Loss:3.363	MRR:15.33	Hits@10:33.54	Best:15.33
2024-10-05 14:48:48,980 INFO    : Snapshot:0	0	3	Epoch:6	Loss:2.454	MRR:15.67	Hits@10:34.35	Best:15.67
2024-10-05 14:49:00,164 INFO    : Snapshot:0	0	3	Epoch:7	Loss:1.806	MRR:15.93	Hits@10:34.96	Best:15.93
2024-10-05 14:49:11,317 INFO    : Snapshot:0	0	3	Epoch:8	Loss:1.367	MRR:16.23	Hits@10:35.76	Best:16.23
2024-10-05 14:49:22,435 INFO    : Snapshot:0	0	3	Epoch:9	Loss:1.056	MRR:16.45	Hits@10:36.23	Best:16.45
2024-10-05 14:49:33,423 INFO    : Snapshot:0	0	3	Epoch:10	Loss:0.816	MRR:16.64	Hits@10:36.68	Best:16.64
2024-10-05 14:49:44,307 INFO    : Snapshot:0	0	3	Epoch:11	Loss:0.624	MRR:16.83	Hits@10:37.25	Best:16.83
2024-10-05 14:49:55,298 INFO    : Snapshot:0	0	3	Epoch:12	Loss:0.505	MRR:16.9	Hits@10:37.74	Best:16.9
2024-10-05 14:50:06,370 INFO    : Snapshot:0	0	3	Epoch:13	Loss:0.399	MRR:16.93	Hits@10:37.97	Best:16.93
2024-10-05 14:50:17,325 INFO    : Snapshot:0	1	3	Epoch:14	Loss:0.335	MRR:16.93	Hits@10:38.19	Best:16.93
2024-10-05 14:50:28,321 INFO    : Snapshot:0	0	3	Epoch:15	Loss:0.279	MRR:17.06	Hits@10:38.67	Best:17.06
2024-10-05 14:50:39,321 INFO    : Snapshot:0	1	3	Epoch:16	Loss:0.236	MRR:17.04	Hits@10:38.78	Best:17.06
2024-10-05 14:50:50,431 INFO    : Snapshot:0	0	3	Epoch:17	Loss:0.22	MRR:17.08	Hits@10:39.0	Best:17.08
2024-10-05 14:51:01,453 INFO    : Snapshot:0	0	3	Epoch:18	Loss:0.188	MRR:17.12	Hits@10:39.1	Best:17.12
2024-10-05 14:51:12,496 INFO    : Snapshot:0	1	3	Epoch:19	Loss:0.177	MRR:17.1	Hits@10:39.27	Best:17.12
2024-10-05 14:51:23,424 INFO    : Snapshot:0	2	3	Epoch:20	Loss:0.158	MRR:17.08	Hits@10:39.43	Best:17.12
2024-10-05 14:51:34,368 INFO    : Snapshot:0	0	3	Epoch:21	Loss:0.149	MRR:17.14	Hits@10:39.47	Best:17.14
2024-10-05 14:51:45,450 INFO    : Snapshot:0	1	3	Epoch:22	Loss:0.143	MRR:17.07	Hits@10:39.57	Best:17.14
2024-10-05 14:51:56,271 INFO    : Snapshot:0	2	3	Epoch:23	Loss:0.133	MRR:17.13	Hits@10:39.69	Best:17.14
2024-10-05 14:52:07,146 INFO    : Snapshot:0	0	3	Epoch:24	Loss:0.12	MRR:17.18	Hits@10:40.0	Best:17.18
2024-10-05 14:52:18,160 INFO    : Snapshot:0	0	3	Epoch:25	Loss:0.121	MRR:17.22	Hits@10:39.94	Best:17.22
2024-10-05 14:52:29,120 INFO    : Snapshot:0	1	3	Epoch:26	Loss:0.115	MRR:17.16	Hits@10:40.12	Best:17.22
2024-10-05 14:52:39,991 INFO    : Snapshot:0	2	3	Epoch:27	Loss:0.108	MRR:17.15	Hits@10:40.24	Best:17.22
2024-10-05 14:52:50,944 INFO    : Early Stopping! Snapshot:0 Epoch: 28 Best Results: 17.22
2024-10-05 14:52:50,984 INFO    : => loading checkpoint './checkpoint/WN_CKGE\0model_best.tar'
2024-10-05 14:53:02,920 INFO    : 
+------------+--------+--------+--------+--------+---------+
| Snapshot:0 |  MRR   | Hits@1 | Hits@3 | Hits@5 | Hits@10 |
+------------+--------+--------+--------+--------+---------+
|     0      | 0.1722 |  0.01  | 0.3114 | 0.354  |  0.3996 |
+------------+--------+--------+--------+--------+---------+
2024-10-05 14:53:20,060 INFO    : Snapshot:1	0	3	Epoch:0	Loss:6.891	MRR:1.73	Hits@10:4.11	Best:1.73
2024-10-05 14:53:27,908 INFO    : Snapshot:1	0	3	Epoch:1	Loss:4.909	MRR:2.78	Hits@10:6.67	Best:2.78
2024-10-05 14:53:35,746 INFO    : Snapshot:1	0	3	Epoch:2	Loss:3.914	MRR:3.43	Hits@10:8.6	Best:3.43
2024-10-05 14:53:43,606 INFO    : Snapshot:1	0	3	Epoch:3	Loss:3.342	MRR:4.15	Hits@10:11.02	Best:4.15
2024-10-05 14:53:51,536 INFO    : Snapshot:1	0	3	Epoch:4	Loss:2.959	MRR:4.64	Hits@10:12.53	Best:4.64
2024-10-05 14:53:59,384 INFO    : Snapshot:1	0	3	Epoch:5	Loss:2.694	MRR:5.04	Hits@10:14.3	Best:5.04
2024-10-05 14:54:07,245 INFO    : Snapshot:1	0	3	Epoch:6	Loss:2.522	MRR:5.4	Hits@10:15.27	Best:5.4
2024-10-05 14:54:15,084 INFO    : Snapshot:1	0	3	Epoch:7	Loss:2.383	MRR:5.63	Hits@10:15.99	Best:5.63
2024-10-05 14:54:22,950 INFO    : Snapshot:1	0	3	Epoch:8	Loss:2.273	MRR:5.8	Hits@10:16.42	Best:5.8
2024-10-05 14:54:30,796 INFO    : Snapshot:1	0	3	Epoch:9	Loss:2.185	MRR:5.97	Hits@10:16.59	Best:5.97
2024-10-05 14:54:38,635 INFO    : Snapshot:1	0	3	Epoch:10	Loss:2.126	MRR:6.14	Hits@10:17.18	Best:6.14
2024-10-05 14:54:46,490 INFO    : Snapshot:1	0	3	Epoch:11	Loss:2.071	MRR:6.18	Hits@10:17.58	Best:6.18
2024-10-05 14:54:54,449 INFO    : Snapshot:1	0	3	Epoch:12	Loss:2.021	MRR:6.3	Hits@10:17.47	Best:6.3
2024-10-05 14:55:02,318 INFO    : Snapshot:1	0	3	Epoch:13	Loss:1.978	MRR:6.4	Hits@10:17.82	Best:6.4
2024-10-05 14:55:10,197 INFO    : Snapshot:1	0	3	Epoch:14	Loss:1.931	MRR:6.44	Hits@10:17.72	Best:6.44
2024-10-05 14:55:18,071 INFO    : Snapshot:1	0	3	Epoch:15	Loss:1.918	MRR:6.47	Hits@10:18.04	Best:6.47
2024-10-05 14:55:25,957 INFO    : Snapshot:1	0	3	Epoch:16	Loss:1.886	MRR:6.48	Hits@10:18.01	Best:6.48
2024-10-05 14:55:33,821 INFO    : Snapshot:1	0	3	Epoch:17	Loss:1.854	MRR:6.5	Hits@10:18.09	Best:6.5
2024-10-05 14:55:41,677 INFO    : Snapshot:1	0	3	Epoch:18	Loss:1.846	MRR:6.6	Hits@10:18.23	Best:6.6
2024-10-05 14:55:49,596 INFO    : Snapshot:1	0	3	Epoch:19	Loss:1.82	MRR:6.7	Hits@10:18.49	Best:6.7
2024-10-05 14:55:57,472 INFO    : Snapshot:1	0	3	Epoch:20	Loss:1.809	MRR:6.73	Hits@10:18.68	Best:6.73
2024-10-05 14:56:05,318 INFO    : Snapshot:1	1	3	Epoch:21	Loss:1.79	MRR:6.73	Hits@10:18.63	Best:6.73
2024-10-05 14:56:13,173 INFO    : Snapshot:1	0	3	Epoch:22	Loss:1.775	MRR:6.82	Hits@10:18.68	Best:6.82
2024-10-05 14:56:21,030 INFO    : Snapshot:1	0	3	Epoch:23	Loss:1.764	MRR:6.83	Hits@10:18.74	Best:6.83
2024-10-05 14:56:28,893 INFO    : Snapshot:1	0	3	Epoch:24	Loss:1.756	MRR:6.89	Hits@10:18.82	Best:6.89
2024-10-05 14:56:36,751 INFO    : Snapshot:1	0	3	Epoch:25	Loss:1.737	MRR:6.9	Hits@10:18.79	Best:6.9
2024-10-05 14:56:44,599 INFO    : Snapshot:1	1	3	Epoch:26	Loss:1.724	MRR:6.9	Hits@10:19.17	Best:6.9
2024-10-05 14:56:52,457 INFO    : Snapshot:1	0	3	Epoch:27	Loss:1.725	MRR:6.98	Hits@10:18.92	Best:6.98
2024-10-05 14:57:00,331 INFO    : Snapshot:1	0	3	Epoch:28	Loss:1.706	MRR:7.04	Hits@10:19.17	Best:7.04
2024-10-05 14:57:08,200 INFO    : Snapshot:1	0	3	Epoch:29	Loss:1.699	MRR:7.13	Hits@10:19.01	Best:7.13
2024-10-05 14:57:16,046 INFO    : Snapshot:1	1	3	Epoch:30	Loss:1.701	MRR:7.1	Hits@10:19.19	Best:7.13
2024-10-05 14:57:23,905 INFO    : Snapshot:1	2	3	Epoch:31	Loss:1.695	MRR:7.13	Hits@10:19.19	Best:7.13
2024-10-05 14:57:31,759 INFO    : Snapshot:1	0	3	Epoch:32	Loss:1.674	MRR:7.16	Hits@10:19.38	Best:7.16
2024-10-05 14:57:39,652 INFO    : Snapshot:1	0	3	Epoch:33	Loss:1.664	MRR:7.17	Hits@10:19.6	Best:7.17
2024-10-05 14:57:47,498 INFO    : Snapshot:1	0	3	Epoch:34	Loss:1.666	MRR:7.21	Hits@10:19.33	Best:7.21
2024-10-05 14:57:55,338 INFO    : Snapshot:1	1	3	Epoch:35	Loss:1.662	MRR:7.17	Hits@10:19.06	Best:7.21
2024-10-05 14:58:03,177 INFO    : Snapshot:1	2	3	Epoch:36	Loss:1.65	MRR:7.21	Hits@10:19.33	Best:7.21
2024-10-05 14:58:11,040 INFO    : Early Stopping! Snapshot:1 Epoch: 37 Best Results: 7.21
2024-10-05 14:58:11,085 INFO    : => loading checkpoint './checkpoint/WN_CKGE\1model_best.tar'
2024-10-05 14:58:31,564 INFO    : 
+------------+--------+--------+--------+--------+---------+
| Snapshot:1 |  MRR   | Hits@1 | Hits@3 | Hits@5 | Hits@10 |
+------------+--------+--------+--------+--------+---------+
|     0      | 0.1722 |  0.01  | 0.3114 | 0.354  |  0.3996 |
|     1      | 0.0674 | 0.0056 | 0.0887 | 0.1312 |  0.1906 |
+------------+--------+--------+--------+--------+---------+
2024-10-05 14:59:05,529 INFO    : Snapshot:2	0	3	Epoch:0	Loss:6.883	MRR:1.19	Hits@10:2.8	Best:1.19
2024-10-05 14:59:21,518 INFO    : Snapshot:2	0	3	Epoch:1	Loss:4.99	MRR:1.95	Hits@10:4.54	Best:1.95
2024-10-05 14:59:37,528 INFO    : Snapshot:2	0	3	Epoch:2	Loss:3.952	MRR:2.7	Hits@10:6.75	Best:2.7
2024-10-05 14:59:53,539 INFO    : Snapshot:2	0	3	Epoch:3	Loss:3.341	MRR:3.27	Hits@10:9.11	Best:3.27
2024-10-05 15:00:09,557 INFO    : Snapshot:2	0	3	Epoch:4	Loss:2.944	MRR:3.91	Hits@10:10.75	Best:3.91
2024-10-05 15:00:25,557 INFO    : Snapshot:2	0	3	Epoch:5	Loss:2.676	MRR:4.33	Hits@10:11.85	Best:4.33
2024-10-05 15:00:41,535 INFO    : Snapshot:2	0	3	Epoch:6	Loss:2.496	MRR:4.53	Hits@10:12.66	Best:4.53
2024-10-05 15:00:57,540 INFO    : Snapshot:2	0	3	Epoch:7	Loss:2.346	MRR:4.86	Hits@10:13.23	Best:4.86
2024-10-05 15:01:13,541 INFO    : Snapshot:2	0	3	Epoch:8	Loss:2.243	MRR:5.09	Hits@10:13.84	Best:5.09
2024-10-05 15:01:29,550 INFO    : Snapshot:2	0	3	Epoch:9	Loss:2.157	MRR:5.31	Hits@10:14.33	Best:5.31
2024-10-05 15:01:45,547 INFO    : Snapshot:2	0	3	Epoch:10	Loss:2.08	MRR:5.46	Hits@10:14.65	Best:5.46
2024-10-05 15:02:01,548 INFO    : Snapshot:2	0	3	Epoch:11	Loss:2.036	MRR:5.49	Hits@10:14.76	Best:5.49
2024-10-05 15:02:17,534 INFO    : Snapshot:2	0	3	Epoch:12	Loss:1.97	MRR:5.65	Hits@10:14.89	Best:5.65
2024-10-05 15:02:33,547 INFO    : Snapshot:2	0	3	Epoch:13	Loss:1.937	MRR:5.76	Hits@10:15.24	Best:5.76
2024-10-05 15:02:49,567 INFO    : Snapshot:2	0	3	Epoch:14	Loss:1.901	MRR:5.8	Hits@10:15.4	Best:5.8
2024-10-05 15:03:05,583 INFO    : Snapshot:2	0	3	Epoch:15	Loss:1.874	MRR:5.91	Hits@10:15.4	Best:5.91
2024-10-05 15:03:21,577 INFO    : Snapshot:2	0	3	Epoch:16	Loss:1.847	MRR:5.95	Hits@10:15.75	Best:5.95
2024-10-05 15:03:37,559 INFO    : Snapshot:2	0	3	Epoch:17	Loss:1.825	MRR:5.98	Hits@10:15.78	Best:5.98
2024-10-05 15:03:53,547 INFO    : Snapshot:2	0	3	Epoch:18	Loss:1.806	MRR:6.01	Hits@10:15.73	Best:6.01
2024-10-05 15:04:09,545 INFO    : Snapshot:2	0	3	Epoch:19	Loss:1.799	MRR:6.05	Hits@10:15.75	Best:6.05
2024-10-05 15:04:25,540 INFO    : Snapshot:2	0	3	Epoch:20	Loss:1.771	MRR:6.1	Hits@10:16.21	Best:6.1
2024-10-05 15:04:41,566 INFO    : Snapshot:2	0	3	Epoch:21	Loss:1.743	MRR:6.14	Hits@10:15.91	Best:6.14
2024-10-05 15:04:57,590 INFO    : Snapshot:2	0	3	Epoch:22	Loss:1.742	MRR:6.22	Hits@10:16.16	Best:6.22
2024-10-05 15:05:13,609 INFO    : Snapshot:2	0	3	Epoch:23	Loss:1.726	MRR:6.25	Hits@10:15.73	Best:6.25
2024-10-05 15:05:29,589 INFO    : Snapshot:2	0	3	Epoch:24	Loss:1.725	MRR:6.32	Hits@10:16.1	Best:6.32
2024-10-05 15:05:45,665 INFO    : Snapshot:2	1	3	Epoch:25	Loss:1.707	MRR:6.32	Hits@10:16.05	Best:6.32
2024-10-05 15:06:01,682 INFO    : Snapshot:2	0	3	Epoch:26	Loss:1.694	MRR:6.36	Hits@10:16.32	Best:6.36
2024-10-05 15:06:17,656 INFO    : Snapshot:2	1	3	Epoch:27	Loss:1.685	MRR:6.33	Hits@10:16.05	Best:6.36
2024-10-05 15:06:33,638 INFO    : Snapshot:2	2	3	Epoch:28	Loss:1.68	MRR:6.31	Hits@10:16.08	Best:6.36
2024-10-05 15:06:49,663 INFO    : Early Stopping! Snapshot:2 Epoch: 29 Best Results: 6.36
2024-10-05 15:06:49,702 INFO    : => loading checkpoint './checkpoint/WN_CKGE\2model_best.tar'
2024-10-05 15:07:26,233 INFO    : 
+------------+--------+--------+--------+--------+---------+
| Snapshot:2 |  MRR   | Hits@1 | Hits@3 | Hits@5 | Hits@10 |
+------------+--------+--------+--------+--------+---------+
|     0      | 0.1722 |  0.01  | 0.3114 | 0.354  |  0.3996 |
|     1      | 0.0674 | 0.0056 | 0.0887 | 0.1312 |  0.1906 |
|     2      | 0.0661 | 0.0078 | 0.0952 | 0.1272 |  0.1766 |
+------------+--------+--------+--------+--------+---------+
2024-10-05 15:08:05,099 INFO    : Snapshot:3	0	3	Epoch:0	Loss:6.903	MRR:0.88	Hits@10:1.99	Best:0.88
2024-10-05 15:08:23,159 INFO    : Snapshot:3	0	3	Epoch:1	Loss:5.013	MRR:1.65	Hits@10:3.76	Best:1.65
2024-10-05 15:08:41,211 INFO    : Snapshot:3	0	3	Epoch:2	Loss:3.946	MRR:2.46	Hits@10:6.37	Best:2.46
2024-10-05 15:08:59,282 INFO    : Snapshot:3	0	3	Epoch:3	Loss:3.315	MRR:3.21	Hits@10:8.17	Best:3.21
2024-10-05 15:09:17,358 INFO    : Snapshot:3	0	3	Epoch:4	Loss:2.916	MRR:3.65	Hits@10:9.6	Best:3.65
2024-10-05 15:09:35,391 INFO    : Snapshot:3	0	3	Epoch:5	Loss:2.639	MRR:4.21	Hits@10:10.89	Best:4.21
2024-10-05 15:09:53,434 INFO    : Snapshot:3	0	3	Epoch:6	Loss:2.444	MRR:4.45	Hits@10:11.53	Best:4.45
2024-10-05 15:10:11,483 INFO    : Snapshot:3	0	3	Epoch:7	Loss:2.299	MRR:4.8	Hits@10:12.37	Best:4.8
2024-10-05 15:10:29,519 INFO    : Snapshot:3	0	3	Epoch:8	Loss:2.194	MRR:5.07	Hits@10:12.98	Best:5.07
2024-10-05 15:10:47,574 INFO    : Snapshot:3	0	3	Epoch:9	Loss:2.114	MRR:5.28	Hits@10:13.49	Best:5.28
2024-10-05 15:11:05,656 INFO    : Snapshot:3	0	3	Epoch:10	Loss:2.036	MRR:5.34	Hits@10:13.71	Best:5.34
2024-10-05 15:11:23,711 INFO    : Snapshot:3	0	3	Epoch:11	Loss:1.985	MRR:5.37	Hits@10:13.82	Best:5.37
2024-10-05 15:11:41,757 INFO    : Snapshot:3	0	3	Epoch:12	Loss:1.933	MRR:5.57	Hits@10:13.87	Best:5.57
2024-10-05 15:11:59,810 INFO    : Snapshot:3	0	3	Epoch:13	Loss:1.909	MRR:5.6	Hits@10:13.98	Best:5.6
2024-10-05 15:12:17,848 INFO    : Snapshot:3	0	3	Epoch:14	Loss:1.864	MRR:5.65	Hits@10:14.17	Best:5.65
2024-10-05 15:12:35,897 INFO    : Snapshot:3	0	3	Epoch:15	Loss:1.834	MRR:5.74	Hits@10:14.44	Best:5.74
2024-10-05 15:12:54,048 INFO    : Snapshot:3	0	3	Epoch:16	Loss:1.81	MRR:5.83	Hits@10:14.33	Best:5.83
2024-10-05 15:13:12,120 INFO    : Snapshot:3	0	3	Epoch:17	Loss:1.791	MRR:5.9	Hits@10:14.41	Best:5.9
2024-10-05 15:13:30,181 INFO    : Snapshot:3	0	3	Epoch:18	Loss:1.767	MRR:5.98	Hits@10:14.73	Best:5.98
2024-10-05 15:13:48,215 INFO    : Snapshot:3	0	3	Epoch:19	Loss:1.755	MRR:6.02	Hits@10:14.84	Best:6.02
2024-10-05 15:14:06,248 INFO    : Snapshot:3	0	3	Epoch:20	Loss:1.736	MRR:6.08	Hits@10:15.11	Best:6.08
2024-10-05 15:14:24,292 INFO    : Snapshot:3	0	3	Epoch:21	Loss:1.713	MRR:6.11	Hits@10:15.03	Best:6.11
2024-10-05 15:14:42,340 INFO    : Snapshot:3	0	3	Epoch:22	Loss:1.707	MRR:6.15	Hits@10:15.19	Best:6.15
2024-10-05 15:15:00,419 INFO    : Snapshot:3	0	3	Epoch:23	Loss:1.687	MRR:6.16	Hits@10:15.03	Best:6.16
2024-10-05 15:15:18,452 INFO    : Snapshot:3	1	3	Epoch:24	Loss:1.678	MRR:6.15	Hits@10:15.13	Best:6.16
2024-10-05 15:15:36,490 INFO    : Snapshot:3	2	3	Epoch:25	Loss:1.664	MRR:6.14	Hits@10:15.35	Best:6.16
2024-10-05 15:15:54,508 INFO    : Early Stopping! Snapshot:3 Epoch: 26 Best Results: 6.16
2024-10-05 15:15:54,552 INFO    : => loading checkpoint './checkpoint/WN_CKGE\3model_best.tar'
2024-10-05 15:16:49,545 INFO    : 
+------------+--------+--------+--------+--------+---------+
| Snapshot:3 |  MRR   | Hits@1 | Hits@3 | Hits@5 | Hits@10 |
+------------+--------+--------+--------+--------+---------+
|     0      | 0.1722 |  0.01  | 0.3114 | 0.354  |  0.3996 |
|     1      | 0.0674 | 0.0056 | 0.0887 | 0.1312 |  0.1906 |
|     2      | 0.0661 | 0.0078 | 0.0952 | 0.1272 |  0.1766 |
|     3      | 0.0586 | 0.0065 | 0.0806 | 0.1153 |  0.1554 |
+------------+--------+--------+--------+--------+---------+
2024-10-05 15:16:59,058 INFO    : Snapshot:4	0	3	Epoch:0	Loss:6.869	MRR:4.95	Hits@10:13.01	Best:4.95
2024-10-05 15:17:02,129 INFO    : Snapshot:4	0	3	Epoch:1	Loss:4.993	MRR:5.2	Hits@10:13.55	Best:5.2
2024-10-05 15:17:05,167 INFO    : Snapshot:4	0	3	Epoch:2	Loss:3.89	MRR:5.52	Hits@10:14.17	Best:5.52
2024-10-05 15:17:08,210 INFO    : Snapshot:4	0	3	Epoch:3	Loss:3.236	MRR:5.69	Hits@10:15.05	Best:5.69
2024-10-05 15:17:11,236 INFO    : Snapshot:4	0	3	Epoch:4	Loss:2.826	MRR:5.9	Hits@10:15.4	Best:5.9
2024-10-05 15:17:14,256 INFO    : Snapshot:4	0	3	Epoch:5	Loss:2.57	MRR:6.0	Hits@10:15.91	Best:6.0
2024-10-05 15:17:17,288 INFO    : Snapshot:4	0	3	Epoch:6	Loss:2.39	MRR:6.15	Hits@10:16.34	Best:6.15
2024-10-05 15:17:20,324 INFO    : Snapshot:4	0	3	Epoch:7	Loss:2.224	MRR:6.24	Hits@10:16.37	Best:6.24
2024-10-05 15:17:23,343 INFO    : Snapshot:4	0	3	Epoch:8	Loss:2.139	MRR:6.35	Hits@10:16.53	Best:6.35
2024-10-05 15:17:26,381 INFO    : Snapshot:4	0	3	Epoch:9	Loss:2.05	MRR:6.4	Hits@10:16.8	Best:6.4
2024-10-05 15:17:29,400 INFO    : Snapshot:4	1	3	Epoch:10	Loss:1.981	MRR:6.39	Hits@10:16.83	Best:6.4
2024-10-05 15:17:32,431 INFO    : Snapshot:4	0	3	Epoch:11	Loss:1.931	MRR:6.45	Hits@10:16.88	Best:6.45
2024-10-05 15:17:35,467 INFO    : Snapshot:4	0	3	Epoch:12	Loss:1.888	MRR:6.49	Hits@10:16.88	Best:6.49
2024-10-05 15:17:38,491 INFO    : Snapshot:4	0	3	Epoch:13	Loss:1.845	MRR:6.51	Hits@10:17.04	Best:6.51
2024-10-05 15:17:41,520 INFO    : Snapshot:4	0	3	Epoch:14	Loss:1.808	MRR:6.6	Hits@10:17.18	Best:6.6
2024-10-05 15:17:44,586 INFO    : Snapshot:4	1	3	Epoch:15	Loss:1.786	MRR:6.6	Hits@10:17.34	Best:6.6
2024-10-05 15:17:47,626 INFO    : Snapshot:4	0	3	Epoch:16	Loss:1.763	MRR:6.61	Hits@10:17.15	Best:6.61
2024-10-05 15:17:50,650 INFO    : Snapshot:4	1	3	Epoch:17	Loss:1.729	MRR:6.59	Hits@10:17.12	Best:6.61
2024-10-05 15:17:53,684 INFO    : Snapshot:4	0	3	Epoch:18	Loss:1.721	MRR:6.69	Hits@10:17.2	Best:6.69
2024-10-05 15:17:56,713 INFO    : Snapshot:4	1	3	Epoch:19	Loss:1.703	MRR:6.67	Hits@10:17.23	Best:6.69
2024-10-05 15:17:59,737 INFO    : Snapshot:4	2	3	Epoch:20	Loss:1.685	MRR:6.66	Hits@10:17.26	Best:6.69
2024-10-05 15:18:02,760 INFO    : Early Stopping! Snapshot:4 Epoch: 21 Best Results: 6.69
2024-10-05 15:18:02,794 INFO    : => loading checkpoint './checkpoint/WN_CKGE\4model_best.tar'
2024-10-05 15:18:26,369 INFO    : 
+------------+--------+--------+--------+--------+---------+
| Snapshot:4 |  MRR   | Hits@1 | Hits@3 | Hits@5 | Hits@10 |
+------------+--------+--------+--------+--------+---------+
|     0      | 0.1722 |  0.01  | 0.3114 | 0.354  |  0.3996 |
|     1      | 0.0674 | 0.0056 | 0.0887 | 0.1312 |  0.1906 |
|     2      | 0.0661 | 0.0078 | 0.0952 | 0.1272 |  0.1766 |
|     3      | 0.0586 | 0.0065 | 0.0806 | 0.1153 |  0.1554 |
|     4      | 0.1095 | 0.0075 | 0.1913 | 0.2192 |  0.2542 |
+------------+--------+--------+--------+--------+---------+
2024-10-05 15:18:26,371 INFO    : Final Result:
[+------------+--------+--------+--------+--------+---------+
| Snapshot:0 |  MRR   | Hits@1 | Hits@3 | Hits@5 | Hits@10 |
+------------+--------+--------+--------+--------+---------+
|     0      | 0.1722 |  0.01  | 0.3114 | 0.354  |  0.3996 |
+------------+--------+--------+--------+--------+---------+, +------------+--------+--------+--------+--------+---------+
| Snapshot:1 |  MRR   | Hits@1 | Hits@3 | Hits@5 | Hits@10 |
+------------+--------+--------+--------+--------+---------+
|     0      | 0.1722 |  0.01  | 0.3114 | 0.354  |  0.3996 |
|     1      | 0.0674 | 0.0056 | 0.0887 | 0.1312 |  0.1906 |
+------------+--------+--------+--------+--------+---------+, +------------+--------+--------+--------+--------+---------+
| Snapshot:2 |  MRR   | Hits@1 | Hits@3 | Hits@5 | Hits@10 |
+------------+--------+--------+--------+--------+---------+
|     0      | 0.1722 |  0.01  | 0.3114 | 0.354  |  0.3996 |
|     1      | 0.0674 | 0.0056 | 0.0887 | 0.1312 |  0.1906 |
|     2      | 0.0661 | 0.0078 | 0.0952 | 0.1272 |  0.1766 |
+------------+--------+--------+--------+--------+---------+, +------------+--------+--------+--------+--------+---------+
| Snapshot:3 |  MRR   | Hits@1 | Hits@3 | Hits@5 | Hits@10 |
+------------+--------+--------+--------+--------+---------+
|     0      | 0.1722 |  0.01  | 0.3114 | 0.354  |  0.3996 |
|     1      | 0.0674 | 0.0056 | 0.0887 | 0.1312 |  0.1906 |
|     2      | 0.0661 | 0.0078 | 0.0952 | 0.1272 |  0.1766 |
|     3      | 0.0586 | 0.0065 | 0.0806 | 0.1153 |  0.1554 |
+------------+--------+--------+--------+--------+---------+, +------------+--------+--------+--------+--------+---------+
| Snapshot:4 |  MRR   | Hits@1 | Hits@3 | Hits@5 | Hits@10 |
+------------+--------+--------+--------+--------+---------+
|     0      | 0.1722 |  0.01  | 0.3114 | 0.354  |  0.3996 |
|     1      | 0.0674 | 0.0056 | 0.0887 | 0.1312 |  0.1906 |
|     2      | 0.0661 | 0.0078 | 0.0952 | 0.1272 |  0.1766 |
|     3      | 0.0586 | 0.0065 | 0.0806 | 0.1153 |  0.1554 |
|     4      | 0.1095 | 0.0075 | 0.1913 | 0.2192 |  0.2542 |
+------------+--------+--------+--------+--------+---------+]
2024-10-05 15:18:26,371 INFO    : Report Result:
+----------+--------------------+-----------+--------------+--------------+---------------+
| Snapshot |        Time        | Whole_MRR | Whole_Hits@1 | Whole_Hits@3 | Whole_Hits@10 |
+----------+--------------------+-----------+--------------+--------------+---------------+
|    0     | 321.9059727191925  |   0.172   |     0.01     |    0.311     |      0.4      |
|    1     | 299.47356510162354 |   0.157   |    0.009     |     0.28     |      0.37     |
|    2     | 480.7433822154999  |   0.146   |    0.009     |    0.257     |     0.346     |
|    3     | 488.0559959411621  |   0.136   |    0.009     |    0.237     |     0.324     |
|    4     | 67.35967135429382  |   0.133   |    0.009     |    0.232     |     0.317     |
+----------+--------------------+-----------+--------------+--------------+---------------+
2024-10-05 15:18:26,371 INFO    : Sum_Training_Time:1657.5385873317719
2024-10-05 15:18:26,372 INFO    : Every_Training_Time:[321.9059727191925, 299.47356510162354, 480.7433822154999, 488.0559959411621, 67.35967135429382]
2024-10-05 15:18:26,372 INFO    : Forward transfer: 0.039175 Backward transfer: 0.0
