2024-09-19 15:56:35,381 INFO    : Namespace(batch_size='512', data_path='./data/HYBRID/', dataset='HYBRID', debug=False, device=device(type='cuda', index=0), emb_dim=200, ent_r='200', epoch_num=200, explore=False, gpu='0', l2=0.0, learning_rate='1e-1', log_path='./logs/20240919155627/HYBRID', logger=<RootLogger root (INFO)>, margin=8.0, model_name='LoraKGE_Layers', multi_layers_path='train_sorted_by_edges_betweenness.txt', neg_ratio=10, note='', num_ent_layers='20', num_layer=1, num_rel_layers='1', patience=3, predict_result=False, r=100, r_fixed=True, random_seed=3407, record=False, rel_r='20', save_path='./checkpoint/HYBRID', skip_previous='False', snapshot_num=5, train_new=True, using_multi_layers=False, using_various_ranks='True', using_various_ranks_reverse=False, valid_metrics='mrr')
2024-09-19 15:56:43,893 INFO    : Snapshot:0	0	3	Epoch:0	Loss:69.018	MRR:18.39	Hits@10:34.45	Best:18.39
2024-09-19 15:56:49,510 INFO    : Snapshot:0	0	3	Epoch:1	Loss:27.145	MRR:24.32	Hits@10:43.13	Best:24.32
2024-09-19 15:56:55,179 INFO    : Snapshot:0	0	3	Epoch:2	Loss:11.253	MRR:25.12	Hits@10:44.52	Best:25.12
2024-09-19 15:57:00,775 INFO    : Snapshot:0	1	3	Epoch:3	Loss:6.009	MRR:24.97	Hits@10:44.49	Best:25.12
2024-09-19 15:57:06,338 INFO    : Snapshot:0	2	3	Epoch:4	Loss:3.952	MRR:24.95	Hits@10:44.55	Best:25.12
2024-09-19 15:57:11,860 INFO    : Early Stopping! Snapshot:0 Epoch: 5 Best Results: 25.12
2024-09-19 15:57:11,950 INFO    : => loading checkpoint './checkpoint/HYBRID\0model_best.tar'
2024-09-19 15:57:15,446 INFO    : 
+------------+-------+--------+--------+--------+---------+
| Snapshot:0 |  MRR  | Hits@1 | Hits@3 | Hits@5 | Hits@10 |
+------------+-------+--------+--------+--------+---------+
|     0      | 0.254 | 0.1533 | 0.306  | 0.3663 |  0.4388 |
+------------+-------+--------+--------+--------+---------+
2024-09-19 15:57:23,061 INFO    : Snapshot:1	0	3	Epoch:0	Loss:14.109	MRR:22.51	Hits@10:41.04	Best:22.51
2024-09-19 15:57:26,098 INFO    : Snapshot:1	0	3	Epoch:1	Loss:6.876	MRR:25.06	Hits@10:44.34	Best:25.06
2024-09-19 15:57:29,483 INFO    : Snapshot:1	0	3	Epoch:2	Loss:5.898	MRR:25.86	Hits@10:45.65	Best:25.86
2024-09-19 15:57:32,943 INFO    : Snapshot:1	0	3	Epoch:3	Loss:5.451	MRR:26.58	Hits@10:46.18	Best:26.58
2024-09-19 15:57:35,992 INFO    : Snapshot:1	0	3	Epoch:4	Loss:5.275	MRR:26.79	Hits@10:46.42	Best:26.79
2024-09-19 15:57:39,050 INFO    : Snapshot:1	0	3	Epoch:5	Loss:5.12	MRR:26.9	Hits@10:47.11	Best:26.9
2024-09-19 15:57:42,092 INFO    : Snapshot:1	0	3	Epoch:6	Loss:5.0	MRR:27.02	Hits@10:47.1	Best:27.02
2024-09-19 15:57:45,241 INFO    : Snapshot:1	0	3	Epoch:7	Loss:4.937	MRR:27.25	Hits@10:47.05	Best:27.25
2024-09-19 15:57:48,292 INFO    : Snapshot:1	1	3	Epoch:8	Loss:4.89	MRR:26.58	Hits@10:46.84	Best:27.25
2024-09-19 15:57:51,333 INFO    : Snapshot:1	0	3	Epoch:9	Loss:4.848	MRR:27.42	Hits@10:46.9	Best:27.42
2024-09-19 15:57:54,411 INFO    : Snapshot:1	1	3	Epoch:10	Loss:4.778	MRR:27.1	Hits@10:46.85	Best:27.42
2024-09-19 15:57:57,428 INFO    : Snapshot:1	0	3	Epoch:11	Loss:4.741	MRR:27.48	Hits@10:47.07	Best:27.48
2024-09-19 15:58:00,466 INFO    : Snapshot:1	1	3	Epoch:12	Loss:4.703	MRR:27.31	Hits@10:47.04	Best:27.48
2024-09-19 15:58:03,559 INFO    : Snapshot:1	2	3	Epoch:13	Loss:4.713	MRR:27.29	Hits@10:47.46	Best:27.48
2024-09-19 15:58:06,713 INFO    : Snapshot:1	0	3	Epoch:14	Loss:4.675	MRR:27.58	Hits@10:47.35	Best:27.58
2024-09-19 15:58:09,872 INFO    : Snapshot:1	0	3	Epoch:15	Loss:4.678	MRR:27.98	Hits@10:47.56	Best:27.98
2024-09-19 15:58:12,881 INFO    : Snapshot:1	1	3	Epoch:16	Loss:4.647	MRR:27.77	Hits@10:47.64	Best:27.98
2024-09-19 15:58:15,945 INFO    : Snapshot:1	2	3	Epoch:17	Loss:4.603	MRR:27.97	Hits@10:47.41	Best:27.98
2024-09-19 15:58:18,985 INFO    : Early Stopping! Snapshot:1 Epoch: 18 Best Results: 27.98
2024-09-19 15:58:19,078 INFO    : => loading checkpoint './checkpoint/HYBRID\1model_best.tar'
2024-09-19 15:58:24,344 INFO    : 
+------------+--------+--------+--------+--------+---------+
| Snapshot:1 |  MRR   | Hits@1 | Hits@3 | Hits@5 | Hits@10 |
+------------+--------+--------+--------+--------+---------+
|     0      | 0.254  | 0.1533 | 0.306  | 0.3663 |  0.4388 |
|     1      | 0.2699 | 0.171  | 0.3127 | 0.378  |  0.4637 |
+------------+--------+--------+--------+--------+---------+
2024-09-19 15:58:50,901 INFO    : Snapshot:2	0	3	Epoch:0	Loss:47.78	MRR:16.01	Hits@10:29.12	Best:16.01
2024-09-19 15:59:06,844 INFO    : Snapshot:2	0	3	Epoch:1	Loss:32.615	MRR:16.55	Hits@10:30.47	Best:16.55
2024-09-19 15:59:22,759 INFO    : Snapshot:2	0	3	Epoch:2	Loss:30.496	MRR:17.09	Hits@10:31.22	Best:17.09
2024-09-19 15:59:38,668 INFO    : Snapshot:2	0	3	Epoch:3	Loss:29.525	MRR:17.74	Hits@10:32.1	Best:17.74
2024-09-19 15:59:54,533 INFO    : Snapshot:2	0	3	Epoch:4	Loss:28.863	MRR:17.82	Hits@10:32.07	Best:17.82
2024-09-19 16:00:10,982 INFO    : Snapshot:2	0	3	Epoch:5	Loss:28.409	MRR:18.33	Hits@10:32.67	Best:18.33
2024-09-19 16:00:27,323 INFO    : Snapshot:2	0	3	Epoch:6	Loss:28.037	MRR:18.44	Hits@10:33.17	Best:18.44
2024-09-19 16:00:44,072 INFO    : Snapshot:2	1	3	Epoch:7	Loss:27.725	MRR:18.12	Hits@10:32.71	Best:18.44
2024-09-19 16:01:00,079 INFO    : Snapshot:2	2	3	Epoch:8	Loss:27.453	MRR:18.37	Hits@10:32.99	Best:18.44
2024-09-19 16:01:16,420 INFO    : Snapshot:2	0	3	Epoch:9	Loss:27.351	MRR:18.58	Hits@10:32.99	Best:18.58
2024-09-19 16:01:32,659 INFO    : Snapshot:2	0	3	Epoch:10	Loss:27.303	MRR:18.71	Hits@10:33.31	Best:18.71
2024-09-19 16:01:48,965 INFO    : Snapshot:2	0	3	Epoch:11	Loss:27.094	MRR:18.85	Hits@10:33.58	Best:18.85
2024-09-19 16:02:04,976 INFO    : Snapshot:2	1	3	Epoch:12	Loss:26.91	MRR:18.67	Hits@10:33.52	Best:18.85
2024-09-19 16:02:20,884 INFO    : Snapshot:2	0	3	Epoch:13	Loss:26.912	MRR:18.88	Hits@10:33.42	Best:18.88
2024-09-19 16:02:36,808 INFO    : Snapshot:2	1	3	Epoch:14	Loss:26.757	MRR:18.64	Hits@10:33.44	Best:18.88
2024-09-19 16:02:52,837 INFO    : Snapshot:2	2	3	Epoch:15	Loss:26.692	MRR:18.82	Hits@10:33.69	Best:18.88
2024-09-19 16:03:08,678 INFO    : Early Stopping! Snapshot:2 Epoch: 16 Best Results: 18.88
2024-09-19 16:03:08,792 INFO    : => loading checkpoint './checkpoint/HYBRID\2model_best.tar'
2024-09-19 16:03:22,126 INFO    : 
+------------+--------+--------+--------+--------+---------+
| Snapshot:2 |  MRR   | Hits@1 | Hits@3 | Hits@5 | Hits@10 |
+------------+--------+--------+--------+--------+---------+
|     0      | 0.254  | 0.1533 | 0.306  | 0.3663 |  0.4388 |
|     1      | 0.2699 | 0.171  | 0.3127 | 0.378  |  0.4637 |
|     2      | 0.1892 | 0.1145 | 0.2146 | 0.2648 |  0.334  |
+------------+--------+--------+--------+--------+---------+
2024-09-19 16:03:55,574 INFO    : Snapshot:3	0	3	Epoch:0	Loss:54.403	MRR:15.18	Hits@10:28.82	Best:15.18
2024-09-19 16:04:16,094 INFO    : Snapshot:3	0	3	Epoch:1	Loss:41.772	MRR:16.08	Hits@10:30.39	Best:16.08
2024-09-19 16:04:36,701 INFO    : Snapshot:3	0	3	Epoch:2	Loss:40.311	MRR:16.47	Hits@10:30.97	Best:16.47
2024-09-19 16:04:56,982 INFO    : Snapshot:3	0	3	Epoch:3	Loss:39.552	MRR:16.82	Hits@10:31.36	Best:16.82
2024-09-19 16:05:17,116 INFO    : Snapshot:3	0	3	Epoch:4	Loss:39.098	MRR:17.01	Hits@10:31.69	Best:17.01
2024-09-19 16:05:37,101 INFO    : Snapshot:3	1	3	Epoch:5	Loss:38.695	MRR:17.01	Hits@10:31.83	Best:17.01
2024-09-19 16:05:57,569 INFO    : Snapshot:3	0	3	Epoch:6	Loss:38.575	MRR:17.23	Hits@10:31.95	Best:17.23
2024-09-19 16:06:18,529 INFO    : Snapshot:3	0	3	Epoch:7	Loss:38.374	MRR:17.33	Hits@10:32.2	Best:17.33
2024-09-19 16:06:39,095 INFO    : Snapshot:3	0	3	Epoch:8	Loss:38.271	MRR:17.35	Hits@10:32.19	Best:17.35
2024-09-19 16:06:59,363 INFO    : Snapshot:3	0	3	Epoch:9	Loss:38.093	MRR:17.37	Hits@10:32.14	Best:17.37
2024-09-19 16:07:19,720 INFO    : Snapshot:3	1	3	Epoch:10	Loss:37.906	MRR:17.37	Hits@10:31.89	Best:17.37
2024-09-19 16:07:40,151 INFO    : Snapshot:3	2	3	Epoch:11	Loss:37.814	MRR:17.37	Hits@10:32.14	Best:17.37
2024-09-19 16:08:00,439 INFO    : Snapshot:3	0	3	Epoch:12	Loss:37.745	MRR:17.46	Hits@10:32.29	Best:17.46
2024-09-19 16:08:20,682 INFO    : Snapshot:3	0	3	Epoch:13	Loss:37.653	MRR:17.48	Hits@10:32.43	Best:17.48
2024-09-19 16:08:41,007 INFO    : Snapshot:3	1	3	Epoch:14	Loss:37.644	MRR:17.38	Hits@10:32.31	Best:17.48
2024-09-19 16:09:01,286 INFO    : Snapshot:3	0	3	Epoch:15	Loss:37.628	MRR:17.52	Hits@10:32.29	Best:17.52
2024-09-19 16:09:21,464 INFO    : Snapshot:3	0	3	Epoch:16	Loss:37.54	MRR:17.58	Hits@10:32.53	Best:17.58
2024-09-19 16:09:42,076 INFO    : Snapshot:3	1	3	Epoch:17	Loss:37.503	MRR:17.54	Hits@10:32.43	Best:17.58
2024-09-19 16:10:02,548 INFO    : Snapshot:3	2	3	Epoch:18	Loss:37.464	MRR:17.53	Hits@10:32.4	Best:17.58
2024-09-19 16:10:22,879 INFO    : Snapshot:3	0	3	Epoch:19	Loss:37.331	MRR:17.6	Hits@10:32.58	Best:17.6
2024-09-19 16:10:43,336 INFO    : Snapshot:3	0	3	Epoch:20	Loss:37.316	MRR:17.61	Hits@10:32.47	Best:17.61
2024-09-19 16:11:03,770 INFO    : Snapshot:3	1	3	Epoch:21	Loss:37.274	MRR:17.47	Hits@10:32.48	Best:17.61
2024-09-19 16:11:24,069 INFO    : Snapshot:3	2	3	Epoch:22	Loss:37.154	MRR:17.61	Hits@10:32.48	Best:17.61
2024-09-19 16:11:44,429 INFO    : Snapshot:3	0	3	Epoch:23	Loss:37.199	MRR:17.68	Hits@10:32.59	Best:17.68
2024-09-19 16:12:04,989 INFO    : Snapshot:3	1	3	Epoch:24	Loss:37.144	MRR:17.57	Hits@10:32.49	Best:17.68
2024-09-19 16:12:25,765 INFO    : Snapshot:3	0	3	Epoch:25	Loss:37.118	MRR:17.72	Hits@10:32.63	Best:17.72
2024-09-19 16:12:46,458 INFO    : Snapshot:3	1	3	Epoch:26	Loss:37.153	MRR:17.67	Hits@10:32.56	Best:17.72
2024-09-19 16:13:06,820 INFO    : Snapshot:3	0	3	Epoch:27	Loss:37.024	MRR:17.84	Hits@10:32.53	Best:17.84
2024-09-19 16:13:27,001 INFO    : Snapshot:3	1	3	Epoch:28	Loss:37.022	MRR:17.73	Hits@10:32.57	Best:17.84
2024-09-19 16:13:47,305 INFO    : Snapshot:3	2	3	Epoch:29	Loss:37.031	MRR:17.7	Hits@10:32.64	Best:17.84
2024-09-19 16:14:07,360 INFO    : Early Stopping! Snapshot:3 Epoch: 30 Best Results: 17.84
2024-09-19 16:14:07,470 INFO    : => loading checkpoint './checkpoint/HYBRID\3model_best.tar'
2024-09-19 16:14:30,720 INFO    : 
+------------+--------+--------+--------+--------+---------+
| Snapshot:3 |  MRR   | Hits@1 | Hits@3 | Hits@5 | Hits@10 |
+------------+--------+--------+--------+--------+---------+
|     0      | 0.254  | 0.1533 | 0.306  | 0.3663 |  0.4388 |
|     1      | 0.2699 | 0.171  | 0.3127 | 0.378  |  0.4637 |
|     2      | 0.1892 | 0.1145 | 0.2146 | 0.2648 |  0.334  |
|     3      | 0.1777 | 0.0968 | 0.213  | 0.2657 |  0.3298 |
+------------+--------+--------+--------+--------+---------+
2024-09-19 16:14:45,743 INFO    : Snapshot:4	0	3	Epoch:0	Loss:27.29	MRR:14.88	Hits@10:24.53	Best:14.88
2024-09-19 16:14:53,168 INFO    : Snapshot:4	0	3	Epoch:1	Loss:23.749	MRR:15.57	Hits@10:25.33	Best:15.57
2024-09-19 16:15:00,885 INFO    : Snapshot:4	1	3	Epoch:2	Loss:23.445	MRR:15.39	Hits@10:25.28	Best:15.57
2024-09-19 16:15:08,868 INFO    : Snapshot:4	0	3	Epoch:3	Loss:23.298	MRR:15.78	Hits@10:25.37	Best:15.78
2024-09-19 16:15:16,892 INFO    : Snapshot:4	1	3	Epoch:4	Loss:23.164	MRR:15.7	Hits@10:25.46	Best:15.78
2024-09-19 16:15:24,919 INFO    : Snapshot:4	2	3	Epoch:5	Loss:23.154	MRR:15.76	Hits@10:25.49	Best:15.78
2024-09-19 16:15:33,009 INFO    : Early Stopping! Snapshot:4 Epoch: 6 Best Results: 15.78
2024-09-19 16:15:33,109 INFO    : => loading checkpoint './checkpoint/HYBRID\4model_best.tar'
2024-09-19 16:16:00,716 INFO    : 
+------------+--------+--------+--------+--------+---------+
| Snapshot:4 |  MRR   | Hits@1 | Hits@3 | Hits@5 | Hits@10 |
+------------+--------+--------+--------+--------+---------+
|     0      | 0.254  | 0.1533 | 0.306  | 0.3663 |  0.4388 |
|     1      | 0.2699 | 0.171  | 0.3127 | 0.378  |  0.4637 |
|     2      | 0.1892 | 0.1145 | 0.2146 | 0.2648 |  0.334  |
|     3      | 0.1777 | 0.0968 | 0.213  | 0.2657 |  0.3298 |
|     4      | 0.1562 | 0.1058 |  0.17  | 0.2044 |  0.2543 |
+------------+--------+--------+--------+--------+---------+
2024-09-19 16:16:00,717 INFO    : Final Result:
[+------------+-------+--------+--------+--------+---------+
| Snapshot:0 |  MRR  | Hits@1 | Hits@3 | Hits@5 | Hits@10 |
+------------+-------+--------+--------+--------+---------+
|     0      | 0.254 | 0.1533 | 0.306  | 0.3663 |  0.4388 |
+------------+-------+--------+--------+--------+---------+, +------------+--------+--------+--------+--------+---------+
| Snapshot:1 |  MRR   | Hits@1 | Hits@3 | Hits@5 | Hits@10 |
+------------+--------+--------+--------+--------+---------+
|     0      | 0.254  | 0.1533 | 0.306  | 0.3663 |  0.4388 |
|     1      | 0.2699 | 0.171  | 0.3127 | 0.378  |  0.4637 |
+------------+--------+--------+--------+--------+---------+, +------------+--------+--------+--------+--------+---------+
| Snapshot:2 |  MRR   | Hits@1 | Hits@3 | Hits@5 | Hits@10 |
+------------+--------+--------+--------+--------+---------+
|     0      | 0.254  | 0.1533 | 0.306  | 0.3663 |  0.4388 |
|     1      | 0.2699 | 0.171  | 0.3127 | 0.378  |  0.4637 |
|     2      | 0.1892 | 0.1145 | 0.2146 | 0.2648 |  0.334  |
+------------+--------+--------+--------+--------+---------+, +------------+--------+--------+--------+--------+---------+
| Snapshot:3 |  MRR   | Hits@1 | Hits@3 | Hits@5 | Hits@10 |
+------------+--------+--------+--------+--------+---------+
|     0      | 0.254  | 0.1533 | 0.306  | 0.3663 |  0.4388 |
|     1      | 0.2699 | 0.171  | 0.3127 | 0.378  |  0.4637 |
|     2      | 0.1892 | 0.1145 | 0.2146 | 0.2648 |  0.334  |
|     3      | 0.1777 | 0.0968 | 0.213  | 0.2657 |  0.3298 |
+------------+--------+--------+--------+--------+---------+, +------------+--------+--------+--------+--------+---------+
| Snapshot:4 |  MRR   | Hits@1 | Hits@3 | Hits@5 | Hits@10 |
+------------+--------+--------+--------+--------+---------+
|     0      | 0.254  | 0.1533 | 0.306  | 0.3663 |  0.4388 |
|     1      | 0.2699 | 0.171  | 0.3127 | 0.378  |  0.4637 |
|     2      | 0.1892 | 0.1145 | 0.2146 | 0.2648 |  0.334  |
|     3      | 0.1777 | 0.0968 | 0.213  | 0.2657 |  0.3298 |
|     4      | 0.1562 | 0.1058 |  0.17  | 0.2044 |  0.2543 |
+------------+--------+--------+--------+--------+---------+]
2024-09-19 16:16:00,718 INFO    : Report Result:
+----------+-------------------+-----------+--------------+--------------+---------------+
| Snapshot |        Time       | Whole_MRR | Whole_Hits@1 | Whole_Hits@3 | Whole_Hits@10 |
+----------+-------------------+-----------+--------------+--------------+---------------+
|    0     | 36.47939467430115 |   0.254   |    0.153     |    0.306     |     0.439     |
|    1     | 61.50352334976196 |   0.258   |    0.158     |    0.308     |     0.445     |
|    2     | 276.6136257648468 |   0.222   |    0.135     |    0.259     |     0.387     |
|    3     | 634.5011818408966 |   0.205   |     0.12     |    0.241     |     0.365     |
|    4     | 57.62802076339722 |   0.199   |    0.118     |    0.232     |      0.35     |
+----------+-------------------+-----------+--------------+--------------+---------------+
2024-09-19 16:16:00,718 INFO    : Sum_Training_Time:1066.7257463932037
2024-09-19 16:16:00,718 INFO    : Every_Training_Time:[36.47939467430115, 61.50352334976196, 276.6136257648468, 634.5011818408966, 57.62802076339722]
2024-09-19 16:16:00,718 INFO    : Forward transfer: 0.036975 Backward transfer: 0.0
