2024-09-19 10:15:21,391 INFO    : Namespace(batch_size=1024, data_path='./data/HYBRID/', dataset='HYBRID', debug=False, device=device(type='cuda', index=0), emb_dim=200, ent_r='150', epoch_num=200, explore=False, gpu='0', l2=0.0, learning_rate='2e-1', log_path='./logs/20240919101513/HYBRID', logger=<RootLogger root (INFO)>, margin=8.0, model_name='LoraKGE_Layers', multi_layers_path='train_sorted_by_edges_betweenness.txt', neg_ratio=10, note='', num_ent_layers='2', num_layer=1, num_rel_layers='1', patience=3, predict_result=False, r=100, r_fixed=True, random_seed=3407, record=False, rel_r='20', save_path='./checkpoint/HYBRID', skip_previous='False', snapshot_num=5, train_new=True, using_multi_layers=False, using_various_ranks='True', using_various_ranks_reverse=False, valid_metrics='mrr')
2024-09-19 10:15:29,539 INFO    : Snapshot:0	0	3	Epoch:0	Loss:40.122	MRR:10.89	Hits@10:23.07	Best:10.89
2024-09-19 10:15:34,654 INFO    : Snapshot:0	0	3	Epoch:1	Loss:24.705	MRR:18.64	Hits@10:35.08	Best:18.64
2024-09-19 10:15:39,786 INFO    : Snapshot:0	0	3	Epoch:2	Loss:13.886	MRR:23.07	Hits@10:40.85	Best:23.07
2024-09-19 10:15:44,879 INFO    : Snapshot:0	0	3	Epoch:3	Loss:7.848	MRR:24.72	Hits@10:43.29	Best:24.72
2024-09-19 10:15:49,997 INFO    : Snapshot:0	0	3	Epoch:4	Loss:4.798	MRR:25.24	Hits@10:44.21	Best:25.24
2024-09-19 10:15:55,404 INFO    : Snapshot:0	0	3	Epoch:5	Loss:3.208	MRR:25.29	Hits@10:44.55	Best:25.29
2024-09-19 10:16:00,569 INFO    : Snapshot:0	1	3	Epoch:6	Loss:2.348	MRR:25.25	Hits@10:44.77	Best:25.29
2024-09-19 10:16:05,697 INFO    : Snapshot:0	2	3	Epoch:7	Loss:1.818	MRR:25.18	Hits@10:44.98	Best:25.29
2024-09-19 10:16:10,843 INFO    : Early Stopping! Snapshot:0 Epoch: 8 Best Results: 25.29
2024-09-19 10:16:10,936 INFO    : => loading checkpoint './checkpoint/HYBRID\0model_best.tar'
2024-09-19 10:16:14,065 INFO    : 
+------------+--------+--------+--------+--------+---------+
| Snapshot:0 |  MRR   | Hits@1 | Hits@3 | Hits@5 | Hits@10 |
+------------+--------+--------+--------+--------+---------+
|     0      | 0.2534 | 0.1535 | 0.3057 | 0.3658 |  0.4359 |
+------------+--------+--------+--------+--------+---------+
2024-09-19 10:16:20,370 INFO    : Snapshot:1	0	3	Epoch:0	Loss:6.979	MRR:21.62	Hits@10:37.83	Best:21.62
2024-09-19 10:16:22,482 INFO    : Snapshot:1	0	3	Epoch:1	Loss:3.565	MRR:23.97	Hits@10:42.11	Best:23.97
2024-09-19 10:16:24,776 INFO    : Snapshot:1	0	3	Epoch:2	Loss:3.04	MRR:25.39	Hits@10:44.51	Best:25.39
2024-09-19 10:16:26,909 INFO    : Snapshot:1	0	3	Epoch:3	Loss:2.798	MRR:25.96	Hits@10:45.57	Best:25.96
2024-09-19 10:16:29,021 INFO    : Snapshot:1	0	3	Epoch:4	Loss:2.663	MRR:26.85	Hits@10:45.68	Best:26.85
2024-09-19 10:16:31,150 INFO    : Snapshot:1	0	3	Epoch:5	Loss:2.564	MRR:26.97	Hits@10:46.37	Best:26.97
2024-09-19 10:16:33,286 INFO    : Snapshot:1	0	3	Epoch:6	Loss:2.495	MRR:27.01	Hits@10:46.25	Best:27.01
2024-09-19 10:16:35,385 INFO    : Snapshot:1	1	3	Epoch:7	Loss:2.476	MRR:26.61	Hits@10:46.8	Best:27.01
2024-09-19 10:16:37,521 INFO    : Snapshot:1	0	3	Epoch:8	Loss:2.417	MRR:27.31	Hits@10:46.73	Best:27.31
2024-09-19 10:16:39,641 INFO    : Snapshot:1	0	3	Epoch:9	Loss:2.407	MRR:27.42	Hits@10:46.73	Best:27.42
2024-09-19 10:16:41,743 INFO    : Snapshot:1	1	3	Epoch:10	Loss:2.373	MRR:27.34	Hits@10:46.95	Best:27.42
2024-09-19 10:16:43,886 INFO    : Snapshot:1	0	3	Epoch:11	Loss:2.357	MRR:27.83	Hits@10:47.28	Best:27.83
2024-09-19 10:16:46,019 INFO    : Snapshot:1	1	3	Epoch:12	Loss:2.328	MRR:27.08	Hits@10:46.9	Best:27.83
2024-09-19 10:16:48,156 INFO    : Snapshot:1	2	3	Epoch:13	Loss:2.329	MRR:27.04	Hits@10:46.79	Best:27.83
2024-09-19 10:16:50,261 INFO    : Snapshot:1	0	3	Epoch:14	Loss:2.316	MRR:28.11	Hits@10:47.27	Best:28.11
2024-09-19 10:16:52,352 INFO    : Snapshot:1	1	3	Epoch:15	Loss:2.287	MRR:27.53	Hits@10:47.11	Best:28.11
2024-09-19 10:16:54,448 INFO    : Snapshot:1	2	3	Epoch:16	Loss:2.291	MRR:27.95	Hits@10:47.29	Best:28.11
2024-09-19 10:16:56,556 INFO    : Snapshot:1	0	3	Epoch:17	Loss:2.286	MRR:28.27	Hits@10:47.38	Best:28.27
2024-09-19 10:16:58,682 INFO    : Snapshot:1	1	3	Epoch:18	Loss:2.267	MRR:28.01	Hits@10:47.29	Best:28.27
2024-09-19 10:17:00,777 INFO    : Snapshot:1	2	3	Epoch:19	Loss:2.271	MRR:27.89	Hits@10:47.13	Best:28.27
2024-09-19 10:17:02,860 INFO    : Early Stopping! Snapshot:1 Epoch: 20 Best Results: 28.27
2024-09-19 10:17:02,950 INFO    : => loading checkpoint './checkpoint/HYBRID\1model_best.tar'
2024-09-19 10:17:07,818 INFO    : 
+------------+--------+--------+--------+--------+---------+
| Snapshot:1 |  MRR   | Hits@1 | Hits@3 | Hits@5 | Hits@10 |
+------------+--------+--------+--------+--------+---------+
|     0      | 0.2534 | 0.1535 | 0.3057 | 0.3658 |  0.4359 |
|     1      | 0.2718 | 0.1759 | 0.3114 | 0.3763 |  0.4582 |
+------------+--------+--------+--------+--------+---------+
2024-09-19 10:17:28,652 INFO    : Snapshot:2	0	3	Epoch:0	Loss:23.144	MRR:14.93	Hits@10:27.62	Best:14.93
2024-09-19 10:17:39,351 INFO    : Snapshot:2	0	3	Epoch:1	Loss:15.74	MRR:15.94	Hits@10:29.67	Best:15.94
2024-09-19 10:17:50,175 INFO    : Snapshot:2	0	3	Epoch:2	Loss:14.739	MRR:16.81	Hits@10:30.51	Best:16.81
2024-09-19 10:18:01,482 INFO    : Snapshot:2	0	3	Epoch:3	Loss:14.163	MRR:17.21	Hits@10:31.17	Best:17.21
2024-09-19 10:18:12,273 INFO    : Snapshot:2	0	3	Epoch:4	Loss:13.868	MRR:17.84	Hits@10:31.8	Best:17.84
2024-09-19 10:18:23,310 INFO    : Snapshot:2	0	3	Epoch:5	Loss:13.598	MRR:17.9	Hits@10:32.11	Best:17.9
2024-09-19 10:18:34,282 INFO    : Snapshot:2	0	3	Epoch:6	Loss:13.455	MRR:17.95	Hits@10:32.4	Best:17.95
2024-09-19 10:18:45,331 INFO    : Snapshot:2	0	3	Epoch:7	Loss:13.272	MRR:17.96	Hits@10:32.35	Best:17.96
2024-09-19 10:18:56,136 INFO    : Snapshot:2	0	3	Epoch:8	Loss:13.207	MRR:18.11	Hits@10:32.49	Best:18.11
2024-09-19 10:19:06,981 INFO    : Snapshot:2	0	3	Epoch:9	Loss:13.057	MRR:18.5	Hits@10:32.71	Best:18.5
2024-09-19 10:19:17,627 INFO    : Snapshot:2	0	3	Epoch:10	Loss:13.02	MRR:18.55	Hits@10:32.74	Best:18.55
2024-09-19 10:19:28,389 INFO    : Snapshot:2	0	3	Epoch:11	Loss:13.01	MRR:18.57	Hits@10:32.96	Best:18.57
2024-09-19 10:19:39,183 INFO    : Snapshot:2	0	3	Epoch:12	Loss:12.876	MRR:18.65	Hits@10:32.76	Best:18.65
2024-09-19 10:19:49,957 INFO    : Snapshot:2	1	3	Epoch:13	Loss:12.857	MRR:18.51	Hits@10:33.1	Best:18.65
2024-09-19 10:20:00,709 INFO    : Snapshot:2	2	3	Epoch:14	Loss:12.811	MRR:18.51	Hits@10:32.98	Best:18.65
2024-09-19 10:20:11,632 INFO    : Snapshot:2	0	3	Epoch:15	Loss:12.778	MRR:18.73	Hits@10:33.17	Best:18.73
2024-09-19 10:20:22,411 INFO    : Snapshot:2	1	3	Epoch:16	Loss:12.729	MRR:18.64	Hits@10:32.99	Best:18.73
2024-09-19 10:20:33,419 INFO    : Snapshot:2	0	3	Epoch:17	Loss:12.685	MRR:18.75	Hits@10:33.25	Best:18.75
2024-09-19 10:20:44,308 INFO    : Snapshot:2	0	3	Epoch:18	Loss:12.666	MRR:18.86	Hits@10:33.07	Best:18.86
2024-09-19 10:20:55,559 INFO    : Snapshot:2	1	3	Epoch:19	Loss:12.639	MRR:18.77	Hits@10:33.36	Best:18.86
2024-09-19 10:21:06,287 INFO    : Snapshot:2	2	3	Epoch:20	Loss:12.618	MRR:18.85	Hits@10:33.26	Best:18.86
2024-09-19 10:21:16,952 INFO    : Early Stopping! Snapshot:2 Epoch: 21 Best Results: 18.86
2024-09-19 10:21:17,054 INFO    : => loading checkpoint './checkpoint/HYBRID\2model_best.tar'
2024-09-19 10:21:28,697 INFO    : 
+------------+--------+--------+--------+--------+---------+
| Snapshot:2 |  MRR   | Hits@1 | Hits@3 | Hits@5 | Hits@10 |
+------------+--------+--------+--------+--------+---------+
|     0      | 0.2534 | 0.1535 | 0.3057 | 0.3658 |  0.4359 |
|     1      | 0.2718 | 0.1759 | 0.3114 | 0.3763 |  0.4582 |
|     2      | 0.1876 | 0.1137 | 0.2124 | 0.2628 |   0.33  |
+------------+--------+--------+--------+--------+---------+
2024-09-19 10:21:56,185 INFO    : Snapshot:3	0	3	Epoch:0	Loss:26.604	MRR:14.84	Hits@10:28.14	Best:14.84
2024-09-19 10:22:10,569 INFO    : Snapshot:3	0	3	Epoch:1	Loss:20.302	MRR:15.82	Hits@10:29.62	Best:15.82
2024-09-19 10:22:25,244 INFO    : Snapshot:3	0	3	Epoch:2	Loss:19.566	MRR:16.38	Hits@10:30.71	Best:16.38
2024-09-19 10:22:39,670 INFO    : Snapshot:3	0	3	Epoch:3	Loss:19.248	MRR:16.66	Hits@10:30.96	Best:16.66
2024-09-19 10:22:54,206 INFO    : Snapshot:3	0	3	Epoch:4	Loss:19.027	MRR:16.87	Hits@10:31.42	Best:16.87
2024-09-19 10:23:08,791 INFO    : Snapshot:3	0	3	Epoch:5	Loss:18.748	MRR:17.15	Hits@10:31.69	Best:17.15
2024-09-19 10:23:23,505 INFO    : Snapshot:3	1	3	Epoch:6	Loss:18.58	MRR:17.03	Hits@10:31.74	Best:17.15
2024-09-19 10:23:37,907 INFO    : Snapshot:3	0	3	Epoch:7	Loss:18.477	MRR:17.16	Hits@10:31.64	Best:17.16
2024-09-19 10:23:52,090 INFO    : Snapshot:3	0	3	Epoch:8	Loss:18.4	MRR:17.19	Hits@10:31.74	Best:17.19
2024-09-19 10:24:06,394 INFO    : Snapshot:3	0	3	Epoch:9	Loss:18.429	MRR:17.34	Hits@10:32.14	Best:17.34
2024-09-19 10:24:20,693 INFO    : Snapshot:3	0	3	Epoch:10	Loss:18.262	MRR:17.37	Hits@10:31.95	Best:17.37
2024-09-19 10:24:35,399 INFO    : Snapshot:3	1	3	Epoch:11	Loss:18.211	MRR:17.18	Hits@10:31.99	Best:17.37
2024-09-19 10:24:49,902 INFO    : Snapshot:3	2	3	Epoch:12	Loss:18.199	MRR:17.35	Hits@10:32.12	Best:17.37
2024-09-19 10:25:04,086 INFO    : Snapshot:3	0	3	Epoch:13	Loss:18.143	MRR:17.55	Hits@10:32.17	Best:17.55
2024-09-19 10:25:18,236 INFO    : Snapshot:3	1	3	Epoch:14	Loss:18.108	MRR:17.41	Hits@10:32.07	Best:17.55
2024-09-19 10:25:32,453 INFO    : Snapshot:3	2	3	Epoch:15	Loss:18.069	MRR:17.51	Hits@10:32.19	Best:17.55
2024-09-19 10:25:46,884 INFO    : Early Stopping! Snapshot:3 Epoch: 16 Best Results: 17.55
2024-09-19 10:25:46,983 INFO    : => loading checkpoint './checkpoint/HYBRID\3model_best.tar'
2024-09-19 10:26:08,173 INFO    : 
+------------+--------+--------+--------+--------+---------+
| Snapshot:3 |  MRR   | Hits@1 | Hits@3 | Hits@5 | Hits@10 |
+------------+--------+--------+--------+--------+---------+
|     0      | 0.2534 | 0.1535 | 0.3057 | 0.3658 |  0.4359 |
|     1      | 0.2718 | 0.1759 | 0.3114 | 0.3763 |  0.4582 |
|     2      | 0.1876 | 0.1137 | 0.2124 | 0.2628 |   0.33  |
|     3      | 0.1747 | 0.0952 | 0.2081 | 0.2603 |  0.3245 |
+------------+--------+--------+--------+--------+---------+
2024-09-19 10:26:20,414 INFO    : Snapshot:4	0	3	Epoch:0	Loss:13.188	MRR:14.67	Hits@10:23.82	Best:14.67
2024-09-19 10:26:25,885 INFO    : Snapshot:4	0	3	Epoch:1	Loss:11.27	MRR:15.05	Hits@10:24.48	Best:15.05
2024-09-19 10:26:31,370 INFO    : Snapshot:4	0	3	Epoch:2	Loss:11.105	MRR:15.13	Hits@10:24.73	Best:15.13
2024-09-19 10:26:37,065 INFO    : Snapshot:4	0	3	Epoch:3	Loss:11.09	MRR:15.37	Hits@10:24.66	Best:15.37
2024-09-19 10:26:43,068 INFO    : Snapshot:4	1	3	Epoch:4	Loss:11.058	MRR:15.29	Hits@10:24.57	Best:15.37
2024-09-19 10:26:48,807 INFO    : Snapshot:4	2	3	Epoch:5	Loss:10.969	MRR:15.35	Hits@10:24.58	Best:15.37
2024-09-19 10:26:54,618 INFO    : Snapshot:4	0	3	Epoch:6	Loss:10.956	MRR:15.39	Hits@10:24.89	Best:15.39
2024-09-19 10:27:00,399 INFO    : Snapshot:4	0	3	Epoch:7	Loss:10.955	MRR:15.5	Hits@10:24.95	Best:15.5
2024-09-19 10:27:06,200 INFO    : Snapshot:4	1	3	Epoch:8	Loss:10.941	MRR:15.44	Hits@10:24.91	Best:15.5
2024-09-19 10:27:11,991 INFO    : Snapshot:4	2	3	Epoch:9	Loss:10.942	MRR:15.38	Hits@10:24.68	Best:15.5
2024-09-19 10:27:17,828 INFO    : Early Stopping! Snapshot:4 Epoch: 10 Best Results: 15.5
2024-09-19 10:27:17,930 INFO    : => loading checkpoint './checkpoint/HYBRID\4model_best.tar'
2024-09-19 10:27:45,276 INFO    : 
+------------+--------+--------+--------+--------+---------+
| Snapshot:4 |  MRR   | Hits@1 | Hits@3 | Hits@5 | Hits@10 |
+------------+--------+--------+--------+--------+---------+
|     0      | 0.2534 | 0.1535 | 0.3057 | 0.3658 |  0.4359 |
|     1      | 0.2718 | 0.1759 | 0.3114 | 0.3763 |  0.4582 |
|     2      | 0.1876 | 0.1137 | 0.2124 | 0.2628 |   0.33  |
|     3      | 0.1747 | 0.0952 | 0.2081 | 0.2603 |  0.3245 |
|     4      | 0.1545 | 0.1045 | 0.1688 | 0.2001 |  0.2488 |
+------------+--------+--------+--------+--------+---------+
2024-09-19 10:27:45,278 INFO    : Final Result:
[+------------+--------+--------+--------+--------+---------+
| Snapshot:0 |  MRR   | Hits@1 | Hits@3 | Hits@5 | Hits@10 |
+------------+--------+--------+--------+--------+---------+
|     0      | 0.2534 | 0.1535 | 0.3057 | 0.3658 |  0.4359 |
+------------+--------+--------+--------+--------+---------+, +------------+--------+--------+--------+--------+---------+
| Snapshot:1 |  MRR   | Hits@1 | Hits@3 | Hits@5 | Hits@10 |
+------------+--------+--------+--------+--------+---------+
|     0      | 0.2534 | 0.1535 | 0.3057 | 0.3658 |  0.4359 |
|     1      | 0.2718 | 0.1759 | 0.3114 | 0.3763 |  0.4582 |
+------------+--------+--------+--------+--------+---------+, +------------+--------+--------+--------+--------+---------+
| Snapshot:2 |  MRR   | Hits@1 | Hits@3 | Hits@5 | Hits@10 |
+------------+--------+--------+--------+--------+---------+
|     0      | 0.2534 | 0.1535 | 0.3057 | 0.3658 |  0.4359 |
|     1      | 0.2718 | 0.1759 | 0.3114 | 0.3763 |  0.4582 |
|     2      | 0.1876 | 0.1137 | 0.2124 | 0.2628 |   0.33  |
+------------+--------+--------+--------+--------+---------+, +------------+--------+--------+--------+--------+---------+
| Snapshot:3 |  MRR   | Hits@1 | Hits@3 | Hits@5 | Hits@10 |
+------------+--------+--------+--------+--------+---------+
|     0      | 0.2534 | 0.1535 | 0.3057 | 0.3658 |  0.4359 |
|     1      | 0.2718 | 0.1759 | 0.3114 | 0.3763 |  0.4582 |
|     2      | 0.1876 | 0.1137 | 0.2124 | 0.2628 |   0.33  |
|     3      | 0.1747 | 0.0952 | 0.2081 | 0.2603 |  0.3245 |
+------------+--------+--------+--------+--------+---------+, +------------+--------+--------+--------+--------+---------+
| Snapshot:4 |  MRR   | Hits@1 | Hits@3 | Hits@5 | Hits@10 |
+------------+--------+--------+--------+--------+---------+
|     0      | 0.2534 | 0.1535 | 0.3057 | 0.3658 |  0.4359 |
|     1      | 0.2718 | 0.1759 | 0.3114 | 0.3763 |  0.4582 |
|     2      | 0.1876 | 0.1137 | 0.2124 | 0.2628 |   0.33  |
|     3      | 0.1747 | 0.0952 | 0.2081 | 0.2603 |  0.3245 |
|     4      | 0.1545 | 0.1045 | 0.1688 | 0.2001 |  0.2488 |
+------------+--------+--------+--------+--------+---------+]
2024-09-19 10:27:45,278 INFO    : Report Result:
+----------+--------------------+-----------+--------------+--------------+---------------+
| Snapshot |        Time        | Whole_MRR | Whole_Hits@1 | Whole_Hits@3 | Whole_Hits@10 |
+----------+--------------------+-----------+--------------+--------------+---------------+
|    0     | 49.451263189315796 |   0.253   |    0.153     |    0.306     |     0.436     |
|    1     | 46.738542318344116 |   0.258   |    0.159     |    0.307     |     0.442     |
|    2     | 242.20622849464417 |   0.221   |    0.135     |    0.257     |     0.383     |
|    3     | 248.18751907348633 |   0.203   |     0.12     |    0.238     |      0.36     |
|    4     | 65.34778714179993  |   0.197   |    0.118     |    0.229     |     0.346     |
+----------+--------------------+-----------+--------------+--------------+---------------+
2024-09-19 10:27:45,279 INFO    : Sum_Training_Time:651.9313402175903
2024-09-19 10:27:45,279 INFO    : Every_Training_Time:[49.451263189315796, 46.738542318344116, 242.20622849464417, 248.18751907348633, 65.34778714179993]
2024-09-19 10:27:45,279 INFO    : Forward transfer: 0.036225 Backward transfer: 0.0
