2024-09-20 18:28:40,593 INFO    : Namespace(batch_size='1024', data_path='./data/ENTITY/', dataset='ENTITY', debug=False, device=device(type='cuda', index=0), emb_dim=200, ent_r='150', epoch_num=200, explore=False, gpu='0', l2=0.0, learning_rate='2e-1', log_path='./logs/20240920182831/ENTITY', logger=<RootLogger root (INFO)>, margin=8.0, model_name='LoraKGE_Layers', multi_layers_path='train_sorted_by_edges_betweenness.txt', neg_ratio=10, note='', num_ent_layers='10', num_layer=1, num_rel_layers='1', patience=3, predict_result=False, r=100, r_fixed=True, random_seed=3407, record=False, rel_r='20', save_path='./checkpoint/ENTITY', skip_previous='False', snapshot_num=5, train_new=True, using_multi_layers=False, using_various_ranks='True', using_various_ranks_reverse=False, valid_metrics='mrr')
2024-09-20 18:28:46,089 INFO    : Snapshot:0	0	3	Epoch:0	Loss:34.146	MRR:11.79	Hits@10:28.45	Best:11.79
2024-09-20 18:28:49,260 INFO    : Snapshot:0	0	3	Epoch:1	Loss:20.905	MRR:23.01	Hits@10:45.51	Best:23.01
2024-09-20 18:28:52,406 INFO    : Snapshot:0	0	3	Epoch:2	Loss:10.329	MRR:29.87	Hits@10:52.32	Best:29.87
2024-09-20 18:28:55,392 INFO    : Snapshot:0	0	3	Epoch:3	Loss:4.876	MRR:32.11	Hits@10:54.1	Best:32.11
2024-09-20 18:28:58,413 INFO    : Snapshot:0	0	3	Epoch:4	Loss:2.693	MRR:32.68	Hits@10:55.09	Best:32.68
2024-09-20 18:29:01,523 INFO    : Snapshot:0	0	3	Epoch:5	Loss:1.753	MRR:32.85	Hits@10:55.4	Best:32.85
2024-09-20 18:29:04,616 INFO    : Snapshot:0	1	3	Epoch:6	Loss:1.3	MRR:32.84	Hits@10:55.15	Best:32.85
2024-09-20 18:29:07,647 INFO    : Snapshot:0	2	3	Epoch:7	Loss:1.061	MRR:32.57	Hits@10:55.02	Best:32.85
2024-09-20 18:29:10,734 INFO    : Early Stopping! Snapshot:0 Epoch: 8 Best Results: 32.85
2024-09-20 18:29:10,825 INFO    : => loading checkpoint './checkpoint/ENTITY\0model_best.tar'
2024-09-20 18:29:12,363 INFO    : 
+------------+--------+--------+--------+--------+---------+
| Snapshot:0 |  MRR   | Hits@1 | Hits@3 | Hits@5 | Hits@10 |
+------------+--------+--------+--------+--------+---------+
|     0      | 0.3303 | 0.212  | 0.3811 | 0.4561 |  0.5576 |
+------------+--------+--------+--------+--------+---------+
2024-09-20 18:29:25,900 INFO    : Snapshot:1	0	3	Epoch:0	Loss:12.244	MRR:16.44	Hits@10:29.55	Best:16.44
2024-09-20 18:29:32,889 INFO    : Snapshot:1	0	3	Epoch:1	Loss:4.927	MRR:18.21	Hits@10:32.7	Best:18.21
2024-09-20 18:29:39,816 INFO    : Snapshot:1	0	3	Epoch:2	Loss:4.151	MRR:19.01	Hits@10:34.0	Best:19.01
2024-09-20 18:29:46,582 INFO    : Snapshot:1	0	3	Epoch:3	Loss:3.744	MRR:19.52	Hits@10:35.03	Best:19.52
2024-09-20 18:29:53,716 INFO    : Snapshot:1	0	3	Epoch:4	Loss:3.432	MRR:20.18	Hits@10:35.37	Best:20.18
2024-09-20 18:30:00,787 INFO    : Snapshot:1	0	3	Epoch:5	Loss:3.236	MRR:20.29	Hits@10:36.12	Best:20.29
2024-09-20 18:30:07,848 INFO    : Snapshot:1	0	3	Epoch:6	Loss:3.139	MRR:20.64	Hits@10:36.69	Best:20.64
2024-09-20 18:30:14,854 INFO    : Snapshot:1	0	3	Epoch:7	Loss:2.972	MRR:21.09	Hits@10:37.45	Best:21.09
2024-09-20 18:30:22,001 INFO    : Snapshot:1	0	3	Epoch:8	Loss:2.868	MRR:21.12	Hits@10:37.92	Best:21.12
2024-09-20 18:30:29,264 INFO    : Snapshot:1	0	3	Epoch:9	Loss:2.804	MRR:21.23	Hits@10:37.57	Best:21.23
2024-09-20 18:30:36,384 INFO    : Snapshot:1	0	3	Epoch:10	Loss:2.731	MRR:21.72	Hits@10:38.21	Best:21.72
2024-09-20 18:30:43,533 INFO    : Snapshot:1	0	3	Epoch:11	Loss:2.635	MRR:21.82	Hits@10:38.68	Best:21.82
2024-09-20 18:30:50,727 INFO    : Snapshot:1	1	3	Epoch:12	Loss:2.573	MRR:21.72	Hits@10:38.94	Best:21.82
2024-09-20 18:30:57,770 INFO    : Snapshot:1	0	3	Epoch:13	Loss:2.566	MRR:21.94	Hits@10:39.06	Best:21.94
2024-09-20 18:31:04,473 INFO    : Snapshot:1	0	3	Epoch:14	Loss:2.512	MRR:22.04	Hits@10:39.24	Best:22.04
2024-09-20 18:31:11,381 INFO    : Snapshot:1	0	3	Epoch:15	Loss:2.49	MRR:22.19	Hits@10:39.46	Best:22.19
2024-09-20 18:31:18,236 INFO    : Snapshot:1	0	3	Epoch:16	Loss:2.448	MRR:22.27	Hits@10:39.3	Best:22.27
2024-09-20 18:31:25,115 INFO    : Snapshot:1	1	3	Epoch:17	Loss:2.432	MRR:22.11	Hits@10:39.23	Best:22.27
2024-09-20 18:31:31,986 INFO    : Snapshot:1	2	3	Epoch:18	Loss:2.357	MRR:22.24	Hits@10:39.52	Best:22.27
2024-09-20 18:31:38,912 INFO    : Snapshot:1	0	3	Epoch:19	Loss:2.354	MRR:22.53	Hits@10:39.67	Best:22.53
2024-09-20 18:31:45,824 INFO    : Snapshot:1	1	3	Epoch:20	Loss:2.329	MRR:22.24	Hits@10:39.59	Best:22.53
2024-09-20 18:31:52,722 INFO    : Snapshot:1	2	3	Epoch:21	Loss:2.308	MRR:22.43	Hits@10:39.88	Best:22.53
2024-09-20 18:31:59,498 INFO    : Snapshot:1	0	3	Epoch:22	Loss:2.292	MRR:22.64	Hits@10:40.17	Best:22.64
2024-09-20 18:32:06,509 INFO    : Snapshot:1	1	3	Epoch:23	Loss:2.266	MRR:22.63	Hits@10:40.01	Best:22.64
2024-09-20 18:32:13,326 INFO    : Snapshot:1	0	3	Epoch:24	Loss:2.245	MRR:22.75	Hits@10:40.3	Best:22.75
2024-09-20 18:32:20,114 INFO    : Snapshot:1	1	3	Epoch:25	Loss:2.226	MRR:22.65	Hits@10:40.36	Best:22.75
2024-09-20 18:32:27,014 INFO    : Snapshot:1	0	3	Epoch:26	Loss:2.217	MRR:22.76	Hits@10:40.39	Best:22.76
2024-09-20 18:32:33,888 INFO    : Snapshot:1	0	3	Epoch:27	Loss:2.201	MRR:22.81	Hits@10:40.4	Best:22.81
2024-09-20 18:32:40,727 INFO    : Snapshot:1	0	3	Epoch:28	Loss:2.188	MRR:22.94	Hits@10:40.56	Best:22.94
2024-09-20 18:32:47,668 INFO    : Snapshot:1	1	3	Epoch:29	Loss:2.185	MRR:22.94	Hits@10:40.63	Best:22.94
2024-09-20 18:32:54,491 INFO    : Snapshot:1	0	3	Epoch:30	Loss:2.179	MRR:23.03	Hits@10:40.57	Best:23.03
2024-09-20 18:33:01,279 INFO    : Snapshot:1	1	3	Epoch:31	Loss:2.15	MRR:22.84	Hits@10:40.34	Best:23.03
2024-09-20 18:33:08,100 INFO    : Snapshot:1	2	3	Epoch:32	Loss:2.159	MRR:22.95	Hits@10:40.66	Best:23.03
2024-09-20 18:33:15,119 INFO    : Early Stopping! Snapshot:1 Epoch: 33 Best Results: 23.03
2024-09-20 18:33:15,217 INFO    : => loading checkpoint './checkpoint/ENTITY\1model_best.tar'
2024-09-20 18:33:19,881 INFO    : 
+------------+--------+--------+--------+--------+---------+
| Snapshot:1 |  MRR   | Hits@1 | Hits@3 | Hits@5 | Hits@10 |
+------------+--------+--------+--------+--------+---------+
|     0      | 0.3303 | 0.212  | 0.3811 | 0.4561 |  0.5576 |
|     1      | 0.2306 | 0.1413 | 0.2544 | 0.3156 |  0.4073 |
+------------+--------+--------+--------+--------+---------+
2024-09-20 18:33:34,821 INFO    : Snapshot:2	0	3	Epoch:0	Loss:11.684	MRR:15.39	Hits@10:26.94	Best:15.39
2024-09-20 18:33:42,932 INFO    : Snapshot:2	0	3	Epoch:1	Loss:4.771	MRR:17.23	Hits@10:30.16	Best:17.23
2024-09-20 18:33:51,172 INFO    : Snapshot:2	0	3	Epoch:2	Loss:4.077	MRR:17.91	Hits@10:31.64	Best:17.91
2024-09-20 18:33:59,185 INFO    : Snapshot:2	0	3	Epoch:3	Loss:3.718	MRR:18.53	Hits@10:32.5	Best:18.53
2024-09-20 18:34:07,198 INFO    : Snapshot:2	0	3	Epoch:4	Loss:3.462	MRR:18.86	Hits@10:33.02	Best:18.86
2024-09-20 18:34:15,188 INFO    : Snapshot:2	0	3	Epoch:5	Loss:3.255	MRR:19.13	Hits@10:33.73	Best:19.13
2024-09-20 18:34:23,217 INFO    : Snapshot:2	0	3	Epoch:6	Loss:3.125	MRR:19.18	Hits@10:33.95	Best:19.18
2024-09-20 18:34:31,321 INFO    : Snapshot:2	0	3	Epoch:7	Loss:3.028	MRR:19.43	Hits@10:34.07	Best:19.43
2024-09-20 18:34:39,397 INFO    : Snapshot:2	0	3	Epoch:8	Loss:2.922	MRR:19.86	Hits@10:34.65	Best:19.86
2024-09-20 18:34:47,542 INFO    : Snapshot:2	0	3	Epoch:9	Loss:2.854	MRR:19.94	Hits@10:35.09	Best:19.94
2024-09-20 18:34:55,623 INFO    : Snapshot:2	1	3	Epoch:10	Loss:2.82	MRR:19.88	Hits@10:35.0	Best:19.94
2024-09-20 18:35:03,942 INFO    : Snapshot:2	0	3	Epoch:11	Loss:2.758	MRR:20.03	Hits@10:34.94	Best:20.03
2024-09-20 18:35:11,995 INFO    : Snapshot:2	0	3	Epoch:12	Loss:2.709	MRR:20.24	Hits@10:35.36	Best:20.24
2024-09-20 18:35:20,082 INFO    : Snapshot:2	0	3	Epoch:13	Loss:2.656	MRR:20.37	Hits@10:35.61	Best:20.37
2024-09-20 18:35:27,930 INFO    : Snapshot:2	1	3	Epoch:14	Loss:2.6	MRR:20.13	Hits@10:35.42	Best:20.37
2024-09-20 18:35:35,648 INFO    : Snapshot:2	2	3	Epoch:15	Loss:2.583	MRR:20.28	Hits@10:35.52	Best:20.37
2024-09-20 18:35:43,460 INFO    : Snapshot:2	0	3	Epoch:16	Loss:2.557	MRR:20.44	Hits@10:35.72	Best:20.44
2024-09-20 18:35:51,382 INFO    : Snapshot:2	0	3	Epoch:17	Loss:2.536	MRR:20.46	Hits@10:35.68	Best:20.46
2024-09-20 18:35:59,451 INFO    : Snapshot:2	0	3	Epoch:18	Loss:2.518	MRR:20.48	Hits@10:35.82	Best:20.48
2024-09-20 18:36:07,688 INFO    : Snapshot:2	0	3	Epoch:19	Loss:2.466	MRR:20.59	Hits@10:35.97	Best:20.59
2024-09-20 18:36:16,018 INFO    : Snapshot:2	0	3	Epoch:20	Loss:2.45	MRR:20.6	Hits@10:35.68	Best:20.6
2024-09-20 18:36:24,159 INFO    : Snapshot:2	1	3	Epoch:21	Loss:2.441	MRR:20.56	Hits@10:35.98	Best:20.6
2024-09-20 18:36:32,299 INFO    : Snapshot:2	2	3	Epoch:22	Loss:2.445	MRR:20.56	Hits@10:36.03	Best:20.6
2024-09-20 18:36:40,533 INFO    : Early Stopping! Snapshot:2 Epoch: 23 Best Results: 20.6
2024-09-20 18:36:40,627 INFO    : => loading checkpoint './checkpoint/ENTITY\2model_best.tar'
2024-09-20 18:36:49,960 INFO    : 
+------------+--------+--------+--------+--------+---------+
| Snapshot:2 |  MRR   | Hits@1 | Hits@3 | Hits@5 | Hits@10 |
+------------+--------+--------+--------+--------+---------+
|     0      | 0.3303 | 0.212  | 0.3811 | 0.4561 |  0.5576 |
|     1      | 0.2306 | 0.1413 | 0.2544 | 0.3156 |  0.4073 |
|     2      | 0.2055 | 0.125  | 0.2278 | 0.2803 |  0.3595 |
+------------+--------+--------+--------+--------+---------+
2024-09-20 18:37:06,650 INFO    : Snapshot:3	0	3	Epoch:0	Loss:10.464	MRR:14.61	Hits@10:25.16	Best:14.61
2024-09-20 18:37:15,292 INFO    : Snapshot:3	0	3	Epoch:1	Loss:4.037	MRR:16.5	Hits@10:28.99	Best:16.5
2024-09-20 18:37:24,026 INFO    : Snapshot:3	0	3	Epoch:2	Loss:3.391	MRR:17.24	Hits@10:30.31	Best:17.24
2024-09-20 18:37:32,931 INFO    : Snapshot:3	0	3	Epoch:3	Loss:3.059	MRR:17.75	Hits@10:31.48	Best:17.75
2024-09-20 18:37:41,814 INFO    : Snapshot:3	0	3	Epoch:4	Loss:2.854	MRR:18.14	Hits@10:32.28	Best:18.14
2024-09-20 18:37:50,725 INFO    : Snapshot:3	0	3	Epoch:5	Loss:2.71	MRR:18.44	Hits@10:32.84	Best:18.44
2024-09-20 18:37:59,425 INFO    : Snapshot:3	1	3	Epoch:6	Loss:2.615	MRR:18.42	Hits@10:32.47	Best:18.44
2024-09-20 18:38:08,315 INFO    : Snapshot:3	0	3	Epoch:7	Loss:2.512	MRR:18.56	Hits@10:32.67	Best:18.56
2024-09-20 18:38:17,002 INFO    : Snapshot:3	0	3	Epoch:8	Loss:2.458	MRR:18.72	Hits@10:32.99	Best:18.72
2024-09-20 18:38:25,734 INFO    : Snapshot:3	1	3	Epoch:9	Loss:2.408	MRR:18.72	Hits@10:33.07	Best:18.72
2024-09-20 18:38:34,538 INFO    : Snapshot:3	0	3	Epoch:10	Loss:2.357	MRR:18.91	Hits@10:33.31	Best:18.91
2024-09-20 18:38:43,335 INFO    : Snapshot:3	0	3	Epoch:11	Loss:2.297	MRR:19.13	Hits@10:33.59	Best:19.13
2024-09-20 18:38:52,110 INFO    : Snapshot:3	1	3	Epoch:12	Loss:2.248	MRR:19.08	Hits@10:33.67	Best:19.13
2024-09-20 18:39:00,837 INFO    : Snapshot:3	2	3	Epoch:13	Loss:2.238	MRR:19.04	Hits@10:33.61	Best:19.13
2024-09-20 18:39:09,585 INFO    : Snapshot:3	0	3	Epoch:14	Loss:2.186	MRR:19.28	Hits@10:33.89	Best:19.28
2024-09-20 18:39:18,243 INFO    : Snapshot:3	1	3	Epoch:15	Loss:2.175	MRR:19.22	Hits@10:33.8	Best:19.28
2024-09-20 18:39:27,014 INFO    : Snapshot:3	0	3	Epoch:16	Loss:2.134	MRR:19.3	Hits@10:33.84	Best:19.3
2024-09-20 18:39:36,124 INFO    : Snapshot:3	0	3	Epoch:17	Loss:2.138	MRR:19.38	Hits@10:34.15	Best:19.38
2024-09-20 18:39:44,949 INFO    : Snapshot:3	0	3	Epoch:18	Loss:2.113	MRR:19.44	Hits@10:34.29	Best:19.44
2024-09-20 18:39:54,822 INFO    : Snapshot:3	1	3	Epoch:19	Loss:2.094	MRR:19.33	Hits@10:34.11	Best:19.44
2024-09-20 18:40:03,831 INFO    : Snapshot:3	2	3	Epoch:20	Loss:2.07	MRR:19.35	Hits@10:34.06	Best:19.44
2024-09-20 18:40:12,812 INFO    : Snapshot:3	0	3	Epoch:21	Loss:2.059	MRR:19.5	Hits@10:34.23	Best:19.5
2024-09-20 18:40:21,825 INFO    : Snapshot:3	1	3	Epoch:22	Loss:2.035	MRR:19.36	Hits@10:34.04	Best:19.5
2024-09-20 18:40:30,758 INFO    : Snapshot:3	2	3	Epoch:23	Loss:2.025	MRR:19.41	Hits@10:34.12	Best:19.5
2024-09-20 18:40:39,724 INFO    : Early Stopping! Snapshot:3 Epoch: 24 Best Results: 19.5
2024-09-20 18:40:39,822 INFO    : => loading checkpoint './checkpoint/ENTITY\3model_best.tar'
2024-09-20 18:40:54,501 INFO    : 
+------------+--------+--------+--------+--------+---------+
| Snapshot:3 |  MRR   | Hits@1 | Hits@3 | Hits@5 | Hits@10 |
+------------+--------+--------+--------+--------+---------+
|     0      | 0.3303 | 0.212  | 0.3811 | 0.4561 |  0.5576 |
|     1      | 0.2306 | 0.1413 | 0.2544 | 0.3156 |  0.4073 |
|     2      | 0.2055 | 0.125  | 0.2278 | 0.2803 |  0.3595 |
|     3      | 0.1957 | 0.1184 | 0.2184 | 0.2687 |  0.3418 |
+------------+--------+--------+--------+--------+---------+
2024-09-20 18:41:09,389 INFO    : Snapshot:4	0	3	Epoch:0	Loss:7.398	MRR:18.41	Hits@10:31.02	Best:18.41
2024-09-20 18:41:16,593 INFO    : Snapshot:4	0	3	Epoch:1	Loss:2.098	MRR:20.77	Hits@10:35.83	Best:20.77
2024-09-20 18:41:23,768 INFO    : Snapshot:4	0	3	Epoch:2	Loss:1.638	MRR:21.79	Hits@10:37.6	Best:21.79
2024-09-20 18:41:30,779 INFO    : Snapshot:4	0	3	Epoch:3	Loss:1.436	MRR:22.05	Hits@10:38.66	Best:22.05
2024-09-20 18:41:37,818 INFO    : Snapshot:4	0	3	Epoch:4	Loss:1.325	MRR:22.64	Hits@10:39.16	Best:22.64
2024-09-20 18:41:44,734 INFO    : Snapshot:4	0	3	Epoch:5	Loss:1.248	MRR:22.77	Hits@10:39.35	Best:22.77
2024-09-20 18:41:51,772 INFO    : Snapshot:4	0	3	Epoch:6	Loss:1.178	MRR:22.88	Hits@10:39.85	Best:22.88
2024-09-20 18:41:58,878 INFO    : Snapshot:4	1	3	Epoch:7	Loss:1.134	MRR:22.84	Hits@10:40.23	Best:22.88
2024-09-20 18:42:06,013 INFO    : Snapshot:4	2	3	Epoch:8	Loss:1.103	MRR:22.86	Hits@10:40.59	Best:22.88
2024-09-20 18:42:13,190 INFO    : Snapshot:4	0	3	Epoch:9	Loss:1.084	MRR:23.09	Hits@10:40.75	Best:23.09
2024-09-20 18:42:20,405 INFO    : Snapshot:4	0	3	Epoch:10	Loss:1.036	MRR:23.15	Hits@10:40.81	Best:23.15
2024-09-20 18:42:27,595 INFO    : Snapshot:4	0	3	Epoch:11	Loss:1.007	MRR:23.45	Hits@10:40.97	Best:23.45
2024-09-20 18:42:34,590 INFO    : Snapshot:4	1	3	Epoch:12	Loss:1.003	MRR:23.4	Hits@10:41.27	Best:23.45
2024-09-20 18:42:41,577 INFO    : Snapshot:4	2	3	Epoch:13	Loss:0.973	MRR:23.44	Hits@10:41.06	Best:23.45
2024-09-20 18:42:48,772 INFO    : Early Stopping! Snapshot:4 Epoch: 14 Best Results: 23.45
2024-09-20 18:42:48,861 INFO    : => loading checkpoint './checkpoint/ENTITY\4model_best.tar'
2024-09-20 18:43:07,677 INFO    : 
+------------+--------+--------+--------+--------+---------+
| Snapshot:4 |  MRR   | Hits@1 | Hits@3 | Hits@5 | Hits@10 |
+------------+--------+--------+--------+--------+---------+
|     0      | 0.3303 | 0.212  | 0.3811 | 0.4561 |  0.5576 |
|     1      | 0.2306 | 0.1413 | 0.2544 | 0.3156 |  0.4073 |
|     2      | 0.2055 | 0.125  | 0.2278 | 0.2803 |  0.3595 |
|     3      | 0.1957 | 0.1184 | 0.2184 | 0.2687 |  0.3418 |
|     4      | 0.2337 | 0.1391 | 0.2724 | 0.3344 |  0.4126 |
+------------+--------+--------+--------+--------+---------+
2024-09-20 18:43:07,679 INFO    : Final Result:
[+------------+--------+--------+--------+--------+---------+
| Snapshot:0 |  MRR   | Hits@1 | Hits@3 | Hits@5 | Hits@10 |
+------------+--------+--------+--------+--------+---------+
|     0      | 0.3303 | 0.212  | 0.3811 | 0.4561 |  0.5576 |
+------------+--------+--------+--------+--------+---------+, +------------+--------+--------+--------+--------+---------+
| Snapshot:1 |  MRR   | Hits@1 | Hits@3 | Hits@5 | Hits@10 |
+------------+--------+--------+--------+--------+---------+
|     0      | 0.3303 | 0.212  | 0.3811 | 0.4561 |  0.5576 |
|     1      | 0.2306 | 0.1413 | 0.2544 | 0.3156 |  0.4073 |
+------------+--------+--------+--------+--------+---------+, +------------+--------+--------+--------+--------+---------+
| Snapshot:2 |  MRR   | Hits@1 | Hits@3 | Hits@5 | Hits@10 |
+------------+--------+--------+--------+--------+---------+
|     0      | 0.3303 | 0.212  | 0.3811 | 0.4561 |  0.5576 |
|     1      | 0.2306 | 0.1413 | 0.2544 | 0.3156 |  0.4073 |
|     2      | 0.2055 | 0.125  | 0.2278 | 0.2803 |  0.3595 |
+------------+--------+--------+--------+--------+---------+, +------------+--------+--------+--------+--------+---------+
| Snapshot:3 |  MRR   | Hits@1 | Hits@3 | Hits@5 | Hits@10 |
+------------+--------+--------+--------+--------+---------+
|     0      | 0.3303 | 0.212  | 0.3811 | 0.4561 |  0.5576 |
|     1      | 0.2306 | 0.1413 | 0.2544 | 0.3156 |  0.4073 |
|     2      | 0.2055 | 0.125  | 0.2278 | 0.2803 |  0.3595 |
|     3      | 0.1957 | 0.1184 | 0.2184 | 0.2687 |  0.3418 |
+------------+--------+--------+--------+--------+---------+, +------------+--------+--------+--------+--------+---------+
| Snapshot:4 |  MRR   | Hits@1 | Hits@3 | Hits@5 | Hits@10 |
+------------+--------+--------+--------+--------+---------+
|     0      | 0.3303 | 0.212  | 0.3811 | 0.4561 |  0.5576 |
|     1      | 0.2306 | 0.1413 | 0.2544 | 0.3156 |  0.4073 |
|     2      | 0.2055 | 0.125  | 0.2278 | 0.2803 |  0.3595 |
|     3      | 0.1957 | 0.1184 | 0.2184 | 0.2687 |  0.3418 |
|     4      | 0.2337 | 0.1391 | 0.2724 | 0.3344 |  0.4126 |
+------------+--------+--------+--------+--------+---------+]
2024-09-20 18:43:07,679 INFO    : Report Result:
+----------+--------------------+-----------+--------------+--------------+---------------+
| Snapshot |        Time        | Whole_MRR | Whole_Hits@1 | Whole_Hits@3 | Whole_Hits@10 |
+----------+--------------------+-----------+--------------+--------------+---------------+
|    0     | 30.14078378677368  |    0.33   |    0.212     |    0.381     |     0.558     |
|    1     | 239.19659662246704 |    0.27   |    0.169     |    0.304     |     0.466     |
|    2     | 196.50764846801758 |   0.245   |    0.152     |    0.275     |     0.425     |
|    3     | 224.5880765914917  |   0.232   |    0.143     |     0.26     |     0.403     |
|    4     | 109.31206440925598 |   0.232   |    0.142     |    0.262     |     0.404     |
+----------+--------------------+-----------+--------------+--------------+---------------+
2024-09-20 18:43:07,679 INFO    : Sum_Training_Time:799.745169878006
2024-09-20 18:43:07,680 INFO    : Every_Training_Time:[30.14078378677368, 239.19659662246704, 196.50764846801758, 224.5880765914917, 109.31206440925598]
2024-09-20 18:43:07,680 INFO    : Forward transfer: 0.04065 Backward transfer: 0.0
