2024-10-04 18:03:25,811 INFO    : Namespace(batch_size='1024', data_path='./data/WN_CKGE/', dataset='WN_CKGE', debug=False, device=device(type='cuda', index=0), emb_dim=200, ent_r='20', epoch_num=200, explore=False, gpu='0', l2=0.0, learning_rate='1e-1', log_path='./logs/WN_CKGE 20 2 1e-1 1024/WN_CKGE 20241004180321', logger=<RootLogger root (INFO)>, margin=8.0, model_name='LoraKGE_Layers', multi_layers_path='train_sorted_by_edges_betweenness.txt', neg_ratio=10, note='', num_ent_layers='2', num_layer=1, num_rel_layers='1', patience=3, predict_result='True', r=100, r_fixed=True, random_seed=3407, record=False, rel_r='200', save_path='./checkpoint/WN_CKGE', skip_previous='False', snapshot_num=5, train_new=True, using_multi_layers=False, using_various_ranks='True', using_various_ranks_reverse=False, valid_metrics='mrr')
2024-10-04 18:03:37,755 INFO    : Snapshot:0	0	3	Epoch:0	Loss:41.777	MRR:1.24	Hits@10:3.14	Best:1.24
2024-10-04 18:03:48,769 INFO    : Snapshot:0	0	3	Epoch:1	Loss:21.959	MRR:9.65	Hits@10:22.46	Best:9.65
2024-10-04 18:03:59,722 INFO    : Snapshot:0	0	3	Epoch:2	Loss:11.347	MRR:13.06	Hits@10:29.25	Best:13.06
2024-10-04 18:04:10,998 INFO    : Snapshot:0	0	3	Epoch:3	Loss:7.0	MRR:14.29	Hits@10:31.47	Best:14.29
2024-10-04 18:04:22,287 INFO    : Snapshot:0	0	3	Epoch:4	Loss:4.735	MRR:14.92	Hits@10:32.62	Best:14.92
2024-10-04 18:04:33,342 INFO    : Snapshot:0	0	3	Epoch:5	Loss:3.363	MRR:15.33	Hits@10:33.54	Best:15.33
2024-10-04 18:04:44,422 INFO    : Snapshot:0	0	3	Epoch:6	Loss:2.454	MRR:15.67	Hits@10:34.35	Best:15.67
2024-10-04 18:04:55,380 INFO    : Snapshot:0	0	3	Epoch:7	Loss:1.806	MRR:15.93	Hits@10:34.96	Best:15.93
2024-10-04 18:05:06,585 INFO    : Snapshot:0	0	3	Epoch:8	Loss:1.367	MRR:16.23	Hits@10:35.76	Best:16.23
2024-10-04 18:05:17,715 INFO    : Snapshot:0	0	3	Epoch:9	Loss:1.056	MRR:16.45	Hits@10:36.23	Best:16.45
2024-10-04 18:05:28,753 INFO    : Snapshot:0	0	3	Epoch:10	Loss:0.816	MRR:16.64	Hits@10:36.68	Best:16.64
2024-10-04 18:05:39,890 INFO    : Snapshot:0	0	3	Epoch:11	Loss:0.624	MRR:16.83	Hits@10:37.25	Best:16.83
2024-10-04 18:05:51,098 INFO    : Snapshot:0	0	3	Epoch:12	Loss:0.505	MRR:16.9	Hits@10:37.74	Best:16.9
2024-10-04 18:06:02,405 INFO    : Snapshot:0	0	3	Epoch:13	Loss:0.399	MRR:16.93	Hits@10:37.97	Best:16.93
2024-10-04 18:06:13,483 INFO    : Snapshot:0	1	3	Epoch:14	Loss:0.335	MRR:16.93	Hits@10:38.19	Best:16.93
2024-10-04 18:06:24,670 INFO    : Snapshot:0	0	3	Epoch:15	Loss:0.279	MRR:17.06	Hits@10:38.67	Best:17.06
2024-10-04 18:06:35,837 INFO    : Snapshot:0	1	3	Epoch:16	Loss:0.236	MRR:17.04	Hits@10:38.78	Best:17.06
2024-10-04 18:06:47,117 INFO    : Snapshot:0	0	3	Epoch:17	Loss:0.22	MRR:17.08	Hits@10:39.0	Best:17.08
2024-10-04 18:06:58,300 INFO    : Snapshot:0	0	3	Epoch:18	Loss:0.188	MRR:17.12	Hits@10:39.1	Best:17.12
2024-10-04 18:07:09,844 INFO    : Snapshot:0	1	3	Epoch:19	Loss:0.177	MRR:17.1	Hits@10:39.27	Best:17.12
2024-10-04 18:07:21,528 INFO    : Snapshot:0	2	3	Epoch:20	Loss:0.158	MRR:17.08	Hits@10:39.43	Best:17.12
2024-10-04 18:07:33,481 INFO    : Snapshot:0	0	3	Epoch:21	Loss:0.149	MRR:17.14	Hits@10:39.47	Best:17.14
2024-10-04 18:07:44,964 INFO    : Snapshot:0	1	3	Epoch:22	Loss:0.143	MRR:17.07	Hits@10:39.57	Best:17.14
2024-10-04 18:07:56,206 INFO    : Snapshot:0	2	3	Epoch:23	Loss:0.133	MRR:17.13	Hits@10:39.69	Best:17.14
2024-10-04 18:08:07,648 INFO    : Snapshot:0	0	3	Epoch:24	Loss:0.12	MRR:17.18	Hits@10:40.0	Best:17.18
2024-10-04 18:08:19,060 INFO    : Snapshot:0	0	3	Epoch:25	Loss:0.121	MRR:17.22	Hits@10:39.94	Best:17.22
2024-10-04 18:08:30,127 INFO    : Snapshot:0	1	3	Epoch:26	Loss:0.115	MRR:17.16	Hits@10:40.12	Best:17.22
2024-10-04 18:08:41,298 INFO    : Snapshot:0	2	3	Epoch:27	Loss:0.108	MRR:17.15	Hits@10:40.24	Best:17.22
2024-10-04 18:08:52,782 INFO    : Early Stopping! Snapshot:0 Epoch: 28 Best Results: 17.22
2024-10-04 18:08:52,817 INFO    : => loading checkpoint './checkpoint/WN_CKGE\0model_best.tar'
2024-10-04 18:09:05,714 INFO    : 
+------------+--------+--------+--------+--------+---------+
| Snapshot:0 |  MRR   | Hits@1 | Hits@3 | Hits@5 | Hits@10 |
+------------+--------+--------+--------+--------+---------+
|     0      | 0.1722 |  0.01  | 0.3114 | 0.354  |  0.3996 |
+------------+--------+--------+--------+--------+---------+
2024-10-04 18:09:22,640 INFO    : Snapshot:1	0	3	Epoch:0	Loss:6.416	MRR:4.73	Hits@10:12.39	Best:4.73
2024-10-04 18:09:30,640 INFO    : Snapshot:1	0	3	Epoch:1	Loss:3.234	MRR:7.51	Hits@10:20.67	Best:7.51
2024-10-04 18:09:38,703 INFO    : Snapshot:1	0	3	Epoch:2	Loss:1.809	MRR:9.87	Hits@10:25.03	Best:9.87
2024-10-04 18:09:46,448 INFO    : Snapshot:1	0	3	Epoch:3	Loss:1.159	MRR:11.26	Hits@10:27.96	Best:11.26
2024-10-04 18:09:54,130 INFO    : Snapshot:1	0	3	Epoch:4	Loss:0.842	MRR:11.93	Hits@10:29.54	Best:11.93
2024-10-04 18:10:02,088 INFO    : Snapshot:1	0	3	Epoch:5	Loss:0.673	MRR:12.42	Hits@10:31.02	Best:12.42
2024-10-04 18:10:09,649 INFO    : Snapshot:1	0	3	Epoch:6	Loss:0.583	MRR:12.6	Hits@10:31.13	Best:12.6
2024-10-04 18:10:17,277 INFO    : Snapshot:1	0	3	Epoch:7	Loss:0.516	MRR:12.78	Hits@10:31.72	Best:12.78
2024-10-04 18:10:25,680 INFO    : Snapshot:1	0	3	Epoch:8	Loss:0.465	MRR:13.02	Hits@10:32.04	Best:13.02
2024-10-04 18:10:33,434 INFO    : Snapshot:1	0	3	Epoch:9	Loss:0.434	MRR:13.15	Hits@10:32.31	Best:13.15
2024-10-04 18:10:40,695 INFO    : Snapshot:1	0	3	Epoch:10	Loss:0.412	MRR:13.3	Hits@10:32.61	Best:13.3
2024-10-04 18:10:47,836 INFO    : Snapshot:1	0	3	Epoch:11	Loss:0.39	MRR:13.38	Hits@10:32.61	Best:13.38
2024-10-04 18:10:55,178 INFO    : Snapshot:1	0	3	Epoch:12	Loss:0.373	MRR:13.4	Hits@10:32.8	Best:13.4
2024-10-04 18:11:02,655 INFO    : Snapshot:1	1	3	Epoch:13	Loss:0.36	MRR:13.35	Hits@10:32.88	Best:13.4
2024-10-04 18:11:10,172 INFO    : Snapshot:1	0	3	Epoch:14	Loss:0.342	MRR:13.46	Hits@10:32.96	Best:13.46
2024-10-04 18:11:17,349 INFO    : Snapshot:1	1	3	Epoch:15	Loss:0.337	MRR:13.46	Hits@10:33.04	Best:13.46
2024-10-04 18:11:24,415 INFO    : Snapshot:1	0	3	Epoch:16	Loss:0.329	MRR:13.47	Hits@10:33.17	Best:13.47
2024-10-04 18:11:31,661 INFO    : Snapshot:1	0	3	Epoch:17	Loss:0.318	MRR:13.55	Hits@10:33.39	Best:13.55
2024-10-04 18:11:38,866 INFO    : Snapshot:1	1	3	Epoch:18	Loss:0.317	MRR:13.51	Hits@10:33.2	Best:13.55
2024-10-04 18:11:46,041 INFO    : Snapshot:1	2	3	Epoch:19	Loss:0.305	MRR:13.52	Hits@10:33.15	Best:13.55
2024-10-04 18:11:53,403 INFO    : Snapshot:1	0	3	Epoch:20	Loss:0.305	MRR:13.59	Hits@10:33.09	Best:13.59
2024-10-04 18:12:00,918 INFO    : Snapshot:1	0	3	Epoch:21	Loss:0.298	MRR:13.64	Hits@10:33.25	Best:13.64
2024-10-04 18:12:08,575 INFO    : Snapshot:1	0	3	Epoch:22	Loss:0.291	MRR:13.67	Hits@10:33.28	Best:13.67
2024-10-04 18:12:16,160 INFO    : Snapshot:1	1	3	Epoch:23	Loss:0.288	MRR:13.66	Hits@10:33.31	Best:13.67
2024-10-04 18:12:23,447 INFO    : Snapshot:1	0	3	Epoch:24	Loss:0.288	MRR:13.79	Hits@10:33.47	Best:13.79
2024-10-04 18:12:30,745 INFO    : Snapshot:1	1	3	Epoch:25	Loss:0.275	MRR:13.68	Hits@10:33.44	Best:13.79
2024-10-04 18:12:38,301 INFO    : Snapshot:1	2	3	Epoch:26	Loss:0.278	MRR:13.64	Hits@10:33.36	Best:13.79
2024-10-04 18:12:45,896 INFO    : Early Stopping! Snapshot:1 Epoch: 27 Best Results: 13.79
2024-10-04 18:12:45,937 INFO    : => loading checkpoint './checkpoint/WN_CKGE\1model_best.tar'
2024-10-04 18:13:05,497 INFO    : 
+------------+--------+--------+--------+--------+---------+
| Snapshot:1 |  MRR   | Hits@1 | Hits@3 | Hits@5 | Hits@10 |
+------------+--------+--------+--------+--------+---------+
|     0      | 0.1722 |  0.01  | 0.3114 | 0.354  |  0.3996 |
|     1      | 0.1352 | 0.0086 | 0.2333 | 0.2815 |  0.3282 |
+------------+--------+--------+--------+--------+---------+
2024-10-04 18:13:40,496 INFO    : Snapshot:2	0	3	Epoch:0	Loss:6.403	MRR:4.04	Hits@10:10.59	Best:4.04
2024-10-04 18:13:56,745 INFO    : Snapshot:2	0	3	Epoch:1	Loss:3.165	MRR:7.15	Hits@10:19.46	Best:7.15
2024-10-04 18:14:12,583 INFO    : Snapshot:2	0	3	Epoch:2	Loss:1.707	MRR:9.2	Hits@10:22.9	Best:9.2
2024-10-04 18:14:28,475 INFO    : Snapshot:2	0	3	Epoch:3	Loss:1.066	MRR:10.39	Hits@10:25.3	Best:10.39
2024-10-04 18:14:44,500 INFO    : Snapshot:2	0	3	Epoch:4	Loss:0.772	MRR:11.14	Hits@10:26.56	Best:11.14
2024-10-04 18:15:01,105 INFO    : Snapshot:2	0	3	Epoch:5	Loss:0.615	MRR:11.43	Hits@10:27.07	Best:11.43
2024-10-04 18:15:17,722 INFO    : Snapshot:2	0	3	Epoch:6	Loss:0.524	MRR:11.66	Hits@10:27.8	Best:11.66
2024-10-04 18:15:33,570 INFO    : Snapshot:2	0	3	Epoch:7	Loss:0.459	MRR:11.91	Hits@10:27.85	Best:11.91
2024-10-04 18:15:50,275 INFO    : Snapshot:2	0	3	Epoch:8	Loss:0.42	MRR:12.15	Hits@10:28.25	Best:12.15
2024-10-04 18:16:06,231 INFO    : Snapshot:2	0	3	Epoch:9	Loss:0.392	MRR:12.16	Hits@10:28.55	Best:12.16
2024-10-04 18:16:21,431 INFO    : Snapshot:2	0	3	Epoch:10	Loss:0.366	MRR:12.29	Hits@10:28.36	Best:12.29
2024-10-04 18:16:36,709 INFO    : Snapshot:2	0	3	Epoch:11	Loss:0.354	MRR:12.33	Hits@10:28.63	Best:12.33
2024-10-04 18:16:51,778 INFO    : Snapshot:2	0	3	Epoch:12	Loss:0.336	MRR:12.38	Hits@10:28.92	Best:12.38
2024-10-04 18:17:07,057 INFO    : Snapshot:2	1	3	Epoch:13	Loss:0.327	MRR:12.34	Hits@10:28.9	Best:12.38
2024-10-04 18:17:21,997 INFO    : Snapshot:2	0	3	Epoch:14	Loss:0.31	MRR:12.51	Hits@10:29.33	Best:12.51
2024-10-04 18:17:36,983 INFO    : Snapshot:2	0	3	Epoch:15	Loss:0.301	MRR:12.68	Hits@10:29.35	Best:12.68
2024-10-04 18:17:52,395 INFO    : Snapshot:2	1	3	Epoch:16	Loss:0.294	MRR:12.58	Hits@10:29.35	Best:12.68
2024-10-04 18:18:07,812 INFO    : Snapshot:2	2	3	Epoch:17	Loss:0.286	MRR:12.64	Hits@10:29.25	Best:12.68
2024-10-04 18:18:23,703 INFO    : Early Stopping! Snapshot:2 Epoch: 18 Best Results: 12.68
2024-10-04 18:18:23,747 INFO    : => loading checkpoint './checkpoint/WN_CKGE\2model_best.tar'
2024-10-04 18:19:00,120 INFO    : 
+------------+--------+--------+--------+--------+---------+
| Snapshot:2 |  MRR   | Hits@1 | Hits@3 | Hits@5 | Hits@10 |
+------------+--------+--------+--------+--------+---------+
|     0      | 0.1722 |  0.01  | 0.3114 | 0.354  |  0.3996 |
|     1      | 0.1352 | 0.0086 | 0.2333 | 0.2815 |  0.3282 |
|     2      | 0.1336 | 0.0132 | 0.2304 | 0.2704 |  0.3132 |
+------------+--------+--------+--------+--------+---------+
2024-10-04 18:19:41,287 INFO    : Snapshot:3	0	3	Epoch:0	Loss:6.396	MRR:3.49	Hits@10:9.46	Best:3.49
2024-10-04 18:19:59,472 INFO    : Snapshot:3	0	3	Epoch:1	Loss:3.16	MRR:6.77	Hits@10:17.2	Best:6.77
2024-10-04 18:20:18,352 INFO    : Snapshot:3	0	3	Epoch:2	Loss:1.682	MRR:8.77	Hits@10:21.94	Best:8.77
2024-10-04 18:20:37,022 INFO    : Snapshot:3	0	3	Epoch:3	Loss:1.037	MRR:9.94	Hits@10:24.35	Best:9.94
2024-10-04 18:20:56,065 INFO    : Snapshot:3	0	3	Epoch:4	Loss:0.759	MRR:10.61	Hits@10:25.91	Best:10.61
2024-10-04 18:21:14,797 INFO    : Snapshot:3	0	3	Epoch:5	Loss:0.607	MRR:11.05	Hits@10:26.51	Best:11.05
2024-10-04 18:21:33,643 INFO    : Snapshot:3	0	3	Epoch:6	Loss:0.514	MRR:11.26	Hits@10:26.75	Best:11.26
2024-10-04 18:21:52,285 INFO    : Snapshot:3	0	3	Epoch:7	Loss:0.458	MRR:11.55	Hits@10:27.23	Best:11.55
2024-10-04 18:22:11,093 INFO    : Snapshot:3	0	3	Epoch:8	Loss:0.415	MRR:11.74	Hits@10:27.04	Best:11.74
2024-10-04 18:22:29,792 INFO    : Snapshot:3	0	3	Epoch:9	Loss:0.39	MRR:11.89	Hits@10:27.28	Best:11.89
2024-10-04 18:22:48,799 INFO    : Snapshot:3	0	3	Epoch:10	Loss:0.368	MRR:11.91	Hits@10:27.5	Best:11.91
2024-10-04 18:23:07,708 INFO    : Snapshot:3	0	3	Epoch:11	Loss:0.347	MRR:12.0	Hits@10:27.74	Best:12.0
2024-10-04 18:23:26,464 INFO    : Snapshot:3	1	3	Epoch:12	Loss:0.336	MRR:11.91	Hits@10:27.69	Best:12.0
2024-10-04 18:23:44,593 INFO    : Snapshot:3	2	3	Epoch:13	Loss:0.319	MRR:11.99	Hits@10:27.96	Best:12.0
2024-10-04 18:24:03,111 INFO    : Snapshot:3	0	3	Epoch:14	Loss:0.305	MRR:12.03	Hits@10:28.09	Best:12.03
2024-10-04 18:24:21,731 INFO    : Snapshot:3	0	3	Epoch:15	Loss:0.297	MRR:12.08	Hits@10:28.15	Best:12.08
2024-10-04 18:24:39,927 INFO    : Snapshot:3	1	3	Epoch:16	Loss:0.294	MRR:12.06	Hits@10:28.01	Best:12.08
2024-10-04 18:24:58,460 INFO    : Snapshot:3	2	3	Epoch:17	Loss:0.285	MRR:12.08	Hits@10:28.15	Best:12.08
2024-10-04 18:25:17,628 INFO    : Snapshot:3	0	3	Epoch:18	Loss:0.28	MRR:12.17	Hits@10:28.44	Best:12.17
2024-10-04 18:25:36,510 INFO    : Snapshot:3	0	3	Epoch:19	Loss:0.277	MRR:12.24	Hits@10:28.28	Best:12.24
2024-10-04 18:25:54,752 INFO    : Snapshot:3	0	3	Epoch:20	Loss:0.268	MRR:12.3	Hits@10:28.28	Best:12.3
2024-10-04 18:26:13,002 INFO    : Snapshot:3	1	3	Epoch:21	Loss:0.267	MRR:12.26	Hits@10:28.47	Best:12.3
2024-10-04 18:26:31,119 INFO    : Snapshot:3	2	3	Epoch:22	Loss:0.259	MRR:12.25	Hits@10:28.52	Best:12.3
2024-10-04 18:26:49,577 INFO    : Early Stopping! Snapshot:3 Epoch: 23 Best Results: 12.3
2024-10-04 18:26:49,624 INFO    : => loading checkpoint './checkpoint/WN_CKGE\3model_best.tar'
2024-10-04 18:27:46,841 INFO    : 
+------------+--------+--------+--------+--------+---------+
| Snapshot:3 |  MRR   | Hits@1 | Hits@3 | Hits@5 | Hits@10 |
+------------+--------+--------+--------+--------+---------+
|     0      | 0.1722 |  0.01  | 0.3114 | 0.354  |  0.3996 |
|     1      | 0.1352 | 0.0086 | 0.2333 | 0.2815 |  0.3282 |
|     2      | 0.1336 | 0.0132 | 0.2304 | 0.2704 |  0.3132 |
|     3      | 0.1241 | 0.0097 | 0.218  | 0.257  |  0.293  |
+------------+--------+--------+--------+--------+---------+
2024-10-04 18:27:56,086 INFO    : Snapshot:4	0	3	Epoch:0	Loss:6.345	MRR:9.82	Hits@10:23.01	Best:9.82
2024-10-04 18:27:59,496 INFO    : Snapshot:4	0	3	Epoch:1	Loss:3.058	MRR:10.93	Hits@10:25.81	Best:10.93
2024-10-04 18:28:02,466 INFO    : Snapshot:4	0	3	Epoch:2	Loss:1.6	MRR:11.87	Hits@10:27.72	Best:11.87
2024-10-04 18:28:05,399 INFO    : Snapshot:4	0	3	Epoch:3	Loss:0.961	MRR:12.42	Hits@10:28.68	Best:12.42
2024-10-04 18:28:08,369 INFO    : Snapshot:4	0	3	Epoch:4	Loss:0.686	MRR:12.72	Hits@10:29.17	Best:12.72
2024-10-04 18:28:11,349 INFO    : Snapshot:4	0	3	Epoch:5	Loss:0.539	MRR:12.88	Hits@10:29.54	Best:12.88
2024-10-04 18:28:14,367 INFO    : Snapshot:4	1	3	Epoch:6	Loss:0.459	MRR:12.88	Hits@10:29.52	Best:12.88
2024-10-04 18:28:17,316 INFO    : Snapshot:4	0	3	Epoch:7	Loss:0.42	MRR:12.92	Hits@10:29.57	Best:12.92
2024-10-04 18:28:20,253 INFO    : Snapshot:4	0	3	Epoch:8	Loss:0.376	MRR:12.98	Hits@10:29.65	Best:12.98
2024-10-04 18:28:23,203 INFO    : Snapshot:4	0	3	Epoch:9	Loss:0.35	MRR:13.01	Hits@10:29.84	Best:13.01
2024-10-04 18:28:26,149 INFO    : Snapshot:4	0	3	Epoch:10	Loss:0.331	MRR:13.06	Hits@10:29.92	Best:13.06
2024-10-04 18:28:29,095 INFO    : Snapshot:4	0	3	Epoch:11	Loss:0.316	MRR:13.1	Hits@10:29.78	Best:13.1
2024-10-04 18:28:32,002 INFO    : Snapshot:4	1	3	Epoch:12	Loss:0.303	MRR:13.09	Hits@10:29.97	Best:13.1
2024-10-04 18:28:34,963 INFO    : Snapshot:4	0	3	Epoch:13	Loss:0.293	MRR:13.12	Hits@10:30.13	Best:13.12
2024-10-04 18:28:37,892 INFO    : Snapshot:4	0	3	Epoch:14	Loss:0.279	MRR:13.18	Hits@10:30.24	Best:13.18
2024-10-04 18:28:40,806 INFO    : Snapshot:4	1	3	Epoch:15	Loss:0.275	MRR:13.15	Hits@10:30.19	Best:13.18
2024-10-04 18:28:43,737 INFO    : Snapshot:4	0	3	Epoch:16	Loss:0.271	MRR:13.23	Hits@10:30.19	Best:13.23
2024-10-04 18:28:46,802 INFO    : Snapshot:4	0	3	Epoch:17	Loss:0.258	MRR:13.28	Hits@10:30.38	Best:13.28
2024-10-04 18:28:49,743 INFO    : Snapshot:4	0	3	Epoch:18	Loss:0.259	MRR:13.32	Hits@10:30.32	Best:13.32
2024-10-04 18:28:52,662 INFO    : Snapshot:4	1	3	Epoch:19	Loss:0.244	MRR:13.31	Hits@10:30.22	Best:13.32
2024-10-04 18:28:55,608 INFO    : Snapshot:4	2	3	Epoch:20	Loss:0.245	MRR:13.26	Hits@10:30.3	Best:13.32
2024-10-04 18:28:58,567 INFO    : Snapshot:4	0	3	Epoch:21	Loss:0.238	MRR:13.34	Hits@10:30.32	Best:13.34
2024-10-04 18:29:01,494 INFO    : Snapshot:4	1	3	Epoch:22	Loss:0.237	MRR:13.23	Hits@10:30.19	Best:13.34
2024-10-04 18:29:04,418 INFO    : Snapshot:4	2	3	Epoch:23	Loss:0.231	MRR:13.16	Hits@10:29.92	Best:13.34
2024-10-04 18:29:07,324 INFO    : Early Stopping! Snapshot:4 Epoch: 24 Best Results: 13.34
2024-10-04 18:29:07,360 INFO    : => loading checkpoint './checkpoint/WN_CKGE\4model_best.tar'
2024-10-04 18:29:29,838 INFO    : 
+------------+--------+--------+--------+--------+---------+
| Snapshot:4 |  MRR   | Hits@1 | Hits@3 | Hits@5 | Hits@10 |
+------------+--------+--------+--------+--------+---------+
|     0      | 0.1722 |  0.01  | 0.3114 | 0.354  |  0.3996 |
|     1      | 0.1352 | 0.0086 | 0.2333 | 0.2815 |  0.3282 |
|     2      | 0.1336 | 0.0132 | 0.2304 | 0.2704 |  0.3132 |
|     3      | 0.1241 | 0.0097 | 0.218  | 0.257  |  0.293  |
|     4      | 0.1431 | 0.0102 | 0.2579 | 0.2856 |  0.3221 |
+------------+--------+--------+--------+--------+---------+
2024-10-04 18:29:29,839 INFO    : Final Result:
[+------------+--------+--------+--------+--------+---------+
| Snapshot:0 |  MRR   | Hits@1 | Hits@3 | Hits@5 | Hits@10 |
+------------+--------+--------+--------+--------+---------+
|     0      | 0.1722 |  0.01  | 0.3114 | 0.354  |  0.3996 |
+------------+--------+--------+--------+--------+---------+, +------------+--------+--------+--------+--------+---------+
| Snapshot:1 |  MRR   | Hits@1 | Hits@3 | Hits@5 | Hits@10 |
+------------+--------+--------+--------+--------+---------+
|     0      | 0.1722 |  0.01  | 0.3114 | 0.354  |  0.3996 |
|     1      | 0.1352 | 0.0086 | 0.2333 | 0.2815 |  0.3282 |
+------------+--------+--------+--------+--------+---------+, +------------+--------+--------+--------+--------+---------+
| Snapshot:2 |  MRR   | Hits@1 | Hits@3 | Hits@5 | Hits@10 |
+------------+--------+--------+--------+--------+---------+
|     0      | 0.1722 |  0.01  | 0.3114 | 0.354  |  0.3996 |
|     1      | 0.1352 | 0.0086 | 0.2333 | 0.2815 |  0.3282 |
|     2      | 0.1336 | 0.0132 | 0.2304 | 0.2704 |  0.3132 |
+------------+--------+--------+--------+--------+---------+, +------------+--------+--------+--------+--------+---------+
| Snapshot:3 |  MRR   | Hits@1 | Hits@3 | Hits@5 | Hits@10 |
+------------+--------+--------+--------+--------+---------+
|     0      | 0.1722 |  0.01  | 0.3114 | 0.354  |  0.3996 |
|     1      | 0.1352 | 0.0086 | 0.2333 | 0.2815 |  0.3282 |
|     2      | 0.1336 | 0.0132 | 0.2304 | 0.2704 |  0.3132 |
|     3      | 0.1241 | 0.0097 | 0.218  | 0.257  |  0.293  |
+------------+--------+--------+--------+--------+---------+, +------------+--------+--------+--------+--------+---------+
| Snapshot:4 |  MRR   | Hits@1 | Hits@3 | Hits@5 | Hits@10 |
+------------+--------+--------+--------+--------+---------+
|     0      | 0.1722 |  0.01  | 0.3114 | 0.354  |  0.3996 |
|     1      | 0.1352 | 0.0086 | 0.2333 | 0.2815 |  0.3282 |
|     2      | 0.1336 | 0.0132 | 0.2304 | 0.2704 |  0.3132 |
|     3      | 0.1241 | 0.0097 | 0.218  | 0.257  |  0.293  |
|     4      | 0.1431 | 0.0102 | 0.2579 | 0.2856 |  0.3221 |
+------------+--------+--------+--------+--------+---------+]
2024-10-04 18:29:29,840 INFO    : Report Result:
+----------+--------------------+-----------+--------------+--------------+---------------+
| Snapshot |        Time        | Whole_MRR | Whole_Hits@1 | Whole_Hits@3 | Whole_Hits@10 |
+----------+--------------------+-----------+--------------+--------------+---------------+
|    0     | 326.9707396030426  |   0.172   |     0.01     |    0.311     |      0.4      |
|    1     | 211.64216303825378 |   0.167   |     0.01     |     0.3      |     0.389     |
|    2     | 300.2201817035675  |   0.163   |     0.01     |    0.292     |      0.38     |
|    3     | 447.7672851085663  |   0.158   |     0.01     |    0.283     |      0.37     |
|    4     | 74.96352005004883  |   0.157   |     0.01     |    0.281     |     0.365     |
+----------+--------------------+-----------+--------------+--------------+---------------+
2024-10-04 18:29:29,840 INFO    : Sum_Training_Time:1361.563889503479
2024-10-04 18:29:29,840 INFO    : Every_Training_Time:[326.9707396030426, 211.64216303825378, 300.2201817035675, 447.7672851085663, 74.96352005004883]
2024-10-04 18:29:29,840 INFO    : Forward transfer: 0.057875 Backward transfer: 0.0
