2024-09-24 17:31:37,425 INFO    : Namespace(batch_size=1024, data_path='./data/FB_CKGE/', dataset='FB_CKGE', debug=False, device=device(type='cuda', index=0), emb_dim=200, ent_r='200', epoch_num=200, explore=False, gpu='0', l2=0.0, learning_rate='1e-1', log_path='./logs/20240924173127/FB_CKGE', logger=<RootLogger root (INFO)>, margin=8.0, model_name='LoraKGE_Layers', multi_layers_path='train_sorted_by_edges_betweenness.txt', neg_ratio=10, note='', num_ent_layers='10', num_layer=1, num_rel_layers='1', patience=3, predict_result='True', r=100, r_fixed=True, random_seed=3407, record=False, rel_r='20', save_path='./checkpoint/FB_CKGE', skip_previous='False', snapshot_num=5, train_new=True, using_multi_layers=False, using_various_ranks='True', using_various_ranks_reverse=False, valid_metrics='mrr')
2024-09-24 17:31:56,936 INFO    : Snapshot:0	0	3	Epoch:0	Loss:91.268	MRR:22.64	Hits@10:42.62	Best:22.64
2024-09-24 17:32:13,512 INFO    : Snapshot:0	0	3	Epoch:1	Loss:17.198	MRR:24.74	Hits@10:45.16	Best:24.74
2024-09-24 17:32:29,930 INFO    : Snapshot:0	1	3	Epoch:2	Loss:7.016	MRR:23.93	Hits@10:44.13	Best:24.74
2024-09-24 17:32:46,891 INFO    : Snapshot:0	2	3	Epoch:3	Loss:4.7	MRR:23.72	Hits@10:43.5	Best:24.74
2024-09-24 17:33:03,854 INFO    : Early Stopping! Snapshot:0 Epoch: 4 Best Results: 24.74
2024-09-24 17:33:03,967 INFO    : => loading checkpoint './checkpoint/FB_CKGE\0model_best.tar'
2024-09-24 17:33:21,788 INFO    : 
+------------+-------+--------+--------+--------+---------+
| Snapshot:0 |  MRR  | Hits@1 | Hits@3 | Hits@5 | Hits@10 |
+------------+-------+--------+--------+--------+---------+
|     0      | 0.246 | 0.1419 | 0.2865 |  0.36  |  0.452  |
+------------+-------+--------+--------+--------+---------+
2024-09-24 17:33:33,288 INFO    : Snapshot:1	0	3	Epoch:0	Loss:9.469	MRR:11.09	Hits@10:20.45	Best:11.09
2024-09-24 17:33:36,984 INFO    : Snapshot:1	0	3	Epoch:1	Loss:2.65	MRR:13.04	Hits@10:24.96	Best:13.04
2024-09-24 17:33:40,681 INFO    : Snapshot:1	0	3	Epoch:2	Loss:1.805	MRR:14.07	Hits@10:26.78	Best:14.07
2024-09-24 17:33:44,412 INFO    : Snapshot:1	0	3	Epoch:3	Loss:1.455	MRR:14.77	Hits@10:27.82	Best:14.77
2024-09-24 17:33:48,130 INFO    : Snapshot:1	0	3	Epoch:4	Loss:1.267	MRR:15.12	Hits@10:29.12	Best:15.12
2024-09-24 17:33:51,913 INFO    : Snapshot:1	0	3	Epoch:5	Loss:1.103	MRR:15.74	Hits@10:29.35	Best:15.74
2024-09-24 17:33:55,760 INFO    : Snapshot:1	1	3	Epoch:6	Loss:1.015	MRR:15.65	Hits@10:29.86	Best:15.74
2024-09-24 17:33:59,603 INFO    : Snapshot:1	2	3	Epoch:7	Loss:0.922	MRR:15.68	Hits@10:30.22	Best:15.74
2024-09-24 17:34:03,380 INFO    : Snapshot:1	0	3	Epoch:8	Loss:0.887	MRR:15.85	Hits@10:29.93	Best:15.85
2024-09-24 17:34:07,141 INFO    : Snapshot:1	0	3	Epoch:9	Loss:0.815	MRR:16.21	Hits@10:30.47	Best:16.21
2024-09-24 17:34:10,939 INFO    : Snapshot:1	0	3	Epoch:10	Loss:0.792	MRR:16.23	Hits@10:30.6	Best:16.23
2024-09-24 17:34:14,720 INFO    : Snapshot:1	0	3	Epoch:11	Loss:0.759	MRR:16.34	Hits@10:30.78	Best:16.34
2024-09-24 17:34:18,434 INFO    : Snapshot:1	1	3	Epoch:12	Loss:0.742	MRR:16.28	Hits@10:31.03	Best:16.34
2024-09-24 17:34:22,218 INFO    : Snapshot:1	0	3	Epoch:13	Loss:0.71	MRR:16.55	Hits@10:31.14	Best:16.55
2024-09-24 17:34:25,946 INFO    : Snapshot:1	0	3	Epoch:14	Loss:0.695	MRR:16.58	Hits@10:31.2	Best:16.58
2024-09-24 17:34:29,691 INFO    : Snapshot:1	1	3	Epoch:15	Loss:0.678	MRR:16.39	Hits@10:30.98	Best:16.58
2024-09-24 17:34:33,447 INFO    : Snapshot:1	2	3	Epoch:16	Loss:0.656	MRR:16.46	Hits@10:31.13	Best:16.58
2024-09-24 17:34:37,137 INFO    : Early Stopping! Snapshot:1 Epoch: 17 Best Results: 16.58
2024-09-24 17:34:37,245 INFO    : => loading checkpoint './checkpoint/FB_CKGE\1model_best.tar'
2024-09-24 17:34:59,328 INFO    : 
+------------+--------+--------+--------+--------+---------+
| Snapshot:1 |  MRR   | Hits@1 | Hits@3 | Hits@5 | Hits@10 |
+------------+--------+--------+--------+--------+---------+
|     0      | 0.246  | 0.1419 | 0.2865 |  0.36  |  0.452  |
|     1      | 0.1725 | 0.1014 | 0.1906 | 0.2382 |  0.3131 |
+------------+--------+--------+--------+--------+---------+
2024-09-24 17:35:10,838 INFO    : Snapshot:2	0	3	Epoch:0	Loss:6.785	MRR:17.02	Hits@10:30.26	Best:17.02
2024-09-24 17:35:14,957 INFO    : Snapshot:2	0	3	Epoch:1	Loss:2.961	MRR:17.37	Hits@10:30.72	Best:17.37
2024-09-24 17:35:19,055 INFO    : Snapshot:2	0	3	Epoch:2	Loss:2.505	MRR:17.4	Hits@10:30.91	Best:17.4
2024-09-24 17:35:23,161 INFO    : Snapshot:2	0	3	Epoch:3	Loss:2.306	MRR:17.46	Hits@10:30.99	Best:17.46
2024-09-24 17:35:27,335 INFO    : Snapshot:2	0	3	Epoch:4	Loss:2.194	MRR:17.54	Hits@10:31.12	Best:17.54
2024-09-24 17:35:31,539 INFO    : Snapshot:2	1	3	Epoch:5	Loss:2.114	MRR:17.46	Hits@10:30.92	Best:17.54
2024-09-24 17:35:35,673 INFO    : Snapshot:2	0	3	Epoch:6	Loss:2.049	MRR:17.62	Hits@10:31.38	Best:17.62
2024-09-24 17:35:39,800 INFO    : Snapshot:2	0	3	Epoch:7	Loss:1.999	MRR:17.7	Hits@10:31.47	Best:17.7
2024-09-24 17:35:43,922 INFO    : Snapshot:2	1	3	Epoch:8	Loss:1.957	MRR:17.6	Hits@10:31.39	Best:17.7
2024-09-24 17:35:48,083 INFO    : Snapshot:2	2	3	Epoch:9	Loss:1.938	MRR:17.61	Hits@10:31.3	Best:17.7
2024-09-24 17:35:52,375 INFO    : Snapshot:2	0	3	Epoch:10	Loss:1.911	MRR:17.71	Hits@10:31.3	Best:17.71
2024-09-24 17:35:56,685 INFO    : Snapshot:2	0	3	Epoch:11	Loss:1.905	MRR:17.75	Hits@10:31.5	Best:17.75
2024-09-24 17:36:00,978 INFO    : Snapshot:2	0	3	Epoch:12	Loss:1.885	MRR:17.79	Hits@10:31.59	Best:17.79
2024-09-24 17:36:05,176 INFO    : Snapshot:2	0	3	Epoch:13	Loss:1.881	MRR:17.81	Hits@10:31.61	Best:17.81
2024-09-24 17:36:09,358 INFO    : Snapshot:2	1	3	Epoch:14	Loss:1.861	MRR:17.74	Hits@10:31.59	Best:17.81
2024-09-24 17:36:13,543 INFO    : Snapshot:2	2	3	Epoch:15	Loss:1.838	MRR:17.77	Hits@10:31.59	Best:17.81
2024-09-24 17:36:17,678 INFO    : Early Stopping! Snapshot:2 Epoch: 16 Best Results: 17.81
2024-09-24 17:36:17,795 INFO    : => loading checkpoint './checkpoint/FB_CKGE\2model_best.tar'
2024-09-24 17:36:47,448 INFO    : 
+------------+--------+--------+--------+--------+---------+
| Snapshot:2 |  MRR   | Hits@1 | Hits@3 | Hits@5 | Hits@10 |
+------------+--------+--------+--------+--------+---------+
|     0      | 0.246  | 0.1419 | 0.2865 |  0.36  |  0.452  |
|     1      | 0.1725 | 0.1014 | 0.1906 | 0.2382 |  0.3131 |
|     2      | 0.1778 | 0.1086 | 0.1965 | 0.245  |  0.3152 |
+------------+--------+--------+--------+--------+---------+
2024-09-24 17:37:00,024 INFO    : Snapshot:3	0	3	Epoch:0	Loss:4.881	MRR:18.83	Hits@10:32.49	Best:18.83
2024-09-24 17:37:04,395 INFO    : Snapshot:3	0	3	Epoch:1	Loss:3.132	MRR:18.85	Hits@10:32.54	Best:18.85
2024-09-24 17:37:08,685 INFO    : Snapshot:3	1	3	Epoch:2	Loss:2.889	MRR:18.85	Hits@10:32.66	Best:18.85
2024-09-24 17:37:13,052 INFO    : Snapshot:3	0	3	Epoch:3	Loss:2.786	MRR:18.86	Hits@10:32.72	Best:18.86
2024-09-24 17:37:17,383 INFO    : Snapshot:3	0	3	Epoch:4	Loss:2.761	MRR:18.91	Hits@10:32.75	Best:18.91
2024-09-24 17:37:21,711 INFO    : Snapshot:3	1	3	Epoch:5	Loss:2.725	MRR:18.89	Hits@10:32.88	Best:18.91
2024-09-24 17:37:26,055 INFO    : Snapshot:3	0	3	Epoch:6	Loss:2.683	MRR:18.92	Hits@10:32.84	Best:18.92
2024-09-24 17:37:30,457 INFO    : Snapshot:3	1	3	Epoch:7	Loss:2.695	MRR:18.91	Hits@10:32.88	Best:18.92
2024-09-24 17:37:35,025 INFO    : Snapshot:3	0	3	Epoch:8	Loss:2.677	MRR:18.93	Hits@10:32.9	Best:18.93
2024-09-24 17:37:39,568 INFO    : Snapshot:3	0	3	Epoch:9	Loss:2.658	MRR:18.94	Hits@10:32.88	Best:18.94
2024-09-24 17:37:44,013 INFO    : Snapshot:3	1	3	Epoch:10	Loss:2.655	MRR:18.91	Hits@10:32.94	Best:18.94
2024-09-24 17:37:48,461 INFO    : Snapshot:3	0	3	Epoch:11	Loss:2.634	MRR:18.96	Hits@10:32.81	Best:18.96
2024-09-24 17:37:52,893 INFO    : Snapshot:3	1	3	Epoch:12	Loss:2.645	MRR:18.93	Hits@10:32.9	Best:18.96
2024-09-24 17:37:57,308 INFO    : Snapshot:3	2	3	Epoch:13	Loss:2.631	MRR:18.95	Hits@10:32.97	Best:18.96
2024-09-24 17:38:01,752 INFO    : Snapshot:3	0	3	Epoch:14	Loss:2.616	MRR:18.99	Hits@10:32.92	Best:18.99
2024-09-24 17:38:06,197 INFO    : Snapshot:3	1	3	Epoch:15	Loss:2.61	MRR:18.96	Hits@10:32.88	Best:18.99
2024-09-24 17:38:10,679 INFO    : Snapshot:3	2	3	Epoch:16	Loss:2.621	MRR:18.94	Hits@10:32.89	Best:18.99
2024-09-24 17:38:15,209 INFO    : Snapshot:3	0	3	Epoch:17	Loss:2.613	MRR:19.01	Hits@10:32.97	Best:19.01
2024-09-24 17:38:19,782 INFO    : Snapshot:3	1	3	Epoch:18	Loss:2.596	MRR:18.95	Hits@10:32.92	Best:19.01
2024-09-24 17:38:24,222 INFO    : Snapshot:3	2	3	Epoch:19	Loss:2.588	MRR:18.88	Hits@10:32.97	Best:19.01
2024-09-24 17:38:28,583 INFO    : Early Stopping! Snapshot:3 Epoch: 20 Best Results: 19.01
2024-09-24 17:38:28,700 INFO    : => loading checkpoint './checkpoint/FB_CKGE\3model_best.tar'
2024-09-24 17:39:01,864 INFO    : 
+------------+--------+--------+--------+--------+---------+
| Snapshot:3 |  MRR   | Hits@1 | Hits@3 | Hits@5 | Hits@10 |
+------------+--------+--------+--------+--------+---------+
|     0      | 0.246  | 0.1419 | 0.2865 |  0.36  |  0.452  |
|     1      | 0.1725 | 0.1014 | 0.1906 | 0.2382 |  0.3131 |
|     2      | 0.1778 | 0.1086 | 0.1965 | 0.245  |  0.3152 |
|     3      | 0.186  | 0.1145 | 0.2093 | 0.2553 |  0.3219 |
+------------+--------+--------+--------+--------+---------+
2024-09-24 17:39:14,886 INFO    : Snapshot:4	0	3	Epoch:0	Loss:3.821	MRR:19.6	Hits@10:32.78	Best:19.6
2024-09-24 17:39:19,458 INFO    : Snapshot:4	0	3	Epoch:1	Loss:3.222	MRR:19.62	Hits@10:32.82	Best:19.62
2024-09-24 17:39:24,446 INFO    : Snapshot:4	0	3	Epoch:2	Loss:3.111	MRR:19.65	Hits@10:32.82	Best:19.65
2024-09-24 17:39:29,252 INFO    : Snapshot:4	1	3	Epoch:3	Loss:3.076	MRR:19.65	Hits@10:32.84	Best:19.65
2024-09-24 17:39:33,890 INFO    : Snapshot:4	0	3	Epoch:4	Loss:3.04	MRR:19.67	Hits@10:32.85	Best:19.67
2024-09-24 17:39:38,645 INFO    : Snapshot:4	1	3	Epoch:5	Loss:3.067	MRR:19.66	Hits@10:32.89	Best:19.67
2024-09-24 17:39:43,301 INFO    : Snapshot:4	2	3	Epoch:6	Loss:3.048	MRR:19.67	Hits@10:32.85	Best:19.67
2024-09-24 17:39:47,892 INFO    : Snapshot:4	0	3	Epoch:7	Loss:3.058	MRR:19.69	Hits@10:32.92	Best:19.69
2024-09-24 17:39:52,496 INFO    : Snapshot:4	1	3	Epoch:8	Loss:3.055	MRR:19.69	Hits@10:32.91	Best:19.69
2024-09-24 17:39:57,023 INFO    : Snapshot:4	2	3	Epoch:9	Loss:3.032	MRR:19.67	Hits@10:32.88	Best:19.69
2024-09-24 17:40:01,506 INFO    : Early Stopping! Snapshot:4 Epoch: 10 Best Results: 19.69
2024-09-24 17:40:01,628 INFO    : => loading checkpoint './checkpoint/FB_CKGE\4model_best.tar'
2024-09-24 17:40:38,046 INFO    : 
+------------+--------+--------+--------+--------+---------+
| Snapshot:4 |  MRR   | Hits@1 | Hits@3 | Hits@5 | Hits@10 |
+------------+--------+--------+--------+--------+---------+
|     0      | 0.246  | 0.1419 | 0.2865 |  0.36  |  0.452  |
|     1      | 0.1725 | 0.1014 | 0.1906 | 0.2382 |  0.3131 |
|     2      | 0.1778 | 0.1086 | 0.1965 | 0.245  |  0.3152 |
|     3      | 0.186  | 0.1145 | 0.2093 | 0.2553 |  0.3219 |
|     4      | 0.2125 | 0.1316 | 0.2429 | 0.2969 |  0.3704 |
+------------+--------+--------+--------+--------+---------+
2024-09-24 17:40:38,047 INFO    : Final Result:
[+------------+-------+--------+--------+--------+---------+
| Snapshot:0 |  MRR  | Hits@1 | Hits@3 | Hits@5 | Hits@10 |
+------------+-------+--------+--------+--------+---------+
|     0      | 0.246 | 0.1419 | 0.2865 |  0.36  |  0.452  |
+------------+-------+--------+--------+--------+---------+, +------------+--------+--------+--------+--------+---------+
| Snapshot:1 |  MRR   | Hits@1 | Hits@3 | Hits@5 | Hits@10 |
+------------+--------+--------+--------+--------+---------+
|     0      | 0.246  | 0.1419 | 0.2865 |  0.36  |  0.452  |
|     1      | 0.1725 | 0.1014 | 0.1906 | 0.2382 |  0.3131 |
+------------+--------+--------+--------+--------+---------+, +------------+--------+--------+--------+--------+---------+
| Snapshot:2 |  MRR   | Hits@1 | Hits@3 | Hits@5 | Hits@10 |
+------------+--------+--------+--------+--------+---------+
|     0      | 0.246  | 0.1419 | 0.2865 |  0.36  |  0.452  |
|     1      | 0.1725 | 0.1014 | 0.1906 | 0.2382 |  0.3131 |
|     2      | 0.1778 | 0.1086 | 0.1965 | 0.245  |  0.3152 |
+------------+--------+--------+--------+--------+---------+, +------------+--------+--------+--------+--------+---------+
| Snapshot:3 |  MRR   | Hits@1 | Hits@3 | Hits@5 | Hits@10 |
+------------+--------+--------+--------+--------+---------+
|     0      | 0.246  | 0.1419 | 0.2865 |  0.36  |  0.452  |
|     1      | 0.1725 | 0.1014 | 0.1906 | 0.2382 |  0.3131 |
|     2      | 0.1778 | 0.1086 | 0.1965 | 0.245  |  0.3152 |
|     3      | 0.186  | 0.1145 | 0.2093 | 0.2553 |  0.3219 |
+------------+--------+--------+--------+--------+---------+, +------------+--------+--------+--------+--------+---------+
| Snapshot:4 |  MRR   | Hits@1 | Hits@3 | Hits@5 | Hits@10 |
+------------+--------+--------+--------+--------+---------+
|     0      | 0.246  | 0.1419 | 0.2865 |  0.36  |  0.452  |
|     1      | 0.1725 | 0.1014 | 0.1906 | 0.2382 |  0.3131 |
|     2      | 0.1778 | 0.1086 | 0.1965 | 0.245  |  0.3152 |
|     3      | 0.186  | 0.1145 | 0.2093 | 0.2553 |  0.3219 |
|     4      | 0.2125 | 0.1316 | 0.2429 | 0.2969 |  0.3704 |
+------------+--------+--------+--------+--------+---------+]
2024-09-24 17:40:38,048 INFO    : Report Result:
+----------+-------------------+-----------+--------------+--------------+---------------+
| Snapshot |        Time       | Whole_MRR | Whole_Hits@1 | Whole_Hits@3 | Whole_Hits@10 |
+----------+-------------------+-----------+--------------+--------------+---------------+
|    0     | 86.42772364616394 |   0.246   |    0.142     |    0.286     |     0.452     |
|    1     | 70.88863062858582 |   0.235   |    0.136     |    0.273     |     0.432     |
|    2     | 74.03990387916565 |   0.228   |    0.133     |    0.263     |     0.418     |
|    3     | 96.25313091278076 |   0.224   |    0.131     |    0.257     |     0.407     |
|    4     | 54.23806881904602 |   0.222   |    0.131     |    0.256     |     0.403     |
+----------+-------------------+-----------+--------------+--------------+---------------+
2024-09-24 17:40:38,048 INFO    : Sum_Training_Time:381.8474578857422
2024-09-24 17:40:38,049 INFO    : Every_Training_Time:[86.42772364616394, 70.88863062858582, 74.03990387916565, 96.25313091278076, 54.23806881904602]
2024-09-24 17:40:38,049 INFO    : Forward transfer: 0.14715 Backward transfer: 0.0
