2025-01-21 16:53:55,306 INFO    : Namespace(batch_size=1024, data_path='./data/RELATION/', dataset='RELATION', debug=False, device=device(type='cuda', index=0), emb_dim=200, ent_r='200', epoch_num=200, explore=False, gpu='0', l2=0.0, learning_rate='5e-1', log_path='./logs/RELATION 200 20 5e-1 1024/RELATION 20250121165346', logger=<RootLogger root (INFO)>, margin=8.0, model_name='LoraKGE_Layers', multi_layers_path='train_sorted_by_edges_betweenness.txt', neg_ratio=10, note='', num_ent_layers='20', num_layer=1, num_rel_layers='1', patience='10', predict_result=False, r=100, r_fixed=True, random_seed=3407, record=False, rel_r='200', save_path='./checkpoint/RELATION', skip_previous='False', snapshot_num=5, train_new=True, using_multi_layers=False, using_various_ranks='True', using_various_ranks_reverse=False, valid_metrics='mrr')
2025-01-21 16:54:09,230 INFO    : Snapshot:0	0	10	Epoch:0	Loss:68.442	MRR:10.64	Hits@10:22.79	Best:10.64
2025-01-21 16:54:21,416 INFO    : Snapshot:0	0	10	Epoch:1	Loss:49.71	MRR:17.07	Hits@10:31.54	Best:17.07
2025-01-21 16:54:33,184 INFO    : Snapshot:0	0	10	Epoch:2	Loss:33.723	MRR:22.44	Hits@10:39.65	Best:22.44
2025-01-21 16:54:44,907 INFO    : Snapshot:0	0	10	Epoch:3	Loss:21.224	MRR:25.08	Hits@10:43.03	Best:25.08
2025-01-21 16:54:56,935 INFO    : Snapshot:0	0	10	Epoch:4	Loss:13.63	MRR:26.33	Hits@10:44.93	Best:26.33
2025-01-21 16:55:09,159 INFO    : Snapshot:0	0	10	Epoch:5	Loss:9.365	MRR:27.09	Hits@10:45.96	Best:27.09
2025-01-21 16:55:21,167 INFO    : Snapshot:0	0	10	Epoch:6	Loss:6.776	MRR:27.32	Hits@10:46.54	Best:27.32
2025-01-21 16:55:32,741 INFO    : Snapshot:0	0	10	Epoch:7	Loss:5.212	MRR:27.51	Hits@10:46.73	Best:27.51
2025-01-21 16:55:44,575 INFO    : Snapshot:0	0	10	Epoch:8	Loss:4.221	MRR:27.59	Hits@10:47.03	Best:27.59
2025-01-21 16:55:56,493 INFO    : Snapshot:0	1	10	Epoch:9	Loss:3.527	MRR:27.31	Hits@10:47.05	Best:27.59
2025-01-21 16:56:08,480 INFO    : Snapshot:0	2	10	Epoch:10	Loss:3.055	MRR:27.59	Hits@10:47.05	Best:27.59
2025-01-21 16:56:20,343 INFO    : Snapshot:0	3	10	Epoch:11	Loss:2.757	MRR:27.32	Hits@10:47.07	Best:27.59
2025-01-21 16:56:32,320 INFO    : Snapshot:0	4	10	Epoch:12	Loss:2.474	MRR:27.55	Hits@10:46.93	Best:27.59
2025-01-21 16:56:43,914 INFO    : Snapshot:0	5	10	Epoch:13	Loss:2.293	MRR:27.31	Hits@10:46.85	Best:27.59
2025-01-21 16:56:55,643 INFO    : Snapshot:0	6	10	Epoch:14	Loss:2.113	MRR:27.37	Hits@10:46.82	Best:27.59
2025-01-21 16:57:07,777 INFO    : Snapshot:0	7	10	Epoch:15	Loss:2.004	MRR:27.2	Hits@10:46.78	Best:27.59
2025-01-21 16:57:19,884 INFO    : Snapshot:0	8	10	Epoch:16	Loss:1.883	MRR:26.95	Hits@10:46.52	Best:27.59
2025-01-21 16:57:31,997 INFO    : Snapshot:0	9	10	Epoch:17	Loss:1.824	MRR:27.03	Hits@10:46.56	Best:27.59
2025-01-21 16:57:43,850 INFO    : Early Stopping! Snapshot:0 Epoch: 18 Best Results: 27.59
2025-01-21 16:57:43,964 INFO    : => loading checkpoint './checkpoint/RELATION\0model_best.tar'
2025-01-21 16:57:51,754 INFO    : 
+------------+--------+--------+--------+--------+---------+
| Snapshot:0 |  MRR   | Hits@1 | Hits@3 | Hits@5 | Hits@10 |
+------------+--------+--------+--------+--------+---------+
|     0      | 0.2766 | 0.1711 | 0.3378 | 0.4045 |  0.4722 |
+------------+--------+--------+--------+--------+---------+
2025-01-21 16:58:20,531 INFO    : Snapshot:1	0	10	Epoch:0	Loss:27.676	MRR:9.49	Hits@10:19.72	Best:9.49
2025-01-21 16:58:35,745 INFO    : Snapshot:1	0	10	Epoch:1	Loss:21.164	MRR:9.82	Hits@10:20.3	Best:9.82
2025-01-21 16:58:51,152 INFO    : Snapshot:1	0	10	Epoch:2	Loss:20.581	MRR:10.38	Hits@10:21.25	Best:10.38
2025-01-21 16:59:06,257 INFO    : Snapshot:1	1	10	Epoch:3	Loss:20.168	MRR:10.21	Hits@10:21.49	Best:10.38
2025-01-21 16:59:21,512 INFO    : Snapshot:1	0	10	Epoch:4	Loss:19.96	MRR:10.59	Hits@10:21.8	Best:10.59
2025-01-21 16:59:36,909 INFO    : Snapshot:1	0	10	Epoch:5	Loss:19.734	MRR:10.89	Hits@10:22.47	Best:10.89
2025-01-21 16:59:52,933 INFO    : Snapshot:1	0	10	Epoch:6	Loss:19.556	MRR:10.99	Hits@10:22.48	Best:10.99
2025-01-21 17:00:08,949 INFO    : Snapshot:1	1	10	Epoch:7	Loss:19.419	MRR:10.86	Hits@10:22.45	Best:10.99
2025-01-21 17:00:25,082 INFO    : Snapshot:1	0	10	Epoch:8	Loss:19.328	MRR:11.25	Hits@10:22.9	Best:11.25
2025-01-21 17:00:40,462 INFO    : Snapshot:1	1	10	Epoch:9	Loss:19.224	MRR:10.96	Hits@10:22.46	Best:11.25
2025-01-21 17:00:55,960 INFO    : Snapshot:1	2	10	Epoch:10	Loss:19.18	MRR:11.14	Hits@10:22.7	Best:11.25
2025-01-21 17:01:11,605 INFO    : Snapshot:1	0	10	Epoch:11	Loss:19.118	MRR:11.27	Hits@10:23.04	Best:11.27
2025-01-21 17:01:27,071 INFO    : Snapshot:1	1	10	Epoch:12	Loss:19.086	MRR:11.1	Hits@10:22.81	Best:11.27
2025-01-21 17:01:42,422 INFO    : Snapshot:1	2	10	Epoch:13	Loss:19.005	MRR:11.24	Hits@10:22.82	Best:11.27
2025-01-21 17:01:57,979 INFO    : Snapshot:1	3	10	Epoch:14	Loss:18.955	MRR:11.2	Hits@10:22.82	Best:11.27
2025-01-21 17:02:13,448 INFO    : Snapshot:1	4	10	Epoch:15	Loss:18.935	MRR:11.2	Hits@10:22.74	Best:11.27
2025-01-21 17:02:29,409 INFO    : Snapshot:1	5	10	Epoch:16	Loss:18.96	MRR:11.18	Hits@10:22.7	Best:11.27
2025-01-21 17:02:44,894 INFO    : Snapshot:1	6	10	Epoch:17	Loss:18.885	MRR:11.12	Hits@10:23.02	Best:11.27
2025-01-21 17:03:00,505 INFO    : Snapshot:1	0	10	Epoch:18	Loss:18.886	MRR:11.36	Hits@10:22.97	Best:11.36
2025-01-21 17:03:15,888 INFO    : Snapshot:1	1	10	Epoch:19	Loss:18.876	MRR:11.18	Hits@10:22.87	Best:11.36
2025-01-21 17:03:31,284 INFO    : Snapshot:1	2	10	Epoch:20	Loss:18.835	MRR:11.34	Hits@10:22.8	Best:11.36
2025-01-21 17:03:46,929 INFO    : Snapshot:1	0	10	Epoch:21	Loss:18.816	MRR:11.48	Hits@10:23.19	Best:11.48
2025-01-21 17:04:01,904 INFO    : Snapshot:1	1	10	Epoch:22	Loss:18.805	MRR:11.33	Hits@10:23.21	Best:11.48
2025-01-21 17:04:17,102 INFO    : Snapshot:1	2	10	Epoch:23	Loss:18.794	MRR:11.27	Hits@10:23.06	Best:11.48
2025-01-21 17:04:32,805 INFO    : Snapshot:1	3	10	Epoch:24	Loss:18.752	MRR:11.31	Hits@10:22.87	Best:11.48
2025-01-21 17:04:48,183 INFO    : Snapshot:1	4	10	Epoch:25	Loss:18.763	MRR:11.41	Hits@10:23.1	Best:11.48
2025-01-21 17:05:03,445 INFO    : Snapshot:1	0	10	Epoch:26	Loss:18.762	MRR:11.5	Hits@10:23.27	Best:11.5
2025-01-21 17:05:18,719 INFO    : Snapshot:1	1	10	Epoch:27	Loss:18.718	MRR:11.38	Hits@10:23.12	Best:11.5
2025-01-21 17:05:34,100 INFO    : Snapshot:1	2	10	Epoch:28	Loss:18.695	MRR:11.43	Hits@10:23.28	Best:11.5
2025-01-21 17:05:49,669 INFO    : Snapshot:1	3	10	Epoch:29	Loss:18.754	MRR:11.49	Hits@10:23.45	Best:11.5
2025-01-21 17:06:04,852 INFO    : Snapshot:1	4	10	Epoch:30	Loss:18.7	MRR:11.48	Hits@10:23.56	Best:11.5
2025-01-21 17:06:20,286 INFO    : Snapshot:1	0	10	Epoch:31	Loss:18.696	MRR:11.58	Hits@10:23.47	Best:11.58
2025-01-21 17:06:36,000 INFO    : Snapshot:1	1	10	Epoch:32	Loss:18.662	MRR:11.34	Hits@10:23.16	Best:11.58
2025-01-21 17:06:51,389 INFO    : Snapshot:1	2	10	Epoch:33	Loss:18.704	MRR:11.47	Hits@10:23.35	Best:11.58
2025-01-21 17:07:06,954 INFO    : Snapshot:1	3	10	Epoch:34	Loss:18.67	MRR:11.45	Hits@10:23.24	Best:11.58
2025-01-21 17:07:22,209 INFO    : Snapshot:1	0	10	Epoch:35	Loss:18.656	MRR:11.65	Hits@10:23.54	Best:11.65
2025-01-21 17:07:37,068 INFO    : Snapshot:1	1	10	Epoch:36	Loss:18.623	MRR:11.45	Hits@10:23.38	Best:11.65
2025-01-21 17:07:52,385 INFO    : Snapshot:1	0	10	Epoch:37	Loss:18.654	MRR:11.67	Hits@10:23.47	Best:11.67
2025-01-21 17:08:07,581 INFO    : Snapshot:1	1	10	Epoch:38	Loss:18.665	MRR:11.53	Hits@10:23.48	Best:11.67
2025-01-21 17:08:22,743 INFO    : Snapshot:1	2	10	Epoch:39	Loss:18.654	MRR:11.59	Hits@10:23.5	Best:11.67
2025-01-21 17:08:38,235 INFO    : Snapshot:1	3	10	Epoch:40	Loss:18.663	MRR:11.65	Hits@10:23.48	Best:11.67
2025-01-21 17:08:54,302 INFO    : Snapshot:1	4	10	Epoch:41	Loss:18.614	MRR:11.59	Hits@10:23.47	Best:11.67
2025-01-21 17:09:09,548 INFO    : Snapshot:1	5	10	Epoch:42	Loss:18.58	MRR:11.6	Hits@10:23.48	Best:11.67
2025-01-21 17:09:25,196 INFO    : Snapshot:1	6	10	Epoch:43	Loss:18.621	MRR:11.64	Hits@10:23.48	Best:11.67
2025-01-21 17:09:40,403 INFO    : Snapshot:1	0	10	Epoch:44	Loss:18.566	MRR:11.68	Hits@10:23.46	Best:11.68
2025-01-21 17:09:54,891 INFO    : Snapshot:1	1	10	Epoch:45	Loss:18.571	MRR:11.61	Hits@10:23.42	Best:11.68
2025-01-21 17:10:10,205 INFO    : Snapshot:1	2	10	Epoch:46	Loss:18.569	MRR:11.63	Hits@10:23.45	Best:11.68
2025-01-21 17:10:25,731 INFO    : Snapshot:1	3	10	Epoch:47	Loss:18.598	MRR:11.63	Hits@10:23.45	Best:11.68
2025-01-21 17:10:40,676 INFO    : Snapshot:1	4	10	Epoch:48	Loss:18.611	MRR:11.62	Hits@10:23.59	Best:11.68
2025-01-21 17:10:56,317 INFO    : Snapshot:1	5	10	Epoch:49	Loss:18.555	MRR:11.67	Hits@10:23.6	Best:11.68
2025-01-21 17:11:11,748 INFO    : Snapshot:1	6	10	Epoch:50	Loss:18.584	MRR:11.58	Hits@10:23.58	Best:11.68
2025-01-21 17:11:27,198 INFO    : Snapshot:1	7	10	Epoch:51	Loss:18.528	MRR:11.66	Hits@10:23.67	Best:11.68
2025-01-21 17:11:42,472 INFO    : Snapshot:1	8	10	Epoch:52	Loss:18.572	MRR:11.66	Hits@10:23.59	Best:11.68
2025-01-21 17:11:57,766 INFO    : Snapshot:1	0	10	Epoch:53	Loss:18.592	MRR:11.7	Hits@10:23.6	Best:11.7
2025-01-21 17:12:12,923 INFO    : Snapshot:1	1	10	Epoch:54	Loss:18.563	MRR:11.56	Hits@10:23.65	Best:11.7
2025-01-21 17:12:28,208 INFO    : Snapshot:1	2	10	Epoch:55	Loss:18.556	MRR:11.65	Hits@10:23.63	Best:11.7
2025-01-21 17:12:43,681 INFO    : Snapshot:1	0	10	Epoch:56	Loss:18.556	MRR:11.76	Hits@10:23.6	Best:11.76
2025-01-21 17:12:59,119 INFO    : Snapshot:1	0	10	Epoch:57	Loss:18.517	MRR:11.78	Hits@10:23.67	Best:11.78
2025-01-21 17:13:14,750 INFO    : Snapshot:1	1	10	Epoch:58	Loss:18.528	MRR:11.76	Hits@10:23.67	Best:11.78
2025-01-21 17:13:29,865 INFO    : Snapshot:1	2	10	Epoch:59	Loss:18.517	MRR:11.74	Hits@10:23.66	Best:11.78
2025-01-21 17:13:44,944 INFO    : Snapshot:1	0	10	Epoch:60	Loss:18.522	MRR:11.86	Hits@10:23.76	Best:11.86
2025-01-21 17:14:00,610 INFO    : Snapshot:1	1	10	Epoch:61	Loss:18.504	MRR:11.8	Hits@10:23.74	Best:11.86
2025-01-21 17:14:16,191 INFO    : Snapshot:1	2	10	Epoch:62	Loss:18.526	MRR:11.75	Hits@10:23.56	Best:11.86
2025-01-21 17:14:31,729 INFO    : Snapshot:1	3	10	Epoch:63	Loss:18.51	MRR:11.8	Hits@10:23.66	Best:11.86
2025-01-21 17:14:46,975 INFO    : Snapshot:1	4	10	Epoch:64	Loss:18.512	MRR:11.74	Hits@10:23.78	Best:11.86
2025-01-21 17:15:02,202 INFO    : Snapshot:1	5	10	Epoch:65	Loss:18.513	MRR:11.63	Hits@10:23.58	Best:11.86
2025-01-21 17:15:17,751 INFO    : Snapshot:1	6	10	Epoch:66	Loss:18.459	MRR:11.76	Hits@10:23.71	Best:11.86
2025-01-21 17:15:33,518 INFO    : Snapshot:1	7	10	Epoch:67	Loss:18.5	MRR:11.66	Hits@10:23.68	Best:11.86
2025-01-21 17:15:48,843 INFO    : Snapshot:1	8	10	Epoch:68	Loss:18.509	MRR:11.71	Hits@10:23.79	Best:11.86
2025-01-21 17:16:03,909 INFO    : Snapshot:1	9	10	Epoch:69	Loss:18.476	MRR:11.84	Hits@10:23.93	Best:11.86
2025-01-21 17:16:19,242 INFO    : Early Stopping! Snapshot:1 Epoch: 70 Best Results: 11.86
2025-01-21 17:16:19,361 INFO    : => loading checkpoint './checkpoint/RELATION\1model_best.tar'
2025-01-21 17:16:36,515 INFO    : 
+------------+--------+--------+--------+--------+---------+
| Snapshot:1 |  MRR   | Hits@1 | Hits@3 | Hits@5 | Hits@10 |
+------------+--------+--------+--------+--------+---------+
|     0      | 0.2766 | 0.1711 | 0.3378 | 0.4045 |  0.4722 |
|     1      |  0.12  | 0.0592 | 0.1386 | 0.1795 |  0.2355 |
+------------+--------+--------+--------+--------+---------+
2025-01-21 17:16:57,668 INFO    : Snapshot:2	0	10	Epoch:0	Loss:21.913	MRR:9.86	Hits@10:15.81	Best:9.86
2025-01-21 17:17:08,656 INFO    : Snapshot:2	0	10	Epoch:1	Loss:18.966	MRR:10.09	Hits@10:16.35	Best:10.09
2025-01-21 17:17:19,503 INFO    : Snapshot:2	0	10	Epoch:2	Loss:18.722	MRR:10.11	Hits@10:16.38	Best:10.11
2025-01-21 17:17:30,571 INFO    : Snapshot:2	0	10	Epoch:3	Loss:18.614	MRR:10.23	Hits@10:16.62	Best:10.23
2025-01-21 17:17:41,574 INFO    : Snapshot:2	0	10	Epoch:4	Loss:18.54	MRR:10.37	Hits@10:16.75	Best:10.37
2025-01-21 17:17:52,446 INFO    : Snapshot:2	0	10	Epoch:5	Loss:18.477	MRR:10.44	Hits@10:16.87	Best:10.44
2025-01-21 17:18:03,267 INFO    : Snapshot:2	1	10	Epoch:6	Loss:18.485	MRR:10.4	Hits@10:16.76	Best:10.44
2025-01-21 17:18:14,053 INFO    : Snapshot:2	0	10	Epoch:7	Loss:18.409	MRR:10.59	Hits@10:17.08	Best:10.59
2025-01-21 17:18:24,933 INFO    : Snapshot:2	0	10	Epoch:8	Loss:18.375	MRR:10.68	Hits@10:17.16	Best:10.68
2025-01-21 17:18:35,861 INFO    : Snapshot:2	1	10	Epoch:9	Loss:18.412	MRR:10.64	Hits@10:17.08	Best:10.68
2025-01-21 17:18:46,845 INFO    : Snapshot:2	2	10	Epoch:10	Loss:18.367	MRR:10.65	Hits@10:17.12	Best:10.68
2025-01-21 17:18:57,812 INFO    : Snapshot:2	0	10	Epoch:11	Loss:18.352	MRR:10.72	Hits@10:17.26	Best:10.72
2025-01-21 17:19:08,843 INFO    : Snapshot:2	1	10	Epoch:12	Loss:18.344	MRR:10.72	Hits@10:17.21	Best:10.72
2025-01-21 17:19:19,808 INFO    : Snapshot:2	2	10	Epoch:13	Loss:18.318	MRR:10.49	Hits@10:17.08	Best:10.72
2025-01-21 17:19:30,738 INFO    : Snapshot:2	3	10	Epoch:14	Loss:18.282	MRR:10.68	Hits@10:17.21	Best:10.72
2025-01-21 17:19:41,794 INFO    : Snapshot:2	0	10	Epoch:15	Loss:18.307	MRR:10.74	Hits@10:17.49	Best:10.74
2025-01-21 17:19:52,497 INFO    : Snapshot:2	1	10	Epoch:16	Loss:18.305	MRR:10.64	Hits@10:17.25	Best:10.74
2025-01-21 17:20:03,294 INFO    : Snapshot:2	2	10	Epoch:17	Loss:18.298	MRR:10.73	Hits@10:17.29	Best:10.74
2025-01-21 17:20:14,206 INFO    : Snapshot:2	3	10	Epoch:18	Loss:18.294	MRR:10.68	Hits@10:17.24	Best:10.74
2025-01-21 17:20:25,090 INFO    : Snapshot:2	0	10	Epoch:19	Loss:18.258	MRR:10.77	Hits@10:17.09	Best:10.77
2025-01-21 17:20:36,100 INFO    : Snapshot:2	0	10	Epoch:20	Loss:18.296	MRR:10.81	Hits@10:17.57	Best:10.81
2025-01-21 17:20:47,274 INFO    : Snapshot:2	0	10	Epoch:21	Loss:18.285	MRR:10.84	Hits@10:17.44	Best:10.84
2025-01-21 17:20:58,194 INFO    : Snapshot:2	0	10	Epoch:22	Loss:18.287	MRR:10.86	Hits@10:17.45	Best:10.86
2025-01-21 17:21:09,555 INFO    : Snapshot:2	1	10	Epoch:23	Loss:18.262	MRR:10.84	Hits@10:17.3	Best:10.86
2025-01-21 17:21:20,726 INFO    : Snapshot:2	2	10	Epoch:24	Loss:18.254	MRR:10.72	Hits@10:17.27	Best:10.86
2025-01-21 17:21:31,871 INFO    : Snapshot:2	3	10	Epoch:25	Loss:18.257	MRR:10.86	Hits@10:17.4	Best:10.86
2025-01-21 17:21:42,713 INFO    : Snapshot:2	4	10	Epoch:26	Loss:18.285	MRR:10.81	Hits@10:17.24	Best:10.86
2025-01-21 17:21:53,784 INFO    : Snapshot:2	5	10	Epoch:27	Loss:18.2	MRR:10.84	Hits@10:17.53	Best:10.86
2025-01-21 17:22:04,393 INFO    : Snapshot:2	0	10	Epoch:28	Loss:18.246	MRR:10.91	Hits@10:17.37	Best:10.91
2025-01-21 17:22:15,032 INFO    : Snapshot:2	0	10	Epoch:29	Loss:18.225	MRR:10.96	Hits@10:17.52	Best:10.96
2025-01-21 17:22:25,635 INFO    : Snapshot:2	1	10	Epoch:30	Loss:18.22	MRR:10.87	Hits@10:17.37	Best:10.96
2025-01-21 17:22:36,392 INFO    : Snapshot:2	2	10	Epoch:31	Loss:18.243	MRR:10.86	Hits@10:17.35	Best:10.96
2025-01-21 17:22:47,141 INFO    : Snapshot:2	3	10	Epoch:32	Loss:18.218	MRR:10.82	Hits@10:17.26	Best:10.96
2025-01-21 17:22:58,043 INFO    : Snapshot:2	4	10	Epoch:33	Loss:18.229	MRR:10.84	Hits@10:17.42	Best:10.96
2025-01-21 17:23:08,895 INFO    : Snapshot:2	5	10	Epoch:34	Loss:18.184	MRR:10.94	Hits@10:17.47	Best:10.96
2025-01-21 17:23:19,712 INFO    : Snapshot:2	6	10	Epoch:35	Loss:18.244	MRR:10.68	Hits@10:17.3	Best:10.96
2025-01-21 17:23:30,498 INFO    : Snapshot:2	7	10	Epoch:36	Loss:18.231	MRR:10.82	Hits@10:17.34	Best:10.96
2025-01-21 17:23:41,212 INFO    : Snapshot:2	8	10	Epoch:37	Loss:18.249	MRR:10.89	Hits@10:17.32	Best:10.96
2025-01-21 17:23:52,305 INFO    : Snapshot:2	0	10	Epoch:38	Loss:18.19	MRR:11.0	Hits@10:17.6	Best:11.0
2025-01-21 17:24:03,460 INFO    : Snapshot:2	1	10	Epoch:39	Loss:18.223	MRR:10.91	Hits@10:17.54	Best:11.0
2025-01-21 17:24:14,512 INFO    : Snapshot:2	2	10	Epoch:40	Loss:18.23	MRR:10.93	Hits@10:17.43	Best:11.0
2025-01-21 17:24:25,412 INFO    : Snapshot:2	3	10	Epoch:41	Loss:18.229	MRR:10.85	Hits@10:17.38	Best:11.0
2025-01-21 17:24:36,599 INFO    : Snapshot:2	4	10	Epoch:42	Loss:18.216	MRR:10.87	Hits@10:17.56	Best:11.0
2025-01-21 17:24:47,702 INFO    : Snapshot:2	5	10	Epoch:43	Loss:18.199	MRR:10.8	Hits@10:17.3	Best:11.0
2025-01-21 17:24:58,851 INFO    : Snapshot:2	6	10	Epoch:44	Loss:18.205	MRR:10.88	Hits@10:17.28	Best:11.0
2025-01-21 17:25:09,975 INFO    : Snapshot:2	7	10	Epoch:45	Loss:18.172	MRR:10.94	Hits@10:17.31	Best:11.0
2025-01-21 17:25:20,982 INFO    : Snapshot:2	8	10	Epoch:46	Loss:18.201	MRR:10.86	Hits@10:17.35	Best:11.0
2025-01-21 17:25:31,700 INFO    : Snapshot:2	9	10	Epoch:47	Loss:18.236	MRR:10.8	Hits@10:17.28	Best:11.0
2025-01-21 17:25:42,655 INFO    : Early Stopping! Snapshot:2 Epoch: 48 Best Results: 11.0
2025-01-21 17:25:42,790 INFO    : => loading checkpoint './checkpoint/RELATION\2model_best.tar'
2025-01-21 17:26:06,576 INFO    : 
+------------+--------+--------+--------+--------+---------+
| Snapshot:2 |  MRR   | Hits@1 | Hits@3 | Hits@5 | Hits@10 |
+------------+--------+--------+--------+--------+---------+
|     0      | 0.2766 | 0.1711 | 0.3378 | 0.4045 |  0.4722 |
|     1      |  0.12  | 0.0592 | 0.1386 | 0.1795 |  0.2355 |
|     2      | 0.1069 | 0.069  | 0.1086 | 0.1334 |  0.1747 |
+------------+--------+--------+--------+--------+---------+
2025-01-21 17:26:18,147 INFO    : Snapshot:3	0	10	Epoch:0	Loss:9.724	MRR:15.83	Hits@10:24.42	Best:15.83
2025-01-21 17:26:23,220 INFO    : Snapshot:3	0	10	Epoch:1	Loss:7.057	MRR:18.66	Hits@10:26.93	Best:18.66
2025-01-21 17:26:28,593 INFO    : Snapshot:3	1	10	Epoch:2	Loss:6.8	MRR:18.66	Hits@10:27.77	Best:18.66
2025-01-21 17:26:33,629 INFO    : Snapshot:3	0	10	Epoch:3	Loss:6.693	MRR:18.7	Hits@10:28.07	Best:18.7
2025-01-21 17:26:38,616 INFO    : Snapshot:3	1	10	Epoch:4	Loss:6.673	MRR:17.95	Hits@10:28.63	Best:18.7
2025-01-21 17:26:43,679 INFO    : Snapshot:3	2	10	Epoch:5	Loss:6.575	MRR:18.64	Hits@10:28.48	Best:18.7
2025-01-21 17:26:48,710 INFO    : Snapshot:3	0	10	Epoch:6	Loss:6.564	MRR:19.66	Hits@10:28.72	Best:19.66
2025-01-21 17:26:53,689 INFO    : Snapshot:3	1	10	Epoch:7	Loss:6.551	MRR:19.65	Hits@10:29.0	Best:19.66
2025-01-21 17:26:58,751 INFO    : Snapshot:3	2	10	Epoch:8	Loss:6.523	MRR:19.36	Hits@10:29.32	Best:19.66
2025-01-21 17:27:03,724 INFO    : Snapshot:3	3	10	Epoch:9	Loss:6.519	MRR:19.6	Hits@10:29.14	Best:19.66
2025-01-21 17:27:08,628 INFO    : Snapshot:3	4	10	Epoch:10	Loss:6.494	MRR:19.41	Hits@10:29.27	Best:19.66
2025-01-21 17:27:13,687 INFO    : Snapshot:3	5	10	Epoch:11	Loss:6.481	MRR:19.29	Hits@10:29.3	Best:19.66
2025-01-21 17:27:18,630 INFO    : Snapshot:3	6	10	Epoch:12	Loss:6.469	MRR:18.81	Hits@10:29.11	Best:19.66
2025-01-21 17:27:23,613 INFO    : Snapshot:3	0	10	Epoch:13	Loss:6.458	MRR:19.78	Hits@10:29.26	Best:19.78
2025-01-21 17:27:28,749 INFO    : Snapshot:3	1	10	Epoch:14	Loss:6.448	MRR:19.76	Hits@10:29.42	Best:19.78
2025-01-21 17:27:33,762 INFO    : Snapshot:3	2	10	Epoch:15	Loss:6.446	MRR:19.13	Hits@10:29.17	Best:19.78
2025-01-21 17:27:38,823 INFO    : Snapshot:3	3	10	Epoch:16	Loss:6.435	MRR:19.45	Hits@10:29.24	Best:19.78
2025-01-21 17:27:43,716 INFO    : Snapshot:3	4	10	Epoch:17	Loss:6.455	MRR:19.62	Hits@10:29.6	Best:19.78
2025-01-21 17:27:48,899 INFO    : Snapshot:3	5	10	Epoch:18	Loss:6.426	MRR:19.62	Hits@10:29.45	Best:19.78
2025-01-21 17:27:53,803 INFO    : Snapshot:3	6	10	Epoch:19	Loss:6.427	MRR:19.64	Hits@10:29.3	Best:19.78
2025-01-21 17:27:58,762 INFO    : Snapshot:3	7	10	Epoch:20	Loss:6.405	MRR:19.6	Hits@10:29.4	Best:19.78
2025-01-21 17:28:03,618 INFO    : Snapshot:3	8	10	Epoch:21	Loss:6.398	MRR:19.67	Hits@10:29.28	Best:19.78
2025-01-21 17:28:08,518 INFO    : Snapshot:3	9	10	Epoch:22	Loss:6.375	MRR:19.48	Hits@10:29.34	Best:19.78
2025-01-21 17:28:13,457 INFO    : Early Stopping! Snapshot:3 Epoch: 23 Best Results: 19.78
2025-01-21 17:28:13,579 INFO    : => loading checkpoint './checkpoint/RELATION\3model_best.tar'
2025-01-21 17:28:40,993 INFO    : 
+------------+--------+--------+--------+--------+---------+
| Snapshot:3 |  MRR   | Hits@1 | Hits@3 | Hits@5 | Hits@10 |
+------------+--------+--------+--------+--------+---------+
|     0      | 0.2766 | 0.1711 | 0.3378 | 0.4045 |  0.4722 |
|     1      |  0.12  | 0.0592 | 0.1386 | 0.1795 |  0.2355 |
|     2      | 0.1069 | 0.069  | 0.1086 | 0.1334 |  0.1747 |
|     3      | 0.1962 | 0.1373 | 0.2194 | 0.2483 |  0.2985 |
+------------+--------+--------+--------+--------+---------+
2025-01-21 17:29:17,693 INFO    : Snapshot:4	0	10	Epoch:0	Loss:8.645	MRR:13.29	Hits@10:23.42	Best:13.29
2025-01-21 17:29:34,564 INFO    : Snapshot:4	0	10	Epoch:1	Loss:6.917	MRR:13.96	Hits@10:24.84	Best:13.96
2025-01-21 17:29:51,376 INFO    : Snapshot:4	0	10	Epoch:2	Loss:6.717	MRR:14.39	Hits@10:25.5	Best:14.39
2025-01-21 17:30:08,190 INFO    : Snapshot:4	0	10	Epoch:3	Loss:6.668	MRR:14.47	Hits@10:25.62	Best:14.47
2025-01-21 17:30:25,099 INFO    : Snapshot:4	0	10	Epoch:4	Loss:6.618	MRR:14.71	Hits@10:25.84	Best:14.71
2025-01-21 17:30:41,997 INFO    : Snapshot:4	0	10	Epoch:5	Loss:6.607	MRR:14.74	Hits@10:26.09	Best:14.74
2025-01-21 17:30:58,910 INFO    : Snapshot:4	0	10	Epoch:6	Loss:6.627	MRR:14.88	Hits@10:26.16	Best:14.88
2025-01-21 17:31:15,842 INFO    : Snapshot:4	1	10	Epoch:7	Loss:6.562	MRR:14.67	Hits@10:26.12	Best:14.88
2025-01-21 17:31:32,663 INFO    : Snapshot:4	2	10	Epoch:8	Loss:6.557	MRR:14.87	Hits@10:26.09	Best:14.88
2025-01-21 17:31:49,535 INFO    : Snapshot:4	0	10	Epoch:9	Loss:6.552	MRR:14.93	Hits@10:26.27	Best:14.93
2025-01-21 17:32:06,356 INFO    : Snapshot:4	1	10	Epoch:10	Loss:6.525	MRR:14.79	Hits@10:26.19	Best:14.93
2025-01-21 17:32:23,092 INFO    : Snapshot:4	2	10	Epoch:11	Loss:6.531	MRR:14.81	Hits@10:26.28	Best:14.93
2025-01-21 17:32:39,973 INFO    : Snapshot:4	3	10	Epoch:12	Loss:6.541	MRR:14.5	Hits@10:26.15	Best:14.93
2025-01-21 17:32:56,792 INFO    : Snapshot:4	4	10	Epoch:13	Loss:6.534	MRR:14.61	Hits@10:26.15	Best:14.93
2025-01-21 17:33:13,565 INFO    : Snapshot:4	5	10	Epoch:14	Loss:6.51	MRR:14.53	Hits@10:26.2	Best:14.93
2025-01-21 17:33:30,395 INFO    : Snapshot:4	6	10	Epoch:15	Loss:6.514	MRR:14.48	Hits@10:26.12	Best:14.93
2025-01-21 17:33:47,150 INFO    : Snapshot:4	7	10	Epoch:16	Loss:6.534	MRR:14.88	Hits@10:26.08	Best:14.93
2025-01-21 17:34:03,964 INFO    : Snapshot:4	8	10	Epoch:17	Loss:6.532	MRR:14.85	Hits@10:26.27	Best:14.93
2025-01-21 17:34:20,734 INFO    : Snapshot:4	9	10	Epoch:18	Loss:6.515	MRR:14.84	Hits@10:26.14	Best:14.93
2025-01-21 17:34:37,615 INFO    : Early Stopping! Snapshot:4 Epoch: 19 Best Results: 14.93
2025-01-21 17:34:37,763 INFO    : => loading checkpoint './checkpoint/RELATION\4model_best.tar'
2025-01-21 17:35:21,000 INFO    : 
+------------+--------+--------+--------+--------+---------+
| Snapshot:4 |  MRR   | Hits@1 | Hits@3 | Hits@5 | Hits@10 |
+------------+--------+--------+--------+--------+---------+
|     0      | 0.2766 | 0.1711 | 0.3378 | 0.4045 |  0.4722 |
|     1      |  0.12  | 0.0592 | 0.1386 | 0.1795 |  0.2355 |
|     2      | 0.1069 | 0.069  | 0.1086 | 0.1334 |  0.1747 |
|     3      | 0.1962 | 0.1373 | 0.2194 | 0.2483 |  0.2985 |
|     4      | 0.1493 | 0.0898 | 0.1584 | 0.2009 |  0.2623 |
+------------+--------+--------+--------+--------+---------+
2025-01-21 17:35:21,000 INFO    : Final Result:
[+------------+--------+--------+--------+--------+---------+
| Snapshot:0 |  MRR   | Hits@1 | Hits@3 | Hits@5 | Hits@10 |
+------------+--------+--------+--------+--------+---------+
|     0      | 0.2766 | 0.1711 | 0.3378 | 0.4045 |  0.4722 |
+------------+--------+--------+--------+--------+---------+, +------------+--------+--------+--------+--------+---------+
| Snapshot:1 |  MRR   | Hits@1 | Hits@3 | Hits@5 | Hits@10 |
+------------+--------+--------+--------+--------+---------+
|     0      | 0.2766 | 0.1711 | 0.3378 | 0.4045 |  0.4722 |
|     1      |  0.12  | 0.0592 | 0.1386 | 0.1795 |  0.2355 |
+------------+--------+--------+--------+--------+---------+, +------------+--------+--------+--------+--------+---------+
| Snapshot:2 |  MRR   | Hits@1 | Hits@3 | Hits@5 | Hits@10 |
+------------+--------+--------+--------+--------+---------+
|     0      | 0.2766 | 0.1711 | 0.3378 | 0.4045 |  0.4722 |
|     1      |  0.12  | 0.0592 | 0.1386 | 0.1795 |  0.2355 |
|     2      | 0.1069 | 0.069  | 0.1086 | 0.1334 |  0.1747 |
+------------+--------+--------+--------+--------+---------+, +------------+--------+--------+--------+--------+---------+
| Snapshot:3 |  MRR   | Hits@1 | Hits@3 | Hits@5 | Hits@10 |
+------------+--------+--------+--------+--------+---------+
|     0      | 0.2766 | 0.1711 | 0.3378 | 0.4045 |  0.4722 |
|     1      |  0.12  | 0.0592 | 0.1386 | 0.1795 |  0.2355 |
|     2      | 0.1069 | 0.069  | 0.1086 | 0.1334 |  0.1747 |
|     3      | 0.1962 | 0.1373 | 0.2194 | 0.2483 |  0.2985 |
+------------+--------+--------+--------+--------+---------+, +------------+--------+--------+--------+--------+---------+
| Snapshot:4 |  MRR   | Hits@1 | Hits@3 | Hits@5 | Hits@10 |
+------------+--------+--------+--------+--------+---------+
|     0      | 0.2766 | 0.1711 | 0.3378 | 0.4045 |  0.4722 |
|     1      |  0.12  | 0.0592 | 0.1386 | 0.1795 |  0.2355 |
|     2      | 0.1069 | 0.069  | 0.1086 | 0.1334 |  0.1747 |
|     3      | 0.1962 | 0.1373 | 0.2194 | 0.2483 |  0.2985 |
|     4      | 0.1493 | 0.0898 | 0.1584 | 0.2009 |  0.2623 |
+------------+--------+--------+--------+--------+---------+]
2025-01-21 17:35:21,000 INFO    : Report Result:
+----------+--------------------+-----------+--------------+--------------+---------------+
| Snapshot |        Time        | Whole_MRR | Whole_Hits@1 | Whole_Hits@3 | Whole_Hits@10 |
+----------+--------------------+-----------+--------------+--------------+---------------+
|    0     | 228.54457235336304 |   0.277   |    0.171     |    0.338     |     0.472     |
|    1     | 1098.0225744247437 |    0.2    |    0.117     |    0.241     |     0.357     |
|    2     | 539.2933797836304  |   0.177   |    0.104     |    0.207     |      0.31     |
|    3     | 123.10050296783447 |   0.179   |    0.108     |    0.208     |     0.309     |
|    4     | 339.42109060287476 |   0.177   |    0.107     |    0.205     |     0.306     |
+----------+--------------------+-----------+--------------+--------------+---------------+
2025-01-21 17:35:21,000 INFO    : Sum_Training_Time:2328.3821201324463
2025-01-21 17:35:21,000 INFO    : Every_Training_Time:[228.54457235336304, 1098.0225744247437, 539.2933797836304, 123.10050296783447, 339.42109060287476]
2025-01-21 17:35:21,000 INFO    : Forward transfer: 0.012175000000000002 Backward transfer: 0.0
