2024-08-23 14:30:23,407 INFO    : Namespace(batch_size=1024, data_path='./data/FB_CKGE/', dataset='FB_CKGE', debug=False, device=device(type='cuda', index=0), emb_dim=200, ent_r='150', epoch_num=200, explore=False, gpu='0', l2=0.0, learning_rate='1e-1', log_path='./logs/20240823143013/FB_CKGE', logger=<RootLogger root (INFO)>, margin=8.0, model_name='LoraKGE_Layers', multi_layers_path='train_sorted_by_edges_betweenness.txt', neg_ratio=10, note='', num_ent_layers='5', num_layer=1, num_rel_layers='1', patience=3, predict_result=False, r=100, r_fixed=True, random_seed=3407, record=False, rel_r='20', save_path='./checkpoint/FB_CKGE', skip_previous='False', snapshot_num=5, train_new=True, using_multi_layers=False, using_various_ranks='True', using_various_ranks_reverse=False, valid_metrics='mrr')
2024-08-23 14:30:42,920 INFO    : Snapshot:0	Epoch:0	Loss:91.268	MRR:22.64	Hits@10:42.62	Best:22.64
2024-08-23 14:30:59,255 INFO    : Snapshot:0	Epoch:1	Loss:17.198	MRR:24.74	Hits@10:45.16	Best:24.74
2024-08-23 14:31:15,181 INFO    : Snapshot:0	Epoch:2	Loss:7.016	MRR:23.93	Hits@10:44.13	Best:24.74
2024-08-23 14:31:31,065 INFO    : Snapshot:0	Epoch:3	Loss:4.7	MRR:23.72	Hits@10:43.5	Best:24.74
2024-08-23 14:31:47,325 INFO    : Early Stopping! Snapshot:0 Epoch: 4 Best Results: 24.74
2024-08-23 14:31:47,434 INFO    : => loading checkpoint './checkpoint/FB_CKGE\0model_best.tar'
2024-08-23 14:31:55,821 INFO    : 
+------------+-------+--------+--------+--------+---------+
| Snapshot:0 |  MRR  | Hits@1 | Hits@3 | Hits@5 | Hits@10 |
+------------+-------+--------+--------+--------+---------+
|     0      | 0.246 | 0.1419 | 0.2865 |  0.36  |  0.452  |
+------------+-------+--------+--------+--------+---------+
2024-08-23 14:32:05,321 INFO    : Snapshot:1	Epoch:0	Loss:9.148	MRR:11.1	Hits@10:19.95	Best:11.1
2024-08-23 14:32:08,871 INFO    : Snapshot:1	Epoch:1	Loss:2.701	MRR:13.0	Hits@10:24.72	Best:13.0
2024-08-23 14:32:12,405 INFO    : Snapshot:1	Epoch:2	Loss:1.85	MRR:13.98	Hits@10:26.79	Best:13.98
2024-08-23 14:32:15,915 INFO    : Snapshot:1	Epoch:3	Loss:1.503	MRR:14.76	Hits@10:28.07	Best:14.76
2024-08-23 14:32:19,467 INFO    : Snapshot:1	Epoch:4	Loss:1.303	MRR:15.08	Hits@10:28.74	Best:15.08
2024-08-23 14:32:22,967 INFO    : Snapshot:1	Epoch:5	Loss:1.138	MRR:15.4	Hits@10:29.05	Best:15.4
2024-08-23 14:32:26,499 INFO    : Snapshot:1	Epoch:6	Loss:1.044	MRR:15.6	Hits@10:29.82	Best:15.6
2024-08-23 14:32:30,045 INFO    : Snapshot:1	Epoch:7	Loss:0.951	MRR:15.75	Hits@10:29.73	Best:15.75
2024-08-23 14:32:33,534 INFO    : Snapshot:1	Epoch:8	Loss:0.914	MRR:15.92	Hits@10:29.97	Best:15.92
2024-08-23 14:32:37,014 INFO    : Snapshot:1	Epoch:9	Loss:0.835	MRR:16.09	Hits@10:30.27	Best:16.09
2024-08-23 14:32:40,526 INFO    : Snapshot:1	Epoch:10	Loss:0.81	MRR:16.17	Hits@10:30.7	Best:16.17
2024-08-23 14:32:43,959 INFO    : Snapshot:1	Epoch:11	Loss:0.772	MRR:16.15	Hits@10:30.59	Best:16.17
2024-08-23 14:32:47,454 INFO    : Snapshot:1	Epoch:12	Loss:0.751	MRR:16.22	Hits@10:30.73	Best:16.22
2024-08-23 14:32:50,914 INFO    : Snapshot:1	Epoch:13	Loss:0.719	MRR:16.49	Hits@10:30.8	Best:16.49
2024-08-23 14:32:54,373 INFO    : Snapshot:1	Epoch:14	Loss:0.707	MRR:16.27	Hits@10:31.01	Best:16.49
2024-08-23 14:32:57,849 INFO    : Snapshot:1	Epoch:15	Loss:0.687	MRR:16.48	Hits@10:31.01	Best:16.49
2024-08-23 14:33:01,320 INFO    : Snapshot:1	Epoch:16	Loss:0.663	MRR:16.54	Hits@10:31.21	Best:16.54
2024-08-23 14:33:04,807 INFO    : Snapshot:1	Epoch:17	Loss:0.645	MRR:16.59	Hits@10:31.07	Best:16.59
2024-08-23 14:33:08,286 INFO    : Snapshot:1	Epoch:18	Loss:0.634	MRR:16.58	Hits@10:31.31	Best:16.59
2024-08-23 14:33:11,772 INFO    : Snapshot:1	Epoch:19	Loss:0.617	MRR:16.55	Hits@10:31.24	Best:16.59
2024-08-23 14:33:15,267 INFO    : Snapshot:1	Epoch:20	Loss:0.608	MRR:16.7	Hits@10:31.54	Best:16.7
2024-08-23 14:33:18,768 INFO    : Snapshot:1	Epoch:21	Loss:0.603	MRR:16.8	Hits@10:31.88	Best:16.8
2024-08-23 14:33:22,455 INFO    : Snapshot:1	Epoch:22	Loss:0.6	MRR:16.83	Hits@10:31.59	Best:16.83
2024-08-23 14:33:25,949 INFO    : Snapshot:1	Epoch:23	Loss:0.589	MRR:16.86	Hits@10:31.55	Best:16.86
2024-08-23 14:33:29,412 INFO    : Snapshot:1	Epoch:24	Loss:0.56	MRR:16.77	Hits@10:31.68	Best:16.86
2024-08-23 14:33:32,887 INFO    : Snapshot:1	Epoch:25	Loss:0.57	MRR:16.78	Hits@10:31.8	Best:16.86
2024-08-23 14:33:36,359 INFO    : Early Stopping! Snapshot:1 Epoch: 26 Best Results: 16.86
2024-08-23 14:33:36,463 INFO    : => loading checkpoint './checkpoint/FB_CKGE\1model_best.tar'
2024-08-23 14:33:47,895 INFO    : 
+------------+--------+--------+--------+--------+---------+
| Snapshot:1 |  MRR   | Hits@1 | Hits@3 | Hits@5 | Hits@10 |
+------------+--------+--------+--------+--------+---------+
|     0      | 0.246  | 0.1419 | 0.2865 |  0.36  |  0.452  |
|     1      | 0.1764 | 0.1049 | 0.1916 | 0.2458 |  0.3194 |
+------------+--------+--------+--------+--------+---------+
2024-08-23 14:33:57,716 INFO    : Snapshot:2	Epoch:0	Loss:6.578	MRR:17.24	Hits@10:30.44	Best:17.24
2024-08-23 14:34:01,609 INFO    : Snapshot:2	Epoch:1	Loss:2.955	MRR:17.4	Hits@10:30.93	Best:17.4
2024-08-23 14:34:05,553 INFO    : Snapshot:2	Epoch:2	Loss:2.525	MRR:17.72	Hits@10:31.32	Best:17.72
2024-08-23 14:34:09,425 INFO    : Snapshot:2	Epoch:3	Loss:2.309	MRR:17.71	Hits@10:31.47	Best:17.72
2024-08-23 14:34:13,355 INFO    : Snapshot:2	Epoch:4	Loss:2.201	MRR:17.85	Hits@10:31.59	Best:17.85
2024-08-23 14:34:17,279 INFO    : Snapshot:2	Epoch:5	Loss:2.121	MRR:17.87	Hits@10:31.63	Best:17.87
2024-08-23 14:34:21,210 INFO    : Snapshot:2	Epoch:6	Loss:2.045	MRR:17.87	Hits@10:31.72	Best:17.87
2024-08-23 14:34:25,117 INFO    : Snapshot:2	Epoch:7	Loss:1.997	MRR:18.01	Hits@10:31.76	Best:18.01
2024-08-23 14:34:29,118 INFO    : Snapshot:2	Epoch:8	Loss:1.965	MRR:18.07	Hits@10:31.78	Best:18.07
2024-08-23 14:34:33,095 INFO    : Snapshot:2	Epoch:9	Loss:1.938	MRR:18.09	Hits@10:31.84	Best:18.09
2024-08-23 14:34:37,078 INFO    : Snapshot:2	Epoch:10	Loss:1.923	MRR:18.08	Hits@10:31.86	Best:18.09
2024-08-23 14:34:41,033 INFO    : Snapshot:2	Epoch:11	Loss:1.899	MRR:18.05	Hits@10:31.91	Best:18.09
2024-08-23 14:34:45,000 INFO    : Early Stopping! Snapshot:2 Epoch: 12 Best Results: 18.09
2024-08-23 14:34:45,109 INFO    : => loading checkpoint './checkpoint/FB_CKGE\2model_best.tar'
2024-08-23 14:34:59,270 INFO    : 
+------------+--------+--------+--------+--------+---------+
| Snapshot:2 |  MRR   | Hits@1 | Hits@3 | Hits@5 | Hits@10 |
+------------+--------+--------+--------+--------+---------+
|     0      | 0.246  | 0.1419 | 0.2865 |  0.36  |  0.452  |
|     1      | 0.1764 | 0.1049 | 0.1916 | 0.2458 |  0.3194 |
|     2      | 0.1777 | 0.1075 | 0.1982 | 0.2455 |  0.3151 |
+------------+--------+--------+--------+--------+---------+
2024-08-23 14:35:09,258 INFO    : Snapshot:3	Epoch:0	Loss:4.769	MRR:18.67	Hits@10:32.22	Best:18.67
2024-08-23 14:35:13,636 INFO    : Snapshot:3	Epoch:1	Loss:3.109	MRR:18.7	Hits@10:32.26	Best:18.7
2024-08-23 14:35:17,845 INFO    : Snapshot:3	Epoch:2	Loss:2.891	MRR:18.77	Hits@10:32.35	Best:18.77
2024-08-23 14:35:22,040 INFO    : Snapshot:3	Epoch:3	Loss:2.798	MRR:18.73	Hits@10:32.47	Best:18.77
2024-08-23 14:35:26,185 INFO    : Snapshot:3	Epoch:4	Loss:2.724	MRR:18.84	Hits@10:32.63	Best:18.84
2024-08-23 14:35:30,291 INFO    : Snapshot:3	Epoch:5	Loss:2.662	MRR:18.78	Hits@10:32.45	Best:18.84
2024-08-23 14:35:34,374 INFO    : Snapshot:3	Epoch:6	Loss:2.649	MRR:18.83	Hits@10:32.55	Best:18.84
2024-08-23 14:35:38,487 INFO    : Snapshot:3	Epoch:7	Loss:2.642	MRR:18.85	Hits@10:32.53	Best:18.85
2024-08-23 14:35:42,676 INFO    : Snapshot:3	Epoch:8	Loss:2.643	MRR:18.84	Hits@10:32.57	Best:18.85
2024-08-23 14:35:46,892 INFO    : Snapshot:3	Epoch:9	Loss:2.625	MRR:18.9	Hits@10:32.59	Best:18.9
2024-08-23 14:35:51,024 INFO    : Snapshot:3	Epoch:10	Loss:2.622	MRR:18.83	Hits@10:32.6	Best:18.9
2024-08-23 14:35:55,113 INFO    : Snapshot:3	Epoch:11	Loss:2.59	MRR:18.89	Hits@10:32.64	Best:18.9
2024-08-23 14:35:59,292 INFO    : Early Stopping! Snapshot:3 Epoch: 12 Best Results: 18.9
2024-08-23 14:35:59,403 INFO    : => loading checkpoint './checkpoint/FB_CKGE\3model_best.tar'
2024-08-23 14:36:17,406 INFO    : 
+------------+--------+--------+--------+--------+---------+
| Snapshot:3 |  MRR   | Hits@1 | Hits@3 | Hits@5 | Hits@10 |
+------------+--------+--------+--------+--------+---------+
|     0      | 0.246  | 0.1419 | 0.2865 |  0.36  |  0.452  |
|     1      | 0.1764 | 0.1049 | 0.1916 | 0.2458 |  0.3194 |
|     2      | 0.1777 | 0.1075 | 0.1982 | 0.2455 |  0.3151 |
|     3      | 0.1876 | 0.1167 | 0.2093 | 0.2593 |  0.326  |
+------------+--------+--------+--------+--------+---------+
2024-08-23 14:36:28,777 INFO    : Snapshot:4	Epoch:0	Loss:3.794	MRR:19.84	Hits@10:32.9	Best:19.84
2024-08-23 14:36:33,241 INFO    : Snapshot:4	Epoch:1	Loss:3.202	MRR:19.85	Hits@10:32.96	Best:19.85
2024-08-23 14:36:37,680 INFO    : Snapshot:4	Epoch:2	Loss:3.11	MRR:19.86	Hits@10:32.98	Best:19.86
2024-08-23 14:36:42,145 INFO    : Snapshot:4	Epoch:3	Loss:3.074	MRR:19.87	Hits@10:32.94	Best:19.87
2024-08-23 14:36:46,553 INFO    : Snapshot:4	Epoch:4	Loss:3.063	MRR:19.88	Hits@10:33.0	Best:19.88
2024-08-23 14:36:50,931 INFO    : Snapshot:4	Epoch:5	Loss:3.051	MRR:19.87	Hits@10:32.97	Best:19.88
2024-08-23 14:36:55,282 INFO    : Snapshot:4	Epoch:6	Loss:3.055	MRR:19.88	Hits@10:33.0	Best:19.88
2024-08-23 14:36:59,654 INFO    : Snapshot:4	Epoch:7	Loss:3.05	MRR:19.89	Hits@10:32.95	Best:19.89
2024-08-23 14:37:04,006 INFO    : Snapshot:4	Epoch:8	Loss:3.029	MRR:19.88	Hits@10:32.96	Best:19.89
2024-08-23 14:37:08,375 INFO    : Snapshot:4	Epoch:9	Loss:3.025	MRR:19.87	Hits@10:32.96	Best:19.89
2024-08-23 14:37:12,694 INFO    : Early Stopping! Snapshot:4 Epoch: 10 Best Results: 19.89
2024-08-23 14:37:12,823 INFO    : => loading checkpoint './checkpoint/FB_CKGE\4model_best.tar'
2024-08-23 14:37:33,259 INFO    : 
+------------+--------+--------+--------+--------+---------+
| Snapshot:4 |  MRR   | Hits@1 | Hits@3 | Hits@5 | Hits@10 |
+------------+--------+--------+--------+--------+---------+
|     0      | 0.246  | 0.1419 | 0.2865 |  0.36  |  0.452  |
|     1      | 0.1764 | 0.1049 | 0.1916 | 0.2458 |  0.3194 |
|     2      | 0.1777 | 0.1075 | 0.1982 | 0.2455 |  0.3151 |
|     3      | 0.1876 | 0.1167 | 0.2093 | 0.2593 |  0.326  |
|     4      | 0.2124 | 0.1317 | 0.2423 | 0.2961 |  0.3671 |
+------------+--------+--------+--------+--------+---------+
2024-08-23 14:37:33,260 INFO    : Final Result:
[+------------+-------+--------+--------+--------+---------+
| Snapshot:0 |  MRR  | Hits@1 | Hits@3 | Hits@5 | Hits@10 |
+------------+-------+--------+--------+--------+---------+
|     0      | 0.246 | 0.1419 | 0.2865 |  0.36  |  0.452  |
+------------+-------+--------+--------+--------+---------+, +------------+--------+--------+--------+--------+---------+
| Snapshot:1 |  MRR   | Hits@1 | Hits@3 | Hits@5 | Hits@10 |
+------------+--------+--------+--------+--------+---------+
|     0      | 0.246  | 0.1419 | 0.2865 |  0.36  |  0.452  |
|     1      | 0.1764 | 0.1049 | 0.1916 | 0.2458 |  0.3194 |
+------------+--------+--------+--------+--------+---------+, +------------+--------+--------+--------+--------+---------+
| Snapshot:2 |  MRR   | Hits@1 | Hits@3 | Hits@5 | Hits@10 |
+------------+--------+--------+--------+--------+---------+
|     0      | 0.246  | 0.1419 | 0.2865 |  0.36  |  0.452  |
|     1      | 0.1764 | 0.1049 | 0.1916 | 0.2458 |  0.3194 |
|     2      | 0.1777 | 0.1075 | 0.1982 | 0.2455 |  0.3151 |
+------------+--------+--------+--------+--------+---------+, +------------+--------+--------+--------+--------+---------+
| Snapshot:3 |  MRR   | Hits@1 | Hits@3 | Hits@5 | Hits@10 |
+------------+--------+--------+--------+--------+---------+
|     0      | 0.246  | 0.1419 | 0.2865 |  0.36  |  0.452  |
|     1      | 0.1764 | 0.1049 | 0.1916 | 0.2458 |  0.3194 |
|     2      | 0.1777 | 0.1075 | 0.1982 | 0.2455 |  0.3151 |
|     3      | 0.1876 | 0.1167 | 0.2093 | 0.2593 |  0.326  |
+------------+--------+--------+--------+--------+---------+, +------------+--------+--------+--------+--------+---------+
| Snapshot:4 |  MRR   | Hits@1 | Hits@3 | Hits@5 | Hits@10 |
+------------+--------+--------+--------+--------+---------+
|     0      | 0.246  | 0.1419 | 0.2865 |  0.36  |  0.452  |
|     1      | 0.1764 | 0.1049 | 0.1916 | 0.2458 |  0.3194 |
|     2      | 0.1777 | 0.1075 | 0.1982 | 0.2455 |  0.3151 |
|     3      | 0.1876 | 0.1167 | 0.2093 | 0.2593 |  0.326  |
|     4      | 0.2124 | 0.1317 | 0.2423 | 0.2961 |  0.3671 |
+------------+--------+--------+--------+--------+---------+]
2024-08-23 14:37:33,261 INFO    : Report Result:
+----------+--------------------+-----------+--------------+--------------+---------------+
| Snapshot |        Time        | Whole_MRR | Whole_Hits@1 | Whole_Hits@3 | Whole_Hits@10 |
+----------+--------------------+-----------+--------------+--------------+---------------+
|    0     | 83.91684627532959  |   0.246   |    0.142     |    0.286     |     0.452     |
|    1     | 97.78491997718811  |   0.236   |    0.137     |    0.273     |     0.433     |
|    2     | 54.25091600418091  |   0.229   |    0.133     |    0.264     |     0.418     |
|    3     | 56.741957902908325 |   0.224   |    0.131     |    0.258     |     0.408     |
|    4     | 51.475051403045654 |   0.223   |    0.131     |    0.256     |     0.404     |
+----------+--------------------+-----------+--------------+--------------+---------------+
2024-08-23 14:37:33,261 INFO    : Sum_Training_Time:344.1696915626526
2024-08-23 14:37:33,262 INFO    : Every_Training_Time:[83.91684627532959, 97.78491997718811, 54.25091600418091, 56.741957902908325, 51.475051403045654]
2024-08-23 14:37:33,262 INFO    : Forward transfer: 0.14795 Backward transfer: 0.0
