2024-09-27 14:55:35,791 INFO    : Namespace(batch_size='1024', data_path='./data/FB_CKGE/', dataset='FB_CKGE', debug=False, device=device(type='cuda', index=0), emb_dim=200, ent_r='200', epoch_num=200, explore=False, gpu='0', l2=0.0, learning_rate='1e-1', log_path='./logs/FB_CKGE 200 10 1e-1 1024/FB_CKGE 20240927145525', logger=<RootLogger root (INFO)>, margin=8.0, model_name='LoraKGE_Layers', multi_layers_path='train_sorted_by_edges_betweenness.txt', neg_ratio=10, note='', num_ent_layers='10', num_layer=1, num_rel_layers='1', patience=3, predict_result='True', r=100, r_fixed=True, random_seed=3407, record=False, rel_r='20', save_path='./checkpoint/FB_CKGE', skip_previous='False', snapshot_num=5, train_new=True, using_multi_layers=False, using_various_ranks='True', using_various_ranks_reverse=False, valid_metrics='mrr')
2024-09-27 14:55:55,321 INFO    : Snapshot:0	0	3	Epoch:0	Loss:91.268	MRR:22.64	Hits@10:42.62	Best:22.64
2024-09-27 14:56:11,494 INFO    : Snapshot:0	0	3	Epoch:1	Loss:17.198	MRR:24.74	Hits@10:45.16	Best:24.74
2024-09-27 14:56:27,873 INFO    : Snapshot:0	1	3	Epoch:2	Loss:7.016	MRR:23.93	Hits@10:44.13	Best:24.74
2024-09-27 14:56:44,353 INFO    : Snapshot:0	2	3	Epoch:3	Loss:4.7	MRR:23.72	Hits@10:43.5	Best:24.74
2024-09-27 14:57:00,852 INFO    : Early Stopping! Snapshot:0 Epoch: 4 Best Results: 24.74
2024-09-27 14:57:00,946 INFO    : => loading checkpoint './checkpoint/FB_CKGE\0model_best.tar'
2024-09-27 14:57:19,380 INFO    : 
+------------+-------+--------+--------+--------+---------+
| Snapshot:0 |  MRR  | Hits@1 | Hits@3 | Hits@5 | Hits@10 |
+------------+-------+--------+--------+--------+---------+
|     0      | 0.246 | 0.1419 | 0.2865 |  0.36  |  0.452  |
+------------+-------+--------+--------+--------+---------+
2024-09-27 14:57:30,688 INFO    : Snapshot:1	0	3	Epoch:0	Loss:9.428	MRR:11.27	Hits@10:20.72	Best:11.27
2024-09-27 14:57:34,376 INFO    : Snapshot:1	0	3	Epoch:1	Loss:2.662	MRR:13.05	Hits@10:24.88	Best:13.05
2024-09-27 14:57:38,128 INFO    : Snapshot:1	0	3	Epoch:2	Loss:1.798	MRR:14.26	Hits@10:26.84	Best:14.26
2024-09-27 14:57:41,875 INFO    : Snapshot:1	0	3	Epoch:3	Loss:1.461	MRR:14.94	Hits@10:28.04	Best:14.94
2024-09-27 14:57:45,595 INFO    : Snapshot:1	0	3	Epoch:4	Loss:1.265	MRR:15.19	Hits@10:28.91	Best:15.19
2024-09-27 14:57:49,315 INFO    : Snapshot:1	0	3	Epoch:5	Loss:1.1	MRR:15.67	Hits@10:29.35	Best:15.67
2024-09-27 14:57:53,066 INFO    : Snapshot:1	0	3	Epoch:6	Loss:1.005	MRR:15.69	Hits@10:29.83	Best:15.69
2024-09-27 14:57:56,801 INFO    : Snapshot:1	0	3	Epoch:7	Loss:0.919	MRR:15.91	Hits@10:30.18	Best:15.91
2024-09-27 14:58:00,505 INFO    : Snapshot:1	0	3	Epoch:8	Loss:0.884	MRR:15.94	Hits@10:30.05	Best:15.94
2024-09-27 14:58:04,206 INFO    : Snapshot:1	0	3	Epoch:9	Loss:0.816	MRR:16.14	Hits@10:30.35	Best:16.14
2024-09-27 14:58:07,894 INFO    : Snapshot:1	0	3	Epoch:10	Loss:0.795	MRR:16.18	Hits@10:30.48	Best:16.18
2024-09-27 14:58:11,566 INFO    : Snapshot:1	0	3	Epoch:11	Loss:0.757	MRR:16.2	Hits@10:30.55	Best:16.2
2024-09-27 14:58:15,238 INFO    : Snapshot:1	0	3	Epoch:12	Loss:0.735	MRR:16.38	Hits@10:30.84	Best:16.38
2024-09-27 14:58:18,941 INFO    : Snapshot:1	0	3	Epoch:13	Loss:0.706	MRR:16.43	Hits@10:30.96	Best:16.43
2024-09-27 14:58:22,630 INFO    : Snapshot:1	1	3	Epoch:14	Loss:0.694	MRR:16.29	Hits@10:30.99	Best:16.43
2024-09-27 14:58:26,287 INFO    : Snapshot:1	2	3	Epoch:15	Loss:0.67	MRR:16.38	Hits@10:31.0	Best:16.43
2024-09-27 14:58:29,959 INFO    : Early Stopping! Snapshot:1 Epoch: 16 Best Results: 16.43
2024-09-27 14:58:30,069 INFO    : => loading checkpoint './checkpoint/FB_CKGE\1model_best.tar'
2024-09-27 14:58:55,103 INFO    : 
+------------+--------+--------+--------+--------+---------+
| Snapshot:1 |  MRR   | Hits@1 | Hits@3 | Hits@5 | Hits@10 |
+------------+--------+--------+--------+--------+---------+
|     0      | 0.246  | 0.1419 | 0.2865 |  0.36  |  0.452  |
|     1      | 0.1725 | 0.101  | 0.1899 | 0.2383 |  0.3145 |
+------------+--------+--------+--------+--------+---------+
2024-09-27 14:59:06,901 INFO    : Snapshot:2	0	3	Epoch:0	Loss:6.789	MRR:16.78	Hits@10:29.88	Best:16.78
2024-09-27 14:59:11,289 INFO    : Snapshot:2	0	3	Epoch:1	Loss:2.926	MRR:17.03	Hits@10:30.22	Best:17.03
2024-09-27 14:59:15,430 INFO    : Snapshot:2	0	3	Epoch:2	Loss:2.486	MRR:17.18	Hits@10:30.72	Best:17.18
2024-09-27 14:59:19,603 INFO    : Snapshot:2	0	3	Epoch:3	Loss:2.302	MRR:17.3	Hits@10:30.89	Best:17.3
2024-09-27 14:59:23,791 INFO    : Snapshot:2	0	3	Epoch:4	Loss:2.194	MRR:17.31	Hits@10:30.82	Best:17.31
2024-09-27 14:59:27,981 INFO    : Snapshot:2	0	3	Epoch:5	Loss:2.106	MRR:17.37	Hits@10:31.01	Best:17.37
2024-09-27 14:59:32,323 INFO    : Snapshot:2	0	3	Epoch:6	Loss:2.049	MRR:17.45	Hits@10:31.18	Best:17.45
2024-09-27 14:59:36,699 INFO    : Snapshot:2	0	3	Epoch:7	Loss:2.001	MRR:17.56	Hits@10:31.12	Best:17.56
2024-09-27 14:59:40,997 INFO    : Snapshot:2	1	3	Epoch:8	Loss:1.945	MRR:17.56	Hits@10:31.24	Best:17.56
2024-09-27 14:59:45,342 INFO    : Snapshot:2	2	3	Epoch:9	Loss:1.947	MRR:17.5	Hits@10:31.17	Best:17.56
2024-09-27 14:59:49,562 INFO    : Snapshot:2	0	3	Epoch:10	Loss:1.923	MRR:17.69	Hits@10:31.02	Best:17.69
2024-09-27 14:59:53,777 INFO    : Snapshot:2	1	3	Epoch:11	Loss:1.902	MRR:17.58	Hits@10:31.33	Best:17.69
2024-09-27 14:59:57,998 INFO    : Snapshot:2	2	3	Epoch:12	Loss:1.862	MRR:17.6	Hits@10:31.27	Best:17.69
2024-09-27 15:00:02,233 INFO    : Early Stopping! Snapshot:2 Epoch: 13 Best Results: 17.69
2024-09-27 15:00:02,343 INFO    : => loading checkpoint './checkpoint/FB_CKGE\2model_best.tar'
2024-09-27 15:00:32,187 INFO    : 
+------------+--------+--------+--------+--------+---------+
| Snapshot:2 |  MRR   | Hits@1 | Hits@3 | Hits@5 | Hits@10 |
+------------+--------+--------+--------+--------+---------+
|     0      | 0.246  | 0.1419 | 0.2865 |  0.36  |  0.452  |
|     1      | 0.1725 | 0.101  | 0.1899 | 0.2383 |  0.3145 |
|     2      | 0.1765 | 0.1071 | 0.1968 | 0.2429 |  0.3128 |
+------------+--------+--------+--------+--------+---------+
2024-09-27 15:00:44,610 INFO    : Snapshot:3	0	3	Epoch:0	Loss:4.861	MRR:18.41	Hits@10:32.08	Best:18.41
2024-09-27 15:00:49,034 INFO    : Snapshot:3	0	3	Epoch:1	Loss:3.117	MRR:18.47	Hits@10:32.22	Best:18.47
2024-09-27 15:00:53,441 INFO    : Snapshot:3	0	3	Epoch:2	Loss:2.863	MRR:18.52	Hits@10:32.3	Best:18.52
2024-09-27 15:00:57,817 INFO    : Snapshot:3	1	3	Epoch:3	Loss:2.776	MRR:18.46	Hits@10:32.26	Best:18.52
2024-09-27 15:01:02,224 INFO    : Snapshot:3	2	3	Epoch:4	Loss:2.731	MRR:18.44	Hits@10:32.3	Best:18.52
2024-09-27 15:01:06,663 INFO    : Snapshot:3	0	3	Epoch:5	Loss:2.693	MRR:18.53	Hits@10:32.4	Best:18.53
2024-09-27 15:01:11,071 INFO    : Snapshot:3	0	3	Epoch:6	Loss:2.671	MRR:18.57	Hits@10:32.4	Best:18.57
2024-09-27 15:01:15,509 INFO    : Snapshot:3	0	3	Epoch:7	Loss:2.662	MRR:18.59	Hits@10:32.35	Best:18.59
2024-09-27 15:01:19,869 INFO    : Snapshot:3	1	3	Epoch:8	Loss:2.65	MRR:18.57	Hits@10:32.41	Best:18.59
2024-09-27 15:01:24,230 INFO    : Snapshot:3	2	3	Epoch:9	Loss:2.629	MRR:18.55	Hits@10:32.53	Best:18.59
2024-09-27 15:01:28,653 INFO    : Early Stopping! Snapshot:3 Epoch: 10 Best Results: 18.59
2024-09-27 15:01:28,762 INFO    : => loading checkpoint './checkpoint/FB_CKGE\3model_best.tar'
2024-09-27 15:02:02,373 INFO    : 
+------------+--------+--------+--------+--------+---------+
| Snapshot:3 |  MRR   | Hits@1 | Hits@3 | Hits@5 | Hits@10 |
+------------+--------+--------+--------+--------+---------+
|     0      | 0.246  | 0.1419 | 0.2865 |  0.36  |  0.452  |
|     1      | 0.1725 | 0.101  | 0.1899 | 0.2383 |  0.3145 |
|     2      | 0.1765 | 0.1071 | 0.1968 | 0.2429 |  0.3128 |
|     3      | 0.1896 | 0.1186 | 0.2128 | 0.258  |  0.3218 |
+------------+--------+--------+--------+--------+---------+
2024-09-27 15:02:15,009 INFO    : Snapshot:4	0	3	Epoch:0	Loss:3.804	MRR:19.65	Hits@10:32.88	Best:19.65
2024-09-27 15:02:19,493 INFO    : Snapshot:4	1	3	Epoch:1	Loss:3.207	MRR:19.64	Hits@10:32.87	Best:19.65
2024-09-27 15:02:24,244 INFO    : Snapshot:4	0	3	Epoch:2	Loss:3.094	MRR:19.7	Hits@10:32.88	Best:19.7
2024-09-27 15:02:29,451 INFO    : Snapshot:4	1	3	Epoch:3	Loss:3.074	MRR:19.67	Hits@10:32.88	Best:19.7
2024-09-27 15:02:34,119 INFO    : Snapshot:4	2	3	Epoch:4	Loss:3.033	MRR:19.67	Hits@10:32.89	Best:19.7
2024-09-27 15:02:38,651 INFO    : Early Stopping! Snapshot:4 Epoch: 5 Best Results: 19.7
2024-09-27 15:02:38,760 INFO    : => loading checkpoint './checkpoint/FB_CKGE\4model_best.tar'
2024-09-27 15:03:18,088 INFO    : 
+------------+--------+--------+--------+--------+---------+
| Snapshot:4 |  MRR   | Hits@1 | Hits@3 | Hits@5 | Hits@10 |
+------------+--------+--------+--------+--------+---------+
|     0      | 0.246  | 0.1419 | 0.2865 |  0.36  |  0.452  |
|     1      | 0.1725 | 0.101  | 0.1899 | 0.2383 |  0.3145 |
|     2      | 0.1765 | 0.1071 | 0.1968 | 0.2429 |  0.3128 |
|     3      | 0.1896 | 0.1186 | 0.2128 | 0.258  |  0.3218 |
|     4      | 0.2138 | 0.1333 | 0.2448 | 0.2991 |  0.3704 |
+------------+--------+--------+--------+--------+---------+
2024-09-27 15:03:18,088 INFO    : Final Result:
[+------------+-------+--------+--------+--------+---------+
| Snapshot:0 |  MRR  | Hits@1 | Hits@3 | Hits@5 | Hits@10 |
+------------+-------+--------+--------+--------+---------+
|     0      | 0.246 | 0.1419 | 0.2865 |  0.36  |  0.452  |
+------------+-------+--------+--------+--------+---------+, +------------+--------+--------+--------+--------+---------+
| Snapshot:1 |  MRR   | Hits@1 | Hits@3 | Hits@5 | Hits@10 |
+------------+--------+--------+--------+--------+---------+
|     0      | 0.246  | 0.1419 | 0.2865 |  0.36  |  0.452  |
|     1      | 0.1725 | 0.101  | 0.1899 | 0.2383 |  0.3145 |
+------------+--------+--------+--------+--------+---------+, +------------+--------+--------+--------+--------+---------+
| Snapshot:2 |  MRR   | Hits@1 | Hits@3 | Hits@5 | Hits@10 |
+------------+--------+--------+--------+--------+---------+
|     0      | 0.246  | 0.1419 | 0.2865 |  0.36  |  0.452  |
|     1      | 0.1725 | 0.101  | 0.1899 | 0.2383 |  0.3145 |
|     2      | 0.1765 | 0.1071 | 0.1968 | 0.2429 |  0.3128 |
+------------+--------+--------+--------+--------+---------+, +------------+--------+--------+--------+--------+---------+
| Snapshot:3 |  MRR   | Hits@1 | Hits@3 | Hits@5 | Hits@10 |
+------------+--------+--------+--------+--------+---------+
|     0      | 0.246  | 0.1419 | 0.2865 |  0.36  |  0.452  |
|     1      | 0.1725 | 0.101  | 0.1899 | 0.2383 |  0.3145 |
|     2      | 0.1765 | 0.1071 | 0.1968 | 0.2429 |  0.3128 |
|     3      | 0.1896 | 0.1186 | 0.2128 | 0.258  |  0.3218 |
+------------+--------+--------+--------+--------+---------+, +------------+--------+--------+--------+--------+---------+
| Snapshot:4 |  MRR   | Hits@1 | Hits@3 | Hits@5 | Hits@10 |
+------------+--------+--------+--------+--------+---------+
|     0      | 0.246  | 0.1419 | 0.2865 |  0.36  |  0.452  |
|     1      | 0.1725 | 0.101  | 0.1899 | 0.2383 |  0.3145 |
|     2      | 0.1765 | 0.1071 | 0.1968 | 0.2429 |  0.3128 |
|     3      | 0.1896 | 0.1186 | 0.2128 | 0.258  |  0.3218 |
|     4      | 0.2138 | 0.1333 | 0.2448 | 0.2991 |  0.3704 |
+------------+--------+--------+--------+--------+---------+]
2024-09-27 15:03:18,088 INFO    : Report Result:
+----------+-------------------+-----------+--------------+--------------+---------------+
| Snapshot |        Time       | Whole_MRR | Whole_Hits@1 | Whole_Hits@3 | Whole_Hits@10 |
+----------+-------------------+-----------+--------------+--------------+---------------+
|    0     | 85.06162905693054 |   0.246   |    0.142     |    0.286     |     0.452     |
|    1     | 65.94567084312439 |   0.235   |    0.136     |    0.273     |     0.432     |
|    2     | 62.40216612815857 |   0.228   |    0.132     |    0.263     |     0.417     |
|    3     |  51.650141954422  |   0.224   |    0.131     |    0.258     |     0.407     |
|    4     | 31.16603398323059 |   0.223   |    0.131     |    0.256     |     0.403     |
+----------+-------------------+-----------+--------------+--------------+---------------+
2024-09-27 15:03:18,088 INFO    : Sum_Training_Time:296.2256419658661
2024-09-27 15:03:18,088 INFO    : Every_Training_Time:[85.06162905693054, 65.94567084312439, 62.40216612815857, 51.650141954422, 31.16603398323059]
2024-09-27 15:03:18,088 INFO    : Forward transfer: 0.1486 Backward transfer: 0.0
