2025-01-13 11:21:47,739 INFO    : Namespace(batch_size=1024, data_path='./data/ENTITY/', dataset='ENTITY', debug=False, device=device(type='cuda', index=0), emb_dim=200, ent_r='200', epoch_num=200, explore=False, gpu='0', l2=0.0, learning_rate='3e-1', log_path='./logs/ENTITY 200 20 3e-1 1024/ENTITY 20250113112137', logger=<RootLogger root (INFO)>, margin=8.0, model_name='LoraKGE_Layers', multi_layers_path='train_sorted_by_edges_betweenness.txt', neg_ratio=10, note='', num_ent_layers='20', num_layer=1, num_rel_layers='1', patience='10', predict_result=False, r=100, r_fixed=True, random_seed=3407, record=False, rel_r='200', save_path='./checkpoint/ENTITY', skip_previous='False', snapshot_num=5, train_new=True, using_multi_layers=False, using_various_ranks='True', using_various_ranks_reverse=False, valid_metrics='mrr')
2025-01-13 11:21:52,872 INFO    : Snapshot:0	0	10	Epoch:0	Loss:35.288	MRR:9.73	Hits@10:23.32	Best:9.73
2025-01-13 11:21:56,022 INFO    : Snapshot:0	0	10	Epoch:1	Loss:24.605	MRR:18.0	Hits@10:39.98	Best:18.0
2025-01-13 11:21:59,241 INFO    : Snapshot:0	0	10	Epoch:2	Loss:14.488	MRR:26.48	Hits@10:48.81	Best:26.48
2025-01-13 11:22:02,468 INFO    : Snapshot:0	0	10	Epoch:3	Loss:7.616	MRR:30.42	Hits@10:52.54	Best:30.42
2025-01-13 11:22:05,646 INFO    : Snapshot:0	0	10	Epoch:4	Loss:4.185	MRR:31.77	Hits@10:54.22	Best:31.77
2025-01-13 11:22:08,856 INFO    : Snapshot:0	0	10	Epoch:5	Loss:2.558	MRR:32.23	Hits@10:54.56	Best:32.23
2025-01-13 11:22:12,051 INFO    : Snapshot:0	0	10	Epoch:6	Loss:1.777	MRR:32.38	Hits@10:55.02	Best:32.38
2025-01-13 11:22:15,291 INFO    : Snapshot:0	0	10	Epoch:7	Loss:1.364	MRR:32.49	Hits@10:54.98	Best:32.49
2025-01-13 11:22:18,465 INFO    : Snapshot:0	0	10	Epoch:8	Loss:1.111	MRR:32.5	Hits@10:54.8	Best:32.5
2025-01-13 11:22:21,873 INFO    : Snapshot:0	1	10	Epoch:9	Loss:0.952	MRR:32.38	Hits@10:54.79	Best:32.5
2025-01-13 11:22:25,142 INFO    : Snapshot:0	2	10	Epoch:10	Loss:0.832	MRR:32.24	Hits@10:55.01	Best:32.5
2025-01-13 11:22:28,257 INFO    : Snapshot:0	3	10	Epoch:11	Loss:0.751	MRR:32.06	Hits@10:54.93	Best:32.5
2025-01-13 11:22:31,473 INFO    : Snapshot:0	4	10	Epoch:12	Loss:0.706	MRR:32.44	Hits@10:55.13	Best:32.5
2025-01-13 11:22:34,670 INFO    : Snapshot:0	5	10	Epoch:13	Loss:0.657	MRR:31.97	Hits@10:54.45	Best:32.5
2025-01-13 11:22:37,835 INFO    : Snapshot:0	6	10	Epoch:14	Loss:0.611	MRR:32.29	Hits@10:54.73	Best:32.5
2025-01-13 11:22:40,925 INFO    : Snapshot:0	7	10	Epoch:15	Loss:0.594	MRR:31.89	Hits@10:54.33	Best:32.5
2025-01-13 11:22:43,989 INFO    : Snapshot:0	8	10	Epoch:16	Loss:0.545	MRR:31.82	Hits@10:54.37	Best:32.5
2025-01-13 11:22:47,144 INFO    : Snapshot:0	9	10	Epoch:17	Loss:0.54	MRR:31.71	Hits@10:54.26	Best:32.5
2025-01-13 11:22:50,234 INFO    : Early Stopping! Snapshot:0 Epoch: 18 Best Results: 32.5
2025-01-13 11:22:50,333 INFO    : => loading checkpoint './checkpoint/ENTITY\0model_best.tar'
2025-01-13 11:22:51,807 INFO    : 
+------------+--------+--------+--------+--------+---------+
| Snapshot:0 |  MRR   | Hits@1 | Hits@3 | Hits@5 | Hits@10 |
+------------+--------+--------+--------+--------+---------+
|     0      | 0.3285 | 0.2086 | 0.3806 | 0.4552 |  0.5588 |
+------------+--------+--------+--------+--------+---------+
2025-01-13 11:23:05,977 INFO    : Snapshot:1	0	10	Epoch:0	Loss:11.586	MRR:16.51	Hits@10:29.59	Best:16.51
2025-01-13 11:23:14,403 INFO    : Snapshot:1	0	10	Epoch:1	Loss:4.511	MRR:17.79	Hits@10:32.28	Best:17.79
2025-01-13 11:23:22,724 INFO    : Snapshot:1	0	10	Epoch:2	Loss:3.782	MRR:18.42	Hits@10:33.06	Best:18.42
2025-01-13 11:23:30,989 INFO    : Snapshot:1	0	10	Epoch:3	Loss:3.422	MRR:19.19	Hits@10:34.42	Best:19.19
2025-01-13 11:23:39,206 INFO    : Snapshot:1	0	10	Epoch:4	Loss:3.116	MRR:19.51	Hits@10:34.97	Best:19.51
2025-01-13 11:23:47,279 INFO    : Snapshot:1	0	10	Epoch:5	Loss:2.909	MRR:20.0	Hits@10:35.66	Best:20.0
2025-01-13 11:23:55,378 INFO    : Snapshot:1	0	10	Epoch:6	Loss:2.801	MRR:20.1	Hits@10:36.06	Best:20.1
2025-01-13 11:24:03,628 INFO    : Snapshot:1	0	10	Epoch:7	Loss:2.704	MRR:20.55	Hits@10:36.62	Best:20.55
2025-01-13 11:24:11,873 INFO    : Snapshot:1	0	10	Epoch:8	Loss:2.595	MRR:20.71	Hits@10:36.69	Best:20.71
2025-01-13 11:24:20,256 INFO    : Snapshot:1	0	10	Epoch:9	Loss:2.529	MRR:20.9	Hits@10:37.32	Best:20.9
2025-01-13 11:24:28,592 INFO    : Snapshot:1	0	10	Epoch:10	Loss:2.478	MRR:21.07	Hits@10:37.55	Best:21.07
2025-01-13 11:24:36,918 INFO    : Snapshot:1	0	10	Epoch:11	Loss:2.393	MRR:21.1	Hits@10:37.57	Best:21.1
2025-01-13 11:24:45,244 INFO    : Snapshot:1	0	10	Epoch:12	Loss:2.331	MRR:21.36	Hits@10:37.84	Best:21.36
2025-01-13 11:24:53,531 INFO    : Snapshot:1	1	10	Epoch:13	Loss:2.302	MRR:21.29	Hits@10:37.8	Best:21.36
2025-01-13 11:25:01,768 INFO    : Snapshot:1	2	10	Epoch:14	Loss:2.25	MRR:21.3	Hits@10:38.11	Best:21.36
2025-01-13 11:25:10,081 INFO    : Snapshot:1	0	10	Epoch:15	Loss:2.199	MRR:21.68	Hits@10:38.51	Best:21.68
2025-01-13 11:25:18,158 INFO    : Snapshot:1	0	10	Epoch:16	Loss:2.175	MRR:21.74	Hits@10:38.64	Best:21.74
2025-01-13 11:25:26,354 INFO    : Snapshot:1	1	10	Epoch:17	Loss:2.176	MRR:21.55	Hits@10:38.56	Best:21.74
2025-01-13 11:25:34,513 INFO    : Snapshot:1	0	10	Epoch:18	Loss:2.132	MRR:21.83	Hits@10:38.56	Best:21.83
2025-01-13 11:25:42,618 INFO    : Snapshot:1	1	10	Epoch:19	Loss:2.113	MRR:21.81	Hits@10:38.75	Best:21.83
2025-01-13 11:25:50,701 INFO    : Snapshot:1	2	10	Epoch:20	Loss:2.102	MRR:21.79	Hits@10:38.95	Best:21.83
2025-01-13 11:25:58,822 INFO    : Snapshot:1	0	10	Epoch:21	Loss:2.069	MRR:21.86	Hits@10:38.82	Best:21.86
2025-01-13 11:26:07,195 INFO    : Snapshot:1	0	10	Epoch:22	Loss:2.056	MRR:21.93	Hits@10:39.07	Best:21.93
2025-01-13 11:26:15,583 INFO    : Snapshot:1	0	10	Epoch:23	Loss:2.033	MRR:22.05	Hits@10:39.02	Best:22.05
2025-01-13 11:26:23,687 INFO    : Snapshot:1	1	10	Epoch:24	Loss:2.029	MRR:21.94	Hits@10:39.14	Best:22.05
2025-01-13 11:26:31,860 INFO    : Snapshot:1	2	10	Epoch:25	Loss:2.005	MRR:22.05	Hits@10:39.43	Best:22.05
2025-01-13 11:26:39,950 INFO    : Snapshot:1	3	10	Epoch:26	Loss:1.975	MRR:22.03	Hits@10:39.2	Best:22.05
2025-01-13 11:26:48,253 INFO    : Snapshot:1	0	10	Epoch:27	Loss:1.968	MRR:22.09	Hits@10:39.42	Best:22.09
2025-01-13 11:26:56,328 INFO    : Snapshot:1	1	10	Epoch:28	Loss:1.962	MRR:21.94	Hits@10:39.38	Best:22.09
2025-01-13 11:27:04,634 INFO    : Snapshot:1	0	10	Epoch:29	Loss:1.944	MRR:22.24	Hits@10:39.62	Best:22.24
2025-01-13 11:27:12,680 INFO    : Snapshot:1	1	10	Epoch:30	Loss:1.955	MRR:22.21	Hits@10:39.42	Best:22.24
2025-01-13 11:27:20,857 INFO    : Snapshot:1	2	10	Epoch:31	Loss:1.924	MRR:22.18	Hits@10:39.61	Best:22.24
2025-01-13 11:27:29,195 INFO    : Snapshot:1	3	10	Epoch:32	Loss:1.902	MRR:22.01	Hits@10:39.27	Best:22.24
2025-01-13 11:27:37,363 INFO    : Snapshot:1	0	10	Epoch:33	Loss:1.92	MRR:22.29	Hits@10:39.63	Best:22.29
2025-01-13 11:27:45,338 INFO    : Snapshot:1	1	10	Epoch:34	Loss:1.888	MRR:22.28	Hits@10:39.6	Best:22.29
2025-01-13 11:27:53,404 INFO    : Snapshot:1	0	10	Epoch:35	Loss:1.887	MRR:22.49	Hits@10:39.71	Best:22.49
2025-01-13 11:28:01,618 INFO    : Snapshot:1	1	10	Epoch:36	Loss:1.897	MRR:22.22	Hits@10:39.41	Best:22.49
2025-01-13 11:28:09,777 INFO    : Snapshot:1	2	10	Epoch:37	Loss:1.887	MRR:22.33	Hits@10:39.66	Best:22.49
2025-01-13 11:28:17,976 INFO    : Snapshot:1	0	10	Epoch:38	Loss:1.857	MRR:22.59	Hits@10:39.79	Best:22.59
2025-01-13 11:28:26,224 INFO    : Snapshot:1	1	10	Epoch:39	Loss:1.87	MRR:22.46	Hits@10:40.01	Best:22.59
2025-01-13 11:28:34,864 INFO    : Snapshot:1	2	10	Epoch:40	Loss:1.856	MRR:22.55	Hits@10:40.0	Best:22.59
2025-01-13 11:28:43,125 INFO    : Snapshot:1	3	10	Epoch:41	Loss:1.851	MRR:22.59	Hits@10:39.83	Best:22.59
2025-01-13 11:28:51,214 INFO    : Snapshot:1	4	10	Epoch:42	Loss:1.849	MRR:22.55	Hits@10:39.95	Best:22.59
2025-01-13 11:28:59,260 INFO    : Snapshot:1	5	10	Epoch:43	Loss:1.836	MRR:22.47	Hits@10:40.0	Best:22.59
2025-01-13 11:29:07,852 INFO    : Snapshot:1	6	10	Epoch:44	Loss:1.846	MRR:22.53	Hits@10:40.16	Best:22.59
2025-01-13 11:29:16,286 INFO    : Snapshot:1	0	10	Epoch:45	Loss:1.822	MRR:22.72	Hits@10:40.29	Best:22.72
2025-01-13 11:29:24,685 INFO    : Snapshot:1	1	10	Epoch:46	Loss:1.836	MRR:22.52	Hits@10:40.28	Best:22.72
2025-01-13 11:29:32,923 INFO    : Snapshot:1	2	10	Epoch:47	Loss:1.821	MRR:22.68	Hits@10:40.22	Best:22.72
2025-01-13 11:29:41,184 INFO    : Snapshot:1	0	10	Epoch:48	Loss:1.798	MRR:22.79	Hits@10:40.36	Best:22.79
2025-01-13 11:29:49,216 INFO    : Snapshot:1	1	10	Epoch:49	Loss:1.805	MRR:22.52	Hits@10:40.15	Best:22.79
2025-01-13 11:29:57,214 INFO    : Snapshot:1	2	10	Epoch:50	Loss:1.809	MRR:22.53	Hits@10:40.38	Best:22.79
2025-01-13 11:30:05,329 INFO    : Snapshot:1	3	10	Epoch:51	Loss:1.776	MRR:22.76	Hits@10:40.31	Best:22.79
2025-01-13 11:30:13,441 INFO    : Snapshot:1	4	10	Epoch:52	Loss:1.796	MRR:22.79	Hits@10:40.55	Best:22.79
2025-01-13 11:30:21,790 INFO    : Snapshot:1	0	10	Epoch:53	Loss:1.773	MRR:22.81	Hits@10:40.71	Best:22.81
2025-01-13 11:30:30,082 INFO    : Snapshot:1	1	10	Epoch:54	Loss:1.76	MRR:22.67	Hits@10:40.27	Best:22.81
2025-01-13 11:30:38,427 INFO    : Snapshot:1	2	10	Epoch:55	Loss:1.775	MRR:22.57	Hits@10:40.18	Best:22.81
2025-01-13 11:30:46,915 INFO    : Snapshot:1	3	10	Epoch:56	Loss:1.771	MRR:22.64	Hits@10:40.31	Best:22.81
2025-01-13 11:30:55,198 INFO    : Snapshot:1	4	10	Epoch:57	Loss:1.761	MRR:22.73	Hits@10:40.12	Best:22.81
2025-01-13 11:31:03,396 INFO    : Snapshot:1	5	10	Epoch:58	Loss:1.754	MRR:22.7	Hits@10:40.55	Best:22.81
2025-01-13 11:31:11,702 INFO    : Snapshot:1	0	10	Epoch:59	Loss:1.748	MRR:22.85	Hits@10:40.47	Best:22.85
2025-01-13 11:31:19,799 INFO    : Snapshot:1	1	10	Epoch:60	Loss:1.749	MRR:22.74	Hits@10:40.55	Best:22.85
2025-01-13 11:31:27,769 INFO    : Snapshot:1	2	10	Epoch:61	Loss:1.733	MRR:22.77	Hits@10:40.78	Best:22.85
2025-01-13 11:31:36,034 INFO    : Snapshot:1	3	10	Epoch:62	Loss:1.742	MRR:22.83	Hits@10:40.58	Best:22.85
2025-01-13 11:31:44,768 INFO    : Snapshot:1	4	10	Epoch:63	Loss:1.743	MRR:22.68	Hits@10:40.54	Best:22.85
2025-01-13 11:31:52,813 INFO    : Snapshot:1	5	10	Epoch:64	Loss:1.726	MRR:22.72	Hits@10:40.44	Best:22.85
2025-01-13 11:32:00,912 INFO    : Snapshot:1	0	10	Epoch:65	Loss:1.731	MRR:22.89	Hits@10:40.58	Best:22.89
2025-01-13 11:32:09,340 INFO    : Snapshot:1	1	10	Epoch:66	Loss:1.731	MRR:22.87	Hits@10:40.45	Best:22.89
2025-01-13 11:32:17,150 INFO    : Snapshot:1	0	10	Epoch:67	Loss:1.734	MRR:23.03	Hits@10:40.59	Best:23.03
2025-01-13 11:32:25,069 INFO    : Snapshot:1	1	10	Epoch:68	Loss:1.716	MRR:22.78	Hits@10:40.63	Best:23.03
2025-01-13 11:32:33,269 INFO    : Snapshot:1	2	10	Epoch:69	Loss:1.72	MRR:22.96	Hits@10:40.9	Best:23.03
2025-01-13 11:32:41,392 INFO    : Snapshot:1	0	10	Epoch:70	Loss:1.711	MRR:23.04	Hits@10:40.89	Best:23.04
2025-01-13 11:32:49,296 INFO    : Snapshot:1	1	10	Epoch:71	Loss:1.693	MRR:22.84	Hits@10:40.87	Best:23.04
2025-01-13 11:32:56,989 INFO    : Snapshot:1	2	10	Epoch:72	Loss:1.701	MRR:23.01	Hits@10:41.03	Best:23.04
2025-01-13 11:33:04,726 INFO    : Snapshot:1	0	10	Epoch:73	Loss:1.69	MRR:23.15	Hits@10:41.07	Best:23.15
2025-01-13 11:33:12,661 INFO    : Snapshot:1	1	10	Epoch:74	Loss:1.689	MRR:22.97	Hits@10:41.09	Best:23.15
2025-01-13 11:33:20,894 INFO    : Snapshot:1	2	10	Epoch:75	Loss:1.698	MRR:23.05	Hits@10:41.14	Best:23.15
2025-01-13 11:33:28,907 INFO    : Snapshot:1	0	10	Epoch:76	Loss:1.709	MRR:23.27	Hits@10:40.88	Best:23.27
2025-01-13 11:33:37,044 INFO    : Snapshot:1	1	10	Epoch:77	Loss:1.668	MRR:23.19	Hits@10:40.99	Best:23.27
2025-01-13 11:33:45,074 INFO    : Snapshot:1	2	10	Epoch:78	Loss:1.685	MRR:22.93	Hits@10:40.62	Best:23.27
2025-01-13 11:33:52,962 INFO    : Snapshot:1	3	10	Epoch:79	Loss:1.652	MRR:23.21	Hits@10:40.86	Best:23.27
2025-01-13 11:34:01,023 INFO    : Snapshot:1	4	10	Epoch:80	Loss:1.658	MRR:22.96	Hits@10:40.79	Best:23.27
2025-01-13 11:34:08,660 INFO    : Snapshot:1	5	10	Epoch:81	Loss:1.689	MRR:23.08	Hits@10:40.83	Best:23.27
2025-01-13 11:34:17,098 INFO    : Snapshot:1	6	10	Epoch:82	Loss:1.656	MRR:23.19	Hits@10:40.84	Best:23.27
2025-01-13 11:34:24,932 INFO    : Snapshot:1	7	10	Epoch:83	Loss:1.674	MRR:23.15	Hits@10:41.0	Best:23.27
2025-01-13 11:34:33,274 INFO    : Snapshot:1	8	10	Epoch:84	Loss:1.673	MRR:23.2	Hits@10:41.11	Best:23.27
2025-01-13 11:34:41,369 INFO    : Snapshot:1	9	10	Epoch:85	Loss:1.65	MRR:23.05	Hits@10:41.09	Best:23.27
2025-01-13 11:34:49,287 INFO    : Early Stopping! Snapshot:1 Epoch: 86 Best Results: 23.27
2025-01-13 11:34:49,378 INFO    : => loading checkpoint './checkpoint/ENTITY\1model_best.tar'
2025-01-13 11:34:54,573 INFO    : 
+------------+--------+--------+--------+--------+---------+
| Snapshot:1 |  MRR   | Hits@1 | Hits@3 | Hits@5 | Hits@10 |
+------------+--------+--------+--------+--------+---------+
|     0      | 0.3285 | 0.2086 | 0.3806 | 0.4552 |  0.5588 |
|     1      | 0.232  | 0.1418 | 0.2588 | 0.319  |  0.4099 |
+------------+--------+--------+--------+--------+---------+
2025-01-13 11:35:10,343 INFO    : Snapshot:2	0	10	Epoch:0	Loss:11.065	MRR:15.0	Hits@10:26.04	Best:15.0
2025-01-13 11:35:19,553 INFO    : Snapshot:2	0	10	Epoch:1	Loss:4.434	MRR:16.71	Hits@10:29.17	Best:16.71
2025-01-13 11:35:29,012 INFO    : Snapshot:2	0	10	Epoch:2	Loss:3.753	MRR:17.44	Hits@10:30.82	Best:17.44
2025-01-13 11:35:37,979 INFO    : Snapshot:2	0	10	Epoch:3	Loss:3.387	MRR:18.03	Hits@10:31.46	Best:18.03
2025-01-13 11:35:46,634 INFO    : Snapshot:2	0	10	Epoch:4	Loss:3.146	MRR:18.43	Hits@10:32.49	Best:18.43
2025-01-13 11:35:55,747 INFO    : Snapshot:2	0	10	Epoch:5	Loss:3.001	MRR:18.66	Hits@10:32.64	Best:18.66
2025-01-13 11:36:05,075 INFO    : Snapshot:2	1	10	Epoch:6	Loss:2.854	MRR:18.6	Hits@10:33.21	Best:18.66
2025-01-13 11:36:14,185 INFO    : Snapshot:2	0	10	Epoch:7	Loss:2.752	MRR:19.05	Hits@10:33.43	Best:19.05
2025-01-13 11:36:23,595 INFO    : Snapshot:2	1	10	Epoch:8	Loss:2.682	MRR:19.05	Hits@10:33.68	Best:19.05
2025-01-13 11:36:32,909 INFO    : Snapshot:2	0	10	Epoch:9	Loss:2.605	MRR:19.42	Hits@10:34.1	Best:19.42
2025-01-13 11:36:42,100 INFO    : Snapshot:2	0	10	Epoch:10	Loss:2.536	MRR:19.45	Hits@10:34.17	Best:19.45
2025-01-13 11:36:51,633 INFO    : Snapshot:2	0	10	Epoch:11	Loss:2.483	MRR:19.84	Hits@10:34.74	Best:19.84
2025-01-13 11:37:00,882 INFO    : Snapshot:2	1	10	Epoch:12	Loss:2.459	MRR:19.62	Hits@10:34.57	Best:19.84
2025-01-13 11:37:10,199 INFO    : Snapshot:2	2	10	Epoch:13	Loss:2.413	MRR:19.84	Hits@10:35.04	Best:19.84
2025-01-13 11:37:19,170 INFO    : Snapshot:2	3	10	Epoch:14	Loss:2.328	MRR:19.68	Hits@10:34.64	Best:19.84
2025-01-13 11:37:28,220 INFO    : Snapshot:2	0	10	Epoch:15	Loss:2.317	MRR:19.86	Hits@10:34.9	Best:19.86
2025-01-13 11:37:37,344 INFO    : Snapshot:2	0	10	Epoch:16	Loss:2.306	MRR:19.87	Hits@10:34.99	Best:19.87
2025-01-13 11:37:46,548 INFO    : Snapshot:2	0	10	Epoch:17	Loss:2.296	MRR:20.0	Hits@10:35.2	Best:20.0
2025-01-13 11:37:55,634 INFO    : Snapshot:2	1	10	Epoch:18	Loss:2.278	MRR:19.89	Hits@10:35.19	Best:20.0
2025-01-13 11:38:04,582 INFO    : Snapshot:2	2	10	Epoch:19	Loss:2.238	MRR:19.93	Hits@10:35.21	Best:20.0
2025-01-13 11:38:13,929 INFO    : Snapshot:2	3	10	Epoch:20	Loss:2.243	MRR:19.82	Hits@10:34.97	Best:20.0
2025-01-13 11:38:23,008 INFO    : Snapshot:2	4	10	Epoch:21	Loss:2.219	MRR:19.84	Hits@10:35.11	Best:20.0
2025-01-13 11:38:32,297 INFO    : Snapshot:2	0	10	Epoch:22	Loss:2.178	MRR:20.12	Hits@10:35.31	Best:20.12
2025-01-13 11:38:41,667 INFO    : Snapshot:2	1	10	Epoch:23	Loss:2.175	MRR:19.93	Hits@10:35.55	Best:20.12
2025-01-13 11:38:50,793 INFO    : Snapshot:2	2	10	Epoch:24	Loss:2.158	MRR:19.77	Hits@10:35.27	Best:20.12
2025-01-13 11:39:00,042 INFO    : Snapshot:2	0	10	Epoch:25	Loss:2.147	MRR:20.16	Hits@10:35.52	Best:20.16
2025-01-13 11:39:09,047 INFO    : Snapshot:2	1	10	Epoch:26	Loss:2.164	MRR:20.16	Hits@10:35.76	Best:20.16
2025-01-13 11:39:18,112 INFO    : Snapshot:2	2	10	Epoch:27	Loss:2.133	MRR:20.09	Hits@10:35.47	Best:20.16
2025-01-13 11:39:27,131 INFO    : Snapshot:2	3	10	Epoch:28	Loss:2.118	MRR:20.14	Hits@10:35.76	Best:20.16
2025-01-13 11:39:35,891 INFO    : Snapshot:2	4	10	Epoch:29	Loss:2.086	MRR:20.14	Hits@10:36.05	Best:20.16
2025-01-13 11:39:44,863 INFO    : Snapshot:2	0	10	Epoch:30	Loss:2.091	MRR:20.18	Hits@10:35.8	Best:20.18
2025-01-13 11:39:53,801 INFO    : Snapshot:2	1	10	Epoch:31	Loss:2.087	MRR:20.03	Hits@10:35.87	Best:20.18
2025-01-13 11:40:02,756 INFO    : Snapshot:2	2	10	Epoch:32	Loss:2.049	MRR:19.99	Hits@10:35.7	Best:20.18
2025-01-13 11:40:11,662 INFO    : Snapshot:2	0	10	Epoch:33	Loss:2.069	MRR:20.38	Hits@10:35.87	Best:20.38
2025-01-13 11:40:20,898 INFO    : Snapshot:2	1	10	Epoch:34	Loss:2.053	MRR:20.35	Hits@10:36.21	Best:20.38
2025-01-13 11:40:29,863 INFO    : Snapshot:2	2	10	Epoch:35	Loss:2.052	MRR:20.21	Hits@10:35.65	Best:20.38
2025-01-13 11:40:38,868 INFO    : Snapshot:2	3	10	Epoch:36	Loss:2.036	MRR:20.25	Hits@10:35.92	Best:20.38
2025-01-13 11:40:47,997 INFO    : Snapshot:2	4	10	Epoch:37	Loss:2.027	MRR:20.36	Hits@10:36.12	Best:20.38
2025-01-13 11:40:57,163 INFO    : Snapshot:2	5	10	Epoch:38	Loss:2.024	MRR:20.28	Hits@10:36.06	Best:20.38
2025-01-13 11:41:06,295 INFO    : Snapshot:2	6	10	Epoch:39	Loss:2.007	MRR:20.32	Hits@10:36.31	Best:20.38
2025-01-13 11:41:15,690 INFO    : Snapshot:2	0	10	Epoch:40	Loss:2.018	MRR:20.48	Hits@10:36.31	Best:20.48
2025-01-13 11:41:24,941 INFO    : Snapshot:2	1	10	Epoch:41	Loss:1.994	MRR:20.45	Hits@10:36.09	Best:20.48
2025-01-13 11:41:34,099 INFO    : Snapshot:2	2	10	Epoch:42	Loss:1.995	MRR:20.43	Hits@10:36.03	Best:20.48
2025-01-13 11:41:43,240 INFO    : Snapshot:2	3	10	Epoch:43	Loss:1.987	MRR:20.43	Hits@10:36.1	Best:20.48
2025-01-13 11:41:52,320 INFO    : Snapshot:2	0	10	Epoch:44	Loss:1.981	MRR:20.5	Hits@10:36.55	Best:20.5
2025-01-13 11:42:01,567 INFO    : Snapshot:2	0	10	Epoch:45	Loss:1.988	MRR:20.52	Hits@10:36.17	Best:20.52
2025-01-13 11:42:10,562 INFO    : Snapshot:2	1	10	Epoch:46	Loss:1.982	MRR:20.48	Hits@10:36.22	Best:20.52
2025-01-13 11:42:19,763 INFO    : Snapshot:2	2	10	Epoch:47	Loss:1.973	MRR:20.4	Hits@10:35.87	Best:20.52
2025-01-13 11:42:29,001 INFO    : Snapshot:2	3	10	Epoch:48	Loss:1.979	MRR:20.4	Hits@10:36.22	Best:20.52
2025-01-13 11:42:38,578 INFO    : Snapshot:2	0	10	Epoch:49	Loss:1.955	MRR:20.56	Hits@10:36.38	Best:20.56
2025-01-13 11:42:47,755 INFO    : Snapshot:2	1	10	Epoch:50	Loss:1.966	MRR:20.43	Hits@10:36.45	Best:20.56
2025-01-13 11:42:57,054 INFO    : Snapshot:2	2	10	Epoch:51	Loss:1.95	MRR:20.44	Hits@10:36.27	Best:20.56
2025-01-13 11:43:06,351 INFO    : Snapshot:2	3	10	Epoch:52	Loss:1.949	MRR:20.52	Hits@10:36.36	Best:20.56
2025-01-13 11:43:15,532 INFO    : Snapshot:2	4	10	Epoch:53	Loss:1.963	MRR:20.54	Hits@10:36.27	Best:20.56
2025-01-13 11:43:24,557 INFO    : Snapshot:2	5	10	Epoch:54	Loss:1.943	MRR:20.52	Hits@10:36.34	Best:20.56
2025-01-13 11:43:33,668 INFO    : Snapshot:2	6	10	Epoch:55	Loss:1.949	MRR:20.53	Hits@10:36.26	Best:20.56
2025-01-13 11:43:42,559 INFO    : Snapshot:2	0	10	Epoch:56	Loss:1.933	MRR:20.61	Hits@10:36.48	Best:20.61
2025-01-13 11:43:51,388 INFO    : Snapshot:2	1	10	Epoch:57	Loss:1.917	MRR:20.61	Hits@10:36.31	Best:20.61
2025-01-13 11:44:00,713 INFO    : Snapshot:2	2	10	Epoch:58	Loss:1.905	MRR:20.58	Hits@10:36.5	Best:20.61
2025-01-13 11:44:09,647 INFO    : Snapshot:2	0	10	Epoch:59	Loss:1.914	MRR:20.77	Hits@10:36.43	Best:20.77
2025-01-13 11:44:18,909 INFO    : Snapshot:2	1	10	Epoch:60	Loss:1.905	MRR:20.64	Hits@10:36.46	Best:20.77
2025-01-13 11:44:28,211 INFO    : Snapshot:2	2	10	Epoch:61	Loss:1.899	MRR:20.66	Hits@10:36.59	Best:20.77
2025-01-13 11:44:37,286 INFO    : Snapshot:2	3	10	Epoch:62	Loss:1.907	MRR:20.59	Hits@10:36.35	Best:20.77
2025-01-13 11:44:46,555 INFO    : Snapshot:2	0	10	Epoch:63	Loss:1.922	MRR:20.81	Hits@10:36.47	Best:20.81
2025-01-13 11:44:55,642 INFO    : Snapshot:2	1	10	Epoch:64	Loss:1.899	MRR:20.64	Hits@10:36.37	Best:20.81
2025-01-13 11:45:04,713 INFO    : Snapshot:2	2	10	Epoch:65	Loss:1.886	MRR:20.61	Hits@10:36.52	Best:20.81
2025-01-13 11:45:13,872 INFO    : Snapshot:2	3	10	Epoch:66	Loss:1.857	MRR:20.68	Hits@10:36.53	Best:20.81
2025-01-13 11:45:23,358 INFO    : Snapshot:2	4	10	Epoch:67	Loss:1.875	MRR:20.64	Hits@10:36.63	Best:20.81
2025-01-13 11:45:32,322 INFO    : Snapshot:2	5	10	Epoch:68	Loss:1.898	MRR:20.61	Hits@10:36.53	Best:20.81
2025-01-13 11:45:41,250 INFO    : Snapshot:2	6	10	Epoch:69	Loss:1.882	MRR:20.73	Hits@10:36.64	Best:20.81
2025-01-13 11:45:50,345 INFO    : Snapshot:2	7	10	Epoch:70	Loss:1.867	MRR:20.64	Hits@10:36.26	Best:20.81
2025-01-13 11:45:59,574 INFO    : Snapshot:2	8	10	Epoch:71	Loss:1.87	MRR:20.73	Hits@10:36.66	Best:20.81
2025-01-13 11:46:08,677 INFO    : Snapshot:2	9	10	Epoch:72	Loss:1.876	MRR:20.67	Hits@10:36.58	Best:20.81
2025-01-13 11:46:17,789 INFO    : Early Stopping! Snapshot:2 Epoch: 73 Best Results: 20.81
2025-01-13 11:46:17,880 INFO    : => loading checkpoint './checkpoint/ENTITY\2model_best.tar'
2025-01-13 11:46:27,831 INFO    : 
+------------+--------+--------+--------+--------+---------+
| Snapshot:2 |  MRR   | Hits@1 | Hits@3 | Hits@5 | Hits@10 |
+------------+--------+--------+--------+--------+---------+
|     0      | 0.3285 | 0.2086 | 0.3806 | 0.4552 |  0.5588 |
|     1      | 0.232  | 0.1418 | 0.2588 | 0.319  |  0.4099 |
|     2      | 0.206  | 0.1236 | 0.2307 | 0.2834 |  0.3644 |
+------------+--------+--------+--------+--------+---------+
2025-01-13 11:46:46,217 INFO    : Snapshot:3	0	10	Epoch:0	Loss:10.065	MRR:14.55	Hits@10:25.0	Best:14.55
2025-01-13 11:46:56,131 INFO    : Snapshot:3	0	10	Epoch:1	Loss:3.759	MRR:15.9	Hits@10:28.27	Best:15.9
2025-01-13 11:47:06,226 INFO    : Snapshot:3	0	10	Epoch:2	Loss:3.153	MRR:16.5	Hits@10:29.42	Best:16.5
2025-01-13 11:47:16,388 INFO    : Snapshot:3	0	10	Epoch:3	Loss:2.809	MRR:17.05	Hits@10:30.39	Best:17.05
2025-01-13 11:47:26,431 INFO    : Snapshot:3	0	10	Epoch:4	Loss:2.667	MRR:17.49	Hits@10:31.19	Best:17.49
2025-01-13 11:47:36,225 INFO    : Snapshot:3	0	10	Epoch:5	Loss:2.526	MRR:17.72	Hits@10:31.83	Best:17.72
2025-01-13 11:47:46,041 INFO    : Snapshot:3	0	10	Epoch:6	Loss:2.373	MRR:18.0	Hits@10:32.39	Best:18.0
2025-01-13 11:47:55,512 INFO    : Snapshot:3	1	10	Epoch:7	Loss:2.311	MRR:17.97	Hits@10:32.21	Best:18.0
2025-01-13 11:48:05,282 INFO    : Snapshot:3	0	10	Epoch:8	Loss:2.208	MRR:18.21	Hits@10:32.58	Best:18.21
2025-01-13 11:48:15,208 INFO    : Snapshot:3	1	10	Epoch:9	Loss:2.18	MRR:18.21	Hits@10:32.7	Best:18.21
2025-01-13 11:48:25,323 INFO    : Snapshot:3	0	10	Epoch:10	Loss:2.137	MRR:18.42	Hits@10:33.0	Best:18.42
2025-01-13 11:48:35,454 INFO    : Snapshot:3	0	10	Epoch:11	Loss:2.075	MRR:18.45	Hits@10:33.06	Best:18.45
2025-01-13 11:48:45,521 INFO    : Snapshot:3	0	10	Epoch:12	Loss:2.065	MRR:18.52	Hits@10:33.37	Best:18.52
2025-01-13 11:48:55,461 INFO    : Snapshot:3	0	10	Epoch:13	Loss:2.016	MRR:18.59	Hits@10:33.13	Best:18.59
2025-01-13 11:49:05,200 INFO    : Snapshot:3	1	10	Epoch:14	Loss:1.992	MRR:18.45	Hits@10:33.53	Best:18.59
2025-01-13 11:49:15,126 INFO    : Snapshot:3	0	10	Epoch:15	Loss:1.954	MRR:18.7	Hits@10:33.55	Best:18.7
2025-01-13 11:49:24,911 INFO    : Snapshot:3	0	10	Epoch:16	Loss:1.976	MRR:18.9	Hits@10:33.68	Best:18.9
2025-01-13 11:49:34,758 INFO    : Snapshot:3	1	10	Epoch:17	Loss:1.928	MRR:18.68	Hits@10:33.48	Best:18.9
2025-01-13 11:49:44,762 INFO    : Snapshot:3	2	10	Epoch:18	Loss:1.923	MRR:18.6	Hits@10:33.34	Best:18.9
2025-01-13 11:49:54,407 INFO    : Snapshot:3	0	10	Epoch:19	Loss:1.898	MRR:19.0	Hits@10:33.83	Best:19.0
2025-01-13 11:50:04,412 INFO    : Snapshot:3	1	10	Epoch:20	Loss:1.886	MRR:18.81	Hits@10:33.79	Best:19.0
2025-01-13 11:50:14,307 INFO    : Snapshot:3	2	10	Epoch:21	Loss:1.848	MRR:18.91	Hits@10:33.97	Best:19.0
2025-01-13 11:50:24,468 INFO    : Snapshot:3	0	10	Epoch:22	Loss:1.843	MRR:19.09	Hits@10:34.09	Best:19.09
2025-01-13 11:50:34,332 INFO    : Snapshot:3	1	10	Epoch:23	Loss:1.839	MRR:19.03	Hits@10:34.25	Best:19.09
2025-01-13 11:50:44,054 INFO    : Snapshot:3	2	10	Epoch:24	Loss:1.807	MRR:18.94	Hits@10:33.91	Best:19.09
2025-01-13 11:50:53,903 INFO    : Snapshot:3	3	10	Epoch:25	Loss:1.79	MRR:19.0	Hits@10:33.93	Best:19.09
2025-01-13 11:51:03,845 INFO    : Snapshot:3	4	10	Epoch:26	Loss:1.814	MRR:19.02	Hits@10:33.98	Best:19.09
2025-01-13 11:51:13,689 INFO    : Snapshot:3	5	10	Epoch:27	Loss:1.799	MRR:19.01	Hits@10:34.11	Best:19.09
2025-01-13 11:51:23,634 INFO    : Snapshot:3	6	10	Epoch:28	Loss:1.798	MRR:19.01	Hits@10:34.16	Best:19.09
2025-01-13 11:51:33,608 INFO    : Snapshot:3	7	10	Epoch:29	Loss:1.771	MRR:18.94	Hits@10:33.84	Best:19.09
2025-01-13 11:51:43,501 INFO    : Snapshot:3	8	10	Epoch:30	Loss:1.737	MRR:19.03	Hits@10:34.18	Best:19.09
2025-01-13 11:51:53,412 INFO    : Snapshot:3	9	10	Epoch:31	Loss:1.765	MRR:18.96	Hits@10:34.23	Best:19.09
2025-01-13 11:52:03,588 INFO    : Snapshot:3	0	10	Epoch:32	Loss:1.764	MRR:19.1	Hits@10:34.15	Best:19.1
2025-01-13 11:52:13,217 INFO    : Snapshot:3	1	10	Epoch:33	Loss:1.749	MRR:19.01	Hits@10:33.98	Best:19.1
2025-01-13 11:52:23,269 INFO    : Snapshot:3	0	10	Epoch:34	Loss:1.759	MRR:19.11	Hits@10:34.15	Best:19.11
2025-01-13 11:52:33,431 INFO    : Snapshot:3	0	10	Epoch:35	Loss:1.705	MRR:19.14	Hits@10:34.24	Best:19.14
2025-01-13 11:52:43,483 INFO    : Snapshot:3	1	10	Epoch:36	Loss:1.738	MRR:19.09	Hits@10:34.43	Best:19.14
2025-01-13 11:52:53,050 INFO    : Snapshot:3	2	10	Epoch:37	Loss:1.714	MRR:19.0	Hits@10:34.36	Best:19.14
2025-01-13 11:53:03,050 INFO    : Snapshot:3	0	10	Epoch:38	Loss:1.698	MRR:19.23	Hits@10:34.16	Best:19.23
2025-01-13 11:53:13,103 INFO    : Snapshot:3	0	10	Epoch:39	Loss:1.699	MRR:19.25	Hits@10:34.21	Best:19.25
2025-01-13 11:53:23,124 INFO    : Snapshot:3	0	10	Epoch:40	Loss:1.708	MRR:19.29	Hits@10:34.34	Best:19.29
2025-01-13 11:53:33,132 INFO    : Snapshot:3	1	10	Epoch:41	Loss:1.704	MRR:19.22	Hits@10:34.22	Best:19.29
2025-01-13 11:53:43,367 INFO    : Snapshot:3	0	10	Epoch:42	Loss:1.684	MRR:19.31	Hits@10:34.59	Best:19.31
2025-01-13 11:53:53,139 INFO    : Snapshot:3	1	10	Epoch:43	Loss:1.699	MRR:19.17	Hits@10:34.34	Best:19.31
2025-01-13 11:54:03,081 INFO    : Snapshot:3	2	10	Epoch:44	Loss:1.677	MRR:19.13	Hits@10:34.48	Best:19.31
2025-01-13 11:54:12,959 INFO    : Snapshot:3	3	10	Epoch:45	Loss:1.686	MRR:19.24	Hits@10:34.62	Best:19.31
2025-01-13 11:54:22,714 INFO    : Snapshot:3	4	10	Epoch:46	Loss:1.668	MRR:19.28	Hits@10:34.76	Best:19.31
2025-01-13 11:54:32,439 INFO    : Snapshot:3	5	10	Epoch:47	Loss:1.668	MRR:19.24	Hits@10:34.39	Best:19.31
2025-01-13 11:54:42,110 INFO    : Snapshot:3	6	10	Epoch:48	Loss:1.656	MRR:19.26	Hits@10:34.41	Best:19.31
2025-01-13 11:54:52,161 INFO    : Snapshot:3	0	10	Epoch:49	Loss:1.633	MRR:19.42	Hits@10:34.68	Best:19.42
2025-01-13 11:55:02,156 INFO    : Snapshot:3	1	10	Epoch:50	Loss:1.64	MRR:19.22	Hits@10:34.68	Best:19.42
2025-01-13 11:55:12,172 INFO    : Snapshot:3	2	10	Epoch:51	Loss:1.64	MRR:19.17	Hits@10:34.46	Best:19.42
2025-01-13 11:55:22,239 INFO    : Snapshot:3	3	10	Epoch:52	Loss:1.659	MRR:19.36	Hits@10:34.51	Best:19.42
2025-01-13 11:55:32,240 INFO    : Snapshot:3	0	10	Epoch:53	Loss:1.617	MRR:19.47	Hits@10:34.95	Best:19.47
2025-01-13 11:55:42,044 INFO    : Snapshot:3	1	10	Epoch:54	Loss:1.636	MRR:19.2	Hits@10:34.46	Best:19.47
2025-01-13 11:55:51,862 INFO    : Snapshot:3	2	10	Epoch:55	Loss:1.619	MRR:19.4	Hits@10:34.81	Best:19.47
2025-01-13 11:56:01,930 INFO    : Snapshot:3	3	10	Epoch:56	Loss:1.615	MRR:19.46	Hits@10:35.08	Best:19.47
2025-01-13 11:56:11,778 INFO    : Snapshot:3	4	10	Epoch:57	Loss:1.65	MRR:19.22	Hits@10:34.66	Best:19.47
2025-01-13 11:56:21,969 INFO    : Snapshot:3	5	10	Epoch:58	Loss:1.623	MRR:19.16	Hits@10:34.4	Best:19.47
2025-01-13 11:56:32,094 INFO    : Snapshot:3	6	10	Epoch:59	Loss:1.62	MRR:19.2	Hits@10:34.62	Best:19.47
2025-01-13 11:56:41,540 INFO    : Snapshot:3	7	10	Epoch:60	Loss:1.61	MRR:19.19	Hits@10:34.61	Best:19.47
2025-01-13 11:56:51,576 INFO    : Snapshot:3	8	10	Epoch:61	Loss:1.613	MRR:19.29	Hits@10:34.71	Best:19.47
2025-01-13 11:57:01,515 INFO    : Snapshot:3	9	10	Epoch:62	Loss:1.624	MRR:19.35	Hits@10:34.98	Best:19.47
2025-01-13 11:57:11,161 INFO    : Early Stopping! Snapshot:3 Epoch: 63 Best Results: 19.47
2025-01-13 11:57:11,261 INFO    : => loading checkpoint './checkpoint/ENTITY\3model_best.tar'
2025-01-13 11:57:26,855 INFO    : 
+------------+--------+--------+--------+--------+---------+
| Snapshot:3 |  MRR   | Hits@1 | Hits@3 | Hits@5 | Hits@10 |
+------------+--------+--------+--------+--------+---------+
|     0      | 0.3285 | 0.2086 | 0.3806 | 0.4552 |  0.5588 |
|     1      | 0.232  | 0.1418 | 0.2588 | 0.319  |  0.4099 |
|     2      | 0.206  | 0.1236 | 0.2307 | 0.2834 |  0.3644 |
|     3      | 0.1952 | 0.1144 | 0.2189 | 0.2726 |  0.3513 |
+------------+--------+--------+--------+--------+---------+
2025-01-13 11:57:42,633 INFO    : Snapshot:4	0	10	Epoch:0	Loss:7.279	MRR:18.38	Hits@10:30.61	Best:18.38
2025-01-13 11:57:50,473 INFO    : Snapshot:4	0	10	Epoch:1	Loss:2.014	MRR:20.07	Hits@10:33.64	Best:20.07
2025-01-13 11:57:58,354 INFO    : Snapshot:4	0	10	Epoch:2	Loss:1.597	MRR:20.83	Hits@10:36.16	Best:20.83
2025-01-13 11:58:06,045 INFO    : Snapshot:4	0	10	Epoch:3	Loss:1.388	MRR:21.33	Hits@10:36.85	Best:21.33
2025-01-13 11:58:13,939 INFO    : Snapshot:4	0	10	Epoch:4	Loss:1.301	MRR:21.82	Hits@10:37.68	Best:21.82
2025-01-13 11:58:21,821 INFO    : Snapshot:4	0	10	Epoch:5	Loss:1.179	MRR:22.16	Hits@10:38.56	Best:22.16
2025-01-13 11:58:29,800 INFO    : Snapshot:4	0	10	Epoch:6	Loss:1.122	MRR:22.5	Hits@10:39.18	Best:22.5
2025-01-13 11:58:37,581 INFO    : Snapshot:4	0	10	Epoch:7	Loss:1.093	MRR:22.64	Hits@10:39.54	Best:22.64
2025-01-13 11:58:45,485 INFO    : Snapshot:4	1	10	Epoch:8	Loss:1.025	MRR:22.54	Hits@10:39.27	Best:22.64
2025-01-13 11:58:53,387 INFO    : Snapshot:4	0	10	Epoch:9	Loss:0.99	MRR:22.87	Hits@10:39.78	Best:22.87
2025-01-13 11:59:01,319 INFO    : Snapshot:4	1	10	Epoch:10	Loss:0.983	MRR:22.77	Hits@10:40.03	Best:22.87
2025-01-13 11:59:09,145 INFO    : Snapshot:4	2	10	Epoch:11	Loss:0.94	MRR:22.87	Hits@10:39.8	Best:22.87
2025-01-13 11:59:17,249 INFO    : Snapshot:4	0	10	Epoch:12	Loss:0.937	MRR:23.22	Hits@10:41.17	Best:23.22
2025-01-13 11:59:25,125 INFO    : Snapshot:4	1	10	Epoch:13	Loss:0.906	MRR:23.15	Hits@10:40.71	Best:23.22
2025-01-13 11:59:33,145 INFO    : Snapshot:4	2	10	Epoch:14	Loss:0.895	MRR:22.95	Hits@10:40.21	Best:23.22
2025-01-13 11:59:41,026 INFO    : Snapshot:4	0	10	Epoch:15	Loss:0.899	MRR:23.37	Hits@10:41.02	Best:23.37
2025-01-13 11:59:48,945 INFO    : Snapshot:4	1	10	Epoch:16	Loss:0.865	MRR:23.15	Hits@10:40.69	Best:23.37
2025-01-13 11:59:57,021 INFO    : Snapshot:4	2	10	Epoch:17	Loss:0.84	MRR:23.23	Hits@10:41.0	Best:23.37
2025-01-13 12:00:05,097 INFO    : Snapshot:4	0	10	Epoch:18	Loss:0.829	MRR:23.41	Hits@10:40.89	Best:23.41
2025-01-13 12:00:13,078 INFO    : Snapshot:4	1	10	Epoch:19	Loss:0.825	MRR:23.36	Hits@10:41.11	Best:23.41
2025-01-13 12:00:20,967 INFO    : Snapshot:4	0	10	Epoch:20	Loss:0.803	MRR:23.5	Hits@10:41.27	Best:23.5
2025-01-13 12:00:28,924 INFO    : Snapshot:4	1	10	Epoch:21	Loss:0.81	MRR:23.46	Hits@10:41.47	Best:23.5
2025-01-13 12:00:36,946 INFO    : Snapshot:4	0	10	Epoch:22	Loss:0.807	MRR:23.51	Hits@10:41.39	Best:23.51
2025-01-13 12:00:44,927 INFO    : Snapshot:4	0	10	Epoch:23	Loss:0.782	MRR:23.68	Hits@10:41.73	Best:23.68
2025-01-13 12:00:52,878 INFO    : Snapshot:4	1	10	Epoch:24	Loss:0.793	MRR:23.66	Hits@10:41.64	Best:23.68
2025-01-13 12:01:00,796 INFO    : Snapshot:4	2	10	Epoch:25	Loss:0.77	MRR:23.46	Hits@10:41.27	Best:23.68
2025-01-13 12:01:08,627 INFO    : Snapshot:4	3	10	Epoch:26	Loss:0.77	MRR:23.49	Hits@10:41.56	Best:23.68
2025-01-13 12:01:16,477 INFO    : Snapshot:4	0	10	Epoch:27	Loss:0.752	MRR:23.71	Hits@10:41.68	Best:23.71
2025-01-13 12:01:24,334 INFO    : Snapshot:4	0	10	Epoch:28	Loss:0.758	MRR:23.75	Hits@10:42.15	Best:23.75
2025-01-13 12:01:32,304 INFO    : Snapshot:4	1	10	Epoch:29	Loss:0.754	MRR:23.66	Hits@10:41.82	Best:23.75
2025-01-13 12:01:39,906 INFO    : Snapshot:4	2	10	Epoch:30	Loss:0.748	MRR:23.75	Hits@10:41.83	Best:23.75
2025-01-13 12:01:47,730 INFO    : Snapshot:4	3	10	Epoch:31	Loss:0.755	MRR:23.67	Hits@10:41.49	Best:23.75
2025-01-13 12:01:55,523 INFO    : Snapshot:4	0	10	Epoch:32	Loss:0.754	MRR:23.88	Hits@10:42.01	Best:23.88
2025-01-13 12:02:03,271 INFO    : Snapshot:4	1	10	Epoch:33	Loss:0.726	MRR:23.73	Hits@10:42.0	Best:23.88
2025-01-13 12:02:11,127 INFO    : Snapshot:4	0	10	Epoch:34	Loss:0.735	MRR:23.99	Hits@10:42.07	Best:23.99
2025-01-13 12:02:19,093 INFO    : Snapshot:4	1	10	Epoch:35	Loss:0.726	MRR:23.99	Hits@10:42.16	Best:23.99
2025-01-13 12:02:26,979 INFO    : Snapshot:4	2	10	Epoch:36	Loss:0.72	MRR:23.91	Hits@10:42.21	Best:23.99
2025-01-13 12:02:34,601 INFO    : Snapshot:4	3	10	Epoch:37	Loss:0.73	MRR:23.87	Hits@10:41.87	Best:23.99
2025-01-13 12:02:42,427 INFO    : Snapshot:4	0	10	Epoch:38	Loss:0.728	MRR:24.02	Hits@10:42.14	Best:24.02
2025-01-13 12:02:50,189 INFO    : Snapshot:4	1	10	Epoch:39	Loss:0.699	MRR:23.94	Hits@10:42.16	Best:24.02
2025-01-13 12:02:57,830 INFO    : Snapshot:4	2	10	Epoch:40	Loss:0.725	MRR:23.79	Hits@10:42.01	Best:24.02
2025-01-13 12:03:05,479 INFO    : Snapshot:4	3	10	Epoch:41	Loss:0.706	MRR:23.79	Hits@10:42.07	Best:24.02
2025-01-13 12:03:13,554 INFO    : Snapshot:4	4	10	Epoch:42	Loss:0.709	MRR:23.97	Hits@10:42.35	Best:24.02
2025-01-13 12:03:21,395 INFO    : Snapshot:4	5	10	Epoch:43	Loss:0.704	MRR:23.89	Hits@10:42.18	Best:24.02
2025-01-13 12:03:29,366 INFO    : Snapshot:4	0	10	Epoch:44	Loss:0.69	MRR:24.06	Hits@10:42.41	Best:24.06
2025-01-13 12:03:37,233 INFO    : Snapshot:4	1	10	Epoch:45	Loss:0.686	MRR:24.02	Hits@10:42.21	Best:24.06
2025-01-13 12:03:45,152 INFO    : Snapshot:4	2	10	Epoch:46	Loss:0.686	MRR:24.02	Hits@10:42.16	Best:24.06
2025-01-13 12:03:52,819 INFO    : Snapshot:4	3	10	Epoch:47	Loss:0.7	MRR:23.97	Hits@10:42.01	Best:24.06
2025-01-13 12:04:00,701 INFO    : Snapshot:4	4	10	Epoch:48	Loss:0.694	MRR:23.95	Hits@10:42.61	Best:24.06
2025-01-13 12:04:08,584 INFO    : Snapshot:4	5	10	Epoch:49	Loss:0.687	MRR:23.99	Hits@10:42.17	Best:24.06
2025-01-13 12:04:16,467 INFO    : Snapshot:4	6	10	Epoch:50	Loss:0.676	MRR:23.95	Hits@10:42.43	Best:24.06
2025-01-13 12:04:24,199 INFO    : Snapshot:4	7	10	Epoch:51	Loss:0.692	MRR:23.81	Hits@10:42.26	Best:24.06
2025-01-13 12:04:32,126 INFO    : Snapshot:4	8	10	Epoch:52	Loss:0.698	MRR:23.86	Hits@10:42.1	Best:24.06
2025-01-13 12:04:40,132 INFO    : Snapshot:4	9	10	Epoch:53	Loss:0.68	MRR:23.92	Hits@10:42.41	Best:24.06
2025-01-13 12:04:48,019 INFO    : Early Stopping! Snapshot:4 Epoch: 54 Best Results: 24.06
2025-01-13 12:04:48,119 INFO    : => loading checkpoint './checkpoint/ENTITY\4model_best.tar'
2025-01-13 12:05:09,013 INFO    : 
+------------+--------+--------+--------+--------+---------+
| Snapshot:4 |  MRR   | Hits@1 | Hits@3 | Hits@5 | Hits@10 |
+------------+--------+--------+--------+--------+---------+
|     0      | 0.3285 | 0.2086 | 0.3806 | 0.4552 |  0.5588 |
|     1      | 0.232  | 0.1418 | 0.2588 | 0.319  |  0.4099 |
|     2      | 0.206  | 0.1236 | 0.2307 | 0.2834 |  0.3644 |
|     3      | 0.1952 | 0.1144 | 0.2189 | 0.2726 |  0.3513 |
|     4      | 0.2399 | 0.1437 | 0.2789 | 0.343  |  0.4235 |
+------------+--------+--------+--------+--------+---------+
2025-01-13 12:05:09,013 INFO    : Final Result:
[+------------+--------+--------+--------+--------+---------+
| Snapshot:0 |  MRR   | Hits@1 | Hits@3 | Hits@5 | Hits@10 |
+------------+--------+--------+--------+--------+---------+
|     0      | 0.3285 | 0.2086 | 0.3806 | 0.4552 |  0.5588 |
+------------+--------+--------+--------+--------+---------+, +------------+--------+--------+--------+--------+---------+
| Snapshot:1 |  MRR   | Hits@1 | Hits@3 | Hits@5 | Hits@10 |
+------------+--------+--------+--------+--------+---------+
|     0      | 0.3285 | 0.2086 | 0.3806 | 0.4552 |  0.5588 |
|     1      | 0.232  | 0.1418 | 0.2588 | 0.319  |  0.4099 |
+------------+--------+--------+--------+--------+---------+, +------------+--------+--------+--------+--------+---------+
| Snapshot:2 |  MRR   | Hits@1 | Hits@3 | Hits@5 | Hits@10 |
+------------+--------+--------+--------+--------+---------+
|     0      | 0.3285 | 0.2086 | 0.3806 | 0.4552 |  0.5588 |
|     1      | 0.232  | 0.1418 | 0.2588 | 0.319  |  0.4099 |
|     2      | 0.206  | 0.1236 | 0.2307 | 0.2834 |  0.3644 |
+------------+--------+--------+--------+--------+---------+, +------------+--------+--------+--------+--------+---------+
| Snapshot:3 |  MRR   | Hits@1 | Hits@3 | Hits@5 | Hits@10 |
+------------+--------+--------+--------+--------+---------+
|     0      | 0.3285 | 0.2086 | 0.3806 | 0.4552 |  0.5588 |
|     1      | 0.232  | 0.1418 | 0.2588 | 0.319  |  0.4099 |
|     2      | 0.206  | 0.1236 | 0.2307 | 0.2834 |  0.3644 |
|     3      | 0.1952 | 0.1144 | 0.2189 | 0.2726 |  0.3513 |
+------------+--------+--------+--------+--------+---------+, +------------+--------+--------+--------+--------+---------+
| Snapshot:4 |  MRR   | Hits@1 | Hits@3 | Hits@5 | Hits@10 |
+------------+--------+--------+--------+--------+---------+
|     0      | 0.3285 | 0.2086 | 0.3806 | 0.4552 |  0.5588 |
|     1      | 0.232  | 0.1418 | 0.2588 | 0.319  |  0.4099 |
|     2      | 0.206  | 0.1236 | 0.2307 | 0.2834 |  0.3644 |
|     3      | 0.1952 | 0.1144 | 0.2189 | 0.2726 |  0.3513 |
|     4      | 0.2399 | 0.1437 | 0.2789 | 0.343  |  0.4235 |
+------------+--------+--------+--------+--------+---------+]
2025-01-13 12:05:09,013 INFO    : Report Result:
+----------+--------------------+-----------+--------------+--------------+---------------+
| Snapshot |        Time        | Whole_MRR | Whole_Hits@1 | Whole_Hits@3 | Whole_Hits@10 |
+----------+--------------------+-----------+--------------+--------------+---------------+
|    0     | 62.49366116523743  |   0.329   |    0.209     |    0.381     |     0.559     |
|    1     |  713.293701171875  |    0.27   |    0.168     |    0.306     |     0.468     |
|    2     | 678.4586217403412  |   0.245   |    0.151     |    0.277     |     0.428     |
|    3     | 637.6372830867767  |   0.232   |    0.141     |    0.262     |     0.408     |
|    4     | 435.98825430870056 |   0.233   |    0.142     |    0.264     |      0.41     |
+----------+--------------------+-----------+--------------+--------------+---------------+
2025-01-13 12:05:09,013 INFO    : Sum_Training_Time:2527.871521472931
2025-01-13 12:05:09,013 INFO    : Every_Training_Time:[62.49366116523743, 713.293701171875, 678.4586217403412, 637.6372830867767, 435.98825430870056]
2025-01-13 12:05:09,013 INFO    : Forward transfer: 0.038849999999999996 Backward transfer: 0.0
