2024-10-05 17:42:38,421 INFO    : Namespace(batch_size='1024', data_path='./data/WN_CKGE/', dataset='WN_CKGE', debug=False, device=device(type='cuda', index=0), emb_dim=200, ent_r='20', epoch_num=200, explore=False, gpu='0', l2=0.0, learning_rate='2e-1', log_path='./logs/WN_CKGE 20 5 2e-1 1024/WN_CKGE 20241005174234', logger=<RootLogger root (INFO)>, margin=8.0, model_name='LoraKGE_Layers', multi_layers_path='train_sorted_by_edges_betweenness.txt', neg_ratio=10, note='', num_ent_layers='5', num_layer=1, num_rel_layers='1', patience=3, predict_result='True', r=100, r_fixed=True, random_seed=3407, record=False, rel_r='200', save_path='./checkpoint/WN_CKGE', skip_previous='False', snapshot_num=5, train_new=True, using_multi_layers=False, using_various_ranks='True', using_various_ranks_reverse=False, valid_metrics='mrr')
2024-10-05 17:42:50,108 INFO    : Snapshot:0	0	3	Epoch:0	Loss:43.873	MRR:0.82	Hits@10:1.92	Best:0.82
2024-10-05 17:43:01,215 INFO    : Snapshot:0	0	3	Epoch:1	Loss:28.425	MRR:2.42	Hits@10:6.33	Best:2.42
2024-10-05 17:43:12,126 INFO    : Snapshot:0	0	3	Epoch:2	Loss:16.858	MRR:9.07	Hits@10:21.52	Best:9.07
2024-10-05 17:43:23,144 INFO    : Snapshot:0	0	3	Epoch:3	Loss:10.631	MRR:12.21	Hits@10:27.73	Best:12.21
2024-10-05 17:43:34,335 INFO    : Snapshot:0	0	3	Epoch:4	Loss:7.432	MRR:13.39	Hits@10:29.97	Best:13.39
2024-10-05 17:43:45,349 INFO    : Snapshot:0	0	3	Epoch:5	Loss:5.584	MRR:14.12	Hits@10:31.38	Best:14.12
2024-10-05 17:43:56,449 INFO    : Snapshot:0	0	3	Epoch:6	Loss:4.378	MRR:14.57	Hits@10:32.16	Best:14.57
2024-10-05 17:44:07,650 INFO    : Snapshot:0	0	3	Epoch:7	Loss:3.481	MRR:14.86	Hits@10:32.57	Best:14.86
2024-10-05 17:44:18,786 INFO    : Snapshot:0	0	3	Epoch:8	Loss:2.775	MRR:15.13	Hits@10:33.16	Best:15.13
2024-10-05 17:44:29,722 INFO    : Snapshot:0	0	3	Epoch:9	Loss:2.249	MRR:15.4	Hits@10:33.64	Best:15.4
2024-10-05 17:44:40,736 INFO    : Snapshot:0	0	3	Epoch:10	Loss:1.809	MRR:15.58	Hits@10:34.25	Best:15.58
2024-10-05 17:44:51,749 INFO    : Snapshot:0	0	3	Epoch:11	Loss:1.471	MRR:15.79	Hits@10:34.65	Best:15.79
2024-10-05 17:45:02,774 INFO    : Snapshot:0	0	3	Epoch:12	Loss:1.231	MRR:15.98	Hits@10:35.04	Best:15.98
2024-10-05 17:45:13,901 INFO    : Snapshot:0	0	3	Epoch:13	Loss:1.003	MRR:16.17	Hits@10:35.6	Best:16.17
2024-10-05 17:45:24,958 INFO    : Snapshot:0	0	3	Epoch:14	Loss:0.852	MRR:16.37	Hits@10:36.0	Best:16.37
2024-10-05 17:45:35,910 INFO    : Snapshot:0	0	3	Epoch:15	Loss:0.715	MRR:16.55	Hits@10:36.19	Best:16.55
2024-10-05 17:45:46,893 INFO    : Snapshot:0	0	3	Epoch:16	Loss:0.595	MRR:16.81	Hits@10:36.74	Best:16.81
2024-10-05 17:45:57,820 INFO    : Snapshot:0	0	3	Epoch:17	Loss:0.499	MRR:16.83	Hits@10:36.97	Best:16.83
2024-10-05 17:46:08,871 INFO    : Snapshot:0	0	3	Epoch:18	Loss:0.408	MRR:16.93	Hits@10:37.23	Best:16.93
2024-10-05 17:46:19,915 INFO    : Snapshot:0	0	3	Epoch:19	Loss:0.343	MRR:17.0	Hits@10:37.68	Best:17.0
2024-10-05 17:46:30,845 INFO    : Snapshot:0	1	3	Epoch:20	Loss:0.284	MRR:16.95	Hits@10:37.81	Best:17.0
2024-10-05 17:46:41,851 INFO    : Snapshot:0	0	3	Epoch:21	Loss:0.252	MRR:17.02	Hits@10:37.85	Best:17.02
2024-10-05 17:46:52,884 INFO    : Snapshot:0	1	3	Epoch:22	Loss:0.228	MRR:17.0	Hits@10:38.01	Best:17.02
2024-10-05 17:47:03,874 INFO    : Snapshot:0	0	3	Epoch:23	Loss:0.193	MRR:17.06	Hits@10:38.26	Best:17.06
2024-10-05 17:47:14,858 INFO    : Snapshot:0	0	3	Epoch:24	Loss:0.178	MRR:17.12	Hits@10:38.45	Best:17.12
2024-10-05 17:47:25,848 INFO    : Snapshot:0	1	3	Epoch:25	Loss:0.16	MRR:17.08	Hits@10:38.38	Best:17.12
2024-10-05 17:47:36,614 INFO    : Snapshot:0	2	3	Epoch:26	Loss:0.149	MRR:17.09	Hits@10:38.57	Best:17.12
2024-10-05 17:47:47,574 INFO    : Snapshot:0	0	3	Epoch:27	Loss:0.136	MRR:17.13	Hits@10:38.9	Best:17.13
2024-10-05 17:47:58,490 INFO    : Snapshot:0	1	3	Epoch:28	Loss:0.137	MRR:17.13	Hits@10:39.09	Best:17.13
2024-10-05 17:48:09,452 INFO    : Snapshot:0	0	3	Epoch:29	Loss:0.13	MRR:17.16	Hits@10:39.22	Best:17.16
2024-10-05 17:48:20,391 INFO    : Snapshot:0	1	3	Epoch:30	Loss:0.12	MRR:17.16	Hits@10:39.24	Best:17.16
2024-10-05 17:48:31,376 INFO    : Snapshot:0	2	3	Epoch:31	Loss:0.118	MRR:17.16	Hits@10:39.45	Best:17.16
2024-10-05 17:48:42,307 INFO    : Snapshot:0	0	3	Epoch:32	Loss:0.112	MRR:17.2	Hits@10:39.4	Best:17.2
2024-10-05 17:48:53,235 INFO    : Snapshot:0	1	3	Epoch:33	Loss:0.113	MRR:17.15	Hits@10:39.7	Best:17.2
2024-10-05 17:49:04,080 INFO    : Snapshot:0	0	3	Epoch:34	Loss:0.111	MRR:17.23	Hits@10:39.72	Best:17.23
2024-10-05 17:49:14,969 INFO    : Snapshot:0	0	3	Epoch:35	Loss:0.105	MRR:17.26	Hits@10:39.75	Best:17.26
2024-10-05 17:49:25,825 INFO    : Snapshot:0	1	3	Epoch:36	Loss:0.108	MRR:17.23	Hits@10:39.89	Best:17.26
2024-10-05 17:49:36,778 INFO    : Snapshot:0	2	3	Epoch:37	Loss:0.101	MRR:17.23	Hits@10:39.83	Best:17.26
2024-10-05 17:49:47,782 INFO    : Snapshot:0	0	3	Epoch:38	Loss:0.104	MRR:17.29	Hits@10:40.03	Best:17.29
2024-10-05 17:49:58,752 INFO    : Snapshot:0	1	3	Epoch:39	Loss:0.101	MRR:17.23	Hits@10:40.13	Best:17.29
2024-10-05 17:50:09,834 INFO    : Snapshot:0	0	3	Epoch:40	Loss:0.099	MRR:17.36	Hits@10:40.34	Best:17.36
2024-10-05 17:50:20,780 INFO    : Snapshot:0	1	3	Epoch:41	Loss:0.098	MRR:17.3	Hits@10:40.15	Best:17.36
2024-10-05 17:50:31,727 INFO    : Snapshot:0	2	3	Epoch:42	Loss:0.097	MRR:17.26	Hits@10:40.34	Best:17.36
2024-10-05 17:50:42,496 INFO    : Early Stopping! Snapshot:0 Epoch: 43 Best Results: 17.36
2024-10-05 17:50:42,532 INFO    : => loading checkpoint './checkpoint/WN_CKGE\0model_best.tar'
2024-10-05 17:50:54,244 INFO    : 
+------------+--------+--------+--------+--------+---------+
| Snapshot:0 |  MRR   | Hits@1 | Hits@3 | Hits@5 | Hits@10 |
+------------+--------+--------+--------+--------+---------+
|     0      | 0.1751 | 0.0109 | 0.3144 | 0.3552 |  0.4036 |
+------------+--------+--------+--------+--------+---------+
2024-10-05 17:51:10,919 INFO    : Snapshot:1	0	3	Epoch:0	Loss:6.578	MRR:2.73	Hits@10:6.96	Best:2.73
2024-10-05 17:51:18,543 INFO    : Snapshot:1	0	3	Epoch:1	Loss:3.984	MRR:4.64	Hits@10:13.15	Best:4.64
2024-10-05 17:51:26,191 INFO    : Snapshot:1	0	3	Epoch:2	Loss:2.861	MRR:6.32	Hits@10:17.5	Best:6.32
2024-10-05 17:51:33,824 INFO    : Snapshot:1	0	3	Epoch:3	Loss:2.253	MRR:7.58	Hits@10:20.16	Best:7.58
2024-10-05 17:51:41,450 INFO    : Snapshot:1	0	3	Epoch:4	Loss:1.884	MRR:8.32	Hits@10:22.23	Best:8.32
2024-10-05 17:51:49,077 INFO    : Snapshot:1	0	3	Epoch:5	Loss:1.645	MRR:8.91	Hits@10:23.71	Best:8.91
2024-10-05 17:51:56,704 INFO    : Snapshot:1	0	3	Epoch:6	Loss:1.487	MRR:9.22	Hits@10:24.49	Best:9.22
2024-10-05 17:52:04,331 INFO    : Snapshot:1	0	3	Epoch:7	Loss:1.381	MRR:9.69	Hits@10:25.03	Best:9.69
2024-10-05 17:52:11,968 INFO    : Snapshot:1	0	3	Epoch:8	Loss:1.296	MRR:9.82	Hits@10:25.99	Best:9.82
2024-10-05 17:52:19,598 INFO    : Snapshot:1	0	3	Epoch:9	Loss:1.232	MRR:10.0	Hits@10:26.16	Best:10.0
2024-10-05 17:52:27,263 INFO    : Snapshot:1	0	3	Epoch:10	Loss:1.184	MRR:10.08	Hits@10:26.48	Best:10.08
2024-10-05 17:52:34,990 INFO    : Snapshot:1	0	3	Epoch:11	Loss:1.143	MRR:10.27	Hits@10:26.99	Best:10.27
2024-10-05 17:52:42,625 INFO    : Snapshot:1	0	3	Epoch:12	Loss:1.11	MRR:10.52	Hits@10:27.42	Best:10.52
2024-10-05 17:52:50,265 INFO    : Snapshot:1	0	3	Epoch:13	Loss:1.08	MRR:10.55	Hits@10:27.58	Best:10.55
2024-10-05 17:52:57,903 INFO    : Snapshot:1	0	3	Epoch:14	Loss:1.053	MRR:10.62	Hits@10:27.58	Best:10.62
2024-10-05 17:53:05,552 INFO    : Snapshot:1	1	3	Epoch:15	Loss:1.031	MRR:10.58	Hits@10:27.74	Best:10.62
2024-10-05 17:53:13,190 INFO    : Snapshot:1	0	3	Epoch:16	Loss:1.012	MRR:10.71	Hits@10:27.74	Best:10.71
2024-10-05 17:53:20,800 INFO    : Snapshot:1	0	3	Epoch:17	Loss:0.99	MRR:10.79	Hits@10:28.12	Best:10.79
2024-10-05 17:53:28,433 INFO    : Snapshot:1	0	3	Epoch:18	Loss:0.986	MRR:10.82	Hits@10:27.93	Best:10.82
2024-10-05 17:53:36,046 INFO    : Snapshot:1	0	3	Epoch:19	Loss:0.978	MRR:10.89	Hits@10:27.82	Best:10.89
2024-10-05 17:53:43,676 INFO    : Snapshot:1	0	3	Epoch:20	Loss:0.957	MRR:10.93	Hits@10:28.01	Best:10.93
2024-10-05 17:53:51,327 INFO    : Snapshot:1	0	3	Epoch:21	Loss:0.955	MRR:11.02	Hits@10:28.2	Best:11.02
2024-10-05 17:53:58,950 INFO    : Snapshot:1	1	3	Epoch:22	Loss:0.939	MRR:11.01	Hits@10:28.15	Best:11.02
2024-10-05 17:54:06,572 INFO    : Snapshot:1	2	3	Epoch:23	Loss:0.923	MRR:10.97	Hits@10:28.17	Best:11.02
2024-10-05 17:54:14,179 INFO    : Early Stopping! Snapshot:1 Epoch: 24 Best Results: 11.02
2024-10-05 17:54:14,214 INFO    : => loading checkpoint './checkpoint/WN_CKGE\1model_best.tar'
2024-10-05 17:54:34,171 INFO    : 
+------------+--------+--------+--------+--------+---------+
| Snapshot:1 |  MRR   | Hits@1 | Hits@3 | Hits@5 | Hits@10 |
+------------+--------+--------+--------+--------+---------+
|     0      | 0.1751 | 0.0109 | 0.3144 | 0.3552 |  0.4036 |
|     1      | 0.1069 | 0.0081 | 0.172  | 0.2199 |  0.2734 |
+------------+--------+--------+--------+--------+---------+
2024-10-05 17:55:07,692 INFO    : Snapshot:2	0	3	Epoch:0	Loss:6.569	MRR:2.13	Hits@10:5.46	Best:2.13
2024-10-05 17:55:23,671 INFO    : Snapshot:2	0	3	Epoch:1	Loss:3.985	MRR:4.13	Hits@10:11.13	Best:4.13
2024-10-05 17:55:39,653 INFO    : Snapshot:2	0	3	Epoch:2	Loss:2.829	MRR:5.67	Hits@10:15.32	Best:5.67
2024-10-05 17:55:55,634 INFO    : Snapshot:2	0	3	Epoch:3	Loss:2.205	MRR:6.89	Hits@10:18.55	Best:6.89
2024-10-05 17:56:11,602 INFO    : Snapshot:2	0	3	Epoch:4	Loss:1.826	MRR:7.66	Hits@10:20.08	Best:7.66
2024-10-05 17:56:27,575 INFO    : Snapshot:2	0	3	Epoch:5	Loss:1.597	MRR:8.25	Hits@10:20.97	Best:8.25
2024-10-05 17:56:43,551 INFO    : Snapshot:2	0	3	Epoch:6	Loss:1.444	MRR:8.49	Hits@10:21.75	Best:8.49
2024-10-05 17:56:59,532 INFO    : Snapshot:2	0	3	Epoch:7	Loss:1.334	MRR:8.82	Hits@10:22.5	Best:8.82
2024-10-05 17:57:15,504 INFO    : Snapshot:2	0	3	Epoch:8	Loss:1.256	MRR:9.1	Hits@10:23.06	Best:9.1
2024-10-05 17:57:31,477 INFO    : Snapshot:2	0	3	Epoch:9	Loss:1.201	MRR:9.3	Hits@10:23.23	Best:9.3
2024-10-05 17:57:47,474 INFO    : Snapshot:2	0	3	Epoch:10	Loss:1.153	MRR:9.41	Hits@10:23.66	Best:9.41
2024-10-05 17:58:03,445 INFO    : Snapshot:2	0	3	Epoch:11	Loss:1.115	MRR:9.58	Hits@10:23.82	Best:9.58
2024-10-05 17:58:19,409 INFO    : Snapshot:2	0	3	Epoch:12	Loss:1.077	MRR:9.63	Hits@10:24.27	Best:9.63
2024-10-05 17:58:35,370 INFO    : Snapshot:2	0	3	Epoch:13	Loss:1.051	MRR:9.67	Hits@10:24.3	Best:9.67
2024-10-05 17:58:51,335 INFO    : Snapshot:2	0	3	Epoch:14	Loss:1.042	MRR:9.69	Hits@10:24.19	Best:9.69
2024-10-05 17:59:07,314 INFO    : Snapshot:2	0	3	Epoch:15	Loss:1.011	MRR:9.74	Hits@10:24.46	Best:9.74
2024-10-05 17:59:23,273 INFO    : Snapshot:2	0	3	Epoch:16	Loss:0.993	MRR:9.79	Hits@10:24.19	Best:9.79
2024-10-05 17:59:39,249 INFO    : Snapshot:2	0	3	Epoch:17	Loss:0.973	MRR:9.97	Hits@10:24.49	Best:9.97
2024-10-05 17:59:55,192 INFO    : Snapshot:2	1	3	Epoch:18	Loss:0.959	MRR:9.92	Hits@10:24.68	Best:9.97
2024-10-05 18:00:11,164 INFO    : Snapshot:2	0	3	Epoch:19	Loss:0.947	MRR:9.99	Hits@10:24.92	Best:9.99
2024-10-05 18:00:27,099 INFO    : Snapshot:2	1	3	Epoch:20	Loss:0.937	MRR:9.99	Hits@10:24.92	Best:9.99
2024-10-05 18:00:43,060 INFO    : Snapshot:2	0	3	Epoch:21	Loss:0.928	MRR:10.06	Hits@10:25.0	Best:10.06
2024-10-05 18:00:59,018 INFO    : Snapshot:2	1	3	Epoch:22	Loss:0.919	MRR:10.05	Hits@10:25.03	Best:10.06
2024-10-05 18:01:15,014 INFO    : Snapshot:2	0	3	Epoch:23	Loss:0.898	MRR:10.09	Hits@10:25.08	Best:10.09
2024-10-05 18:01:31,019 INFO    : Snapshot:2	0	3	Epoch:24	Loss:0.899	MRR:10.12	Hits@10:24.87	Best:10.12
2024-10-05 18:01:47,086 INFO    : Snapshot:2	0	3	Epoch:25	Loss:0.893	MRR:10.16	Hits@10:25.13	Best:10.16
2024-10-05 18:02:03,078 INFO    : Snapshot:2	0	3	Epoch:26	Loss:0.883	MRR:10.25	Hits@10:24.87	Best:10.25
2024-10-05 18:02:19,041 INFO    : Snapshot:2	1	3	Epoch:27	Loss:0.881	MRR:10.17	Hits@10:24.87	Best:10.25
2024-10-05 18:02:35,000 INFO    : Snapshot:2	2	3	Epoch:28	Loss:0.864	MRR:10.13	Hits@10:24.73	Best:10.25
2024-10-05 18:02:50,972 INFO    : Early Stopping! Snapshot:2 Epoch: 29 Best Results: 10.25
2024-10-05 18:02:51,009 INFO    : => loading checkpoint './checkpoint/WN_CKGE\2model_best.tar'
2024-10-05 18:03:27,348 INFO    : 
+------------+--------+--------+--------+--------+---------+
| Snapshot:2 |  MRR   | Hits@1 | Hits@3 | Hits@5 | Hits@10 |
+------------+--------+--------+--------+--------+---------+
|     0      | 0.1751 | 0.0109 | 0.3144 | 0.3552 |  0.4036 |
|     1      | 0.1069 | 0.0081 | 0.172  | 0.2199 |  0.2734 |
|     2      | 0.1046 | 0.0094 | 0.1726 | 0.2151 |  0.2632 |
+------------+--------+--------+--------+--------+---------+
2024-10-05 18:04:05,340 INFO    : Snapshot:3	0	3	Epoch:0	Loss:6.559	MRR:1.83	Hits@10:4.38	Best:1.83
2024-10-05 18:04:23,343 INFO    : Snapshot:3	0	3	Epoch:1	Loss:3.983	MRR:3.53	Hits@10:9.54	Best:3.53
2024-10-05 18:04:41,332 INFO    : Snapshot:3	0	3	Epoch:2	Loss:2.802	MRR:5.14	Hits@10:13.98	Best:5.14
2024-10-05 18:04:59,338 INFO    : Snapshot:3	0	3	Epoch:3	Loss:2.165	MRR:6.46	Hits@10:17.04	Best:6.46
2024-10-05 18:05:17,359 INFO    : Snapshot:3	0	3	Epoch:4	Loss:1.782	MRR:7.26	Hits@10:18.55	Best:7.26
2024-10-05 18:05:35,361 INFO    : Snapshot:3	0	3	Epoch:5	Loss:1.558	MRR:7.75	Hits@10:19.54	Best:7.75
2024-10-05 18:05:53,362 INFO    : Snapshot:3	0	3	Epoch:6	Loss:1.394	MRR:8.05	Hits@10:20.4	Best:8.05
2024-10-05 18:06:11,379 INFO    : Snapshot:3	0	3	Epoch:7	Loss:1.287	MRR:8.38	Hits@10:21.08	Best:8.38
2024-10-05 18:06:29,396 INFO    : Snapshot:3	0	3	Epoch:8	Loss:1.207	MRR:8.48	Hits@10:21.45	Best:8.48
2024-10-05 18:06:47,401 INFO    : Snapshot:3	0	3	Epoch:9	Loss:1.153	MRR:8.86	Hits@10:21.61	Best:8.86
2024-10-05 18:07:05,403 INFO    : Snapshot:3	0	3	Epoch:10	Loss:1.102	MRR:8.99	Hits@10:21.8	Best:8.99
2024-10-05 18:07:23,425 INFO    : Snapshot:3	0	3	Epoch:11	Loss:1.063	MRR:9.05	Hits@10:21.91	Best:9.05
2024-10-05 18:07:41,457 INFO    : Snapshot:3	0	3	Epoch:12	Loss:1.033	MRR:9.17	Hits@10:22.23	Best:9.17
2024-10-05 18:07:59,485 INFO    : Snapshot:3	0	3	Epoch:13	Loss:1.012	MRR:9.2	Hits@10:22.5	Best:9.2
2024-10-05 18:08:17,486 INFO    : Snapshot:3	0	3	Epoch:14	Loss:0.985	MRR:9.28	Hits@10:22.5	Best:9.28
2024-10-05 18:08:35,487 INFO    : Snapshot:3	1	3	Epoch:15	Loss:0.966	MRR:9.25	Hits@10:22.55	Best:9.28
2024-10-05 18:08:53,476 INFO    : Snapshot:3	0	3	Epoch:16	Loss:0.953	MRR:9.34	Hits@10:22.69	Best:9.34
2024-10-05 18:09:11,457 INFO    : Snapshot:3	0	3	Epoch:17	Loss:0.941	MRR:9.45	Hits@10:22.8	Best:9.45
2024-10-05 18:09:29,435 INFO    : Snapshot:3	1	3	Epoch:18	Loss:0.919	MRR:9.41	Hits@10:22.85	Best:9.45
2024-10-05 18:09:47,430 INFO    : Snapshot:3	2	3	Epoch:19	Loss:0.91	MRR:9.37	Hits@10:22.88	Best:9.45
2024-10-05 18:10:05,427 INFO    : Snapshot:3	0	3	Epoch:20	Loss:0.899	MRR:9.52	Hits@10:23.09	Best:9.52
2024-10-05 18:10:23,417 INFO    : Snapshot:3	0	3	Epoch:21	Loss:0.888	MRR:9.61	Hits@10:23.04	Best:9.61
2024-10-05 18:10:41,396 INFO    : Snapshot:3	0	3	Epoch:22	Loss:0.885	MRR:9.66	Hits@10:23.2	Best:9.66
2024-10-05 18:10:59,393 INFO    : Snapshot:3	0	3	Epoch:23	Loss:0.871	MRR:9.74	Hits@10:23.66	Best:9.74
2024-10-05 18:11:17,372 INFO    : Snapshot:3	1	3	Epoch:24	Loss:0.867	MRR:9.7	Hits@10:23.17	Best:9.74
2024-10-05 18:11:35,343 INFO    : Snapshot:3	2	3	Epoch:25	Loss:0.853	MRR:9.68	Hits@10:23.15	Best:9.74
2024-10-05 18:11:53,317 INFO    : Early Stopping! Snapshot:3 Epoch: 26 Best Results: 9.74
2024-10-05 18:11:53,363 INFO    : => loading checkpoint './checkpoint/WN_CKGE\3model_best.tar'
2024-10-05 18:12:48,128 INFO    : 
+------------+--------+--------+--------+--------+---------+
| Snapshot:3 |  MRR   | Hits@1 | Hits@3 | Hits@5 | Hits@10 |
+------------+--------+--------+--------+--------+---------+
|     0      | 0.1751 | 0.0109 | 0.3144 | 0.3552 |  0.4036 |
|     1      | 0.1069 | 0.0081 | 0.172  | 0.2199 |  0.2734 |
|     2      | 0.1046 | 0.0094 | 0.1726 | 0.2151 |  0.2632 |
|     3      | 0.0953 | 0.0089 | 0.1543 | 0.1938 |  0.2371 |
+------------+--------+--------+--------+--------+---------+
2024-10-05 18:12:57,592 INFO    : Snapshot:4	0	3	Epoch:0	Loss:6.493	MRR:7.56	Hits@10:18.25	Best:7.56
2024-10-05 18:13:00,575 INFO    : Snapshot:4	0	3	Epoch:1	Loss:3.871	MRR:8.21	Hits@10:19.97	Best:8.21
2024-10-05 18:13:03,558 INFO    : Snapshot:4	0	3	Epoch:2	Loss:2.715	MRR:8.85	Hits@10:21.42	Best:8.85
2024-10-05 18:13:06,663 INFO    : Snapshot:4	0	3	Epoch:3	Loss:2.07	MRR:9.31	Hits@10:22.1	Best:9.31
2024-10-05 18:13:09,682 INFO    : Snapshot:4	0	3	Epoch:4	Loss:1.706	MRR:9.51	Hits@10:22.77	Best:9.51
2024-10-05 18:13:12,686 INFO    : Snapshot:4	0	3	Epoch:5	Loss:1.476	MRR:9.69	Hits@10:23.28	Best:9.69
2024-10-05 18:13:15,671 INFO    : Snapshot:4	0	3	Epoch:6	Loss:1.322	MRR:9.87	Hits@10:23.71	Best:9.87
2024-10-05 18:13:18,669 INFO    : Snapshot:4	0	3	Epoch:7	Loss:1.219	MRR:9.93	Hits@10:23.9	Best:9.93
2024-10-05 18:13:21,672 INFO    : Snapshot:4	0	3	Epoch:8	Loss:1.153	MRR:10.11	Hits@10:24.06	Best:10.11
2024-10-05 18:13:24,675 INFO    : Snapshot:4	0	3	Epoch:9	Loss:1.083	MRR:10.13	Hits@10:24.38	Best:10.13
2024-10-05 18:13:27,665 INFO    : Snapshot:4	1	3	Epoch:10	Loss:1.045	MRR:10.1	Hits@10:24.25	Best:10.13
2024-10-05 18:13:30,658 INFO    : Snapshot:4	0	3	Epoch:11	Loss:1.004	MRR:10.23	Hits@10:24.35	Best:10.23
2024-10-05 18:13:33,658 INFO    : Snapshot:4	0	3	Epoch:12	Loss:0.978	MRR:10.27	Hits@10:24.46	Best:10.27
2024-10-05 18:13:36,643 INFO    : Snapshot:4	1	3	Epoch:13	Loss:0.96	MRR:10.23	Hits@10:24.68	Best:10.27
2024-10-05 18:13:39,633 INFO    : Snapshot:4	0	3	Epoch:14	Loss:0.931	MRR:10.31	Hits@10:24.89	Best:10.31
2024-10-05 18:13:42,620 INFO    : Snapshot:4	0	3	Epoch:15	Loss:0.91	MRR:10.37	Hits@10:24.73	Best:10.37
2024-10-05 18:13:45,643 INFO    : Snapshot:4	0	3	Epoch:16	Loss:0.903	MRR:10.38	Hits@10:24.84	Best:10.38
2024-10-05 18:13:48,619 INFO    : Snapshot:4	1	3	Epoch:17	Loss:0.888	MRR:10.31	Hits@10:24.68	Best:10.38
2024-10-05 18:13:51,606 INFO    : Snapshot:4	0	3	Epoch:18	Loss:0.865	MRR:10.4	Hits@10:24.92	Best:10.4
2024-10-05 18:13:54,606 INFO    : Snapshot:4	0	3	Epoch:19	Loss:0.855	MRR:10.47	Hits@10:24.97	Best:10.47
2024-10-05 18:13:57,584 INFO    : Snapshot:4	1	3	Epoch:20	Loss:0.848	MRR:10.45	Hits@10:24.84	Best:10.47
2024-10-05 18:14:00,551 INFO    : Snapshot:4	2	3	Epoch:21	Loss:0.842	MRR:10.45	Hits@10:24.73	Best:10.47
2024-10-05 18:14:03,539 INFO    : Snapshot:4	0	3	Epoch:22	Loss:0.826	MRR:10.49	Hits@10:24.89	Best:10.49
2024-10-05 18:14:06,572 INFO    : Snapshot:4	0	3	Epoch:23	Loss:0.821	MRR:10.54	Hits@10:25.08	Best:10.54
2024-10-05 18:14:09,544 INFO    : Snapshot:4	1	3	Epoch:24	Loss:0.802	MRR:10.48	Hits@10:25.11	Best:10.54
2024-10-05 18:14:12,533 INFO    : Snapshot:4	2	3	Epoch:25	Loss:0.804	MRR:10.51	Hits@10:24.95	Best:10.54
2024-10-05 18:14:15,504 INFO    : Early Stopping! Snapshot:4 Epoch: 26 Best Results: 10.54
2024-10-05 18:14:15,542 INFO    : => loading checkpoint './checkpoint/WN_CKGE\4model_best.tar'
2024-10-05 18:14:39,268 INFO    : 
+------------+--------+--------+--------+--------+---------+
| Snapshot:4 |  MRR   | Hits@1 | Hits@3 | Hits@5 | Hits@10 |
+------------+--------+--------+--------+--------+---------+
|     0      | 0.1751 | 0.0109 | 0.3144 | 0.3552 |  0.4036 |
|     1      | 0.1069 | 0.0081 | 0.172  | 0.2199 |  0.2734 |
|     2      | 0.1046 | 0.0094 | 0.1726 | 0.2151 |  0.2632 |
|     3      | 0.0953 | 0.0089 | 0.1543 | 0.1938 |  0.2371 |
|     4      | 0.127  | 0.0073 | 0.2311 | 0.2563 |  0.2902 |
+------------+--------+--------+--------+--------+---------+
2024-10-05 18:14:39,270 INFO    : Final Result:
[+------------+--------+--------+--------+--------+---------+
| Snapshot:0 |  MRR   | Hits@1 | Hits@3 | Hits@5 | Hits@10 |
+------------+--------+--------+--------+--------+---------+
|     0      | 0.1751 | 0.0109 | 0.3144 | 0.3552 |  0.4036 |
+------------+--------+--------+--------+--------+---------+, +------------+--------+--------+--------+--------+---------+
| Snapshot:1 |  MRR   | Hits@1 | Hits@3 | Hits@5 | Hits@10 |
+------------+--------+--------+--------+--------+---------+
|     0      | 0.1751 | 0.0109 | 0.3144 | 0.3552 |  0.4036 |
|     1      | 0.1069 | 0.0081 | 0.172  | 0.2199 |  0.2734 |
+------------+--------+--------+--------+--------+---------+, +------------+--------+--------+--------+--------+---------+
| Snapshot:2 |  MRR   | Hits@1 | Hits@3 | Hits@5 | Hits@10 |
+------------+--------+--------+--------+--------+---------+
|     0      | 0.1751 | 0.0109 | 0.3144 | 0.3552 |  0.4036 |
|     1      | 0.1069 | 0.0081 | 0.172  | 0.2199 |  0.2734 |
|     2      | 0.1046 | 0.0094 | 0.1726 | 0.2151 |  0.2632 |
+------------+--------+--------+--------+--------+---------+, +------------+--------+--------+--------+--------+---------+
| Snapshot:3 |  MRR   | Hits@1 | Hits@3 | Hits@5 | Hits@10 |
+------------+--------+--------+--------+--------+---------+
|     0      | 0.1751 | 0.0109 | 0.3144 | 0.3552 |  0.4036 |
|     1      | 0.1069 | 0.0081 | 0.172  | 0.2199 |  0.2734 |
|     2      | 0.1046 | 0.0094 | 0.1726 | 0.2151 |  0.2632 |
|     3      | 0.0953 | 0.0089 | 0.1543 | 0.1938 |  0.2371 |
+------------+--------+--------+--------+--------+---------+, +------------+--------+--------+--------+--------+---------+
| Snapshot:4 |  MRR   | Hits@1 | Hits@3 | Hits@5 | Hits@10 |
+------------+--------+--------+--------+--------+---------+
|     0      | 0.1751 | 0.0109 | 0.3144 | 0.3552 |  0.4036 |
|     1      | 0.1069 | 0.0081 | 0.172  | 0.2199 |  0.2734 |
|     2      | 0.1046 | 0.0094 | 0.1726 | 0.2151 |  0.2632 |
|     3      | 0.0953 | 0.0089 | 0.1543 | 0.1938 |  0.2371 |
|     4      | 0.127  | 0.0073 | 0.2311 | 0.2563 |  0.2902 |
+------------+--------+--------+--------+--------+---------+]
2024-10-05 18:14:39,270 INFO    : Report Result:
+----------+--------------------+-----------+--------------+--------------+---------------+
| Snapshot |        Time        | Whole_MRR | Whole_Hits@1 | Whole_Hits@3 | Whole_Hits@10 |
+----------+--------------------+-----------+--------------+--------------+---------------+
|    0     | 484.0759119987488  |   0.175   |    0.011     |    0.314     |     0.404     |
|    1     | 191.39556646347046 |   0.165   |    0.011     |    0.294     |     0.385     |
|    2     | 479.8507344722748  |   0.158   |     0.01     |    0.279     |      0.37     |
|    3     | 486.5215458869934  |   0.151   |     0.01     |    0.265     |     0.355     |
|    4     | 81.41042447090149  |   0.148   |     0.01     |    0.262     |     0.349     |
+----------+--------------------+-----------+--------------+--------------+---------------+
2024-10-05 18:14:39,271 INFO    : Sum_Training_Time:1723.254183292389
2024-10-05 18:14:39,271 INFO    : Every_Training_Time:[484.0759119987488, 191.39556646347046, 479.8507344722748, 486.5215458869934, 81.41042447090149]
2024-10-05 18:14:39,271 INFO    : Forward transfer: 0.0489 Backward transfer: 0.0
