2024-09-20 16:17:27,979 INFO    : Namespace(batch_size='1024', data_path='./data/ENTITY/', dataset='ENTITY', debug=False, device=device(type='cuda', index=0), emb_dim=200, ent_r='150', epoch_num=200, explore=False, gpu='0', l2=0.0, learning_rate='3e-1', log_path='./logs/20240920161718/ENTITY', logger=<RootLogger root (INFO)>, margin=8.0, model_name='LoraKGE_Layers', multi_layers_path='train_sorted_by_edges_betweenness.txt', neg_ratio=10, note='', num_ent_layers='2', num_layer=1, num_rel_layers='1', patience=3, predict_result=False, r=100, r_fixed=True, random_seed=3407, record=False, rel_r='20', save_path='./checkpoint/ENTITY', skip_previous='False', snapshot_num=5, train_new=True, using_multi_layers=False, using_various_ranks='True', using_various_ranks_reverse=False, valid_metrics='mrr')
2024-09-20 16:17:33,586 INFO    : Snapshot:0	0	3	Epoch:0	Loss:35.288	MRR:9.73	Hits@10:23.32	Best:9.73
2024-09-20 16:17:36,707 INFO    : Snapshot:0	0	3	Epoch:1	Loss:24.605	MRR:18.0	Hits@10:39.98	Best:18.0
2024-09-20 16:17:39,795 INFO    : Snapshot:0	0	3	Epoch:2	Loss:14.488	MRR:26.48	Hits@10:48.81	Best:26.48
2024-09-20 16:17:42,948 INFO    : Snapshot:0	0	3	Epoch:3	Loss:7.616	MRR:30.42	Hits@10:52.54	Best:30.42
2024-09-20 16:17:46,004 INFO    : Snapshot:0	0	3	Epoch:4	Loss:4.185	MRR:31.77	Hits@10:54.22	Best:31.77
2024-09-20 16:17:49,159 INFO    : Snapshot:0	0	3	Epoch:5	Loss:2.558	MRR:32.23	Hits@10:54.56	Best:32.23
2024-09-20 16:17:52,248 INFO    : Snapshot:0	0	3	Epoch:6	Loss:1.777	MRR:32.38	Hits@10:55.02	Best:32.38
2024-09-20 16:17:55,365 INFO    : Snapshot:0	0	3	Epoch:7	Loss:1.364	MRR:32.49	Hits@10:54.98	Best:32.49
2024-09-20 16:17:58,555 INFO    : Snapshot:0	0	3	Epoch:8	Loss:1.111	MRR:32.5	Hits@10:54.8	Best:32.5
2024-09-20 16:18:01,900 INFO    : Snapshot:0	1	3	Epoch:9	Loss:0.952	MRR:32.38	Hits@10:54.79	Best:32.5
2024-09-20 16:18:05,092 INFO    : Snapshot:0	2	3	Epoch:10	Loss:0.832	MRR:32.24	Hits@10:55.01	Best:32.5
2024-09-20 16:18:08,305 INFO    : Early Stopping! Snapshot:0 Epoch: 11 Best Results: 32.5
2024-09-20 16:18:08,396 INFO    : => loading checkpoint './checkpoint/ENTITY\0model_best.tar'
2024-09-20 16:18:09,863 INFO    : 
+------------+--------+--------+--------+--------+---------+
| Snapshot:0 |  MRR   | Hits@1 | Hits@3 | Hits@5 | Hits@10 |
+------------+--------+--------+--------+--------+---------+
|     0      | 0.3285 | 0.2086 | 0.3806 | 0.4552 |  0.5588 |
+------------+--------+--------+--------+--------+---------+
2024-09-20 16:18:22,858 INFO    : Snapshot:1	0	3	Epoch:0	Loss:11.159	MRR:15.88	Hits@10:28.82	Best:15.88
2024-09-20 16:18:29,399 INFO    : Snapshot:1	0	3	Epoch:1	Loss:4.313	MRR:17.64	Hits@10:31.67	Best:17.64
2024-09-20 16:18:36,016 INFO    : Snapshot:1	0	3	Epoch:2	Loss:3.609	MRR:18.51	Hits@10:33.12	Best:18.51
2024-09-20 16:18:42,597 INFO    : Snapshot:1	0	3	Epoch:3	Loss:3.205	MRR:18.97	Hits@10:34.02	Best:18.97
2024-09-20 16:18:49,440 INFO    : Snapshot:1	0	3	Epoch:4	Loss:2.942	MRR:19.61	Hits@10:35.32	Best:19.61
2024-09-20 16:18:56,081 INFO    : Snapshot:1	0	3	Epoch:5	Loss:2.748	MRR:19.8	Hits@10:35.61	Best:19.8
2024-09-20 16:19:02,606 INFO    : Snapshot:1	0	3	Epoch:6	Loss:2.591	MRR:20.47	Hits@10:36.73	Best:20.47
2024-09-20 16:19:09,281 INFO    : Snapshot:1	0	3	Epoch:7	Loss:2.485	MRR:21.03	Hits@10:37.25	Best:21.03
2024-09-20 16:19:15,773 INFO    : Snapshot:1	0	3	Epoch:8	Loss:2.398	MRR:21.08	Hits@10:37.68	Best:21.08
2024-09-20 16:19:22,350 INFO    : Snapshot:1	1	3	Epoch:9	Loss:2.315	MRR:21.02	Hits@10:37.59	Best:21.08
2024-09-20 16:19:28,805 INFO    : Snapshot:1	0	3	Epoch:10	Loss:2.229	MRR:21.33	Hits@10:38.11	Best:21.33
2024-09-20 16:19:35,355 INFO    : Snapshot:1	0	3	Epoch:11	Loss:2.185	MRR:21.59	Hits@10:38.32	Best:21.59
2024-09-20 16:19:41,857 INFO    : Snapshot:1	1	3	Epoch:12	Loss:2.151	MRR:21.47	Hits@10:38.43	Best:21.59
2024-09-20 16:19:48,325 INFO    : Snapshot:1	2	3	Epoch:13	Loss:2.09	MRR:21.59	Hits@10:38.86	Best:21.59
2024-09-20 16:19:55,015 INFO    : Snapshot:1	0	3	Epoch:14	Loss:2.055	MRR:21.76	Hits@10:38.85	Best:21.76
2024-09-20 16:20:01,534 INFO    : Snapshot:1	0	3	Epoch:15	Loss:2.037	MRR:21.89	Hits@10:39.19	Best:21.89
2024-09-20 16:20:08,011 INFO    : Snapshot:1	0	3	Epoch:16	Loss:1.977	MRR:22.26	Hits@10:39.29	Best:22.26
2024-09-20 16:20:14,521 INFO    : Snapshot:1	0	3	Epoch:17	Loss:1.958	MRR:22.29	Hits@10:39.62	Best:22.29
2024-09-20 16:20:20,978 INFO    : Snapshot:1	0	3	Epoch:18	Loss:1.947	MRR:22.33	Hits@10:39.75	Best:22.33
2024-09-20 16:20:27,503 INFO    : Snapshot:1	1	3	Epoch:19	Loss:1.918	MRR:22.19	Hits@10:39.36	Best:22.33
2024-09-20 16:20:33,994 INFO    : Snapshot:1	0	3	Epoch:20	Loss:1.92	MRR:22.43	Hits@10:39.74	Best:22.43
2024-09-20 16:20:40,533 INFO    : Snapshot:1	0	3	Epoch:21	Loss:1.877	MRR:22.48	Hits@10:39.66	Best:22.48
2024-09-20 16:20:47,052 INFO    : Snapshot:1	1	3	Epoch:22	Loss:1.87	MRR:22.44	Hits@10:39.87	Best:22.48
2024-09-20 16:20:53,808 INFO    : Snapshot:1	2	3	Epoch:23	Loss:1.849	MRR:22.38	Hits@10:39.93	Best:22.48
2024-09-20 16:21:00,279 INFO    : Snapshot:1	0	3	Epoch:24	Loss:1.84	MRR:22.67	Hits@10:40.16	Best:22.67
2024-09-20 16:21:06,709 INFO    : Snapshot:1	1	3	Epoch:25	Loss:1.863	MRR:22.63	Hits@10:40.1	Best:22.67
2024-09-20 16:21:13,178 INFO    : Snapshot:1	2	3	Epoch:26	Loss:1.838	MRR:22.55	Hits@10:40.13	Best:22.67
2024-09-20 16:21:19,629 INFO    : Snapshot:1	0	3	Epoch:27	Loss:1.8	MRR:22.94	Hits@10:40.46	Best:22.94
2024-09-20 16:21:26,234 INFO    : Snapshot:1	1	3	Epoch:28	Loss:1.785	MRR:22.55	Hits@10:39.99	Best:22.94
2024-09-20 16:21:32,675 INFO    : Snapshot:1	2	3	Epoch:29	Loss:1.785	MRR:22.53	Hits@10:40.53	Best:22.94
2024-09-20 16:21:39,212 INFO    : Early Stopping! Snapshot:1 Epoch: 30 Best Results: 22.94
2024-09-20 16:21:39,304 INFO    : => loading checkpoint './checkpoint/ENTITY\1model_best.tar'
2024-09-20 16:21:44,076 INFO    : 
+------------+--------+--------+--------+--------+---------+
| Snapshot:1 |  MRR   | Hits@1 | Hits@3 | Hits@5 | Hits@10 |
+------------+--------+--------+--------+--------+---------+
|     0      | 0.3285 | 0.2086 | 0.3806 | 0.4552 |  0.5588 |
|     1      | 0.2291 | 0.1401 | 0.254  | 0.3126 |  0.4037 |
+------------+--------+--------+--------+--------+---------+
2024-09-20 16:21:58,909 INFO    : Snapshot:2	0	3	Epoch:0	Loss:10.432	MRR:15.05	Hits@10:26.63	Best:15.05
2024-09-20 16:22:06,464 INFO    : Snapshot:2	0	3	Epoch:1	Loss:4.161	MRR:17.09	Hits@10:29.93	Best:17.09
2024-09-20 16:22:14,053 INFO    : Snapshot:2	0	3	Epoch:2	Loss:3.512	MRR:17.81	Hits@10:31.43	Best:17.81
2024-09-20 16:22:22,003 INFO    : Snapshot:2	0	3	Epoch:3	Loss:3.142	MRR:18.09	Hits@10:32.16	Best:18.09
2024-09-20 16:22:29,642 INFO    : Snapshot:2	0	3	Epoch:4	Loss:2.927	MRR:18.65	Hits@10:32.83	Best:18.65
2024-09-20 16:22:37,266 INFO    : Snapshot:2	0	3	Epoch:5	Loss:2.777	MRR:18.75	Hits@10:33.37	Best:18.75
2024-09-20 16:22:44,887 INFO    : Snapshot:2	0	3	Epoch:6	Loss:2.652	MRR:18.99	Hits@10:33.71	Best:18.99
2024-09-20 16:22:52,498 INFO    : Snapshot:2	0	3	Epoch:7	Loss:2.539	MRR:19.26	Hits@10:33.89	Best:19.26
2024-09-20 16:23:00,191 INFO    : Snapshot:2	0	3	Epoch:8	Loss:2.46	MRR:19.4	Hits@10:34.29	Best:19.4
2024-09-20 16:23:07,837 INFO    : Snapshot:2	1	3	Epoch:9	Loss:2.423	MRR:19.35	Hits@10:34.46	Best:19.4
2024-09-20 16:23:15,443 INFO    : Snapshot:2	0	3	Epoch:10	Loss:2.345	MRR:19.59	Hits@10:34.45	Best:19.59
2024-09-20 16:23:23,200 INFO    : Snapshot:2	0	3	Epoch:11	Loss:2.305	MRR:19.8	Hits@10:34.94	Best:19.8
2024-09-20 16:23:30,820 INFO    : Snapshot:2	1	3	Epoch:12	Loss:2.245	MRR:19.67	Hits@10:34.86	Best:19.8
2024-09-20 16:23:38,663 INFO    : Snapshot:2	2	3	Epoch:13	Loss:2.229	MRR:19.77	Hits@10:35.1	Best:19.8
2024-09-20 16:23:46,373 INFO    : Snapshot:2	0	3	Epoch:14	Loss:2.204	MRR:20.12	Hits@10:35.32	Best:20.12
2024-09-20 16:23:54,058 INFO    : Snapshot:2	1	3	Epoch:15	Loss:2.156	MRR:20.12	Hits@10:35.69	Best:20.12
2024-09-20 16:24:01,798 INFO    : Snapshot:2	0	3	Epoch:16	Loss:2.14	MRR:20.23	Hits@10:35.37	Best:20.23
2024-09-20 16:24:09,539 INFO    : Snapshot:2	1	3	Epoch:17	Loss:2.103	MRR:20.04	Hits@10:35.39	Best:20.23
2024-09-20 16:24:17,302 INFO    : Snapshot:2	2	3	Epoch:18	Loss:2.099	MRR:20.02	Hits@10:35.55	Best:20.23
2024-09-20 16:24:25,061 INFO    : Early Stopping! Snapshot:2 Epoch: 19 Best Results: 20.23
2024-09-20 16:24:25,164 INFO    : => loading checkpoint './checkpoint/ENTITY\2model_best.tar'
2024-09-20 16:24:34,427 INFO    : 
+------------+--------+--------+--------+--------+---------+
| Snapshot:2 |  MRR   | Hits@1 | Hits@3 | Hits@5 | Hits@10 |
+------------+--------+--------+--------+--------+---------+
|     0      | 0.3285 | 0.2086 | 0.3806 | 0.4552 |  0.5588 |
|     1      | 0.2291 | 0.1401 | 0.254  | 0.3126 |  0.4037 |
|     2      | 0.202  | 0.1214 | 0.2246 | 0.2754 |  0.3567 |
+------------+--------+--------+--------+--------+---------+
2024-09-20 16:24:51,495 INFO    : Snapshot:3	0	3	Epoch:0	Loss:9.47	MRR:14.34	Hits@10:25.05	Best:14.34
2024-09-20 16:25:00,080 INFO    : Snapshot:3	0	3	Epoch:1	Loss:3.471	MRR:16.27	Hits@10:28.55	Best:16.27
2024-09-20 16:25:08,670 INFO    : Snapshot:3	0	3	Epoch:2	Loss:2.888	MRR:16.84	Hits@10:29.92	Best:16.84
2024-09-20 16:25:17,249 INFO    : Snapshot:3	0	3	Epoch:3	Loss:2.612	MRR:17.3	Hits@10:30.72	Best:17.3
2024-09-20 16:25:25,861 INFO    : Snapshot:3	0	3	Epoch:4	Loss:2.438	MRR:17.79	Hits@10:31.48	Best:17.79
2024-09-20 16:25:34,484 INFO    : Snapshot:3	0	3	Epoch:5	Loss:2.328	MRR:17.91	Hits@10:31.83	Best:17.91
2024-09-20 16:25:43,121 INFO    : Snapshot:3	0	3	Epoch:6	Loss:2.212	MRR:18.12	Hits@10:32.3	Best:18.12
2024-09-20 16:25:51,738 INFO    : Snapshot:3	0	3	Epoch:7	Loss:2.155	MRR:18.46	Hits@10:32.56	Best:18.46
2024-09-20 16:26:00,281 INFO    : Snapshot:3	1	3	Epoch:8	Loss:2.105	MRR:18.2	Hits@10:32.37	Best:18.46
2024-09-20 16:26:08,862 INFO    : Snapshot:3	0	3	Epoch:9	Loss:2.03	MRR:18.62	Hits@10:32.79	Best:18.62
2024-09-20 16:26:17,633 INFO    : Snapshot:3	1	3	Epoch:10	Loss:1.999	MRR:18.39	Hits@10:32.75	Best:18.62
2024-09-20 16:26:26,321 INFO    : Snapshot:3	0	3	Epoch:11	Loss:1.956	MRR:18.73	Hits@10:33.19	Best:18.73
2024-09-20 16:26:34,934 INFO    : Snapshot:3	1	3	Epoch:12	Loss:1.917	MRR:18.68	Hits@10:33.13	Best:18.73
2024-09-20 16:26:43,640 INFO    : Snapshot:3	2	3	Epoch:13	Loss:1.901	MRR:18.58	Hits@10:32.98	Best:18.73
2024-09-20 16:26:52,182 INFO    : Snapshot:3	0	3	Epoch:14	Loss:1.881	MRR:18.9	Hits@10:33.13	Best:18.9
2024-09-20 16:27:00,810 INFO    : Snapshot:3	1	3	Epoch:15	Loss:1.844	MRR:18.88	Hits@10:33.39	Best:18.9
2024-09-20 16:27:09,345 INFO    : Snapshot:3	2	3	Epoch:16	Loss:1.809	MRR:18.89	Hits@10:33.45	Best:18.9
2024-09-20 16:27:17,864 INFO    : Snapshot:3	0	3	Epoch:17	Loss:1.786	MRR:19.01	Hits@10:33.5	Best:19.01
2024-09-20 16:27:26,365 INFO    : Snapshot:3	1	3	Epoch:18	Loss:1.78	MRR:18.92	Hits@10:33.51	Best:19.01
2024-09-20 16:27:34,869 INFO    : Snapshot:3	2	3	Epoch:19	Loss:1.75	MRR:19.0	Hits@10:33.66	Best:19.01
2024-09-20 16:27:43,544 INFO    : Early Stopping! Snapshot:3 Epoch: 20 Best Results: 19.01
2024-09-20 16:27:43,640 INFO    : => loading checkpoint './checkpoint/ENTITY\3model_best.tar'
2024-09-20 16:27:58,290 INFO    : 
+------------+--------+--------+--------+--------+---------+
| Snapshot:3 |  MRR   | Hits@1 | Hits@3 | Hits@5 | Hits@10 |
+------------+--------+--------+--------+--------+---------+
|     0      | 0.3285 | 0.2086 | 0.3806 | 0.4552 |  0.5588 |
|     1      | 0.2291 | 0.1401 | 0.254  | 0.3126 |  0.4037 |
|     2      | 0.202  | 0.1214 | 0.2246 | 0.2754 |  0.3567 |
|     3      | 0.1887 | 0.1123 | 0.2114 | 0.2595 |  0.3346 |
+------------+--------+--------+--------+--------+---------+
2024-09-20 16:28:12,694 INFO    : Snapshot:4	0	3	Epoch:0	Loss:6.632	MRR:17.67	Hits@10:29.1	Best:17.67
2024-09-20 16:28:19,667 INFO    : Snapshot:4	0	3	Epoch:1	Loss:1.889	MRR:19.73	Hits@10:33.32	Best:19.73
2024-09-20 16:28:26,637 INFO    : Snapshot:4	0	3	Epoch:2	Loss:1.451	MRR:20.72	Hits@10:35.93	Best:20.72
2024-09-20 16:28:33,636 INFO    : Snapshot:4	0	3	Epoch:3	Loss:1.263	MRR:21.6	Hits@10:36.49	Best:21.6
2024-09-20 16:28:40,563 INFO    : Snapshot:4	1	3	Epoch:4	Loss:1.167	MRR:21.6	Hits@10:37.6	Best:21.6
2024-09-20 16:28:47,682 INFO    : Snapshot:4	0	3	Epoch:5	Loss:1.087	MRR:21.84	Hits@10:37.82	Best:21.84
2024-09-20 16:28:54,659 INFO    : Snapshot:4	0	3	Epoch:6	Loss:1.033	MRR:22.21	Hits@10:38.07	Best:22.21
2024-09-20 16:29:01,640 INFO    : Snapshot:4	0	3	Epoch:7	Loss:0.988	MRR:22.42	Hits@10:38.95	Best:22.42
2024-09-20 16:29:08,661 INFO    : Snapshot:4	0	3	Epoch:8	Loss:0.953	MRR:22.66	Hits@10:39.15	Best:22.66
2024-09-20 16:29:15,618 INFO    : Snapshot:4	1	3	Epoch:9	Loss:0.92	MRR:22.28	Hits@10:38.47	Best:22.66
2024-09-20 16:29:22,491 INFO    : Snapshot:4	2	3	Epoch:10	Loss:0.889	MRR:22.39	Hits@10:39.22	Best:22.66
2024-09-20 16:29:29,413 INFO    : Early Stopping! Snapshot:4 Epoch: 11 Best Results: 22.66
2024-09-20 16:29:29,513 INFO    : => loading checkpoint './checkpoint/ENTITY\4model_best.tar'
2024-09-20 16:29:49,103 INFO    : 
+------------+--------+--------+--------+--------+---------+
| Snapshot:4 |  MRR   | Hits@1 | Hits@3 | Hits@5 | Hits@10 |
+------------+--------+--------+--------+--------+---------+
|     0      | 0.3285 | 0.2086 | 0.3806 | 0.4552 |  0.5588 |
|     1      | 0.2291 | 0.1401 | 0.254  | 0.3126 |  0.4037 |
|     2      | 0.202  | 0.1214 | 0.2246 | 0.2754 |  0.3567 |
|     3      | 0.1887 | 0.1123 | 0.2114 | 0.2595 |  0.3346 |
|     4      | 0.2287 | 0.1386 | 0.262  | 0.3176 |  0.3986 |
+------------+--------+--------+--------+--------+---------+
2024-09-20 16:29:49,104 INFO    : Final Result:
[+------------+--------+--------+--------+--------+---------+
| Snapshot:0 |  MRR   | Hits@1 | Hits@3 | Hits@5 | Hits@10 |
+------------+--------+--------+--------+--------+---------+
|     0      | 0.3285 | 0.2086 | 0.3806 | 0.4552 |  0.5588 |
+------------+--------+--------+--------+--------+---------+, +------------+--------+--------+--------+--------+---------+
| Snapshot:1 |  MRR   | Hits@1 | Hits@3 | Hits@5 | Hits@10 |
+------------+--------+--------+--------+--------+---------+
|     0      | 0.3285 | 0.2086 | 0.3806 | 0.4552 |  0.5588 |
|     1      | 0.2291 | 0.1401 | 0.254  | 0.3126 |  0.4037 |
+------------+--------+--------+--------+--------+---------+, +------------+--------+--------+--------+--------+---------+
| Snapshot:2 |  MRR   | Hits@1 | Hits@3 | Hits@5 | Hits@10 |
+------------+--------+--------+--------+--------+---------+
|     0      | 0.3285 | 0.2086 | 0.3806 | 0.4552 |  0.5588 |
|     1      | 0.2291 | 0.1401 | 0.254  | 0.3126 |  0.4037 |
|     2      | 0.202  | 0.1214 | 0.2246 | 0.2754 |  0.3567 |
+------------+--------+--------+--------+--------+---------+, +------------+--------+--------+--------+--------+---------+
| Snapshot:3 |  MRR   | Hits@1 | Hits@3 | Hits@5 | Hits@10 |
+------------+--------+--------+--------+--------+---------+
|     0      | 0.3285 | 0.2086 | 0.3806 | 0.4552 |  0.5588 |
|     1      | 0.2291 | 0.1401 | 0.254  | 0.3126 |  0.4037 |
|     2      | 0.202  | 0.1214 | 0.2246 | 0.2754 |  0.3567 |
|     3      | 0.1887 | 0.1123 | 0.2114 | 0.2595 |  0.3346 |
+------------+--------+--------+--------+--------+---------+, +------------+--------+--------+--------+--------+---------+
| Snapshot:4 |  MRR   | Hits@1 | Hits@3 | Hits@5 | Hits@10 |
+------------+--------+--------+--------+--------+---------+
|     0      | 0.3285 | 0.2086 | 0.3806 | 0.4552 |  0.5588 |
|     1      | 0.2291 | 0.1401 | 0.254  | 0.3126 |  0.4037 |
|     2      | 0.202  | 0.1214 | 0.2246 | 0.2754 |  0.3567 |
|     3      | 0.1887 | 0.1123 | 0.2114 | 0.2595 |  0.3346 |
|     4      | 0.2287 | 0.1386 | 0.262  | 0.3176 |  0.3986 |
+------------+--------+--------+--------+--------+---------+]
2024-09-20 16:29:49,105 INFO    : Report Result:
+----------+--------------------+-----------+--------------+--------------+---------------+
| Snapshot |        Time        | Whole_MRR | Whole_Hits@1 | Whole_Hits@3 | Whole_Hits@10 |
+----------+--------------------+-----------+--------------+--------------+---------------+
|    0     | 40.32593107223511  |   0.329   |    0.209     |    0.381     |     0.559     |
|    1     | 205.74569034576416 |   0.268   |    0.167     |    0.304     |     0.464     |
|    2     | 156.66794776916504 |   0.243   |    0.149     |    0.273     |     0.423     |
|    3     | 183.76405835151672 |   0.228   |    0.139     |    0.257     |     0.399     |
|    4     | 86.09763646125793  |   0.228   |    0.139     |    0.257     |     0.399     |
+----------+--------------------+-----------+--------------+--------------+---------------+
2024-09-20 16:29:49,105 INFO    : Sum_Training_Time:672.601263999939
2024-09-20 16:29:49,105 INFO    : Every_Training_Time:[40.32593107223511, 205.74569034576416, 156.66794776916504, 183.76405835151672, 86.09763646125793]
2024-09-20 16:29:49,105 INFO    : Forward transfer: 0.038575 Backward transfer: 0.0
