2025-01-13 22:14:55,770 INFO    : Namespace(batch_size=1024, data_path='./data/RELATION/', dataset='RELATION', debug=False, device=device(type='cuda', index=0), emb_dim=200, ent_r='200', epoch_num=200, explore=False, gpu='0', l2=0.0, learning_rate='1e-1', log_path='./logs/RELATION 200 5 1e-1 1024/RELATION 20250113221447', logger=<RootLogger root (INFO)>, margin=8.0, model_name='LoraKGE_Layers', multi_layers_path='train_sorted_by_edges_betweenness.txt', neg_ratio=10, note='', num_ent_layers='5', num_layer=1, num_rel_layers='1', patience='10', predict_result=False, r=100, r_fixed=True, random_seed=3407, record=False, rel_r='200', save_path='./checkpoint/RELATION', skip_previous='False', snapshot_num=5, train_new=True, using_multi_layers=False, using_various_ranks='True', using_various_ranks_reverse=False, valid_metrics='mrr')
2025-01-13 22:15:08,814 INFO    : Snapshot:0	0	10	Epoch:0	Loss:57.452	MRR:20.09	Hits@10:35.74	Best:20.09
2025-01-13 22:15:19,693 INFO    : Snapshot:0	0	10	Epoch:1	Loss:26.117	MRR:26.0	Hits@10:44.87	Best:26.0
2025-01-13 22:15:30,566 INFO    : Snapshot:0	0	10	Epoch:2	Loss:10.775	MRR:27.25	Hits@10:46.91	Best:27.25
2025-01-13 22:15:41,702 INFO    : Snapshot:0	0	10	Epoch:3	Loss:5.621	MRR:27.39	Hits@10:46.91	Best:27.39
2025-01-13 22:15:52,504 INFO    : Snapshot:0	1	10	Epoch:4	Loss:3.84	MRR:27.31	Hits@10:46.89	Best:27.39
2025-01-13 22:16:03,384 INFO    : Snapshot:0	2	10	Epoch:5	Loss:3.078	MRR:27.03	Hits@10:47.05	Best:27.39
2025-01-13 22:16:14,317 INFO    : Snapshot:0	3	10	Epoch:6	Loss:2.585	MRR:27.09	Hits@10:46.65	Best:27.39
2025-01-13 22:16:25,176 INFO    : Snapshot:0	4	10	Epoch:7	Loss:2.335	MRR:26.74	Hits@10:46.22	Best:27.39
2025-01-13 22:16:36,077 INFO    : Snapshot:0	5	10	Epoch:8	Loss:2.136	MRR:26.69	Hits@10:45.84	Best:27.39
2025-01-13 22:16:46,942 INFO    : Snapshot:0	6	10	Epoch:9	Loss:1.988	MRR:26.33	Hits@10:45.71	Best:27.39
2025-01-13 22:16:57,869 INFO    : Snapshot:0	7	10	Epoch:10	Loss:1.852	MRR:26.03	Hits@10:45.45	Best:27.39
2025-01-13 22:17:08,763 INFO    : Snapshot:0	8	10	Epoch:11	Loss:1.786	MRR:25.82	Hits@10:45.16	Best:27.39
2025-01-13 22:17:19,694 INFO    : Snapshot:0	9	10	Epoch:12	Loss:1.692	MRR:25.78	Hits@10:45.02	Best:27.39
2025-01-13 22:17:30,708 INFO    : Early Stopping! Snapshot:0 Epoch: 13 Best Results: 27.39
2025-01-13 22:17:30,813 INFO    : => loading checkpoint './checkpoint/RELATION\0model_best.tar'
2025-01-13 22:17:38,037 INFO    : 
+------------+--------+--------+--------+--------+---------+
| Snapshot:0 |  MRR   | Hits@1 | Hits@3 | Hits@5 | Hits@10 |
+------------+--------+--------+--------+--------+---------+
|     0      | 0.2767 | 0.1708 | 0.3381 | 0.4057 |  0.4728 |
+------------+--------+--------+--------+--------+---------+
2025-01-13 22:18:01,645 INFO    : Snapshot:1	0	10	Epoch:0	Loss:30.34	MRR:9.99	Hits@10:20.65	Best:9.99
2025-01-13 22:18:13,920 INFO    : Snapshot:1	1	10	Epoch:1	Loss:22.132	MRR:9.96	Hits@10:20.67	Best:9.99
2025-01-13 22:18:26,267 INFO    : Snapshot:1	0	10	Epoch:2	Loss:21.547	MRR:10.3	Hits@10:21.3	Best:10.3
2025-01-13 22:18:38,726 INFO    : Snapshot:1	0	10	Epoch:3	Loss:21.209	MRR:10.75	Hits@10:21.8	Best:10.75
2025-01-13 22:18:51,360 INFO    : Snapshot:1	1	10	Epoch:4	Loss:20.981	MRR:10.69	Hits@10:21.88	Best:10.75
2025-01-13 22:19:03,733 INFO    : Snapshot:1	0	10	Epoch:5	Loss:20.784	MRR:10.87	Hits@10:22.18	Best:10.87
2025-01-13 22:19:16,036 INFO    : Snapshot:1	1	10	Epoch:6	Loss:20.613	MRR:10.81	Hits@10:22.27	Best:10.87
2025-01-13 22:19:28,208 INFO    : Snapshot:1	2	10	Epoch:7	Loss:20.546	MRR:10.82	Hits@10:22.52	Best:10.87
2025-01-13 22:19:40,367 INFO    : Snapshot:1	3	10	Epoch:8	Loss:20.409	MRR:10.86	Hits@10:22.47	Best:10.87
2025-01-13 22:19:52,569 INFO    : Snapshot:1	0	10	Epoch:9	Loss:20.293	MRR:10.97	Hits@10:22.41	Best:10.97
2025-01-13 22:20:04,867 INFO    : Snapshot:1	0	10	Epoch:10	Loss:20.268	MRR:11.06	Hits@10:22.53	Best:11.06
2025-01-13 22:20:17,321 INFO    : Snapshot:1	1	10	Epoch:11	Loss:20.209	MRR:10.98	Hits@10:22.36	Best:11.06
2025-01-13 22:20:29,645 INFO    : Snapshot:1	2	10	Epoch:12	Loss:20.139	MRR:11.06	Hits@10:22.72	Best:11.06
2025-01-13 22:20:42,032 INFO    : Snapshot:1	0	10	Epoch:13	Loss:20.145	MRR:11.17	Hits@10:22.64	Best:11.17
2025-01-13 22:20:54,240 INFO    : Snapshot:1	1	10	Epoch:14	Loss:20.099	MRR:11.08	Hits@10:22.65	Best:11.17
2025-01-13 22:21:06,504 INFO    : Snapshot:1	2	10	Epoch:15	Loss:20.071	MRR:11.1	Hits@10:22.63	Best:11.17
2025-01-13 22:21:18,748 INFO    : Snapshot:1	3	10	Epoch:16	Loss:20.062	MRR:11.11	Hits@10:22.48	Best:11.17
2025-01-13 22:21:31,007 INFO    : Snapshot:1	0	10	Epoch:17	Loss:20.028	MRR:11.28	Hits@10:22.83	Best:11.28
2025-01-13 22:21:43,220 INFO    : Snapshot:1	0	10	Epoch:18	Loss:19.989	MRR:11.29	Hits@10:22.75	Best:11.29
2025-01-13 22:21:55,308 INFO    : Snapshot:1	1	10	Epoch:19	Loss:19.978	MRR:11.17	Hits@10:22.69	Best:11.29
2025-01-13 22:22:07,693 INFO    : Snapshot:1	0	10	Epoch:20	Loss:19.963	MRR:11.34	Hits@10:22.87	Best:11.34
2025-01-13 22:22:20,021 INFO    : Snapshot:1	1	10	Epoch:21	Loss:19.946	MRR:11.31	Hits@10:22.83	Best:11.34
2025-01-13 22:22:32,309 INFO    : Snapshot:1	2	10	Epoch:22	Loss:19.906	MRR:11.22	Hits@10:22.82	Best:11.34
2025-01-13 22:22:44,607 INFO    : Snapshot:1	3	10	Epoch:23	Loss:19.934	MRR:11.26	Hits@10:22.9	Best:11.34
2025-01-13 22:22:56,917 INFO    : Snapshot:1	4	10	Epoch:24	Loss:19.917	MRR:11.13	Hits@10:22.71	Best:11.34
2025-01-13 22:23:09,187 INFO    : Snapshot:1	5	10	Epoch:25	Loss:19.86	MRR:11.2	Hits@10:22.76	Best:11.34
2025-01-13 22:23:21,407 INFO    : Snapshot:1	0	10	Epoch:26	Loss:19.865	MRR:11.4	Hits@10:22.89	Best:11.4
2025-01-13 22:23:33,577 INFO    : Snapshot:1	1	10	Epoch:27	Loss:19.866	MRR:11.21	Hits@10:22.78	Best:11.4
2025-01-13 22:23:46,003 INFO    : Snapshot:1	2	10	Epoch:28	Loss:19.827	MRR:11.25	Hits@10:22.94	Best:11.4
2025-01-13 22:23:58,128 INFO    : Snapshot:1	3	10	Epoch:29	Loss:19.856	MRR:11.26	Hits@10:22.85	Best:11.4
2025-01-13 22:24:10,284 INFO    : Snapshot:1	0	10	Epoch:30	Loss:19.856	MRR:11.41	Hits@10:22.97	Best:11.41
2025-01-13 22:24:22,637 INFO    : Snapshot:1	1	10	Epoch:31	Loss:19.806	MRR:11.35	Hits@10:22.8	Best:11.41
2025-01-13 22:24:35,024 INFO    : Snapshot:1	2	10	Epoch:32	Loss:19.803	MRR:11.21	Hits@10:22.79	Best:11.41
2025-01-13 22:24:47,416 INFO    : Snapshot:1	3	10	Epoch:33	Loss:19.773	MRR:11.41	Hits@10:23.09	Best:11.41
2025-01-13 22:24:59,824 INFO    : Snapshot:1	4	10	Epoch:34	Loss:19.823	MRR:11.38	Hits@10:22.94	Best:11.41
2025-01-13 22:25:12,222 INFO    : Snapshot:1	0	10	Epoch:35	Loss:19.786	MRR:11.57	Hits@10:22.96	Best:11.57
2025-01-13 22:25:24,337 INFO    : Snapshot:1	1	10	Epoch:36	Loss:19.749	MRR:11.56	Hits@10:23.14	Best:11.57
2025-01-13 22:25:36,663 INFO    : Snapshot:1	2	10	Epoch:37	Loss:19.758	MRR:11.31	Hits@10:22.76	Best:11.57
2025-01-13 22:25:48,784 INFO    : Snapshot:1	3	10	Epoch:38	Loss:19.778	MRR:11.44	Hits@10:23.07	Best:11.57
2025-01-13 22:26:00,924 INFO    : Snapshot:1	4	10	Epoch:39	Loss:19.783	MRR:11.57	Hits@10:23.29	Best:11.57
2025-01-13 22:26:13,069 INFO    : Snapshot:1	5	10	Epoch:40	Loss:19.812	MRR:11.51	Hits@10:23.1	Best:11.57
2025-01-13 22:26:25,478 INFO    : Snapshot:1	6	10	Epoch:41	Loss:19.683	MRR:11.53	Hits@10:23.19	Best:11.57
2025-01-13 22:26:37,829 INFO    : Snapshot:1	7	10	Epoch:42	Loss:19.714	MRR:11.44	Hits@10:22.96	Best:11.57
2025-01-13 22:26:50,176 INFO    : Snapshot:1	8	10	Epoch:43	Loss:19.731	MRR:11.46	Hits@10:23.16	Best:11.57
2025-01-13 22:27:02,327 INFO    : Snapshot:1	9	10	Epoch:44	Loss:19.74	MRR:11.34	Hits@10:22.9	Best:11.57
2025-01-13 22:27:14,699 INFO    : Early Stopping! Snapshot:1 Epoch: 45 Best Results: 11.57
2025-01-13 22:27:14,802 INFO    : => loading checkpoint './checkpoint/RELATION\1model_best.tar'
2025-01-13 22:27:30,175 INFO    : 
+------------+--------+--------+--------+--------+---------+
| Snapshot:1 |  MRR   | Hits@1 | Hits@3 | Hits@5 | Hits@10 |
+------------+--------+--------+--------+--------+---------+
|     0      | 0.2767 | 0.1708 | 0.3381 | 0.4057 |  0.4728 |
|     1      | 0.1153 | 0.0542 | 0.1349 | 0.1747 |  0.2306 |
+------------+--------+--------+--------+--------+---------+
2025-01-13 22:27:48,122 INFO    : Snapshot:2	0	10	Epoch:0	Loss:23.83	MRR:9.09	Hits@10:14.43	Best:9.09
2025-01-13 22:27:57,082 INFO    : Snapshot:2	0	10	Epoch:1	Loss:19.076	MRR:9.57	Hits@10:14.94	Best:9.57
2025-01-13 22:28:06,101 INFO    : Snapshot:2	0	10	Epoch:2	Loss:18.794	MRR:9.63	Hits@10:15.24	Best:9.63
2025-01-13 22:28:15,172 INFO    : Snapshot:2	0	10	Epoch:3	Loss:18.651	MRR:9.86	Hits@10:15.75	Best:9.86
2025-01-13 22:28:24,198 INFO    : Snapshot:2	0	10	Epoch:4	Loss:18.605	MRR:9.9	Hits@10:15.87	Best:9.9
2025-01-13 22:28:33,217 INFO    : Snapshot:2	0	10	Epoch:5	Loss:18.583	MRR:9.92	Hits@10:15.75	Best:9.92
2025-01-13 22:28:42,528 INFO    : Snapshot:2	0	10	Epoch:6	Loss:18.521	MRR:9.94	Hits@10:16.0	Best:9.94
2025-01-13 22:28:51,574 INFO    : Snapshot:2	0	10	Epoch:7	Loss:18.478	MRR:10.02	Hits@10:16.19	Best:10.02
2025-01-13 22:29:00,567 INFO    : Snapshot:2	0	10	Epoch:8	Loss:18.465	MRR:10.06	Hits@10:16.11	Best:10.06
2025-01-13 22:29:09,581 INFO    : Snapshot:2	0	10	Epoch:9	Loss:18.44	MRR:10.08	Hits@10:16.31	Best:10.08
2025-01-13 22:29:18,611 INFO    : Snapshot:2	0	10	Epoch:10	Loss:18.441	MRR:10.27	Hits@10:16.42	Best:10.27
2025-01-13 22:29:27,648 INFO    : Snapshot:2	1	10	Epoch:11	Loss:18.366	MRR:10.14	Hits@10:16.29	Best:10.27
2025-01-13 22:29:36,683 INFO    : Snapshot:2	2	10	Epoch:12	Loss:18.416	MRR:10.26	Hits@10:16.57	Best:10.27
2025-01-13 22:29:45,713 INFO    : Snapshot:2	3	10	Epoch:13	Loss:18.412	MRR:10.17	Hits@10:16.19	Best:10.27
2025-01-13 22:29:54,688 INFO    : Snapshot:2	4	10	Epoch:14	Loss:18.401	MRR:10.14	Hits@10:16.33	Best:10.27
2025-01-13 22:30:03,670 INFO    : Snapshot:2	5	10	Epoch:15	Loss:18.393	MRR:10.2	Hits@10:16.35	Best:10.27
2025-01-13 22:30:12,652 INFO    : Snapshot:2	6	10	Epoch:16	Loss:18.379	MRR:10.08	Hits@10:16.16	Best:10.27
2025-01-13 22:30:21,703 INFO    : Snapshot:2	7	10	Epoch:17	Loss:18.37	MRR:10.19	Hits@10:16.58	Best:10.27
2025-01-13 22:30:31,017 INFO    : Snapshot:2	0	10	Epoch:18	Loss:18.381	MRR:10.33	Hits@10:16.5	Best:10.33
2025-01-13 22:30:40,112 INFO    : Snapshot:2	1	10	Epoch:19	Loss:18.364	MRR:10.33	Hits@10:16.31	Best:10.33
2025-01-13 22:30:49,163 INFO    : Snapshot:2	2	10	Epoch:20	Loss:18.363	MRR:10.32	Hits@10:16.36	Best:10.33
2025-01-13 22:30:58,180 INFO    : Snapshot:2	3	10	Epoch:21	Loss:18.349	MRR:10.3	Hits@10:16.53	Best:10.33
2025-01-13 22:31:07,180 INFO    : Snapshot:2	4	10	Epoch:22	Loss:18.334	MRR:10.25	Hits@10:16.5	Best:10.33
2025-01-13 22:31:16,208 INFO    : Snapshot:2	5	10	Epoch:23	Loss:18.371	MRR:10.29	Hits@10:16.5	Best:10.33
2025-01-13 22:31:25,204 INFO    : Snapshot:2	6	10	Epoch:24	Loss:18.296	MRR:10.15	Hits@10:16.31	Best:10.33
2025-01-13 22:31:34,120 INFO    : Snapshot:2	0	10	Epoch:25	Loss:18.328	MRR:10.43	Hits@10:16.53	Best:10.43
2025-01-13 22:31:43,026 INFO    : Snapshot:2	1	10	Epoch:26	Loss:18.367	MRR:10.31	Hits@10:16.19	Best:10.43
2025-01-13 22:31:52,004 INFO    : Snapshot:2	2	10	Epoch:27	Loss:18.321	MRR:10.31	Hits@10:16.43	Best:10.43
2025-01-13 22:32:00,939 INFO    : Snapshot:2	3	10	Epoch:28	Loss:18.336	MRR:10.41	Hits@10:16.71	Best:10.43
2025-01-13 22:32:09,820 INFO    : Snapshot:2	4	10	Epoch:29	Loss:18.34	MRR:10.33	Hits@10:16.51	Best:10.43
2025-01-13 22:32:19,076 INFO    : Snapshot:2	5	10	Epoch:30	Loss:18.316	MRR:10.28	Hits@10:16.53	Best:10.43
2025-01-13 22:32:28,130 INFO    : Snapshot:2	0	10	Epoch:31	Loss:18.316	MRR:10.46	Hits@10:16.52	Best:10.46
2025-01-13 22:32:37,114 INFO    : Snapshot:2	1	10	Epoch:32	Loss:18.326	MRR:10.44	Hits@10:16.51	Best:10.46
2025-01-13 22:32:46,120 INFO    : Snapshot:2	2	10	Epoch:33	Loss:18.329	MRR:10.28	Hits@10:16.45	Best:10.46
2025-01-13 22:32:55,053 INFO    : Snapshot:2	3	10	Epoch:34	Loss:18.302	MRR:10.46	Hits@10:16.55	Best:10.46
2025-01-13 22:33:04,043 INFO    : Snapshot:2	4	10	Epoch:35	Loss:18.324	MRR:10.34	Hits@10:16.52	Best:10.46
2025-01-13 22:33:13,036 INFO    : Snapshot:2	5	10	Epoch:36	Loss:18.319	MRR:10.42	Hits@10:16.64	Best:10.46
2025-01-13 22:33:22,061 INFO    : Snapshot:2	6	10	Epoch:37	Loss:18.34	MRR:10.34	Hits@10:16.44	Best:10.46
2025-01-13 22:33:31,077 INFO    : Snapshot:2	7	10	Epoch:38	Loss:18.264	MRR:10.42	Hits@10:16.56	Best:10.46
2025-01-13 22:33:40,030 INFO    : Snapshot:2	8	10	Epoch:39	Loss:18.281	MRR:10.44	Hits@10:16.53	Best:10.46
2025-01-13 22:33:49,006 INFO    : Snapshot:2	9	10	Epoch:40	Loss:18.296	MRR:10.36	Hits@10:16.57	Best:10.46
2025-01-13 22:33:57,987 INFO    : Snapshot:2	0	10	Epoch:41	Loss:18.319	MRR:10.58	Hits@10:16.86	Best:10.58
2025-01-13 22:34:07,124 INFO    : Snapshot:2	1	10	Epoch:42	Loss:18.322	MRR:10.44	Hits@10:16.2	Best:10.58
2025-01-13 22:34:16,003 INFO    : Snapshot:2	2	10	Epoch:43	Loss:18.294	MRR:10.43	Hits@10:16.48	Best:10.58
2025-01-13 22:34:24,930 INFO    : Snapshot:2	3	10	Epoch:44	Loss:18.302	MRR:10.57	Hits@10:16.78	Best:10.58
2025-01-13 22:34:33,775 INFO    : Snapshot:2	4	10	Epoch:45	Loss:18.285	MRR:10.51	Hits@10:16.84	Best:10.58
2025-01-13 22:34:42,769 INFO    : Snapshot:2	5	10	Epoch:46	Loss:18.338	MRR:10.52	Hits@10:16.59	Best:10.58
2025-01-13 22:34:51,774 INFO    : Snapshot:2	6	10	Epoch:47	Loss:18.263	MRR:10.4	Hits@10:16.5	Best:10.58
2025-01-13 22:35:00,791 INFO    : Snapshot:2	0	10	Epoch:48	Loss:18.285	MRR:10.64	Hits@10:16.86	Best:10.64
2025-01-13 22:35:09,773 INFO    : Snapshot:2	1	10	Epoch:49	Loss:18.272	MRR:10.6	Hits@10:16.71	Best:10.64
2025-01-13 22:35:18,785 INFO    : Snapshot:2	2	10	Epoch:50	Loss:18.305	MRR:10.49	Hits@10:16.44	Best:10.64
2025-01-13 22:35:27,807 INFO    : Snapshot:2	3	10	Epoch:51	Loss:18.307	MRR:10.63	Hits@10:16.85	Best:10.64
2025-01-13 22:35:36,800 INFO    : Snapshot:2	4	10	Epoch:52	Loss:18.259	MRR:10.58	Hits@10:16.64	Best:10.64
2025-01-13 22:35:45,808 INFO    : Snapshot:2	5	10	Epoch:53	Loss:18.254	MRR:10.58	Hits@10:16.85	Best:10.64
2025-01-13 22:35:54,919 INFO    : Snapshot:2	6	10	Epoch:54	Loss:18.288	MRR:10.56	Hits@10:16.62	Best:10.64
2025-01-13 22:36:03,899 INFO    : Snapshot:2	7	10	Epoch:55	Loss:18.276	MRR:10.44	Hits@10:16.63	Best:10.64
2025-01-13 22:36:12,918 INFO    : Snapshot:2	8	10	Epoch:56	Loss:18.265	MRR:10.57	Hits@10:16.77	Best:10.64
2025-01-13 22:36:21,975 INFO    : Snapshot:2	9	10	Epoch:57	Loss:18.246	MRR:10.55	Hits@10:16.9	Best:10.64
2025-01-13 22:36:31,005 INFO    : Early Stopping! Snapshot:2 Epoch: 58 Best Results: 10.64
2025-01-13 22:36:31,119 INFO    : => loading checkpoint './checkpoint/RELATION\2model_best.tar'
2025-01-13 22:36:52,840 INFO    : 
+------------+--------+--------+--------+--------+---------+
| Snapshot:2 |  MRR   | Hits@1 | Hits@3 | Hits@5 | Hits@10 |
+------------+--------+--------+--------+--------+---------+
|     0      | 0.2767 | 0.1708 | 0.3381 | 0.4057 |  0.4728 |
|     1      | 0.1153 | 0.0542 | 0.1349 | 0.1747 |  0.2306 |
|     2      | 0.1023 | 0.066  | 0.1051 | 0.1272 |  0.1637 |
+------------+--------+--------+--------+--------+---------+
2025-01-13 22:37:02,831 INFO    : Snapshot:3	0	10	Epoch:0	Loss:11.46	MRR:16.44	Hits@10:24.1	Best:16.44
2025-01-13 22:37:07,042 INFO    : Snapshot:3	0	10	Epoch:1	Loss:7.124	MRR:18.58	Hits@10:27.51	Best:18.58
2025-01-13 22:37:11,240 INFO    : Snapshot:3	1	10	Epoch:2	Loss:6.808	MRR:17.75	Hits@10:27.53	Best:18.58
2025-01-13 22:37:15,379 INFO    : Snapshot:3	2	10	Epoch:3	Loss:6.66	MRR:18.14	Hits@10:27.71	Best:18.58
2025-01-13 22:37:19,526 INFO    : Snapshot:3	3	10	Epoch:4	Loss:6.555	MRR:16.92	Hits@10:27.93	Best:18.58
2025-01-13 22:37:23,675 INFO    : Snapshot:3	4	10	Epoch:5	Loss:6.509	MRR:17.72	Hits@10:27.94	Best:18.58
2025-01-13 22:37:27,818 INFO    : Snapshot:3	5	10	Epoch:6	Loss:6.45	MRR:17.83	Hits@10:28.69	Best:18.58
2025-01-13 22:37:31,995 INFO    : Snapshot:3	6	10	Epoch:7	Loss:6.448	MRR:17.41	Hits@10:28.85	Best:18.58
2025-01-13 22:37:36,073 INFO    : Snapshot:3	7	10	Epoch:8	Loss:6.415	MRR:16.74	Hits@10:28.43	Best:18.58
2025-01-13 22:37:40,253 INFO    : Snapshot:3	8	10	Epoch:9	Loss:6.411	MRR:17.4	Hits@10:28.68	Best:18.58
2025-01-13 22:37:44,417 INFO    : Snapshot:3	9	10	Epoch:10	Loss:6.407	MRR:17.51	Hits@10:29.07	Best:18.58
2025-01-13 22:37:48,606 INFO    : Snapshot:3	0	10	Epoch:11	Loss:6.367	MRR:19.2	Hits@10:29.25	Best:19.2
2025-01-13 22:37:52,784 INFO    : Snapshot:3	0	10	Epoch:12	Loss:6.389	MRR:19.33	Hits@10:29.31	Best:19.33
2025-01-13 22:37:56,976 INFO    : Snapshot:3	1	10	Epoch:13	Loss:6.354	MRR:18.72	Hits@10:29.47	Best:19.33
2025-01-13 22:38:01,346 INFO    : Snapshot:3	2	10	Epoch:14	Loss:6.346	MRR:18.65	Hits@10:29.49	Best:19.33
2025-01-13 22:38:05,505 INFO    : Snapshot:3	3	10	Epoch:15	Loss:6.337	MRR:18.14	Hits@10:29.37	Best:19.33
2025-01-13 22:38:09,671 INFO    : Snapshot:3	4	10	Epoch:16	Loss:6.329	MRR:19.18	Hits@10:29.52	Best:19.33
2025-01-13 22:38:13,887 INFO    : Snapshot:3	0	10	Epoch:17	Loss:6.334	MRR:19.78	Hits@10:29.51	Best:19.78
2025-01-13 22:38:18,097 INFO    : Snapshot:3	1	10	Epoch:18	Loss:6.33	MRR:19.6	Hits@10:29.47	Best:19.78
2025-01-13 22:38:22,317 INFO    : Snapshot:3	2	10	Epoch:19	Loss:6.313	MRR:17.7	Hits@10:29.2	Best:19.78
2025-01-13 22:38:26,542 INFO    : Snapshot:3	3	10	Epoch:20	Loss:6.307	MRR:16.45	Hits@10:29.34	Best:19.78
2025-01-13 22:38:30,740 INFO    : Snapshot:3	4	10	Epoch:21	Loss:6.297	MRR:16.66	Hits@10:29.42	Best:19.78
2025-01-13 22:38:34,923 INFO    : Snapshot:3	5	10	Epoch:22	Loss:6.274	MRR:16.76	Hits@10:29.8	Best:19.78
2025-01-13 22:38:39,166 INFO    : Snapshot:3	6	10	Epoch:23	Loss:6.306	MRR:17.88	Hits@10:29.65	Best:19.78
2025-01-13 22:38:43,371 INFO    : Snapshot:3	7	10	Epoch:24	Loss:6.295	MRR:18.74	Hits@10:30.04	Best:19.78
2025-01-13 22:38:47,538 INFO    : Snapshot:3	8	10	Epoch:25	Loss:6.276	MRR:18.23	Hits@10:29.84	Best:19.78
2025-01-13 22:38:51,760 INFO    : Snapshot:3	9	10	Epoch:26	Loss:6.293	MRR:18.89	Hits@10:29.77	Best:19.78
2025-01-13 22:38:55,922 INFO    : Early Stopping! Snapshot:3 Epoch: 27 Best Results: 19.78
2025-01-13 22:38:56,024 INFO    : => loading checkpoint './checkpoint/RELATION\3model_best.tar'
2025-01-13 22:39:20,570 INFO    : 
+------------+--------+--------+--------+--------+---------+
| Snapshot:3 |  MRR   | Hits@1 | Hits@3 | Hits@5 | Hits@10 |
+------------+--------+--------+--------+--------+---------+
|     0      | 0.2767 | 0.1708 | 0.3381 | 0.4057 |  0.4728 |
|     1      | 0.1153 | 0.0542 | 0.1349 | 0.1747 |  0.2306 |
|     2      | 0.1023 | 0.066  | 0.1051 | 0.1272 |  0.1637 |
|     3      | 0.1978 | 0.1397 | 0.2192 | 0.2486 |  0.2976 |
+------------+--------+--------+--------+--------+---------+
2025-01-13 22:39:53,741 INFO    : Snapshot:4	0	10	Epoch:0	Loss:9.931	MRR:12.78	Hits@10:22.9	Best:12.78
2025-01-13 22:40:09,103 INFO    : Snapshot:4	0	10	Epoch:1	Loss:6.82	MRR:13.65	Hits@10:24.47	Best:13.65
2025-01-13 22:40:24,504 INFO    : Snapshot:4	0	10	Epoch:2	Loss:6.489	MRR:13.93	Hits@10:25.24	Best:13.93
2025-01-13 22:40:39,868 INFO    : Snapshot:4	1	10	Epoch:3	Loss:6.414	MRR:13.93	Hits@10:25.62	Best:13.93
2025-01-13 22:40:55,251 INFO    : Snapshot:4	0	10	Epoch:4	Loss:6.325	MRR:14.05	Hits@10:25.62	Best:14.05
2025-01-13 22:41:10,643 INFO    : Snapshot:4	0	10	Epoch:5	Loss:6.289	MRR:14.33	Hits@10:25.69	Best:14.33
2025-01-13 22:41:26,022 INFO    : Snapshot:4	1	10	Epoch:6	Loss:6.326	MRR:14.21	Hits@10:25.93	Best:14.33
2025-01-13 22:41:41,376 INFO    : Snapshot:4	2	10	Epoch:7	Loss:6.261	MRR:14.28	Hits@10:25.94	Best:14.33
2025-01-13 22:41:56,723 INFO    : Snapshot:4	3	10	Epoch:8	Loss:6.251	MRR:14.1	Hits@10:26.22	Best:14.33
2025-01-13 22:42:12,074 INFO    : Snapshot:4	0	10	Epoch:9	Loss:6.264	MRR:14.44	Hits@10:26.05	Best:14.44
2025-01-13 22:42:27,465 INFO    : Snapshot:4	0	10	Epoch:10	Loss:6.245	MRR:14.63	Hits@10:26.12	Best:14.63
2025-01-13 22:42:42,856 INFO    : Snapshot:4	0	10	Epoch:11	Loss:6.217	MRR:14.72	Hits@10:26.37	Best:14.72
2025-01-13 22:42:58,429 INFO    : Snapshot:4	1	10	Epoch:12	Loss:6.258	MRR:14.44	Hits@10:26.36	Best:14.72
2025-01-13 22:43:13,825 INFO    : Snapshot:4	2	10	Epoch:13	Loss:6.246	MRR:14.26	Hits@10:26.22	Best:14.72
2025-01-13 22:43:29,198 INFO    : Snapshot:4	3	10	Epoch:14	Loss:6.2	MRR:14.33	Hits@10:26.02	Best:14.72
2025-01-13 22:43:44,554 INFO    : Snapshot:4	4	10	Epoch:15	Loss:6.216	MRR:14.39	Hits@10:26.34	Best:14.72
2025-01-13 22:43:59,914 INFO    : Snapshot:4	5	10	Epoch:16	Loss:6.212	MRR:14.14	Hits@10:26.07	Best:14.72
2025-01-13 22:44:15,283 INFO    : Snapshot:4	6	10	Epoch:17	Loss:6.218	MRR:14.61	Hits@10:26.39	Best:14.72
2025-01-13 22:44:30,664 INFO    : Snapshot:4	7	10	Epoch:18	Loss:6.202	MRR:14.16	Hits@10:26.13	Best:14.72
2025-01-13 22:44:46,053 INFO    : Snapshot:4	8	10	Epoch:19	Loss:6.192	MRR:14.11	Hits@10:25.93	Best:14.72
2025-01-13 22:45:01,393 INFO    : Snapshot:4	9	10	Epoch:20	Loss:6.186	MRR:14.14	Hits@10:26.09	Best:14.72
2025-01-13 22:45:17,933 INFO    : Early Stopping! Snapshot:4 Epoch: 21 Best Results: 14.72
2025-01-13 22:45:18,037 INFO    : => loading checkpoint './checkpoint/RELATION\4model_best.tar'
2025-01-13 22:45:57,175 INFO    : 
+------------+--------+--------+--------+--------+---------+
| Snapshot:4 |  MRR   | Hits@1 | Hits@3 | Hits@5 | Hits@10 |
+------------+--------+--------+--------+--------+---------+
|     0      | 0.2767 | 0.1708 | 0.3381 | 0.4057 |  0.4728 |
|     1      | 0.1153 | 0.0542 | 0.1349 | 0.1747 |  0.2306 |
|     2      | 0.1023 | 0.066  | 0.1051 | 0.1272 |  0.1637 |
|     3      | 0.1978 | 0.1397 | 0.2192 | 0.2486 |  0.2976 |
|     4      | 0.1402 | 0.0809 | 0.1456 | 0.1896 |  0.2549 |
+------------+--------+--------+--------+--------+---------+
2025-01-13 22:45:57,175 INFO    : Final Result:
[+------------+--------+--------+--------+--------+---------+
| Snapshot:0 |  MRR   | Hits@1 | Hits@3 | Hits@5 | Hits@10 |
+------------+--------+--------+--------+--------+---------+
|     0      | 0.2767 | 0.1708 | 0.3381 | 0.4057 |  0.4728 |
+------------+--------+--------+--------+--------+---------+, +------------+--------+--------+--------+--------+---------+
| Snapshot:1 |  MRR   | Hits@1 | Hits@3 | Hits@5 | Hits@10 |
+------------+--------+--------+--------+--------+---------+
|     0      | 0.2767 | 0.1708 | 0.3381 | 0.4057 |  0.4728 |
|     1      | 0.1153 | 0.0542 | 0.1349 | 0.1747 |  0.2306 |
+------------+--------+--------+--------+--------+---------+, +------------+--------+--------+--------+--------+---------+
| Snapshot:2 |  MRR   | Hits@1 | Hits@3 | Hits@5 | Hits@10 |
+------------+--------+--------+--------+--------+---------+
|     0      | 0.2767 | 0.1708 | 0.3381 | 0.4057 |  0.4728 |
|     1      | 0.1153 | 0.0542 | 0.1349 | 0.1747 |  0.2306 |
|     2      | 0.1023 | 0.066  | 0.1051 | 0.1272 |  0.1637 |
+------------+--------+--------+--------+--------+---------+, +------------+--------+--------+--------+--------+---------+
| Snapshot:3 |  MRR   | Hits@1 | Hits@3 | Hits@5 | Hits@10 |
+------------+--------+--------+--------+--------+---------+
|     0      | 0.2767 | 0.1708 | 0.3381 | 0.4057 |  0.4728 |
|     1      | 0.1153 | 0.0542 | 0.1349 | 0.1747 |  0.2306 |
|     2      | 0.1023 | 0.066  | 0.1051 | 0.1272 |  0.1637 |
|     3      | 0.1978 | 0.1397 | 0.2192 | 0.2486 |  0.2976 |
+------------+--------+--------+--------+--------+---------+, +------------+--------+--------+--------+--------+---------+
| Snapshot:4 |  MRR   | Hits@1 | Hits@3 | Hits@5 | Hits@10 |
+------------+--------+--------+--------+--------+---------+
|     0      | 0.2767 | 0.1708 | 0.3381 | 0.4057 |  0.4728 |
|     1      | 0.1153 | 0.0542 | 0.1349 | 0.1747 |  0.2306 |
|     2      | 0.1023 | 0.066  | 0.1051 | 0.1272 |  0.1637 |
|     3      | 0.1978 | 0.1397 | 0.2192 | 0.2486 |  0.2976 |
|     4      | 0.1402 | 0.0809 | 0.1456 | 0.1896 |  0.2549 |
+------------+--------+--------+--------+--------+---------+]
2025-01-13 22:45:57,175 INFO    : Report Result:
+----------+--------------------+-----------+--------------+--------------+---------------+
| Snapshot |        Time        | Whole_MRR | Whole_Hits@1 | Whole_Hits@3 | Whole_Hits@10 |
+----------+--------------------+-----------+--------------+--------------+---------------+
|    0     | 154.9379119873047  |   0.277   |    0.171     |    0.338     |     0.473     |
|    1     | 568.4846906661987  |   0.198   |    0.114     |    0.239     |     0.355     |
|    2     | 534.6817753314972  |   0.174   |    0.102     |    0.205     |     0.306     |
|    3     | 119.9045512676239  |   0.176   |    0.106     |    0.206     |     0.305     |
|    4     | 342.40669536590576 |   0.174   |    0.104     |    0.202     |     0.302     |
+----------+--------------------+-----------+--------------+--------------+---------------+
2025-01-13 22:45:57,175 INFO    : Sum_Training_Time:1720.4156246185303
2025-01-13 22:45:57,175 INFO    : Every_Training_Time:[154.9379119873047, 568.4846906661987, 534.6817753314972, 119.9045512676239, 342.40669536590576]
2025-01-13 22:45:57,175 INFO    : Forward transfer: 0.012375 Backward transfer: 0.0
