2024-09-19 09:58:53,652 INFO    : Namespace(batch_size=1024, data_path='./data/HYBRID/', dataset='HYBRID', debug=False, device=device(type='cuda', index=0), emb_dim=200, ent_r='150', epoch_num=200, explore=False, gpu='0', l2=0.0, learning_rate='1e-1', log_path='./logs/20240919095844/HYBRID', logger=<RootLogger root (INFO)>, margin=8.0, model_name='LoraKGE_Layers', multi_layers_path='train_sorted_by_edges_betweenness.txt', neg_ratio=10, note='', num_ent_layers='2', num_layer=1, num_rel_layers='1', patience=3, predict_result=False, r=100, r_fixed=True, random_seed=3407, record=False, rel_r='20', save_path='./checkpoint/HYBRID', skip_previous='False', snapshot_num=5, train_new=True, using_multi_layers=False, using_various_ranks='True', using_various_ranks_reverse=False, valid_metrics='mrr')
2024-09-19 09:59:01,827 INFO    : Snapshot:0	0	3	Epoch:0	Loss:37.229	MRR:14.76	Hits@10:28.92	Best:14.76
2024-09-19 09:59:07,378 INFO    : Snapshot:0	0	3	Epoch:1	Loss:18.611	MRR:22.47	Hits@10:40.38	Best:22.47
2024-09-19 09:59:12,739 INFO    : Snapshot:0	0	3	Epoch:2	Loss:8.665	MRR:25.05	Hits@10:43.96	Best:25.05
2024-09-19 09:59:18,173 INFO    : Snapshot:0	0	3	Epoch:3	Loss:4.555	MRR:25.63	Hits@10:44.96	Best:25.63
2024-09-19 09:59:23,572 INFO    : Snapshot:0	1	3	Epoch:4	Loss:2.778	MRR:25.59	Hits@10:44.87	Best:25.63
2024-09-19 09:59:28,785 INFO    : Snapshot:0	2	3	Epoch:5	Loss:1.937	MRR:25.27	Hits@10:44.8	Best:25.63
2024-09-19 09:59:34,066 INFO    : Early Stopping! Snapshot:0 Epoch: 6 Best Results: 25.63
2024-09-19 09:59:34,162 INFO    : => loading checkpoint './checkpoint/HYBRID\0model_best.tar'
2024-09-19 09:59:37,539 INFO    : 
+------------+--------+--------+--------+--------+---------+
| Snapshot:0 |  MRR   | Hits@1 | Hits@3 | Hits@5 | Hits@10 |
+------------+--------+--------+--------+--------+---------+
|     0      | 0.2558 | 0.1548 | 0.3079 | 0.3682 |  0.4392 |
+------------+--------+--------+--------+--------+---------+
2024-09-19 09:59:44,529 INFO    : Snapshot:1	0	3	Epoch:0	Loss:8.096	MRR:20.63	Hits@10:36.66	Best:20.63
2024-09-19 09:59:46,989 INFO    : Snapshot:1	0	3	Epoch:1	Loss:3.91	MRR:23.8	Hits@10:41.47	Best:23.8
2024-09-19 09:59:49,277 INFO    : Snapshot:1	0	3	Epoch:2	Loss:3.266	MRR:25.34	Hits@10:44.06	Best:25.34
2024-09-19 09:59:51,567 INFO    : Snapshot:1	0	3	Epoch:3	Loss:2.967	MRR:25.95	Hits@10:45.21	Best:25.95
2024-09-19 09:59:53,946 INFO    : Snapshot:1	0	3	Epoch:4	Loss:2.808	MRR:26.61	Hits@10:45.23	Best:26.61
2024-09-19 09:59:56,251 INFO    : Snapshot:1	0	3	Epoch:5	Loss:2.69	MRR:26.95	Hits@10:45.56	Best:26.95
2024-09-19 09:59:58,503 INFO    : Snapshot:1	1	3	Epoch:6	Loss:2.615	MRR:26.77	Hits@10:45.78	Best:26.95
2024-09-19 10:00:00,667 INFO    : Snapshot:1	0	3	Epoch:7	Loss:2.569	MRR:27.13	Hits@10:46.2	Best:27.13
2024-09-19 10:00:02,935 INFO    : Snapshot:1	0	3	Epoch:8	Loss:2.515	MRR:27.14	Hits@10:46.68	Best:27.14
2024-09-19 10:00:05,229 INFO    : Snapshot:1	0	3	Epoch:9	Loss:2.49	MRR:27.31	Hits@10:46.24	Best:27.31
2024-09-19 10:00:07,526 INFO    : Snapshot:1	0	3	Epoch:10	Loss:2.464	MRR:27.48	Hits@10:46.46	Best:27.48
2024-09-19 10:00:09,778 INFO    : Snapshot:1	1	3	Epoch:11	Loss:2.445	MRR:27.48	Hits@10:46.86	Best:27.48
2024-09-19 10:00:12,072 INFO    : Snapshot:1	0	3	Epoch:12	Loss:2.431	MRR:27.75	Hits@10:46.96	Best:27.75
2024-09-19 10:00:14,348 INFO    : Snapshot:1	0	3	Epoch:13	Loss:2.397	MRR:28.02	Hits@10:46.91	Best:28.02
2024-09-19 10:00:16,556 INFO    : Snapshot:1	1	3	Epoch:14	Loss:2.402	MRR:27.76	Hits@10:46.79	Best:28.02
2024-09-19 10:00:18,795 INFO    : Snapshot:1	2	3	Epoch:15	Loss:2.364	MRR:27.9	Hits@10:47.14	Best:28.02
2024-09-19 10:00:20,961 INFO    : Snapshot:1	0	3	Epoch:16	Loss:2.367	MRR:28.28	Hits@10:47.11	Best:28.28
2024-09-19 10:00:23,197 INFO    : Snapshot:1	1	3	Epoch:17	Loss:2.38	MRR:28.04	Hits@10:47.08	Best:28.28
2024-09-19 10:00:25,377 INFO    : Snapshot:1	2	3	Epoch:18	Loss:2.354	MRR:28.0	Hits@10:47.2	Best:28.28
2024-09-19 10:00:27,609 INFO    : Early Stopping! Snapshot:1 Epoch: 19 Best Results: 28.28
2024-09-19 10:00:27,709 INFO    : => loading checkpoint './checkpoint/HYBRID\1model_best.tar'
2024-09-19 10:00:32,834 INFO    : 
+------------+--------+--------+--------+--------+---------+
| Snapshot:1 |  MRR   | Hits@1 | Hits@3 | Hits@5 | Hits@10 |
+------------+--------+--------+--------+--------+---------+
|     0      | 0.2558 | 0.1548 | 0.3079 | 0.3682 |  0.4392 |
|     1      | 0.2727 | 0.174  | 0.3133 | 0.3818 |  0.4646 |
+------------+--------+--------+--------+--------+---------+
2024-09-19 10:00:54,728 INFO    : Snapshot:2	0	3	Epoch:0	Loss:25.239	MRR:14.97	Hits@10:27.65	Best:14.97
2024-09-19 10:01:05,757 INFO    : Snapshot:2	0	3	Epoch:1	Loss:16.526	MRR:16.27	Hits@10:29.94	Best:16.27
2024-09-19 10:01:16,657 INFO    : Snapshot:2	0	3	Epoch:2	Loss:15.379	MRR:17.23	Hits@10:31.21	Best:17.23
2024-09-19 10:01:27,486 INFO    : Snapshot:2	0	3	Epoch:3	Loss:14.781	MRR:17.53	Hits@10:31.64	Best:17.53
2024-09-19 10:01:38,361 INFO    : Snapshot:2	0	3	Epoch:4	Loss:14.431	MRR:17.73	Hits@10:32.05	Best:17.73
2024-09-19 10:01:49,335 INFO    : Snapshot:2	0	3	Epoch:5	Loss:14.156	MRR:18.14	Hits@10:32.77	Best:18.14
2024-09-19 10:02:00,218 INFO    : Snapshot:2	0	3	Epoch:6	Loss:13.978	MRR:18.24	Hits@10:32.86	Best:18.24
2024-09-19 10:02:11,284 INFO    : Snapshot:2	0	3	Epoch:7	Loss:13.851	MRR:18.35	Hits@10:32.9	Best:18.35
2024-09-19 10:02:22,086 INFO    : Snapshot:2	1	3	Epoch:8	Loss:13.722	MRR:18.21	Hits@10:32.9	Best:18.35
2024-09-19 10:02:33,288 INFO    : Snapshot:2	0	3	Epoch:9	Loss:13.606	MRR:18.7	Hits@10:33.17	Best:18.7
2024-09-19 10:02:44,274 INFO    : Snapshot:2	0	3	Epoch:10	Loss:13.556	MRR:18.73	Hits@10:33.28	Best:18.73
2024-09-19 10:02:55,301 INFO    : Snapshot:2	1	3	Epoch:11	Loss:13.509	MRR:18.65	Hits@10:33.16	Best:18.73
2024-09-19 10:03:06,284 INFO    : Snapshot:2	2	3	Epoch:12	Loss:13.424	MRR:18.71	Hits@10:33.26	Best:18.73
2024-09-19 10:03:17,152 INFO    : Snapshot:2	0	3	Epoch:13	Loss:13.384	MRR:18.83	Hits@10:33.42	Best:18.83
2024-09-19 10:03:28,187 INFO    : Snapshot:2	0	3	Epoch:14	Loss:13.381	MRR:18.95	Hits@10:33.44	Best:18.95
2024-09-19 10:03:39,398 INFO    : Snapshot:2	1	3	Epoch:15	Loss:13.354	MRR:18.85	Hits@10:33.56	Best:18.95
2024-09-19 10:03:50,451 INFO    : Snapshot:2	0	3	Epoch:16	Loss:13.274	MRR:18.98	Hits@10:33.57	Best:18.98
2024-09-19 10:04:01,523 INFO    : Snapshot:2	1	3	Epoch:17	Loss:13.225	MRR:18.9	Hits@10:33.71	Best:18.98
2024-09-19 10:04:12,640 INFO    : Snapshot:2	0	3	Epoch:18	Loss:13.213	MRR:18.99	Hits@10:33.56	Best:18.99
2024-09-19 10:04:23,713 INFO    : Snapshot:2	1	3	Epoch:19	Loss:13.179	MRR:18.93	Hits@10:33.72	Best:18.99
2024-09-19 10:04:34,856 INFO    : Snapshot:2	0	3	Epoch:20	Loss:13.181	MRR:19.11	Hits@10:33.78	Best:19.11
2024-09-19 10:04:45,980 INFO    : Snapshot:2	0	3	Epoch:21	Loss:13.148	MRR:19.12	Hits@10:33.77	Best:19.12
2024-09-19 10:04:57,182 INFO    : Snapshot:2	0	3	Epoch:22	Loss:13.157	MRR:19.2	Hits@10:33.88	Best:19.2
2024-09-19 10:05:08,246 INFO    : Snapshot:2	1	3	Epoch:23	Loss:13.11	MRR:19.06	Hits@10:33.69	Best:19.2
2024-09-19 10:05:19,676 INFO    : Snapshot:2	2	3	Epoch:24	Loss:13.136	MRR:19.11	Hits@10:33.95	Best:19.2
2024-09-19 10:05:31,093 INFO    : Snapshot:2	0	3	Epoch:25	Loss:13.101	MRR:19.27	Hits@10:33.72	Best:19.27
2024-09-19 10:05:42,438 INFO    : Snapshot:2	1	3	Epoch:26	Loss:13.091	MRR:19.18	Hits@10:33.96	Best:19.27
2024-09-19 10:05:53,381 INFO    : Snapshot:2	2	3	Epoch:27	Loss:13.064	MRR:19.08	Hits@10:33.89	Best:19.27
2024-09-19 10:06:04,481 INFO    : Early Stopping! Snapshot:2 Epoch: 28 Best Results: 19.27
2024-09-19 10:06:04,581 INFO    : => loading checkpoint './checkpoint/HYBRID\2model_best.tar'
2024-09-19 10:06:16,483 INFO    : 
+------------+--------+--------+--------+--------+---------+
| Snapshot:2 |  MRR   | Hits@1 | Hits@3 | Hits@5 | Hits@10 |
+------------+--------+--------+--------+--------+---------+
|     0      | 0.2558 | 0.1548 | 0.3079 | 0.3682 |  0.4392 |
|     1      | 0.2727 | 0.174  | 0.3133 | 0.3818 |  0.4646 |
|     2      | 0.1914 | 0.1163 | 0.2183 | 0.268  |  0.3355 |
+------------+--------+--------+--------+--------+---------+
2024-09-19 10:06:43,774 INFO    : Snapshot:3	0	3	Epoch:0	Loss:29.062	MRR:15.05	Hits@10:28.25	Best:15.05
2024-09-19 10:06:58,023 INFO    : Snapshot:3	0	3	Epoch:1	Loss:21.228	MRR:16.09	Hits@10:30.24	Best:16.09
2024-09-19 10:07:12,256 INFO    : Snapshot:3	0	3	Epoch:2	Loss:20.377	MRR:16.43	Hits@10:30.95	Best:16.43
2024-09-19 10:07:26,473 INFO    : Snapshot:3	0	3	Epoch:3	Loss:19.988	MRR:16.86	Hits@10:31.29	Best:16.86
2024-09-19 10:07:40,721 INFO    : Snapshot:3	0	3	Epoch:4	Loss:19.763	MRR:16.96	Hits@10:31.76	Best:16.96
2024-09-19 10:07:54,928 INFO    : Snapshot:3	0	3	Epoch:5	Loss:19.579	MRR:17.25	Hits@10:32.05	Best:17.25
2024-09-19 10:08:09,294 INFO    : Snapshot:3	1	3	Epoch:6	Loss:19.395	MRR:17.13	Hits@10:32.01	Best:17.25
2024-09-19 10:08:23,434 INFO    : Snapshot:3	2	3	Epoch:7	Loss:19.316	MRR:17.23	Hits@10:32.08	Best:17.25
2024-09-19 10:08:37,773 INFO    : Snapshot:3	0	3	Epoch:8	Loss:19.266	MRR:17.33	Hits@10:32.18	Best:17.33
2024-09-19 10:08:52,105 INFO    : Snapshot:3	0	3	Epoch:9	Loss:19.193	MRR:17.51	Hits@10:32.36	Best:17.51
2024-09-19 10:09:06,307 INFO    : Snapshot:3	1	3	Epoch:10	Loss:19.146	MRR:17.45	Hits@10:32.33	Best:17.51
2024-09-19 10:09:20,702 INFO    : Snapshot:3	2	3	Epoch:11	Loss:19.062	MRR:17.38	Hits@10:32.27	Best:17.51
2024-09-19 10:09:34,979 INFO    : Snapshot:3	0	3	Epoch:12	Loss:19.047	MRR:17.57	Hits@10:32.49	Best:17.57
2024-09-19 10:09:49,307 INFO    : Snapshot:3	0	3	Epoch:13	Loss:18.989	MRR:17.59	Hits@10:32.36	Best:17.59
2024-09-19 10:10:03,755 INFO    : Snapshot:3	1	3	Epoch:14	Loss:18.97	MRR:17.45	Hits@10:32.53	Best:17.59
2024-09-19 10:10:18,174 INFO    : Snapshot:3	2	3	Epoch:15	Loss:18.924	MRR:17.59	Hits@10:32.4	Best:17.59
2024-09-19 10:10:32,639 INFO    : Snapshot:3	0	3	Epoch:16	Loss:18.91	MRR:17.6	Hits@10:32.55	Best:17.6
2024-09-19 10:10:47,138 INFO    : Snapshot:3	1	3	Epoch:17	Loss:18.92	MRR:17.57	Hits@10:32.54	Best:17.6
2024-09-19 10:11:01,580 INFO    : Snapshot:3	0	3	Epoch:18	Loss:18.864	MRR:17.7	Hits@10:32.46	Best:17.7
2024-09-19 10:11:16,148 INFO    : Snapshot:3	0	3	Epoch:19	Loss:18.87	MRR:17.77	Hits@10:32.62	Best:17.77
2024-09-19 10:11:30,546 INFO    : Snapshot:3	1	3	Epoch:20	Loss:18.82	MRR:17.67	Hits@10:32.74	Best:17.77
2024-09-19 10:11:44,724 INFO    : Snapshot:3	0	3	Epoch:21	Loss:18.824	MRR:17.81	Hits@10:32.6	Best:17.81
2024-09-19 10:11:58,904 INFO    : Snapshot:3	1	3	Epoch:22	Loss:18.788	MRR:17.81	Hits@10:32.67	Best:17.81
2024-09-19 10:12:13,584 INFO    : Snapshot:3	2	3	Epoch:23	Loss:18.789	MRR:17.78	Hits@10:32.78	Best:17.81
2024-09-19 10:12:27,921 INFO    : Early Stopping! Snapshot:3 Epoch: 24 Best Results: 17.81
2024-09-19 10:12:28,023 INFO    : => loading checkpoint './checkpoint/HYBRID\3model_best.tar'
2024-09-19 10:12:50,032 INFO    : 
+------------+--------+--------+--------+--------+---------+
| Snapshot:3 |  MRR   | Hits@1 | Hits@3 | Hits@5 | Hits@10 |
+------------+--------+--------+--------+--------+---------+
|     0      | 0.2558 | 0.1548 | 0.3079 | 0.3682 |  0.4392 |
|     1      | 0.2727 | 0.174  | 0.3133 | 0.3818 |  0.4646 |
|     2      | 0.1914 | 0.1163 | 0.2183 | 0.268  |  0.3355 |
|     3      | 0.1793 | 0.0996 | 0.2144 | 0.2666 |  0.3289 |
+------------+--------+--------+--------+--------+---------+
2024-09-19 10:13:02,251 INFO    : Snapshot:4	0	3	Epoch:0	Loss:14.534	MRR:14.85	Hits@10:24.24	Best:14.85
2024-09-19 10:13:07,684 INFO    : Snapshot:4	0	3	Epoch:1	Loss:11.856	MRR:15.32	Hits@10:25.1	Best:15.32
2024-09-19 10:13:13,122 INFO    : Snapshot:4	0	3	Epoch:2	Loss:11.617	MRR:15.52	Hits@10:25.27	Best:15.52
2024-09-19 10:13:18,705 INFO    : Snapshot:4	0	3	Epoch:3	Loss:11.507	MRR:15.6	Hits@10:25.29	Best:15.6
2024-09-19 10:13:24,170 INFO    : Snapshot:4	1	3	Epoch:4	Loss:11.457	MRR:15.55	Hits@10:25.47	Best:15.6
2024-09-19 10:13:29,620 INFO    : Snapshot:4	2	3	Epoch:5	Loss:11.386	MRR:15.46	Hits@10:25.19	Best:15.6
2024-09-19 10:13:35,056 INFO    : Snapshot:4	0	3	Epoch:6	Loss:11.332	MRR:15.66	Hits@10:25.32	Best:15.66
2024-09-19 10:13:40,473 INFO    : Snapshot:4	1	3	Epoch:7	Loss:11.347	MRR:15.62	Hits@10:25.42	Best:15.66
2024-09-19 10:13:45,881 INFO    : Snapshot:4	2	3	Epoch:8	Loss:11.351	MRR:15.61	Hits@10:25.48	Best:15.66
2024-09-19 10:13:51,362 INFO    : Early Stopping! Snapshot:4 Epoch: 9 Best Results: 15.66
2024-09-19 10:13:51,457 INFO    : => loading checkpoint './checkpoint/HYBRID\4model_best.tar'
2024-09-19 10:14:17,663 INFO    : 
+------------+--------+--------+--------+--------+---------+
| Snapshot:4 |  MRR   | Hits@1 | Hits@3 | Hits@5 | Hits@10 |
+------------+--------+--------+--------+--------+---------+
|     0      | 0.2558 | 0.1548 | 0.3079 | 0.3682 |  0.4392 |
|     1      | 0.2727 | 0.174  | 0.3133 | 0.3818 |  0.4646 |
|     2      | 0.1914 | 0.1163 | 0.2183 | 0.268  |  0.3355 |
|     3      | 0.1793 | 0.0996 | 0.2144 | 0.2666 |  0.3289 |
|     4      | 0.1574 | 0.1074 | 0.1701 | 0.2067 |  0.2535 |
+------------+--------+--------+--------+--------+---------+
2024-09-19 10:14:17,665 INFO    : Final Result:
[+------------+--------+--------+--------+--------+---------+
| Snapshot:0 |  MRR   | Hits@1 | Hits@3 | Hits@5 | Hits@10 |
+------------+--------+--------+--------+--------+---------+
|     0      | 0.2558 | 0.1548 | 0.3079 | 0.3682 |  0.4392 |
+------------+--------+--------+--------+--------+---------+, +------------+--------+--------+--------+--------+---------+
| Snapshot:1 |  MRR   | Hits@1 | Hits@3 | Hits@5 | Hits@10 |
+------------+--------+--------+--------+--------+---------+
|     0      | 0.2558 | 0.1548 | 0.3079 | 0.3682 |  0.4392 |
|     1      | 0.2727 | 0.174  | 0.3133 | 0.3818 |  0.4646 |
+------------+--------+--------+--------+--------+---------+, +------------+--------+--------+--------+--------+---------+
| Snapshot:2 |  MRR   | Hits@1 | Hits@3 | Hits@5 | Hits@10 |
+------------+--------+--------+--------+--------+---------+
|     0      | 0.2558 | 0.1548 | 0.3079 | 0.3682 |  0.4392 |
|     1      | 0.2727 | 0.174  | 0.3133 | 0.3818 |  0.4646 |
|     2      | 0.1914 | 0.1163 | 0.2183 | 0.268  |  0.3355 |
+------------+--------+--------+--------+--------+---------+, +------------+--------+--------+--------+--------+---------+
| Snapshot:3 |  MRR   | Hits@1 | Hits@3 | Hits@5 | Hits@10 |
+------------+--------+--------+--------+--------+---------+
|     0      | 0.2558 | 0.1548 | 0.3079 | 0.3682 |  0.4392 |
|     1      | 0.2727 | 0.174  | 0.3133 | 0.3818 |  0.4646 |
|     2      | 0.1914 | 0.1163 | 0.2183 | 0.268  |  0.3355 |
|     3      | 0.1793 | 0.0996 | 0.2144 | 0.2666 |  0.3289 |
+------------+--------+--------+--------+--------+---------+, +------------+--------+--------+--------+--------+---------+
| Snapshot:4 |  MRR   | Hits@1 | Hits@3 | Hits@5 | Hits@10 |
+------------+--------+--------+--------+--------+---------+
|     0      | 0.2558 | 0.1548 | 0.3079 | 0.3682 |  0.4392 |
|     1      | 0.2727 | 0.174  | 0.3133 | 0.3818 |  0.4646 |
|     2      | 0.1914 | 0.1163 | 0.2183 | 0.268  |  0.3355 |
|     3      | 0.1793 | 0.0996 | 0.2144 | 0.2666 |  0.3289 |
|     4      | 0.1574 | 0.1074 | 0.1701 | 0.2067 |  0.2535 |
+------------+--------+--------+--------+--------+---------+]
2024-09-19 10:14:17,665 INFO    : Report Result:
+----------+--------------------+-----------+--------------+--------------+---------------+
| Snapshot |        Time        | Whole_MRR | Whole_Hits@1 | Whole_Hits@3 | Whole_Hits@10 |
+----------+--------------------+-----------+--------------+--------------+---------------+
|    0     | 40.41433835029602  |   0.256   |    0.155     |    0.308     |     0.439     |
|    1     | 47.38384509086609  |    0.26   |     0.16     |    0.309     |     0.446     |
|    2     | 324.43376660346985 |   0.224   |    0.137     |    0.261     |     0.388     |
|    3     | 361.55971908569336 |   0.207   |    0.123     |    0.243     |     0.365     |
|    4     | 56.92672634124756  |    0.2    |    0.121     |    0.234     |     0.351     |
+----------+--------------------+-----------+--------------+--------------+---------------+
2024-09-19 10:14:17,665 INFO    : Sum_Training_Time:830.7183954715729
2024-09-19 10:14:17,665 INFO    : Every_Training_Time:[40.41433835029602, 47.38384509086609, 324.43376660346985, 361.55971908569336, 56.92672634124756]
2024-09-19 10:14:17,665 INFO    : Forward transfer: 0.036750000000000005 Backward transfer: 0.0
