2025-02-18 10:34:00,969 INFO    : Namespace(batch_size=1024, data_path='./data/ENTITY/', dataset='ENTITY', debug=False, device=device(type='cuda', index=0), emb_dim=200, ent_r='200', epoch_num=200, explore=False, gpu='0', l2=0.0, learning_rate='1e-1', log_path='./logs/ENTITY 200 20 1e-1 1024/ENTITY 20250218103350', logger=<RootLogger root (INFO)>, margin=8.0, model_name='LoraKGE_Layers', multi_layers_path='train_sorted_by_edges_betweenness.txt', neg_ratio=10, note='', num_ent_layers='20', num_layer=1, num_rel_layers=1, patience='10', predict_result=False, r=100, r_fixed=True, random_seed=3407, record=False, rel_r='200', save_path='./checkpoint/ENTITY', skip_previous='False', snapshot_num=5, train_new=True, using_multi_layers=False, using_various_ranks='True', using_various_ranks_reverse=False, valid_metrics='mrr')
2025-02-18 10:34:06,907 INFO    : Snapshot:0	0	10	Epoch:0	Loss:31.76	MRR:16.42	Hits@10:37.45	Best:16.42
2025-02-18 10:34:10,102 INFO    : Snapshot:0	0	10	Epoch:1	Loss:14.914	MRR:28.9	Hits@10:51.36	Best:28.9
2025-02-18 10:34:13,441 INFO    : Snapshot:0	0	10	Epoch:2	Loss:5.763	MRR:32.04	Hits@10:54.63	Best:32.04
2025-02-18 10:34:16,783 INFO    : Snapshot:0	0	10	Epoch:3	Loss:2.642	MRR:32.75	Hits@10:55.27	Best:32.75
2025-02-18 10:34:20,138 INFO    : Snapshot:0	1	10	Epoch:4	Loss:1.635	MRR:32.52	Hits@10:55.1	Best:32.75
2025-02-18 10:34:23,438 INFO    : Snapshot:0	0	10	Epoch:5	Loss:1.198	MRR:32.86	Hits@10:55.32	Best:32.86
2025-02-18 10:34:26,736 INFO    : Snapshot:0	1	10	Epoch:6	Loss:0.967	MRR:32.65	Hits@10:54.76	Best:32.86
2025-02-18 10:34:30,071 INFO    : Snapshot:0	2	10	Epoch:7	Loss:0.844	MRR:32.28	Hits@10:54.43	Best:32.86
2025-02-18 10:34:33,509 INFO    : Snapshot:0	3	10	Epoch:8	Loss:0.753	MRR:32.02	Hits@10:54.54	Best:32.86
2025-02-18 10:34:37,277 INFO    : Snapshot:0	4	10	Epoch:9	Loss:0.688	MRR:31.78	Hits@10:54.15	Best:32.86
2025-02-18 10:34:40,842 INFO    : Snapshot:0	5	10	Epoch:10	Loss:0.629	MRR:31.68	Hits@10:53.99	Best:32.86
2025-02-18 10:34:44,384 INFO    : Snapshot:0	6	10	Epoch:11	Loss:0.599	MRR:31.33	Hits@10:53.97	Best:32.86
2025-02-18 10:34:47,924 INFO    : Snapshot:0	7	10	Epoch:12	Loss:0.577	MRR:31.5	Hits@10:54.0	Best:32.86
2025-02-18 10:34:51,469 INFO    : Snapshot:0	8	10	Epoch:13	Loss:0.539	MRR:31.31	Hits@10:53.61	Best:32.86
2025-02-18 10:34:55,107 INFO    : Snapshot:0	9	10	Epoch:14	Loss:0.517	MRR:31.51	Hits@10:53.28	Best:32.86
2025-02-18 10:34:58,741 INFO    : Early Stopping! Snapshot:0 Epoch: 15 Best Results: 32.86
2025-02-18 10:34:58,849 INFO    : => loading checkpoint './checkpoint/ENTITY\0model_best.tar'
2025-02-18 10:35:00,390 INFO    : 
+------------+--------+--------+--------+--------+---------+
| Snapshot:0 |  MRR   | Hits@1 | Hits@3 | Hits@5 | Hits@10 |
+------------+--------+--------+--------+--------+---------+
|     0      | 0.3297 | 0.2143 | 0.3758 | 0.4509 |  0.5544 |
+------------+--------+--------+--------+--------+---------+
2025-02-18 10:35:22,472 INFO    : Snapshot:1	0	10	Epoch:0	Loss:13.732	MRR:16.34	Hits@10:29.27	Best:16.34
2025-02-18 10:35:32,885 INFO    : Snapshot:1	0	10	Epoch:1	Loss:4.468	MRR:18.11	Hits@10:32.58	Best:18.11
2025-02-18 10:35:42,001 INFO    : Snapshot:1	0	10	Epoch:2	Loss:3.658	MRR:19.24	Hits@10:34.49	Best:19.24
2025-02-18 10:35:51,164 INFO    : Snapshot:1	0	10	Epoch:3	Loss:3.271	MRR:19.45	Hits@10:34.91	Best:19.45
2025-02-18 10:36:00,103 INFO    : Snapshot:1	0	10	Epoch:4	Loss:2.999	MRR:19.77	Hits@10:35.29	Best:19.77
2025-02-18 10:36:08,952 INFO    : Snapshot:1	0	10	Epoch:5	Loss:2.792	MRR:20.15	Hits@10:36.11	Best:20.15
2025-02-18 10:36:18,077 INFO    : Snapshot:1	0	10	Epoch:6	Loss:2.668	MRR:20.46	Hits@10:35.98	Best:20.46
2025-02-18 10:36:26,931 INFO    : Snapshot:1	0	10	Epoch:7	Loss:2.542	MRR:20.52	Hits@10:36.6	Best:20.52
2025-02-18 10:36:35,862 INFO    : Snapshot:1	0	10	Epoch:8	Loss:2.471	MRR:20.93	Hits@10:37.02	Best:20.93
2025-02-18 10:36:44,720 INFO    : Snapshot:1	0	10	Epoch:9	Loss:2.379	MRR:21.18	Hits@10:37.88	Best:21.18
2025-02-18 10:36:53,557 INFO    : Snapshot:1	0	10	Epoch:10	Loss:2.311	MRR:21.3	Hits@10:37.69	Best:21.3
2025-02-18 10:37:02,390 INFO    : Snapshot:1	0	10	Epoch:11	Loss:2.247	MRR:21.39	Hits@10:38.07	Best:21.39
2025-02-18 10:37:11,528 INFO    : Snapshot:1	0	10	Epoch:12	Loss:2.198	MRR:21.45	Hits@10:38.24	Best:21.45
2025-02-18 10:37:20,721 INFO    : Snapshot:1	1	10	Epoch:13	Loss:2.159	MRR:21.44	Hits@10:38.09	Best:21.45
2025-02-18 10:37:29,721 INFO    : Snapshot:1	0	10	Epoch:14	Loss:2.164	MRR:21.68	Hits@10:38.39	Best:21.68
2025-02-18 10:37:38,701 INFO    : Snapshot:1	0	10	Epoch:15	Loss:2.092	MRR:21.71	Hits@10:38.3	Best:21.71
2025-02-18 10:37:47,646 INFO    : Snapshot:1	0	10	Epoch:16	Loss:2.077	MRR:22.05	Hits@10:38.93	Best:22.05
2025-02-18 10:37:56,720 INFO    : Snapshot:1	1	10	Epoch:17	Loss:2.032	MRR:21.78	Hits@10:38.94	Best:22.05
2025-02-18 10:38:05,593 INFO    : Snapshot:1	2	10	Epoch:18	Loss:2.012	MRR:21.81	Hits@10:38.94	Best:22.05
2025-02-18 10:38:14,415 INFO    : Snapshot:1	3	10	Epoch:19	Loss:1.977	MRR:21.99	Hits@10:39.12	Best:22.05
2025-02-18 10:38:23,234 INFO    : Snapshot:1	4	10	Epoch:20	Loss:1.988	MRR:21.89	Hits@10:38.87	Best:22.05
2025-02-18 10:38:32,097 INFO    : Snapshot:1	0	10	Epoch:21	Loss:1.938	MRR:22.26	Hits@10:39.17	Best:22.26
2025-02-18 10:38:41,348 INFO    : Snapshot:1	0	10	Epoch:22	Loss:1.925	MRR:22.42	Hits@10:39.58	Best:22.42
2025-02-18 10:38:50,324 INFO    : Snapshot:1	1	10	Epoch:23	Loss:1.917	MRR:22.31	Hits@10:39.36	Best:22.42
2025-02-18 10:38:59,368 INFO    : Snapshot:1	2	10	Epoch:24	Loss:1.897	MRR:22.22	Hits@10:39.57	Best:22.42
2025-02-18 10:39:08,482 INFO    : Snapshot:1	3	10	Epoch:25	Loss:1.873	MRR:22.35	Hits@10:39.54	Best:22.42
2025-02-18 10:39:17,486 INFO    : Snapshot:1	4	10	Epoch:26	Loss:1.856	MRR:22.19	Hits@10:39.61	Best:22.42
2025-02-18 10:39:26,568 INFO    : Snapshot:1	5	10	Epoch:27	Loss:1.842	MRR:22.35	Hits@10:39.75	Best:22.42
2025-02-18 10:39:35,494 INFO    : Snapshot:1	0	10	Epoch:28	Loss:1.842	MRR:22.44	Hits@10:40.0	Best:22.44
2025-02-18 10:39:44,400 INFO    : Snapshot:1	1	10	Epoch:29	Loss:1.817	MRR:22.4	Hits@10:39.77	Best:22.44
2025-02-18 10:39:53,417 INFO    : Snapshot:1	2	10	Epoch:30	Loss:1.832	MRR:22.44	Hits@10:40.15	Best:22.44
2025-02-18 10:40:02,316 INFO    : Snapshot:1	0	10	Epoch:31	Loss:1.805	MRR:22.58	Hits@10:39.69	Best:22.58
2025-02-18 10:40:11,525 INFO    : Snapshot:1	0	10	Epoch:32	Loss:1.812	MRR:22.62	Hits@10:40.0	Best:22.62
2025-02-18 10:40:20,488 INFO    : Snapshot:1	1	10	Epoch:33	Loss:1.776	MRR:22.49	Hits@10:39.92	Best:22.62
2025-02-18 10:40:29,446 INFO    : Snapshot:1	2	10	Epoch:34	Loss:1.771	MRR:22.46	Hits@10:39.95	Best:22.62
2025-02-18 10:40:38,400 INFO    : Snapshot:1	0	10	Epoch:35	Loss:1.785	MRR:22.79	Hits@10:40.15	Best:22.79
2025-02-18 10:40:47,293 INFO    : Snapshot:1	1	10	Epoch:36	Loss:1.777	MRR:22.65	Hits@10:40.17	Best:22.79
2025-02-18 10:40:56,259 INFO    : Snapshot:1	2	10	Epoch:37	Loss:1.765	MRR:22.71	Hits@10:39.98	Best:22.79
2025-02-18 10:41:05,588 INFO    : Snapshot:1	3	10	Epoch:38	Loss:1.736	MRR:22.75	Hits@10:40.1	Best:22.79
2025-02-18 10:41:14,383 INFO    : Snapshot:1	0	10	Epoch:39	Loss:1.756	MRR:22.82	Hits@10:40.37	Best:22.82
2025-02-18 10:41:23,113 INFO    : Snapshot:1	1	10	Epoch:40	Loss:1.738	MRR:22.77	Hits@10:40.52	Best:22.82
2025-02-18 10:41:31,956 INFO    : Snapshot:1	0	10	Epoch:41	Loss:1.725	MRR:22.9	Hits@10:40.5	Best:22.9
2025-02-18 10:41:40,798 INFO    : Snapshot:1	0	10	Epoch:42	Loss:1.713	MRR:23.02	Hits@10:40.24	Best:23.02
2025-02-18 10:41:49,469 INFO    : Snapshot:1	1	10	Epoch:43	Loss:1.707	MRR:22.9	Hits@10:40.29	Best:23.02
2025-02-18 10:41:57,986 INFO    : Snapshot:1	2	10	Epoch:44	Loss:1.714	MRR:22.9	Hits@10:40.45	Best:23.02
2025-02-18 10:42:06,675 INFO    : Snapshot:1	0	10	Epoch:45	Loss:1.703	MRR:23.09	Hits@10:40.65	Best:23.09
2025-02-18 10:42:15,300 INFO    : Snapshot:1	1	10	Epoch:46	Loss:1.691	MRR:22.88	Hits@10:40.72	Best:23.09
2025-02-18 10:42:23,875 INFO    : Snapshot:1	2	10	Epoch:47	Loss:1.696	MRR:22.88	Hits@10:40.98	Best:23.09
2025-02-18 10:42:32,447 INFO    : Snapshot:1	3	10	Epoch:48	Loss:1.7	MRR:22.85	Hits@10:40.65	Best:23.09
2025-02-18 10:42:40,925 INFO    : Snapshot:1	4	10	Epoch:49	Loss:1.687	MRR:22.88	Hits@10:40.63	Best:23.09
2025-02-18 10:42:49,601 INFO    : Snapshot:1	0	10	Epoch:50	Loss:1.682	MRR:23.11	Hits@10:40.83	Best:23.11
2025-02-18 10:42:58,350 INFO    : Snapshot:1	1	10	Epoch:51	Loss:1.658	MRR:22.97	Hits@10:40.52	Best:23.11
2025-02-18 10:43:07,127 INFO    : Snapshot:1	2	10	Epoch:52	Loss:1.663	MRR:23.04	Hits@10:40.95	Best:23.11
2025-02-18 10:43:15,873 INFO    : Snapshot:1	3	10	Epoch:53	Loss:1.65	MRR:23.06	Hits@10:40.65	Best:23.11
2025-02-18 10:43:24,594 INFO    : Snapshot:1	4	10	Epoch:54	Loss:1.651	MRR:22.94	Hits@10:40.47	Best:23.11
2025-02-18 10:43:33,284 INFO    : Snapshot:1	5	10	Epoch:55	Loss:1.651	MRR:22.75	Hits@10:40.8	Best:23.11
2025-02-18 10:43:42,135 INFO    : Snapshot:1	0	10	Epoch:56	Loss:1.641	MRR:23.2	Hits@10:40.9	Best:23.2
2025-02-18 10:43:50,938 INFO    : Snapshot:1	1	10	Epoch:57	Loss:1.627	MRR:22.87	Hits@10:40.67	Best:23.2
2025-02-18 10:43:59,767 INFO    : Snapshot:1	2	10	Epoch:58	Loss:1.655	MRR:23.14	Hits@10:40.81	Best:23.2
2025-02-18 10:44:08,507 INFO    : Snapshot:1	3	10	Epoch:59	Loss:1.654	MRR:22.98	Hits@10:40.74	Best:23.2
2025-02-18 10:44:17,331 INFO    : Snapshot:1	4	10	Epoch:60	Loss:1.63	MRR:22.93	Hits@10:40.73	Best:23.2
2025-02-18 10:44:26,143 INFO    : Snapshot:1	0	10	Epoch:61	Loss:1.613	MRR:23.36	Hits@10:41.05	Best:23.36
2025-02-18 10:44:34,761 INFO    : Snapshot:1	0	10	Epoch:62	Loss:1.627	MRR:23.49	Hits@10:41.18	Best:23.49
2025-02-18 10:44:43,489 INFO    : Snapshot:1	1	10	Epoch:63	Loss:1.608	MRR:23.23	Hits@10:41.12	Best:23.49
2025-02-18 10:44:52,224 INFO    : Snapshot:1	2	10	Epoch:64	Loss:1.62	MRR:23.19	Hits@10:41.04	Best:23.49
2025-02-18 10:45:01,061 INFO    : Snapshot:1	3	10	Epoch:65	Loss:1.619	MRR:23.25	Hits@10:40.96	Best:23.49
2025-02-18 10:45:09,928 INFO    : Snapshot:1	4	10	Epoch:66	Loss:1.598	MRR:23.42	Hits@10:41.45	Best:23.49
2025-02-18 10:45:18,838 INFO    : Snapshot:1	5	10	Epoch:67	Loss:1.609	MRR:23.29	Hits@10:41.08	Best:23.49
2025-02-18 10:45:27,680 INFO    : Snapshot:1	6	10	Epoch:68	Loss:1.594	MRR:23.29	Hits@10:41.1	Best:23.49
2025-02-18 10:45:36,351 INFO    : Snapshot:1	7	10	Epoch:69	Loss:1.609	MRR:23.36	Hits@10:41.29	Best:23.49
2025-02-18 10:45:45,280 INFO    : Snapshot:1	8	10	Epoch:70	Loss:1.578	MRR:23.31	Hits@10:41.01	Best:23.49
2025-02-18 10:45:53,853 INFO    : Snapshot:1	9	10	Epoch:71	Loss:1.592	MRR:23.38	Hits@10:41.2	Best:23.49
2025-02-18 10:46:02,392 INFO    : Early Stopping! Snapshot:1 Epoch: 72 Best Results: 23.49
2025-02-18 10:46:02,522 INFO    : => loading checkpoint './checkpoint/ENTITY\1model_best.tar'
2025-02-18 10:46:08,074 INFO    : 
+------------+--------+--------+--------+--------+---------+
| Snapshot:1 |  MRR   | Hits@1 | Hits@3 | Hits@5 | Hits@10 |
+------------+--------+--------+--------+--------+---------+
|     0      | 0.3297 | 0.2143 | 0.3758 | 0.4509 |  0.5544 |
|     1      | 0.2349 | 0.1442 | 0.262  | 0.3222 |  0.4126 |
+------------+--------+--------+--------+--------+---------+
2025-02-18 10:46:26,127 INFO    : Snapshot:2	0	10	Epoch:0	Loss:12.952	MRR:14.78	Hits@10:25.99	Best:14.78
2025-02-18 10:46:35,997 INFO    : Snapshot:2	0	10	Epoch:1	Loss:4.438	MRR:16.74	Hits@10:29.95	Best:16.74
2025-02-18 10:46:45,960 INFO    : Snapshot:2	0	10	Epoch:2	Loss:3.689	MRR:17.52	Hits@10:30.92	Best:17.52
2025-02-18 10:46:55,832 INFO    : Snapshot:2	0	10	Epoch:3	Loss:3.306	MRR:17.96	Hits@10:31.99	Best:17.96
2025-02-18 10:47:05,821 INFO    : Snapshot:2	0	10	Epoch:4	Loss:3.059	MRR:18.31	Hits@10:32.74	Best:18.31
2025-02-18 10:47:15,862 INFO    : Snapshot:2	0	10	Epoch:5	Loss:2.899	MRR:18.7	Hits@10:33.1	Best:18.7
2025-02-18 10:47:25,788 INFO    : Snapshot:2	0	10	Epoch:6	Loss:2.768	MRR:18.77	Hits@10:33.88	Best:18.77
2025-02-18 10:47:35,750 INFO    : Snapshot:2	0	10	Epoch:7	Loss:2.647	MRR:19.04	Hits@10:34.16	Best:19.04
2025-02-18 10:47:45,652 INFO    : Snapshot:2	0	10	Epoch:8	Loss:2.571	MRR:19.37	Hits@10:34.3	Best:19.37
2025-02-18 10:47:55,663 INFO    : Snapshot:2	1	10	Epoch:9	Loss:2.518	MRR:19.19	Hits@10:34.41	Best:19.37
2025-02-18 10:48:05,609 INFO    : Snapshot:2	0	10	Epoch:10	Loss:2.449	MRR:19.45	Hits@10:34.85	Best:19.45
2025-02-18 10:48:15,446 INFO    : Snapshot:2	0	10	Epoch:11	Loss:2.4	MRR:19.65	Hits@10:34.88	Best:19.65
2025-02-18 10:48:25,376 INFO    : Snapshot:2	0	10	Epoch:12	Loss:2.367	MRR:19.72	Hits@10:35.06	Best:19.72
2025-02-18 10:48:35,307 INFO    : Snapshot:2	1	10	Epoch:13	Loss:2.314	MRR:19.48	Hits@10:34.85	Best:19.72
2025-02-18 10:48:45,173 INFO    : Snapshot:2	0	10	Epoch:14	Loss:2.281	MRR:19.84	Hits@10:35.43	Best:19.84
2025-02-18 10:48:55,033 INFO    : Snapshot:2	0	10	Epoch:15	Loss:2.275	MRR:19.89	Hits@10:35.33	Best:19.89
2025-02-18 10:49:04,875 INFO    : Snapshot:2	0	10	Epoch:16	Loss:2.222	MRR:20.01	Hits@10:35.76	Best:20.01
2025-02-18 10:49:14,753 INFO    : Snapshot:2	1	10	Epoch:17	Loss:2.193	MRR:20.01	Hits@10:35.82	Best:20.01
2025-02-18 10:49:24,820 INFO    : Snapshot:2	0	10	Epoch:18	Loss:2.189	MRR:20.13	Hits@10:35.68	Best:20.13
2025-02-18 10:49:35,021 INFO    : Snapshot:2	1	10	Epoch:19	Loss:2.144	MRR:20.07	Hits@10:35.84	Best:20.13
2025-02-18 10:49:45,086 INFO    : Snapshot:2	0	10	Epoch:20	Loss:2.124	MRR:20.21	Hits@10:35.82	Best:20.21
2025-02-18 10:49:55,070 INFO    : Snapshot:2	1	10	Epoch:21	Loss:2.119	MRR:20.07	Hits@10:35.92	Best:20.21
2025-02-18 10:50:05,021 INFO    : Snapshot:2	0	10	Epoch:22	Loss:2.11	MRR:20.36	Hits@10:36.07	Best:20.36
2025-02-18 10:50:14,827 INFO    : Snapshot:2	1	10	Epoch:23	Loss:2.078	MRR:20.27	Hits@10:35.96	Best:20.36
2025-02-18 10:50:24,609 INFO    : Snapshot:2	2	10	Epoch:24	Loss:2.061	MRR:20.14	Hits@10:35.95	Best:20.36
2025-02-18 10:50:34,408 INFO    : Snapshot:2	3	10	Epoch:25	Loss:2.03	MRR:20.24	Hits@10:36.01	Best:20.36
2025-02-18 10:50:44,404 INFO    : Snapshot:2	4	10	Epoch:26	Loss:2.016	MRR:20.09	Hits@10:36.28	Best:20.36
2025-02-18 10:50:54,421 INFO    : Snapshot:2	5	10	Epoch:27	Loss:2.018	MRR:20.27	Hits@10:36.08	Best:20.36
2025-02-18 10:51:04,337 INFO    : Snapshot:2	6	10	Epoch:28	Loss:2.004	MRR:20.29	Hits@10:36.13	Best:20.36
2025-02-18 10:51:14,581 INFO    : Snapshot:2	7	10	Epoch:29	Loss:1.98	MRR:20.26	Hits@10:36.3	Best:20.36
2025-02-18 10:51:24,642 INFO    : Snapshot:2	8	10	Epoch:30	Loss:1.989	MRR:20.27	Hits@10:36.0	Best:20.36
2025-02-18 10:51:34,610 INFO    : Snapshot:2	0	10	Epoch:31	Loss:1.955	MRR:20.42	Hits@10:36.24	Best:20.42
2025-02-18 10:51:44,524 INFO    : Snapshot:2	1	10	Epoch:32	Loss:1.951	MRR:20.41	Hits@10:36.34	Best:20.42
2025-02-18 10:51:54,535 INFO    : Snapshot:2	0	10	Epoch:33	Loss:1.958	MRR:20.53	Hits@10:36.24	Best:20.53
2025-02-18 10:52:04,346 INFO    : Snapshot:2	0	10	Epoch:34	Loss:1.953	MRR:20.58	Hits@10:36.32	Best:20.58
2025-02-18 10:52:14,266 INFO    : Snapshot:2	0	10	Epoch:35	Loss:1.944	MRR:20.6	Hits@10:36.5	Best:20.6
2025-02-18 10:52:24,129 INFO    : Snapshot:2	1	10	Epoch:36	Loss:1.926	MRR:20.49	Hits@10:36.33	Best:20.6
2025-02-18 10:52:34,075 INFO    : Snapshot:2	2	10	Epoch:37	Loss:1.922	MRR:20.58	Hits@10:36.67	Best:20.6
2025-02-18 10:52:44,227 INFO    : Snapshot:2	0	10	Epoch:38	Loss:1.912	MRR:20.8	Hits@10:36.8	Best:20.8
2025-02-18 10:52:54,067 INFO    : Snapshot:2	1	10	Epoch:39	Loss:1.92	MRR:20.74	Hits@10:36.83	Best:20.8
2025-02-18 10:53:04,018 INFO    : Snapshot:2	2	10	Epoch:40	Loss:1.89	MRR:20.57	Hits@10:36.59	Best:20.8
2025-02-18 10:53:13,983 INFO    : Snapshot:2	3	10	Epoch:41	Loss:1.905	MRR:20.63	Hits@10:36.61	Best:20.8
2025-02-18 10:53:23,868 INFO    : Snapshot:2	4	10	Epoch:42	Loss:1.879	MRR:20.66	Hits@10:36.45	Best:20.8
2025-02-18 10:53:33,716 INFO    : Snapshot:2	5	10	Epoch:43	Loss:1.9	MRR:20.61	Hits@10:36.37	Best:20.8
2025-02-18 10:53:43,495 INFO    : Snapshot:2	6	10	Epoch:44	Loss:1.872	MRR:20.79	Hits@10:36.69	Best:20.8
2025-02-18 10:53:53,249 INFO    : Snapshot:2	7	10	Epoch:45	Loss:1.874	MRR:20.73	Hits@10:36.52	Best:20.8
2025-02-18 10:54:03,073 INFO    : Snapshot:2	0	10	Epoch:46	Loss:1.872	MRR:20.88	Hits@10:36.59	Best:20.88
2025-02-18 10:54:13,204 INFO    : Snapshot:2	1	10	Epoch:47	Loss:1.893	MRR:20.64	Hits@10:36.57	Best:20.88
2025-02-18 10:54:23,054 INFO    : Snapshot:2	2	10	Epoch:48	Loss:1.858	MRR:20.64	Hits@10:36.53	Best:20.88
2025-02-18 10:54:32,896 INFO    : Snapshot:2	3	10	Epoch:49	Loss:1.837	MRR:20.65	Hits@10:36.73	Best:20.88
2025-02-18 10:54:42,688 INFO    : Snapshot:2	4	10	Epoch:50	Loss:1.86	MRR:20.64	Hits@10:36.71	Best:20.88
2025-02-18 10:54:52,547 INFO    : Snapshot:2	5	10	Epoch:51	Loss:1.863	MRR:20.66	Hits@10:36.8	Best:20.88
2025-02-18 10:55:02,354 INFO    : Snapshot:2	6	10	Epoch:52	Loss:1.854	MRR:20.71	Hits@10:36.59	Best:20.88
2025-02-18 10:55:12,360 INFO    : Snapshot:2	7	10	Epoch:53	Loss:1.833	MRR:20.7	Hits@10:36.74	Best:20.88
2025-02-18 10:55:22,349 INFO    : Snapshot:2	8	10	Epoch:54	Loss:1.814	MRR:20.86	Hits@10:36.77	Best:20.88
2025-02-18 10:55:32,328 INFO    : Snapshot:2	9	10	Epoch:55	Loss:1.826	MRR:20.78	Hits@10:37.03	Best:20.88
2025-02-18 10:55:42,641 INFO    : Early Stopping! Snapshot:2 Epoch: 56 Best Results: 20.88
2025-02-18 10:55:42,748 INFO    : => loading checkpoint './checkpoint/ENTITY\2model_best.tar'
2025-02-18 10:55:53,401 INFO    : 
+------------+--------+--------+--------+--------+---------+
| Snapshot:2 |  MRR   | Hits@1 | Hits@3 | Hits@5 | Hits@10 |
+------------+--------+--------+--------+--------+---------+
|     0      | 0.3297 | 0.2143 | 0.3758 | 0.4509 |  0.5544 |
|     1      | 0.2349 | 0.1442 | 0.262  | 0.3222 |  0.4126 |
|     2      | 0.2092 | 0.1262 | 0.2342 | 0.2879 |  0.3674 |
+------------+--------+--------+--------+--------+---------+
2025-02-18 10:56:13,332 INFO    : Snapshot:3	0	10	Epoch:0	Loss:11.936	MRR:13.93	Hits@10:24.15	Best:13.93
2025-02-18 10:56:24,425 INFO    : Snapshot:3	0	10	Epoch:1	Loss:3.783	MRR:15.75	Hits@10:28.04	Best:15.75
2025-02-18 10:56:35,220 INFO    : Snapshot:3	0	10	Epoch:2	Loss:3.126	MRR:16.73	Hits@10:29.63	Best:16.73
2025-02-18 10:56:46,160 INFO    : Snapshot:3	0	10	Epoch:3	Loss:2.774	MRR:17.03	Hits@10:30.52	Best:17.03
2025-02-18 10:56:57,041 INFO    : Snapshot:3	0	10	Epoch:4	Loss:2.557	MRR:17.65	Hits@10:31.67	Best:17.65
2025-02-18 10:57:08,000 INFO    : Snapshot:3	0	10	Epoch:5	Loss:2.412	MRR:17.78	Hits@10:32.22	Best:17.78
2025-02-18 10:57:18,993 INFO    : Snapshot:3	0	10	Epoch:6	Loss:2.282	MRR:17.99	Hits@10:32.64	Best:17.99
2025-02-18 10:57:29,936 INFO    : Snapshot:3	0	10	Epoch:7	Loss:2.183	MRR:18.33	Hits@10:32.89	Best:18.33
2025-02-18 10:57:40,741 INFO    : Snapshot:3	0	10	Epoch:8	Loss:2.148	MRR:18.61	Hits@10:33.27	Best:18.61
2025-02-18 10:57:51,448 INFO    : Snapshot:3	0	10	Epoch:9	Loss:2.095	MRR:18.75	Hits@10:33.39	Best:18.75
2025-02-18 10:58:02,356 INFO    : Snapshot:3	1	10	Epoch:10	Loss:2.05	MRR:18.62	Hits@10:33.39	Best:18.75
2025-02-18 10:58:12,978 INFO    : Snapshot:3	2	10	Epoch:11	Loss:2.003	MRR:18.75	Hits@10:33.59	Best:18.75
2025-02-18 10:58:23,419 INFO    : Snapshot:3	0	10	Epoch:12	Loss:1.965	MRR:18.99	Hits@10:34.0	Best:18.99
2025-02-18 10:58:33,874 INFO    : Snapshot:3	0	10	Epoch:13	Loss:1.931	MRR:19.04	Hits@10:34.15	Best:19.04
2025-02-18 10:58:44,427 INFO    : Snapshot:3	1	10	Epoch:14	Loss:1.897	MRR:18.99	Hits@10:34.02	Best:19.04
2025-02-18 10:58:54,812 INFO    : Snapshot:3	0	10	Epoch:15	Loss:1.875	MRR:19.06	Hits@10:33.85	Best:19.06
2025-02-18 10:59:04,925 INFO    : Snapshot:3	0	10	Epoch:16	Loss:1.852	MRR:19.08	Hits@10:34.09	Best:19.08
2025-02-18 10:59:15,231 INFO    : Snapshot:3	1	10	Epoch:17	Loss:1.842	MRR:19.07	Hits@10:34.29	Best:19.08
2025-02-18 10:59:25,651 INFO    : Snapshot:3	0	10	Epoch:18	Loss:1.799	MRR:19.16	Hits@10:34.4	Best:19.16
2025-02-18 10:59:35,848 INFO    : Snapshot:3	1	10	Epoch:19	Loss:1.785	MRR:19.14	Hits@10:34.23	Best:19.16
2025-02-18 10:59:46,526 INFO    : Snapshot:3	2	10	Epoch:20	Loss:1.782	MRR:19.14	Hits@10:34.32	Best:19.16
2025-02-18 10:59:57,159 INFO    : Snapshot:3	3	10	Epoch:21	Loss:1.768	MRR:19.15	Hits@10:34.41	Best:19.16
2025-02-18 11:00:07,658 INFO    : Snapshot:3	0	10	Epoch:22	Loss:1.739	MRR:19.28	Hits@10:34.62	Best:19.28
2025-02-18 11:00:17,850 INFO    : Snapshot:3	0	10	Epoch:23	Loss:1.744	MRR:19.39	Hits@10:34.83	Best:19.39
2025-02-18 11:00:28,282 INFO    : Snapshot:3	1	10	Epoch:24	Loss:1.712	MRR:19.23	Hits@10:34.39	Best:19.39
2025-02-18 11:00:41,226 INFO    : Snapshot:3	2	10	Epoch:25	Loss:1.698	MRR:19.32	Hits@10:34.7	Best:19.39
2025-02-18 11:00:52,633 INFO    : Snapshot:3	3	10	Epoch:26	Loss:1.697	MRR:19.25	Hits@10:34.54	Best:19.39
2025-02-18 11:01:04,081 INFO    : Snapshot:3	0	10	Epoch:27	Loss:1.686	MRR:19.57	Hits@10:34.74	Best:19.57
2025-02-18 11:01:15,866 INFO    : Snapshot:3	1	10	Epoch:28	Loss:1.69	MRR:19.39	Hits@10:34.76	Best:19.57
2025-02-18 11:01:27,529 INFO    : Snapshot:3	2	10	Epoch:29	Loss:1.671	MRR:19.44	Hits@10:34.91	Best:19.57
2025-02-18 11:01:39,262 INFO    : Snapshot:3	3	10	Epoch:30	Loss:1.653	MRR:19.38	Hits@10:34.59	Best:19.57
2025-02-18 11:01:52,111 INFO    : Snapshot:3	4	10	Epoch:31	Loss:1.686	MRR:19.43	Hits@10:34.75	Best:19.57
2025-02-18 11:02:03,046 INFO    : Snapshot:3	5	10	Epoch:32	Loss:1.659	MRR:19.51	Hits@10:34.75	Best:19.57
2025-02-18 11:02:15,094 INFO    : Snapshot:3	6	10	Epoch:33	Loss:1.63	MRR:19.42	Hits@10:34.92	Best:19.57
2025-02-18 11:02:25,305 INFO    : Snapshot:3	7	10	Epoch:34	Loss:1.624	MRR:19.53	Hits@10:34.85	Best:19.57
2025-02-18 11:02:36,645 INFO    : Snapshot:3	8	10	Epoch:35	Loss:1.626	MRR:19.48	Hits@10:34.93	Best:19.57
2025-02-18 11:02:48,404 INFO    : Snapshot:3	9	10	Epoch:36	Loss:1.624	MRR:19.56	Hits@10:34.84	Best:19.57
2025-02-18 11:02:59,982 INFO    : Early Stopping! Snapshot:3 Epoch: 37 Best Results: 19.57
2025-02-18 11:03:00,107 INFO    : => loading checkpoint './checkpoint/ENTITY\3model_best.tar'
2025-02-18 11:03:18,324 INFO    : 
+------------+--------+--------+--------+--------+---------+
| Snapshot:3 |  MRR   | Hits@1 | Hits@3 | Hits@5 | Hits@10 |
+------------+--------+--------+--------+--------+---------+
|     0      | 0.3297 | 0.2143 | 0.3758 | 0.4509 |  0.5544 |
|     1      | 0.2349 | 0.1442 | 0.262  | 0.3222 |  0.4126 |
|     2      | 0.2092 | 0.1262 | 0.2342 | 0.2879 |  0.3674 |
|     3      | 0.1982 | 0.1191 | 0.2216 | 0.2752 |  0.3518 |
+------------+--------+--------+--------+--------+---------+
2025-02-18 11:03:36,774 INFO    : Snapshot:4	0	10	Epoch:0	Loss:9.098	MRR:18.15	Hits@10:29.8	Best:18.15
2025-02-18 11:03:45,670 INFO    : Snapshot:4	0	10	Epoch:1	Loss:2.015	MRR:20.45	Hits@10:34.65	Best:20.45
2025-02-18 11:03:55,279 INFO    : Snapshot:4	0	10	Epoch:2	Loss:1.508	MRR:21.39	Hits@10:36.69	Best:21.39
2025-02-18 11:04:04,629 INFO    : Snapshot:4	0	10	Epoch:3	Loss:1.324	MRR:21.85	Hits@10:37.92	Best:21.85
2025-02-18 11:04:14,533 INFO    : Snapshot:4	0	10	Epoch:4	Loss:1.203	MRR:22.11	Hits@10:38.69	Best:22.11
2025-02-18 11:04:22,781 INFO    : Snapshot:4	0	10	Epoch:5	Loss:1.138	MRR:22.49	Hits@10:39.39	Best:22.49
2025-02-18 11:04:31,125 INFO    : Snapshot:4	0	10	Epoch:6	Loss:1.05	MRR:22.68	Hits@10:39.56	Best:22.68
2025-02-18 11:04:39,135 INFO    : Snapshot:4	0	10	Epoch:7	Loss:0.999	MRR:22.82	Hits@10:40.25	Best:22.82
2025-02-18 11:04:47,172 INFO    : Snapshot:4	0	10	Epoch:8	Loss:0.962	MRR:23.01	Hits@10:40.25	Best:23.01
2025-02-18 11:04:55,507 INFO    : Snapshot:4	1	10	Epoch:9	Loss:0.922	MRR:22.95	Hits@10:40.52	Best:23.01
2025-02-18 11:05:03,402 INFO    : Snapshot:4	0	10	Epoch:10	Loss:0.895	MRR:23.12	Hits@10:40.53	Best:23.12
2025-02-18 11:05:11,000 INFO    : Snapshot:4	0	10	Epoch:11	Loss:0.884	MRR:23.18	Hits@10:40.6	Best:23.18
2025-02-18 11:05:18,562 INFO    : Snapshot:4	0	10	Epoch:12	Loss:0.863	MRR:23.28	Hits@10:40.69	Best:23.28
2025-02-18 11:05:26,098 INFO    : Snapshot:4	1	10	Epoch:13	Loss:0.841	MRR:23.11	Hits@10:40.53	Best:23.28
2025-02-18 11:05:33,800 INFO    : Snapshot:4	0	10	Epoch:14	Loss:0.83	MRR:23.3	Hits@10:40.97	Best:23.3
2025-02-18 11:05:41,584 INFO    : Snapshot:4	0	10	Epoch:15	Loss:0.807	MRR:23.32	Hits@10:41.22	Best:23.32
2025-02-18 11:05:49,341 INFO    : Snapshot:4	0	10	Epoch:16	Loss:0.796	MRR:23.56	Hits@10:41.32	Best:23.56
2025-02-18 11:05:57,067 INFO    : Snapshot:4	1	10	Epoch:17	Loss:0.78	MRR:23.46	Hits@10:41.24	Best:23.56
2025-02-18 11:06:04,879 INFO    : Snapshot:4	2	10	Epoch:18	Loss:0.78	MRR:23.55	Hits@10:41.44	Best:23.56
2025-02-18 11:06:12,720 INFO    : Snapshot:4	0	10	Epoch:19	Loss:0.767	MRR:23.61	Hits@10:41.49	Best:23.61
2025-02-18 11:06:20,502 INFO    : Snapshot:4	1	10	Epoch:20	Loss:0.765	MRR:23.47	Hits@10:41.41	Best:23.61
2025-02-18 11:06:28,303 INFO    : Snapshot:4	0	10	Epoch:21	Loss:0.749	MRR:23.65	Hits@10:41.77	Best:23.65
2025-02-18 11:06:36,039 INFO    : Snapshot:4	1	10	Epoch:22	Loss:0.735	MRR:23.47	Hits@10:41.61	Best:23.65
2025-02-18 11:06:43,917 INFO    : Snapshot:4	2	10	Epoch:23	Loss:0.725	MRR:23.6	Hits@10:41.8	Best:23.65
2025-02-18 11:06:51,696 INFO    : Snapshot:4	0	10	Epoch:24	Loss:0.726	MRR:23.86	Hits@10:41.75	Best:23.86
2025-02-18 11:06:59,448 INFO    : Snapshot:4	1	10	Epoch:25	Loss:0.722	MRR:23.67	Hits@10:41.75	Best:23.86
2025-02-18 11:07:07,116 INFO    : Snapshot:4	2	10	Epoch:26	Loss:0.73	MRR:23.86	Hits@10:42.2	Best:23.86
2025-02-18 11:07:14,833 INFO    : Snapshot:4	3	10	Epoch:27	Loss:0.702	MRR:23.73	Hits@10:41.88	Best:23.86
2025-02-18 11:07:22,500 INFO    : Snapshot:4	4	10	Epoch:28	Loss:0.707	MRR:23.65	Hits@10:41.73	Best:23.86
2025-02-18 11:07:30,238 INFO    : Snapshot:4	5	10	Epoch:29	Loss:0.703	MRR:23.71	Hits@10:42.02	Best:23.86
2025-02-18 11:07:37,829 INFO    : Snapshot:4	0	10	Epoch:30	Loss:0.698	MRR:23.98	Hits@10:42.37	Best:23.98
2025-02-18 11:07:45,636 INFO    : Snapshot:4	1	10	Epoch:31	Loss:0.695	MRR:23.91	Hits@10:41.97	Best:23.98
2025-02-18 11:07:53,329 INFO    : Snapshot:4	2	10	Epoch:32	Loss:0.689	MRR:23.98	Hits@10:42.15	Best:23.98
2025-02-18 11:08:01,124 INFO    : Snapshot:4	3	10	Epoch:33	Loss:0.685	MRR:23.73	Hits@10:42.2	Best:23.98
2025-02-18 11:08:08,851 INFO    : Snapshot:4	4	10	Epoch:34	Loss:0.684	MRR:23.75	Hits@10:42.08	Best:23.98
2025-02-18 11:08:16,621 INFO    : Snapshot:4	5	10	Epoch:35	Loss:0.69	MRR:23.74	Hits@10:41.62	Best:23.98
2025-02-18 11:08:24,298 INFO    : Snapshot:4	6	10	Epoch:36	Loss:0.668	MRR:23.8	Hits@10:41.91	Best:23.98
2025-02-18 11:08:31,994 INFO    : Snapshot:4	7	10	Epoch:37	Loss:0.666	MRR:23.75	Hits@10:42.3	Best:23.98
2025-02-18 11:08:39,667 INFO    : Snapshot:4	8	10	Epoch:38	Loss:0.659	MRR:23.62	Hits@10:41.99	Best:23.98
2025-02-18 11:08:47,598 INFO    : Snapshot:4	9	10	Epoch:39	Loss:0.684	MRR:23.72	Hits@10:42.11	Best:23.98
2025-02-18 11:08:55,257 INFO    : Early Stopping! Snapshot:4 Epoch: 40 Best Results: 23.98
2025-02-18 11:08:55,361 INFO    : => loading checkpoint './checkpoint/ENTITY\4model_best.tar'
2025-02-18 11:09:15,841 INFO    : 
+------------+--------+--------+--------+--------+---------+
| Snapshot:4 |  MRR   | Hits@1 | Hits@3 | Hits@5 | Hits@10 |
+------------+--------+--------+--------+--------+---------+
|     0      | 0.3297 | 0.2143 | 0.3758 | 0.4509 |  0.5544 |
|     1      | 0.2349 | 0.1442 | 0.262  | 0.3222 |  0.4126 |
|     2      | 0.2092 | 0.1262 | 0.2342 | 0.2879 |  0.3674 |
|     3      | 0.1982 | 0.1191 | 0.2216 | 0.2752 |  0.3518 |
|     4      | 0.2415 | 0.1438 | 0.2832 | 0.346  |  0.4247 |
+------------+--------+--------+--------+--------+---------+
2025-02-18 11:09:15,842 INFO    : Final Result:
[+------------+--------+--------+--------+--------+---------+
| Snapshot:0 |  MRR   | Hits@1 | Hits@3 | Hits@5 | Hits@10 |
+------------+--------+--------+--------+--------+---------+
|     0      | 0.3297 | 0.2143 | 0.3758 | 0.4509 |  0.5544 |
+------------+--------+--------+--------+--------+---------+, +------------+--------+--------+--------+--------+---------+
| Snapshot:1 |  MRR   | Hits@1 | Hits@3 | Hits@5 | Hits@10 |
+------------+--------+--------+--------+--------+---------+
|     0      | 0.3297 | 0.2143 | 0.3758 | 0.4509 |  0.5544 |
|     1      | 0.2349 | 0.1442 | 0.262  | 0.3222 |  0.4126 |
+------------+--------+--------+--------+--------+---------+, +------------+--------+--------+--------+--------+---------+
| Snapshot:2 |  MRR   | Hits@1 | Hits@3 | Hits@5 | Hits@10 |
+------------+--------+--------+--------+--------+---------+
|     0      | 0.3297 | 0.2143 | 0.3758 | 0.4509 |  0.5544 |
|     1      | 0.2349 | 0.1442 | 0.262  | 0.3222 |  0.4126 |
|     2      | 0.2092 | 0.1262 | 0.2342 | 0.2879 |  0.3674 |
+------------+--------+--------+--------+--------+---------+, +------------+--------+--------+--------+--------+---------+
| Snapshot:3 |  MRR   | Hits@1 | Hits@3 | Hits@5 | Hits@10 |
+------------+--------+--------+--------+--------+---------+
|     0      | 0.3297 | 0.2143 | 0.3758 | 0.4509 |  0.5544 |
|     1      | 0.2349 | 0.1442 | 0.262  | 0.3222 |  0.4126 |
|     2      | 0.2092 | 0.1262 | 0.2342 | 0.2879 |  0.3674 |
|     3      | 0.1982 | 0.1191 | 0.2216 | 0.2752 |  0.3518 |
+------------+--------+--------+--------+--------+---------+, +------------+--------+--------+--------+--------+---------+
| Snapshot:4 |  MRR   | Hits@1 | Hits@3 | Hits@5 | Hits@10 |
+------------+--------+--------+--------+--------+---------+
|     0      | 0.3297 | 0.2143 | 0.3758 | 0.4509 |  0.5544 |
|     1      | 0.2349 | 0.1442 | 0.262  | 0.3222 |  0.4126 |
|     2      | 0.2092 | 0.1262 | 0.2342 | 0.2879 |  0.3674 |
|     3      | 0.1982 | 0.1191 | 0.2216 | 0.2752 |  0.3518 |
|     4      | 0.2415 | 0.1438 | 0.2832 | 0.346  |  0.4247 |
+------------+--------+--------+--------+--------+---------+]
2025-02-18 11:09:15,844 INFO    : Report Result:
+----------+-------------------+-----------+--------------+--------------+---------------+
| Snapshot |        Time       | Whole_MRR | Whole_Hits@1 | Whole_Hits@3 | Whole_Hits@10 |
+----------+-------------------+-----------+--------------+--------------+---------------+
|    0     | 57.77101278305054 |    0.33   |    0.214     |    0.376     |     0.554     |
|    1     |  656.042409658432 |   0.272   |    0.172     |    0.307     |     0.468     |
|    2     | 569.4897413253784 |   0.248   |    0.154     |    0.279     |     0.429     |
|    3     | 420.3504340648651 |   0.235   |    0.145     |    0.263     |     0.409     |
|    4     | 331.0287084579468 |   0.236   |    0.145     |    0.266     |     0.411     |
+----------+-------------------+-----------+--------------+--------------+---------------+
2025-02-18 11:09:15,844 INFO    : Sum_Training_Time:2034.6823062896729
2025-02-18 11:09:15,844 INFO    : Every_Training_Time:[57.77101278305054, 656.042409658432, 569.4897413253784, 420.3504340648651, 331.0287084579468]
2025-02-18 11:09:15,844 INFO    : Forward transfer: 0.038425 Backward transfer: 0.0
