2025-02-18 11:11:10,700 INFO    : Namespace(batch_size=1024, data_path='./data/FB_CKGE/', dataset='FB_CKGE', debug=False, device=device(type='cuda', index=0), emb_dim=200, ent_r='200', epoch_num=200, explore=False, gpu='0', l2=0.0, learning_rate='1e-1', log_path='./logs/FB_CKGE 200 20 1e-1 1024/FB_CKGE 20250218111100', logger=<RootLogger root (INFO)>, margin=8.0, model_name='LoraKGE_Layers', multi_layers_path='train_sorted_by_edges_betweenness.txt', neg_ratio=10, note='', num_ent_layers='20', num_layer=1, num_rel_layers=1, patience='10', predict_result=False, r=100, r_fixed=True, random_seed=3407, record=False, rel_r='200', save_path='./checkpoint/FB_CKGE', skip_previous='False', snapshot_num=5, train_new=True, using_multi_layers=False, using_various_ranks='True', using_various_ranks_reverse=False, valid_metrics='mrr')
2025-02-18 11:11:29,596 INFO    : Snapshot:0	0	10	Epoch:0	Loss:91.268	MRR:22.64	Hits@10:42.62	Best:22.64
2025-02-18 11:11:47,168 INFO    : Snapshot:0	0	10	Epoch:1	Loss:17.198	MRR:24.74	Hits@10:45.16	Best:24.74
2025-02-18 11:12:06,665 INFO    : Snapshot:0	1	10	Epoch:2	Loss:7.016	MRR:23.93	Hits@10:44.13	Best:24.74
2025-02-18 11:12:26,433 INFO    : Snapshot:0	2	10	Epoch:3	Loss:4.7	MRR:23.72	Hits@10:43.5	Best:24.74
2025-02-18 11:12:47,464 INFO    : Snapshot:0	3	10	Epoch:4	Loss:3.835	MRR:23.61	Hits@10:43.1	Best:24.74
2025-02-18 11:13:10,125 INFO    : Snapshot:0	4	10	Epoch:5	Loss:3.293	MRR:23.16	Hits@10:42.64	Best:24.74
2025-02-18 11:13:33,781 INFO    : Snapshot:0	5	10	Epoch:6	Loss:2.968	MRR:22.75	Hits@10:42.24	Best:24.74
2025-02-18 11:13:51,974 INFO    : Snapshot:0	6	10	Epoch:7	Loss:2.809	MRR:23.04	Hits@10:42.31	Best:24.74
2025-02-18 11:14:09,644 INFO    : Snapshot:0	7	10	Epoch:8	Loss:2.611	MRR:22.75	Hits@10:42.09	Best:24.74
2025-02-18 11:14:27,234 INFO    : Snapshot:0	8	10	Epoch:9	Loss:2.463	MRR:22.63	Hits@10:41.67	Best:24.74
2025-02-18 11:14:45,332 INFO    : Snapshot:0	9	10	Epoch:10	Loss:2.342	MRR:22.66	Hits@10:41.51	Best:24.74
2025-02-18 11:15:03,152 INFO    : Early Stopping! Snapshot:0 Epoch: 11 Best Results: 24.74
2025-02-18 11:15:03,295 INFO    : => loading checkpoint './checkpoint/FB_CKGE\0model_best.tar'
2025-02-18 11:15:12,642 INFO    : 
+------------+-------+--------+--------+--------+---------+
| Snapshot:0 |  MRR  | Hits@1 | Hits@3 | Hits@5 | Hits@10 |
+------------+-------+--------+--------+--------+---------+
|     0      | 0.246 | 0.1419 | 0.2865 |  0.36  |  0.452  |
+------------+-------+--------+--------+--------+---------+
2025-02-18 11:15:23,593 INFO    : Snapshot:1	0	10	Epoch:0	Loss:10.064	MRR:11.27	Hits@10:20.64	Best:11.27
2025-02-18 11:15:28,057 INFO    : Snapshot:1	0	10	Epoch:1	Loss:2.829	MRR:12.99	Hits@10:24.6	Best:12.99
2025-02-18 11:15:32,488 INFO    : Snapshot:1	0	10	Epoch:2	Loss:1.91	MRR:14.1	Hits@10:26.7	Best:14.1
2025-02-18 11:15:36,936 INFO    : Snapshot:1	0	10	Epoch:3	Loss:1.551	MRR:14.64	Hits@10:27.59	Best:14.64
2025-02-18 11:15:41,277 INFO    : Snapshot:1	0	10	Epoch:4	Loss:1.323	MRR:15.04	Hits@10:28.63	Best:15.04
2025-02-18 11:15:45,740 INFO    : Snapshot:1	0	10	Epoch:5	Loss:1.153	MRR:15.19	Hits@10:28.53	Best:15.19
2025-02-18 11:15:50,142 INFO    : Snapshot:1	0	10	Epoch:6	Loss:1.09	MRR:15.39	Hits@10:29.11	Best:15.39
2025-02-18 11:15:54,533 INFO    : Snapshot:1	0	10	Epoch:7	Loss:0.992	MRR:15.82	Hits@10:29.4	Best:15.82
2025-02-18 11:15:58,955 INFO    : Snapshot:1	0	10	Epoch:8	Loss:0.938	MRR:16.0	Hits@10:30.11	Best:16.0
2025-02-18 11:16:03,333 INFO    : Snapshot:1	1	10	Epoch:9	Loss:0.886	MRR:15.97	Hits@10:30.18	Best:16.0
2025-02-18 11:16:07,649 INFO    : Snapshot:1	0	10	Epoch:10	Loss:0.864	MRR:16.04	Hits@10:30.51	Best:16.04
2025-02-18 11:16:12,012 INFO    : Snapshot:1	1	10	Epoch:11	Loss:0.791	MRR:15.97	Hits@10:30.26	Best:16.04
2025-02-18 11:16:16,367 INFO    : Snapshot:1	2	10	Epoch:12	Loss:0.768	MRR:16.02	Hits@10:30.5	Best:16.04
2025-02-18 11:16:20,729 INFO    : Snapshot:1	0	10	Epoch:13	Loss:0.749	MRR:16.23	Hits@10:30.89	Best:16.23
2025-02-18 11:16:25,017 INFO    : Snapshot:1	1	10	Epoch:14	Loss:0.73	MRR:16.07	Hits@10:30.25	Best:16.23
2025-02-18 11:16:29,341 INFO    : Snapshot:1	0	10	Epoch:15	Loss:0.718	MRR:16.42	Hits@10:30.82	Best:16.42
2025-02-18 11:16:33,957 INFO    : Snapshot:1	1	10	Epoch:16	Loss:0.7	MRR:16.42	Hits@10:31.15	Best:16.42
2025-02-18 11:16:38,295 INFO    : Snapshot:1	0	10	Epoch:17	Loss:0.663	MRR:16.55	Hits@10:30.76	Best:16.55
2025-02-18 11:16:42,698 INFO    : Snapshot:1	1	10	Epoch:18	Loss:0.656	MRR:16.51	Hits@10:30.99	Best:16.55
2025-02-18 11:16:47,170 INFO    : Snapshot:1	0	10	Epoch:19	Loss:0.633	MRR:16.65	Hits@10:31.22	Best:16.65
2025-02-18 11:16:51,584 INFO    : Snapshot:1	1	10	Epoch:20	Loss:0.646	MRR:16.65	Hits@10:30.89	Best:16.65
2025-02-18 11:16:55,965 INFO    : Snapshot:1	2	10	Epoch:21	Loss:0.619	MRR:16.51	Hits@10:30.9	Best:16.65
2025-02-18 11:17:00,319 INFO    : Snapshot:1	0	10	Epoch:22	Loss:0.608	MRR:16.78	Hits@10:31.25	Best:16.78
2025-02-18 11:17:04,657 INFO    : Snapshot:1	1	10	Epoch:23	Loss:0.601	MRR:16.44	Hits@10:31.15	Best:16.78
2025-02-18 11:17:09,055 INFO    : Snapshot:1	2	10	Epoch:24	Loss:0.598	MRR:16.61	Hits@10:31.15	Best:16.78
2025-02-18 11:17:13,499 INFO    : Snapshot:1	0	10	Epoch:25	Loss:0.58	MRR:16.82	Hits@10:31.36	Best:16.82
2025-02-18 11:17:17,800 INFO    : Snapshot:1	1	10	Epoch:26	Loss:0.583	MRR:16.65	Hits@10:31.35	Best:16.82
2025-02-18 11:17:22,064 INFO    : Snapshot:1	2	10	Epoch:27	Loss:0.573	MRR:16.78	Hits@10:31.37	Best:16.82
2025-02-18 11:17:26,447 INFO    : Snapshot:1	0	10	Epoch:28	Loss:0.551	MRR:16.86	Hits@10:31.5	Best:16.86
2025-02-18 11:17:30,879 INFO    : Snapshot:1	0	10	Epoch:29	Loss:0.561	MRR:17.02	Hits@10:31.53	Best:17.02
2025-02-18 11:17:35,160 INFO    : Snapshot:1	1	10	Epoch:30	Loss:0.55	MRR:16.93	Hits@10:31.75	Best:17.02
2025-02-18 11:17:39,437 INFO    : Snapshot:1	2	10	Epoch:31	Loss:0.55	MRR:16.79	Hits@10:31.68	Best:17.02
2025-02-18 11:17:43,654 INFO    : Snapshot:1	3	10	Epoch:32	Loss:0.533	MRR:17.0	Hits@10:32.06	Best:17.02
2025-02-18 11:17:48,001 INFO    : Snapshot:1	4	10	Epoch:33	Loss:0.556	MRR:16.98	Hits@10:31.9	Best:17.02
2025-02-18 11:17:52,357 INFO    : Snapshot:1	0	10	Epoch:34	Loss:0.53	MRR:17.04	Hits@10:32.15	Best:17.04
2025-02-18 11:17:56,668 INFO    : Snapshot:1	0	10	Epoch:35	Loss:0.525	MRR:17.07	Hits@10:31.8	Best:17.07
2025-02-18 11:18:00,989 INFO    : Snapshot:1	1	10	Epoch:36	Loss:0.531	MRR:16.86	Hits@10:31.8	Best:17.07
2025-02-18 11:18:05,356 INFO    : Snapshot:1	2	10	Epoch:37	Loss:0.525	MRR:16.99	Hits@10:32.03	Best:17.07
2025-02-18 11:18:09,694 INFO    : Snapshot:1	3	10	Epoch:38	Loss:0.525	MRR:17.06	Hits@10:32.01	Best:17.07
2025-02-18 11:18:14,092 INFO    : Snapshot:1	4	10	Epoch:39	Loss:0.52	MRR:17.02	Hits@10:31.93	Best:17.07
2025-02-18 11:18:18,349 INFO    : Snapshot:1	5	10	Epoch:40	Loss:0.522	MRR:16.86	Hits@10:31.8	Best:17.07
2025-02-18 11:18:23,021 INFO    : Snapshot:1	6	10	Epoch:41	Loss:0.513	MRR:16.92	Hits@10:32.02	Best:17.07
2025-02-18 11:18:27,339 INFO    : Snapshot:1	7	10	Epoch:42	Loss:0.494	MRR:16.99	Hits@10:31.9	Best:17.07
2025-02-18 11:18:31,715 INFO    : Snapshot:1	8	10	Epoch:43	Loss:0.488	MRR:16.91	Hits@10:31.95	Best:17.07
2025-02-18 11:18:36,081 INFO    : Snapshot:1	0	10	Epoch:44	Loss:0.481	MRR:17.08	Hits@10:32.35	Best:17.08
2025-02-18 11:18:40,442 INFO    : Snapshot:1	1	10	Epoch:45	Loss:0.485	MRR:16.87	Hits@10:32.05	Best:17.08
2025-02-18 11:18:44,751 INFO    : Snapshot:1	2	10	Epoch:46	Loss:0.485	MRR:16.83	Hits@10:31.79	Best:17.08
2025-02-18 11:18:49,006 INFO    : Snapshot:1	3	10	Epoch:47	Loss:0.487	MRR:16.88	Hits@10:31.85	Best:17.08
2025-02-18 11:18:53,354 INFO    : Snapshot:1	4	10	Epoch:48	Loss:0.491	MRR:17.06	Hits@10:32.18	Best:17.08
2025-02-18 11:18:57,710 INFO    : Snapshot:1	5	10	Epoch:49	Loss:0.494	MRR:17.01	Hits@10:31.97	Best:17.08
2025-02-18 11:19:02,148 INFO    : Snapshot:1	6	10	Epoch:50	Loss:0.478	MRR:17.06	Hits@10:31.94	Best:17.08
2025-02-18 11:19:06,613 INFO    : Snapshot:1	7	10	Epoch:51	Loss:0.492	MRR:16.88	Hits@10:31.97	Best:17.08
2025-02-18 11:19:11,093 INFO    : Snapshot:1	8	10	Epoch:52	Loss:0.483	MRR:17.01	Hits@10:31.66	Best:17.08
2025-02-18 11:19:15,598 INFO    : Snapshot:1	9	10	Epoch:53	Loss:0.479	MRR:17.02	Hits@10:31.99	Best:17.08
2025-02-18 11:19:20,135 INFO    : Snapshot:1	0	10	Epoch:54	Loss:0.469	MRR:17.12	Hits@10:32.02	Best:17.12
2025-02-18 11:19:24,575 INFO    : Snapshot:1	1	10	Epoch:55	Loss:0.468	MRR:17.06	Hits@10:32.12	Best:17.12
2025-02-18 11:19:28,893 INFO    : Snapshot:1	2	10	Epoch:56	Loss:0.463	MRR:17.12	Hits@10:32.11	Best:17.12
2025-02-18 11:19:33,279 INFO    : Snapshot:1	3	10	Epoch:57	Loss:0.472	MRR:16.98	Hits@10:31.92	Best:17.12
2025-02-18 11:19:37,635 INFO    : Snapshot:1	4	10	Epoch:58	Loss:0.473	MRR:16.93	Hits@10:31.72	Best:17.12
2025-02-18 11:19:42,095 INFO    : Snapshot:1	5	10	Epoch:59	Loss:0.47	MRR:17.06	Hits@10:31.93	Best:17.12
2025-02-18 11:19:46,553 INFO    : Snapshot:1	6	10	Epoch:60	Loss:0.463	MRR:17.12	Hits@10:31.96	Best:17.12
2025-02-18 11:19:51,009 INFO    : Snapshot:1	7	10	Epoch:61	Loss:0.458	MRR:17.1	Hits@10:32.11	Best:17.12
2025-02-18 11:19:55,468 INFO    : Snapshot:1	0	10	Epoch:62	Loss:0.463	MRR:17.23	Hits@10:32.35	Best:17.23
2025-02-18 11:19:59,844 INFO    : Snapshot:1	1	10	Epoch:63	Loss:0.451	MRR:17.13	Hits@10:32.14	Best:17.23
2025-02-18 11:20:04,259 INFO    : Snapshot:1	2	10	Epoch:64	Loss:0.438	MRR:17.19	Hits@10:32.34	Best:17.23
2025-02-18 11:20:08,564 INFO    : Snapshot:1	3	10	Epoch:65	Loss:0.447	MRR:17.18	Hits@10:32.32	Best:17.23
2025-02-18 11:20:12,920 INFO    : Snapshot:1	4	10	Epoch:66	Loss:0.451	MRR:17.23	Hits@10:32.67	Best:17.23
2025-02-18 11:20:17,630 INFO    : Snapshot:1	0	10	Epoch:67	Loss:0.449	MRR:17.24	Hits@10:32.65	Best:17.24
2025-02-18 11:20:21,981 INFO    : Snapshot:1	0	10	Epoch:68	Loss:0.444	MRR:17.33	Hits@10:32.46	Best:17.33
2025-02-18 11:20:26,370 INFO    : Snapshot:1	1	10	Epoch:69	Loss:0.455	MRR:17.24	Hits@10:32.46	Best:17.33
2025-02-18 11:20:30,803 INFO    : Snapshot:1	2	10	Epoch:70	Loss:0.439	MRR:17.27	Hits@10:32.29	Best:17.33
2025-02-18 11:20:35,137 INFO    : Snapshot:1	3	10	Epoch:71	Loss:0.444	MRR:17.23	Hits@10:32.34	Best:17.33
2025-02-18 11:20:39,497 INFO    : Snapshot:1	4	10	Epoch:72	Loss:0.433	MRR:17.13	Hits@10:32.37	Best:17.33
2025-02-18 11:20:43,913 INFO    : Snapshot:1	5	10	Epoch:73	Loss:0.44	MRR:17.24	Hits@10:32.45	Best:17.33
2025-02-18 11:20:48,229 INFO    : Snapshot:1	6	10	Epoch:74	Loss:0.438	MRR:17.12	Hits@10:32.14	Best:17.33
2025-02-18 11:20:52,544 INFO    : Snapshot:1	7	10	Epoch:75	Loss:0.439	MRR:17.1	Hits@10:32.26	Best:17.33
2025-02-18 11:20:56,976 INFO    : Snapshot:1	8	10	Epoch:76	Loss:0.436	MRR:17.24	Hits@10:32.43	Best:17.33
2025-02-18 11:21:01,419 INFO    : Snapshot:1	9	10	Epoch:77	Loss:0.434	MRR:17.21	Hits@10:32.51	Best:17.33
2025-02-18 11:21:05,774 INFO    : Early Stopping! Snapshot:1 Epoch: 78 Best Results: 17.33
2025-02-18 11:21:05,912 INFO    : => loading checkpoint './checkpoint/FB_CKGE\1model_best.tar'
2025-02-18 11:21:19,389 INFO    : 
+------------+--------+--------+--------+--------+---------+
| Snapshot:1 |  MRR   | Hits@1 | Hits@3 | Hits@5 | Hits@10 |
+------------+--------+--------+--------+--------+---------+
|     0      | 0.246  | 0.1419 | 0.2865 |  0.36  |  0.452  |
|     1      | 0.1821 | 0.1071 | 0.2013 | 0.2567 |  0.3309 |
+------------+--------+--------+--------+--------+---------+
2025-02-18 11:21:30,733 INFO    : Snapshot:2	0	10	Epoch:0	Loss:7.163	MRR:17.71	Hits@10:31.59	Best:17.71
2025-02-18 11:21:35,528 INFO    : Snapshot:2	0	10	Epoch:1	Loss:3.043	MRR:18.02	Hits@10:32.12	Best:18.02
2025-02-18 11:21:40,310 INFO    : Snapshot:2	0	10	Epoch:2	Loss:2.527	MRR:18.09	Hits@10:32.55	Best:18.09
2025-02-18 11:21:45,062 INFO    : Snapshot:2	0	10	Epoch:3	Loss:2.332	MRR:18.15	Hits@10:32.64	Best:18.15
2025-02-18 11:21:49,825 INFO    : Snapshot:2	0	10	Epoch:4	Loss:2.229	MRR:18.24	Hits@10:32.63	Best:18.24
2025-02-18 11:21:54,564 INFO    : Snapshot:2	1	10	Epoch:5	Loss:2.143	MRR:18.22	Hits@10:32.67	Best:18.24
2025-02-18 11:21:59,352 INFO    : Snapshot:2	0	10	Epoch:6	Loss:2.077	MRR:18.29	Hits@10:32.83	Best:18.29
2025-02-18 11:22:04,470 INFO    : Snapshot:2	0	10	Epoch:7	Loss:2.042	MRR:18.4	Hits@10:32.95	Best:18.4
2025-02-18 11:22:09,295 INFO    : Snapshot:2	0	10	Epoch:8	Loss:2.005	MRR:18.41	Hits@10:32.99	Best:18.41
2025-02-18 11:22:14,094 INFO    : Snapshot:2	0	10	Epoch:9	Loss:1.982	MRR:18.44	Hits@10:33.05	Best:18.44
2025-02-18 11:22:18,819 INFO    : Snapshot:2	1	10	Epoch:10	Loss:1.951	MRR:18.43	Hits@10:33.18	Best:18.44
2025-02-18 11:22:23,620 INFO    : Snapshot:2	0	10	Epoch:11	Loss:1.928	MRR:18.48	Hits@10:33.01	Best:18.48
2025-02-18 11:22:28,321 INFO    : Snapshot:2	1	10	Epoch:12	Loss:1.904	MRR:18.46	Hits@10:33.13	Best:18.48
2025-02-18 11:22:33,090 INFO    : Snapshot:2	0	10	Epoch:13	Loss:1.913	MRR:18.51	Hits@10:32.98	Best:18.51
2025-02-18 11:22:37,940 INFO    : Snapshot:2	0	10	Epoch:14	Loss:1.903	MRR:18.55	Hits@10:33.15	Best:18.55
2025-02-18 11:22:42,708 INFO    : Snapshot:2	1	10	Epoch:15	Loss:1.866	MRR:18.36	Hits@10:32.99	Best:18.55
2025-02-18 11:22:47,460 INFO    : Snapshot:2	2	10	Epoch:16	Loss:1.838	MRR:18.51	Hits@10:32.99	Best:18.55
2025-02-18 11:22:52,234 INFO    : Snapshot:2	3	10	Epoch:17	Loss:1.852	MRR:18.54	Hits@10:33.21	Best:18.55
2025-02-18 11:22:57,051 INFO    : Snapshot:2	0	10	Epoch:18	Loss:1.817	MRR:18.57	Hits@10:33.19	Best:18.57
2025-02-18 11:23:01,798 INFO    : Snapshot:2	1	10	Epoch:19	Loss:1.814	MRR:18.53	Hits@10:33.09	Best:18.57
2025-02-18 11:23:06,558 INFO    : Snapshot:2	2	10	Epoch:20	Loss:1.837	MRR:18.56	Hits@10:33.16	Best:18.57
2025-02-18 11:23:11,318 INFO    : Snapshot:2	3	10	Epoch:21	Loss:1.824	MRR:18.53	Hits@10:33.25	Best:18.57
2025-02-18 11:23:16,225 INFO    : Snapshot:2	4	10	Epoch:22	Loss:1.807	MRR:18.5	Hits@10:33.42	Best:18.57
2025-02-18 11:23:21,018 INFO    : Snapshot:2	5	10	Epoch:23	Loss:1.831	MRR:18.53	Hits@10:33.22	Best:18.57
2025-02-18 11:23:25,770 INFO    : Snapshot:2	6	10	Epoch:24	Loss:1.812	MRR:18.55	Hits@10:33.3	Best:18.57
2025-02-18 11:23:30,575 INFO    : Snapshot:2	0	10	Epoch:25	Loss:1.82	MRR:18.62	Hits@10:33.19	Best:18.62
2025-02-18 11:23:35,446 INFO    : Snapshot:2	1	10	Epoch:26	Loss:1.813	MRR:18.56	Hits@10:33.26	Best:18.62
2025-02-18 11:23:40,216 INFO    : Snapshot:2	2	10	Epoch:27	Loss:1.798	MRR:18.56	Hits@10:33.09	Best:18.62
2025-02-18 11:23:44,955 INFO    : Snapshot:2	3	10	Epoch:28	Loss:1.791	MRR:18.52	Hits@10:33.06	Best:18.62
2025-02-18 11:23:49,716 INFO    : Snapshot:2	4	10	Epoch:29	Loss:1.782	MRR:18.58	Hits@10:33.13	Best:18.62
2025-02-18 11:23:54,599 INFO    : Snapshot:2	0	10	Epoch:30	Loss:1.789	MRR:18.64	Hits@10:33.36	Best:18.64
2025-02-18 11:23:59,337 INFO    : Snapshot:2	1	10	Epoch:31	Loss:1.793	MRR:18.61	Hits@10:33.21	Best:18.64
2025-02-18 11:24:04,091 INFO    : Snapshot:2	2	10	Epoch:32	Loss:1.791	MRR:18.62	Hits@10:33.33	Best:18.64
2025-02-18 11:24:09,230 INFO    : Snapshot:2	0	10	Epoch:33	Loss:1.776	MRR:18.65	Hits@10:33.13	Best:18.65
2025-02-18 11:24:14,026 INFO    : Snapshot:2	0	10	Epoch:34	Loss:1.758	MRR:18.66	Hits@10:33.17	Best:18.66
2025-02-18 11:24:18,836 INFO    : Snapshot:2	0	10	Epoch:35	Loss:1.76	MRR:18.67	Hits@10:33.17	Best:18.67
2025-02-18 11:24:23,576 INFO    : Snapshot:2	1	10	Epoch:36	Loss:1.757	MRR:18.59	Hits@10:33.27	Best:18.67
2025-02-18 11:24:28,313 INFO    : Snapshot:2	2	10	Epoch:37	Loss:1.777	MRR:18.65	Hits@10:33.35	Best:18.67
2025-02-18 11:24:33,059 INFO    : Snapshot:2	0	10	Epoch:38	Loss:1.76	MRR:18.68	Hits@10:33.34	Best:18.68
2025-02-18 11:24:37,842 INFO    : Snapshot:2	0	10	Epoch:39	Loss:1.748	MRR:18.71	Hits@10:33.26	Best:18.71
2025-02-18 11:24:42,542 INFO    : Snapshot:2	1	10	Epoch:40	Loss:1.757	MRR:18.69	Hits@10:33.31	Best:18.71
2025-02-18 11:24:47,261 INFO    : Snapshot:2	2	10	Epoch:41	Loss:1.749	MRR:18.65	Hits@10:33.28	Best:18.71
2025-02-18 11:24:52,031 INFO    : Snapshot:2	3	10	Epoch:42	Loss:1.748	MRR:18.71	Hits@10:33.27	Best:18.71
2025-02-18 11:24:56,883 INFO    : Snapshot:2	0	10	Epoch:43	Loss:1.754	MRR:18.74	Hits@10:33.24	Best:18.74
2025-02-18 11:25:01,677 INFO    : Snapshot:2	1	10	Epoch:44	Loss:1.743	MRR:18.72	Hits@10:33.33	Best:18.74
2025-02-18 11:25:06,505 INFO    : Snapshot:2	2	10	Epoch:45	Loss:1.738	MRR:18.71	Hits@10:33.34	Best:18.74
2025-02-18 11:25:11,439 INFO    : Snapshot:2	3	10	Epoch:46	Loss:1.721	MRR:18.63	Hits@10:33.3	Best:18.74
2025-02-18 11:25:16,254 INFO    : Snapshot:2	4	10	Epoch:47	Loss:1.754	MRR:18.68	Hits@10:33.3	Best:18.74
2025-02-18 11:25:21,058 INFO    : Snapshot:2	5	10	Epoch:48	Loss:1.749	MRR:18.61	Hits@10:33.22	Best:18.74
2025-02-18 11:25:25,886 INFO    : Snapshot:2	6	10	Epoch:49	Loss:1.732	MRR:18.69	Hits@10:33.31	Best:18.74
2025-02-18 11:25:30,694 INFO    : Snapshot:2	7	10	Epoch:50	Loss:1.75	MRR:18.64	Hits@10:33.31	Best:18.74
2025-02-18 11:25:35,464 INFO    : Snapshot:2	8	10	Epoch:51	Loss:1.737	MRR:18.62	Hits@10:33.32	Best:18.74
2025-02-18 11:25:40,192 INFO    : Snapshot:2	9	10	Epoch:52	Loss:1.74	MRR:18.56	Hits@10:33.15	Best:18.74
2025-02-18 11:25:44,963 INFO    : Early Stopping! Snapshot:2 Epoch: 53 Best Results: 18.74
2025-02-18 11:25:45,087 INFO    : => loading checkpoint './checkpoint/FB_CKGE\2model_best.tar'
2025-02-18 11:26:01,943 INFO    : 
+------------+--------+--------+--------+--------+---------+
| Snapshot:2 |  MRR   | Hits@1 | Hits@3 | Hits@5 | Hits@10 |
+------------+--------+--------+--------+--------+---------+
|     0      | 0.246  | 0.1419 | 0.2865 |  0.36  |  0.452  |
|     1      | 0.1821 | 0.1071 | 0.2013 | 0.2567 |  0.3309 |
|     2      | 0.1868 | 0.1141 | 0.2076 | 0.2583 |  0.3284 |
+------------+--------+--------+--------+--------+---------+
2025-02-18 11:26:13,913 INFO    : Snapshot:3	0	10	Epoch:0	Loss:5.032	MRR:19.6	Hits@10:33.83	Best:19.6
2025-02-18 11:26:18,984 INFO    : Snapshot:3	0	10	Epoch:1	Loss:3.154	MRR:19.62	Hits@10:33.83	Best:19.62
2025-02-18 11:26:24,044 INFO    : Snapshot:3	0	10	Epoch:2	Loss:2.898	MRR:19.65	Hits@10:33.9	Best:19.65
2025-02-18 11:26:29,093 INFO    : Snapshot:3	0	10	Epoch:3	Loss:2.829	MRR:19.71	Hits@10:34.05	Best:19.71
2025-02-18 11:26:34,291 INFO    : Snapshot:3	1	10	Epoch:4	Loss:2.783	MRR:19.71	Hits@10:34.08	Best:19.71
2025-02-18 11:26:39,507 INFO    : Snapshot:3	2	10	Epoch:5	Loss:2.721	MRR:19.68	Hits@10:34.03	Best:19.71
2025-02-18 11:26:44,782 INFO    : Snapshot:3	0	10	Epoch:6	Loss:2.705	MRR:19.74	Hits@10:34.06	Best:19.74
2025-02-18 11:26:50,322 INFO    : Snapshot:3	1	10	Epoch:7	Loss:2.674	MRR:19.67	Hits@10:34.04	Best:19.74
2025-02-18 11:26:55,651 INFO    : Snapshot:3	0	10	Epoch:8	Loss:2.676	MRR:19.76	Hits@10:34.11	Best:19.76
2025-02-18 11:27:01,033 INFO    : Snapshot:3	1	10	Epoch:9	Loss:2.679	MRR:19.72	Hits@10:34.27	Best:19.76
2025-02-18 11:27:06,383 INFO    : Snapshot:3	0	10	Epoch:10	Loss:2.688	MRR:19.77	Hits@10:34.16	Best:19.77
2025-02-18 11:27:11,760 INFO    : Snapshot:3	1	10	Epoch:11	Loss:2.646	MRR:19.72	Hits@10:34.18	Best:19.77
2025-02-18 11:27:17,141 INFO    : Snapshot:3	2	10	Epoch:12	Loss:2.668	MRR:19.75	Hits@10:34.12	Best:19.77
2025-02-18 11:27:22,551 INFO    : Snapshot:3	3	10	Epoch:13	Loss:2.641	MRR:19.73	Hits@10:34.22	Best:19.77
2025-02-18 11:27:28,009 INFO    : Snapshot:3	4	10	Epoch:14	Loss:2.634	MRR:19.76	Hits@10:34.19	Best:19.77
2025-02-18 11:27:33,368 INFO    : Snapshot:3	5	10	Epoch:15	Loss:2.625	MRR:19.75	Hits@10:34.13	Best:19.77
2025-02-18 11:27:38,847 INFO    : Snapshot:3	6	10	Epoch:16	Loss:2.637	MRR:19.71	Hits@10:34.17	Best:19.77
2025-02-18 11:27:44,081 INFO    : Snapshot:3	7	10	Epoch:17	Loss:2.615	MRR:19.72	Hits@10:34.23	Best:19.77
2025-02-18 11:27:49,311 INFO    : Snapshot:3	8	10	Epoch:18	Loss:2.618	MRR:19.77	Hits@10:34.21	Best:19.77
2025-02-18 11:27:54,491 INFO    : Snapshot:3	9	10	Epoch:19	Loss:2.606	MRR:19.75	Hits@10:34.14	Best:19.77
2025-02-18 11:27:59,789 INFO    : Early Stopping! Snapshot:3 Epoch: 20 Best Results: 19.77
2025-02-18 11:27:59,904 INFO    : => loading checkpoint './checkpoint/FB_CKGE\3model_best.tar'
2025-02-18 11:28:20,858 INFO    : 
+------------+--------+--------+--------+--------+---------+
| Snapshot:3 |  MRR   | Hits@1 | Hits@3 | Hits@5 | Hits@10 |
+------------+--------+--------+--------+--------+---------+
|     0      | 0.246  | 0.1419 | 0.2865 |  0.36  |  0.452  |
|     1      | 0.1821 | 0.1071 | 0.2013 | 0.2567 |  0.3309 |
|     2      | 0.1868 | 0.1141 | 0.2076 | 0.2583 |  0.3284 |
|     3      | 0.1972 | 0.123  | 0.2209 | 0.2731 |  0.3412 |
+------------+--------+--------+--------+--------+---------+
2025-02-18 11:28:34,992 INFO    : Snapshot:4	0	10	Epoch:0	Loss:3.886	MRR:20.61	Hits@10:34.09	Best:20.61
2025-02-18 11:28:40,424 INFO    : Snapshot:4	0	10	Epoch:1	Loss:3.251	MRR:20.66	Hits@10:34.19	Best:20.66
2025-02-18 11:28:46,199 INFO    : Snapshot:4	1	10	Epoch:2	Loss:3.138	MRR:20.64	Hits@10:34.17	Best:20.66
2025-02-18 11:28:51,606 INFO    : Snapshot:4	2	10	Epoch:3	Loss:3.135	MRR:20.64	Hits@10:34.19	Best:20.66
2025-02-18 11:28:57,106 INFO    : Snapshot:4	3	10	Epoch:4	Loss:3.119	MRR:20.65	Hits@10:34.2	Best:20.66
2025-02-18 11:29:02,458 INFO    : Snapshot:4	4	10	Epoch:5	Loss:3.121	MRR:20.64	Hits@10:34.21	Best:20.66
2025-02-18 11:29:07,842 INFO    : Snapshot:4	5	10	Epoch:6	Loss:3.101	MRR:20.66	Hits@10:34.21	Best:20.66
2025-02-18 11:29:13,202 INFO    : Snapshot:4	0	10	Epoch:7	Loss:3.119	MRR:20.67	Hits@10:34.19	Best:20.67
2025-02-18 11:29:18,599 INFO    : Snapshot:4	1	10	Epoch:8	Loss:3.088	MRR:20.66	Hits@10:34.18	Best:20.67
2025-02-18 11:29:23,956 INFO    : Snapshot:4	2	10	Epoch:9	Loss:3.08	MRR:20.66	Hits@10:34.19	Best:20.67
2025-02-18 11:29:29,295 INFO    : Snapshot:4	3	10	Epoch:10	Loss:3.08	MRR:20.67	Hits@10:34.23	Best:20.67
2025-02-18 11:29:34,612 INFO    : Snapshot:4	4	10	Epoch:11	Loss:3.082	MRR:20.66	Hits@10:34.17	Best:20.67
2025-02-18 11:29:40,342 INFO    : Snapshot:4	0	10	Epoch:12	Loss:3.077	MRR:20.69	Hits@10:34.22	Best:20.69
2025-02-18 11:29:45,831 INFO    : Snapshot:4	1	10	Epoch:13	Loss:3.085	MRR:20.66	Hits@10:34.18	Best:20.69
2025-02-18 11:29:51,453 INFO    : Snapshot:4	2	10	Epoch:14	Loss:3.077	MRR:20.66	Hits@10:34.2	Best:20.69
2025-02-18 11:29:56,806 INFO    : Snapshot:4	3	10	Epoch:15	Loss:3.094	MRR:20.64	Hits@10:34.14	Best:20.69
2025-02-18 11:30:02,519 INFO    : Snapshot:4	4	10	Epoch:16	Loss:3.058	MRR:20.66	Hits@10:34.17	Best:20.69
2025-02-18 11:30:08,110 INFO    : Snapshot:4	5	10	Epoch:17	Loss:3.077	MRR:20.67	Hits@10:34.2	Best:20.69
2025-02-18 11:30:13,843 INFO    : Snapshot:4	6	10	Epoch:18	Loss:3.067	MRR:20.68	Hits@10:34.21	Best:20.69
2025-02-18 11:30:19,281 INFO    : Snapshot:4	7	10	Epoch:19	Loss:3.092	MRR:20.68	Hits@10:34.22	Best:20.69
2025-02-18 11:30:25,244 INFO    : Snapshot:4	8	10	Epoch:20	Loss:3.078	MRR:20.69	Hits@10:34.21	Best:20.69
2025-02-18 11:30:30,730 INFO    : Snapshot:4	9	10	Epoch:21	Loss:3.061	MRR:20.69	Hits@10:34.17	Best:20.69
2025-02-18 11:30:36,215 INFO    : Early Stopping! Snapshot:4 Epoch: 22 Best Results: 20.69
2025-02-18 11:30:36,350 INFO    : => loading checkpoint './checkpoint/FB_CKGE\4model_best.tar'
2025-02-18 11:31:01,083 INFO    : 
+------------+--------+--------+--------+--------+---------+
| Snapshot:4 |  MRR   | Hits@1 | Hits@3 | Hits@5 | Hits@10 |
+------------+--------+--------+--------+--------+---------+
|     0      | 0.246  | 0.1419 | 0.2865 |  0.36  |  0.452  |
|     1      | 0.1821 | 0.1071 | 0.2013 | 0.2567 |  0.3309 |
|     2      | 0.1868 | 0.1141 | 0.2076 | 0.2583 |  0.3284 |
|     3      | 0.1972 | 0.123  | 0.2209 | 0.2731 |  0.3412 |
|     4      | 0.217  | 0.1354 | 0.2463 | 0.3043 |  0.3758 |
+------------+--------+--------+--------+--------+---------+
2025-02-18 11:31:01,084 INFO    : Final Result:
[+------------+-------+--------+--------+--------+---------+
| Snapshot:0 |  MRR  | Hits@1 | Hits@3 | Hits@5 | Hits@10 |
+------------+-------+--------+--------+--------+---------+
|     0      | 0.246 | 0.1419 | 0.2865 |  0.36  |  0.452  |
+------------+-------+--------+--------+--------+---------+, +------------+--------+--------+--------+--------+---------+
| Snapshot:1 |  MRR   | Hits@1 | Hits@3 | Hits@5 | Hits@10 |
+------------+--------+--------+--------+--------+---------+
|     0      | 0.246  | 0.1419 | 0.2865 |  0.36  |  0.452  |
|     1      | 0.1821 | 0.1071 | 0.2013 | 0.2567 |  0.3309 |
+------------+--------+--------+--------+--------+---------+, +------------+--------+--------+--------+--------+---------+
| Snapshot:2 |  MRR   | Hits@1 | Hits@3 | Hits@5 | Hits@10 |
+------------+--------+--------+--------+--------+---------+
|     0      | 0.246  | 0.1419 | 0.2865 |  0.36  |  0.452  |
|     1      | 0.1821 | 0.1071 | 0.2013 | 0.2567 |  0.3309 |
|     2      | 0.1868 | 0.1141 | 0.2076 | 0.2583 |  0.3284 |
+------------+--------+--------+--------+--------+---------+, +------------+--------+--------+--------+--------+---------+
| Snapshot:3 |  MRR   | Hits@1 | Hits@3 | Hits@5 | Hits@10 |
+------------+--------+--------+--------+--------+---------+
|     0      | 0.246  | 0.1419 | 0.2865 |  0.36  |  0.452  |
|     1      | 0.1821 | 0.1071 | 0.2013 | 0.2567 |  0.3309 |
|     2      | 0.1868 | 0.1141 | 0.2076 | 0.2583 |  0.3284 |
|     3      | 0.1972 | 0.123  | 0.2209 | 0.2731 |  0.3412 |
+------------+--------+--------+--------+--------+---------+, +------------+--------+--------+--------+--------+---------+
| Snapshot:4 |  MRR   | Hits@1 | Hits@3 | Hits@5 | Hits@10 |
+------------+--------+--------+--------+--------+---------+
|     0      | 0.246  | 0.1419 | 0.2865 |  0.36  |  0.452  |
|     1      | 0.1821 | 0.1071 | 0.2013 | 0.2567 |  0.3309 |
|     2      | 0.1868 | 0.1141 | 0.2076 | 0.2583 |  0.3284 |
|     3      | 0.1972 | 0.123  | 0.2209 | 0.2731 |  0.3412 |
|     4      | 0.217  | 0.1354 | 0.2463 | 0.3043 |  0.3758 |
+------------+--------+--------+--------+--------+---------+]
2025-02-18 11:31:01,085 INFO    : Report Result:
+----------+--------------------+-----------+--------------+--------------+---------------+
| Snapshot |        Time        | Whole_MRR | Whole_Hits@1 | Whole_Hits@3 | Whole_Hits@10 |
+----------+--------------------+-----------+--------------+--------------+---------------+
|    0     | 232.4508945941925  |   0.246   |    0.142     |    0.286     |     0.452     |
|    1     | 349.9458830356598  |   0.237   |    0.137     |    0.274     |     0.435     |
|    2     | 262.3285779953003  |   0.231   |    0.134     |    0.266     |     0.421     |
|    3     | 114.31240320205688 |   0.227   |    0.133     |    0.261     |     0.412     |
|    4     | 130.02322030067444 |   0.226   |    0.133     |     0.26     |     0.409     |
+----------+--------------------+-----------+--------------+--------------+---------------+
2025-02-18 11:31:01,086 INFO    : Sum_Training_Time:1089.060979127884
2025-02-18 11:31:01,086 INFO    : Every_Training_Time:[232.4508945941925, 349.9458830356598, 262.3285779953003, 114.31240320205688, 130.02322030067444]
2025-02-18 11:31:01,086 INFO    : Forward transfer: 0.15225 Backward transfer: 0.0
