2024-09-13 14:52:12,155 INFO    : Namespace(batch_size=1024, data_path='./data/HYBRID/', dataset='HYBRID', debug=False, device=device(type='cuda', index=0), emb_dim=200, ent_r='200', epoch_num=200, explore=False, gpu='0', l2=0.0, learning_rate='3e-1', log_path='./logs/20240913145204/HYBRID', logger=<RootLogger root (INFO)>, margin=8.0, model_name='LoraKGE_Layers', multi_layers_path='train_sorted_by_edges_betweenness.txt', neg_ratio=10, note='', num_ent_layers='2', num_layer=1, num_rel_layers='1', patience=3, predict_result=False, r=100, r_fixed=True, random_seed=3407, record=False, rel_r='20', save_path='./checkpoint/HYBRID', skip_previous='False', snapshot_num=5, train_new=True, using_multi_layers=False, using_various_ranks='True', using_various_ranks_reverse=False, valid_metrics='mrr')
2024-09-13 14:52:20,291 INFO    : Snapshot:0	0	3	Epoch:0	Loss:41.71	MRR:8.75	Hits@10:20.52	Best:8.75
2024-09-13 14:52:25,747 INFO    : Snapshot:0	0	3	Epoch:1	Loss:28.429	MRR:15.57	Hits@10:30.78	Best:15.57
2024-09-13 14:52:31,102 INFO    : Snapshot:0	0	3	Epoch:2	Loss:18.068	MRR:20.81	Hits@10:37.81	Best:20.81
2024-09-13 14:52:36,477 INFO    : Snapshot:0	0	3	Epoch:3	Loss:10.959	MRR:23.3	Hits@10:41.12	Best:23.3
2024-09-13 14:52:41,758 INFO    : Snapshot:0	0	3	Epoch:4	Loss:6.919	MRR:24.72	Hits@10:42.86	Best:24.72
2024-09-13 14:52:47,292 INFO    : Snapshot:0	0	3	Epoch:5	Loss:4.64	MRR:25.0	Hits@10:43.85	Best:25.0
2024-09-13 14:52:52,648 INFO    : Snapshot:0	0	3	Epoch:6	Loss:3.342	MRR:25.24	Hits@10:44.32	Best:25.24
2024-09-13 14:52:58,075 INFO    : Snapshot:0	1	3	Epoch:7	Loss:2.518	MRR:25.17	Hits@10:44.55	Best:25.24
2024-09-13 14:53:03,761 INFO    : Snapshot:0	0	3	Epoch:8	Loss:2.002	MRR:25.29	Hits@10:44.55	Best:25.29
2024-09-13 14:53:09,392 INFO    : Snapshot:0	1	3	Epoch:9	Loss:1.644	MRR:25.27	Hits@10:44.55	Best:25.29
2024-09-13 14:53:14,973 INFO    : Snapshot:0	2	3	Epoch:10	Loss:1.391	MRR:25.02	Hits@10:44.6	Best:25.29
2024-09-13 14:53:20,657 INFO    : Early Stopping! Snapshot:0 Epoch: 11 Best Results: 25.29
2024-09-13 14:53:20,751 INFO    : => loading checkpoint './checkpoint/HYBRID\0model_best.tar'
2024-09-13 14:53:24,197 INFO    : 
+------------+--------+--------+--------+--------+---------+
| Snapshot:0 |  MRR   | Hits@1 | Hits@3 | Hits@5 | Hits@10 |
+------------+--------+--------+--------+--------+---------+
|     0      | 0.2532 | 0.152  | 0.3054 | 0.3657 |  0.4362 |
+------------+--------+--------+--------+--------+---------+
2024-09-13 14:53:30,847 INFO    : Snapshot:1	0	3	Epoch:0	Loss:6.209	MRR:20.82	Hits@10:37.23	Best:20.82
2024-09-13 14:53:33,145 INFO    : Snapshot:1	0	3	Epoch:1	Loss:3.19	MRR:23.28	Hits@10:41.74	Best:23.28
2024-09-13 14:53:35,523 INFO    : Snapshot:1	0	3	Epoch:2	Loss:2.716	MRR:24.11	Hits@10:43.46	Best:24.11
2024-09-13 14:53:37,806 INFO    : Snapshot:1	0	3	Epoch:3	Loss:2.51	MRR:24.99	Hits@10:44.54	Best:24.99
2024-09-13 14:53:40,085 INFO    : Snapshot:1	0	3	Epoch:4	Loss:2.402	MRR:25.75	Hits@10:45.39	Best:25.75
2024-09-13 14:53:42,357 INFO    : Snapshot:1	1	3	Epoch:5	Loss:2.32	MRR:25.68	Hits@10:45.47	Best:25.75
2024-09-13 14:53:44,581 INFO    : Snapshot:1	0	3	Epoch:6	Loss:2.252	MRR:26.13	Hits@10:45.68	Best:26.13
2024-09-13 14:53:46,772 INFO    : Snapshot:1	1	3	Epoch:7	Loss:2.223	MRR:25.75	Hits@10:45.68	Best:26.13
2024-09-13 14:53:48,965 INFO    : Snapshot:1	0	3	Epoch:8	Loss:2.204	MRR:26.77	Hits@10:45.95	Best:26.77
2024-09-13 14:53:51,144 INFO    : Snapshot:1	0	3	Epoch:9	Loss:2.184	MRR:26.87	Hits@10:46.22	Best:26.87
2024-09-13 14:53:53,484 INFO    : Snapshot:1	0	3	Epoch:10	Loss:2.142	MRR:27.16	Hits@10:46.04	Best:27.16
2024-09-13 14:53:55,798 INFO    : Snapshot:1	1	3	Epoch:11	Loss:2.137	MRR:26.88	Hits@10:45.92	Best:27.16
2024-09-13 14:53:58,033 INFO    : Snapshot:1	2	3	Epoch:12	Loss:2.109	MRR:26.77	Hits@10:46.31	Best:27.16
2024-09-13 14:54:00,276 INFO    : Early Stopping! Snapshot:1 Epoch: 13 Best Results: 27.16
2024-09-13 14:54:00,369 INFO    : => loading checkpoint './checkpoint/HYBRID\1model_best.tar'
2024-09-13 14:54:05,456 INFO    : 
+------------+--------+--------+--------+--------+---------+
| Snapshot:1 |  MRR   | Hits@1 | Hits@3 | Hits@5 | Hits@10 |
+------------+--------+--------+--------+--------+---------+
|     0      | 0.2532 | 0.152  | 0.3054 | 0.3657 |  0.4362 |
|     1      | 0.2631 | 0.1674 | 0.2999 | 0.3666 |  0.4514 |
+------------+--------+--------+--------+--------+---------+
2024-09-13 14:54:27,062 INFO    : Snapshot:2	0	3	Epoch:0	Loss:21.284	MRR:14.61	Hits@10:27.28	Best:14.61
2024-09-13 14:54:38,818 INFO    : Snapshot:2	0	3	Epoch:1	Loss:14.246	MRR:16.05	Hits@10:29.76	Best:16.05
2024-09-13 14:54:50,235 INFO    : Snapshot:2	0	3	Epoch:2	Loss:13.277	MRR:16.46	Hits@10:30.55	Best:16.46
2024-09-13 14:55:01,597 INFO    : Snapshot:2	0	3	Epoch:3	Loss:12.783	MRR:17.22	Hits@10:31.33	Best:17.22
2024-09-13 14:55:12,974 INFO    : Snapshot:2	0	3	Epoch:4	Loss:12.401	MRR:17.41	Hits@10:31.63	Best:17.41
2024-09-13 14:55:24,441 INFO    : Snapshot:2	0	3	Epoch:5	Loss:12.16	MRR:17.61	Hits@10:31.78	Best:17.61
2024-09-13 14:55:35,916 INFO    : Snapshot:2	0	3	Epoch:6	Loss:12.01	MRR:17.71	Hits@10:32.25	Best:17.71
2024-09-13 14:55:47,515 INFO    : Snapshot:2	0	3	Epoch:7	Loss:11.904	MRR:18.08	Hits@10:32.24	Best:18.08
2024-09-13 14:55:59,095 INFO    : Snapshot:2	0	3	Epoch:8	Loss:11.769	MRR:18.15	Hits@10:32.51	Best:18.15
2024-09-13 14:56:10,808 INFO    : Snapshot:2	0	3	Epoch:9	Loss:11.735	MRR:18.32	Hits@10:32.76	Best:18.32
2024-09-13 14:56:22,235 INFO    : Snapshot:2	0	3	Epoch:10	Loss:11.666	MRR:18.38	Hits@10:32.85	Best:18.38
2024-09-13 14:56:33,624 INFO    : Snapshot:2	0	3	Epoch:11	Loss:11.589	MRR:18.46	Hits@10:32.68	Best:18.46
2024-09-13 14:56:45,020 INFO    : Snapshot:2	0	3	Epoch:12	Loss:11.486	MRR:18.48	Hits@10:32.9	Best:18.48
2024-09-13 14:56:56,392 INFO    : Snapshot:2	1	3	Epoch:13	Loss:11.482	MRR:18.45	Hits@10:32.92	Best:18.48
2024-09-13 14:57:07,717 INFO    : Snapshot:2	2	3	Epoch:14	Loss:11.474	MRR:18.47	Hits@10:33.0	Best:18.48
2024-09-13 14:57:19,056 INFO    : Snapshot:2	0	3	Epoch:15	Loss:11.348	MRR:18.57	Hits@10:32.88	Best:18.57
2024-09-13 14:57:30,439 INFO    : Snapshot:2	0	3	Epoch:16	Loss:11.366	MRR:18.65	Hits@10:33.1	Best:18.65
2024-09-13 14:57:41,797 INFO    : Snapshot:2	1	3	Epoch:17	Loss:11.324	MRR:18.53	Hits@10:33.17	Best:18.65
2024-09-13 14:57:53,405 INFO    : Snapshot:2	0	3	Epoch:18	Loss:11.245	MRR:19.02	Hits@10:33.15	Best:19.02
2024-09-13 14:58:04,816 INFO    : Snapshot:2	1	3	Epoch:19	Loss:11.286	MRR:18.8	Hits@10:33.34	Best:19.02
2024-09-13 14:58:16,322 INFO    : Snapshot:2	2	3	Epoch:20	Loss:11.237	MRR:18.63	Hits@10:33.38	Best:19.02
2024-09-13 14:58:27,599 INFO    : Early Stopping! Snapshot:2 Epoch: 21 Best Results: 19.02
2024-09-13 14:58:27,697 INFO    : => loading checkpoint './checkpoint/HYBRID\2model_best.tar'
2024-09-13 14:58:39,708 INFO    : 
+------------+--------+--------+--------+--------+---------+
| Snapshot:2 |  MRR   | Hits@1 | Hits@3 | Hits@5 | Hits@10 |
+------------+--------+--------+--------+--------+---------+
|     0      | 0.2532 | 0.152  | 0.3054 | 0.3657 |  0.4362 |
|     1      | 0.2631 | 0.1674 | 0.2999 | 0.3666 |  0.4514 |
|     2      | 0.1897 | 0.1171 | 0.2128 | 0.2631 |  0.3297 |
+------------+--------+--------+--------+--------+---------+
2024-09-13 14:59:07,392 INFO    : Snapshot:3	0	3	Epoch:0	Loss:24.425	MRR:14.9	Hits@10:27.86	Best:14.9
2024-09-13 14:59:22,151 INFO    : Snapshot:3	0	3	Epoch:1	Loss:18.453	MRR:15.67	Hits@10:29.55	Best:15.67
2024-09-13 14:59:36,891 INFO    : Snapshot:3	0	3	Epoch:2	Loss:17.832	MRR:16.2	Hits@10:30.23	Best:16.2
2024-09-13 14:59:51,760 INFO    : Snapshot:3	0	3	Epoch:3	Loss:17.519	MRR:16.67	Hits@10:30.83	Best:16.67
2024-09-13 15:00:06,873 INFO    : Snapshot:3	0	3	Epoch:4	Loss:17.279	MRR:16.68	Hits@10:30.98	Best:16.68
2024-09-13 15:00:21,887 INFO    : Snapshot:3	0	3	Epoch:5	Loss:17.095	MRR:16.99	Hits@10:31.31	Best:16.99
2024-09-13 15:00:36,899 INFO    : Snapshot:3	1	3	Epoch:6	Loss:17.024	MRR:16.9	Hits@10:31.45	Best:16.99
2024-09-13 15:00:51,916 INFO    : Snapshot:3	2	3	Epoch:7	Loss:16.929	MRR:16.89	Hits@10:31.28	Best:16.99
2024-09-13 15:01:06,888 INFO    : Snapshot:3	0	3	Epoch:8	Loss:16.841	MRR:17.0	Hits@10:31.55	Best:17.0
2024-09-13 15:01:21,940 INFO    : Snapshot:3	0	3	Epoch:9	Loss:16.799	MRR:17.2	Hits@10:31.67	Best:17.2
2024-09-13 15:01:36,763 INFO    : Snapshot:3	1	3	Epoch:10	Loss:16.72	MRR:17.2	Hits@10:31.65	Best:17.2
2024-09-13 15:01:51,689 INFO    : Snapshot:3	2	3	Epoch:11	Loss:16.674	MRR:17.1	Hits@10:31.62	Best:17.2
2024-09-13 15:02:06,565 INFO    : Snapshot:3	0	3	Epoch:12	Loss:16.655	MRR:17.37	Hits@10:31.9	Best:17.37
2024-09-13 15:02:21,396 INFO    : Snapshot:3	0	3	Epoch:13	Loss:16.554	MRR:17.46	Hits@10:31.78	Best:17.46
2024-09-13 15:02:36,297 INFO    : Snapshot:3	1	3	Epoch:14	Loss:16.532	MRR:17.27	Hits@10:31.87	Best:17.46
2024-09-13 15:02:51,254 INFO    : Snapshot:3	2	3	Epoch:15	Loss:16.509	MRR:17.46	Hits@10:31.94	Best:17.46
2024-09-13 15:03:06,074 INFO    : Early Stopping! Snapshot:3 Epoch: 16 Best Results: 17.46
2024-09-13 15:03:06,184 INFO    : => loading checkpoint './checkpoint/HYBRID\3model_best.tar'
2024-09-13 15:03:29,306 INFO    : 
+------------+--------+--------+--------+--------+---------+
| Snapshot:3 |  MRR   | Hits@1 | Hits@3 | Hits@5 | Hits@10 |
+------------+--------+--------+--------+--------+---------+
|     0      | 0.2532 | 0.152  | 0.3054 | 0.3657 |  0.4362 |
|     1      | 0.2631 | 0.1674 | 0.2999 | 0.3666 |  0.4514 |
|     2      | 0.1897 | 0.1171 | 0.2128 | 0.2631 |  0.3297 |
|     3      | 0.1734 | 0.0959 | 0.2046 | 0.2556 |  0.3186 |
+------------+--------+--------+--------+--------+---------+
2024-09-13 15:03:42,336 INFO    : Snapshot:4	0	3	Epoch:0	Loss:12.33	MRR:15.13	Hits@10:24.11	Best:15.13
2024-09-13 15:03:48,013 INFO    : Snapshot:4	0	3	Epoch:1	Loss:10.556	MRR:15.61	Hits@10:24.9	Best:15.61
2024-09-13 15:03:53,734 INFO    : Snapshot:4	0	3	Epoch:2	Loss:10.408	MRR:15.64	Hits@10:25.06	Best:15.64
2024-09-13 15:03:59,413 INFO    : Snapshot:4	1	3	Epoch:3	Loss:10.347	MRR:15.6	Hits@10:24.86	Best:15.64
2024-09-13 15:04:05,148 INFO    : Snapshot:4	0	3	Epoch:4	Loss:10.293	MRR:15.73	Hits@10:24.89	Best:15.73
2024-09-13 15:04:10,970 INFO    : Snapshot:4	0	3	Epoch:5	Loss:10.27	MRR:15.74	Hits@10:24.89	Best:15.74
2024-09-13 15:04:16,775 INFO    : Snapshot:4	1	3	Epoch:6	Loss:10.208	MRR:15.7	Hits@10:25.18	Best:15.74
2024-09-13 15:04:22,241 INFO    : Snapshot:4	0	3	Epoch:7	Loss:10.219	MRR:15.92	Hits@10:24.91	Best:15.92
2024-09-13 15:04:27,697 INFO    : Snapshot:4	1	3	Epoch:8	Loss:10.193	MRR:15.86	Hits@10:25.17	Best:15.92
2024-09-13 15:04:33,168 INFO    : Snapshot:4	2	3	Epoch:9	Loss:10.213	MRR:15.73	Hits@10:24.95	Best:15.92
2024-09-13 15:04:38,643 INFO    : Early Stopping! Snapshot:4 Epoch: 10 Best Results: 15.92
2024-09-13 15:04:38,752 INFO    : => loading checkpoint './checkpoint/HYBRID\4model_best.tar'
2024-09-13 15:05:05,245 INFO    : 
+------------+--------+--------+--------+--------+---------+
| Snapshot:4 |  MRR   | Hits@1 | Hits@3 | Hits@5 | Hits@10 |
+------------+--------+--------+--------+--------+---------+
|     0      | 0.2532 | 0.152  | 0.3054 | 0.3657 |  0.4362 |
|     1      | 0.2631 | 0.1674 | 0.2999 | 0.3666 |  0.4514 |
|     2      | 0.1897 | 0.1171 | 0.2128 | 0.2631 |  0.3297 |
|     3      | 0.1734 | 0.0959 | 0.2046 | 0.2556 |  0.3186 |
|     4      | 0.1573 | 0.1092 | 0.1686 | 0.2008 |  0.2504 |
+------------+--------+--------+--------+--------+---------+
2024-09-13 15:05:05,246 INFO    : Final Result:
[+------------+--------+--------+--------+--------+---------+
| Snapshot:0 |  MRR   | Hits@1 | Hits@3 | Hits@5 | Hits@10 |
+------------+--------+--------+--------+--------+---------+
|     0      | 0.2532 | 0.152  | 0.3054 | 0.3657 |  0.4362 |
+------------+--------+--------+--------+--------+---------+, +------------+--------+--------+--------+--------+---------+
| Snapshot:1 |  MRR   | Hits@1 | Hits@3 | Hits@5 | Hits@10 |
+------------+--------+--------+--------+--------+---------+
|     0      | 0.2532 | 0.152  | 0.3054 | 0.3657 |  0.4362 |
|     1      | 0.2631 | 0.1674 | 0.2999 | 0.3666 |  0.4514 |
+------------+--------+--------+--------+--------+---------+, +------------+--------+--------+--------+--------+---------+
| Snapshot:2 |  MRR   | Hits@1 | Hits@3 | Hits@5 | Hits@10 |
+------------+--------+--------+--------+--------+---------+
|     0      | 0.2532 | 0.152  | 0.3054 | 0.3657 |  0.4362 |
|     1      | 0.2631 | 0.1674 | 0.2999 | 0.3666 |  0.4514 |
|     2      | 0.1897 | 0.1171 | 0.2128 | 0.2631 |  0.3297 |
+------------+--------+--------+--------+--------+---------+, +------------+--------+--------+--------+--------+---------+
| Snapshot:3 |  MRR   | Hits@1 | Hits@3 | Hits@5 | Hits@10 |
+------------+--------+--------+--------+--------+---------+
|     0      | 0.2532 | 0.152  | 0.3054 | 0.3657 |  0.4362 |
|     1      | 0.2631 | 0.1674 | 0.2999 | 0.3666 |  0.4514 |
|     2      | 0.1897 | 0.1171 | 0.2128 | 0.2631 |  0.3297 |
|     3      | 0.1734 | 0.0959 | 0.2046 | 0.2556 |  0.3186 |
+------------+--------+--------+--------+--------+---------+, +------------+--------+--------+--------+--------+---------+
| Snapshot:4 |  MRR   | Hits@1 | Hits@3 | Hits@5 | Hits@10 |
+------------+--------+--------+--------+--------+---------+
|     0      | 0.2532 | 0.152  | 0.3054 | 0.3657 |  0.4362 |
|     1      | 0.2631 | 0.1674 | 0.2999 | 0.3666 |  0.4514 |
|     2      | 0.1897 | 0.1171 | 0.2128 | 0.2631 |  0.3297 |
|     3      | 0.1734 | 0.0959 | 0.2046 | 0.2556 |  0.3186 |
|     4      | 0.1573 | 0.1092 | 0.1686 | 0.2008 |  0.2504 |
+------------+--------+--------+--------+--------+---------+]
2024-09-13 15:05:05,246 INFO    : Report Result:
+----------+--------------------+-----------+--------------+--------------+---------------+
| Snapshot |        Time        | Whole_MRR | Whole_Hits@1 | Whole_Hits@3 | Whole_Hits@10 |
+----------+--------------------+-----------+--------------+--------------+---------------+
|    0     | 68.50111055374146  |   0.253   |    0.152     |    0.305     |     0.436     |
|    1     | 34.12589955329895  |   0.256   |    0.156     |    0.304     |      0.44     |
|    2     | 254.82277083396912 |   0.221   |    0.135     |    0.256     |     0.382     |
|    3     | 256.3192274570465  |   0.203   |     0.12     |    0.236     |     0.358     |
|    4     | 64.59715867042542  |   0.197   |    0.119     |    0.227     |     0.344     |
+----------+--------------------+-----------+--------------+--------------+---------------+
2024-09-13 15:05:05,246 INFO    : Sum_Training_Time:678.3661670684814
2024-09-13 15:05:05,246 INFO    : Every_Training_Time:[68.50111055374146, 34.12589955329895, 254.82277083396912, 256.3192274570465, 64.59715867042542]
2024-09-13 15:05:05,247 INFO    : Forward transfer: 0.035 Backward transfer: 0.0
