2024-09-19 17:07:00,205 INFO    : Namespace(batch_size='512', data_path='./data/HYBRID/', dataset='HYBRID', debug=False, device=device(type='cuda', index=0), emb_dim=200, ent_r='200', epoch_num=200, explore=False, gpu='0', l2=0.0, learning_rate='2e-1', log_path='./logs/20240919170652/HYBRID', logger=<RootLogger root (INFO)>, margin=8.0, model_name='LoraKGE_Layers', multi_layers_path='train_sorted_by_edges_betweenness.txt', neg_ratio=10, note='', num_ent_layers='5', num_layer=1, num_rel_layers='1', patience=3, predict_result=False, r=100, r_fixed=True, random_seed=3407, record=False, rel_r='20', save_path='./checkpoint/HYBRID', skip_previous='False', snapshot_num=5, train_new=True, using_multi_layers=False, using_various_ranks='True', using_various_ranks_reverse=False, valid_metrics='mrr')
2024-09-19 17:07:08,815 INFO    : Snapshot:0	0	3	Epoch:0	Loss:75.364	MRR:14.46	Hits@10:28.35	Best:14.46
2024-09-19 17:07:14,574 INFO    : Snapshot:0	0	3	Epoch:1	Loss:37.49	MRR:22.35	Hits@10:39.99	Best:22.35
2024-09-19 17:07:20,293 INFO    : Snapshot:0	0	3	Epoch:2	Loss:17.512	MRR:24.62	Hits@10:43.67	Best:24.62
2024-09-19 17:07:26,017 INFO    : Snapshot:0	0	3	Epoch:3	Loss:9.35	MRR:25.2	Hits@10:44.45	Best:25.2
2024-09-19 17:07:31,732 INFO    : Snapshot:0	1	3	Epoch:4	Loss:5.752	MRR:25.17	Hits@10:44.52	Best:25.2
2024-09-19 17:07:37,439 INFO    : Snapshot:0	2	3	Epoch:5	Loss:4.028	MRR:24.94	Hits@10:44.55	Best:25.2
2024-09-19 17:07:43,165 INFO    : Early Stopping! Snapshot:0 Epoch: 6 Best Results: 25.2
2024-09-19 17:07:43,256 INFO    : => loading checkpoint './checkpoint/HYBRID\0model_best.tar'
2024-09-19 17:07:46,629 INFO    : 
+------------+--------+--------+--------+--------+---------+
| Snapshot:0 |  MRR   | Hits@1 | Hits@3 | Hits@5 | Hits@10 |
+------------+--------+--------+--------+--------+---------+
|     0      | 0.2543 | 0.154  | 0.3053 | 0.365  |  0.4371 |
+------------+--------+--------+--------+--------+---------+
2024-09-19 17:07:53,618 INFO    : Snapshot:1	0	3	Epoch:0	Loss:12.257	MRR:22.59	Hits@10:40.35	Best:22.59
2024-09-19 17:07:56,155 INFO    : Snapshot:1	0	3	Epoch:1	Loss:6.743	MRR:24.55	Hits@10:43.81	Best:24.55
2024-09-19 17:07:58,657 INFO    : Snapshot:1	0	3	Epoch:2	Loss:5.921	MRR:25.52	Hits@10:45.33	Best:25.52
2024-09-19 17:08:01,186 INFO    : Snapshot:1	0	3	Epoch:3	Loss:5.534	MRR:26.0	Hits@10:45.64	Best:26.0
2024-09-19 17:08:03,739 INFO    : Snapshot:1	0	3	Epoch:4	Loss:5.326	MRR:26.64	Hits@10:46.19	Best:26.64
2024-09-19 17:08:06,243 INFO    : Snapshot:1	1	3	Epoch:5	Loss:5.172	MRR:26.49	Hits@10:46.32	Best:26.64
2024-09-19 17:08:08,742 INFO    : Snapshot:1	2	3	Epoch:6	Loss:5.084	MRR:26.37	Hits@10:46.2	Best:26.64
2024-09-19 17:08:11,297 INFO    : Snapshot:1	0	3	Epoch:7	Loss:4.987	MRR:27.08	Hits@10:46.66	Best:27.08
2024-09-19 17:08:13,819 INFO    : Snapshot:1	1	3	Epoch:8	Loss:4.908	MRR:26.93	Hits@10:46.56	Best:27.08
2024-09-19 17:08:16,324 INFO    : Snapshot:1	2	3	Epoch:9	Loss:4.862	MRR:26.83	Hits@10:46.83	Best:27.08
2024-09-19 17:08:18,846 INFO    : Snapshot:1	0	3	Epoch:10	Loss:4.832	MRR:27.26	Hits@10:46.98	Best:27.26
2024-09-19 17:08:21,381 INFO    : Snapshot:1	1	3	Epoch:11	Loss:4.816	MRR:27.19	Hits@10:46.84	Best:27.26
2024-09-19 17:08:23,972 INFO    : Snapshot:1	0	3	Epoch:12	Loss:4.786	MRR:27.5	Hits@10:47.11	Best:27.5
2024-09-19 17:08:26,526 INFO    : Snapshot:1	1	3	Epoch:13	Loss:4.722	MRR:27.26	Hits@10:47.26	Best:27.5
2024-09-19 17:08:29,168 INFO    : Snapshot:1	2	3	Epoch:14	Loss:4.725	MRR:27.47	Hits@10:47.46	Best:27.5
2024-09-19 17:08:31,779 INFO    : Snapshot:1	0	3	Epoch:15	Loss:4.672	MRR:27.55	Hits@10:47.4	Best:27.55
2024-09-19 17:08:34,281 INFO    : Snapshot:1	0	3	Epoch:16	Loss:4.666	MRR:27.78	Hits@10:47.04	Best:27.78
2024-09-19 17:08:36,754 INFO    : Snapshot:1	1	3	Epoch:17	Loss:4.67	MRR:27.39	Hits@10:47.13	Best:27.78
2024-09-19 17:08:39,300 INFO    : Snapshot:1	2	3	Epoch:18	Loss:4.646	MRR:27.3	Hits@10:47.31	Best:27.78
2024-09-19 17:08:41,837 INFO    : Early Stopping! Snapshot:1 Epoch: 19 Best Results: 27.78
2024-09-19 17:08:41,933 INFO    : => loading checkpoint './checkpoint/HYBRID\1model_best.tar'
2024-09-19 17:08:47,020 INFO    : 
+------------+--------+--------+--------+--------+---------+
| Snapshot:1 |  MRR   | Hits@1 | Hits@3 | Hits@5 | Hits@10 |
+------------+--------+--------+--------+--------+---------+
|     0      | 0.2543 | 0.154  | 0.3053 | 0.365  |  0.4371 |
|     1      | 0.2722 | 0.1732 | 0.316  | 0.3816 |  0.4589 |
+------------+--------+--------+--------+--------+---------+
2024-09-19 17:09:09,480 INFO    : Snapshot:2	0	3	Epoch:0	Loss:45.03	MRR:15.37	Hits@10:28.29	Best:15.37
2024-09-19 17:09:23,058 INFO    : Snapshot:2	0	3	Epoch:1	Loss:32.456	MRR:16.25	Hits@10:29.79	Best:16.25
2024-09-19 17:09:36,419 INFO    : Snapshot:2	0	3	Epoch:2	Loss:30.551	MRR:16.85	Hits@10:30.75	Best:16.85
2024-09-19 17:09:49,837 INFO    : Snapshot:2	0	3	Epoch:3	Loss:29.54	MRR:17.44	Hits@10:31.44	Best:17.44
2024-09-19 17:10:03,270 INFO    : Snapshot:2	0	3	Epoch:4	Loss:28.878	MRR:17.8	Hits@10:31.81	Best:17.8
2024-09-19 17:10:16,630 INFO    : Snapshot:2	0	3	Epoch:5	Loss:28.367	MRR:17.91	Hits@10:32.19	Best:17.91
2024-09-19 17:10:30,041 INFO    : Snapshot:2	0	3	Epoch:6	Loss:27.994	MRR:18.1	Hits@10:32.12	Best:18.1
2024-09-19 17:10:43,451 INFO    : Snapshot:2	0	3	Epoch:7	Loss:27.772	MRR:18.24	Hits@10:32.48	Best:18.24
2024-09-19 17:10:56,756 INFO    : Snapshot:2	1	3	Epoch:8	Loss:27.508	MRR:18.23	Hits@10:32.64	Best:18.24
2024-09-19 17:11:10,059 INFO    : Snapshot:2	0	3	Epoch:9	Loss:27.29	MRR:18.49	Hits@10:32.8	Best:18.49
2024-09-19 17:11:23,687 INFO    : Snapshot:2	0	3	Epoch:10	Loss:27.2	MRR:18.64	Hits@10:33.04	Best:18.64
2024-09-19 17:11:37,198 INFO    : Snapshot:2	0	3	Epoch:11	Loss:27.077	MRR:18.66	Hits@10:33.13	Best:18.66
2024-09-19 17:11:50,787 INFO    : Snapshot:2	0	3	Epoch:12	Loss:26.954	MRR:18.7	Hits@10:32.88	Best:18.7
2024-09-19 17:12:04,320 INFO    : Snapshot:2	0	3	Epoch:13	Loss:26.831	MRR:18.9	Hits@10:33.17	Best:18.9
2024-09-19 17:12:17,837 INFO    : Snapshot:2	1	3	Epoch:14	Loss:26.817	MRR:18.83	Hits@10:33.26	Best:18.9
2024-09-19 17:12:31,263 INFO    : Snapshot:2	2	3	Epoch:15	Loss:26.721	MRR:18.72	Hits@10:33.22	Best:18.9
2024-09-19 17:12:44,726 INFO    : Snapshot:2	0	3	Epoch:16	Loss:26.567	MRR:18.92	Hits@10:33.32	Best:18.92
2024-09-19 17:12:58,210 INFO    : Snapshot:2	1	3	Epoch:17	Loss:26.475	MRR:18.89	Hits@10:33.34	Best:18.92
2024-09-19 17:13:11,683 INFO    : Snapshot:2	0	3	Epoch:18	Loss:26.482	MRR:18.95	Hits@10:33.38	Best:18.95
2024-09-19 17:13:25,174 INFO    : Snapshot:2	1	3	Epoch:19	Loss:26.369	MRR:18.91	Hits@10:33.43	Best:18.95
2024-09-19 17:13:38,713 INFO    : Snapshot:2	0	3	Epoch:20	Loss:26.366	MRR:18.98	Hits@10:33.62	Best:18.98
2024-09-19 17:13:52,154 INFO    : Snapshot:2	0	3	Epoch:21	Loss:26.295	MRR:19.01	Hits@10:33.69	Best:19.01
2024-09-19 17:14:05,721 INFO    : Snapshot:2	0	3	Epoch:22	Loss:26.279	MRR:19.19	Hits@10:33.66	Best:19.19
2024-09-19 17:14:19,237 INFO    : Snapshot:2	1	3	Epoch:23	Loss:26.214	MRR:19.16	Hits@10:33.68	Best:19.19
2024-09-19 17:14:32,963 INFO    : Snapshot:2	2	3	Epoch:24	Loss:26.19	MRR:19.03	Hits@10:33.63	Best:19.19
2024-09-19 17:14:46,377 INFO    : Early Stopping! Snapshot:2 Epoch: 25 Best Results: 19.19
2024-09-19 17:14:46,476 INFO    : => loading checkpoint './checkpoint/HYBRID\2model_best.tar'
2024-09-19 17:14:59,205 INFO    : 
+------------+--------+--------+--------+--------+---------+
| Snapshot:2 |  MRR   | Hits@1 | Hits@3 | Hits@5 | Hits@10 |
+------------+--------+--------+--------+--------+---------+
|     0      | 0.2543 | 0.154  | 0.3053 | 0.365  |  0.4371 |
|     1      | 0.2722 | 0.1732 | 0.316  | 0.3816 |  0.4589 |
|     2      | 0.1902 | 0.1158 | 0.2156 | 0.2658 |  0.335  |
+------------+--------+--------+--------+--------+---------+
2024-09-19 17:15:29,871 INFO    : Snapshot:3	0	3	Epoch:0	Loss:51.663	MRR:15.06	Hits@10:28.6	Best:15.06
2024-09-19 17:15:47,202 INFO    : Snapshot:3	0	3	Epoch:1	Loss:41.531	MRR:15.91	Hits@10:29.71	Best:15.91
2024-09-19 17:16:04,653 INFO    : Snapshot:3	0	3	Epoch:2	Loss:40.183	MRR:16.25	Hits@10:30.43	Best:16.25
2024-09-19 17:16:21,859 INFO    : Snapshot:3	0	3	Epoch:3	Loss:39.547	MRR:16.53	Hits@10:30.75	Best:16.53
2024-09-19 17:16:39,166 INFO    : Snapshot:3	0	3	Epoch:4	Loss:39.029	MRR:16.78	Hits@10:31.11	Best:16.78
2024-09-19 17:16:56,321 INFO    : Snapshot:3	0	3	Epoch:5	Loss:38.677	MRR:16.87	Hits@10:31.18	Best:16.87
2024-09-19 17:17:13,424 INFO    : Snapshot:3	0	3	Epoch:6	Loss:38.418	MRR:17.11	Hits@10:31.8	Best:17.11
2024-09-19 17:17:30,553 INFO    : Snapshot:3	1	3	Epoch:7	Loss:38.261	MRR:17.04	Hits@10:31.61	Best:17.11
2024-09-19 17:17:47,612 INFO    : Snapshot:3	0	3	Epoch:8	Loss:38.031	MRR:17.21	Hits@10:31.59	Best:17.21
2024-09-19 17:18:04,705 INFO    : Snapshot:3	0	3	Epoch:9	Loss:37.924	MRR:17.38	Hits@10:32.0	Best:17.38
2024-09-19 17:18:21,984 INFO    : Snapshot:3	1	3	Epoch:10	Loss:37.747	MRR:17.34	Hits@10:31.86	Best:17.38
2024-09-19 17:18:39,610 INFO    : Snapshot:3	2	3	Epoch:11	Loss:37.717	MRR:17.21	Hits@10:31.89	Best:17.38
2024-09-19 17:18:57,118 INFO    : Snapshot:3	0	3	Epoch:12	Loss:37.629	MRR:17.48	Hits@10:32.23	Best:17.48
2024-09-19 17:19:14,487 INFO    : Snapshot:3	1	3	Epoch:13	Loss:37.543	MRR:17.35	Hits@10:32.14	Best:17.48
2024-09-19 17:19:31,934 INFO    : Snapshot:3	2	3	Epoch:14	Loss:37.473	MRR:17.37	Hits@10:32.05	Best:17.48
2024-09-19 17:19:49,267 INFO    : Snapshot:3	0	3	Epoch:15	Loss:37.449	MRR:17.62	Hits@10:32.18	Best:17.62
2024-09-19 17:20:06,338 INFO    : Snapshot:3	1	3	Epoch:16	Loss:37.348	MRR:17.4	Hits@10:32.2	Best:17.62
2024-09-19 17:20:23,286 INFO    : Snapshot:3	2	3	Epoch:17	Loss:37.339	MRR:17.46	Hits@10:32.26	Best:17.62
2024-09-19 17:20:40,215 INFO    : Early Stopping! Snapshot:3 Epoch: 18 Best Results: 17.62
2024-09-19 17:20:40,304 INFO    : => loading checkpoint './checkpoint/HYBRID\3model_best.tar'
2024-09-19 17:21:03,647 INFO    : 
+------------+--------+--------+--------+--------+---------+
| Snapshot:3 |  MRR   | Hits@1 | Hits@3 | Hits@5 | Hits@10 |
+------------+--------+--------+--------+--------+---------+
|     0      | 0.2543 | 0.154  | 0.3053 | 0.365  |  0.4371 |
|     1      | 0.2722 | 0.1732 | 0.316  | 0.3816 |  0.4589 |
|     2      | 0.1902 | 0.1158 | 0.2156 | 0.2658 |  0.335  |
|     3      | 0.1764 | 0.0981 | 0.2085 | 0.2598 |  0.3249 |
+------------+--------+--------+--------+--------+---------+
2024-09-19 17:21:17,094 INFO    : Snapshot:4	0	3	Epoch:0	Loss:25.847	MRR:14.96	Hits@10:24.79	Best:14.96
2024-09-19 17:21:23,643 INFO    : Snapshot:4	0	3	Epoch:1	Loss:23.221	MRR:15.17	Hits@10:25.14	Best:15.17
2024-09-19 17:21:30,204 INFO    : Snapshot:4	1	3	Epoch:2	Loss:22.928	MRR:15.16	Hits@10:25.1	Best:15.17
2024-09-19 17:21:36,755 INFO    : Snapshot:4	0	3	Epoch:3	Loss:22.811	MRR:15.22	Hits@10:25.1	Best:15.22
2024-09-19 17:21:43,370 INFO    : Snapshot:4	1	3	Epoch:4	Loss:22.702	MRR:15.18	Hits@10:25.14	Best:15.22
2024-09-19 17:21:49,868 INFO    : Snapshot:4	0	3	Epoch:5	Loss:22.732	MRR:15.36	Hits@10:25.28	Best:15.36
2024-09-19 17:21:56,441 INFO    : Snapshot:4	1	3	Epoch:6	Loss:22.661	MRR:15.34	Hits@10:25.22	Best:15.36
2024-09-19 17:22:03,019 INFO    : Snapshot:4	2	3	Epoch:7	Loss:22.647	MRR:15.26	Hits@10:25.25	Best:15.36
2024-09-19 17:22:09,556 INFO    : Early Stopping! Snapshot:4 Epoch: 8 Best Results: 15.36
2024-09-19 17:22:09,661 INFO    : => loading checkpoint './checkpoint/HYBRID\4model_best.tar'
2024-09-19 17:22:38,329 INFO    : 
+------------+--------+--------+--------+--------+---------+
| Snapshot:4 |  MRR   | Hits@1 | Hits@3 | Hits@5 | Hits@10 |
+------------+--------+--------+--------+--------+---------+
|     0      | 0.2543 | 0.154  | 0.3053 | 0.365  |  0.4371 |
|     1      | 0.2722 | 0.1732 | 0.316  | 0.3816 |  0.4589 |
|     2      | 0.1902 | 0.1158 | 0.2156 | 0.2658 |  0.335  |
|     3      | 0.1764 | 0.0981 | 0.2085 | 0.2598 |  0.3249 |
|     4      | 0.154  | 0.1046 | 0.1676 | 0.2008 |  0.2522 |
+------------+--------+--------+--------+--------+---------+
2024-09-19 17:22:38,330 INFO    : Final Result:
[+------------+--------+--------+--------+--------+---------+
| Snapshot:0 |  MRR   | Hits@1 | Hits@3 | Hits@5 | Hits@10 |
+------------+--------+--------+--------+--------+---------+
|     0      | 0.2543 | 0.154  | 0.3053 | 0.365  |  0.4371 |
+------------+--------+--------+--------+--------+---------+, +------------+--------+--------+--------+--------+---------+
| Snapshot:1 |  MRR   | Hits@1 | Hits@3 | Hits@5 | Hits@10 |
+------------+--------+--------+--------+--------+---------+
|     0      | 0.2543 | 0.154  | 0.3053 | 0.365  |  0.4371 |
|     1      | 0.2722 | 0.1732 | 0.316  | 0.3816 |  0.4589 |
+------------+--------+--------+--------+--------+---------+, +------------+--------+--------+--------+--------+---------+
| Snapshot:2 |  MRR   | Hits@1 | Hits@3 | Hits@5 | Hits@10 |
+------------+--------+--------+--------+--------+---------+
|     0      | 0.2543 | 0.154  | 0.3053 | 0.365  |  0.4371 |
|     1      | 0.2722 | 0.1732 | 0.316  | 0.3816 |  0.4589 |
|     2      | 0.1902 | 0.1158 | 0.2156 | 0.2658 |  0.335  |
+------------+--------+--------+--------+--------+---------+, +------------+--------+--------+--------+--------+---------+
| Snapshot:3 |  MRR   | Hits@1 | Hits@3 | Hits@5 | Hits@10 |
+------------+--------+--------+--------+--------+---------+
|     0      | 0.2543 | 0.154  | 0.3053 | 0.365  |  0.4371 |
|     1      | 0.2722 | 0.1732 | 0.316  | 0.3816 |  0.4589 |
|     2      | 0.1902 | 0.1158 | 0.2156 | 0.2658 |  0.335  |
|     3      | 0.1764 | 0.0981 | 0.2085 | 0.2598 |  0.3249 |
+------------+--------+--------+--------+--------+---------+, +------------+--------+--------+--------+--------+---------+
| Snapshot:4 |  MRR   | Hits@1 | Hits@3 | Hits@5 | Hits@10 |
+------------+--------+--------+--------+--------+---------+
|     0      | 0.2543 | 0.154  | 0.3053 | 0.365  |  0.4371 |
|     1      | 0.2722 | 0.1732 | 0.316  | 0.3816 |  0.4589 |
|     2      | 0.1902 | 0.1158 | 0.2156 | 0.2658 |  0.335  |
|     3      | 0.1764 | 0.0981 | 0.2085 | 0.2598 |  0.3249 |
|     4      | 0.154  | 0.1046 | 0.1676 | 0.2008 |  0.2522 |
+------------+--------+--------+--------+--------+---------+]
2024-09-19 17:22:38,331 INFO    : Report Result:
+----------+--------------------+-----------+--------------+--------------+---------------+
| Snapshot |        Time        | Whole_MRR | Whole_Hits@1 | Whole_Hits@3 | Whole_Hits@10 |
+----------+--------------------+-----------+--------------+--------------+---------------+
|    0     | 42.95922303199768  |   0.254   |    0.154     |    0.305     |     0.437     |
|    1     | 53.287675619125366 |   0.259   |    0.159     |    0.308     |     0.443     |
|    2     | 351.8850109577179  |   0.223   |    0.136     |    0.259     |     0.386     |
|    3     | 330.53280329704285 |   0.205   |    0.122     |     0.24     |     0.363     |
|    4     | 61.420496702194214 |   0.198   |    0.119     |     0.23     |     0.348     |
+----------+--------------------+-----------+--------------+--------------+---------------+
2024-09-19 17:22:38,331 INFO    : Sum_Training_Time:840.085209608078
2024-09-19 17:22:38,332 INFO    : Every_Training_Time:[42.95922303199768, 53.287675619125366, 351.8850109577179, 330.53280329704285, 61.420496702194214]
2024-09-19 17:22:38,332 INFO    : Forward transfer: 0.036875000000000005 Backward transfer: 0.0
