2024-09-12 16:05:33,610 INFO    : Namespace(batch_size=1024, data_path='./data/HYBRID/', dataset='HYBRID', debug=False, device=device(type='cuda', index=0), emb_dim=200, ent_r='200', epoch_num=200, explore=False, gpu='0', l2=0.0, learning_rate='1e-1', log_path='./logs/20240912160525/HYBRID', logger=<RootLogger root (INFO)>, margin=8.0, model_name='LoraKGE_Layers', multi_layers_path='train_sorted_by_edges_betweenness.txt', neg_ratio=10, note='', num_ent_layers='20', num_layer=1, num_rel_layers='1', patience=3, predict_result=False, r=100, r_fixed=True, random_seed=3407, record=False, rel_r='20', save_path='./checkpoint/HYBRID', skip_previous='False', snapshot_num=5, train_new=True, using_multi_layers=False, using_various_ranks='True', using_various_ranks_reverse=False, valid_metrics='mrr')
2024-09-12 16:05:42,228 INFO    : Snapshot:0	0	3	Epoch:0	Loss:37.229	MRR:14.76	Hits@10:28.92	Best:14.76
2024-09-12 16:05:47,783 INFO    : Snapshot:0	0	3	Epoch:1	Loss:18.611	MRR:22.47	Hits@10:40.38	Best:22.47
2024-09-12 16:05:53,473 INFO    : Snapshot:0	0	3	Epoch:2	Loss:8.665	MRR:25.05	Hits@10:43.96	Best:25.05
2024-09-12 16:05:59,218 INFO    : Snapshot:0	0	3	Epoch:3	Loss:4.555	MRR:25.63	Hits@10:44.96	Best:25.63
2024-09-12 16:06:04,826 INFO    : Snapshot:0	1	3	Epoch:4	Loss:2.778	MRR:25.59	Hits@10:44.87	Best:25.63
2024-09-12 16:06:10,466 INFO    : Snapshot:0	2	3	Epoch:5	Loss:1.937	MRR:25.27	Hits@10:44.8	Best:25.63
2024-09-12 16:06:15,738 INFO    : Early Stopping! Snapshot:0 Epoch: 6 Best Results: 25.63
2024-09-12 16:06:15,826 INFO    : => loading checkpoint './checkpoint/HYBRID\0model_best.tar'
2024-09-12 16:06:19,092 INFO    : 
+------------+--------+--------+--------+--------+---------+
| Snapshot:0 |  MRR   | Hits@1 | Hits@3 | Hits@5 | Hits@10 |
+------------+--------+--------+--------+--------+---------+
|     0      | 0.2558 | 0.1548 | 0.3079 | 0.3682 |  0.4392 |
+------------+--------+--------+--------+--------+---------+
2024-09-12 16:06:26,185 INFO    : Snapshot:1	0	3	Epoch:0	Loss:8.618	MRR:21.24	Hits@10:38.4	Best:21.24
2024-09-12 16:06:28,901 INFO    : Snapshot:1	0	3	Epoch:1	Loss:3.896	MRR:24.9	Hits@10:43.64	Best:24.9
2024-09-12 16:06:31,562 INFO    : Snapshot:1	0	3	Epoch:2	Loss:3.147	MRR:26.29	Hits@10:45.44	Best:26.29
2024-09-12 16:06:34,175 INFO    : Snapshot:1	0	3	Epoch:3	Loss:2.841	MRR:26.81	Hits@10:46.34	Best:26.81
2024-09-12 16:06:36,780 INFO    : Snapshot:1	0	3	Epoch:4	Loss:2.704	MRR:26.99	Hits@10:46.46	Best:26.99
2024-09-12 16:06:39,509 INFO    : Snapshot:1	1	3	Epoch:5	Loss:2.608	MRR:26.89	Hits@10:46.44	Best:26.99
2024-09-12 16:06:42,198 INFO    : Snapshot:1	0	3	Epoch:6	Loss:2.547	MRR:27.09	Hits@10:46.29	Best:27.09
2024-09-12 16:06:44,903 INFO    : Snapshot:1	0	3	Epoch:7	Loss:2.514	MRR:27.44	Hits@10:46.55	Best:27.44
2024-09-12 16:06:47,434 INFO    : Snapshot:1	1	3	Epoch:8	Loss:2.472	MRR:27.4	Hits@10:46.68	Best:27.44
2024-09-12 16:06:49,933 INFO    : Snapshot:1	0	3	Epoch:9	Loss:2.449	MRR:27.6	Hits@10:47.1	Best:27.6
2024-09-12 16:06:52,439 INFO    : Snapshot:1	1	3	Epoch:10	Loss:2.428	MRR:27.57	Hits@10:47.03	Best:27.6
2024-09-12 16:06:54,908 INFO    : Snapshot:1	0	3	Epoch:11	Loss:2.416	MRR:27.88	Hits@10:47.29	Best:27.88
2024-09-12 16:06:57,477 INFO    : Snapshot:1	0	3	Epoch:12	Loss:2.409	MRR:28.07	Hits@10:47.31	Best:28.07
2024-09-12 16:07:00,007 INFO    : Snapshot:1	1	3	Epoch:13	Loss:2.376	MRR:27.92	Hits@10:47.29	Best:28.07
2024-09-12 16:07:02,538 INFO    : Snapshot:1	2	3	Epoch:14	Loss:2.383	MRR:27.77	Hits@10:47.29	Best:28.07
2024-09-12 16:07:05,094 INFO    : Early Stopping! Snapshot:1 Epoch: 15 Best Results: 28.07
2024-09-12 16:07:05,185 INFO    : => loading checkpoint './checkpoint/HYBRID\1model_best.tar'
2024-09-12 16:07:10,433 INFO    : 
+------------+--------+--------+--------+--------+---------+
| Snapshot:1 |  MRR   | Hits@1 | Hits@3 | Hits@5 | Hits@10 |
+------------+--------+--------+--------+--------+---------+
|     0      | 0.2558 | 0.1548 | 0.3079 | 0.3682 |  0.4392 |
|     1      | 0.2692 | 0.1702 | 0.3087 | 0.3771 |  0.4651 |
+------------+--------+--------+--------+--------+---------+
2024-09-12 16:07:33,776 INFO    : Snapshot:2	0	3	Epoch:0	Loss:26.791	MRR:16.21	Hits@10:29.12	Best:16.21
2024-09-12 16:07:46,955 INFO    : Snapshot:2	0	3	Epoch:1	Loss:16.78	MRR:16.99	Hits@10:30.91	Best:16.99
2024-09-12 16:07:59,695 INFO    : Snapshot:2	0	3	Epoch:2	Loss:15.568	MRR:17.58	Hits@10:31.52	Best:17.58
2024-09-12 16:08:12,579 INFO    : Snapshot:2	0	3	Epoch:3	Loss:14.932	MRR:18.13	Hits@10:32.38	Best:18.13
2024-09-12 16:08:25,521 INFO    : Snapshot:2	1	3	Epoch:4	Loss:14.617	MRR:18.1	Hits@10:32.42	Best:18.13
2024-09-12 16:08:38,551 INFO    : Snapshot:2	0	3	Epoch:5	Loss:14.319	MRR:18.39	Hits@10:32.77	Best:18.39
2024-09-12 16:08:51,438 INFO    : Snapshot:2	0	3	Epoch:6	Loss:14.163	MRR:18.45	Hits@10:33.0	Best:18.45
2024-09-12 16:09:04,172 INFO    : Snapshot:2	0	3	Epoch:7	Loss:14.005	MRR:18.51	Hits@10:33.11	Best:18.51
2024-09-12 16:09:17,405 INFO    : Snapshot:2	0	3	Epoch:8	Loss:13.888	MRR:18.65	Hits@10:33.21	Best:18.65
2024-09-12 16:09:30,825 INFO    : Snapshot:2	0	3	Epoch:9	Loss:13.767	MRR:18.67	Hits@10:33.24	Best:18.67
2024-09-12 16:09:44,092 INFO    : Snapshot:2	0	3	Epoch:10	Loss:13.709	MRR:18.95	Hits@10:33.58	Best:18.95
2024-09-12 16:09:57,485 INFO    : Snapshot:2	1	3	Epoch:11	Loss:13.682	MRR:18.86	Hits@10:33.55	Best:18.95
2024-09-12 16:10:11,225 INFO    : Snapshot:2	0	3	Epoch:12	Loss:13.566	MRR:18.98	Hits@10:33.49	Best:18.98
2024-09-12 16:10:24,623 INFO    : Snapshot:2	1	3	Epoch:13	Loss:13.574	MRR:18.93	Hits@10:33.47	Best:18.98
2024-09-12 16:10:37,985 INFO    : Snapshot:2	0	3	Epoch:14	Loss:13.531	MRR:19.02	Hits@10:33.69	Best:19.02
2024-09-12 16:10:51,244 INFO    : Snapshot:2	0	3	Epoch:15	Loss:13.456	MRR:19.04	Hits@10:33.8	Best:19.04
2024-09-12 16:11:04,670 INFO    : Snapshot:2	0	3	Epoch:16	Loss:13.39	MRR:19.13	Hits@10:33.98	Best:19.13
2024-09-12 16:11:18,088 INFO    : Snapshot:2	1	3	Epoch:17	Loss:13.34	MRR:19.06	Hits@10:33.83	Best:19.13
2024-09-12 16:11:31,609 INFO    : Snapshot:2	0	3	Epoch:18	Loss:13.319	MRR:19.24	Hits@10:33.77	Best:19.24
2024-09-12 16:11:44,728 INFO    : Snapshot:2	1	3	Epoch:19	Loss:13.324	MRR:19.15	Hits@10:33.89	Best:19.24
2024-09-12 16:11:58,361 INFO    : Snapshot:2	0	3	Epoch:20	Loss:13.278	MRR:19.3	Hits@10:33.88	Best:19.3
2024-09-12 16:12:11,781 INFO    : Snapshot:2	1	3	Epoch:21	Loss:13.245	MRR:19.25	Hits@10:33.95	Best:19.3
2024-09-12 16:12:25,268 INFO    : Snapshot:2	2	3	Epoch:22	Loss:13.247	MRR:19.29	Hits@10:34.16	Best:19.3
2024-09-12 16:12:38,877 INFO    : Early Stopping! Snapshot:2 Epoch: 23 Best Results: 19.3
2024-09-12 16:12:38,982 INFO    : => loading checkpoint './checkpoint/HYBRID\2model_best.tar'
2024-09-12 16:12:51,823 INFO    : 
+------------+--------+--------+--------+--------+---------+
| Snapshot:2 |  MRR   | Hits@1 | Hits@3 | Hits@5 | Hits@10 |
+------------+--------+--------+--------+--------+---------+
|     0      | 0.2558 | 0.1548 | 0.3079 | 0.3682 |  0.4392 |
|     1      | 0.2692 | 0.1702 | 0.3087 | 0.3771 |  0.4651 |
|     2      | 0.1916 | 0.1156 | 0.2192 | 0.2696 |  0.3363 |
+------------+--------+--------+--------+--------+---------+
2024-09-12 16:13:22,667 INFO    : Snapshot:3	0	3	Epoch:0	Loss:29.802	MRR:15.43	Hits@10:29.04	Best:15.43
2024-09-12 16:13:39,988 INFO    : Snapshot:3	0	3	Epoch:1	Loss:21.349	MRR:16.55	Hits@10:30.79	Best:16.55
2024-09-12 16:13:57,380 INFO    : Snapshot:3	0	3	Epoch:2	Loss:20.429	MRR:16.94	Hits@10:31.57	Best:16.94
2024-09-12 16:14:14,486 INFO    : Snapshot:3	0	3	Epoch:3	Loss:20.094	MRR:17.13	Hits@10:31.78	Best:17.13
2024-09-12 16:14:31,870 INFO    : Snapshot:3	0	3	Epoch:4	Loss:19.797	MRR:17.29	Hits@10:32.08	Best:17.29
2024-09-12 16:14:48,909 INFO    : Snapshot:3	0	3	Epoch:5	Loss:19.611	MRR:17.62	Hits@10:32.38	Best:17.62
2024-09-12 16:15:06,113 INFO    : Snapshot:3	1	3	Epoch:6	Loss:19.488	MRR:17.5	Hits@10:32.28	Best:17.62
2024-09-12 16:15:23,528 INFO    : Snapshot:3	0	3	Epoch:7	Loss:19.369	MRR:17.68	Hits@10:32.49	Best:17.68
2024-09-12 16:15:40,931 INFO    : Snapshot:3	0	3	Epoch:8	Loss:19.331	MRR:17.71	Hits@10:32.58	Best:17.71
2024-09-12 16:15:58,259 INFO    : Snapshot:3	0	3	Epoch:9	Loss:19.245	MRR:17.81	Hits@10:32.63	Best:17.81
2024-09-12 16:16:15,643 INFO    : Snapshot:3	0	3	Epoch:10	Loss:19.165	MRR:17.85	Hits@10:32.67	Best:17.85
2024-09-12 16:16:32,782 INFO    : Snapshot:3	1	3	Epoch:11	Loss:19.104	MRR:17.79	Hits@10:32.77	Best:17.85
2024-09-12 16:16:49,747 INFO    : Snapshot:3	0	3	Epoch:12	Loss:19.096	MRR:17.89	Hits@10:32.73	Best:17.89
2024-09-12 16:17:06,761 INFO    : Snapshot:3	0	3	Epoch:13	Loss:19.012	MRR:18.03	Hits@10:32.89	Best:18.03
2024-09-12 16:17:23,998 INFO    : Snapshot:3	1	3	Epoch:14	Loss:19.038	MRR:17.97	Hits@10:32.79	Best:18.03
2024-09-12 16:17:41,795 INFO    : Snapshot:3	2	3	Epoch:15	Loss:18.95	MRR:18.0	Hits@10:32.81	Best:18.03
2024-09-12 16:17:59,472 INFO    : Early Stopping! Snapshot:3 Epoch: 16 Best Results: 18.03
2024-09-12 16:17:59,575 INFO    : => loading checkpoint './checkpoint/HYBRID\3model_best.tar'
2024-09-12 16:18:24,123 INFO    : 
+------------+--------+--------+--------+--------+---------+
| Snapshot:3 |  MRR   | Hits@1 | Hits@3 | Hits@5 | Hits@10 |
+------------+--------+--------+--------+--------+---------+
|     0      | 0.2558 | 0.1548 | 0.3079 | 0.3682 |  0.4392 |
|     1      | 0.2692 | 0.1702 | 0.3087 | 0.3771 |  0.4651 |
|     2      | 0.1916 | 0.1156 | 0.2192 | 0.2696 |  0.3363 |
|     3      | 0.1796 | 0.1001 | 0.2133 | 0.2657 |  0.3299 |
+------------+--------+--------+--------+--------+---------+
2024-09-12 16:18:39,260 INFO    : Snapshot:4	0	3	Epoch:0	Loss:15.457	MRR:12.74	Hits@10:22.45	Best:12.74
2024-09-12 16:18:46,055 INFO    : Snapshot:4	0	3	Epoch:1	Loss:12.887	MRR:13.6	Hits@10:23.83	Best:13.6
2024-09-12 16:18:52,981 INFO    : Snapshot:4	0	3	Epoch:2	Loss:12.594	MRR:13.86	Hits@10:24.17	Best:13.86
2024-09-12 16:18:59,842 INFO    : Snapshot:4	0	3	Epoch:3	Loss:12.496	MRR:14.03	Hits@10:24.4	Best:14.03
2024-09-12 16:19:06,660 INFO    : Snapshot:4	0	3	Epoch:4	Loss:12.423	MRR:14.17	Hits@10:24.62	Best:14.17
2024-09-12 16:19:13,559 INFO    : Snapshot:4	1	3	Epoch:5	Loss:12.389	MRR:13.95	Hits@10:24.36	Best:14.17
2024-09-12 16:19:20,412 INFO    : Snapshot:4	2	3	Epoch:6	Loss:12.387	MRR:14.09	Hits@10:24.42	Best:14.17
2024-09-12 16:19:27,253 INFO    : Early Stopping! Snapshot:4 Epoch: 7 Best Results: 14.17
2024-09-12 16:19:27,355 INFO    : => loading checkpoint './checkpoint/HYBRID\4model_best.tar'
2024-09-12 16:19:56,547 INFO    : 
+------------+--------+--------+--------+--------+---------+
| Snapshot:4 |  MRR   | Hits@1 | Hits@3 | Hits@5 | Hits@10 |
+------------+--------+--------+--------+--------+---------+
|     0      | 0.2558 | 0.1548 | 0.3079 | 0.3682 |  0.4392 |
|     1      | 0.2692 | 0.1702 | 0.3087 | 0.3771 |  0.4651 |
|     2      | 0.1916 | 0.1156 | 0.2192 | 0.2696 |  0.3363 |
|     3      | 0.1796 | 0.1001 | 0.2133 | 0.2657 |  0.3299 |
|     4      | 0.1415 | 0.0879 | 0.1581 | 0.1956 |  0.2439 |
+------------+--------+--------+--------+--------+---------+
2024-09-12 16:19:56,549 INFO    : Final Result:
[+------------+--------+--------+--------+--------+---------+
| Snapshot:0 |  MRR   | Hits@1 | Hits@3 | Hits@5 | Hits@10 |
+------------+--------+--------+--------+--------+---------+
|     0      | 0.2558 | 0.1548 | 0.3079 | 0.3682 |  0.4392 |
+------------+--------+--------+--------+--------+---------+, +------------+--------+--------+--------+--------+---------+
| Snapshot:1 |  MRR   | Hits@1 | Hits@3 | Hits@5 | Hits@10 |
+------------+--------+--------+--------+--------+---------+
|     0      | 0.2558 | 0.1548 | 0.3079 | 0.3682 |  0.4392 |
|     1      | 0.2692 | 0.1702 | 0.3087 | 0.3771 |  0.4651 |
+------------+--------+--------+--------+--------+---------+, +------------+--------+--------+--------+--------+---------+
| Snapshot:2 |  MRR   | Hits@1 | Hits@3 | Hits@5 | Hits@10 |
+------------+--------+--------+--------+--------+---------+
|     0      | 0.2558 | 0.1548 | 0.3079 | 0.3682 |  0.4392 |
|     1      | 0.2692 | 0.1702 | 0.3087 | 0.3771 |  0.4651 |
|     2      | 0.1916 | 0.1156 | 0.2192 | 0.2696 |  0.3363 |
+------------+--------+--------+--------+--------+---------+, +------------+--------+--------+--------+--------+---------+
| Snapshot:3 |  MRR   | Hits@1 | Hits@3 | Hits@5 | Hits@10 |
+------------+--------+--------+--------+--------+---------+
|     0      | 0.2558 | 0.1548 | 0.3079 | 0.3682 |  0.4392 |
|     1      | 0.2692 | 0.1702 | 0.3087 | 0.3771 |  0.4651 |
|     2      | 0.1916 | 0.1156 | 0.2192 | 0.2696 |  0.3363 |
|     3      | 0.1796 | 0.1001 | 0.2133 | 0.2657 |  0.3299 |
+------------+--------+--------+--------+--------+---------+, +------------+--------+--------+--------+--------+---------+
| Snapshot:4 |  MRR   | Hits@1 | Hits@3 | Hits@5 | Hits@10 |
+------------+--------+--------+--------+--------+---------+
|     0      | 0.2558 | 0.1548 | 0.3079 | 0.3682 |  0.4392 |
|     1      | 0.2692 | 0.1702 | 0.3087 | 0.3771 |  0.4651 |
|     2      | 0.1916 | 0.1156 | 0.2192 | 0.2696 |  0.3363 |
|     3      | 0.1796 | 0.1001 | 0.2133 | 0.2657 |  0.3299 |
|     4      | 0.1415 | 0.0879 | 0.1581 | 0.1956 |  0.2439 |
+------------+--------+--------+--------+--------+---------+]
2024-09-12 16:19:56,550 INFO    : Report Result:
+----------+-------------------+-----------+--------------+--------------+---------------+
| Snapshot |        Time       | Whole_MRR | Whole_Hits@1 | Whole_Hits@3 | Whole_Hits@10 |
+----------+-------------------+-----------+--------------+--------------+---------------+
|    0     | 42.12834310531616 |   0.256   |    0.155     |    0.308     |     0.439     |
|    1     | 43.78319764137268 |   0.259   |    0.159     |    0.308     |     0.446     |
|    2     |  320.754940032959 |   0.224   |    0.136     |    0.261     |     0.388     |
|    3     | 297.1218123435974 |   0.207   |    0.122     |    0.243     |     0.366     |
|    4     | 57.56515145301819 |   0.198   |    0.118     |    0.232     |      0.35     |
+----------+-------------------+-----------+--------------+--------------+---------------+
2024-09-12 16:19:56,550 INFO    : Sum_Training_Time:761.3534445762634
2024-09-12 16:19:56,550 INFO    : Every_Training_Time:[42.12834310531616, 43.78319764137268, 320.754940032959, 297.1218123435974, 57.56515145301819]
2024-09-12 16:19:56,550 INFO    : Forward transfer: 0.036975 Backward transfer: 0.0
