2024-09-19 13:00:56,507 INFO    : Namespace(batch_size='512', data_path='./data/HYBRID/', dataset='HYBRID', debug=False, device=device(type='cuda', index=0), emb_dim=200, ent_r='150', epoch_num=200, explore=False, gpu='0', l2=0.0, learning_rate='1e-1', log_path='./logs/20240919130048/HYBRID', logger=<RootLogger root (INFO)>, margin=8.0, model_name='LoraKGE_Layers', multi_layers_path='train_sorted_by_edges_betweenness.txt', neg_ratio=10, note='', num_ent_layers='10', num_layer=1, num_rel_layers='1', patience=3, predict_result=False, r=100, r_fixed=True, random_seed=3407, record=False, rel_r='20', save_path='./checkpoint/HYBRID', skip_previous='False', snapshot_num=5, train_new=True, using_multi_layers=False, using_various_ranks='True', using_various_ranks_reverse=False, valid_metrics='mrr')
2024-09-19 13:01:04,906 INFO    : Snapshot:0	0	3	Epoch:0	Loss:69.018	MRR:18.39	Hits@10:34.45	Best:18.39
2024-09-19 13:01:10,594 INFO    : Snapshot:0	0	3	Epoch:1	Loss:27.145	MRR:24.32	Hits@10:43.13	Best:24.32
2024-09-19 13:01:16,039 INFO    : Snapshot:0	0	3	Epoch:2	Loss:11.253	MRR:25.12	Hits@10:44.52	Best:25.12
2024-09-19 13:01:21,579 INFO    : Snapshot:0	1	3	Epoch:3	Loss:6.009	MRR:24.97	Hits@10:44.49	Best:25.12
2024-09-19 13:01:27,154 INFO    : Snapshot:0	2	3	Epoch:4	Loss:3.952	MRR:24.95	Hits@10:44.55	Best:25.12
2024-09-19 13:01:32,731 INFO    : Early Stopping! Snapshot:0 Epoch: 5 Best Results: 25.12
2024-09-19 13:01:32,823 INFO    : => loading checkpoint './checkpoint/HYBRID\0model_best.tar'
2024-09-19 13:01:36,145 INFO    : 
+------------+-------+--------+--------+--------+---------+
| Snapshot:0 |  MRR  | Hits@1 | Hits@3 | Hits@5 | Hits@10 |
+------------+-------+--------+--------+--------+---------+
|     0      | 0.254 | 0.1533 | 0.306  | 0.3663 |  0.4388 |
+------------+-------+--------+--------+--------+---------+
2024-09-19 13:01:43,069 INFO    : Snapshot:1	0	3	Epoch:0	Loss:14.178	MRR:22.32	Hits@10:40.24	Best:22.32
2024-09-19 13:01:45,881 INFO    : Snapshot:1	0	3	Epoch:1	Loss:7.022	MRR:25.03	Hits@10:44.48	Best:25.03
2024-09-19 13:01:48,614 INFO    : Snapshot:1	0	3	Epoch:2	Loss:6.024	MRR:25.87	Hits@10:45.32	Best:25.87
2024-09-19 13:01:51,309 INFO    : Snapshot:1	0	3	Epoch:3	Loss:5.569	MRR:26.54	Hits@10:45.76	Best:26.54
2024-09-19 13:01:53,917 INFO    : Snapshot:1	0	3	Epoch:4	Loss:5.349	MRR:27.01	Hits@10:46.24	Best:27.01
2024-09-19 13:01:56,578 INFO    : Snapshot:1	0	3	Epoch:5	Loss:5.183	MRR:27.37	Hits@10:47.13	Best:27.37
2024-09-19 13:01:59,209 INFO    : Snapshot:1	1	3	Epoch:6	Loss:5.057	MRR:27.28	Hits@10:46.48	Best:27.37
2024-09-19 13:02:01,876 INFO    : Snapshot:1	0	3	Epoch:7	Loss:4.975	MRR:27.43	Hits@10:46.9	Best:27.43
2024-09-19 13:02:04,494 INFO    : Snapshot:1	1	3	Epoch:8	Loss:4.928	MRR:26.81	Hits@10:46.77	Best:27.43
2024-09-19 13:02:07,151 INFO    : Snapshot:1	0	3	Epoch:9	Loss:4.873	MRR:27.56	Hits@10:47.08	Best:27.56
2024-09-19 13:02:09,789 INFO    : Snapshot:1	1	3	Epoch:10	Loss:4.803	MRR:27.32	Hits@10:46.91	Best:27.56
2024-09-19 13:02:12,445 INFO    : Snapshot:1	0	3	Epoch:11	Loss:4.762	MRR:27.8	Hits@10:47.13	Best:27.8
2024-09-19 13:02:15,095 INFO    : Snapshot:1	1	3	Epoch:12	Loss:4.719	MRR:27.55	Hits@10:47.04	Best:27.8
2024-09-19 13:02:17,756 INFO    : Snapshot:1	2	3	Epoch:13	Loss:4.733	MRR:27.4	Hits@10:47.35	Best:27.8
2024-09-19 13:02:20,389 INFO    : Early Stopping! Snapshot:1 Epoch: 14 Best Results: 27.8
2024-09-19 13:02:20,480 INFO    : => loading checkpoint './checkpoint/HYBRID\1model_best.tar'
2024-09-19 13:02:25,506 INFO    : 
+------------+--------+--------+--------+--------+---------+
| Snapshot:1 |  MRR   | Hits@1 | Hits@3 | Hits@5 | Hits@10 |
+------------+--------+--------+--------+--------+---------+
|     0      | 0.254  | 0.1533 | 0.306  | 0.3663 |  0.4388 |
|     1      | 0.2681 | 0.1701 | 0.3099 | 0.3722 |  0.4616 |
+------------+--------+--------+--------+--------+---------+
2024-09-19 13:02:49,861 INFO    : Snapshot:2	0	3	Epoch:0	Loss:47.441	MRR:15.25	Hits@10:28.41	Best:15.25
2024-09-19 13:03:03,802 INFO    : Snapshot:2	0	3	Epoch:1	Loss:32.738	MRR:16.28	Hits@10:30.3	Best:16.28
2024-09-19 13:03:17,685 INFO    : Snapshot:2	0	3	Epoch:2	Loss:30.6	MRR:16.97	Hits@10:30.77	Best:16.97
2024-09-19 13:03:31,650 INFO    : Snapshot:2	0	3	Epoch:3	Loss:29.559	MRR:17.24	Hits@10:31.36	Best:17.24
2024-09-19 13:03:45,654 INFO    : Snapshot:2	0	3	Epoch:4	Loss:28.865	MRR:17.82	Hits@10:31.88	Best:17.82
2024-09-19 13:03:59,418 INFO    : Snapshot:2	0	3	Epoch:5	Loss:28.432	MRR:17.84	Hits@10:32.21	Best:17.84
2024-09-19 13:04:12,690 INFO    : Snapshot:2	0	3	Epoch:6	Loss:28.052	MRR:18.12	Hits@10:32.48	Best:18.12
2024-09-19 13:04:25,752 INFO    : Snapshot:2	1	3	Epoch:7	Loss:27.72	MRR:18.1	Hits@10:32.44	Best:18.12
2024-09-19 13:04:39,332 INFO    : Snapshot:2	0	3	Epoch:8	Loss:27.562	MRR:18.33	Hits@10:32.72	Best:18.33
2024-09-19 13:04:53,069 INFO    : Snapshot:2	0	3	Epoch:9	Loss:27.3	MRR:18.57	Hits@10:32.81	Best:18.57
2024-09-19 13:05:07,205 INFO    : Snapshot:2	1	3	Epoch:10	Loss:27.255	MRR:18.55	Hits@10:33.06	Best:18.57
2024-09-19 13:05:21,382 INFO    : Snapshot:2	0	3	Epoch:11	Loss:27.033	MRR:18.67	Hits@10:33.1	Best:18.67
2024-09-19 13:05:35,075 INFO    : Snapshot:2	1	3	Epoch:12	Loss:26.979	MRR:18.42	Hits@10:33.11	Best:18.67
2024-09-19 13:05:48,812 INFO    : Snapshot:2	0	3	Epoch:13	Loss:26.785	MRR:18.8	Hits@10:33.32	Best:18.8
2024-09-19 13:06:02,879 INFO    : Snapshot:2	1	3	Epoch:14	Loss:26.784	MRR:18.7	Hits@10:33.13	Best:18.8
2024-09-19 13:06:17,142 INFO    : Snapshot:2	0	3	Epoch:15	Loss:26.672	MRR:18.81	Hits@10:33.45	Best:18.81
2024-09-19 13:06:31,151 INFO    : Snapshot:2	1	3	Epoch:16	Loss:26.623	MRR:18.72	Hits@10:33.38	Best:18.81
2024-09-19 13:06:45,199 INFO    : Snapshot:2	0	3	Epoch:17	Loss:26.547	MRR:18.86	Hits@10:33.34	Best:18.86
2024-09-19 13:06:59,165 INFO    : Snapshot:2	0	3	Epoch:18	Loss:26.43	MRR:18.98	Hits@10:33.43	Best:18.98
2024-09-19 13:07:12,972 INFO    : Snapshot:2	1	3	Epoch:19	Loss:26.376	MRR:18.93	Hits@10:33.53	Best:18.98
2024-09-19 13:07:26,790 INFO    : Snapshot:2	2	3	Epoch:20	Loss:26.35	MRR:18.95	Hits@10:33.52	Best:18.98
2024-09-19 13:07:40,756 INFO    : Early Stopping! Snapshot:2 Epoch: 21 Best Results: 18.98
2024-09-19 13:07:40,859 INFO    : => loading checkpoint './checkpoint/HYBRID\2model_best.tar'
2024-09-19 13:07:53,462 INFO    : 
+------------+--------+--------+--------+--------+---------+
| Snapshot:2 |  MRR   | Hits@1 | Hits@3 | Hits@5 | Hits@10 |
+------------+--------+--------+--------+--------+---------+
|     0      | 0.254  | 0.1533 | 0.306  | 0.3663 |  0.4388 |
|     1      | 0.2681 | 0.1701 | 0.3099 | 0.3722 |  0.4616 |
|     2      | 0.189  | 0.1131 | 0.2164 | 0.265  |  0.3329 |
+------------+--------+--------+--------+--------+---------+
2024-09-19 13:08:24,568 INFO    : Snapshot:3	0	3	Epoch:0	Loss:53.889	MRR:14.78	Hits@10:28.38	Best:14.78
2024-09-19 13:08:42,062 INFO    : Snapshot:3	0	3	Epoch:1	Loss:41.723	MRR:15.81	Hits@10:30.01	Best:15.81
2024-09-19 13:08:59,622 INFO    : Snapshot:3	0	3	Epoch:2	Loss:40.307	MRR:16.13	Hits@10:30.69	Best:16.13
2024-09-19 13:09:17,407 INFO    : Snapshot:3	0	3	Epoch:3	Loss:39.526	MRR:16.56	Hits@10:31.07	Best:16.56
2024-09-19 13:09:35,114 INFO    : Snapshot:3	0	3	Epoch:4	Loss:39.07	MRR:16.82	Hits@10:31.38	Best:16.82
2024-09-19 13:09:52,891 INFO    : Snapshot:3	0	3	Epoch:5	Loss:38.586	MRR:16.99	Hits@10:31.74	Best:16.99
2024-09-19 13:10:10,656 INFO    : Snapshot:3	0	3	Epoch:6	Loss:38.341	MRR:17.04	Hits@10:31.63	Best:17.04
2024-09-19 13:10:28,491 INFO    : Snapshot:3	1	3	Epoch:7	Loss:38.228	MRR:17.03	Hits@10:31.74	Best:17.04
2024-09-19 13:10:46,309 INFO    : Snapshot:3	0	3	Epoch:8	Loss:38.059	MRR:17.18	Hits@10:31.91	Best:17.18
2024-09-19 13:11:04,013 INFO    : Snapshot:3	0	3	Epoch:9	Loss:37.894	MRR:17.48	Hits@10:32.03	Best:17.48
2024-09-19 13:11:21,831 INFO    : Snapshot:3	1	3	Epoch:10	Loss:37.756	MRR:17.24	Hits@10:31.8	Best:17.48
2024-09-19 13:11:39,435 INFO    : Snapshot:3	2	3	Epoch:11	Loss:37.692	MRR:17.18	Hits@10:32.08	Best:17.48
2024-09-19 13:11:57,181 INFO    : Early Stopping! Snapshot:3 Epoch: 12 Best Results: 17.48
2024-09-19 13:11:57,291 INFO    : => loading checkpoint './checkpoint/HYBRID\3model_best.tar'
2024-09-19 13:12:20,402 INFO    : 
+------------+--------+--------+--------+--------+---------+
| Snapshot:3 |  MRR   | Hits@1 | Hits@3 | Hits@5 | Hits@10 |
+------------+--------+--------+--------+--------+---------+
|     0      | 0.254  | 0.1533 | 0.306  | 0.3663 |  0.4388 |
|     1      | 0.2681 | 0.1701 | 0.3099 | 0.3722 |  0.4616 |
|     2      | 0.189  | 0.1131 | 0.2164 | 0.265  |  0.3329 |
|     3      | 0.1742 | 0.0951 | 0.2069 | 0.2594 |  0.3242 |
+------------+--------+--------+--------+--------+---------+
2024-09-19 13:12:34,318 INFO    : Snapshot:4	0	3	Epoch:0	Loss:28.58	MRR:14.03	Hits@10:23.89	Best:14.03
2024-09-19 13:12:41,242 INFO    : Snapshot:4	0	3	Epoch:1	Loss:25.165	MRR:14.51	Hits@10:24.44	Best:14.51
2024-09-19 13:12:48,025 INFO    : Snapshot:4	1	3	Epoch:2	Loss:24.88	MRR:14.35	Hits@10:24.27	Best:14.51
2024-09-19 13:12:54,837 INFO    : Snapshot:4	0	3	Epoch:3	Loss:24.688	MRR:14.64	Hits@10:24.55	Best:14.64
2024-09-19 13:13:01,724 INFO    : Snapshot:4	1	3	Epoch:4	Loss:24.623	MRR:14.62	Hits@10:24.62	Best:14.64
2024-09-19 13:13:08,672 INFO    : Snapshot:4	0	3	Epoch:5	Loss:24.601	MRR:14.68	Hits@10:24.65	Best:14.68
2024-09-19 13:13:15,641 INFO    : Snapshot:4	1	3	Epoch:6	Loss:24.609	MRR:14.68	Hits@10:24.64	Best:14.68
2024-09-19 13:13:22,524 INFO    : Snapshot:4	2	3	Epoch:7	Loss:24.457	MRR:14.62	Hits@10:24.72	Best:14.68
2024-09-19 13:13:29,355 INFO    : Early Stopping! Snapshot:4 Epoch: 8 Best Results: 14.68
2024-09-19 13:13:29,452 INFO    : => loading checkpoint './checkpoint/HYBRID\4model_best.tar'
2024-09-19 13:13:57,806 INFO    : 
+------------+--------+--------+--------+--------+---------+
| Snapshot:4 |  MRR   | Hits@1 | Hits@3 | Hits@5 | Hits@10 |
+------------+--------+--------+--------+--------+---------+
|     0      | 0.254  | 0.1533 | 0.306  | 0.3663 |  0.4388 |
|     1      | 0.2681 | 0.1701 | 0.3099 | 0.3722 |  0.4616 |
|     2      | 0.189  | 0.1131 | 0.2164 | 0.265  |  0.3329 |
|     3      | 0.1742 | 0.0951 | 0.2069 | 0.2594 |  0.3242 |
|     4      | 0.1437 | 0.0909 | 0.1579 | 0.1951 |  0.2467 |
+------------+--------+--------+--------+--------+---------+
2024-09-19 13:13:57,807 INFO    : Final Result:
[+------------+-------+--------+--------+--------+---------+
| Snapshot:0 |  MRR  | Hits@1 | Hits@3 | Hits@5 | Hits@10 |
+------------+-------+--------+--------+--------+---------+
|     0      | 0.254 | 0.1533 | 0.306  | 0.3663 |  0.4388 |
+------------+-------+--------+--------+--------+---------+, +------------+--------+--------+--------+--------+---------+
| Snapshot:1 |  MRR   | Hits@1 | Hits@3 | Hits@5 | Hits@10 |
+------------+--------+--------+--------+--------+---------+
|     0      | 0.254  | 0.1533 | 0.306  | 0.3663 |  0.4388 |
|     1      | 0.2681 | 0.1701 | 0.3099 | 0.3722 |  0.4616 |
+------------+--------+--------+--------+--------+---------+, +------------+--------+--------+--------+--------+---------+
| Snapshot:2 |  MRR   | Hits@1 | Hits@3 | Hits@5 | Hits@10 |
+------------+--------+--------+--------+--------+---------+
|     0      | 0.254  | 0.1533 | 0.306  | 0.3663 |  0.4388 |
|     1      | 0.2681 | 0.1701 | 0.3099 | 0.3722 |  0.4616 |
|     2      | 0.189  | 0.1131 | 0.2164 | 0.265  |  0.3329 |
+------------+--------+--------+--------+--------+---------+, +------------+--------+--------+--------+--------+---------+
| Snapshot:3 |  MRR   | Hits@1 | Hits@3 | Hits@5 | Hits@10 |
+------------+--------+--------+--------+--------+---------+
|     0      | 0.254  | 0.1533 | 0.306  | 0.3663 |  0.4388 |
|     1      | 0.2681 | 0.1701 | 0.3099 | 0.3722 |  0.4616 |
|     2      | 0.189  | 0.1131 | 0.2164 | 0.265  |  0.3329 |
|     3      | 0.1742 | 0.0951 | 0.2069 | 0.2594 |  0.3242 |
+------------+--------+--------+--------+--------+---------+, +------------+--------+--------+--------+--------+---------+
| Snapshot:4 |  MRR   | Hits@1 | Hits@3 | Hits@5 | Hits@10 |
+------------+--------+--------+--------+--------+---------+
|     0      | 0.254  | 0.1533 | 0.306  | 0.3663 |  0.4388 |
|     1      | 0.2681 | 0.1701 | 0.3099 | 0.3722 |  0.4616 |
|     2      | 0.189  | 0.1131 | 0.2164 | 0.265  |  0.3329 |
|     3      | 0.1742 | 0.0951 | 0.2069 | 0.2594 |  0.3242 |
|     4      | 0.1437 | 0.0909 | 0.1579 | 0.1951 |  0.2467 |
+------------+--------+--------+--------+--------+---------+]
2024-09-19 13:13:57,808 INFO    : Report Result:
+----------+--------------------+-----------+--------------+--------------+---------------+
| Snapshot |        Time        | Whole_MRR | Whole_Hits@1 | Whole_Hits@3 | Whole_Hits@10 |
+----------+--------------------+-----------+--------------+--------------+---------------+
|    0     | 36.225475788116455 |   0.254   |    0.153     |    0.306     |     0.439     |
|    1     | 42.31289577484131  |   0.258   |    0.158     |    0.307     |     0.445     |
|    2     | 307.65858364105225 |   0.221   |    0.134     |    0.259     |     0.386     |
|    3     | 233.2821922302246  |   0.203   |    0.119     |    0.239     |     0.362     |
|    4     | 64.43555164337158  |   0.196   |    0.116     |    0.229     |     0.347     |
+----------+--------------------+-----------+--------------+--------------+---------------+
2024-09-19 13:13:57,808 INFO    : Sum_Training_Time:683.9146990776062
2024-09-19 13:13:57,808 INFO    : Every_Training_Time:[36.225475788116455, 42.31289577484131, 307.65858364105225, 233.2821922302246, 64.43555164337158]
2024-09-19 13:13:57,808 INFO    : Forward transfer: 0.03675 Backward transfer: 0.0
