2024-09-10 11:34:23,449 INFO    : Namespace(batch_size=1024, data_path='./data/ENTITY/', dataset='ENTITY', debug=False, device=device(type='cuda', index=0), emb_dim=200, ent_r='150', epoch_num=200, explore=False, gpu='0', l2=0.0, learning_rate='2e-1', log_path='./logs/20240910113414/ENTITY', logger=<RootLogger root (INFO)>, margin=8.0, model_name='LoraKGE_Layers', multi_layers_path='train_sorted_by_edges_betweenness.txt', neg_ratio=10, note='', num_ent_layers='5', num_layer=1, num_rel_layers='1', patience=3, predict_result=False, r=100, r_fixed=True, random_seed=3407, record=False, rel_r='20', save_path='./checkpoint/ENTITY', skip_previous='False', snapshot_num=5, train_new=True, using_multi_layers=False, using_various_ranks='True', using_various_ranks_reverse=False, valid_metrics='mrr')
2024-09-10 11:34:28,853 INFO    : Snapshot:0	0	3	Epoch:0	Loss:34.146	MRR:11.79	Hits@10:28.45	Best:11.79
2024-09-10 11:34:31,914 INFO    : Snapshot:0	0	3	Epoch:1	Loss:20.905	MRR:23.01	Hits@10:45.51	Best:23.01
2024-09-10 11:34:34,909 INFO    : Snapshot:0	0	3	Epoch:2	Loss:10.329	MRR:29.87	Hits@10:52.32	Best:29.87
2024-09-10 11:34:37,869 INFO    : Snapshot:0	0	3	Epoch:3	Loss:4.876	MRR:32.11	Hits@10:54.1	Best:32.11
2024-09-10 11:34:40,852 INFO    : Snapshot:0	0	3	Epoch:4	Loss:2.693	MRR:32.68	Hits@10:55.09	Best:32.68
2024-09-10 11:34:43,734 INFO    : Snapshot:0	0	3	Epoch:5	Loss:1.753	MRR:32.85	Hits@10:55.4	Best:32.85
2024-09-10 11:34:46,696 INFO    : Snapshot:0	1	3	Epoch:6	Loss:1.3	MRR:32.84	Hits@10:55.15	Best:32.85
2024-09-10 11:34:49,664 INFO    : Snapshot:0	2	3	Epoch:7	Loss:1.061	MRR:32.57	Hits@10:55.02	Best:32.85
2024-09-10 11:34:52,541 INFO    : Early Stopping! Snapshot:0 Epoch: 8 Best Results: 32.85
2024-09-10 11:34:52,629 INFO    : => loading checkpoint './checkpoint/ENTITY\0model_best.tar'
2024-09-10 11:34:54,124 INFO    : 
+------------+--------+--------+--------+--------+---------+
| Snapshot:0 |  MRR   | Hits@1 | Hits@3 | Hits@5 | Hits@10 |
+------------+--------+--------+--------+--------+---------+
|     0      | 0.3303 | 0.212  | 0.3811 | 0.4561 |  0.5576 |
+------------+--------+--------+--------+--------+---------+
2024-09-10 11:35:07,181 INFO    : Snapshot:1	0	3	Epoch:0	Loss:11.98	MRR:16.42	Hits@10:29.2	Best:16.42
2024-09-10 11:35:13,563 INFO    : Snapshot:1	0	3	Epoch:1	Loss:4.906	MRR:18.31	Hits@10:32.82	Best:18.31
2024-09-10 11:35:19,888 INFO    : Snapshot:1	0	3	Epoch:2	Loss:4.122	MRR:18.87	Hits@10:33.75	Best:18.87
2024-09-10 11:35:26,358 INFO    : Snapshot:1	0	3	Epoch:3	Loss:3.699	MRR:19.27	Hits@10:34.97	Best:19.27
2024-09-10 11:35:33,041 INFO    : Snapshot:1	0	3	Epoch:4	Loss:3.413	MRR:20.06	Hits@10:35.5	Best:20.06
2024-09-10 11:35:39,444 INFO    : Snapshot:1	0	3	Epoch:5	Loss:3.209	MRR:20.62	Hits@10:36.56	Best:20.62
2024-09-10 11:35:45,954 INFO    : Snapshot:1	0	3	Epoch:6	Loss:3.101	MRR:20.69	Hits@10:36.79	Best:20.69
2024-09-10 11:35:52,509 INFO    : Snapshot:1	0	3	Epoch:7	Loss:2.937	MRR:21.02	Hits@10:37.7	Best:21.02
2024-09-10 11:35:58,967 INFO    : Snapshot:1	0	3	Epoch:8	Loss:2.83	MRR:21.21	Hits@10:38.06	Best:21.21
2024-09-10 11:36:05,432 INFO    : Snapshot:1	0	3	Epoch:9	Loss:2.774	MRR:21.27	Hits@10:37.8	Best:21.27
2024-09-10 11:36:12,099 INFO    : Snapshot:1	0	3	Epoch:10	Loss:2.698	MRR:21.65	Hits@10:38.43	Best:21.65
2024-09-10 11:36:18,822 INFO    : Snapshot:1	0	3	Epoch:11	Loss:2.592	MRR:21.9	Hits@10:38.84	Best:21.9
2024-09-10 11:36:25,617 INFO    : Snapshot:1	0	3	Epoch:12	Loss:2.54	MRR:22.05	Hits@10:39.19	Best:22.05
2024-09-10 11:36:32,593 INFO    : Snapshot:1	1	3	Epoch:13	Loss:2.532	MRR:22.0	Hits@10:39.01	Best:22.05
2024-09-10 11:36:39,296 INFO    : Snapshot:1	0	3	Epoch:14	Loss:2.471	MRR:22.08	Hits@10:39.35	Best:22.08
2024-09-10 11:36:45,765 INFO    : Snapshot:1	0	3	Epoch:15	Loss:2.459	MRR:22.14	Hits@10:39.53	Best:22.14
2024-09-10 11:36:52,206 INFO    : Snapshot:1	0	3	Epoch:16	Loss:2.416	MRR:22.31	Hits@10:39.71	Best:22.31
2024-09-10 11:36:58,554 INFO    : Snapshot:1	0	3	Epoch:17	Loss:2.397	MRR:22.36	Hits@10:39.89	Best:22.36
2024-09-10 11:37:04,967 INFO    : Snapshot:1	0	3	Epoch:18	Loss:2.325	MRR:22.37	Hits@10:39.74	Best:22.37
2024-09-10 11:37:11,381 INFO    : Snapshot:1	0	3	Epoch:19	Loss:2.326	MRR:22.59	Hits@10:39.94	Best:22.59
2024-09-10 11:37:17,784 INFO    : Snapshot:1	1	3	Epoch:20	Loss:2.296	MRR:22.39	Hits@10:39.88	Best:22.59
2024-09-10 11:37:24,226 INFO    : Snapshot:1	0	3	Epoch:21	Loss:2.284	MRR:22.71	Hits@10:40.28	Best:22.71
2024-09-10 11:37:30,603 INFO    : Snapshot:1	0	3	Epoch:22	Loss:2.262	MRR:22.74	Hits@10:40.12	Best:22.74
2024-09-10 11:37:37,243 INFO    : Snapshot:1	1	3	Epoch:23	Loss:2.243	MRR:22.63	Hits@10:40.07	Best:22.74
2024-09-10 11:37:43,629 INFO    : Snapshot:1	2	3	Epoch:24	Loss:2.223	MRR:22.54	Hits@10:40.38	Best:22.74
2024-09-10 11:37:50,096 INFO    : Snapshot:1	0	3	Epoch:25	Loss:2.204	MRR:22.81	Hits@10:40.71	Best:22.81
2024-09-10 11:37:56,759 INFO    : Snapshot:1	0	3	Epoch:26	Loss:2.201	MRR:22.88	Hits@10:40.65	Best:22.88
2024-09-10 11:38:03,287 INFO    : Snapshot:1	0	3	Epoch:27	Loss:2.181	MRR:22.89	Hits@10:40.62	Best:22.89
2024-09-10 11:38:09,758 INFO    : Snapshot:1	0	3	Epoch:28	Loss:2.168	MRR:22.99	Hits@10:40.66	Best:22.99
2024-09-10 11:38:16,351 INFO    : Snapshot:1	1	3	Epoch:29	Loss:2.163	MRR:22.87	Hits@10:40.99	Best:22.99
2024-09-10 11:38:22,981 INFO    : Snapshot:1	0	3	Epoch:30	Loss:2.159	MRR:23.14	Hits@10:40.54	Best:23.14
2024-09-10 11:38:29,600 INFO    : Snapshot:1	1	3	Epoch:31	Loss:2.132	MRR:22.94	Hits@10:40.62	Best:23.14
2024-09-10 11:38:36,181 INFO    : Snapshot:1	2	3	Epoch:32	Loss:2.141	MRR:22.99	Hits@10:40.72	Best:23.14
2024-09-10 11:38:42,929 INFO    : Early Stopping! Snapshot:1 Epoch: 33 Best Results: 23.14
2024-09-10 11:38:43,019 INFO    : => loading checkpoint './checkpoint/ENTITY\1model_best.tar'
2024-09-10 11:38:47,494 INFO    : 
+------------+--------+--------+--------+--------+---------+
| Snapshot:1 |  MRR   | Hits@1 | Hits@3 | Hits@5 | Hits@10 |
+------------+--------+--------+--------+--------+---------+
|     0      | 0.3303 | 0.212  | 0.3811 | 0.4561 |  0.5576 |
|     1      | 0.2316 | 0.1426 | 0.2563 | 0.3164 |  0.4062 |
+------------+--------+--------+--------+--------+---------+
2024-09-10 11:39:01,771 INFO    : Snapshot:2	0	3	Epoch:0	Loss:11.474	MRR:15.11	Hits@10:26.63	Best:15.11
2024-09-10 11:39:09,054 INFO    : Snapshot:2	0	3	Epoch:1	Loss:4.745	MRR:16.98	Hits@10:30.02	Best:16.98
2024-09-10 11:39:16,776 INFO    : Snapshot:2	0	3	Epoch:2	Loss:4.046	MRR:17.69	Hits@10:31.42	Best:17.69
2024-09-10 11:39:24,330 INFO    : Snapshot:2	0	3	Epoch:3	Loss:3.684	MRR:18.54	Hits@10:32.74	Best:18.54
2024-09-10 11:39:31,786 INFO    : Snapshot:2	0	3	Epoch:4	Loss:3.409	MRR:18.92	Hits@10:33.34	Best:18.92
2024-09-10 11:39:39,214 INFO    : Snapshot:2	0	3	Epoch:5	Loss:3.22	MRR:19.15	Hits@10:33.55	Best:19.15
2024-09-10 11:39:46,634 INFO    : Snapshot:2	0	3	Epoch:6	Loss:3.096	MRR:19.19	Hits@10:34.11	Best:19.19
2024-09-10 11:39:54,032 INFO    : Snapshot:2	0	3	Epoch:7	Loss:2.992	MRR:19.41	Hits@10:34.19	Best:19.41
2024-09-10 11:40:01,427 INFO    : Snapshot:2	0	3	Epoch:8	Loss:2.89	MRR:19.87	Hits@10:34.6	Best:19.87
2024-09-10 11:40:08,928 INFO    : Snapshot:2	1	3	Epoch:9	Loss:2.816	MRR:19.81	Hits@10:35.09	Best:19.87
2024-09-10 11:40:16,400 INFO    : Snapshot:2	2	3	Epoch:10	Loss:2.79	MRR:19.77	Hits@10:34.72	Best:19.87
2024-09-10 11:40:24,152 INFO    : Snapshot:2	0	3	Epoch:11	Loss:2.729	MRR:19.9	Hits@10:34.97	Best:19.9
2024-09-10 11:40:31,631 INFO    : Snapshot:2	0	3	Epoch:12	Loss:2.684	MRR:20.27	Hits@10:35.58	Best:20.27
2024-09-10 11:40:39,163 INFO    : Snapshot:2	0	3	Epoch:13	Loss:2.631	MRR:20.28	Hits@10:35.7	Best:20.28
2024-09-10 11:40:46,751 INFO    : Snapshot:2	1	3	Epoch:14	Loss:2.569	MRR:20.13	Hits@10:35.62	Best:20.28
2024-09-10 11:40:54,242 INFO    : Snapshot:2	2	3	Epoch:15	Loss:2.553	MRR:20.23	Hits@10:35.76	Best:20.28
2024-09-10 11:41:01,655 INFO    : Snapshot:2	0	3	Epoch:16	Loss:2.534	MRR:20.36	Hits@10:35.84	Best:20.36
2024-09-10 11:41:09,124 INFO    : Snapshot:2	0	3	Epoch:17	Loss:2.506	MRR:20.5	Hits@10:35.75	Best:20.5
2024-09-10 11:41:16,450 INFO    : Snapshot:2	1	3	Epoch:18	Loss:2.495	MRR:20.45	Hits@10:35.88	Best:20.5
2024-09-10 11:41:23,793 INFO    : Snapshot:2	0	3	Epoch:19	Loss:2.443	MRR:20.69	Hits@10:36.27	Best:20.69
2024-09-10 11:41:31,274 INFO    : Snapshot:2	1	3	Epoch:20	Loss:2.424	MRR:20.37	Hits@10:35.92	Best:20.69
2024-09-10 11:41:38,524 INFO    : Snapshot:2	2	3	Epoch:21	Loss:2.423	MRR:20.62	Hits@10:36.37	Best:20.69
2024-09-10 11:41:46,025 INFO    : Early Stopping! Snapshot:2 Epoch: 22 Best Results: 20.69
2024-09-10 11:41:46,113 INFO    : => loading checkpoint './checkpoint/ENTITY\2model_best.tar'
2024-09-10 11:41:55,301 INFO    : 
+------------+--------+--------+--------+--------+---------+
| Snapshot:2 |  MRR   | Hits@1 | Hits@3 | Hits@5 | Hits@10 |
+------------+--------+--------+--------+--------+---------+
|     0      | 0.3303 | 0.212  | 0.3811 | 0.4561 |  0.5576 |
|     1      | 0.2316 | 0.1426 | 0.2563 | 0.3164 |  0.4062 |
|     2      | 0.2076 | 0.1262 | 0.2317 | 0.2831 |  0.3635 |
+------------+--------+--------+--------+--------+---------+
2024-09-10 11:42:11,851 INFO    : Snapshot:3	0	3	Epoch:0	Loss:10.305	MRR:14.62	Hits@10:25.61	Best:14.62
2024-09-10 11:42:20,401 INFO    : Snapshot:3	0	3	Epoch:1	Loss:3.978	MRR:16.66	Hits@10:29.45	Best:16.66
2024-09-10 11:42:28,915 INFO    : Snapshot:3	0	3	Epoch:2	Loss:3.322	MRR:17.47	Hits@10:30.64	Best:17.47
2024-09-10 11:42:37,384 INFO    : Snapshot:3	0	3	Epoch:3	Loss:3.008	MRR:18.11	Hits@10:31.73	Best:18.11
2024-09-10 11:42:45,705 INFO    : Snapshot:3	0	3	Epoch:4	Loss:2.839	MRR:18.27	Hits@10:32.29	Best:18.27
2024-09-10 11:42:53,980 INFO    : Snapshot:3	0	3	Epoch:5	Loss:2.718	MRR:18.28	Hits@10:32.47	Best:18.28
2024-09-10 11:43:02,483 INFO    : Snapshot:3	0	3	Epoch:6	Loss:2.566	MRR:18.56	Hits@10:32.98	Best:18.56
2024-09-10 11:43:10,702 INFO    : Snapshot:3	0	3	Epoch:7	Loss:2.518	MRR:18.7	Hits@10:32.99	Best:18.7
2024-09-10 11:43:19,025 INFO    : Snapshot:3	0	3	Epoch:8	Loss:2.419	MRR:19.02	Hits@10:33.38	Best:19.02
2024-09-10 11:43:27,312 INFO    : Snapshot:3	1	3	Epoch:9	Loss:2.347	MRR:19.01	Hits@10:33.5	Best:19.02
2024-09-10 11:43:35,545 INFO    : Snapshot:3	0	3	Epoch:10	Loss:2.286	MRR:19.09	Hits@10:33.61	Best:19.09
2024-09-10 11:43:43,820 INFO    : Snapshot:3	0	3	Epoch:11	Loss:2.282	MRR:19.24	Hits@10:34.2	Best:19.24
2024-09-10 11:43:52,249 INFO    : Snapshot:3	1	3	Epoch:12	Loss:2.249	MRR:19.13	Hits@10:33.98	Best:19.24
2024-09-10 11:44:00,627 INFO    : Snapshot:3	2	3	Epoch:13	Loss:2.204	MRR:19.12	Hits@10:33.9	Best:19.24
2024-09-10 11:44:08,993 INFO    : Snapshot:3	0	3	Epoch:14	Loss:2.173	MRR:19.43	Hits@10:34.31	Best:19.43
2024-09-10 11:44:17,384 INFO    : Snapshot:3	1	3	Epoch:15	Loss:2.129	MRR:19.4	Hits@10:34.29	Best:19.43
2024-09-10 11:44:26,111 INFO    : Snapshot:3	0	3	Epoch:16	Loss:2.134	MRR:19.55	Hits@10:34.25	Best:19.55
2024-09-10 11:44:34,648 INFO    : Snapshot:3	1	3	Epoch:17	Loss:2.105	MRR:19.43	Hits@10:34.19	Best:19.55
2024-09-10 11:44:43,106 INFO    : Snapshot:3	2	3	Epoch:18	Loss:2.087	MRR:19.48	Hits@10:34.4	Best:19.55
2024-09-10 11:44:51,321 INFO    : Snapshot:3	0	3	Epoch:19	Loss:2.057	MRR:19.65	Hits@10:34.31	Best:19.65
2024-09-10 11:44:59,461 INFO    : Snapshot:3	1	3	Epoch:20	Loss:2.067	MRR:19.55	Hits@10:34.36	Best:19.65
2024-09-10 11:45:07,650 INFO    : Snapshot:3	2	3	Epoch:21	Loss:2.048	MRR:19.6	Hits@10:34.69	Best:19.65
2024-09-10 11:45:15,880 INFO    : Early Stopping! Snapshot:3 Epoch: 22 Best Results: 19.65
2024-09-10 11:45:15,973 INFO    : => loading checkpoint './checkpoint/ENTITY\3model_best.tar'
2024-09-10 11:45:29,859 INFO    : 
+------------+--------+--------+--------+--------+---------+
| Snapshot:3 |  MRR   | Hits@1 | Hits@3 | Hits@5 | Hits@10 |
+------------+--------+--------+--------+--------+---------+
|     0      | 0.3303 | 0.212  | 0.3811 | 0.4561 |  0.5576 |
|     1      | 0.2316 | 0.1426 | 0.2563 | 0.3164 |  0.4062 |
|     2      | 0.2076 | 0.1262 | 0.2317 | 0.2831 |  0.3635 |
|     3      | 0.1974 | 0.1193 |  0.22  | 0.2711 |  0.3457 |
+------------+--------+--------+--------+--------+---------+
2024-09-10 11:45:44,037 INFO    : Snapshot:4	0	3	Epoch:0	Loss:7.279	MRR:18.63	Hits@10:30.89	Best:18.63
2024-09-10 11:45:50,881 INFO    : Snapshot:4	0	3	Epoch:1	Loss:2.082	MRR:20.9	Hits@10:35.69	Best:20.9
2024-09-10 11:45:57,716 INFO    : Snapshot:4	0	3	Epoch:2	Loss:1.629	MRR:21.8	Hits@10:37.6	Best:21.8
2024-09-10 11:46:04,612 INFO    : Snapshot:4	0	3	Epoch:3	Loss:1.424	MRR:22.71	Hits@10:38.87	Best:22.71
2024-09-10 11:46:11,445 INFO    : Snapshot:4	0	3	Epoch:4	Loss:1.311	MRR:22.94	Hits@10:40.01	Best:22.94
2024-09-10 11:46:18,445 INFO    : Snapshot:4	1	3	Epoch:5	Loss:1.224	MRR:22.83	Hits@10:39.73	Best:22.94
2024-09-10 11:46:25,184 INFO    : Snapshot:4	0	3	Epoch:6	Loss:1.186	MRR:23.29	Hits@10:40.47	Best:23.29
2024-09-10 11:46:32,042 INFO    : Snapshot:4	0	3	Epoch:7	Loss:1.108	MRR:23.46	Hits@10:40.69	Best:23.46
2024-09-10 11:46:38,880 INFO    : Snapshot:4	0	3	Epoch:8	Loss:1.078	MRR:23.72	Hits@10:40.8	Best:23.72
2024-09-10 11:46:45,701 INFO    : Snapshot:4	1	3	Epoch:9	Loss:1.06	MRR:23.47	Hits@10:40.99	Best:23.72
2024-09-10 11:46:52,569 INFO    : Snapshot:4	2	3	Epoch:10	Loss:1.011	MRR:23.66	Hits@10:41.13	Best:23.72
2024-09-10 11:46:59,450 INFO    : Snapshot:4	0	3	Epoch:11	Loss:1.006	MRR:23.91	Hits@10:41.33	Best:23.91
2024-09-10 11:47:06,277 INFO    : Snapshot:4	1	3	Epoch:12	Loss:0.988	MRR:23.65	Hits@10:41.37	Best:23.91
2024-09-10 11:47:13,060 INFO    : Snapshot:4	2	3	Epoch:13	Loss:0.968	MRR:23.77	Hits@10:41.49	Best:23.91
2024-09-10 11:47:19,727 INFO    : Early Stopping! Snapshot:4 Epoch: 14 Best Results: 23.91
2024-09-10 11:47:19,815 INFO    : => loading checkpoint './checkpoint/ENTITY\4model_best.tar'
2024-09-10 11:47:38,469 INFO    : 
+------------+--------+--------+--------+--------+---------+
| Snapshot:4 |  MRR   | Hits@1 | Hits@3 | Hits@5 | Hits@10 |
+------------+--------+--------+--------+--------+---------+
|     0      | 0.3303 | 0.212  | 0.3811 | 0.4561 |  0.5576 |
|     1      | 0.2316 | 0.1426 | 0.2563 | 0.3164 |  0.4062 |
|     2      | 0.2076 | 0.1262 | 0.2317 | 0.2831 |  0.3635 |
|     3      | 0.1974 | 0.1193 |  0.22  | 0.2711 |  0.3457 |
|     4      | 0.2398 | 0.1456 | 0.2784 | 0.3401 |  0.4197 |
+------------+--------+--------+--------+--------+---------+
2024-09-10 11:47:38,470 INFO    : Final Result:
[+------------+--------+--------+--------+--------+---------+
| Snapshot:0 |  MRR   | Hits@1 | Hits@3 | Hits@5 | Hits@10 |
+------------+--------+--------+--------+--------+---------+
|     0      | 0.3303 | 0.212  | 0.3811 | 0.4561 |  0.5576 |
+------------+--------+--------+--------+--------+---------+, +------------+--------+--------+--------+--------+---------+
| Snapshot:1 |  MRR   | Hits@1 | Hits@3 | Hits@5 | Hits@10 |
+------------+--------+--------+--------+--------+---------+
|     0      | 0.3303 | 0.212  | 0.3811 | 0.4561 |  0.5576 |
|     1      | 0.2316 | 0.1426 | 0.2563 | 0.3164 |  0.4062 |
+------------+--------+--------+--------+--------+---------+, +------------+--------+--------+--------+--------+---------+
| Snapshot:2 |  MRR   | Hits@1 | Hits@3 | Hits@5 | Hits@10 |
+------------+--------+--------+--------+--------+---------+
|     0      | 0.3303 | 0.212  | 0.3811 | 0.4561 |  0.5576 |
|     1      | 0.2316 | 0.1426 | 0.2563 | 0.3164 |  0.4062 |
|     2      | 0.2076 | 0.1262 | 0.2317 | 0.2831 |  0.3635 |
+------------+--------+--------+--------+--------+---------+, +------------+--------+--------+--------+--------+---------+
| Snapshot:3 |  MRR   | Hits@1 | Hits@3 | Hits@5 | Hits@10 |
+------------+--------+--------+--------+--------+---------+
|     0      | 0.3303 | 0.212  | 0.3811 | 0.4561 |  0.5576 |
|     1      | 0.2316 | 0.1426 | 0.2563 | 0.3164 |  0.4062 |
|     2      | 0.2076 | 0.1262 | 0.2317 | 0.2831 |  0.3635 |
|     3      | 0.1974 | 0.1193 |  0.22  | 0.2711 |  0.3457 |
+------------+--------+--------+--------+--------+---------+, +------------+--------+--------+--------+--------+---------+
| Snapshot:4 |  MRR   | Hits@1 | Hits@3 | Hits@5 | Hits@10 |
+------------+--------+--------+--------+--------+---------+
|     0      | 0.3303 | 0.212  | 0.3811 | 0.4561 |  0.5576 |
|     1      | 0.2316 | 0.1426 | 0.2563 | 0.3164 |  0.4062 |
|     2      | 0.2076 | 0.1262 | 0.2317 | 0.2831 |  0.3635 |
|     3      | 0.1974 | 0.1193 |  0.22  | 0.2711 |  0.3457 |
|     4      | 0.2398 | 0.1456 | 0.2784 | 0.3401 |  0.4197 |
+------------+--------+--------+--------+--------+---------+]
2024-09-10 11:47:38,472 INFO    : Report Result:
+----------+--------------------+-----------+--------------+--------------+---------------+
| Snapshot |        Time        | Whole_MRR | Whole_Hits@1 | Whole_Hits@3 | Whole_Hits@10 |
+----------+--------------------+-----------+--------------+--------------+---------------+
|    0     | 29.091084480285645 |    0.33   |    0.212     |    0.381     |     0.558     |
|    1     | 225.21055364608765 |    0.27   |     0.17     |    0.305     |     0.465     |
|    2     | 174.52758383750916 |   0.246   |    0.153     |    0.277     |     0.426     |
|    3     | 195.39633560180664 |   0.233   |    0.144     |    0.262     |     0.405     |
|    4     | 104.98218107223511 |   0.234   |    0.144     |    0.264     |     0.407     |
+----------+--------------------+-----------+--------------+--------------+---------------+
2024-09-10 11:47:38,472 INFO    : Sum_Training_Time:729.2077386379242
2024-09-10 11:47:38,472 INFO    : Every_Training_Time:[29.091084480285645, 225.21055364608765, 174.52758383750916, 195.39633560180664, 104.98218107223511]
2024-09-10 11:47:38,472 INFO    : Forward transfer: 0.040825 Backward transfer: 0.0
