2024-10-02 11:25:08,473 INFO    : Namespace(batch_size='1024', data_path='./data/FB_CKGE/', dataset='FB_CKGE', debug=False, device=device(type='cuda', index=0), emb_dim=200, ent_r='150', epoch_num=200, explore=False, gpu='0', l2=0.0, learning_rate='2e-1', log_path='./logs/FB_CKGE 150 5 2e-1 1024/FB_CKGE 20241002112457', logger=<RootLogger root (INFO)>, margin=8.0, model_name='LoraKGE_Layers', multi_layers_path='train_sorted_by_edges_betweenness.txt', neg_ratio=10, note='', num_ent_layers='5', num_layer=1, num_rel_layers='1', patience=3, predict_result='True', r=100, r_fixed=True, random_seed=3407, record=False, rel_r='200', save_path='./checkpoint/FB_CKGE', skip_previous='False', snapshot_num=5, train_new=True, using_multi_layers=False, using_various_ranks='True', using_various_ranks_reverse=False, valid_metrics='mrr')
2024-10-02 11:25:29,035 INFO    : Snapshot:0	0	3	Epoch:0	Loss:107.405	MRR:19.84	Hits@10:38.57	Best:19.84
2024-10-02 11:25:46,227 INFO    : Snapshot:0	0	3	Epoch:1	Loss:27.441	MRR:24.37	Hits@10:44.58	Best:24.37
2024-10-02 11:26:03,190 INFO    : Snapshot:0	1	3	Epoch:2	Loss:9.743	MRR:24.3	Hits@10:44.57	Best:24.37
2024-10-02 11:26:20,907 INFO    : Snapshot:0	2	3	Epoch:3	Loss:5.814	MRR:24.09	Hits@10:44.21	Best:24.37
2024-10-02 11:26:38,731 INFO    : Early Stopping! Snapshot:0 Epoch: 4 Best Results: 24.37
2024-10-02 11:26:38,877 INFO    : => loading checkpoint './checkpoint/FB_CKGE\0model_best.tar'
2024-10-02 11:26:58,946 INFO    : 
+------------+--------+--------+--------+--------+---------+
| Snapshot:0 |  MRR   | Hits@1 | Hits@3 | Hits@5 | Hits@10 |
+------------+--------+--------+--------+--------+---------+
|     0      | 0.2439 | 0.1396 | 0.2869 | 0.358  |  0.447  |
+------------+--------+--------+--------+--------+---------+
2024-10-02 11:27:10,227 INFO    : Snapshot:1	0	3	Epoch:0	Loss:8.851	MRR:11.14	Hits@10:20.87	Best:11.14
2024-10-02 11:27:13,820 INFO    : Snapshot:1	0	3	Epoch:1	Loss:3.16	MRR:13.4	Hits@10:25.77	Best:13.4
2024-10-02 11:27:17,430 INFO    : Snapshot:1	0	3	Epoch:2	Loss:2.26	MRR:14.48	Hits@10:27.64	Best:14.48
2024-10-02 11:27:21,040 INFO    : Snapshot:1	0	3	Epoch:3	Loss:1.851	MRR:15.18	Hits@10:28.45	Best:15.18
2024-10-02 11:27:24,729 INFO    : Snapshot:1	0	3	Epoch:4	Loss:1.601	MRR:15.53	Hits@10:29.8	Best:15.53
2024-10-02 11:27:28,457 INFO    : Snapshot:1	0	3	Epoch:5	Loss:1.41	MRR:15.8	Hits@10:29.6	Best:15.8
2024-10-02 11:27:32,099 INFO    : Snapshot:1	0	3	Epoch:6	Loss:1.283	MRR:15.89	Hits@10:29.91	Best:15.89
2024-10-02 11:27:35,968 INFO    : Snapshot:1	0	3	Epoch:7	Loss:1.195	MRR:16.12	Hits@10:30.41	Best:16.12
2024-10-02 11:27:39,867 INFO    : Snapshot:1	0	3	Epoch:8	Loss:1.15	MRR:16.36	Hits@10:30.88	Best:16.36
2024-10-02 11:27:43,745 INFO    : Snapshot:1	0	3	Epoch:9	Loss:1.068	MRR:16.45	Hits@10:31.25	Best:16.45
2024-10-02 11:27:48,170 INFO    : Snapshot:1	0	3	Epoch:10	Loss:1.045	MRR:16.5	Hits@10:30.84	Best:16.5
2024-10-02 11:27:52,478 INFO    : Snapshot:1	0	3	Epoch:11	Loss:0.998	MRR:16.62	Hits@10:31.01	Best:16.62
2024-10-02 11:27:56,409 INFO    : Snapshot:1	1	3	Epoch:12	Loss:0.967	MRR:16.58	Hits@10:30.79	Best:16.62
2024-10-02 11:28:00,525 INFO    : Snapshot:1	0	3	Epoch:13	Loss:0.929	MRR:16.7	Hits@10:31.41	Best:16.7
