2025-01-14 10:11:07,952 INFO    : Namespace(batch_size=1024, data_path='./data/HYBRID/', dataset='HYBRID', debug=False, device=device(type='cuda', index=0), emb_dim=200, ent_r='200', epoch_num=200, explore=False, gpu='0', l2=0.0, learning_rate='2e-1', log_path='./logs/HYBRID 200 20 2e-1 1024/HYBRID 20250114101059', logger=<RootLogger root (INFO)>, margin=8.0, model_name='LoraKGE_Layers', multi_layers_path='train_sorted_by_edges_betweenness.txt', neg_ratio=10, note='', num_ent_layers='20', num_layer=1, num_rel_layers='1', patience='10', predict_result=False, r=100, r_fixed=True, random_seed=3407, record=False, rel_r='200', save_path='./checkpoint/HYBRID', skip_previous='False', snapshot_num=5, train_new=True, using_multi_layers=False, using_various_ranks='True', using_various_ranks_reverse=False, valid_metrics='mrr')
2025-01-14 10:11:15,143 INFO    : Snapshot:0	0	10	Epoch:0	Loss:40.122	MRR:10.89	Hits@10:23.07	Best:10.89
2025-01-14 10:11:21,881 INFO    : Snapshot:0	0	10	Epoch:1	Loss:24.705	MRR:18.64	Hits@10:35.08	Best:18.64
2025-01-14 10:11:27,695 INFO    : Snapshot:0	0	10	Epoch:2	Loss:13.886	MRR:23.07	Hits@10:40.85	Best:23.07
2025-01-14 10:11:33,483 INFO    : Snapshot:0	0	10	Epoch:3	Loss:7.848	MRR:24.72	Hits@10:43.29	Best:24.72
2025-01-14 10:11:38,959 INFO    : Snapshot:0	0	10	Epoch:4	Loss:4.798	MRR:25.24	Hits@10:44.21	Best:25.24
2025-01-14 10:11:44,614 INFO    : Snapshot:0	0	10	Epoch:5	Loss:3.208	MRR:25.29	Hits@10:44.55	Best:25.29
2025-01-14 10:11:50,132 INFO    : Snapshot:0	1	10	Epoch:6	Loss:2.348	MRR:25.25	Hits@10:44.77	Best:25.29
2025-01-14 10:11:55,553 INFO    : Snapshot:0	2	10	Epoch:7	Loss:1.818	MRR:25.18	Hits@10:44.98	Best:25.29
2025-01-14 10:12:01,416 INFO    : Snapshot:0	3	10	Epoch:8	Loss:1.471	MRR:25.0	Hits@10:44.89	Best:25.29
2025-01-14 10:12:06,867 INFO    : Snapshot:0	4	10	Epoch:9	Loss:1.244	MRR:24.89	Hits@10:44.71	Best:25.29
2025-01-14 10:12:12,157 INFO    : Snapshot:0	5	10	Epoch:10	Loss:1.075	MRR:24.67	Hits@10:44.63	Best:25.29
2025-01-14 10:12:17,597 INFO    : Snapshot:0	6	10	Epoch:11	Loss:0.942	MRR:25.01	Hits@10:44.82	Best:25.29
2025-01-14 10:12:22,891 INFO    : Snapshot:0	7	10	Epoch:12	Loss:0.878	MRR:24.9	Hits@10:44.56	Best:25.29
2025-01-14 10:12:28,227 INFO    : Snapshot:0	8	10	Epoch:13	Loss:0.788	MRR:24.69	Hits@10:44.47	Best:25.29
2025-01-14 10:12:33,664 INFO    : Snapshot:0	9	10	Epoch:14	Loss:0.756	MRR:24.71	Hits@10:44.41	Best:25.29
2025-01-14 10:12:39,015 INFO    : Early Stopping! Snapshot:0 Epoch: 15 Best Results: 25.29
2025-01-14 10:12:39,115 INFO    : => loading checkpoint './checkpoint/HYBRID\0model_best.tar'
2025-01-14 10:12:42,464 INFO    : 
+------------+--------+--------+--------+--------+---------+
| Snapshot:0 |  MRR   | Hits@1 | Hits@3 | Hits@5 | Hits@10 |
+------------+--------+--------+--------+--------+---------+
|     0      | 0.2534 | 0.1535 | 0.3057 | 0.3658 |  0.4359 |
+------------+--------+--------+--------+--------+---------+
2025-01-14 10:12:50,069 INFO    : Snapshot:1	0	10	Epoch:0	Loss:7.296	MRR:21.54	Hits@10:38.72	Best:21.54
2025-01-14 10:12:52,722 INFO    : Snapshot:1	0	10	Epoch:1	Loss:3.531	MRR:24.66	Hits@10:42.72	Best:24.66
2025-01-14 10:12:55,451 INFO    : Snapshot:1	0	10	Epoch:2	Loss:2.995	MRR:26.04	Hits@10:44.8	Best:26.04
2025-01-14 10:12:58,138 INFO    : Snapshot:1	0	10	Epoch:3	Loss:2.756	MRR:26.07	Hits@10:45.16	Best:26.07
2025-01-14 10:13:00,821 INFO    : Snapshot:1	0	10	Epoch:4	Loss:2.634	MRR:26.94	Hits@10:45.82	Best:26.94
2025-01-14 10:13:03,471 INFO    : Snapshot:1	0	10	Epoch:5	Loss:2.552	MRR:27.14	Hits@10:46.01	Best:27.14
2025-01-14 10:13:06,107 INFO    : Snapshot:1	0	10	Epoch:6	Loss:2.494	MRR:27.38	Hits@10:46.19	Best:27.38
2025-01-14 10:13:08,773 INFO    : Snapshot:1	1	10	Epoch:7	Loss:2.458	MRR:26.63	Hits@10:46.08	Best:27.38
2025-01-14 10:13:11,472 INFO    : Snapshot:1	0	10	Epoch:8	Loss:2.434	MRR:27.4	Hits@10:46.48	Best:27.4
2025-01-14 10:13:14,094 INFO    : Snapshot:1	1	10	Epoch:9	Loss:2.407	MRR:27.33	Hits@10:46.51	Best:27.4
2025-01-14 10:13:16,725 INFO    : Snapshot:1	2	10	Epoch:10	Loss:2.368	MRR:27.18	Hits@10:46.71	Best:27.4
2025-01-14 10:13:19,405 INFO    : Snapshot:1	0	10	Epoch:11	Loss:2.362	MRR:27.53	Hits@10:46.81	Best:27.53
2025-01-14 10:13:22,117 INFO    : Snapshot:1	1	10	Epoch:12	Loss:2.337	MRR:27.45	Hits@10:46.79	Best:27.53
2025-01-14 10:13:24,760 INFO    : Snapshot:1	2	10	Epoch:13	Loss:2.321	MRR:26.58	Hits@10:46.43	Best:27.53
2025-01-14 10:13:27,424 INFO    : Snapshot:1	0	10	Epoch:14	Loss:2.31	MRR:27.95	Hits@10:46.98	Best:27.95
2025-01-14 10:13:30,075 INFO    : Snapshot:1	1	10	Epoch:15	Loss:2.281	MRR:27.76	Hits@10:46.83	Best:27.95
2025-01-14 10:13:32,739 INFO    : Snapshot:1	0	10	Epoch:16	Loss:2.288	MRR:28.23	Hits@10:47.21	Best:28.23
2025-01-14 10:13:35,422 INFO    : Snapshot:1	1	10	Epoch:17	Loss:2.299	MRR:27.91	Hits@10:46.84	Best:28.23
2025-01-14 10:13:38,122 INFO    : Snapshot:1	2	10	Epoch:18	Loss:2.272	MRR:28.12	Hits@10:47.04	Best:28.23
2025-01-14 10:13:40,774 INFO    : Snapshot:1	0	10	Epoch:19	Loss:2.254	MRR:28.33	Hits@10:47.41	Best:28.33
2025-01-14 10:13:43,538 INFO    : Snapshot:1	1	10	Epoch:20	Loss:2.255	MRR:28.11	Hits@10:46.91	Best:28.33
2025-01-14 10:13:46,406 INFO    : Snapshot:1	0	10	Epoch:21	Loss:2.27	MRR:28.44	Hits@10:47.17	Best:28.44
2025-01-14 10:13:49,275 INFO    : Snapshot:1	1	10	Epoch:22	Loss:2.258	MRR:28.25	Hits@10:47.19	Best:28.44
2025-01-14 10:13:52,120 INFO    : Snapshot:1	0	10	Epoch:23	Loss:2.249	MRR:28.45	Hits@10:46.9	Best:28.45
2025-01-14 10:13:54,902 INFO    : Snapshot:1	1	10	Epoch:24	Loss:2.241	MRR:28.15	Hits@10:47.29	Best:28.45
2025-01-14 10:13:57,750 INFO    : Snapshot:1	2	10	Epoch:25	Loss:2.227	MRR:28.26	Hits@10:47.11	Best:28.45
2025-01-14 10:14:00,730 INFO    : Snapshot:1	3	10	Epoch:26	Loss:2.231	MRR:28.16	Hits@10:47.08	Best:28.45
2025-01-14 10:14:03,601 INFO    : Snapshot:1	4	10	Epoch:27	Loss:2.218	MRR:28.12	Hits@10:47.09	Best:28.45
2025-01-14 10:14:06,322 INFO    : Snapshot:1	5	10	Epoch:28	Loss:2.219	MRR:27.81	Hits@10:46.75	Best:28.45
2025-01-14 10:14:09,157 INFO    : Snapshot:1	6	10	Epoch:29	Loss:2.224	MRR:28.18	Hits@10:47.03	Best:28.45
2025-01-14 10:14:12,008 INFO    : Snapshot:1	7	10	Epoch:30	Loss:2.208	MRR:28.09	Hits@10:46.89	Best:28.45
2025-01-14 10:14:14,820 INFO    : Snapshot:1	8	10	Epoch:31	Loss:2.216	MRR:28.26	Hits@10:47.28	Best:28.45
2025-01-14 10:14:17,674 INFO    : Snapshot:1	9	10	Epoch:32	Loss:2.201	MRR:28.3	Hits@10:47.19	Best:28.45
2025-01-14 10:14:20,522 INFO    : Early Stopping! Snapshot:1 Epoch: 33 Best Results: 28.45
2025-01-14 10:14:20,624 INFO    : => loading checkpoint './checkpoint/HYBRID\1model_best.tar'
2025-01-14 10:14:26,324 INFO    : 
+------------+--------+--------+--------+--------+---------+
| Snapshot:1 |  MRR   | Hits@1 | Hits@3 | Hits@5 | Hits@10 |
+------------+--------+--------+--------+--------+---------+
|     0      | 0.2534 | 0.1535 | 0.3057 | 0.3658 |  0.4359 |
|     1      | 0.2776 | 0.1807 | 0.3189 | 0.3798 |  0.461  |
+------------+--------+--------+--------+--------+---------+
2025-01-14 10:14:50,867 INFO    : Snapshot:2	0	10	Epoch:0	Loss:23.309	MRR:16.15	Hits@10:29.32	Best:16.15
2025-01-14 10:15:04,329 INFO    : Snapshot:2	0	10	Epoch:1	Loss:15.878	MRR:16.87	Hits@10:30.74	Best:16.87
2025-01-14 10:15:18,529 INFO    : Snapshot:2	0	10	Epoch:2	Loss:14.897	MRR:17.35	Hits@10:31.46	Best:17.35
2025-01-14 10:15:32,662 INFO    : Snapshot:2	0	10	Epoch:3	Loss:14.361	MRR:17.95	Hits@10:32.11	Best:17.95
2025-01-14 10:15:46,576 INFO    : Snapshot:2	0	10	Epoch:4	Loss:14.061	MRR:17.98	Hits@10:32.28	Best:17.98
2025-01-14 10:16:00,443 INFO    : Snapshot:2	0	10	Epoch:5	Loss:13.748	MRR:18.34	Hits@10:32.59	Best:18.34
2025-01-14 10:16:14,466 INFO    : Snapshot:2	1	10	Epoch:6	Loss:13.568	MRR:18.24	Hits@10:32.8	Best:18.34
2025-01-14 10:16:28,600 INFO    : Snapshot:2	0	10	Epoch:7	Loss:13.445	MRR:18.45	Hits@10:33.07	Best:18.45
2025-01-14 10:16:42,994 INFO    : Snapshot:2	0	10	Epoch:8	Loss:13.274	MRR:18.7	Hits@10:33.15	Best:18.7
2025-01-14 10:16:57,166 INFO    : Snapshot:2	1	10	Epoch:9	Loss:13.209	MRR:18.68	Hits@10:33.29	Best:18.7
2025-01-14 10:17:11,602 INFO    : Snapshot:2	0	10	Epoch:10	Loss:13.122	MRR:18.71	Hits@10:33.44	Best:18.71
2025-01-14 10:17:26,133 INFO    : Snapshot:2	0	10	Epoch:11	Loss:13.056	MRR:18.74	Hits@10:33.37	Best:18.74
2025-01-14 10:17:39,699 INFO    : Snapshot:2	0	10	Epoch:12	Loss:12.969	MRR:18.93	Hits@10:33.46	Best:18.93
2025-01-14 10:17:54,015 INFO    : Snapshot:2	0	10	Epoch:13	Loss:12.948	MRR:18.96	Hits@10:33.68	Best:18.96
2025-01-14 10:18:08,343 INFO    : Snapshot:2	0	10	Epoch:14	Loss:12.909	MRR:19.15	Hits@10:33.56	Best:19.15
2025-01-14 10:18:22,581 INFO    : Snapshot:2	1	10	Epoch:15	Loss:12.845	MRR:19.14	Hits@10:33.54	Best:19.15
2025-01-14 10:18:36,342 INFO    : Snapshot:2	2	10	Epoch:16	Loss:12.803	MRR:19.06	Hits@10:33.49	Best:19.15
2025-01-14 10:18:50,283 INFO    : Snapshot:2	3	10	Epoch:17	Loss:12.759	MRR:19.1	Hits@10:33.71	Best:19.15
2025-01-14 10:19:03,578 INFO    : Snapshot:2	0	10	Epoch:18	Loss:12.68	MRR:19.25	Hits@10:33.57	Best:19.25
2025-01-14 10:19:17,586 INFO    : Snapshot:2	1	10	Epoch:19	Loss:12.704	MRR:19.08	Hits@10:33.67	Best:19.25
2025-01-14 10:19:31,857 INFO    : Snapshot:2	2	10	Epoch:20	Loss:12.696	MRR:19.23	Hits@10:33.67	Best:19.25
2025-01-14 10:19:45,040 INFO    : Snapshot:2	3	10	Epoch:21	Loss:12.649	MRR:19.04	Hits@10:33.77	Best:19.25
2025-01-14 10:19:58,691 INFO    : Snapshot:2	0	10	Epoch:22	Loss:12.617	MRR:19.28	Hits@10:33.96	Best:19.28
2025-01-14 10:20:12,218 INFO    : Snapshot:2	1	10	Epoch:23	Loss:12.578	MRR:19.28	Hits@10:33.88	Best:19.28
2025-01-14 10:20:25,670 INFO    : Snapshot:2	2	10	Epoch:24	Loss:12.583	MRR:19.11	Hits@10:33.85	Best:19.28
2025-01-14 10:20:39,668 INFO    : Snapshot:2	3	10	Epoch:25	Loss:12.569	MRR:19.16	Hits@10:33.86	Best:19.28
2025-01-14 10:20:53,085 INFO    : Snapshot:2	0	10	Epoch:26	Loss:12.544	MRR:19.4	Hits@10:33.81	Best:19.4
2025-01-14 10:21:06,550 INFO    : Snapshot:2	1	10	Epoch:27	Loss:12.54	MRR:19.27	Hits@10:34.09	Best:19.4
2025-01-14 10:21:20,260 INFO    : Snapshot:2	2	10	Epoch:28	Loss:12.543	MRR:19.33	Hits@10:34.02	Best:19.4
2025-01-14 10:21:33,701 INFO    : Snapshot:2	3	10	Epoch:29	Loss:12.494	MRR:19.24	Hits@10:33.86	Best:19.4
2025-01-14 10:21:47,380 INFO    : Snapshot:2	4	10	Epoch:30	Loss:12.439	MRR:19.39	Hits@10:34.12	Best:19.4
2025-01-14 10:22:01,342 INFO    : Snapshot:2	5	10	Epoch:31	Loss:12.538	MRR:19.35	Hits@10:33.96	Best:19.4
2025-01-14 10:22:15,603 INFO    : Snapshot:2	0	10	Epoch:32	Loss:12.509	MRR:19.44	Hits@10:34.12	Best:19.44
2025-01-14 10:22:29,817 INFO    : Snapshot:2	1	10	Epoch:33	Loss:12.479	MRR:19.44	Hits@10:34.01	Best:19.44
2025-01-14 10:22:43,933 INFO    : Snapshot:2	2	10	Epoch:34	Loss:12.463	MRR:19.34	Hits@10:34.12	Best:19.44
2025-01-14 10:22:57,160 INFO    : Snapshot:2	0	10	Epoch:35	Loss:12.419	MRR:19.54	Hits@10:34.25	Best:19.54
2025-01-14 10:23:11,016 INFO    : Snapshot:2	1	10	Epoch:36	Loss:12.431	MRR:19.27	Hits@10:34.18	Best:19.54
2025-01-14 10:23:25,470 INFO    : Snapshot:2	2	10	Epoch:37	Loss:12.439	MRR:19.5	Hits@10:34.17	Best:19.54
2025-01-14 10:23:38,631 INFO    : Snapshot:2	3	10	Epoch:38	Loss:12.394	MRR:19.54	Hits@10:34.17	Best:19.54
2025-01-14 10:23:51,639 INFO    : Snapshot:2	4	10	Epoch:39	Loss:12.405	MRR:19.44	Hits@10:34.16	Best:19.54
2025-01-14 10:24:05,031 INFO    : Snapshot:2	0	10	Epoch:40	Loss:12.396	MRR:19.66	Hits@10:34.35	Best:19.66
2025-01-14 10:24:19,120 INFO    : Snapshot:2	1	10	Epoch:41	Loss:12.386	MRR:19.4	Hits@10:34.18	Best:19.66
2025-01-14 10:24:33,172 INFO    : Snapshot:2	2	10	Epoch:42	Loss:12.362	MRR:19.47	Hits@10:34.26	Best:19.66
2025-01-14 10:24:47,556 INFO    : Snapshot:2	3	10	Epoch:43	Loss:12.387	MRR:19.44	Hits@10:34.13	Best:19.66
2025-01-14 10:25:01,873 INFO    : Snapshot:2	4	10	Epoch:44	Loss:12.348	MRR:19.42	Hits@10:34.14	Best:19.66
2025-01-14 10:25:15,645 INFO    : Snapshot:2	5	10	Epoch:45	Loss:12.338	MRR:19.45	Hits@10:34.17	Best:19.66
2025-01-14 10:25:29,484 INFO    : Snapshot:2	6	10	Epoch:46	Loss:12.372	MRR:19.52	Hits@10:34.16	Best:19.66
2025-01-14 10:25:43,558 INFO    : Snapshot:2	7	10	Epoch:47	Loss:12.304	MRR:19.48	Hits@10:34.12	Best:19.66
2025-01-14 10:25:57,757 INFO    : Snapshot:2	0	10	Epoch:48	Loss:12.352	MRR:19.72	Hits@10:34.28	Best:19.72
2025-01-14 10:26:11,542 INFO    : Snapshot:2	1	10	Epoch:49	Loss:12.351	MRR:19.58	Hits@10:34.15	Best:19.72
2025-01-14 10:26:25,789 INFO    : Snapshot:2	2	10	Epoch:50	Loss:12.284	MRR:19.52	Hits@10:34.17	Best:19.72
2025-01-14 10:26:40,061 INFO    : Snapshot:2	3	10	Epoch:51	Loss:12.298	MRR:19.58	Hits@10:34.25	Best:19.72
2025-01-14 10:26:54,092 INFO    : Snapshot:2	4	10	Epoch:52	Loss:12.273	MRR:19.7	Hits@10:34.32	Best:19.72
2025-01-14 10:27:08,469 INFO    : Snapshot:2	5	10	Epoch:53	Loss:12.282	MRR:19.52	Hits@10:34.11	Best:19.72
2025-01-14 10:27:22,913 INFO    : Snapshot:2	6	10	Epoch:54	Loss:12.261	MRR:19.48	Hits@10:34.17	Best:19.72
2025-01-14 10:27:36,864 INFO    : Snapshot:2	7	10	Epoch:55	Loss:12.315	MRR:19.59	Hits@10:34.26	Best:19.72
2025-01-14 10:27:50,236 INFO    : Snapshot:2	8	10	Epoch:56	Loss:12.294	MRR:19.58	Hits@10:34.21	Best:19.72
2025-01-14 10:28:03,716 INFO    : Snapshot:2	9	10	Epoch:57	Loss:12.272	MRR:19.39	Hits@10:34.16	Best:19.72
2025-01-14 10:28:17,524 INFO    : Early Stopping! Snapshot:2 Epoch: 58 Best Results: 19.72
2025-01-14 10:28:17,643 INFO    : => loading checkpoint './checkpoint/HYBRID\2model_best.tar'
2025-01-14 10:28:31,242 INFO    : 
+------------+--------+--------+--------+--------+---------+
| Snapshot:2 |  MRR   | Hits@1 | Hits@3 | Hits@5 | Hits@10 |
+------------+--------+--------+--------+--------+---------+
|     0      | 0.2534 | 0.1535 | 0.3057 | 0.3658 |  0.4359 |
|     1      | 0.2776 | 0.1807 | 0.3189 | 0.3798 |  0.461  |
|     2      | 0.1948 | 0.1194 | 0.2219 | 0.2706 |  0.3401 |
+------------+--------+--------+--------+--------+---------+
2025-01-14 10:29:02,748 INFO    : Snapshot:3	0	10	Epoch:0	Loss:26.207	MRR:15.56	Hits@10:29.1	Best:15.56
2025-01-14 10:29:21,150 INFO    : Snapshot:3	0	10	Epoch:1	Loss:20.303	MRR:16.54	Hits@10:30.51	Best:16.54
2025-01-14 10:29:38,808 INFO    : Snapshot:3	0	10	Epoch:2	Loss:19.574	MRR:16.84	Hits@10:31.24	Best:16.84
2025-01-14 10:29:56,909 INFO    : Snapshot:3	0	10	Epoch:3	Loss:19.165	MRR:17.09	Hits@10:31.47	Best:17.09
2025-01-14 10:30:15,166 INFO    : Snapshot:3	0	10	Epoch:4	Loss:18.987	MRR:17.27	Hits@10:32.02	Best:17.27
2025-01-14 10:30:33,440 INFO    : Snapshot:3	0	10	Epoch:5	Loss:18.731	MRR:17.49	Hits@10:32.12	Best:17.49
2025-01-14 10:30:51,500 INFO    : Snapshot:3	0	10	Epoch:6	Loss:18.618	MRR:17.65	Hits@10:32.32	Best:17.65
2025-01-14 10:31:09,821 INFO    : Snapshot:3	0	10	Epoch:7	Loss:18.478	MRR:17.7	Hits@10:32.48	Best:17.7
2025-01-14 10:31:27,906 INFO    : Snapshot:3	0	10	Epoch:8	Loss:18.4	MRR:17.71	Hits@10:32.43	Best:17.71
2025-01-14 10:31:46,034 INFO    : Snapshot:3	0	10	Epoch:9	Loss:18.295	MRR:17.95	Hits@10:32.71	Best:17.95
2025-01-14 10:32:04,325 INFO    : Snapshot:3	1	10	Epoch:10	Loss:18.209	MRR:17.8	Hits@10:32.56	Best:17.95
2025-01-14 10:32:21,912 INFO    : Snapshot:3	2	10	Epoch:11	Loss:18.157	MRR:17.65	Hits@10:32.68	Best:17.95
2025-01-14 10:32:39,846 INFO    : Snapshot:3	3	10	Epoch:12	Loss:18.105	MRR:17.78	Hits@10:32.62	Best:17.95
2025-01-14 10:32:58,077 INFO    : Snapshot:3	0	10	Epoch:13	Loss:18.037	MRR:17.97	Hits@10:32.88	Best:17.97
2025-01-14 10:33:16,133 INFO    : Snapshot:3	1	10	Epoch:14	Loss:18.03	MRR:17.81	Hits@10:32.61	Best:17.97
2025-01-14 10:33:34,633 INFO    : Snapshot:3	2	10	Epoch:15	Loss:17.962	MRR:17.9	Hits@10:32.69	Best:17.97
2025-01-14 10:33:52,789 INFO    : Snapshot:3	3	10	Epoch:16	Loss:17.976	MRR:17.84	Hits@10:32.71	Best:17.97
2025-01-14 10:34:10,806 INFO    : Snapshot:3	4	10	Epoch:17	Loss:17.965	MRR:17.9	Hits@10:32.77	Best:17.97
2025-01-14 10:34:28,916 INFO    : Snapshot:3	5	10	Epoch:18	Loss:17.907	MRR:17.93	Hits@10:32.81	Best:17.97
2025-01-14 10:34:47,253 INFO    : Snapshot:3	0	10	Epoch:19	Loss:17.859	MRR:18.05	Hits@10:32.89	Best:18.05
2025-01-14 10:35:05,371 INFO    : Snapshot:3	1	10	Epoch:20	Loss:17.871	MRR:17.97	Hits@10:32.8	Best:18.05
2025-01-14 10:35:22,817 INFO    : Snapshot:3	2	10	Epoch:21	Loss:17.824	MRR:17.93	Hits@10:32.75	Best:18.05
2025-01-14 10:35:40,705 INFO    : Snapshot:3	0	10	Epoch:22	Loss:17.794	MRR:18.13	Hits@10:32.94	Best:18.13
2025-01-14 10:35:58,332 INFO    : Snapshot:3	1	10	Epoch:23	Loss:17.804	MRR:17.94	Hits@10:32.77	Best:18.13
2025-01-14 10:36:15,900 INFO    : Snapshot:3	2	10	Epoch:24	Loss:17.738	MRR:18.08	Hits@10:32.78	Best:18.13
2025-01-14 10:36:33,123 INFO    : Snapshot:3	3	10	Epoch:25	Loss:17.726	MRR:17.99	Hits@10:32.89	Best:18.13
2025-01-14 10:36:50,727 INFO    : Snapshot:3	4	10	Epoch:26	Loss:17.697	MRR:18.06	Hits@10:32.76	Best:18.13
2025-01-14 10:37:08,389 INFO    : Snapshot:3	5	10	Epoch:27	Loss:17.697	MRR:18.04	Hits@10:32.88	Best:18.13
2025-01-14 10:37:25,766 INFO    : Snapshot:3	6	10	Epoch:28	Loss:17.704	MRR:18.06	Hits@10:32.8	Best:18.13
2025-01-14 10:37:43,388 INFO    : Snapshot:3	7	10	Epoch:29	Loss:17.692	MRR:18.01	Hits@10:32.95	Best:18.13
2025-01-14 10:38:00,958 INFO    : Snapshot:3	8	10	Epoch:30	Loss:17.673	MRR:18.04	Hits@10:32.76	Best:18.13
2025-01-14 10:38:18,659 INFO    : Snapshot:3	9	10	Epoch:31	Loss:17.674	MRR:18.04	Hits@10:32.91	Best:18.13
2025-01-14 10:38:36,064 INFO    : Early Stopping! Snapshot:3 Epoch: 32 Best Results: 18.13
2025-01-14 10:38:36,177 INFO    : => loading checkpoint './checkpoint/HYBRID\3model_best.tar'
2025-01-14 10:39:00,164 INFO    : 
+------------+--------+--------+--------+--------+---------+
| Snapshot:3 |  MRR   | Hits@1 | Hits@3 | Hits@5 | Hits@10 |
+------------+--------+--------+--------+--------+---------+
|     0      | 0.2534 | 0.1535 | 0.3057 | 0.3658 |  0.4359 |
|     1      | 0.2776 | 0.1807 | 0.3189 | 0.3798 |  0.461  |
|     2      | 0.1948 | 0.1194 | 0.2219 | 0.2706 |  0.3401 |
|     3      | 0.1813 | 0.1012 | 0.2154 | 0.2659 |  0.3322 |
+------------+--------+--------+--------+--------+---------+
2025-01-14 10:39:16,279 INFO    : Snapshot:4	0	10	Epoch:0	Loss:13.542	MRR:15.21	Hits@10:25.61	Best:15.21
2025-01-14 10:39:23,379 INFO    : Snapshot:4	0	10	Epoch:1	Loss:11.912	MRR:15.33	Hits@10:25.78	Best:15.33
2025-01-14 10:39:30,502 INFO    : Snapshot:4	1	10	Epoch:2	Loss:11.849	MRR:15.25	Hits@10:25.64	Best:15.33
2025-01-14 10:39:38,318 INFO    : Snapshot:4	2	10	Epoch:3	Loss:11.813	MRR:15.22	Hits@10:25.63	Best:15.33
2025-01-14 10:39:45,680 INFO    : Snapshot:4	3	10	Epoch:4	Loss:11.809	MRR:15.24	Hits@10:25.68	Best:15.33
2025-01-14 10:39:52,659 INFO    : Snapshot:4	4	10	Epoch:5	Loss:11.75	MRR:15.15	Hits@10:25.53	Best:15.33
2025-01-14 10:40:00,160 INFO    : Snapshot:4	0	10	Epoch:6	Loss:11.733	MRR:15.42	Hits@10:25.74	Best:15.42
2025-01-14 10:40:07,420 INFO    : Snapshot:4	1	10	Epoch:7	Loss:11.765	MRR:15.39	Hits@10:25.74	Best:15.42
2025-01-14 10:40:14,936 INFO    : Snapshot:4	2	10	Epoch:8	Loss:11.738	MRR:15.29	Hits@10:25.78	Best:15.42
2025-01-14 10:40:22,675 INFO    : Snapshot:4	3	10	Epoch:9	Loss:11.754	MRR:15.26	Hits@10:25.65	Best:15.42
2025-01-14 10:40:30,278 INFO    : Snapshot:4	4	10	Epoch:10	Loss:11.733	MRR:15.34	Hits@10:25.6	Best:15.42
2025-01-14 10:40:37,404 INFO    : Snapshot:4	5	10	Epoch:11	Loss:11.678	MRR:15.4	Hits@10:25.85	Best:15.42
2025-01-14 10:40:44,650 INFO    : Snapshot:4	6	10	Epoch:12	Loss:11.659	MRR:15.35	Hits@10:25.79	Best:15.42
2025-01-14 10:40:52,422 INFO    : Snapshot:4	7	10	Epoch:13	Loss:11.707	MRR:15.36	Hits@10:25.75	Best:15.42
2025-01-14 10:40:59,995 INFO    : Snapshot:4	8	10	Epoch:14	Loss:11.718	MRR:15.39	Hits@10:25.79	Best:15.42
2025-01-14 10:41:07,672 INFO    : Snapshot:4	9	10	Epoch:15	Loss:11.678	MRR:15.4	Hits@10:25.77	Best:15.42
2025-01-14 10:41:15,336 INFO    : Early Stopping! Snapshot:4 Epoch: 16 Best Results: 15.42
2025-01-14 10:41:15,442 INFO    : => loading checkpoint './checkpoint/HYBRID\4model_best.tar'
2025-01-14 10:41:46,887 INFO    : 
+------------+--------+--------+--------+--------+---------+
| Snapshot:4 |  MRR   | Hits@1 | Hits@3 | Hits@5 | Hits@10 |
+------------+--------+--------+--------+--------+---------+
|     0      | 0.2534 | 0.1535 | 0.3057 | 0.3658 |  0.4359 |
|     1      | 0.2776 | 0.1807 | 0.3189 | 0.3798 |  0.461  |
|     2      | 0.1948 | 0.1194 | 0.2219 | 0.2706 |  0.3401 |
|     3      | 0.1813 | 0.1012 | 0.2154 | 0.2659 |  0.3322 |
|     4      | 0.1512 | 0.0984 | 0.1667 | 0.2007 |  0.2553 |
+------------+--------+--------+--------+--------+---------+
2025-01-14 10:41:46,900 INFO    : Final Result:
[+------------+--------+--------+--------+--------+---------+
| Snapshot:0 |  MRR   | Hits@1 | Hits@3 | Hits@5 | Hits@10 |
+------------+--------+--------+--------+--------+---------+
|     0      | 0.2534 | 0.1535 | 0.3057 | 0.3658 |  0.4359 |
+------------+--------+--------+--------+--------+---------+, +------------+--------+--------+--------+--------+---------+
| Snapshot:1 |  MRR   | Hits@1 | Hits@3 | Hits@5 | Hits@10 |
+------------+--------+--------+--------+--------+---------+
|     0      | 0.2534 | 0.1535 | 0.3057 | 0.3658 |  0.4359 |
|     1      | 0.2776 | 0.1807 | 0.3189 | 0.3798 |  0.461  |
+------------+--------+--------+--------+--------+---------+, +------------+--------+--------+--------+--------+---------+
| Snapshot:2 |  MRR   | Hits@1 | Hits@3 | Hits@5 | Hits@10 |
+------------+--------+--------+--------+--------+---------+
|     0      | 0.2534 | 0.1535 | 0.3057 | 0.3658 |  0.4359 |
|     1      | 0.2776 | 0.1807 | 0.3189 | 0.3798 |  0.461  |
|     2      | 0.1948 | 0.1194 | 0.2219 | 0.2706 |  0.3401 |
+------------+--------+--------+--------+--------+---------+, +------------+--------+--------+--------+--------+---------+
| Snapshot:3 |  MRR   | Hits@1 | Hits@3 | Hits@5 | Hits@10 |
+------------+--------+--------+--------+--------+---------+
|     0      | 0.2534 | 0.1535 | 0.3057 | 0.3658 |  0.4359 |
|     1      | 0.2776 | 0.1807 | 0.3189 | 0.3798 |  0.461  |
|     2      | 0.1948 | 0.1194 | 0.2219 | 0.2706 |  0.3401 |
|     3      | 0.1813 | 0.1012 | 0.2154 | 0.2659 |  0.3322 |
+------------+--------+--------+--------+--------+---------+, +------------+--------+--------+--------+--------+---------+
| Snapshot:4 |  MRR   | Hits@1 | Hits@3 | Hits@5 | Hits@10 |
+------------+--------+--------+--------+--------+---------+
|     0      | 0.2534 | 0.1535 | 0.3057 | 0.3658 |  0.4359 |
|     1      | 0.2776 | 0.1807 | 0.3189 | 0.3798 |  0.461  |
|     2      | 0.1948 | 0.1194 | 0.2219 | 0.2706 |  0.3401 |
|     3      | 0.1813 | 0.1012 | 0.2154 | 0.2659 |  0.3322 |
|     4      | 0.1512 | 0.0984 | 0.1667 | 0.2007 |  0.2553 |
+------------+--------+--------+--------+--------+---------+]
2025-01-14 10:41:46,902 INFO    : Report Result:
+----------+-------------------+-----------+--------------+--------------+---------------+
| Snapshot |        Time       | Whole_MRR | Whole_Hits@1 | Whole_Hits@3 | Whole_Hits@10 |
+----------+-------------------+-----------+--------------+--------------+---------------+
|    0     |  91.0627110004425 |   0.253   |    0.153     |    0.306     |     0.436     |
|    1     | 95.68251752853394 |    0.26   |    0.161     |    0.309     |     0.443     |
|    2     | 822.7541000843048 |   0.225   |    0.139     |    0.263     |     0.388     |
|    3     |  593.532506942749 |   0.209   |    0.124     |    0.245     |     0.367     |
|    4     | 129.1775143146515 |   0.201   |    0.121     |    0.235     |     0.352     |
+----------+-------------------+-----------+--------------+--------------+---------------+
2025-01-14 10:41:46,902 INFO    : Sum_Training_Time:1732.2093498706818
2025-01-14 10:41:46,902 INFO    : Every_Training_Time:[91.0627110004425, 95.68251752853394, 822.7541000843048, 593.532506942749, 129.1775143146515]
2025-01-14 10:41:46,902 INFO    : Forward transfer: 0.0368 Backward transfer: 0.0
