2024-09-12 17:34:41,159 INFO    : Namespace(batch_size=1024, data_path='./data/HYBRID/', dataset='HYBRID', debug=False, device=device(type='cuda', index=0), emb_dim=200, ent_r='200', epoch_num=200, explore=False, gpu='0', l2=0.0, learning_rate='2e-1', log_path='./logs/20240912173433/HYBRID', logger=<RootLogger root (INFO)>, margin=8.0, model_name='LoraKGE_Layers', multi_layers_path='train_sorted_by_edges_betweenness.txt', neg_ratio=10, note='', num_ent_layers='10', num_layer=1, num_rel_layers='1', patience=3, predict_result=False, r=100, r_fixed=True, random_seed=3407, record=False, rel_r='20', save_path='./checkpoint/HYBRID', skip_previous='False', snapshot_num=5, train_new=True, using_multi_layers=False, using_various_ranks='True', using_various_ranks_reverse=False, valid_metrics='mrr')
2024-09-12 17:34:48,947 INFO    : Snapshot:0	0	3	Epoch:0	Loss:40.122	MRR:10.89	Hits@10:23.07	Best:10.89
2024-09-12 17:34:54,190 INFO    : Snapshot:0	0	3	Epoch:1	Loss:24.705	MRR:18.64	Hits@10:35.08	Best:18.64
2024-09-12 17:34:59,470 INFO    : Snapshot:0	0	3	Epoch:2	Loss:13.886	MRR:23.07	Hits@10:40.85	Best:23.07
2024-09-12 17:35:04,776 INFO    : Snapshot:0	0	3	Epoch:3	Loss:7.848	MRR:24.72	Hits@10:43.29	Best:24.72
2024-09-12 17:35:10,053 INFO    : Snapshot:0	0	3	Epoch:4	Loss:4.798	MRR:25.24	Hits@10:44.21	Best:25.24
2024-09-12 17:35:15,595 INFO    : Snapshot:0	0	3	Epoch:5	Loss:3.208	MRR:25.29	Hits@10:44.55	Best:25.29
2024-09-12 17:35:20,791 INFO    : Snapshot:0	1	3	Epoch:6	Loss:2.348	MRR:25.25	Hits@10:44.77	Best:25.29
2024-09-12 17:35:25,901 INFO    : Snapshot:0	2	3	Epoch:7	Loss:1.818	MRR:25.18	Hits@10:44.98	Best:25.29
2024-09-12 17:35:31,009 INFO    : Early Stopping! Snapshot:0 Epoch: 8 Best Results: 25.29
2024-09-12 17:35:31,101 INFO    : => loading checkpoint './checkpoint/HYBRID\0model_best.tar'
2024-09-12 17:35:34,123 INFO    : 
+------------+--------+--------+--------+--------+---------+
| Snapshot:0 |  MRR   | Hits@1 | Hits@3 | Hits@5 | Hits@10 |
+------------+--------+--------+--------+--------+---------+
|     0      | 0.2534 | 0.1535 | 0.3057 | 0.3658 |  0.4359 |
+------------+--------+--------+--------+--------+---------+
2024-09-12 17:35:40,242 INFO    : Snapshot:1	0	3	Epoch:0	Loss:7.11	MRR:21.18	Hits@10:39.08	Best:21.18
2024-09-12 17:35:42,437 INFO    : Snapshot:1	0	3	Epoch:1	Loss:3.476	MRR:24.64	Hits@10:43.19	Best:24.64
2024-09-12 17:35:44,941 INFO    : Snapshot:1	0	3	Epoch:2	Loss:2.939	MRR:25.96	Hits@10:45.03	Best:25.96
2024-09-12 17:35:47,255 INFO    : Snapshot:1	0	3	Epoch:3	Loss:2.717	MRR:26.04	Hits@10:45.93	Best:26.04
2024-09-12 17:35:49,506 INFO    : Snapshot:1	0	3	Epoch:4	Loss:2.604	MRR:26.74	Hits@10:45.68	Best:26.74
2024-09-12 17:35:51,816 INFO    : Snapshot:1	1	3	Epoch:5	Loss:2.522	MRR:26.72	Hits@10:46.18	Best:26.74
2024-09-12 17:35:54,201 INFO    : Snapshot:1	0	3	Epoch:6	Loss:2.469	MRR:27.11	Hits@10:46.2	Best:27.11
2024-09-12 17:35:56,488 INFO    : Snapshot:1	1	3	Epoch:7	Loss:2.459	MRR:26.84	Hits@10:46.41	Best:27.11
2024-09-12 17:35:58,715 INFO    : Snapshot:1	0	3	Epoch:8	Loss:2.411	MRR:27.45	Hits@10:46.48	Best:27.45
2024-09-12 17:36:01,028 INFO    : Snapshot:1	0	3	Epoch:9	Loss:2.397	MRR:28.11	Hits@10:46.87	Best:28.11
2024-09-12 17:36:03,276 INFO    : Snapshot:1	1	3	Epoch:10	Loss:2.372	MRR:27.61	Hits@10:46.59	Best:28.11
2024-09-12 17:36:05,475 INFO    : Snapshot:1	2	3	Epoch:11	Loss:2.35	MRR:27.63	Hits@10:46.61	Best:28.11
2024-09-12 17:36:07,729 INFO    : Early Stopping! Snapshot:1 Epoch: 12 Best Results: 28.11
2024-09-12 17:36:07,820 INFO    : => loading checkpoint './checkpoint/HYBRID\1model_best.tar'
2024-09-12 17:36:12,738 INFO    : 
+------------+--------+--------+--------+--------+---------+
| Snapshot:1 |  MRR   | Hits@1 | Hits@3 | Hits@5 | Hits@10 |
+------------+--------+--------+--------+--------+---------+
|     0      | 0.2534 | 0.1535 | 0.3057 | 0.3658 |  0.4359 |
|     1      | 0.2721 | 0.1766 | 0.3104 | 0.3739 |  0.4563 |
+------------+--------+--------+--------+--------+---------+
2024-09-12 17:36:34,976 INFO    : Snapshot:2	0	3	Epoch:0	Loss:23.556	MRR:15.42	Hits@10:28.29	Best:15.42
2024-09-12 17:36:47,236 INFO    : Snapshot:2	0	3	Epoch:1	Loss:15.88	MRR:16.19	Hits@10:29.91	Best:16.19
2024-09-12 17:36:59,478 INFO    : Snapshot:2	0	3	Epoch:2	Loss:14.84	MRR:17.05	Hits@10:30.98	Best:17.05
2024-09-12 17:37:11,799 INFO    : Snapshot:2	0	3	Epoch:3	Loss:14.345	MRR:17.44	Hits@10:31.57	Best:17.44
2024-09-12 17:37:24,125 INFO    : Snapshot:2	0	3	Epoch:4	Loss:14.016	MRR:17.81	Hits@10:32.04	Best:17.81
2024-09-12 17:37:36,614 INFO    : Snapshot:2	0	3	Epoch:5	Loss:13.719	MRR:17.93	Hits@10:32.06	Best:17.93
2024-09-12 17:37:49,157 INFO    : Snapshot:2	0	3	Epoch:6	Loss:13.583	MRR:17.96	Hits@10:32.32	Best:17.96
2024-09-12 17:38:01,799 INFO    : Snapshot:2	0	3	Epoch:7	Loss:13.45	MRR:18.19	Hits@10:32.36	Best:18.19
2024-09-12 17:38:14,114 INFO    : Snapshot:2	1	3	Epoch:8	Loss:13.308	MRR:18.11	Hits@10:32.67	Best:18.19
2024-09-12 17:38:26,584 INFO    : Snapshot:2	0	3	Epoch:9	Loss:13.244	MRR:18.44	Hits@10:32.74	Best:18.44
2024-09-12 17:38:39,125 INFO    : Snapshot:2	0	3	Epoch:10	Loss:13.152	MRR:18.5	Hits@10:32.81	Best:18.5
2024-09-12 17:38:51,251 INFO    : Snapshot:2	1	3	Epoch:11	Loss:13.094	MRR:18.4	Hits@10:32.86	Best:18.5
2024-09-12 17:39:03,415 INFO    : Snapshot:2	0	3	Epoch:12	Loss:13.017	MRR:18.62	Hits@10:33.16	Best:18.62
2024-09-12 17:39:16,394 INFO    : Snapshot:2	1	3	Epoch:13	Loss:13.006	MRR:18.61	Hits@10:33.14	Best:18.62
2024-09-12 17:39:28,755 INFO    : Snapshot:2	0	3	Epoch:14	Loss:12.935	MRR:18.79	Hits@10:33.16	Best:18.79
2024-09-12 17:39:40,912 INFO    : Snapshot:2	1	3	Epoch:15	Loss:12.889	MRR:18.74	Hits@10:33.14	Best:18.79
2024-09-12 17:39:52,760 INFO    : Snapshot:2	2	3	Epoch:16	Loss:12.834	MRR:18.79	Hits@10:33.26	Best:18.79
2024-09-12 17:40:05,004 INFO    : Early Stopping! Snapshot:2 Epoch: 17 Best Results: 18.79
2024-09-12 17:40:05,111 INFO    : => loading checkpoint './checkpoint/HYBRID\2model_best.tar'
2024-09-12 17:40:17,517 INFO    : 
+------------+--------+--------+--------+--------+---------+
| Snapshot:2 |  MRR   | Hits@1 | Hits@3 | Hits@5 | Hits@10 |
+------------+--------+--------+--------+--------+---------+
|     0      | 0.2534 | 0.1535 | 0.3057 | 0.3658 |  0.4359 |
|     1      | 0.2721 | 0.1766 | 0.3104 | 0.3739 |  0.4563 |
|     2      | 0.1863 | 0.1125 | 0.2096 | 0.2614 |  0.3304 |
+------------+--------+--------+--------+--------+---------+
2024-09-12 17:40:45,988 INFO    : Snapshot:3	0	3	Epoch:0	Loss:26.821	MRR:15.17	Hits@10:28.4	Best:15.17
2024-09-12 17:41:01,680 INFO    : Snapshot:3	0	3	Epoch:1	Loss:20.436	MRR:15.83	Hits@10:29.73	Best:15.83
2024-09-12 17:41:17,312 INFO    : Snapshot:3	0	3	Epoch:2	Loss:19.666	MRR:16.3	Hits@10:30.41	Best:16.3
2024-09-12 17:41:32,415 INFO    : Snapshot:3	0	3	Epoch:3	Loss:19.369	MRR:16.57	Hits@10:30.75	Best:16.57
2024-09-12 17:41:47,611 INFO    : Snapshot:3	0	3	Epoch:4	Loss:19.175	MRR:16.91	Hits@10:31.25	Best:16.91
2024-09-12 17:42:03,315 INFO    : Snapshot:3	0	3	Epoch:5	Loss:18.897	MRR:17.03	Hits@10:31.27	Best:17.03
2024-09-12 17:42:18,883 INFO    : Snapshot:3	1	3	Epoch:6	Loss:18.774	MRR:17.0	Hits@10:31.51	Best:17.03
2024-09-12 17:42:34,462 INFO    : Snapshot:3	0	3	Epoch:7	Loss:18.75	MRR:17.06	Hits@10:31.76	Best:17.06
2024-09-12 17:42:49,531 INFO    : Snapshot:3	0	3	Epoch:8	Loss:18.651	MRR:17.21	Hits@10:31.65	Best:17.21
2024-09-12 17:43:04,733 INFO    : Snapshot:3	0	3	Epoch:9	Loss:18.545	MRR:17.35	Hits@10:31.78	Best:17.35
2024-09-12 17:43:20,025 INFO    : Snapshot:3	1	3	Epoch:10	Loss:18.522	MRR:17.2	Hits@10:31.81	Best:17.35
2024-09-12 17:43:35,339 INFO    : Snapshot:3	2	3	Epoch:11	Loss:18.4	MRR:17.26	Hits@10:31.81	Best:17.35
2024-09-12 17:43:50,613 INFO    : Snapshot:3	0	3	Epoch:12	Loss:18.397	MRR:17.45	Hits@10:32.13	Best:17.45
2024-09-12 17:44:05,784 INFO    : Snapshot:3	0	3	Epoch:13	Loss:18.34	MRR:17.47	Hits@10:32.15	Best:17.47
2024-09-12 17:44:21,284 INFO    : Snapshot:3	1	3	Epoch:14	Loss:18.291	MRR:17.3	Hits@10:31.72	Best:17.47
2024-09-12 17:44:36,594 INFO    : Snapshot:3	0	3	Epoch:15	Loss:18.266	MRR:17.53	Hits@10:32.07	Best:17.53
2024-09-12 17:44:51,784 INFO    : Snapshot:3	1	3	Epoch:16	Loss:18.243	MRR:17.47	Hits@10:32.03	Best:17.53
2024-09-12 17:45:07,044 INFO    : Snapshot:3	2	3	Epoch:17	Loss:18.232	MRR:17.32	Hits@10:32.1	Best:17.53
2024-09-12 17:45:22,400 INFO    : Early Stopping! Snapshot:3 Epoch: 18 Best Results: 17.53
2024-09-12 17:45:22,509 INFO    : => loading checkpoint './checkpoint/HYBRID\3model_best.tar'
2024-09-12 17:45:44,593 INFO    : 
+------------+--------+--------+--------+--------+---------+
| Snapshot:3 |  MRR   | Hits@1 | Hits@3 | Hits@5 | Hits@10 |
+------------+--------+--------+--------+--------+---------+
|     0      | 0.2534 | 0.1535 | 0.3057 | 0.3658 |  0.4359 |
|     1      | 0.2721 | 0.1766 | 0.3104 | 0.3739 |  0.4563 |
|     2      | 0.1863 | 0.1125 | 0.2096 | 0.2614 |  0.3304 |
|     3      | 0.1754 | 0.0973 | 0.2074 | 0.2594 |  0.3208 |
+------------+--------+--------+--------+--------+---------+
2024-09-12 17:45:57,076 INFO    : Snapshot:4	0	3	Epoch:0	Loss:13.272	MRR:14.49	Hits@10:23.73	Best:14.49
2024-09-12 17:46:02,914 INFO    : Snapshot:4	0	3	Epoch:1	Loss:11.325	MRR:15.34	Hits@10:24.88	Best:15.34
2024-09-12 17:46:08,787 INFO    : Snapshot:4	1	3	Epoch:2	Loss:11.172	MRR:15.3	Hits@10:24.81	Best:15.34
2024-09-12 17:46:14,711 INFO    : Snapshot:4	0	3	Epoch:3	Loss:11.113	MRR:15.41	Hits@10:24.81	Best:15.41
2024-09-12 17:46:20,722 INFO    : Snapshot:4	1	3	Epoch:4	Loss:11.056	MRR:15.36	Hits@10:24.8	Best:15.41
2024-09-12 17:46:26,731 INFO    : Snapshot:4	2	3	Epoch:5	Loss:10.968	MRR:15.4	Hits@10:24.67	Best:15.41
2024-09-12 17:46:32,769 INFO    : Snapshot:4	0	3	Epoch:6	Loss:10.96	MRR:15.54	Hits@10:24.92	Best:15.54
2024-09-12 17:46:38,805 INFO    : Snapshot:4	1	3	Epoch:7	Loss:10.943	MRR:15.39	Hits@10:24.96	Best:15.54
2024-09-12 17:46:44,763 INFO    : Snapshot:4	2	3	Epoch:8	Loss:10.967	MRR:15.5	Hits@10:24.9	Best:15.54
2024-09-12 17:46:50,856 INFO    : Early Stopping! Snapshot:4 Epoch: 9 Best Results: 15.54
2024-09-12 17:46:50,949 INFO    : => loading checkpoint './checkpoint/HYBRID\4model_best.tar'
2024-09-12 17:47:17,234 INFO    : 
+------------+--------+--------+--------+--------+---------+
| Snapshot:4 |  MRR   | Hits@1 | Hits@3 | Hits@5 | Hits@10 |
+------------+--------+--------+--------+--------+---------+
|     0      | 0.2534 | 0.1535 | 0.3057 | 0.3658 |  0.4359 |
|     1      | 0.2721 | 0.1766 | 0.3104 | 0.3739 |  0.4563 |
|     2      | 0.1863 | 0.1125 | 0.2096 | 0.2614 |  0.3304 |
|     3      | 0.1754 | 0.0973 | 0.2074 | 0.2594 |  0.3208 |
|     4      | 0.1549 | 0.1051 | 0.1681 | 0.2023 |  0.2507 |
+------------+--------+--------+--------+--------+---------+
2024-09-12 17:47:17,235 INFO    : Final Result:
[+------------+--------+--------+--------+--------+---------+
| Snapshot:0 |  MRR   | Hits@1 | Hits@3 | Hits@5 | Hits@10 |
+------------+--------+--------+--------+--------+---------+
|     0      | 0.2534 | 0.1535 | 0.3057 | 0.3658 |  0.4359 |
+------------+--------+--------+--------+--------+---------+, +------------+--------+--------+--------+--------+---------+
| Snapshot:1 |  MRR   | Hits@1 | Hits@3 | Hits@5 | Hits@10 |
+------------+--------+--------+--------+--------+---------+
|     0      | 0.2534 | 0.1535 | 0.3057 | 0.3658 |  0.4359 |
|     1      | 0.2721 | 0.1766 | 0.3104 | 0.3739 |  0.4563 |
+------------+--------+--------+--------+--------+---------+, +------------+--------+--------+--------+--------+---------+
| Snapshot:2 |  MRR   | Hits@1 | Hits@3 | Hits@5 | Hits@10 |
+------------+--------+--------+--------+--------+---------+
|     0      | 0.2534 | 0.1535 | 0.3057 | 0.3658 |  0.4359 |
|     1      | 0.2721 | 0.1766 | 0.3104 | 0.3739 |  0.4563 |
|     2      | 0.1863 | 0.1125 | 0.2096 | 0.2614 |  0.3304 |
+------------+--------+--------+--------+--------+---------+, +------------+--------+--------+--------+--------+---------+
| Snapshot:3 |  MRR   | Hits@1 | Hits@3 | Hits@5 | Hits@10 |
+------------+--------+--------+--------+--------+---------+
|     0      | 0.2534 | 0.1535 | 0.3057 | 0.3658 |  0.4359 |
|     1      | 0.2721 | 0.1766 | 0.3104 | 0.3739 |  0.4563 |
|     2      | 0.1863 | 0.1125 | 0.2096 | 0.2614 |  0.3304 |
|     3      | 0.1754 | 0.0973 | 0.2074 | 0.2594 |  0.3208 |
+------------+--------+--------+--------+--------+---------+, +------------+--------+--------+--------+--------+---------+
| Snapshot:4 |  MRR   | Hits@1 | Hits@3 | Hits@5 | Hits@10 |
+------------+--------+--------+--------+--------+---------+
|     0      | 0.2534 | 0.1535 | 0.3057 | 0.3658 |  0.4359 |
|     1      | 0.2721 | 0.1766 | 0.3104 | 0.3739 |  0.4563 |
|     2      | 0.1863 | 0.1125 | 0.2096 | 0.2614 |  0.3304 |
|     3      | 0.1754 | 0.0973 | 0.2074 | 0.2594 |  0.3208 |
|     4      | 0.1549 | 0.1051 | 0.1681 | 0.2023 |  0.2507 |
+------------+--------+--------+--------+--------+---------+]
2024-09-12 17:47:17,236 INFO    : Report Result:
+----------+--------------------+-----------+--------------+--------------+---------------+
| Snapshot |        Time        | Whole_MRR | Whole_Hits@1 | Whole_Hits@3 | Whole_Hits@10 |
+----------+--------------------+-----------+--------------+--------------+---------------+
|    0     | 49.85003638267517  |   0.253   |    0.153     |    0.306     |     0.436     |
|    1     | 31.662612915039062 |   0.258   |     0.16     |    0.307     |     0.441     |
|    2     | 225.0444574356079  |    0.22   |    0.135     |    0.255     |     0.383     |
|    3     | 294.57091450691223 |   0.203   |     0.12     |    0.237     |     0.359     |
|    4     | 62.02133059501648  |   0.197   |    0.118     |    0.228     |     0.345     |
+----------+--------------------+-----------+--------------+--------------+---------------+
2024-09-12 17:47:17,236 INFO    : Sum_Training_Time:663.1493518352509
2024-09-12 17:47:17,236 INFO    : Every_Training_Time:[49.85003638267517, 31.662612915039062, 225.0444574356079, 294.57091450691223, 62.02133059501648]
2024-09-12 17:47:17,236 INFO    : Forward transfer: 0.036000000000000004 Backward transfer: 0.0
