2024-09-24 14:27:25,269 INFO    : Namespace(batch_size='1024', data_path='./data/ENTITY/', dataset='ENTITY', debug=False, device=device(type='cuda', index=0), emb_dim=200, ent_r='200', epoch_num=200, explore=False, gpu='0', l2=0.0, learning_rate='2e-1', log_path='./logs/20240924142716/ENTITY', logger=<RootLogger root (INFO)>, margin=8.0, model_name='LoraKGE_Layers', multi_layers_path='train_sorted_by_edges_betweenness.txt', neg_ratio=10, note='', num_ent_layers='2', num_layer=1, num_rel_layers='1', patience=3, predict_result=False, r=100, r_fixed=True, random_seed=3407, record=False, rel_r='20', save_path='./checkpoint/ENTITY', skip_previous='False', snapshot_num=5, train_new=True, using_multi_layers=False, using_various_ranks='True', using_various_ranks_reverse=False, valid_metrics='mrr')
2024-09-24 14:27:30,593 INFO    : Snapshot:0	0	3	Epoch:0	Loss:34.146	MRR:11.79	Hits@10:28.45	Best:11.79
2024-09-24 14:27:34,673 INFO    : Snapshot:0	0	3	Epoch:1	Loss:20.905	MRR:23.01	Hits@10:45.51	Best:23.01
2024-09-24 14:27:38,073 INFO    : Snapshot:0	0	3	Epoch:2	Loss:10.329	MRR:29.87	Hits@10:52.32	Best:29.87
2024-09-24 14:27:41,760 INFO    : Snapshot:0	0	3	Epoch:3	Loss:4.876	MRR:32.11	Hits@10:54.1	Best:32.11
2024-09-24 14:27:45,381 INFO    : Snapshot:0	0	3	Epoch:4	Loss:2.693	MRR:32.68	Hits@10:55.09	Best:32.68
2024-09-24 14:27:48,922 INFO    : Snapshot:0	0	3	Epoch:5	Loss:1.753	MRR:32.85	Hits@10:55.4	Best:32.85
2024-09-24 14:27:52,278 INFO    : Snapshot:0	1	3	Epoch:6	Loss:1.3	MRR:32.84	Hits@10:55.15	Best:32.85
2024-09-24 14:27:55,709 INFO    : Snapshot:0	2	3	Epoch:7	Loss:1.061	MRR:32.57	Hits@10:55.02	Best:32.85
2024-09-24 14:27:59,276 INFO    : Early Stopping! Snapshot:0 Epoch: 8 Best Results: 32.85
2024-09-24 14:27:59,392 INFO    : => loading checkpoint './checkpoint/ENTITY\0model_best.tar'
2024-09-24 14:28:01,007 INFO    : 
+------------+--------+--------+--------+--------+---------+
| Snapshot:0 |  MRR   | Hits@1 | Hits@3 | Hits@5 | Hits@10 |
+------------+--------+--------+--------+--------+---------+
|     0      | 0.3303 | 0.212  | 0.3811 | 0.4561 |  0.5576 |
+------------+--------+--------+--------+--------+---------+
2024-09-24 14:28:15,552 INFO    : Snapshot:1	0	3	Epoch:0	Loss:11.556	MRR:16.48	Hits@10:29.6	Best:16.48
2024-09-24 14:28:22,940 INFO    : Snapshot:1	0	3	Epoch:1	Loss:4.801	MRR:18.23	Hits@10:32.53	Best:18.23
2024-09-24 14:28:30,098 INFO    : Snapshot:1	0	3	Epoch:2	Loss:3.989	MRR:19.15	Hits@10:34.04	Best:19.15
2024-09-24 14:28:37,506 INFO    : Snapshot:1	0	3	Epoch:3	Loss:3.554	MRR:19.78	Hits@10:35.43	Best:19.78
2024-09-24 14:28:44,627 INFO    : Snapshot:1	0	3	Epoch:4	Loss:3.252	MRR:20.33	Hits@10:36.0	Best:20.33
2024-09-24 14:28:51,725 INFO    : Snapshot:1	0	3	Epoch:5	Loss:3.039	MRR:20.78	Hits@10:37.14	Best:20.78
2024-09-24 14:28:58,699 INFO    : Snapshot:1	0	3	Epoch:6	Loss:2.932	MRR:21.25	Hits@10:37.77	Best:21.25
2024-09-24 14:29:05,719 INFO    : Snapshot:1	0	3	Epoch:7	Loss:2.772	MRR:21.51	Hits@10:38.43	Best:21.51
2024-09-24 14:29:12,789 INFO    : Snapshot:1	0	3	Epoch:8	Loss:2.665	MRR:21.62	Hits@10:38.75	Best:21.62
2024-09-24 14:29:19,713 INFO    : Snapshot:1	0	3	Epoch:9	Loss:2.606	MRR:21.91	Hits@10:38.69	Best:21.91
2024-09-24 14:29:26,624 INFO    : Snapshot:1	1	3	Epoch:10	Loss:2.536	MRR:21.89	Hits@10:38.72	Best:21.91
2024-09-24 14:29:33,529 INFO    : Snapshot:1	0	3	Epoch:11	Loss:2.434	MRR:22.27	Hits@10:39.52	Best:22.27
2024-09-24 14:29:40,642 INFO    : Snapshot:1	0	3	Epoch:12	Loss:2.379	MRR:22.33	Hits@10:39.75	Best:22.33
2024-09-24 14:29:47,513 INFO    : Snapshot:1	0	3	Epoch:13	Loss:2.373	MRR:22.5	Hits@10:39.83	Best:22.5
2024-09-24 14:29:54,591 INFO    : Snapshot:1	0	3	Epoch:14	Loss:2.317	MRR:22.61	Hits@10:40.18	Best:22.61
2024-09-24 14:30:01,786 INFO    : Snapshot:1	0	3	Epoch:15	Loss:2.296	MRR:22.65	Hits@10:40.27	Best:22.65
2024-09-24 14:30:08,769 INFO    : Snapshot:1	1	3	Epoch:16	Loss:2.27	MRR:22.57	Hits@10:40.1	Best:22.65
2024-09-24 14:30:15,778 INFO    : Snapshot:1	0	3	Epoch:17	Loss:2.248	MRR:22.67	Hits@10:40.36	Best:22.67
2024-09-24 14:30:22,861 INFO    : Snapshot:1	0	3	Epoch:18	Loss:2.18	MRR:22.76	Hits@10:40.49	Best:22.76
2024-09-24 14:30:29,710 INFO    : Snapshot:1	0	3	Epoch:19	Loss:2.182	MRR:22.99	Hits@10:40.64	Best:22.99
2024-09-24 14:30:36,521 INFO    : Snapshot:1	1	3	Epoch:20	Loss:2.15	MRR:22.91	Hits@10:40.83	Best:22.99
2024-09-24 14:30:43,353 INFO    : Snapshot:1	2	3	Epoch:21	Loss:2.141	MRR:22.95	Hits@10:40.79	Best:22.99
2024-09-24 14:30:51,168 INFO    : Snapshot:1	0	3	Epoch:22	Loss:2.12	MRR:23.07	Hits@10:41.05	Best:23.07
2024-09-24 14:30:57,958 INFO    : Snapshot:1	0	3	Epoch:23	Loss:2.107	MRR:23.09	Hits@10:40.86	Best:23.09
2024-09-24 14:31:05,060 INFO    : Snapshot:1	1	3	Epoch:24	Loss:2.086	MRR:23.05	Hits@10:41.08	Best:23.09
2024-09-24 14:31:12,048 INFO    : Snapshot:1	0	3	Epoch:25	Loss:2.067	MRR:23.19	Hits@10:41.21	Best:23.19
2024-09-24 14:31:19,055 INFO    : Snapshot:1	0	3	Epoch:26	Loss:2.063	MRR:23.21	Hits@10:41.05	Best:23.21
2024-09-24 14:31:25,987 INFO    : Snapshot:1	1	3	Epoch:27	Loss:2.047	MRR:23.14	Hits@10:41.11	Best:23.21
2024-09-24 14:31:33,116 INFO    : Snapshot:1	0	3	Epoch:28	Loss:2.036	MRR:23.27	Hits@10:41.36	Best:23.27
2024-09-24 14:31:40,360 INFO    : Snapshot:1	0	3	Epoch:29	Loss:2.035	MRR:23.36	Hits@10:41.39	Best:23.36
2024-09-24 14:31:48,065 INFO    : Snapshot:1	0	3	Epoch:30	Loss:2.03	MRR:23.38	Hits@10:41.25	Best:23.38
2024-09-24 14:31:55,703 INFO    : Snapshot:1	1	3	Epoch:31	Loss:2.003	MRR:23.18	Hits@10:41.42	Best:23.38
2024-09-24 14:32:04,030 INFO    : Snapshot:1	2	3	Epoch:32	Loss:2.012	MRR:23.3	Hits@10:41.39	Best:23.38
2024-09-24 14:32:11,142 INFO    : Early Stopping! Snapshot:1 Epoch: 33 Best Results: 23.38
2024-09-24 14:32:11,260 INFO    : => loading checkpoint './checkpoint/ENTITY\1model_best.tar'
2024-09-24 14:32:16,322 INFO    : 
+------------+--------+--------+--------+--------+---------+
| Snapshot:1 |  MRR   | Hits@1 | Hits@3 | Hits@5 | Hits@10 |
+------------+--------+--------+--------+--------+---------+
|     0      | 0.3303 | 0.212  | 0.3811 | 0.4561 |  0.5576 |
|     1      | 0.2346 | 0.1432 | 0.2615 | 0.3224 |  0.4106 |
+------------+--------+--------+--------+--------+---------+
2024-09-24 14:32:32,047 INFO    : Snapshot:2	0	3	Epoch:0	Loss:11.098	MRR:15.42	Hits@10:27.42	Best:15.42
2024-09-24 14:32:40,600 INFO    : Snapshot:2	0	3	Epoch:1	Loss:4.561	MRR:17.39	Hits@10:30.72	Best:17.39
2024-09-24 14:32:49,316 INFO    : Snapshot:2	0	3	Epoch:2	Loss:3.882	MRR:18.14	Hits@10:32.49	Best:18.14
2024-09-24 14:32:57,972 INFO    : Snapshot:2	0	3	Epoch:3	Loss:3.512	MRR:18.95	Hits@10:33.67	Best:18.95
2024-09-24 14:33:07,006 INFO    : Snapshot:2	0	3	Epoch:4	Loss:3.25	MRR:19.39	Hits@10:34.07	Best:19.39
2024-09-24 14:33:16,016 INFO    : Snapshot:2	0	3	Epoch:5	Loss:3.064	MRR:19.64	Hits@10:34.63	Best:19.64
2024-09-24 14:33:25,152 INFO    : Snapshot:2	1	3	Epoch:6	Loss:2.928	MRR:19.53	Hits@10:34.72	Best:19.64
2024-09-24 14:33:34,886 INFO    : Snapshot:2	0	3	Epoch:7	Loss:2.839	MRR:19.76	Hits@10:35.28	Best:19.76
2024-09-24 14:33:46,528 INFO    : Snapshot:2	0	3	Epoch:8	Loss:2.737	MRR:20.23	Hits@10:35.64	Best:20.23
2024-09-24 14:33:57,266 INFO    : Snapshot:2	0	3	Epoch:9	Loss:2.67	MRR:20.24	Hits@10:35.7	Best:20.24
2024-09-24 14:34:07,594 INFO    : Snapshot:2	0	3	Epoch:10	Loss:2.638	MRR:20.26	Hits@10:35.87	Best:20.26
2024-09-24 14:34:17,372 INFO    : Snapshot:2	0	3	Epoch:11	Loss:2.581	MRR:20.45	Hits@10:36.0	Best:20.45
2024-09-24 14:34:27,409 INFO    : Snapshot:2	0	3	Epoch:12	Loss:2.532	MRR:20.56	Hits@10:36.15	Best:20.56
2024-09-24 14:34:36,971 INFO    : Snapshot:2	1	3	Epoch:13	Loss:2.482	MRR:20.56	Hits@10:36.37	Best:20.56
2024-09-24 14:34:46,506 INFO    : Snapshot:2	0	3	Epoch:14	Loss:2.434	MRR:20.58	Hits@10:36.37	Best:20.58
2024-09-24 14:34:55,946 INFO    : Snapshot:2	0	3	Epoch:15	Loss:2.409	MRR:20.62	Hits@10:36.5	Best:20.62
2024-09-24 14:35:05,378 INFO    : Snapshot:2	0	3	Epoch:16	Loss:2.39	MRR:20.82	Hits@10:36.65	Best:20.82
2024-09-24 14:35:13,817 INFO    : Snapshot:2	1	3	Epoch:17	Loss:2.367	MRR:20.77	Hits@10:36.56	Best:20.82
2024-09-24 14:35:22,255 INFO    : Snapshot:2	0	3	Epoch:18	Loss:2.359	MRR:20.88	Hits@10:36.65	Best:20.88
2024-09-24 14:35:31,102 INFO    : Snapshot:2	0	3	Epoch:19	Loss:2.307	MRR:21.03	Hits@10:36.74	Best:21.03
2024-09-24 14:35:39,673 INFO    : Snapshot:2	1	3	Epoch:20	Loss:2.29	MRR:20.8	Hits@10:36.7	Best:21.03
2024-09-24 14:35:49,697 INFO    : Snapshot:2	2	3	Epoch:21	Loss:2.291	MRR:20.87	Hits@10:36.78	Best:21.03
2024-09-24 14:35:59,118 INFO    : Early Stopping! Snapshot:2 Epoch: 22 Best Results: 21.03
2024-09-24 14:35:59,228 INFO    : => loading checkpoint './checkpoint/ENTITY\2model_best.tar'
2024-09-24 14:36:09,667 INFO    : 
+------------+--------+--------+--------+--------+---------+
| Snapshot:2 |  MRR   | Hits@1 | Hits@3 | Hits@5 | Hits@10 |
+------------+--------+--------+--------+--------+---------+
|     0      | 0.3303 | 0.212  | 0.3811 | 0.4561 |  0.5576 |
|     1      | 0.2346 | 0.1432 | 0.2615 | 0.3224 |  0.4106 |
|     2      | 0.2109 | 0.1282 | 0.2362 | 0.2886 |  0.3687 |
+------------+--------+--------+--------+--------+---------+
2024-09-24 14:36:30,119 INFO    : Snapshot:3	0	3	Epoch:0	Loss:10.005	MRR:15.07	Hits@10:26.22	Best:15.07
2024-09-24 14:36:41,458 INFO    : Snapshot:3	0	3	Epoch:1	Loss:3.825	MRR:17.33	Hits@10:30.29	Best:17.33
2024-09-24 14:36:52,533 INFO    : Snapshot:3	0	3	Epoch:2	Loss:3.178	MRR:17.99	Hits@10:31.9	Best:17.99
2024-09-24 14:37:02,887 INFO    : Snapshot:3	0	3	Epoch:3	Loss:2.874	MRR:18.53	Hits@10:32.88	Best:18.53
2024-09-24 14:37:12,171 INFO    : Snapshot:3	0	3	Epoch:4	Loss:2.704	MRR:18.74	Hits@10:33.27	Best:18.74
2024-09-24 14:37:21,449 INFO    : Snapshot:3	0	3	Epoch:5	Loss:2.578	MRR:18.87	Hits@10:33.59	Best:18.87
2024-09-24 14:37:30,845 INFO    : Snapshot:3	0	3	Epoch:6	Loss:2.432	MRR:19.12	Hits@10:34.1	Best:19.12
2024-09-24 14:37:41,449 INFO    : Snapshot:3	0	3	Epoch:7	Loss:2.394	MRR:19.41	Hits@10:34.32	Best:19.41
2024-09-24 14:37:52,034 INFO    : Snapshot:3	0	3	Epoch:8	Loss:2.285	MRR:19.53	Hits@10:34.53	Best:19.53
2024-09-24 14:38:02,022 INFO    : Snapshot:3	0	3	Epoch:9	Loss:2.229	MRR:19.63	Hits@10:34.74	Best:19.63
2024-09-24 14:38:11,564 INFO    : Snapshot:3	1	3	Epoch:10	Loss:2.168	MRR:19.33	Hits@10:34.55	Best:19.63
2024-09-24 14:38:21,306 INFO    : Snapshot:3	2	3	Epoch:11	Loss:2.159	MRR:19.55	Hits@10:34.8	Best:19.63
2024-09-24 14:38:31,007 INFO    : Early Stopping! Snapshot:3 Epoch: 12 Best Results: 19.63
2024-09-24 14:38:31,128 INFO    : => loading checkpoint './checkpoint/ENTITY\3model_best.tar'
2024-09-24 14:38:46,244 INFO    : 
+------------+--------+--------+--------+--------+---------+
| Snapshot:3 |  MRR   | Hits@1 | Hits@3 | Hits@5 | Hits@10 |
+------------+--------+--------+--------+--------+---------+
|     0      | 0.3303 | 0.212  | 0.3811 | 0.4561 |  0.5576 |
|     1      | 0.2346 | 0.1432 | 0.2615 | 0.3224 |  0.4106 |
|     2      | 0.2109 | 0.1282 | 0.2362 | 0.2886 |  0.3687 |
|     3      | 0.1943 | 0.1159 | 0.2159 | 0.2678 |  0.3456 |
+------------+--------+--------+--------+--------+---------+
2024-09-24 14:39:02,482 INFO    : Snapshot:4	0	3	Epoch:0	Loss:6.916	MRR:18.43	Hits@10:30.75	Best:18.43
2024-09-24 14:39:10,500 INFO    : Snapshot:4	0	3	Epoch:1	Loss:1.998	MRR:21.36	Hits@10:36.36	Best:21.36
2024-09-24 14:39:18,326 INFO    : Snapshot:4	0	3	Epoch:2	Loss:1.541	MRR:22.31	Hits@10:38.19	Best:22.31
2024-09-24 14:39:26,356 INFO    : Snapshot:4	0	3	Epoch:3	Loss:1.341	MRR:22.75	Hits@10:39.36	Best:22.75
2024-09-24 14:39:34,297 INFO    : Snapshot:4	0	3	Epoch:4	Loss:1.25	MRR:23.2	Hits@10:40.1	Best:23.2
2024-09-24 14:39:42,088 INFO    : Snapshot:4	1	3	Epoch:5	Loss:1.163	MRR:23.02	Hits@10:40.52	Best:23.2
2024-09-24 14:39:49,923 INFO    : Snapshot:4	2	3	Epoch:6	Loss:1.112	MRR:23.13	Hits@10:40.84	Best:23.2
2024-09-24 14:39:57,518 INFO    : Snapshot:4	0	3	Epoch:7	Loss:1.069	MRR:23.62	Hits@10:41.45	Best:23.62
2024-09-24 14:40:05,663 INFO    : Snapshot:4	1	3	Epoch:8	Loss:1.027	MRR:23.54	Hits@10:41.25	Best:23.62
2024-09-24 14:40:13,597 INFO    : Snapshot:4	2	3	Epoch:9	Loss:0.994	MRR:23.62	Hits@10:41.31	Best:23.62
2024-09-24 14:40:21,463 INFO    : Snapshot:4	0	3	Epoch:10	Loss:0.965	MRR:23.84	Hits@10:42.07	Best:23.84
2024-09-24 14:40:29,218 INFO    : Snapshot:4	1	3	Epoch:11	Loss:0.964	MRR:23.62	Hits@10:41.6	Best:23.84
2024-09-24 14:40:36,769 INFO    : Snapshot:4	2	3	Epoch:12	Loss:0.936	MRR:23.66	Hits@10:41.9	Best:23.84
2024-09-24 14:40:44,166 INFO    : Early Stopping! Snapshot:4 Epoch: 13 Best Results: 23.84
2024-09-24 14:40:44,284 INFO    : => loading checkpoint './checkpoint/ENTITY\4model_best.tar'
2024-09-24 14:41:05,635 INFO    : 
+------------+--------+--------+--------+--------+---------+
| Snapshot:4 |  MRR   | Hits@1 | Hits@3 | Hits@5 | Hits@10 |
+------------+--------+--------+--------+--------+---------+
|     0      | 0.3303 | 0.212  | 0.3811 | 0.4561 |  0.5576 |
|     1      | 0.2346 | 0.1432 | 0.2615 | 0.3224 |  0.4106 |
|     2      | 0.2109 | 0.1282 | 0.2362 | 0.2886 |  0.3687 |
|     3      | 0.1943 | 0.1159 | 0.2159 | 0.2678 |  0.3456 |
|     4      | 0.2389 | 0.1421 | 0.279  | 0.341  |  0.4269 |
+------------+--------+--------+--------+--------+---------+
2024-09-24 14:41:05,637 INFO    : Final Result:
[+------------+--------+--------+--------+--------+---------+
| Snapshot:0 |  MRR   | Hits@1 | Hits@3 | Hits@5 | Hits@10 |
+------------+--------+--------+--------+--------+---------+
|     0      | 0.3303 | 0.212  | 0.3811 | 0.4561 |  0.5576 |
+------------+--------+--------+--------+--------+---------+, +------------+--------+--------+--------+--------+---------+
| Snapshot:1 |  MRR   | Hits@1 | Hits@3 | Hits@5 | Hits@10 |
+------------+--------+--------+--------+--------+---------+
|     0      | 0.3303 | 0.212  | 0.3811 | 0.4561 |  0.5576 |
|     1      | 0.2346 | 0.1432 | 0.2615 | 0.3224 |  0.4106 |
+------------+--------+--------+--------+--------+---------+, +------------+--------+--------+--------+--------+---------+
| Snapshot:2 |  MRR   | Hits@1 | Hits@3 | Hits@5 | Hits@10 |
+------------+--------+--------+--------+--------+---------+
|     0      | 0.3303 | 0.212  | 0.3811 | 0.4561 |  0.5576 |
|     1      | 0.2346 | 0.1432 | 0.2615 | 0.3224 |  0.4106 |
|     2      | 0.2109 | 0.1282 | 0.2362 | 0.2886 |  0.3687 |
+------------+--------+--------+--------+--------+---------+, +------------+--------+--------+--------+--------+---------+
| Snapshot:3 |  MRR   | Hits@1 | Hits@3 | Hits@5 | Hits@10 |
+------------+--------+--------+--------+--------+---------+
|     0      | 0.3303 | 0.212  | 0.3811 | 0.4561 |  0.5576 |
|     1      | 0.2346 | 0.1432 | 0.2615 | 0.3224 |  0.4106 |
|     2      | 0.2109 | 0.1282 | 0.2362 | 0.2886 |  0.3687 |
|     3      | 0.1943 | 0.1159 | 0.2159 | 0.2678 |  0.3456 |
+------------+--------+--------+--------+--------+---------+, +------------+--------+--------+--------+--------+---------+
| Snapshot:4 |  MRR   | Hits@1 | Hits@3 | Hits@5 | Hits@10 |
+------------+--------+--------+--------+--------+---------+
|     0      | 0.3303 | 0.212  | 0.3811 | 0.4561 |  0.5576 |
|     1      | 0.2346 | 0.1432 | 0.2615 | 0.3224 |  0.4106 |
|     2      | 0.2109 | 0.1282 | 0.2362 | 0.2886 |  0.3687 |
|     3      | 0.1943 | 0.1159 | 0.2159 | 0.2678 |  0.3456 |
|     4      | 0.2389 | 0.1421 | 0.279  | 0.341  |  0.4269 |
+------------+--------+--------+--------+--------+---------+]
2024-09-24 14:41:05,637 INFO    : Report Result:
+----------+--------------------+-----------+--------------+--------------+---------------+
| Snapshot |        Time        | Whole_MRR | Whole_Hits@1 | Whole_Hits@3 | Whole_Hits@10 |
+----------+--------------------+-----------+--------------+--------------+---------------+
|    0     | 34.00649666786194  |    0.33   |    0.212     |    0.381     |     0.558     |
|    1     | 246.21163702011108 |   0.272   |     0.17     |    0.308     |     0.468     |
|    2     | 218.17962646484375 |   0.249   |    0.154     |    0.281     |      0.43     |
|    3     | 135.5491874217987  |   0.234   |    0.144     |    0.263     |     0.407     |
|    4     | 112.50472593307495 |   0.235   |    0.144     |    0.266     |      0.41     |
+----------+--------------------+-----------+--------------+--------------+---------------+
2024-09-24 14:41:05,637 INFO    : Sum_Training_Time:746.4516735076904
2024-09-24 14:41:05,638 INFO    : Every_Training_Time:[34.00649666786194, 246.21163702011108, 218.17962646484375, 135.5491874217987, 112.50472593307495]
2024-09-24 14:41:05,638 INFO    : Forward transfer: 0.040725000000000004 Backward transfer: 0.0
