2024-09-11 11:31:31,694 INFO    : Namespace(batch_size=1024, data_path='./data/FACT/', dataset='FACT', debug=False, device=device(type='cuda', index=0), emb_dim=200, ent_r='200', epoch_num=200, explore=False, gpu='0', l2=0.0, learning_rate='1e-1', log_path='./logs/20240911113121/FACT', logger=<RootLogger root (INFO)>, margin=8.0, model_name='LoraKGE_Layers', multi_layers_path='train_sorted_by_edges_betweenness.txt', neg_ratio=10, note='', num_ent_layers='2', num_layer=1, num_rel_layers='1', patience=3, predict_result=False, r=100, r_fixed=True, random_seed=3407, record=False, rel_r='20', save_path='./checkpoint/FACT', skip_previous='False', snapshot_num=5, train_new=True, using_multi_layers=False, using_various_ranks='True', using_various_ranks_reverse=False, valid_metrics='mrr')
2024-09-11 11:31:40,532 INFO    : Snapshot:0	0	3	Epoch:0	Loss:44.386	MRR:10.86	Hits@10:21.55	Best:10.86
2024-09-11 11:31:47,545 INFO    : Snapshot:0	0	3	Epoch:1	Loss:26.666	MRR:16.44	Hits@10:30.95	Best:16.44
2024-09-11 11:31:54,343 INFO    : Snapshot:0	0	3	Epoch:2	Loss:15.783	MRR:20.92	Hits@10:35.61	Best:20.92
2024-09-11 11:32:01,387 INFO    : Snapshot:0	0	3	Epoch:3	Loss:9.026	MRR:23.2	Hits@10:37.42	Best:23.2
2024-09-11 11:32:08,565 INFO    : Snapshot:0	0	3	Epoch:4	Loss:5.212	MRR:24.25	Hits@10:38.35	Best:24.25
2024-09-11 11:32:15,511 INFO    : Snapshot:0	0	3	Epoch:5	Loss:3.235	MRR:24.59	Hits@10:39.07	Best:24.59
2024-09-11 11:32:22,303 INFO    : Snapshot:0	0	3	Epoch:6	Loss:2.188	MRR:24.67	Hits@10:39.28	Best:24.67
2024-09-11 11:32:28,709 INFO    : Snapshot:0	0	3	Epoch:7	Loss:1.639	MRR:24.77	Hits@10:39.31	Best:24.77
2024-09-11 11:32:35,169 INFO    : Snapshot:0	0	3	Epoch:8	Loss:1.291	MRR:24.83	Hits@10:39.5	Best:24.83
2024-09-11 11:32:41,522 INFO    : Snapshot:0	1	3	Epoch:9	Loss:1.085	MRR:24.8	Hits@10:39.52	Best:24.83
2024-09-11 11:32:47,872 INFO    : Snapshot:0	2	3	Epoch:10	Loss:0.926	MRR:24.7	Hits@10:39.44	Best:24.83
2024-09-11 11:32:54,321 INFO    : Early Stopping! Snapshot:0 Epoch: 11 Best Results: 24.83
2024-09-11 11:32:54,425 INFO    : => loading checkpoint './checkpoint/FACT\0model_best.tar'
2024-09-11 11:32:58,262 INFO    : 
+------------+------+--------+--------+--------+---------+
| Snapshot:0 | MRR  | Hits@1 | Hits@3 | Hits@5 | Hits@10 |
+------------+------+--------+--------+--------+---------+
|     0      | 0.24 | 0.1585 | 0.2781 | 0.3244 |  0.3882 |
+------------+------+--------+--------+--------+---------+
2024-09-11 11:33:13,886 INFO    : Snapshot:1	0	3	Epoch:0	Loss:18.96	MRR:18.38	Hits@10:29.68	Best:18.38
2024-09-11 11:33:21,475 INFO    : Snapshot:1	0	3	Epoch:1	Loss:15.974	MRR:18.85	Hits@10:30.27	Best:18.85
2024-09-11 11:33:29,483 INFO    : Snapshot:1	0	3	Epoch:2	Loss:15.357	MRR:19.12	Hits@10:30.83	Best:19.12
2024-09-11 11:33:37,320 INFO    : Snapshot:1	0	3	Epoch:3	Loss:15.081	MRR:19.27	Hits@10:31.02	Best:19.27
2024-09-11 11:33:45,181 INFO    : Snapshot:1	1	3	Epoch:4	Loss:14.978	MRR:19.27	Hits@10:31.17	Best:19.27
2024-09-11 11:33:53,026 INFO    : Snapshot:1	0	3	Epoch:5	Loss:14.874	MRR:19.39	Hits@10:31.45	Best:19.39
2024-09-11 11:34:00,909 INFO    : Snapshot:1	0	3	Epoch:6	Loss:14.794	MRR:19.48	Hits@10:31.5	Best:19.48
2024-09-11 11:34:08,699 INFO    : Snapshot:1	1	3	Epoch:7	Loss:14.72	MRR:19.47	Hits@10:31.54	Best:19.48
2024-09-11 11:34:16,598 INFO    : Snapshot:1	2	3	Epoch:8	Loss:14.692	MRR:19.45	Hits@10:31.63	Best:19.48
2024-09-11 11:34:24,681 INFO    : Snapshot:1	0	3	Epoch:9	Loss:14.657	MRR:19.52	Hits@10:31.69	Best:19.52
2024-09-11 11:34:32,494 INFO    : Snapshot:1	0	3	Epoch:10	Loss:14.628	MRR:19.54	Hits@10:31.61	Best:19.54
2024-09-11 11:34:40,394 INFO    : Snapshot:1	1	3	Epoch:11	Loss:14.623	MRR:19.53	Hits@10:31.64	Best:19.54
2024-09-11 11:34:48,286 INFO    : Snapshot:1	0	3	Epoch:12	Loss:14.612	MRR:19.59	Hits@10:31.69	Best:19.59
2024-09-11 11:34:56,078 INFO    : Snapshot:1	1	3	Epoch:13	Loss:14.566	MRR:19.54	Hits@10:31.7	Best:19.59
2024-09-11 11:35:03,890 INFO    : Snapshot:1	0	3	Epoch:14	Loss:14.585	MRR:19.6	Hits@10:31.73	Best:19.6
2024-09-11 11:35:11,659 INFO    : Snapshot:1	1	3	Epoch:15	Loss:14.522	MRR:19.58	Hits@10:31.8	Best:19.6
2024-09-11 11:35:19,574 INFO    : Snapshot:1	0	3	Epoch:16	Loss:14.509	MRR:19.65	Hits@10:31.93	Best:19.65
2024-09-11 11:35:27,415 INFO    : Snapshot:1	1	3	Epoch:17	Loss:14.495	MRR:19.6	Hits@10:31.8	Best:19.65
2024-09-11 11:35:35,244 INFO    : Snapshot:1	2	3	Epoch:18	Loss:14.509	MRR:19.59	Hits@10:31.87	Best:19.65
2024-09-11 11:35:43,058 INFO    : Early Stopping! Snapshot:1 Epoch: 19 Best Results: 19.65
2024-09-11 11:35:43,154 INFO    : => loading checkpoint './checkpoint/FACT\1model_best.tar'
2024-09-11 11:35:52,633 INFO    : 
+------------+--------+--------+--------+--------+---------+
| Snapshot:1 |  MRR   | Hits@1 | Hits@3 | Hits@5 | Hits@10 |
+------------+--------+--------+--------+--------+---------+
|     0      |  0.24  | 0.1585 | 0.2781 | 0.3244 |  0.3882 |
|     1      | 0.1932 | 0.1247 | 0.2233 | 0.2635 |  0.3161 |
+------------+--------+--------+--------+--------+---------+
2024-09-11 11:36:09,350 INFO    : Snapshot:2	0	3	Epoch:0	Loss:17.691	MRR:16.91	Hits@10:28.74	Best:16.91
2024-09-11 11:36:17,625 INFO    : Snapshot:2	0	3	Epoch:1	Loss:16.577	MRR:17.07	Hits@10:28.8	Best:17.07
2024-09-11 11:36:25,956 INFO    : Snapshot:2	0	3	Epoch:2	Loss:16.428	MRR:17.1	Hits@10:28.97	Best:17.1
2024-09-11 11:36:34,223 INFO    : Snapshot:2	0	3	Epoch:3	Loss:16.342	MRR:17.19	Hits@10:29.09	Best:17.19
2024-09-11 11:36:42,547 INFO    : Snapshot:2	0	3	Epoch:4	Loss:16.302	MRR:17.2	Hits@10:29.15	Best:17.2
2024-09-11 11:36:50,862 INFO    : Snapshot:2	0	3	Epoch:5	Loss:16.281	MRR:17.24	Hits@10:29.19	Best:17.24
2024-09-11 11:36:59,098 INFO    : Snapshot:2	1	3	Epoch:6	Loss:16.26	MRR:17.23	Hits@10:29.26	Best:17.24
2024-09-11 11:37:07,333 INFO    : Snapshot:2	2	3	Epoch:7	Loss:16.228	MRR:17.23	Hits@10:29.22	Best:17.24
2024-09-11 11:37:15,677 INFO    : Snapshot:2	0	3	Epoch:8	Loss:16.219	MRR:17.25	Hits@10:29.21	Best:17.25
2024-09-11 11:37:23,907 INFO    : Snapshot:2	0	3	Epoch:9	Loss:16.197	MRR:17.27	Hits@10:29.24	Best:17.27
2024-09-11 11:37:32,139 INFO    : Snapshot:2	0	3	Epoch:10	Loss:16.222	MRR:17.28	Hits@10:29.26	Best:17.28
2024-09-11 11:37:40,456 INFO    : Snapshot:2	1	3	Epoch:11	Loss:16.195	MRR:17.22	Hits@10:29.21	Best:17.28
2024-09-11 11:37:48,715 INFO    : Snapshot:2	2	3	Epoch:12	Loss:16.204	MRR:17.24	Hits@10:29.29	Best:17.28
2024-09-11 11:37:57,066 INFO    : Snapshot:2	0	3	Epoch:13	Loss:16.18	MRR:17.3	Hits@10:29.25	Best:17.3
2024-09-11 11:38:05,337 INFO    : Snapshot:2	1	3	Epoch:14	Loss:16.196	MRR:17.3	Hits@10:29.38	Best:17.3
2024-09-11 11:38:13,636 INFO    : Snapshot:2	2	3	Epoch:15	Loss:16.173	MRR:17.27	Hits@10:29.33	Best:17.3
2024-09-11 11:38:22,088 INFO    : Early Stopping! Snapshot:2 Epoch: 16 Best Results: 17.3
2024-09-11 11:38:22,186 INFO    : => loading checkpoint './checkpoint/FACT\2model_best.tar'
2024-09-11 11:38:36,980 INFO    : 
+------------+--------+--------+--------+--------+---------+
| Snapshot:2 |  MRR   | Hits@1 | Hits@3 | Hits@5 | Hits@10 |
+------------+--------+--------+--------+--------+---------+
|     0      |  0.24  | 0.1585 | 0.2781 | 0.3244 |  0.3882 |
|     1      | 0.1932 | 0.1247 | 0.2233 | 0.2635 |  0.3161 |
|     2      | 0.1715 | 0.1059 | 0.1975 | 0.2367 |  0.2921 |
+------------+--------+--------+--------+--------+---------+
2024-09-11 11:38:53,956 INFO    : Snapshot:3	0	3	Epoch:0	Loss:17.394	MRR:14.34	Hits@10:25.36	Best:14.34
2024-09-11 11:39:02,348 INFO    : Snapshot:3	0	3	Epoch:1	Loss:16.968	MRR:14.37	Hits@10:25.48	Best:14.37
2024-09-11 11:39:10,734 INFO    : Snapshot:3	0	3	Epoch:2	Loss:16.925	MRR:14.4	Hits@10:25.53	Best:14.4
2024-09-11 11:39:19,106 INFO    : Snapshot:3	0	3	Epoch:3	Loss:16.857	MRR:14.46	Hits@10:25.5	Best:14.46
2024-09-11 11:39:27,481 INFO    : Snapshot:3	1	3	Epoch:4	Loss:16.903	MRR:14.39	Hits@10:25.41	Best:14.46
2024-09-11 11:39:35,908 INFO    : Snapshot:3	2	3	Epoch:5	Loss:16.854	MRR:14.43	Hits@10:25.5	Best:14.46
2024-09-11 11:39:44,433 INFO    : Early Stopping! Snapshot:3 Epoch: 6 Best Results: 14.46
2024-09-11 11:39:44,527 INFO    : => loading checkpoint './checkpoint/FACT\3model_best.tar'
2024-09-11 11:40:05,563 INFO    : 
+------------+--------+--------+--------+--------+---------+
| Snapshot:3 |  MRR   | Hits@1 | Hits@3 | Hits@5 | Hits@10 |
+------------+--------+--------+--------+--------+---------+
|     0      |  0.24  | 0.1585 | 0.2781 | 0.3244 |  0.3882 |
|     1      | 0.1932 | 0.1247 | 0.2233 | 0.2635 |  0.3161 |
|     2      | 0.1715 | 0.1059 | 0.1975 | 0.2367 |  0.2921 |
|     3      | 0.1462 | 0.0849 | 0.1661 | 0.205  |  0.2592 |
+------------+--------+--------+--------+--------+---------+
2024-09-11 11:41:26,424 INFO    : Snapshot:4	0	3	Epoch:0	Loss:17.042	MRR:10.84	Hits@10:20.64	Best:10.84
2024-09-11 11:42:06,563 INFO    : Snapshot:4	0	3	Epoch:1	Loss:16.39	MRR:10.85	Hits@10:20.79	Best:10.85
2024-09-11 11:42:46,698 INFO    : Snapshot:4	0	3	Epoch:2	Loss:16.327	MRR:10.87	Hits@10:20.84	Best:10.87
2024-09-11 11:43:26,836 INFO    : Snapshot:4	1	3	Epoch:3	Loss:16.325	MRR:10.82	Hits@10:20.77	Best:10.87
2024-09-11 11:44:07,002 INFO    : Snapshot:4	0	3	Epoch:4	Loss:16.294	MRR:10.88	Hits@10:20.76	Best:10.88
2024-09-11 11:44:47,028 INFO    : Snapshot:4	0	3	Epoch:5	Loss:16.276	MRR:10.92	Hits@10:20.81	Best:10.92
2024-09-11 11:45:26,973 INFO    : Snapshot:4	1	3	Epoch:6	Loss:16.281	MRR:10.91	Hits@10:20.91	Best:10.92
2024-09-11 11:46:06,923 INFO    : Snapshot:4	2	3	Epoch:7	Loss:16.27	MRR:10.87	Hits@10:20.78	Best:10.92
2024-09-11 11:46:46,926 INFO    : Snapshot:4	0	3	Epoch:8	Loss:16.262	MRR:10.93	Hits@10:20.85	Best:10.93
2024-09-11 11:47:27,048 INFO    : Snapshot:4	0	3	Epoch:9	Loss:16.256	MRR:10.94	Hits@10:20.8	Best:10.94
2024-09-11 11:48:07,227 INFO    : Snapshot:4	1	3	Epoch:10	Loss:16.254	MRR:10.91	Hits@10:20.86	Best:10.94
2024-09-11 11:48:47,448 INFO    : Snapshot:4	0	3	Epoch:11	Loss:16.245	MRR:10.97	Hits@10:20.86	Best:10.97
2024-09-11 11:49:27,552 INFO    : Snapshot:4	1	3	Epoch:12	Loss:16.264	MRR:10.94	Hits@10:20.83	Best:10.97
2024-09-11 11:50:07,708 INFO    : Snapshot:4	2	3	Epoch:13	Loss:16.239	MRR:10.94	Hits@10:20.78	Best:10.97
2024-09-11 11:50:47,848 INFO    : Early Stopping! Snapshot:4 Epoch: 14 Best Results: 10.97
2024-09-11 11:50:47,986 INFO    : => loading checkpoint './checkpoint/FACT\4model_best.tar'
2024-09-11 11:51:46,697 INFO    : 
+------------+--------+--------+--------+--------+---------+
| Snapshot:4 |  MRR   | Hits@1 | Hits@3 | Hits@5 | Hits@10 |
+------------+--------+--------+--------+--------+---------+
|     0      |  0.24  | 0.1585 | 0.2781 | 0.3244 |  0.3882 |
|     1      | 0.1932 | 0.1247 | 0.2233 | 0.2635 |  0.3161 |
|     2      | 0.1715 | 0.1059 | 0.1975 | 0.2367 |  0.2921 |
|     3      | 0.1462 | 0.0849 | 0.1661 | 0.205  |  0.2592 |
|     4      | 0.1093 | 0.0549 | 0.1207 | 0.1522 |  0.207  |
+------------+--------+--------+--------+--------+---------+
2024-09-11 11:51:46,698 INFO    : Final Result:
[+------------+------+--------+--------+--------+---------+
| Snapshot:0 | MRR  | Hits@1 | Hits@3 | Hits@5 | Hits@10 |
+------------+------+--------+--------+--------+---------+
|     0      | 0.24 | 0.1585 | 0.2781 | 0.3244 |  0.3882 |
+------------+------+--------+--------+--------+---------+, +------------+--------+--------+--------+--------+---------+
| Snapshot:1 |  MRR   | Hits@1 | Hits@3 | Hits@5 | Hits@10 |
+------------+--------+--------+--------+--------+---------+
|     0      |  0.24  | 0.1585 | 0.2781 | 0.3244 |  0.3882 |
|     1      | 0.1932 | 0.1247 | 0.2233 | 0.2635 |  0.3161 |
+------------+--------+--------+--------+--------+---------+, +------------+--------+--------+--------+--------+---------+
| Snapshot:2 |  MRR   | Hits@1 | Hits@3 | Hits@5 | Hits@10 |
+------------+--------+--------+--------+--------+---------+
|     0      |  0.24  | 0.1585 | 0.2781 | 0.3244 |  0.3882 |
|     1      | 0.1932 | 0.1247 | 0.2233 | 0.2635 |  0.3161 |
|     2      | 0.1715 | 0.1059 | 0.1975 | 0.2367 |  0.2921 |
+------------+--------+--------+--------+--------+---------+, +------------+--------+--------+--------+--------+---------+
| Snapshot:3 |  MRR   | Hits@1 | Hits@3 | Hits@5 | Hits@10 |
+------------+--------+--------+--------+--------+---------+
|     0      |  0.24  | 0.1585 | 0.2781 | 0.3244 |  0.3882 |
|     1      | 0.1932 | 0.1247 | 0.2233 | 0.2635 |  0.3161 |
|     2      | 0.1715 | 0.1059 | 0.1975 | 0.2367 |  0.2921 |
|     3      | 0.1462 | 0.0849 | 0.1661 | 0.205  |  0.2592 |
+------------+--------+--------+--------+--------+---------+, +------------+--------+--------+--------+--------+---------+
| Snapshot:4 |  MRR   | Hits@1 | Hits@3 | Hits@5 | Hits@10 |
+------------+--------+--------+--------+--------+---------+
|     0      |  0.24  | 0.1585 | 0.2781 | 0.3244 |  0.3882 |
|     1      | 0.1932 | 0.1247 | 0.2233 | 0.2635 |  0.3161 |
|     2      | 0.1715 | 0.1059 | 0.1975 | 0.2367 |  0.2921 |
|     3      | 0.1462 | 0.0849 | 0.1661 | 0.205  |  0.2592 |
|     4      | 0.1093 | 0.0549 | 0.1207 | 0.1522 |  0.207  |
+------------+--------+--------+--------+--------+---------+]
2024-09-11 11:51:46,699 INFO    : Report Result:
+----------+--------------------+-----------+--------------+--------------+---------------+
| Snapshot |        Time        | Whole_MRR | Whole_Hits@1 | Whole_Hits@3 | Whole_Hits@10 |
+----------+--------------------+-----------+--------------+--------------+---------------+
|    0     | 82.62709903717041  |    0.24   |    0.159     |    0.278     |     0.388     |
|    1     |  159.428475856781  |   0.217   |    0.142     |    0.251     |     0.352     |
|    2     | 143.70271492004395 |   0.202   |     0.13     |    0.233     |     0.332     |
|    3     | 61.40839409828186  |   0.188   |    0.119     |    0.216     |     0.314     |
|    4     | 604.3455183506012  |   0.172   |    0.106     |    0.197     |     0.293     |
+----------+--------------------+-----------+--------------+--------------+---------------+
2024-09-11 11:51:46,699 INFO    : Sum_Training_Time:1051.5122022628784
2024-09-11 11:51:46,699 INFO    : Every_Training_Time:[82.62709903717041, 159.428475856781, 143.70271492004395, 61.40839409828186, 604.3455183506012]
2024-09-11 11:51:46,699 INFO    : Forward transfer: 0.1408 Backward transfer: 0.0
