2025-01-14 16:44:03,680 INFO    : Namespace(batch_size=1024, data_path='./data/FACT/', dataset='FACT', debug=False, device=device(type='cuda', index=0), emb_dim=200, ent_r='200', epoch_num=200, explore=False, gpu='0', l2=0.0, learning_rate='3e-1', log_path='./logs/FACT 200 20 3e-1 1024/FACT 20250114164353', logger=<RootLogger root (INFO)>, margin=8.0, model_name='LoraKGE_Layers', multi_layers_path='train_sorted_by_edges_betweenness.txt', neg_ratio=10, note='', num_ent_layers='20', num_layer=1, num_rel_layers='1', patience='10', predict_result=False, r=100, r_fixed=True, random_seed=3407, record=False, rel_r='200', save_path='./checkpoint/FACT', skip_previous='False', snapshot_num=5, train_new=True, using_multi_layers=False, using_various_ranks='True', using_various_ranks_reverse=False, valid_metrics='mrr')
2025-01-14 16:44:12,351 INFO    : Snapshot:0	0	10	Epoch:0	Loss:47.564	MRR:7.09	Hits@10:15.03	Best:7.09
2025-01-14 16:44:18,906 INFO    : Snapshot:0	0	10	Epoch:1	Loss:34.837	MRR:10.88	Hits@10:23.09	Best:10.88
2025-01-14 16:44:25,365 INFO    : Snapshot:0	0	10	Epoch:2	Loss:25.279	MRR:14.91	Hits@10:29.3	Best:14.91
2025-01-14 16:44:32,171 INFO    : Snapshot:0	0	10	Epoch:3	Loss:18.001	MRR:18.16	Hits@10:33.02	Best:18.16
2025-01-14 16:44:38,995 INFO    : Snapshot:0	0	10	Epoch:4	Loss:12.634	MRR:20.66	Hits@10:35.14	Best:20.66
2025-01-14 16:44:45,823 INFO    : Snapshot:0	0	10	Epoch:5	Loss:8.805	MRR:22.17	Hits@10:36.59	Best:22.17
2025-01-14 16:44:52,594 INFO    : Snapshot:0	0	10	Epoch:6	Loss:6.185	MRR:23.14	Hits@10:37.42	Best:23.14
2025-01-14 16:44:58,941 INFO    : Snapshot:0	0	10	Epoch:7	Loss:4.48	MRR:23.65	Hits@10:37.88	Best:23.65
2025-01-14 16:45:05,319 INFO    : Snapshot:0	0	10	Epoch:8	Loss:3.328	MRR:23.96	Hits@10:38.48	Best:23.96
2025-01-14 16:45:12,025 INFO    : Snapshot:0	0	10	Epoch:9	Loss:2.548	MRR:24.3	Hits@10:38.7	Best:24.3
2025-01-14 16:45:18,848 INFO    : Snapshot:0	0	10	Epoch:10	Loss:1.98	MRR:24.36	Hits@10:38.68	Best:24.36
2025-01-14 16:45:25,404 INFO    : Snapshot:0	0	10	Epoch:11	Loss:1.646	MRR:24.66	Hits@10:39.06	Best:24.66
2025-01-14 16:45:31,970 INFO    : Snapshot:0	0	10	Epoch:12	Loss:1.369	MRR:24.73	Hits@10:39.15	Best:24.73
2025-01-14 16:45:38,711 INFO    : Snapshot:0	0	10	Epoch:13	Loss:1.174	MRR:24.74	Hits@10:39.23	Best:24.74
2025-01-14 16:45:45,561 INFO    : Snapshot:0	1	10	Epoch:14	Loss:1.054	MRR:24.67	Hits@10:39.46	Best:24.74
2025-01-14 16:45:52,237 INFO    : Snapshot:0	2	10	Epoch:15	Loss:0.913	MRR:24.56	Hits@10:39.46	Best:24.74
2025-01-14 16:45:59,126 INFO    : Snapshot:0	0	10	Epoch:16	Loss:0.83	MRR:24.75	Hits@10:39.47	Best:24.75
2025-01-14 16:46:06,020 INFO    : Snapshot:0	0	10	Epoch:17	Loss:0.772	MRR:24.76	Hits@10:39.75	Best:24.76
2025-01-14 16:46:12,930 INFO    : Snapshot:0	1	10	Epoch:18	Loss:0.715	MRR:24.57	Hits@10:39.36	Best:24.76
2025-01-14 16:46:19,573 INFO    : Snapshot:0	2	10	Epoch:19	Loss:0.661	MRR:24.64	Hits@10:39.55	Best:24.76
2025-01-14 16:46:26,207 INFO    : Snapshot:0	3	10	Epoch:20	Loss:0.639	MRR:24.66	Hits@10:39.46	Best:24.76
2025-01-14 16:46:32,961 INFO    : Snapshot:0	4	10	Epoch:21	Loss:0.602	MRR:24.75	Hits@10:39.36	Best:24.76
2025-01-14 16:46:39,721 INFO    : Snapshot:0	5	10	Epoch:22	Loss:0.588	MRR:24.41	Hits@10:39.31	Best:24.76
2025-01-14 16:46:46,072 INFO    : Snapshot:0	6	10	Epoch:23	Loss:0.574	MRR:24.69	Hits@10:39.48	Best:24.76
2025-01-14 16:46:52,288 INFO    : Snapshot:0	7	10	Epoch:24	Loss:0.55	MRR:24.6	Hits@10:39.5	Best:24.76
2025-01-14 16:46:58,975 INFO    : Snapshot:0	8	10	Epoch:25	Loss:0.526	MRR:24.46	Hits@10:39.46	Best:24.76
2025-01-14 16:47:06,005 INFO    : Snapshot:0	9	10	Epoch:26	Loss:0.511	MRR:24.35	Hits@10:39.4	Best:24.76
2025-01-14 16:47:12,537 INFO    : Early Stopping! Snapshot:0 Epoch: 27 Best Results: 24.76
2025-01-14 16:47:12,638 INFO    : => loading checkpoint './checkpoint/FACT\0model_best.tar'
2025-01-14 16:47:16,837 INFO    : 
+------------+--------+--------+--------+--------+---------+
| Snapshot:0 |  MRR   | Hits@1 | Hits@3 | Hits@5 | Hits@10 |
+------------+--------+--------+--------+--------+---------+
|     0      | 0.2396 | 0.1582 | 0.2773 | 0.3272 |  0.3869 |
+------------+--------+--------+--------+--------+---------+
2025-01-14 16:47:35,379 INFO    : Snapshot:1	0	10	Epoch:0	Loss:17.831	MRR:18.39	Hits@10:30.04	Best:18.39
2025-01-14 16:47:45,060 INFO    : Snapshot:1	0	10	Epoch:1	Loss:15.004	MRR:18.85	Hits@10:30.64	Best:18.85
2025-01-14 16:47:54,755 INFO    : Snapshot:1	0	10	Epoch:2	Loss:14.479	MRR:19.01	Hits@10:31.0	Best:19.01
2025-01-14 16:48:04,625 INFO    : Snapshot:1	0	10	Epoch:3	Loss:14.225	MRR:19.12	Hits@10:31.22	Best:19.12
2025-01-14 16:48:14,567 INFO    : Snapshot:1	1	10	Epoch:4	Loss:14.086	MRR:19.09	Hits@10:31.21	Best:19.12
2025-01-14 16:48:24,281 INFO    : Snapshot:1	0	10	Epoch:5	Loss:14.008	MRR:19.23	Hits@10:31.35	Best:19.23
2025-01-14 16:48:34,128 INFO    : Snapshot:1	1	10	Epoch:6	Loss:13.938	MRR:19.17	Hits@10:31.31	Best:19.23
2025-01-14 16:48:43,785 INFO    : Snapshot:1	2	10	Epoch:7	Loss:13.873	MRR:19.23	Hits@10:31.49	Best:19.23
2025-01-14 16:48:53,477 INFO    : Snapshot:1	0	10	Epoch:8	Loss:13.831	MRR:19.26	Hits@10:31.6	Best:19.26
2025-01-14 16:49:03,359 INFO    : Snapshot:1	0	10	Epoch:9	Loss:13.81	MRR:19.3	Hits@10:31.54	Best:19.3
2025-01-14 16:49:13,108 INFO    : Snapshot:1	0	10	Epoch:10	Loss:13.781	MRR:19.33	Hits@10:31.58	Best:19.33
2025-01-14 16:49:22,392 INFO    : Snapshot:1	0	10	Epoch:11	Loss:13.731	MRR:19.35	Hits@10:31.72	Best:19.35
2025-01-14 16:49:31,539 INFO    : Snapshot:1	0	10	Epoch:12	Loss:13.736	MRR:19.36	Hits@10:31.69	Best:19.36
2025-01-14 16:49:40,654 INFO    : Snapshot:1	1	10	Epoch:13	Loss:13.703	MRR:19.36	Hits@10:31.72	Best:19.36
2025-01-14 16:49:49,951 INFO    : Snapshot:1	2	10	Epoch:14	Loss:13.694	MRR:19.36	Hits@10:31.71	Best:19.36
2025-01-14 16:49:59,158 INFO    : Snapshot:1	3	10	Epoch:15	Loss:13.701	MRR:19.3	Hits@10:31.61	Best:19.36
2025-01-14 16:50:08,379 INFO    : Snapshot:1	4	10	Epoch:16	Loss:13.652	MRR:19.35	Hits@10:31.77	Best:19.36
2025-01-14 16:50:17,588 INFO    : Snapshot:1	0	10	Epoch:17	Loss:13.661	MRR:19.41	Hits@10:31.7	Best:19.41
2025-01-14 16:50:27,213 INFO    : Snapshot:1	1	10	Epoch:18	Loss:13.68	MRR:19.38	Hits@10:31.74	Best:19.41
2025-01-14 16:50:37,079 INFO    : Snapshot:1	2	10	Epoch:19	Loss:13.635	MRR:19.33	Hits@10:31.64	Best:19.41
2025-01-14 16:50:46,702 INFO    : Snapshot:1	0	10	Epoch:20	Loss:13.607	MRR:19.43	Hits@10:31.76	Best:19.43
2025-01-14 16:50:56,141 INFO    : Snapshot:1	1	10	Epoch:21	Loss:13.611	MRR:19.38	Hits@10:31.84	Best:19.43
2025-01-14 16:51:05,419 INFO    : Snapshot:1	2	10	Epoch:22	Loss:13.588	MRR:19.43	Hits@10:31.94	Best:19.43
2025-01-14 16:51:15,009 INFO    : Snapshot:1	0	10	Epoch:23	Loss:13.621	MRR:19.45	Hits@10:31.92	Best:19.45
2025-01-14 16:51:24,603 INFO    : Snapshot:1	1	10	Epoch:24	Loss:13.573	MRR:19.41	Hits@10:31.87	Best:19.45
2025-01-14 16:51:34,233 INFO    : Snapshot:1	2	10	Epoch:25	Loss:13.566	MRR:19.45	Hits@10:31.88	Best:19.45
2025-01-14 16:51:43,961 INFO    : Snapshot:1	0	10	Epoch:26	Loss:13.614	MRR:19.46	Hits@10:31.95	Best:19.46
2025-01-14 16:51:53,687 INFO    : Snapshot:1	1	10	Epoch:27	Loss:13.561	MRR:19.46	Hits@10:31.86	Best:19.46
2025-01-14 16:52:03,265 INFO    : Snapshot:1	2	10	Epoch:28	Loss:13.566	MRR:19.46	Hits@10:31.97	Best:19.46
2025-01-14 16:52:12,681 INFO    : Snapshot:1	3	10	Epoch:29	Loss:13.574	MRR:19.4	Hits@10:31.9	Best:19.46
2025-01-14 16:52:22,595 INFO    : Snapshot:1	0	10	Epoch:30	Loss:13.554	MRR:19.47	Hits@10:31.84	Best:19.47
2025-01-14 16:52:32,431 INFO    : Snapshot:1	1	10	Epoch:31	Loss:13.536	MRR:19.46	Hits@10:31.91	Best:19.47
2025-01-14 16:52:42,317 INFO    : Snapshot:1	2	10	Epoch:32	Loss:13.528	MRR:19.47	Hits@10:32.02	Best:19.47
2025-01-14 16:52:52,284 INFO    : Snapshot:1	3	10	Epoch:33	Loss:13.53	MRR:19.45	Hits@10:31.89	Best:19.47
2025-01-14 16:53:01,969 INFO    : Snapshot:1	0	10	Epoch:34	Loss:13.532	MRR:19.53	Hits@10:31.9	Best:19.53
2025-01-14 16:53:11,627 INFO    : Snapshot:1	1	10	Epoch:35	Loss:13.556	MRR:19.47	Hits@10:31.98	Best:19.53
2025-01-14 16:53:21,502 INFO    : Snapshot:1	2	10	Epoch:36	Loss:13.522	MRR:19.53	Hits@10:31.94	Best:19.53
2025-01-14 16:53:31,245 INFO    : Snapshot:1	3	10	Epoch:37	Loss:13.518	MRR:19.48	Hits@10:31.91	Best:19.53
2025-01-14 16:53:40,917 INFO    : Snapshot:1	4	10	Epoch:38	Loss:13.548	MRR:19.45	Hits@10:31.99	Best:19.53
2025-01-14 16:53:50,184 INFO    : Snapshot:1	5	10	Epoch:39	Loss:13.533	MRR:19.48	Hits@10:31.97	Best:19.53
2025-01-14 16:53:59,647 INFO    : Snapshot:1	6	10	Epoch:40	Loss:13.552	MRR:19.42	Hits@10:31.9	Best:19.53
2025-01-14 16:54:09,281 INFO    : Snapshot:1	7	10	Epoch:41	Loss:13.543	MRR:19.48	Hits@10:31.95	Best:19.53
2025-01-14 16:54:19,167 INFO    : Snapshot:1	8	10	Epoch:42	Loss:13.523	MRR:19.51	Hits@10:31.97	Best:19.53
2025-01-14 16:54:28,974 INFO    : Snapshot:1	9	10	Epoch:43	Loss:13.582	MRR:19.46	Hits@10:31.91	Best:19.53
2025-01-14 16:54:38,571 INFO    : Early Stopping! Snapshot:1 Epoch: 44 Best Results: 19.53
2025-01-14 16:54:38,678 INFO    : => loading checkpoint './checkpoint/FACT\1model_best.tar'
2025-01-14 16:54:48,588 INFO    : 
+------------+--------+--------+--------+--------+---------+
| Snapshot:1 |  MRR   | Hits@1 | Hits@3 | Hits@5 | Hits@10 |
+------------+--------+--------+--------+--------+---------+
|     0      | 0.2396 | 0.1582 | 0.2773 | 0.3272 |  0.3869 |
|     1      | 0.1939 | 0.1254 | 0.2254 | 0.2636 |  0.3185 |
+------------+--------+--------+--------+--------+---------+
2025-01-14 16:55:07,172 INFO    : Snapshot:2	0	10	Epoch:0	Loss:16.623	MRR:17.0	Hits@10:28.99	Best:17.0
2025-01-14 16:55:17,066 INFO    : Snapshot:2	0	10	Epoch:1	Loss:15.611	MRR:17.15	Hits@10:29.03	Best:17.15
2025-01-14 16:55:26,583 INFO    : Snapshot:2	1	10	Epoch:2	Loss:15.42	MRR:17.15	Hits@10:29.12	Best:17.15
2025-01-14 16:55:36,248 INFO    : Snapshot:2	2	10	Epoch:3	Loss:15.386	MRR:17.12	Hits@10:29.14	Best:17.15
2025-01-14 16:55:46,068 INFO    : Snapshot:2	0	10	Epoch:4	Loss:15.342	MRR:17.18	Hits@10:29.27	Best:17.18
2025-01-14 16:55:56,035 INFO    : Snapshot:2	1	10	Epoch:5	Loss:15.351	MRR:17.18	Hits@10:29.21	Best:17.18
2025-01-14 16:56:05,938 INFO    : Snapshot:2	2	10	Epoch:6	Loss:15.334	MRR:17.16	Hits@10:29.18	Best:17.18
2025-01-14 16:56:15,967 INFO    : Snapshot:2	0	10	Epoch:7	Loss:15.274	MRR:17.21	Hits@10:29.29	Best:17.21
2025-01-14 16:56:25,977 INFO    : Snapshot:2	0	10	Epoch:8	Loss:15.294	MRR:17.22	Hits@10:29.29	Best:17.22
2025-01-14 16:56:36,049 INFO    : Snapshot:2	0	10	Epoch:9	Loss:15.263	MRR:17.24	Hits@10:29.3	Best:17.24
2025-01-14 16:56:46,075 INFO    : Snapshot:2	0	10	Epoch:10	Loss:15.277	MRR:17.25	Hits@10:29.34	Best:17.25
2025-01-14 16:56:56,128 INFO    : Snapshot:2	1	10	Epoch:11	Loss:15.264	MRR:17.22	Hits@10:29.29	Best:17.25
2025-01-14 16:57:06,389 INFO    : Snapshot:2	2	10	Epoch:12	Loss:15.24	MRR:17.24	Hits@10:29.28	Best:17.25
2025-01-14 16:57:16,610 INFO    : Snapshot:2	3	10	Epoch:13	Loss:15.249	MRR:17.22	Hits@10:29.19	Best:17.25
2025-01-14 16:57:26,980 INFO    : Snapshot:2	4	10	Epoch:14	Loss:15.237	MRR:17.22	Hits@10:29.32	Best:17.25
2025-01-14 16:57:37,154 INFO    : Snapshot:2	5	10	Epoch:15	Loss:15.248	MRR:17.23	Hits@10:29.34	Best:17.25
2025-01-14 16:57:47,352 INFO    : Snapshot:2	6	10	Epoch:16	Loss:15.214	MRR:17.23	Hits@10:29.31	Best:17.25
2025-01-14 16:57:57,719 INFO    : Snapshot:2	7	10	Epoch:17	Loss:15.224	MRR:17.2	Hits@10:29.32	Best:17.25
2025-01-14 16:58:08,315 INFO    : Snapshot:2	8	10	Epoch:18	Loss:15.235	MRR:17.24	Hits@10:29.41	Best:17.25
2025-01-14 16:58:18,706 INFO    : Snapshot:2	9	10	Epoch:19	Loss:15.191	MRR:17.25	Hits@10:29.36	Best:17.25
2025-01-14 16:58:28,970 INFO    : Snapshot:2	0	10	Epoch:20	Loss:15.203	MRR:17.27	Hits@10:29.37	Best:17.27
2025-01-14 16:58:39,344 INFO    : Snapshot:2	1	10	Epoch:21	Loss:15.186	MRR:17.23	Hits@10:29.32	Best:17.27
2025-01-14 16:58:49,718 INFO    : Snapshot:2	2	10	Epoch:22	Loss:15.198	MRR:17.24	Hits@10:29.34	Best:17.27
2025-01-14 16:58:59,957 INFO    : Snapshot:2	3	10	Epoch:23	Loss:15.226	MRR:17.22	Hits@10:29.4	Best:17.27
2025-01-14 16:59:10,275 INFO    : Snapshot:2	4	10	Epoch:24	Loss:15.192	MRR:17.25	Hits@10:29.4	Best:17.27
2025-01-14 16:59:20,544 INFO    : Snapshot:2	5	10	Epoch:25	Loss:15.23	MRR:17.24	Hits@10:29.32	Best:17.27
2025-01-14 16:59:30,857 INFO    : Snapshot:2	6	10	Epoch:26	Loss:15.203	MRR:17.22	Hits@10:29.32	Best:17.27
2025-01-14 16:59:41,709 INFO    : Snapshot:2	7	10	Epoch:27	Loss:15.226	MRR:17.24	Hits@10:29.37	Best:17.27
2025-01-14 16:59:51,949 INFO    : Snapshot:2	8	10	Epoch:28	Loss:15.234	MRR:17.23	Hits@10:29.33	Best:17.27
2025-01-14 17:00:02,859 INFO    : Snapshot:2	9	10	Epoch:29	Loss:15.172	MRR:17.27	Hits@10:29.42	Best:17.27
2025-01-14 17:00:13,501 INFO    : Early Stopping! Snapshot:2 Epoch: 30 Best Results: 17.27
2025-01-14 17:00:13,622 INFO    : => loading checkpoint './checkpoint/FACT\2model_best.tar'
2025-01-14 17:00:30,279 INFO    : 
+------------+--------+--------+--------+--------+---------+
| Snapshot:2 |  MRR   | Hits@1 | Hits@3 | Hits@5 | Hits@10 |
+------------+--------+--------+--------+--------+---------+
|     0      | 0.2396 | 0.1582 | 0.2773 | 0.3272 |  0.3869 |
|     1      | 0.1939 | 0.1254 | 0.2254 | 0.2636 |  0.3185 |
|     2      | 0.1719 | 0.1079 | 0.1965 | 0.2358 |   0.29  |
+------------+--------+--------+--------+--------+---------+
2025-01-14 17:00:50,865 INFO    : Snapshot:3	0	10	Epoch:0	Loss:16.434	MRR:14.19	Hits@10:25.64	Best:14.19
2025-01-14 17:01:02,868 INFO    : Snapshot:3	0	10	Epoch:1	Loss:15.985	MRR:14.29	Hits@10:25.71	Best:14.29
2025-01-14 17:01:13,336 INFO    : Snapshot:3	1	10	Epoch:2	Loss:15.977	MRR:14.28	Hits@10:25.72	Best:14.29
2025-01-14 17:01:23,798 INFO    : Snapshot:3	2	10	Epoch:3	Loss:15.928	MRR:14.28	Hits@10:25.72	Best:14.29
2025-01-14 17:01:34,546 INFO    : Snapshot:3	0	10	Epoch:4	Loss:15.929	MRR:14.3	Hits@10:25.78	Best:14.3
2025-01-14 17:01:45,114 INFO    : Snapshot:3	1	10	Epoch:5	Loss:15.883	MRR:14.29	Hits@10:25.74	Best:14.3
2025-01-14 17:01:55,978 INFO    : Snapshot:3	2	10	Epoch:6	Loss:15.899	MRR:14.29	Hits@10:25.74	Best:14.3
2025-01-14 17:02:06,257 INFO    : Snapshot:3	3	10	Epoch:7	Loss:15.862	MRR:14.26	Hits@10:25.7	Best:14.3
2025-01-14 17:02:16,383 INFO    : Snapshot:3	0	10	Epoch:8	Loss:15.912	MRR:14.31	Hits@10:25.8	Best:14.31
2025-01-14 17:02:26,612 INFO    : Snapshot:3	0	10	Epoch:9	Loss:15.902	MRR:14.32	Hits@10:25.8	Best:14.32
2025-01-14 17:02:37,389 INFO    : Snapshot:3	1	10	Epoch:10	Loss:15.907	MRR:14.29	Hits@10:25.72	Best:14.32
2025-01-14 17:02:47,950 INFO    : Snapshot:3	0	10	Epoch:11	Loss:15.873	MRR:14.34	Hits@10:25.88	Best:14.34
2025-01-14 17:02:58,350 INFO    : Snapshot:3	1	10	Epoch:12	Loss:15.88	MRR:14.31	Hits@10:25.81	Best:14.34
2025-01-14 17:03:08,545 INFO    : Snapshot:3	2	10	Epoch:13	Loss:15.911	MRR:14.32	Hits@10:25.84	Best:14.34
2025-01-14 17:03:18,823 INFO    : Snapshot:3	3	10	Epoch:14	Loss:15.896	MRR:14.3	Hits@10:25.78	Best:14.34
2025-01-14 17:03:29,404 INFO    : Snapshot:3	4	10	Epoch:15	Loss:15.9	MRR:14.29	Hits@10:25.78	Best:14.34
2025-01-14 17:03:39,900 INFO    : Snapshot:3	5	10	Epoch:16	Loss:15.902	MRR:14.3	Hits@10:25.76	Best:14.34
2025-01-14 17:03:50,106 INFO    : Snapshot:3	6	10	Epoch:17	Loss:15.886	MRR:14.3	Hits@10:25.74	Best:14.34
2025-01-14 17:04:00,691 INFO    : Snapshot:3	7	10	Epoch:18	Loss:15.877	MRR:14.33	Hits@10:25.84	Best:14.34
2025-01-14 17:04:11,169 INFO    : Snapshot:3	8	10	Epoch:19	Loss:15.891	MRR:14.33	Hits@10:25.83	Best:14.34
2025-01-14 17:04:21,573 INFO    : Snapshot:3	0	10	Epoch:20	Loss:15.903	MRR:14.35	Hits@10:25.79	Best:14.35
2025-01-14 17:04:32,287 INFO    : Snapshot:3	1	10	Epoch:21	Loss:15.879	MRR:14.31	Hits@10:25.81	Best:14.35
2025-01-14 17:04:42,567 INFO    : Snapshot:3	2	10	Epoch:22	Loss:15.898	MRR:14.34	Hits@10:25.82	Best:14.35
2025-01-14 17:04:52,430 INFO    : Snapshot:3	3	10	Epoch:23	Loss:15.884	MRR:14.34	Hits@10:25.79	Best:14.35
2025-01-14 17:05:02,889 INFO    : Snapshot:3	4	10	Epoch:24	Loss:15.864	MRR:14.32	Hits@10:25.75	Best:14.35
2025-01-14 17:05:12,831 INFO    : Snapshot:3	5	10	Epoch:25	Loss:15.88	MRR:14.35	Hits@10:25.82	Best:14.35
2025-01-14 17:05:23,154 INFO    : Snapshot:3	6	10	Epoch:26	Loss:15.871	MRR:14.3	Hits@10:25.78	Best:14.35
2025-01-14 17:05:33,622 INFO    : Snapshot:3	7	10	Epoch:27	Loss:15.899	MRR:14.33	Hits@10:25.8	Best:14.35
2025-01-14 17:05:43,824 INFO    : Snapshot:3	8	10	Epoch:28	Loss:15.858	MRR:14.32	Hits@10:25.76	Best:14.35
2025-01-14 17:05:55,045 INFO    : Snapshot:3	9	10	Epoch:29	Loss:15.891	MRR:14.32	Hits@10:25.84	Best:14.35
2025-01-14 17:06:05,409 INFO    : Early Stopping! Snapshot:3 Epoch: 30 Best Results: 14.35
2025-01-14 17:06:05,528 INFO    : => loading checkpoint './checkpoint/FACT\3model_best.tar'
2025-01-14 17:06:28,707 INFO    : 
+------------+--------+--------+--------+--------+---------+
| Snapshot:3 |  MRR   | Hits@1 | Hits@3 | Hits@5 | Hits@10 |
+------------+--------+--------+--------+--------+---------+
|     0      | 0.2396 | 0.1582 | 0.2773 | 0.3272 |  0.3869 |
|     1      | 0.1939 | 0.1254 | 0.2254 | 0.2636 |  0.3185 |
|     2      | 0.1719 | 0.1079 | 0.1965 | 0.2358 |   0.29  |
|     3      | 0.144  | 0.0818 | 0.1634 | 0.2034 |  0.2603 |
+------------+--------+--------+--------+--------+---------+
2025-01-14 17:08:15,725 INFO    : Snapshot:4	0	10	Epoch:0	Loss:16.064	MRR:10.88	Hits@10:21.1	Best:10.88
2025-01-14 17:09:05,594 INFO    : Snapshot:4	0	10	Epoch:1	Loss:15.469	MRR:10.9	Hits@10:21.15	Best:10.9
2025-01-14 17:09:59,667 INFO    : Snapshot:4	0	10	Epoch:2	Loss:15.404	MRR:10.93	Hits@10:21.19	Best:10.93
2025-01-14 17:10:46,328 INFO    : Snapshot:4	1	10	Epoch:3	Loss:15.405	MRR:10.93	Hits@10:21.2	Best:10.93
2025-01-14 17:11:35,957 INFO    : Snapshot:4	0	10	Epoch:4	Loss:15.376	MRR:10.97	Hits@10:21.31	Best:10.97
2025-01-14 17:12:23,016 INFO    : Snapshot:4	1	10	Epoch:5	Loss:15.375	MRR:10.89	Hits@10:21.19	Best:10.97
2025-01-14 17:13:10,555 INFO    : Snapshot:4	0	10	Epoch:6	Loss:15.379	MRR:10.98	Hits@10:21.28	Best:10.98
2025-01-14 17:13:58,093 INFO    : Snapshot:4	1	10	Epoch:7	Loss:15.383	MRR:10.96	Hits@10:21.27	Best:10.98
2025-01-14 17:14:50,403 INFO    : Snapshot:4	2	10	Epoch:8	Loss:15.35	MRR:10.96	Hits@10:21.23	Best:10.98
2025-01-14 17:15:44,224 INFO    : Snapshot:4	3	10	Epoch:9	Loss:15.353	MRR:10.94	Hits@10:21.22	Best:10.98
2025-01-14 17:16:31,773 INFO    : Snapshot:4	4	10	Epoch:10	Loss:15.331	MRR:10.97	Hits@10:21.22	Best:10.98
2025-01-14 17:17:16,462 INFO    : Snapshot:4	5	10	Epoch:11	Loss:15.332	MRR:10.95	Hits@10:21.23	Best:10.98
2025-01-14 17:18:06,317 INFO    : Snapshot:4	6	10	Epoch:12	Loss:15.377	MRR:10.92	Hits@10:21.18	Best:10.98
2025-01-14 17:19:00,559 INFO    : Snapshot:4	7	10	Epoch:13	Loss:15.327	MRR:10.92	Hits@10:21.2	Best:10.98
2025-01-14 17:19:52,674 INFO    : Snapshot:4	8	10	Epoch:14	Loss:15.328	MRR:10.93	Hits@10:21.22	Best:10.98
2025-01-14 17:20:48,637 INFO    : Snapshot:4	9	10	Epoch:15	Loss:15.343	MRR:10.92	Hits@10:21.21	Best:10.98
2025-01-14 17:21:44,853 INFO    : Early Stopping! Snapshot:4 Epoch: 16 Best Results: 10.98
2025-01-14 17:21:44,978 INFO    : => loading checkpoint './checkpoint/FACT\4model_best.tar'
2025-01-14 17:22:55,822 INFO    : 
+------------+--------+--------+--------+--------+---------+
| Snapshot:4 |  MRR   | Hits@1 | Hits@3 | Hits@5 | Hits@10 |
+------------+--------+--------+--------+--------+---------+
|     0      | 0.2396 | 0.1582 | 0.2773 | 0.3272 |  0.3869 |
|     1      | 0.1939 | 0.1254 | 0.2254 | 0.2636 |  0.3185 |
|     2      | 0.1719 | 0.1079 | 0.1965 | 0.2358 |   0.29  |
|     3      | 0.144  | 0.0818 | 0.1634 | 0.2034 |  0.2603 |
|     4      | 0.1081 | 0.0535 | 0.1171 | 0.1503 |  0.2082 |
+------------+--------+--------+--------+--------+---------+
2025-01-14 17:22:55,824 INFO    : Final Result:
[+------------+--------+--------+--------+--------+---------+
| Snapshot:0 |  MRR   | Hits@1 | Hits@3 | Hits@5 | Hits@10 |
+------------+--------+--------+--------+--------+---------+
|     0      | 0.2396 | 0.1582 | 0.2773 | 0.3272 |  0.3869 |
+------------+--------+--------+--------+--------+---------+, +------------+--------+--------+--------+--------+---------+
| Snapshot:1 |  MRR   | Hits@1 | Hits@3 | Hits@5 | Hits@10 |
+------------+--------+--------+--------+--------+---------+
|     0      | 0.2396 | 0.1582 | 0.2773 | 0.3272 |  0.3869 |
|     1      | 0.1939 | 0.1254 | 0.2254 | 0.2636 |  0.3185 |
+------------+--------+--------+--------+--------+---------+, +------------+--------+--------+--------+--------+---------+
| Snapshot:2 |  MRR   | Hits@1 | Hits@3 | Hits@5 | Hits@10 |
+------------+--------+--------+--------+--------+---------+
|     0      | 0.2396 | 0.1582 | 0.2773 | 0.3272 |  0.3869 |
|     1      | 0.1939 | 0.1254 | 0.2254 | 0.2636 |  0.3185 |
|     2      | 0.1719 | 0.1079 | 0.1965 | 0.2358 |   0.29  |
+------------+--------+--------+--------+--------+---------+, +------------+--------+--------+--------+--------+---------+
| Snapshot:3 |  MRR   | Hits@1 | Hits@3 | Hits@5 | Hits@10 |
+------------+--------+--------+--------+--------+---------+
|     0      | 0.2396 | 0.1582 | 0.2773 | 0.3272 |  0.3869 |
|     1      | 0.1939 | 0.1254 | 0.2254 | 0.2636 |  0.3185 |
|     2      | 0.1719 | 0.1079 | 0.1965 | 0.2358 |   0.29  |
|     3      | 0.144  | 0.0818 | 0.1634 | 0.2034 |  0.2603 |
+------------+--------+--------+--------+--------+---------+, +------------+--------+--------+--------+--------+---------+
| Snapshot:4 |  MRR   | Hits@1 | Hits@3 | Hits@5 | Hits@10 |
+------------+--------+--------+--------+--------+---------+
|     0      | 0.2396 | 0.1582 | 0.2773 | 0.3272 |  0.3869 |
|     1      | 0.1939 | 0.1254 | 0.2254 | 0.2636 |  0.3185 |
|     2      | 0.1719 | 0.1079 | 0.1965 | 0.2358 |   0.29  |
|     3      | 0.144  | 0.0818 | 0.1634 | 0.2034 |  0.2603 |
|     4      | 0.1081 | 0.0535 | 0.1171 | 0.1503 |  0.2082 |
+------------+--------+--------+--------+--------+---------+]
2025-01-14 17:22:55,825 INFO    : Report Result:
+----------+--------------------+-----------+--------------+--------------+---------------+
| Snapshot |        Time        | Whole_MRR | Whole_Hits@1 | Whole_Hits@3 | Whole_Hits@10 |
+----------+--------------------+-----------+--------------+--------------+---------------+
|    0     | 188.85537242889404 |    0.24   |    0.158     |    0.277     |     0.387     |
|    1     | 435.62310338020325 |   0.217   |    0.142     |    0.251     |     0.353     |
|    2     | 318.4051284790039  |   0.202   |    0.131     |    0.233     |     0.332     |
|    3     | 328.41116285324097 |   0.187   |    0.118     |    0.216     |     0.314     |
|    4     | 862.2964940071106  |   0.172   |    0.105     |    0.196     |     0.293     |
+----------+--------------------+-----------+--------------+--------------+---------------+
2025-01-14 17:22:55,826 INFO    : Sum_Training_Time:2133.5912611484528
2025-01-14 17:22:55,826 INFO    : Every_Training_Time:[188.85537242889404, 435.62310338020325, 318.4051284790039, 328.41116285324097, 862.2964940071106]
2025-01-14 17:22:55,826 INFO    : Forward transfer: 0.139475 Backward transfer: 0.0
