2025-01-14 12:50:27,052 INFO    : Namespace(batch_size=1024, data_path='./data/HYBRID/', dataset='HYBRID', debug=False, device=device(type='cuda', index=0), emb_dim=200, ent_r='200', epoch_num=200, explore=False, gpu='0', l2=0.0, learning_rate='1e-1', log_path='./logs/HYBRID 200 5 1e-1 1024/HYBRID 20250114125019', logger=<RootLogger root (INFO)>, margin=8.0, model_name='LoraKGE_Layers', multi_layers_path='train_sorted_by_edges_betweenness.txt', neg_ratio=10, note='', num_ent_layers='5', num_layer=1, num_rel_layers='1', patience='10', predict_result=False, r=100, r_fixed=True, random_seed=3407, record=False, rel_r='200', save_path='./checkpoint/HYBRID', skip_previous='False', snapshot_num=5, train_new=True, using_multi_layers=False, using_various_ranks='True', using_various_ranks_reverse=False, valid_metrics='mrr')
2025-01-14 12:50:34,501 INFO    : Snapshot:0	0	10	Epoch:0	Loss:37.229	MRR:14.76	Hits@10:28.92	Best:14.76
2025-01-14 12:50:39,811 INFO    : Snapshot:0	0	10	Epoch:1	Loss:18.611	MRR:22.47	Hits@10:40.38	Best:22.47
2025-01-14 12:50:44,997 INFO    : Snapshot:0	0	10	Epoch:2	Loss:8.665	MRR:25.05	Hits@10:43.96	Best:25.05
2025-01-14 12:50:50,258 INFO    : Snapshot:0	0	10	Epoch:3	Loss:4.555	MRR:25.63	Hits@10:44.96	Best:25.63
2025-01-14 12:50:55,407 INFO    : Snapshot:0	1	10	Epoch:4	Loss:2.778	MRR:25.59	Hits@10:44.87	Best:25.63
2025-01-14 12:51:00,761 INFO    : Snapshot:0	2	10	Epoch:5	Loss:1.937	MRR:25.27	Hits@10:44.8	Best:25.63
2025-01-14 12:51:05,886 INFO    : Snapshot:0	3	10	Epoch:6	Loss:1.497	MRR:25.28	Hits@10:44.89	Best:25.63
2025-01-14 12:51:11,101 INFO    : Snapshot:0	4	10	Epoch:7	Loss:1.22	MRR:25.29	Hits@10:44.67	Best:25.63
2025-01-14 12:51:16,318 INFO    : Snapshot:0	5	10	Epoch:8	Loss:1.045	MRR:25.01	Hits@10:44.65	Best:25.63
2025-01-14 12:51:21,510 INFO    : Snapshot:0	6	10	Epoch:9	Loss:0.929	MRR:25.03	Hits@10:44.44	Best:25.63
2025-01-14 12:51:26,645 INFO    : Snapshot:0	7	10	Epoch:10	Loss:0.837	MRR:25.03	Hits@10:44.53	Best:25.63
2025-01-14 12:51:31,858 INFO    : Snapshot:0	8	10	Epoch:11	Loss:0.757	MRR:24.86	Hits@10:44.43	Best:25.63
2025-01-14 12:51:37,078 INFO    : Snapshot:0	9	10	Epoch:12	Loss:0.716	MRR:24.5	Hits@10:43.85	Best:25.63
2025-01-14 12:51:42,298 INFO    : Early Stopping! Snapshot:0 Epoch: 13 Best Results: 25.63
2025-01-14 12:51:42,390 INFO    : => loading checkpoint './checkpoint/HYBRID\0model_best.tar'
2025-01-14 12:51:45,662 INFO    : 
+------------+--------+--------+--------+--------+---------+
| Snapshot:0 |  MRR   | Hits@1 | Hits@3 | Hits@5 | Hits@10 |
+------------+--------+--------+--------+--------+---------+
|     0      | 0.2558 | 0.1548 | 0.3079 | 0.3682 |  0.4392 |
+------------+--------+--------+--------+--------+---------+
2025-01-14 12:51:51,847 INFO    : Snapshot:1	0	10	Epoch:0	Loss:8.491	MRR:20.47	Hits@10:35.89	Best:20.47
2025-01-14 12:51:54,279 INFO    : Snapshot:1	0	10	Epoch:1	Loss:4.049	MRR:24.06	Hits@10:41.41	Best:24.06
2025-01-14 12:51:56,646 INFO    : Snapshot:1	0	10	Epoch:2	Loss:3.406	MRR:24.69	Hits@10:43.09	Best:24.69
2025-01-14 12:51:58,811 INFO    : Snapshot:1	0	10	Epoch:3	Loss:3.094	MRR:25.78	Hits@10:44.16	Best:25.78
2025-01-14 12:52:01,042 INFO    : Snapshot:1	0	10	Epoch:4	Loss:2.934	MRR:26.09	Hits@10:45.22	Best:26.09
2025-01-14 12:52:03,291 INFO    : Snapshot:1	0	10	Epoch:5	Loss:2.811	MRR:26.38	Hits@10:45.45	Best:26.38
2025-01-14 12:52:05,477 INFO    : Snapshot:1	0	10	Epoch:6	Loss:2.723	MRR:26.39	Hits@10:45.83	Best:26.39
2025-01-14 12:52:07,696 INFO    : Snapshot:1	0	10	Epoch:7	Loss:2.689	MRR:26.74	Hits@10:46.07	Best:26.74
2025-01-14 12:52:09,877 INFO    : Snapshot:1	1	10	Epoch:8	Loss:2.657	MRR:26.42	Hits@10:45.83	Best:26.74
2025-01-14 12:52:12,220 INFO    : Snapshot:1	2	10	Epoch:9	Loss:2.617	MRR:26.6	Hits@10:45.83	Best:26.74
2025-01-14 12:52:14,432 INFO    : Snapshot:1	3	10	Epoch:10	Loss:2.582	MRR:26.59	Hits@10:46.18	Best:26.74
2025-01-14 12:52:16,641 INFO    : Snapshot:1	0	10	Epoch:11	Loss:2.57	MRR:27.01	Hits@10:46.25	Best:27.01
2025-01-14 12:52:18,865 INFO    : Snapshot:1	0	10	Epoch:12	Loss:2.553	MRR:27.09	Hits@10:46.18	Best:27.09
2025-01-14 12:52:21,092 INFO    : Snapshot:1	0	10	Epoch:13	Loss:2.517	MRR:27.24	Hits@10:46.46	Best:27.24
2025-01-14 12:52:23,277 INFO    : Snapshot:1	0	10	Epoch:14	Loss:2.503	MRR:27.35	Hits@10:46.61	Best:27.35
2025-01-14 12:52:25,470 INFO    : Snapshot:1	1	10	Epoch:15	Loss:2.517	MRR:27.2	Hits@10:46.59	Best:27.35
2025-01-14 12:52:27,691 INFO    : Snapshot:1	0	10	Epoch:16	Loss:2.482	MRR:27.44	Hits@10:46.57	Best:27.44
2025-01-14 12:52:29,894 INFO    : Snapshot:1	0	10	Epoch:17	Loss:2.493	MRR:27.56	Hits@10:46.61	Best:27.56
2025-01-14 12:52:32,099 INFO    : Snapshot:1	1	10	Epoch:18	Loss:2.466	MRR:27.23	Hits@10:46.46	Best:27.56
2025-01-14 12:52:34,294 INFO    : Snapshot:1	2	10	Epoch:19	Loss:2.472	MRR:27.27	Hits@10:46.84	Best:27.56
2025-01-14 12:52:36,480 INFO    : Snapshot:1	3	10	Epoch:20	Loss:2.443	MRR:27.03	Hits@10:46.8	Best:27.56
2025-01-14 12:52:38,697 INFO    : Snapshot:1	4	10	Epoch:21	Loss:2.44	MRR:27.27	Hits@10:46.78	Best:27.56
2025-01-14 12:52:40,945 INFO    : Snapshot:1	0	10	Epoch:22	Loss:2.436	MRR:27.9	Hits@10:47.14	Best:27.9
2025-01-14 12:52:43,164 INFO    : Snapshot:1	1	10	Epoch:23	Loss:2.419	MRR:27.76	Hits@10:46.8	Best:27.9
2025-01-14 12:52:45,347 INFO    : Snapshot:1	2	10	Epoch:24	Loss:2.42	MRR:27.48	Hits@10:46.37	Best:27.9
2025-01-14 12:52:47,531 INFO    : Snapshot:1	3	10	Epoch:25	Loss:2.424	MRR:27.7	Hits@10:47.04	Best:27.9
2025-01-14 12:52:49,745 INFO    : Snapshot:1	4	10	Epoch:26	Loss:2.428	MRR:27.59	Hits@10:46.78	Best:27.9
2025-01-14 12:52:51,927 INFO    : Snapshot:1	5	10	Epoch:27	Loss:2.411	MRR:27.14	Hits@10:46.63	Best:27.9
2025-01-14 12:52:54,081 INFO    : Snapshot:1	6	10	Epoch:28	Loss:2.403	MRR:27.21	Hits@10:46.79	Best:27.9
2025-01-14 12:52:56,278 INFO    : Snapshot:1	7	10	Epoch:29	Loss:2.392	MRR:27.28	Hits@10:46.48	Best:27.9
2025-01-14 12:52:58,466 INFO    : Snapshot:1	8	10	Epoch:30	Loss:2.391	MRR:27.84	Hits@10:46.59	Best:27.9
2025-01-14 12:53:00,650 INFO    : Snapshot:1	9	10	Epoch:31	Loss:2.4	MRR:27.69	Hits@10:46.74	Best:27.9
2025-01-14 12:53:02,814 INFO    : Early Stopping! Snapshot:1 Epoch: 32 Best Results: 27.9
2025-01-14 12:53:02,916 INFO    : => loading checkpoint './checkpoint/HYBRID\1model_best.tar'
2025-01-14 12:53:07,947 INFO    : 
+------------+--------+--------+--------+--------+---------+
| Snapshot:1 |  MRR   | Hits@1 | Hits@3 | Hits@5 | Hits@10 |
+------------+--------+--------+--------+--------+---------+
|     0      | 0.2558 | 0.1548 | 0.3079 | 0.3682 |  0.4392 |
|     1      | 0.2724 | 0.1738 | 0.3115 | 0.3802 |  0.4628 |
+------------+--------+--------+--------+--------+---------+
2025-01-14 12:53:29,768 INFO    : Snapshot:2	0	10	Epoch:0	Loss:25.128	MRR:15.46	Hits@10:28.11	Best:15.46
2025-01-14 12:53:41,388 INFO    : Snapshot:2	0	10	Epoch:1	Loss:16.644	MRR:16.23	Hits@10:29.68	Best:16.23
2025-01-14 12:53:52,992 INFO    : Snapshot:2	0	10	Epoch:2	Loss:15.636	MRR:16.95	Hits@10:30.57	Best:16.95
2025-01-14 12:54:04,548 INFO    : Snapshot:2	0	10	Epoch:3	Loss:15.087	MRR:17.29	Hits@10:30.97	Best:17.29
2025-01-14 12:54:16,133 INFO    : Snapshot:2	0	10	Epoch:4	Loss:14.749	MRR:17.6	Hits@10:31.4	Best:17.6
2025-01-14 12:54:27,985 INFO    : Snapshot:2	0	10	Epoch:5	Loss:14.509	MRR:17.84	Hits@10:31.7	Best:17.84
2025-01-14 12:54:39,607 INFO    : Snapshot:2	0	10	Epoch:6	Loss:14.316	MRR:17.87	Hits@10:32.05	Best:17.87
2025-01-14 12:54:51,348 INFO    : Snapshot:2	0	10	Epoch:7	Loss:14.211	MRR:17.98	Hits@10:32.02	Best:17.98
2025-01-14 12:55:02,990 INFO    : Snapshot:2	0	10	Epoch:8	Loss:14.092	MRR:18.26	Hits@10:32.25	Best:18.26
2025-01-14 12:55:14,613 INFO    : Snapshot:2	0	10	Epoch:9	Loss:14.023	MRR:18.37	Hits@10:32.38	Best:18.37
2025-01-14 12:55:26,082 INFO    : Snapshot:2	1	10	Epoch:10	Loss:13.915	MRR:18.31	Hits@10:32.39	Best:18.37
2025-01-14 12:55:37,484 INFO    : Snapshot:2	2	10	Epoch:11	Loss:13.885	MRR:18.25	Hits@10:32.4	Best:18.37
2025-01-14 12:55:49,045 INFO    : Snapshot:2	3	10	Epoch:12	Loss:13.826	MRR:18.27	Hits@10:32.42	Best:18.37
2025-01-14 12:56:00,485 INFO    : Snapshot:2	4	10	Epoch:13	Loss:13.764	MRR:18.35	Hits@10:32.59	Best:18.37
2025-01-14 12:56:11,932 INFO    : Snapshot:2	0	10	Epoch:14	Loss:13.731	MRR:18.4	Hits@10:32.41	Best:18.4
2025-01-14 12:56:23,513 INFO    : Snapshot:2	0	10	Epoch:15	Loss:13.691	MRR:18.41	Hits@10:32.77	Best:18.41
2025-01-14 12:56:35,070 INFO    : Snapshot:2	0	10	Epoch:16	Loss:13.653	MRR:18.51	Hits@10:32.63	Best:18.51
2025-01-14 12:56:46,887 INFO    : Snapshot:2	1	10	Epoch:17	Loss:13.633	MRR:18.46	Hits@10:32.91	Best:18.51
2025-01-14 12:56:58,441 INFO    : Snapshot:2	0	10	Epoch:18	Loss:13.576	MRR:18.68	Hits@10:32.75	Best:18.68
2025-01-14 12:57:10,008 INFO    : Snapshot:2	1	10	Epoch:19	Loss:13.597	MRR:18.56	Hits@10:32.78	Best:18.68
2025-01-14 12:57:21,528 INFO    : Snapshot:2	2	10	Epoch:20	Loss:13.533	MRR:18.5	Hits@10:32.86	Best:18.68
2025-01-14 12:57:33,044 INFO    : Snapshot:2	3	10	Epoch:21	Loss:13.518	MRR:18.62	Hits@10:32.83	Best:18.68
2025-01-14 12:57:44,585 INFO    : Snapshot:2	4	10	Epoch:22	Loss:13.497	MRR:18.58	Hits@10:32.93	Best:18.68
2025-01-14 12:57:56,307 INFO    : Snapshot:2	5	10	Epoch:23	Loss:13.501	MRR:18.55	Hits@10:32.68	Best:18.68
2025-01-14 12:58:07,761 INFO    : Snapshot:2	6	10	Epoch:24	Loss:13.496	MRR:18.46	Hits@10:32.82	Best:18.68
2025-01-14 12:58:19,277 INFO    : Snapshot:2	7	10	Epoch:25	Loss:13.485	MRR:18.65	Hits@10:32.73	Best:18.68
2025-01-14 12:58:31,344 INFO    : Snapshot:2	8	10	Epoch:26	Loss:13.492	MRR:18.55	Hits@10:33.0	Best:18.68
2025-01-14 12:58:43,421 INFO    : Snapshot:2	9	10	Epoch:27	Loss:13.419	MRR:18.54	Hits@10:32.92	Best:18.68
2025-01-14 12:58:55,522 INFO    : Early Stopping! Snapshot:2 Epoch: 28 Best Results: 18.68
2025-01-14 12:58:55,631 INFO    : => loading checkpoint './checkpoint/HYBRID\2model_best.tar'
2025-01-14 12:59:08,256 INFO    : 
+------------+--------+--------+--------+--------+---------+
| Snapshot:2 |  MRR   | Hits@1 | Hits@3 | Hits@5 | Hits@10 |
+------------+--------+--------+--------+--------+---------+
|     0      | 0.2558 | 0.1548 | 0.3079 | 0.3682 |  0.4392 |
|     1      | 0.2724 | 0.1738 | 0.3115 | 0.3802 |  0.4628 |
|     2      | 0.1853 | 0.1136 | 0.2081 | 0.2572 |  0.3264 |
+------------+--------+--------+--------+--------+---------+
2025-01-14 12:59:37,483 INFO    : Snapshot:3	0	10	Epoch:0	Loss:28.192	MRR:15.09	Hits@10:27.81	Best:15.09
2025-01-14 12:59:53,018 INFO    : Snapshot:3	0	10	Epoch:1	Loss:21.237	MRR:15.91	Hits@10:29.45	Best:15.91
2025-01-14 13:00:08,787 INFO    : Snapshot:3	0	10	Epoch:2	Loss:20.516	MRR:16.2	Hits@10:30.25	Best:16.2
2025-01-14 13:00:24,572 INFO    : Snapshot:3	0	10	Epoch:3	Loss:20.127	MRR:16.45	Hits@10:30.59	Best:16.45
2025-01-14 13:00:39,810 INFO    : Snapshot:3	0	10	Epoch:4	Loss:19.908	MRR:16.61	Hits@10:30.88	Best:16.61
2025-01-14 13:00:55,028 INFO    : Snapshot:3	0	10	Epoch:5	Loss:19.721	MRR:16.85	Hits@10:31.14	Best:16.85
2025-01-14 13:01:10,177 INFO    : Snapshot:3	1	10	Epoch:6	Loss:19.601	MRR:16.8	Hits@10:31.29	Best:16.85
2025-01-14 13:01:25,278 INFO    : Snapshot:3	2	10	Epoch:7	Loss:19.489	MRR:16.85	Hits@10:31.07	Best:16.85
2025-01-14 13:01:40,590 INFO    : Snapshot:3	3	10	Epoch:8	Loss:19.416	MRR:16.83	Hits@10:31.06	Best:16.85
2025-01-14 13:01:55,660 INFO    : Snapshot:3	0	10	Epoch:9	Loss:19.377	MRR:16.97	Hits@10:31.38	Best:16.97
2025-01-14 13:02:10,682 INFO    : Snapshot:3	0	10	Epoch:10	Loss:19.301	MRR:17.07	Hits@10:31.43	Best:17.07
2025-01-14 13:02:25,919 INFO    : Snapshot:3	1	10	Epoch:11	Loss:19.226	MRR:17.02	Hits@10:31.52	Best:17.07
2025-01-14 13:02:41,083 INFO    : Snapshot:3	0	10	Epoch:12	Loss:19.243	MRR:17.16	Hits@10:31.53	Best:17.16
2025-01-14 13:02:56,228 INFO    : Snapshot:3	1	10	Epoch:13	Loss:19.179	MRR:17.15	Hits@10:31.46	Best:17.16
2025-01-14 13:03:11,374 INFO    : Snapshot:3	2	10	Epoch:14	Loss:19.127	MRR:17.08	Hits@10:31.38	Best:17.16
2025-01-14 13:03:26,570 INFO    : Snapshot:3	0	10	Epoch:15	Loss:19.091	MRR:17.27	Hits@10:31.63	Best:17.27
2025-01-14 13:03:41,800 INFO    : Snapshot:3	1	10	Epoch:16	Loss:19.11	MRR:17.16	Hits@10:31.51	Best:17.27
2025-01-14 13:03:56,744 INFO    : Snapshot:3	2	10	Epoch:17	Loss:19.093	MRR:17.24	Hits@10:31.63	Best:17.27
2025-01-14 13:04:11,983 INFO    : Snapshot:3	0	10	Epoch:18	Loss:19.058	MRR:17.34	Hits@10:31.67	Best:17.34
2025-01-14 13:04:27,030 INFO    : Snapshot:3	0	10	Epoch:19	Loss:18.991	MRR:17.37	Hits@10:31.7	Best:17.37
2025-01-14 13:04:42,247 INFO    : Snapshot:3	1	10	Epoch:20	Loss:18.985	MRR:17.35	Hits@10:31.68	Best:17.37
2025-01-14 13:04:57,387 INFO    : Snapshot:3	2	10	Epoch:21	Loss:18.979	MRR:17.28	Hits@10:31.6	Best:17.37
2025-01-14 13:05:12,533 INFO    : Snapshot:3	0	10	Epoch:22	Loss:18.959	MRR:17.39	Hits@10:31.65	Best:17.39
2025-01-14 13:05:27,863 INFO    : Snapshot:3	1	10	Epoch:23	Loss:18.95	MRR:17.3	Hits@10:31.65	Best:17.39
2025-01-14 13:05:43,029 INFO    : Snapshot:3	2	10	Epoch:24	Loss:18.956	MRR:17.24	Hits@10:31.53	Best:17.39
2025-01-14 13:05:58,135 INFO    : Snapshot:3	3	10	Epoch:25	Loss:18.913	MRR:17.39	Hits@10:31.6	Best:17.39
2025-01-14 13:06:13,205 INFO    : Snapshot:3	4	10	Epoch:26	Loss:18.882	MRR:17.29	Hits@10:31.59	Best:17.39
2025-01-14 13:06:28,437 INFO    : Snapshot:3	5	10	Epoch:27	Loss:18.874	MRR:17.3	Hits@10:31.6	Best:17.39
2025-01-14 13:06:43,642 INFO    : Snapshot:3	6	10	Epoch:28	Loss:18.872	MRR:17.29	Hits@10:31.59	Best:17.39
2025-01-14 13:06:58,867 INFO    : Snapshot:3	7	10	Epoch:29	Loss:18.851	MRR:17.34	Hits@10:31.64	Best:17.39
2025-01-14 13:07:14,081 INFO    : Snapshot:3	0	10	Epoch:30	Loss:18.869	MRR:17.41	Hits@10:31.66	Best:17.41
2025-01-14 13:07:29,107 INFO    : Snapshot:3	1	10	Epoch:31	Loss:18.844	MRR:17.33	Hits@10:31.68	Best:17.41
2025-01-14 13:07:44,310 INFO    : Snapshot:3	2	10	Epoch:32	Loss:18.809	MRR:17.33	Hits@10:31.61	Best:17.41
2025-01-14 13:07:59,384 INFO    : Snapshot:3	3	10	Epoch:33	Loss:18.832	MRR:17.39	Hits@10:31.64	Best:17.41
2025-01-14 13:08:14,472 INFO    : Snapshot:3	4	10	Epoch:34	Loss:18.815	MRR:17.38	Hits@10:31.61	Best:17.41
2025-01-14 13:08:29,587 INFO    : Snapshot:3	5	10	Epoch:35	Loss:18.799	MRR:17.41	Hits@10:31.63	Best:17.41
2025-01-14 13:08:44,797 INFO    : Snapshot:3	6	10	Epoch:36	Loss:18.765	MRR:17.4	Hits@10:31.62	Best:17.41
2025-01-14 13:09:00,080 INFO    : Snapshot:3	0	10	Epoch:37	Loss:18.799	MRR:17.51	Hits@10:31.7	Best:17.51
2025-01-14 13:09:15,123 INFO    : Snapshot:3	1	10	Epoch:38	Loss:18.775	MRR:17.34	Hits@10:31.7	Best:17.51
2025-01-14 13:09:30,329 INFO    : Snapshot:3	0	10	Epoch:39	Loss:18.745	MRR:17.55	Hits@10:31.86	Best:17.55
2025-01-14 13:09:45,464 INFO    : Snapshot:3	1	10	Epoch:40	Loss:18.781	MRR:17.39	Hits@10:31.59	Best:17.55
2025-01-14 13:10:00,518 INFO    : Snapshot:3	2	10	Epoch:41	Loss:18.772	MRR:17.34	Hits@10:31.6	Best:17.55
2025-01-14 13:10:15,538 INFO    : Snapshot:3	3	10	Epoch:42	Loss:18.772	MRR:17.33	Hits@10:31.64	Best:17.55
2025-01-14 13:10:30,587 INFO    : Snapshot:3	4	10	Epoch:43	Loss:18.713	MRR:17.37	Hits@10:31.79	Best:17.55
2025-01-14 13:10:45,687 INFO    : Snapshot:3	5	10	Epoch:44	Loss:18.75	MRR:17.42	Hits@10:31.74	Best:17.55
2025-01-14 13:11:00,721 INFO    : Snapshot:3	6	10	Epoch:45	Loss:18.729	MRR:17.39	Hits@10:31.55	Best:17.55
2025-01-14 13:11:15,934 INFO    : Snapshot:3	7	10	Epoch:46	Loss:18.767	MRR:17.42	Hits@10:31.7	Best:17.55
2025-01-14 13:11:31,315 INFO    : Snapshot:3	8	10	Epoch:47	Loss:18.732	MRR:17.4	Hits@10:31.65	Best:17.55
2025-01-14 13:11:46,483 INFO    : Snapshot:3	9	10	Epoch:48	Loss:18.729	MRR:17.43	Hits@10:31.65	Best:17.55
2025-01-14 13:12:01,490 INFO    : Early Stopping! Snapshot:3 Epoch: 49 Best Results: 17.55
2025-01-14 13:12:01,597 INFO    : => loading checkpoint './checkpoint/HYBRID\3model_best.tar'
2025-01-14 13:12:24,033 INFO    : 
+------------+--------+--------+--------+--------+---------+
| Snapshot:3 |  MRR   | Hits@1 | Hits@3 | Hits@5 | Hits@10 |
+------------+--------+--------+--------+--------+---------+
|     0      | 0.2558 | 0.1548 | 0.3079 | 0.3682 |  0.4392 |
|     1      | 0.2724 | 0.1738 | 0.3115 | 0.3802 |  0.4628 |
|     2      | 0.1853 | 0.1136 | 0.2081 | 0.2572 |  0.3264 |
|     3      | 0.1755 | 0.0992 | 0.2072 | 0.2576 |  0.3199 |
+------------+--------+--------+--------+--------+---------+
2025-01-14 13:12:36,807 INFO    : Snapshot:4	0	10	Epoch:0	Loss:13.85	MRR:14.91	Hits@10:24.17	Best:14.91
2025-01-14 13:12:42,696 INFO    : Snapshot:4	0	10	Epoch:1	Loss:11.638	MRR:14.98	Hits@10:24.45	Best:14.98
2025-01-14 13:12:48,662 INFO    : Snapshot:4	0	10	Epoch:2	Loss:11.527	MRR:15.07	Hits@10:24.54	Best:15.07
2025-01-14 13:12:54,640 INFO    : Snapshot:4	0	10	Epoch:3	Loss:11.462	MRR:15.1	Hits@10:24.39	Best:15.1
2025-01-14 13:13:00,668 INFO    : Snapshot:4	0	10	Epoch:4	Loss:11.439	MRR:15.14	Hits@10:24.55	Best:15.14
2025-01-14 13:13:06,545 INFO    : Snapshot:4	1	10	Epoch:5	Loss:11.429	MRR:15.13	Hits@10:24.5	Best:15.14
2025-01-14 13:13:12,490 INFO    : Snapshot:4	2	10	Epoch:6	Loss:11.406	MRR:15.08	Hits@10:24.62	Best:15.14
2025-01-14 13:13:18,263 INFO    : Snapshot:4	3	10	Epoch:7	Loss:11.391	MRR:14.99	Hits@10:24.52	Best:15.14
2025-01-14 13:13:24,015 INFO    : Snapshot:4	4	10	Epoch:8	Loss:11.412	MRR:15.12	Hits@10:24.48	Best:15.14
2025-01-14 13:13:29,971 INFO    : Snapshot:4	0	10	Epoch:9	Loss:11.387	MRR:15.23	Hits@10:24.44	Best:15.23
2025-01-14 13:13:35,843 INFO    : Snapshot:4	1	10	Epoch:10	Loss:11.376	MRR:15.12	Hits@10:24.65	Best:15.23
2025-01-14 13:13:41,631 INFO    : Snapshot:4	2	10	Epoch:11	Loss:11.361	MRR:15.14	Hits@10:24.55	Best:15.23
2025-01-14 13:13:47,417 INFO    : Snapshot:4	3	10	Epoch:12	Loss:11.4	MRR:15.01	Hits@10:24.47	Best:15.23
2025-01-14 13:13:53,248 INFO    : Snapshot:4	4	10	Epoch:13	Loss:11.372	MRR:15.12	Hits@10:24.69	Best:15.23
2025-01-14 13:13:59,016 INFO    : Snapshot:4	5	10	Epoch:14	Loss:11.372	MRR:15.13	Hits@10:24.6	Best:15.23
2025-01-14 13:14:04,801 INFO    : Snapshot:4	6	10	Epoch:15	Loss:11.342	MRR:15.07	Hits@10:24.57	Best:15.23
2025-01-14 13:14:10,890 INFO    : Snapshot:4	7	10	Epoch:16	Loss:11.367	MRR:15.12	Hits@10:24.49	Best:15.23
2025-01-14 13:14:16,839 INFO    : Snapshot:4	8	10	Epoch:17	Loss:11.366	MRR:15.09	Hits@10:24.49	Best:15.23
2025-01-14 13:14:22,698 INFO    : Snapshot:4	9	10	Epoch:18	Loss:11.363	MRR:14.99	Hits@10:24.5	Best:15.23
2025-01-14 13:14:28,677 INFO    : Early Stopping! Snapshot:4 Epoch: 19 Best Results: 15.23
2025-01-14 13:14:28,793 INFO    : => loading checkpoint './checkpoint/HYBRID\4model_best.tar'
2025-01-14 13:14:55,287 INFO    : 
+------------+--------+--------+--------+--------+---------+
| Snapshot:4 |  MRR   | Hits@1 | Hits@3 | Hits@5 | Hits@10 |
+------------+--------+--------+--------+--------+---------+
|     0      | 0.2558 | 0.1548 | 0.3079 | 0.3682 |  0.4392 |
|     1      | 0.2724 | 0.1738 | 0.3115 | 0.3802 |  0.4628 |
|     2      | 0.1853 | 0.1136 | 0.2081 | 0.2572 |  0.3264 |
|     3      | 0.1755 | 0.0992 | 0.2072 | 0.2576 |  0.3199 |
|     4      | 0.1532 | 0.1046 | 0.166  | 0.1957 |  0.247  |
+------------+--------+--------+--------+--------+---------+
2025-01-14 13:14:55,287 INFO    : Final Result:
[+------------+--------+--------+--------+--------+---------+
| Snapshot:0 |  MRR   | Hits@1 | Hits@3 | Hits@5 | Hits@10 |
+------------+--------+--------+--------+--------+---------+
|     0      | 0.2558 | 0.1548 | 0.3079 | 0.3682 |  0.4392 |
+------------+--------+--------+--------+--------+---------+, +------------+--------+--------+--------+--------+---------+
| Snapshot:1 |  MRR   | Hits@1 | Hits@3 | Hits@5 | Hits@10 |
+------------+--------+--------+--------+--------+---------+
|     0      | 0.2558 | 0.1548 | 0.3079 | 0.3682 |  0.4392 |
|     1      | 0.2724 | 0.1738 | 0.3115 | 0.3802 |  0.4628 |
+------------+--------+--------+--------+--------+---------+, +------------+--------+--------+--------+--------+---------+
| Snapshot:2 |  MRR   | Hits@1 | Hits@3 | Hits@5 | Hits@10 |
+------------+--------+--------+--------+--------+---------+
|     0      | 0.2558 | 0.1548 | 0.3079 | 0.3682 |  0.4392 |
|     1      | 0.2724 | 0.1738 | 0.3115 | 0.3802 |  0.4628 |
|     2      | 0.1853 | 0.1136 | 0.2081 | 0.2572 |  0.3264 |
+------------+--------+--------+--------+--------+---------+, +------------+--------+--------+--------+--------+---------+
| Snapshot:3 |  MRR   | Hits@1 | Hits@3 | Hits@5 | Hits@10 |
+------------+--------+--------+--------+--------+---------+
|     0      | 0.2558 | 0.1548 | 0.3079 | 0.3682 |  0.4392 |
|     1      | 0.2724 | 0.1738 | 0.3115 | 0.3802 |  0.4628 |
|     2      | 0.1853 | 0.1136 | 0.2081 | 0.2572 |  0.3264 |
|     3      | 0.1755 | 0.0992 | 0.2072 | 0.2576 |  0.3199 |
+------------+--------+--------+--------+--------+---------+, +------------+--------+--------+--------+--------+---------+
| Snapshot:4 |  MRR   | Hits@1 | Hits@3 | Hits@5 | Hits@10 |
+------------+--------+--------+--------+--------+---------+
|     0      | 0.2558 | 0.1548 | 0.3079 | 0.3682 |  0.4392 |
|     1      | 0.2724 | 0.1738 | 0.3115 | 0.3802 |  0.4628 |
|     2      | 0.1853 | 0.1136 | 0.2081 | 0.2572 |  0.3264 |
|     3      | 0.1755 | 0.0992 | 0.2072 | 0.2576 |  0.3199 |
|     4      | 0.1532 | 0.1046 | 0.166  | 0.1957 |  0.247  |
+------------+--------+--------+--------+--------+---------+]
2025-01-14 13:14:55,287 INFO    : Report Result:
+----------+--------------------+-----------+--------------+--------------+---------------+
| Snapshot |        Time        | Whole_MRR | Whole_Hits@1 | Whole_Hits@3 | Whole_Hits@10 |
+----------+--------------------+-----------+--------------+--------------+---------------+
|    0     | 75.24546527862549  |   0.256   |    0.155     |    0.308     |     0.439     |
|    1     | 75.27389097213745  |    0.26   |     0.16     |    0.309     |     0.445     |
|    2     | 340.32414841651917 |   0.221   |    0.135     |    0.256     |     0.383     |
|    3     | 762.7601480484009  |   0.203   |    0.122     |    0.237     |     0.359     |
|    4     | 120.05161905288696 |   0.197   |    0.119     |    0.228     |     0.344     |
+----------+--------------------+-----------+--------------+--------------+---------------+
2025-01-14 13:14:55,287 INFO    : Sum_Training_Time:1373.65527176857
2025-01-14 13:14:55,287 INFO    : Every_Training_Time:[75.24546527862549, 75.27389097213745, 340.32414841651917, 762.7601480484009, 120.05161905288696]
2025-01-14 13:14:55,287 INFO    : Forward transfer: 0.0359 Backward transfer: 0.0
