2024-10-04 17:44:22,504 INFO    : Namespace(batch_size='1024', data_path='./data/FB_CKGE/', dataset='FB_CKGE', debug=False, device=device(type='cuda', index=0), emb_dim=200, ent_r='20', epoch_num=200, explore=False, gpu='0', l2=0.0, learning_rate='1e-1', log_path='./logs/FB_CKGE 20 2 1e-1 1024/FB_CKGE 20241004174412', logger=<RootLogger root (INFO)>, margin=8.0, model_name='LoraKGE_Layers', multi_layers_path='train_sorted_by_edges_betweenness.txt', neg_ratio=10, note='', num_ent_layers='2', num_layer=1, num_rel_layers='1', patience=3, predict_result='True', r=100, r_fixed=True, random_seed=3407, record=False, rel_r='200', save_path='./checkpoint/FB_CKGE', skip_previous='False', snapshot_num=5, train_new=True, using_multi_layers=False, using_various_ranks='True', using_various_ranks_reverse=False, valid_metrics='mrr')
2024-10-04 17:44:44,194 INFO    : Snapshot:0	0	3	Epoch:0	Loss:91.268	MRR:22.64	Hits@10:42.62	Best:22.64
2024-10-04 17:45:00,631 INFO    : Snapshot:0	0	3	Epoch:1	Loss:17.198	MRR:24.74	Hits@10:45.16	Best:24.74
2024-10-04 17:45:16,924 INFO    : Snapshot:0	1	3	Epoch:2	Loss:7.016	MRR:23.93	Hits@10:44.13	Best:24.74
2024-10-04 17:45:33,386 INFO    : Snapshot:0	2	3	Epoch:3	Loss:4.7	MRR:23.72	Hits@10:43.5	Best:24.74
2024-10-04 17:45:50,611 INFO    : Early Stopping! Snapshot:0 Epoch: 4 Best Results: 24.74
2024-10-04 17:45:50,726 INFO    : => loading checkpoint './checkpoint/FB_CKGE\0model_best.tar'
2024-10-04 17:46:09,398 INFO    : 
+------------+-------+--------+--------+--------+---------+
| Snapshot:0 |  MRR  | Hits@1 | Hits@3 | Hits@5 | Hits@10 |
+------------+-------+--------+--------+--------+---------+
|     0      | 0.246 | 0.1419 | 0.2865 |  0.36  |  0.452  |
+------------+-------+--------+--------+--------+---------+
2024-10-04 17:46:20,783 INFO    : Snapshot:1	0	3	Epoch:0	Loss:8.816	MRR:10.69	Hits@10:19.38	Best:10.69
2024-10-04 17:46:24,289 INFO    : Snapshot:1	0	3	Epoch:1	Loss:2.773	MRR:12.5	Hits@10:23.83	Best:12.5
2024-10-04 17:46:27,777 INFO    : Snapshot:1	0	3	Epoch:2	Loss:1.953	MRR:13.77	Hits@10:26.19	Best:13.77
2024-10-04 17:46:31,251 INFO    : Snapshot:1	0	3	Epoch:3	Loss:1.604	MRR:14.42	Hits@10:27.47	Best:14.42
2024-10-04 17:46:34,720 INFO    : Snapshot:1	0	3	Epoch:4	Loss:1.406	MRR:14.73	Hits@10:28.15	Best:14.73
2024-10-04 17:46:38,286 INFO    : Snapshot:1	0	3	Epoch:5	Loss:1.223	MRR:15.2	Hits@10:28.68	Best:15.2
2024-10-04 17:46:41,910 INFO    : Snapshot:1	0	3	Epoch:6	Loss:1.131	MRR:15.28	Hits@10:29.04	Best:15.28
2024-10-04 17:46:45,460 INFO    : Snapshot:1	0	3	Epoch:7	Loss:1.025	MRR:15.3	Hits@10:29.09	Best:15.3
2024-10-04 17:46:49,036 INFO    : Snapshot:1	0	3	Epoch:8	Loss:0.987	MRR:15.5	Hits@10:29.19	Best:15.5
2024-10-04 17:46:52,530 INFO    : Snapshot:1	0	3	Epoch:9	Loss:0.916	MRR:15.73	Hits@10:29.97	Best:15.73
2024-10-04 17:46:56,047 INFO    : Snapshot:1	0	3	Epoch:10	Loss:0.892	MRR:15.81	Hits@10:30.05	Best:15.81
2024-10-04 17:46:59,557 INFO    : Snapshot:1	0	3	Epoch:11	Loss:0.856	MRR:15.99	Hits@10:30.19	Best:15.99
2024-10-04 17:47:03,016 INFO    : Snapshot:1	0	3	Epoch:12	Loss:0.83	MRR:16.01	Hits@10:30.43	Best:16.01
2024-10-04 17:47:06,460 INFO    : Snapshot:1	0	3	Epoch:13	Loss:0.8	MRR:16.11	Hits@10:30.5	Best:16.11
2024-10-04 17:47:09,889 INFO    : Snapshot:1	1	3	Epoch:14	Loss:0.787	MRR:16.02	Hits@10:30.3	Best:16.11
2024-10-04 17:47:13,407 INFO    : Snapshot:1	2	3	Epoch:15	Loss:0.773	MRR:15.99	Hits@10:30.72	Best:16.11
2024-10-04 17:47:16,779 INFO    : Early Stopping! Snapshot:1 Epoch: 16 Best Results: 16.11
2024-10-04 17:47:16,892 INFO    : => loading checkpoint './checkpoint/FB_CKGE\1model_best.tar'
2024-10-04 17:47:40,240 INFO    : 
+------------+--------+--------+--------+--------+---------+
| Snapshot:1 |  MRR   | Hits@1 | Hits@3 | Hits@5 | Hits@10 |
+------------+--------+--------+--------+--------+---------+
|     0      | 0.246  | 0.1419 | 0.2865 |  0.36  |  0.452  |
|     1      | 0.1693 | 0.0999 | 0.1838 | 0.2325 |  0.3058 |
+------------+--------+--------+--------+--------+---------+
2024-10-04 17:47:52,792 INFO    : Snapshot:2	0	3	Epoch:0	Loss:6.355	MRR:16.24	Hits@10:28.93	Best:16.24
2024-10-04 17:47:57,106 INFO    : Snapshot:2	0	3	Epoch:1	Loss:2.988	MRR:16.48	Hits@10:29.57	Best:16.48
2024-10-04 17:48:01,375 INFO    : Snapshot:2	0	3	Epoch:2	Loss:2.568	MRR:16.69	Hits@10:29.86	Best:16.69
2024-10-04 17:48:05,684 INFO    : Snapshot:2	0	3	Epoch:3	Loss:2.386	MRR:16.79	Hits@10:30.17	Best:16.79
2024-10-04 17:48:09,735 INFO    : Snapshot:2	0	3	Epoch:4	Loss:2.268	MRR:16.89	Hits@10:30.22	Best:16.89
2024-10-04 17:48:13,842 INFO    : Snapshot:2	1	3	Epoch:5	Loss:2.171	MRR:16.89	Hits@10:29.95	Best:16.89
2024-10-04 17:48:17,896 INFO    : Snapshot:2	0	3	Epoch:6	Loss:2.098	MRR:17.0	Hits@10:30.22	Best:17.0
2024-10-04 17:48:22,023 INFO    : Snapshot:2	0	3	Epoch:7	Loss:2.057	MRR:17.02	Hits@10:30.28	Best:17.02
2024-10-04 17:48:26,144 INFO    : Snapshot:2	0	3	Epoch:8	Loss:1.994	MRR:17.05	Hits@10:30.3	Best:17.05
2024-10-04 17:48:30,206 INFO    : Snapshot:2	0	3	Epoch:9	Loss:1.989	MRR:17.1	Hits@10:30.22	Best:17.1
2024-10-04 17:48:34,185 INFO    : Snapshot:2	0	3	Epoch:10	Loss:1.964	MRR:17.11	Hits@10:30.33	Best:17.11
2024-10-04 17:48:38,134 INFO    : Snapshot:2	1	3	Epoch:11	Loss:1.941	MRR:17.07	Hits@10:30.32	Best:17.11
2024-10-04 17:48:42,078 INFO    : Snapshot:2	0	3	Epoch:12	Loss:1.905	MRR:17.14	Hits@10:30.3	Best:17.14
2024-10-04 17:48:45,960 INFO    : Snapshot:2	0	3	Epoch:13	Loss:1.903	MRR:17.27	Hits@10:30.51	Best:17.27
2024-10-04 17:48:49,876 INFO    : Snapshot:2	1	3	Epoch:14	Loss:1.886	MRR:17.15	Hits@10:30.35	Best:17.27
2024-10-04 17:48:53,740 INFO    : Snapshot:2	2	3	Epoch:15	Loss:1.877	MRR:17.24	Hits@10:30.65	Best:17.27
2024-10-04 17:48:57,614 INFO    : Early Stopping! Snapshot:2 Epoch: 16 Best Results: 17.27
2024-10-04 17:48:57,724 INFO    : => loading checkpoint './checkpoint/FB_CKGE\2model_best.tar'
2024-10-04 17:49:25,187 INFO    : 
+------------+--------+--------+--------+--------+---------+
| Snapshot:2 |  MRR   | Hits@1 | Hits@3 | Hits@5 | Hits@10 |
+------------+--------+--------+--------+--------+---------+
|     0      | 0.246  | 0.1419 | 0.2865 |  0.36  |  0.452  |
|     1      | 0.1693 | 0.0999 | 0.1838 | 0.2325 |  0.3058 |
|     2      | 0.1735 | 0.1053 | 0.1906 | 0.2379 |  0.3067 |
+------------+--------+--------+--------+--------+---------+
2024-10-04 17:49:37,245 INFO    : Snapshot:3	0	3	Epoch:0	Loss:4.672	MRR:17.9	Hits@10:31.28	Best:17.9
2024-10-04 17:49:41,409 INFO    : Snapshot:3	0	3	Epoch:1	Loss:3.1	MRR:17.97	Hits@10:31.38	Best:17.97
2024-10-04 17:49:45,542 INFO    : Snapshot:3	0	3	Epoch:2	Loss:2.888	MRR:18.04	Hits@10:31.41	Best:18.04
2024-10-04 17:49:49,617 INFO    : Snapshot:3	1	3	Epoch:3	Loss:2.79	MRR:18.04	Hits@10:31.46	Best:18.04
2024-10-04 17:49:53,733 INFO    : Snapshot:3	0	3	Epoch:4	Loss:2.741	MRR:18.1	Hits@10:31.63	Best:18.1
2024-10-04 17:49:57,857 INFO    : Snapshot:3	0	3	Epoch:5	Loss:2.699	MRR:18.12	Hits@10:31.71	Best:18.12
2024-10-04 17:50:01,997 INFO    : Snapshot:3	1	3	Epoch:6	Loss:2.673	MRR:18.12	Hits@10:31.78	Best:18.12
2024-10-04 17:50:06,074 INFO    : Snapshot:3	0	3	Epoch:7	Loss:2.665	MRR:18.14	Hits@10:31.63	Best:18.14
2024-10-04 17:50:10,226 INFO    : Snapshot:3	1	3	Epoch:8	Loss:2.628	MRR:18.14	Hits@10:31.76	Best:18.14
2024-10-04 17:50:14,360 INFO    : Snapshot:3	2	3	Epoch:9	Loss:2.607	MRR:18.12	Hits@10:31.69	Best:18.14
2024-10-04 17:50:18,588 INFO    : Snapshot:3	0	3	Epoch:10	Loss:2.616	MRR:18.15	Hits@10:31.68	Best:18.15
2024-10-04 17:50:22,755 INFO    : Snapshot:3	0	3	Epoch:11	Loss:2.593	MRR:18.16	Hits@10:31.83	Best:18.16
2024-10-04 17:50:27,205 INFO    : Snapshot:3	0	3	Epoch:12	Loss:2.593	MRR:18.17	Hits@10:31.81	Best:18.17
2024-10-04 17:50:31,584 INFO    : Snapshot:3	1	3	Epoch:13	Loss:2.564	MRR:18.16	Hits@10:31.77	Best:18.17
2024-10-04 17:50:35,743 INFO    : Snapshot:3	2	3	Epoch:14	Loss:2.555	MRR:18.14	Hits@10:31.77	Best:18.17
2024-10-04 17:50:39,891 INFO    : Snapshot:3	0	3	Epoch:15	Loss:2.573	MRR:18.19	Hits@10:31.76	Best:18.19
2024-10-04 17:50:43,964 INFO    : Snapshot:3	0	3	Epoch:16	Loss:2.56	MRR:18.2	Hits@10:31.75	Best:18.2
2024-10-04 17:50:48,067 INFO    : Snapshot:3	1	3	Epoch:17	Loss:2.55	MRR:18.19	Hits@10:31.82	Best:18.2
2024-10-04 17:50:52,168 INFO    : Snapshot:3	0	3	Epoch:18	Loss:2.535	MRR:18.23	Hits@10:31.76	Best:18.23
2024-10-04 17:50:56,584 INFO    : Snapshot:3	1	3	Epoch:19	Loss:2.529	MRR:18.2	Hits@10:31.93	Best:18.23
2024-10-04 17:51:00,734 INFO    : Snapshot:3	2	3	Epoch:20	Loss:2.538	MRR:18.17	Hits@10:31.72	Best:18.23
2024-10-04 17:51:04,891 INFO    : Early Stopping! Snapshot:3 Epoch: 21 Best Results: 18.23
2024-10-04 17:51:05,007 INFO    : => loading checkpoint './checkpoint/FB_CKGE\3model_best.tar'
2024-10-04 17:51:37,597 INFO    : 
+------------+--------+--------+--------+--------+---------+
| Snapshot:3 |  MRR   | Hits@1 | Hits@3 | Hits@5 | Hits@10 |
+------------+--------+--------+--------+--------+---------+
|     0      | 0.246  | 0.1419 | 0.2865 |  0.36  |  0.452  |
|     1      | 0.1693 | 0.0999 | 0.1838 | 0.2325 |  0.3058 |
|     2      | 0.1735 | 0.1053 | 0.1906 | 0.2379 |  0.3067 |
|     3      | 0.1817 | 0.1116 | 0.2043 | 0.2484 |  0.3171 |
+------------+--------+--------+--------+--------+---------+
2024-10-04 17:51:50,315 INFO    : Snapshot:4	0	3	Epoch:0	Loss:3.712	MRR:19.28	Hits@10:32.17	Best:19.28
2024-10-04 17:51:54,775 INFO    : Snapshot:4	1	3	Epoch:1	Loss:3.178	MRR:19.28	Hits@10:32.17	Best:19.28
2024-10-04 17:51:59,109 INFO    : Snapshot:4	0	3	Epoch:2	Loss:3.062	MRR:19.3	Hits@10:32.19	Best:19.3
2024-10-04 17:52:03,470 INFO    : Snapshot:4	0	3	Epoch:3	Loss:3.014	MRR:19.32	Hits@10:32.22	Best:19.32
2024-10-04 17:52:07,805 INFO    : Snapshot:4	1	3	Epoch:4	Loss:2.994	MRR:19.29	Hits@10:32.25	Best:19.32
2024-10-04 17:52:12,107 INFO    : Snapshot:4	2	3	Epoch:5	Loss:3.0	MRR:19.3	Hits@10:32.22	Best:19.32
2024-10-04 17:52:16,492 INFO    : Early Stopping! Snapshot:4 Epoch: 6 Best Results: 19.32
2024-10-04 17:52:16,608 INFO    : => loading checkpoint './checkpoint/FB_CKGE\4model_best.tar'
2024-10-04 17:52:56,577 INFO    : 
+------------+--------+--------+--------+--------+---------+
| Snapshot:4 |  MRR   | Hits@1 | Hits@3 | Hits@5 | Hits@10 |
+------------+--------+--------+--------+--------+---------+
|     0      | 0.246  | 0.1419 | 0.2865 |  0.36  |  0.452  |
|     1      | 0.1693 | 0.0999 | 0.1838 | 0.2325 |  0.3058 |
|     2      | 0.1735 | 0.1053 | 0.1906 | 0.2379 |  0.3067 |
|     3      | 0.1817 | 0.1116 | 0.2043 | 0.2484 |  0.3171 |
|     4      | 0.209  | 0.1302 | 0.2393 | 0.291  |  0.3616 |
+------------+--------+--------+--------+--------+---------+
2024-10-04 17:52:56,579 INFO    : Final Result:
[+------------+-------+--------+--------+--------+---------+
| Snapshot:0 |  MRR  | Hits@1 | Hits@3 | Hits@5 | Hits@10 |
+------------+-------+--------+--------+--------+---------+
|     0      | 0.246 | 0.1419 | 0.2865 |  0.36  |  0.452  |
+------------+-------+--------+--------+--------+---------+, +------------+--------+--------+--------+--------+---------+
| Snapshot:1 |  MRR   | Hits@1 | Hits@3 | Hits@5 | Hits@10 |
+------------+--------+--------+--------+--------+---------+
|     0      | 0.246  | 0.1419 | 0.2865 |  0.36  |  0.452  |
|     1      | 0.1693 | 0.0999 | 0.1838 | 0.2325 |  0.3058 |
+------------+--------+--------+--------+--------+---------+, +------------+--------+--------+--------+--------+---------+
| Snapshot:2 |  MRR   | Hits@1 | Hits@3 | Hits@5 | Hits@10 |
+------------+--------+--------+--------+--------+---------+
|     0      | 0.246  | 0.1419 | 0.2865 |  0.36  |  0.452  |
|     1      | 0.1693 | 0.0999 | 0.1838 | 0.2325 |  0.3058 |
|     2      | 0.1735 | 0.1053 | 0.1906 | 0.2379 |  0.3067 |
+------------+--------+--------+--------+--------+---------+, +------------+--------+--------+--------+--------+---------+
| Snapshot:3 |  MRR   | Hits@1 | Hits@3 | Hits@5 | Hits@10 |
+------------+--------+--------+--------+--------+---------+
|     0      | 0.246  | 0.1419 | 0.2865 |  0.36  |  0.452  |
|     1      | 0.1693 | 0.0999 | 0.1838 | 0.2325 |  0.3058 |
|     2      | 0.1735 | 0.1053 | 0.1906 | 0.2379 |  0.3067 |
|     3      | 0.1817 | 0.1116 | 0.2043 | 0.2484 |  0.3171 |
+------------+--------+--------+--------+--------+---------+, +------------+--------+--------+--------+--------+---------+
| Snapshot:4 |  MRR   | Hits@1 | Hits@3 | Hits@5 | Hits@10 |
+------------+--------+--------+--------+--------+---------+
|     0      | 0.246  | 0.1419 | 0.2865 |  0.36  |  0.452  |
|     1      | 0.1693 | 0.0999 | 0.1838 | 0.2325 |  0.3058 |
|     2      | 0.1735 | 0.1053 | 0.1906 | 0.2379 |  0.3067 |
|     3      | 0.1817 | 0.1116 | 0.2043 | 0.2484 |  0.3171 |
|     4      | 0.209  | 0.1302 | 0.2393 | 0.291  |  0.3616 |
+------------+--------+--------+--------+--------+---------+]
2024-10-04 17:52:56,580 INFO    : Report Result:
+----------+-------------------+-----------+--------------+--------------+---------------+
| Snapshot |        Time       | Whole_MRR | Whole_Hits@1 | Whole_Hits@3 | Whole_Hits@10 |
+----------+-------------------+-----------+--------------+--------------+---------------+
|    0     | 88.10524654388428 |   0.246   |    0.142     |    0.286     |     0.452     |
|    1     | 62.83311128616333 |   0.235   |    0.136     |    0.272     |     0.431     |
|    2     |  72.386474609375  |   0.227   |    0.132     |    0.262     |     0.416     |
|    3     | 95.02376008033752 |   0.222   |     0.13     |    0.255     |     0.405     |
|    4     | 33.69555878639221 |   0.221   |     0.13     |    0.254     |      0.4      |
+----------+-------------------+-----------+--------------+--------------+---------------+
2024-10-04 17:52:56,580 INFO    : Sum_Training_Time:352.04415130615234
2024-10-04 17:52:56,580 INFO    : Every_Training_Time:[88.10524654388428, 62.83311128616333, 72.386474609375, 95.02376008033752, 33.69555878639221]
2024-10-04 17:52:56,580 INFO    : Forward transfer: 0.14475 Backward transfer: 0.0
