2024-10-07 14:28:02,514 INFO    : Namespace(batch_size='1024', data_path='./data/FB_CKGE/', dataset='FB_CKGE', debug=False, device=device(type='cuda', index=0), emb_dim=200, ent_r='20', epoch_num=200, explore=False, gpu='0', l2=0.0, learning_rate='1e-1', log_path='./logs/FB_CKGE 20 2 1e-1 1024/FB_CKGE 20241007142751', logger=<RootLogger root (INFO)>, margin=8.0, model_name='LoraKGE_Layers', multi_layers_path='train_sorted_by_edges_betweenness.txt', neg_ratio=10, note='', num_ent_layers='2', num_layer=1, num_rel_layers='1', patience=3, predict_result='True', r=100, r_fixed=True, random_seed=3407, record=False, rel_r='200', save_path='./checkpoint/FB_CKGE', skip_previous='False', snapshot_num=5, train_new=True, using_multi_layers=False, using_various_ranks='True', using_various_ranks_reverse=False, valid_metrics='mrr')
2024-10-07 14:28:24,122 INFO    : Snapshot:0	0	3	Epoch:0	Loss:91.268	MRR:22.64	Hits@10:42.62	Best:22.64
2024-10-07 14:28:42,661 INFO    : Snapshot:0	0	3	Epoch:1	Loss:17.198	MRR:24.74	Hits@10:45.16	Best:24.74
2024-10-07 14:29:00,208 INFO    : Snapshot:0	1	3	Epoch:2	Loss:7.016	MRR:23.93	Hits@10:44.13	Best:24.74
2024-10-07 14:29:17,279 INFO    : Snapshot:0	2	3	Epoch:3	Loss:4.7	MRR:23.72	Hits@10:43.5	Best:24.74
2024-10-07 14:29:34,647 INFO    : Early Stopping! Snapshot:0 Epoch: 4 Best Results: 24.74
2024-10-07 14:29:34,776 INFO    : => loading checkpoint './checkpoint/FB_CKGE\0model_best.tar'
2024-10-07 14:29:54,900 INFO    : 
+------------+-------+--------+--------+--------+---------+
| Snapshot:0 |  MRR  | Hits@1 | Hits@3 | Hits@5 | Hits@10 |
+------------+-------+--------+--------+--------+---------+
|     0      | 0.246 | 0.1419 | 0.2865 |  0.36  |  0.452  |
+------------+-------+--------+--------+--------+---------+
2024-10-07 14:30:06,247 INFO    : Snapshot:1	0	3	Epoch:0	Loss:8.799	MRR:10.52	Hits@10:19.4	Best:10.52
2024-10-07 14:30:09,785 INFO    : Snapshot:1	0	3	Epoch:1	Loss:2.817	MRR:12.45	Hits@10:23.64	Best:12.45
2024-10-07 14:30:13,231 INFO    : Snapshot:1	0	3	Epoch:2	Loss:1.99	MRR:13.6	Hits@10:25.62	Best:13.6
2024-10-07 14:30:16,678 INFO    : Snapshot:1	0	3	Epoch:3	Loss:1.631	MRR:14.23	Hits@10:26.86	Best:14.23
2024-10-07 14:30:20,279 INFO    : Snapshot:1	0	3	Epoch:4	Loss:1.433	MRR:14.74	Hits@10:27.9	Best:14.74
2024-10-07 14:30:23,784 INFO    : Snapshot:1	0	3	Epoch:5	Loss:1.254	MRR:14.91	Hits@10:28.24	Best:14.91
2024-10-07 14:30:27,272 INFO    : Snapshot:1	0	3	Epoch:6	Loss:1.153	MRR:15.11	Hits@10:28.81	Best:15.11
2024-10-07 14:30:31,086 INFO    : Snapshot:1	0	3	Epoch:7	Loss:1.061	MRR:15.43	Hits@10:29.18	Best:15.43
2024-10-07 14:30:35,006 INFO    : Snapshot:1	0	3	Epoch:8	Loss:1.017	MRR:15.46	Hits@10:29.11	Best:15.46
2024-10-07 14:30:38,847 INFO    : Snapshot:1	0	3	Epoch:9	Loss:0.952	MRR:15.79	Hits@10:29.48	Best:15.79
2024-10-07 14:30:42,472 INFO    : Snapshot:1	0	3	Epoch:10	Loss:0.932	MRR:15.84	Hits@10:29.87	Best:15.84
2024-10-07 14:30:46,041 INFO    : Snapshot:1	0	3	Epoch:11	Loss:0.887	MRR:15.86	Hits@10:29.83	Best:15.86
2024-10-07 14:30:49,740 INFO    : Snapshot:1	0	3	Epoch:12	Loss:0.867	MRR:15.92	Hits@10:30.03	Best:15.92
2024-10-07 14:30:53,352 INFO    : Snapshot:1	0	3	Epoch:13	Loss:0.834	MRR:16.02	Hits@10:30.4	Best:16.02
2024-10-07 14:30:57,864 INFO    : Snapshot:1	1	3	Epoch:14	Loss:0.817	MRR:15.97	Hits@10:30.12	Best:16.02
2024-10-07 14:31:03,181 INFO    : Snapshot:1	2	3	Epoch:15	Loss:0.802	MRR:16.02	Hits@10:30.19	Best:16.02
2024-10-07 14:31:08,075 INFO    : Snapshot:1	0	3	Epoch:16	Loss:0.779	MRR:16.17	Hits@10:30.4	Best:16.17
2024-10-07 14:31:12,018 INFO    : Snapshot:1	1	3	Epoch:17	Loss:0.765	MRR:16.11	Hits@10:30.34	Best:16.17
2024-10-07 14:31:16,268 INFO    : Snapshot:1	2	3	Epoch:18	Loss:0.749	MRR:16.02	Hits@10:30.65	Best:16.17
2024-10-07 14:31:19,901 INFO    : Early Stopping! Snapshot:1 Epoch: 19 Best Results: 16.17
2024-10-07 14:31:20,032 INFO    : => loading checkpoint './checkpoint/FB_CKGE\1model_best.tar'
2024-10-07 14:31:44,822 INFO    : 
+------------+--------+--------+--------+--------+---------+
| Snapshot:1 |  MRR   | Hits@1 | Hits@3 | Hits@5 | Hits@10 |
+------------+--------+--------+--------+--------+---------+
|     0      | 0.246  | 0.1419 | 0.2865 |  0.36  |  0.452  |
|     1      | 0.1679 | 0.0996 | 0.1807 | 0.2296 |  0.3029 |
+------------+--------+--------+--------+--------+---------+
2024-10-07 14:31:55,908 INFO    : Snapshot:2	0	3	Epoch:0	Loss:6.34	MRR:16.24	Hits@10:28.95	Best:16.24
2024-10-07 14:32:00,377 INFO    : Snapshot:2	0	3	Epoch:1	Loss:3.011	MRR:16.45	Hits@10:29.4	Best:16.45
2024-10-07 14:32:04,493 INFO    : Snapshot:2	0	3	Epoch:2	Loss:2.554	MRR:16.6	Hits@10:29.83	Best:16.6
2024-10-07 14:32:08,471 INFO    : Snapshot:2	0	3	Epoch:3	Loss:2.365	MRR:16.66	Hits@10:29.85	Best:16.66
2024-10-07 14:32:12,517 INFO    : Snapshot:2	0	3	Epoch:4	Loss:2.226	MRR:16.83	Hits@10:30.09	Best:16.83
2024-10-07 14:32:16,537 INFO    : Snapshot:2	1	3	Epoch:5	Loss:2.151	MRR:16.82	Hits@10:30.26	Best:16.83
2024-10-07 14:32:20,485 INFO    : Snapshot:2	2	3	Epoch:6	Loss:2.088	MRR:16.78	Hits@10:30.1	Best:16.83
2024-10-07 14:32:24,535 INFO    : Early Stopping! Snapshot:2 Epoch: 7 Best Results: 16.83
2024-10-07 14:32:24,681 INFO    : => loading checkpoint './checkpoint/FB_CKGE\2model_best.tar'
2024-10-07 14:32:54,017 INFO    : 
+------------+--------+--------+--------+--------+---------+
| Snapshot:2 |  MRR   | Hits@1 | Hits@3 | Hits@5 | Hits@10 |
+------------+--------+--------+--------+--------+---------+
|     0      | 0.246  | 0.1419 | 0.2865 |  0.36  |  0.452  |
|     1      | 0.1679 | 0.0996 | 0.1807 | 0.2296 |  0.3029 |
|     2      | 0.1707 | 0.1041 | 0.1872 | 0.2323 |  0.3029 |
+------------+--------+--------+--------+--------+---------+
2024-10-07 14:33:06,290 INFO    : Snapshot:3	0	3	Epoch:0	Loss:4.683	MRR:17.89	Hits@10:30.73	Best:17.89
2024-10-07 14:33:10,615 INFO    : Snapshot:3	0	3	Epoch:1	Loss:3.121	MRR:17.92	Hits@10:30.93	Best:17.92
2024-10-07 14:33:14,809 INFO    : Snapshot:3	1	3	Epoch:2	Loss:2.881	MRR:17.92	Hits@10:30.95	Best:17.92
2024-10-07 14:33:19,085 INFO    : Snapshot:3	0	3	Epoch:3	Loss:2.812	MRR:17.93	Hits@10:30.94	Best:17.93
2024-10-07 14:33:23,371 INFO    : Snapshot:3	0	3	Epoch:4	Loss:2.755	MRR:17.94	Hits@10:31.03	Best:17.94
2024-10-07 14:33:27,709 INFO    : Snapshot:3	0	3	Epoch:5	Loss:2.697	MRR:17.98	Hits@10:31.11	Best:17.98
2024-10-07 14:33:31,977 INFO    : Snapshot:3	0	3	Epoch:6	Loss:2.679	MRR:18.02	Hits@10:31.11	Best:18.02
2024-10-07 14:33:36,290 INFO    : Snapshot:3	0	3	Epoch:7	Loss:2.674	MRR:18.04	Hits@10:31.14	Best:18.04
2024-10-07 14:33:40,535 INFO    : Snapshot:3	1	3	Epoch:8	Loss:2.663	MRR:18.03	Hits@10:31.14	Best:18.04
2024-10-07 14:33:44,791 INFO    : Snapshot:3	0	3	Epoch:9	Loss:2.619	MRR:18.05	Hits@10:31.22	Best:18.05
2024-10-07 14:33:49,093 INFO    : Snapshot:3	0	3	Epoch:10	Loss:2.617	MRR:18.08	Hits@10:31.09	Best:18.08
2024-10-07 14:33:53,509 INFO    : Snapshot:3	1	3	Epoch:11	Loss:2.598	MRR:18.04	Hits@10:31.09	Best:18.08
2024-10-07 14:33:57,730 INFO    : Snapshot:3	2	3	Epoch:12	Loss:2.594	MRR:18.07	Hits@10:31.16	Best:18.08
2024-10-07 14:34:02,048 INFO    : Early Stopping! Snapshot:3 Epoch: 13 Best Results: 18.08
2024-10-07 14:34:02,185 INFO    : => loading checkpoint './checkpoint/FB_CKGE\3model_best.tar'
2024-10-07 14:34:37,580 INFO    : 
+------------+--------+--------+--------+--------+---------+
| Snapshot:3 |  MRR   | Hits@1 | Hits@3 | Hits@5 | Hits@10 |
+------------+--------+--------+--------+--------+---------+
|     0      | 0.246  | 0.1419 | 0.2865 |  0.36  |  0.452  |
|     1      | 0.1679 | 0.0996 | 0.1807 | 0.2296 |  0.3029 |
|     2      | 0.1707 | 0.1041 | 0.1872 | 0.2323 |  0.3029 |
|     3      | 0.1769 | 0.1087 | 0.1963 | 0.2427 |  0.3094 |
+------------+--------+--------+--------+--------+---------+
2024-10-07 14:34:50,600 INFO    : Snapshot:4	0	3	Epoch:0	Loss:3.757	MRR:18.94	Hits@10:31.55	Best:18.94
2024-10-07 14:34:55,187 INFO    : Snapshot:4	1	3	Epoch:1	Loss:3.203	MRR:18.92	Hits@10:31.57	Best:18.94
2024-10-07 14:34:59,680 INFO    : Snapshot:4	2	3	Epoch:2	Loss:3.094	MRR:18.91	Hits@10:31.51	Best:18.94
2024-10-07 14:35:04,353 INFO    : Early Stopping! Snapshot:4 Epoch: 3 Best Results: 18.94
2024-10-07 14:35:04,493 INFO    : => loading checkpoint './checkpoint/FB_CKGE\4model_best.tar'
2024-10-07 14:35:45,133 INFO    : 
+------------+--------+--------+--------+--------+---------+
| Snapshot:4 |  MRR   | Hits@1 | Hits@3 | Hits@5 | Hits@10 |
+------------+--------+--------+--------+--------+---------+
|     0      | 0.246  | 0.1419 | 0.2865 |  0.36  |  0.452  |
|     1      | 0.1679 | 0.0996 | 0.1807 | 0.2296 |  0.3029 |
|     2      | 0.1707 | 0.1041 | 0.1872 | 0.2323 |  0.3029 |
|     3      | 0.1769 | 0.1087 | 0.1963 | 0.2427 |  0.3094 |
|     4      | 0.2098 | 0.1314 | 0.2387 | 0.2906 |   0.36  |
+------------+--------+--------+--------+--------+---------+
2024-10-07 14:35:45,135 INFO    : Final Result:
[+------------+-------+--------+--------+--------+---------+
| Snapshot:0 |  MRR  | Hits@1 | Hits@3 | Hits@5 | Hits@10 |
+------------+-------+--------+--------+--------+---------+
|     0      | 0.246 | 0.1419 | 0.2865 |  0.36  |  0.452  |
+------------+-------+--------+--------+--------+---------+, +------------+--------+--------+--------+--------+---------+
| Snapshot:1 |  MRR   | Hits@1 | Hits@3 | Hits@5 | Hits@10 |
+------------+--------+--------+--------+--------+---------+
|     0      | 0.246  | 0.1419 | 0.2865 |  0.36  |  0.452  |
|     1      | 0.1679 | 0.0996 | 0.1807 | 0.2296 |  0.3029 |
+------------+--------+--------+--------+--------+---------+, +------------+--------+--------+--------+--------+---------+
| Snapshot:2 |  MRR   | Hits@1 | Hits@3 | Hits@5 | Hits@10 |
+------------+--------+--------+--------+--------+---------+
|     0      | 0.246  | 0.1419 | 0.2865 |  0.36  |  0.452  |
|     1      | 0.1679 | 0.0996 | 0.1807 | 0.2296 |  0.3029 |
|     2      | 0.1707 | 0.1041 | 0.1872 | 0.2323 |  0.3029 |
+------------+--------+--------+--------+--------+---------+, +------------+--------+--------+--------+--------+---------+
| Snapshot:3 |  MRR   | Hits@1 | Hits@3 | Hits@5 | Hits@10 |
+------------+--------+--------+--------+--------+---------+
|     0      | 0.246  | 0.1419 | 0.2865 |  0.36  |  0.452  |
|     1      | 0.1679 | 0.0996 | 0.1807 | 0.2296 |  0.3029 |
|     2      | 0.1707 | 0.1041 | 0.1872 | 0.2323 |  0.3029 |
|     3      | 0.1769 | 0.1087 | 0.1963 | 0.2427 |  0.3094 |
+------------+--------+--------+--------+--------+---------+, +------------+--------+--------+--------+--------+---------+
| Snapshot:4 |  MRR   | Hits@1 | Hits@3 | Hits@5 | Hits@10 |
+------------+--------+--------+--------+--------+---------+
|     0      | 0.246  | 0.1419 | 0.2865 |  0.36  |  0.452  |
|     1      | 0.1679 | 0.0996 | 0.1807 | 0.2296 |  0.3029 |
|     2      | 0.1707 | 0.1041 | 0.1872 | 0.2323 |  0.3029 |
|     3      | 0.1769 | 0.1087 | 0.1963 | 0.2427 |  0.3094 |
|     4      | 0.2098 | 0.1314 | 0.2387 | 0.2906 |   0.36  |
+------------+--------+--------+--------+--------+---------+]
2024-10-07 14:35:45,136 INFO    : Report Result:
+----------+--------------------+-----------+--------------+--------------+---------------+
| Snapshot |        Time        | Whole_MRR | Whole_Hits@1 | Whole_Hits@3 | Whole_Hits@10 |
+----------+--------------------+-----------+--------------+--------------+---------------+
|    0     |  92.1337251663208  |   0.246   |    0.142     |    0.286     |     0.452     |
|    1     | 80.31885981559753  |   0.235   |    0.136     |    0.271     |     0.431     |
|    2     | 35.32810354232788  |   0.227   |    0.132     |    0.261     |     0.415     |
|    3     | 63.10859680175781  |   0.221   |    0.129     |    0.254     |     0.403     |
|    4     | 21.630797863006592 |    0.22   |     0.13     |    0.252     |     0.399     |
+----------+--------------------+-----------+--------------+--------------+---------------+
2024-10-07 14:35:45,136 INFO    : Sum_Training_Time:292.5200831890106
2024-10-07 14:35:45,136 INFO    : Every_Training_Time:[92.1337251663208, 80.31885981559753, 35.32810354232788, 63.10859680175781, 21.630797863006592]
2024-10-07 14:35:45,137 INFO    : Forward transfer: 0.14365 Backward transfer: 0.0
