2024-10-05 16:50:48,924 INFO    : Namespace(batch_size='1024', data_path='./data/WN_CKGE/', dataset='WN_CKGE', debug=False, device=device(type='cuda', index=0), emb_dim=200, ent_r='20', epoch_num=200, explore=False, gpu='0', l2=0.0, learning_rate='2e-1', log_path='./logs/WN_CKGE 20 10 2e-1 1024/WN_CKGE 20241005165044', logger=<RootLogger root (INFO)>, margin=8.0, model_name='LoraKGE_Layers', multi_layers_path='train_sorted_by_edges_betweenness.txt', neg_ratio=10, note='', num_ent_layers='10', num_layer=1, num_rel_layers='1', patience=3, predict_result='True', r=100, r_fixed=True, random_seed=3407, record=False, rel_r='200', save_path='./checkpoint/WN_CKGE', skip_previous='False', snapshot_num=5, train_new=True, using_multi_layers=False, using_various_ranks='True', using_various_ranks_reverse=False, valid_metrics='mrr')
2024-10-05 16:51:00,776 INFO    : Snapshot:0	0	3	Epoch:0	Loss:43.873	MRR:0.82	Hits@10:1.92	Best:0.82
2024-10-05 16:51:11,973 INFO    : Snapshot:0	0	3	Epoch:1	Loss:28.425	MRR:2.42	Hits@10:6.33	Best:2.42
2024-10-05 16:51:23,015 INFO    : Snapshot:0	0	3	Epoch:2	Loss:16.858	MRR:9.07	Hits@10:21.52	Best:9.07
2024-10-05 16:51:34,162 INFO    : Snapshot:0	0	3	Epoch:3	Loss:10.631	MRR:12.21	Hits@10:27.73	Best:12.21
2024-10-05 16:51:45,366 INFO    : Snapshot:0	0	3	Epoch:4	Loss:7.432	MRR:13.39	Hits@10:29.97	Best:13.39
2024-10-05 16:51:56,419 INFO    : Snapshot:0	0	3	Epoch:5	Loss:5.584	MRR:14.12	Hits@10:31.38	Best:14.12
2024-10-05 16:52:07,423 INFO    : Snapshot:0	0	3	Epoch:6	Loss:4.378	MRR:14.57	Hits@10:32.16	Best:14.57
2024-10-05 16:52:18,577 INFO    : Snapshot:0	0	3	Epoch:7	Loss:3.481	MRR:14.86	Hits@10:32.57	Best:14.86
2024-10-05 16:52:29,663 INFO    : Snapshot:0	0	3	Epoch:8	Loss:2.775	MRR:15.13	Hits@10:33.16	Best:15.13
2024-10-05 16:52:40,826 INFO    : Snapshot:0	0	3	Epoch:9	Loss:2.249	MRR:15.4	Hits@10:33.64	Best:15.4
2024-10-05 16:52:52,005 INFO    : Snapshot:0	0	3	Epoch:10	Loss:1.809	MRR:15.58	Hits@10:34.25	Best:15.58
2024-10-05 16:53:03,031 INFO    : Snapshot:0	0	3	Epoch:11	Loss:1.471	MRR:15.79	Hits@10:34.65	Best:15.79
2024-10-05 16:53:14,153 INFO    : Snapshot:0	0	3	Epoch:12	Loss:1.231	MRR:15.98	Hits@10:35.04	Best:15.98
2024-10-05 16:53:25,329 INFO    : Snapshot:0	0	3	Epoch:13	Loss:1.003	MRR:16.17	Hits@10:35.6	Best:16.17
2024-10-05 16:53:36,366 INFO    : Snapshot:0	0	3	Epoch:14	Loss:0.852	MRR:16.37	Hits@10:36.0	Best:16.37
2024-10-05 16:53:47,403 INFO    : Snapshot:0	0	3	Epoch:15	Loss:0.715	MRR:16.55	Hits@10:36.19	Best:16.55
2024-10-05 16:53:58,549 INFO    : Snapshot:0	0	3	Epoch:16	Loss:0.595	MRR:16.81	Hits@10:36.74	Best:16.81
2024-10-05 16:54:09,734 INFO    : Snapshot:0	0	3	Epoch:17	Loss:0.499	MRR:16.83	Hits@10:36.97	Best:16.83
2024-10-05 16:54:20,767 INFO    : Snapshot:0	0	3	Epoch:18	Loss:0.408	MRR:16.93	Hits@10:37.23	Best:16.93
2024-10-05 16:54:31,707 INFO    : Snapshot:0	0	3	Epoch:19	Loss:0.343	MRR:17.0	Hits@10:37.68	Best:17.0
2024-10-05 16:54:42,713 INFO    : Snapshot:0	1	3	Epoch:20	Loss:0.284	MRR:16.95	Hits@10:37.81	Best:17.0
2024-10-05 16:54:53,814 INFO    : Snapshot:0	0	3	Epoch:21	Loss:0.252	MRR:17.02	Hits@10:37.85	Best:17.02
2024-10-05 16:55:04,953 INFO    : Snapshot:0	1	3	Epoch:22	Loss:0.228	MRR:17.0	Hits@10:38.01	Best:17.02
2024-10-05 16:55:16,150 INFO    : Snapshot:0	0	3	Epoch:23	Loss:0.193	MRR:17.06	Hits@10:38.26	Best:17.06
2024-10-05 16:55:27,339 INFO    : Snapshot:0	0	3	Epoch:24	Loss:0.178	MRR:17.12	Hits@10:38.45	Best:17.12
2024-10-05 16:55:38,356 INFO    : Snapshot:0	1	3	Epoch:25	Loss:0.16	MRR:17.08	Hits@10:38.38	Best:17.12
2024-10-05 16:55:49,312 INFO    : Snapshot:0	2	3	Epoch:26	Loss:0.149	MRR:17.09	Hits@10:38.57	Best:17.12
2024-10-05 16:56:00,343 INFO    : Snapshot:0	0	3	Epoch:27	Loss:0.136	MRR:17.13	Hits@10:38.9	Best:17.13
2024-10-05 16:56:11,400 INFO    : Snapshot:0	1	3	Epoch:28	Loss:0.137	MRR:17.13	Hits@10:39.09	Best:17.13
2024-10-05 16:56:22,512 INFO    : Snapshot:0	0	3	Epoch:29	Loss:0.13	MRR:17.16	Hits@10:39.22	Best:17.16
2024-10-05 16:56:33,480 INFO    : Snapshot:0	1	3	Epoch:30	Loss:0.12	MRR:17.16	Hits@10:39.24	Best:17.16
2024-10-05 16:56:44,714 INFO    : Snapshot:0	2	3	Epoch:31	Loss:0.118	MRR:17.16	Hits@10:39.45	Best:17.16
2024-10-05 16:56:55,741 INFO    : Snapshot:0	0	3	Epoch:32	Loss:0.112	MRR:17.2	Hits@10:39.4	Best:17.2
2024-10-05 16:57:06,744 INFO    : Snapshot:0	1	3	Epoch:33	Loss:0.113	MRR:17.15	Hits@10:39.7	Best:17.2
2024-10-05 16:57:17,871 INFO    : Snapshot:0	0	3	Epoch:34	Loss:0.111	MRR:17.23	Hits@10:39.72	Best:17.23
2024-10-05 16:57:29,036 INFO    : Snapshot:0	0	3	Epoch:35	Loss:0.105	MRR:17.26	Hits@10:39.75	Best:17.26
2024-10-05 16:57:40,203 INFO    : Snapshot:0	1	3	Epoch:36	Loss:0.108	MRR:17.23	Hits@10:39.89	Best:17.26
2024-10-05 16:57:51,261 INFO    : Snapshot:0	2	3	Epoch:37	Loss:0.101	MRR:17.23	Hits@10:39.83	Best:17.26
2024-10-05 16:58:02,276 INFO    : Snapshot:0	0	3	Epoch:38	Loss:0.104	MRR:17.29	Hits@10:40.03	Best:17.29
2024-10-05 16:58:13,318 INFO    : Snapshot:0	1	3	Epoch:39	Loss:0.101	MRR:17.23	Hits@10:40.13	Best:17.29
2024-10-05 16:58:24,521 INFO    : Snapshot:0	0	3	Epoch:40	Loss:0.099	MRR:17.36	Hits@10:40.34	Best:17.36
2024-10-05 16:58:35,616 INFO    : Snapshot:0	1	3	Epoch:41	Loss:0.098	MRR:17.3	Hits@10:40.15	Best:17.36
2024-10-05 16:58:46,551 INFO    : Snapshot:0	2	3	Epoch:42	Loss:0.097	MRR:17.26	Hits@10:40.34	Best:17.36
2024-10-05 16:58:57,606 INFO    : Early Stopping! Snapshot:0 Epoch: 43 Best Results: 17.36
2024-10-05 16:58:57,643 INFO    : => loading checkpoint './checkpoint/WN_CKGE\0model_best.tar'
2024-10-05 16:59:09,593 INFO    : 
+------------+--------+--------+--------+--------+---------+
| Snapshot:0 |  MRR   | Hits@1 | Hits@3 | Hits@5 | Hits@10 |
+------------+--------+--------+--------+--------+---------+
|     0      | 0.1751 | 0.0109 | 0.3144 | 0.3552 |  0.4036 |
+------------+--------+--------+--------+--------+---------+
2024-10-05 16:59:26,338 INFO    : Snapshot:1	0	3	Epoch:0	Loss:6.778	MRR:1.82	Hits@10:4.09	Best:1.82
2024-10-05 16:59:34,047 INFO    : Snapshot:1	0	3	Epoch:1	Loss:4.634	MRR:3.03	Hits@10:7.61	Best:3.03
2024-10-05 16:59:41,753 INFO    : Snapshot:1	0	3	Epoch:2	Loss:3.68	MRR:3.85	Hits@10:10.46	Best:3.85
2024-10-05 16:59:49,447 INFO    : Snapshot:1	0	3	Epoch:3	Loss:3.132	MRR:4.55	Hits@10:12.74	Best:4.55
2024-10-05 16:59:57,160 INFO    : Snapshot:1	0	3	Epoch:4	Loss:2.791	MRR:5.06	Hits@10:14.17	Best:5.06
2024-10-05 17:00:04,867 INFO    : Snapshot:1	0	3	Epoch:5	Loss:2.556	MRR:5.52	Hits@10:15.38	Best:5.52
2024-10-05 17:00:12,570 INFO    : Snapshot:1	0	3	Epoch:6	Loss:2.394	MRR:5.83	Hits@10:15.94	Best:5.83
2024-10-05 17:00:20,265 INFO    : Snapshot:1	0	3	Epoch:7	Loss:2.289	MRR:6.07	Hits@10:16.99	Best:6.07
2024-10-05 17:00:27,967 INFO    : Snapshot:1	0	3	Epoch:8	Loss:2.194	MRR:6.38	Hits@10:17.74	Best:6.38
2024-10-05 17:00:35,669 INFO    : Snapshot:1	0	3	Epoch:9	Loss:2.122	MRR:6.51	Hits@10:17.88	Best:6.51
2024-10-05 17:00:43,376 INFO    : Snapshot:1	0	3	Epoch:10	Loss:2.065	MRR:6.71	Hits@10:17.98	Best:6.71
2024-10-05 17:00:51,218 INFO    : Snapshot:1	0	3	Epoch:11	Loss:2.023	MRR:6.81	Hits@10:18.49	Best:6.81
2024-10-05 17:00:58,952 INFO    : Snapshot:1	0	3	Epoch:12	Loss:1.978	MRR:6.91	Hits@10:19.06	Best:6.91
2024-10-05 17:01:06,641 INFO    : Snapshot:1	1	3	Epoch:13	Loss:1.943	MRR:6.9	Hits@10:19.19	Best:6.91
2024-10-05 17:01:14,345 INFO    : Snapshot:1	0	3	Epoch:14	Loss:1.907	MRR:6.99	Hits@10:19.44	Best:6.99
2024-10-05 17:01:22,069 INFO    : Snapshot:1	0	3	Epoch:15	Loss:1.885	MRR:7.17	Hits@10:20.13	Best:7.17
2024-10-05 17:01:29,803 INFO    : Snapshot:1	0	3	Epoch:16	Loss:1.86	MRR:7.21	Hits@10:19.73	Best:7.21
2024-10-05 17:01:37,540 INFO    : Snapshot:1	0	3	Epoch:17	Loss:1.83	MRR:7.25	Hits@10:20.3	Best:7.25
2024-10-05 17:01:45,246 INFO    : Snapshot:1	0	3	Epoch:18	Loss:1.824	MRR:7.27	Hits@10:20.22	Best:7.27
2024-10-05 17:01:52,944 INFO    : Snapshot:1	0	3	Epoch:19	Loss:1.814	MRR:7.39	Hits@10:20.13	Best:7.39
2024-10-05 17:02:00,632 INFO    : Snapshot:1	1	3	Epoch:20	Loss:1.79	MRR:7.39	Hits@10:20.51	Best:7.39
2024-10-05 17:02:08,326 INFO    : Snapshot:1	2	3	Epoch:21	Loss:1.786	MRR:7.37	Hits@10:20.59	Best:7.39
2024-10-05 17:02:16,050 INFO    : Snapshot:1	0	3	Epoch:22	Loss:1.765	MRR:7.44	Hits@10:20.56	Best:7.44
2024-10-05 17:02:23,735 INFO    : Snapshot:1	1	3	Epoch:23	Loss:1.748	MRR:7.43	Hits@10:20.91	Best:7.44
2024-10-05 17:02:31,426 INFO    : Snapshot:1	2	3	Epoch:24	Loss:1.745	MRR:7.44	Hits@10:20.65	Best:7.44
2024-10-05 17:02:39,123 INFO    : Snapshot:1	0	3	Epoch:25	Loss:1.735	MRR:7.46	Hits@10:20.78	Best:7.46
2024-10-05 17:02:46,844 INFO    : Snapshot:1	0	3	Epoch:26	Loss:1.728	MRR:7.49	Hits@10:20.97	Best:7.49
2024-10-05 17:02:54,589 INFO    : Snapshot:1	0	3	Epoch:27	Loss:1.723	MRR:7.54	Hits@10:21.32	Best:7.54
2024-10-05 17:03:02,324 INFO    : Snapshot:1	0	3	Epoch:28	Loss:1.712	MRR:7.6	Hits@10:21.08	Best:7.6
2024-10-05 17:03:10,033 INFO    : Snapshot:1	0	3	Epoch:29	Loss:1.703	MRR:7.68	Hits@10:21.21	Best:7.68
2024-10-05 17:03:17,734 INFO    : Snapshot:1	1	3	Epoch:30	Loss:1.688	MRR:7.63	Hits@10:21.29	Best:7.68
2024-10-05 17:03:25,436 INFO    : Snapshot:1	2	3	Epoch:31	Loss:1.691	MRR:7.58	Hits@10:21.08	Best:7.68
2024-10-05 17:03:33,153 INFO    : Early Stopping! Snapshot:1 Epoch: 32 Best Results: 7.68
2024-10-05 17:03:33,192 INFO    : => loading checkpoint './checkpoint/WN_CKGE\1model_best.tar'
2024-10-05 17:03:53,394 INFO    : 
+------------+--------+--------+--------+--------+---------+
| Snapshot:1 |  MRR   | Hits@1 | Hits@3 | Hits@5 | Hits@10 |
+------------+--------+--------+--------+--------+---------+
|     0      | 0.1751 | 0.0109 | 0.3144 | 0.3552 |  0.4036 |
|     1      | 0.0724 | 0.0048 | 0.0981 | 0.1454 |  0.2046 |
+------------+--------+--------+--------+--------+---------+
2024-10-05 17:04:27,144 INFO    : Snapshot:2	0	3	Epoch:0	Loss:6.775	MRR:1.3	Hits@10:2.85	Best:1.3
2024-10-05 17:04:43,255 INFO    : Snapshot:2	0	3	Epoch:1	Loss:4.689	MRR:2.36	Hits@10:5.89	Best:2.36
2024-10-05 17:04:59,370 INFO    : Snapshot:2	0	3	Epoch:2	Loss:3.704	MRR:3.23	Hits@10:8.49	Best:3.23
2024-10-05 17:05:15,473 INFO    : Snapshot:2	0	3	Epoch:3	Loss:3.116	MRR:3.98	Hits@10:10.46	Best:3.98
2024-10-05 17:05:31,561 INFO    : Snapshot:2	0	3	Epoch:4	Loss:2.785	MRR:4.57	Hits@10:12.45	Best:4.57
2024-10-05 17:05:47,666 INFO    : Snapshot:2	0	3	Epoch:5	Loss:2.524	MRR:4.94	Hits@10:13.66	Best:4.94
2024-10-05 17:06:03,789 INFO    : Snapshot:2	0	3	Epoch:6	Loss:2.358	MRR:5.16	Hits@10:13.74	Best:5.16
2024-10-05 17:06:19,889 INFO    : Snapshot:2	0	3	Epoch:7	Loss:2.243	MRR:5.49	Hits@10:14.92	Best:5.49
2024-10-05 17:06:35,990 INFO    : Snapshot:2	0	3	Epoch:8	Loss:2.157	MRR:5.6	Hits@10:15.51	Best:5.6
2024-10-05 17:06:52,097 INFO    : Snapshot:2	0	3	Epoch:9	Loss:2.071	MRR:5.79	Hits@10:15.97	Best:5.79
2024-10-05 17:07:08,232 INFO    : Snapshot:2	0	3	Epoch:10	Loss:2.015	MRR:5.96	Hits@10:15.94	Best:5.96
2024-10-05 17:07:24,346 INFO    : Snapshot:2	0	3	Epoch:11	Loss:1.969	MRR:6.07	Hits@10:16.29	Best:6.07
2024-10-05 17:07:40,466 INFO    : Snapshot:2	0	3	Epoch:12	Loss:1.94	MRR:6.16	Hits@10:16.91	Best:6.16
2024-10-05 17:07:56,573 INFO    : Snapshot:2	0	3	Epoch:13	Loss:1.91	MRR:6.3	Hits@10:16.77	Best:6.3
2024-10-05 17:08:12,689 INFO    : Snapshot:2	0	3	Epoch:14	Loss:1.873	MRR:6.37	Hits@10:17.12	Best:6.37
2024-10-05 17:08:28,807 INFO    : Snapshot:2	0	3	Epoch:15	Loss:1.846	MRR:6.42	Hits@10:16.85	Best:6.42
2024-10-05 17:08:44,908 INFO    : Snapshot:2	0	3	Epoch:16	Loss:1.829	MRR:6.47	Hits@10:17.15	Best:6.47
2024-10-05 17:09:01,027 INFO    : Snapshot:2	1	3	Epoch:17	Loss:1.811	MRR:6.39	Hits@10:17.04	Best:6.47
2024-10-05 17:09:17,125 INFO    : Snapshot:2	2	3	Epoch:18	Loss:1.79	MRR:6.44	Hits@10:16.99	Best:6.47
2024-10-05 17:09:33,344 INFO    : Snapshot:2	0	3	Epoch:19	Loss:1.775	MRR:6.51	Hits@10:17.34	Best:6.51
2024-10-05 17:09:49,453 INFO    : Snapshot:2	0	3	Epoch:20	Loss:1.759	MRR:6.54	Hits@10:17.85	Best:6.54
2024-10-05 17:10:05,538 INFO    : Snapshot:2	1	3	Epoch:21	Loss:1.747	MRR:6.52	Hits@10:17.77	Best:6.54
2024-10-05 17:10:21,675 INFO    : Snapshot:2	0	3	Epoch:22	Loss:1.732	MRR:6.55	Hits@10:17.69	Best:6.55
2024-10-05 17:10:37,783 INFO    : Snapshot:2	1	3	Epoch:23	Loss:1.733	MRR:6.5	Hits@10:17.66	Best:6.55
2024-10-05 17:10:53,896 INFO    : Snapshot:2	0	3	Epoch:24	Loss:1.711	MRR:6.6	Hits@10:17.96	Best:6.6
2024-10-05 17:11:10,024 INFO    : Snapshot:2	0	3	Epoch:25	Loss:1.709	MRR:6.68	Hits@10:17.88	Best:6.68
2024-10-05 17:11:26,099 INFO    : Snapshot:2	1	3	Epoch:26	Loss:1.699	MRR:6.66	Hits@10:17.85	Best:6.68
2024-10-05 17:11:42,200 INFO    : Snapshot:2	2	3	Epoch:27	Loss:1.687	MRR:6.68	Hits@10:18.01	Best:6.68
2024-10-05 17:11:58,293 INFO    : Early Stopping! Snapshot:2 Epoch: 28 Best Results: 6.68
2024-10-05 17:11:58,330 INFO    : => loading checkpoint './checkpoint/WN_CKGE\2model_best.tar'
2024-10-05 17:12:34,809 INFO    : 
+------------+--------+--------+--------+--------+---------+
| Snapshot:2 |  MRR   | Hits@1 | Hits@3 | Hits@5 | Hits@10 |
+------------+--------+--------+--------+--------+---------+
|     0      | 0.1751 | 0.0109 | 0.3144 | 0.3552 |  0.4036 |
|     1      | 0.0724 | 0.0048 | 0.0981 | 0.1454 |  0.2046 |
|     2      | 0.0671 | 0.0078 | 0.0898 | 0.1336 |  0.1858 |
+------------+--------+--------+--------+--------+---------+
2024-10-05 17:13:13,085 INFO    : Snapshot:3	0	3	Epoch:0	Loss:6.787	MRR:1.12	Hits@10:2.53	Best:1.12
2024-10-05 17:13:31,254 INFO    : Snapshot:3	0	3	Epoch:1	Loss:4.693	MRR:1.92	Hits@10:4.62	Best:1.92
2024-10-05 17:13:49,393 INFO    : Snapshot:3	0	3	Epoch:2	Loss:3.657	MRR:2.94	Hits@10:7.74	Best:2.94
2024-10-05 17:14:07,561 INFO    : Snapshot:3	0	3	Epoch:3	Loss:3.079	MRR:3.74	Hits@10:10.0	Best:3.74
2024-10-05 17:14:25,752 INFO    : Snapshot:3	0	3	Epoch:4	Loss:2.719	MRR:4.27	Hits@10:11.48	Best:4.27
2024-10-05 17:14:43,930 INFO    : Snapshot:3	0	3	Epoch:5	Loss:2.483	MRR:4.59	Hits@10:12.53	Best:4.59
2024-10-05 17:15:02,097 INFO    : Snapshot:3	0	3	Epoch:6	Loss:2.309	MRR:4.86	Hits@10:12.98	Best:4.86
2024-10-05 17:15:20,276 INFO    : Snapshot:3	0	3	Epoch:7	Loss:2.181	MRR:5.15	Hits@10:13.76	Best:5.15
2024-10-05 17:15:38,431 INFO    : Snapshot:3	0	3	Epoch:8	Loss:2.095	MRR:5.37	Hits@10:13.98	Best:5.37
2024-10-05 17:15:56,591 INFO    : Snapshot:3	0	3	Epoch:9	Loss:2.027	MRR:5.53	Hits@10:14.3	Best:5.53
2024-10-05 17:16:14,763 INFO    : Snapshot:3	0	3	Epoch:10	Loss:1.975	MRR:5.69	Hits@10:14.57	Best:5.69
2024-10-05 17:16:33,078 INFO    : Snapshot:3	0	3	Epoch:11	Loss:1.922	MRR:5.7	Hits@10:14.65	Best:5.7
2024-10-05 17:16:51,134 INFO    : Snapshot:3	0	3	Epoch:12	Loss:1.892	MRR:5.86	Hits@10:15.08	Best:5.86
2024-10-05 17:17:09,168 INFO    : Snapshot:3	0	3	Epoch:13	Loss:1.854	MRR:5.87	Hits@10:14.87	Best:5.87
2024-10-05 17:17:27,193 INFO    : Snapshot:3	1	3	Epoch:14	Loss:1.831	MRR:5.86	Hits@10:15.43	Best:5.87
2024-10-05 17:17:45,216 INFO    : Snapshot:3	0	3	Epoch:15	Loss:1.801	MRR:5.91	Hits@10:15.38	Best:5.91
2024-10-05 17:18:03,259 INFO    : Snapshot:3	0	3	Epoch:16	Loss:1.79	MRR:6.0	Hits@10:15.43	Best:6.0
2024-10-05 17:18:21,272 INFO    : Snapshot:3	0	3	Epoch:17	Loss:1.758	MRR:6.12	Hits@10:15.89	Best:6.12
2024-10-05 17:18:39,307 INFO    : Snapshot:3	0	3	Epoch:18	Loss:1.754	MRR:6.15	Hits@10:16.08	Best:6.15
2024-10-05 17:18:57,328 INFO    : Snapshot:3	1	3	Epoch:19	Loss:1.733	MRR:6.1	Hits@10:15.99	Best:6.15
2024-10-05 17:19:15,359 INFO    : Snapshot:3	2	3	Epoch:20	Loss:1.714	MRR:6.14	Hits@10:15.91	Best:6.15
2024-10-05 17:19:33,529 INFO    : Early Stopping! Snapshot:3 Epoch: 21 Best Results: 6.15
2024-10-05 17:19:33,572 INFO    : => loading checkpoint './checkpoint/WN_CKGE\3model_best.tar'
2024-10-05 17:20:28,218 INFO    : 
+------------+--------+--------+--------+--------+---------+
| Snapshot:3 |  MRR   | Hits@1 | Hits@3 | Hits@5 | Hits@10 |
+------------+--------+--------+--------+--------+---------+
|     0      | 0.1751 | 0.0109 | 0.3144 | 0.3552 |  0.4036 |
|     1      | 0.0724 | 0.0048 | 0.0981 | 0.1454 |  0.2046 |
|     2      | 0.0671 | 0.0078 | 0.0898 | 0.1336 |  0.1858 |
|     3      | 0.0629 | 0.0081 | 0.086  | 0.1253 |  0.1707 |
+------------+--------+--------+--------+--------+---------+
2024-10-05 17:20:37,554 INFO    : Snapshot:4	0	3	Epoch:0	Loss:6.729	MRR:5.23	Hits@10:13.2	Best:5.23
2024-10-05 17:20:40,586 INFO    : Snapshot:4	0	3	Epoch:1	Loss:4.616	MRR:5.52	Hits@10:14.06	Best:5.52
2024-10-05 17:20:43,637 INFO    : Snapshot:4	0	3	Epoch:2	Loss:3.568	MRR:5.88	Hits@10:14.89	Best:5.88
2024-10-05 17:20:46,679 INFO    : Snapshot:4	0	3	Epoch:3	Loss:2.995	MRR:6.13	Hits@10:15.62	Best:6.13
2024-10-05 17:20:49,721 INFO    : Snapshot:4	0	3	Epoch:4	Loss:2.61	MRR:6.3	Hits@10:16.37	Best:6.3
2024-10-05 17:20:52,748 INFO    : Snapshot:4	0	3	Epoch:5	Loss:2.393	MRR:6.56	Hits@10:16.91	Best:6.56
2024-10-05 17:20:55,789 INFO    : Snapshot:4	0	3	Epoch:6	Loss:2.221	MRR:6.65	Hits@10:17.28	Best:6.65
2024-10-05 17:20:58,846 INFO    : Snapshot:4	0	3	Epoch:7	Loss:2.101	MRR:6.73	Hits@10:17.58	Best:6.73
2024-10-05 17:21:01,993 INFO    : Snapshot:4	0	3	Epoch:8	Loss:2.032	MRR:6.78	Hits@10:17.61	Best:6.78
2024-10-05 17:21:05,064 INFO    : Snapshot:4	0	3	Epoch:9	Loss:1.957	MRR:6.81	Hits@10:17.77	Best:6.81
2024-10-05 17:21:08,129 INFO    : Snapshot:4	0	3	Epoch:10	Loss:1.894	MRR:6.9	Hits@10:17.53	Best:6.9
2024-10-05 17:21:11,163 INFO    : Snapshot:4	0	3	Epoch:11	Loss:1.854	MRR:6.93	Hits@10:17.72	Best:6.93
2024-10-05 17:21:14,183 INFO    : Snapshot:4	0	3	Epoch:12	Loss:1.825	MRR:7.01	Hits@10:17.66	Best:7.01
2024-10-05 17:21:17,199 INFO    : Snapshot:4	1	3	Epoch:13	Loss:1.79	MRR:6.95	Hits@10:17.77	Best:7.01
2024-10-05 17:21:20,202 INFO    : Snapshot:4	2	3	Epoch:14	Loss:1.76	MRR:6.98	Hits@10:17.8	Best:7.01
2024-10-05 17:21:23,207 INFO    : Early Stopping! Snapshot:4 Epoch: 15 Best Results: 7.01
2024-10-05 17:21:23,241 INFO    : => loading checkpoint './checkpoint/WN_CKGE\4model_best.tar'
2024-10-05 17:21:46,726 INFO    : 
+------------+--------+--------+--------+--------+---------+
| Snapshot:4 |  MRR   | Hits@1 | Hits@3 | Hits@5 | Hits@10 |
+------------+--------+--------+--------+--------+---------+
|     0      | 0.1751 | 0.0109 | 0.3144 | 0.3552 |  0.4036 |
|     1      | 0.0724 | 0.0048 | 0.0981 | 0.1454 |  0.2046 |
|     2      | 0.0671 | 0.0078 | 0.0898 | 0.1336 |  0.1858 |
|     3      | 0.0629 | 0.0081 | 0.086  | 0.1253 |  0.1707 |
|     4      | 0.1094 | 0.0064 | 0.1953 | 0.2208 |  0.2571 |
+------------+--------+--------+--------+--------+---------+
2024-10-05 17:21:46,727 INFO    : Final Result:
[+------------+--------+--------+--------+--------+---------+
| Snapshot:0 |  MRR   | Hits@1 | Hits@3 | Hits@5 | Hits@10 |
+------------+--------+--------+--------+--------+---------+
|     0      | 0.1751 | 0.0109 | 0.3144 | 0.3552 |  0.4036 |
+------------+--------+--------+--------+--------+---------+, +------------+--------+--------+--------+--------+---------+
| Snapshot:1 |  MRR   | Hits@1 | Hits@3 | Hits@5 | Hits@10 |
+------------+--------+--------+--------+--------+---------+
|     0      | 0.1751 | 0.0109 | 0.3144 | 0.3552 |  0.4036 |
|     1      | 0.0724 | 0.0048 | 0.0981 | 0.1454 |  0.2046 |
+------------+--------+--------+--------+--------+---------+, +------------+--------+--------+--------+--------+---------+
| Snapshot:2 |  MRR   | Hits@1 | Hits@3 | Hits@5 | Hits@10 |
+------------+--------+--------+--------+--------+---------+
|     0      | 0.1751 | 0.0109 | 0.3144 | 0.3552 |  0.4036 |
|     1      | 0.0724 | 0.0048 | 0.0981 | 0.1454 |  0.2046 |
|     2      | 0.0671 | 0.0078 | 0.0898 | 0.1336 |  0.1858 |
+------------+--------+--------+--------+--------+---------+, +------------+--------+--------+--------+--------+---------+
| Snapshot:3 |  MRR   | Hits@1 | Hits@3 | Hits@5 | Hits@10 |
+------------+--------+--------+--------+--------+---------+
|     0      | 0.1751 | 0.0109 | 0.3144 | 0.3552 |  0.4036 |
|     1      | 0.0724 | 0.0048 | 0.0981 | 0.1454 |  0.2046 |
|     2      | 0.0671 | 0.0078 | 0.0898 | 0.1336 |  0.1858 |
|     3      | 0.0629 | 0.0081 | 0.086  | 0.1253 |  0.1707 |
+------------+--------+--------+--------+--------+---------+, +------------+--------+--------+--------+--------+---------+
| Snapshot:4 |  MRR   | Hits@1 | Hits@3 | Hits@5 | Hits@10 |
+------------+--------+--------+--------+--------+---------+
|     0      | 0.1751 | 0.0109 | 0.3144 | 0.3552 |  0.4036 |
|     1      | 0.0724 | 0.0048 | 0.0981 | 0.1454 |  0.2046 |
|     2      | 0.0671 | 0.0078 | 0.0898 | 0.1336 |  0.1858 |
|     3      | 0.0629 | 0.0081 | 0.086  | 0.1253 |  0.1707 |
|     4      | 0.1094 | 0.0064 | 0.1953 | 0.2208 |  0.2571 |
+------------+--------+--------+--------+--------+---------+]
2024-10-05 17:21:46,728 INFO    : Report Result:
+----------+--------------------+-----------+--------------+--------------+---------------+
| Snapshot |        Time        | Whole_MRR | Whole_Hits@1 | Whole_Hits@3 | Whole_Hits@10 |
+----------+--------------------+-----------+--------------+--------------+---------------+
|    0     | 488.68140721321106 |   0.175   |    0.011     |    0.314     |     0.404     |
|    1     | 255.00706362724304 |    0.16   |     0.01     |    0.284     |     0.375     |
|    2     |  467.772935628891  |   0.149   |     0.01     |    0.259     |     0.352     |
|    3     | 399.13684248924255 |   0.139   |     0.01     |     0.24     |     0.331     |
|    4     | 49.19371843338013  |   0.136   |    0.009     |    0.236     |     0.324     |
+----------+--------------------+-----------+--------------+--------------+---------------+
2024-10-05 17:21:46,728 INFO    : Sum_Training_Time:1659.7919673919678
2024-10-05 17:21:46,728 INFO    : Every_Training_Time:[488.68140721321106, 255.00706362724304, 467.772935628891, 399.13684248924255, 49.19371843338013]
2024-10-05 17:21:46,728 INFO    : Forward transfer: 0.039400000000000004 Backward transfer: 0.0
