2025-01-16 21:38:11,430 INFO    : Namespace(batch_size=1024, data_path='./data/ENTITY/', dataset='ENTITY', debug=False, device=device(type='cuda', index=0), emb_dim=200, ent_r='200', epoch_num=200, explore=False, gpu='0', l2=0.0, learning_rate='1e-1', log_path='./logs/ENTITY 200 5 1e-1 1024/ENTITY 20250116213802', logger=<RootLogger root (INFO)>, margin=8.0, model_name='LoraKGE_Layers', multi_layers_path='train_sorted_by_edges_betweenness.txt', neg_ratio=10, note='', num_ent_layers='5', num_layer=1, num_rel_layers='1', patience='3', predict_result=False, r=100, r_fixed=True, random_seed=3407, record=False, rel_r='200', save_path='./checkpoint/ENTITY', skip_previous='False', snapshot_num=5, train_new=True, using_multi_layers=False, using_various_ranks='True', using_various_ranks_reverse=False, valid_metrics='mrr')
2025-01-16 21:38:16,487 INFO    : Snapshot:0	0	3	Epoch:0	Loss:31.76	MRR:16.42	Hits@10:37.45	Best:16.42
2025-01-16 21:38:19,709 INFO    : Snapshot:0	0	3	Epoch:1	Loss:14.914	MRR:28.9	Hits@10:51.36	Best:28.9
2025-01-16 21:38:22,866 INFO    : Snapshot:0	0	3	Epoch:2	Loss:5.763	MRR:32.04	Hits@10:54.63	Best:32.04
2025-01-16 21:38:26,140 INFO    : Snapshot:0	0	3	Epoch:3	Loss:2.642	MRR:32.75	Hits@10:55.27	Best:32.75
2025-01-16 21:38:29,289 INFO    : Snapshot:0	1	3	Epoch:4	Loss:1.635	MRR:32.52	Hits@10:55.1	Best:32.75
2025-01-16 21:38:32,505 INFO    : Snapshot:0	0	3	Epoch:5	Loss:1.198	MRR:32.86	Hits@10:55.32	Best:32.86
2025-01-16 21:38:35,751 INFO    : Snapshot:0	1	3	Epoch:6	Loss:0.967	MRR:32.65	Hits@10:54.76	Best:32.86
2025-01-16 21:38:38,935 INFO    : Snapshot:0	2	3	Epoch:7	Loss:0.844	MRR:32.28	Hits@10:54.43	Best:32.86
2025-01-16 21:38:42,207 INFO    : Early Stopping! Snapshot:0 Epoch: 8 Best Results: 32.86
2025-01-16 21:38:42,296 INFO    : => loading checkpoint './checkpoint/ENTITY\0model_best.tar'
2025-01-16 21:38:43,906 INFO    : 
+------------+--------+--------+--------+--------+---------+
| Snapshot:0 |  MRR   | Hits@1 | Hits@3 | Hits@5 | Hits@10 |
+------------+--------+--------+--------+--------+---------+
|     0      | 0.3297 | 0.2143 | 0.3758 | 0.4509 |  0.5544 |
+------------+--------+--------+--------+--------+---------+
2025-01-16 21:38:57,185 INFO    : Snapshot:1	0	3	Epoch:0	Loss:12.568	MRR:15.71	Hits@10:28.0	Best:15.71
2025-01-16 21:39:04,028 INFO    : Snapshot:1	0	3	Epoch:1	Loss:4.461	MRR:17.8	Hits@10:31.6	Best:17.8
2025-01-16 21:39:10,907 INFO    : Snapshot:1	0	3	Epoch:2	Loss:3.663	MRR:18.4	Hits@10:32.93	Best:18.4
2025-01-16 21:39:17,762 INFO    : Snapshot:1	0	3	Epoch:3	Loss:3.276	MRR:18.96	Hits@10:33.95	Best:18.96
2025-01-16 21:39:24,818 INFO    : Snapshot:1	0	3	Epoch:4	Loss:3.02	MRR:19.45	Hits@10:34.68	Best:19.45
2025-01-16 21:39:31,690 INFO    : Snapshot:1	0	3	Epoch:5	Loss:2.814	MRR:19.69	Hits@10:35.62	Best:19.69
2025-01-16 21:39:38,527 INFO    : Snapshot:1	0	3	Epoch:6	Loss:2.721	MRR:20.34	Hits@10:35.82	Best:20.34
2025-01-16 21:39:45,391 INFO    : Snapshot:1	0	3	Epoch:7	Loss:2.575	MRR:20.47	Hits@10:36.46	Best:20.47
2025-01-16 21:39:52,303 INFO    : Snapshot:1	0	3	Epoch:8	Loss:2.485	MRR:20.7	Hits@10:36.88	Best:20.7
2025-01-16 21:39:59,165 INFO    : Snapshot:1	0	3	Epoch:9	Loss:2.438	MRR:20.78	Hits@10:37.08	Best:20.78
2025-01-16 21:40:06,021 INFO    : Snapshot:1	1	3	Epoch:10	Loss:2.371	MRR:20.78	Hits@10:36.97	Best:20.78
2025-01-16 21:40:12,913 INFO    : Snapshot:1	0	3	Epoch:11	Loss:2.291	MRR:21.15	Hits@10:37.64	Best:21.15
2025-01-16 21:40:19,834 INFO    : Snapshot:1	0	3	Epoch:12	Loss:2.226	MRR:21.25	Hits@10:37.71	Best:21.25
2025-01-16 21:40:26,965 INFO    : Snapshot:1	0	3	Epoch:13	Loss:2.24	MRR:21.27	Hits@10:37.73	Best:21.27
2025-01-16 21:40:33,946 INFO    : Snapshot:1	0	3	Epoch:14	Loss:2.187	MRR:21.44	Hits@10:38.04	Best:21.44
2025-01-16 21:40:40,886 INFO    : Snapshot:1	0	3	Epoch:15	Loss:2.169	MRR:21.67	Hits@10:38.53	Best:21.67
2025-01-16 21:40:47,808 INFO    : Snapshot:1	1	3	Epoch:16	Loss:2.134	MRR:21.51	Hits@10:38.24	Best:21.67
2025-01-16 21:40:54,563 INFO    : Snapshot:1	2	3	Epoch:17	Loss:2.125	MRR:21.47	Hits@10:38.22	Best:21.67
2025-01-16 21:41:01,408 INFO    : Snapshot:1	0	3	Epoch:18	Loss:2.057	MRR:21.68	Hits@10:38.23	Best:21.68
2025-01-16 21:41:08,310 INFO    : Snapshot:1	0	3	Epoch:19	Loss:2.051	MRR:21.84	Hits@10:38.24	Best:21.84
2025-01-16 21:41:15,134 INFO    : Snapshot:1	1	3	Epoch:20	Loss:2.036	MRR:21.69	Hits@10:38.49	Best:21.84
2025-01-16 21:41:22,147 INFO    : Snapshot:1	0	3	Epoch:21	Loss:2.022	MRR:21.92	Hits@10:38.61	Best:21.92
2025-01-16 21:41:29,210 INFO    : Snapshot:1	1	3	Epoch:22	Loss:2.004	MRR:21.84	Hits@10:38.75	Best:21.92
2025-01-16 21:41:36,166 INFO    : Snapshot:1	2	3	Epoch:23	Loss:1.985	MRR:21.88	Hits@10:38.75	Best:21.92
2025-01-16 21:41:43,125 INFO    : Snapshot:1	0	3	Epoch:24	Loss:1.969	MRR:21.97	Hits@10:38.73	Best:21.97
2025-01-16 21:41:49,969 INFO    : Snapshot:1	0	3	Epoch:25	Loss:1.956	MRR:22.05	Hits@10:38.97	Best:22.05
2025-01-16 21:41:56,764 INFO    : Snapshot:1	1	3	Epoch:26	Loss:1.951	MRR:22.05	Hits@10:38.92	Best:22.05
2025-01-16 21:42:03,656 INFO    : Snapshot:1	2	3	Epoch:27	Loss:1.931	MRR:22.05	Hits@10:38.92	Best:22.05
2025-01-16 21:42:10,412 INFO    : Early Stopping! Snapshot:1 Epoch: 28 Best Results: 22.05
2025-01-16 21:42:10,503 INFO    : => loading checkpoint './checkpoint/ENTITY\1model_best.tar'
2025-01-16 21:42:15,570 INFO    : 
+------------+--------+--------+--------+--------+---------+
| Snapshot:1 |  MRR   | Hits@1 | Hits@3 | Hits@5 | Hits@10 |
+------------+--------+--------+--------+--------+---------+
|     0      | 0.3297 | 0.2143 | 0.3758 | 0.4509 |  0.5544 |
|     1      | 0.2211 | 0.1343 | 0.2442 | 0.3037 |  0.3905 |
+------------+--------+--------+--------+--------+---------+
2025-01-16 21:42:30,724 INFO    : Snapshot:2	0	3	Epoch:0	Loss:12.056	MRR:14.5	Hits@10:25.62	Best:14.5
2025-01-16 21:42:38,707 INFO    : Snapshot:2	0	3	Epoch:1	Loss:4.372	MRR:16.35	Hits@10:29.07	Best:16.35
2025-01-16 21:42:46,666 INFO    : Snapshot:2	0	3	Epoch:2	Loss:3.673	MRR:17.05	Hits@10:30.54	Best:17.05
2025-01-16 21:42:54,846 INFO    : Snapshot:2	0	3	Epoch:3	Loss:3.292	MRR:17.79	Hits@10:31.95	Best:17.79
2025-01-16 21:43:02,824 INFO    : Snapshot:2	0	3	Epoch:4	Loss:3.039	MRR:18.06	Hits@10:32.16	Best:18.06
2025-01-16 21:43:10,776 INFO    : Snapshot:2	0	3	Epoch:5	Loss:2.885	MRR:18.38	Hits@10:32.55	Best:18.38
2025-01-16 21:43:18,658 INFO    : Snapshot:2	0	3	Epoch:6	Loss:2.761	MRR:18.64	Hits@10:32.99	Best:18.64
2025-01-16 21:43:26,518 INFO    : Snapshot:2	0	3	Epoch:7	Loss:2.645	MRR:18.7	Hits@10:33.24	Best:18.7
2025-01-16 21:43:34,420 INFO    : Snapshot:2	0	3	Epoch:8	Loss:2.591	MRR:18.75	Hits@10:33.58	Best:18.75
2025-01-16 21:43:42,254 INFO    : Snapshot:2	0	3	Epoch:9	Loss:2.524	MRR:19.08	Hits@10:33.98	Best:19.08
2025-01-16 21:43:50,244 INFO    : Snapshot:2	0	3	Epoch:10	Loss:2.455	MRR:19.18	Hits@10:34.05	Best:19.18
2025-01-16 21:43:58,149 INFO    : Snapshot:2	0	3	Epoch:11	Loss:2.395	MRR:19.27	Hits@10:33.96	Best:19.27
2025-01-16 21:44:06,126 INFO    : Snapshot:2	0	3	Epoch:12	Loss:2.36	MRR:19.4	Hits@10:34.19	Best:19.4
2025-01-16 21:44:14,169 INFO    : Snapshot:2	1	3	Epoch:13	Loss:2.353	MRR:19.26	Hits@10:34.21	Best:19.4
2025-01-16 21:44:22,200 INFO    : Snapshot:2	0	3	Epoch:14	Loss:2.295	MRR:19.44	Hits@10:34.22	Best:19.44
2025-01-16 21:44:30,148 INFO    : Snapshot:2	1	3	Epoch:15	Loss:2.272	MRR:19.39	Hits@10:34.27	Best:19.44
2025-01-16 21:44:38,163 INFO    : Snapshot:2	2	3	Epoch:16	Loss:2.255	MRR:19.39	Hits@10:34.49	Best:19.44
2025-01-16 21:44:46,232 INFO    : Snapshot:2	0	3	Epoch:17	Loss:2.226	MRR:19.67	Hits@10:34.92	Best:19.67
2025-01-16 21:44:54,101 INFO    : Snapshot:2	1	3	Epoch:18	Loss:2.244	MRR:19.62	Hits@10:34.65	Best:19.67
2025-01-16 21:45:02,007 INFO    : Snapshot:2	2	3	Epoch:19	Loss:2.208	MRR:19.54	Hits@10:34.61	Best:19.67
2025-01-16 21:45:09,884 INFO    : Early Stopping! Snapshot:2 Epoch: 20 Best Results: 19.67
2025-01-16 21:45:09,976 INFO    : => loading checkpoint './checkpoint/ENTITY\2model_best.tar'
2025-01-16 21:45:19,216 INFO    : 
+------------+--------+--------+--------+--------+---------+
| Snapshot:2 |  MRR   | Hits@1 | Hits@3 | Hits@5 | Hits@10 |
+------------+--------+--------+--------+--------+---------+
|     0      | 0.3297 | 0.2143 | 0.3758 | 0.4509 |  0.5544 |
|     1      | 0.2211 | 0.1343 | 0.2442 | 0.3037 |  0.3905 |
|     2      | 0.196  | 0.1175 | 0.2165 | 0.269  |  0.3464 |
+------------+--------+--------+--------+--------+---------+
2025-01-16 21:45:35,899 INFO    : Snapshot:3	0	3	Epoch:0	Loss:10.933	MRR:13.44	Hits@10:23.49	Best:13.44
2025-01-16 21:45:44,681 INFO    : Snapshot:3	0	3	Epoch:1	Loss:3.705	MRR:15.28	Hits@10:27.31	Best:15.28
2025-01-16 21:45:53,490 INFO    : Snapshot:3	0	3	Epoch:2	Loss:3.082	MRR:15.98	Hits@10:28.79	Best:15.98
2025-01-16 21:46:02,174 INFO    : Snapshot:3	0	3	Epoch:3	Loss:2.781	MRR:16.71	Hits@10:29.81	Best:16.71
2025-01-16 21:46:10,894 INFO    : Snapshot:3	0	3	Epoch:4	Loss:2.549	MRR:17.0	Hits@10:30.68	Best:17.0
2025-01-16 21:46:19,739 INFO    : Snapshot:3	0	3	Epoch:5	Loss:2.419	MRR:17.12	Hits@10:30.57	Best:17.12
2025-01-16 21:46:28,441 INFO    : Snapshot:3	0	3	Epoch:6	Loss:2.307	MRR:17.4	Hits@10:31.2	Best:17.4
2025-01-16 21:46:37,293 INFO    : Snapshot:3	0	3	Epoch:7	Loss:2.214	MRR:17.61	Hits@10:31.63	Best:17.61
2025-01-16 21:46:46,180 INFO    : Snapshot:3	0	3	Epoch:8	Loss:2.171	MRR:17.93	Hits@10:32.03	Best:17.93
2025-01-16 21:46:55,139 INFO    : Snapshot:3	0	3	Epoch:9	Loss:2.099	MRR:17.96	Hits@10:31.94	Best:17.96
2025-01-16 21:47:03,909 INFO    : Snapshot:3	0	3	Epoch:10	Loss:2.06	MRR:18.07	Hits@10:32.3	Best:18.07
2025-01-16 21:47:12,692 INFO    : Snapshot:3	0	3	Epoch:11	Loss:2.021	MRR:18.21	Hits@10:32.16	Best:18.21
2025-01-16 21:47:21,560 INFO    : Snapshot:3	0	3	Epoch:12	Loss:1.979	MRR:18.23	Hits@10:32.58	Best:18.23
2025-01-16 21:47:30,361 INFO    : Snapshot:3	1	3	Epoch:13	Loss:1.975	MRR:18.04	Hits@10:32.34	Best:18.23
2025-01-16 21:47:39,102 INFO    : Snapshot:3	2	3	Epoch:14	Loss:1.971	MRR:18.09	Hits@10:32.35	Best:18.23
2025-01-16 21:47:47,811 INFO    : Snapshot:3	0	3	Epoch:15	Loss:1.919	MRR:18.26	Hits@10:32.52	Best:18.26
2025-01-16 21:47:56,476 INFO    : Snapshot:3	0	3	Epoch:16	Loss:1.915	MRR:18.35	Hits@10:32.79	Best:18.35
2025-01-16 21:48:05,171 INFO    : Snapshot:3	1	3	Epoch:17	Loss:1.895	MRR:18.35	Hits@10:33.03	Best:18.35
2025-01-16 21:48:13,867 INFO    : Snapshot:3	2	3	Epoch:18	Loss:1.859	MRR:18.33	Hits@10:33.05	Best:18.35
2025-01-16 21:48:22,892 INFO    : Snapshot:3	0	3	Epoch:19	Loss:1.847	MRR:18.44	Hits@10:32.89	Best:18.44
2025-01-16 21:48:31,749 INFO    : Snapshot:3	1	3	Epoch:20	Loss:1.827	MRR:18.27	Hits@10:32.8	Best:18.44
2025-01-16 21:48:40,581 INFO    : Snapshot:3	2	3	Epoch:21	Loss:1.813	MRR:18.41	Hits@10:32.9	Best:18.44
2025-01-16 21:48:49,419 INFO    : Snapshot:3	0	3	Epoch:22	Loss:1.806	MRR:18.56	Hits@10:33.19	Best:18.56
2025-01-16 21:48:58,281 INFO    : Snapshot:3	1	3	Epoch:23	Loss:1.812	MRR:18.55	Hits@10:32.94	Best:18.56
2025-01-16 21:49:07,159 INFO    : Snapshot:3	2	3	Epoch:24	Loss:1.806	MRR:18.38	Hits@10:33.09	Best:18.56
2025-01-16 21:49:15,951 INFO    : Early Stopping! Snapshot:3 Epoch: 25 Best Results: 18.56
2025-01-16 21:49:16,057 INFO    : => loading checkpoint './checkpoint/ENTITY\3model_best.tar'
2025-01-16 21:49:30,762 INFO    : 
+------------+--------+--------+--------+--------+---------+
| Snapshot:3 |  MRR   | Hits@1 | Hits@3 | Hits@5 | Hits@10 |
+------------+--------+--------+--------+--------+---------+
|     0      | 0.3297 | 0.2143 | 0.3758 | 0.4509 |  0.5544 |
|     1      | 0.2211 | 0.1343 | 0.2442 | 0.3037 |  0.3905 |
|     2      | 0.196  | 0.1175 | 0.2165 | 0.269  |  0.3464 |
|     3      | 0.1848 | 0.1087 | 0.2059 | 0.2585 |  0.3301 |
+------------+--------+--------+--------+--------+---------+
2025-01-16 21:49:45,225 INFO    : Snapshot:4	0	3	Epoch:0	Loss:8.315	MRR:16.84	Hits@10:27.39	Best:16.84
2025-01-16 21:49:52,283 INFO    : Snapshot:4	0	3	Epoch:1	Loss:2.035	MRR:19.33	Hits@10:32.26	Best:19.33
2025-01-16 21:49:59,278 INFO    : Snapshot:4	0	3	Epoch:2	Loss:1.564	MRR:20.21	Hits@10:34.45	Best:20.21
2025-01-16 21:50:06,288 INFO    : Snapshot:4	0	3	Epoch:3	Loss:1.35	MRR:20.79	Hits@10:35.99	Best:20.79
2025-01-16 21:50:13,321 INFO    : Snapshot:4	0	3	Epoch:4	Loss:1.233	MRR:21.54	Hits@10:37.31	Best:21.54
2025-01-16 21:50:20,310 INFO    : Snapshot:4	0	3	Epoch:5	Loss:1.144	MRR:21.67	Hits@10:37.47	Best:21.67
2025-01-16 21:50:27,419 INFO    : Snapshot:4	0	3	Epoch:6	Loss:1.076	MRR:22.02	Hits@10:37.86	Best:22.02
2025-01-16 21:50:34,430 INFO    : Snapshot:4	0	3	Epoch:7	Loss:1.032	MRR:22.17	Hits@10:38.55	Best:22.17
2025-01-16 21:50:41,355 INFO    : Snapshot:4	0	3	Epoch:8	Loss:0.984	MRR:22.37	Hits@10:38.97	Best:22.37
2025-01-16 21:50:48,357 INFO    : Snapshot:4	1	3	Epoch:9	Loss:0.954	MRR:22.3	Hits@10:39.09	Best:22.37
2025-01-16 21:50:55,422 INFO    : Snapshot:4	0	3	Epoch:10	Loss:0.935	MRR:22.45	Hits@10:39.1	Best:22.45
2025-01-16 21:51:02,457 INFO    : Snapshot:4	0	3	Epoch:11	Loss:0.915	MRR:22.66	Hits@10:39.64	Best:22.66
2025-01-16 21:51:09,774 INFO    : Snapshot:4	0	3	Epoch:12	Loss:0.895	MRR:22.82	Hits@10:39.76	Best:22.82
2025-01-16 21:51:16,829 INFO    : Snapshot:4	1	3	Epoch:13	Loss:0.88	MRR:22.72	Hits@10:39.68	Best:22.82
2025-01-16 21:51:23,867 INFO    : Snapshot:4	2	3	Epoch:14	Loss:0.85	MRR:22.65	Hits@10:39.57	Best:22.82
2025-01-16 21:51:30,881 INFO    : Early Stopping! Snapshot:4 Epoch: 15 Best Results: 22.82
2025-01-16 21:51:30,975 INFO    : => loading checkpoint './checkpoint/ENTITY\4model_best.tar'
2025-01-16 21:51:50,751 INFO    : 
+------------+--------+--------+--------+--------+---------+
| Snapshot:4 |  MRR   | Hits@1 | Hits@3 | Hits@5 | Hits@10 |
+------------+--------+--------+--------+--------+---------+
|     0      | 0.3297 | 0.2143 | 0.3758 | 0.4509 |  0.5544 |
|     1      | 0.2211 | 0.1343 | 0.2442 | 0.3037 |  0.3905 |
|     2      | 0.196  | 0.1175 | 0.2165 | 0.269  |  0.3464 |
|     3      | 0.1848 | 0.1087 | 0.2059 | 0.2585 |  0.3301 |
|     4      | 0.2302 | 0.138  | 0.2685 | 0.3252 |  0.4043 |
+------------+--------+--------+--------+--------+---------+
2025-01-16 21:51:50,753 INFO    : Final Result:
[+------------+--------+--------+--------+--------+---------+
| Snapshot:0 |  MRR   | Hits@1 | Hits@3 | Hits@5 | Hits@10 |
+------------+--------+--------+--------+--------+---------+
|     0      | 0.3297 | 0.2143 | 0.3758 | 0.4509 |  0.5544 |
+------------+--------+--------+--------+--------+---------+, +------------+--------+--------+--------+--------+---------+
| Snapshot:1 |  MRR   | Hits@1 | Hits@3 | Hits@5 | Hits@10 |
+------------+--------+--------+--------+--------+---------+
|     0      | 0.3297 | 0.2143 | 0.3758 | 0.4509 |  0.5544 |
|     1      | 0.2211 | 0.1343 | 0.2442 | 0.3037 |  0.3905 |
+------------+--------+--------+--------+--------+---------+, +------------+--------+--------+--------+--------+---------+
| Snapshot:2 |  MRR   | Hits@1 | Hits@3 | Hits@5 | Hits@10 |
+------------+--------+--------+--------+--------+---------+
|     0      | 0.3297 | 0.2143 | 0.3758 | 0.4509 |  0.5544 |
|     1      | 0.2211 | 0.1343 | 0.2442 | 0.3037 |  0.3905 |
|     2      | 0.196  | 0.1175 | 0.2165 | 0.269  |  0.3464 |
+------------+--------+--------+--------+--------+---------+, +------------+--------+--------+--------+--------+---------+
| Snapshot:3 |  MRR   | Hits@1 | Hits@3 | Hits@5 | Hits@10 |
+------------+--------+--------+--------+--------+---------+
|     0      | 0.3297 | 0.2143 | 0.3758 | 0.4509 |  0.5544 |
|     1      | 0.2211 | 0.1343 | 0.2442 | 0.3037 |  0.3905 |
|     2      | 0.196  | 0.1175 | 0.2165 | 0.269  |  0.3464 |
|     3      | 0.1848 | 0.1087 | 0.2059 | 0.2585 |  0.3301 |
+------------+--------+--------+--------+--------+---------+, +------------+--------+--------+--------+--------+---------+
| Snapshot:4 |  MRR   | Hits@1 | Hits@3 | Hits@5 | Hits@10 |
+------------+--------+--------+--------+--------+---------+
|     0      | 0.3297 | 0.2143 | 0.3758 | 0.4509 |  0.5544 |
|     1      | 0.2211 | 0.1343 | 0.2442 | 0.3037 |  0.3905 |
|     2      | 0.196  | 0.1175 | 0.2165 | 0.269  |  0.3464 |
|     3      | 0.1848 | 0.1087 | 0.2059 | 0.2585 |  0.3301 |
|     4      | 0.2302 | 0.138  | 0.2685 | 0.3252 |  0.4043 |
+------------+--------+--------+--------+--------+---------+]
2025-01-16 21:51:50,754 INFO    : Report Result:
+----------+--------------------+-----------+--------------+--------------+---------------+
| Snapshot |        Time        | Whole_MRR | Whole_Hits@1 | Whole_Hits@3 | Whole_Hits@10 |
+----------+--------------------+-----------+--------------+--------------+---------------+
|    0     | 30.777124404907227 |    0.33   |    0.214     |    0.376     |     0.554     |
|    1     | 202.82978749275208 |   0.264   |    0.166     |    0.296     |     0.455     |
|    2     | 169.9630777835846  |   0.238   |    0.147     |    0.265     |     0.413     |
|    3     | 231.2917709350586  |   0.223   |    0.137     |    0.249     |     0.391     |
|    4     | 115.2161135673523  |   0.225   |    0.137     |    0.252     |     0.393     |
+----------+--------------------+-----------+--------------+--------------+---------------+
2025-01-16 21:51:50,754 INFO    : Sum_Training_Time:750.0778741836548
2025-01-16 21:51:50,754 INFO    : Every_Training_Time:[30.777124404907227, 202.82978749275208, 169.9630777835846, 231.2917709350586, 115.2161135673523]
2025-01-16 21:51:50,754 INFO    : Forward transfer: 0.038200000000000005 Backward transfer: 0.0
