2025-01-23 13:14:22,170 INFO    : Namespace(batch_size=1024, data_path='./data/FACT/', dataset='FACT', debug=False, device=device(type='cuda', index=0), emb_dim=200, ent_r='200', epoch_num=200, explore=False, gpu='0', l2=0.0, learning_rate='5e-3', log_path='./logs/FACT 200 20 5e-3 1024/FACT 20250123131412', logger=<RootLogger root (INFO)>, margin=8.0, model_name='LoraKGE_Layers', multi_layers_path='train_sorted_by_edges_betweenness.txt', neg_ratio=10, note='', num_ent_layers='20', num_layer=1, num_rel_layers='1', patience='10', predict_result=False, r=100, r_fixed=True, random_seed=3407, record=False, rel_r='200', save_path='./checkpoint/FACT', skip_previous='False', snapshot_num=5, train_new=True, using_multi_layers=False, using_various_ranks='True', using_various_ranks_reverse=False, valid_metrics='mrr')
2025-01-23 13:14:31,389 INFO    : Snapshot:0	0	10	Epoch:0	Loss:39.59	MRR:15.11	Hits@10:29.91	Best:15.11
2025-01-23 13:14:37,889 INFO    : Snapshot:0	0	10	Epoch:1	Loss:16.736	MRR:22.33	Hits@10:37.32	Best:22.33
2025-01-23 13:14:44,197 INFO    : Snapshot:0	0	10	Epoch:2	Loss:6.71	MRR:24.46	Hits@10:39.07	Best:24.46
2025-01-23 13:14:50,470 INFO    : Snapshot:0	0	10	Epoch:3	Loss:3.187	MRR:24.83	Hits@10:39.4	Best:24.83
2025-01-23 13:14:56,751 INFO    : Snapshot:0	1	10	Epoch:4	Loss:1.973	MRR:24.77	Hits@10:39.69	Best:24.83
2025-01-23 13:15:03,062 INFO    : Snapshot:0	2	10	Epoch:5	Loss:1.429	MRR:24.74	Hits@10:39.69	Best:24.83
2025-01-23 13:15:09,320 INFO    : Snapshot:0	3	10	Epoch:6	Loss:1.154	MRR:24.72	Hits@10:39.52	Best:24.83
2025-01-23 13:15:15,626 INFO    : Snapshot:0	4	10	Epoch:7	Loss:0.992	MRR:24.67	Hits@10:39.54	Best:24.83
2025-01-23 13:15:21,944 INFO    : Snapshot:0	5	10	Epoch:8	Loss:0.881	MRR:24.71	Hits@10:39.69	Best:24.83
2025-01-23 13:15:28,259 INFO    : Snapshot:0	6	10	Epoch:9	Loss:0.793	MRR:24.72	Hits@10:39.74	Best:24.83
2025-01-23 13:15:34,587 INFO    : Snapshot:0	7	10	Epoch:10	Loss:0.709	MRR:24.72	Hits@10:39.59	Best:24.83
2025-01-23 13:15:40,914 INFO    : Snapshot:0	8	10	Epoch:11	Loss:0.669	MRR:24.48	Hits@10:39.36	Best:24.83
2025-01-23 13:15:47,224 INFO    : Snapshot:0	9	10	Epoch:12	Loss:0.621	MRR:24.45	Hits@10:39.46	Best:24.83
2025-01-23 13:15:53,673 INFO    : Early Stopping! Snapshot:0 Epoch: 13 Best Results: 24.83
2025-01-23 13:15:53,770 INFO    : => loading checkpoint './checkpoint/FACT\0model_best.tar'
2025-01-23 13:15:57,756 INFO    : 
+------------+--------+--------+--------+--------+---------+
| Snapshot:0 |  MRR   | Hits@1 | Hits@3 | Hits@5 | Hits@10 |
+------------+--------+--------+--------+--------+---------+
|     0      | 0.2409 | 0.1599 | 0.2806 | 0.3262 |  0.3879 |
+------------+--------+--------+--------+--------+---------+
2025-01-23 13:16:16,068 INFO    : Snapshot:1	0	10	Epoch:0	Loss:24.041	MRR:17.54	Hits@10:29.93	Best:17.54
2025-01-23 13:16:25,674 INFO    : Snapshot:1	0	10	Epoch:1	Loss:23.252	MRR:17.8	Hits@10:30.25	Best:17.8
2025-01-23 13:16:35,437 INFO    : Snapshot:1	0	10	Epoch:2	Loss:21.882	MRR:18.19	Hits@10:30.56	Best:18.19
2025-01-23 13:16:45,180 INFO    : Snapshot:1	0	10	Epoch:3	Loss:20.558	MRR:18.5	Hits@10:30.82	Best:18.5
2025-01-23 13:16:54,892 INFO    : Snapshot:1	0	10	Epoch:4	Loss:19.66	MRR:18.67	Hits@10:30.96	Best:18.67
2025-01-23 13:17:04,556 INFO    : Snapshot:1	0	10	Epoch:5	Loss:19.035	MRR:18.78	Hits@10:31.07	Best:18.78
2025-01-23 13:17:14,210 INFO    : Snapshot:1	0	10	Epoch:6	Loss:18.59	MRR:18.89	Hits@10:31.14	Best:18.89
2025-01-23 13:17:23,811 INFO    : Snapshot:1	0	10	Epoch:7	Loss:18.24	MRR:18.99	Hits@10:31.29	Best:18.99
2025-01-23 13:17:33,431 INFO    : Snapshot:1	0	10	Epoch:8	Loss:17.975	MRR:19.05	Hits@10:31.37	Best:19.05
2025-01-23 13:17:43,162 INFO    : Snapshot:1	0	10	Epoch:9	Loss:17.778	MRR:19.1	Hits@10:31.41	Best:19.1
2025-01-23 13:17:52,823 INFO    : Snapshot:1	0	10	Epoch:10	Loss:17.581	MRR:19.15	Hits@10:31.53	Best:19.15
2025-01-23 13:18:02,237 INFO    : Snapshot:1	0	10	Epoch:11	Loss:17.39	MRR:19.21	Hits@10:31.52	Best:19.21
2025-01-23 13:18:11,647 INFO    : Snapshot:1	0	10	Epoch:12	Loss:17.237	MRR:19.26	Hits@10:31.6	Best:19.26
2025-01-23 13:18:21,176 INFO    : Snapshot:1	0	10	Epoch:13	Loss:17.153	MRR:19.31	Hits@10:31.65	Best:19.31
2025-01-23 13:18:30,944 INFO    : Snapshot:1	0	10	Epoch:14	Loss:17.057	MRR:19.34	Hits@10:31.77	Best:19.34
2025-01-23 13:18:40,664 INFO    : Snapshot:1	0	10	Epoch:15	Loss:16.949	MRR:19.38	Hits@10:31.81	Best:19.38
2025-01-23 13:18:50,555 INFO    : Snapshot:1	0	10	Epoch:16	Loss:16.84	MRR:19.41	Hits@10:31.83	Best:19.41
2025-01-23 13:19:00,412 INFO    : Snapshot:1	0	10	Epoch:17	Loss:16.797	MRR:19.42	Hits@10:31.85	Best:19.42
2025-01-23 13:19:10,371 INFO    : Snapshot:1	0	10	Epoch:18	Loss:16.733	MRR:19.47	Hits@10:31.91	Best:19.47
2025-01-23 13:19:20,145 INFO    : Snapshot:1	0	10	Epoch:19	Loss:16.662	MRR:19.5	Hits@10:31.95	Best:19.5
2025-01-23 13:19:29,823 INFO    : Snapshot:1	0	10	Epoch:20	Loss:16.627	MRR:19.51	Hits@10:31.95	Best:19.51
2025-01-23 13:19:39,344 INFO    : Snapshot:1	0	10	Epoch:21	Loss:16.571	MRR:19.53	Hits@10:31.96	Best:19.53
2025-01-23 13:19:48,851 INFO    : Snapshot:1	0	10	Epoch:22	Loss:16.538	MRR:19.56	Hits@10:31.97	Best:19.56
2025-01-23 13:19:58,300 INFO    : Snapshot:1	0	10	Epoch:23	Loss:16.468	MRR:19.57	Hits@10:32.03	Best:19.57
2025-01-23 13:20:07,675 INFO    : Snapshot:1	1	10	Epoch:24	Loss:16.424	MRR:19.57	Hits@10:32.08	Best:19.57
2025-01-23 13:20:17,210 INFO    : Snapshot:1	0	10	Epoch:25	Loss:16.402	MRR:19.58	Hits@10:32.12	Best:19.58
2025-01-23 13:20:27,068 INFO    : Snapshot:1	0	10	Epoch:26	Loss:16.359	MRR:19.59	Hits@10:32.08	Best:19.59
2025-01-23 13:20:37,398 INFO    : Snapshot:1	1	10	Epoch:27	Loss:16.369	MRR:19.59	Hits@10:32.14	Best:19.59
2025-01-23 13:20:47,534 INFO    : Snapshot:1	0	10	Epoch:28	Loss:16.316	MRR:19.61	Hits@10:32.14	Best:19.61
2025-01-23 13:20:57,543 INFO    : Snapshot:1	1	10	Epoch:29	Loss:16.294	MRR:19.61	Hits@10:32.16	Best:19.61
2025-01-23 13:21:07,400 INFO    : Snapshot:1	2	10	Epoch:30	Loss:16.287	MRR:19.61	Hits@10:32.18	Best:19.61
2025-01-23 13:21:16,341 INFO    : Snapshot:1	0	10	Epoch:31	Loss:16.27	MRR:19.65	Hits@10:32.21	Best:19.65
2025-01-23 13:21:25,142 INFO    : Snapshot:1	1	10	Epoch:32	Loss:16.222	MRR:19.64	Hits@10:32.21	Best:19.65
2025-01-23 13:21:34,443 INFO    : Snapshot:1	2	10	Epoch:33	Loss:16.255	MRR:19.65	Hits@10:32.25	Best:19.65
2025-01-23 13:21:43,937 INFO    : Snapshot:1	0	10	Epoch:34	Loss:16.217	MRR:19.69	Hits@10:32.25	Best:19.69
2025-01-23 13:21:53,285 INFO    : Snapshot:1	1	10	Epoch:35	Loss:16.212	MRR:19.63	Hits@10:32.28	Best:19.69
2025-01-23 13:22:03,454 INFO    : Snapshot:1	2	10	Epoch:36	Loss:16.193	MRR:19.67	Hits@10:32.27	Best:19.69
2025-01-23 13:22:13,490 INFO    : Snapshot:1	3	10	Epoch:37	Loss:16.185	MRR:19.67	Hits@10:32.3	Best:19.69
2025-01-23 13:22:23,945 INFO    : Snapshot:1	4	10	Epoch:38	Loss:16.164	MRR:19.65	Hits@10:32.27	Best:19.69
2025-01-23 13:22:34,250 INFO    : Snapshot:1	5	10	Epoch:39	Loss:16.165	MRR:19.65	Hits@10:32.25	Best:19.69
2025-01-23 13:22:44,678 INFO    : Snapshot:1	6	10	Epoch:40	Loss:16.161	MRR:19.67	Hits@10:32.31	Best:19.69
2025-01-23 13:22:54,987 INFO    : Snapshot:1	7	10	Epoch:41	Loss:16.149	MRR:19.65	Hits@10:32.25	Best:19.69
2025-01-23 13:23:04,704 INFO    : Snapshot:1	8	10	Epoch:42	Loss:16.123	MRR:19.67	Hits@10:32.36	Best:19.69
2025-01-23 13:23:14,464 INFO    : Snapshot:1	9	10	Epoch:43	Loss:16.117	MRR:19.63	Hits@10:32.29	Best:19.69
2025-01-23 13:23:24,289 INFO    : Early Stopping! Snapshot:1 Epoch: 44 Best Results: 19.69
2025-01-23 13:23:24,393 INFO    : => loading checkpoint './checkpoint/FACT\1model_best.tar'
2025-01-23 13:23:35,082 INFO    : 
+------------+--------+--------+--------+--------+---------+
| Snapshot:1 |  MRR   | Hits@1 | Hits@3 | Hits@5 | Hits@10 |
+------------+--------+--------+--------+--------+---------+
|     0      | 0.2409 | 0.1599 | 0.2806 | 0.3262 |  0.3879 |
|     1      | 0.1945 | 0.1241 | 0.2266 | 0.2694 |  0.3229 |
+------------+--------+--------+--------+--------+---------+
2025-01-23 13:23:53,591 INFO    : Snapshot:2	0	10	Epoch:0	Loss:21.084	MRR:16.68	Hits@10:28.99	Best:16.68
2025-01-23 13:24:03,693 INFO    : Snapshot:2	0	10	Epoch:1	Loss:20.72	MRR:16.76	Hits@10:29.13	Best:16.76
2025-01-23 13:24:13,547 INFO    : Snapshot:2	0	10	Epoch:2	Loss:20.131	MRR:16.95	Hits@10:29.27	Best:16.95
2025-01-23 13:24:23,742 INFO    : Snapshot:2	0	10	Epoch:3	Loss:19.56	MRR:17.12	Hits@10:29.38	Best:17.12
2025-01-23 13:24:34,221 INFO    : Snapshot:2	0	10	Epoch:4	Loss:19.192	MRR:17.23	Hits@10:29.47	Best:17.23
2025-01-23 13:24:44,456 INFO    : Snapshot:2	0	10	Epoch:5	Loss:18.901	MRR:17.28	Hits@10:29.55	Best:17.28
2025-01-23 13:24:54,925 INFO    : Snapshot:2	0	10	Epoch:6	Loss:18.748	MRR:17.33	Hits@10:29.63	Best:17.33
2025-01-23 13:25:05,549 INFO    : Snapshot:2	0	10	Epoch:7	Loss:18.593	MRR:17.35	Hits@10:29.66	Best:17.35
2025-01-23 13:25:16,185 INFO    : Snapshot:2	0	10	Epoch:8	Loss:18.498	MRR:17.39	Hits@10:29.7	Best:17.39
2025-01-23 13:25:26,511 INFO    : Snapshot:2	0	10	Epoch:9	Loss:18.383	MRR:17.42	Hits@10:29.75	Best:17.42
2025-01-23 13:25:36,345 INFO    : Snapshot:2	0	10	Epoch:10	Loss:18.331	MRR:17.45	Hits@10:29.8	Best:17.45
2025-01-23 13:25:46,306 INFO    : Snapshot:2	1	10	Epoch:11	Loss:18.259	MRR:17.45	Hits@10:29.83	Best:17.45
2025-01-23 13:25:56,289 INFO    : Snapshot:2	0	10	Epoch:12	Loss:18.243	MRR:17.46	Hits@10:29.88	Best:17.46
2025-01-23 13:26:06,381 INFO    : Snapshot:2	0	10	Epoch:13	Loss:18.174	MRR:17.48	Hits@10:29.86	Best:17.48
2025-01-23 13:26:16,293 INFO    : Snapshot:2	1	10	Epoch:14	Loss:18.132	MRR:17.48	Hits@10:29.87	Best:17.48
2025-01-23 13:26:26,095 INFO    : Snapshot:2	0	10	Epoch:15	Loss:18.067	MRR:17.49	Hits@10:29.9	Best:17.49
2025-01-23 13:26:36,391 INFO    : Snapshot:2	0	10	Epoch:16	Loss:18.084	MRR:17.52	Hits@10:29.92	Best:17.52
2025-01-23 13:26:46,762 INFO    : Snapshot:2	1	10	Epoch:17	Loss:18.052	MRR:17.51	Hits@10:29.91	Best:17.52
2025-01-23 13:26:56,999 INFO    : Snapshot:2	2	10	Epoch:18	Loss:18.047	MRR:17.51	Hits@10:29.92	Best:17.52
2025-01-23 13:27:07,122 INFO    : Snapshot:2	3	10	Epoch:19	Loss:18.037	MRR:17.52	Hits@10:29.92	Best:17.52
2025-01-23 13:27:18,060 INFO    : Snapshot:2	4	10	Epoch:20	Loss:17.998	MRR:17.52	Hits@10:29.94	Best:17.52
2025-01-23 13:27:27,494 INFO    : Snapshot:2	5	10	Epoch:21	Loss:18.009	MRR:17.51	Hits@10:29.98	Best:17.52
2025-01-23 13:27:37,798 INFO    : Snapshot:2	6	10	Epoch:22	Loss:18.011	MRR:17.51	Hits@10:29.98	Best:17.52
2025-01-23 13:27:47,966 INFO    : Snapshot:2	7	10	Epoch:23	Loss:17.988	MRR:17.51	Hits@10:29.98	Best:17.52
2025-01-23 13:27:57,479 INFO    : Snapshot:2	0	10	Epoch:24	Loss:17.965	MRR:17.53	Hits@10:29.98	Best:17.53
2025-01-23 13:28:07,993 INFO    : Snapshot:2	1	10	Epoch:25	Loss:17.956	MRR:17.52	Hits@10:29.99	Best:17.53
2025-01-23 13:28:18,796 INFO    : Snapshot:2	2	10	Epoch:26	Loss:17.926	MRR:17.51	Hits@10:29.99	Best:17.53
2025-01-23 13:28:29,181 INFO    : Snapshot:2	3	10	Epoch:27	Loss:17.965	MRR:17.51	Hits@10:29.98	Best:17.53
2025-01-23 13:28:39,776 INFO    : Snapshot:2	4	10	Epoch:28	Loss:17.912	MRR:17.51	Hits@10:29.97	Best:17.53
2025-01-23 13:28:50,467 INFO    : Snapshot:2	5	10	Epoch:29	Loss:17.944	MRR:17.51	Hits@10:29.98	Best:17.53
2025-01-23 13:29:00,801 INFO    : Snapshot:2	6	10	Epoch:30	Loss:17.951	MRR:17.52	Hits@10:29.94	Best:17.53
2025-01-23 13:29:10,937 INFO    : Snapshot:2	0	10	Epoch:31	Loss:17.934	MRR:17.54	Hits@10:29.99	Best:17.54
2025-01-23 13:29:21,663 INFO    : Snapshot:2	1	10	Epoch:32	Loss:17.929	MRR:17.53	Hits@10:29.99	Best:17.54
2025-01-23 13:29:31,720 INFO    : Snapshot:2	2	10	Epoch:33	Loss:17.904	MRR:17.53	Hits@10:29.98	Best:17.54
2025-01-23 13:29:41,471 INFO    : Snapshot:2	3	10	Epoch:34	Loss:17.892	MRR:17.52	Hits@10:29.96	Best:17.54
2025-01-23 13:29:51,167 INFO    : Snapshot:2	4	10	Epoch:35	Loss:17.93	MRR:17.52	Hits@10:29.97	Best:17.54
2025-01-23 13:30:01,094 INFO    : Snapshot:2	5	10	Epoch:36	Loss:17.895	MRR:17.53	Hits@10:29.94	Best:17.54
2025-01-23 13:30:10,777 INFO    : Snapshot:2	6	10	Epoch:37	Loss:17.925	MRR:17.53	Hits@10:29.95	Best:17.54
2025-01-23 13:30:20,604 INFO    : Snapshot:2	7	10	Epoch:38	Loss:17.924	MRR:17.53	Hits@10:29.95	Best:17.54
2025-01-23 13:30:30,525 INFO    : Snapshot:2	8	10	Epoch:39	Loss:17.915	MRR:17.52	Hits@10:29.96	Best:17.54
2025-01-23 13:30:40,271 INFO    : Snapshot:2	9	10	Epoch:40	Loss:17.89	MRR:17.52	Hits@10:29.97	Best:17.54
2025-01-23 13:30:50,405 INFO    : Early Stopping! Snapshot:2 Epoch: 41 Best Results: 17.54
2025-01-23 13:30:50,533 INFO    : => loading checkpoint './checkpoint/FACT\2model_best.tar'
2025-01-23 13:31:07,703 INFO    : 
+------------+--------+--------+--------+--------+---------+
| Snapshot:2 |  MRR   | Hits@1 | Hits@3 | Hits@5 | Hits@10 |
+------------+--------+--------+--------+--------+---------+
|     0      | 0.2409 | 0.1599 | 0.2806 | 0.3262 |  0.3879 |
|     1      | 0.1945 | 0.1241 | 0.2266 | 0.2694 |  0.3229 |
|     2      | 0.1729 | 0.1046 | 0.2007 | 0.2418 |  0.2984 |
+------------+--------+--------+--------+--------+---------+
2025-01-23 13:31:27,437 INFO    : Snapshot:3	0	10	Epoch:0	Loss:20.218	MRR:13.64	Hits@10:25.51	Best:13.64
2025-01-23 13:31:37,507 INFO    : Snapshot:3	0	10	Epoch:1	Loss:20.016	MRR:13.75	Hits@10:25.61	Best:13.75
2025-01-23 13:31:47,918 INFO    : Snapshot:3	0	10	Epoch:2	Loss:19.734	MRR:13.92	Hits@10:25.81	Best:13.92
2025-01-23 13:31:58,348 INFO    : Snapshot:3	0	10	Epoch:3	Loss:19.478	MRR:14.06	Hits@10:25.97	Best:14.06
2025-01-23 13:32:08,929 INFO    : Snapshot:3	0	10	Epoch:4	Loss:19.287	MRR:14.14	Hits@10:26.05	Best:14.14
2025-01-23 13:32:19,237 INFO    : Snapshot:3	0	10	Epoch:5	Loss:19.178	MRR:14.2	Hits@10:26.12	Best:14.2
2025-01-23 13:32:29,733 INFO    : Snapshot:3	0	10	Epoch:6	Loss:19.124	MRR:14.22	Hits@10:26.16	Best:14.22
2025-01-23 13:32:40,422 INFO    : Snapshot:3	0	10	Epoch:7	Loss:19.083	MRR:14.27	Hits@10:26.19	Best:14.27
2025-01-23 13:32:50,992 INFO    : Snapshot:3	0	10	Epoch:8	Loss:19.007	MRR:14.28	Hits@10:26.21	Best:14.28
2025-01-23 13:33:01,134 INFO    : Snapshot:3	0	10	Epoch:9	Loss:19.003	MRR:14.3	Hits@10:26.2	Best:14.3
2025-01-23 13:33:11,388 INFO    : Snapshot:3	0	10	Epoch:10	Loss:18.951	MRR:14.31	Hits@10:26.24	Best:14.31
2025-01-23 13:33:21,554 INFO    : Snapshot:3	0	10	Epoch:11	Loss:18.919	MRR:14.32	Hits@10:26.23	Best:14.32
2025-01-23 13:33:31,909 INFO    : Snapshot:3	1	10	Epoch:12	Loss:18.919	MRR:14.32	Hits@10:26.24	Best:14.32
2025-01-23 13:33:41,865 INFO    : Snapshot:3	2	10	Epoch:13	Loss:18.895	MRR:14.32	Hits@10:26.24	Best:14.32
2025-01-23 13:33:51,513 INFO    : Snapshot:3	0	10	Epoch:14	Loss:18.909	MRR:14.33	Hits@10:26.26	Best:14.33
2025-01-23 13:34:00,878 INFO    : Snapshot:3	1	10	Epoch:15	Loss:18.886	MRR:14.33	Hits@10:26.26	Best:14.33
2025-01-23 13:34:10,314 INFO    : Snapshot:3	0	10	Epoch:16	Loss:18.862	MRR:14.34	Hits@10:26.27	Best:14.34
2025-01-23 13:34:19,849 INFO    : Snapshot:3	1	10	Epoch:17	Loss:18.883	MRR:14.33	Hits@10:26.29	Best:14.34
2025-01-23 13:34:29,278 INFO    : Snapshot:3	2	10	Epoch:18	Loss:18.872	MRR:14.33	Hits@10:26.26	Best:14.34
2025-01-23 13:34:38,510 INFO    : Snapshot:3	3	10	Epoch:19	Loss:18.875	MRR:14.34	Hits@10:26.26	Best:14.34
2025-01-23 13:34:48,051 INFO    : Snapshot:3	4	10	Epoch:20	Loss:18.871	MRR:14.33	Hits@10:26.27	Best:14.34
2025-01-23 13:34:57,503 INFO    : Snapshot:3	0	10	Epoch:21	Loss:18.848	MRR:14.35	Hits@10:26.28	Best:14.35
2025-01-23 13:35:06,838 INFO    : Snapshot:3	1	10	Epoch:22	Loss:18.848	MRR:14.35	Hits@10:26.26	Best:14.35
2025-01-23 13:35:16,301 INFO    : Snapshot:3	2	10	Epoch:23	Loss:18.853	MRR:14.35	Hits@10:26.26	Best:14.35
2025-01-23 13:35:25,605 INFO    : Snapshot:3	3	10	Epoch:24	Loss:18.848	MRR:14.34	Hits@10:26.28	Best:14.35
2025-01-23 13:35:34,972 INFO    : Snapshot:3	4	10	Epoch:25	Loss:18.863	MRR:14.34	Hits@10:26.31	Best:14.35
2025-01-23 13:35:44,389 INFO    : Snapshot:3	5	10	Epoch:26	Loss:18.844	MRR:14.35	Hits@10:26.28	Best:14.35
2025-01-23 13:35:53,948 INFO    : Snapshot:3	6	10	Epoch:27	Loss:18.859	MRR:14.34	Hits@10:26.3	Best:14.35
2025-01-23 13:36:03,166 INFO    : Snapshot:3	7	10	Epoch:28	Loss:18.833	MRR:14.34	Hits@10:26.3	Best:14.35
2025-01-23 13:36:12,354 INFO    : Snapshot:3	8	10	Epoch:29	Loss:18.846	MRR:14.35	Hits@10:26.3	Best:14.35
2025-01-23 13:36:21,680 INFO    : Snapshot:3	9	10	Epoch:30	Loss:18.845	MRR:14.35	Hits@10:26.3	Best:14.35
2025-01-23 13:36:31,257 INFO    : Snapshot:3	0	10	Epoch:31	Loss:18.869	MRR:14.36	Hits@10:26.32	Best:14.36
2025-01-23 13:36:41,653 INFO    : Snapshot:3	0	10	Epoch:32	Loss:18.858	MRR:14.37	Hits@10:26.32	Best:14.37
2025-01-23 13:36:52,032 INFO    : Snapshot:3	1	10	Epoch:33	Loss:18.828	MRR:14.36	Hits@10:26.34	Best:14.37
2025-01-23 13:37:02,703 INFO    : Snapshot:3	2	10	Epoch:34	Loss:18.842	MRR:14.37	Hits@10:26.32	Best:14.37
2025-01-23 13:37:13,000 INFO    : Snapshot:3	3	10	Epoch:35	Loss:18.843	MRR:14.36	Hits@10:26.32	Best:14.37
2025-01-23 13:37:23,433 INFO    : Snapshot:3	4	10	Epoch:36	Loss:18.84	MRR:14.35	Hits@10:26.32	Best:14.37
2025-01-23 13:37:33,596 INFO    : Snapshot:3	5	10	Epoch:37	Loss:18.824	MRR:14.37	Hits@10:26.32	Best:14.37
2025-01-23 13:37:43,976 INFO    : Snapshot:3	6	10	Epoch:38	Loss:18.825	MRR:14.36	Hits@10:26.32	Best:14.37
2025-01-23 13:37:54,039 INFO    : Snapshot:3	7	10	Epoch:39	Loss:18.838	MRR:14.36	Hits@10:26.3	Best:14.37
2025-01-23 13:38:04,237 INFO    : Snapshot:3	8	10	Epoch:40	Loss:18.856	MRR:14.36	Hits@10:26.28	Best:14.37
2025-01-23 13:38:14,343 INFO    : Snapshot:3	9	10	Epoch:41	Loss:18.826	MRR:14.37	Hits@10:26.34	Best:14.37
2025-01-23 13:38:24,423 INFO    : Early Stopping! Snapshot:3 Epoch: 42 Best Results: 14.37
2025-01-23 13:38:24,539 INFO    : => loading checkpoint './checkpoint/FACT\3model_best.tar'
2025-01-23 13:38:47,680 INFO    : 
+------------+--------+--------+--------+--------+---------+
| Snapshot:3 |  MRR   | Hits@1 | Hits@3 | Hits@5 | Hits@10 |
+------------+--------+--------+--------+--------+---------+
|     0      | 0.2409 | 0.1599 | 0.2806 | 0.3262 |  0.3879 |
|     1      | 0.1945 | 0.1241 | 0.2266 | 0.2694 |  0.3229 |
|     2      | 0.1729 | 0.1046 | 0.2007 | 0.2418 |  0.2984 |
|     3      | 0.1462 | 0.0841 | 0.1653 | 0.2055 |  0.2633 |
+------------+--------+--------+--------+--------+---------+
2025-01-23 13:40:22,331 INFO    : Snapshot:4	0	10	Epoch:0	Loss:21.236	MRR:9.61	Hits@10:20.17	Best:9.61
2025-01-23 13:41:11,148 INFO    : Snapshot:4	0	10	Epoch:1	Loss:20.288	MRR:10.19	Hits@10:20.3	Best:10.19
2025-01-23 13:41:58,616 INFO    : Snapshot:4	0	10	Epoch:2	Loss:19.367	MRR:10.52	Hits@10:20.62	Best:10.52
2025-01-23 13:42:46,053 INFO    : Snapshot:4	0	10	Epoch:3	Loss:19.119	MRR:10.65	Hits@10:20.8	Best:10.65
2025-01-23 13:43:33,472 INFO    : Snapshot:4	0	10	Epoch:4	Loss:18.947	MRR:10.76	Hits@10:20.94	Best:10.76
2025-01-23 13:44:20,793 INFO    : Snapshot:4	0	10	Epoch:5	Loss:18.816	MRR:10.81	Hits@10:21.01	Best:10.81
2025-01-23 13:45:08,244 INFO    : Snapshot:4	0	10	Epoch:6	Loss:18.714	MRR:10.85	Hits@10:21.04	Best:10.85
2025-01-23 13:45:55,763 INFO    : Snapshot:4	0	10	Epoch:7	Loss:18.68	MRR:10.89	Hits@10:21.08	Best:10.89
2025-01-23 13:46:43,265 INFO    : Snapshot:4	0	10	Epoch:8	Loss:18.64	MRR:10.91	Hits@10:21.07	Best:10.91
2025-01-23 13:47:31,021 INFO    : Snapshot:4	0	10	Epoch:9	Loss:18.609	MRR:10.92	Hits@10:21.08	Best:10.92
2025-01-23 13:48:18,453 INFO    : Snapshot:4	0	10	Epoch:10	Loss:18.574	MRR:10.93	Hits@10:21.09	Best:10.93
2025-01-23 13:49:05,855 INFO    : Snapshot:4	0	10	Epoch:11	Loss:18.553	MRR:10.94	Hits@10:21.1	Best:10.94
2025-01-23 13:49:53,275 INFO    : Snapshot:4	1	10	Epoch:12	Loss:18.534	MRR:10.93	Hits@10:21.12	Best:10.94
2025-01-23 13:50:40,694 INFO    : Snapshot:4	2	10	Epoch:13	Loss:18.53	MRR:10.93	Hits@10:21.1	Best:10.94
2025-01-23 13:51:28,113 INFO    : Snapshot:4	0	10	Epoch:14	Loss:18.518	MRR:10.95	Hits@10:21.14	Best:10.95
2025-01-23 13:52:15,465 INFO    : Snapshot:4	1	10	Epoch:15	Loss:18.49	MRR:10.95	Hits@10:21.1	Best:10.95
2025-01-23 13:53:02,885 INFO    : Snapshot:4	0	10	Epoch:16	Loss:18.489	MRR:10.96	Hits@10:21.11	Best:10.96
2025-01-23 13:53:50,386 INFO    : Snapshot:4	1	10	Epoch:17	Loss:18.487	MRR:10.95	Hits@10:21.15	Best:10.96
2025-01-23 13:54:37,772 INFO    : Snapshot:4	2	10	Epoch:18	Loss:18.506	MRR:10.95	Hits@10:21.12	Best:10.96
2025-01-23 13:55:25,392 INFO    : Snapshot:4	3	10	Epoch:19	Loss:18.459	MRR:10.95	Hits@10:21.13	Best:10.96
2025-01-23 13:56:12,823 INFO    : Snapshot:4	4	10	Epoch:20	Loss:18.471	MRR:10.94	Hits@10:21.12	Best:10.96
2025-01-23 13:57:00,163 INFO    : Snapshot:4	5	10	Epoch:21	Loss:18.459	MRR:10.95	Hits@10:21.11	Best:10.96
2025-01-23 13:57:47,582 INFO    : Snapshot:4	6	10	Epoch:22	Loss:18.464	MRR:10.94	Hits@10:21.14	Best:10.96
2025-01-23 13:58:34,951 INFO    : Snapshot:4	7	10	Epoch:23	Loss:18.419	MRR:10.94	Hits@10:21.15	Best:10.96
2025-01-23 13:59:22,436 INFO    : Snapshot:4	8	10	Epoch:24	Loss:18.434	MRR:10.92	Hits@10:21.14	Best:10.96
2025-01-23 14:00:09,884 INFO    : Snapshot:4	9	10	Epoch:25	Loss:18.435	MRR:10.93	Hits@10:21.14	Best:10.96
2025-01-23 14:00:57,225 INFO    : Early Stopping! Snapshot:4 Epoch: 26 Best Results: 10.96
2025-01-23 14:00:57,359 INFO    : => loading checkpoint './checkpoint/FACT\4model_best.tar'
2025-01-23 14:02:03,430 INFO    : 
+------------+--------+--------+--------+--------+---------+
| Snapshot:4 |  MRR   | Hits@1 | Hits@3 | Hits@5 | Hits@10 |
+------------+--------+--------+--------+--------+---------+
|     0      | 0.2409 | 0.1599 | 0.2806 | 0.3262 |  0.3879 |
|     1      | 0.1945 | 0.1241 | 0.2266 | 0.2694 |  0.3229 |
|     2      | 0.1729 | 0.1046 | 0.2007 | 0.2418 |  0.2984 |
|     3      | 0.1462 | 0.0841 | 0.1653 | 0.2055 |  0.2633 |
|     4      | 0.1117 | 0.0554 | 0.1243 | 0.1564 |  0.2125 |
+------------+--------+--------+--------+--------+---------+
2025-01-23 14:02:03,432 INFO    : Final Result:
[+------------+--------+--------+--------+--------+---------+
| Snapshot:0 |  MRR   | Hits@1 | Hits@3 | Hits@5 | Hits@10 |
+------------+--------+--------+--------+--------+---------+
|     0      | 0.2409 | 0.1599 | 0.2806 | 0.3262 |  0.3879 |
+------------+--------+--------+--------+--------+---------+, +------------+--------+--------+--------+--------+---------+
| Snapshot:1 |  MRR   | Hits@1 | Hits@3 | Hits@5 | Hits@10 |
+------------+--------+--------+--------+--------+---------+
|     0      | 0.2409 | 0.1599 | 0.2806 | 0.3262 |  0.3879 |
|     1      | 0.1945 | 0.1241 | 0.2266 | 0.2694 |  0.3229 |
+------------+--------+--------+--------+--------+---------+, +------------+--------+--------+--------+--------+---------+
| Snapshot:2 |  MRR   | Hits@1 | Hits@3 | Hits@5 | Hits@10 |
+------------+--------+--------+--------+--------+---------+
|     0      | 0.2409 | 0.1599 | 0.2806 | 0.3262 |  0.3879 |
|     1      | 0.1945 | 0.1241 | 0.2266 | 0.2694 |  0.3229 |
|     2      | 0.1729 | 0.1046 | 0.2007 | 0.2418 |  0.2984 |
+------------+--------+--------+--------+--------+---------+, +------------+--------+--------+--------+--------+---------+
| Snapshot:3 |  MRR   | Hits@1 | Hits@3 | Hits@5 | Hits@10 |
+------------+--------+--------+--------+--------+---------+
|     0      | 0.2409 | 0.1599 | 0.2806 | 0.3262 |  0.3879 |
|     1      | 0.1945 | 0.1241 | 0.2266 | 0.2694 |  0.3229 |
|     2      | 0.1729 | 0.1046 | 0.2007 | 0.2418 |  0.2984 |
|     3      | 0.1462 | 0.0841 | 0.1653 | 0.2055 |  0.2633 |
+------------+--------+--------+--------+--------+---------+, +------------+--------+--------+--------+--------+---------+
| Snapshot:4 |  MRR   | Hits@1 | Hits@3 | Hits@5 | Hits@10 |
+------------+--------+--------+--------+--------+---------+
|     0      | 0.2409 | 0.1599 | 0.2806 | 0.3262 |  0.3879 |
|     1      | 0.1945 | 0.1241 | 0.2266 | 0.2694 |  0.3229 |
|     2      | 0.1729 | 0.1046 | 0.2007 | 0.2418 |  0.2984 |
|     3      | 0.1462 | 0.0841 | 0.1653 | 0.2055 |  0.2633 |
|     4      | 0.1117 | 0.0554 | 0.1243 | 0.1564 |  0.2125 |
+------------+--------+--------+--------+--------+---------+]
2025-01-23 14:02:03,434 INFO    : Report Result:
+----------+--------------------+-----------+--------------+--------------+---------------+
| Snapshot |        Time        | Whole_MRR | Whole_Hits@1 | Whole_Hits@3 | Whole_Hits@10 |
+----------+--------------------+-----------+--------------+--------------+---------------+
|    0     | 91.50387001037598  |   0.241   |     0.16     |    0.281     |     0.388     |
|    1     | 440.3831603527069  |   0.218   |    0.142     |    0.254     |     0.355     |
|    2     | 428.8175299167633  |   0.203   |     0.13     |    0.236     |     0.336     |
|    3     | 430.0336148738861  |   0.189   |    0.118     |    0.218     |     0.318     |
|    4     | 1285.4535903930664 |   0.173   |    0.106     |     0.2      |     0.297     |
+----------+--------------------+-----------+--------------+--------------+---------------+
2025-01-23 14:02:03,434 INFO    : Sum_Training_Time:2676.1917655467987
2025-01-23 14:02:03,434 INFO    : Every_Training_Time:[91.50387001037598, 440.3831603527069, 428.8175299167633, 430.0336148738861, 1285.4535903930664]
2025-01-23 14:02:03,434 INFO    : Forward transfer: 0.14197500000000002 Backward transfer: 0.0
