2024-09-19 14:55:35,298 INFO    : Namespace(batch_size='512', data_path='./data/HYBRID/', dataset='HYBRID', debug=False, device=device(type='cuda', index=0), emb_dim=200, ent_r='150', epoch_num=200, explore=False, gpu='0', l2=0.0, learning_rate='3e-1', log_path='./logs/20240919145527/HYBRID', logger=<RootLogger root (INFO)>, margin=8.0, model_name='LoraKGE_Layers', multi_layers_path='train_sorted_by_edges_betweenness.txt', neg_ratio=10, note='', num_ent_layers='5', num_layer=1, num_rel_layers='1', patience=3, predict_result=False, r=100, r_fixed=True, random_seed=3407, record=False, rel_r='20', save_path='./checkpoint/HYBRID', skip_previous='False', snapshot_num=5, train_new=True, using_multi_layers=False, using_various_ranks='True', using_various_ranks_reverse=False, valid_metrics='mrr')
2024-09-19 14:55:42,743 INFO    : Snapshot:0	0	3	Epoch:0	Loss:78.862	MRR:11.73	Hits@10:24.57	Best:11.73
2024-09-19 14:55:48,477 INFO    : Snapshot:0	0	3	Epoch:1	Loss:44.919	MRR:20.31	Hits@10:37.47	Best:20.31
2024-09-19 14:55:54,105 INFO    : Snapshot:0	0	3	Epoch:2	Loss:23.229	MRR:23.59	Hits@10:41.84	Best:23.59
2024-09-19 14:55:59,768 INFO    : Snapshot:0	0	3	Epoch:3	Loss:12.84	MRR:24.72	Hits@10:43.31	Best:24.72
2024-09-19 14:56:05,447 INFO    : Snapshot:0	0	3	Epoch:4	Loss:7.866	MRR:25.07	Hits@10:43.83	Best:25.07
2024-09-19 14:56:11,132 INFO    : Snapshot:0	1	3	Epoch:5	Loss:5.342	MRR:24.78	Hits@10:44.02	Best:25.07
2024-09-19 14:56:16,799 INFO    : Snapshot:0	2	3	Epoch:6	Loss:4.028	MRR:24.97	Hits@10:44.33	Best:25.07
2024-09-19 14:56:22,584 INFO    : Early Stopping! Snapshot:0 Epoch: 7 Best Results: 25.07
2024-09-19 14:56:22,672 INFO    : => loading checkpoint './checkpoint/HYBRID\0model_best.tar'
2024-09-19 14:56:25,883 INFO    : 
+------------+--------+--------+--------+--------+---------+
| Snapshot:0 |  MRR   | Hits@1 | Hits@3 | Hits@5 | Hits@10 |
+------------+--------+--------+--------+--------+---------+
|     0      | 0.2508 | 0.1496 | 0.3037 | 0.3616 |  0.4344 |
+------------+--------+--------+--------+--------+---------+
2024-09-19 14:56:32,594 INFO    : Snapshot:1	0	3	Epoch:0	Loss:12.121	MRR:22.7	Hits@10:40.11	Best:22.7
2024-09-19 14:56:35,049 INFO    : Snapshot:1	0	3	Epoch:1	Loss:6.842	MRR:24.03	Hits@10:43.28	Best:24.03
2024-09-19 14:56:37,543 INFO    : Snapshot:1	0	3	Epoch:2	Loss:5.97	MRR:24.58	Hits@10:44.2	Best:24.58
2024-09-19 14:56:40,144 INFO    : Snapshot:1	0	3	Epoch:3	Loss:5.611	MRR:25.49	Hits@10:45.2	Best:25.49
2024-09-19 14:56:42,610 INFO    : Snapshot:1	0	3	Epoch:4	Loss:5.375	MRR:25.83	Hits@10:45.38	Best:25.83
2024-09-19 14:56:45,095 INFO    : Snapshot:1	0	3	Epoch:5	Loss:5.21	MRR:26.12	Hits@10:45.59	Best:26.12
2024-09-19 14:56:47,539 INFO    : Snapshot:1	1	3	Epoch:6	Loss:5.144	MRR:26.03	Hits@10:45.9	Best:26.12
2024-09-19 14:56:50,025 INFO    : Snapshot:1	0	3	Epoch:7	Loss:5.045	MRR:26.5	Hits@10:46.37	Best:26.5
2024-09-19 14:56:52,473 INFO    : Snapshot:1	1	3	Epoch:8	Loss:4.991	MRR:26.25	Hits@10:46.31	Best:26.5
2024-09-19 14:56:54,929 INFO    : Snapshot:1	2	3	Epoch:9	Loss:4.95	MRR:26.16	Hits@10:46.14	Best:26.5
2024-09-19 14:56:57,369 INFO    : Early Stopping! Snapshot:1 Epoch: 10 Best Results: 26.5
2024-09-19 14:56:57,461 INFO    : => loading checkpoint './checkpoint/HYBRID\1model_best.tar'
2024-09-19 14:57:02,473 INFO    : 
+------------+--------+--------+--------+--------+---------+
| Snapshot:1 |  MRR   | Hits@1 | Hits@3 | Hits@5 | Hits@10 |
+------------+--------+--------+--------+--------+---------+
|     0      | 0.2508 | 0.1496 | 0.3037 | 0.3616 |  0.4344 |
|     1      | 0.2591 | 0.1634 | 0.2962 | 0.3622 |  0.4454 |
+------------+--------+--------+--------+--------+---------+
2024-09-19 14:57:26,011 INFO    : Snapshot:2	0	3	Epoch:0	Loss:44.325	MRR:14.59	Hits@10:27.55	Best:14.59
2024-09-19 14:57:39,148 INFO    : Snapshot:2	0	3	Epoch:1	Loss:32.024	MRR:15.73	Hits@10:29.1	Best:15.73
2024-09-19 14:57:52,318 INFO    : Snapshot:2	0	3	Epoch:2	Loss:29.99	MRR:16.4	Hits@10:30.1	Best:16.4
2024-09-19 14:58:05,329 INFO    : Snapshot:2	0	3	Epoch:3	Loss:28.918	MRR:17.19	Hits@10:31.14	Best:17.19
2024-09-19 14:58:18,379 INFO    : Snapshot:2	0	3	Epoch:4	Loss:28.343	MRR:17.38	Hits@10:31.29	Best:17.38
2024-09-19 14:58:31,488 INFO    : Snapshot:2	0	3	Epoch:5	Loss:27.899	MRR:17.67	Hits@10:31.83	Best:17.67
2024-09-19 14:58:44,513 INFO    : Snapshot:2	1	3	Epoch:6	Loss:27.53	MRR:17.62	Hits@10:31.88	Best:17.67
2024-09-19 14:58:57,552 INFO    : Snapshot:2	0	3	Epoch:7	Loss:27.24	MRR:17.93	Hits@10:31.95	Best:17.93
2024-09-19 14:59:10,687 INFO    : Snapshot:2	1	3	Epoch:8	Loss:27.077	MRR:17.82	Hits@10:32.2	Best:17.93
2024-09-19 14:59:23,673 INFO    : Snapshot:2	0	3	Epoch:9	Loss:26.838	MRR:18.2	Hits@10:32.25	Best:18.2
2024-09-19 14:59:36,841 INFO    : Snapshot:2	0	3	Epoch:10	Loss:26.773	MRR:18.22	Hits@10:32.48	Best:18.22
2024-09-19 14:59:49,844 INFO    : Snapshot:2	1	3	Epoch:11	Loss:26.604	MRR:18.19	Hits@10:32.45	Best:18.22
2024-09-19 15:00:02,661 INFO    : Snapshot:2	2	3	Epoch:12	Loss:26.449	MRR:18.19	Hits@10:32.63	Best:18.22
2024-09-19 15:00:15,959 INFO    : Snapshot:2	0	3	Epoch:13	Loss:26.374	MRR:18.45	Hits@10:32.5	Best:18.45
2024-09-19 15:00:29,282 INFO    : Snapshot:2	1	3	Epoch:14	Loss:26.294	MRR:18.43	Hits@10:32.62	Best:18.45
2024-09-19 15:00:42,370 INFO    : Snapshot:2	2	3	Epoch:15	Loss:26.186	MRR:18.43	Hits@10:32.84	Best:18.45
2024-09-19 15:00:55,526 INFO    : Early Stopping! Snapshot:2 Epoch: 16 Best Results: 18.45
2024-09-19 15:00:55,634 INFO    : => loading checkpoint './checkpoint/HYBRID\2model_best.tar'
2024-09-19 15:01:07,961 INFO    : 
+------------+--------+--------+--------+--------+---------+
| Snapshot:2 |  MRR   | Hits@1 | Hits@3 | Hits@5 | Hits@10 |
+------------+--------+--------+--------+--------+---------+
|     0      | 0.2508 | 0.1496 | 0.3037 | 0.3616 |  0.4344 |
|     1      | 0.2591 | 0.1634 | 0.2962 | 0.3622 |  0.4454 |
|     2      | 0.1839 | 0.111  | 0.2076 | 0.2565 |  0.3257 |
+------------+--------+--------+--------+--------+---------+
2024-09-19 15:01:38,285 INFO    : Snapshot:3	0	3	Epoch:0	Loss:50.585	MRR:14.57	Hits@10:27.66	Best:14.57
2024-09-19 15:01:55,192 INFO    : Snapshot:3	0	3	Epoch:1	Loss:40.869	MRR:15.62	Hits@10:29.38	Best:15.62
2024-09-19 15:02:12,015 INFO    : Snapshot:3	0	3	Epoch:2	Loss:39.62	MRR:15.87	Hits@10:29.91	Best:15.87
2024-09-19 15:02:28,899 INFO    : Snapshot:3	0	3	Epoch:3	Loss:38.951	MRR:16.26	Hits@10:30.18	Best:16.26
2024-09-19 15:02:45,677 INFO    : Snapshot:3	0	3	Epoch:4	Loss:38.479	MRR:16.54	Hits@10:30.74	Best:16.54
2024-09-19 15:03:02,657 INFO    : Snapshot:3	0	3	Epoch:5	Loss:38.145	MRR:16.88	Hits@10:31.16	Best:16.88
2024-09-19 15:03:19,500 INFO    : Snapshot:3	1	3	Epoch:6	Loss:37.91	MRR:16.78	Hits@10:31.18	Best:16.88
2024-09-19 15:03:36,167 INFO    : Snapshot:3	2	3	Epoch:7	Loss:37.72	MRR:16.82	Hits@10:31.13	Best:16.88
2024-09-19 15:03:53,040 INFO    : Snapshot:3	0	3	Epoch:8	Loss:37.502	MRR:16.92	Hits@10:31.29	Best:16.92
2024-09-19 15:04:09,873 INFO    : Snapshot:3	0	3	Epoch:9	Loss:37.564	MRR:17.13	Hits@10:31.39	Best:17.13
2024-09-19 15:04:26,806 INFO    : Snapshot:3	0	3	Epoch:10	Loss:37.239	MRR:17.14	Hits@10:31.47	Best:17.14
2024-09-19 15:04:43,718 INFO    : Snapshot:3	1	3	Epoch:11	Loss:37.213	MRR:17.08	Hits@10:31.46	Best:17.14
2024-09-19 15:05:00,745 INFO    : Snapshot:3	2	3	Epoch:12	Loss:37.136	MRR:17.11	Hits@10:31.61	Best:17.14
2024-09-19 15:05:17,835 INFO    : Snapshot:3	0	3	Epoch:13	Loss:37.017	MRR:17.24	Hits@10:31.52	Best:17.24
2024-09-19 15:05:34,593 INFO    : Snapshot:3	1	3	Epoch:14	Loss:36.96	MRR:17.22	Hits@10:31.58	Best:17.24
2024-09-19 15:05:51,190 INFO    : Snapshot:3	0	3	Epoch:15	Loss:36.989	MRR:17.4	Hits@10:31.67	Best:17.4
2024-09-19 15:06:08,283 INFO    : Snapshot:3	1	3	Epoch:16	Loss:36.926	MRR:17.3	Hits@10:31.67	Best:17.4
2024-09-19 15:06:25,175 INFO    : Snapshot:3	2	3	Epoch:17	Loss:36.87	MRR:17.39	Hits@10:31.74	Best:17.4
2024-09-19 15:06:41,961 INFO    : Early Stopping! Snapshot:3 Epoch: 18 Best Results: 17.4
2024-09-19 15:06:42,070 INFO    : => loading checkpoint './checkpoint/HYBRID\3model_best.tar'
2024-09-19 15:07:04,773 INFO    : 
+------------+--------+--------+--------+--------+---------+
| Snapshot:3 |  MRR   | Hits@1 | Hits@3 | Hits@5 | Hits@10 |
+------------+--------+--------+--------+--------+---------+
|     0      | 0.2508 | 0.1496 | 0.3037 | 0.3616 |  0.4344 |
|     1      | 0.2591 | 0.1634 | 0.2962 | 0.3622 |  0.4454 |
|     2      | 0.1839 | 0.111  | 0.2076 | 0.2565 |  0.3257 |
|     3      | 0.1734 | 0.096  | 0.2053 | 0.2554 |  0.3189 |
+------------+--------+--------+--------+--------+---------+
2024-09-19 15:07:18,261 INFO    : Snapshot:4	0	3	Epoch:0	Loss:24.645	MRR:14.94	Hits@10:24.03	Best:14.94
2024-09-19 15:07:24,863 INFO    : Snapshot:4	0	3	Epoch:1	Loss:22.422	MRR:15.2	Hits@10:24.32	Best:15.2
2024-09-19 15:07:31,621 INFO    : Snapshot:4	1	3	Epoch:2	Loss:22.212	MRR:15.13	Hits@10:24.22	Best:15.2
2024-09-19 15:07:38,214 INFO    : Snapshot:4	0	3	Epoch:3	Loss:22.091	MRR:15.5	Hits@10:24.44	Best:15.5
2024-09-19 15:07:44,795 INFO    : Snapshot:4	1	3	Epoch:4	Loss:21.998	MRR:15.5	Hits@10:24.58	Best:15.5
2024-09-19 15:07:51,322 INFO    : Snapshot:4	2	3	Epoch:5	Loss:21.97	MRR:15.42	Hits@10:24.53	Best:15.5
2024-09-19 15:07:57,907 INFO    : Snapshot:4	0	3	Epoch:6	Loss:21.983	MRR:15.54	Hits@10:24.67	Best:15.54
2024-09-19 15:08:04,475 INFO    : Snapshot:4	1	3	Epoch:7	Loss:21.968	MRR:15.54	Hits@10:24.63	Best:15.54
2024-09-19 15:08:11,040 INFO    : Snapshot:4	2	3	Epoch:8	Loss:21.851	MRR:15.46	Hits@10:24.41	Best:15.54
2024-09-19 15:08:17,654 INFO    : Early Stopping! Snapshot:4 Epoch: 9 Best Results: 15.54
2024-09-19 15:08:17,749 INFO    : => loading checkpoint './checkpoint/HYBRID\4model_best.tar'
2024-09-19 15:08:45,638 INFO    : 
+------------+--------+--------+--------+--------+---------+
| Snapshot:4 |  MRR   | Hits@1 | Hits@3 | Hits@5 | Hits@10 |
+------------+--------+--------+--------+--------+---------+
|     0      | 0.2508 | 0.1496 | 0.3037 | 0.3616 |  0.4344 |
|     1      | 0.2591 | 0.1634 | 0.2962 | 0.3622 |  0.4454 |
|     2      | 0.1839 | 0.111  | 0.2076 | 0.2565 |  0.3257 |
|     3      | 0.1734 | 0.096  | 0.2053 | 0.2554 |  0.3189 |
|     4      | 0.1562 | 0.1063 | 0.1706 | 0.2029 |  0.2496 |
+------------+--------+--------+--------+--------+---------+
2024-09-19 15:08:45,640 INFO    : Final Result:
[+------------+--------+--------+--------+--------+---------+
| Snapshot:0 |  MRR   | Hits@1 | Hits@3 | Hits@5 | Hits@10 |
+------------+--------+--------+--------+--------+---------+
|     0      | 0.2508 | 0.1496 | 0.3037 | 0.3616 |  0.4344 |
+------------+--------+--------+--------+--------+---------+, +------------+--------+--------+--------+--------+---------+
| Snapshot:1 |  MRR   | Hits@1 | Hits@3 | Hits@5 | Hits@10 |
+------------+--------+--------+--------+--------+---------+
|     0      | 0.2508 | 0.1496 | 0.3037 | 0.3616 |  0.4344 |
|     1      | 0.2591 | 0.1634 | 0.2962 | 0.3622 |  0.4454 |
+------------+--------+--------+--------+--------+---------+, +------------+--------+--------+--------+--------+---------+
| Snapshot:2 |  MRR   | Hits@1 | Hits@3 | Hits@5 | Hits@10 |
+------------+--------+--------+--------+--------+---------+
|     0      | 0.2508 | 0.1496 | 0.3037 | 0.3616 |  0.4344 |
|     1      | 0.2591 | 0.1634 | 0.2962 | 0.3622 |  0.4454 |
|     2      | 0.1839 | 0.111  | 0.2076 | 0.2565 |  0.3257 |
+------------+--------+--------+--------+--------+---------+, +------------+--------+--------+--------+--------+---------+
| Snapshot:3 |  MRR   | Hits@1 | Hits@3 | Hits@5 | Hits@10 |
+------------+--------+--------+--------+--------+---------+
|     0      | 0.2508 | 0.1496 | 0.3037 | 0.3616 |  0.4344 |
|     1      | 0.2591 | 0.1634 | 0.2962 | 0.3622 |  0.4454 |
|     2      | 0.1839 | 0.111  | 0.2076 | 0.2565 |  0.3257 |
|     3      | 0.1734 | 0.096  | 0.2053 | 0.2554 |  0.3189 |
+------------+--------+--------+--------+--------+---------+, +------------+--------+--------+--------+--------+---------+
| Snapshot:4 |  MRR   | Hits@1 | Hits@3 | Hits@5 | Hits@10 |
+------------+--------+--------+--------+--------+---------+
|     0      | 0.2508 | 0.1496 | 0.3037 | 0.3616 |  0.4344 |
|     1      | 0.2591 | 0.1634 | 0.2962 | 0.3622 |  0.4454 |
|     2      | 0.1839 | 0.111  | 0.2076 | 0.2565 |  0.3257 |
|     3      | 0.1734 | 0.096  | 0.2053 | 0.2554 |  0.3189 |
|     4      | 0.1562 | 0.1063 | 0.1706 | 0.2029 |  0.2496 |
+------------+--------+--------+--------+--------+---------+]
2024-09-19 15:08:45,641 INFO    : Report Result:
+----------+--------------------+-----------+--------------+--------------+---------------+
| Snapshot |        Time        | Whole_MRR | Whole_Hits@1 | Whole_Hits@3 | Whole_Hits@10 |
+----------+--------------------+-----------+--------------+--------------+---------------+
|    0     | 47.28492450714111  |   0.251   |     0.15     |    0.304     |     0.434     |
|    1     | 29.581772565841675 |   0.253   |    0.153     |    0.302     |     0.437     |
|    2     | 225.59335136413574 |   0.216   |    0.131     |    0.252     |     0.378     |
|    3     | 323.74688696861267 |    0.2    |    0.118     |    0.234     |     0.356     |
|    4     | 68.39347958564758  |   0.194   |    0.116     |    0.226     |     0.342     |
+----------+--------------------+-----------+--------------+--------------+---------------+
2024-09-19 15:08:45,641 INFO    : Sum_Training_Time:694.6004149913788
2024-09-19 15:08:45,641 INFO    : Every_Training_Time:[47.28492450714111, 29.581772565841675, 225.59335136413574, 323.74688696861267, 68.39347958564758]
2024-09-19 15:08:45,641 INFO    : Forward transfer: 0.036500000000000005 Backward transfer: 0.0
