2024-09-19 14:39:07,407 INFO    : Namespace(batch_size='512', data_path='./data/HYBRID/', dataset='HYBRID', debug=False, device=device(type='cuda', index=0), emb_dim=200, ent_r='150', epoch_num=200, explore=False, gpu='0', l2=0.0, learning_rate='2e-1', log_path='./logs/20240919143859/HYBRID', logger=<RootLogger root (INFO)>, margin=8.0, model_name='LoraKGE_Layers', multi_layers_path='train_sorted_by_edges_betweenness.txt', neg_ratio=10, note='', num_ent_layers='5', num_layer=1, num_rel_layers='1', patience=3, predict_result=False, r=100, r_fixed=True, random_seed=3407, record=False, rel_r='20', save_path='./checkpoint/HYBRID', skip_previous='False', snapshot_num=5, train_new=True, using_multi_layers=False, using_various_ranks='True', using_various_ranks_reverse=False, valid_metrics='mrr')
2024-09-19 14:39:15,559 INFO    : Snapshot:0	0	3	Epoch:0	Loss:75.364	MRR:14.46	Hits@10:28.35	Best:14.46
2024-09-19 14:39:21,045 INFO    : Snapshot:0	0	3	Epoch:1	Loss:37.49	MRR:22.35	Hits@10:39.99	Best:22.35
2024-09-19 14:39:26,553 INFO    : Snapshot:0	0	3	Epoch:2	Loss:17.512	MRR:24.62	Hits@10:43.67	Best:24.62
2024-09-19 14:39:32,116 INFO    : Snapshot:0	0	3	Epoch:3	Loss:9.35	MRR:25.2	Hits@10:44.45	Best:25.2
2024-09-19 14:39:37,659 INFO    : Snapshot:0	1	3	Epoch:4	Loss:5.752	MRR:25.17	Hits@10:44.52	Best:25.2
2024-09-19 14:39:43,245 INFO    : Snapshot:0	2	3	Epoch:5	Loss:4.028	MRR:24.94	Hits@10:44.55	Best:25.2
2024-09-19 14:39:48,780 INFO    : Early Stopping! Snapshot:0 Epoch: 6 Best Results: 25.2
2024-09-19 14:39:48,869 INFO    : => loading checkpoint './checkpoint/HYBRID\0model_best.tar'
2024-09-19 14:39:52,176 INFO    : 
+------------+--------+--------+--------+--------+---------+
| Snapshot:0 |  MRR   | Hits@1 | Hits@3 | Hits@5 | Hits@10 |
+------------+--------+--------+--------+--------+---------+
|     0      | 0.2543 | 0.154  | 0.3053 | 0.365  |  0.4371 |
+------------+--------+--------+--------+--------+---------+
2024-09-19 14:39:58,881 INFO    : Snapshot:1	0	3	Epoch:0	Loss:12.375	MRR:22.29	Hits@10:39.88	Best:22.29
2024-09-19 14:40:01,353 INFO    : Snapshot:1	0	3	Epoch:1	Loss:6.799	MRR:24.43	Hits@10:43.56	Best:24.43
2024-09-19 14:40:03,808 INFO    : Snapshot:1	0	3	Epoch:2	Loss:5.966	MRR:25.21	Hits@10:44.98	Best:25.21
2024-09-19 14:40:06,216 INFO    : Snapshot:1	0	3	Epoch:3	Loss:5.59	MRR:25.97	Hits@10:45.76	Best:25.97
2024-09-19 14:40:08,632 INFO    : Snapshot:1	0	3	Epoch:4	Loss:5.362	MRR:26.38	Hits@10:46.11	Best:26.38
2024-09-19 14:40:11,039 INFO    : Snapshot:1	1	3	Epoch:5	Loss:5.21	MRR:26.29	Hits@10:46.08	Best:26.38
2024-09-19 14:40:13,478 INFO    : Snapshot:1	2	3	Epoch:6	Loss:5.113	MRR:26.24	Hits@10:46.12	Best:26.38
2024-09-19 14:40:15,924 INFO    : Snapshot:1	0	3	Epoch:7	Loss:5.006	MRR:26.95	Hits@10:46.43	Best:26.95
2024-09-19 14:40:18,374 INFO    : Snapshot:1	1	3	Epoch:8	Loss:4.936	MRR:26.66	Hits@10:46.49	Best:26.95
2024-09-19 14:40:20,794 INFO    : Snapshot:1	2	3	Epoch:9	Loss:4.886	MRR:26.75	Hits@10:46.89	Best:26.95
2024-09-19 14:40:23,225 INFO    : Snapshot:1	0	3	Epoch:10	Loss:4.85	MRR:27.0	Hits@10:46.67	Best:27.0
2024-09-19 14:40:25,674 INFO    : Snapshot:1	0	3	Epoch:11	Loss:4.826	MRR:27.33	Hits@10:46.71	Best:27.33
2024-09-19 14:40:28,073 INFO    : Snapshot:1	0	3	Epoch:12	Loss:4.803	MRR:27.35	Hits@10:47.31	Best:27.35
2024-09-19 14:40:30,470 INFO    : Snapshot:1	1	3	Epoch:13	Loss:4.742	MRR:27.15	Hits@10:47.2	Best:27.35
2024-09-19 14:40:32,896 INFO    : Snapshot:1	2	3	Epoch:14	Loss:4.736	MRR:27.28	Hits@10:47.19	Best:27.35
2024-09-19 14:40:35,329 INFO    : Snapshot:1	0	3	Epoch:15	Loss:4.685	MRR:27.51	Hits@10:47.34	Best:27.51
2024-09-19 14:40:37,772 INFO    : Snapshot:1	0	3	Epoch:16	Loss:4.676	MRR:27.52	Hits@10:46.8	Best:27.52
2024-09-19 14:40:40,185 INFO    : Snapshot:1	1	3	Epoch:17	Loss:4.675	MRR:27.27	Hits@10:46.98	Best:27.52
2024-09-19 14:40:42,575 INFO    : Snapshot:1	2	3	Epoch:18	Loss:4.653	MRR:27.34	Hits@10:47.32	Best:27.52
2024-09-19 14:40:44,961 INFO    : Early Stopping! Snapshot:1 Epoch: 19 Best Results: 27.52
2024-09-19 14:40:45,049 INFO    : => loading checkpoint './checkpoint/HYBRID\1model_best.tar'
2024-09-19 14:40:50,058 INFO    : 
+------------+--------+--------+--------+--------+---------+
| Snapshot:1 |  MRR   | Hits@1 | Hits@3 | Hits@5 | Hits@10 |
+------------+--------+--------+--------+--------+---------+
|     0      | 0.2543 | 0.154  | 0.3053 | 0.365  |  0.4371 |
|     1      | 0.2704 | 0.1715 | 0.3133 | 0.3814 |  0.4613 |
+------------+--------+--------+--------+--------+---------+
2024-09-19 14:41:13,049 INFO    : Snapshot:2	0	3	Epoch:0	Loss:44.844	MRR:15.24	Hits@10:28.03	Best:15.24
2024-09-19 14:41:26,141 INFO    : Snapshot:2	0	3	Epoch:1	Loss:32.272	MRR:16.31	Hits@10:29.83	Best:16.31
2024-09-19 14:41:38,979 INFO    : Snapshot:2	0	3	Epoch:2	Loss:30.444	MRR:16.87	Hits@10:30.53	Best:16.87
2024-09-19 14:41:51,968 INFO    : Snapshot:2	0	3	Epoch:3	Loss:29.405	MRR:17.36	Hits@10:31.27	Best:17.36
2024-09-19 14:42:05,071 INFO    : Snapshot:2	0	3	Epoch:4	Loss:28.79	MRR:17.7	Hits@10:31.64	Best:17.7
2024-09-19 14:42:18,086 INFO    : Snapshot:2	0	3	Epoch:5	Loss:28.272	MRR:17.96	Hits@10:31.94	Best:17.96
2024-09-19 14:42:31,220 INFO    : Snapshot:2	0	3	Epoch:6	Loss:27.922	MRR:18.18	Hits@10:32.11	Best:18.18
2024-09-19 14:42:44,380 INFO    : Snapshot:2	0	3	Epoch:7	Loss:27.712	MRR:18.27	Hits@10:32.41	Best:18.27
2024-09-19 14:42:57,384 INFO    : Snapshot:2	1	3	Epoch:8	Loss:27.44	MRR:17.98	Hits@10:32.45	Best:18.27
2024-09-19 14:43:10,220 INFO    : Snapshot:2	0	3	Epoch:9	Loss:27.216	MRR:18.43	Hits@10:32.68	Best:18.43
2024-09-19 14:43:23,217 INFO    : Snapshot:2	0	3	Epoch:10	Loss:27.126	MRR:18.49	Hits@10:32.81	Best:18.49
2024-09-19 14:43:36,302 INFO    : Snapshot:2	0	3	Epoch:11	Loss:26.998	MRR:18.64	Hits@10:32.94	Best:18.64
2024-09-19 14:43:49,566 INFO    : Snapshot:2	1	3	Epoch:12	Loss:26.87	MRR:18.52	Hits@10:32.99	Best:18.64
2024-09-19 14:44:02,617 INFO    : Snapshot:2	0	3	Epoch:13	Loss:26.743	MRR:18.77	Hits@10:33.06	Best:18.77
2024-09-19 14:44:15,609 INFO    : Snapshot:2	1	3	Epoch:14	Loss:26.725	MRR:18.76	Hits@10:33.21	Best:18.77
2024-09-19 14:44:28,725 INFO    : Snapshot:2	2	3	Epoch:15	Loss:26.634	MRR:18.64	Hits@10:33.02	Best:18.77
2024-09-19 14:44:41,750 INFO    : Snapshot:2	0	3	Epoch:16	Loss:26.48	MRR:18.92	Hits@10:33.13	Best:18.92
2024-09-19 14:44:54,282 INFO    : Snapshot:2	1	3	Epoch:17	Loss:26.409	MRR:18.79	Hits@10:33.11	Best:18.92
2024-09-19 14:45:06,433 INFO    : Snapshot:2	0	3	Epoch:18	Loss:26.414	MRR:19.0	Hits@10:33.21	Best:19.0
2024-09-19 14:45:19,400 INFO    : Snapshot:2	1	3	Epoch:19	Loss:26.309	MRR:18.91	Hits@10:33.34	Best:19.0
2024-09-19 14:45:32,491 INFO    : Snapshot:2	2	3	Epoch:20	Loss:26.309	MRR:18.96	Hits@10:33.46	Best:19.0
2024-09-19 14:45:45,544 INFO    : Early Stopping! Snapshot:2 Epoch: 21 Best Results: 19.0
2024-09-19 14:45:45,648 INFO    : => loading checkpoint './checkpoint/HYBRID\2model_best.tar'
2024-09-19 14:45:58,216 INFO    : 
+------------+--------+--------+--------+--------+---------+
| Snapshot:2 |  MRR   | Hits@1 | Hits@3 | Hits@5 | Hits@10 |
+------------+--------+--------+--------+--------+---------+
|     0      | 0.2543 | 0.154  | 0.3053 | 0.365  |  0.4371 |
|     1      | 0.2704 | 0.1715 | 0.3133 | 0.3814 |  0.4613 |
|     2      | 0.1871 | 0.1142 | 0.212  | 0.2602 |  0.3281 |
+------------+--------+--------+--------+--------+---------+
2024-09-19 14:46:28,122 INFO    : Snapshot:3	0	3	Epoch:0	Loss:51.91	MRR:14.88	Hits@10:28.25	Best:14.88
2024-09-19 14:46:44,710 INFO    : Snapshot:3	0	3	Epoch:1	Loss:41.851	MRR:15.63	Hits@10:29.52	Best:15.63
2024-09-19 14:47:01,301 INFO    : Snapshot:3	0	3	Epoch:2	Loss:40.409	MRR:16.03	Hits@10:30.21	Best:16.03
2024-09-19 14:47:17,869 INFO    : Snapshot:3	0	3	Epoch:3	Loss:39.752	MRR:16.08	Hits@10:30.1	Best:16.08
2024-09-19 14:47:34,322 INFO    : Snapshot:3	0	3	Epoch:4	Loss:39.343	MRR:16.53	Hits@10:30.77	Best:16.53
2024-09-19 14:47:50,835 INFO    : Snapshot:3	1	3	Epoch:5	Loss:38.958	MRR:16.51	Hits@10:30.98	Best:16.53
2024-09-19 14:48:07,607 INFO    : Snapshot:3	0	3	Epoch:6	Loss:38.828	MRR:16.74	Hits@10:31.44	Best:16.74
2024-09-19 14:48:24,616 INFO    : Snapshot:3	0	3	Epoch:7	Loss:38.603	MRR:16.86	Hits@10:31.25	Best:16.86
2024-09-19 14:48:41,351 INFO    : Snapshot:3	0	3	Epoch:8	Loss:38.363	MRR:16.99	Hits@10:31.57	Best:16.99
2024-09-19 14:48:58,127 INFO    : Snapshot:3	0	3	Epoch:9	Loss:38.269	MRR:17.05	Hits@10:31.41	Best:17.05
2024-09-19 14:49:14,681 INFO    : Snapshot:3	1	3	Epoch:10	Loss:38.069	MRR:16.88	Hits@10:31.36	Best:17.05
2024-09-19 14:49:31,301 INFO    : Snapshot:3	2	3	Epoch:11	Loss:38.053	MRR:16.92	Hits@10:31.47	Best:17.05
2024-09-19 14:49:47,874 INFO    : Snapshot:3	0	3	Epoch:12	Loss:37.985	MRR:17.14	Hits@10:31.86	Best:17.14
2024-09-19 14:50:04,386 INFO    : Snapshot:3	0	3	Epoch:13	Loss:37.861	MRR:17.24	Hits@10:31.64	Best:17.24
2024-09-19 14:50:21,088 INFO    : Snapshot:3	1	3	Epoch:14	Loss:37.806	MRR:17.03	Hits@10:31.74	Best:17.24
2024-09-19 14:50:37,740 INFO    : Snapshot:3	0	3	Epoch:15	Loss:37.69	MRR:17.3	Hits@10:31.86	Best:17.3
2024-09-19 14:50:54,508 INFO    : Snapshot:3	1	3	Epoch:16	Loss:37.672	MRR:17.12	Hits@10:31.81	Best:17.3
2024-09-19 14:51:11,325 INFO    : Snapshot:3	0	3	Epoch:17	Loss:37.714	MRR:17.32	Hits@10:31.88	Best:17.32
2024-09-19 14:51:28,211 INFO    : Snapshot:3	1	3	Epoch:18	Loss:37.522	MRR:17.15	Hits@10:31.73	Best:17.32
2024-09-19 14:51:45,056 INFO    : Snapshot:3	0	3	Epoch:19	Loss:37.57	MRR:17.36	Hits@10:31.98	Best:17.36
2024-09-19 14:52:01,823 INFO    : Snapshot:3	1	3	Epoch:20	Loss:37.513	MRR:17.17	Hits@10:31.88	Best:17.36
2024-09-19 14:52:18,504 INFO    : Snapshot:3	2	3	Epoch:21	Loss:37.405	MRR:17.28	Hits@10:31.97	Best:17.36
2024-09-19 14:52:34,882 INFO    : Early Stopping! Snapshot:3 Epoch: 22 Best Results: 17.36
2024-09-19 14:52:34,987 INFO    : => loading checkpoint './checkpoint/HYBRID\3model_best.tar'
2024-09-19 14:52:57,991 INFO    : 
+------------+--------+--------+--------+--------+---------+
| Snapshot:3 |  MRR   | Hits@1 | Hits@3 | Hits@5 | Hits@10 |
+------------+--------+--------+--------+--------+---------+
|     0      | 0.2543 | 0.154  | 0.3053 | 0.365  |  0.4371 |
|     1      | 0.2704 | 0.1715 | 0.3133 | 0.3814 |  0.4613 |
|     2      | 0.1871 | 0.1142 | 0.212  | 0.2602 |  0.3281 |
|     3      | 0.1744 | 0.0969 | 0.2077 | 0.2566 |  0.3218 |
+------------+--------+--------+--------+--------+---------+
2024-09-19 14:53:11,533 INFO    : Snapshot:4	0	3	Epoch:0	Loss:26.768	MRR:15.0	Hits@10:24.97	Best:15.0
2024-09-19 14:53:17,766 INFO    : Snapshot:4	0	3	Epoch:1	Loss:24.042	MRR:15.16	Hits@10:25.06	Best:15.16
2024-09-19 14:53:24,290 INFO    : Snapshot:4	1	3	Epoch:2	Loss:23.773	MRR:15.06	Hits@10:25.19	Best:15.16
2024-09-19 14:53:30,900 INFO    : Snapshot:4	0	3	Epoch:3	Loss:23.626	MRR:15.21	Hits@10:25.32	Best:15.21
2024-09-19 14:53:37,401 INFO    : Snapshot:4	0	3	Epoch:4	Loss:23.611	MRR:15.24	Hits@10:25.14	Best:15.24
2024-09-19 14:53:43,786 INFO    : Snapshot:4	0	3	Epoch:5	Loss:23.555	MRR:15.35	Hits@10:25.32	Best:15.35
2024-09-19 14:53:50,192 INFO    : Snapshot:4	1	3	Epoch:6	Loss:23.508	MRR:15.25	Hits@10:25.35	Best:15.35
2024-09-19 14:53:56,686 INFO    : Snapshot:4	2	3	Epoch:7	Loss:23.474	MRR:15.24	Hits@10:25.17	Best:15.35
2024-09-19 14:54:03,192 INFO    : Early Stopping! Snapshot:4 Epoch: 8 Best Results: 15.35
2024-09-19 14:54:03,292 INFO    : => loading checkpoint './checkpoint/HYBRID\4model_best.tar'
2024-09-19 14:54:30,760 INFO    : 
+------------+--------+--------+--------+--------+---------+
| Snapshot:4 |  MRR   | Hits@1 | Hits@3 | Hits@5 | Hits@10 |
+------------+--------+--------+--------+--------+---------+
|     0      | 0.2543 | 0.154  | 0.3053 | 0.365  |  0.4371 |
|     1      | 0.2704 | 0.1715 | 0.3133 | 0.3814 |  0.4613 |
|     2      | 0.1871 | 0.1142 | 0.212  | 0.2602 |  0.3281 |
|     3      | 0.1744 | 0.0969 | 0.2077 | 0.2566 |  0.3218 |
|     4      | 0.1539 | 0.1035 | 0.168  | 0.203  |  0.2534 |
+------------+--------+--------+--------+--------+---------+
2024-09-19 14:54:30,762 INFO    : Final Result:
[+------------+--------+--------+--------+--------+---------+
| Snapshot:0 |  MRR   | Hits@1 | Hits@3 | Hits@5 | Hits@10 |
+------------+--------+--------+--------+--------+---------+
|     0      | 0.2543 | 0.154  | 0.3053 | 0.365  |  0.4371 |
+------------+--------+--------+--------+--------+---------+, +------------+--------+--------+--------+--------+---------+
| Snapshot:1 |  MRR   | Hits@1 | Hits@3 | Hits@5 | Hits@10 |
+------------+--------+--------+--------+--------+---------+
|     0      | 0.2543 | 0.154  | 0.3053 | 0.365  |  0.4371 |
|     1      | 0.2704 | 0.1715 | 0.3133 | 0.3814 |  0.4613 |
+------------+--------+--------+--------+--------+---------+, +------------+--------+--------+--------+--------+---------+
| Snapshot:2 |  MRR   | Hits@1 | Hits@3 | Hits@5 | Hits@10 |
+------------+--------+--------+--------+--------+---------+
|     0      | 0.2543 | 0.154  | 0.3053 | 0.365  |  0.4371 |
|     1      | 0.2704 | 0.1715 | 0.3133 | 0.3814 |  0.4613 |
|     2      | 0.1871 | 0.1142 | 0.212  | 0.2602 |  0.3281 |
+------------+--------+--------+--------+--------+---------+, +------------+--------+--------+--------+--------+---------+
| Snapshot:3 |  MRR   | Hits@1 | Hits@3 | Hits@5 | Hits@10 |
+------------+--------+--------+--------+--------+---------+
|     0      | 0.2543 | 0.154  | 0.3053 | 0.365  |  0.4371 |
|     1      | 0.2704 | 0.1715 | 0.3133 | 0.3814 |  0.4613 |
|     2      | 0.1871 | 0.1142 | 0.212  | 0.2602 |  0.3281 |
|     3      | 0.1744 | 0.0969 | 0.2077 | 0.2566 |  0.3218 |
+------------+--------+--------+--------+--------+---------+, +------------+--------+--------+--------+--------+---------+
| Snapshot:4 |  MRR   | Hits@1 | Hits@3 | Hits@5 | Hits@10 |
+------------+--------+--------+--------+--------+---------+
|     0      | 0.2543 | 0.154  | 0.3053 | 0.365  |  0.4371 |
|     1      | 0.2704 | 0.1715 | 0.3133 | 0.3814 |  0.4613 |
|     2      | 0.1871 | 0.1142 | 0.212  | 0.2602 |  0.3281 |
|     3      | 0.1744 | 0.0969 | 0.2077 | 0.2566 |  0.3218 |
|     4      | 0.1539 | 0.1035 | 0.168  | 0.203  |  0.2534 |
+------------+--------+--------+--------+--------+---------+]
2024-09-19 14:54:30,762 INFO    : Report Result:
+----------+--------------------+-----------+--------------+--------------+---------------+
| Snapshot |        Time        | Whole_MRR | Whole_Hits@1 | Whole_Hits@3 | Whole_Hits@10 |
+----------+--------------------+-----------+--------------+--------------+---------------+
|    0     | 41.373141050338745 |   0.254   |    0.154     |    0.305     |     0.437     |
|    1     | 50.902950048446655 |   0.259   |    0.159     |    0.307     |     0.444     |
|    2     | 288.1924123764038  |   0.221   |    0.135     |    0.257     |     0.382     |
|    3     | 386.4531273841858  |   0.203   |     0.12     |    0.238     |     0.359     |
|    4     | 60.908425092697144 |   0.197   |    0.118     |    0.229     |     0.345     |
+----------+--------------------+-----------+--------------+--------------+---------------+
2024-09-19 14:54:30,763 INFO    : Sum_Training_Time:827.8300559520721
2024-09-19 14:54:30,763 INFO    : Every_Training_Time:[41.373141050338745, 50.902950048446655, 288.1924123764038, 386.4531273841858, 60.908425092697144]
2024-09-19 14:54:30,763 INFO    : Forward transfer: 0.036875000000000005 Backward transfer: 0.0
