2024-09-19 15:37:53,272 INFO    : Namespace(batch_size='512', data_path='./data/HYBRID/', dataset='HYBRID', debug=False, device=device(type='cuda', index=0), emb_dim=200, ent_r='200', epoch_num=200, explore=False, gpu='0', l2=0.0, learning_rate='3e-1', log_path='./logs/20240919153745/HYBRID', logger=<RootLogger root (INFO)>, margin=8.0, model_name='LoraKGE_Layers', multi_layers_path='train_sorted_by_edges_betweenness.txt', neg_ratio=10, note='', num_ent_layers='10', num_layer=1, num_rel_layers='1', patience=3, predict_result=False, r=100, r_fixed=True, random_seed=3407, record=False, rel_r='20', save_path='./checkpoint/HYBRID', skip_previous='False', snapshot_num=5, train_new=True, using_multi_layers=False, using_various_ranks='True', using_various_ranks_reverse=False, valid_metrics='mrr')
2024-09-19 15:38:01,495 INFO    : Snapshot:0	0	3	Epoch:0	Loss:78.862	MRR:11.73	Hits@10:24.57	Best:11.73
2024-09-19 15:38:07,035 INFO    : Snapshot:0	0	3	Epoch:1	Loss:44.919	MRR:20.31	Hits@10:37.47	Best:20.31
2024-09-19 15:38:12,648 INFO    : Snapshot:0	0	3	Epoch:2	Loss:23.229	MRR:23.59	Hits@10:41.84	Best:23.59
2024-09-19 15:38:18,383 INFO    : Snapshot:0	0	3	Epoch:3	Loss:12.84	MRR:24.72	Hits@10:43.31	Best:24.72
2024-09-19 15:38:23,953 INFO    : Snapshot:0	0	3	Epoch:4	Loss:7.866	MRR:25.07	Hits@10:43.83	Best:25.07
2024-09-19 15:38:29,578 INFO    : Snapshot:0	1	3	Epoch:5	Loss:5.342	MRR:24.78	Hits@10:44.02	Best:25.07
2024-09-19 15:38:35,144 INFO    : Snapshot:0	2	3	Epoch:6	Loss:4.028	MRR:24.97	Hits@10:44.33	Best:25.07
2024-09-19 15:38:41,057 INFO    : Early Stopping! Snapshot:0 Epoch: 7 Best Results: 25.07
2024-09-19 15:38:41,146 INFO    : => loading checkpoint './checkpoint/HYBRID\0model_best.tar'
2024-09-19 15:38:44,417 INFO    : 
+------------+--------+--------+--------+--------+---------+
| Snapshot:0 |  MRR   | Hits@1 | Hits@3 | Hits@5 | Hits@10 |
+------------+--------+--------+--------+--------+---------+
|     0      | 0.2508 | 0.1496 | 0.3037 | 0.3616 |  0.4344 |
+------------+--------+--------+--------+--------+---------+
2024-09-19 15:38:51,390 INFO    : Snapshot:1	0	3	Epoch:0	Loss:11.983	MRR:23.09	Hits@10:41.1	Best:23.09
2024-09-19 15:38:54,100 INFO    : Snapshot:1	0	3	Epoch:1	Loss:6.641	MRR:24.96	Hits@10:43.52	Best:24.96
2024-09-19 15:38:56,743 INFO    : Snapshot:1	0	3	Epoch:2	Loss:5.837	MRR:25.09	Hits@10:44.46	Best:25.09
2024-09-19 15:38:59,364 INFO    : Snapshot:1	0	3	Epoch:3	Loss:5.539	MRR:26.1	Hits@10:45.08	Best:26.1
2024-09-19 15:39:02,100 INFO    : Snapshot:1	0	3	Epoch:4	Loss:5.331	MRR:26.42	Hits@10:45.81	Best:26.42
2024-09-19 15:39:04,824 INFO    : Snapshot:1	0	3	Epoch:5	Loss:5.167	MRR:26.6	Hits@10:45.71	Best:26.6
2024-09-19 15:39:07,452 INFO    : Snapshot:1	1	3	Epoch:6	Loss:5.101	MRR:26.43	Hits@10:46.3	Best:26.6
2024-09-19 15:39:10,114 INFO    : Snapshot:1	2	3	Epoch:7	Loss:5.0	MRR:26.47	Hits@10:46.35	Best:26.6
2024-09-19 15:39:12,809 INFO    : Snapshot:1	0	3	Epoch:8	Loss:4.969	MRR:26.65	Hits@10:46.35	Best:26.65
2024-09-19 15:39:15,447 INFO    : Snapshot:1	1	3	Epoch:9	Loss:4.93	MRR:26.36	Hits@10:46.3	Best:26.65
2024-09-19 15:39:18,160 INFO    : Snapshot:1	2	3	Epoch:10	Loss:4.87	MRR:26.49	Hits@10:46.61	Best:26.65
2024-09-19 15:39:20,898 INFO    : Snapshot:1	0	3	Epoch:11	Loss:4.798	MRR:26.74	Hits@10:46.75	Best:26.74
2024-09-19 15:39:23,545 INFO    : Snapshot:1	0	3	Epoch:12	Loss:4.774	MRR:26.93	Hits@10:46.91	Best:26.93
2024-09-19 15:39:26,142 INFO    : Snapshot:1	0	3	Epoch:13	Loss:4.753	MRR:27.12	Hits@10:46.97	Best:27.12
2024-09-19 15:39:28,726 INFO    : Snapshot:1	0	3	Epoch:14	Loss:4.728	MRR:27.18	Hits@10:46.95	Best:27.18
2024-09-19 15:39:31,311 INFO    : Snapshot:1	1	3	Epoch:15	Loss:4.701	MRR:27.14	Hits@10:47.23	Best:27.18
2024-09-19 15:39:34,068 INFO    : Snapshot:1	2	3	Epoch:16	Loss:4.663	MRR:26.87	Hits@10:46.74	Best:27.18
2024-09-19 15:39:36,831 INFO    : Snapshot:1	0	3	Epoch:17	Loss:4.632	MRR:27.69	Hits@10:47.04	Best:27.69
2024-09-19 15:39:39,408 INFO    : Snapshot:1	1	3	Epoch:18	Loss:4.651	MRR:27.26	Hits@10:47.14	Best:27.69
2024-09-19 15:39:42,008 INFO    : Snapshot:1	2	3	Epoch:19	Loss:4.664	MRR:27.28	Hits@10:46.81	Best:27.69
2024-09-19 15:39:44,625 INFO    : Early Stopping! Snapshot:1 Epoch: 20 Best Results: 27.69
2024-09-19 15:39:44,717 INFO    : => loading checkpoint './checkpoint/HYBRID\1model_best.tar'
2024-09-19 15:39:49,753 INFO    : 
+------------+--------+--------+--------+--------+---------+
| Snapshot:1 |  MRR   | Hits@1 | Hits@3 | Hits@5 | Hits@10 |
+------------+--------+--------+--------+--------+---------+
|     0      | 0.2508 | 0.1496 | 0.3037 | 0.3616 |  0.4344 |
|     1      | 0.2722 | 0.175  | 0.3109 | 0.378  |  0.4574 |
+------------+--------+--------+--------+--------+---------+
2024-09-19 15:40:14,003 INFO    : Snapshot:2	0	3	Epoch:0	Loss:44.37	MRR:14.84	Hits@10:27.92	Best:14.84
2024-09-19 15:40:28,023 INFO    : Snapshot:2	0	3	Epoch:1	Loss:32.157	MRR:15.95	Hits@10:29.5	Best:15.95
2024-09-19 15:40:41,994 INFO    : Snapshot:2	0	3	Epoch:2	Loss:30.277	MRR:16.43	Hits@10:30.12	Best:16.43
2024-09-19 15:40:55,986 INFO    : Snapshot:2	0	3	Epoch:3	Loss:29.237	MRR:16.94	Hits@10:30.91	Best:16.94
2024-09-19 15:41:09,826 INFO    : Snapshot:2	0	3	Epoch:4	Loss:28.434	MRR:17.49	Hits@10:31.53	Best:17.49
2024-09-19 15:41:23,809 INFO    : Snapshot:2	0	3	Epoch:5	Loss:28.041	MRR:17.69	Hits@10:31.7	Best:17.69
2024-09-19 15:41:37,685 INFO    : Snapshot:2	0	3	Epoch:6	Loss:27.732	MRR:17.85	Hits@10:31.88	Best:17.85
2024-09-19 15:41:51,542 INFO    : Snapshot:2	0	3	Epoch:7	Loss:27.385	MRR:18.0	Hits@10:32.11	Best:18.0
2024-09-19 15:42:05,878 INFO    : Snapshot:2	1	3	Epoch:8	Loss:27.231	MRR:17.87	Hits@10:32.3	Best:18.0
2024-09-19 15:42:20,094 INFO    : Snapshot:2	0	3	Epoch:9	Loss:27.005	MRR:18.12	Hits@10:32.44	Best:18.12
2024-09-19 15:42:34,304 INFO    : Snapshot:2	0	3	Epoch:10	Loss:26.904	MRR:18.22	Hits@10:32.51	Best:18.22
2024-09-19 15:42:48,433 INFO    : Snapshot:2	0	3	Epoch:11	Loss:26.789	MRR:18.32	Hits@10:32.78	Best:18.32
2024-09-19 15:43:02,688 INFO    : Snapshot:2	1	3	Epoch:12	Loss:26.596	MRR:18.32	Hits@10:32.81	Best:18.32
2024-09-19 15:43:16,568 INFO    : Snapshot:2	0	3	Epoch:13	Loss:26.609	MRR:18.55	Hits@10:32.86	Best:18.55
2024-09-19 15:43:30,538 INFO    : Snapshot:2	1	3	Epoch:14	Loss:26.422	MRR:18.4	Hits@10:32.71	Best:18.55
2024-09-19 15:43:44,498 INFO    : Snapshot:2	2	3	Epoch:15	Loss:26.301	MRR:18.43	Hits@10:32.78	Best:18.55
2024-09-19 15:43:58,441 INFO    : Early Stopping! Snapshot:2 Epoch: 16 Best Results: 18.55
2024-09-19 15:43:58,548 INFO    : => loading checkpoint './checkpoint/HYBRID\2model_best.tar'
2024-09-19 15:44:11,089 INFO    : 
+------------+--------+--------+--------+--------+---------+
| Snapshot:2 |  MRR   | Hits@1 | Hits@3 | Hits@5 | Hits@10 |
+------------+--------+--------+--------+--------+---------+
|     0      | 0.2508 | 0.1496 | 0.3037 | 0.3616 |  0.4344 |
|     1      | 0.2722 | 0.175  | 0.3109 | 0.378  |  0.4574 |
|     2      | 0.1854 | 0.1119 | 0.2097 | 0.2594 |  0.3278 |
+------------+--------+--------+--------+--------+---------+
2024-09-19 15:44:42,197 INFO    : Snapshot:3	0	3	Epoch:0	Loss:51.082	MRR:14.95	Hits@10:28.26	Best:14.95
2024-09-19 15:44:59,961 INFO    : Snapshot:3	0	3	Epoch:1	Loss:41.348	MRR:15.86	Hits@10:29.27	Best:15.86
2024-09-19 15:45:17,592 INFO    : Snapshot:3	0	3	Epoch:2	Loss:40.024	MRR:16.19	Hits@10:30.3	Best:16.19
2024-09-19 15:45:35,241 INFO    : Snapshot:3	0	3	Epoch:3	Loss:39.39	MRR:16.48	Hits@10:30.45	Best:16.48
2024-09-19 15:45:52,930 INFO    : Snapshot:3	0	3	Epoch:4	Loss:38.955	MRR:16.75	Hits@10:31.18	Best:16.75
2024-09-19 15:46:10,581 INFO    : Snapshot:3	0	3	Epoch:5	Loss:38.578	MRR:16.95	Hits@10:31.21	Best:16.95
2024-09-19 15:46:28,359 INFO    : Snapshot:3	0	3	Epoch:6	Loss:38.278	MRR:17.03	Hits@10:31.31	Best:17.03
2024-09-19 15:46:46,149 INFO    : Snapshot:3	0	3	Epoch:7	Loss:38.17	MRR:17.08	Hits@10:31.47	Best:17.08
2024-09-19 15:47:03,902 INFO    : Snapshot:3	0	3	Epoch:8	Loss:38.022	MRR:17.13	Hits@10:31.45	Best:17.13
2024-09-19 15:47:21,535 INFO    : Snapshot:3	0	3	Epoch:9	Loss:37.863	MRR:17.36	Hits@10:31.62	Best:17.36
2024-09-19 15:47:39,238 INFO    : Snapshot:3	1	3	Epoch:10	Loss:37.706	MRR:17.17	Hits@10:31.58	Best:17.36
2024-09-19 15:47:56,961 INFO    : Snapshot:3	2	3	Epoch:11	Loss:37.633	MRR:17.27	Hits@10:31.67	Best:17.36
2024-09-19 15:48:14,933 INFO    : Snapshot:3	0	3	Epoch:12	Loss:37.613	MRR:17.49	Hits@10:31.91	Best:17.49
2024-09-19 15:48:32,805 INFO    : Snapshot:3	1	3	Epoch:13	Loss:37.386	MRR:17.43	Hits@10:31.89	Best:17.49
2024-09-19 15:48:50,798 INFO    : Snapshot:3	2	3	Epoch:14	Loss:37.463	MRR:17.25	Hits@10:31.85	Best:17.49
2024-09-19 15:49:08,502 INFO    : Early Stopping! Snapshot:3 Epoch: 15 Best Results: 17.49
2024-09-19 15:49:08,592 INFO    : => loading checkpoint './checkpoint/HYBRID\3model_best.tar'
2024-09-19 15:49:31,608 INFO    : 
+------------+--------+--------+--------+--------+---------+
| Snapshot:3 |  MRR   | Hits@1 | Hits@3 | Hits@5 | Hits@10 |
+------------+--------+--------+--------+--------+---------+
|     0      | 0.2508 | 0.1496 | 0.3037 | 0.3616 |  0.4344 |
|     1      | 0.2722 | 0.175  | 0.3109 | 0.378  |  0.4574 |
|     2      | 0.1854 | 0.1119 | 0.2097 | 0.2594 |  0.3278 |
|     3      | 0.174  | 0.0966 | 0.205  | 0.2574 |  0.3221 |
+------------+--------+--------+--------+--------+---------+
2024-09-19 15:49:45,811 INFO    : Snapshot:4	0	3	Epoch:0	Loss:24.896	MRR:15.1	Hits@10:24.62	Best:15.1
2024-09-19 15:49:52,668 INFO    : Snapshot:4	1	3	Epoch:1	Loss:22.583	MRR:15.08	Hits@10:24.59	Best:15.1
2024-09-19 15:49:59,474 INFO    : Snapshot:4	2	3	Epoch:2	Loss:22.352	MRR:14.9	Hits@10:24.68	Best:15.1
2024-09-19 15:50:06,224 INFO    : Snapshot:4	0	3	Epoch:3	Loss:22.183	MRR:15.29	Hits@10:24.7	Best:15.29
2024-09-19 15:50:13,044 INFO    : Snapshot:4	0	3	Epoch:4	Loss:22.153	MRR:15.44	Hits@10:25.0	Best:15.44
2024-09-19 15:50:19,860 INFO    : Snapshot:4	1	3	Epoch:5	Loss:22.151	MRR:15.32	Hits@10:25.06	Best:15.44
2024-09-19 15:50:26,692 INFO    : Snapshot:4	2	3	Epoch:6	Loss:22.066	MRR:15.28	Hits@10:24.84	Best:15.44
2024-09-19 15:50:33,492 INFO    : Early Stopping! Snapshot:4 Epoch: 7 Best Results: 15.44
2024-09-19 15:50:33,584 INFO    : => loading checkpoint './checkpoint/HYBRID\4model_best.tar'
2024-09-19 15:51:01,747 INFO    : 
+------------+--------+--------+--------+--------+---------+
| Snapshot:4 |  MRR   | Hits@1 | Hits@3 | Hits@5 | Hits@10 |
+------------+--------+--------+--------+--------+---------+
|     0      | 0.2508 | 0.1496 | 0.3037 | 0.3616 |  0.4344 |
|     1      | 0.2722 | 0.175  | 0.3109 | 0.378  |  0.4574 |
|     2      | 0.1854 | 0.1119 | 0.2097 | 0.2594 |  0.3278 |
|     3      | 0.174  | 0.0966 | 0.205  | 0.2574 |  0.3221 |
|     4      | 0.1567 | 0.1092 | 0.1666 | 0.2013 |  0.2484 |
+------------+--------+--------+--------+--------+---------+
2024-09-19 15:51:01,748 INFO    : Final Result:
[+------------+--------+--------+--------+--------+---------+
| Snapshot:0 |  MRR   | Hits@1 | Hits@3 | Hits@5 | Hits@10 |
+------------+--------+--------+--------+--------+---------+
|     0      | 0.2508 | 0.1496 | 0.3037 | 0.3616 |  0.4344 |
+------------+--------+--------+--------+--------+---------+, +------------+--------+--------+--------+--------+---------+
| Snapshot:1 |  MRR   | Hits@1 | Hits@3 | Hits@5 | Hits@10 |
+------------+--------+--------+--------+--------+---------+
|     0      | 0.2508 | 0.1496 | 0.3037 | 0.3616 |  0.4344 |
|     1      | 0.2722 | 0.175  | 0.3109 | 0.378  |  0.4574 |
+------------+--------+--------+--------+--------+---------+, +------------+--------+--------+--------+--------+---------+
| Snapshot:2 |  MRR   | Hits@1 | Hits@3 | Hits@5 | Hits@10 |
+------------+--------+--------+--------+--------+---------+
|     0      | 0.2508 | 0.1496 | 0.3037 | 0.3616 |  0.4344 |
|     1      | 0.2722 | 0.175  | 0.3109 | 0.378  |  0.4574 |
|     2      | 0.1854 | 0.1119 | 0.2097 | 0.2594 |  0.3278 |
+------------+--------+--------+--------+--------+---------+, +------------+--------+--------+--------+--------+---------+
| Snapshot:3 |  MRR   | Hits@1 | Hits@3 | Hits@5 | Hits@10 |
+------------+--------+--------+--------+--------+---------+
|     0      | 0.2508 | 0.1496 | 0.3037 | 0.3616 |  0.4344 |
|     1      | 0.2722 | 0.175  | 0.3109 | 0.378  |  0.4574 |
|     2      | 0.1854 | 0.1119 | 0.2097 | 0.2594 |  0.3278 |
|     3      | 0.174  | 0.0966 | 0.205  | 0.2574 |  0.3221 |
+------------+--------+--------+--------+--------+---------+, +------------+--------+--------+--------+--------+---------+
| Snapshot:4 |  MRR   | Hits@1 | Hits@3 | Hits@5 | Hits@10 |
+------------+--------+--------+--------+--------+---------+
|     0      | 0.2508 | 0.1496 | 0.3037 | 0.3616 |  0.4344 |
|     1      | 0.2722 | 0.175  | 0.3109 | 0.378  |  0.4574 |
|     2      | 0.1854 | 0.1119 | 0.2097 | 0.2594 |  0.3278 |
|     3      | 0.174  | 0.0966 | 0.205  | 0.2574 |  0.3221 |
|     4      | 0.1567 | 0.1092 | 0.1666 | 0.2013 |  0.2484 |
+------------+--------+--------+--------+--------+---------+]
2024-09-19 15:51:01,749 INFO    : Report Result:
+----------+--------------------+-----------+--------------+--------------+---------------+
| Snapshot |        Time        | Whole_MRR | Whole_Hits@1 | Whole_Hits@3 | Whole_Hits@10 |
+----------+--------------------+-----------+--------------+--------------+---------------+
|    0     | 47.78459453582764  |   0.251   |     0.15     |    0.304     |     0.434     |
|    1     | 58.26073598861694  |   0.256   |    0.156     |    0.306     |     0.441     |
|    2     | 241.0842945575714  |   0.219   |    0.133     |    0.255     |     0.381     |
|    3     | 287.11619114875793 |   0.202   |    0.119     |    0.236     |     0.358     |
|    4     | 57.30700445175171  |   0.196   |    0.118     |    0.227     |     0.344     |
+----------+--------------------+-----------+--------------+--------------+---------------+
2024-09-19 15:51:01,749 INFO    : Sum_Training_Time:691.5528206825256
2024-09-19 15:51:01,749 INFO    : Every_Training_Time:[47.78459453582764, 58.26073598861694, 241.0842945575714, 287.11619114875793, 57.30700445175171]
2024-09-19 15:51:01,749 INFO    : Forward transfer: 0.036925 Backward transfer: 0.0
