2024-12-10 17:11:53,637 INFO    : Namespace(batch_size=1024, data_path='./data/FB_CKGE/', dataset='FB_CKGE', debug=False, device=device(type='cuda', index=0), emb_dim=200, ent_r='200', epoch_num=200, explore=False, gpu='0', l2=0.0, learning_rate='1e-1', log_path='./logs/FB_CKGE 200 20 1e-1 1024/FB_CKGE 20241210171142', logger=<RootLogger root (INFO)>, margin=8.0, model_name='LoraKGE_Layers', multi_layers_path='train_sorted_by_edges_betweenness.txt', neg_ratio=10, note='', num_ent_layers='20', num_layer=1, num_rel_layers='1', patience=3, predict_result='True', r=100, r_fixed=True, random_seed=3407, record=False, rel_r='20', save_path='./checkpoint/FB_CKGE', skip_previous='False', snapshot_num=5, train_new=True, using_multi_layers=False, using_various_ranks='True', using_various_ranks_reverse=False, valid_metrics='mrr')
2024-12-10 17:12:13,790 INFO    : Snapshot:0	0	3	Epoch:0	Loss:91.268	MRR:22.64	Hits@10:42.62	Best:22.64
2024-12-10 17:12:30,221 INFO    : Snapshot:0	0	3	Epoch:1	Loss:17.198	MRR:24.74	Hits@10:45.16	Best:24.74
2024-12-10 17:12:48,652 INFO    : Snapshot:0	1	3	Epoch:2	Loss:7.016	MRR:23.93	Hits@10:44.13	Best:24.74
2024-12-10 17:13:06,958 INFO    : Snapshot:0	2	3	Epoch:3	Loss:4.7	MRR:23.72	Hits@10:43.5	Best:24.74
2024-12-10 17:13:23,711 INFO    : Early Stopping! Snapshot:0 Epoch: 4 Best Results: 24.74
2024-12-10 17:13:23,816 INFO    : => loading checkpoint './checkpoint/FB_CKGE\0model_best.tar'
2024-12-10 17:13:43,002 INFO    : 
+------------+-------+--------+--------+--------+---------+
| Snapshot:0 |  MRR  | Hits@1 | Hits@3 | Hits@5 | Hits@10 |
+------------+-------+--------+--------+--------+---------+
|     0      | 0.246 | 0.1419 | 0.2865 |  0.36  |  0.452  |
+------------+-------+--------+--------+--------+---------+
2024-12-10 17:13:54,888 INFO    : Snapshot:1	0	3	Epoch:0	Loss:10.151	MRR:11.14	Hits@10:20.24	Best:11.14
2024-12-10 17:13:59,035 INFO    : Snapshot:1	0	3	Epoch:1	Loss:2.85	MRR:12.86	Hits@10:24.43	Best:12.86
2024-12-10 17:14:03,217 INFO    : Snapshot:1	0	3	Epoch:2	Loss:1.967	MRR:13.86	Hits@10:26.27	Best:13.86
2024-12-10 17:14:07,260 INFO    : Snapshot:1	0	3	Epoch:3	Loss:1.588	MRR:14.48	Hits@10:27.43	Best:14.48
2024-12-10 17:14:11,318 INFO    : Snapshot:1	0	3	Epoch:4	Loss:1.393	MRR:14.78	Hits@10:28.26	Best:14.78
2024-12-10 17:14:15,329 INFO    : Snapshot:1	0	3	Epoch:5	Loss:1.213	MRR:15.31	Hits@10:28.59	Best:15.31
2024-12-10 17:14:19,378 INFO    : Snapshot:1	0	3	Epoch:6	Loss:1.125	MRR:15.38	Hits@10:29.47	Best:15.38
2024-12-10 17:14:23,466 INFO    : Snapshot:1	0	3	Epoch:7	Loss:1.029	MRR:15.52	Hits@10:29.51	Best:15.52
2024-12-10 17:14:27,510 INFO    : Snapshot:1	0	3	Epoch:8	Loss:0.994	MRR:15.62	Hits@10:29.65	Best:15.62
2024-12-10 17:14:31,565 INFO    : Snapshot:1	0	3	Epoch:9	Loss:0.907	MRR:15.63	Hits@10:29.8	Best:15.63
2024-12-10 17:14:35,573 INFO    : Snapshot:1	0	3	Epoch:10	Loss:0.889	MRR:15.87	Hits@10:29.73	Best:15.87
2024-12-10 17:14:39,770 INFO    : Snapshot:1	0	3	Epoch:11	Loss:0.846	MRR:15.92	Hits@10:30.01	Best:15.92
2024-12-10 17:14:43,902 INFO    : Snapshot:1	0	3	Epoch:12	Loss:0.824	MRR:15.94	Hits@10:30.21	Best:15.94
2024-12-10 17:14:48,043 INFO    : Snapshot:1	0	3	Epoch:13	Loss:0.791	MRR:16.13	Hits@10:30.38	Best:16.13
2024-12-10 17:14:52,192 INFO    : Snapshot:1	0	3	Epoch:14	Loss:0.775	MRR:16.29	Hits@10:30.44	Best:16.29
2024-12-10 17:14:56,283 INFO    : Snapshot:1	1	3	Epoch:15	Loss:0.749	MRR:16.15	Hits@10:30.41	Best:16.29
2024-12-10 17:15:00,365 INFO    : Snapshot:1	2	3	Epoch:16	Loss:0.732	MRR:16.12	Hits@10:30.08	Best:16.29
2024-12-10 17:15:04,301 INFO    : Early Stopping! Snapshot:1 Epoch: 17 Best Results: 16.29
2024-12-10 17:15:04,408 INFO    : => loading checkpoint './checkpoint/FB_CKGE\1model_best.tar'
2024-12-10 17:15:28,021 INFO    : 
+------------+--------+--------+--------+--------+---------+
| Snapshot:1 |  MRR   | Hits@1 | Hits@3 | Hits@5 | Hits@10 |
+------------+--------+--------+--------+--------+---------+
|     0      | 0.246  | 0.1419 | 0.2865 |  0.36  |  0.452  |
|     1      | 0.1701 | 0.0995 | 0.1873 | 0.2366 |  0.3089 |
+------------+--------+--------+--------+--------+---------+
2024-12-10 17:15:40,311 INFO    : Snapshot:2	0	3	Epoch:0	Loss:7.147	MRR:16.69	Hits@10:29.71	Best:16.69
2024-12-10 17:15:45,016 INFO    : Snapshot:2	0	3	Epoch:1	Loss:3.052	MRR:16.82	Hits@10:30.06	Best:16.82
2024-12-10 17:15:49,866 INFO    : Snapshot:2	0	3	Epoch:2	Loss:2.565	MRR:16.95	Hits@10:30.42	Best:16.95
2024-12-10 17:15:54,498 INFO    : Snapshot:2	0	3	Epoch:3	Loss:2.354	MRR:17.07	Hits@10:30.62	Best:17.07
2024-12-10 17:15:58,983 INFO    : Snapshot:2	0	3	Epoch:4	Loss:2.246	MRR:17.14	Hits@10:30.51	Best:17.14
2024-12-10 17:16:03,494 INFO    : Snapshot:2	0	3	Epoch:5	Loss:2.158	MRR:17.21	Hits@10:30.56	Best:17.21
2024-12-10 17:16:08,297 INFO    : Snapshot:2	0	3	Epoch:6	Loss:2.091	MRR:17.3	Hits@10:30.73	Best:17.3
2024-12-10 17:16:13,174 INFO    : Snapshot:2	1	3	Epoch:7	Loss:2.047	MRR:17.25	Hits@10:30.66	Best:17.3
2024-12-10 17:16:17,963 INFO    : Snapshot:2	2	3	Epoch:8	Loss:2.007	MRR:17.27	Hits@10:30.84	Best:17.3
2024-12-10 17:16:22,756 INFO    : Snapshot:2	0	3	Epoch:9	Loss:1.989	MRR:17.33	Hits@10:30.87	Best:17.33
2024-12-10 17:16:27,490 INFO    : Snapshot:2	1	3	Epoch:10	Loss:1.953	MRR:17.32	Hits@10:30.81	Best:17.33
2024-12-10 17:16:32,169 INFO    : Snapshot:2	2	3	Epoch:11	Loss:1.938	MRR:17.31	Hits@10:30.9	Best:17.33
2024-12-10 17:16:36,724 INFO    : Early Stopping! Snapshot:2 Epoch: 12 Best Results: 17.33
2024-12-10 17:16:36,829 INFO    : => loading checkpoint './checkpoint/FB_CKGE\2model_best.tar'
2024-12-10 17:17:06,967 INFO    : 
+------------+--------+--------+--------+--------+---------+
| Snapshot:2 |  MRR   | Hits@1 | Hits@3 | Hits@5 | Hits@10 |
+------------+--------+--------+--------+--------+---------+
|     0      | 0.246  | 0.1419 | 0.2865 |  0.36  |  0.452  |
|     1      | 0.1701 | 0.0995 | 0.1873 | 0.2366 |  0.3089 |
|     2      | 0.1766 | 0.1082 | 0.1938 | 0.2421 |  0.3107 |
+------------+--------+--------+--------+--------+---------+
2024-12-10 17:17:20,279 INFO    : Snapshot:3	0	3	Epoch:0	Loss:5.045	MRR:18.33	Hits@10:31.76	Best:18.33
2024-12-10 17:17:25,028 INFO    : Snapshot:3	0	3	Epoch:1	Loss:3.166	MRR:18.35	Hits@10:31.76	Best:18.35
2024-12-10 17:17:29,787 INFO    : Snapshot:3	0	3	Epoch:2	Loss:2.904	MRR:18.39	Hits@10:32.0	Best:18.39
2024-12-10 17:17:34,541 INFO    : Snapshot:3	0	3	Epoch:3	Loss:2.831	MRR:18.4	Hits@10:32.16	Best:18.4
2024-12-10 17:17:39,344 INFO    : Snapshot:3	0	3	Epoch:4	Loss:2.776	MRR:18.42	Hits@10:32.15	Best:18.42
2024-12-10 17:17:44,159 INFO    : Snapshot:3	0	3	Epoch:5	Loss:2.735	MRR:18.47	Hits@10:32.02	Best:18.47
2024-12-10 17:17:48,968 INFO    : Snapshot:3	0	3	Epoch:6	Loss:2.707	MRR:18.48	Hits@10:32.03	Best:18.48
2024-12-10 17:17:53,794 INFO    : Snapshot:3	1	3	Epoch:7	Loss:2.697	MRR:18.48	Hits@10:32.09	Best:18.48
2024-12-10 17:17:58,622 INFO    : Snapshot:3	2	3	Epoch:8	Loss:2.713	MRR:18.48	Hits@10:32.13	Best:18.48
2024-12-10 17:18:03,383 INFO    : Early Stopping! Snapshot:3 Epoch: 9 Best Results: 18.48
2024-12-10 17:18:03,501 INFO    : => loading checkpoint './checkpoint/FB_CKGE\3model_best.tar'
2024-12-10 17:18:35,365 INFO    : 
+------------+--------+--------+--------+--------+---------+
| Snapshot:3 |  MRR   | Hits@1 | Hits@3 | Hits@5 | Hits@10 |
+------------+--------+--------+--------+--------+---------+
|     0      | 0.246  | 0.1419 | 0.2865 |  0.36  |  0.452  |
|     1      | 0.1701 | 0.0995 | 0.1873 | 0.2366 |  0.3089 |
|     2      | 0.1766 | 0.1082 | 0.1938 | 0.2421 |  0.3107 |
|     3      | 0.184  | 0.1146 | 0.2041 | 0.2524 |  0.3186 |
+------------+--------+--------+--------+--------+---------+
2024-12-10 17:18:48,800 INFO    : Snapshot:4	0	3	Epoch:0	Loss:3.893	MRR:19.33	Hits@10:32.07	Best:19.33
2024-12-10 17:18:53,657 INFO    : Snapshot:4	0	3	Epoch:1	Loss:3.286	MRR:19.34	Hits@10:32.09	Best:19.34
2024-12-10 17:18:58,650 INFO    : Snapshot:4	0	3	Epoch:2	Loss:3.181	MRR:19.35	Hits@10:32.12	Best:19.35
2024-12-10 17:19:03,646 INFO    : Snapshot:4	1	3	Epoch:3	Loss:3.155	MRR:19.35	Hits@10:32.13	Best:19.35
2024-12-10 17:19:08,912 INFO    : Snapshot:4	2	3	Epoch:4	Loss:3.127	MRR:19.33	Hits@10:32.13	Best:19.35
2024-12-10 17:19:13,805 INFO    : Early Stopping! Snapshot:4 Epoch: 5 Best Results: 19.35
2024-12-10 17:19:13,916 INFO    : => loading checkpoint './checkpoint/FB_CKGE\4model_best.tar'
2024-12-10 17:19:50,011 INFO    : 
+------------+--------+--------+--------+--------+---------+
| Snapshot:4 |  MRR   | Hits@1 | Hits@3 | Hits@5 | Hits@10 |
+------------+--------+--------+--------+--------+---------+
|     0      | 0.246  | 0.1419 | 0.2865 |  0.36  |  0.452  |
|     1      | 0.1701 | 0.0995 | 0.1873 | 0.2366 |  0.3089 |
|     2      | 0.1766 | 0.1082 | 0.1938 | 0.2421 |  0.3107 |
|     3      | 0.184  | 0.1146 | 0.2041 | 0.2524 |  0.3186 |
|     4      | 0.211  | 0.132  | 0.2396 | 0.2933 |  0.3664 |
+------------+--------+--------+--------+--------+---------+
2024-12-10 17:19:50,012 INFO    : Final Result:
[+------------+-------+--------+--------+--------+---------+
| Snapshot:0 |  MRR  | Hits@1 | Hits@3 | Hits@5 | Hits@10 |
+------------+-------+--------+--------+--------+---------+
|     0      | 0.246 | 0.1419 | 0.2865 |  0.36  |  0.452  |
+------------+-------+--------+--------+--------+---------+, +------------+--------+--------+--------+--------+---------+
| Snapshot:1 |  MRR   | Hits@1 | Hits@3 | Hits@5 | Hits@10 |
+------------+--------+--------+--------+--------+---------+
|     0      | 0.246  | 0.1419 | 0.2865 |  0.36  |  0.452  |
|     1      | 0.1701 | 0.0995 | 0.1873 | 0.2366 |  0.3089 |
+------------+--------+--------+--------+--------+---------+, +------------+--------+--------+--------+--------+---------+
| Snapshot:2 |  MRR   | Hits@1 | Hits@3 | Hits@5 | Hits@10 |
+------------+--------+--------+--------+--------+---------+
|     0      | 0.246  | 0.1419 | 0.2865 |  0.36  |  0.452  |
|     1      | 0.1701 | 0.0995 | 0.1873 | 0.2366 |  0.3089 |
|     2      | 0.1766 | 0.1082 | 0.1938 | 0.2421 |  0.3107 |
+------------+--------+--------+--------+--------+---------+, +------------+--------+--------+--------+--------+---------+
| Snapshot:3 |  MRR   | Hits@1 | Hits@3 | Hits@5 | Hits@10 |
+------------+--------+--------+--------+--------+---------+
|     0      | 0.246  | 0.1419 | 0.2865 |  0.36  |  0.452  |
|     1      | 0.1701 | 0.0995 | 0.1873 | 0.2366 |  0.3089 |
|     2      | 0.1766 | 0.1082 | 0.1938 | 0.2421 |  0.3107 |
|     3      | 0.184  | 0.1146 | 0.2041 | 0.2524 |  0.3186 |
+------------+--------+--------+--------+--------+---------+, +------------+--------+--------+--------+--------+---------+
| Snapshot:4 |  MRR   | Hits@1 | Hits@3 | Hits@5 | Hits@10 |
+------------+--------+--------+--------+--------+---------+
|     0      | 0.246  | 0.1419 | 0.2865 |  0.36  |  0.452  |
|     1      | 0.1701 | 0.0995 | 0.1873 | 0.2366 |  0.3089 |
|     2      | 0.1766 | 0.1082 | 0.1938 | 0.2421 |  0.3107 |
|     3      | 0.184  | 0.1146 | 0.2041 | 0.2524 |  0.3186 |
|     4      | 0.211  | 0.132  | 0.2396 | 0.2933 |  0.3664 |
+------------+--------+--------+--------+--------+---------+]
2024-12-10 17:19:50,014 INFO    : Report Result:
+----------+--------------------+-----------+--------------+--------------+---------------+
| Snapshot |        Time        | Whole_MRR | Whole_Hits@1 | Whole_Hits@3 | Whole_Hits@10 |
+----------+--------------------+-----------+--------------+--------------+---------------+
|    0     | 90.07286787033081  |   0.246   |    0.142     |    0.286     |     0.452     |
|    1     | 76.76658225059509  |   0.235   |    0.136     |    0.272     |     0.432     |
|    2     | 64.19241166114807  |   0.228   |    0.132     |    0.263     |     0.416     |
|    3     | 51.24850082397461  |   0.223   |     0.13     |    0.256     |     0.406     |
|    4     | 33.059170722961426 |   0.222   |    0.131     |    0.254     |     0.402     |
+----------+--------------------+-----------+--------------+--------------+---------------+
2024-12-10 17:19:50,014 INFO    : Sum_Training_Time:315.33953332901
2024-12-10 17:19:50,014 INFO    : Every_Training_Time:[90.07286787033081, 76.76658225059509, 64.19241166114807, 51.24850082397461, 33.059170722961426]
2024-12-10 17:19:50,014 INFO    : Forward transfer: 0.146125 Backward transfer: 0.0
