2025-01-02 17:27:02,618 INFO    : Namespace(batch_size=1024, data_path='./data/FB_CKGE/', dataset='FB_CKGE', debug=False, device=device(type='cuda', index=0), emb_dim=200, ent_r='200', epoch_num=200, explore=False, gpu='0', l2=0.0, learning_rate='1e-1', log_path='./logs/FB_CKGE 200 20 1e-1 1024/FB_CKGE 20250102172651', logger=<RootLogger root (INFO)>, margin=8.0, model_name='LoraKGE_Layers', multi_layers_path='train_sorted_by_edges_betweenness.txt', neg_ratio=10, note='', num_ent_layers='20', num_layer=1, num_rel_layers='20', patience='10', predict_result=False, r=100, r_fixed=True, random_seed=3407, record=False, rel_r='200', save_path='./checkpoint/FB_CKGE', skip_previous='False', snapshot_num=5, train_new=True, using_multi_layers=False, using_various_ranks='True', using_various_ranks_reverse=False, valid_metrics='mrr')
2025-01-02 17:27:23,338 INFO    : Snapshot:0	0	10	Epoch:0	Loss:91.268	MRR:22.64	Hits@10:42.62	Best:22.64
2025-01-02 17:27:41,469 INFO    : Snapshot:0	0	10	Epoch:1	Loss:17.198	MRR:24.74	Hits@10:45.16	Best:24.74
2025-01-02 17:27:58,674 INFO    : Snapshot:0	1	10	Epoch:2	Loss:7.016	MRR:23.93	Hits@10:44.13	Best:24.74
2025-01-02 17:28:16,190 INFO    : Snapshot:0	2	10	Epoch:3	Loss:4.7	MRR:23.72	Hits@10:43.5	Best:24.74
2025-01-02 17:28:33,082 INFO    : Snapshot:0	3	10	Epoch:4	Loss:3.835	MRR:23.61	Hits@10:43.1	Best:24.74
2025-01-02 17:28:50,035 INFO    : Snapshot:0	4	10	Epoch:5	Loss:3.293	MRR:23.08	Hits@10:42.54	Best:24.74
2025-01-02 17:29:07,194 INFO    : Snapshot:0	5	10	Epoch:6	Loss:2.968	MRR:22.66	Hits@10:42.29	Best:24.74
2025-01-02 17:29:24,753 INFO    : Snapshot:0	6	10	Epoch:7	Loss:2.797	MRR:22.93	Hits@10:42.2	Best:24.74
2025-01-02 17:29:41,841 INFO    : Snapshot:0	7	10	Epoch:8	Loss:2.584	MRR:22.75	Hits@10:42.33	Best:24.74
2025-01-02 17:29:58,778 INFO    : Snapshot:0	8	10	Epoch:9	Loss:2.479	MRR:22.66	Hits@10:41.78	Best:24.74
2025-01-02 17:30:16,324 INFO    : Snapshot:0	9	10	Epoch:10	Loss:2.358	MRR:22.52	Hits@10:41.64	Best:24.74
2025-01-02 17:30:33,409 INFO    : Early Stopping! Snapshot:0 Epoch: 11 Best Results: 24.74
2025-01-02 17:30:33,534 INFO    : => loading checkpoint './checkpoint/FB_CKGE\0model_best.tar'
2025-01-02 17:30:42,305 INFO    : 
+------------+-------+--------+--------+--------+---------+
| Snapshot:0 |  MRR  | Hits@1 | Hits@3 | Hits@5 | Hits@10 |
+------------+-------+--------+--------+--------+---------+
|     0      | 0.246 | 0.1419 | 0.2865 |  0.36  |  0.452  |
+------------+-------+--------+--------+--------+---------+
2025-01-02 17:30:52,358 INFO    : Snapshot:1	0	10	Epoch:0	Loss:9.928	MRR:11.27	Hits@10:20.45	Best:11.27
2025-01-02 17:30:56,540 INFO    : Snapshot:1	0	10	Epoch:1	Loss:2.74	MRR:13.21	Hits@10:24.72	Best:13.21
2025-01-02 17:31:00,630 INFO    : Snapshot:1	0	10	Epoch:2	Loss:1.841	MRR:14.04	Hits@10:26.83	Best:14.04
2025-01-02 17:31:04,711 INFO    : Snapshot:1	0	10	Epoch:3	Loss:1.499	MRR:14.73	Hits@10:28.22	Best:14.73
2025-01-02 17:31:08,821 INFO    : Snapshot:1	0	10	Epoch:4	Loss:1.28	MRR:15.12	Hits@10:28.4	Best:15.12
2025-01-02 17:31:12,871 INFO    : Snapshot:1	0	10	Epoch:5	Loss:1.107	MRR:15.37	Hits@10:28.82	Best:15.37
2025-01-02 17:31:17,018 INFO    : Snapshot:1	0	10	Epoch:6	Loss:1.051	MRR:15.54	Hits@10:29.44	Best:15.54
2025-01-02 17:31:21,103 INFO    : Snapshot:1	0	10	Epoch:7	Loss:0.963	MRR:15.83	Hits@10:29.93	Best:15.83
2025-01-02 17:31:25,277 INFO    : Snapshot:1	0	10	Epoch:8	Loss:0.904	MRR:16.02	Hits@10:30.22	Best:16.02
2025-01-02 17:31:29,405 INFO    : Snapshot:1	0	10	Epoch:9	Loss:0.858	MRR:16.03	Hits@10:30.67	Best:16.03
2025-01-02 17:31:33,582 INFO    : Snapshot:1	0	10	Epoch:10	Loss:0.844	MRR:16.11	Hits@10:30.59	Best:16.11
2025-01-02 17:31:37,777 INFO    : Snapshot:1	0	10	Epoch:11	Loss:0.763	MRR:16.25	Hits@10:30.36	Best:16.25
2025-01-02 17:31:41,941 INFO    : Snapshot:1	0	10	Epoch:12	Loss:0.744	MRR:16.3	Hits@10:30.9	Best:16.3
2025-01-02 17:31:46,094 INFO    : Snapshot:1	0	10	Epoch:13	Loss:0.731	MRR:16.4	Hits@10:30.91	Best:16.4
2025-01-02 17:31:50,226 INFO    : Snapshot:1	1	10	Epoch:14	Loss:0.704	MRR:16.3	Hits@10:30.55	Best:16.4
2025-01-02 17:31:54,397 INFO    : Snapshot:1	0	10	Epoch:15	Loss:0.697	MRR:16.65	Hits@10:31.12	Best:16.65
2025-01-02 17:31:58,933 INFO    : Snapshot:1	0	10	Epoch:16	Loss:0.688	MRR:16.75	Hits@10:31.68	Best:16.75
2025-01-02 17:32:03,098 INFO    : Snapshot:1	1	10	Epoch:17	Loss:0.646	MRR:16.72	Hits@10:31.39	Best:16.75
2025-01-02 17:32:07,205 INFO    : Snapshot:1	2	10	Epoch:18	Loss:0.635	MRR:16.61	Hits@10:31.3	Best:16.75
2025-01-02 17:32:11,350 INFO    : Snapshot:1	3	10	Epoch:19	Loss:0.621	MRR:16.65	Hits@10:31.31	Best:16.75
2025-01-02 17:32:15,489 INFO    : Snapshot:1	4	10	Epoch:20	Loss:0.628	MRR:16.69	Hits@10:31.27	Best:16.75
2025-01-02 17:32:19,681 INFO    : Snapshot:1	5	10	Epoch:21	Loss:0.606	MRR:16.57	Hits@10:30.98	Best:16.75
2025-01-02 17:32:23,914 INFO    : Snapshot:1	6	10	Epoch:22	Loss:0.592	MRR:16.68	Hits@10:31.43	Best:16.75
2025-01-02 17:32:28,175 INFO    : Snapshot:1	7	10	Epoch:23	Loss:0.584	MRR:16.62	Hits@10:31.61	Best:16.75
2025-01-02 17:32:32,308 INFO    : Snapshot:1	8	10	Epoch:24	Loss:0.58	MRR:16.67	Hits@10:31.79	Best:16.75
2025-01-02 17:32:36,355 INFO    : Snapshot:1	9	10	Epoch:25	Loss:0.566	MRR:16.73	Hits@10:31.71	Best:16.75
2025-01-02 17:32:40,428 INFO    : Early Stopping! Snapshot:1 Epoch: 26 Best Results: 16.75
2025-01-02 17:32:40,545 INFO    : => loading checkpoint './checkpoint/FB_CKGE\1model_best.tar'
2025-01-02 17:32:53,013 INFO    : 
+------------+--------+--------+--------+--------+---------+
| Snapshot:1 |  MRR   | Hits@1 | Hits@3 | Hits@5 | Hits@10 |
+------------+--------+--------+--------+--------+---------+
|     0      | 0.246  | 0.1419 | 0.2865 |  0.36  |  0.452  |
|     1      | 0.1755 | 0.1027 | 0.193  | 0.2463 |  0.3208 |
+------------+--------+--------+--------+--------+---------+
2025-01-02 17:33:03,775 INFO    : Snapshot:2	0	10	Epoch:0	Loss:7.088	MRR:17.09	Hits@10:30.05	Best:17.09
2025-01-02 17:33:08,313 INFO    : Snapshot:2	0	10	Epoch:1	Loss:2.966	MRR:17.32	Hits@10:30.56	Best:17.32
2025-01-02 17:33:12,762 INFO    : Snapshot:2	0	10	Epoch:2	Loss:2.509	MRR:17.44	Hits@10:30.68	Best:17.44
2025-01-02 17:33:17,273 INFO    : Snapshot:2	0	10	Epoch:3	Loss:2.293	MRR:17.55	Hits@10:30.8	Best:17.55
2025-01-02 17:33:21,754 INFO    : Snapshot:2	1	10	Epoch:4	Loss:2.188	MRR:17.48	Hits@10:30.92	Best:17.55
2025-01-02 17:33:26,350 INFO    : Snapshot:2	0	10	Epoch:5	Loss:2.102	MRR:17.59	Hits@10:30.99	Best:17.59
2025-01-02 17:33:31,185 INFO    : Snapshot:2	0	10	Epoch:6	Loss:2.059	MRR:17.71	Hits@10:31.35	Best:17.71
2025-01-02 17:33:35,758 INFO    : Snapshot:2	0	10	Epoch:7	Loss:2.022	MRR:17.74	Hits@10:31.34	Best:17.74
2025-01-02 17:33:40,322 INFO    : Snapshot:2	0	10	Epoch:8	Loss:1.967	MRR:17.76	Hits@10:31.31	Best:17.76
2025-01-02 17:33:44,863 INFO    : Snapshot:2	0	10	Epoch:9	Loss:1.943	MRR:17.91	Hits@10:31.41	Best:17.91
2025-01-02 17:33:49,455 INFO    : Snapshot:2	1	10	Epoch:10	Loss:1.912	MRR:17.88	Hits@10:31.37	Best:17.91
2025-01-02 17:33:54,066 INFO    : Snapshot:2	2	10	Epoch:11	Loss:1.901	MRR:17.86	Hits@10:31.28	Best:17.91
2025-01-02 17:33:58,773 INFO    : Snapshot:2	0	10	Epoch:12	Loss:1.877	MRR:17.93	Hits@10:31.5	Best:17.93
2025-01-02 17:34:03,454 INFO    : Snapshot:2	1	10	Epoch:13	Loss:1.866	MRR:17.84	Hits@10:31.37	Best:17.93
2025-01-02 17:34:08,101 INFO    : Snapshot:2	2	10	Epoch:14	Loss:1.866	MRR:17.85	Hits@10:31.33	Best:17.93
2025-01-02 17:34:12,659 INFO    : Snapshot:2	3	10	Epoch:15	Loss:1.855	MRR:17.87	Hits@10:31.39	Best:17.93
2025-01-02 17:34:17,241 INFO    : Snapshot:2	4	10	Epoch:16	Loss:1.841	MRR:17.93	Hits@10:31.35	Best:17.93
2025-01-02 17:34:21,781 INFO    : Snapshot:2	0	10	Epoch:17	Loss:1.832	MRR:18.0	Hits@10:31.51	Best:18.0
2025-01-02 17:34:26,304 INFO    : Snapshot:2	1	10	Epoch:18	Loss:1.815	MRR:17.95	Hits@10:31.53	Best:18.0
2025-01-02 17:34:30,907 INFO    : Snapshot:2	2	10	Epoch:19	Loss:1.82	MRR:17.96	Hits@10:31.51	Best:18.0
2025-01-02 17:34:35,404 INFO    : Snapshot:2	3	10	Epoch:20	Loss:1.812	MRR:17.94	Hits@10:31.68	Best:18.0
2025-01-02 17:34:39,906 INFO    : Snapshot:2	4	10	Epoch:21	Loss:1.795	MRR:17.92	Hits@10:31.67	Best:18.0
2025-01-02 17:34:44,437 INFO    : Snapshot:2	5	10	Epoch:22	Loss:1.796	MRR:18.0	Hits@10:31.58	Best:18.0
2025-01-02 17:34:48,993 INFO    : Snapshot:2	0	10	Epoch:23	Loss:1.798	MRR:18.02	Hits@10:31.47	Best:18.02
2025-01-02 17:34:53,562 INFO    : Snapshot:2	1	10	Epoch:24	Loss:1.783	MRR:17.97	Hits@10:31.44	Best:18.02
2025-01-02 17:34:58,101 INFO    : Snapshot:2	2	10	Epoch:25	Loss:1.788	MRR:17.92	Hits@10:31.6	Best:18.02
2025-01-02 17:35:02,689 INFO    : Snapshot:2	3	10	Epoch:26	Loss:1.78	MRR:17.93	Hits@10:31.61	Best:18.02
2025-01-02 17:35:07,261 INFO    : Snapshot:2	4	10	Epoch:27	Loss:1.787	MRR:17.95	Hits@10:31.67	Best:18.02
2025-01-02 17:35:11,904 INFO    : Snapshot:2	0	10	Epoch:28	Loss:1.773	MRR:18.04	Hits@10:31.56	Best:18.04
2025-01-02 17:35:16,516 INFO    : Snapshot:2	0	10	Epoch:29	Loss:1.782	MRR:18.05	Hits@10:31.55	Best:18.05
2025-01-02 17:35:21,103 INFO    : Snapshot:2	1	10	Epoch:30	Loss:1.75	MRR:17.94	Hits@10:31.53	Best:18.05
2025-01-02 17:35:25,708 INFO    : Snapshot:2	2	10	Epoch:31	Loss:1.763	MRR:17.98	Hits@10:31.59	Best:18.05
2025-01-02 17:35:30,292 INFO    : Snapshot:2	3	10	Epoch:32	Loss:1.778	MRR:17.97	Hits@10:31.55	Best:18.05
2025-01-02 17:35:35,192 INFO    : Snapshot:2	4	10	Epoch:33	Loss:1.761	MRR:17.93	Hits@10:31.63	Best:18.05
2025-01-02 17:35:39,687 INFO    : Snapshot:2	5	10	Epoch:34	Loss:1.736	MRR:17.98	Hits@10:31.6	Best:18.05
2025-01-02 17:35:44,235 INFO    : Snapshot:2	6	10	Epoch:35	Loss:1.72	MRR:18.01	Hits@10:31.59	Best:18.05
2025-01-02 17:35:48,733 INFO    : Snapshot:2	7	10	Epoch:36	Loss:1.749	MRR:17.88	Hits@10:31.59	Best:18.05
2025-01-02 17:35:53,269 INFO    : Snapshot:2	8	10	Epoch:37	Loss:1.746	MRR:17.99	Hits@10:31.59	Best:18.05
2025-01-02 17:35:57,927 INFO    : Snapshot:2	9	10	Epoch:38	Loss:1.743	MRR:18.02	Hits@10:31.61	Best:18.05
2025-01-02 17:36:02,569 INFO    : Early Stopping! Snapshot:2 Epoch: 39 Best Results: 18.05
2025-01-02 17:36:02,706 INFO    : => loading checkpoint './checkpoint/FB_CKGE\2model_best.tar'
2025-01-02 17:36:18,628 INFO    : 
+------------+--------+--------+--------+--------+---------+
| Snapshot:2 |  MRR   | Hits@1 | Hits@3 | Hits@5 | Hits@10 |
+------------+--------+--------+--------+--------+---------+
|     0      | 0.246  | 0.1419 | 0.2865 |  0.36  |  0.452  |
|     1      | 0.1755 | 0.1027 | 0.193  | 0.2463 |  0.3208 |
|     2      | 0.1795 | 0.1081 | 0.2005 |  0.25  |  0.3215 |
+------------+--------+--------+--------+--------+---------+
2025-01-02 17:36:30,077 INFO    : Snapshot:3	0	10	Epoch:0	Loss:5.003	MRR:19.13	Hits@10:32.88	Best:19.13
2025-01-02 17:36:34,969 INFO    : Snapshot:3	0	10	Epoch:1	Loss:3.123	MRR:19.24	Hits@10:32.94	Best:19.24
2025-01-02 17:36:39,805 INFO    : Snapshot:3	0	10	Epoch:2	Loss:2.86	MRR:19.28	Hits@10:33.11	Best:19.28
2025-01-02 17:36:44,600 INFO    : Snapshot:3	1	10	Epoch:3	Loss:2.771	MRR:19.23	Hits@10:33.06	Best:19.28
2025-01-02 17:36:49,423 INFO    : Snapshot:3	2	10	Epoch:4	Loss:2.728	MRR:19.26	Hits@10:33.05	Best:19.28
2025-01-02 17:36:54,157 INFO    : Snapshot:3	3	10	Epoch:5	Loss:2.685	MRR:19.26	Hits@10:33.09	Best:19.28
2025-01-02 17:36:59,064 INFO    : Snapshot:3	4	10	Epoch:6	Loss:2.686	MRR:19.23	Hits@10:33.02	Best:19.28
2025-01-02 17:37:03,873 INFO    : Snapshot:3	5	10	Epoch:7	Loss:2.682	MRR:19.23	Hits@10:33.05	Best:19.28
2025-01-02 17:37:08,647 INFO    : Snapshot:3	6	10	Epoch:8	Loss:2.648	MRR:19.27	Hits@10:33.01	Best:19.28
2025-01-02 17:37:13,459 INFO    : Snapshot:3	7	10	Epoch:9	Loss:2.629	MRR:19.24	Hits@10:33.11	Best:19.28
2025-01-02 17:37:18,324 INFO    : Snapshot:3	0	10	Epoch:10	Loss:2.643	MRR:19.33	Hits@10:33.09	Best:19.33
2025-01-02 17:37:23,130 INFO    : Snapshot:3	1	10	Epoch:11	Loss:2.628	MRR:19.3	Hits@10:33.14	Best:19.33
2025-01-02 17:37:27,952 INFO    : Snapshot:3	2	10	Epoch:12	Loss:2.608	MRR:19.28	Hits@10:33.14	Best:19.33
2025-01-02 17:37:32,817 INFO    : Snapshot:3	3	10	Epoch:13	Loss:2.608	MRR:19.32	Hits@10:33.19	Best:19.33
2025-01-02 17:37:37,659 INFO    : Snapshot:3	4	10	Epoch:14	Loss:2.592	MRR:19.28	Hits@10:33.17	Best:19.33
2025-01-02 17:37:42,749 INFO    : Snapshot:3	5	10	Epoch:15	Loss:2.595	MRR:19.3	Hits@10:33.18	Best:19.33
2025-01-02 17:37:47,603 INFO    : Snapshot:3	6	10	Epoch:16	Loss:2.607	MRR:19.32	Hits@10:33.21	Best:19.33
2025-01-02 17:37:52,454 INFO    : Snapshot:3	0	10	Epoch:17	Loss:2.582	MRR:19.36	Hits@10:33.2	Best:19.36
2025-01-02 17:37:57,339 INFO    : Snapshot:3	1	10	Epoch:18	Loss:2.585	MRR:19.34	Hits@10:33.26	Best:19.36
2025-01-02 17:38:02,175 INFO    : Snapshot:3	2	10	Epoch:19	Loss:2.58	MRR:19.35	Hits@10:33.22	Best:19.36
2025-01-02 17:38:07,027 INFO    : Snapshot:3	0	10	Epoch:20	Loss:2.59	MRR:19.38	Hits@10:33.29	Best:19.38
2025-01-02 17:38:11,893 INFO    : Snapshot:3	1	10	Epoch:21	Loss:2.589	MRR:19.29	Hits@10:33.22	Best:19.38
2025-01-02 17:38:16,615 INFO    : Snapshot:3	2	10	Epoch:22	Loss:2.594	MRR:19.37	Hits@10:33.22	Best:19.38
2025-01-02 17:38:21,527 INFO    : Snapshot:3	3	10	Epoch:23	Loss:2.576	MRR:19.32	Hits@10:33.22	Best:19.38
2025-01-02 17:38:26,407 INFO    : Snapshot:3	4	10	Epoch:24	Loss:2.566	MRR:19.3	Hits@10:33.11	Best:19.38
2025-01-02 17:38:31,264 INFO    : Snapshot:3	5	10	Epoch:25	Loss:2.559	MRR:19.32	Hits@10:33.14	Best:19.38
2025-01-02 17:38:36,095 INFO    : Snapshot:3	6	10	Epoch:26	Loss:2.585	MRR:19.31	Hits@10:33.18	Best:19.38
2025-01-02 17:38:40,834 INFO    : Snapshot:3	7	10	Epoch:27	Loss:2.564	MRR:19.34	Hits@10:33.17	Best:19.38
2025-01-02 17:38:45,675 INFO    : Snapshot:3	8	10	Epoch:28	Loss:2.553	MRR:19.35	Hits@10:33.24	Best:19.38
2025-01-02 17:38:50,431 INFO    : Snapshot:3	9	10	Epoch:29	Loss:2.56	MRR:19.38	Hits@10:33.28	Best:19.38
2025-01-02 17:38:55,222 INFO    : Early Stopping! Snapshot:3 Epoch: 30 Best Results: 19.38
2025-01-02 17:38:55,337 INFO    : => loading checkpoint './checkpoint/FB_CKGE\3model_best.tar'
2025-01-02 17:39:14,237 INFO    : 
+------------+--------+--------+--------+--------+---------+
| Snapshot:3 |  MRR   | Hits@1 | Hits@3 | Hits@5 | Hits@10 |
+------------+--------+--------+--------+--------+---------+
|     0      | 0.246  | 0.1419 | 0.2865 |  0.36  |  0.452  |
|     1      | 0.1755 | 0.1027 | 0.193  | 0.2463 |  0.3208 |
|     2      | 0.1795 | 0.1081 | 0.2005 |  0.25  |  0.3215 |
|     3      | 0.1889 | 0.1158 | 0.2126 | 0.2615 |  0.3312 |
+------------+--------+--------+--------+--------+---------+
2025-01-02 17:39:25,896 INFO    : Snapshot:4	0	10	Epoch:0	Loss:3.85	MRR:20.32	Hits@10:33.6	Best:20.32
2025-01-02 17:39:30,941 INFO    : Snapshot:4	1	10	Epoch:1	Loss:3.233	MRR:20.32	Hits@10:33.62	Best:20.32
2025-01-02 17:39:35,990 INFO    : Snapshot:4	0	10	Epoch:2	Loss:3.113	MRR:20.33	Hits@10:33.69	Best:20.33
2025-01-02 17:39:41,341 INFO    : Snapshot:4	0	10	Epoch:3	Loss:3.111	MRR:20.35	Hits@10:33.67	Best:20.35
2025-01-02 17:39:46,338 INFO    : Snapshot:4	0	10	Epoch:4	Loss:3.074	MRR:20.37	Hits@10:33.68	Best:20.37
2025-01-02 17:39:51,352 INFO    : Snapshot:4	1	10	Epoch:5	Loss:3.072	MRR:20.35	Hits@10:33.65	Best:20.37
2025-01-02 17:39:56,394 INFO    : Snapshot:4	2	10	Epoch:6	Loss:3.078	MRR:20.34	Hits@10:33.68	Best:20.37
2025-01-02 17:40:01,501 INFO    : Snapshot:4	3	10	Epoch:7	Loss:3.06	MRR:20.34	Hits@10:33.67	Best:20.37
2025-01-02 17:40:06,573 INFO    : Snapshot:4	4	10	Epoch:8	Loss:3.046	MRR:20.36	Hits@10:33.62	Best:20.37
2025-01-02 17:40:11,645 INFO    : Snapshot:4	5	10	Epoch:9	Loss:3.05	MRR:20.34	Hits@10:33.66	Best:20.37
2025-01-02 17:40:16,722 INFO    : Snapshot:4	0	10	Epoch:10	Loss:3.043	MRR:20.38	Hits@10:33.62	Best:20.38
2025-01-02 17:40:21,644 INFO    : Snapshot:4	1	10	Epoch:11	Loss:3.029	MRR:20.36	Hits@10:33.66	Best:20.38
2025-01-02 17:40:26,659 INFO    : Snapshot:4	2	10	Epoch:12	Loss:3.057	MRR:20.33	Hits@10:33.67	Best:20.38
2025-01-02 17:40:31,723 INFO    : Snapshot:4	3	10	Epoch:13	Loss:3.03	MRR:20.36	Hits@10:33.68	Best:20.38
2025-01-02 17:40:36,679 INFO    : Snapshot:4	4	10	Epoch:14	Loss:3.046	MRR:20.33	Hits@10:33.66	Best:20.38
2025-01-02 17:40:41,618 INFO    : Snapshot:4	5	10	Epoch:15	Loss:3.047	MRR:20.37	Hits@10:33.69	Best:20.38
2025-01-02 17:40:46,518 INFO    : Snapshot:4	6	10	Epoch:16	Loss:3.037	MRR:20.33	Hits@10:33.63	Best:20.38
2025-01-02 17:40:51,411 INFO    : Snapshot:4	7	10	Epoch:17	Loss:3.038	MRR:20.33	Hits@10:33.67	Best:20.38
2025-01-02 17:40:56,474 INFO    : Snapshot:4	8	10	Epoch:18	Loss:3.055	MRR:20.33	Hits@10:33.67	Best:20.38
2025-01-02 17:41:01,556 INFO    : Snapshot:4	9	10	Epoch:19	Loss:3.029	MRR:20.34	Hits@10:33.71	Best:20.38
2025-01-02 17:41:06,513 INFO    : Early Stopping! Snapshot:4 Epoch: 20 Best Results: 20.38
2025-01-02 17:41:06,637 INFO    : => loading checkpoint './checkpoint/FB_CKGE\4model_best.tar'
2025-01-02 17:41:30,314 INFO    : 
+------------+--------+--------+--------+--------+---------+
| Snapshot:4 |  MRR   | Hits@1 | Hits@3 | Hits@5 | Hits@10 |
+------------+--------+--------+--------+--------+---------+
|     0      | 0.246  | 0.1419 | 0.2865 |  0.36  |  0.452  |
|     1      | 0.1755 | 0.1027 | 0.193  | 0.2463 |  0.3208 |
|     2      | 0.1795 | 0.1081 | 0.2005 |  0.25  |  0.3215 |
|     3      | 0.1889 | 0.1158 | 0.2126 | 0.2615 |  0.3312 |
|     4      | 0.2153 | 0.1354 | 0.2437 | 0.2976 |  0.3713 |
+------------+--------+--------+--------+--------+---------+
2025-01-02 17:41:30,314 INFO    : Final Result:
[+------------+-------+--------+--------+--------+---------+
| Snapshot:0 |  MRR  | Hits@1 | Hits@3 | Hits@5 | Hits@10 |
+------------+-------+--------+--------+--------+---------+
|     0      | 0.246 | 0.1419 | 0.2865 |  0.36  |  0.452  |
+------------+-------+--------+--------+--------+---------+, +------------+--------+--------+--------+--------+---------+
| Snapshot:1 |  MRR   | Hits@1 | Hits@3 | Hits@5 | Hits@10 |
+------------+--------+--------+--------+--------+---------+
|     0      | 0.246  | 0.1419 | 0.2865 |  0.36  |  0.452  |
|     1      | 0.1755 | 0.1027 | 0.193  | 0.2463 |  0.3208 |
+------------+--------+--------+--------+--------+---------+, +------------+--------+--------+--------+--------+---------+
| Snapshot:2 |  MRR   | Hits@1 | Hits@3 | Hits@5 | Hits@10 |
+------------+--------+--------+--------+--------+---------+
|     0      | 0.246  | 0.1419 | 0.2865 |  0.36  |  0.452  |
|     1      | 0.1755 | 0.1027 | 0.193  | 0.2463 |  0.3208 |
|     2      | 0.1795 | 0.1081 | 0.2005 |  0.25  |  0.3215 |
+------------+--------+--------+--------+--------+---------+, +------------+--------+--------+--------+--------+---------+
| Snapshot:3 |  MRR   | Hits@1 | Hits@3 | Hits@5 | Hits@10 |
+------------+--------+--------+--------+--------+---------+
|     0      | 0.246  | 0.1419 | 0.2865 |  0.36  |  0.452  |
|     1      | 0.1755 | 0.1027 | 0.193  | 0.2463 |  0.3208 |
|     2      | 0.1795 | 0.1081 | 0.2005 |  0.25  |  0.3215 |
|     3      | 0.1889 | 0.1158 | 0.2126 | 0.2615 |  0.3312 |
+------------+--------+--------+--------+--------+---------+, +------------+--------+--------+--------+--------+---------+
| Snapshot:4 |  MRR   | Hits@1 | Hits@3 | Hits@5 | Hits@10 |
+------------+--------+--------+--------+--------+---------+
|     0      | 0.246  | 0.1419 | 0.2865 |  0.36  |  0.452  |
|     1      | 0.1755 | 0.1027 | 0.193  | 0.2463 |  0.3208 |
|     2      | 0.1795 | 0.1081 | 0.2005 |  0.25  |  0.3215 |
|     3      | 0.1889 | 0.1158 | 0.2126 | 0.2615 |  0.3312 |
|     4      | 0.2153 | 0.1354 | 0.2437 | 0.2976 |  0.3713 |
+------------+--------+--------+--------+--------+---------+]
2025-01-02 17:41:30,314 INFO    : Report Result:
+----------+--------------------+-----------+--------------+--------------+---------------+
| Snapshot |        Time        | Whole_MRR | Whole_Hits@1 | Whole_Hits@3 | Whole_Hits@10 |
+----------+--------------------+-----------+--------------+--------------+---------------+
|    0     | 210.79028916358948 |   0.246   |    0.142     |    0.286     |     0.452     |
|    1     | 115.14743638038635 |   0.236   |    0.136     |    0.273     |     0.433     |
|    2     | 186.51800227165222 |   0.229   |    0.133     |    0.264     |     0.419     |
|    3     | 153.2960364818573  |   0.224   |    0.131     |    0.258     |     0.409     |
|    4     | 108.64387679100037 |   0.224   |    0.131     |    0.257     |     0.406     |
+----------+--------------------+-----------+--------------+--------------+---------------+
2025-01-02 17:41:30,314 INFO    : Sum_Training_Time:774.3956410884857
2025-01-02 17:41:30,314 INFO    : Every_Training_Time:[210.79028916358948, 115.14743638038635, 186.51800227165222, 153.2960364818573, 108.64387679100037]
2025-01-02 17:41:30,314 INFO    : Forward transfer: 0.1488 Backward transfer: 0.0
