2024-08-29 10:51:23,347 INFO    : Namespace(batch_size=1024, data_path='./data/HYBRID/', dataset='HYBRID', debug=False, device=device(type='cuda', index=0), emb_dim=200, ent_r='150', epoch_num=200, explore=False, gpu='0', l2=0.0, learning_rate='1e-1', log_path='./logs/20240829105115/HYBRID', logger=<RootLogger root (INFO)>, margin=8.0, model_name='LoraKGE_Layers', multi_layers_path='train_sorted_by_edges_betweenness.txt', neg_ratio=10, note='', num_ent_layers='2', num_layer=1, num_rel_layers='1', patience='5', predict_result=False, r=100, r_fixed=True, random_seed=3407, record=False, rel_r='20', save_path='./checkpoint/HYBRID', skip_previous='False', snapshot_num=5, train_new=True, using_multi_layers=False, using_various_ranks='True', using_various_ranks_reverse=False, valid_metrics='mrr')
2024-08-29 10:51:31,217 INFO    : Snapshot:0	0	5	Epoch:0	Loss:37.229	MRR:14.76	Hits@10:28.92	Best:14.76
2024-08-29 10:51:36,367 INFO    : Snapshot:0	0	5	Epoch:1	Loss:18.611	MRR:22.47	Hits@10:40.38	Best:22.47
2024-08-29 10:51:41,529 INFO    : Snapshot:0	0	5	Epoch:2	Loss:8.665	MRR:25.05	Hits@10:43.96	Best:25.05
2024-08-29 10:51:46,718 INFO    : Snapshot:0	0	5	Epoch:3	Loss:4.555	MRR:25.63	Hits@10:44.96	Best:25.63
2024-08-29 10:51:51,728 INFO    : Snapshot:0	1	5	Epoch:4	Loss:2.778	MRR:25.59	Hits@10:44.87	Best:25.63
2024-08-29 10:51:57,089 INFO    : Snapshot:0	2	5	Epoch:5	Loss:1.937	MRR:25.27	Hits@10:44.8	Best:25.63
2024-08-29 10:52:02,086 INFO    : Snapshot:0	3	5	Epoch:6	Loss:1.497	MRR:25.28	Hits@10:44.89	Best:25.63
2024-08-29 10:52:07,286 INFO    : Snapshot:0	4	5	Epoch:7	Loss:1.22	MRR:25.29	Hits@10:44.67	Best:25.63
2024-08-29 10:52:12,493 INFO    : Early Stopping! Snapshot:0 Epoch: 8 Best Results: 25.63
2024-08-29 10:52:12,583 INFO    : => loading checkpoint './checkpoint/HYBRID\0model_best.tar'
2024-08-29 10:52:15,628 INFO    : 
+------------+--------+--------+--------+--------+---------+
| Snapshot:0 |  MRR   | Hits@1 | Hits@3 | Hits@5 | Hits@10 |
+------------+--------+--------+--------+--------+---------+
|     0      | 0.2558 | 0.1548 | 0.3079 | 0.3682 |  0.4392 |
+------------+--------+--------+--------+--------+---------+
2024-08-29 10:52:22,295 INFO    : Snapshot:1	0	5	Epoch:0	Loss:8.08	MRR:20.04	Hits@10:35.9	Best:20.04
2024-08-29 10:52:24,387 INFO    : Snapshot:1	0	5	Epoch:1	Loss:3.889	MRR:23.97	Hits@10:41.7	Best:23.97
2024-08-29 10:52:26,658 INFO    : Snapshot:1	0	5	Epoch:2	Loss:3.251	MRR:25.25	Hits@10:43.92	Best:25.25
2024-08-29 10:52:28,742 INFO    : Snapshot:1	0	5	Epoch:3	Loss:2.965	MRR:25.7	Hits@10:45.21	Best:25.7
2024-08-29 10:52:30,862 INFO    : Snapshot:1	0	5	Epoch:4	Loss:2.8	MRR:26.54	Hits@10:45.53	Best:26.54
2024-08-29 10:52:32,975 INFO    : Snapshot:1	0	5	Epoch:5	Loss:2.686	MRR:26.78	Hits@10:46.04	Best:26.78
2024-08-29 10:52:35,057 INFO    : Snapshot:1	0	5	Epoch:6	Loss:2.613	MRR:26.95	Hits@10:46.48	Best:26.95
2024-08-29 10:52:37,120 INFO    : Snapshot:1	1	5	Epoch:7	Loss:2.584	MRR:26.66	Hits@10:46.14	Best:26.95
2024-08-29 10:52:39,219 INFO    : Snapshot:1	0	5	Epoch:8	Loss:2.523	MRR:27.14	Hits@10:46.36	Best:27.14
2024-08-29 10:52:41,339 INFO    : Snapshot:1	0	5	Epoch:9	Loss:2.505	MRR:27.29	Hits@10:46.44	Best:27.29
2024-08-29 10:52:43,418 INFO    : Snapshot:1	0	5	Epoch:10	Loss:2.469	MRR:27.36	Hits@10:46.5	Best:27.36
2024-08-29 10:52:45,542 INFO    : Snapshot:1	0	5	Epoch:11	Loss:2.437	MRR:27.56	Hits@10:46.91	Best:27.56
2024-08-29 10:52:47,758 INFO    : Snapshot:1	1	5	Epoch:12	Loss:2.419	MRR:27.53	Hits@10:46.65	Best:27.56
2024-08-29 10:52:50,098 INFO    : Snapshot:1	2	5	Epoch:13	Loss:2.421	MRR:27.29	Hits@10:46.73	Best:27.56
2024-08-29 10:52:52,352 INFO    : Snapshot:1	3	5	Epoch:14	Loss:2.4	MRR:27.54	Hits@10:47.13	Best:27.56
2024-08-29 10:52:54,721 INFO    : Snapshot:1	4	5	Epoch:15	Loss:2.368	MRR:27.4	Hits@10:47.23	Best:27.56
2024-08-29 10:52:56,915 INFO    : Snapshot:1	0	5	Epoch:16	Loss:2.368	MRR:27.83	Hits@10:46.86	Best:27.83
2024-08-29 10:52:59,088 INFO    : Snapshot:1	0	5	Epoch:17	Loss:2.364	MRR:28.14	Hits@10:47.2	Best:28.14
2024-08-29 10:53:01,382 INFO    : Snapshot:1	1	5	Epoch:18	Loss:2.351	MRR:28.14	Hits@10:47.26	Best:28.14
2024-08-29 10:53:03,535 INFO    : Snapshot:1	2	5	Epoch:19	Loss:2.352	MRR:27.9	Hits@10:46.99	Best:28.14
2024-08-29 10:53:05,722 INFO    : Snapshot:1	3	5	Epoch:20	Loss:2.341	MRR:27.96	Hits@10:47.14	Best:28.14
2024-08-29 10:53:08,004 INFO    : Snapshot:1	4	5	Epoch:21	Loss:2.317	MRR:27.91	Hits@10:47.21	Best:28.14
2024-08-29 10:53:10,276 INFO    : Snapshot:1	0	5	Epoch:22	Loss:2.323	MRR:28.24	Hits@10:47.21	Best:28.24
2024-08-29 10:53:12,425 INFO    : Snapshot:1	0	5	Epoch:23	Loss:2.324	MRR:28.36	Hits@10:47.28	Best:28.36
2024-08-29 10:53:14,504 INFO    : Snapshot:1	1	5	Epoch:24	Loss:2.307	MRR:27.95	Hits@10:47.37	Best:28.36
2024-08-29 10:53:16,588 INFO    : Snapshot:1	2	5	Epoch:25	Loss:2.312	MRR:28.07	Hits@10:47.11	Best:28.36
2024-08-29 10:53:18,674 INFO    : Snapshot:1	3	5	Epoch:26	Loss:2.312	MRR:27.68	Hits@10:47.64	Best:28.36
2024-08-29 10:53:20,755 INFO    : Snapshot:1	4	5	Epoch:27	Loss:2.309	MRR:28.27	Hits@10:47.29	Best:28.36
2024-08-29 10:53:22,869 INFO    : Early Stopping! Snapshot:1 Epoch: 28 Best Results: 28.36
2024-08-29 10:53:22,974 INFO    : => loading checkpoint './checkpoint/HYBRID\1model_best.tar'
2024-08-29 10:53:27,783 INFO    : 
+------------+--------+--------+--------+--------+---------+
| Snapshot:1 |  MRR   | Hits@1 | Hits@3 | Hits@5 | Hits@10 |
+------------+--------+--------+--------+--------+---------+
|     0      | 0.2558 | 0.1548 | 0.3079 | 0.3682 |  0.4392 |
|     1      | 0.2727 | 0.1737 | 0.3133 | 0.3811 |  0.4677 |
+------------+--------+--------+--------+--------+---------+
2024-08-29 10:53:48,568 INFO    : Snapshot:2	0	5	Epoch:0	Loss:25.263	MRR:15.11	Hits@10:28.14	Best:15.11
2024-08-29 10:53:59,520 INFO    : Snapshot:2	0	5	Epoch:1	Loss:16.579	MRR:16.31	Hits@10:30.14	Best:16.31
2024-08-29 10:54:10,504 INFO    : Snapshot:2	0	5	Epoch:2	Loss:15.42	MRR:17.23	Hits@10:31.36	Best:17.23
2024-08-29 10:54:21,529 INFO    : Snapshot:2	0	5	Epoch:3	Loss:14.796	MRR:17.64	Hits@10:31.98	Best:17.64
2024-08-29 10:54:32,447 INFO    : Snapshot:2	0	5	Epoch:4	Loss:14.432	MRR:18.04	Hits@10:32.31	Best:18.04
2024-08-29 10:54:43,762 INFO    : Snapshot:2	0	5	Epoch:5	Loss:14.197	MRR:18.29	Hits@10:32.87	Best:18.29
2024-08-29 10:54:56,439 INFO    : Snapshot:2	1	5	Epoch:6	Loss:14.017	MRR:18.22	Hits@10:33.01	Best:18.29
2024-08-29 10:55:08,580 INFO    : Snapshot:2	2	5	Epoch:7	Loss:13.884	MRR:18.29	Hits@10:33.07	Best:18.29
2024-08-29 10:55:21,016 INFO    : Snapshot:2	0	5	Epoch:8	Loss:13.738	MRR:18.49	Hits@10:33.05	Best:18.49
2024-08-29 10:55:34,169 INFO    : Snapshot:2	0	5	Epoch:9	Loss:13.658	MRR:18.63	Hits@10:33.16	Best:18.63
2024-08-29 10:55:46,335 INFO    : Snapshot:2	0	5	Epoch:10	Loss:13.596	MRR:18.88	Hits@10:33.62	Best:18.88
2024-08-29 10:55:58,246 INFO    : Snapshot:2	1	5	Epoch:11	Loss:13.546	MRR:18.55	Hits@10:33.3	Best:18.88
2024-08-29 10:56:10,320 INFO    : Snapshot:2	2	5	Epoch:12	Loss:13.403	MRR:18.87	Hits@10:33.46	Best:18.88
2024-08-29 10:56:23,057 INFO    : Snapshot:2	3	5	Epoch:13	Loss:13.421	MRR:18.84	Hits@10:33.53	Best:18.88
2024-08-29 10:56:35,134 INFO    : Snapshot:2	4	5	Epoch:14	Loss:13.406	MRR:18.86	Hits@10:33.58	Best:18.88
2024-08-29 10:56:46,891 INFO    : Snapshot:2	0	5	Epoch:15	Loss:13.351	MRR:18.89	Hits@10:33.62	Best:18.89
2024-08-29 10:56:59,174 INFO    : Snapshot:2	0	5	Epoch:16	Loss:13.31	MRR:18.94	Hits@10:33.67	Best:18.94
2024-08-29 10:57:11,938 INFO    : Snapshot:2	1	5	Epoch:17	Loss:13.252	MRR:18.89	Hits@10:33.6	Best:18.94
2024-08-29 10:57:23,838 INFO    : Snapshot:2	0	5	Epoch:18	Loss:13.225	MRR:18.96	Hits@10:33.62	Best:18.96
2024-08-29 10:57:35,754 INFO    : Snapshot:2	0	5	Epoch:19	Loss:13.208	MRR:18.98	Hits@10:33.62	Best:18.98
2024-08-29 10:57:47,660 INFO    : Snapshot:2	0	5	Epoch:20	Loss:13.193	MRR:19.02	Hits@10:33.67	Best:19.02
2024-08-29 10:57:59,697 INFO    : Snapshot:2	0	5	Epoch:21	Loss:13.186	MRR:19.21	Hits@10:33.8	Best:19.21
2024-08-29 10:58:11,816 INFO    : Snapshot:2	0	5	Epoch:22	Loss:13.138	MRR:19.26	Hits@10:33.86	Best:19.26
2024-08-29 10:58:24,177 INFO    : Snapshot:2	1	5	Epoch:23	Loss:13.155	MRR:18.94	Hits@10:33.68	Best:19.26
2024-08-29 10:58:36,384 INFO    : Snapshot:2	2	5	Epoch:24	Loss:13.092	MRR:18.95	Hits@10:33.94	Best:19.26
2024-08-29 10:58:48,230 INFO    : Snapshot:2	0	5	Epoch:25	Loss:13.098	MRR:19.31	Hits@10:33.95	Best:19.31
2024-08-29 10:59:00,327 INFO    : Snapshot:2	1	5	Epoch:26	Loss:13.115	MRR:19.2	Hits@10:33.87	Best:19.31
2024-08-29 10:59:12,377 INFO    : Snapshot:2	2	5	Epoch:27	Loss:13.106	MRR:18.98	Hits@10:33.93	Best:19.31
2024-08-29 10:59:24,034 INFO    : Snapshot:2	3	5	Epoch:28	Loss:13.061	MRR:19.19	Hits@10:33.94	Best:19.31
2024-08-29 10:59:36,195 INFO    : Snapshot:2	4	5	Epoch:29	Loss:13.069	MRR:19.25	Hits@10:33.89	Best:19.31
2024-08-29 10:59:48,212 INFO    : Early Stopping! Snapshot:2 Epoch: 30 Best Results: 19.31
2024-08-29 10:59:48,333 INFO    : => loading checkpoint './checkpoint/HYBRID\2model_best.tar'
2024-08-29 11:00:00,820 INFO    : 
+------------+--------+--------+--------+--------+---------+
| Snapshot:2 |  MRR   | Hits@1 | Hits@3 | Hits@5 | Hits@10 |
+------------+--------+--------+--------+--------+---------+
|     0      | 0.2558 | 0.1548 | 0.3079 | 0.3682 |  0.4392 |
|     1      | 0.2727 | 0.1737 | 0.3133 | 0.3811 |  0.4677 |
|     2      | 0.1909 | 0.1148 | 0.2173 | 0.2682 |  0.3379 |
+------------+--------+--------+--------+--------+---------+
2024-08-29 11:00:29,769 INFO    : Snapshot:3	0	5	Epoch:0	Loss:29.053	MRR:15.29	Hits@10:28.65	Best:15.29
2024-08-29 11:00:44,996 INFO    : Snapshot:3	0	5	Epoch:1	Loss:21.325	MRR:16.18	Hits@10:30.37	Best:16.18
2024-08-29 11:01:00,158 INFO    : Snapshot:3	0	5	Epoch:2	Loss:20.457	MRR:16.5	Hits@10:31.13	Best:16.5
2024-08-29 11:01:15,523 INFO    : Snapshot:3	0	5	Epoch:3	Loss:20.036	MRR:16.86	Hits@10:31.39	Best:16.86
2024-08-29 11:01:31,170 INFO    : Snapshot:3	0	5	Epoch:4	Loss:19.826	MRR:17.16	Hits@10:31.81	Best:17.16
2024-08-29 11:01:46,785 INFO    : Snapshot:3	0	5	Epoch:5	Loss:19.617	MRR:17.41	Hits@10:32.28	Best:17.41
2024-08-29 11:02:01,663 INFO    : Snapshot:3	1	5	Epoch:6	Loss:19.493	MRR:17.35	Hits@10:32.33	Best:17.41
2024-08-29 11:02:16,377 INFO    : Snapshot:3	2	5	Epoch:7	Loss:19.389	MRR:17.41	Hits@10:32.27	Best:17.41
2024-08-29 11:02:32,180 INFO    : Snapshot:3	0	5	Epoch:8	Loss:19.355	MRR:17.47	Hits@10:32.41	Best:17.47
2024-08-29 11:02:47,977 INFO    : Snapshot:3	0	5	Epoch:9	Loss:19.288	MRR:17.64	Hits@10:32.43	Best:17.64
2024-08-29 11:03:03,224 INFO    : Snapshot:3	1	5	Epoch:10	Loss:19.234	MRR:17.64	Hits@10:32.47	Best:17.64
2024-08-29 11:03:18,389 INFO    : Snapshot:3	2	5	Epoch:11	Loss:19.169	MRR:17.6	Hits@10:32.51	Best:17.64
2024-08-29 11:03:33,934 INFO    : Snapshot:3	0	5	Epoch:12	Loss:19.118	MRR:17.69	Hits@10:32.65	Best:17.69
2024-08-29 11:03:50,159 INFO    : Snapshot:3	0	5	Epoch:13	Loss:19.09	MRR:17.73	Hits@10:32.53	Best:17.73
2024-08-29 11:04:06,244 INFO    : Snapshot:3	1	5	Epoch:14	Loss:19.092	MRR:17.67	Hits@10:32.69	Best:17.73
2024-08-29 11:04:22,323 INFO    : Snapshot:3	0	5	Epoch:15	Loss:18.961	MRR:17.85	Hits@10:32.64	Best:17.85
2024-08-29 11:04:38,483 INFO    : Snapshot:3	1	5	Epoch:16	Loss:19.014	MRR:17.65	Hits@10:32.56	Best:17.85
2024-08-29 11:04:54,491 INFO    : Snapshot:3	2	5	Epoch:17	Loss:19.004	MRR:17.75	Hits@10:32.58	Best:17.85
2024-08-29 11:05:10,950 INFO    : Snapshot:3	3	5	Epoch:18	Loss:18.934	MRR:17.83	Hits@10:32.68	Best:17.85
2024-08-29 11:05:27,088 INFO    : Snapshot:3	0	5	Epoch:19	Loss:18.936	MRR:17.89	Hits@10:32.86	Best:17.89
2024-08-29 11:05:43,584 INFO    : Snapshot:3	1	5	Epoch:20	Loss:18.875	MRR:17.79	Hits@10:32.59	Best:17.89
2024-08-29 11:06:00,508 INFO    : Snapshot:3	2	5	Epoch:21	Loss:18.919	MRR:17.74	Hits@10:32.65	Best:17.89
2024-08-29 11:06:16,850 INFO    : Snapshot:3	3	5	Epoch:22	Loss:18.892	MRR:17.84	Hits@10:32.84	Best:17.89
2024-08-29 11:06:32,778 INFO    : Snapshot:3	4	5	Epoch:23	Loss:18.857	MRR:17.72	Hits@10:32.87	Best:17.89
2024-08-29 11:06:48,441 INFO    : Early Stopping! Snapshot:3 Epoch: 24 Best Results: 17.89
2024-08-29 11:06:48,556 INFO    : => loading checkpoint './checkpoint/HYBRID\3model_best.tar'
2024-08-29 11:07:10,976 INFO    : 
+------------+--------+--------+--------+--------+---------+
| Snapshot:3 |  MRR   | Hits@1 | Hits@3 | Hits@5 | Hits@10 |
+------------+--------+--------+--------+--------+---------+
|     0      | 0.2558 | 0.1548 | 0.3079 | 0.3682 |  0.4392 |
|     1      | 0.2727 | 0.1737 | 0.3133 | 0.3811 |  0.4677 |
|     2      | 0.1909 | 0.1148 | 0.2173 | 0.2682 |  0.3379 |
|     3      | 0.1777 | 0.0974 | 0.2124 | 0.2657 |  0.3296 |
+------------+--------+--------+--------+--------+---------+
2024-08-29 11:07:24,320 INFO    : Snapshot:4	0	5	Epoch:0	Loss:14.472	MRR:14.92	Hits@10:24.49	Best:14.92
2024-08-29 11:07:30,328 INFO    : Snapshot:4	0	5	Epoch:1	Loss:11.812	MRR:15.28	Hits@10:25.17	Best:15.28
2024-08-29 11:07:36,143 INFO    : Snapshot:4	1	5	Epoch:2	Loss:11.578	MRR:15.23	Hits@10:25.22	Best:15.28
2024-08-29 11:07:41,949 INFO    : Snapshot:4	0	5	Epoch:3	Loss:11.474	MRR:15.39	Hits@10:25.16	Best:15.39
2024-08-29 11:07:47,634 INFO    : Snapshot:4	0	5	Epoch:4	Loss:11.421	MRR:15.52	Hits@10:25.32	Best:15.52
2024-08-29 11:07:53,430 INFO    : Snapshot:4	1	5	Epoch:5	Loss:11.356	MRR:15.45	Hits@10:25.33	Best:15.52
2024-08-29 11:07:59,259 INFO    : Snapshot:4	0	5	Epoch:6	Loss:11.351	MRR:15.69	Hits@10:25.48	Best:15.69
2024-08-29 11:08:04,928 INFO    : Snapshot:4	1	5	Epoch:7	Loss:11.349	MRR:15.61	Hits@10:25.45	Best:15.69
2024-08-29 11:08:10,629 INFO    : Snapshot:4	2	5	Epoch:8	Loss:11.291	MRR:15.61	Hits@10:25.48	Best:15.69
2024-08-29 11:08:16,665 INFO    : Snapshot:4	3	5	Epoch:9	Loss:11.317	MRR:15.66	Hits@10:25.5	Best:15.69
2024-08-29 11:08:22,706 INFO    : Snapshot:4	0	5	Epoch:10	Loss:11.296	MRR:15.71	Hits@10:25.49	Best:15.71
2024-08-29 11:08:29,488 INFO    : Snapshot:4	0	5	Epoch:11	Loss:11.298	MRR:15.72	Hits@10:25.62	Best:15.72
2024-08-29 11:08:36,108 INFO    : Snapshot:4	1	5	Epoch:12	Loss:11.261	MRR:15.67	Hits@10:25.46	Best:15.72
2024-08-29 11:08:41,874 INFO    : Snapshot:4	2	5	Epoch:13	Loss:11.253	MRR:15.62	Hits@10:25.48	Best:15.72
2024-08-29 11:08:47,811 INFO    : Snapshot:4	0	5	Epoch:14	Loss:11.263	MRR:15.81	Hits@10:25.56	Best:15.81
2024-08-29 11:08:53,596 INFO    : Snapshot:4	1	5	Epoch:15	Loss:11.245	MRR:15.64	Hits@10:25.43	Best:15.81
2024-08-29 11:08:59,158 INFO    : Snapshot:4	2	5	Epoch:16	Loss:11.239	MRR:15.67	Hits@10:25.5	Best:15.81
2024-08-29 11:09:05,159 INFO    : Snapshot:4	3	5	Epoch:17	Loss:11.25	MRR:15.66	Hits@10:25.55	Best:15.81
2024-08-29 11:09:11,262 INFO    : Snapshot:4	4	5	Epoch:18	Loss:11.209	MRR:15.71	Hits@10:25.63	Best:15.81
2024-08-29 11:09:17,517 INFO    : Early Stopping! Snapshot:4 Epoch: 19 Best Results: 15.81
2024-08-29 11:09:17,632 INFO    : => loading checkpoint './checkpoint/HYBRID\4model_best.tar'
2024-08-29 11:09:45,049 INFO    : 
+------------+--------+--------+--------+--------+---------+
| Snapshot:4 |  MRR   | Hits@1 | Hits@3 | Hits@5 | Hits@10 |
+------------+--------+--------+--------+--------+---------+
|     0      | 0.2558 | 0.1548 | 0.3079 | 0.3682 |  0.4392 |
|     1      | 0.2727 | 0.1737 | 0.3133 | 0.3811 |  0.4677 |
|     2      | 0.1909 | 0.1148 | 0.2173 | 0.2682 |  0.3379 |
|     3      | 0.1777 | 0.0974 | 0.2124 | 0.2657 |  0.3296 |
|     4      | 0.1593 | 0.1066 | 0.1751 | 0.2095 |  0.257  |
+------------+--------+--------+--------+--------+---------+
2024-08-29 11:09:45,051 INFO    : Final Result:
[+------------+--------+--------+--------+--------+---------+
| Snapshot:0 |  MRR   | Hits@1 | Hits@3 | Hits@5 | Hits@10 |
+------------+--------+--------+--------+--------+---------+
|     0      | 0.2558 | 0.1548 | 0.3079 | 0.3682 |  0.4392 |
+------------+--------+--------+--------+--------+---------+, +------------+--------+--------+--------+--------+---------+
| Snapshot:1 |  MRR   | Hits@1 | Hits@3 | Hits@5 | Hits@10 |
+------------+--------+--------+--------+--------+---------+
|     0      | 0.2558 | 0.1548 | 0.3079 | 0.3682 |  0.4392 |
|     1      | 0.2727 | 0.1737 | 0.3133 | 0.3811 |  0.4677 |
+------------+--------+--------+--------+--------+---------+, +------------+--------+--------+--------+--------+---------+
| Snapshot:2 |  MRR   | Hits@1 | Hits@3 | Hits@5 | Hits@10 |
+------------+--------+--------+--------+--------+---------+
|     0      | 0.2558 | 0.1548 | 0.3079 | 0.3682 |  0.4392 |
|     1      | 0.2727 | 0.1737 | 0.3133 | 0.3811 |  0.4677 |
|     2      | 0.1909 | 0.1148 | 0.2173 | 0.2682 |  0.3379 |
+------------+--------+--------+--------+--------+---------+, +------------+--------+--------+--------+--------+---------+
| Snapshot:3 |  MRR   | Hits@1 | Hits@3 | Hits@5 | Hits@10 |
+------------+--------+--------+--------+--------+---------+
|     0      | 0.2558 | 0.1548 | 0.3079 | 0.3682 |  0.4392 |
|     1      | 0.2727 | 0.1737 | 0.3133 | 0.3811 |  0.4677 |
|     2      | 0.1909 | 0.1148 | 0.2173 | 0.2682 |  0.3379 |
|     3      | 0.1777 | 0.0974 | 0.2124 | 0.2657 |  0.3296 |
+------------+--------+--------+--------+--------+---------+, +------------+--------+--------+--------+--------+---------+
| Snapshot:4 |  MRR   | Hits@1 | Hits@3 | Hits@5 | Hits@10 |
+------------+--------+--------+--------+--------+---------+
|     0      | 0.2558 | 0.1548 | 0.3079 | 0.3682 |  0.4392 |
|     1      | 0.2727 | 0.1737 | 0.3133 | 0.3811 |  0.4677 |
|     2      | 0.1909 | 0.1148 | 0.2173 | 0.2682 |  0.3379 |
|     3      | 0.1777 | 0.0974 | 0.2124 | 0.2657 |  0.3296 |
|     4      | 0.1593 | 0.1066 | 0.1751 | 0.2095 |  0.257  |
+------------+--------+--------+--------+--------+---------+]
2024-08-29 11:09:45,051 INFO    : Report Result:
+----------+--------------------+-----------+--------------+--------------+---------------+
| Snapshot |        Time        | Whole_MRR | Whole_Hits@1 | Whole_Hits@3 | Whole_Hits@10 |
+----------+--------------------+-----------+--------------+--------------+---------------+
|    0     | 49.14651274681091  |   0.256   |    0.155     |    0.308     |     0.439     |
|    1     | 64.61607909202576  |    0.26   |     0.16     |    0.309     |     0.447     |
|    2     | 373.5559117794037  |   0.224   |    0.136     |    0.261     |     0.389     |
|    3     | 397.44204902648926 |   0.206   |    0.121     |    0.242     |     0.366     |
|    4     | 121.46166443824768 |    0.2    |    0.119     |    0.233     |     0.352     |
+----------+--------------------+-----------+--------------+--------------+---------------+
2024-08-29 11:09:45,051 INFO    : Sum_Training_Time:1006.2222170829773
2024-08-29 11:09:45,051 INFO    : Every_Training_Time:[49.14651274681091, 64.61607909202576, 373.5559117794037, 397.44204902648926, 121.46166443824768]
2024-08-29 11:09:45,051 INFO    : Forward transfer: 0.0371 Backward transfer: 0.0
