2024-10-01 10:01:02,217 INFO    : Namespace(batch_size='1024', data_path='./data/FB_CKGE/', dataset='FB_CKGE', debug=False, device=device(type='cuda', index=0), emb_dim=200, ent_r='150', epoch_num=200, explore=False, gpu='0', l2=0.0, learning_rate='1e-1', log_path='./logs/FB_CKGE 150 5 1e-1 1024/FB_CKGE 20241001100051', logger=<RootLogger root (INFO)>, margin=8.0, model_name='LoraKGE_Layers', multi_layers_path='train_sorted_by_edges_betweenness.txt', neg_ratio=10, note='', num_ent_layers='5', num_layer=1, num_rel_layers='1', patience=3, predict_result='True', r=100, r_fixed=True, random_seed=3407, record=False, rel_r='20', save_path='./checkpoint/FB_CKGE', skip_previous='False', snapshot_num=5, train_new=True, using_multi_layers=False, using_various_ranks='True', using_various_ranks_reverse=False, valid_metrics='mrr')
2024-10-01 10:01:22,266 INFO    : Snapshot:0	0	3	Epoch:0	Loss:91.268	MRR:22.64	Hits@10:42.62	Best:22.64
2024-10-01 10:01:39,725 INFO    : Snapshot:0	0	3	Epoch:1	Loss:17.198	MRR:24.74	Hits@10:45.16	Best:24.74
2024-10-01 10:01:57,072 INFO    : Snapshot:0	1	3	Epoch:2	Loss:7.016	MRR:23.93	Hits@10:44.13	Best:24.74
2024-10-01 10:02:14,442 INFO    : Snapshot:0	2	3	Epoch:3	Loss:4.7	MRR:23.72	Hits@10:43.5	Best:24.74
2024-10-01 10:02:32,130 INFO    : Early Stopping! Snapshot:0 Epoch: 4 Best Results: 24.74
2024-10-01 10:02:32,246 INFO    : => loading checkpoint './checkpoint/FB_CKGE\0model_best.tar'
2024-10-01 10:02:51,380 INFO    : 
+------------+-------+--------+--------+--------+---------+
| Snapshot:0 |  MRR  | Hits@1 | Hits@3 | Hits@5 | Hits@10 |
+------------+-------+--------+--------+--------+---------+
|     0      | 0.246 | 0.1419 | 0.2865 |  0.36  |  0.452  |
+------------+-------+--------+--------+--------+---------+
2024-10-01 10:03:02,755 INFO    : Snapshot:1	0	3	Epoch:0	Loss:9.095	MRR:11.01	Hits@10:20.11	Best:11.01
2024-10-01 10:03:06,552 INFO    : Snapshot:1	0	3	Epoch:1	Loss:2.707	MRR:12.99	Hits@10:24.35	Best:12.99
2024-10-01 10:03:10,330 INFO    : Snapshot:1	0	3	Epoch:2	Loss:1.855	MRR:13.98	Hits@10:26.58	Best:13.98
2024-10-01 10:03:14,093 INFO    : Snapshot:1	0	3	Epoch:3	Loss:1.505	MRR:14.61	Hits@10:27.68	Best:14.61
2024-10-01 10:03:17,813 INFO    : Snapshot:1	0	3	Epoch:4	Loss:1.306	MRR:15.05	Hits@10:28.65	Best:15.05
2024-10-01 10:03:21,650 INFO    : Snapshot:1	0	3	Epoch:5	Loss:1.135	MRR:15.47	Hits@10:29.18	Best:15.47
2024-10-01 10:03:25,422 INFO    : Snapshot:1	0	3	Epoch:6	Loss:1.042	MRR:15.6	Hits@10:29.66	Best:15.6
2024-10-01 10:03:29,151 INFO    : Snapshot:1	0	3	Epoch:7	Loss:0.952	MRR:15.7	Hits@10:29.85	Best:15.7
2024-10-01 10:03:32,910 INFO    : Snapshot:1	0	3	Epoch:8	Loss:0.908	MRR:15.82	Hits@10:30.09	Best:15.82
2024-10-01 10:03:36,678 INFO    : Snapshot:1	0	3	Epoch:9	Loss:0.834	MRR:15.89	Hits@10:29.95	Best:15.89
2024-10-01 10:03:40,439 INFO    : Snapshot:1	0	3	Epoch:10	Loss:0.809	MRR:16.01	Hits@10:30.28	Best:16.01
2024-10-01 10:03:44,214 INFO    : Snapshot:1	0	3	Epoch:11	Loss:0.778	MRR:16.25	Hits@10:30.47	Best:16.25
2024-10-01 10:03:47,895 INFO    : Snapshot:1	1	3	Epoch:12	Loss:0.752	MRR:16.16	Hits@10:30.59	Best:16.25
2024-10-01 10:03:51,674 INFO    : Snapshot:1	0	3	Epoch:13	Loss:0.717	MRR:16.3	Hits@10:30.99	Best:16.3
2024-10-01 10:03:55,405 INFO    : Snapshot:1	0	3	Epoch:14	Loss:0.702	MRR:16.33	Hits@10:30.91	Best:16.33
2024-10-01 10:03:59,173 INFO    : Snapshot:1	0	3	Epoch:15	Loss:0.687	MRR:16.45	Hits@10:30.94	Best:16.45
2024-10-01 10:04:02,901 INFO    : Snapshot:1	1	3	Epoch:16	Loss:0.662	MRR:16.44	Hits@10:30.94	Best:16.45
2024-10-01 10:04:06,659 INFO    : Snapshot:1	0	3	Epoch:17	Loss:0.65	MRR:16.57	Hits@10:30.86	Best:16.57
2024-10-01 10:04:10,362 INFO    : Snapshot:1	1	3	Epoch:18	Loss:0.635	MRR:16.47	Hits@10:31.42	Best:16.57
2024-10-01 10:04:14,107 INFO    : Snapshot:1	0	3	Epoch:19	Loss:0.619	MRR:16.68	Hits@10:31.18	Best:16.68
2024-10-01 10:04:17,884 INFO    : Snapshot:1	0	3	Epoch:20	Loss:0.605	MRR:16.69	Hits@10:31.43	Best:16.69
2024-10-01 10:04:21,698 INFO    : Snapshot:1	0	3	Epoch:21	Loss:0.599	MRR:16.92	Hits@10:31.47	Best:16.92
2024-10-01 10:04:25,652 INFO    : Snapshot:1	1	3	Epoch:22	Loss:0.597	MRR:16.79	Hits@10:31.44	Best:16.92
2024-10-01 10:04:29,408 INFO    : Snapshot:1	0	3	Epoch:23	Loss:0.588	MRR:17.02	Hits@10:31.65	Best:17.02
2024-10-01 10:04:33,172 INFO    : Snapshot:1	1	3	Epoch:24	Loss:0.557	MRR:16.95	Hits@10:31.84	Best:17.02
2024-10-01 10:04:36,989 INFO    : Snapshot:1	2	3	Epoch:25	Loss:0.566	MRR:16.78	Hits@10:31.32	Best:17.02
2024-10-01 10:04:40,689 INFO    : Early Stopping! Snapshot:1 Epoch: 26 Best Results: 17.02
2024-10-01 10:04:40,806 INFO    : => loading checkpoint './checkpoint/FB_CKGE\1model_best.tar'
2024-10-01 10:05:05,044 INFO    : 
+------------+--------+--------+--------+--------+---------+
| Snapshot:1 |  MRR   | Hits@1 | Hits@3 | Hits@5 | Hits@10 |
+------------+--------+--------+--------+--------+---------+
|     0      | 0.246  | 0.1419 | 0.2865 |  0.36  |  0.452  |
|     1      | 0.1763 | 0.1036 | 0.1935 | 0.2451 |  0.3243 |
+------------+--------+--------+--------+--------+---------+
2024-10-01 10:05:16,993 INFO    : Snapshot:2	0	3	Epoch:0	Loss:6.583	MRR:17.28	Hits@10:30.67	Best:17.28
2024-10-01 10:05:21,181 INFO    : Snapshot:2	0	3	Epoch:1	Loss:2.962	MRR:17.4	Hits@10:30.91	Best:17.4
2024-10-01 10:05:25,327 INFO    : Snapshot:2	0	3	Epoch:2	Loss:2.53	MRR:17.72	Hits@10:31.42	Best:17.72
2024-10-01 10:05:29,481 INFO    : Snapshot:2	1	3	Epoch:3	Loss:2.305	MRR:17.72	Hits@10:31.52	Best:17.72
2024-10-01 10:05:33,705 INFO    : Snapshot:2	0	3	Epoch:4	Loss:2.192	MRR:17.87	Hits@10:31.73	Best:17.87
2024-10-01 10:05:37,893 INFO    : Snapshot:2	0	3	Epoch:5	Loss:2.119	MRR:17.89	Hits@10:31.71	Best:17.89
2024-10-01 10:05:42,111 INFO    : Snapshot:2	0	3	Epoch:6	Loss:2.042	MRR:17.99	Hits@10:31.77	Best:17.99
2024-10-01 10:05:46,377 INFO    : Snapshot:2	0	3	Epoch:7	Loss:1.999	MRR:18.01	Hits@10:31.9	Best:18.01
2024-10-01 10:05:50,528 INFO    : Snapshot:2	0	3	Epoch:8	Loss:1.963	MRR:18.1	Hits@10:32.0	Best:18.1
2024-10-01 10:05:54,695 INFO    : Snapshot:2	1	3	Epoch:9	Loss:1.934	MRR:18.03	Hits@10:31.96	Best:18.1
2024-10-01 10:05:58,908 INFO    : Snapshot:2	0	3	Epoch:10	Loss:1.925	MRR:18.11	Hits@10:32.05	Best:18.11
2024-10-01 10:06:03,160 INFO    : Snapshot:2	1	3	Epoch:11	Loss:1.888	MRR:18.04	Hits@10:31.96	Best:18.11
2024-10-01 10:06:07,346 INFO    : Snapshot:2	2	3	Epoch:12	Loss:1.854	MRR:17.98	Hits@10:32.07	Best:18.11
2024-10-01 10:06:11,479 INFO    : Early Stopping! Snapshot:2 Epoch: 13 Best Results: 18.11
2024-10-01 10:06:11,614 INFO    : => loading checkpoint './checkpoint/FB_CKGE\2model_best.tar'
2024-10-01 10:06:40,600 INFO    : 
+------------+--------+--------+--------+--------+---------+
| Snapshot:2 |  MRR   | Hits@1 | Hits@3 | Hits@5 | Hits@10 |
+------------+--------+--------+--------+--------+---------+
|     0      | 0.246  | 0.1419 | 0.2865 |  0.36  |  0.452  |
|     1      | 0.1763 | 0.1036 | 0.1935 | 0.2451 |  0.3243 |
|     2      | 0.1784 | 0.1071 | 0.1985 | 0.2475 |  0.3183 |
+------------+--------+--------+--------+--------+---------+
2024-10-01 10:06:53,256 INFO    : Snapshot:3	0	3	Epoch:0	Loss:4.819	MRR:18.76	Hits@10:32.2	Best:18.76
2024-10-01 10:06:57,728 INFO    : Snapshot:3	1	3	Epoch:1	Loss:3.115	MRR:18.76	Hits@10:32.21	Best:18.76
2024-10-01 10:07:02,166 INFO    : Snapshot:3	0	3	Epoch:2	Loss:2.877	MRR:18.79	Hits@10:32.26	Best:18.79
2024-10-01 10:07:06,647 INFO    : Snapshot:3	0	3	Epoch:3	Loss:2.793	MRR:18.81	Hits@10:32.38	Best:18.81
2024-10-01 10:07:11,151 INFO    : Snapshot:3	0	3	Epoch:4	Loss:2.738	MRR:18.84	Hits@10:32.33	Best:18.84
2024-10-01 10:07:15,595 INFO    : Snapshot:3	0	3	Epoch:5	Loss:2.703	MRR:18.85	Hits@10:32.48	Best:18.85
2024-10-01 10:07:20,038 INFO    : Snapshot:3	0	3	Epoch:6	Loss:2.665	MRR:18.89	Hits@10:32.45	Best:18.89
2024-10-01 10:07:24,509 INFO    : Snapshot:3	0	3	Epoch:7	Loss:2.657	MRR:18.91	Hits@10:32.47	Best:18.91
2024-10-01 10:07:28,982 INFO    : Snapshot:3	1	3	Epoch:8	Loss:2.634	MRR:18.91	Hits@10:32.46	Best:18.91
2024-10-01 10:07:33,493 INFO    : Snapshot:3	0	3	Epoch:9	Loss:2.628	MRR:18.99	Hits@10:32.47	Best:18.99
2024-10-01 10:07:37,975 INFO    : Snapshot:3	1	3	Epoch:10	Loss:2.619	MRR:18.98	Hits@10:32.5	Best:18.99
2024-10-01 10:07:42,394 INFO    : Snapshot:3	2	3	Epoch:11	Loss:2.594	MRR:18.96	Hits@10:32.5	Best:18.99
2024-10-01 10:07:46,847 INFO    : Early Stopping! Snapshot:3 Epoch: 12 Best Results: 18.99
2024-10-01 10:07:46,976 INFO    : => loading checkpoint './checkpoint/FB_CKGE\3model_best.tar'
2024-10-01 10:08:21,246 INFO    : 
+------------+--------+--------+--------+--------+---------+
| Snapshot:3 |  MRR   | Hits@1 | Hits@3 | Hits@5 | Hits@10 |
+------------+--------+--------+--------+--------+---------+
|     0      | 0.246  | 0.1419 | 0.2865 |  0.36  |  0.452  |
|     1      | 0.1763 | 0.1036 | 0.1935 | 0.2451 |  0.3243 |
|     2      | 0.1784 | 0.1071 | 0.1985 | 0.2475 |  0.3183 |
|     3      | 0.1878 | 0.1166 | 0.2091 | 0.2562 |  0.3266 |
+------------+--------+--------+--------+--------+---------+
2024-10-01 10:08:34,059 INFO    : Snapshot:4	0	3	Epoch:0	Loss:3.792	MRR:19.79	Hits@10:32.73	Best:19.79
2024-10-01 10:08:38,704 INFO    : Snapshot:4	1	3	Epoch:1	Loss:3.198	MRR:19.79	Hits@10:32.75	Best:19.79
2024-10-01 10:08:43,526 INFO    : Snapshot:4	2	3	Epoch:2	Loss:3.09	MRR:19.79	Hits@10:32.78	Best:19.79
2024-10-01 10:08:48,190 INFO    : Snapshot:4	0	3	Epoch:3	Loss:3.049	MRR:19.82	Hits@10:32.84	Best:19.82
2024-10-01 10:08:52,808 INFO    : Snapshot:4	1	3	Epoch:4	Loss:3.038	MRR:19.82	Hits@10:32.8	Best:19.82
2024-10-01 10:08:57,452 INFO    : Snapshot:4	0	3	Epoch:5	Loss:3.034	MRR:19.83	Hits@10:32.79	Best:19.83
2024-10-01 10:09:02,060 INFO    : Snapshot:4	1	3	Epoch:6	Loss:3.032	MRR:19.81	Hits@10:32.76	Best:19.83
2024-10-01 10:09:06,702 INFO    : Snapshot:4	0	3	Epoch:7	Loss:3.037	MRR:19.84	Hits@10:32.86	Best:19.84
2024-10-01 10:09:11,270 INFO    : Snapshot:4	1	3	Epoch:8	Loss:3.013	MRR:19.84	Hits@10:32.78	Best:19.84
2024-10-01 10:09:15,880 INFO    : Snapshot:4	2	3	Epoch:9	Loss:3.003	MRR:19.83	Hits@10:32.76	Best:19.84
2024-10-01 10:09:20,532 INFO    : Early Stopping! Snapshot:4 Epoch: 10 Best Results: 19.84
2024-10-01 10:09:20,650 INFO    : => loading checkpoint './checkpoint/FB_CKGE\4model_best.tar'
2024-10-01 10:09:59,546 INFO    : 
+------------+--------+--------+--------+--------+---------+
| Snapshot:4 |  MRR   | Hits@1 | Hits@3 | Hits@5 | Hits@10 |
+------------+--------+--------+--------+--------+---------+
|     0      | 0.246  | 0.1419 | 0.2865 |  0.36  |  0.452  |
|     1      | 0.1763 | 0.1036 | 0.1935 | 0.2451 |  0.3243 |
|     2      | 0.1784 | 0.1071 | 0.1985 | 0.2475 |  0.3183 |
|     3      | 0.1878 | 0.1166 | 0.2091 | 0.2562 |  0.3266 |
|     4      | 0.2124 | 0.131  | 0.2441 | 0.2982 |  0.3687 |
+------------+--------+--------+--------+--------+---------+
2024-10-01 10:09:59,548 INFO    : Final Result:
[+------------+-------+--------+--------+--------+---------+
| Snapshot:0 |  MRR  | Hits@1 | Hits@3 | Hits@5 | Hits@10 |
+------------+-------+--------+--------+--------+---------+
|     0      | 0.246 | 0.1419 | 0.2865 |  0.36  |  0.452  |
+------------+-------+--------+--------+--------+---------+, +------------+--------+--------+--------+--------+---------+
| Snapshot:1 |  MRR   | Hits@1 | Hits@3 | Hits@5 | Hits@10 |
+------------+--------+--------+--------+--------+---------+
|     0      | 0.246  | 0.1419 | 0.2865 |  0.36  |  0.452  |
|     1      | 0.1763 | 0.1036 | 0.1935 | 0.2451 |  0.3243 |
+------------+--------+--------+--------+--------+---------+, +------------+--------+--------+--------+--------+---------+
| Snapshot:2 |  MRR   | Hits@1 | Hits@3 | Hits@5 | Hits@10 |
+------------+--------+--------+--------+--------+---------+
|     0      | 0.246  | 0.1419 | 0.2865 |  0.36  |  0.452  |
|     1      | 0.1763 | 0.1036 | 0.1935 | 0.2451 |  0.3243 |
|     2      | 0.1784 | 0.1071 | 0.1985 | 0.2475 |  0.3183 |
+------------+--------+--------+--------+--------+---------+, +------------+--------+--------+--------+--------+---------+
| Snapshot:3 |  MRR   | Hits@1 | Hits@3 | Hits@5 | Hits@10 |
+------------+--------+--------+--------+--------+---------+
|     0      | 0.246  | 0.1419 | 0.2865 |  0.36  |  0.452  |
|     1      | 0.1763 | 0.1036 | 0.1935 | 0.2451 |  0.3243 |
|     2      | 0.1784 | 0.1071 | 0.1985 | 0.2475 |  0.3183 |
|     3      | 0.1878 | 0.1166 | 0.2091 | 0.2562 |  0.3266 |
+------------+--------+--------+--------+--------+---------+, +------------+--------+--------+--------+--------+---------+
| Snapshot:4 |  MRR   | Hits@1 | Hits@3 | Hits@5 | Hits@10 |
+------------+--------+--------+--------+--------+---------+
|     0      | 0.246  | 0.1419 | 0.2865 |  0.36  |  0.452  |
|     1      | 0.1763 | 0.1036 | 0.1935 | 0.2451 |  0.3243 |
|     2      | 0.1784 | 0.1071 | 0.1985 | 0.2475 |  0.3183 |
|     3      | 0.1878 | 0.1166 | 0.2091 | 0.2562 |  0.3266 |
|     4      | 0.2124 | 0.131  | 0.2441 | 0.2982 |  0.3687 |
+------------+--------+--------+--------+--------+---------+]
2024-10-01 10:09:59,548 INFO    : Report Result:
+----------+--------------------+-----------+--------------+--------------+---------------+
| Snapshot |        Time        | Whole_MRR | Whole_Hits@1 | Whole_Hits@3 | Whole_Hits@10 |
+----------+--------------------+-----------+--------------+--------------+---------------+
|    0     | 89.91301774978638  |   0.246   |    0.142     |    0.286     |     0.452     |
|    1     | 104.79560852050781 |   0.236   |    0.136     |    0.273     |     0.434     |
|    2     | 61.75820779800415  |   0.229   |    0.133     |    0.264     |     0.419     |
|    3     | 61.085864782333374 |   0.224   |    0.131     |    0.258     |     0.409     |
|    4     | 53.96598720550537  |   0.223   |    0.131     |    0.256     |     0.405     |
+----------+--------------------+-----------+--------------+--------------+---------------+
2024-10-01 10:09:59,549 INFO    : Sum_Training_Time:371.5186860561371
2024-10-01 10:09:59,549 INFO    : Every_Training_Time:[89.91301774978638, 104.79560852050781, 61.75820779800415, 61.085864782333374, 53.96598720550537]
2024-10-01 10:09:59,549 INFO    : Forward transfer: 0.14815 Backward transfer: 0.0
