2024-09-13 15:31:51,545 INFO    : Namespace(batch_size=1024, data_path='./data/HYBRID/', dataset='HYBRID', debug=False, device=device(type='cuda', index=0), emb_dim=200, ent_r='150', epoch_num=200, explore=False, gpu='0', l2=0.0, learning_rate='3e-1', log_path='./logs/20240913153143/HYBRID', logger=<RootLogger root (INFO)>, margin=8.0, model_name='LoraKGE_Layers', multi_layers_path='train_sorted_by_edges_betweenness.txt', neg_ratio=10, note='', num_ent_layers='20', num_layer=1, num_rel_layers='1', patience=3, predict_result=False, r=100, r_fixed=True, random_seed=3407, record=False, rel_r='20', save_path='./checkpoint/HYBRID', skip_previous='False', snapshot_num=5, train_new=True, using_multi_layers=False, using_various_ranks='True', using_various_ranks_reverse=False, valid_metrics='mrr')
2024-09-13 15:31:58,941 INFO    : Snapshot:0	0	3	Epoch:0	Loss:41.71	MRR:8.75	Hits@10:20.52	Best:8.75
2024-09-13 15:32:04,690 INFO    : Snapshot:0	0	3	Epoch:1	Loss:28.429	MRR:15.57	Hits@10:30.78	Best:15.57
2024-09-13 15:32:10,143 INFO    : Snapshot:0	0	3	Epoch:2	Loss:18.068	MRR:20.81	Hits@10:37.81	Best:20.81
2024-09-13 15:32:15,725 INFO    : Snapshot:0	0	3	Epoch:3	Loss:10.959	MRR:23.3	Hits@10:41.12	Best:23.3
2024-09-13 15:32:21,030 INFO    : Snapshot:0	0	3	Epoch:4	Loss:6.919	MRR:24.72	Hits@10:42.86	Best:24.72
2024-09-13 15:32:26,610 INFO    : Snapshot:0	0	3	Epoch:5	Loss:4.64	MRR:25.0	Hits@10:43.85	Best:25.0
2024-09-13 15:32:31,962 INFO    : Snapshot:0	0	3	Epoch:6	Loss:3.342	MRR:25.24	Hits@10:44.32	Best:25.24
2024-09-13 15:32:37,258 INFO    : Snapshot:0	1	3	Epoch:7	Loss:2.518	MRR:25.17	Hits@10:44.55	Best:25.24
2024-09-13 15:32:42,718 INFO    : Snapshot:0	0	3	Epoch:8	Loss:2.002	MRR:25.29	Hits@10:44.55	Best:25.29
2024-09-13 15:32:47,992 INFO    : Snapshot:0	1	3	Epoch:9	Loss:1.644	MRR:25.27	Hits@10:44.55	Best:25.29
2024-09-13 15:32:53,347 INFO    : Snapshot:0	2	3	Epoch:10	Loss:1.391	MRR:25.02	Hits@10:44.6	Best:25.29
2024-09-13 15:32:58,670 INFO    : Early Stopping! Snapshot:0 Epoch: 11 Best Results: 25.29
2024-09-13 15:32:58,766 INFO    : => loading checkpoint './checkpoint/HYBRID\0model_best.tar'
2024-09-13 15:33:02,090 INFO    : 
+------------+--------+--------+--------+--------+---------+
| Snapshot:0 |  MRR   | Hits@1 | Hits@3 | Hits@5 | Hits@10 |
+------------+--------+--------+--------+--------+---------+
|     0      | 0.2532 | 0.152  | 0.3054 | 0.3657 |  0.4362 |
+------------+--------+--------+--------+--------+---------+
2024-09-13 15:33:08,940 INFO    : Snapshot:1	0	3	Epoch:0	Loss:6.49	MRR:20.78	Hits@10:37.64	Best:20.78
2024-09-13 15:33:11,447 INFO    : Snapshot:1	0	3	Epoch:1	Loss:3.114	MRR:23.6	Hits@10:42.55	Best:23.6
2024-09-13 15:33:13,999 INFO    : Snapshot:1	0	3	Epoch:2	Loss:2.626	MRR:24.42	Hits@10:43.76	Best:24.42
2024-09-13 15:33:16,587 INFO    : Snapshot:1	0	3	Epoch:3	Loss:2.442	MRR:25.69	Hits@10:44.85	Best:25.69
2024-09-13 15:33:19,131 INFO    : Snapshot:1	1	3	Epoch:4	Loss:2.358	MRR:25.62	Hits@10:45.59	Best:25.69
2024-09-13 15:33:21,671 INFO    : Snapshot:1	0	3	Epoch:5	Loss:2.294	MRR:25.81	Hits@10:45.63	Best:25.81
2024-09-13 15:33:24,226 INFO    : Snapshot:1	0	3	Epoch:6	Loss:2.233	MRR:26.34	Hits@10:46.04	Best:26.34
2024-09-13 15:33:26,763 INFO    : Snapshot:1	1	3	Epoch:7	Loss:2.213	MRR:25.62	Hits@10:45.78	Best:26.34
2024-09-13 15:33:29,387 INFO    : Snapshot:1	0	3	Epoch:8	Loss:2.194	MRR:26.53	Hits@10:46.18	Best:26.53
2024-09-13 15:33:31,909 INFO    : Snapshot:1	1	3	Epoch:9	Loss:2.175	MRR:26.13	Hits@10:46.05	Best:26.53
2024-09-13 15:33:34,459 INFO    : Snapshot:1	2	3	Epoch:10	Loss:2.136	MRR:26.41	Hits@10:46.42	Best:26.53
2024-09-13 15:33:37,016 INFO    : Snapshot:1	0	3	Epoch:11	Loss:2.13	MRR:26.85	Hits@10:46.2	Best:26.85
2024-09-13 15:33:39,598 INFO    : Snapshot:1	0	3	Epoch:12	Loss:2.109	MRR:26.94	Hits@10:46.53	Best:26.94
2024-09-13 15:33:42,144 INFO    : Snapshot:1	1	3	Epoch:13	Loss:2.1	MRR:26.7	Hits@10:46.3	Best:26.94
2024-09-13 15:33:44,704 INFO    : Snapshot:1	2	3	Epoch:14	Loss:2.095	MRR:26.54	Hits@10:46.3	Best:26.94
2024-09-13 15:33:47,222 INFO    : Early Stopping! Snapshot:1 Epoch: 15 Best Results: 26.94
2024-09-13 15:33:47,315 INFO    : => loading checkpoint './checkpoint/HYBRID\1model_best.tar'
2024-09-13 15:33:52,667 INFO    : 
+------------+--------+--------+--------+--------+---------+
| Snapshot:1 |  MRR   | Hits@1 | Hits@3 | Hits@5 | Hits@10 |
+------------+--------+--------+--------+--------+---------+
|     0      | 0.2532 | 0.152  | 0.3054 | 0.3657 |  0.4362 |
|     1      | 0.2623 | 0.165  | 0.2993 | 0.3642 |  0.4521 |
+------------+--------+--------+--------+--------+---------+
2024-09-13 15:34:16,799 INFO    : Snapshot:2	0	3	Epoch:0	Loss:21.898	MRR:15.73	Hits@10:28.6	Best:15.73
2024-09-13 15:34:30,103 INFO    : Snapshot:2	0	3	Epoch:1	Loss:14.464	MRR:16.37	Hits@10:30.05	Best:16.37
2024-09-13 15:34:43,252 INFO    : Snapshot:2	0	3	Epoch:2	Loss:13.485	MRR:16.58	Hits@10:30.75	Best:16.58
2024-09-13 15:34:56,287 INFO    : Snapshot:2	0	3	Epoch:3	Loss:12.969	MRR:17.53	Hits@10:31.49	Best:17.53
2024-09-13 15:35:09,457 INFO    : Snapshot:2	0	3	Epoch:4	Loss:12.665	MRR:17.77	Hits@10:32.12	Best:17.77
2024-09-13 15:35:22,406 INFO    : Snapshot:2	0	3	Epoch:5	Loss:12.409	MRR:17.85	Hits@10:32.21	Best:17.85
2024-09-13 15:35:35,614 INFO    : Snapshot:2	1	3	Epoch:6	Loss:12.255	MRR:17.82	Hits@10:32.45	Best:17.85
2024-09-13 15:35:48,764 INFO    : Snapshot:2	0	3	Epoch:7	Loss:12.102	MRR:18.08	Hits@10:32.52	Best:18.08
2024-09-13 15:36:02,171 INFO    : Snapshot:2	1	3	Epoch:8	Loss:12.014	MRR:18.08	Hits@10:32.54	Best:18.08
2024-09-13 15:36:15,865 INFO    : Snapshot:2	0	3	Epoch:9	Loss:11.918	MRR:18.35	Hits@10:32.63	Best:18.35
2024-09-13 15:36:29,304 INFO    : Snapshot:2	0	3	Epoch:10	Loss:11.849	MRR:18.47	Hits@10:32.63	Best:18.47
2024-09-13 15:36:42,779 INFO    : Snapshot:2	0	3	Epoch:11	Loss:11.768	MRR:18.65	Hits@10:32.77	Best:18.65
2024-09-13 15:36:56,040 INFO    : Snapshot:2	1	3	Epoch:12	Loss:11.707	MRR:18.63	Hits@10:33.26	Best:18.65
2024-09-13 15:37:09,146 INFO    : Snapshot:2	2	3	Epoch:13	Loss:11.665	MRR:18.62	Hits@10:33.02	Best:18.65
2024-09-13 15:37:22,359 INFO    : Early Stopping! Snapshot:2 Epoch: 14 Best Results: 18.65
2024-09-13 15:37:22,471 INFO    : => loading checkpoint './checkpoint/HYBRID\2model_best.tar'
2024-09-13 15:37:35,614 INFO    : 
+------------+--------+--------+--------+--------+---------+
| Snapshot:2 |  MRR   | Hits@1 | Hits@3 | Hits@5 | Hits@10 |
+------------+--------+--------+--------+--------+---------+
|     0      | 0.2532 | 0.152  | 0.3054 | 0.3657 |  0.4362 |
|     1      | 0.2623 | 0.165  | 0.2993 | 0.3642 |  0.4521 |
|     2      | 0.1859 | 0.1132 | 0.209  | 0.2563 |  0.3261 |
+------------+--------+--------+--------+--------+---------+
2024-09-13 15:38:06,941 INFO    : Snapshot:3	0	3	Epoch:0	Loss:24.752	MRR:15.08	Hits@10:28.36	Best:15.08
2024-09-13 15:38:24,462 INFO    : Snapshot:3	0	3	Epoch:1	Loss:18.815	MRR:16.14	Hits@10:29.63	Best:16.14
2024-09-13 15:38:42,221 INFO    : Snapshot:3	0	3	Epoch:2	Loss:18.163	MRR:16.38	Hits@10:30.25	Best:16.38
2024-09-13 15:38:59,098 INFO    : Snapshot:3	0	3	Epoch:3	Loss:17.812	MRR:16.52	Hits@10:30.31	Best:16.52
2024-09-13 15:39:16,248 INFO    : Snapshot:3	0	3	Epoch:4	Loss:17.602	MRR:16.96	Hits@10:30.74	Best:16.96
2024-09-13 15:39:33,453 INFO    : Snapshot:3	1	3	Epoch:5	Loss:17.377	MRR:16.95	Hits@10:30.9	Best:16.96
2024-09-13 15:39:50,830 INFO    : Snapshot:3	0	3	Epoch:6	Loss:17.269	MRR:17.13	Hits@10:31.24	Best:17.13
2024-09-13 15:40:07,671 INFO    : Snapshot:3	0	3	Epoch:7	Loss:17.088	MRR:17.28	Hits@10:31.26	Best:17.28
2024-09-13 15:40:24,553 INFO    : Snapshot:3	0	3	Epoch:8	Loss:17.04	MRR:17.37	Hits@10:31.38	Best:17.37
2024-09-13 15:40:41,539 INFO    : Snapshot:3	1	3	Epoch:9	Loss:16.985	MRR:17.37	Hits@10:31.6	Best:17.37
2024-09-13 15:40:58,585 INFO    : Snapshot:3	0	3	Epoch:10	Loss:16.916	MRR:17.38	Hits@10:31.53	Best:17.38
2024-09-13 15:41:15,502 INFO    : Snapshot:3	0	3	Epoch:11	Loss:16.839	MRR:17.46	Hits@10:31.66	Best:17.46
2024-09-13 15:41:32,044 INFO    : Snapshot:3	1	3	Epoch:12	Loss:16.795	MRR:17.42	Hits@10:31.67	Best:17.46
2024-09-13 15:41:48,619 INFO    : Snapshot:3	0	3	Epoch:13	Loss:16.761	MRR:17.51	Hits@10:31.67	Best:17.51
2024-09-13 15:42:06,459 INFO    : Snapshot:3	1	3	Epoch:14	Loss:16.785	MRR:17.44	Hits@10:31.63	Best:17.51
2024-09-13 15:42:24,462 INFO    : Snapshot:3	0	3	Epoch:15	Loss:16.706	MRR:17.53	Hits@10:31.76	Best:17.53
2024-09-13 15:42:42,431 INFO    : Snapshot:3	1	3	Epoch:16	Loss:16.707	MRR:17.38	Hits@10:31.52	Best:17.53
2024-09-13 15:42:59,994 INFO    : Snapshot:3	0	3	Epoch:17	Loss:16.688	MRR:17.55	Hits@10:31.95	Best:17.55
2024-09-13 15:43:18,381 INFO    : Snapshot:3	0	3	Epoch:18	Loss:16.628	MRR:17.59	Hits@10:31.85	Best:17.59
2024-09-13 15:43:36,158 INFO    : Snapshot:3	1	3	Epoch:19	Loss:16.613	MRR:17.54	Hits@10:31.93	Best:17.59
2024-09-13 15:43:53,951 INFO    : Snapshot:3	2	3	Epoch:20	Loss:16.584	MRR:17.59	Hits@10:31.86	Best:17.59
2024-09-13 15:44:12,204 INFO    : Snapshot:3	0	3	Epoch:21	Loss:16.543	MRR:17.6	Hits@10:31.88	Best:17.6
2024-09-13 15:44:29,934 INFO    : Snapshot:3	0	3	Epoch:22	Loss:16.53	MRR:17.68	Hits@10:31.95	Best:17.68
2024-09-13 15:44:48,055 INFO    : Snapshot:3	1	3	Epoch:23	Loss:16.538	MRR:17.57	Hits@10:31.89	Best:17.68
2024-09-13 15:45:05,296 INFO    : Snapshot:3	2	3	Epoch:24	Loss:16.464	MRR:17.66	Hits@10:31.94	Best:17.68
2024-09-13 15:45:22,629 INFO    : Early Stopping! Snapshot:3 Epoch: 25 Best Results: 17.68
2024-09-13 15:45:22,742 INFO    : => loading checkpoint './checkpoint/HYBRID\3model_best.tar'
2024-09-13 15:45:46,430 INFO    : 
+------------+--------+--------+--------+--------+---------+
| Snapshot:3 |  MRR   | Hits@1 | Hits@3 | Hits@5 | Hits@10 |
+------------+--------+--------+--------+--------+---------+
|     0      | 0.2532 | 0.152  | 0.3054 | 0.3657 |  0.4362 |
|     1      | 0.2623 | 0.165  | 0.2993 | 0.3642 |  0.4521 |
|     2      | 0.1859 | 0.1132 | 0.209  | 0.2563 |  0.3261 |
|     3      | 0.177  | 0.1013 | 0.2068 | 0.2576 |  0.3212 |
+------------+--------+--------+--------+--------+---------+
2024-09-13 15:46:00,264 INFO    : Snapshot:4	0	3	Epoch:0	Loss:13.454	MRR:13.97	Hits@10:23.68	Best:13.97
2024-09-13 15:46:06,786 INFO    : Snapshot:4	0	3	Epoch:1	Loss:11.694	MRR:14.43	Hits@10:24.28	Best:14.43
2024-09-13 15:46:13,411 INFO    : Snapshot:4	0	3	Epoch:2	Loss:11.552	MRR:14.52	Hits@10:24.32	Best:14.52
2024-09-13 15:46:19,908 INFO    : Snapshot:4	1	3	Epoch:3	Loss:11.464	MRR:14.44	Hits@10:24.33	Best:14.52
2024-09-13 15:46:26,640 INFO    : Snapshot:4	2	3	Epoch:4	Loss:11.486	MRR:14.52	Hits@10:24.32	Best:14.52
2024-09-13 15:46:33,101 INFO    : Snapshot:4	0	3	Epoch:5	Loss:11.386	MRR:14.65	Hits@10:24.51	Best:14.65
2024-09-13 15:46:39,980 INFO    : Snapshot:4	0	3	Epoch:6	Loss:11.397	MRR:14.72	Hits@10:24.6	Best:14.72
2024-09-13 15:46:46,778 INFO    : Snapshot:4	1	3	Epoch:7	Loss:11.38	MRR:14.67	Hits@10:24.44	Best:14.72
2024-09-13 15:46:53,587 INFO    : Snapshot:4	2	3	Epoch:8	Loss:11.365	MRR:14.67	Hits@10:24.55	Best:14.72
2024-09-13 15:47:00,379 INFO    : Early Stopping! Snapshot:4 Epoch: 9 Best Results: 14.72
2024-09-13 15:47:00,470 INFO    : => loading checkpoint './checkpoint/HYBRID\4model_best.tar'
2024-09-13 15:47:28,630 INFO    : 
+------------+--------+--------+--------+--------+---------+
| Snapshot:4 |  MRR   | Hits@1 | Hits@3 | Hits@5 | Hits@10 |
+------------+--------+--------+--------+--------+---------+
|     0      | 0.2532 | 0.152  | 0.3054 | 0.3657 |  0.4362 |
|     1      | 0.2623 | 0.165  | 0.2993 | 0.3642 |  0.4521 |
|     2      | 0.1859 | 0.1132 | 0.209  | 0.2563 |  0.3261 |
|     3      | 0.177  | 0.1013 | 0.2068 | 0.2576 |  0.3212 |
|     4      | 0.1464 | 0.096  |  0.16  | 0.1948 |  0.2446 |
+------------+--------+--------+--------+--------+---------+
2024-09-13 15:47:28,631 INFO    : Final Result:
[+------------+--------+--------+--------+--------+---------+
| Snapshot:0 |  MRR   | Hits@1 | Hits@3 | Hits@5 | Hits@10 |
+------------+--------+--------+--------+--------+---------+
|     0      | 0.2532 | 0.152  | 0.3054 | 0.3657 |  0.4362 |
+------------+--------+--------+--------+--------+---------+, +------------+--------+--------+--------+--------+---------+
| Snapshot:1 |  MRR   | Hits@1 | Hits@3 | Hits@5 | Hits@10 |
+------------+--------+--------+--------+--------+---------+
|     0      | 0.2532 | 0.152  | 0.3054 | 0.3657 |  0.4362 |
|     1      | 0.2623 | 0.165  | 0.2993 | 0.3642 |  0.4521 |
+------------+--------+--------+--------+--------+---------+, +------------+--------+--------+--------+--------+---------+
| Snapshot:2 |  MRR   | Hits@1 | Hits@3 | Hits@5 | Hits@10 |
+------------+--------+--------+--------+--------+---------+
|     0      | 0.2532 | 0.152  | 0.3054 | 0.3657 |  0.4362 |
|     1      | 0.2623 | 0.165  | 0.2993 | 0.3642 |  0.4521 |
|     2      | 0.1859 | 0.1132 | 0.209  | 0.2563 |  0.3261 |
+------------+--------+--------+--------+--------+---------+, +------------+--------+--------+--------+--------+---------+
| Snapshot:3 |  MRR   | Hits@1 | Hits@3 | Hits@5 | Hits@10 |
+------------+--------+--------+--------+--------+---------+
|     0      | 0.2532 | 0.152  | 0.3054 | 0.3657 |  0.4362 |
|     1      | 0.2623 | 0.165  | 0.2993 | 0.3642 |  0.4521 |
|     2      | 0.1859 | 0.1132 | 0.209  | 0.2563 |  0.3261 |
|     3      | 0.177  | 0.1013 | 0.2068 | 0.2576 |  0.3212 |
+------------+--------+--------+--------+--------+---------+, +------------+--------+--------+--------+--------+---------+
| Snapshot:4 |  MRR   | Hits@1 | Hits@3 | Hits@5 | Hits@10 |
+------------+--------+--------+--------+--------+---------+
|     0      | 0.2532 | 0.152  | 0.3054 | 0.3657 |  0.4362 |
|     1      | 0.2623 | 0.165  | 0.2993 | 0.3642 |  0.4521 |
|     2      | 0.1859 | 0.1132 | 0.209  | 0.2563 |  0.3261 |
|     3      | 0.177  | 0.1013 | 0.2068 | 0.2576 |  0.3212 |
|     4      | 0.1464 | 0.096  |  0.16  | 0.1948 |  0.2446 |
+------------+--------+--------+--------+--------+---------+]
2024-09-13 15:47:28,632 INFO    : Report Result:
+----------+--------------------+-----------+--------------+--------------+---------------+
| Snapshot |        Time        | Whole_MRR | Whole_Hits@1 | Whole_Hits@3 | Whole_Hits@10 |
+----------+--------------------+-----------+--------------+--------------+---------------+
|    0     | 67.12400484085083  |   0.253   |    0.152     |    0.305     |     0.436     |
|    1     | 43.19139552116394  |   0.256   |    0.155     |    0.304     |      0.44     |
|    2     | 202.01004076004028 |   0.219   |    0.133     |    0.254     |      0.38     |
|    3     | 456.2098774909973  |   0.203   |    0.121     |    0.236     |     0.357     |
|    4     | 69.20345258712769  |   0.195   |    0.118     |    0.226     |     0.343     |
+----------+--------------------+-----------+--------------+--------------+---------------+
2024-09-13 15:47:28,632 INFO    : Sum_Training_Time:837.73877120018
2024-09-13 15:47:28,632 INFO    : Every_Training_Time:[67.12400484085083, 43.19139552116394, 202.01004076004028, 456.2098774909973, 69.20345258712769]
2024-09-13 15:47:28,632 INFO    : Forward transfer: 0.034975 Backward transfer: 0.0
