2024-09-13 12:50:24,326 INFO    : Namespace(batch_size=1024, data_path='./data/HYBRID/', dataset='HYBRID', debug=False, device=device(type='cuda', index=0), emb_dim=200, ent_r='200', epoch_num=200, explore=False, gpu='0', l2=0.0, learning_rate='1e-1', log_path='./logs/20240913125015/HYBRID', logger=<RootLogger root (INFO)>, margin=8.0, model_name='LoraKGE_Layers', multi_layers_path='train_sorted_by_edges_betweenness.txt', neg_ratio=10, note='', num_ent_layers='5', num_layer=1, num_rel_layers='1', patience=3, predict_result=False, r=100, r_fixed=True, random_seed=3407, record=False, rel_r='20', save_path='./checkpoint/HYBRID', skip_previous='False', snapshot_num=5, train_new=True, using_multi_layers=False, using_various_ranks='True', using_various_ranks_reverse=False, valid_metrics='mrr')
2024-09-13 12:50:33,786 INFO    : Snapshot:0	0	3	Epoch:0	Loss:37.229	MRR:14.76	Hits@10:28.92	Best:14.76
2024-09-13 12:50:39,470 INFO    : Snapshot:0	0	3	Epoch:1	Loss:18.611	MRR:22.47	Hits@10:40.38	Best:22.47
2024-09-13 12:50:45,429 INFO    : Snapshot:0	0	3	Epoch:2	Loss:8.665	MRR:25.05	Hits@10:43.96	Best:25.05
2024-09-13 12:50:51,329 INFO    : Snapshot:0	0	3	Epoch:3	Loss:4.555	MRR:25.63	Hits@10:44.96	Best:25.63
2024-09-13 12:50:57,203 INFO    : Snapshot:0	1	3	Epoch:4	Loss:2.778	MRR:25.59	Hits@10:44.87	Best:25.63
2024-09-13 12:51:03,159 INFO    : Snapshot:0	2	3	Epoch:5	Loss:1.937	MRR:25.27	Hits@10:44.8	Best:25.63
2024-09-13 12:51:08,963 INFO    : Early Stopping! Snapshot:0 Epoch: 6 Best Results: 25.63
2024-09-13 12:51:09,075 INFO    : => loading checkpoint './checkpoint/HYBRID\0model_best.tar'
2024-09-13 12:51:12,344 INFO    : 
+------------+--------+--------+--------+--------+---------+
| Snapshot:0 |  MRR   | Hits@1 | Hits@3 | Hits@5 | Hits@10 |
+------------+--------+--------+--------+--------+---------+
|     0      | 0.2558 | 0.1548 | 0.3079 | 0.3682 |  0.4392 |
+------------+--------+--------+--------+--------+---------+
2024-09-13 12:51:20,209 INFO    : Snapshot:1	0	3	Epoch:0	Loss:8.322	MRR:20.66	Hits@10:35.9	Best:20.66
2024-09-13 12:51:22,614 INFO    : Snapshot:1	0	3	Epoch:1	Loss:3.906	MRR:24.74	Hits@10:42.6	Best:24.74
2024-09-13 12:51:25,081 INFO    : Snapshot:1	0	3	Epoch:2	Loss:3.242	MRR:25.47	Hits@10:44.28	Best:25.47
2024-09-13 12:51:27,622 INFO    : Snapshot:1	0	3	Epoch:3	Loss:2.93	MRR:26.19	Hits@10:45.46	Best:26.19
2024-09-13 12:51:30,010 INFO    : Snapshot:1	0	3	Epoch:4	Loss:2.779	MRR:26.63	Hits@10:45.8	Best:26.63
2024-09-13 12:51:32,407 INFO    : Snapshot:1	0	3	Epoch:5	Loss:2.664	MRR:26.75	Hits@10:45.92	Best:26.75
2024-09-13 12:51:34,744 INFO    : Snapshot:1	0	3	Epoch:6	Loss:2.586	MRR:26.79	Hits@10:46.01	Best:26.79
2024-09-13 12:51:37,112 INFO    : Snapshot:1	0	3	Epoch:7	Loss:2.545	MRR:27.25	Hits@10:46.44	Best:27.25
2024-09-13 12:51:39,621 INFO    : Snapshot:1	0	3	Epoch:8	Loss:2.5	MRR:27.44	Hits@10:46.31	Best:27.44
2024-09-13 12:51:42,123 INFO    : Snapshot:1	1	3	Epoch:9	Loss:2.475	MRR:27.44	Hits@10:46.53	Best:27.44
2024-09-13 12:51:44,559 INFO    : Snapshot:1	2	3	Epoch:10	Loss:2.45	MRR:27.44	Hits@10:46.26	Best:27.44
2024-09-13 12:51:46,909 INFO    : Snapshot:1	0	3	Epoch:11	Loss:2.437	MRR:27.76	Hits@10:46.57	Best:27.76
2024-09-13 12:51:49,372 INFO    : Snapshot:1	1	3	Epoch:12	Loss:2.426	MRR:27.74	Hits@10:46.93	Best:27.76
2024-09-13 12:51:51,809 INFO    : Snapshot:1	0	3	Epoch:13	Loss:2.395	MRR:27.9	Hits@10:46.92	Best:27.9
2024-09-13 12:51:54,237 INFO    : Snapshot:1	1	3	Epoch:14	Loss:2.4	MRR:27.67	Hits@10:47.05	Best:27.9
2024-09-13 12:51:56,657 INFO    : Snapshot:1	2	3	Epoch:15	Loss:2.361	MRR:27.87	Hits@10:47.19	Best:27.9
2024-09-13 12:51:58,993 INFO    : Snapshot:1	0	3	Epoch:16	Loss:2.368	MRR:28.17	Hits@10:47.25	Best:28.17
2024-09-13 12:52:01,570 INFO    : Snapshot:1	1	3	Epoch:17	Loss:2.38	MRR:27.84	Hits@10:46.93	Best:28.17
2024-09-13 12:52:03,915 INFO    : Snapshot:1	2	3	Epoch:18	Loss:2.352	MRR:27.93	Hits@10:47.31	Best:28.17
2024-09-13 12:52:06,245 INFO    : Early Stopping! Snapshot:1 Epoch: 19 Best Results: 28.17
2024-09-13 12:52:06,366 INFO    : => loading checkpoint './checkpoint/HYBRID\1model_best.tar'
2024-09-13 12:52:11,680 INFO    : 
+------------+--------+--------+--------+--------+---------+
| Snapshot:1 |  MRR   | Hits@1 | Hits@3 | Hits@5 | Hits@10 |
+------------+--------+--------+--------+--------+---------+
|     0      | 0.2558 | 0.1548 | 0.3079 | 0.3682 |  0.4392 |
|     1      | 0.2733 | 0.1752 | 0.314  |  0.38  |  0.4643 |
+------------+--------+--------+--------+--------+---------+
2024-09-13 12:52:35,601 INFO    : Snapshot:2	0	3	Epoch:0	Loss:25.926	MRR:15.41	Hits@10:28.24	Best:15.41
2024-09-13 12:52:48,727 INFO    : Snapshot:2	0	3	Epoch:1	Loss:16.624	MRR:16.64	Hits@10:30.23	Best:16.64
2024-09-13 12:53:01,504 INFO    : Snapshot:2	0	3	Epoch:2	Loss:15.445	MRR:17.29	Hits@10:31.36	Best:17.29
2024-09-13 12:53:14,934 INFO    : Snapshot:2	0	3	Epoch:3	Loss:14.832	MRR:17.79	Hits@10:31.86	Best:17.79
2024-09-13 12:53:26,775 INFO    : Snapshot:2	1	3	Epoch:4	Loss:14.487	MRR:17.79	Hits@10:32.04	Best:17.79
2024-09-13 12:53:38,592 INFO    : Snapshot:2	0	3	Epoch:5	Loss:14.208	MRR:18.09	Hits@10:32.6	Best:18.09
2024-09-13 12:53:50,499 INFO    : Snapshot:2	0	3	Epoch:6	Loss:14.033	MRR:18.22	Hits@10:32.66	Best:18.22
2024-09-13 12:54:02,411 INFO    : Snapshot:2	0	3	Epoch:7	Loss:13.909	MRR:18.36	Hits@10:32.88	Best:18.36
2024-09-13 12:54:14,543 INFO    : Snapshot:2	0	3	Epoch:8	Loss:13.775	MRR:18.41	Hits@10:33.01	Best:18.41
2024-09-13 12:54:27,298 INFO    : Snapshot:2	0	3	Epoch:9	Loss:13.651	MRR:18.64	Hits@10:33.15	Best:18.64
2024-09-13 12:54:39,483 INFO    : Snapshot:2	0	3	Epoch:10	Loss:13.598	MRR:18.77	Hits@10:33.42	Best:18.77
2024-09-13 12:54:51,416 INFO    : Snapshot:2	1	3	Epoch:11	Loss:13.557	MRR:18.66	Hits@10:33.29	Best:18.77
2024-09-13 12:55:03,767 INFO    : Snapshot:2	2	3	Epoch:12	Loss:13.459	MRR:18.75	Hits@10:33.37	Best:18.77
2024-09-13 12:55:15,965 INFO    : Snapshot:2	0	3	Epoch:13	Loss:13.413	MRR:18.84	Hits@10:33.55	Best:18.84
2024-09-13 12:55:27,971 INFO    : Snapshot:2	0	3	Epoch:14	Loss:13.409	MRR:19.0	Hits@10:33.61	Best:19.0
2024-09-13 12:55:40,968 INFO    : Snapshot:2	1	3	Epoch:15	Loss:13.372	MRR:18.95	Hits@10:33.67	Best:19.0
2024-09-13 12:55:53,215 INFO    : Snapshot:2	2	3	Epoch:16	Loss:13.29	MRR:18.97	Hits@10:33.58	Best:19.0
2024-09-13 12:56:05,068 INFO    : Early Stopping! Snapshot:2 Epoch: 17 Best Results: 19.0
2024-09-13 12:56:05,187 INFO    : => loading checkpoint './checkpoint/HYBRID\2model_best.tar'
2024-09-13 12:56:18,022 INFO    : 
+------------+--------+--------+--------+--------+---------+
| Snapshot:2 |  MRR   | Hits@1 | Hits@3 | Hits@5 | Hits@10 |
+------------+--------+--------+--------+--------+---------+
|     0      | 0.2558 | 0.1548 | 0.3079 | 0.3682 |  0.4392 |
|     1      | 0.2733 | 0.1752 | 0.314  |  0.38  |  0.4643 |
|     2      | 0.188  | 0.1124 | 0.2144 | 0.2643 |  0.3344 |
+------------+--------+--------+--------+--------+---------+
2024-09-13 12:56:48,123 INFO    : Snapshot:3	0	3	Epoch:0	Loss:29.401	MRR:15.27	Hits@10:28.46	Best:15.27
2024-09-13 12:57:04,920 INFO    : Snapshot:3	0	3	Epoch:1	Loss:21.336	MRR:16.19	Hits@10:30.28	Best:16.19
2024-09-13 12:57:22,075 INFO    : Snapshot:3	0	3	Epoch:2	Loss:20.474	MRR:16.57	Hits@10:30.88	Best:16.57
2024-09-13 12:57:38,667 INFO    : Snapshot:3	0	3	Epoch:3	Loss:20.107	MRR:16.69	Hits@10:31.19	Best:16.69
2024-09-13 12:57:55,623 INFO    : Snapshot:3	0	3	Epoch:4	Loss:19.872	MRR:16.92	Hits@10:31.47	Best:16.92
2024-09-13 12:58:11,914 INFO    : Snapshot:3	0	3	Epoch:5	Loss:19.647	MRR:17.18	Hits@10:31.73	Best:17.18
2024-09-13 12:58:28,631 INFO    : Snapshot:3	1	3	Epoch:6	Loss:19.526	MRR:17.11	Hits@10:31.76	Best:17.18
2024-09-13 12:58:46,145 INFO    : Snapshot:3	2	3	Epoch:7	Loss:19.47	MRR:17.12	Hits@10:31.8	Best:17.18
2024-09-13 12:59:03,190 INFO    : Snapshot:3	0	3	Epoch:8	Loss:19.365	MRR:17.19	Hits@10:31.93	Best:17.19
2024-09-13 12:59:19,565 INFO    : Snapshot:3	0	3	Epoch:9	Loss:19.277	MRR:17.51	Hits@10:32.24	Best:17.51
2024-09-13 12:59:35,068 INFO    : Snapshot:3	0	3	Epoch:10	Loss:19.17	MRR:17.54	Hits@10:32.21	Best:17.54
2024-09-13 12:59:50,391 INFO    : Snapshot:3	1	3	Epoch:11	Loss:19.118	MRR:17.21	Hits@10:32.08	Best:17.54
2024-09-13 13:00:06,172 INFO    : Snapshot:3	2	3	Epoch:12	Loss:19.098	MRR:17.52	Hits@10:32.2	Best:17.54
2024-09-13 13:00:21,679 INFO    : Early Stopping! Snapshot:3 Epoch: 13 Best Results: 17.54
2024-09-13 13:00:21,784 INFO    : => loading checkpoint './checkpoint/HYBRID\3model_best.tar'
2024-09-13 13:00:45,080 INFO    : 
+------------+--------+--------+--------+--------+---------+
| Snapshot:3 |  MRR   | Hits@1 | Hits@3 | Hits@5 | Hits@10 |
+------------+--------+--------+--------+--------+---------+
|     0      | 0.2558 | 0.1548 | 0.3079 | 0.3682 |  0.4392 |
|     1      | 0.2733 | 0.1752 | 0.314  |  0.38  |  0.4643 |
|     2      | 0.188  | 0.1124 | 0.2144 | 0.2643 |  0.3344 |
|     3      | 0.1746 | 0.095  | 0.2087 | 0.2614 |  0.3249 |
+------------+--------+--------+--------+--------+---------+
2024-09-13 13:00:58,497 INFO    : Snapshot:4	0	3	Epoch:0	Loss:14.445	MRR:14.33	Hits@10:23.51	Best:14.33
2024-09-13 13:01:04,443 INFO    : Snapshot:4	0	3	Epoch:1	Loss:11.854	MRR:14.86	Hits@10:24.26	Best:14.86
2024-09-13 13:01:10,491 INFO    : Snapshot:4	0	3	Epoch:2	Loss:11.582	MRR:15.11	Hits@10:24.54	Best:15.11
2024-09-13 13:01:16,508 INFO    : Snapshot:4	0	3	Epoch:3	Loss:11.468	MRR:15.25	Hits@10:24.64	Best:15.25
2024-09-13 13:01:22,698 INFO    : Snapshot:4	0	3	Epoch:4	Loss:11.42	MRR:15.3	Hits@10:24.65	Best:15.3
2024-09-13 13:01:28,767 INFO    : Snapshot:4	0	3	Epoch:5	Loss:11.361	MRR:15.34	Hits@10:24.81	Best:15.34
2024-09-13 13:01:34,848 INFO    : Snapshot:4	0	3	Epoch:6	Loss:11.361	MRR:15.42	Hits@10:24.87	Best:15.42
2024-09-13 13:01:41,172 INFO    : Snapshot:4	0	3	Epoch:7	Loss:11.345	MRR:15.43	Hits@10:24.81	Best:15.43
2024-09-13 13:01:47,484 INFO    : Snapshot:4	0	3	Epoch:8	Loss:11.321	MRR:15.47	Hits@10:24.8	Best:15.47
2024-09-13 13:01:53,763 INFO    : Snapshot:4	1	3	Epoch:9	Loss:11.326	MRR:15.47	Hits@10:24.93	Best:15.47
2024-09-13 13:01:59,885 INFO    : Snapshot:4	2	3	Epoch:10	Loss:11.318	MRR:15.47	Hits@10:24.83	Best:15.47
2024-09-13 13:02:06,179 INFO    : Early Stopping! Snapshot:4 Epoch: 11 Best Results: 15.47
2024-09-13 13:02:06,300 INFO    : => loading checkpoint './checkpoint/HYBRID\4model_best.tar'
2024-09-13 13:02:33,793 INFO    : 
+------------+--------+--------+--------+--------+---------+
| Snapshot:4 |  MRR   | Hits@1 | Hits@3 | Hits@5 | Hits@10 |
+------------+--------+--------+--------+--------+---------+
|     0      | 0.2558 | 0.1548 | 0.3079 | 0.3682 |  0.4392 |
|     1      | 0.2733 | 0.1752 | 0.314  |  0.38  |  0.4643 |
|     2      | 0.188  | 0.1124 | 0.2144 | 0.2643 |  0.3344 |
|     3      | 0.1746 | 0.095  | 0.2087 | 0.2614 |  0.3249 |
|     4      | 0.1539 | 0.1041 | 0.1672 | 0.2007 |  0.246  |
+------------+--------+--------+--------+--------+---------+
2024-09-13 13:02:33,794 INFO    : Final Result:
[+------------+--------+--------+--------+--------+---------+
| Snapshot:0 |  MRR   | Hits@1 | Hits@3 | Hits@5 | Hits@10 |
+------------+--------+--------+--------+--------+---------+
|     0      | 0.2558 | 0.1548 | 0.3079 | 0.3682 |  0.4392 |
+------------+--------+--------+--------+--------+---------+, +------------+--------+--------+--------+--------+---------+
| Snapshot:1 |  MRR   | Hits@1 | Hits@3 | Hits@5 | Hits@10 |
+------------+--------+--------+--------+--------+---------+
|     0      | 0.2558 | 0.1548 | 0.3079 | 0.3682 |  0.4392 |
|     1      | 0.2733 | 0.1752 | 0.314  |  0.38  |  0.4643 |
+------------+--------+--------+--------+--------+---------+, +------------+--------+--------+--------+--------+---------+
| Snapshot:2 |  MRR   | Hits@1 | Hits@3 | Hits@5 | Hits@10 |
+------------+--------+--------+--------+--------+---------+
|     0      | 0.2558 | 0.1548 | 0.3079 | 0.3682 |  0.4392 |
|     1      | 0.2733 | 0.1752 | 0.314  |  0.38  |  0.4643 |
|     2      | 0.188  | 0.1124 | 0.2144 | 0.2643 |  0.3344 |
+------------+--------+--------+--------+--------+---------+, +------------+--------+--------+--------+--------+---------+
| Snapshot:3 |  MRR   | Hits@1 | Hits@3 | Hits@5 | Hits@10 |
+------------+--------+--------+--------+--------+---------+
|     0      | 0.2558 | 0.1548 | 0.3079 | 0.3682 |  0.4392 |
|     1      | 0.2733 | 0.1752 | 0.314  |  0.38  |  0.4643 |
|     2      | 0.188  | 0.1124 | 0.2144 | 0.2643 |  0.3344 |
|     3      | 0.1746 | 0.095  | 0.2087 | 0.2614 |  0.3249 |
+------------+--------+--------+--------+--------+---------+, +------------+--------+--------+--------+--------+---------+
| Snapshot:4 |  MRR   | Hits@1 | Hits@3 | Hits@5 | Hits@10 |
+------------+--------+--------+--------+--------+---------+
|     0      | 0.2558 | 0.1548 | 0.3079 | 0.3682 |  0.4392 |
|     1      | 0.2733 | 0.1752 | 0.314  |  0.38  |  0.4643 |
|     2      | 0.188  | 0.1124 | 0.2144 | 0.2643 |  0.3344 |
|     3      | 0.1746 | 0.095  | 0.2087 | 0.2614 |  0.3249 |
|     4      | 0.1539 | 0.1041 | 0.1672 | 0.2007 |  0.246  |
+------------+--------+--------+--------+--------+---------+]
2024-09-13 13:02:33,795 INFO    : Report Result:
+----------+--------------------+-----------+--------------+--------------+---------------+
| Snapshot |        Time        | Whole_MRR | Whole_Hits@1 | Whole_Hits@3 | Whole_Hits@10 |
+----------+--------------------+-----------+--------------+--------------+---------------+
|    0     | 44.63598585128784  |   0.256   |    0.155     |    0.308     |     0.439     |
|    1     | 51.515974044799805 |    0.26   |     0.16     |     0.31     |     0.446     |
|    2     | 225.85121393203735 |   0.222   |    0.135     |    0.259     |     0.387     |
|    3     | 233.06617665290833 |   0.204   |     0.12     |     0.24     |     0.363     |
|    4     | 76.41190361976624  |   0.197   |    0.118     |     0.23     |     0.348     |
+----------+--------------------+-----------+--------------+--------------+---------------+
2024-09-13 13:02:33,795 INFO    : Sum_Training_Time:631.4812541007996
2024-09-13 13:02:33,795 INFO    : Every_Training_Time:[44.63598585128784, 51.515974044799805, 225.85121393203735, 233.06617665290833, 76.41190361976624]
2024-09-13 13:02:33,796 INFO    : Forward transfer: 0.036375 Backward transfer: 0.0
