2024-09-12 17:50:25,314 INFO    : Namespace(batch_size=1024, data_path='./data/HYBRID/', dataset='HYBRID', debug=False, device=device(type='cuda', index=0), emb_dim=200, ent_r='200', epoch_num=200, explore=False, gpu='0', l2=0.0, learning_rate='3e-1', log_path='./logs/20240912175017/HYBRID', logger=<RootLogger root (INFO)>, margin=8.0, model_name='LoraKGE_Layers', multi_layers_path='train_sorted_by_edges_betweenness.txt', neg_ratio=10, note='', num_ent_layers='10', num_layer=1, num_rel_layers='1', patience=3, predict_result=False, r=100, r_fixed=True, random_seed=3407, record=False, rel_r='20', save_path='./checkpoint/HYBRID', skip_previous='False', snapshot_num=5, train_new=True, using_multi_layers=False, using_various_ranks='True', using_various_ranks_reverse=False, valid_metrics='mrr')
2024-09-12 17:50:33,338 INFO    : Snapshot:0	0	3	Epoch:0	Loss:41.71	MRR:8.75	Hits@10:20.52	Best:8.75
2024-09-12 17:50:38,660 INFO    : Snapshot:0	0	3	Epoch:1	Loss:28.429	MRR:15.57	Hits@10:30.78	Best:15.57
2024-09-12 17:50:43,973 INFO    : Snapshot:0	0	3	Epoch:2	Loss:18.068	MRR:20.81	Hits@10:37.81	Best:20.81
2024-09-12 17:50:49,184 INFO    : Snapshot:0	0	3	Epoch:3	Loss:10.959	MRR:23.3	Hits@10:41.12	Best:23.3
2024-09-12 17:50:54,343 INFO    : Snapshot:0	0	3	Epoch:4	Loss:6.919	MRR:24.72	Hits@10:42.86	Best:24.72
2024-09-12 17:50:59,841 INFO    : Snapshot:0	0	3	Epoch:5	Loss:4.64	MRR:25.0	Hits@10:43.85	Best:25.0
2024-09-12 17:51:05,118 INFO    : Snapshot:0	0	3	Epoch:6	Loss:3.342	MRR:25.24	Hits@10:44.32	Best:25.24
2024-09-12 17:51:10,268 INFO    : Snapshot:0	1	3	Epoch:7	Loss:2.518	MRR:25.17	Hits@10:44.55	Best:25.24
2024-09-12 17:51:15,461 INFO    : Snapshot:0	0	3	Epoch:8	Loss:2.002	MRR:25.29	Hits@10:44.55	Best:25.29
2024-09-12 17:51:20,640 INFO    : Snapshot:0	1	3	Epoch:9	Loss:1.644	MRR:25.27	Hits@10:44.55	Best:25.29
2024-09-12 17:51:25,781 INFO    : Snapshot:0	2	3	Epoch:10	Loss:1.391	MRR:25.02	Hits@10:44.6	Best:25.29
2024-09-12 17:51:31,038 INFO    : Early Stopping! Snapshot:0 Epoch: 11 Best Results: 25.29
2024-09-12 17:51:31,128 INFO    : => loading checkpoint './checkpoint/HYBRID\0model_best.tar'
2024-09-12 17:51:34,403 INFO    : 
+------------+--------+--------+--------+--------+---------+
| Snapshot:0 |  MRR   | Hits@1 | Hits@3 | Hits@5 | Hits@10 |
+------------+--------+--------+--------+--------+---------+
|     0      | 0.2532 | 0.152  | 0.3054 | 0.3657 |  0.4362 |
+------------+--------+--------+--------+--------+---------+
2024-09-12 17:51:40,902 INFO    : Snapshot:1	0	3	Epoch:0	Loss:6.366	MRR:20.79	Hits@10:37.52	Best:20.79
2024-09-12 17:51:43,231 INFO    : Snapshot:1	0	3	Epoch:1	Loss:3.134	MRR:23.94	Hits@10:42.14	Best:23.94
2024-09-12 17:51:45,577 INFO    : Snapshot:1	0	3	Epoch:2	Loss:2.65	MRR:24.67	Hits@10:43.59	Best:24.67
2024-09-12 17:51:47,911 INFO    : Snapshot:1	0	3	Epoch:3	Loss:2.465	MRR:25.97	Hits@10:44.63	Best:25.97
2024-09-12 17:51:50,294 INFO    : Snapshot:1	0	3	Epoch:4	Loss:2.38	MRR:26.04	Hits@10:45.38	Best:26.04
2024-09-12 17:51:52,614 INFO    : Snapshot:1	1	3	Epoch:5	Loss:2.307	MRR:26.04	Hits@10:45.56	Best:26.04
2024-09-12 17:51:54,891 INFO    : Snapshot:1	2	3	Epoch:6	Loss:2.24	MRR:26.0	Hits@10:45.28	Best:26.04
2024-09-12 17:51:57,189 INFO    : Early Stopping! Snapshot:1 Epoch: 7 Best Results: 26.04
2024-09-12 17:51:57,277 INFO    : => loading checkpoint './checkpoint/HYBRID\1model_best.tar'
2024-09-12 17:52:02,325 INFO    : 
+------------+--------+--------+--------+--------+---------+
| Snapshot:1 |  MRR   | Hits@1 | Hits@3 | Hits@5 | Hits@10 |
+------------+--------+--------+--------+--------+---------+
|     0      | 0.2532 | 0.152  | 0.3054 | 0.3657 |  0.4362 |
|     1      | 0.2534 | 0.1596 | 0.2862 | 0.3543 |  0.445  |
+------------+--------+--------+--------+--------+---------+
2024-09-12 17:52:24,409 INFO    : Snapshot:2	0	3	Epoch:0	Loss:21.558	MRR:15.14	Hits@10:27.73	Best:15.14
2024-09-12 17:52:36,402 INFO    : Snapshot:2	0	3	Epoch:1	Loss:14.403	MRR:15.93	Hits@10:29.46	Best:15.93
2024-09-12 17:52:48,572 INFO    : Snapshot:2	0	3	Epoch:2	Loss:13.486	MRR:16.55	Hits@10:30.28	Best:16.55
2024-09-12 17:53:00,550 INFO    : Snapshot:2	0	3	Epoch:3	Loss:12.961	MRR:17.01	Hits@10:31.04	Best:17.01
2024-09-12 17:53:12,784 INFO    : Snapshot:2	0	3	Epoch:4	Loss:12.685	MRR:17.5	Hits@10:31.51	Best:17.5
2024-09-12 17:53:24,375 INFO    : Snapshot:2	0	3	Epoch:5	Loss:12.447	MRR:17.63	Hits@10:31.8	Best:17.63
2024-09-12 17:53:35,993 INFO    : Snapshot:2	0	3	Epoch:6	Loss:12.279	MRR:17.66	Hits@10:31.83	Best:17.66
2024-09-12 17:53:47,761 INFO    : Snapshot:2	0	3	Epoch:7	Loss:12.133	MRR:17.86	Hits@10:31.86	Best:17.86
2024-09-12 17:53:59,726 INFO    : Snapshot:2	0	3	Epoch:8	Loss:12.072	MRR:18.05	Hits@10:32.31	Best:18.05
2024-09-12 17:54:11,745 INFO    : Snapshot:2	0	3	Epoch:9	Loss:11.948	MRR:18.25	Hits@10:32.18	Best:18.25
2024-09-12 17:54:23,943 INFO    : Snapshot:2	0	3	Epoch:10	Loss:11.862	MRR:18.3	Hits@10:32.52	Best:18.3
2024-09-12 17:54:36,512 INFO    : Snapshot:2	1	3	Epoch:11	Loss:11.843	MRR:18.26	Hits@10:32.4	Best:18.3
2024-09-12 17:54:48,831 INFO    : Snapshot:2	2	3	Epoch:12	Loss:11.724	MRR:18.15	Hits@10:32.45	Best:18.3
2024-09-12 17:55:01,082 INFO    : Snapshot:2	0	3	Epoch:13	Loss:11.716	MRR:18.46	Hits@10:32.72	Best:18.46
2024-09-12 17:55:13,417 INFO    : Snapshot:2	1	3	Epoch:14	Loss:11.66	MRR:18.38	Hits@10:32.82	Best:18.46
2024-09-12 17:55:25,742 INFO    : Snapshot:2	2	3	Epoch:15	Loss:11.636	MRR:18.35	Hits@10:32.65	Best:18.46
2024-09-12 17:55:37,836 INFO    : Snapshot:2	0	3	Epoch:16	Loss:11.6	MRR:18.52	Hits@10:32.63	Best:18.52
2024-09-12 17:55:50,585 INFO    : Snapshot:2	1	3	Epoch:17	Loss:11.548	MRR:18.37	Hits@10:32.69	Best:18.52
2024-09-12 17:56:03,155 INFO    : Snapshot:2	0	3	Epoch:18	Loss:11.532	MRR:18.76	Hits@10:32.99	Best:18.76
2024-09-12 17:56:15,639 INFO    : Snapshot:2	1	3	Epoch:19	Loss:11.46	MRR:18.43	Hits@10:32.7	Best:18.76
2024-09-12 17:56:28,032 INFO    : Snapshot:2	2	3	Epoch:20	Loss:11.487	MRR:18.53	Hits@10:32.6	Best:18.76
2024-09-12 17:56:40,200 INFO    : Early Stopping! Snapshot:2 Epoch: 21 Best Results: 18.76
2024-09-12 17:56:40,295 INFO    : => loading checkpoint './checkpoint/HYBRID\2model_best.tar'
2024-09-12 17:56:52,334 INFO    : 
+------------+--------+--------+--------+--------+---------+
| Snapshot:2 |  MRR   | Hits@1 | Hits@3 | Hits@5 | Hits@10 |
+------------+--------+--------+--------+--------+---------+
|     0      | 0.2532 | 0.152  | 0.3054 | 0.3657 |  0.4362 |
|     1      | 0.2534 | 0.1596 | 0.2862 | 0.3543 |  0.445  |
|     2      | 0.1866 | 0.1152 | 0.2085 | 0.2578 |  0.3254 |
+------------+--------+--------+--------+--------+---------+
2024-09-12 17:57:20,738 INFO    : Snapshot:3	0	3	Epoch:0	Loss:24.653	MRR:15.12	Hits@10:27.85	Best:15.12
2024-09-12 17:57:36,490 INFO    : Snapshot:3	0	3	Epoch:1	Loss:18.683	MRR:15.79	Hits@10:29.11	Best:15.79
2024-09-12 17:57:52,230 INFO    : Snapshot:3	0	3	Epoch:2	Loss:18.001	MRR:16.12	Hits@10:29.86	Best:16.12
2024-09-12 17:58:08,401 INFO    : Snapshot:3	0	3	Epoch:3	Loss:17.685	MRR:16.5	Hits@10:30.45	Best:16.5
2024-09-12 17:58:24,340 INFO    : Snapshot:3	0	3	Epoch:4	Loss:17.431	MRR:16.62	Hits@10:30.68	Best:16.62
2024-09-12 17:58:40,306 INFO    : Snapshot:3	0	3	Epoch:5	Loss:17.228	MRR:16.88	Hits@10:30.98	Best:16.88
2024-09-12 17:58:56,777 INFO    : Snapshot:3	0	3	Epoch:6	Loss:17.131	MRR:17.12	Hits@10:31.21	Best:17.12
2024-09-12 17:59:12,657 INFO    : Snapshot:3	0	3	Epoch:7	Loss:17.002	MRR:17.16	Hits@10:31.19	Best:17.16
2024-09-12 17:59:28,081 INFO    : Snapshot:3	1	3	Epoch:8	Loss:16.945	MRR:17.04	Hits@10:31.17	Best:17.16
2024-09-12 17:59:43,707 INFO    : Snapshot:3	2	3	Epoch:9	Loss:16.919	MRR:17.13	Hits@10:31.43	Best:17.16
2024-09-12 17:59:59,536 INFO    : Early Stopping! Snapshot:3 Epoch: 10 Best Results: 17.16
2024-09-12 17:59:59,627 INFO    : => loading checkpoint './checkpoint/HYBRID\3model_best.tar'
2024-09-12 18:00:22,224 INFO    : 
+------------+--------+--------+--------+--------+---------+
| Snapshot:3 |  MRR   | Hits@1 | Hits@3 | Hits@5 | Hits@10 |
+------------+--------+--------+--------+--------+---------+
|     0      | 0.2532 | 0.152  | 0.3054 | 0.3657 |  0.4362 |
|     1      | 0.2534 | 0.1596 | 0.2862 | 0.3543 |  0.445  |
|     2      | 0.1866 | 0.1152 | 0.2085 | 0.2578 |  0.3254 |
|     3      | 0.1695 | 0.0953 | 0.1974 | 0.2483 |  0.3133 |
+------------+--------+--------+--------+--------+---------+
2024-09-12 18:00:35,281 INFO    : Snapshot:4	0	3	Epoch:0	Loss:13.15	MRR:14.31	Hits@10:23.62	Best:14.31
2024-09-12 18:00:41,278 INFO    : Snapshot:4	0	3	Epoch:1	Loss:11.385	MRR:14.65	Hits@10:24.12	Best:14.65
2024-09-12 18:00:47,254 INFO    : Snapshot:4	0	3	Epoch:2	Loss:11.193	MRR:14.71	Hits@10:24.19	Best:14.71
2024-09-12 18:00:53,020 INFO    : Snapshot:4	0	3	Epoch:3	Loss:11.111	MRR:14.92	Hits@10:24.24	Best:14.92
2024-09-12 18:00:58,760 INFO    : Snapshot:4	1	3	Epoch:4	Loss:11.094	MRR:14.78	Hits@10:24.13	Best:14.92
2024-09-12 18:01:04,568 INFO    : Snapshot:4	2	3	Epoch:5	Loss:11.044	MRR:14.82	Hits@10:24.05	Best:14.92
2024-09-12 18:01:10,337 INFO    : Snapshot:4	0	3	Epoch:6	Loss:11.048	MRR:15.0	Hits@10:24.12	Best:15.0
2024-09-12 18:01:16,494 INFO    : Snapshot:4	1	3	Epoch:7	Loss:11.027	MRR:14.98	Hits@10:24.12	Best:15.0
2024-09-12 18:01:23,136 INFO    : Snapshot:4	2	3	Epoch:8	Loss:11.034	MRR:14.96	Hits@10:24.12	Best:15.0
2024-09-12 18:01:29,806 INFO    : Early Stopping! Snapshot:4 Epoch: 9 Best Results: 15.0
2024-09-12 18:01:29,897 INFO    : => loading checkpoint './checkpoint/HYBRID\4model_best.tar'
2024-09-12 18:01:59,856 INFO    : 
+------------+--------+--------+--------+--------+---------+
| Snapshot:4 |  MRR   | Hits@1 | Hits@3 | Hits@5 | Hits@10 |
+------------+--------+--------+--------+--------+---------+
|     0      | 0.2532 | 0.152  | 0.3054 | 0.3657 |  0.4362 |
|     1      | 0.2534 | 0.1596 | 0.2862 | 0.3543 |  0.445  |
|     2      | 0.1866 | 0.1152 | 0.2085 | 0.2578 |  0.3254 |
|     3      | 0.1695 | 0.0953 | 0.1974 | 0.2483 |  0.3133 |
|     4      | 0.1502 | 0.1018 | 0.1642 | 0.1967 |  0.2394 |
+------------+--------+--------+--------+--------+---------+
2024-09-12 18:01:59,857 INFO    : Final Result:
[+------------+--------+--------+--------+--------+---------+
| Snapshot:0 |  MRR   | Hits@1 | Hits@3 | Hits@5 | Hits@10 |
+------------+--------+--------+--------+--------+---------+
|     0      | 0.2532 | 0.152  | 0.3054 | 0.3657 |  0.4362 |
+------------+--------+--------+--------+--------+---------+, +------------+--------+--------+--------+--------+---------+
| Snapshot:1 |  MRR   | Hits@1 | Hits@3 | Hits@5 | Hits@10 |
+------------+--------+--------+--------+--------+---------+
|     0      | 0.2532 | 0.152  | 0.3054 | 0.3657 |  0.4362 |
|     1      | 0.2534 | 0.1596 | 0.2862 | 0.3543 |  0.445  |
+------------+--------+--------+--------+--------+---------+, +------------+--------+--------+--------+--------+---------+
| Snapshot:2 |  MRR   | Hits@1 | Hits@3 | Hits@5 | Hits@10 |
+------------+--------+--------+--------+--------+---------+
|     0      | 0.2532 | 0.152  | 0.3054 | 0.3657 |  0.4362 |
|     1      | 0.2534 | 0.1596 | 0.2862 | 0.3543 |  0.445  |
|     2      | 0.1866 | 0.1152 | 0.2085 | 0.2578 |  0.3254 |
+------------+--------+--------+--------+--------+---------+, +------------+--------+--------+--------+--------+---------+
| Snapshot:3 |  MRR   | Hits@1 | Hits@3 | Hits@5 | Hits@10 |
+------------+--------+--------+--------+--------+---------+
|     0      | 0.2532 | 0.152  | 0.3054 | 0.3657 |  0.4362 |
|     1      | 0.2534 | 0.1596 | 0.2862 | 0.3543 |  0.445  |
|     2      | 0.1866 | 0.1152 | 0.2085 | 0.2578 |  0.3254 |
|     3      | 0.1695 | 0.0953 | 0.1974 | 0.2483 |  0.3133 |
+------------+--------+--------+--------+--------+---------+, +------------+--------+--------+--------+--------+---------+
| Snapshot:4 |  MRR   | Hits@1 | Hits@3 | Hits@5 | Hits@10 |
+------------+--------+--------+--------+--------+---------+
|     0      | 0.2532 | 0.152  | 0.3054 | 0.3657 |  0.4362 |
|     1      | 0.2534 | 0.1596 | 0.2862 | 0.3543 |  0.445  |
|     2      | 0.1866 | 0.1152 | 0.2085 | 0.2578 |  0.3254 |
|     3      | 0.1695 | 0.0953 | 0.1974 | 0.2483 |  0.3133 |
|     4      | 0.1502 | 0.1018 | 0.1642 | 0.1967 |  0.2394 |
+------------+--------+--------+--------+--------+---------+]
2024-09-12 18:01:59,858 INFO    : Report Result:
+----------+--------------------+-----------+--------------+--------------+---------------+
| Snapshot |        Time        | Whole_MRR | Whole_Hits@1 | Whole_Hits@3 | Whole_Hits@10 |
+----------+--------------------+-----------+--------------+--------------+---------------+
|    0     | 65.72301411628723  |   0.253   |    0.152     |    0.305     |     0.436     |
|    1     | 20.92025375366211  |   0.253   |    0.154     |     0.3      |     0.439     |
|    2     | 270.6331615447998  |   0.218   |    0.133     |    0.252     |     0.379     |
|    3     | 177.29309344291687 |   0.199   |    0.119     |    0.231     |     0.354     |
|    4     | 63.17553663253784  |   0.193   |    0.117     |    0.222     |     0.339     |
+----------+--------------------+-----------+--------------+--------------+---------------+
2024-09-12 18:01:59,858 INFO    : Sum_Training_Time:597.7450594902039
2024-09-12 18:01:59,858 INFO    : Every_Training_Time:[65.72301411628723, 20.92025375366211, 270.6331615447998, 177.29309344291687, 63.17553663253784]
2024-09-12 18:01:59,858 INFO    : Forward transfer: 0.034675000000000004 Backward transfer: 0.0
