2024-09-24 17:02:39,752 INFO    : Namespace(batch_size=1024, data_path='./data/FB_CKGE/', dataset='FB_CKGE', debug=False, device=device(type='cuda', index=0), emb_dim=200, ent_r='150', epoch_num=200, explore=False, gpu='0', l2=0.0, learning_rate='1e-1', log_path='./logs/20240924170229/FB_CKGE', logger=<RootLogger root (INFO)>, margin=8.0, model_name='LoraKGE_Layers', multi_layers_path='train_sorted_by_edges_betweenness.txt', neg_ratio=10, note='', num_ent_layers='5', num_layer=1, num_rel_layers='1', patience=3, predict_result='True', r=100, r_fixed=True, random_seed=3407, record=False, rel_r='20', save_path='./checkpoint/FB_CKGE', skip_previous='False', snapshot_num=5, train_new=True, using_multi_layers=False, using_various_ranks='True', using_various_ranks_reverse=False, valid_metrics='mrr')
2024-09-24 17:02:59,940 INFO    : Snapshot:0	0	3	Epoch:0	Loss:91.268	MRR:22.64	Hits@10:42.62	Best:22.64
2024-09-24 17:03:16,305 INFO    : Snapshot:0	0	3	Epoch:1	Loss:17.198	MRR:24.74	Hits@10:45.16	Best:24.74
2024-09-24 17:03:32,618 INFO    : Snapshot:0	1	3	Epoch:2	Loss:7.016	MRR:23.93	Hits@10:44.13	Best:24.74
2024-09-24 17:03:48,842 INFO    : Snapshot:0	2	3	Epoch:3	Loss:4.7	MRR:23.72	Hits@10:43.5	Best:24.74
2024-09-24 17:04:05,474 INFO    : Early Stopping! Snapshot:0 Epoch: 4 Best Results: 24.74
2024-09-24 17:04:05,583 INFO    : => loading checkpoint './checkpoint/FB_CKGE\0model_best.tar'
2024-09-24 17:04:24,315 INFO    : 
+------------+-------+--------+--------+--------+---------+
| Snapshot:0 |  MRR  | Hits@1 | Hits@3 | Hits@5 | Hits@10 |
+------------+-------+--------+--------+--------+---------+
|     0      | 0.246 | 0.1419 | 0.2865 |  0.36  |  0.452  |
+------------+-------+--------+--------+--------+---------+
2024-09-24 17:04:35,122 INFO    : Snapshot:1	0	3	Epoch:0	Loss:9.148	MRR:11.1	Hits@10:19.95	Best:11.1
2024-09-24 17:04:38,713 INFO    : Snapshot:1	0	3	Epoch:1	Loss:2.701	MRR:13.0	Hits@10:24.72	Best:13.0
2024-09-24 17:04:42,209 INFO    : Snapshot:1	0	3	Epoch:2	Loss:1.85	MRR:13.98	Hits@10:26.79	Best:13.98
2024-09-24 17:04:45,692 INFO    : Snapshot:1	0	3	Epoch:3	Loss:1.503	MRR:14.76	Hits@10:28.07	Best:14.76
2024-09-24 17:04:49,207 INFO    : Snapshot:1	0	3	Epoch:4	Loss:1.303	MRR:15.08	Hits@10:28.74	Best:15.08
2024-09-24 17:04:52,701 INFO    : Snapshot:1	0	3	Epoch:5	Loss:1.138	MRR:15.4	Hits@10:29.05	Best:15.4
2024-09-24 17:04:56,193 INFO    : Snapshot:1	0	3	Epoch:6	Loss:1.044	MRR:15.6	Hits@10:29.82	Best:15.6
2024-09-24 17:04:59,705 INFO    : Snapshot:1	0	3	Epoch:7	Loss:0.951	MRR:15.75	Hits@10:29.73	Best:15.75
2024-09-24 17:05:03,224 INFO    : Snapshot:1	0	3	Epoch:8	Loss:0.914	MRR:15.92	Hits@10:29.97	Best:15.92
2024-09-24 17:05:06,744 INFO    : Snapshot:1	0	3	Epoch:9	Loss:0.835	MRR:16.09	Hits@10:30.27	Best:16.09
2024-09-24 17:05:10,298 INFO    : Snapshot:1	0	3	Epoch:10	Loss:0.81	MRR:16.17	Hits@10:30.7	Best:16.17
2024-09-24 17:05:13,823 INFO    : Snapshot:1	1	3	Epoch:11	Loss:0.772	MRR:16.15	Hits@10:30.59	Best:16.17
2024-09-24 17:05:17,327 INFO    : Snapshot:1	0	3	Epoch:12	Loss:0.751	MRR:16.22	Hits@10:30.73	Best:16.22
2024-09-24 17:05:20,834 INFO    : Snapshot:1	0	3	Epoch:13	Loss:0.719	MRR:16.49	Hits@10:30.8	Best:16.49
2024-09-24 17:05:24,345 INFO    : Snapshot:1	1	3	Epoch:14	Loss:0.707	MRR:16.27	Hits@10:31.01	Best:16.49
2024-09-24 17:05:27,817 INFO    : Snapshot:1	2	3	Epoch:15	Loss:0.687	MRR:16.48	Hits@10:31.01	Best:16.49
2024-09-24 17:05:31,269 INFO    : Snapshot:1	0	3	Epoch:16	Loss:0.663	MRR:16.54	Hits@10:31.21	Best:16.54
2024-09-24 17:05:34,737 INFO    : Snapshot:1	0	3	Epoch:17	Loss:0.645	MRR:16.59	Hits@10:31.07	Best:16.59
2024-09-24 17:05:38,205 INFO    : Snapshot:1	1	3	Epoch:18	Loss:0.634	MRR:16.58	Hits@10:31.31	Best:16.59
2024-09-24 17:05:41,627 INFO    : Snapshot:1	2	3	Epoch:19	Loss:0.617	MRR:16.55	Hits@10:31.24	Best:16.59
2024-09-24 17:05:45,080 INFO    : Snapshot:1	0	3	Epoch:20	Loss:0.608	MRR:16.7	Hits@10:31.54	Best:16.7
2024-09-24 17:05:48,512 INFO    : Snapshot:1	0	3	Epoch:21	Loss:0.603	MRR:16.8	Hits@10:31.88	Best:16.8
2024-09-24 17:05:52,224 INFO    : Snapshot:1	0	3	Epoch:22	Loss:0.6	MRR:16.83	Hits@10:31.59	Best:16.83
2024-09-24 17:05:55,888 INFO    : Snapshot:1	0	3	Epoch:23	Loss:0.589	MRR:16.86	Hits@10:31.53	Best:16.86
2024-09-24 17:05:59,615 INFO    : Snapshot:1	1	3	Epoch:24	Loss:0.56	MRR:16.79	Hits@10:31.63	Best:16.86
2024-09-24 17:06:03,347 INFO    : Snapshot:1	2	3	Epoch:25	Loss:0.57	MRR:16.69	Hits@10:31.78	Best:16.86
2024-09-24 17:06:07,131 INFO    : Early Stopping! Snapshot:1 Epoch: 26 Best Results: 16.86
2024-09-24 17:06:07,242 INFO    : => loading checkpoint './checkpoint/FB_CKGE\1model_best.tar'
2024-09-24 17:06:32,742 INFO    : 
+------------+--------+--------+--------+--------+---------+
| Snapshot:1 |  MRR   | Hits@1 | Hits@3 | Hits@5 | Hits@10 |
+------------+--------+--------+--------+--------+---------+
|     0      | 0.246  | 0.1419 | 0.2865 |  0.36  |  0.452  |
|     1      | 0.1765 | 0.105  | 0.1918 | 0.2458 |  0.3195 |
+------------+--------+--------+--------+--------+---------+
2024-09-24 17:06:44,461 INFO    : Snapshot:2	0	3	Epoch:0	Loss:6.577	MRR:17.25	Hits@10:30.55	Best:17.25
2024-09-24 17:06:48,455 INFO    : Snapshot:2	0	3	Epoch:1	Loss:2.953	MRR:17.36	Hits@10:30.93	Best:17.36
2024-09-24 17:06:52,603 INFO    : Snapshot:2	0	3	Epoch:2	Loss:2.524	MRR:17.68	Hits@10:31.27	Best:17.68
2024-09-24 17:06:56,666 INFO    : Snapshot:2	0	3	Epoch:3	Loss:2.311	MRR:17.69	Hits@10:31.35	Best:17.69
2024-09-24 17:07:00,640 INFO    : Snapshot:2	0	3	Epoch:4	Loss:2.2	MRR:17.92	Hits@10:31.63	Best:17.92
2024-09-24 17:07:04,602 INFO    : Snapshot:2	1	3	Epoch:5	Loss:2.122	MRR:17.86	Hits@10:31.67	Best:17.92
2024-09-24 17:07:08,471 INFO    : Snapshot:2	2	3	Epoch:6	Loss:2.044	MRR:17.87	Hits@10:31.68	Best:17.92
2024-09-24 17:07:12,531 INFO    : Snapshot:2	0	3	Epoch:7	Loss:2.0	MRR:18.03	Hits@10:31.72	Best:18.03
2024-09-24 17:07:16,595 INFO    : Snapshot:2	1	3	Epoch:8	Loss:1.965	MRR:17.96	Hits@10:31.8	Best:18.03
2024-09-24 17:07:20,706 INFO    : Snapshot:2	0	3	Epoch:9	Loss:1.935	MRR:18.09	Hits@10:31.91	Best:18.09
2024-09-24 17:07:24,812 INFO    : Snapshot:2	1	3	Epoch:10	Loss:1.926	MRR:18.03	Hits@10:31.9	Best:18.09
2024-09-24 17:07:28,775 INFO    : Snapshot:2	2	3	Epoch:11	Loss:1.896	MRR:18.04	Hits@10:32.03	Best:18.09
2024-09-24 17:07:32,662 INFO    : Snapshot:2	0	3	Epoch:12	Loss:1.857	MRR:18.12	Hits@10:31.98	Best:18.12
2024-09-24 17:07:36,521 INFO    : Snapshot:2	1	3	Epoch:13	Loss:1.866	MRR:18.04	Hits@10:32.02	Best:18.12
2024-09-24 17:07:40,392 INFO    : Snapshot:2	2	3	Epoch:14	Loss:1.85	MRR:18.11	Hits@10:32.03	Best:18.12
2024-09-24 17:07:44,270 INFO    : Early Stopping! Snapshot:2 Epoch: 15 Best Results: 18.12
2024-09-24 17:07:44,392 INFO    : => loading checkpoint './checkpoint/FB_CKGE\2model_best.tar'
2024-09-24 17:08:10,669 INFO    : 
+------------+--------+--------+--------+--------+---------+
| Snapshot:2 |  MRR   | Hits@1 | Hits@3 | Hits@5 | Hits@10 |
+------------+--------+--------+--------+--------+---------+
|     0      | 0.246  | 0.1419 | 0.2865 |  0.36  |  0.452  |
|     1      | 0.1765 | 0.105  | 0.1918 | 0.2458 |  0.3195 |
|     2      | 0.1774 | 0.1063 | 0.1975 | 0.2467 |  0.3155 |
+------------+--------+--------+--------+--------+---------+
2024-09-24 17:08:22,322 INFO    : Snapshot:3	0	3	Epoch:0	Loss:4.802	MRR:18.8	Hits@10:32.27	Best:18.8
2024-09-24 17:08:26,556 INFO    : Snapshot:3	0	3	Epoch:1	Loss:3.106	MRR:18.82	Hits@10:32.19	Best:18.82
2024-09-24 17:08:30,742 INFO    : Snapshot:3	0	3	Epoch:2	Loss:2.849	MRR:18.89	Hits@10:32.34	Best:18.89
2024-09-24 17:08:34,980 INFO    : Snapshot:3	0	3	Epoch:3	Loss:2.778	MRR:18.9	Hits@10:32.47	Best:18.9
2024-09-24 17:08:39,212 INFO    : Snapshot:3	1	3	Epoch:4	Loss:2.715	MRR:18.9	Hits@10:32.4	Best:18.9
2024-09-24 17:08:43,467 INFO    : Snapshot:3	0	3	Epoch:5	Loss:2.677	MRR:18.93	Hits@10:32.59	Best:18.93
2024-09-24 17:08:47,710 INFO    : Snapshot:3	0	3	Epoch:6	Loss:2.648	MRR:19.0	Hits@10:32.59	Best:19.0
2024-09-24 17:08:51,998 INFO    : Snapshot:3	1	3	Epoch:7	Loss:2.619	MRR:18.98	Hits@10:32.59	Best:19.0
2024-09-24 17:08:56,367 INFO    : Snapshot:3	2	3	Epoch:8	Loss:2.606	MRR:18.92	Hits@10:32.55	Best:19.0
2024-09-24 17:09:00,623 INFO    : Early Stopping! Snapshot:3 Epoch: 9 Best Results: 19.0
2024-09-24 17:09:00,738 INFO    : => loading checkpoint './checkpoint/FB_CKGE\3model_best.tar'
2024-09-24 17:09:32,291 INFO    : 
+------------+--------+--------+--------+--------+---------+
| Snapshot:3 |  MRR   | Hits@1 | Hits@3 | Hits@5 | Hits@10 |
+------------+--------+--------+--------+--------+---------+
|     0      | 0.246  | 0.1419 | 0.2865 |  0.36  |  0.452  |
|     1      | 0.1765 | 0.105  | 0.1918 | 0.2458 |  0.3195 |
|     2      | 0.1774 | 0.1063 | 0.1975 | 0.2467 |  0.3155 |
|     3      | 0.1878 | 0.1158 | 0.2108 | 0.2599 |  0.3286 |
+------------+--------+--------+--------+--------+---------+
2024-09-24 17:09:44,358 INFO    : Snapshot:4	0	3	Epoch:0	Loss:3.803	MRR:19.75	Hits@10:32.94	Best:19.75
2024-09-24 17:09:48,684 INFO    : Snapshot:4	0	3	Epoch:1	Loss:3.219	MRR:19.77	Hits@10:32.94	Best:19.77
2024-09-24 17:09:53,015 INFO    : Snapshot:4	0	3	Epoch:2	Loss:3.096	MRR:19.79	Hits@10:32.96	Best:19.79
2024-09-24 17:09:57,557 INFO    : Snapshot:4	1	3	Epoch:3	Loss:3.087	MRR:19.77	Hits@10:32.99	Best:19.79
2024-09-24 17:10:01,891 INFO    : Snapshot:4	2	3	Epoch:4	Loss:3.071	MRR:19.76	Hits@10:32.96	Best:19.79
2024-09-24 17:10:06,188 INFO    : Early Stopping! Snapshot:4 Epoch: 5 Best Results: 19.79
2024-09-24 17:10:06,308 INFO    : => loading checkpoint './checkpoint/FB_CKGE\4model_best.tar'
2024-09-24 17:10:41,680 INFO    : 
+------------+--------+--------+--------+--------+---------+
| Snapshot:4 |  MRR   | Hits@1 | Hits@3 | Hits@5 | Hits@10 |
+------------+--------+--------+--------+--------+---------+
|     0      | 0.246  | 0.1419 | 0.2865 |  0.36  |  0.452  |
|     1      | 0.1765 | 0.105  | 0.1918 | 0.2458 |  0.3195 |
|     2      | 0.1774 | 0.1063 | 0.1975 | 0.2467 |  0.3155 |
|     3      | 0.1878 | 0.1158 | 0.2108 | 0.2599 |  0.3286 |
|     4      | 0.2129 | 0.1325 | 0.2425 | 0.2955 |  0.3678 |
+------------+--------+--------+--------+--------+---------+
2024-09-24 17:10:41,681 INFO    : Final Result:
[+------------+-------+--------+--------+--------+---------+
| Snapshot:0 |  MRR  | Hits@1 | Hits@3 | Hits@5 | Hits@10 |
+------------+-------+--------+--------+--------+---------+
|     0      | 0.246 | 0.1419 | 0.2865 |  0.36  |  0.452  |
+------------+-------+--------+--------+--------+---------+, +------------+--------+--------+--------+--------+---------+
| Snapshot:1 |  MRR   | Hits@1 | Hits@3 | Hits@5 | Hits@10 |
+------------+--------+--------+--------+--------+---------+
|     0      | 0.246  | 0.1419 | 0.2865 |  0.36  |  0.452  |
|     1      | 0.1765 | 0.105  | 0.1918 | 0.2458 |  0.3195 |
+------------+--------+--------+--------+--------+---------+, +------------+--------+--------+--------+--------+---------+
| Snapshot:2 |  MRR   | Hits@1 | Hits@3 | Hits@5 | Hits@10 |
+------------+--------+--------+--------+--------+---------+
|     0      | 0.246  | 0.1419 | 0.2865 |  0.36  |  0.452  |
|     1      | 0.1765 | 0.105  | 0.1918 | 0.2458 |  0.3195 |
|     2      | 0.1774 | 0.1063 | 0.1975 | 0.2467 |  0.3155 |
+------------+--------+--------+--------+--------+---------+, +------------+--------+--------+--------+--------+---------+
| Snapshot:3 |  MRR   | Hits@1 | Hits@3 | Hits@5 | Hits@10 |
+------------+--------+--------+--------+--------+---------+
|     0      | 0.246  | 0.1419 | 0.2865 |  0.36  |  0.452  |
|     1      | 0.1765 | 0.105  | 0.1918 | 0.2458 |  0.3195 |
|     2      | 0.1774 | 0.1063 | 0.1975 | 0.2467 |  0.3155 |
|     3      | 0.1878 | 0.1158 | 0.2108 | 0.2599 |  0.3286 |
+------------+--------+--------+--------+--------+---------+, +------------+--------+--------+--------+--------+---------+
| Snapshot:4 |  MRR   | Hits@1 | Hits@3 | Hits@5 | Hits@10 |
+------------+--------+--------+--------+--------+---------+
|     0      | 0.246  | 0.1419 | 0.2865 |  0.36  |  0.452  |
|     1      | 0.1765 | 0.105  | 0.1918 | 0.2458 |  0.3195 |
|     2      | 0.1774 | 0.1063 | 0.1975 | 0.2467 |  0.3155 |
|     3      | 0.1878 | 0.1158 | 0.2108 | 0.2599 |  0.3286 |
|     4      | 0.2129 | 0.1325 | 0.2425 | 0.2955 |  0.3678 |
+------------+--------+--------+--------+--------+---------+]
2024-09-24 17:10:41,682 INFO    : Report Result:
+----------+--------------------+-----------+--------------+--------------+---------------+
| Snapshot |        Time        | Whole_MRR | Whole_Hits@1 | Whole_Hits@3 | Whole_Hits@10 |
+----------+--------------------+-----------+--------------+--------------+---------------+
|    0     | 85.72311997413635  |   0.246   |    0.142     |    0.286     |     0.452     |
|    1     | 98.58383321762085  |   0.236   |    0.137     |    0.273     |     0.433     |
|    2     | 66.97593259811401  |   0.229   |    0.133     |    0.264     |     0.418     |
|    3     | 45.428226709365845 |   0.224   |    0.131     |    0.258     |     0.408     |
|    4     | 29.085161924362183 |   0.223   |    0.131     |    0.256     |     0.404     |
+----------+--------------------+-----------+--------------+--------------+---------------+
2024-09-24 17:10:41,683 INFO    : Sum_Training_Time:325.79627442359924
2024-09-24 17:10:41,683 INFO    : Every_Training_Time:[85.72311997413635, 98.58383321762085, 66.97593259811401, 45.428226709365845, 29.085161924362183]
2024-09-24 17:10:41,683 INFO    : Forward transfer: 0.148175 Backward transfer: 0.0
