2025-01-13 12:05:19,930 INFO    : Namespace(batch_size=1024, data_path='./data/ENTITY/', dataset='ENTITY', debug=False, device=device(type='cuda', index=0), emb_dim=200, ent_r='200', epoch_num=200, explore=False, gpu='0', l2=0.0, learning_rate='1e-1', log_path='./logs/ENTITY 200 10 1e-1 1024/ENTITY 20250113120511', logger=<RootLogger root (INFO)>, margin=8.0, model_name='LoraKGE_Layers', multi_layers_path='train_sorted_by_edges_betweenness.txt', neg_ratio=10, note='', num_ent_layers='10', num_layer=1, num_rel_layers='1', patience='10', predict_result=False, r=100, r_fixed=True, random_seed=3407, record=False, rel_r='200', save_path='./checkpoint/ENTITY', skip_previous='False', snapshot_num=5, train_new=True, using_multi_layers=False, using_various_ranks='True', using_various_ranks_reverse=False, valid_metrics='mrr')
2025-01-13 12:05:25,340 INFO    : Snapshot:0	0	10	Epoch:0	Loss:31.76	MRR:16.42	Hits@10:37.45	Best:16.42
2025-01-13 12:05:28,450 INFO    : Snapshot:0	0	10	Epoch:1	Loss:14.914	MRR:28.9	Hits@10:51.36	Best:28.9
2025-01-13 12:05:31,604 INFO    : Snapshot:0	0	10	Epoch:2	Loss:5.763	MRR:32.04	Hits@10:54.63	Best:32.04
2025-01-13 12:05:34,717 INFO    : Snapshot:0	0	10	Epoch:3	Loss:2.642	MRR:32.75	Hits@10:55.27	Best:32.75
2025-01-13 12:05:37,782 INFO    : Snapshot:0	1	10	Epoch:4	Loss:1.635	MRR:32.52	Hits@10:55.1	Best:32.75
2025-01-13 12:05:40,832 INFO    : Snapshot:0	0	10	Epoch:5	Loss:1.198	MRR:32.86	Hits@10:55.32	Best:32.86
2025-01-13 12:05:43,873 INFO    : Snapshot:0	1	10	Epoch:6	Loss:0.967	MRR:32.65	Hits@10:54.76	Best:32.86
2025-01-13 12:05:46,885 INFO    : Snapshot:0	2	10	Epoch:7	Loss:0.844	MRR:32.28	Hits@10:54.43	Best:32.86
2025-01-13 12:05:49,864 INFO    : Snapshot:0	3	10	Epoch:8	Loss:0.753	MRR:32.02	Hits@10:54.54	Best:32.86
2025-01-13 12:05:53,111 INFO    : Snapshot:0	4	10	Epoch:9	Loss:0.688	MRR:31.78	Hits@10:54.15	Best:32.86
2025-01-13 12:05:56,004 INFO    : Snapshot:0	5	10	Epoch:10	Loss:0.629	MRR:31.68	Hits@10:53.99	Best:32.86
2025-01-13 12:05:59,022 INFO    : Snapshot:0	6	10	Epoch:11	Loss:0.599	MRR:31.33	Hits@10:53.97	Best:32.86
2025-01-13 12:06:02,162 INFO    : Snapshot:0	7	10	Epoch:12	Loss:0.577	MRR:31.5	Hits@10:54.0	Best:32.86
2025-01-13 12:06:05,153 INFO    : Snapshot:0	8	10	Epoch:13	Loss:0.539	MRR:31.31	Hits@10:53.61	Best:32.86
2025-01-13 12:06:08,180 INFO    : Snapshot:0	9	10	Epoch:14	Loss:0.517	MRR:31.51	Hits@10:53.28	Best:32.86
2025-01-13 12:06:11,160 INFO    : Early Stopping! Snapshot:0 Epoch: 15 Best Results: 32.86
2025-01-13 12:06:11,240 INFO    : => loading checkpoint './checkpoint/ENTITY\0model_best.tar'
2025-01-13 12:06:12,671 INFO    : 
+------------+--------+--------+--------+--------+---------+
| Snapshot:0 |  MRR   | Hits@1 | Hits@3 | Hits@5 | Hits@10 |
+------------+--------+--------+--------+--------+---------+
|     0      | 0.3297 | 0.2143 | 0.3758 | 0.4509 |  0.5544 |
+------------+--------+--------+--------+--------+---------+
2025-01-13 12:06:26,445 INFO    : Snapshot:1	0	10	Epoch:0	Loss:13.402	MRR:16.06	Hits@10:28.3	Best:16.06
2025-01-13 12:06:33,694 INFO    : Snapshot:1	0	10	Epoch:1	Loss:4.581	MRR:17.7	Hits@10:31.72	Best:17.7
2025-01-13 12:06:40,871 INFO    : Snapshot:1	0	10	Epoch:2	Loss:3.747	MRR:18.76	Hits@10:33.35	Best:18.76
2025-01-13 12:06:48,166 INFO    : Snapshot:1	0	10	Epoch:3	Loss:3.362	MRR:19.07	Hits@10:34.23	Best:19.07
2025-01-13 12:06:55,443 INFO    : Snapshot:1	0	10	Epoch:4	Loss:3.091	MRR:19.47	Hits@10:34.53	Best:19.47
2025-01-13 12:07:02,687 INFO    : Snapshot:1	0	10	Epoch:5	Loss:2.871	MRR:19.99	Hits@10:35.55	Best:19.99
2025-01-13 12:07:09,791 INFO    : Snapshot:1	0	10	Epoch:6	Loss:2.756	MRR:20.26	Hits@10:35.89	Best:20.26
2025-01-13 12:07:16,847 INFO    : Snapshot:1	0	10	Epoch:7	Loss:2.617	MRR:20.27	Hits@10:36.16	Best:20.27
2025-01-13 12:07:23,805 INFO    : Snapshot:1	0	10	Epoch:8	Loss:2.56	MRR:20.56	Hits@10:36.57	Best:20.56
2025-01-13 12:07:30,827 INFO    : Snapshot:1	0	10	Epoch:9	Loss:2.472	MRR:20.66	Hits@10:36.67	Best:20.66
2025-01-13 12:07:37,916 INFO    : Snapshot:1	0	10	Epoch:10	Loss:2.408	MRR:21.07	Hits@10:37.22	Best:21.07
2025-01-13 12:07:44,949 INFO    : Snapshot:1	1	10	Epoch:11	Loss:2.346	MRR:21.04	Hits@10:37.4	Best:21.07
2025-01-13 12:07:51,991 INFO    : Snapshot:1	0	10	Epoch:12	Loss:2.3	MRR:21.14	Hits@10:37.41	Best:21.14
2025-01-13 12:07:59,334 INFO    : Snapshot:1	0	10	Epoch:13	Loss:2.256	MRR:21.16	Hits@10:37.67	Best:21.16
2025-01-13 12:08:06,338 INFO    : Snapshot:1	0	10	Epoch:14	Loss:2.263	MRR:21.38	Hits@10:38.07	Best:21.38
2025-01-13 12:08:13,520 INFO    : Snapshot:1	1	10	Epoch:15	Loss:2.192	MRR:21.13	Hits@10:37.65	Best:21.38
2025-01-13 12:08:20,702 INFO    : Snapshot:1	0	10	Epoch:16	Loss:2.171	MRR:21.51	Hits@10:38.19	Best:21.51
2025-01-13 12:08:27,915 INFO    : Snapshot:1	1	10	Epoch:17	Loss:2.133	MRR:21.4	Hits@10:37.96	Best:21.51
2025-01-13 12:08:35,066 INFO    : Snapshot:1	2	10	Epoch:18	Loss:2.116	MRR:21.4	Hits@10:37.74	Best:21.51
2025-01-13 12:08:42,281 INFO    : Snapshot:1	0	10	Epoch:19	Loss:2.083	MRR:21.62	Hits@10:38.26	Best:21.62
2025-01-13 12:08:49,289 INFO    : Snapshot:1	1	10	Epoch:20	Loss:2.094	MRR:21.6	Hits@10:38.34	Best:21.62
2025-01-13 12:08:56,191 INFO    : Snapshot:1	0	10	Epoch:21	Loss:2.057	MRR:21.8	Hits@10:38.14	Best:21.8
2025-01-13 12:09:03,437 INFO    : Snapshot:1	0	10	Epoch:22	Loss:2.036	MRR:21.93	Hits@10:38.82	Best:21.93
2025-01-13 12:09:10,412 INFO    : Snapshot:1	1	10	Epoch:23	Loss:2.026	MRR:21.88	Hits@10:38.68	Best:21.93
2025-01-13 12:09:17,515 INFO    : Snapshot:1	2	10	Epoch:24	Loss:2.007	MRR:21.92	Hits@10:38.77	Best:21.93
2025-01-13 12:09:24,682 INFO    : Snapshot:1	0	10	Epoch:25	Loss:1.984	MRR:22.01	Hits@10:38.71	Best:22.01
2025-01-13 12:09:31,812 INFO    : Snapshot:1	1	10	Epoch:26	Loss:1.968	MRR:21.95	Hits@10:38.84	Best:22.01
2025-01-13 12:09:38,872 INFO    : Snapshot:1	0	10	Epoch:27	Loss:1.961	MRR:22.17	Hits@10:38.98	Best:22.17
2025-01-13 12:09:45,914 INFO    : Snapshot:1	1	10	Epoch:28	Loss:1.956	MRR:22.07	Hits@10:39.02	Best:22.17
2025-01-13 12:09:52,830 INFO    : Snapshot:1	2	10	Epoch:29	Loss:1.938	MRR:21.89	Hits@10:38.95	Best:22.17
2025-01-13 12:09:59,902 INFO    : Snapshot:1	3	10	Epoch:30	Loss:1.944	MRR:22.03	Hits@10:39.25	Best:22.17
2025-01-13 12:10:07,084 INFO    : Snapshot:1	0	10	Epoch:31	Loss:1.926	MRR:22.22	Hits@10:39.19	Best:22.22
2025-01-13 12:10:14,389 INFO    : Snapshot:1	1	10	Epoch:32	Loss:1.927	MRR:22.02	Hits@10:39.08	Best:22.22
2025-01-13 12:10:21,417 INFO    : Snapshot:1	2	10	Epoch:33	Loss:1.892	MRR:22.06	Hits@10:38.91	Best:22.22
2025-01-13 12:10:28,535 INFO    : Snapshot:1	3	10	Epoch:34	Loss:1.887	MRR:22.08	Hits@10:39.01	Best:22.22
2025-01-13 12:10:35,687 INFO    : Snapshot:1	0	10	Epoch:35	Loss:1.906	MRR:22.25	Hits@10:39.41	Best:22.25
2025-01-13 12:10:42,821 INFO    : Snapshot:1	1	10	Epoch:36	Loss:1.892	MRR:22.24	Hits@10:39.37	Best:22.25
2025-01-13 12:10:49,908 INFO    : Snapshot:1	0	10	Epoch:37	Loss:1.891	MRR:22.26	Hits@10:39.29	Best:22.26
2025-01-13 12:10:56,960 INFO    : Snapshot:1	0	10	Epoch:38	Loss:1.859	MRR:22.27	Hits@10:39.03	Best:22.27
2025-01-13 12:11:04,131 INFO    : Snapshot:1	0	10	Epoch:39	Loss:1.88	MRR:22.43	Hits@10:39.56	Best:22.43
2025-01-13 12:11:11,188 INFO    : Snapshot:1	1	10	Epoch:40	Loss:1.861	MRR:22.36	Hits@10:39.47	Best:22.43
2025-01-13 12:11:18,229 INFO    : Snapshot:1	2	10	Epoch:41	Loss:1.849	MRR:22.4	Hits@10:39.42	Best:22.43
2025-01-13 12:11:25,537 INFO    : Snapshot:1	3	10	Epoch:42	Loss:1.837	MRR:22.28	Hits@10:39.56	Best:22.43
2025-01-13 12:11:32,754 INFO    : Snapshot:1	4	10	Epoch:43	Loss:1.836	MRR:22.43	Hits@10:39.71	Best:22.43
2025-01-13 12:11:39,886 INFO    : Snapshot:1	0	10	Epoch:44	Loss:1.838	MRR:22.46	Hits@10:39.53	Best:22.46
2025-01-13 12:11:46,989 INFO    : Snapshot:1	0	10	Epoch:45	Loss:1.829	MRR:22.51	Hits@10:39.54	Best:22.51
2025-01-13 12:11:53,919 INFO    : Snapshot:1	1	10	Epoch:46	Loss:1.819	MRR:22.47	Hits@10:39.47	Best:22.51
2025-01-13 12:12:01,028 INFO    : Snapshot:1	2	10	Epoch:47	Loss:1.824	MRR:22.3	Hits@10:39.69	Best:22.51
2025-01-13 12:12:08,001 INFO    : Snapshot:1	3	10	Epoch:48	Loss:1.83	MRR:22.43	Hits@10:39.63	Best:22.51
2025-01-13 12:12:15,058 INFO    : Snapshot:1	4	10	Epoch:49	Loss:1.82	MRR:22.51	Hits@10:39.79	Best:22.51
2025-01-13 12:12:22,256 INFO    : Snapshot:1	0	10	Epoch:50	Loss:1.811	MRR:22.52	Hits@10:39.68	Best:22.52
2025-01-13 12:12:29,478 INFO    : Snapshot:1	0	10	Epoch:51	Loss:1.791	MRR:22.57	Hits@10:39.62	Best:22.57
2025-01-13 12:12:36,701 INFO    : Snapshot:1	1	10	Epoch:52	Loss:1.791	MRR:22.56	Hits@10:39.87	Best:22.57
2025-01-13 12:12:43,864 INFO    : Snapshot:1	2	10	Epoch:53	Loss:1.779	MRR:22.45	Hits@10:39.43	Best:22.57
2025-01-13 12:12:51,031 INFO    : Snapshot:1	3	10	Epoch:54	Loss:1.778	MRR:22.5	Hits@10:39.5	Best:22.57
2025-01-13 12:12:58,291 INFO    : Snapshot:1	4	10	Epoch:55	Loss:1.784	MRR:22.33	Hits@10:39.76	Best:22.57
2025-01-13 12:13:05,473 INFO    : Snapshot:1	0	10	Epoch:56	Loss:1.768	MRR:22.61	Hits@10:39.78	Best:22.61
2025-01-13 12:13:12,593 INFO    : Snapshot:1	1	10	Epoch:57	Loss:1.755	MRR:22.34	Hits@10:39.62	Best:22.61
2025-01-13 12:13:19,570 INFO    : Snapshot:1	2	10	Epoch:58	Loss:1.789	MRR:22.55	Hits@10:39.53	Best:22.61
2025-01-13 12:13:26,480 INFO    : Snapshot:1	3	10	Epoch:59	Loss:1.786	MRR:22.52	Hits@10:39.75	Best:22.61
2025-01-13 12:13:33,764 INFO    : Snapshot:1	4	10	Epoch:60	Loss:1.761	MRR:22.55	Hits@10:39.86	Best:22.61
2025-01-13 12:13:40,678 INFO    : Snapshot:1	0	10	Epoch:61	Loss:1.748	MRR:22.69	Hits@10:40.17	Best:22.69
2025-01-13 12:13:47,655 INFO    : Snapshot:1	1	10	Epoch:62	Loss:1.76	MRR:22.64	Hits@10:39.96	Best:22.69
2025-01-13 12:13:54,603 INFO    : Snapshot:1	2	10	Epoch:63	Loss:1.74	MRR:22.69	Hits@10:40.1	Best:22.69
2025-01-13 12:14:01,762 INFO    : Snapshot:1	3	10	Epoch:64	Loss:1.754	MRR:22.64	Hits@10:40.14	Best:22.69
2025-01-13 12:14:08,747 INFO    : Snapshot:1	4	10	Epoch:65	Loss:1.751	MRR:22.67	Hits@10:39.92	Best:22.69
2025-01-13 12:14:15,850 INFO    : Snapshot:1	0	10	Epoch:66	Loss:1.733	MRR:22.73	Hits@10:40.19	Best:22.73
2025-01-13 12:14:23,041 INFO    : Snapshot:1	1	10	Epoch:67	Loss:1.744	MRR:22.72	Hits@10:40.32	Best:22.73
2025-01-13 12:14:30,165 INFO    : Snapshot:1	2	10	Epoch:68	Loss:1.726	MRR:22.72	Hits@10:40.11	Best:22.73
2025-01-13 12:14:37,239 INFO    : Snapshot:1	3	10	Epoch:69	Loss:1.75	MRR:22.73	Hits@10:40.06	Best:22.73
2025-01-13 12:14:44,500 INFO    : Snapshot:1	4	10	Epoch:70	Loss:1.716	MRR:22.61	Hits@10:39.83	Best:22.73
2025-01-13 12:14:51,430 INFO    : Snapshot:1	0	10	Epoch:71	Loss:1.726	MRR:22.81	Hits@10:40.17	Best:22.81
2025-01-13 12:14:58,434 INFO    : Snapshot:1	1	10	Epoch:72	Loss:1.718	MRR:22.74	Hits@10:40.2	Best:22.81
2025-01-13 12:15:05,498 INFO    : Snapshot:1	2	10	Epoch:73	Loss:1.714	MRR:22.73	Hits@10:40.13	Best:22.81
2025-01-13 12:15:12,444 INFO    : Snapshot:1	3	10	Epoch:74	Loss:1.726	MRR:22.74	Hits@10:40.16	Best:22.81
2025-01-13 12:15:19,516 INFO    : Snapshot:1	4	10	Epoch:75	Loss:1.718	MRR:22.81	Hits@10:39.98	Best:22.81
2025-01-13 12:15:26,618 INFO    : Snapshot:1	0	10	Epoch:76	Loss:1.723	MRR:22.85	Hits@10:40.28	Best:22.85
2025-01-13 12:15:33,895 INFO    : Snapshot:1	1	10	Epoch:77	Loss:1.698	MRR:22.64	Hits@10:39.82	Best:22.85
2025-01-13 12:15:40,941 INFO    : Snapshot:1	2	10	Epoch:78	Loss:1.717	MRR:22.7	Hits@10:40.0	Best:22.85
2025-01-13 12:15:47,931 INFO    : Snapshot:1	3	10	Epoch:79	Loss:1.692	MRR:22.85	Hits@10:40.37	Best:22.85
2025-01-13 12:15:55,080 INFO    : Snapshot:1	4	10	Epoch:80	Loss:1.693	MRR:22.6	Hits@10:40.34	Best:22.85
2025-01-13 12:16:02,236 INFO    : Snapshot:1	5	10	Epoch:81	Loss:1.726	MRR:22.74	Hits@10:40.15	Best:22.85
2025-01-13 12:16:09,319 INFO    : Snapshot:1	6	10	Epoch:82	Loss:1.698	MRR:22.81	Hits@10:40.11	Best:22.85
2025-01-13 12:16:16,366 INFO    : Snapshot:1	7	10	Epoch:83	Loss:1.695	MRR:22.81	Hits@10:40.28	Best:22.85
2025-01-13 12:16:23,448 INFO    : Snapshot:1	8	10	Epoch:84	Loss:1.685	MRR:22.82	Hits@10:40.18	Best:22.85
2025-01-13 12:16:30,572 INFO    : Snapshot:1	9	10	Epoch:85	Loss:1.679	MRR:22.77	Hits@10:40.15	Best:22.85
2025-01-13 12:16:37,706 INFO    : Early Stopping! Snapshot:1 Epoch: 86 Best Results: 22.85
2025-01-13 12:16:37,806 INFO    : => loading checkpoint './checkpoint/ENTITY\1model_best.tar'
2025-01-13 12:16:42,798 INFO    : 
+------------+--------+--------+--------+--------+---------+
| Snapshot:1 |  MRR   | Hits@1 | Hits@3 | Hits@5 | Hits@10 |
+------------+--------+--------+--------+--------+---------+
|     0      | 0.3297 | 0.2143 | 0.3758 | 0.4509 |  0.5544 |
|     1      | 0.2284 | 0.1395 | 0.2539 | 0.3137 |  0.4036 |
+------------+--------+--------+--------+--------+---------+
2025-01-13 12:16:57,972 INFO    : Snapshot:2	0	10	Epoch:0	Loss:12.691	MRR:14.43	Hits@10:25.24	Best:14.43
2025-01-13 12:17:06,290 INFO    : Snapshot:2	0	10	Epoch:1	Loss:4.506	MRR:16.44	Hits@10:28.95	Best:16.44
2025-01-13 12:17:14,460 INFO    : Snapshot:2	0	10	Epoch:2	Loss:3.747	MRR:17.48	Hits@10:30.99	Best:17.48
2025-01-13 12:17:22,740 INFO    : Snapshot:2	0	10	Epoch:3	Loss:3.369	MRR:17.73	Hits@10:31.52	Best:17.73
2025-01-13 12:17:31,038 INFO    : Snapshot:2	0	10	Epoch:4	Loss:3.127	MRR:18.23	Hits@10:32.36	Best:18.23
2025-01-13 12:17:39,236 INFO    : Snapshot:2	0	10	Epoch:5	Loss:2.981	MRR:18.54	Hits@10:32.73	Best:18.54
2025-01-13 12:17:47,296 INFO    : Snapshot:2	0	10	Epoch:6	Loss:2.823	MRR:18.73	Hits@10:32.93	Best:18.73
2025-01-13 12:17:55,637 INFO    : Snapshot:2	0	10	Epoch:7	Loss:2.693	MRR:18.8	Hits@10:33.52	Best:18.8
2025-01-13 12:18:04,012 INFO    : Snapshot:2	0	10	Epoch:8	Loss:2.65	MRR:19.16	Hits@10:33.87	Best:19.16
2025-01-13 12:18:12,073 INFO    : Snapshot:2	1	10	Epoch:9	Loss:2.56	MRR:18.98	Hits@10:33.92	Best:19.16
2025-01-13 12:18:20,351 INFO    : Snapshot:2	2	10	Epoch:10	Loss:2.513	MRR:18.97	Hits@10:33.78	Best:19.16
2025-01-13 12:18:28,529 INFO    : Snapshot:2	0	10	Epoch:11	Loss:2.462	MRR:19.31	Hits@10:34.39	Best:19.31
2025-01-13 12:18:36,889 INFO    : Snapshot:2	0	10	Epoch:12	Loss:2.423	MRR:19.41	Hits@10:34.21	Best:19.41
2025-01-13 12:18:45,065 INFO    : Snapshot:2	1	10	Epoch:13	Loss:2.376	MRR:19.39	Hits@10:34.38	Best:19.41
2025-01-13 12:18:53,337 INFO    : Snapshot:2	0	10	Epoch:14	Loss:2.356	MRR:19.47	Hits@10:34.35	Best:19.47
2025-01-13 12:19:01,649 INFO    : Snapshot:2	0	10	Epoch:15	Loss:2.283	MRR:19.55	Hits@10:34.9	Best:19.55
2025-01-13 12:19:09,937 INFO    : Snapshot:2	0	10	Epoch:16	Loss:2.279	MRR:19.61	Hits@10:34.78	Best:19.61
2025-01-13 12:19:18,263 INFO    : Snapshot:2	0	10	Epoch:17	Loss:2.252	MRR:19.66	Hits@10:34.78	Best:19.66
2025-01-13 12:19:26,262 INFO    : Snapshot:2	1	10	Epoch:18	Loss:2.258	MRR:19.57	Hits@10:34.71	Best:19.66
2025-01-13 12:19:34,399 INFO    : Snapshot:2	0	10	Epoch:19	Loss:2.219	MRR:19.69	Hits@10:34.77	Best:19.69
2025-01-13 12:19:42,412 INFO    : Snapshot:2	1	10	Epoch:20	Loss:2.208	MRR:19.6	Hits@10:35.15	Best:19.69
2025-01-13 12:19:50,393 INFO    : Snapshot:2	0	10	Epoch:21	Loss:2.176	MRR:19.78	Hits@10:35.06	Best:19.78
2025-01-13 12:19:58,472 INFO    : Snapshot:2	0	10	Epoch:22	Loss:2.175	MRR:19.85	Hits@10:35.05	Best:19.85
2025-01-13 12:20:06,655 INFO    : Snapshot:2	1	10	Epoch:23	Loss:2.169	MRR:19.78	Hits@10:34.95	Best:19.85
2025-01-13 12:20:14,902 INFO    : Snapshot:2	0	10	Epoch:24	Loss:2.153	MRR:20.1	Hits@10:35.5	Best:20.1
2025-01-13 12:20:22,980 INFO    : Snapshot:2	1	10	Epoch:25	Loss:2.134	MRR:19.85	Hits@10:35.34	Best:20.1
2025-01-13 12:20:31,317 INFO    : Snapshot:2	2	10	Epoch:26	Loss:2.13	MRR:19.98	Hits@10:35.16	Best:20.1
2025-01-13 12:20:39,398 INFO    : Snapshot:2	3	10	Epoch:27	Loss:2.111	MRR:19.98	Hits@10:35.48	Best:20.1
2025-01-13 12:20:47,395 INFO    : Snapshot:2	4	10	Epoch:28	Loss:2.095	MRR:20.1	Hits@10:35.38	Best:20.1
2025-01-13 12:20:55,440 INFO    : Snapshot:2	5	10	Epoch:29	Loss:2.093	MRR:20.02	Hits@10:35.22	Best:20.1
2025-01-13 12:21:03,624 INFO    : Snapshot:2	6	10	Epoch:30	Loss:2.073	MRR:19.87	Hits@10:35.45	Best:20.1
2025-01-13 12:21:11,748 INFO    : Snapshot:2	7	10	Epoch:31	Loss:2.065	MRR:20.0	Hits@10:35.47	Best:20.1
2025-01-13 12:21:19,870 INFO    : Snapshot:2	8	10	Epoch:32	Loss:2.068	MRR:19.97	Hits@10:35.55	Best:20.1
2025-01-13 12:21:28,137 INFO    : Snapshot:2	9	10	Epoch:33	Loss:2.036	MRR:20.03	Hits@10:35.69	Best:20.1
2025-01-13 12:21:36,463 INFO    : Snapshot:2	0	10	Epoch:34	Loss:2.051	MRR:20.21	Hits@10:35.37	Best:20.21
2025-01-13 12:21:44,770 INFO    : Snapshot:2	1	10	Epoch:35	Loss:2.053	MRR:20.09	Hits@10:35.6	Best:20.21
2025-01-13 12:21:52,782 INFO    : Snapshot:2	2	10	Epoch:36	Loss:2.048	MRR:19.87	Hits@10:35.16	Best:20.21
2025-01-13 12:22:00,984 INFO    : Snapshot:2	3	10	Epoch:37	Loss:2.034	MRR:19.87	Hits@10:35.35	Best:20.21
2025-01-13 12:22:09,105 INFO    : Snapshot:2	4	10	Epoch:38	Loss:2.052	MRR:19.98	Hits@10:35.68	Best:20.21
2025-01-13 12:22:17,243 INFO    : Snapshot:2	5	10	Epoch:39	Loss:2.007	MRR:20.14	Hits@10:35.42	Best:20.21
2025-01-13 12:22:25,389 INFO    : Snapshot:2	6	10	Epoch:40	Loss:2.016	MRR:20.12	Hits@10:35.71	Best:20.21
2025-01-13 12:22:33,680 INFO    : Snapshot:2	0	10	Epoch:41	Loss:2.001	MRR:20.25	Hits@10:35.53	Best:20.25
2025-01-13 12:22:41,836 INFO    : Snapshot:2	1	10	Epoch:42	Loss:2.003	MRR:20.18	Hits@10:35.55	Best:20.25
2025-01-13 12:22:49,913 INFO    : Snapshot:2	2	10	Epoch:43	Loss:1.996	MRR:20.18	Hits@10:35.53	Best:20.25
2025-01-13 12:22:58,175 INFO    : Snapshot:2	3	10	Epoch:44	Loss:1.994	MRR:20.18	Hits@10:35.88	Best:20.25
2025-01-13 12:23:06,541 INFO    : Snapshot:2	4	10	Epoch:45	Loss:1.967	MRR:20.04	Hits@10:35.46	Best:20.25
2025-01-13 12:23:14,819 INFO    : Snapshot:2	5	10	Epoch:46	Loss:1.954	MRR:20.17	Hits@10:35.77	Best:20.25
2025-01-13 12:23:22,991 INFO    : Snapshot:2	6	10	Epoch:47	Loss:1.981	MRR:20.07	Hits@10:35.68	Best:20.25
2025-01-13 12:23:31,210 INFO    : Snapshot:2	7	10	Epoch:48	Loss:1.968	MRR:20.12	Hits@10:35.56	Best:20.25
2025-01-13 12:23:39,542 INFO    : Snapshot:2	0	10	Epoch:49	Loss:1.967	MRR:20.27	Hits@10:35.87	Best:20.27
2025-01-13 12:23:47,702 INFO    : Snapshot:2	0	10	Epoch:50	Loss:1.971	MRR:20.3	Hits@10:35.76	Best:20.3
2025-01-13 12:23:55,702 INFO    : Snapshot:2	1	10	Epoch:51	Loss:1.951	MRR:20.22	Hits@10:36.01	Best:20.3
2025-01-13 12:24:03,826 INFO    : Snapshot:2	0	10	Epoch:52	Loss:1.948	MRR:20.34	Hits@10:35.76	Best:20.34
2025-01-13 12:24:12,137 INFO    : Snapshot:2	1	10	Epoch:53	Loss:1.945	MRR:20.26	Hits@10:35.82	Best:20.34
2025-01-13 12:24:20,466 INFO    : Snapshot:2	0	10	Epoch:54	Loss:1.949	MRR:20.38	Hits@10:36.05	Best:20.38
2025-01-13 12:24:28,637 INFO    : Snapshot:2	1	10	Epoch:55	Loss:1.939	MRR:20.24	Hits@10:35.75	Best:20.38
2025-01-13 12:24:36,852 INFO    : Snapshot:2	2	10	Epoch:56	Loss:1.933	MRR:20.24	Hits@10:35.67	Best:20.38
2025-01-13 12:24:45,061 INFO    : Snapshot:2	3	10	Epoch:57	Loss:1.93	MRR:20.17	Hits@10:35.65	Best:20.38
2025-01-13 12:24:53,308 INFO    : Snapshot:2	4	10	Epoch:58	Loss:1.93	MRR:20.19	Hits@10:35.67	Best:20.38
2025-01-13 12:25:01,514 INFO    : Snapshot:2	5	10	Epoch:59	Loss:1.919	MRR:20.38	Hits@10:36.09	Best:20.38
2025-01-13 12:25:09,795 INFO    : Snapshot:2	6	10	Epoch:60	Loss:1.935	MRR:20.37	Hits@10:36.02	Best:20.38
2025-01-13 12:25:18,256 INFO    : Snapshot:2	7	10	Epoch:61	Loss:1.888	MRR:20.19	Hits@10:35.93	Best:20.38
2025-01-13 12:25:26,849 INFO    : Snapshot:2	8	10	Epoch:62	Loss:1.929	MRR:20.3	Hits@10:35.89	Best:20.38
2025-01-13 12:25:35,369 INFO    : Snapshot:2	9	10	Epoch:63	Loss:1.908	MRR:20.3	Hits@10:36.13	Best:20.38
2025-01-13 12:25:44,044 INFO    : Early Stopping! Snapshot:2 Epoch: 64 Best Results: 20.38
2025-01-13 12:25:44,146 INFO    : => loading checkpoint './checkpoint/ENTITY\2model_best.tar'
2025-01-13 12:25:54,291 INFO    : 
+------------+--------+--------+--------+--------+---------+
| Snapshot:2 |  MRR   | Hits@1 | Hits@3 | Hits@5 | Hits@10 |
+------------+--------+--------+--------+--------+---------+
|     0      | 0.3297 | 0.2143 | 0.3758 | 0.4509 |  0.5544 |
|     1      | 0.2284 | 0.1395 | 0.2539 | 0.3137 |  0.4036 |
|     2      | 0.2028 | 0.1205 | 0.2273 | 0.2797 |  0.3593 |
+------------+--------+--------+--------+--------+---------+
2025-01-13 12:26:12,490 INFO    : Snapshot:3	0	10	Epoch:0	Loss:11.691	MRR:14.04	Hits@10:24.09	Best:14.04
2025-01-13 12:26:22,260 INFO    : Snapshot:3	0	10	Epoch:1	Loss:3.836	MRR:15.57	Hits@10:27.46	Best:15.57
2025-01-13 12:26:31,902 INFO    : Snapshot:3	0	10	Epoch:2	Loss:3.146	MRR:16.51	Hits@10:29.14	Best:16.51
2025-01-13 12:26:41,563 INFO    : Snapshot:3	0	10	Epoch:3	Loss:2.816	MRR:17.05	Hits@10:30.14	Best:17.05
2025-01-13 12:26:51,144 INFO    : Snapshot:3	0	10	Epoch:4	Loss:2.609	MRR:17.29	Hits@10:30.68	Best:17.29
2025-01-13 12:27:00,220 INFO    : Snapshot:3	0	10	Epoch:5	Loss:2.466	MRR:17.71	Hits@10:31.18	Best:17.71
2025-01-13 12:27:09,496 INFO    : Snapshot:3	0	10	Epoch:6	Loss:2.351	MRR:17.98	Hits@10:31.91	Best:17.98
2025-01-13 12:27:18,701 INFO    : Snapshot:3	0	10	Epoch:7	Loss:2.268	MRR:18.12	Hits@10:32.01	Best:18.12
2025-01-13 12:27:27,858 INFO    : Snapshot:3	0	10	Epoch:8	Loss:2.214	MRR:18.34	Hits@10:32.64	Best:18.34
2025-01-13 12:27:37,651 INFO    : Snapshot:3	1	10	Epoch:9	Loss:2.161	MRR:18.28	Hits@10:32.57	Best:18.34
2025-01-13 12:27:47,260 INFO    : Snapshot:3	2	10	Epoch:10	Loss:2.098	MRR:18.28	Hits@10:32.48	Best:18.34
2025-01-13 12:27:57,140 INFO    : Snapshot:3	0	10	Epoch:11	Loss:2.07	MRR:18.37	Hits@10:32.83	Best:18.37
2025-01-13 12:28:06,509 INFO    : Snapshot:3	0	10	Epoch:12	Loss:2.037	MRR:18.56	Hits@10:32.96	Best:18.56
