2024-09-11 14:51:18,061 INFO    : Namespace(batch_size=1024, data_path='./data/FACT/', dataset='FACT', debug=False, device=device(type='cuda', index=0), emb_dim=200, ent_r='150', epoch_num=200, explore=False, gpu='0', l2=0.0, learning_rate='1e-4', log_path='./logs/20240911145108/FACT', logger=<RootLogger root (INFO)>, margin=8.0, model_name='LoraKGE_Layers', multi_layers_path='train_sorted_by_edges_betweenness.txt', neg_ratio=10, note='', num_ent_layers='10', num_layer=1, num_rel_layers='1', patience=3, predict_result=False, r=100, r_fixed=True, random_seed=3407, record=False, rel_r='20', save_path='./checkpoint/FACT', skip_previous='False', snapshot_num=5, train_new=True, using_multi_layers=False, using_various_ranks='True', using_various_ranks_reverse=False, valid_metrics='mrr')
2024-09-11 14:51:27,342 INFO    : Snapshot:0	0	3	Epoch:0	Loss:51.421	MRR:1.99	Hits@10:3.13	Best:1.99
2024-09-11 14:51:33,740 INFO    : Snapshot:0	0	3	Epoch:1	Loss:47.412	MRR:3.9	Hits@10:6.99	Best:3.9
2024-09-11 14:51:40,011 INFO    : Snapshot:0	0	3	Epoch:2	Loss:43.741	MRR:4.85	Hits@10:9.41	Best:4.85
2024-09-11 14:51:46,389 INFO    : Snapshot:0	0	3	Epoch:3	Loss:40.306	MRR:5.83	Hits@10:12.13	Best:5.83
2024-09-11 14:51:52,798 INFO    : Snapshot:0	0	3	Epoch:4	Loss:37.11	MRR:6.78	Hits@10:14.55	Best:6.78
2024-09-11 14:51:59,161 INFO    : Snapshot:0	0	3	Epoch:5	Loss:34.072	MRR:7.75	Hits@10:17.32	Best:7.75
2024-09-11 14:52:05,532 INFO    : Snapshot:0	0	3	Epoch:6	Loss:31.21	MRR:8.67	Hits@10:19.71	Best:8.67
2024-09-11 14:52:11,918 INFO    : Snapshot:0	0	3	Epoch:7	Loss:28.535	MRR:9.62	Hits@10:22.11	Best:9.62
2024-09-11 14:52:18,194 INFO    : Snapshot:0	0	3	Epoch:8	Loss:26.008	MRR:10.5	Hits@10:24.24	Best:10.5
2024-09-11 14:52:24,611 INFO    : Snapshot:0	0	3	Epoch:9	Loss:23.672	MRR:11.45	Hits@10:26.07	Best:11.45
2024-09-11 14:52:31,097 INFO    : Snapshot:0	0	3	Epoch:10	Loss:21.494	MRR:12.29	Hits@10:27.74	Best:12.29
2024-09-11 14:52:37,460 INFO    : Snapshot:0	0	3	Epoch:11	Loss:19.532	MRR:13.09	Hits@10:29.26	Best:13.09
2024-09-11 14:52:43,829 INFO    : Snapshot:0	0	3	Epoch:12	Loss:17.706	MRR:13.8	Hits@10:30.53	Best:13.8
2024-09-11 14:52:50,191 INFO    : Snapshot:0	0	3	Epoch:13	Loss:16.006	MRR:14.46	Hits@10:31.68	Best:14.46
2024-09-11 14:52:56,551 INFO    : Snapshot:0	0	3	Epoch:14	Loss:14.508	MRR:15.13	Hits@10:32.77	Best:15.13
2024-09-11 14:53:03,030 INFO    : Snapshot:0	0	3	Epoch:15	Loss:13.068	MRR:15.78	Hits@10:33.56	Best:15.78
2024-09-11 14:53:09,468 INFO    : Snapshot:0	0	3	Epoch:16	Loss:11.797	MRR:16.41	Hits@10:34.32	Best:16.41
2024-09-11 14:53:15,881 INFO    : Snapshot:0	0	3	Epoch:17	Loss:10.633	MRR:17.05	Hits@10:34.89	Best:17.05
2024-09-11 14:53:22,465 INFO    : Snapshot:0	0	3	Epoch:18	Loss:9.597	MRR:17.6	Hits@10:35.49	Best:17.6
2024-09-11 14:53:28,906 INFO    : Snapshot:0	0	3	Epoch:19	Loss:8.622	MRR:18.16	Hits@10:36.17	Best:18.16
2024-09-11 14:53:35,315 INFO    : Snapshot:0	0	3	Epoch:20	Loss:7.79	MRR:18.64	Hits@10:36.59	Best:18.64
2024-09-11 14:53:41,630 INFO    : Snapshot:0	0	3	Epoch:21	Loss:6.945	MRR:19.06	Hits@10:37.03	Best:19.06
2024-09-11 14:53:48,049 INFO    : Snapshot:0	0	3	Epoch:22	Loss:6.26	MRR:19.44	Hits@10:37.33	Best:19.44
2024-09-11 14:53:54,455 INFO    : Snapshot:0	0	3	Epoch:23	Loss:5.642	MRR:19.87	Hits@10:37.57	Best:19.87
2024-09-11 14:54:00,956 INFO    : Snapshot:0	0	3	Epoch:24	Loss:5.039	MRR:20.25	Hits@10:37.92	Best:20.25
2024-09-11 14:54:07,436 INFO    : Snapshot:0	0	3	Epoch:25	Loss:4.545	MRR:20.54	Hits@10:38.2	Best:20.54
2024-09-11 14:54:13,954 INFO    : Snapshot:0	0	3	Epoch:26	Loss:4.059	MRR:20.82	Hits@10:38.43	Best:20.82
2024-09-11 14:54:20,479 INFO    : Snapshot:0	0	3	Epoch:27	Loss:3.652	MRR:21.08	Hits@10:38.57	Best:21.08
2024-09-11 14:54:26,950 INFO    : Snapshot:0	0	3	Epoch:28	Loss:3.297	MRR:21.34	Hits@10:38.82	Best:21.34
2024-09-11 14:54:33,439 INFO    : Snapshot:0	0	3	Epoch:29	Loss:2.969	MRR:21.58	Hits@10:39.0	Best:21.58
2024-09-11 14:54:39,911 INFO    : Snapshot:0	0	3	Epoch:30	Loss:2.66	MRR:21.81	Hits@10:39.18	Best:21.81
2024-09-11 14:54:46,403 INFO    : Snapshot:0	0	3	Epoch:31	Loss:2.432	MRR:22.04	Hits@10:39.23	Best:22.04
2024-09-11 14:54:52,802 INFO    : Snapshot:0	0	3	Epoch:32	Loss:2.21	MRR:22.24	Hits@10:39.26	Best:22.24
2024-09-11 14:54:59,171 INFO    : Snapshot:0	0	3	Epoch:33	Loss:2.001	MRR:22.44	Hits@10:39.4	Best:22.44
2024-09-11 14:55:05,605 INFO    : Snapshot:0	0	3	Epoch:34	Loss:1.824	MRR:22.59	Hits@10:39.42	Best:22.59
2024-09-11 14:55:12,009 INFO    : Snapshot:0	0	3	Epoch:35	Loss:1.681	MRR:22.69	Hits@10:39.52	Best:22.69
2024-09-11 14:55:18,417 INFO    : Snapshot:0	0	3	Epoch:36	Loss:1.529	MRR:22.81	Hits@10:39.54	Best:22.81
2024-09-11 14:55:24,809 INFO    : Snapshot:0	0	3	Epoch:37	Loss:1.403	MRR:22.98	Hits@10:39.61	Best:22.98
2024-09-11 14:55:31,388 INFO    : Snapshot:0	0	3	Epoch:38	Loss:1.317	MRR:23.08	Hits@10:39.65	Best:23.08
2024-09-11 14:55:37,813 INFO    : Snapshot:0	0	3	Epoch:39	Loss:1.223	MRR:23.18	Hits@10:39.7	Best:23.18
2024-09-11 14:55:44,232 INFO    : Snapshot:0	0	3	Epoch:40	Loss:1.116	MRR:23.31	Hits@10:39.77	Best:23.31
2024-09-11 14:55:50,765 INFO    : Snapshot:0	0	3	Epoch:41	Loss:1.042	MRR:23.37	Hits@10:39.75	Best:23.37
2024-09-11 14:55:57,250 INFO    : Snapshot:0	0	3	Epoch:42	Loss:0.973	MRR:23.4	Hits@10:39.88	Best:23.4
2024-09-11 14:56:03,704 INFO    : Snapshot:0	0	3	Epoch:43	Loss:0.915	MRR:23.47	Hits@10:39.86	Best:23.47
2024-09-11 14:56:10,129 INFO    : Snapshot:0	0	3	Epoch:44	Loss:0.865	MRR:23.54	Hits@10:39.89	Best:23.54
2024-09-11 14:56:16,554 INFO    : Snapshot:0	0	3	Epoch:45	Loss:0.819	MRR:23.62	Hits@10:39.94	Best:23.62
2024-09-11 14:56:22,914 INFO    : Snapshot:0	1	3	Epoch:46	Loss:0.769	MRR:23.62	Hits@10:40.06	Best:23.62
2024-09-11 14:56:29,323 INFO    : Snapshot:0	0	3	Epoch:47	Loss:0.722	MRR:23.65	Hits@10:39.93	Best:23.65
2024-09-11 14:56:35,716 INFO    : Snapshot:0	0	3	Epoch:48	Loss:0.688	MRR:23.7	Hits@10:39.92	Best:23.7
2024-09-11 14:56:42,111 INFO    : Snapshot:0	0	3	Epoch:49	Loss:0.651	MRR:23.74	Hits@10:39.98	Best:23.74
2024-09-11 14:56:48,528 INFO    : Snapshot:0	0	3	Epoch:50	Loss:0.633	MRR:23.81	Hits@10:40.0	Best:23.81
2024-09-11 14:56:54,945 INFO    : Snapshot:0	0	3	Epoch:51	Loss:0.597	MRR:23.85	Hits@10:39.97	Best:23.85
2024-09-11 14:57:01,331 INFO    : Snapshot:0	0	3	Epoch:52	Loss:0.578	MRR:23.89	Hits@10:39.98	Best:23.89
2024-09-11 14:57:07,763 INFO    : Snapshot:0	0	3	Epoch:53	Loss:0.545	MRR:23.93	Hits@10:39.96	Best:23.93
2024-09-11 14:57:14,096 INFO    : Snapshot:0	1	3	Epoch:54	Loss:0.537	MRR:23.91	Hits@10:40.0	Best:23.93
2024-09-11 14:57:20,466 INFO    : Snapshot:0	2	3	Epoch:55	Loss:0.51	MRR:23.92	Hits@10:39.98	Best:23.93
2024-09-11 14:57:26,919 INFO    : Snapshot:0	0	3	Epoch:56	Loss:0.483	MRR:23.95	Hits@10:40.0	Best:23.95
2024-09-11 14:57:33,543 INFO    : Snapshot:0	0	3	Epoch:57	Loss:0.469	MRR:23.96	Hits@10:40.03	Best:23.96
2024-09-11 14:57:39,901 INFO    : Snapshot:0	0	3	Epoch:58	Loss:0.452	MRR:24.0	Hits@10:40.06	Best:24.0
2024-09-11 14:57:46,339 INFO    : Snapshot:0	0	3	Epoch:59	Loss:0.437	MRR:24.04	Hits@10:40.07	Best:24.04
2024-09-11 14:57:52,652 INFO    : Snapshot:0	1	3	Epoch:60	Loss:0.418	MRR:24.01	Hits@10:40.03	Best:24.04
2024-09-11 14:57:59,013 INFO    : Snapshot:0	0	3	Epoch:61	Loss:0.403	MRR:24.11	Hits@10:39.91	Best:24.11
2024-09-11 14:58:05,444 INFO    : Snapshot:0	0	3	Epoch:62	Loss:0.396	MRR:24.14	Hits@10:39.99	Best:24.14
2024-09-11 14:58:11,778 INFO    : Snapshot:0	1	3	Epoch:63	Loss:0.384	MRR:24.1	Hits@10:40.03	Best:24.14
2024-09-11 14:58:18,057 INFO    : Snapshot:0	2	3	Epoch:64	Loss:0.383	MRR:24.13	Hits@10:40.12	Best:24.14
2024-09-11 14:58:24,408 INFO    : Early Stopping! Snapshot:0 Epoch: 65 Best Results: 24.14
2024-09-11 14:58:24,514 INFO    : => loading checkpoint './checkpoint/FACT\0model_best.tar'
2024-09-11 14:58:28,385 INFO    : 
+------------+--------+--------+--------+--------+---------+
| Snapshot:0 |  MRR   | Hits@1 | Hits@3 | Hits@5 | Hits@10 |
+------------+--------+--------+--------+--------+---------+
|     0      | 0.2334 | 0.1453 | 0.2787 | 0.3274 |  0.3904 |
+------------+--------+--------+--------+--------+---------+
2024-09-11 14:58:45,418 INFO    : Snapshot:1	0	3	Epoch:0	Loss:24.93	MRR:16.37	Hits@10:28.83	Best:16.37
2024-09-11 14:58:53,950 INFO    : Snapshot:1	1	3	Epoch:1	Loss:24.912	MRR:16.37	Hits@10:28.83	Best:16.37
2024-09-11 14:59:02,423 INFO    : Snapshot:1	2	3	Epoch:2	Loss:24.865	MRR:16.37	Hits@10:28.84	Best:16.37
2024-09-11 14:59:11,015 INFO    : Snapshot:1	0	3	Epoch:3	Loss:24.864	MRR:16.38	Hits@10:28.84	Best:16.38
2024-09-11 14:59:19,442 INFO    : Snapshot:1	1	3	Epoch:4	Loss:24.871	MRR:16.38	Hits@10:28.84	Best:16.38
2024-09-11 14:59:27,823 INFO    : Snapshot:1	2	3	Epoch:5	Loss:24.867	MRR:16.38	Hits@10:28.84	Best:16.38
2024-09-11 14:59:36,208 INFO    : Early Stopping! Snapshot:1 Epoch: 6 Best Results: 16.38
2024-09-11 14:59:36,300 INFO    : => loading checkpoint './checkpoint/FACT\1model_best.tar'
2024-09-11 14:59:45,941 INFO    : 
+------------+--------+--------+--------+--------+---------+
| Snapshot:1 |  MRR   | Hits@1 | Hits@3 | Hits@5 | Hits@10 |
+------------+--------+--------+--------+--------+---------+
|     0      | 0.2334 | 0.1453 | 0.2787 | 0.3274 |  0.3904 |
|     1      | 0.1619 | 0.0881 |  0.2   | 0.2401 |  0.2902 |
+------------+--------+--------+--------+--------+---------+
2024-09-11 15:00:03,670 INFO    : Snapshot:2	0	3	Epoch:0	Loss:27.898	MRR:13.06	Hits@10:24.79	Best:13.06
2024-09-11 15:00:12,724 INFO    : Snapshot:2	0	3	Epoch:1	Loss:27.886	MRR:13.07	Hits@10:24.79	Best:13.07
2024-09-11 15:00:21,718 INFO    : Snapshot:2	1	3	Epoch:2	Loss:27.898	MRR:13.07	Hits@10:24.8	Best:13.07
2024-09-11 15:00:30,674 INFO    : Snapshot:2	2	3	Epoch:3	Loss:27.897	MRR:13.07	Hits@10:24.8	Best:13.07
