2024-09-27 15:14:01,172 INFO    : Namespace(batch_size='1024', data_path='./data/FB_CKGE/', dataset='FB_CKGE', debug=False, device=device(type='cuda', index=0), emb_dim=200, ent_r='150', epoch_num=200, explore=False, gpu='0', l2=0.0, learning_rate='1e-1', log_path='./logs/FB_CKGE 150 20 1e-1 1024/FB_CKGE 20240927151350', logger=<RootLogger root (INFO)>, margin=8.0, model_name='LoraKGE_Layers', multi_layers_path='train_sorted_by_edges_betweenness.txt', neg_ratio=10, note='', num_ent_layers='20', num_layer=1, num_rel_layers='1', patience=3, predict_result='True', r=100, r_fixed=True, random_seed=3407, record=False, rel_r='20', save_path='./checkpoint/FB_CKGE', skip_previous='False', snapshot_num=5, train_new=True, using_multi_layers=False, using_various_ranks='True', using_various_ranks_reverse=False, valid_metrics='mrr')
2024-09-27 15:14:20,677 INFO    : Snapshot:0	0	3	Epoch:0	Loss:91.268	MRR:22.64	Hits@10:42.62	Best:22.64
2024-09-27 15:14:37,108 INFO    : Snapshot:0	0	3	Epoch:1	Loss:17.198	MRR:24.74	Hits@10:45.16	Best:24.74
2024-09-27 15:14:53,687 INFO    : Snapshot:0	1	3	Epoch:2	Loss:7.016	MRR:23.93	Hits@10:44.13	Best:24.74
2024-09-27 15:15:10,987 INFO    : Snapshot:0	2	3	Epoch:3	Loss:4.7	MRR:23.72	Hits@10:43.5	Best:24.74
2024-09-27 15:15:27,411 INFO    : Early Stopping! Snapshot:0 Epoch: 4 Best Results: 24.74
2024-09-27 15:15:27,521 INFO    : => loading checkpoint './checkpoint/FB_CKGE\0model_best.tar'
2024-09-27 15:15:46,768 INFO    : 
+------------+-------+--------+--------+--------+---------+
| Snapshot:0 |  MRR  | Hits@1 | Hits@3 | Hits@5 | Hits@10 |
+------------+-------+--------+--------+--------+---------+
|     0      | 0.246 | 0.1419 | 0.2865 |  0.36  |  0.452  |
+------------+-------+--------+--------+--------+---------+
2024-09-27 15:15:58,733 INFO    : Snapshot:1	0	3	Epoch:0	Loss:9.949	MRR:11.34	Hits@10:21.08	Best:11.34
2024-09-27 15:16:02,987 INFO    : Snapshot:1	0	3	Epoch:1	Loss:2.709	MRR:13.27	Hits@10:25.25	Best:13.27
2024-09-27 15:16:07,040 INFO    : Snapshot:1	0	3	Epoch:2	Loss:1.832	MRR:14.24	Hits@10:27.15	Best:14.24
2024-09-27 15:16:11,314 INFO    : Snapshot:1	0	3	Epoch:3	Loss:1.469	MRR:14.85	Hits@10:28.12	Best:14.85
2024-09-27 15:16:15,531 INFO    : Snapshot:1	0	3	Epoch:4	Loss:1.284	MRR:15.13	Hits@10:28.89	Best:15.13
2024-09-27 15:16:19,731 INFO    : Snapshot:1	0	3	Epoch:5	Loss:1.118	MRR:15.56	Hits@10:29.58	Best:15.56
2024-09-27 15:16:23,870 INFO    : Snapshot:1	0	3	Epoch:6	Loss:1.033	MRR:15.74	Hits@10:29.52	Best:15.74
2024-09-27 15:16:27,890 INFO    : Snapshot:1	1	3	Epoch:7	Loss:0.949	MRR:15.73	Hits@10:30.1	Best:15.74
2024-09-27 15:16:32,055 INFO    : Snapshot:1	0	3	Epoch:8	Loss:0.905	MRR:15.91	Hits@10:30.25	Best:15.91
2024-09-27 15:16:36,133 INFO    : Snapshot:1	0	3	Epoch:9	Loss:0.836	MRR:16.04	Hits@10:30.16	Best:16.04
2024-09-27 15:16:40,217 INFO    : Snapshot:1	0	3	Epoch:10	Loss:0.813	MRR:16.2	Hits@10:30.27	Best:16.2
2024-09-27 15:16:44,288 INFO    : Snapshot:1	0	3	Epoch:11	Loss:0.784	MRR:16.23	Hits@10:30.76	Best:16.23
2024-09-27 15:16:48,459 INFO    : Snapshot:1	1	3	Epoch:12	Loss:0.763	MRR:16.13	Hits@10:30.85	Best:16.23
2024-09-27 15:16:52,754 INFO    : Snapshot:1	0	3	Epoch:13	Loss:0.723	MRR:16.3	Hits@10:30.95	Best:16.3
2024-09-27 15:16:57,127 INFO    : Snapshot:1	0	3	Epoch:14	Loss:0.716	MRR:16.41	Hits@10:30.74	Best:16.41
2024-09-27 15:17:01,314 INFO    : Snapshot:1	1	3	Epoch:15	Loss:0.689	MRR:16.41	Hits@10:30.93	Best:16.41
2024-09-27 15:17:05,350 INFO    : Snapshot:1	2	3	Epoch:16	Loss:0.669	MRR:16.37	Hits@10:30.86	Best:16.41
2024-09-27 15:17:09,543 INFO    : Snapshot:1	0	3	Epoch:17	Loss:0.659	MRR:16.42	Hits@10:30.84	Best:16.42
2024-09-27 15:17:13,693 INFO    : Snapshot:1	0	3	Epoch:18	Loss:0.64	MRR:16.43	Hits@10:31.14	Best:16.43
2024-09-27 15:17:17,926 INFO    : Snapshot:1	0	3	Epoch:19	Loss:0.623	MRR:16.65	Hits@10:31.46	Best:16.65
2024-09-27 15:17:22,142 INFO    : Snapshot:1	0	3	Epoch:20	Loss:0.609	MRR:16.71	Hits@10:31.29	Best:16.71
2024-09-27 15:17:26,297 INFO    : Snapshot:1	1	3	Epoch:21	Loss:0.615	MRR:16.66	Hits@10:31.9	Best:16.71
2024-09-27 15:17:30,822 INFO    : Snapshot:1	0	3	Epoch:22	Loss:0.603	MRR:16.76	Hits@10:31.21	Best:16.76
2024-09-27 15:17:34,982 INFO    : Snapshot:1	0	3	Epoch:23	Loss:0.593	MRR:16.81	Hits@10:31.57	Best:16.81
2024-09-27 15:17:39,229 INFO    : Snapshot:1	0	3	Epoch:24	Loss:0.566	MRR:16.84	Hits@10:31.57	Best:16.84
2024-09-27 15:17:43,423 INFO    : Snapshot:1	1	3	Epoch:25	Loss:0.58	MRR:16.76	Hits@10:31.52	Best:16.84
2024-09-27 15:17:47,566 INFO    : Snapshot:1	2	3	Epoch:26	Loss:0.563	MRR:16.74	Hits@10:31.46	Best:16.84
2024-09-27 15:17:51,663 INFO    : Early Stopping! Snapshot:1 Epoch: 27 Best Results: 16.84
2024-09-27 15:17:51,774 INFO    : => loading checkpoint './checkpoint/FB_CKGE\1model_best.tar'
2024-09-27 15:18:16,846 INFO    : 
+------------+--------+--------+--------+--------+---------+
| Snapshot:1 |  MRR   | Hits@1 | Hits@3 | Hits@5 | Hits@10 |
+------------+--------+--------+--------+--------+---------+
|     0      | 0.246  | 0.1419 | 0.2865 |  0.36  |  0.452  |
|     1      | 0.1773 | 0.1048 | 0.1937 | 0.2464 |  0.3235 |
+------------+--------+--------+--------+--------+---------+
2024-09-27 15:18:29,341 INFO    : Snapshot:2	0	3	Epoch:0	Loss:7.027	MRR:17.36	Hits@10:30.62	Best:17.36
2024-09-27 15:18:33,934 INFO    : Snapshot:2	0	3	Epoch:1	Loss:2.961	MRR:17.54	Hits@10:31.15	Best:17.54
2024-09-27 15:18:38,476 INFO    : Snapshot:2	0	3	Epoch:2	Loss:2.497	MRR:17.7	Hits@10:31.44	Best:17.7
2024-09-27 15:18:42,970 INFO    : Snapshot:2	1	3	Epoch:3	Loss:2.313	MRR:17.7	Hits@10:31.67	Best:17.7
2024-09-27 15:18:47,555 INFO    : Snapshot:2	0	3	Epoch:4	Loss:2.209	MRR:17.79	Hits@10:31.75	Best:17.79
2024-09-27 15:18:52,116 INFO    : Snapshot:2	0	3	Epoch:5	Loss:2.121	MRR:17.9	Hits@10:31.83	Best:17.9
2024-09-27 15:18:56,631 INFO    : Snapshot:2	1	3	Epoch:6	Loss:2.064	MRR:17.9	Hits@10:31.75	Best:17.9
2024-09-27 15:19:01,110 INFO    : Snapshot:2	2	3	Epoch:7	Loss:2.016	MRR:17.9	Hits@10:31.72	Best:17.9
2024-09-27 15:19:05,746 INFO    : Snapshot:2	0	3	Epoch:8	Loss:1.98	MRR:17.99	Hits@10:31.88	Best:17.99
2024-09-27 15:19:10,329 INFO    : Snapshot:2	1	3	Epoch:9	Loss:1.966	MRR:17.95	Hits@10:31.94	Best:17.99
2024-09-27 15:19:14,964 INFO    : Snapshot:2	0	3	Epoch:10	Loss:1.942	MRR:18.01	Hits@10:32.11	Best:18.01
2024-09-27 15:19:19,706 INFO    : Snapshot:2	1	3	Epoch:11	Loss:1.917	MRR:17.96	Hits@10:31.91	Best:18.01
2024-09-27 15:19:24,263 INFO    : Snapshot:2	2	3	Epoch:12	Loss:1.903	MRR:17.99	Hits@10:31.93	Best:18.01
2024-09-27 15:19:28,862 INFO    : Early Stopping! Snapshot:2 Epoch: 13 Best Results: 18.01
2024-09-27 15:19:28,974 INFO    : => loading checkpoint './checkpoint/FB_CKGE\2model_best.tar'
2024-09-27 15:20:02,079 INFO    : 
+------------+--------+--------+--------+--------+---------+
| Snapshot:2 |  MRR   | Hits@1 | Hits@3 | Hits@5 | Hits@10 |
+------------+--------+--------+--------+--------+---------+
|     0      | 0.246  | 0.1419 | 0.2865 |  0.36  |  0.452  |
|     1      | 0.1773 | 0.1048 | 0.1937 | 0.2464 |  0.3235 |
|     2      | 0.1797 | 0.1082 | 0.2016 | 0.2481 |  0.3213 |
+------------+--------+--------+--------+--------+---------+
2024-09-27 15:20:15,095 INFO    : Snapshot:3	0	3	Epoch:0	Loss:5.002	MRR:18.94	Hits@10:32.74	Best:18.94
2024-09-27 15:20:19,913 INFO    : Snapshot:3	1	3	Epoch:1	Loss:3.161	MRR:18.94	Hits@10:32.87	Best:18.94
2024-09-27 15:20:24,750 INFO    : Snapshot:3	0	3	Epoch:2	Loss:2.915	MRR:19.0	Hits@10:32.97	Best:19.0
2024-09-27 15:20:29,614 INFO    : Snapshot:3	1	3	Epoch:3	Loss:2.821	MRR:18.98	Hits@10:32.99	Best:19.0
2024-09-27 15:20:34,467 INFO    : Snapshot:3	0	3	Epoch:4	Loss:2.768	MRR:19.04	Hits@10:32.98	Best:19.04
2024-09-27 15:20:39,267 INFO    : Snapshot:3	1	3	Epoch:5	Loss:2.74	MRR:19.04	Hits@10:33.07	Best:19.04
2024-09-27 15:20:44,079 INFO    : Snapshot:3	0	3	Epoch:6	Loss:2.7	MRR:19.06	Hits@10:32.91	Best:19.06
2024-09-27 15:20:48,994 INFO    : Snapshot:3	0	3	Epoch:7	Loss:2.728	MRR:19.07	Hits@10:33.05	Best:19.07
2024-09-27 15:20:53,777 INFO    : Snapshot:3	1	3	Epoch:8	Loss:2.686	MRR:19.03	Hits@10:33.05	Best:19.07
2024-09-27 15:20:58,547 INFO    : Snapshot:3	2	3	Epoch:9	Loss:2.67	MRR:19.07	Hits@10:33.05	Best:19.07
2024-09-27 15:21:03,386 INFO    : Early Stopping! Snapshot:3 Epoch: 10 Best Results: 19.07
2024-09-27 15:21:03,497 INFO    : => loading checkpoint './checkpoint/FB_CKGE\3model_best.tar'
2024-09-27 15:21:38,044 INFO    : 
+------------+--------+--------+--------+--------+---------+
| Snapshot:3 |  MRR   | Hits@1 | Hits@3 | Hits@5 | Hits@10 |
+------------+--------+--------+--------+--------+---------+
|     0      | 0.246  | 0.1419 | 0.2865 |  0.36  |  0.452  |
|     1      | 0.1773 | 0.1048 | 0.1937 | 0.2464 |  0.3235 |
|     2      | 0.1797 | 0.1082 | 0.2016 | 0.2481 |  0.3213 |
|     3      |  0.19  | 0.1174 | 0.2138 | 0.261  |  0.3287 |
+------------+--------+--------+--------+--------+---------+
2024-09-27 15:21:52,203 INFO    : Snapshot:4	0	3	Epoch:0	Loss:3.872	MRR:19.86	Hits@10:33.09	Best:19.86
2024-09-27 15:21:57,315 INFO    : Snapshot:4	0	3	Epoch:1	Loss:3.254	MRR:19.88	Hits@10:33.07	Best:19.88
2024-09-27 15:22:02,357 INFO    : Snapshot:4	1	3	Epoch:2	Loss:3.144	MRR:19.87	Hits@10:33.11	Best:19.88
2024-09-27 15:22:07,587 INFO    : Snapshot:4	2	3	Epoch:3	Loss:3.16	MRR:19.88	Hits@10:33.13	Best:19.88
2024-09-27 15:22:12,528 INFO    : Snapshot:4	0	3	Epoch:4	Loss:3.131	MRR:19.89	Hits@10:33.14	Best:19.89
2024-09-27 15:22:17,896 INFO    : Snapshot:4	0	3	Epoch:5	Loss:3.116	MRR:19.91	Hits@10:33.1	Best:19.91
2024-09-27 15:22:23,277 INFO    : Snapshot:4	1	3	Epoch:6	Loss:3.079	MRR:19.89	Hits@10:33.1	Best:19.91
2024-09-27 15:22:28,773 INFO    : Snapshot:4	2	3	Epoch:7	Loss:3.109	MRR:19.89	Hits@10:33.11	Best:19.91
2024-09-27 15:22:34,132 INFO    : Early Stopping! Snapshot:4 Epoch: 8 Best Results: 19.91
2024-09-27 15:22:34,249 INFO    : => loading checkpoint './checkpoint/FB_CKGE\4model_best.tar'
2024-09-27 15:23:15,626 INFO    : 
+------------+--------+--------+--------+--------+---------+
| Snapshot:4 |  MRR   | Hits@1 | Hits@3 | Hits@5 | Hits@10 |
+------------+--------+--------+--------+--------+---------+
|     0      | 0.246  | 0.1419 | 0.2865 |  0.36  |  0.452  |
|     1      | 0.1773 | 0.1048 | 0.1937 | 0.2464 |  0.3235 |
|     2      | 0.1797 | 0.1082 | 0.2016 | 0.2481 |  0.3213 |
|     3      |  0.19  | 0.1174 | 0.2138 | 0.261  |  0.3287 |
|     4      | 0.2156 | 0.135  | 0.2442 | 0.3014 |  0.3762 |
+------------+--------+--------+--------+--------+---------+
2024-09-27 15:23:15,627 INFO    : Final Result:
[+------------+-------+--------+--------+--------+---------+
| Snapshot:0 |  MRR  | Hits@1 | Hits@3 | Hits@5 | Hits@10 |
+------------+-------+--------+--------+--------+---------+
|     0      | 0.246 | 0.1419 | 0.2865 |  0.36  |  0.452  |
+------------+-------+--------+--------+--------+---------+, +------------+--------+--------+--------+--------+---------+
| Snapshot:1 |  MRR   | Hits@1 | Hits@3 | Hits@5 | Hits@10 |
+------------+--------+--------+--------+--------+---------+
|     0      | 0.246  | 0.1419 | 0.2865 |  0.36  |  0.452  |
|     1      | 0.1773 | 0.1048 | 0.1937 | 0.2464 |  0.3235 |
+------------+--------+--------+--------+--------+---------+, +------------+--------+--------+--------+--------+---------+
| Snapshot:2 |  MRR   | Hits@1 | Hits@3 | Hits@5 | Hits@10 |
+------------+--------+--------+--------+--------+---------+
|     0      | 0.246  | 0.1419 | 0.2865 |  0.36  |  0.452  |
|     1      | 0.1773 | 0.1048 | 0.1937 | 0.2464 |  0.3235 |
|     2      | 0.1797 | 0.1082 | 0.2016 | 0.2481 |  0.3213 |
+------------+--------+--------+--------+--------+---------+, +------------+--------+--------+--------+--------+---------+
| Snapshot:3 |  MRR   | Hits@1 | Hits@3 | Hits@5 | Hits@10 |
+------------+--------+--------+--------+--------+---------+
|     0      | 0.246  | 0.1419 | 0.2865 |  0.36  |  0.452  |
|     1      | 0.1773 | 0.1048 | 0.1937 | 0.2464 |  0.3235 |
|     2      | 0.1797 | 0.1082 | 0.2016 | 0.2481 |  0.3213 |
|     3      |  0.19  | 0.1174 | 0.2138 | 0.261  |  0.3287 |
+------------+--------+--------+--------+--------+---------+, +------------+--------+--------+--------+--------+---------+
| Snapshot:4 |  MRR   | Hits@1 | Hits@3 | Hits@5 | Hits@10 |
+------------+--------+--------+--------+--------+---------+
|     0      | 0.246  | 0.1419 | 0.2865 |  0.36  |  0.452  |
|     1      | 0.1773 | 0.1048 | 0.1937 | 0.2464 |  0.3235 |
|     2      | 0.1797 | 0.1082 | 0.2016 | 0.2481 |  0.3213 |
|     3      |  0.19  | 0.1174 | 0.2138 | 0.261  |  0.3287 |
|     4      | 0.2156 | 0.135  | 0.2442 | 0.3014 |  0.3762 |
+------------+--------+--------+--------+--------+---------+]
2024-09-27 15:23:15,628 INFO    : Report Result:
+----------+--------------------+-----------+--------------+--------------+---------------+
| Snapshot |        Time        | Whole_MRR | Whole_Hits@1 | Whole_Hits@3 | Whole_Hits@10 |
+----------+--------------------+-----------+--------------+--------------+---------------+
|    0     | 86.23824524879456  |   0.246   |    0.142     |    0.286     |     0.452     |
|    1     | 120.34973311424255 |   0.236   |    0.137     |    0.273     |     0.434     |
|    2     | 67.39145255088806  |   0.229   |    0.133     |    0.264     |      0.42     |
|    3     | 56.27249813079834  |   0.225   |    0.131     |    0.259     |     0.409     |
|    4     | 50.63661026954651  |   0.224   |    0.132     |    0.257     |     0.406     |
+----------+--------------------+-----------+--------------+--------------+---------------+
2024-09-27 15:23:15,628 INFO    : Sum_Training_Time:380.88853931427
2024-09-27 15:23:15,628 INFO    : Every_Training_Time:[86.23824524879456, 120.34973311424255, 67.39145255088806, 56.27249813079834, 50.63661026954651]
2024-09-27 15:23:15,628 INFO    : Forward transfer: 0.14927500000000002 Backward transfer: 0.0
