2025-01-08 19:14:42,744 INFO    : Namespace(batch_size=1024, data_path='./data/FACT/', dataset='FACT', debug=False, device=device(type='cuda', index=0), emb_dim=200, ent_r='200', epoch_num=200, explore=False, gpu='0', l2=0.0, learning_rate='1e-1', log_path='./logs/FACT 200 20 1e-1 1024/FACT 20250108191433', logger=<RootLogger root (INFO)>, margin=8.0, model_name='LoraKGE_Layers', multi_layers_path='train_sorted_by_edges_betweenness.txt', neg_ratio=10, note='', num_ent_layers='20', num_layer=1, num_rel_layers='1', patience='10', predict_result=False, r=100, r_fixed=True, random_seed=3407, record=False, rel_r='200', save_path='./checkpoint/FACT', skip_previous='False', snapshot_num=5, train_new=True, using_multi_layers=False, using_various_ranks='True', using_various_ranks_reverse=False, valid_metrics='mrr')
2025-01-08 19:14:50,744 INFO    : Snapshot:0	0	10	Epoch:0	Loss:44.386	MRR:10.86	Hits@10:21.55	Best:10.86
2025-01-08 19:14:56,686 INFO    : Snapshot:0	0	10	Epoch:1	Loss:26.666	MRR:16.44	Hits@10:30.95	Best:16.44
2025-01-08 19:15:02,686 INFO    : Snapshot:0	0	10	Epoch:2	Loss:15.783	MRR:20.92	Hits@10:35.61	Best:20.92
2025-01-08 19:15:08,647 INFO    : Snapshot:0	0	10	Epoch:3	Loss:9.026	MRR:23.2	Hits@10:37.42	Best:23.2
2025-01-08 19:15:14,598 INFO    : Snapshot:0	0	10	Epoch:4	Loss:5.212	MRR:24.25	Hits@10:38.35	Best:24.25
2025-01-08 19:15:20,560 INFO    : Snapshot:0	0	10	Epoch:5	Loss:3.235	MRR:24.59	Hits@10:39.07	Best:24.59
2025-01-08 19:15:26,539 INFO    : Snapshot:0	0	10	Epoch:6	Loss:2.188	MRR:24.67	Hits@10:39.28	Best:24.67
2025-01-08 19:15:32,574 INFO    : Snapshot:0	0	10	Epoch:7	Loss:1.639	MRR:24.77	Hits@10:39.31	Best:24.77
2025-01-08 19:15:38,565 INFO    : Snapshot:0	0	10	Epoch:8	Loss:1.291	MRR:24.83	Hits@10:39.5	Best:24.83
2025-01-08 19:15:44,501 INFO    : Snapshot:0	1	10	Epoch:9	Loss:1.085	MRR:24.8	Hits@10:39.52	Best:24.83
2025-01-08 19:15:50,426 INFO    : Snapshot:0	2	10	Epoch:10	Loss:0.926	MRR:24.7	Hits@10:39.44	Best:24.83
2025-01-08 19:15:56,348 INFO    : Snapshot:0	3	10	Epoch:11	Loss:0.849	MRR:24.79	Hits@10:39.65	Best:24.83
2025-01-08 19:16:02,322 INFO    : Snapshot:0	4	10	Epoch:12	Loss:0.773	MRR:24.83	Hits@10:39.66	Best:24.83
2025-01-08 19:16:08,334 INFO    : Snapshot:0	5	10	Epoch:13	Loss:0.727	MRR:24.8	Hits@10:39.64	Best:24.83
2025-01-08 19:16:14,301 INFO    : Snapshot:0	6	10	Epoch:14	Loss:0.689	MRR:24.65	Hits@10:39.51	Best:24.83
2025-01-08 19:16:20,320 INFO    : Snapshot:0	7	10	Epoch:15	Loss:0.636	MRR:24.59	Hits@10:39.51	Best:24.83
2025-01-08 19:16:26,374 INFO    : Snapshot:0	8	10	Epoch:16	Loss:0.6	MRR:24.83	Hits@10:39.38	Best:24.83
2025-01-08 19:16:32,395 INFO    : Snapshot:0	9	10	Epoch:17	Loss:0.569	MRR:24.75	Hits@10:39.33	Best:24.83
2025-01-08 19:16:38,538 INFO    : Early Stopping! Snapshot:0 Epoch: 18 Best Results: 24.83
2025-01-08 19:16:38,630 INFO    : => loading checkpoint './checkpoint/FACT\0model_best.tar'
2025-01-08 19:16:42,237 INFO    : 
+------------+------+--------+--------+--------+---------+
| Snapshot:0 | MRR  | Hits@1 | Hits@3 | Hits@5 | Hits@10 |
+------------+------+--------+--------+--------+---------+
|     0      | 0.24 | 0.1585 | 0.2781 | 0.3244 |  0.3882 |
+------------+------+--------+--------+--------+---------+
2025-01-08 19:17:00,164 INFO    : Snapshot:1	0	10	Epoch:0	Loss:19.333	MRR:18.68	Hits@10:30.28	Best:18.68
2025-01-08 19:17:09,105 INFO    : Snapshot:1	0	10	Epoch:1	Loss:16.024	MRR:19.05	Hits@10:30.81	Best:19.05
2025-01-08 19:17:18,062 INFO    : Snapshot:1	0	10	Epoch:2	Loss:15.381	MRR:19.35	Hits@10:31.31	Best:19.35
2025-01-08 19:17:27,081 INFO    : Snapshot:1	0	10	Epoch:3	Loss:15.112	MRR:19.44	Hits@10:31.39	Best:19.44
2025-01-08 19:17:36,059 INFO    : Snapshot:1	1	10	Epoch:4	Loss:14.953	MRR:19.42	Hits@10:31.46	Best:19.44
2025-01-08 19:17:44,773 INFO    : Snapshot:1	2	10	Epoch:5	Loss:14.886	MRR:19.42	Hits@10:31.44	Best:19.44
2025-01-08 19:17:53,530 INFO    : Snapshot:1	0	10	Epoch:6	Loss:14.805	MRR:19.48	Hits@10:31.57	Best:19.48
2025-01-08 19:18:02,342 INFO    : Snapshot:1	0	10	Epoch:7	Loss:14.754	MRR:19.51	Hits@10:31.62	Best:19.51
2025-01-08 19:18:11,590 INFO    : Snapshot:1	0	10	Epoch:8	Loss:14.703	MRR:19.54	Hits@10:31.61	Best:19.54
2025-01-08 19:18:20,562 INFO    : Snapshot:1	0	10	Epoch:9	Loss:14.717	MRR:19.57	Hits@10:31.78	Best:19.57
2025-01-08 19:18:29,604 INFO    : Snapshot:1	1	10	Epoch:10	Loss:14.625	MRR:19.54	Hits@10:31.7	Best:19.57
2025-01-08 19:18:38,643 INFO    : Snapshot:1	0	10	Epoch:11	Loss:14.653	MRR:19.58	Hits@10:31.81	Best:19.58
2025-01-08 19:18:47,701 INFO    : Snapshot:1	1	10	Epoch:12	Loss:14.608	MRR:19.55	Hits@10:31.61	Best:19.58
2025-01-08 19:18:56,852 INFO    : Snapshot:1	0	10	Epoch:13	Loss:14.645	MRR:19.61	Hits@10:31.73	Best:19.61
2025-01-08 19:19:05,994 INFO    : Snapshot:1	1	10	Epoch:14	Loss:14.608	MRR:19.6	Hits@10:31.84	Best:19.61
2025-01-08 19:19:14,907 INFO    : Snapshot:1	2	10	Epoch:15	Loss:14.592	MRR:19.58	Hits@10:31.78	Best:19.61
2025-01-08 19:19:23,709 INFO    : Snapshot:1	3	10	Epoch:16	Loss:14.559	MRR:19.58	Hits@10:31.9	Best:19.61
2025-01-08 19:19:32,503 INFO    : Snapshot:1	4	10	Epoch:17	Loss:14.547	MRR:19.58	Hits@10:31.76	Best:19.61
2025-01-08 19:19:41,346 INFO    : Snapshot:1	5	10	Epoch:18	Loss:14.55	MRR:19.61	Hits@10:31.81	Best:19.61
2025-01-08 19:19:50,103 INFO    : Snapshot:1	0	10	Epoch:19	Loss:14.528	MRR:19.63	Hits@10:31.87	Best:19.63
2025-01-08 19:19:58,847 INFO    : Snapshot:1	0	10	Epoch:20	Loss:14.556	MRR:19.64	Hits@10:31.94	Best:19.64
2025-01-08 19:20:07,723 INFO    : Snapshot:1	1	10	Epoch:21	Loss:14.508	MRR:19.64	Hits@10:31.89	Best:19.64
2025-01-08 19:20:16,772 INFO    : Snapshot:1	2	10	Epoch:22	Loss:14.502	MRR:19.64	Hits@10:31.87	Best:19.64
2025-01-08 19:20:25,705 INFO    : Snapshot:1	0	10	Epoch:23	Loss:14.521	MRR:19.69	Hits@10:31.92	Best:19.69
2025-01-08 19:20:34,671 INFO    : Snapshot:1	1	10	Epoch:24	Loss:14.515	MRR:19.62	Hits@10:31.83	Best:19.69
2025-01-08 19:20:43,543 INFO    : Snapshot:1	2	10	Epoch:25	Loss:14.512	MRR:19.63	Hits@10:31.92	Best:19.69
2025-01-08 19:20:52,587 INFO    : Snapshot:1	3	10	Epoch:26	Loss:14.491	MRR:19.67	Hits@10:31.87	Best:19.69
2025-01-08 19:21:01,348 INFO    : Snapshot:1	4	10	Epoch:27	Loss:14.498	MRR:19.62	Hits@10:31.89	Best:19.69
2025-01-08 19:21:10,189 INFO    : Snapshot:1	5	10	Epoch:28	Loss:14.486	MRR:19.68	Hits@10:31.87	Best:19.69
2025-01-08 19:21:19,099 INFO    : Snapshot:1	6	10	Epoch:29	Loss:14.471	MRR:19.62	Hits@10:31.86	Best:19.69
2025-01-08 19:21:28,083 INFO    : Snapshot:1	7	10	Epoch:30	Loss:14.475	MRR:19.65	Hits@10:31.9	Best:19.69
2025-01-08 19:21:37,006 INFO    : Snapshot:1	8	10	Epoch:31	Loss:14.458	MRR:19.63	Hits@10:31.98	Best:19.69
2025-01-08 19:21:45,792 INFO    : Snapshot:1	9	10	Epoch:32	Loss:14.454	MRR:19.67	Hits@10:32.0	Best:19.69
2025-01-08 19:21:54,578 INFO    : Early Stopping! Snapshot:1 Epoch: 33 Best Results: 19.69
2025-01-08 19:21:54,678 INFO    : => loading checkpoint './checkpoint/FACT\1model_best.tar'
2025-01-08 19:22:04,207 INFO    : 
+------------+-------+--------+--------+--------+---------+
| Snapshot:1 |  MRR  | Hits@1 | Hits@3 | Hits@5 | Hits@10 |
+------------+-------+--------+--------+--------+---------+
|     0      |  0.24 | 0.1585 | 0.2781 | 0.3244 |  0.3882 |
|     1      | 0.194 | 0.1247 | 0.2253 | 0.2651 |  0.3187 |
+------------+-------+--------+--------+--------+---------+
2025-01-08 19:22:21,547 INFO    : Snapshot:2	0	10	Epoch:0	Loss:17.894	MRR:17.17	Hits@10:29.18	Best:17.17
2025-01-08 19:22:31,210 INFO    : Snapshot:2	0	10	Epoch:1	Loss:16.622	MRR:17.26	Hits@10:29.33	Best:17.26
2025-01-08 19:22:40,599 INFO    : Snapshot:2	0	10	Epoch:2	Loss:16.424	MRR:17.28	Hits@10:29.38	Best:17.28
2025-01-08 19:22:50,002 INFO    : Snapshot:2	0	10	Epoch:3	Loss:16.375	MRR:17.34	Hits@10:29.42	Best:17.34
2025-01-08 19:22:59,384 INFO    : Snapshot:2	1	10	Epoch:4	Loss:16.355	MRR:17.34	Hits@10:29.48	Best:17.34
2025-01-08 19:23:08,606 INFO    : Snapshot:2	2	10	Epoch:5	Loss:16.304	MRR:17.32	Hits@10:29.47	Best:17.34
2025-01-08 19:23:17,922 INFO    : Snapshot:2	3	10	Epoch:6	Loss:16.296	MRR:17.31	Hits@10:29.41	Best:17.34
2025-01-08 19:23:27,214 INFO    : Snapshot:2	4	10	Epoch:7	Loss:16.313	MRR:17.34	Hits@10:29.51	Best:17.34
2025-01-08 19:23:36,514 INFO    : Snapshot:2	0	10	Epoch:8	Loss:16.322	MRR:17.37	Hits@10:29.48	Best:17.37
2025-01-08 19:23:45,750 INFO    : Snapshot:2	0	10	Epoch:9	Loss:16.248	MRR:17.39	Hits@10:29.6	Best:17.39
2025-01-08 19:23:55,055 INFO    : Snapshot:2	1	10	Epoch:10	Loss:16.258	MRR:17.35	Hits@10:29.45	Best:17.39
2025-01-08 19:24:04,486 INFO    : Snapshot:2	2	10	Epoch:11	Loss:16.276	MRR:17.37	Hits@10:29.44	Best:17.39
2025-01-08 19:24:14,044 INFO    : Snapshot:2	0	10	Epoch:12	Loss:16.263	MRR:17.4	Hits@10:29.52	Best:17.4
2025-01-08 19:24:23,455 INFO    : Snapshot:2	1	10	Epoch:13	Loss:16.277	MRR:17.4	Hits@10:29.5	Best:17.4
2025-01-08 19:24:32,967 INFO    : Snapshot:2	0	10	Epoch:14	Loss:16.247	MRR:17.42	Hits@10:29.56	Best:17.42
2025-01-08 19:24:42,470 INFO    : Snapshot:2	1	10	Epoch:15	Loss:16.211	MRR:17.37	Hits@10:29.58	Best:17.42
2025-01-08 19:24:52,007 INFO    : Snapshot:2	2	10	Epoch:16	Loss:16.227	MRR:17.4	Hits@10:29.57	Best:17.42
2025-01-08 19:25:01,420 INFO    : Snapshot:2	3	10	Epoch:17	Loss:16.266	MRR:17.36	Hits@10:29.57	Best:17.42
2025-01-08 19:25:10,761 INFO    : Snapshot:2	4	10	Epoch:18	Loss:16.245	MRR:17.37	Hits@10:29.52	Best:17.42
2025-01-08 19:25:20,259 INFO    : Snapshot:2	5	10	Epoch:19	Loss:16.225	MRR:17.39	Hits@10:29.54	Best:17.42
2025-01-08 19:25:29,509 INFO    : Snapshot:2	6	10	Epoch:20	Loss:16.229	MRR:17.39	Hits@10:29.5	Best:17.42
2025-01-08 19:25:38,757 INFO    : Snapshot:2	7	10	Epoch:21	Loss:16.218	MRR:17.37	Hits@10:29.53	Best:17.42
2025-01-08 19:25:47,954 INFO    : Snapshot:2	8	10	Epoch:22	Loss:16.214	MRR:17.39	Hits@10:29.54	Best:17.42
2025-01-08 19:25:57,283 INFO    : Snapshot:2	9	10	Epoch:23	Loss:16.238	MRR:17.4	Hits@10:29.54	Best:17.42
2025-01-08 19:26:06,533 INFO    : Early Stopping! Snapshot:2 Epoch: 24 Best Results: 17.42
2025-01-08 19:26:06,623 INFO    : => loading checkpoint './checkpoint/FACT\2model_best.tar'
2025-01-08 19:26:21,982 INFO    : 
+------------+--------+--------+--------+--------+---------+
| Snapshot:2 |  MRR   | Hits@1 | Hits@3 | Hits@5 | Hits@10 |
+------------+--------+--------+--------+--------+---------+
|     0      |  0.24  | 0.1585 | 0.2781 | 0.3244 |  0.3882 |
|     1      | 0.194  | 0.1247 | 0.2253 | 0.2651 |  0.3187 |
|     2      | 0.1724 | 0.1057 | 0.1991 | 0.2391 |  0.2947 |
+------------+--------+--------+--------+--------+---------+
2025-01-08 19:26:40,255 INFO    : Snapshot:3	0	10	Epoch:0	Loss:17.578	MRR:14.5	Hits@10:25.91	Best:14.5
2025-01-08 19:26:49,719 INFO    : Snapshot:3	0	10	Epoch:1	Loss:17.098	MRR:14.52	Hits@10:25.94	Best:14.52
2025-01-08 19:26:59,108 INFO    : Snapshot:3	0	10	Epoch:2	Loss:17.028	MRR:14.54	Hits@10:25.98	Best:14.54
2025-01-08 19:27:08,532 INFO    : Snapshot:3	0	10	Epoch:3	Loss:17.024	MRR:14.56	Hits@10:25.91	Best:14.56
2025-01-08 19:27:17,948 INFO    : Snapshot:3	1	10	Epoch:4	Loss:16.999	MRR:14.52	Hits@10:25.95	Best:14.56
2025-01-08 19:27:27,349 INFO    : Snapshot:3	2	10	Epoch:5	Loss:17.007	MRR:14.54	Hits@10:25.93	Best:14.56
2025-01-08 19:27:36,749 INFO    : Snapshot:3	3	10	Epoch:6	Loss:16.998	MRR:14.54	Hits@10:26.04	Best:14.56
2025-01-08 19:27:45,994 INFO    : Snapshot:3	4	10	Epoch:7	Loss:17.003	MRR:14.54	Hits@10:25.98	Best:14.56
2025-01-08 19:27:55,388 INFO    : Snapshot:3	5	10	Epoch:8	Loss:16.981	MRR:14.52	Hits@10:26.01	Best:14.56
2025-01-08 19:28:04,704 INFO    : Snapshot:3	6	10	Epoch:9	Loss:16.992	MRR:14.51	Hits@10:25.96	Best:14.56
2025-01-08 19:28:14,288 INFO    : Snapshot:3	7	10	Epoch:10	Loss:16.979	MRR:14.56	Hits@10:25.94	Best:14.56
2025-01-08 19:28:23,709 INFO    : Snapshot:3	8	10	Epoch:11	Loss:16.973	MRR:14.54	Hits@10:25.92	Best:14.56
2025-01-08 19:28:33,058 INFO    : Snapshot:3	9	10	Epoch:12	Loss:16.988	MRR:14.54	Hits@10:25.98	Best:14.56
2025-01-08 19:28:42,359 INFO    : Early Stopping! Snapshot:3 Epoch: 13 Best Results: 14.56
2025-01-08 19:28:42,452 INFO    : => loading checkpoint './checkpoint/FACT\3model_best.tar'
2025-01-08 19:29:03,698 INFO    : 
+------------+--------+--------+--------+--------+---------+
| Snapshot:3 |  MRR   | Hits@1 | Hits@3 | Hits@5 | Hits@10 |
+------------+--------+--------+--------+--------+---------+
|     0      |  0.24  | 0.1585 | 0.2781 | 0.3244 |  0.3882 |
|     1      | 0.194  | 0.1247 | 0.2253 | 0.2651 |  0.3187 |
|     2      | 0.1724 | 0.1057 | 0.1991 | 0.2391 |  0.2947 |
|     3      | 0.1458 | 0.084  | 0.1651 | 0.2053 |  0.2611 |
+------------+--------+--------+--------+--------+---------+
2025-01-08 19:29:52,922 INFO    : Snapshot:4	0	10	Epoch:0	Loss:17.42	MRR:10.87	Hits@10:20.97	Best:10.87
2025-01-08 19:30:17,953 INFO    : Snapshot:4	0	10	Epoch:1	Loss:16.65	MRR:10.9	Hits@10:20.97	Best:10.9
2025-01-08 19:30:43,120 INFO    : Snapshot:4	1	10	Epoch:2	Loss:16.566	MRR:10.9	Hits@10:21.04	Best:10.9
2025-01-08 19:31:08,304 INFO    : Snapshot:4	2	10	Epoch:3	Loss:16.573	MRR:10.9	Hits@10:20.97	Best:10.9
2025-01-08 19:31:34,144 INFO    : Snapshot:4	0	10	Epoch:4	Loss:16.526	MRR:10.95	Hits@10:21.12	Best:10.95
2025-01-08 19:31:59,510 INFO    : Snapshot:4	1	10	Epoch:5	Loss:16.556	MRR:10.91	Hits@10:21.02	Best:10.95
2025-01-08 19:32:24,782 INFO    : Snapshot:4	2	10	Epoch:6	Loss:16.543	MRR:10.93	Hits@10:21.0	Best:10.95
2025-01-08 19:32:50,579 INFO    : Snapshot:4	3	10	Epoch:7	Loss:16.543	MRR:10.86	Hits@10:21.01	Best:10.95
2025-01-08 19:33:15,647 INFO    : Snapshot:4	4	10	Epoch:8	Loss:16.523	MRR:10.91	Hits@10:20.98	Best:10.95
2025-01-08 19:33:40,717 INFO    : Snapshot:4	5	10	Epoch:9	Loss:16.552	MRR:10.89	Hits@10:20.96	Best:10.95
2025-01-08 19:34:05,646 INFO    : Snapshot:4	6	10	Epoch:10	Loss:16.525	MRR:10.92	Hits@10:21.04	Best:10.95
2025-01-08 19:34:30,716 INFO    : Snapshot:4	7	10	Epoch:11	Loss:16.537	MRR:10.86	Hits@10:20.99	Best:10.95
2025-01-08 19:34:55,715 INFO    : Snapshot:4	8	10	Epoch:12	Loss:16.494	MRR:10.92	Hits@10:21.04	Best:10.95
2025-01-08 19:35:20,683 INFO    : Snapshot:4	9	10	Epoch:13	Loss:16.531	MRR:10.94	Hits@10:21.09	Best:10.95
2025-01-08 19:35:45,700 INFO    : Snapshot:4	0	10	Epoch:14	Loss:16.484	MRR:10.97	Hits@10:21.05	Best:10.97
2025-01-08 19:36:10,692 INFO    : Snapshot:4	1	10	Epoch:15	Loss:16.526	MRR:10.92	Hits@10:21.04	Best:10.97
2025-01-08 19:36:35,837 INFO    : Snapshot:4	2	10	Epoch:16	Loss:16.51	MRR:10.9	Hits@10:20.98	Best:10.97
2025-01-08 19:37:01,271 INFO    : Snapshot:4	3	10	Epoch:17	Loss:16.504	MRR:10.91	Hits@10:21.0	Best:10.97
2025-01-08 19:37:26,279 INFO    : Snapshot:4	4	10	Epoch:18	Loss:16.502	MRR:10.91	Hits@10:21.03	Best:10.97
2025-01-08 19:37:51,241 INFO    : Snapshot:4	5	10	Epoch:19	Loss:16.485	MRR:10.97	Hits@10:21.07	Best:10.97
2025-01-08 19:38:16,214 INFO    : Snapshot:4	6	10	Epoch:20	Loss:16.458	MRR:10.94	Hits@10:21.06	Best:10.97
2025-01-08 19:38:41,386 INFO    : Snapshot:4	7	10	Epoch:21	Loss:16.484	MRR:10.93	Hits@10:21.06	Best:10.97
2025-01-08 19:39:06,502 INFO    : Snapshot:4	8	10	Epoch:22	Loss:16.507	MRR:10.93	Hits@10:21.01	Best:10.97
2025-01-08 19:39:31,588 INFO    : Snapshot:4	9	10	Epoch:23	Loss:16.482	MRR:10.93	Hits@10:20.98	Best:10.97
2025-01-08 19:39:56,597 INFO    : Early Stopping! Snapshot:4 Epoch: 24 Best Results: 10.97
2025-01-08 19:39:56,698 INFO    : => loading checkpoint './checkpoint/FACT\4model_best.tar'
2025-01-08 19:40:39,689 INFO    : 
+------------+--------+--------+--------+--------+---------+
| Snapshot:4 |  MRR   | Hits@1 | Hits@3 | Hits@5 | Hits@10 |
+------------+--------+--------+--------+--------+---------+
|     0      |  0.24  | 0.1585 | 0.2781 | 0.3244 |  0.3882 |
|     1      | 0.194  | 0.1247 | 0.2253 | 0.2651 |  0.3187 |
|     2      | 0.1724 | 0.1057 | 0.1991 | 0.2391 |  0.2947 |
|     3      | 0.1458 | 0.084  | 0.1651 | 0.2053 |  0.2611 |
|     4      |  0.11  | 0.0545 | 0.1214 | 0.1553 |  0.2105 |
+------------+--------+--------+--------+--------+---------+
2025-01-08 19:40:39,691 INFO    : Final Result:
[+------------+------+--------+--------+--------+---------+
| Snapshot:0 | MRR  | Hits@1 | Hits@3 | Hits@5 | Hits@10 |
+------------+------+--------+--------+--------+---------+
|     0      | 0.24 | 0.1585 | 0.2781 | 0.3244 |  0.3882 |
+------------+------+--------+--------+--------+---------+, +------------+-------+--------+--------+--------+---------+
| Snapshot:1 |  MRR  | Hits@1 | Hits@3 | Hits@5 | Hits@10 |
+------------+-------+--------+--------+--------+---------+
|     0      |  0.24 | 0.1585 | 0.2781 | 0.3244 |  0.3882 |
|     1      | 0.194 | 0.1247 | 0.2253 | 0.2651 |  0.3187 |
+------------+-------+--------+--------+--------+---------+, +------------+--------+--------+--------+--------+---------+
| Snapshot:2 |  MRR   | Hits@1 | Hits@3 | Hits@5 | Hits@10 |
+------------+--------+--------+--------+--------+---------+
|     0      |  0.24  | 0.1585 | 0.2781 | 0.3244 |  0.3882 |
|     1      | 0.194  | 0.1247 | 0.2253 | 0.2651 |  0.3187 |
|     2      | 0.1724 | 0.1057 | 0.1991 | 0.2391 |  0.2947 |
+------------+--------+--------+--------+--------+---------+, +------------+--------+--------+--------+--------+---------+
| Snapshot:3 |  MRR   | Hits@1 | Hits@3 | Hits@5 | Hits@10 |
+------------+--------+--------+--------+--------+---------+
|     0      |  0.24  | 0.1585 | 0.2781 | 0.3244 |  0.3882 |
|     1      | 0.194  | 0.1247 | 0.2253 | 0.2651 |  0.3187 |
|     2      | 0.1724 | 0.1057 | 0.1991 | 0.2391 |  0.2947 |
|     3      | 0.1458 | 0.084  | 0.1651 | 0.2053 |  0.2611 |
+------------+--------+--------+--------+--------+---------+, +------------+--------+--------+--------+--------+---------+
| Snapshot:4 |  MRR   | Hits@1 | Hits@3 | Hits@5 | Hits@10 |
+------------+--------+--------+--------+--------+---------+
|     0      |  0.24  | 0.1585 | 0.2781 | 0.3244 |  0.3882 |
|     1      | 0.194  | 0.1247 | 0.2253 | 0.2651 |  0.3187 |
|     2      | 0.1724 | 0.1057 | 0.1991 | 0.2391 |  0.2947 |
|     3      | 0.1458 | 0.084  | 0.1651 | 0.2053 |  0.2611 |
|     4      |  0.11  | 0.0545 | 0.1214 | 0.1553 |  0.2105 |
+------------+--------+--------+--------+--------+---------+]
2025-01-08 19:40:39,692 INFO    : Report Result:
+----------+--------------------+-----------+--------------+--------------+---------------+
| Snapshot |        Time        | Whole_MRR | Whole_Hits@1 | Whole_Hits@3 | Whole_Hits@10 |
+----------+--------------------+-----------+--------------+--------------+---------------+
|    0     | 115.79487490653992 |    0.24   |    0.159     |    0.278     |     0.388     |
|    1     | 306.37384939193726 |   0.217   |    0.142     |    0.252     |     0.353     |
|    2     | 236.47663474082947 |   0.202   |     0.13     |    0.234     |     0.334     |
|    3     | 134.1351671218872  |   0.188   |    0.118     |    0.217     |     0.316     |
|    4     |  631.225697517395  |   0.172   |    0.105     |    0.198     |     0.295     |
+----------+--------------------+-----------+--------------+--------------+---------------+
2025-01-08 19:40:39,693 INFO    : Sum_Training_Time:1424.0062236785889
2025-01-08 19:40:39,693 INFO    : Every_Training_Time:[115.79487490653992, 306.37384939193726, 236.47663474082947, 134.1351671218872, 631.225697517395]
2025-01-08 19:40:39,693 INFO    : Forward transfer: 0.14082500000000003 Backward transfer: 0.0
