2024-09-10 13:47:39,725 INFO    : Namespace(batch_size=1024, data_path='./data/RELATION/', dataset='RELATION', debug=False, device=device(type='cuda', index=0), emb_dim=200, ent_r='150', epoch_num=200, explore=False, gpu='0', l2=0.0, learning_rate='3e-1', log_path='./logs/20240910134730/RELATION', logger=<RootLogger root (INFO)>, margin=8.0, model_name='LoraKGE_Layers', multi_layers_path='train_sorted_by_edges_betweenness.txt', neg_ratio=10, note='', num_ent_layers='2', num_layer=1, num_rel_layers='1', patience=3, predict_result=False, r=100, r_fixed=True, random_seed=3407, record=False, rel_r='20', save_path='./checkpoint/RELATION', skip_previous='False', snapshot_num=5, train_new=True, using_multi_layers=False, using_various_ranks='True', using_various_ranks_reverse=False, valid_metrics='mrr')
2024-09-10 13:47:54,738 INFO    : Snapshot:0	0	3	Epoch:0	Loss:65.167	MRR:13.37	Hits@10:24.9	Best:13.37
2024-09-10 13:48:06,150 INFO    : Snapshot:0	0	3	Epoch:1	Loss:42.228	MRR:21.54	Hits@10:38.44	Best:21.54
2024-09-10 13:48:17,528 INFO    : Snapshot:0	0	3	Epoch:2	Loss:24.381	MRR:25.32	Hits@10:43.85	Best:25.32
2024-09-10 13:48:29,232 INFO    : Snapshot:0	0	3	Epoch:3	Loss:13.69	MRR:26.81	Hits@10:45.89	Best:26.81
2024-09-10 13:48:40,743 INFO    : Snapshot:0	0	3	Epoch:4	Loss:8.41	MRR:27.55	Hits@10:46.95	Best:27.55
2024-09-10 13:48:52,175 INFO    : Snapshot:0	1	3	Epoch:5	Loss:5.762	MRR:27.55	Hits@10:47.45	Best:27.55
2024-09-10 13:49:03,589 INFO    : Snapshot:0	2	3	Epoch:6	Loss:4.288	MRR:27.51	Hits@10:47.43	Best:27.55
2024-09-10 13:49:15,077 INFO    : Snapshot:0	0	3	Epoch:7	Loss:3.483	MRR:27.63	Hits@10:47.33	Best:27.63
2024-09-10 13:49:26,559 INFO    : Snapshot:0	1	3	Epoch:8	Loss:2.959	MRR:27.6	Hits@10:47.17	Best:27.63
2024-09-10 13:49:38,002 INFO    : Snapshot:0	2	3	Epoch:9	Loss:2.603	MRR:27.29	Hits@10:46.87	Best:27.63
2024-09-10 13:49:49,404 INFO    : Early Stopping! Snapshot:0 Epoch: 10 Best Results: 27.63
2024-09-10 13:49:49,511 INFO    : => loading checkpoint './checkpoint/RELATION\0model_best.tar'
2024-09-10 13:49:56,960 INFO    : 
+------------+-------+--------+--------+--------+---------+
| Snapshot:0 |  MRR  | Hits@1 | Hits@3 | Hits@5 | Hits@10 |
+------------+-------+--------+--------+--------+---------+
|     0      | 0.278 | 0.1719 | 0.3391 | 0.4065 |  0.4742 |
+------------+-------+--------+--------+--------+---------+
2024-09-10 13:50:21,203 INFO    : Snapshot:1	0	3	Epoch:0	Loss:26.96	MRR:8.85	Hits@10:18.65	Best:8.85
2024-09-10 13:50:33,857 INFO    : Snapshot:1	0	3	Epoch:1	Loss:20.767	MRR:9.81	Hits@10:20.49	Best:9.81
2024-09-10 13:50:46,286 INFO    : Snapshot:1	0	3	Epoch:2	Loss:20.092	MRR:10.31	Hits@10:20.98	Best:10.31
2024-09-10 13:50:58,551 INFO    : Snapshot:1	0	3	Epoch:3	Loss:19.731	MRR:10.34	Hits@10:21.37	Best:10.34
2024-09-10 13:51:10,820 INFO    : Snapshot:1	0	3	Epoch:4	Loss:19.471	MRR:10.53	Hits@10:21.67	Best:10.53
2024-09-10 13:51:23,096 INFO    : Snapshot:1	0	3	Epoch:5	Loss:19.323	MRR:10.54	Hits@10:21.9	Best:10.54
2024-09-10 13:51:35,371 INFO    : Snapshot:1	0	3	Epoch:6	Loss:19.15	MRR:10.74	Hits@10:22.2	Best:10.74
2024-09-10 13:51:47,860 INFO    : Snapshot:1	1	3	Epoch:7	Loss:19.062	MRR:10.58	Hits@10:22.19	Best:10.74
2024-09-10 13:52:00,177 INFO    : Snapshot:1	0	3	Epoch:8	Loss:19.007	MRR:10.87	Hits@10:22.32	Best:10.87
2024-09-10 13:52:12,514 INFO    : Snapshot:1	1	3	Epoch:9	Loss:18.906	MRR:10.82	Hits@10:22.17	Best:10.87
2024-09-10 13:52:24,997 INFO    : Snapshot:1	0	3	Epoch:10	Loss:18.861	MRR:10.92	Hits@10:22.44	Best:10.92
2024-09-10 13:52:37,288 INFO    : Snapshot:1	0	3	Epoch:11	Loss:18.832	MRR:10.99	Hits@10:22.52	Best:10.99
2024-09-10 13:52:49,565 INFO    : Snapshot:1	0	3	Epoch:12	Loss:18.732	MRR:11.01	Hits@10:22.57	Best:11.01
2024-09-10 13:53:01,897 INFO    : Snapshot:1	0	3	Epoch:13	Loss:18.701	MRR:11.09	Hits@10:22.57	Best:11.09
2024-09-10 13:53:14,123 INFO    : Snapshot:1	1	3	Epoch:14	Loss:18.701	MRR:10.91	Hits@10:22.82	Best:11.09
2024-09-10 13:53:26,358 INFO    : Snapshot:1	2	3	Epoch:15	Loss:18.687	MRR:10.92	Hits@10:22.64	Best:11.09
2024-09-10 13:53:38,675 INFO    : Early Stopping! Snapshot:1 Epoch: 16 Best Results: 11.09
2024-09-10 13:53:38,780 INFO    : => loading checkpoint './checkpoint/RELATION\1model_best.tar'
2024-09-10 13:53:54,823 INFO    : 
+------------+--------+--------+--------+--------+---------+
| Snapshot:1 |  MRR   | Hits@1 | Hits@3 | Hits@5 | Hits@10 |
+------------+--------+--------+--------+--------+---------+
|     0      | 0.278  | 0.1719 | 0.3391 | 0.4065 |  0.4742 |
|     1      | 0.1129 | 0.0526 | 0.1317 | 0.1711 |  0.2289 |
+------------+--------+--------+--------+--------+---------+
2024-09-10 13:54:12,293 INFO    : Snapshot:2	0	3	Epoch:0	Loss:21.806	MRR:8.92	Hits@10:14.27	Best:8.92
2024-09-10 13:54:21,384 INFO    : Snapshot:2	0	3	Epoch:1	Loss:18.311	MRR:9.49	Hits@10:15.1	Best:9.49
2024-09-10 13:54:30,404 INFO    : Snapshot:2	0	3	Epoch:2	Loss:17.972	MRR:9.73	Hits@10:15.55	Best:9.73
2024-09-10 13:54:39,545 INFO    : Snapshot:2	0	3	Epoch:3	Loss:17.832	MRR:10.04	Hits@10:16.08	Best:10.04
2024-09-10 13:54:48,541 INFO    : Snapshot:2	0	3	Epoch:4	Loss:17.714	MRR:10.06	Hits@10:16.21	Best:10.06
2024-09-10 13:54:57,640 INFO    : Snapshot:2	1	3	Epoch:5	Loss:17.709	MRR:10.05	Hits@10:16.16	Best:10.06
2024-09-10 13:55:06,906 INFO    : Snapshot:2	2	3	Epoch:6	Loss:17.686	MRR:10.0	Hits@10:16.16	Best:10.06
2024-09-10 13:55:15,974 INFO    : Early Stopping! Snapshot:2 Epoch: 7 Best Results: 10.06
2024-09-10 13:55:16,092 INFO    : => loading checkpoint './checkpoint/RELATION\2model_best.tar'
2024-09-10 13:55:38,321 INFO    : 
+------------+--------+--------+--------+--------+---------+
| Snapshot:2 |  MRR   | Hits@1 | Hits@3 | Hits@5 | Hits@10 |
+------------+--------+--------+--------+--------+---------+
|     0      | 0.278  | 0.1719 | 0.3391 | 0.4065 |  0.4742 |
|     1      | 0.1129 | 0.0526 | 0.1317 | 0.1711 |  0.2289 |
|     2      | 0.0983 | 0.0637 | 0.0992 | 0.1194 |  0.158  |
+------------+--------+--------+--------+--------+---------+
2024-09-10 13:55:49,063 INFO    : Snapshot:3	0	3	Epoch:0	Loss:10.112	MRR:13.61	Hits@10:21.62	Best:13.61
2024-09-10 13:55:53,432 INFO    : Snapshot:3	0	3	Epoch:1	Loss:6.989	MRR:14.5	Hits@10:23.06	Best:14.5
2024-09-10 13:55:58,152 INFO    : Snapshot:3	0	3	Epoch:2	Loss:6.712	MRR:14.56	Hits@10:23.88	Best:14.56
2024-09-10 13:56:02,361 INFO    : Snapshot:3	1	3	Epoch:3	Loss:6.522	MRR:14.55	Hits@10:25.05	Best:14.56
2024-09-10 13:56:06,526 INFO    : Snapshot:3	2	3	Epoch:4	Loss:6.44	MRR:13.76	Hits@10:25.15	Best:14.56
2024-09-10 13:56:10,907 INFO    : Early Stopping! Snapshot:3 Epoch: 5 Best Results: 14.56
2024-09-10 13:56:11,011 INFO    : => loading checkpoint './checkpoint/RELATION\3model_best.tar'
2024-09-10 13:56:36,474 INFO    : 
+------------+--------+--------+--------+--------+---------+
| Snapshot:3 |  MRR   | Hits@1 | Hits@3 | Hits@5 | Hits@10 |
+------------+--------+--------+--------+--------+---------+
|     0      | 0.278  | 0.1719 | 0.3391 | 0.4065 |  0.4742 |
|     1      | 0.1129 | 0.0526 | 0.1317 | 0.1711 |  0.2289 |
|     2      | 0.0983 | 0.0637 | 0.0992 | 0.1194 |  0.158  |
|     3      | 0.139  | 0.0841 | 0.1512 | 0.1848 |  0.2395 |
+------------+--------+--------+--------+--------+---------+
2024-09-10 13:57:13,046 INFO    : Snapshot:4	0	3	Epoch:0	Loss:8.694	MRR:11.6	Hits@10:20.06	Best:11.6
2024-09-10 13:57:30,081 INFO    : Snapshot:4	1	3	Epoch:1	Loss:6.504	MRR:11.46	Hits@10:20.58	Best:11.6
2024-09-10 13:57:47,123 INFO    : Snapshot:4	0	3	Epoch:2	Loss:6.227	MRR:11.79	Hits@10:20.76	Best:11.79
2024-09-10 13:58:04,250 INFO    : Snapshot:4	0	3	Epoch:3	Loss:6.147	MRR:11.9	Hits@10:21.44	Best:11.9
2024-09-10 13:58:21,138 INFO    : Snapshot:4	0	3	Epoch:4	Loss:6.064	MRR:12.11	Hits@10:21.75	Best:12.11
2024-09-10 13:58:38,135 INFO    : Snapshot:4	1	3	Epoch:5	Loss:6.056	MRR:12.08	Hits@10:21.59	Best:12.11
2024-09-10 13:58:55,192 INFO    : Snapshot:4	2	3	Epoch:6	Loss:6.068	MRR:11.98	Hits@10:21.03	Best:12.11
2024-09-10 13:59:12,673 INFO    : Snapshot:4	0	3	Epoch:7	Loss:6.03	MRR:12.3	Hits@10:21.78	Best:12.3
2024-09-10 13:59:29,997 INFO    : Snapshot:4	0	3	Epoch:8	Loss:6.011	MRR:12.57	Hits@10:21.95	Best:12.57
2024-09-10 13:59:47,072 INFO    : Snapshot:4	0	3	Epoch:9	Loss:6.008	MRR:12.79	Hits@10:22.23	Best:12.79
2024-09-10 14:00:04,186 INFO    : Snapshot:4	1	3	Epoch:10	Loss:5.99	MRR:12.36	Hits@10:21.82	Best:12.79
2024-09-10 14:00:21,361 INFO    : Snapshot:4	2	3	Epoch:11	Loss:5.965	MRR:12.48	Hits@10:22.12	Best:12.79
2024-09-10 14:00:38,305 INFO    : Early Stopping! Snapshot:4 Epoch: 12 Best Results: 12.79
2024-09-10 14:00:38,425 INFO    : => loading checkpoint './checkpoint/RELATION\4model_best.tar'
2024-09-10 14:01:20,393 INFO    : 
+------------+--------+--------+--------+--------+---------+
| Snapshot:4 |  MRR   | Hits@1 | Hits@3 | Hits@5 | Hits@10 |
+------------+--------+--------+--------+--------+---------+
|     0      | 0.278  | 0.1719 | 0.3391 | 0.4065 |  0.4742 |
|     1      | 0.1129 | 0.0526 | 0.1317 | 0.1711 |  0.2289 |
|     2      | 0.0983 | 0.0637 | 0.0992 | 0.1194 |  0.158  |
|     3      | 0.139  | 0.0841 | 0.1512 | 0.1848 |  0.2395 |
|     4      | 0.124  | 0.0748 | 0.1243 | 0.1545 |  0.219  |
+------------+--------+--------+--------+--------+---------+
2024-09-10 14:01:20,395 INFO    : Final Result:
[+------------+-------+--------+--------+--------+---------+
| Snapshot:0 |  MRR  | Hits@1 | Hits@3 | Hits@5 | Hits@10 |
+------------+-------+--------+--------+--------+---------+
|     0      | 0.278 | 0.1719 | 0.3391 | 0.4065 |  0.4742 |
+------------+-------+--------+--------+--------+---------+, +------------+--------+--------+--------+--------+---------+
| Snapshot:1 |  MRR   | Hits@1 | Hits@3 | Hits@5 | Hits@10 |
+------------+--------+--------+--------+--------+---------+
|     0      | 0.278  | 0.1719 | 0.3391 | 0.4065 |  0.4742 |
|     1      | 0.1129 | 0.0526 | 0.1317 | 0.1711 |  0.2289 |
+------------+--------+--------+--------+--------+---------+, +------------+--------+--------+--------+--------+---------+
| Snapshot:2 |  MRR   | Hits@1 | Hits@3 | Hits@5 | Hits@10 |
+------------+--------+--------+--------+--------+---------+
|     0      | 0.278  | 0.1719 | 0.3391 | 0.4065 |  0.4742 |
|     1      | 0.1129 | 0.0526 | 0.1317 | 0.1711 |  0.2289 |
|     2      | 0.0983 | 0.0637 | 0.0992 | 0.1194 |  0.158  |
+------------+--------+--------+--------+--------+---------+, +------------+--------+--------+--------+--------+---------+
| Snapshot:3 |  MRR   | Hits@1 | Hits@3 | Hits@5 | Hits@10 |
+------------+--------+--------+--------+--------+---------+
|     0      | 0.278  | 0.1719 | 0.3391 | 0.4065 |  0.4742 |
|     1      | 0.1129 | 0.0526 | 0.1317 | 0.1711 |  0.2289 |
|     2      | 0.0983 | 0.0637 | 0.0992 | 0.1194 |  0.158  |
|     3      | 0.139  | 0.0841 | 0.1512 | 0.1848 |  0.2395 |
+------------+--------+--------+--------+--------+---------+, +------------+--------+--------+--------+--------+---------+
| Snapshot:4 |  MRR   | Hits@1 | Hits@3 | Hits@5 | Hits@10 |
+------------+--------+--------+--------+--------+---------+
|     0      | 0.278  | 0.1719 | 0.3391 | 0.4065 |  0.4742 |
|     1      | 0.1129 | 0.0526 | 0.1317 | 0.1711 |  0.2289 |
|     2      | 0.0983 | 0.0637 | 0.0992 | 0.1194 |  0.158  |
|     3      | 0.139  | 0.0841 | 0.1512 | 0.1848 |  0.2395 |
|     4      | 0.124  | 0.0748 | 0.1243 | 0.1545 |  0.219  |
+------------+--------+--------+--------+--------+---------+]
2024-09-10 14:01:20,396 INFO    : Report Result:
+----------+--------------------+-----------+--------------+--------------+---------------+
| Snapshot |        Time        | Whole_MRR | Whole_Hits@1 | Whole_Hits@3 | Whole_Hits@10 |
+----------+--------------------+-----------+--------------+--------------+---------------+
|    0     | 129.67755389213562 |   0.278   |    0.172     |    0.339     |     0.474     |
|    1     | 213.30650353431702 |   0.198   |    0.114     |    0.238     |     0.355     |
|    2     | 74.88590455055237  |   0.172   |    0.101     |    0.203     |     0.305     |
|    3     | 29.31829571723938  |   0.169   |    0.099     |    0.197     |     0.298     |
|    4     | 224.84829139709473 |   0.166   |    0.098     |    0.192     |     0.292     |
+----------+--------------------+-----------+--------------+--------------+---------------+
2024-09-10 14:01:20,396 INFO    : Sum_Training_Time:672.0365490913391
2024-09-10 14:01:20,396 INFO    : Every_Training_Time:[129.67755389213562, 213.30650353431702, 74.88590455055237, 29.31829571723938, 224.84829139709473]
2024-09-10 14:01:20,396 INFO    : Forward transfer: 0.011675000000000001 Backward transfer: 0.0
