2024-09-27 14:08:22,135 INFO    : Namespace(batch_size='512', data_path='./data/ENTITY/', dataset='ENTITY', debug=False, device=device(type='cuda', index=0), emb_dim=200, ent_r='200', epoch_num=200, explore=False, gpu='0', l2=0.0, learning_rate='1e-1', log_path='./logs/ENTITY 200 2 1e-1 512/ENTITY 20240927140813', logger=<RootLogger root (INFO)>, margin=8.0, model_name='LoraKGE_Layers', multi_layers_path='train_sorted_by_edges_betweenness.txt', neg_ratio=10, note='', num_ent_layers='2', num_layer=1, num_rel_layers='1', patience=3, predict_result='True', r=100, r_fixed=True, random_seed=3407, record=False, rel_r='20', save_path='./checkpoint/ENTITY', skip_previous='False', snapshot_num=5, train_new=True, using_multi_layers=False, using_various_ranks='True', using_various_ranks_reverse=False, valid_metrics='mrr')
2024-09-27 14:08:28,165 INFO    : Snapshot:0	0	3	Epoch:0	Loss:57.586	MRR:22.9	Hits@10:45.1	Best:22.9
2024-09-27 14:08:31,387 INFO    : Snapshot:0	0	3	Epoch:1	Loss:18.533	MRR:30.8	Hits@10:53.43	Best:30.8
2024-09-27 14:08:34,696 INFO    : Snapshot:0	0	3	Epoch:2	Loss:6.291	MRR:32.01	Hits@10:54.14	Best:32.01
2024-09-27 14:08:37,739 INFO    : Snapshot:0	1	3	Epoch:3	Loss:3.38	MRR:31.91	Hits@10:53.5	Best:32.01
2024-09-27 14:08:40,962 INFO    : Snapshot:0	2	3	Epoch:4	Loss:2.457	MRR:31.46	Hits@10:53.35	Best:32.01
2024-09-27 14:08:44,197 INFO    : Early Stopping! Snapshot:0 Epoch: 5 Best Results: 32.01
2024-09-27 14:08:44,292 INFO    : => loading checkpoint './checkpoint/ENTITY\0model_best.tar'
2024-09-27 14:08:48,207 INFO    : 
+------------+--------+--------+--------+--------+---------+
| Snapshot:0 |  MRR   | Hits@1 | Hits@3 | Hits@5 | Hits@10 |
+------------+--------+--------+--------+--------+---------+
|     0      | 0.3253 | 0.2094 | 0.3735 | 0.4476 |  0.5486 |
+------------+--------+--------+--------+--------+---------+
2024-09-27 14:09:07,429 INFO    : Snapshot:1	0	3	Epoch:0	Loss:23.124	MRR:16.53	Hits@10:29.6	Best:16.53
2024-09-27 14:09:14,465 INFO    : Snapshot:1	0	3	Epoch:1	Loss:10.628	MRR:17.96	Hits@10:32.27	Best:17.96
2024-09-27 14:09:21,734 INFO    : Snapshot:1	0	3	Epoch:2	Loss:9.036	MRR:18.73	Hits@10:33.75	Best:18.73
2024-09-27 14:09:28,997 INFO    : Snapshot:1	0	3	Epoch:3	Loss:8.078	MRR:19.43	Hits@10:35.04	Best:19.43
2024-09-27 14:09:36,402 INFO    : Snapshot:1	0	3	Epoch:4	Loss:7.398	MRR:19.61	Hits@10:35.63	Best:19.61
2024-09-27 14:09:43,861 INFO    : Snapshot:1	0	3	Epoch:5	Loss:7.1	MRR:20.03	Hits@10:36.31	Best:20.03
2024-09-27 14:09:51,222 INFO    : Snapshot:1	0	3	Epoch:6	Loss:6.471	MRR:20.52	Hits@10:36.85	Best:20.52
2024-09-27 14:09:58,850 INFO    : Snapshot:1	1	3	Epoch:7	Loss:6.337	MRR:20.52	Hits@10:37.3	Best:20.52
2024-09-27 14:10:06,745 INFO    : Snapshot:1	0	3	Epoch:8	Loss:6.482	MRR:20.88	Hits@10:37.78	Best:20.88
2024-09-27 14:10:13,807 INFO    : Snapshot:1	1	3	Epoch:9	Loss:6.145	MRR:20.78	Hits@10:37.44	Best:20.88
2024-09-27 14:10:21,239 INFO    : Snapshot:1	0	3	Epoch:10	Loss:5.797	MRR:21.45	Hits@10:38.27	Best:21.45
2024-09-27 14:10:28,443 INFO    : Snapshot:1	1	3	Epoch:11	Loss:5.826	MRR:21.44	Hits@10:38.36	Best:21.45
2024-09-27 14:10:36,150 INFO    : Snapshot:1	0	3	Epoch:12	Loss:5.803	MRR:21.48	Hits@10:38.9	Best:21.48
2024-09-27 14:10:44,547 INFO    : Snapshot:1	1	3	Epoch:13	Loss:5.664	MRR:21.43	Hits@10:38.74	Best:21.48
2024-09-27 14:10:52,604 INFO    : Snapshot:1	0	3	Epoch:14	Loss:5.36	MRR:21.8	Hits@10:38.88	Best:21.8
2024-09-27 14:10:59,658 INFO    : Snapshot:1	0	3	Epoch:15	Loss:5.332	MRR:22.0	Hits@10:39.37	Best:22.0
2024-09-27 14:11:06,636 INFO    : Snapshot:1	1	3	Epoch:16	Loss:5.456	MRR:21.85	Hits@10:39.3	Best:22.0
2024-09-27 14:11:13,703 INFO    : Snapshot:1	2	3	Epoch:17	Loss:5.109	MRR:21.93	Hits@10:39.48	Best:22.0
2024-09-27 14:11:20,769 INFO    : Snapshot:1	0	3	Epoch:18	Loss:5.044	MRR:22.04	Hits@10:39.53	Best:22.04
2024-09-27 14:11:27,854 INFO    : Snapshot:1	0	3	Epoch:19	Loss:5.042	MRR:22.36	Hits@10:39.63	Best:22.36
2024-09-27 14:11:35,101 INFO    : Snapshot:1	1	3	Epoch:20	Loss:5.238	MRR:22.03	Hits@10:39.62	Best:22.36
2024-09-27 14:11:42,482 INFO    : Snapshot:1	2	3	Epoch:21	Loss:5.113	MRR:22.34	Hits@10:39.98	Best:22.36
2024-09-27 14:11:49,642 INFO    : Early Stopping! Snapshot:1 Epoch: 22 Best Results: 22.36
2024-09-27 14:11:49,736 INFO    : => loading checkpoint './checkpoint/ENTITY\1model_best.tar'
2024-09-27 14:12:01,131 INFO    : 
+------------+--------+--------+--------+--------+---------+
| Snapshot:1 |  MRR   | Hits@1 | Hits@3 | Hits@5 | Hits@10 |
+------------+--------+--------+--------+--------+---------+
|     0      | 0.3253 | 0.2094 | 0.3735 | 0.4476 |  0.5486 |
|     1      | 0.2236 | 0.1345 | 0.2491 | 0.3104 |  0.3985 |
+------------+--------+--------+--------+--------+---------+
2024-09-27 14:12:18,953 INFO    : Snapshot:2	0	3	Epoch:0	Loss:22.004	MRR:15.68	Hits@10:27.88	Best:15.68
2024-09-27 14:12:27,367 INFO    : Snapshot:2	0	3	Epoch:1	Loss:9.605	MRR:17.27	Hits@10:31.06	Best:17.27
2024-09-27 14:12:35,597 INFO    : Snapshot:2	0	3	Epoch:2	Loss:8.25	MRR:17.88	Hits@10:32.19	Best:17.88
2024-09-27 14:12:43,992 INFO    : Snapshot:2	0	3	Epoch:3	Loss:7.489	MRR:18.65	Hits@10:33.22	Best:18.65
2024-09-27 14:12:52,352 INFO    : Snapshot:2	0	3	Epoch:4	Loss:6.988	MRR:18.8	Hits@10:33.58	Best:18.8
2024-09-27 14:13:00,702 INFO    : Snapshot:2	0	3	Epoch:5	Loss:6.674	MRR:18.96	Hits@10:34.13	Best:18.96
2024-09-27 14:13:08,956 INFO    : Snapshot:2	0	3	Epoch:6	Loss:6.393	MRR:19.17	Hits@10:34.44	Best:19.17
2024-09-27 14:13:17,153 INFO    : Snapshot:2	0	3	Epoch:7	Loss:6.252	MRR:19.34	Hits@10:34.86	Best:19.34
2024-09-27 14:13:25,256 INFO    : Snapshot:2	0	3	Epoch:8	Loss:6.122	MRR:19.35	Hits@10:34.85	Best:19.35
2024-09-27 14:13:33,232 INFO    : Snapshot:2	0	3	Epoch:9	Loss:5.917	MRR:19.54	Hits@10:35.23	Best:19.54
2024-09-27 14:13:41,419 INFO    : Snapshot:2	0	3	Epoch:10	Loss:5.806	MRR:19.71	Hits@10:35.22	Best:19.71
2024-09-27 14:13:50,127 INFO    : Snapshot:2	0	3	Epoch:11	Loss:5.717	MRR:19.85	Hits@10:35.57	Best:19.85
2024-09-27 14:13:59,179 INFO    : Snapshot:2	1	3	Epoch:12	Loss:5.695	MRR:19.63	Hits@10:35.72	Best:19.85
2024-09-27 14:14:07,872 INFO    : Snapshot:2	0	3	Epoch:13	Loss:5.584	MRR:19.88	Hits@10:35.5	Best:19.88
2024-09-27 14:14:17,020 INFO    : Snapshot:2	0	3	Epoch:14	Loss:5.52	MRR:19.92	Hits@10:35.67	Best:19.92
2024-09-27 14:14:26,131 INFO    : Snapshot:2	0	3	Epoch:15	Loss:5.494	MRR:20.01	Hits@10:35.87	Best:20.01
2024-09-27 14:14:35,083 INFO    : Snapshot:2	0	3	Epoch:16	Loss:5.414	MRR:20.07	Hits@10:35.74	Best:20.07
2024-09-27 14:14:43,335 INFO    : Snapshot:2	1	3	Epoch:17	Loss:5.347	MRR:20.01	Hits@10:35.86	Best:20.07
2024-09-27 14:14:52,449 INFO    : Snapshot:2	0	3	Epoch:18	Loss:5.241	MRR:20.13	Hits@10:35.55	Best:20.13
2024-09-27 14:15:01,134 INFO    : Snapshot:2	1	3	Epoch:19	Loss:5.303	MRR:20.1	Hits@10:36.13	Best:20.13
2024-09-27 14:15:09,495 INFO    : Snapshot:2	2	3	Epoch:20	Loss:5.222	MRR:19.9	Hits@10:35.97	Best:20.13
2024-09-27 14:15:17,736 INFO    : Early Stopping! Snapshot:2 Epoch: 21 Best Results: 20.13
2024-09-27 14:15:17,836 INFO    : => loading checkpoint './checkpoint/ENTITY\2model_best.tar'
2024-09-27 14:15:37,108 INFO    : 
+------------+--------+--------+--------+--------+---------+
| Snapshot:2 |  MRR   | Hits@1 | Hits@3 | Hits@5 | Hits@10 |
+------------+--------+--------+--------+--------+---------+
|     0      | 0.3253 | 0.2094 | 0.3735 | 0.4476 |  0.5486 |
|     1      | 0.2236 | 0.1345 | 0.2491 | 0.3104 |  0.3985 |
|     2      | 0.2019 |  0.12  | 0.2253 | 0.2797 |  0.359  |
+------------+--------+--------+--------+--------+---------+
2024-09-27 14:15:58,172 INFO    : Snapshot:3	0	3	Epoch:0	Loss:19.755	MRR:14.97	Hits@10:26.79	Best:14.97
2024-09-27 14:16:07,172 INFO    : Snapshot:3	0	3	Epoch:1	Loss:8.075	MRR:16.55	Hits@10:29.54	Best:16.55
2024-09-27 14:16:16,395 INFO    : Snapshot:3	0	3	Epoch:2	Loss:6.937	MRR:17.39	Hits@10:31.62	Best:17.39
2024-09-27 14:16:25,553 INFO    : Snapshot:3	0	3	Epoch:3	Loss:6.302	MRR:17.88	Hits@10:32.37	Best:17.88
2024-09-27 14:16:34,723 INFO    : Snapshot:3	1	3	Epoch:4	Loss:5.924	MRR:17.86	Hits@10:32.5	Best:17.88
2024-09-27 14:16:44,386 INFO    : Snapshot:3	0	3	Epoch:5	Loss:5.615	MRR:18.11	Hits@10:32.74	Best:18.11
2024-09-27 14:16:53,684 INFO    : Snapshot:3	0	3	Epoch:6	Loss:5.417	MRR:18.31	Hits@10:33.27	Best:18.31
2024-09-27 14:17:03,461 INFO    : Snapshot:3	0	3	Epoch:7	Loss:5.216	MRR:18.42	Hits@10:33.27	Best:18.42
2024-09-27 14:17:12,651 INFO    : Snapshot:3	0	3	Epoch:8	Loss:5.098	MRR:18.57	Hits@10:33.57	Best:18.57
2024-09-27 14:17:21,755 INFO    : Snapshot:3	0	3	Epoch:9	Loss:5.064	MRR:18.61	Hits@10:33.46	Best:18.61
2024-09-27 14:17:30,860 INFO    : Snapshot:3	1	3	Epoch:10	Loss:4.932	MRR:18.58	Hits@10:33.71	Best:18.61
2024-09-27 14:17:40,259 INFO    : Snapshot:3	0	3	Epoch:11	Loss:4.886	MRR:18.76	Hits@10:33.52	Best:18.76
2024-09-27 14:17:49,924 INFO    : Snapshot:3	0	3	Epoch:12	Loss:4.748	MRR:18.84	Hits@10:33.95	Best:18.84
2024-09-27 14:17:59,502 INFO    : Snapshot:3	0	3	Epoch:13	Loss:4.696	MRR:18.98	Hits@10:33.94	Best:18.98
2024-09-27 14:18:08,860 INFO    : Snapshot:3	1	3	Epoch:14	Loss:4.673	MRR:18.73	Hits@10:33.89	Best:18.98
2024-09-27 14:18:18,589 INFO    : Snapshot:3	0	3	Epoch:15	Loss:4.667	MRR:19.02	Hits@10:34.11	Best:19.02
2024-09-27 14:18:28,237 INFO    : Snapshot:3	1	3	Epoch:16	Loss:4.579	MRR:18.9	Hits@10:34.1	Best:19.02
2024-09-27 14:18:37,206 INFO    : Snapshot:3	2	3	Epoch:17	Loss:4.483	MRR:18.73	Hits@10:33.73	Best:19.02
2024-09-27 14:18:46,164 INFO    : Early Stopping! Snapshot:3 Epoch: 18 Best Results: 19.02
2024-09-27 14:18:46,272 INFO    : => loading checkpoint './checkpoint/ENTITY\3model_best.tar'
2024-09-27 14:19:16,396 INFO    : 
+------------+--------+--------+--------+--------+---------+
| Snapshot:3 |  MRR   | Hits@1 | Hits@3 | Hits@5 | Hits@10 |
+------------+--------+--------+--------+--------+---------+
|     0      | 0.3253 | 0.2094 | 0.3735 | 0.4476 |  0.5486 |
|     1      | 0.2236 | 0.1345 | 0.2491 | 0.3104 |  0.3985 |
|     2      | 0.2019 |  0.12  | 0.2253 | 0.2797 |  0.359  |
|     3      | 0.1916 | 0.1123 | 0.215  | 0.2688 |  0.3437 |
+------------+--------+--------+--------+--------+---------+
2024-09-27 14:19:34,685 INFO    : Snapshot:4	0	3	Epoch:0	Loss:13.597	MRR:18.7	Hits@10:32.1	Best:18.7
2024-09-27 14:19:42,303 INFO    : Snapshot:4	0	3	Epoch:1	Loss:4.104	MRR:20.92	Hits@10:36.13	Best:20.92
2024-09-27 14:19:49,732 INFO    : Snapshot:4	0	3	Epoch:2	Loss:3.269	MRR:22.01	Hits@10:38.56	Best:22.01
2024-09-27 14:19:57,161 INFO    : Snapshot:4	0	3	Epoch:3	Loss:2.944	MRR:22.47	Hits@10:39.29	Best:22.47
2024-09-27 14:20:04,752 INFO    : Snapshot:4	0	3	Epoch:4	Loss:2.705	MRR:22.82	Hits@10:39.69	Best:22.82
2024-09-27 14:20:12,033 INFO    : Snapshot:4	1	3	Epoch:5	Loss:2.562	MRR:22.82	Hits@10:40.22	Best:22.82
2024-09-27 14:20:19,330 INFO    : Snapshot:4	0	3	Epoch:6	Loss:2.448	MRR:23.01	Hits@10:40.39	Best:23.01
2024-09-27 14:20:26,639 INFO    : Snapshot:4	0	3	Epoch:7	Loss:2.345	MRR:23.2	Hits@10:40.7	Best:23.2
2024-09-27 14:20:33,864 INFO    : Snapshot:4	0	3	Epoch:8	Loss:2.318	MRR:23.23	Hits@10:40.27	Best:23.23
2024-09-27 14:20:41,111 INFO    : Snapshot:4	1	3	Epoch:9	Loss:2.237	MRR:23.1	Hits@10:39.86	Best:23.23
2024-09-27 14:20:48,454 INFO    : Snapshot:4	0	3	Epoch:10	Loss:2.171	MRR:23.33	Hits@10:40.83	Best:23.33
2024-09-27 14:20:55,806 INFO    : Snapshot:4	1	3	Epoch:11	Loss:2.138	MRR:23.21	Hits@10:40.37	Best:23.33
2024-09-27 14:21:03,090 INFO    : Snapshot:4	0	3	Epoch:12	Loss:2.116	MRR:23.52	Hits@10:41.17	Best:23.52
2024-09-27 14:21:10,335 INFO    : Snapshot:4	1	3	Epoch:13	Loss:2.065	MRR:23.48	Hits@10:41.25	Best:23.52
2024-09-27 14:21:17,531 INFO    : Snapshot:4	2	3	Epoch:14	Loss:2.063	MRR:23.33	Hits@10:40.81	Best:23.52
2024-09-27 14:21:24,734 INFO    : Early Stopping! Snapshot:4 Epoch: 15 Best Results: 23.52
2024-09-27 14:21:24,832 INFO    : => loading checkpoint './checkpoint/ENTITY\4model_best.tar'
2024-09-27 14:22:02,393 INFO    : 
+------------+--------+--------+--------+--------+---------+
| Snapshot:4 |  MRR   | Hits@1 | Hits@3 | Hits@5 | Hits@10 |
+------------+--------+--------+--------+--------+---------+
|     0      | 0.3253 | 0.2094 | 0.3735 | 0.4476 |  0.5486 |
|     1      | 0.2236 | 0.1345 | 0.2491 | 0.3104 |  0.3985 |
|     2      | 0.2019 |  0.12  | 0.2253 | 0.2797 |  0.359  |
|     3      | 0.1916 | 0.1123 | 0.215  | 0.2688 |  0.3437 |
|     4      | 0.2352 | 0.1421 | 0.2707 | 0.3335 |  0.4143 |
+------------+--------+--------+--------+--------+---------+
2024-09-27 14:22:02,394 INFO    : Final Result:
[+------------+--------+--------+--------+--------+---------+
| Snapshot:0 |  MRR   | Hits@1 | Hits@3 | Hits@5 | Hits@10 |
+------------+--------+--------+--------+--------+---------+
|     0      | 0.3253 | 0.2094 | 0.3735 | 0.4476 |  0.5486 |
+------------+--------+--------+--------+--------+---------+, +------------+--------+--------+--------+--------+---------+
| Snapshot:1 |  MRR   | Hits@1 | Hits@3 | Hits@5 | Hits@10 |
+------------+--------+--------+--------+--------+---------+
|     0      | 0.3253 | 0.2094 | 0.3735 | 0.4476 |  0.5486 |
|     1      | 0.2236 | 0.1345 | 0.2491 | 0.3104 |  0.3985 |
+------------+--------+--------+--------+--------+---------+, +------------+--------+--------+--------+--------+---------+
| Snapshot:2 |  MRR   | Hits@1 | Hits@3 | Hits@5 | Hits@10 |
+------------+--------+--------+--------+--------+---------+
|     0      | 0.3253 | 0.2094 | 0.3735 | 0.4476 |  0.5486 |
|     1      | 0.2236 | 0.1345 | 0.2491 | 0.3104 |  0.3985 |
|     2      | 0.2019 |  0.12  | 0.2253 | 0.2797 |  0.359  |
+------------+--------+--------+--------+--------+---------+, +------------+--------+--------+--------+--------+---------+
| Snapshot:3 |  MRR   | Hits@1 | Hits@3 | Hits@5 | Hits@10 |
+------------+--------+--------+--------+--------+---------+
|     0      | 0.3253 | 0.2094 | 0.3735 | 0.4476 |  0.5486 |
|     1      | 0.2236 | 0.1345 | 0.2491 | 0.3104 |  0.3985 |
|     2      | 0.2019 |  0.12  | 0.2253 | 0.2797 |  0.359  |
|     3      | 0.1916 | 0.1123 | 0.215  | 0.2688 |  0.3437 |
+------------+--------+--------+--------+--------+---------+, +------------+--------+--------+--------+--------+---------+
| Snapshot:4 |  MRR   | Hits@1 | Hits@3 | Hits@5 | Hits@10 |
+------------+--------+--------+--------+--------+---------+
|     0      | 0.3253 | 0.2094 | 0.3735 | 0.4476 |  0.5486 |
|     1      | 0.2236 | 0.1345 | 0.2491 | 0.3104 |  0.3985 |
|     2      | 0.2019 |  0.12  | 0.2253 | 0.2797 |  0.359  |
|     3      | 0.1916 | 0.1123 | 0.215  | 0.2688 |  0.3437 |
|     4      | 0.2352 | 0.1421 | 0.2707 | 0.3335 |  0.4143 |
+------------+--------+--------+--------+--------+---------+]
2024-09-27 14:22:02,395 INFO    : Report Result:
+----------+--------------------+-----------+--------------+--------------+---------------+
| Snapshot |        Time        | Whole_MRR | Whole_Hits@1 | Whole_Hits@3 | Whole_Hits@10 |
+----------+--------------------+-----------+--------------+--------------+---------------+
|    0     | 22.060983896255493 |   0.325   |    0.209     |    0.373     |     0.549     |
|    1     | 173.3532440662384  |   0.263   |    0.164     |    0.298     |     0.457     |
|    2     | 188.74520635604858 |    0.24   |    0.147     |     0.27     |      0.42     |
|    3     | 180.23027443885803 |   0.227   |    0.138     |    0.255     |     0.399     |
|    4     | 120.7105131149292  |   0.228   |    0.138     |    0.258     |     0.402     |
+----------+--------------------+-----------+--------------+--------------+---------------+
2024-09-27 14:22:02,395 INFO    : Sum_Training_Time:685.1002218723297
2024-09-27 14:22:02,395 INFO    : Every_Training_Time:[22.060983896255493, 173.3532440662384, 188.74520635604858, 180.23027443885803, 120.7105131149292]
2024-09-27 14:22:02,395 INFO    : Forward transfer: 0.040925 Backward transfer: 0.0
