2024-12-31 16:55:32,104 INFO    : Namespace(batch_size=1024, data_path='./data/WN_CKGE/', dataset='WN_CKGE', debug=False, device=device(type='cuda', index=0), emb_dim=200, ent_r='200', epoch_num=200, explore=False, gpu='0', l2=0.0, learning_rate='1e-1', log_path='./logs/WN_CKGE 200 20 1e-1 1024/WN_CKGE 20241231165527', logger=<RootLogger root (INFO)>, margin=8.0, model_name='LoraKGE_Layers', multi_layers_path='train_sorted_by_edges_betweenness.txt', neg_ratio=10, note='', num_ent_layers='20', num_layer=1, num_rel_layers='20', patience='10', predict_result=False, r=100, r_fixed=True, random_seed=3407, record=False, rel_r='200', save_path='./checkpoint/WN_CKGE', skip_previous='False', snapshot_num=5, train_new=True, using_multi_layers=False, using_various_ranks='True', using_various_ranks_reverse=False, valid_metrics='mrr')
2024-12-31 16:55:44,164 INFO    : Snapshot:0	0	10	Epoch:0	Loss:41.777	MRR:1.24	Hits@10:3.14	Best:1.24
2024-12-31 16:55:55,298 INFO    : Snapshot:0	0	10	Epoch:1	Loss:21.959	MRR:9.65	Hits@10:22.46	Best:9.65
2024-12-31 16:56:06,392 INFO    : Snapshot:0	0	10	Epoch:2	Loss:11.347	MRR:13.06	Hits@10:29.25	Best:13.06
2024-12-31 16:56:17,413 INFO    : Snapshot:0	0	10	Epoch:3	Loss:7.0	MRR:14.29	Hits@10:31.47	Best:14.29
2024-12-31 16:56:28,838 INFO    : Snapshot:0	0	10	Epoch:4	Loss:4.735	MRR:14.92	Hits@10:32.62	Best:14.92
2024-12-31 16:56:40,203 INFO    : Snapshot:0	0	10	Epoch:5	Loss:3.363	MRR:15.33	Hits@10:33.54	Best:15.33
2024-12-31 16:56:51,463 INFO    : Snapshot:0	0	10	Epoch:6	Loss:2.454	MRR:15.67	Hits@10:34.35	Best:15.67
2024-12-31 16:57:02,485 INFO    : Snapshot:0	0	10	Epoch:7	Loss:1.806	MRR:15.93	Hits@10:34.96	Best:15.93
2024-12-31 16:57:13,499 INFO    : Snapshot:0	0	10	Epoch:8	Loss:1.367	MRR:16.23	Hits@10:35.76	Best:16.23
2024-12-31 16:57:24,380 INFO    : Snapshot:0	0	10	Epoch:9	Loss:1.056	MRR:16.45	Hits@10:36.23	Best:16.45
2024-12-31 16:57:35,349 INFO    : Snapshot:0	0	10	Epoch:10	Loss:0.816	MRR:16.64	Hits@10:36.68	Best:16.64
2024-12-31 16:57:46,678 INFO    : Snapshot:0	0	10	Epoch:11	Loss:0.624	MRR:16.83	Hits@10:37.25	Best:16.83
2024-12-31 16:57:58,160 INFO    : Snapshot:0	0	10	Epoch:12	Loss:0.505	MRR:16.9	Hits@10:37.74	Best:16.9
2024-12-31 16:58:09,778 INFO    : Snapshot:0	0	10	Epoch:13	Loss:0.399	MRR:16.93	Hits@10:37.97	Best:16.93
2024-12-31 16:58:20,849 INFO    : Snapshot:0	1	10	Epoch:14	Loss:0.335	MRR:16.93	Hits@10:38.19	Best:16.93
2024-12-31 16:58:32,445 INFO    : Snapshot:0	0	10	Epoch:15	Loss:0.279	MRR:17.06	Hits@10:38.67	Best:17.06
2024-12-31 16:58:44,683 INFO    : Snapshot:0	1	10	Epoch:16	Loss:0.236	MRR:17.04	Hits@10:38.78	Best:17.06
2024-12-31 16:58:57,459 INFO    : Snapshot:0	0	10	Epoch:17	Loss:0.22	MRR:17.08	Hits@10:39.0	Best:17.08
2024-12-31 16:59:10,349 INFO    : Snapshot:0	0	10	Epoch:18	Loss:0.188	MRR:17.12	Hits@10:39.1	Best:17.12
2024-12-31 16:59:23,353 INFO    : Snapshot:0	1	10	Epoch:19	Loss:0.177	MRR:17.1	Hits@10:39.27	Best:17.12
2024-12-31 16:59:36,210 INFO    : Snapshot:0	2	10	Epoch:20	Loss:0.158	MRR:17.08	Hits@10:39.43	Best:17.12
2024-12-31 16:59:48,590 INFO    : Snapshot:0	0	10	Epoch:21	Loss:0.149	MRR:17.14	Hits@10:39.47	Best:17.14
2024-12-31 17:00:01,105 INFO    : Snapshot:0	1	10	Epoch:22	Loss:0.143	MRR:17.07	Hits@10:39.57	Best:17.14
2024-12-31 17:00:13,210 INFO    : Snapshot:0	2	10	Epoch:23	Loss:0.133	MRR:17.13	Hits@10:39.69	Best:17.14
2024-12-31 17:00:25,482 INFO    : Snapshot:0	0	10	Epoch:24	Loss:0.12	MRR:17.18	Hits@10:40.0	Best:17.18
2024-12-31 17:00:37,564 INFO    : Snapshot:0	0	10	Epoch:25	Loss:0.121	MRR:17.22	Hits@10:39.94	Best:17.22
2024-12-31 17:00:49,693 INFO    : Snapshot:0	1	10	Epoch:26	Loss:0.115	MRR:17.16	Hits@10:40.12	Best:17.22
2024-12-31 17:01:01,811 INFO    : Snapshot:0	2	10	Epoch:27	Loss:0.108	MRR:17.15	Hits@10:40.24	Best:17.22
2024-12-31 17:01:13,845 INFO    : Snapshot:0	3	10	Epoch:28	Loss:0.107	MRR:17.16	Hits@10:40.37	Best:17.22
2024-12-31 17:01:26,000 INFO    : Snapshot:0	4	10	Epoch:29	Loss:0.106	MRR:17.12	Hits@10:40.41	Best:17.22
2024-12-31 17:01:38,484 INFO    : Snapshot:0	5	10	Epoch:30	Loss:0.102	MRR:17.14	Hits@10:40.58	Best:17.22
2024-12-31 17:01:50,690 INFO    : Snapshot:0	6	10	Epoch:31	Loss:0.104	MRR:17.1	Hits@10:40.66	Best:17.22
2024-12-31 17:02:02,739 INFO    : Snapshot:0	7	10	Epoch:32	Loss:0.097	MRR:17.08	Hits@10:40.6	Best:17.22
2024-12-31 17:02:14,773 INFO    : Snapshot:0	8	10	Epoch:33	Loss:0.102	MRR:17.07	Hits@10:40.66	Best:17.22
2024-12-31 17:02:26,564 INFO    : Snapshot:0	9	10	Epoch:34	Loss:0.099	MRR:17.04	Hits@10:40.65	Best:17.22
2024-12-31 17:02:38,898 INFO    : Early Stopping! Snapshot:0 Epoch: 35 Best Results: 17.22
2024-12-31 17:02:38,947 INFO    : => loading checkpoint './checkpoint/WN_CKGE\0model_best.tar'
2024-12-31 17:02:48,129 INFO    : 
+------------+--------+--------+--------+--------+---------+
| Snapshot:0 |  MRR   | Hits@1 | Hits@3 | Hits@5 | Hits@10 |
+------------+--------+--------+--------+--------+---------+
|     0      | 0.1722 |  0.01  | 0.3114 | 0.354  |  0.3996 |
+------------+--------+--------+--------+--------+---------+
2024-12-31 17:03:07,764 INFO    : Snapshot:1	0	10	Epoch:0	Loss:6.686	MRR:4.41	Hits@10:11.51	Best:4.41
2024-12-31 17:03:16,006 INFO    : Snapshot:1	0	10	Epoch:1	Loss:3.603	MRR:9.14	Hits@10:24.19	Best:9.14
2024-12-31 17:03:24,302 INFO    : Snapshot:1	0	10	Epoch:2	Loss:1.692	MRR:11.37	Hits@10:28.71	Best:11.37
2024-12-31 17:03:32,631 INFO    : Snapshot:1	0	10	Epoch:3	Loss:0.862	MRR:12.75	Hits@10:30.86	Best:12.75
2024-12-31 17:03:40,945 INFO    : Snapshot:1	0	10	Epoch:4	Loss:0.544	MRR:13.22	Hits@10:31.67	Best:13.22
2024-12-31 17:03:49,214 INFO    : Snapshot:1	0	10	Epoch:5	Loss:0.398	MRR:13.57	Hits@10:32.07	Best:13.57
2024-12-31 17:03:57,527 INFO    : Snapshot:1	0	10	Epoch:6	Loss:0.329	MRR:13.82	Hits@10:32.5	Best:13.82
2024-12-31 17:04:05,708 INFO    : Snapshot:1	0	10	Epoch:7	Loss:0.275	MRR:13.91	Hits@10:32.72	Best:13.91
2024-12-31 17:04:14,002 INFO    : Snapshot:1	0	10	Epoch:8	Loss:0.246	MRR:13.95	Hits@10:33.12	Best:13.95
2024-12-31 17:04:22,374 INFO    : Snapshot:1	0	10	Epoch:9	Loss:0.229	MRR:14.01	Hits@10:33.25	Best:14.01
2024-12-31 17:04:30,645 INFO    : Snapshot:1	0	10	Epoch:10	Loss:0.218	MRR:14.2	Hits@10:33.36	Best:14.2
2024-12-31 17:04:38,822 INFO    : Snapshot:1	1	10	Epoch:11	Loss:0.211	MRR:14.18	Hits@10:33.44	Best:14.2
2024-12-31 17:04:47,119 INFO    : Snapshot:1	2	10	Epoch:12	Loss:0.201	MRR:14.18	Hits@10:33.39	Best:14.2
2024-12-31 17:04:55,250 INFO    : Snapshot:1	0	10	Epoch:13	Loss:0.196	MRR:14.24	Hits@10:33.41	Best:14.24
2024-12-31 17:05:03,430 INFO    : Snapshot:1	1	10	Epoch:14	Loss:0.192	MRR:14.18	Hits@10:33.41	Best:14.24
2024-12-31 17:05:11,624 INFO    : Snapshot:1	2	10	Epoch:15	Loss:0.184	MRR:14.19	Hits@10:33.6	Best:14.24
2024-12-31 17:05:19,963 INFO    : Snapshot:1	3	10	Epoch:16	Loss:0.181	MRR:14.07	Hits@10:33.55	Best:14.24
2024-12-31 17:05:28,270 INFO    : Snapshot:1	4	10	Epoch:17	Loss:0.179	MRR:14.17	Hits@10:33.84	Best:14.24
2024-12-31 17:05:36,471 INFO    : Snapshot:1	5	10	Epoch:18	Loss:0.175	MRR:14.22	Hits@10:33.71	Best:14.24
2024-12-31 17:05:44,654 INFO    : Snapshot:1	6	10	Epoch:19	Loss:0.174	MRR:14.21	Hits@10:33.66	Best:14.24
2024-12-31 17:05:52,825 INFO    : Snapshot:1	7	10	Epoch:20	Loss:0.171	MRR:14.22	Hits@10:33.95	Best:14.24
2024-12-31 17:06:01,039 INFO    : Snapshot:1	8	10	Epoch:21	Loss:0.165	MRR:14.24	Hits@10:33.74	Best:14.24
2024-12-31 17:06:09,220 INFO    : Snapshot:1	9	10	Epoch:22	Loss:0.161	MRR:14.21	Hits@10:33.55	Best:14.24
2024-12-31 17:06:17,424 INFO    : Early Stopping! Snapshot:1 Epoch: 23 Best Results: 14.24
2024-12-31 17:06:17,472 INFO    : => loading checkpoint './checkpoint/WN_CKGE\1model_best.tar'
2024-12-31 17:06:34,577 INFO    : 
+------------+--------+--------+--------+--------+---------+
| Snapshot:1 |  MRR   | Hits@1 | Hits@3 | Hits@5 | Hits@10 |
+------------+--------+--------+--------+--------+---------+
|     0      | 0.1722 |  0.01  | 0.3114 | 0.354  |  0.3996 |
|     1      | 0.142  | 0.0094 | 0.2468 | 0.2911 |  0.3392 |
+------------+--------+--------+--------+--------+---------+
2024-12-31 17:07:14,459 INFO    : Snapshot:2	0	10	Epoch:0	Loss:6.697	MRR:4.05	Hits@10:10.24	Best:4.05
2024-12-31 17:07:31,111 INFO    : Snapshot:2	0	10	Epoch:1	Loss:3.597	MRR:8.06	Hits@10:21.4	Best:8.06
2024-12-31 17:07:47,287 INFO    : Snapshot:2	0	10	Epoch:2	Loss:1.658	MRR:10.25	Hits@10:25.7	Best:10.25
2024-12-31 17:08:04,114 INFO    : Snapshot:2	0	10	Epoch:3	Loss:0.802	MRR:11.47	Hits@10:28.06	Best:11.47
2024-12-31 17:08:20,256 INFO    : Snapshot:2	0	10	Epoch:4	Loss:0.5	MRR:12.1	Hits@10:28.76	Best:12.1
2024-12-31 17:08:36,654 INFO    : Snapshot:2	0	10	Epoch:5	Loss:0.36	MRR:12.49	Hits@10:29.41	Best:12.49
2024-12-31 17:08:53,259 INFO    : Snapshot:2	0	10	Epoch:6	Loss:0.293	MRR:12.71	Hits@10:29.44	Best:12.71
2024-12-31 17:09:09,067 INFO    : Snapshot:2	0	10	Epoch:7	Loss:0.25	MRR:12.81	Hits@10:29.52	Best:12.81
2024-12-31 17:09:24,871 INFO    : Snapshot:2	0	10	Epoch:8	Loss:0.217	MRR:12.96	Hits@10:29.78	Best:12.96
2024-12-31 17:09:40,747 INFO    : Snapshot:2	0	10	Epoch:9	Loss:0.207	MRR:12.97	Hits@10:29.81	Best:12.97
2024-12-31 17:09:56,834 INFO    : Snapshot:2	0	10	Epoch:10	Loss:0.189	MRR:13.01	Hits@10:29.92	Best:13.01
2024-12-31 17:10:12,653 INFO    : Snapshot:2	0	10	Epoch:11	Loss:0.183	MRR:13.04	Hits@10:29.76	Best:13.04
2024-12-31 17:10:28,481 INFO    : Snapshot:2	0	10	Epoch:12	Loss:0.181	MRR:13.09	Hits@10:29.81	Best:13.09
2024-12-31 17:10:44,214 INFO    : Snapshot:2	1	10	Epoch:13	Loss:0.174	MRR:12.96	Hits@10:29.76	Best:13.09
2024-12-31 17:10:59,965 INFO    : Snapshot:2	2	10	Epoch:14	Loss:0.166	MRR:13.02	Hits@10:29.78	Best:13.09
2024-12-31 17:11:15,731 INFO    : Snapshot:2	0	10	Epoch:15	Loss:0.164	MRR:13.12	Hits@10:29.92	Best:13.12
2024-12-31 17:11:31,496 INFO    : Snapshot:2	1	10	Epoch:16	Loss:0.16	MRR:13.06	Hits@10:29.76	Best:13.12
2024-12-31 17:11:47,184 INFO    : Snapshot:2	2	10	Epoch:17	Loss:0.161	MRR:13.12	Hits@10:29.6	Best:13.12
2024-12-31 17:12:02,982 INFO    : Snapshot:2	0	10	Epoch:18	Loss:0.151	MRR:13.19	Hits@10:29.89	Best:13.19
2024-12-31 17:12:18,734 INFO    : Snapshot:2	1	10	Epoch:19	Loss:0.146	MRR:13.18	Hits@10:29.84	Best:13.19
2024-12-31 17:12:34,469 INFO    : Snapshot:2	2	10	Epoch:20	Loss:0.146	MRR:13.18	Hits@10:30.08	Best:13.19
2024-12-31 17:12:50,234 INFO    : Snapshot:2	3	10	Epoch:21	Loss:0.149	MRR:13.06	Hits@10:30.22	Best:13.19
2024-12-31 17:13:06,064 INFO    : Snapshot:2	4	10	Epoch:22	Loss:0.143	MRR:13.08	Hits@10:30.19	Best:13.19
2024-12-31 17:13:21,848 INFO    : Snapshot:2	5	10	Epoch:23	Loss:0.14	MRR:13.19	Hits@10:30.13	Best:13.19
2024-12-31 17:13:37,630 INFO    : Snapshot:2	6	10	Epoch:24	Loss:0.144	MRR:13.13	Hits@10:30.4	Best:13.19
2024-12-31 17:13:53,368 INFO    : Snapshot:2	7	10	Epoch:25	Loss:0.139	MRR:13.04	Hits@10:30.51	Best:13.19
2024-12-31 17:14:09,186 INFO    : Snapshot:2	8	10	Epoch:26	Loss:0.136	MRR:13.19	Hits@10:30.46	Best:13.19
2024-12-31 17:14:24,983 INFO    : Snapshot:2	9	10	Epoch:27	Loss:0.138	MRR:13.12	Hits@10:30.46	Best:13.19
2024-12-31 17:14:40,783 INFO    : Early Stopping! Snapshot:2 Epoch: 28 Best Results: 13.19
2024-12-31 17:14:40,833 INFO    : => loading checkpoint './checkpoint/WN_CKGE\2model_best.tar'
2024-12-31 17:15:12,766 INFO    : 
+------------+--------+--------+--------+--------+---------+
| Snapshot:2 |  MRR   | Hits@1 | Hits@3 | Hits@5 | Hits@10 |
+------------+--------+--------+--------+--------+---------+
|     0      | 0.1722 |  0.01  | 0.3114 | 0.354  |  0.3996 |
|     1      | 0.142  | 0.0094 | 0.2468 | 0.2911 |  0.3392 |
|     2      | 0.1388 | 0.0124 | 0.2433 | 0.2809 |  0.3204 |
+------------+--------+--------+--------+--------+---------+
2024-12-31 17:15:53,607 INFO    : Snapshot:3	0	10	Epoch:0	Loss:6.693	MRR:3.41	Hits@10:8.79	Best:3.41
2024-12-31 17:16:11,893 INFO    : Snapshot:3	0	10	Epoch:1	Loss:3.57	MRR:7.59	Hits@10:19.52	Best:7.59
2024-12-31 17:16:30,113 INFO    : Snapshot:3	0	10	Epoch:2	Loss:1.611	MRR:9.88	Hits@10:24.38	Best:9.88
2024-12-31 17:16:48,321 INFO    : Snapshot:3	0	10	Epoch:3	Loss:0.765	MRR:11.16	Hits@10:26.69	Best:11.16
2024-12-31 17:17:06,558 INFO    : Snapshot:3	0	10	Epoch:4	Loss:0.471	MRR:11.79	Hits@10:27.69	Best:11.79
2024-12-31 17:17:24,824 INFO    : Snapshot:3	0	10	Epoch:5	Loss:0.356	MRR:12.1	Hits@10:27.98	Best:12.1
2024-12-31 17:17:43,014 INFO    : Snapshot:3	0	10	Epoch:6	Loss:0.287	MRR:12.12	Hits@10:28.12	Best:12.12
2024-12-31 17:18:01,174 INFO    : Snapshot:3	1	10	Epoch:7	Loss:0.243	MRR:12.06	Hits@10:28.28	Best:12.12
2024-12-31 17:18:19,473 INFO    : Snapshot:3	0	10	Epoch:8	Loss:0.223	MRR:12.25	Hits@10:28.52	Best:12.25
2024-12-31 17:18:37,775 INFO    : Snapshot:3	0	10	Epoch:9	Loss:0.203	MRR:12.41	Hits@10:28.52	Best:12.41
2024-12-31 17:18:56,043 INFO    : Snapshot:3	1	10	Epoch:10	Loss:0.188	MRR:12.41	Hits@10:28.52	Best:12.41
2024-12-31 17:19:14,288 INFO    : Snapshot:3	0	10	Epoch:11	Loss:0.184	MRR:12.54	Hits@10:28.82	Best:12.54
2024-12-31 17:19:32,546 INFO    : Snapshot:3	0	10	Epoch:12	Loss:0.178	MRR:12.62	Hits@10:29.11	Best:12.62
2024-12-31 17:19:50,756 INFO    : Snapshot:3	0	10	Epoch:13	Loss:0.169	MRR:12.71	Hits@10:28.82	Best:12.71
2024-12-31 17:20:09,578 INFO    : Snapshot:3	1	10	Epoch:14	Loss:0.165	MRR:12.58	Hits@10:28.82	Best:12.71
2024-12-31 17:20:29,047 INFO    : Snapshot:3	2	10	Epoch:15	Loss:0.161	MRR:12.5	Hits@10:28.6	Best:12.71
2024-12-31 17:20:47,322 INFO    : Snapshot:3	3	10	Epoch:16	Loss:0.162	MRR:12.55	Hits@10:28.63	Best:12.71
2024-12-31 17:21:05,628 INFO    : Snapshot:3	4	10	Epoch:17	Loss:0.159	MRR:12.61	Hits@10:28.63	Best:12.71
2024-12-31 17:21:24,207 INFO    : Snapshot:3	5	10	Epoch:18	Loss:0.153	MRR:12.58	Hits@10:28.84	Best:12.71
2024-12-31 17:21:42,465 INFO    : Snapshot:3	6	10	Epoch:19	Loss:0.151	MRR:12.62	Hits@10:28.95	Best:12.71
2024-12-31 17:22:00,816 INFO    : Snapshot:3	7	10	Epoch:20	Loss:0.153	MRR:12.67	Hits@10:29.27	Best:12.71
2024-12-31 17:22:19,087 INFO    : Snapshot:3	8	10	Epoch:21	Loss:0.151	MRR:12.63	Hits@10:29.09	Best:12.71
2024-12-31 17:22:37,381 INFO    : Snapshot:3	9	10	Epoch:22	Loss:0.151	MRR:12.69	Hits@10:29.06	Best:12.71
2024-12-31 17:22:55,672 INFO    : Early Stopping! Snapshot:3 Epoch: 23 Best Results: 12.71
2024-12-31 17:22:55,727 INFO    : => loading checkpoint './checkpoint/WN_CKGE\3model_best.tar'
2024-12-31 17:23:45,803 INFO    : 
+------------+--------+--------+--------+--------+---------+
| Snapshot:3 |  MRR   | Hits@1 | Hits@3 | Hits@5 | Hits@10 |
+------------+--------+--------+--------+--------+---------+
|     0      | 0.1722 |  0.01  | 0.3114 | 0.354  |  0.3996 |
|     1      | 0.142  | 0.0094 | 0.2468 | 0.2911 |  0.3392 |
|     2      | 0.1388 | 0.0124 | 0.2433 | 0.2809 |  0.3204 |
|     3      | 0.1315 | 0.0089 | 0.2336 | 0.2669 |  0.303  |
+------------+--------+--------+--------+--------+---------+
2024-12-31 17:23:55,569 INFO    : Snapshot:4	0	10	Epoch:0	Loss:6.652	MRR:9.79	Hits@10:22.85	Best:9.79
2024-12-31 17:23:58,764 INFO    : Snapshot:4	0	10	Epoch:1	Loss:3.486	MRR:11.54	Hits@10:27.69	Best:11.54
2024-12-31 17:24:02,003 INFO    : Snapshot:4	0	10	Epoch:2	Loss:1.475	MRR:12.52	Hits@10:29.19	Best:12.52
2024-12-31 17:24:05,206 INFO    : Snapshot:4	0	10	Epoch:3	Loss:0.655	MRR:13.03	Hits@10:29.89	Best:13.03
2024-12-31 17:24:08,422 INFO    : Snapshot:4	0	10	Epoch:4	Loss:0.419	MRR:13.27	Hits@10:30.24	Best:13.27
2024-12-31 17:24:11,640 INFO    : Snapshot:4	0	10	Epoch:5	Loss:0.309	MRR:13.37	Hits@10:30.38	Best:13.37
2024-12-31 17:24:14,840 INFO    : Snapshot:4	0	10	Epoch:6	Loss:0.251	MRR:13.45	Hits@10:30.46	Best:13.45
2024-12-31 17:24:18,046 INFO    : Snapshot:4	0	10	Epoch:7	Loss:0.215	MRR:13.49	Hits@10:30.7	Best:13.49
2024-12-31 17:24:21,243 INFO    : Snapshot:4	0	10	Epoch:8	Loss:0.195	MRR:13.52	Hits@10:30.65	Best:13.52
2024-12-31 17:24:24,454 INFO    : Snapshot:4	1	10	Epoch:9	Loss:0.183	MRR:13.47	Hits@10:30.54	Best:13.52
2024-12-31 17:24:27,653 INFO    : Snapshot:4	0	10	Epoch:10	Loss:0.174	MRR:13.53	Hits@10:30.56	Best:13.53
2024-12-31 17:24:30,868 INFO    : Snapshot:4	1	10	Epoch:11	Loss:0.167	MRR:13.53	Hits@10:30.62	Best:13.53
2024-12-31 17:24:34,094 INFO    : Snapshot:4	0	10	Epoch:12	Loss:0.16	MRR:13.54	Hits@10:30.65	Best:13.54
2024-12-31 17:24:37,244 INFO    : Snapshot:4	1	10	Epoch:13	Loss:0.157	MRR:13.54	Hits@10:30.7	Best:13.54
2024-12-31 17:24:40,453 INFO    : Snapshot:4	0	10	Epoch:14	Loss:0.145	MRR:13.61	Hits@10:30.73	Best:13.61
2024-12-31 17:24:43,620 INFO    : Snapshot:4	1	10	Epoch:15	Loss:0.15	MRR:13.59	Hits@10:30.7	Best:13.61
2024-12-31 17:24:46,788 INFO    : Snapshot:4	2	10	Epoch:16	Loss:0.144	MRR:13.53	Hits@10:30.75	Best:13.61
2024-12-31 17:24:49,961 INFO    : Snapshot:4	3	10	Epoch:17	Loss:0.144	MRR:13.51	Hits@10:30.73	Best:13.61
2024-12-31 17:24:53,118 INFO    : Snapshot:4	4	10	Epoch:18	Loss:0.139	MRR:13.52	Hits@10:30.97	Best:13.61
2024-12-31 17:24:56,298 INFO    : Snapshot:4	5	10	Epoch:19	Loss:0.144	MRR:13.58	Hits@10:30.99	Best:13.61
2024-12-31 17:24:59,464 INFO    : Snapshot:4	6	10	Epoch:20	Loss:0.134	MRR:13.58	Hits@10:30.91	Best:13.61
2024-12-31 17:25:02,623 INFO    : Snapshot:4	7	10	Epoch:21	Loss:0.132	MRR:13.56	Hits@10:31.1	Best:13.61
2024-12-31 17:25:05,817 INFO    : Snapshot:4	8	10	Epoch:22	Loss:0.133	MRR:13.56	Hits@10:30.99	Best:13.61
2024-12-31 17:25:09,000 INFO    : Snapshot:4	9	10	Epoch:23	Loss:0.133	MRR:13.55	Hits@10:31.08	Best:13.61
2024-12-31 17:25:12,146 INFO    : Early Stopping! Snapshot:4 Epoch: 24 Best Results: 13.61
2024-12-31 17:25:12,184 INFO    : => loading checkpoint './checkpoint/WN_CKGE\4model_best.tar'
2024-12-31 17:25:30,085 INFO    : 
+------------+--------+--------+--------+--------+---------+
| Snapshot:4 |  MRR   | Hits@1 | Hits@3 | Hits@5 | Hits@10 |
+------------+--------+--------+--------+--------+---------+
|     0      | 0.1722 |  0.01  | 0.3114 | 0.354  |  0.3996 |
|     1      | 0.142  | 0.0094 | 0.2468 | 0.2911 |  0.3392 |
|     2      | 0.1388 | 0.0124 | 0.2433 | 0.2809 |  0.3204 |
|     3      | 0.1315 | 0.0089 | 0.2336 | 0.2669 |  0.303  |
|     4      | 0.1462 | 0.0102 | 0.2628 | 0.2939 |  0.3286 |
+------------+--------+--------+--------+--------+---------+
2024-12-31 17:25:30,085 INFO    : Final Result:
[+------------+--------+--------+--------+--------+---------+
| Snapshot:0 |  MRR   | Hits@1 | Hits@3 | Hits@5 | Hits@10 |
+------------+--------+--------+--------+--------+---------+
|     0      | 0.1722 |  0.01  | 0.3114 | 0.354  |  0.3996 |
+------------+--------+--------+--------+--------+---------+, +------------+--------+--------+--------+--------+---------+
| Snapshot:1 |  MRR   | Hits@1 | Hits@3 | Hits@5 | Hits@10 |
+------------+--------+--------+--------+--------+---------+
|     0      | 0.1722 |  0.01  | 0.3114 | 0.354  |  0.3996 |
|     1      | 0.142  | 0.0094 | 0.2468 | 0.2911 |  0.3392 |
+------------+--------+--------+--------+--------+---------+, +------------+--------+--------+--------+--------+---------+
| Snapshot:2 |  MRR   | Hits@1 | Hits@3 | Hits@5 | Hits@10 |
+------------+--------+--------+--------+--------+---------+
|     0      | 0.1722 |  0.01  | 0.3114 | 0.354  |  0.3996 |
|     1      | 0.142  | 0.0094 | 0.2468 | 0.2911 |  0.3392 |
|     2      | 0.1388 | 0.0124 | 0.2433 | 0.2809 |  0.3204 |
+------------+--------+--------+--------+--------+---------+, +------------+--------+--------+--------+--------+---------+
| Snapshot:3 |  MRR   | Hits@1 | Hits@3 | Hits@5 | Hits@10 |
+------------+--------+--------+--------+--------+---------+
|     0      | 0.1722 |  0.01  | 0.3114 | 0.354  |  0.3996 |
|     1      | 0.142  | 0.0094 | 0.2468 | 0.2911 |  0.3392 |
|     2      | 0.1388 | 0.0124 | 0.2433 | 0.2809 |  0.3204 |
|     3      | 0.1315 | 0.0089 | 0.2336 | 0.2669 |  0.303  |
+------------+--------+--------+--------+--------+---------+, +------------+--------+--------+--------+--------+---------+
| Snapshot:4 |  MRR   | Hits@1 | Hits@3 | Hits@5 | Hits@10 |
+------------+--------+--------+--------+--------+---------+
|     0      | 0.1722 |  0.01  | 0.3114 | 0.354  |  0.3996 |
|     1      | 0.142  | 0.0094 | 0.2468 | 0.2911 |  0.3392 |
|     2      | 0.1388 | 0.0124 | 0.2433 | 0.2809 |  0.3204 |
|     3      | 0.1315 | 0.0089 | 0.2336 | 0.2669 |  0.303  |
|     4      | 0.1462 | 0.0102 | 0.2628 | 0.2939 |  0.3286 |
+------------+--------+--------+--------+--------+---------+]
2024-12-31 17:25:30,100 INFO    : Report Result:
+----------+--------------------+-----------+--------------+--------------+---------------+
| Snapshot |        Time        | Whole_MRR | Whole_Hits@1 | Whole_Hits@3 | Whole_Hits@10 |
+----------+--------------------+-----------+--------------+--------------+---------------+
|    0     | 426.79449677467346 |   0.172   |     0.01     |    0.311     |      0.4      |
|    1     | 198.74328565597534 |   0.168   |     0.01     |    0.302     |     0.391     |
|    2     | 464.5842752456665  |   0.164   |     0.01     |    0.295     |     0.382     |
|    3     | 440.94073510169983 |   0.161   |     0.01     |    0.288     |     0.373     |
|    4     | 80.37130284309387  |   0.159   |     0.01     |    0.285     |     0.369     |
+----------+--------------------+-----------+--------------+--------------+---------------+
2024-12-31 17:25:30,100 INFO    : Sum_Training_Time:1611.434095621109
2024-12-31 17:25:30,100 INFO    : Every_Training_Time:[426.79449677467346, 198.74328565597534, 464.5842752456665, 440.94073510169983, 80.37130284309387]
2024-12-31 17:25:30,100 INFO    : Forward transfer: 0.060025 Backward transfer: 0.0
