2024-12-10 16:08:04,456 INFO    : Namespace(batch_size=1024, data_path='./data/WN_CKGE/', dataset='WN_CKGE', debug=False, device=device(type='cuda', index=0), emb_dim=200, ent_r='200', epoch_num=200, explore=False, gpu='0', l2=0.0, learning_rate='1e-1', log_path='./logs/WN_CKGE 200 20 1e-1 1024/WN_CKGE 20241210160800', logger=<RootLogger root (INFO)>, margin=8.0, model_name='LoraKGE_Layers', multi_layers_path='train_sorted_by_edges_betweenness.txt', neg_ratio=10, note='', num_ent_layers='20', num_layer=1, num_rel_layers='1', patience=3, predict_result='True', r=100, r_fixed=True, random_seed=3407, record=False, rel_r='20', save_path='./checkpoint/WN_CKGE', skip_previous='False', snapshot_num=5, train_new=True, using_multi_layers=False, using_various_ranks='True', using_various_ranks_reverse=False, valid_metrics='mrr')
2024-12-10 16:08:16,162 INFO    : Snapshot:0	0	3	Epoch:0	Loss:41.777	MRR:1.24	Hits@10:3.14	Best:1.24
2024-12-10 16:08:27,030 INFO    : Snapshot:0	0	3	Epoch:1	Loss:21.959	MRR:9.65	Hits@10:22.46	Best:9.65
2024-12-10 16:08:37,864 INFO    : Snapshot:0	0	3	Epoch:2	Loss:11.347	MRR:13.06	Hits@10:29.25	Best:13.06
2024-12-10 16:08:48,589 INFO    : Snapshot:0	0	3	Epoch:3	Loss:7.0	MRR:14.29	Hits@10:31.47	Best:14.29
2024-12-10 16:08:59,763 INFO    : Snapshot:0	0	3	Epoch:4	Loss:4.735	MRR:14.92	Hits@10:32.62	Best:14.92
2024-12-10 16:09:10,750 INFO    : Snapshot:0	0	3	Epoch:5	Loss:3.363	MRR:15.33	Hits@10:33.54	Best:15.33
2024-12-10 16:09:21,683 INFO    : Snapshot:0	0	3	Epoch:6	Loss:2.454	MRR:15.67	Hits@10:34.35	Best:15.67
2024-12-10 16:09:32,475 INFO    : Snapshot:0	0	3	Epoch:7	Loss:1.806	MRR:15.93	Hits@10:34.96	Best:15.93
2024-12-10 16:09:43,388 INFO    : Snapshot:0	0	3	Epoch:8	Loss:1.367	MRR:16.23	Hits@10:35.76	Best:16.23
2024-12-10 16:09:54,315 INFO    : Snapshot:0	0	3	Epoch:9	Loss:1.056	MRR:16.45	Hits@10:36.23	Best:16.45
2024-12-10 16:10:05,300 INFO    : Snapshot:0	0	3	Epoch:10	Loss:0.816	MRR:16.64	Hits@10:36.68	Best:16.64
2024-12-10 16:10:16,244 INFO    : Snapshot:0	0	3	Epoch:11	Loss:0.624	MRR:16.83	Hits@10:37.25	Best:16.83
2024-12-10 16:10:27,128 INFO    : Snapshot:0	0	3	Epoch:12	Loss:0.505	MRR:16.9	Hits@10:37.74	Best:16.9
2024-12-10 16:10:38,165 INFO    : Snapshot:0	0	3	Epoch:13	Loss:0.399	MRR:16.93	Hits@10:37.97	Best:16.93
2024-12-10 16:10:49,059 INFO    : Snapshot:0	1	3	Epoch:14	Loss:0.335	MRR:16.93	Hits@10:38.19	Best:16.93
2024-12-10 16:11:00,061 INFO    : Snapshot:0	0	3	Epoch:15	Loss:0.279	MRR:17.06	Hits@10:38.67	Best:17.06
2024-12-10 16:11:10,876 INFO    : Snapshot:0	1	3	Epoch:16	Loss:0.236	MRR:17.04	Hits@10:38.78	Best:17.06
2024-12-10 16:11:21,806 INFO    : Snapshot:0	0	3	Epoch:17	Loss:0.22	MRR:17.08	Hits@10:39.0	Best:17.08
2024-12-10 16:11:32,683 INFO    : Snapshot:0	0	3	Epoch:18	Loss:0.188	MRR:17.12	Hits@10:39.1	Best:17.12
2024-12-10 16:11:43,610 INFO    : Snapshot:0	1	3	Epoch:19	Loss:0.177	MRR:17.1	Hits@10:39.27	Best:17.12
2024-12-10 16:11:54,507 INFO    : Snapshot:0	2	3	Epoch:20	Loss:0.158	MRR:17.08	Hits@10:39.43	Best:17.12
2024-12-10 16:12:05,462 INFO    : Snapshot:0	0	3	Epoch:21	Loss:0.149	MRR:17.14	Hits@10:39.47	Best:17.14
2024-12-10 16:12:16,564 INFO    : Snapshot:0	1	3	Epoch:22	Loss:0.143	MRR:17.07	Hits@10:39.57	Best:17.14
2024-12-10 16:12:27,490 INFO    : Snapshot:0	2	3	Epoch:23	Loss:0.133	MRR:17.13	Hits@10:39.69	Best:17.14
2024-12-10 16:12:38,360 INFO    : Snapshot:0	0	3	Epoch:24	Loss:0.12	MRR:17.18	Hits@10:40.0	Best:17.18
2024-12-10 16:12:49,235 INFO    : Snapshot:0	0	3	Epoch:25	Loss:0.121	MRR:17.22	Hits@10:39.94	Best:17.22
2024-12-10 16:12:59,987 INFO    : Snapshot:0	1	3	Epoch:26	Loss:0.115	MRR:17.16	Hits@10:40.12	Best:17.22
2024-12-10 16:13:10,715 INFO    : Snapshot:0	2	3	Epoch:27	Loss:0.108	MRR:17.15	Hits@10:40.24	Best:17.22
2024-12-10 16:13:21,432 INFO    : Early Stopping! Snapshot:0 Epoch: 28 Best Results: 17.22
2024-12-10 16:13:21,472 INFO    : => loading checkpoint './checkpoint/WN_CKGE\0model_best.tar'
2024-12-10 16:13:32,836 INFO    : 
+------------+--------+--------+--------+--------+---------+
| Snapshot:0 |  MRR   | Hits@1 | Hits@3 | Hits@5 | Hits@10 |
+------------+--------+--------+--------+--------+---------+
|     0      | 0.1722 |  0.01  | 0.3114 | 0.354  |  0.3996 |
+------------+--------+--------+--------+--------+---------+
2024-12-10 16:13:51,459 INFO    : Snapshot:1	0	3	Epoch:0	Loss:6.735	MRR:4.0	Hits@10:10.19	Best:4.0
2024-12-10 16:13:59,290 INFO    : Snapshot:1	0	3	Epoch:1	Loss:3.865	MRR:7.98	Hits@10:21.21	Best:7.98
2024-12-10 16:14:07,085 INFO    : Snapshot:1	0	3	Epoch:2	Loss:2.101	MRR:10.21	Hits@10:26.75	Best:10.21
2024-12-10 16:14:14,913 INFO    : Snapshot:1	0	3	Epoch:3	Loss:1.264	MRR:11.46	Hits@10:29.03	Best:11.46
2024-12-10 16:14:22,710 INFO    : Snapshot:1	0	3	Epoch:4	Loss:0.86	MRR:12.14	Hits@10:30.43	Best:12.14
2024-12-10 16:14:30,531 INFO    : Snapshot:1	0	3	Epoch:5	Loss:0.637	MRR:12.66	Hits@10:31.75	Best:12.66
2024-12-10 16:14:38,354 INFO    : Snapshot:1	0	3	Epoch:6	Loss:0.528	MRR:12.95	Hits@10:32.2	Best:12.95
2024-12-10 16:14:46,169 INFO    : Snapshot:1	0	3	Epoch:7	Loss:0.442	MRR:13.08	Hits@10:32.12	Best:13.08
2024-12-10 16:14:53,988 INFO    : Snapshot:1	0	3	Epoch:8	Loss:0.384	MRR:13.37	Hits@10:32.39	Best:13.37
2024-12-10 16:15:01,815 INFO    : Snapshot:1	0	3	Epoch:9	Loss:0.343	MRR:13.43	Hits@10:32.72	Best:13.43
2024-12-10 16:15:09,621 INFO    : Snapshot:1	0	3	Epoch:10	Loss:0.315	MRR:13.6	Hits@10:33.12	Best:13.6
2024-12-10 16:15:17,404 INFO    : Snapshot:1	0	3	Epoch:11	Loss:0.291	MRR:13.75	Hits@10:33.17	Best:13.75
2024-12-10 16:15:25,185 INFO    : Snapshot:1	0	3	Epoch:12	Loss:0.273	MRR:13.76	Hits@10:33.25	Best:13.76
2024-12-10 16:15:32,989 INFO    : Snapshot:1	0	3	Epoch:13	Loss:0.261	MRR:13.78	Hits@10:33.17	Best:13.78
2024-12-10 16:15:40,789 INFO    : Snapshot:1	0	3	Epoch:14	Loss:0.245	MRR:13.9	Hits@10:33.49	Best:13.9
2024-12-10 16:15:48,574 INFO    : Snapshot:1	1	3	Epoch:15	Loss:0.239	MRR:13.77	Hits@10:33.47	Best:13.9
2024-12-10 16:15:56,348 INFO    : Snapshot:1	2	3	Epoch:16	Loss:0.232	MRR:13.81	Hits@10:33.25	Best:13.9
2024-12-10 16:16:04,147 INFO    : Snapshot:1	0	3	Epoch:17	Loss:0.219	MRR:13.94	Hits@10:33.49	Best:13.94
2024-12-10 16:16:11,961 INFO    : Snapshot:1	1	3	Epoch:18	Loss:0.219	MRR:13.77	Hits@10:33.47	Best:13.94
2024-12-10 16:16:19,737 INFO    : Snapshot:1	2	3	Epoch:19	Loss:0.208	MRR:13.84	Hits@10:33.49	Best:13.94
2024-12-10 16:16:27,505 INFO    : Early Stopping! Snapshot:1 Epoch: 20 Best Results: 13.94
2024-12-10 16:16:27,546 INFO    : => loading checkpoint './checkpoint/WN_CKGE\1model_best.tar'
2024-12-10 16:16:47,333 INFO    : 
+------------+--------+--------+--------+--------+---------+
| Snapshot:1 |  MRR   | Hits@1 | Hits@3 | Hits@5 | Hits@10 |
+------------+--------+--------+--------+--------+---------+
|     0      | 0.1722 |  0.01  | 0.3114 | 0.354  |  0.3996 |
|     1      | 0.1363 | 0.0089 | 0.2358 | 0.2823 |  0.3269 |
+------------+--------+--------+--------+--------+---------+
2024-12-10 16:17:25,058 INFO    : Snapshot:2	0	3	Epoch:0	Loss:6.732	MRR:3.38	Hits@10:8.82	Best:3.38
2024-12-10 16:17:41,121 INFO    : Snapshot:2	0	3	Epoch:1	Loss:3.893	MRR:7.19	Hits@10:19.03	Best:7.19
2024-12-10 16:17:57,165 INFO    : Snapshot:2	0	3	Epoch:2	Loss:2.117	MRR:9.15	Hits@10:23.17	Best:9.15
2024-12-10 16:18:13,230 INFO    : Snapshot:2	0	3	Epoch:3	Loss:1.254	MRR:10.49	Hits@10:25.65	Best:10.49
2024-12-10 16:18:29,267 INFO    : Snapshot:2	0	3	Epoch:4	Loss:0.839	MRR:11.23	Hits@10:26.67	Best:11.23
2024-12-10 16:18:45,346 INFO    : Snapshot:2	0	3	Epoch:5	Loss:0.619	MRR:11.61	Hits@10:27.42	Best:11.61
2024-12-10 16:19:01,410 INFO    : Snapshot:2	0	3	Epoch:6	Loss:0.499	MRR:11.96	Hits@10:27.77	Best:11.96
2024-12-10 16:19:17,484 INFO    : Snapshot:2	0	3	Epoch:7	Loss:0.418	MRR:12.22	Hits@10:28.2	Best:12.22
2024-12-10 16:19:33,585 INFO    : Snapshot:2	0	3	Epoch:8	Loss:0.363	MRR:12.29	Hits@10:28.52	Best:12.29
2024-12-10 16:19:49,645 INFO    : Snapshot:2	0	3	Epoch:9	Loss:0.325	MRR:12.37	Hits@10:28.74	Best:12.37
2024-12-10 16:20:05,692 INFO    : Snapshot:2	0	3	Epoch:10	Loss:0.296	MRR:12.45	Hits@10:28.71	Best:12.45
2024-12-10 16:20:21,729 INFO    : Snapshot:2	0	3	Epoch:11	Loss:0.276	MRR:12.49	Hits@10:28.82	Best:12.49
2024-12-10 16:20:37,845 INFO    : Snapshot:2	0	3	Epoch:12	Loss:0.252	MRR:12.62	Hits@10:29.03	Best:12.62
2024-12-10 16:20:53,934 INFO    : Snapshot:2	0	3	Epoch:13	Loss:0.246	MRR:12.65	Hits@10:29.27	Best:12.65
2024-12-10 16:21:10,052 INFO    : Snapshot:2	0	3	Epoch:14	Loss:0.234	MRR:12.68	Hits@10:29.09	Best:12.68
2024-12-10 16:21:26,253 INFO    : Snapshot:2	1	3	Epoch:15	Loss:0.222	MRR:12.65	Hits@10:29.22	Best:12.68
2024-12-10 16:21:42,396 INFO    : Snapshot:2	2	3	Epoch:16	Loss:0.216	MRR:12.68	Hits@10:29.11	Best:12.68
2024-12-10 16:21:58,432 INFO    : Snapshot:2	0	3	Epoch:17	Loss:0.208	MRR:12.74	Hits@10:29.52	Best:12.74
2024-12-10 16:22:14,402 INFO    : Snapshot:2	1	3	Epoch:18	Loss:0.194	MRR:12.7	Hits@10:29.7	Best:12.74
2024-12-10 16:22:30,413 INFO    : Snapshot:2	0	3	Epoch:19	Loss:0.199	MRR:12.8	Hits@10:29.46	Best:12.8
2024-12-10 16:22:46,468 INFO    : Snapshot:2	0	3	Epoch:20	Loss:0.187	MRR:12.88	Hits@10:29.35	Best:12.88
2024-12-10 16:23:02,495 INFO    : Snapshot:2	1	3	Epoch:21	Loss:0.189	MRR:12.8	Hits@10:29.22	Best:12.88
2024-12-10 16:23:18,487 INFO    : Snapshot:2	2	3	Epoch:22	Loss:0.18	MRR:12.85	Hits@10:29.33	Best:12.88
2024-12-10 16:23:34,659 INFO    : Early Stopping! Snapshot:2 Epoch: 23 Best Results: 12.88
2024-12-10 16:23:34,700 INFO    : => loading checkpoint './checkpoint/WN_CKGE\2model_best.tar'
2024-12-10 16:24:10,906 INFO    : 
+------------+--------+--------+--------+--------+---------+
| Snapshot:2 |  MRR   | Hits@1 | Hits@3 | Hits@5 | Hits@10 |
+------------+--------+--------+--------+--------+---------+
|     0      | 0.1722 |  0.01  | 0.3114 | 0.354  |  0.3996 |
|     1      | 0.1363 | 0.0089 | 0.2358 | 0.2823 |  0.3269 |
|     2      | 0.1382 | 0.0121 | 0.2411 | 0.2785 |  0.3175 |
+------------+--------+--------+--------+--------+---------+
2024-12-10 16:24:51,284 INFO    : Snapshot:3	0	3	Epoch:0	Loss:6.731	MRR:2.9	Hits@10:7.42	Best:2.9
2024-12-10 16:25:08,946 INFO    : Snapshot:3	0	3	Epoch:1	Loss:3.912	MRR:6.57	Hits@10:17.02	Best:6.57
2024-12-10 16:25:26,610 INFO    : Snapshot:3	0	3	Epoch:2	Loss:2.141	MRR:8.67	Hits@10:22.23	Best:8.67
2024-12-10 16:25:44,380 INFO    : Snapshot:3	0	3	Epoch:3	Loss:1.274	MRR:10.01	Hits@10:24.44	Best:10.01
2024-12-10 16:26:02,058 INFO    : Snapshot:3	0	3	Epoch:4	Loss:0.854	MRR:10.85	Hits@10:25.91	Best:10.85
2024-12-10 16:26:19,852 INFO    : Snapshot:3	0	3	Epoch:5	Loss:0.637	MRR:11.26	Hits@10:26.4	Best:11.26
2024-12-10 16:26:37,584 INFO    : Snapshot:3	0	3	Epoch:6	Loss:0.507	MRR:11.57	Hits@10:27.2	Best:11.57
2024-12-10 16:26:55,300 INFO    : Snapshot:3	0	3	Epoch:7	Loss:0.429	MRR:11.87	Hits@10:27.53	Best:11.87
2024-12-10 16:27:13,022 INFO    : Snapshot:3	0	3	Epoch:8	Loss:0.373	MRR:12.0	Hits@10:27.8	Best:12.0
2024-12-10 16:27:30,732 INFO    : Snapshot:3	0	3	Epoch:9	Loss:0.335	MRR:12.08	Hits@10:27.88	Best:12.08
2024-12-10 16:27:48,333 INFO    : Snapshot:3	1	3	Epoch:10	Loss:0.306	MRR:11.96	Hits@10:27.9	Best:12.08
2024-12-10 16:28:05,875 INFO    : Snapshot:3	2	3	Epoch:11	Loss:0.285	MRR:12.05	Hits@10:27.93	Best:12.08
2024-12-10 16:28:23,491 INFO    : Snapshot:3	0	3	Epoch:12	Loss:0.265	MRR:12.23	Hits@10:27.88	Best:12.23
2024-12-10 16:28:41,150 INFO    : Snapshot:3	0	3	Epoch:13	Loss:0.255	MRR:12.3	Hits@10:28.17	Best:12.3
2024-12-10 16:28:58,773 INFO    : Snapshot:3	0	3	Epoch:14	Loss:0.245	MRR:12.47	Hits@10:28.06	Best:12.47
2024-12-10 16:29:16,334 INFO    : Snapshot:3	1	3	Epoch:15	Loss:0.231	MRR:12.37	Hits@10:28.36	Best:12.47
2024-12-10 16:29:33,951 INFO    : Snapshot:3	2	3	Epoch:16	Loss:0.22	MRR:12.37	Hits@10:28.12	Best:12.47
2024-12-10 16:29:51,593 INFO    : Snapshot:3	0	3	Epoch:17	Loss:0.211	MRR:12.49	Hits@10:28.25	Best:12.49
2024-12-10 16:30:09,187 INFO    : Snapshot:3	0	3	Epoch:18	Loss:0.207	MRR:12.57	Hits@10:28.68	Best:12.57
2024-12-10 16:30:26,824 INFO    : Snapshot:3	0	3	Epoch:19	Loss:0.205	MRR:12.58	Hits@10:28.68	Best:12.58
2024-12-10 16:30:44,523 INFO    : Snapshot:3	1	3	Epoch:20	Loss:0.195	MRR:12.54	Hits@10:28.63	Best:12.58
2024-12-10 16:31:02,146 INFO    : Snapshot:3	0	3	Epoch:21	Loss:0.191	MRR:12.6	Hits@10:28.74	Best:12.6
2024-12-10 16:31:19,799 INFO    : Snapshot:3	1	3	Epoch:22	Loss:0.186	MRR:12.57	Hits@10:28.58	Best:12.6
2024-12-10 16:31:37,549 INFO    : Snapshot:3	0	3	Epoch:23	Loss:0.181	MRR:12.65	Hits@10:28.76	Best:12.65
2024-12-10 16:31:55,105 INFO    : Snapshot:3	1	3	Epoch:24	Loss:0.178	MRR:12.62	Hits@10:28.66	Best:12.65
2024-12-10 16:32:12,653 INFO    : Snapshot:3	2	3	Epoch:25	Loss:0.172	MRR:12.55	Hits@10:28.63	Best:12.65
2024-12-10 16:32:30,191 INFO    : Early Stopping! Snapshot:3 Epoch: 26 Best Results: 12.65
2024-12-10 16:32:30,239 INFO    : => loading checkpoint './checkpoint/WN_CKGE\3model_best.tar'
2024-12-10 16:33:24,788 INFO    : 
+------------+--------+--------+--------+--------+---------+
| Snapshot:3 |  MRR   | Hits@1 | Hits@3 | Hits@5 | Hits@10 |
+------------+--------+--------+--------+--------+---------+
|     0      | 0.1722 |  0.01  | 0.3114 | 0.354  |  0.3996 |
|     1      | 0.1363 | 0.0089 | 0.2358 | 0.2823 |  0.3269 |
|     2      | 0.1382 | 0.0121 | 0.2411 | 0.2785 |  0.3175 |
|     3      | 0.1298 | 0.0097 | 0.232  | 0.264  |  0.2989 |
+------------+--------+--------+--------+--------+---------+
2024-12-10 16:33:34,681 INFO    : Snapshot:4	0	3	Epoch:0	Loss:6.709	MRR:9.67	Hits@10:22.45	Best:9.67
2024-12-10 16:33:37,793 INFO    : Snapshot:4	0	3	Epoch:1	Loss:3.856	MRR:11.03	Hits@10:26.29	Best:11.03
2024-12-10 16:33:40,943 INFO    : Snapshot:4	0	3	Epoch:2	Loss:2.07	MRR:11.97	Hits@10:28.17	Best:11.97
2024-12-10 16:33:44,103 INFO    : Snapshot:4	0	3	Epoch:3	Loss:1.206	MRR:12.46	Hits@10:29.03	Best:12.46
2024-12-10 16:33:47,274 INFO    : Snapshot:4	0	3	Epoch:4	Loss:0.797	MRR:12.75	Hits@10:29.11	Best:12.75
2024-12-10 16:33:50,450 INFO    : Snapshot:4	0	3	Epoch:5	Loss:0.587	MRR:12.87	Hits@10:29.52	Best:12.87
2024-12-10 16:33:53,611 INFO    : Snapshot:4	0	3	Epoch:6	Loss:0.467	MRR:13.02	Hits@10:29.52	Best:13.02
2024-12-10 16:33:56,753 INFO    : Snapshot:4	0	3	Epoch:7	Loss:0.387	MRR:13.12	Hits@10:29.62	Best:13.12
2024-12-10 16:33:59,896 INFO    : Snapshot:4	0	3	Epoch:8	Loss:0.341	MRR:13.17	Hits@10:29.62	Best:13.17
2024-12-10 16:34:03,008 INFO    : Snapshot:4	1	3	Epoch:9	Loss:0.303	MRR:13.14	Hits@10:29.7	Best:13.17
2024-12-10 16:34:06,177 INFO    : Snapshot:4	0	3	Epoch:10	Loss:0.279	MRR:13.19	Hits@10:29.89	Best:13.19
2024-12-10 16:34:09,377 INFO    : Snapshot:4	0	3	Epoch:11	Loss:0.259	MRR:13.2	Hits@10:29.78	Best:13.2
2024-12-10 16:34:12,538 INFO    : Snapshot:4	0	3	Epoch:12	Loss:0.245	MRR:13.24	Hits@10:29.92	Best:13.24
2024-12-10 16:34:15,672 INFO    : Snapshot:4	1	3	Epoch:13	Loss:0.232	MRR:13.2	Hits@10:29.89	Best:13.24
2024-12-10 16:34:18,832 INFO    : Snapshot:4	0	3	Epoch:14	Loss:0.217	MRR:13.29	Hits@10:29.73	Best:13.29
2024-12-10 16:34:22,007 INFO    : Snapshot:4	0	3	Epoch:15	Loss:0.212	MRR:13.33	Hits@10:29.84	Best:13.33
2024-12-10 16:34:25,176 INFO    : Snapshot:4	0	3	Epoch:16	Loss:0.205	MRR:13.37	Hits@10:29.95	Best:13.37
2024-12-10 16:34:28,316 INFO    : Snapshot:4	1	3	Epoch:17	Loss:0.196	MRR:13.35	Hits@10:29.84	Best:13.37
2024-12-10 16:34:31,455 INFO    : Snapshot:4	2	3	Epoch:18	Loss:0.188	MRR:13.34	Hits@10:29.87	Best:13.37
2024-12-10 16:34:34,578 INFO    : Early Stopping! Snapshot:4 Epoch: 19 Best Results: 13.37
2024-12-10 16:34:34,615 INFO    : => loading checkpoint './checkpoint/WN_CKGE\4model_best.tar'
2024-12-10 16:34:57,754 INFO    : 
+------------+--------+--------+--------+--------+---------+
| Snapshot:4 |  MRR   | Hits@1 | Hits@3 | Hits@5 | Hits@10 |
+------------+--------+--------+--------+--------+---------+
|     0      | 0.1722 |  0.01  | 0.3114 | 0.354  |  0.3996 |
|     1      | 0.1363 | 0.0089 | 0.2358 | 0.2823 |  0.3269 |
|     2      | 0.1382 | 0.0121 | 0.2411 | 0.2785 |  0.3175 |
|     3      | 0.1298 | 0.0097 | 0.232  | 0.264  |  0.2989 |
|     4      | 0.1445 | 0.0099 | 0.2601 | 0.2872 |  0.3229 |
+------------+--------+--------+--------+--------+---------+
2024-12-10 16:34:57,756 INFO    : Final Result:
[+------------+--------+--------+--------+--------+---------+
| Snapshot:0 |  MRR   | Hits@1 | Hits@3 | Hits@5 | Hits@10 |
+------------+--------+--------+--------+--------+---------+
|     0      | 0.1722 |  0.01  | 0.3114 | 0.354  |  0.3996 |
+------------+--------+--------+--------+--------+---------+, +------------+--------+--------+--------+--------+---------+
| Snapshot:1 |  MRR   | Hits@1 | Hits@3 | Hits@5 | Hits@10 |
+------------+--------+--------+--------+--------+---------+
|     0      | 0.1722 |  0.01  | 0.3114 | 0.354  |  0.3996 |
|     1      | 0.1363 | 0.0089 | 0.2358 | 0.2823 |  0.3269 |
+------------+--------+--------+--------+--------+---------+, +------------+--------+--------+--------+--------+---------+
| Snapshot:2 |  MRR   | Hits@1 | Hits@3 | Hits@5 | Hits@10 |
+------------+--------+--------+--------+--------+---------+
|     0      | 0.1722 |  0.01  | 0.3114 | 0.354  |  0.3996 |
|     1      | 0.1363 | 0.0089 | 0.2358 | 0.2823 |  0.3269 |
|     2      | 0.1382 | 0.0121 | 0.2411 | 0.2785 |  0.3175 |
+------------+--------+--------+--------+--------+---------+, +------------+--------+--------+--------+--------+---------+
| Snapshot:3 |  MRR   | Hits@1 | Hits@3 | Hits@5 | Hits@10 |
+------------+--------+--------+--------+--------+---------+
|     0      | 0.1722 |  0.01  | 0.3114 | 0.354  |  0.3996 |
|     1      | 0.1363 | 0.0089 | 0.2358 | 0.2823 |  0.3269 |
|     2      | 0.1382 | 0.0121 | 0.2411 | 0.2785 |  0.3175 |
|     3      | 0.1298 | 0.0097 | 0.232  | 0.264  |  0.2989 |
+------------+--------+--------+--------+--------+---------+, +------------+--------+--------+--------+--------+---------+
| Snapshot:4 |  MRR   | Hits@1 | Hits@3 | Hits@5 | Hits@10 |
+------------+--------+--------+--------+--------+---------+
|     0      | 0.1722 |  0.01  | 0.3114 | 0.354  |  0.3996 |
|     1      | 0.1363 | 0.0089 | 0.2358 | 0.2823 |  0.3269 |
|     2      | 0.1382 | 0.0121 | 0.2411 | 0.2785 |  0.3175 |
|     3      | 0.1298 | 0.0097 | 0.232  | 0.264  |  0.2989 |
|     4      | 0.1445 | 0.0099 | 0.2601 | 0.2872 |  0.3229 |
+------------+--------+--------+--------+--------+---------+]
2024-12-10 16:34:57,758 INFO    : Report Result:
+----------+--------------------+-----------+--------------+--------------+---------------+
| Snapshot |        Time        | Whole_MRR | Whole_Hits@1 | Whole_Hits@3 | Whole_Hits@10 |
+----------+--------------------+-----------+--------------+--------------+---------------+
|    0     | 316.97630882263184 |   0.172   |     0.01     |    0.311     |      0.4      |
|    1     | 164.59206533432007 |   0.167   |     0.01     |    0.301     |     0.389     |
|    2     | 386.2215847969055  |   0.163   |     0.01     |    0.293     |      0.38     |
|    3     | 477.1778972148895  |    0.16   |     0.01     |    0.286     |     0.371     |
|    4     | 63.64763951301575  |   0.158   |     0.01     |    0.284     |     0.366     |
+----------+--------------------+-----------+--------------+--------------+---------------+
2024-12-10 16:34:57,758 INFO    : Sum_Training_Time:1408.6154956817627
2024-12-10 16:34:57,758 INFO    : Every_Training_Time:[316.97630882263184, 164.59206533432007, 386.2215847969055, 477.1778972148895, 63.64763951301575]
2024-12-10 16:34:57,758 INFO    : Forward transfer: 0.05925 Backward transfer: 0.0
