2024-10-07 17:17:56,036 INFO    : Namespace(batch_size='1024', data_path='./data/WN_CKGE/', dataset='WN_CKGE', debug=False, device=device(type='cuda', index=0), emb_dim=200, ent_r='200', epoch_num=200, explore=False, gpu='0', l2=0.0, learning_rate='1e-1', log_path='./logs/WN_CKGE 200 20 1e-1 1024/WN_CKGE 20241007171751', logger=<RootLogger root (INFO)>, margin=8.0, model_name='LoraKGE_Layers', multi_layers_path='train_sorted_by_edges_betweenness.txt', neg_ratio=10, note='', num_ent_layers='20', num_layer=1, num_rel_layers='1', patience=3, predict_result='True', r=100, r_fixed=True, random_seed=3407, record=False, rel_r='20', save_path='./checkpoint/WN_CKGE', skip_previous='False', snapshot_num=5, train_new=True, using_multi_layers=False, using_various_ranks='True', using_various_ranks_reverse=False, valid_metrics='mrr')
2024-10-07 17:18:08,768 INFO    : Snapshot:0	0	3	Epoch:0	Loss:41.777	MRR:1.24	Hits@10:3.14	Best:1.24
2024-10-07 17:18:20,891 INFO    : Snapshot:0	0	3	Epoch:1	Loss:21.959	MRR:9.65	Hits@10:22.46	Best:9.65
2024-10-07 17:18:34,610 INFO    : Snapshot:0	0	3	Epoch:2	Loss:11.347	MRR:13.06	Hits@10:29.25	Best:13.06
2024-10-07 17:18:47,855 INFO    : Snapshot:0	0	3	Epoch:3	Loss:7.0	MRR:14.29	Hits@10:31.47	Best:14.29
2024-10-07 17:18:59,742 INFO    : Snapshot:0	0	3	Epoch:4	Loss:4.735	MRR:14.92	Hits@10:32.62	Best:14.92
2024-10-07 17:19:11,998 INFO    : Snapshot:0	0	3	Epoch:5	Loss:3.363	MRR:15.33	Hits@10:33.54	Best:15.33
2024-10-07 17:19:24,169 INFO    : Snapshot:0	0	3	Epoch:6	Loss:2.454	MRR:15.67	Hits@10:34.35	Best:15.67
2024-10-07 17:19:36,474 INFO    : Snapshot:0	0	3	Epoch:7	Loss:1.806	MRR:15.93	Hits@10:34.96	Best:15.93
2024-10-07 17:19:48,366 INFO    : Snapshot:0	0	3	Epoch:8	Loss:1.367	MRR:16.23	Hits@10:35.76	Best:16.23
2024-10-07 17:20:00,674 INFO    : Snapshot:0	0	3	Epoch:9	Loss:1.056	MRR:16.45	Hits@10:36.23	Best:16.45
2024-10-07 17:20:12,813 INFO    : Snapshot:0	0	3	Epoch:10	Loss:0.816	MRR:16.64	Hits@10:36.68	Best:16.64
2024-10-07 17:20:24,841 INFO    : Snapshot:0	0	3	Epoch:11	Loss:0.624	MRR:16.83	Hits@10:37.25	Best:16.83
2024-10-07 17:20:36,824 INFO    : Snapshot:0	0	3	Epoch:12	Loss:0.505	MRR:16.9	Hits@10:37.74	Best:16.9
2024-10-07 17:20:48,920 INFO    : Snapshot:0	0	3	Epoch:13	Loss:0.399	MRR:16.93	Hits@10:37.97	Best:16.93
2024-10-07 17:21:00,723 INFO    : Snapshot:0	1	3	Epoch:14	Loss:0.335	MRR:16.93	Hits@10:38.19	Best:16.93
2024-10-07 17:21:12,761 INFO    : Snapshot:0	0	3	Epoch:15	Loss:0.279	MRR:17.06	Hits@10:38.67	Best:17.06
2024-10-07 17:21:24,818 INFO    : Snapshot:0	1	3	Epoch:16	Loss:0.236	MRR:17.04	Hits@10:38.78	Best:17.06
2024-10-07 17:21:37,099 INFO    : Snapshot:0	0	3	Epoch:17	Loss:0.22	MRR:17.08	Hits@10:39.0	Best:17.08
2024-10-07 17:21:49,561 INFO    : Snapshot:0	0	3	Epoch:18	Loss:0.188	MRR:17.12	Hits@10:39.1	Best:17.12
2024-10-07 17:22:01,922 INFO    : Snapshot:0	1	3	Epoch:19	Loss:0.177	MRR:17.1	Hits@10:39.27	Best:17.12
2024-10-07 17:22:14,037 INFO    : Snapshot:0	2	3	Epoch:20	Loss:0.158	MRR:17.08	Hits@10:39.43	Best:17.12
2024-10-07 17:22:26,349 INFO    : Snapshot:0	0	3	Epoch:21	Loss:0.149	MRR:17.14	Hits@10:39.47	Best:17.14
2024-10-07 17:22:38,780 INFO    : Snapshot:0	1	3	Epoch:22	Loss:0.143	MRR:17.07	Hits@10:39.57	Best:17.14
2024-10-07 17:22:51,165 INFO    : Snapshot:0	2	3	Epoch:23	Loss:0.133	MRR:17.13	Hits@10:39.69	Best:17.14
2024-10-07 17:23:03,760 INFO    : Snapshot:0	0	3	Epoch:24	Loss:0.12	MRR:17.18	Hits@10:40.0	Best:17.18
2024-10-07 17:23:16,034 INFO    : Snapshot:0	0	3	Epoch:25	Loss:0.121	MRR:17.22	Hits@10:39.94	Best:17.22
2024-10-07 17:23:27,911 INFO    : Snapshot:0	1	3	Epoch:26	Loss:0.115	MRR:17.16	Hits@10:40.12	Best:17.22
2024-10-07 17:23:39,827 INFO    : Snapshot:0	2	3	Epoch:27	Loss:0.108	MRR:17.15	Hits@10:40.24	Best:17.22
2024-10-07 17:23:52,039 INFO    : Early Stopping! Snapshot:0 Epoch: 28 Best Results: 17.22
2024-10-07 17:23:52,085 INFO    : => loading checkpoint './checkpoint/WN_CKGE\0model_best.tar'
2024-10-07 17:24:04,671 INFO    : 
+------------+--------+--------+--------+--------+---------+
| Snapshot:0 |  MRR   | Hits@1 | Hits@3 | Hits@5 | Hits@10 |
+------------+--------+--------+--------+--------+---------+
|     0      | 0.1722 |  0.01  | 0.3114 | 0.354  |  0.3996 |
+------------+--------+--------+--------+--------+---------+
2024-10-07 17:24:26,170 INFO    : Snapshot:1	0	3	Epoch:0	Loss:6.678	MRR:4.72	Hits@10:11.99	Best:4.72
2024-10-07 17:24:35,587 INFO    : Snapshot:1	0	3	Epoch:1	Loss:3.47	MRR:9.21	Hits@10:24.44	Best:9.21
2024-10-07 17:24:45,038 INFO    : Snapshot:1	0	3	Epoch:2	Loss:1.53	MRR:11.59	Hits@10:28.74	Best:11.59
2024-10-07 17:24:54,351 INFO    : Snapshot:1	0	3	Epoch:3	Loss:0.743	MRR:12.79	Hits@10:31.08	Best:12.79
2024-10-07 17:25:04,036 INFO    : Snapshot:1	0	3	Epoch:4	Loss:0.464	MRR:13.19	Hits@10:31.75	Best:13.19
2024-10-07 17:25:13,647 INFO    : Snapshot:1	0	3	Epoch:5	Loss:0.347	MRR:13.61	Hits@10:32.37	Best:13.61
2024-10-07 17:25:24,482 INFO    : Snapshot:1	0	3	Epoch:6	Loss:0.294	MRR:13.66	Hits@10:32.72	Best:13.66
2024-10-07 17:25:35,120 INFO    : Snapshot:1	0	3	Epoch:7	Loss:0.257	MRR:13.85	Hits@10:32.9	Best:13.85
2024-10-07 17:25:45,708 INFO    : Snapshot:1	0	3	Epoch:8	Loss:0.231	MRR:14.12	Hits@10:33.39	Best:14.12
2024-10-07 17:25:55,298 INFO    : Snapshot:1	0	3	Epoch:9	Loss:0.214	MRR:14.2	Hits@10:33.58	Best:14.2
2024-10-07 17:26:04,775 INFO    : Snapshot:1	0	3	Epoch:10	Loss:0.208	MRR:14.27	Hits@10:33.47	Best:14.27
2024-10-07 17:26:14,221 INFO    : Snapshot:1	1	3	Epoch:11	Loss:0.196	MRR:14.21	Hits@10:34.03	Best:14.27
2024-10-07 17:26:23,744 INFO    : Snapshot:1	2	3	Epoch:12	Loss:0.191	MRR:14.2	Hits@10:33.87	Best:14.27
2024-10-07 17:26:33,301 INFO    : Early Stopping! Snapshot:1 Epoch: 13 Best Results: 14.27
2024-10-07 17:26:33,343 INFO    : => loading checkpoint './checkpoint/WN_CKGE\1model_best.tar'
2024-10-07 17:26:57,477 INFO    : 
+------------+--------+--------+--------+--------+---------+
| Snapshot:1 |  MRR   | Hits@1 | Hits@3 | Hits@5 | Hits@10 |
+------------+--------+--------+--------+--------+---------+
|     0      | 0.1722 |  0.01  | 0.3114 | 0.354  |  0.3996 |
|     1      |  0.14  | 0.0083 | 0.2508 | 0.2901 |  0.3331 |
+------------+--------+--------+--------+--------+---------+
2024-10-07 17:27:35,261 INFO    : Snapshot:2	0	3	Epoch:0	Loss:6.658	MRR:4.29	Hits@10:11.05	Best:4.29
2024-10-07 17:27:53,337 INFO    : Snapshot:2	0	3	Epoch:1	Loss:3.477	MRR:8.64	Hits@10:22.34	Best:8.64
2024-10-07 17:28:11,253 INFO    : Snapshot:2	0	3	Epoch:2	Loss:1.481	MRR:10.69	Hits@10:25.99	Best:10.69
2024-10-07 17:28:29,535 INFO    : Snapshot:2	0	3	Epoch:3	Loss:0.695	MRR:11.85	Hits@10:28.15	Best:11.85
2024-10-07 17:28:47,771 INFO    : Snapshot:2	0	3	Epoch:4	Loss:0.438	MRR:12.39	Hits@10:28.79	Best:12.39
2024-10-07 17:29:05,438 INFO    : Snapshot:2	0	3	Epoch:5	Loss:0.319	MRR:12.61	Hits@10:28.95	Best:12.61
2024-10-07 17:29:23,470 INFO    : Snapshot:2	0	3	Epoch:6	Loss:0.262	MRR:12.78	Hits@10:29.19	Best:12.78
2024-10-07 17:29:41,655 INFO    : Snapshot:2	0	3	Epoch:7	Loss:0.228	MRR:12.83	Hits@10:29.14	Best:12.83
2024-10-07 17:29:59,392 INFO    : Snapshot:2	0	3	Epoch:8	Loss:0.206	MRR:12.84	Hits@10:29.22	Best:12.84
2024-10-07 17:30:17,291 INFO    : Snapshot:2	0	3	Epoch:9	Loss:0.196	MRR:12.86	Hits@10:29.44	Best:12.86
2024-10-07 17:30:35,428 INFO    : Snapshot:2	0	3	Epoch:10	Loss:0.187	MRR:12.91	Hits@10:29.49	Best:12.91
2024-10-07 17:30:53,290 INFO    : Snapshot:2	1	3	Epoch:11	Loss:0.18	MRR:12.89	Hits@10:29.41	Best:12.91
2024-10-07 17:31:11,156 INFO    : Snapshot:2	0	3	Epoch:12	Loss:0.175	MRR:13.08	Hits@10:29.52	Best:13.08
2024-10-07 17:31:28,896 INFO    : Snapshot:2	1	3	Epoch:13	Loss:0.166	MRR:12.97	Hits@10:29.46	Best:13.08
2024-10-07 17:31:46,585 INFO    : Snapshot:2	2	3	Epoch:14	Loss:0.163	MRR:13.02	Hits@10:29.52	Best:13.08
2024-10-07 17:32:04,646 INFO    : Snapshot:2	0	3	Epoch:15	Loss:0.157	MRR:13.13	Hits@10:29.68	Best:13.13
2024-10-07 17:32:22,116 INFO    : Snapshot:2	1	3	Epoch:16	Loss:0.156	MRR:13.01	Hits@10:29.68	Best:13.13
2024-10-07 17:32:39,908 INFO    : Snapshot:2	2	3	Epoch:17	Loss:0.149	MRR:13.05	Hits@10:29.68	Best:13.13
2024-10-07 17:32:57,734 INFO    : Early Stopping! Snapshot:2 Epoch: 18 Best Results: 13.13
2024-10-07 17:32:57,787 INFO    : => loading checkpoint './checkpoint/WN_CKGE\2model_best.tar'
2024-10-07 17:33:40,881 INFO    : 
+------------+--------+--------+--------+--------+---------+
| Snapshot:2 |  MRR   | Hits@1 | Hits@3 | Hits@5 | Hits@10 |
+------------+--------+--------+--------+--------+---------+
|     0      | 0.1722 |  0.01  | 0.3114 | 0.354  |  0.3996 |
|     1      |  0.14  | 0.0083 | 0.2508 | 0.2901 |  0.3331 |
|     2      |  0.14  | 0.0137 | 0.243  | 0.282  |  0.321  |
+------------+--------+--------+--------+--------+---------+
2024-10-07 17:34:25,007 INFO    : Snapshot:3	0	3	Epoch:0	Loss:6.694	MRR:3.68	Hits@10:9.84	Best:3.68
2024-10-07 17:34:44,512 INFO    : Snapshot:3	0	3	Epoch:1	Loss:3.484	MRR:7.9	Hits@10:20.3	Best:7.9
2024-10-07 17:35:04,053 INFO    : Snapshot:3	0	3	Epoch:2	Loss:1.464	MRR:10.37	Hits@10:25.62	Best:10.37
2024-10-07 17:35:23,636 INFO    : Snapshot:3	0	3	Epoch:3	Loss:0.666	MRR:11.37	Hits@10:27.1	Best:11.37
2024-10-07 17:35:43,793 INFO    : Snapshot:3	0	3	Epoch:4	Loss:0.419	MRR:11.96	Hits@10:27.77	Best:11.96
2024-10-07 17:36:03,528 INFO    : Snapshot:3	0	3	Epoch:5	Loss:0.315	MRR:12.33	Hits@10:28.15	Best:12.33
2024-10-07 17:36:23,473 INFO    : Snapshot:3	0	3	Epoch:6	Loss:0.253	MRR:12.37	Hits@10:28.55	Best:12.37
2024-10-07 17:36:43,644 INFO    : Snapshot:3	0	3	Epoch:7	Loss:0.225	MRR:12.48	Hits@10:28.82	Best:12.48
2024-10-07 17:37:03,689 INFO    : Snapshot:3	0	3	Epoch:8	Loss:0.205	MRR:12.56	Hits@10:28.98	Best:12.56
2024-10-07 17:37:23,835 INFO    : Snapshot:3	0	3	Epoch:9	Loss:0.188	MRR:12.57	Hits@10:28.71	Best:12.57
2024-10-07 17:37:44,375 INFO    : Snapshot:3	1	3	Epoch:10	Loss:0.183	MRR:12.55	Hits@10:28.66	Best:12.57
2024-10-07 17:38:04,595 INFO    : Snapshot:3	0	3	Epoch:11	Loss:0.18	MRR:12.62	Hits@10:28.84	Best:12.62
2024-10-07 17:38:24,875 INFO    : Snapshot:3	1	3	Epoch:12	Loss:0.169	MRR:12.61	Hits@10:28.74	Best:12.62
2024-10-07 17:38:45,148 INFO    : Snapshot:3	2	3	Epoch:13	Loss:0.164	MRR:12.62	Hits@10:28.74	Best:12.62
2024-10-07 17:39:05,217 INFO    : Early Stopping! Snapshot:3 Epoch: 14 Best Results: 12.62
2024-10-07 17:39:05,270 INFO    : => loading checkpoint './checkpoint/WN_CKGE\3model_best.tar'
2024-10-07 17:40:08,759 INFO    : 
+------------+--------+--------+--------+--------+---------+
| Snapshot:3 |  MRR   | Hits@1 | Hits@3 | Hits@5 | Hits@10 |
+------------+--------+--------+--------+--------+---------+
|     0      | 0.1722 |  0.01  | 0.3114 | 0.354  |  0.3996 |
|     1      |  0.14  | 0.0083 | 0.2508 | 0.2901 |  0.3331 |
|     2      |  0.14  | 0.0137 | 0.243  | 0.282  |  0.321  |
|     3      | 0.1301 | 0.0102 | 0.2263 | 0.2683 |  0.3003 |
+------------+--------+--------+--------+--------+---------+
2024-10-07 17:40:20,122 INFO    : Snapshot:4	0	3	Epoch:0	Loss:6.631	MRR:9.92	Hits@10:23.23	Best:9.92
2024-10-07 17:40:24,042 INFO    : Snapshot:4	0	3	Epoch:1	Loss:3.421	MRR:11.76	Hits@10:27.53	Best:11.76
2024-10-07 17:40:28,164 INFO    : Snapshot:4	0	3	Epoch:2	Loss:1.378	MRR:12.52	Hits@10:29.22	Best:12.52
2024-10-07 17:40:32,330 INFO    : Snapshot:4	0	3	Epoch:3	Loss:0.62	MRR:13.14	Hits@10:30.3	Best:13.14
2024-10-07 17:40:36,559 INFO    : Snapshot:4	0	3	Epoch:4	Loss:0.39	MRR:13.34	Hits@10:30.48	Best:13.34
2024-10-07 17:40:40,689 INFO    : Snapshot:4	0	3	Epoch:5	Loss:0.296	MRR:13.37	Hits@10:30.59	Best:13.37
2024-10-07 17:40:44,848 INFO    : Snapshot:4	0	3	Epoch:6	Loss:0.241	MRR:13.46	Hits@10:30.7	Best:13.46
2024-10-07 17:40:48,976 INFO    : Snapshot:4	0	3	Epoch:7	Loss:0.208	MRR:13.53	Hits@10:30.86	Best:13.53
2024-10-07 17:40:53,284 INFO    : Snapshot:4	0	3	Epoch:8	Loss:0.193	MRR:13.54	Hits@10:30.81	Best:13.54
2024-10-07 17:40:57,419 INFO    : Snapshot:4	0	3	Epoch:9	Loss:0.183	MRR:13.58	Hits@10:30.78	Best:13.58
2024-10-07 17:41:01,445 INFO    : Snapshot:4	1	3	Epoch:10	Loss:0.169	MRR:13.49	Hits@10:30.78	Best:13.58
2024-10-07 17:41:05,539 INFO    : Snapshot:4	2	3	Epoch:11	Loss:0.165	MRR:13.55	Hits@10:30.7	Best:13.58
2024-10-07 17:41:09,491 INFO    : Early Stopping! Snapshot:4 Epoch: 12 Best Results: 13.58
2024-10-07 17:41:09,534 INFO    : => loading checkpoint './checkpoint/WN_CKGE\4model_best.tar'
2024-10-07 17:41:38,112 INFO    : 
+------------+--------+--------+--------+--------+---------+
| Snapshot:4 |  MRR   | Hits@1 | Hits@3 | Hits@5 | Hits@10 |
+------------+--------+--------+--------+--------+---------+
|     0      | 0.1722 |  0.01  | 0.3114 | 0.354  |  0.3996 |
|     1      |  0.14  | 0.0083 | 0.2508 | 0.2901 |  0.3331 |
|     2      |  0.14  | 0.0137 | 0.243  | 0.282  |  0.321  |
|     3      | 0.1301 | 0.0102 | 0.2263 | 0.2683 |  0.3003 |
|     4      | 0.1464 | 0.011  | 0.2641 | 0.2939 |  0.3291 |
+------------+--------+--------+--------+--------+---------+
2024-10-07 17:41:38,114 INFO    : Final Result:
[+------------+--------+--------+--------+--------+---------+
| Snapshot:0 |  MRR   | Hits@1 | Hits@3 | Hits@5 | Hits@10 |
+------------+--------+--------+--------+--------+---------+
|     0      | 0.1722 |  0.01  | 0.3114 | 0.354  |  0.3996 |
+------------+--------+--------+--------+--------+---------+, +------------+--------+--------+--------+--------+---------+
| Snapshot:1 |  MRR   | Hits@1 | Hits@3 | Hits@5 | Hits@10 |
+------------+--------+--------+--------+--------+---------+
|     0      | 0.1722 |  0.01  | 0.3114 | 0.354  |  0.3996 |
|     1      |  0.14  | 0.0083 | 0.2508 | 0.2901 |  0.3331 |
+------------+--------+--------+--------+--------+---------+, +------------+--------+--------+--------+--------+---------+
| Snapshot:2 |  MRR   | Hits@1 | Hits@3 | Hits@5 | Hits@10 |
+------------+--------+--------+--------+--------+---------+
|     0      | 0.1722 |  0.01  | 0.3114 | 0.354  |  0.3996 |
|     1      |  0.14  | 0.0083 | 0.2508 | 0.2901 |  0.3331 |
|     2      |  0.14  | 0.0137 | 0.243  | 0.282  |  0.321  |
+------------+--------+--------+--------+--------+---------+, +------------+--------+--------+--------+--------+---------+
| Snapshot:3 |  MRR   | Hits@1 | Hits@3 | Hits@5 | Hits@10 |
+------------+--------+--------+--------+--------+---------+
|     0      | 0.1722 |  0.01  | 0.3114 | 0.354  |  0.3996 |
|     1      |  0.14  | 0.0083 | 0.2508 | 0.2901 |  0.3331 |
|     2      |  0.14  | 0.0137 | 0.243  | 0.282  |  0.321  |
|     3      | 0.1301 | 0.0102 | 0.2263 | 0.2683 |  0.3003 |
+------------+--------+--------+--------+--------+---------+, +------------+--------+--------+--------+--------+---------+
| Snapshot:4 |  MRR   | Hits@1 | Hits@3 | Hits@5 | Hits@10 |
+------------+--------+--------+--------+--------+---------+
|     0      | 0.1722 |  0.01  | 0.3114 | 0.354  |  0.3996 |
|     1      |  0.14  | 0.0083 | 0.2508 | 0.2901 |  0.3331 |
|     2      |  0.14  | 0.0137 | 0.243  | 0.282  |  0.321  |
|     3      | 0.1301 | 0.0102 | 0.2263 | 0.2683 |  0.3003 |
|     4      | 0.1464 | 0.011  | 0.2641 | 0.2939 |  0.3291 |
+------------+--------+--------+--------+--------+---------+]
2024-10-07 17:41:38,115 INFO    : Report Result:
+----------+--------------------+-----------+--------------+--------------+---------------+
| Snapshot |        Time        | Whole_MRR | Whole_Hits@1 | Whole_Hits@3 | Whole_Hits@10 |
+----------+--------------------+-----------+--------------+--------------+---------------+
|    0     | 356.0031931400299  |   0.172   |     0.01     |    0.311     |      0.4      |
|    1     | 137.7450475692749  |   0.168   |     0.01     |    0.303     |      0.39     |
|    2     | 341.1028356552124  |   0.164   |     0.01     |    0.295     |     0.381     |
|    3     | 300.66450786590576 |    0.16   |     0.01     |    0.288     |     0.372     |
|    4     | 54.01839780807495  |   0.159   |     0.01     |    0.285     |     0.368     |
+----------+--------------------+-----------+--------------+--------------+---------------+
2024-10-07 17:41:38,115 INFO    : Sum_Training_Time:1189.533982038498
2024-10-07 17:41:38,115 INFO    : Every_Training_Time:[356.0031931400299, 137.7450475692749, 341.1028356552124, 300.66450786590576, 54.01839780807495]
2024-10-07 17:41:38,115 INFO    : Forward transfer: 0.059825 Backward transfer: 0.0
