2025-01-02 14:03:52,658 INFO    : Namespace(batch_size=1024, data_path='./data/WN_CKGE/', dataset='WN_CKGE', debug=False, device=device(type='cuda', index=0), emb_dim=200, ent_r='200', epoch_num=200, explore=False, gpu='0', l2=0.0, learning_rate='1e-1', log_path='./logs/WN_CKGE 200 20 1e-1 1024/WN_CKGE 20250102140347', logger=<RootLogger root (INFO)>, margin=8.0, model_name='LoraKGE_Layers', multi_layers_path='train_sorted_by_edges_betweenness.txt', neg_ratio=10, note='', num_ent_layers='20', num_layer=1, num_rel_layers='20', patience='10', predict_result=False, r=100, r_fixed=True, random_seed=3407, record=False, rel_r='200', save_path='./checkpoint/WN_CKGE', skip_previous='False', snapshot_num=5, train_new=True, using_multi_layers=False, using_various_ranks='True', using_various_ranks_reverse=False, valid_metrics='mrr')
2025-01-02 14:04:04,915 INFO    : Snapshot:0	0	10	Epoch:0	Loss:41.777	MRR:1.24	Hits@10:3.14	Best:1.24
2025-01-02 14:04:16,368 INFO    : Snapshot:0	0	10	Epoch:1	Loss:21.959	MRR:9.65	Hits@10:22.46	Best:9.65
2025-01-02 14:04:27,975 INFO    : Snapshot:0	0	10	Epoch:2	Loss:11.347	MRR:13.06	Hits@10:29.25	Best:13.06
2025-01-02 14:04:39,406 INFO    : Snapshot:0	0	10	Epoch:3	Loss:7.0	MRR:14.29	Hits@10:31.47	Best:14.29
2025-01-02 14:04:50,901 INFO    : Snapshot:0	0	10	Epoch:4	Loss:4.735	MRR:14.92	Hits@10:32.62	Best:14.92
2025-01-02 14:05:02,386 INFO    : Snapshot:0	0	10	Epoch:5	Loss:3.363	MRR:15.33	Hits@10:33.54	Best:15.33
2025-01-02 14:05:13,991 INFO    : Snapshot:0	0	10	Epoch:6	Loss:2.454	MRR:15.67	Hits@10:34.35	Best:15.67
2025-01-02 14:05:25,632 INFO    : Snapshot:0	0	10	Epoch:7	Loss:1.806	MRR:15.93	Hits@10:34.96	Best:15.93
2025-01-02 14:05:37,344 INFO    : Snapshot:0	0	10	Epoch:8	Loss:1.367	MRR:16.23	Hits@10:35.76	Best:16.23
2025-01-02 14:05:49,077 INFO    : Snapshot:0	0	10	Epoch:9	Loss:1.056	MRR:16.45	Hits@10:36.23	Best:16.45
2025-01-02 14:06:00,627 INFO    : Snapshot:0	0	10	Epoch:10	Loss:0.816	MRR:16.64	Hits@10:36.68	Best:16.64
2025-01-02 14:06:12,192 INFO    : Snapshot:0	0	10	Epoch:11	Loss:0.624	MRR:16.83	Hits@10:37.25	Best:16.83
2025-01-02 14:06:23,688 INFO    : Snapshot:0	0	10	Epoch:12	Loss:0.505	MRR:16.9	Hits@10:37.74	Best:16.9
2025-01-02 14:06:35,249 INFO    : Snapshot:0	0	10	Epoch:13	Loss:0.399	MRR:16.93	Hits@10:37.97	Best:16.93
2025-01-02 14:06:46,726 INFO    : Snapshot:0	1	10	Epoch:14	Loss:0.335	MRR:16.93	Hits@10:38.19	Best:16.93
2025-01-02 14:06:58,484 INFO    : Snapshot:0	0	10	Epoch:15	Loss:0.279	MRR:17.06	Hits@10:38.67	Best:17.06
2025-01-02 14:07:10,057 INFO    : Snapshot:0	1	10	Epoch:16	Loss:0.236	MRR:17.04	Hits@10:38.78	Best:17.06
2025-01-02 14:07:21,503 INFO    : Snapshot:0	0	10	Epoch:17	Loss:0.22	MRR:17.08	Hits@10:39.0	Best:17.08
2025-01-02 14:07:32,924 INFO    : Snapshot:0	0	10	Epoch:18	Loss:0.188	MRR:17.12	Hits@10:39.1	Best:17.12
2025-01-02 14:07:44,535 INFO    : Snapshot:0	1	10	Epoch:19	Loss:0.177	MRR:17.1	Hits@10:39.27	Best:17.12
2025-01-02 14:07:56,253 INFO    : Snapshot:0	2	10	Epoch:20	Loss:0.158	MRR:17.08	Hits@10:39.43	Best:17.12
2025-01-02 14:08:07,758 INFO    : Snapshot:0	0	10	Epoch:21	Loss:0.149	MRR:17.14	Hits@10:39.47	Best:17.14
2025-01-02 14:08:19,633 INFO    : Snapshot:0	1	10	Epoch:22	Loss:0.143	MRR:17.07	Hits@10:39.57	Best:17.14
2025-01-02 14:08:31,160 INFO    : Snapshot:0	2	10	Epoch:23	Loss:0.133	MRR:17.13	Hits@10:39.69	Best:17.14
2025-01-02 14:08:42,682 INFO    : Snapshot:0	0	10	Epoch:24	Loss:0.12	MRR:17.18	Hits@10:40.0	Best:17.18
2025-01-02 14:08:54,110 INFO    : Snapshot:0	0	10	Epoch:25	Loss:0.121	MRR:17.22	Hits@10:39.94	Best:17.22
2025-01-02 14:09:05,356 INFO    : Snapshot:0	1	10	Epoch:26	Loss:0.115	MRR:17.16	Hits@10:40.12	Best:17.22
2025-01-02 14:09:16,749 INFO    : Snapshot:0	2	10	Epoch:27	Loss:0.108	MRR:17.15	Hits@10:40.24	Best:17.22
2025-01-02 14:09:28,155 INFO    : Snapshot:0	3	10	Epoch:28	Loss:0.107	MRR:17.16	Hits@10:40.37	Best:17.22
2025-01-02 14:09:39,806 INFO    : Snapshot:0	4	10	Epoch:29	Loss:0.106	MRR:17.12	Hits@10:40.41	Best:17.22
2025-01-02 14:09:51,362 INFO    : Snapshot:0	5	10	Epoch:30	Loss:0.102	MRR:17.14	Hits@10:40.58	Best:17.22
2025-01-02 14:10:02,897 INFO    : Snapshot:0	6	10	Epoch:31	Loss:0.104	MRR:17.1	Hits@10:40.66	Best:17.22
2025-01-02 14:10:14,403 INFO    : Snapshot:0	7	10	Epoch:32	Loss:0.097	MRR:17.08	Hits@10:40.6	Best:17.22
2025-01-02 14:10:25,800 INFO    : Snapshot:0	8	10	Epoch:33	Loss:0.102	MRR:17.07	Hits@10:40.66	Best:17.22
2025-01-02 14:10:37,173 INFO    : Snapshot:0	9	10	Epoch:34	Loss:0.099	MRR:17.04	Hits@10:40.65	Best:17.22
2025-01-02 14:10:48,592 INFO    : Early Stopping! Snapshot:0 Epoch: 35 Best Results: 17.22
2025-01-02 14:10:48,633 INFO    : => loading checkpoint './checkpoint/WN_CKGE\0model_best.tar'
2025-01-02 14:10:57,284 INFO    : 
+------------+--------+--------+--------+--------+---------+
| Snapshot:0 |  MRR   | Hits@1 | Hits@3 | Hits@5 | Hits@10 |
+------------+--------+--------+--------+--------+---------+
|     0      | 0.1722 |  0.01  | 0.3114 | 0.354  |  0.3996 |
+------------+--------+--------+--------+--------+---------+
2025-01-02 14:11:14,119 INFO    : Snapshot:1	0	10	Epoch:0	Loss:6.683	MRR:4.25	Hits@10:10.62	Best:4.25
2025-01-02 14:11:21,902 INFO    : Snapshot:1	0	10	Epoch:1	Loss:3.596	MRR:9.03	Hits@10:23.87	Best:9.03
2025-01-02 14:11:29,960 INFO    : Snapshot:1	0	10	Epoch:2	Loss:1.689	MRR:11.31	Hits@10:28.74	Best:11.31
2025-01-02 14:11:37,753 INFO    : Snapshot:1	0	10	Epoch:3	Loss:0.861	MRR:12.65	Hits@10:31.29	Best:12.65
2025-01-02 14:11:45,611 INFO    : Snapshot:1	0	10	Epoch:4	Loss:0.544	MRR:13.21	Hits@10:32.18	Best:13.21
2025-01-02 14:11:53,471 INFO    : Snapshot:1	0	10	Epoch:5	Loss:0.399	MRR:13.53	Hits@10:32.39	Best:13.53
2025-01-02 14:12:01,440 INFO    : Snapshot:1	0	10	Epoch:6	Loss:0.331	MRR:13.55	Hits@10:32.85	Best:13.55
2025-01-02 14:12:09,183 INFO    : Snapshot:1	0	10	Epoch:7	Loss:0.278	MRR:13.63	Hits@10:32.8	Best:13.63
2025-01-02 14:12:17,173 INFO    : Snapshot:1	0	10	Epoch:8	Loss:0.247	MRR:13.79	Hits@10:33.2	Best:13.79
2025-01-02 14:12:25,451 INFO    : Snapshot:1	0	10	Epoch:9	Loss:0.229	MRR:13.92	Hits@10:33.47	Best:13.92
2025-01-02 14:12:33,439 INFO    : Snapshot:1	0	10	Epoch:10	Loss:0.22	MRR:13.95	Hits@10:33.68	Best:13.95
2025-01-02 14:12:41,084 INFO    : Snapshot:1	0	10	Epoch:11	Loss:0.21	MRR:14.0	Hits@10:33.87	Best:14.0
2025-01-02 14:12:48,759 INFO    : Snapshot:1	1	10	Epoch:12	Loss:0.199	MRR:13.95	Hits@10:33.84	Best:14.0
2025-01-02 14:12:56,566 INFO    : Snapshot:1	0	10	Epoch:13	Loss:0.192	MRR:14.01	Hits@10:33.71	Best:14.01
2025-01-02 14:13:04,281 INFO    : Snapshot:1	0	10	Epoch:14	Loss:0.192	MRR:14.02	Hits@10:33.82	Best:14.02
2025-01-02 14:13:11,966 INFO    : Snapshot:1	1	10	Epoch:15	Loss:0.181	MRR:13.95	Hits@10:33.87	Best:14.02
2025-01-02 14:13:19,548 INFO    : Snapshot:1	2	10	Epoch:16	Loss:0.178	MRR:13.95	Hits@10:33.98	Best:14.02
2025-01-02 14:13:27,271 INFO    : Snapshot:1	0	10	Epoch:17	Loss:0.178	MRR:14.05	Hits@10:34.27	Best:14.05
2025-01-02 14:13:34,972 INFO    : Snapshot:1	0	10	Epoch:18	Loss:0.175	MRR:14.07	Hits@10:34.33	Best:14.07
2025-01-02 14:13:42,635 INFO    : Snapshot:1	1	10	Epoch:19	Loss:0.173	MRR:14.06	Hits@10:34.01	Best:14.07
2025-01-02 14:13:50,253 INFO    : Snapshot:1	2	10	Epoch:20	Loss:0.169	MRR:14.07	Hits@10:33.79	Best:14.07
2025-01-02 14:13:58,038 INFO    : Snapshot:1	3	10	Epoch:21	Loss:0.164	MRR:14.0	Hits@10:33.66	Best:14.07
2025-01-02 14:14:05,611 INFO    : Snapshot:1	4	10	Epoch:22	Loss:0.161	MRR:14.03	Hits@10:33.87	Best:14.07
2025-01-02 14:14:13,185 INFO    : Snapshot:1	5	10	Epoch:23	Loss:0.166	MRR:14.06	Hits@10:34.01	Best:14.07
2025-01-02 14:14:20,847 INFO    : Snapshot:1	0	10	Epoch:24	Loss:0.159	MRR:14.12	Hits@10:34.01	Best:14.12
2025-01-02 14:14:28,649 INFO    : Snapshot:1	1	10	Epoch:25	Loss:0.161	MRR:14.0	Hits@10:34.06	Best:14.12
2025-01-02 14:14:36,374 INFO    : Snapshot:1	0	10	Epoch:26	Loss:0.156	MRR:14.13	Hits@10:34.09	Best:14.13
2025-01-02 14:14:44,122 INFO    : Snapshot:1	0	10	Epoch:27	Loss:0.163	MRR:14.16	Hits@10:33.92	Best:14.16
2025-01-02 14:14:51,777 INFO    : Snapshot:1	1	10	Epoch:28	Loss:0.156	MRR:14.14	Hits@10:34.03	Best:14.16
2025-01-02 14:14:59,702 INFO    : Snapshot:1	2	10	Epoch:29	Loss:0.157	MRR:14.07	Hits@10:34.22	Best:14.16
2025-01-02 14:15:07,291 INFO    : Snapshot:1	3	10	Epoch:30	Loss:0.153	MRR:14.14	Hits@10:34.35	Best:14.16
2025-01-02 14:15:14,998 INFO    : Snapshot:1	0	10	Epoch:31	Loss:0.156	MRR:14.21	Hits@10:34.33	Best:14.21
2025-01-02 14:15:22,635 INFO    : Snapshot:1	0	10	Epoch:32	Loss:0.155	MRR:14.3	Hits@10:34.25	Best:14.3
2025-01-02 14:15:30,429 INFO    : Snapshot:1	0	10	Epoch:33	Loss:0.153	MRR:14.31	Hits@10:34.54	Best:14.31
2025-01-02 14:15:38,017 INFO    : Snapshot:1	1	10	Epoch:34	Loss:0.148	MRR:14.3	Hits@10:34.35	Best:14.31
2025-01-02 14:15:45,806 INFO    : Snapshot:1	2	10	Epoch:35	Loss:0.149	MRR:14.3	Hits@10:34.33	Best:14.31
2025-01-02 14:15:53,517 INFO    : Snapshot:1	0	10	Epoch:36	Loss:0.151	MRR:14.36	Hits@10:34.33	Best:14.36
2025-01-02 14:16:01,541 INFO    : Snapshot:1	0	10	Epoch:37	Loss:0.15	MRR:14.39	Hits@10:34.3	Best:14.39
2025-01-02 14:16:09,802 INFO    : Snapshot:1	0	10	Epoch:38	Loss:0.149	MRR:14.47	Hits@10:34.17	Best:14.47
2025-01-02 14:16:18,395 INFO    : Snapshot:1	1	10	Epoch:39	Loss:0.146	MRR:14.47	Hits@10:34.49	Best:14.47
2025-01-02 14:16:26,222 INFO    : Snapshot:1	2	10	Epoch:40	Loss:0.147	MRR:14.37	Hits@10:34.33	Best:14.47
2025-01-02 14:16:33,890 INFO    : Snapshot:1	3	10	Epoch:41	Loss:0.146	MRR:14.46	Hits@10:34.6	Best:14.47
2025-01-02 14:16:41,460 INFO    : Snapshot:1	4	10	Epoch:42	Loss:0.145	MRR:14.47	Hits@10:34.33	Best:14.47
2025-01-02 14:16:49,134 INFO    : Snapshot:1	5	10	Epoch:43	Loss:0.143	MRR:14.44	Hits@10:34.35	Best:14.47
2025-01-02 14:16:56,821 INFO    : Snapshot:1	6	10	Epoch:44	Loss:0.145	MRR:14.4	Hits@10:34.33	Best:14.47
2025-01-02 14:17:04,950 INFO    : Snapshot:1	7	10	Epoch:45	Loss:0.141	MRR:14.37	Hits@10:34.27	Best:14.47
2025-01-02 14:17:12,527 INFO    : Snapshot:1	8	10	Epoch:46	Loss:0.141	MRR:14.34	Hits@10:34.44	Best:14.47
2025-01-02 14:17:20,153 INFO    : Snapshot:1	9	10	Epoch:47	Loss:0.14	MRR:14.4	Hits@10:34.25	Best:14.47
2025-01-02 14:17:27,901 INFO    : Early Stopping! Snapshot:1 Epoch: 48 Best Results: 14.47
2025-01-02 14:17:27,950 INFO    : => loading checkpoint './checkpoint/WN_CKGE\1model_best.tar'
2025-01-02 14:17:44,749 INFO    : 
+------------+--------+--------+--------+--------+---------+
| Snapshot:1 |  MRR   | Hits@1 | Hits@3 | Hits@5 | Hits@10 |
+------------+--------+--------+--------+--------+---------+
|     0      | 0.1722 |  0.01  | 0.3114 | 0.354  |  0.3996 |
|     1      | 0.144  | 0.0102 | 0.2543 | 0.2949 |  0.3376 |
+------------+--------+--------+--------+--------+---------+
2025-01-02 14:18:19,273 INFO    : Snapshot:2	0	10	Epoch:0	Loss:6.699	MRR:4.02	Hits@10:10.22	Best:4.02
2025-01-02 14:18:36,215 INFO    : Snapshot:2	0	10	Epoch:1	Loss:3.602	MRR:8.13	Hits@10:21.29	Best:8.13
2025-01-02 14:18:53,143 INFO    : Snapshot:2	0	10	Epoch:2	Loss:1.663	MRR:10.26	Hits@10:25.22	Best:10.26
2025-01-02 14:19:10,016 INFO    : Snapshot:2	0	10	Epoch:3	Loss:0.821	MRR:11.49	Hits@10:27.47	Best:11.49
2025-01-02 14:19:26,778 INFO    : Snapshot:2	0	10	Epoch:4	Loss:0.505	MRR:12.05	Hits@10:28.41	Best:12.05
2025-01-02 14:19:43,373 INFO    : Snapshot:2	0	10	Epoch:5	Loss:0.367	MRR:12.32	Hits@10:29.11	Best:12.32
2025-01-02 14:20:00,162 INFO    : Snapshot:2	0	10	Epoch:6	Loss:0.295	MRR:12.56	Hits@10:29.38	Best:12.56
2025-01-02 14:20:16,526 INFO    : Snapshot:2	0	10	Epoch:7	Loss:0.247	MRR:12.75	Hits@10:29.52	Best:12.75
2025-01-02 14:20:33,121 INFO    : Snapshot:2	0	10	Epoch:8	Loss:0.218	MRR:12.8	Hits@10:29.76	Best:12.8
2025-01-02 14:20:49,525 INFO    : Snapshot:2	1	10	Epoch:9	Loss:0.202	MRR:12.77	Hits@10:29.6	Best:12.8
2025-01-02 14:21:06,161 INFO    : Snapshot:2	0	10	Epoch:10	Loss:0.195	MRR:12.87	Hits@10:29.62	Best:12.87
2025-01-02 14:21:22,565 INFO    : Snapshot:2	0	10	Epoch:11	Loss:0.181	MRR:12.89	Hits@10:29.62	Best:12.89
2025-01-02 14:21:39,192 INFO    : Snapshot:2	0	10	Epoch:12	Loss:0.179	MRR:12.98	Hits@10:29.62	Best:12.98
2025-01-02 14:21:55,596 INFO    : Snapshot:2	1	10	Epoch:13	Loss:0.169	MRR:12.89	Hits@10:29.46	Best:12.98
2025-01-02 14:22:12,131 INFO    : Snapshot:2	2	10	Epoch:14	Loss:0.163	MRR:12.89	Hits@10:29.68	Best:12.98
2025-01-02 14:22:28,699 INFO    : Snapshot:2	3	10	Epoch:15	Loss:0.154	MRR:12.95	Hits@10:29.87	Best:12.98
2025-01-02 14:22:45,114 INFO    : Snapshot:2	4	10	Epoch:16	Loss:0.157	MRR:12.91	Hits@10:29.84	Best:12.98
2025-01-02 14:23:01,869 INFO    : Snapshot:2	0	10	Epoch:17	Loss:0.155	MRR:13.04	Hits@10:29.87	Best:13.04
2025-01-02 14:23:18,470 INFO    : Snapshot:2	0	10	Epoch:18	Loss:0.151	MRR:13.05	Hits@10:29.62	Best:13.05
2025-01-02 14:23:35,288 INFO    : Snapshot:2	0	10	Epoch:19	Loss:0.151	MRR:13.09	Hits@10:30.03	Best:13.09
2025-01-02 14:23:51,920 INFO    : Snapshot:2	1	10	Epoch:20	Loss:0.148	MRR:13.08	Hits@10:30.24	Best:13.09
2025-01-02 14:24:08,741 INFO    : Snapshot:2	2	10	Epoch:21	Loss:0.15	MRR:13.03	Hits@10:30.0	Best:13.09
2025-01-02 14:24:25,455 INFO    : Snapshot:2	0	10	Epoch:22	Loss:0.144	MRR:13.14	Hits@10:30.08	Best:13.14
2025-01-02 14:24:41,884 INFO    : Snapshot:2	1	10	Epoch:23	Loss:0.143	MRR:13.13	Hits@10:30.22	Best:13.14
2025-01-02 14:24:58,544 INFO    : Snapshot:2	0	10	Epoch:24	Loss:0.145	MRR:13.19	Hits@10:30.22	Best:13.19
2025-01-02 14:25:14,921 INFO    : Snapshot:2	1	10	Epoch:25	Loss:0.141	MRR:13.11	Hits@10:30.19	Best:13.19
2025-01-02 14:25:31,503 INFO    : Snapshot:2	2	10	Epoch:26	Loss:0.138	MRR:13.12	Hits@10:30.48	Best:13.19
2025-01-02 14:25:47,997 INFO    : Snapshot:2	3	10	Epoch:27	Loss:0.139	MRR:13.13	Hits@10:30.32	Best:13.19
2025-01-02 14:26:04,573 INFO    : Snapshot:2	4	10	Epoch:28	Loss:0.136	MRR:13.11	Hits@10:30.3	Best:13.19
2025-01-02 14:26:20,939 INFO    : Snapshot:2	5	10	Epoch:29	Loss:0.136	MRR:13.1	Hits@10:30.32	Best:13.19
2025-01-02 14:26:37,582 INFO    : Snapshot:2	6	10	Epoch:30	Loss:0.136	MRR:13.05	Hits@10:30.13	Best:13.19
2025-01-02 14:26:54,009 INFO    : Snapshot:2	7	10	Epoch:31	Loss:0.132	MRR:13.0	Hits@10:30.4	Best:13.19
2025-01-02 14:27:10,581 INFO    : Snapshot:2	8	10	Epoch:32	Loss:0.127	MRR:13.09	Hits@10:30.43	Best:13.19
2025-01-02 14:27:27,131 INFO    : Snapshot:2	9	10	Epoch:33	Loss:0.129	MRR:13.0	Hits@10:30.22	Best:13.19
2025-01-02 14:27:43,851 INFO    : Early Stopping! Snapshot:2 Epoch: 34 Best Results: 13.19
2025-01-02 14:27:43,900 INFO    : => loading checkpoint './checkpoint/WN_CKGE\2model_best.tar'
2025-01-02 14:28:18,085 INFO    : 
+------------+--------+--------+--------+--------+---------+
| Snapshot:2 |  MRR   | Hits@1 | Hits@3 | Hits@5 | Hits@10 |
+------------+--------+--------+--------+--------+---------+
|     0      | 0.1722 |  0.01  | 0.3114 | 0.354  |  0.3996 |
|     1      | 0.144  | 0.0102 | 0.2543 | 0.2949 |  0.3376 |
|     2      | 0.139  | 0.0118 | 0.2427 | 0.2841 |  0.3234 |
+------------+--------+--------+--------+--------+---------+
2025-01-02 14:28:58,170 INFO    : Snapshot:3	0	10	Epoch:0	Loss:6.708	MRR:3.37	Hits@10:8.31	Best:3.37
2025-01-02 14:29:16,848 INFO    : Snapshot:3	0	10	Epoch:1	Loss:3.585	MRR:7.48	Hits@10:19.33	Best:7.48
2025-01-02 14:29:35,391 INFO    : Snapshot:3	0	10	Epoch:2	Loss:1.616	MRR:9.9	Hits@10:24.38	Best:9.9
2025-01-02 14:29:55,602 INFO    : Snapshot:3	0	10	Epoch:3	Loss:0.778	MRR:11.19	Hits@10:27.04	Best:11.19
2025-01-02 14:30:15,312 INFO    : Snapshot:3	0	10	Epoch:4	Loss:0.48	MRR:11.77	Hits@10:27.9	Best:11.77
2025-01-02 14:30:34,063 INFO    : Snapshot:3	0	10	Epoch:5	Loss:0.351	MRR:12.05	Hits@10:28.28	Best:12.05
2025-01-02 14:30:53,019 INFO    : Snapshot:3	0	10	Epoch:6	Loss:0.287	MRR:12.3	Hits@10:28.2	Best:12.3
2025-01-02 14:31:11,353 INFO    : Snapshot:3	0	10	Epoch:7	Loss:0.246	MRR:12.43	Hits@10:28.23	Best:12.43
2025-01-02 14:31:29,968 INFO    : Snapshot:3	1	10	Epoch:8	Loss:0.218	MRR:12.43	Hits@10:28.28	Best:12.43
2025-01-02 14:31:49,119 INFO    : Snapshot:3	0	10	Epoch:9	Loss:0.201	MRR:12.58	Hits@10:28.23	Best:12.58
2025-01-02 14:32:08,323 INFO    : Snapshot:3	1	10	Epoch:10	Loss:0.188	MRR:12.54	Hits@10:28.31	Best:12.58
2025-01-02 14:32:28,059 INFO    : Snapshot:3	0	10	Epoch:11	Loss:0.181	MRR:12.59	Hits@10:28.23	Best:12.59
2025-01-02 14:32:47,655 INFO    : Snapshot:3	1	10	Epoch:12	Loss:0.175	MRR:12.49	Hits@10:28.23	Best:12.59
2025-01-02 14:33:06,730 INFO    : Snapshot:3	2	10	Epoch:13	Loss:0.174	MRR:12.51	Hits@10:28.31	Best:12.59
2025-01-02 14:33:25,428 INFO    : Snapshot:3	3	10	Epoch:14	Loss:0.166	MRR:12.52	Hits@10:28.66	Best:12.59
2025-01-02 14:33:44,506 INFO    : Snapshot:3	0	10	Epoch:15	Loss:0.16	MRR:12.61	Hits@10:28.79	Best:12.61
2025-01-02 14:34:04,156 INFO    : Snapshot:3	0	10	Epoch:16	Loss:0.163	MRR:12.66	Hits@10:28.79	Best:12.66
2025-01-02 14:34:22,801 INFO    : Snapshot:3	0	10	Epoch:17	Loss:0.16	MRR:12.73	Hits@10:28.74	Best:12.73
2025-01-02 14:34:41,663 INFO    : Snapshot:3	1	10	Epoch:18	Loss:0.151	MRR:12.66	Hits@10:28.66	Best:12.73
2025-01-02 14:35:00,356 INFO    : Snapshot:3	2	10	Epoch:19	Loss:0.153	MRR:12.65	Hits@10:28.63	Best:12.73
2025-01-02 14:35:19,425 INFO    : Snapshot:3	3	10	Epoch:20	Loss:0.149	MRR:12.71	Hits@10:28.52	Best:12.73
2025-01-02 14:35:37,530 INFO    : Snapshot:3	4	10	Epoch:21	Loss:0.148	MRR:12.68	Hits@10:28.63	Best:12.73
2025-01-02 14:35:56,124 INFO    : Snapshot:3	5	10	Epoch:22	Loss:0.145	MRR:12.72	Hits@10:28.58	Best:12.73
2025-01-02 14:36:13,869 INFO    : Snapshot:3	6	10	Epoch:23	Loss:0.143	MRR:12.68	Hits@10:28.82	Best:12.73
2025-01-02 14:36:31,820 INFO    : Snapshot:3	0	10	Epoch:24	Loss:0.143	MRR:12.74	Hits@10:28.58	Best:12.74
2025-01-02 14:36:49,663 INFO    : Snapshot:3	0	10	Epoch:25	Loss:0.14	MRR:12.77	Hits@10:28.82	Best:12.77
2025-01-02 14:37:07,664 INFO    : Snapshot:3	0	10	Epoch:26	Loss:0.148	MRR:12.8	Hits@10:29.03	Best:12.8
2025-01-02 14:37:25,505 INFO    : Snapshot:3	0	10	Epoch:27	Loss:0.139	MRR:12.85	Hits@10:29.03	Best:12.85
2025-01-02 14:37:43,381 INFO    : Snapshot:3	1	10	Epoch:28	Loss:0.136	MRR:12.8	Hits@10:28.98	Best:12.85
2025-01-02 14:38:01,518 INFO    : Snapshot:3	2	10	Epoch:29	Loss:0.138	MRR:12.74	Hits@10:29.11	Best:12.85
2025-01-02 14:38:19,509 INFO    : Snapshot:3	3	10	Epoch:30	Loss:0.133	MRR:12.79	Hits@10:29.17	Best:12.85
2025-01-02 14:38:38,119 INFO    : Snapshot:3	4	10	Epoch:31	Loss:0.135	MRR:12.74	Hits@10:29.25	Best:12.85
2025-01-02 14:38:56,264 INFO    : Snapshot:3	5	10	Epoch:32	Loss:0.127	MRR:12.8	Hits@10:29.22	Best:12.85
2025-01-02 14:39:14,516 INFO    : Snapshot:3	6	10	Epoch:33	Loss:0.136	MRR:12.84	Hits@10:29.52	Best:12.85
2025-01-02 14:39:32,574 INFO    : Snapshot:3	7	10	Epoch:34	Loss:0.137	MRR:12.75	Hits@10:29.54	Best:12.85
2025-01-02 14:39:50,486 INFO    : Snapshot:3	8	10	Epoch:35	Loss:0.131	MRR:12.81	Hits@10:29.33	Best:12.85
2025-01-02 14:40:08,569 INFO    : Snapshot:3	9	10	Epoch:36	Loss:0.127	MRR:12.83	Hits@10:29.35	Best:12.85
2025-01-02 14:40:26,275 INFO    : Early Stopping! Snapshot:3 Epoch: 37 Best Results: 12.85
2025-01-02 14:40:26,326 INFO    : => loading checkpoint './checkpoint/WN_CKGE\3model_best.tar'
2025-01-02 14:41:18,638 INFO    : 
+------------+--------+--------+--------+--------+---------+
| Snapshot:3 |  MRR   | Hits@1 | Hits@3 | Hits@5 | Hits@10 |
+------------+--------+--------+--------+--------+---------+
|     0      | 0.1722 |  0.01  | 0.3114 | 0.354  |  0.3996 |
|     1      | 0.144  | 0.0102 | 0.2543 | 0.2949 |  0.3376 |
|     2      | 0.139  | 0.0118 | 0.2427 | 0.2841 |  0.3234 |
|     3      | 0.1325 | 0.0097 | 0.2309 | 0.2694 |  0.3081 |
+------------+--------+--------+--------+--------+---------+
2025-01-02 14:41:28,349 INFO    : Snapshot:4	0	10	Epoch:0	Loss:6.655	MRR:9.91	Hits@10:23.33	Best:9.91
2025-01-02 14:41:31,788 INFO    : Snapshot:4	0	10	Epoch:1	Loss:3.486	MRR:11.5	Hits@10:27.18	Best:11.5
2025-01-02 14:41:35,174 INFO    : Snapshot:4	0	10	Epoch:2	Loss:1.475	MRR:12.47	Hits@10:29.09	Best:12.47
2025-01-02 14:41:38,678 INFO    : Snapshot:4	0	10	Epoch:3	Loss:0.665	MRR:13.05	Hits@10:30.13	Best:13.05
2025-01-02 14:41:42,000 INFO    : Snapshot:4	0	10	Epoch:4	Loss:0.415	MRR:13.2	Hits@10:30.38	Best:13.2
2025-01-02 14:41:45,304 INFO    : Snapshot:4	0	10	Epoch:5	Loss:0.313	MRR:13.26	Hits@10:30.24	Best:13.26
2025-01-02 14:41:48,545 INFO    : Snapshot:4	0	10	Epoch:6	Loss:0.252	MRR:13.38	Hits@10:30.3	Best:13.38
2025-01-02 14:41:51,744 INFO    : Snapshot:4	1	10	Epoch:7	Loss:0.214	MRR:13.34	Hits@10:30.38	Best:13.38
2025-01-02 14:41:55,173 INFO    : Snapshot:4	0	10	Epoch:8	Loss:0.196	MRR:13.45	Hits@10:30.4	Best:13.45
2025-01-02 14:41:58,536 INFO    : Snapshot:4	0	10	Epoch:9	Loss:0.183	MRR:13.47	Hits@10:30.56	Best:13.47
2025-01-02 14:42:01,902 INFO    : Snapshot:4	0	10	Epoch:10	Loss:0.179	MRR:13.54	Hits@10:30.75	Best:13.54
2025-01-02 14:42:05,286 INFO    : Snapshot:4	0	10	Epoch:11	Loss:0.168	MRR:13.56	Hits@10:30.73	Best:13.56
2025-01-02 14:42:08,664 INFO    : Snapshot:4	1	10	Epoch:12	Loss:0.162	MRR:13.54	Hits@10:30.75	Best:13.56
2025-01-02 14:42:11,935 INFO    : Snapshot:4	2	10	Epoch:13	Loss:0.159	MRR:13.55	Hits@10:30.91	Best:13.56
2025-01-02 14:42:15,304 INFO    : Snapshot:4	3	10	Epoch:14	Loss:0.149	MRR:13.52	Hits@10:30.81	Best:13.56
2025-01-02 14:42:18,586 INFO    : Snapshot:4	4	10	Epoch:15	Loss:0.151	MRR:13.5	Hits@10:30.86	Best:13.56
2025-01-02 14:42:21,935 INFO    : Snapshot:4	5	10	Epoch:16	Loss:0.144	MRR:13.51	Hits@10:30.75	Best:13.56
2025-01-02 14:42:25,365 INFO    : Snapshot:4	6	10	Epoch:17	Loss:0.141	MRR:13.55	Hits@10:30.94	Best:13.56
2025-01-02 14:42:28,897 INFO    : Snapshot:4	0	10	Epoch:18	Loss:0.136	MRR:13.59	Hits@10:31.05	Best:13.59
2025-01-02 14:42:32,196 INFO    : Snapshot:4	1	10	Epoch:19	Loss:0.136	MRR:13.57	Hits@10:30.97	Best:13.59
2025-01-02 14:42:35,509 INFO    : Snapshot:4	2	10	Epoch:20	Loss:0.135	MRR:13.54	Hits@10:30.67	Best:13.59
2025-01-02 14:42:38,774 INFO    : Snapshot:4	3	10	Epoch:21	Loss:0.131	MRR:13.52	Hits@10:30.91	Best:13.59
2025-01-02 14:42:42,060 INFO    : Snapshot:4	4	10	Epoch:22	Loss:0.13	MRR:13.48	Hits@10:30.78	Best:13.59
2025-01-02 14:42:45,313 INFO    : Snapshot:4	5	10	Epoch:23	Loss:0.133	MRR:13.53	Hits@10:30.78	Best:13.59
2025-01-02 14:42:48,588 INFO    : Snapshot:4	0	10	Epoch:24	Loss:0.131	MRR:13.61	Hits@10:30.78	Best:13.61
2025-01-02 14:42:51,832 INFO    : Snapshot:4	1	10	Epoch:25	Loss:0.13	MRR:13.54	Hits@10:30.81	Best:13.61
2025-01-02 14:42:55,117 INFO    : Snapshot:4	2	10	Epoch:26	Loss:0.126	MRR:13.46	Hits@10:30.91	Best:13.61
2025-01-02 14:42:58,454 INFO    : Snapshot:4	3	10	Epoch:27	Loss:0.128	MRR:13.52	Hits@10:30.91	Best:13.61
2025-01-02 14:43:01,884 INFO    : Snapshot:4	0	10	Epoch:28	Loss:0.125	MRR:13.64	Hits@10:30.94	Best:13.64
2025-01-02 14:43:05,268 INFO    : Snapshot:4	0	10	Epoch:29	Loss:0.126	MRR:13.7	Hits@10:31.16	Best:13.7
2025-01-02 14:43:08,676 INFO    : Snapshot:4	1	10	Epoch:30	Loss:0.124	MRR:13.69	Hits@10:31.18	Best:13.7
2025-01-02 14:43:11,933 INFO    : Snapshot:4	2	10	Epoch:31	Loss:0.121	MRR:13.63	Hits@10:31.1	Best:13.7
2025-01-02 14:43:15,223 INFO    : Snapshot:4	3	10	Epoch:32	Loss:0.122	MRR:13.6	Hits@10:31.02	Best:13.7
2025-01-02 14:43:18,684 INFO    : Snapshot:4	4	10	Epoch:33	Loss:0.12	MRR:13.59	Hits@10:31.08	Best:13.7
2025-01-02 14:43:21,965 INFO    : Snapshot:4	5	10	Epoch:34	Loss:0.12	MRR:13.61	Hits@10:31.05	Best:13.7
2025-01-02 14:43:25,258 INFO    : Snapshot:4	6	10	Epoch:35	Loss:0.122	MRR:13.63	Hits@10:31.05	Best:13.7
2025-01-02 14:43:28,515 INFO    : Snapshot:4	7	10	Epoch:36	Loss:0.118	MRR:13.61	Hits@10:31.02	Best:13.7
2025-01-02 14:43:31,723 INFO    : Snapshot:4	8	10	Epoch:37	Loss:0.119	MRR:13.61	Hits@10:31.13	Best:13.7
2025-01-02 14:43:35,047 INFO    : Snapshot:4	9	10	Epoch:38	Loss:0.116	MRR:13.64	Hits@10:31.08	Best:13.7
2025-01-02 14:43:38,323 INFO    : Early Stopping! Snapshot:4 Epoch: 39 Best Results: 13.7
2025-01-02 14:43:38,365 INFO    : => loading checkpoint './checkpoint/WN_CKGE\4model_best.tar'
2025-01-02 14:43:57,051 INFO    : 
+------------+--------+--------+--------+--------+---------+
| Snapshot:4 |  MRR   | Hits@1 | Hits@3 | Hits@5 | Hits@10 |
+------------+--------+--------+--------+--------+---------+
|     0      | 0.1722 |  0.01  | 0.3114 | 0.354  |  0.3996 |
|     1      | 0.144  | 0.0102 | 0.2543 | 0.2949 |  0.3376 |
|     2      | 0.139  | 0.0118 | 0.2427 | 0.2841 |  0.3234 |
|     3      | 0.1325 | 0.0097 | 0.2309 | 0.2694 |  0.3081 |
|     4      | 0.1455 | 0.0094 | 0.2633 | 0.292  |  0.3267 |
+------------+--------+--------+--------+--------+---------+
2025-01-02 14:43:57,052 INFO    : Final Result:
[+------------+--------+--------+--------+--------+---------+
| Snapshot:0 |  MRR   | Hits@1 | Hits@3 | Hits@5 | Hits@10 |
+------------+--------+--------+--------+--------+---------+
|     0      | 0.1722 |  0.01  | 0.3114 | 0.354  |  0.3996 |
+------------+--------+--------+--------+--------+---------+, +------------+--------+--------+--------+--------+---------+
| Snapshot:1 |  MRR   | Hits@1 | Hits@3 | Hits@5 | Hits@10 |
+------------+--------+--------+--------+--------+---------+
|     0      | 0.1722 |  0.01  | 0.3114 | 0.354  |  0.3996 |
|     1      | 0.144  | 0.0102 | 0.2543 | 0.2949 |  0.3376 |
+------------+--------+--------+--------+--------+---------+, +------------+--------+--------+--------+--------+---------+
| Snapshot:2 |  MRR   | Hits@1 | Hits@3 | Hits@5 | Hits@10 |
+------------+--------+--------+--------+--------+---------+
|     0      | 0.1722 |  0.01  | 0.3114 | 0.354  |  0.3996 |
|     1      | 0.144  | 0.0102 | 0.2543 | 0.2949 |  0.3376 |
|     2      | 0.139  | 0.0118 | 0.2427 | 0.2841 |  0.3234 |
+------------+--------+--------+--------+--------+---------+, +------------+--------+--------+--------+--------+---------+
| Snapshot:3 |  MRR   | Hits@1 | Hits@3 | Hits@5 | Hits@10 |
+------------+--------+--------+--------+--------+---------+
|     0      | 0.1722 |  0.01  | 0.3114 | 0.354  |  0.3996 |
|     1      | 0.144  | 0.0102 | 0.2543 | 0.2949 |  0.3376 |
|     2      | 0.139  | 0.0118 | 0.2427 | 0.2841 |  0.3234 |
|     3      | 0.1325 | 0.0097 | 0.2309 | 0.2694 |  0.3081 |
+------------+--------+--------+--------+--------+---------+, +------------+--------+--------+--------+--------+---------+
| Snapshot:4 |  MRR   | Hits@1 | Hits@3 | Hits@5 | Hits@10 |
+------------+--------+--------+--------+--------+---------+
|     0      | 0.1722 |  0.01  | 0.3114 | 0.354  |  0.3996 |
|     1      | 0.144  | 0.0102 | 0.2543 | 0.2949 |  0.3376 |
|     2      | 0.139  | 0.0118 | 0.2427 | 0.2841 |  0.3234 |
|     3      | 0.1325 | 0.0097 | 0.2309 | 0.2694 |  0.3081 |
|     4      | 0.1455 | 0.0094 | 0.2633 | 0.292  |  0.3267 |
+------------+--------+--------+--------+--------+---------+]
2025-01-02 14:43:57,054 INFO    : Report Result:
+----------+--------------------+-----------+--------------+--------------+---------------+
| Snapshot |        Time        | Whole_MRR | Whole_Hits@1 | Whole_Hits@3 | Whole_Hits@10 |
+----------+--------------------+-----------+--------------+--------------+---------------+
|    0     | 415.93395471572876 |   0.172   |     0.01     |    0.311     |      0.4      |
|    1     | 382.2832200527191  |   0.168   |     0.01     |    0.303     |     0.391     |
|    2     | 582.0163745880127  |   0.165   |     0.01     |    0.296     |     0.382     |
|    3     | 707.6557109355927  |   0.161   |     0.01     |    0.288     |     0.374     |
|    4     | 133.87757205963135 |   0.159   |     0.01     |    0.286     |     0.369     |
+----------+--------------------+-----------+--------------+--------------+---------------+
2025-01-02 14:43:57,054 INFO    : Sum_Training_Time:2221.7668323516846
2025-01-02 14:43:57,054 INFO    : Every_Training_Time:[415.93395471572876, 382.2832200527191, 582.0163745880127, 707.6557109355927, 133.87757205963135]
2025-01-02 14:43:57,054 INFO    : Forward transfer: 0.060225 Backward transfer: 0.0
