2024-09-11 15:26:18,115 INFO    : Namespace(batch_size=1024, data_path='./data/FACT/', dataset='FACT', debug=False, device=device(type='cuda', index=0), emb_dim=200, ent_r='150', epoch_num=200, explore=False, gpu='0', l2=0.0, learning_rate='1e-3', log_path='./logs/20240911152608/FACT', logger=<RootLogger root (INFO)>, margin=8.0, model_name='LoraKGE_Layers', multi_layers_path='train_sorted_by_edges_betweenness.txt', neg_ratio=10, note='', num_ent_layers='10', num_layer=1, num_rel_layers='1', patience=3, predict_result=False, r=100, r_fixed=True, random_seed=3407, record=False, rel_r='20', save_path='./checkpoint/FACT', skip_previous='False', snapshot_num=5, train_new=True, using_multi_layers=False, using_various_ranks='True', using_various_ranks_reverse=False, valid_metrics='mrr')
2024-09-11 15:26:28,001 INFO    : Snapshot:0	0	3	Epoch:0	Loss:44.801	MRR:9.92	Hits@10:22.5	Best:9.92
2024-09-11 15:26:34,884 INFO    : Snapshot:0	0	3	Epoch:1	Loss:25.262	MRR:15.82	Hits@10:32.73	Best:15.82
2024-09-11 15:26:41,625 INFO    : Snapshot:0	0	3	Epoch:2	Loss:13.695	MRR:20.25	Hits@10:37.38	Best:20.25
2024-09-11 15:26:48,569 INFO    : Snapshot:0	0	3	Epoch:3	Loss:7.303	MRR:22.85	Hits@10:39.2	Best:22.85
2024-09-11 15:26:55,425 INFO    : Snapshot:0	0	3	Epoch:4	Loss:4.069	MRR:23.93	Hits@10:39.84	Best:23.93
2024-09-11 15:27:02,204 INFO    : Snapshot:0	0	3	Epoch:5	Loss:2.491	MRR:24.5	Hits@10:40.17	Best:24.5
2024-09-11 15:27:09,181 INFO    : Snapshot:0	0	3	Epoch:6	Loss:1.709	MRR:24.63	Hits@10:40.28	Best:24.63
2024-09-11 15:27:16,150 INFO    : Snapshot:0	0	3	Epoch:7	Loss:1.304	MRR:24.71	Hits@10:40.42	Best:24.71
2024-09-11 15:27:23,174 INFO    : Snapshot:0	0	3	Epoch:8	Loss:1.059	MRR:24.78	Hits@10:40.34	Best:24.78
2024-09-11 15:27:30,096 INFO    : Snapshot:0	1	3	Epoch:9	Loss:0.91	MRR:24.72	Hits@10:40.3	Best:24.78
2024-09-11 15:27:37,003 INFO    : Snapshot:0	0	3	Epoch:10	Loss:0.782	MRR:24.81	Hits@10:40.31	Best:24.81
2024-09-11 15:27:43,939 INFO    : Snapshot:0	0	3	Epoch:11	Loss:0.728	MRR:24.85	Hits@10:40.03	Best:24.85
2024-09-11 15:27:50,764 INFO    : Snapshot:0	1	3	Epoch:12	Loss:0.656	MRR:24.81	Hits@10:40.31	Best:24.85
2024-09-11 15:27:57,622 INFO    : Snapshot:0	0	3	Epoch:13	Loss:0.619	MRR:24.91	Hits@10:40.29	Best:24.91
2024-09-11 15:28:04,511 INFO    : Snapshot:0	1	3	Epoch:14	Loss:0.593	MRR:24.72	Hits@10:40.11	Best:24.91
2024-09-11 15:28:11,389 INFO    : Snapshot:0	2	3	Epoch:15	Loss:0.543	MRR:24.65	Hits@10:40.08	Best:24.91
2024-09-11 15:28:18,300 INFO    : Early Stopping! Snapshot:0 Epoch: 16 Best Results: 24.91
2024-09-11 15:28:18,401 INFO    : => loading checkpoint './checkpoint/FACT\0model_best.tar'
2024-09-11 15:28:22,994 INFO    : 
+------------+--------+--------+--------+--------+---------+
| Snapshot:0 |  MRR   | Hits@1 | Hits@3 | Hits@5 | Hits@10 |
+------------+--------+--------+--------+--------+---------+
|     0      | 0.2418 | 0.1584 | 0.2818 | 0.3299 |  0.3907 |
+------------+--------+--------+--------+--------+---------+
2024-09-11 15:28:40,468 INFO    : Snapshot:1	0	3	Epoch:0	Loss:21.788	MRR:16.86	Hits@10:28.86	Best:16.86
2024-09-11 15:28:49,355 INFO    : Snapshot:1	0	3	Epoch:1	Loss:21.635	MRR:16.89	Hits@10:28.96	Best:16.89
2024-09-11 15:28:58,214 INFO    : Snapshot:1	0	3	Epoch:2	Loss:21.473	MRR:16.94	Hits@10:29.09	Best:16.94
2024-09-11 15:29:07,026 INFO    : Snapshot:1	0	3	Epoch:3	Loss:21.221	MRR:17.01	Hits@10:29.25	Best:17.01
2024-09-11 15:29:15,986 INFO    : Snapshot:1	0	3	Epoch:4	Loss:20.874	MRR:17.09	Hits@10:29.46	Best:17.09
2024-09-11 15:29:25,016 INFO    : Snapshot:1	0	3	Epoch:5	Loss:20.548	MRR:17.18	Hits@10:29.58	Best:17.18
2024-09-11 15:29:34,199 INFO    : Snapshot:1	0	3	Epoch:6	Loss:20.154	MRR:17.29	Hits@10:29.75	Best:17.29
2024-09-11 15:29:43,454 INFO    : Snapshot:1	0	3	Epoch:7	Loss:19.696	MRR:17.43	Hits@10:29.85	Best:17.43
2024-09-11 15:29:52,700 INFO    : Snapshot:1	0	3	Epoch:8	Loss:19.254	MRR:17.57	Hits@10:29.94	Best:17.57
2024-09-11 15:30:01,978 INFO    : Snapshot:1	0	3	Epoch:9	Loss:18.804	MRR:17.67	Hits@10:29.98	Best:17.67
2024-09-11 15:30:11,524 INFO    : Snapshot:1	0	3	Epoch:10	Loss:18.433	MRR:17.76	Hits@10:30.05	Best:17.76
2024-09-11 15:30:20,671 INFO    : Snapshot:1	0	3	Epoch:11	Loss:18.016	MRR:17.89	Hits@10:30.06	Best:17.89
2024-09-11 15:30:30,125 INFO    : Snapshot:1	0	3	Epoch:12	Loss:17.729	MRR:17.95	Hits@10:30.09	Best:17.95
2024-09-11 15:30:39,322 INFO    : Snapshot:1	0	3	Epoch:13	Loss:17.432	MRR:17.99	Hits@10:30.15	Best:17.99
2024-09-11 15:30:48,316 INFO    : Snapshot:1	0	3	Epoch:14	Loss:17.229	MRR:18.03	Hits@10:30.18	Best:18.03
2024-09-11 15:30:57,199 INFO    : Snapshot:1	0	3	Epoch:15	Loss:16.991	MRR:18.06	Hits@10:30.21	Best:18.06
2024-09-11 15:31:06,201 INFO    : Snapshot:1	0	3	Epoch:16	Loss:16.807	MRR:18.08	Hits@10:30.21	Best:18.08
2024-09-11 15:31:15,188 INFO    : Snapshot:1	0	3	Epoch:17	Loss:16.62	MRR:18.11	Hits@10:30.2	Best:18.11
2024-09-11 15:31:24,148 INFO    : Snapshot:1	0	3	Epoch:18	Loss:16.466	MRR:18.13	Hits@10:30.27	Best:18.13
2024-09-11 15:31:33,103 INFO    : Snapshot:1	0	3	Epoch:19	Loss:16.317	MRR:18.16	Hits@10:30.29	Best:18.16
2024-09-11 15:31:42,019 INFO    : Snapshot:1	0	3	Epoch:20	Loss:16.215	MRR:18.18	Hits@10:30.3	Best:18.18
2024-09-11 15:31:50,934 INFO    : Snapshot:1	0	3	Epoch:21	Loss:16.107	MRR:18.21	Hits@10:30.31	Best:18.21
2024-09-11 15:31:59,821 INFO    : Snapshot:1	0	3	Epoch:22	Loss:16.016	MRR:18.24	Hits@10:30.35	Best:18.24
2024-09-11 15:32:08,774 INFO    : Snapshot:1	0	3	Epoch:23	Loss:15.91	MRR:18.26	Hits@10:30.36	Best:18.26
2024-09-11 15:32:17,854 INFO    : Snapshot:1	0	3	Epoch:24	Loss:15.844	MRR:18.29	Hits@10:30.39	Best:18.29
2024-09-11 15:32:26,731 INFO    : Snapshot:1	0	3	Epoch:25	Loss:15.736	MRR:18.3	Hits@10:30.4	Best:18.3
2024-09-11 15:32:35,603 INFO    : Snapshot:1	0	3	Epoch:26	Loss:15.67	MRR:18.31	Hits@10:30.38	Best:18.31
2024-09-11 15:32:44,547 INFO    : Snapshot:1	0	3	Epoch:27	Loss:15.613	MRR:18.33	Hits@10:30.44	Best:18.33
2024-09-11 15:32:53,374 INFO    : Snapshot:1	1	3	Epoch:28	Loss:15.526	MRR:18.33	Hits@10:30.46	Best:18.33
2024-09-11 15:33:02,560 INFO    : Snapshot:1	0	3	Epoch:29	Loss:15.487	MRR:18.35	Hits@10:30.5	Best:18.35
2024-09-11 15:33:11,784 INFO    : Snapshot:1	1	3	Epoch:30	Loss:15.432	MRR:18.35	Hits@10:30.5	Best:18.35
2024-09-11 15:33:20,778 INFO    : Snapshot:1	0	3	Epoch:31	Loss:15.344	MRR:18.36	Hits@10:30.48	Best:18.36
2024-09-11 15:33:29,800 INFO    : Snapshot:1	0	3	Epoch:32	Loss:15.337	MRR:18.37	Hits@10:30.55	Best:18.37
2024-09-11 15:33:38,644 INFO    : Snapshot:1	0	3	Epoch:33	Loss:15.271	MRR:18.38	Hits@10:30.54	Best:18.38
2024-09-11 15:33:47,736 INFO    : Snapshot:1	0	3	Epoch:34	Loss:15.188	MRR:18.39	Hits@10:30.58	Best:18.39
2024-09-11 15:33:56,737 INFO    : Snapshot:1	1	3	Epoch:35	Loss:15.159	MRR:18.39	Hits@10:30.59	Best:18.39
2024-09-11 15:34:05,722 INFO    : Snapshot:1	0	3	Epoch:36	Loss:15.082	MRR:18.4	Hits@10:30.59	Best:18.4
2024-09-11 15:34:14,722 INFO    : Snapshot:1	0	3	Epoch:37	Loss:15.048	MRR:18.41	Hits@10:30.59	Best:18.41
2024-09-11 15:34:23,669 INFO    : Snapshot:1	0	3	Epoch:38	Loss:15.025	MRR:18.42	Hits@10:30.61	Best:18.42
2024-09-11 15:34:32,720 INFO    : Snapshot:1	0	3	Epoch:39	Loss:14.979	MRR:18.44	Hits@10:30.64	Best:18.44
2024-09-11 15:34:41,670 INFO    : Snapshot:1	1	3	Epoch:40	Loss:14.928	MRR:18.44	Hits@10:30.67	Best:18.44
2024-09-11 15:34:50,491 INFO    : Snapshot:1	0	3	Epoch:41	Loss:14.889	MRR:18.46	Hits@10:30.67	Best:18.46
2024-09-11 15:34:59,351 INFO    : Snapshot:1	1	3	Epoch:42	Loss:14.832	MRR:18.46	Hits@10:30.68	Best:18.46
2024-09-11 15:35:08,100 INFO    : Snapshot:1	0	3	Epoch:43	Loss:14.831	MRR:18.49	Hits@10:30.7	Best:18.49
2024-09-11 15:35:17,083 INFO    : Snapshot:1	0	3	Epoch:44	Loss:14.775	MRR:18.51	Hits@10:30.69	Best:18.51
2024-09-11 15:35:26,085 INFO    : Snapshot:1	1	3	Epoch:45	Loss:14.762	MRR:18.51	Hits@10:30.72	Best:18.51
2024-09-11 15:35:35,053 INFO    : Snapshot:1	0	3	Epoch:46	Loss:14.721	MRR:18.53	Hits@10:30.75	Best:18.53
2024-09-11 15:35:44,004 INFO    : Snapshot:1	0	3	Epoch:47	Loss:14.663	MRR:18.54	Hits@10:30.79	Best:18.54
2024-09-11 15:35:53,088 INFO    : Snapshot:1	0	3	Epoch:48	Loss:14.663	MRR:18.56	Hits@10:30.79	Best:18.56
2024-09-11 15:36:02,231 INFO    : Snapshot:1	1	3	Epoch:49	Loss:14.623	MRR:18.56	Hits@10:30.81	Best:18.56
2024-09-11 15:36:11,302 INFO    : Snapshot:1	2	3	Epoch:50	Loss:14.623	MRR:18.56	Hits@10:30.83	Best:18.56
2024-09-11 15:36:20,348 INFO    : Snapshot:1	0	3	Epoch:51	Loss:14.582	MRR:18.57	Hits@10:30.86	Best:18.57
2024-09-11 15:36:29,340 INFO    : Snapshot:1	0	3	Epoch:52	Loss:14.543	MRR:18.58	Hits@10:30.9	Best:18.58
2024-09-11 15:36:38,262 INFO    : Snapshot:1	1	3	Epoch:53	Loss:14.563	MRR:18.58	Hits@10:30.94	Best:18.58
2024-09-11 15:36:47,257 INFO    : Snapshot:1	0	3	Epoch:54	Loss:14.493	MRR:18.6	Hits@10:30.97	Best:18.6
2024-09-11 15:36:56,154 INFO    : Snapshot:1	0	3	Epoch:55	Loss:14.473	MRR:18.61	Hits@10:30.99	Best:18.61
2024-09-11 15:37:05,041 INFO    : Snapshot:1	0	3	Epoch:56	Loss:14.445	MRR:18.63	Hits@10:31.01	Best:18.63
2024-09-11 15:37:14,162 INFO    : Snapshot:1	1	3	Epoch:57	Loss:14.415	MRR:18.63	Hits@10:31.03	Best:18.63
2024-09-11 15:37:23,092 INFO    : Snapshot:1	2	3	Epoch:58	Loss:14.358	MRR:18.62	Hits@10:31.06	Best:18.63
2024-09-11 15:37:31,985 INFO    : Early Stopping! Snapshot:1 Epoch: 59 Best Results: 18.63
2024-09-11 15:37:32,091 INFO    : => loading checkpoint './checkpoint/FACT\1model_best.tar'
2024-09-11 15:37:42,362 INFO    : 
+------------+--------+--------+--------+--------+---------+
| Snapshot:1 |  MRR   | Hits@1 | Hits@3 | Hits@5 | Hits@10 |
+------------+--------+--------+--------+--------+---------+
|     0      | 0.2418 | 0.1584 | 0.2818 | 0.3299 |  0.3907 |
|     1      | 0.1868 | 0.1168 | 0.2199 | 0.2602 |  0.3112 |
+------------+--------+--------+--------+--------+---------+
2024-09-11 15:38:00,593 INFO    : Snapshot:2	0	3	Epoch:0	Loss:18.499	MRR:15.64	Hits@10:27.38	Best:15.64
2024-09-11 15:38:09,986 INFO    : Snapshot:2	0	3	Epoch:1	Loss:18.454	MRR:15.65	Hits@10:27.39	Best:15.65
2024-09-11 15:38:19,351 INFO    : Snapshot:2	0	3	Epoch:2	Loss:18.367	MRR:15.67	Hits@10:27.46	Best:15.67
2024-09-11 15:38:28,533 INFO    : Snapshot:2	0	3	Epoch:3	Loss:18.281	MRR:15.7	Hits@10:27.54	Best:15.7
2024-09-11 15:38:37,853 INFO    : Snapshot:2	0	3	Epoch:4	Loss:18.224	MRR:15.74	Hits@10:27.66	Best:15.74
2024-09-11 15:38:47,162 INFO    : Snapshot:2	0	3	Epoch:5	Loss:18.141	MRR:15.78	Hits@10:27.72	Best:15.78
2024-09-11 15:38:56,498 INFO    : Snapshot:2	0	3	Epoch:6	Loss:17.956	MRR:15.82	Hits@10:27.78	Best:15.82
2024-09-11 15:39:06,013 INFO    : Snapshot:2	0	3	Epoch:7	Loss:17.775	MRR:15.85	Hits@10:27.83	Best:15.85
2024-09-11 15:39:15,329 INFO    : Snapshot:2	0	3	Epoch:8	Loss:17.592	MRR:15.89	Hits@10:27.85	Best:15.89
2024-09-11 15:39:24,702 INFO    : Snapshot:2	0	3	Epoch:9	Loss:17.438	MRR:15.93	Hits@10:27.88	Best:15.93
2024-09-11 15:39:34,061 INFO    : Snapshot:2	0	3	Epoch:10	Loss:17.281	MRR:15.96	Hits@10:27.88	Best:15.96
2024-09-11 15:39:43,265 INFO    : Snapshot:2	0	3	Epoch:11	Loss:17.078	MRR:16.0	Hits@10:27.9	Best:16.0
2024-09-11 15:39:52,567 INFO    : Snapshot:2	0	3	Epoch:12	Loss:16.955	MRR:16.05	Hits@10:27.91	Best:16.05
2024-09-11 15:40:01,877 INFO    : Snapshot:2	0	3	Epoch:13	Loss:16.834	MRR:16.09	Hits@10:27.94	Best:16.09
2024-09-11 15:40:11,134 INFO    : Snapshot:2	0	3	Epoch:14	Loss:16.706	MRR:16.11	Hits@10:27.96	Best:16.11
2024-09-11 15:40:20,422 INFO    : Snapshot:2	0	3	Epoch:15	Loss:16.619	MRR:16.12	Hits@10:27.96	Best:16.12
2024-09-11 15:40:29,748 INFO    : Snapshot:2	0	3	Epoch:16	Loss:16.505	MRR:16.14	Hits@10:27.96	Best:16.14
2024-09-11 15:40:39,036 INFO    : Snapshot:2	0	3	Epoch:17	Loss:16.426	MRR:16.17	Hits@10:27.96	Best:16.17
2024-09-11 15:40:48,327 INFO    : Snapshot:2	0	3	Epoch:18	Loss:16.363	MRR:16.19	Hits@10:27.98	Best:16.19
2024-09-11 15:40:57,680 INFO    : Snapshot:2	0	3	Epoch:19	Loss:16.31	MRR:16.2	Hits@10:27.99	Best:16.2
2024-09-11 15:41:06,982 INFO    : Snapshot:2	0	3	Epoch:20	Loss:16.238	MRR:16.22	Hits@10:28.0	Best:16.22
2024-09-11 15:41:16,363 INFO    : Snapshot:2	0	3	Epoch:21	Loss:16.187	MRR:16.24	Hits@10:28.0	Best:16.24
2024-09-11 15:41:25,731 INFO    : Snapshot:2	0	3	Epoch:22	Loss:16.153	MRR:16.25	Hits@10:28.02	Best:16.25
2024-09-11 15:41:35,097 INFO    : Snapshot:2	1	3	Epoch:23	Loss:16.116	MRR:16.25	Hits@10:28.04	Best:16.25
2024-09-11 15:41:44,547 INFO    : Snapshot:2	0	3	Epoch:24	Loss:16.073	MRR:16.26	Hits@10:28.02	Best:16.26
2024-09-11 15:41:54,025 INFO    : Snapshot:2	0	3	Epoch:25	Loss:16.026	MRR:16.27	Hits@10:28.05	Best:16.27
2024-09-11 15:42:03,789 INFO    : Snapshot:2	0	3	Epoch:26	Loss:15.998	MRR:16.29	Hits@10:28.08	Best:16.29
2024-09-11 15:42:13,329 INFO    : Snapshot:2	1	3	Epoch:27	Loss:15.942	MRR:16.29	Hits@10:28.09	Best:16.29
2024-09-11 15:42:22,784 INFO    : Snapshot:2	0	3	Epoch:28	Loss:15.934	MRR:16.31	Hits@10:28.11	Best:16.31
2024-09-11 15:42:32,261 INFO    : Snapshot:2	1	3	Epoch:29	Loss:15.877	MRR:16.31	Hits@10:28.1	Best:16.31
2024-09-11 15:42:41,796 INFO    : Snapshot:2	0	3	Epoch:30	Loss:15.853	MRR:16.32	Hits@10:28.11	Best:16.32
2024-09-11 15:42:51,151 INFO    : Snapshot:2	1	3	Epoch:31	Loss:15.837	MRR:16.31	Hits@10:28.12	Best:16.32
2024-09-11 15:43:00,514 INFO    : Snapshot:2	2	3	Epoch:32	Loss:15.831	MRR:16.32	Hits@10:28.12	Best:16.32
2024-09-11 15:43:09,936 INFO    : Snapshot:2	0	3	Epoch:33	Loss:15.841	MRR:16.33	Hits@10:28.12	Best:16.33
2024-09-11 15:43:19,321 INFO    : Snapshot:2	1	3	Epoch:34	Loss:15.765	MRR:16.33	Hits@10:28.15	Best:16.33
2024-09-11 15:43:28,828 INFO    : Snapshot:2	0	3	Epoch:35	Loss:15.768	MRR:16.34	Hits@10:28.17	Best:16.34
2024-09-11 15:43:38,380 INFO    : Snapshot:2	1	3	Epoch:36	Loss:15.747	MRR:16.34	Hits@10:28.17	Best:16.34
2024-09-11 15:43:47,637 INFO    : Snapshot:2	0	3	Epoch:37	Loss:15.728	MRR:16.35	Hits@10:28.18	Best:16.35
2024-09-11 15:43:57,024 INFO    : Snapshot:2	0	3	Epoch:38	Loss:15.681	MRR:16.36	Hits@10:28.17	Best:16.36
2024-09-11 15:44:06,473 INFO    : Snapshot:2	1	3	Epoch:39	Loss:15.71	MRR:16.36	Hits@10:28.21	Best:16.36
2024-09-11 15:44:15,846 INFO    : Snapshot:2	2	3	Epoch:40	Loss:15.664	MRR:16.36	Hits@10:28.21	Best:16.36
2024-09-11 15:44:25,185 INFO    : Snapshot:2	0	3	Epoch:41	Loss:15.651	MRR:16.37	Hits@10:28.21	Best:16.37
2024-09-11 15:44:34,427 INFO    : Snapshot:2	1	3	Epoch:42	Loss:15.65	MRR:16.37	Hits@10:28.22	Best:16.37
2024-09-11 15:44:43,627 INFO    : Snapshot:2	2	3	Epoch:43	Loss:15.654	MRR:16.37	Hits@10:28.23	Best:16.37
2024-09-11 15:44:53,063 INFO    : Early Stopping! Snapshot:2 Epoch: 44 Best Results: 16.37
2024-09-11 15:44:53,176 INFO    : => loading checkpoint './checkpoint/FACT\2model_best.tar'
2024-09-11 15:45:09,856 INFO    : 
+------------+--------+--------+--------+--------+---------+
| Snapshot:2 |  MRR   | Hits@1 | Hits@3 | Hits@5 | Hits@10 |
+------------+--------+--------+--------+--------+---------+
|     0      | 0.2418 | 0.1584 | 0.2818 | 0.3299 |  0.3907 |
|     1      | 0.1868 | 0.1168 | 0.2199 | 0.2602 |  0.3112 |
|     2      | 0.1613 | 0.098  | 0.1842 | 0.2247 |  0.2786 |
+------------+--------+--------+--------+--------+---------+
2024-09-11 15:45:28,667 INFO    : Snapshot:3	0	3	Epoch:0	Loss:17.353	MRR:12.71	Hits@10:23.73	Best:12.71
2024-09-11 15:45:38,290 INFO    : Snapshot:3	0	3	Epoch:1	Loss:17.334	MRR:12.73	Hits@10:23.78	Best:12.73
2024-09-11 15:45:48,124 INFO    : Snapshot:3	0	3	Epoch:2	Loss:17.31	MRR:12.75	Hits@10:23.85	Best:12.75
2024-09-11 15:45:58,096 INFO    : Snapshot:3	0	3	Epoch:3	Loss:17.279	MRR:12.79	Hits@10:23.92	Best:12.79
2024-09-11 15:46:08,093 INFO    : Snapshot:3	0	3	Epoch:4	Loss:17.215	MRR:12.82	Hits@10:23.97	Best:12.82
2024-09-11 15:46:17,689 INFO    : Snapshot:3	0	3	Epoch:5	Loss:17.148	MRR:12.85	Hits@10:24.01	Best:12.85
2024-09-11 15:46:27,269 INFO    : Snapshot:3	0	3	Epoch:6	Loss:17.07	MRR:12.88	Hits@10:24.06	Best:12.88
2024-09-11 15:46:36,844 INFO    : Snapshot:3	0	3	Epoch:7	Loss:16.984	MRR:12.9	Hits@10:24.11	Best:12.9
2024-09-11 15:46:46,459 INFO    : Snapshot:3	0	3	Epoch:8	Loss:16.899	MRR:12.94	Hits@10:24.14	Best:12.94
2024-09-11 15:46:56,101 INFO    : Snapshot:3	0	3	Epoch:9	Loss:16.807	MRR:12.98	Hits@10:24.22	Best:12.98
2024-09-11 15:47:05,964 INFO    : Snapshot:3	0	3	Epoch:10	Loss:16.754	MRR:13.01	Hits@10:24.25	Best:13.01
2024-09-11 15:47:16,032 INFO    : Snapshot:3	0	3	Epoch:11	Loss:16.662	MRR:13.03	Hits@10:24.28	Best:13.03
2024-09-11 15:47:25,881 INFO    : Snapshot:3	0	3	Epoch:12	Loss:16.608	MRR:13.06	Hits@10:24.32	Best:13.06
2024-09-11 15:47:35,442 INFO    : Snapshot:3	0	3	Epoch:13	Loss:16.562	MRR:13.08	Hits@10:24.36	Best:13.08
2024-09-11 15:47:45,074 INFO    : Snapshot:3	0	3	Epoch:14	Loss:16.484	MRR:13.11	Hits@10:24.39	Best:13.11
2024-09-11 15:47:54,789 INFO    : Snapshot:3	0	3	Epoch:15	Loss:16.465	MRR:13.13	Hits@10:24.4	Best:13.13
2024-09-11 15:48:04,503 INFO    : Snapshot:3	0	3	Epoch:16	Loss:16.427	MRR:13.18	Hits@10:24.41	Best:13.18
2024-09-11 15:48:14,323 INFO    : Snapshot:3	0	3	Epoch:17	Loss:16.394	MRR:13.2	Hits@10:24.43	Best:13.2
2024-09-11 15:48:24,646 INFO    : Snapshot:3	0	3	Epoch:18	Loss:16.343	MRR:13.21	Hits@10:24.47	Best:13.21
2024-09-11 15:48:34,974 INFO    : Snapshot:3	0	3	Epoch:19	Loss:16.306	MRR:13.24	Hits@10:24.47	Best:13.24
2024-09-11 15:48:45,426 INFO    : Snapshot:3	0	3	Epoch:20	Loss:16.318	MRR:13.26	Hits@10:24.48	Best:13.26
2024-09-11 15:48:55,494 INFO    : Snapshot:3	0	3	Epoch:21	Loss:16.278	MRR:13.27	Hits@10:24.49	Best:13.27
2024-09-11 15:49:05,416 INFO    : Snapshot:3	0	3	Epoch:22	Loss:16.261	MRR:13.29	Hits@10:24.5	Best:13.29
2024-09-11 15:49:14,991 INFO    : Snapshot:3	0	3	Epoch:23	Loss:16.254	MRR:13.31	Hits@10:24.5	Best:13.31
2024-09-11 15:49:24,590 INFO    : Snapshot:3	0	3	Epoch:24	Loss:16.235	MRR:13.32	Hits@10:24.5	Best:13.32
2024-09-11 15:49:34,116 INFO    : Snapshot:3	0	3	Epoch:25	Loss:16.181	MRR:13.33	Hits@10:24.52	Best:13.33
2024-09-11 15:49:43,653 INFO    : Snapshot:3	0	3	Epoch:26	Loss:16.159	MRR:13.34	Hits@10:24.53	Best:13.34
2024-09-11 15:49:53,191 INFO    : Snapshot:3	0	3	Epoch:27	Loss:16.152	MRR:13.35	Hits@10:24.55	Best:13.35
2024-09-11 15:50:02,778 INFO    : Snapshot:3	1	3	Epoch:28	Loss:16.138	MRR:13.35	Hits@10:24.55	Best:13.35
2024-09-11 15:50:12,379 INFO    : Snapshot:3	2	3	Epoch:29	Loss:16.155	MRR:13.35	Hits@10:24.56	Best:13.35
2024-09-11 15:50:22,780 INFO    : Snapshot:3	0	3	Epoch:30	Loss:16.118	MRR:13.36	Hits@10:24.58	Best:13.36
2024-09-11 15:50:33,190 INFO    : Snapshot:3	0	3	Epoch:31	Loss:16.12	MRR:13.37	Hits@10:24.58	Best:13.37
2024-09-11 15:50:43,175 INFO    : Snapshot:3	0	3	Epoch:32	Loss:16.121	MRR:13.38	Hits@10:24.58	Best:13.38
2024-09-11 15:50:52,701 INFO    : Snapshot:3	1	3	Epoch:33	Loss:16.098	MRR:13.38	Hits@10:24.61	Best:13.38
2024-09-11 15:51:02,234 INFO    : Snapshot:3	0	3	Epoch:34	Loss:16.076	MRR:13.4	Hits@10:24.63	Best:13.4
2024-09-11 15:51:11,672 INFO    : Snapshot:3	1	3	Epoch:35	Loss:16.081	MRR:13.4	Hits@10:24.64	Best:13.4
2024-09-11 15:51:21,084 INFO    : Snapshot:3	2	3	Epoch:36	Loss:16.106	MRR:13.4	Hits@10:24.65	Best:13.4
2024-09-11 15:51:30,545 INFO    : Early Stopping! Snapshot:3 Epoch: 37 Best Results: 13.4
2024-09-11 15:51:30,650 INFO    : => loading checkpoint './checkpoint/FACT\3model_best.tar'
2024-09-11 15:51:53,389 INFO    : 
+------------+--------+--------+--------+--------+---------+
| Snapshot:3 |  MRR   | Hits@1 | Hits@3 | Hits@5 | Hits@10 |
+------------+--------+--------+--------+--------+---------+
|     0      | 0.2418 | 0.1584 | 0.2818 | 0.3299 |  0.3907 |
|     1      | 0.1868 | 0.1168 | 0.2199 | 0.2602 |  0.3112 |
|     2      | 0.1613 | 0.098  | 0.1842 | 0.2247 |  0.2786 |
|     3      | 0.1344 | 0.0743 | 0.1534 | 0.1895 |  0.2464 |
+------------+--------+--------+--------+--------+---------+
2024-09-11 15:53:17,605 INFO    : Snapshot:4	0	3	Epoch:0	Loss:18.958	MRR:8.66	Hits@10:17.77	Best:8.66
2024-09-11 15:53:59,054 INFO    : Snapshot:4	0	3	Epoch:1	Loss:18.895	MRR:8.75	Hits@10:18.1	Best:8.75
2024-09-11 15:54:41,036 INFO    : Snapshot:4	0	3	Epoch:2	Loss:18.781	MRR:8.94	Hits@10:18.49	Best:8.94
2024-09-11 15:55:22,571 INFO    : Snapshot:4	0	3	Epoch:3	Loss:18.554	MRR:9.12	Hits@10:18.86	Best:9.12
2024-09-11 15:56:04,591 INFO    : Snapshot:4	0	3	Epoch:4	Loss:18.222	MRR:9.21	Hits@10:19.02	Best:9.21
2024-09-11 15:56:46,182 INFO    : Snapshot:4	0	3	Epoch:5	Loss:17.822	MRR:9.25	Hits@10:19.04	Best:9.25
2024-09-11 15:57:27,999 INFO    : Snapshot:4	0	3	Epoch:6	Loss:17.471	MRR:9.29	Hits@10:19.03	Best:9.29
2024-09-11 15:58:08,454 INFO    : Snapshot:4	0	3	Epoch:7	Loss:17.19	MRR:9.37	Hits@10:19.04	Best:9.37
2024-09-11 15:58:48,910 INFO    : Snapshot:4	0	3	Epoch:8	Loss:16.999	MRR:9.47	Hits@10:19.04	Best:9.47
2024-09-11 15:59:29,506 INFO    : Snapshot:4	0	3	Epoch:9	Loss:16.846	MRR:9.59	Hits@10:19.07	Best:9.59
2024-09-11 16:00:10,092 INFO    : Snapshot:4	0	3	Epoch:10	Loss:16.776	MRR:9.7	Hits@10:19.13	Best:9.7
2024-09-11 16:00:50,722 INFO    : Snapshot:4	0	3	Epoch:11	Loss:16.698	MRR:9.77	Hits@10:19.19	Best:9.77
2024-09-11 16:01:31,375 INFO    : Snapshot:4	0	3	Epoch:12	Loss:16.649	MRR:9.82	Hits@10:19.21	Best:9.82
2024-09-11 16:02:12,084 INFO    : Snapshot:4	0	3	Epoch:13	Loss:16.589	MRR:9.87	Hits@10:19.25	Best:9.87
2024-09-11 16:02:52,606 INFO    : Snapshot:4	0	3	Epoch:14	Loss:16.554	MRR:9.89	Hits@10:19.31	Best:9.89
2024-09-11 16:03:33,184 INFO    : Snapshot:4	0	3	Epoch:15	Loss:16.508	MRR:9.94	Hits@10:19.35	Best:9.94
2024-09-11 16:04:13,728 INFO    : Snapshot:4	0	3	Epoch:16	Loss:16.49	MRR:9.98	Hits@10:19.38	Best:9.98
2024-09-11 16:04:54,297 INFO    : Snapshot:4	0	3	Epoch:17	Loss:16.475	MRR:10.02	Hits@10:19.46	Best:10.02
2024-09-11 16:05:34,904 INFO    : Snapshot:4	0	3	Epoch:18	Loss:16.391	MRR:10.05	Hits@10:19.46	Best:10.05
2024-09-11 16:06:15,562 INFO    : Snapshot:4	0	3	Epoch:19	Loss:16.348	MRR:10.08	Hits@10:19.46	Best:10.08
2024-09-11 16:06:56,503 INFO    : Snapshot:4	0	3	Epoch:20	Loss:16.368	MRR:10.1	Hits@10:19.51	Best:10.1
2024-09-11 16:07:37,036 INFO    : Snapshot:4	0	3	Epoch:21	Loss:16.318	MRR:10.12	Hits@10:19.52	Best:10.12
2024-09-11 16:08:17,723 INFO    : Snapshot:4	0	3	Epoch:22	Loss:16.273	MRR:10.15	Hits@10:19.56	Best:10.15
2024-09-11 16:08:58,226 INFO    : Snapshot:4	0	3	Epoch:23	Loss:16.274	MRR:10.16	Hits@10:19.58	Best:10.16
2024-09-11 16:09:39,026 INFO    : Snapshot:4	0	3	Epoch:24	Loss:16.238	MRR:10.19	Hits@10:19.58	Best:10.19
2024-09-11 16:10:19,563 INFO    : Snapshot:4	0	3	Epoch:25	Loss:16.226	MRR:10.21	Hits@10:19.58	Best:10.21
2024-09-11 16:11:00,168 INFO    : Snapshot:4	0	3	Epoch:26	Loss:16.207	MRR:10.23	Hits@10:19.59	Best:10.23
2024-09-11 16:11:40,738 INFO    : Snapshot:4	0	3	Epoch:27	Loss:16.203	MRR:10.24	Hits@10:19.65	Best:10.24
2024-09-11 16:12:21,457 INFO    : Snapshot:4	0	3	Epoch:28	Loss:16.152	MRR:10.26	Hits@10:19.67	Best:10.26
2024-09-11 16:13:02,173 INFO    : Snapshot:4	0	3	Epoch:29	Loss:16.129	MRR:10.28	Hits@10:19.67	Best:10.28
2024-09-11 16:13:43,045 INFO    : Snapshot:4	0	3	Epoch:30	Loss:16.158	MRR:10.29	Hits@10:19.68	Best:10.29
2024-09-11 16:14:23,660 INFO    : Snapshot:4	0	3	Epoch:31	Loss:16.143	MRR:10.31	Hits@10:19.71	Best:10.31
2024-09-11 16:15:04,276 INFO    : Snapshot:4	0	3	Epoch:32	Loss:16.116	MRR:10.32	Hits@10:19.71	Best:10.32
2024-09-11 16:15:44,910 INFO    : Snapshot:4	0	3	Epoch:33	Loss:16.084	MRR:10.33	Hits@10:19.71	Best:10.33
2024-09-11 16:16:25,418 INFO    : Snapshot:4	0	3	Epoch:34	Loss:16.085	MRR:10.35	Hits@10:19.73	Best:10.35
2024-09-11 16:17:06,634 INFO    : Snapshot:4	0	3	Epoch:35	Loss:16.082	MRR:10.36	Hits@10:19.71	Best:10.36
2024-09-11 16:17:48,036 INFO    : Snapshot:4	0	3	Epoch:36	Loss:16.053	MRR:10.37	Hits@10:19.73	Best:10.37
2024-09-11 16:18:30,170 INFO    : Snapshot:4	0	3	Epoch:37	Loss:16.049	MRR:10.39	Hits@10:19.75	Best:10.39
2024-09-11 16:19:12,743 INFO    : Snapshot:4	0	3	Epoch:38	Loss:16.035	MRR:10.4	Hits@10:19.75	Best:10.4
2024-09-11 16:19:54,375 INFO    : Snapshot:4	1	3	Epoch:39	Loss:16.039	MRR:10.4	Hits@10:19.76	Best:10.4
2024-09-11 16:20:35,722 INFO    : Snapshot:4	0	3	Epoch:40	Loss:16.033	MRR:10.41	Hits@10:19.77	Best:10.41
2024-09-11 16:21:16,846 INFO    : Snapshot:4	0	3	Epoch:41	Loss:16.016	MRR:10.42	Hits@10:19.76	Best:10.42
2024-09-11 16:21:58,442 INFO    : Snapshot:4	1	3	Epoch:42	Loss:16.025	MRR:10.42	Hits@10:19.77	Best:10.42
2024-09-11 16:22:40,119 INFO    : Snapshot:4	0	3	Epoch:43	Loss:16.045	MRR:10.43	Hits@10:19.8	Best:10.43
2024-09-11 16:23:21,486 INFO    : Snapshot:4	1	3	Epoch:44	Loss:16.02	MRR:10.43	Hits@10:19.82	Best:10.43
2024-09-11 16:24:03,201 INFO    : Snapshot:4	2	3	Epoch:45	Loss:15.995	MRR:10.43	Hits@10:19.83	Best:10.43
2024-09-11 16:24:44,557 INFO    : Snapshot:4	0	3	Epoch:46	Loss:15.989	MRR:10.44	Hits@10:19.85	Best:10.44
2024-09-11 16:25:26,413 INFO    : Snapshot:4	1	3	Epoch:47	Loss:16.016	MRR:10.44	Hits@10:19.84	Best:10.44
2024-09-11 16:26:08,308 INFO    : Snapshot:4	0	3	Epoch:48	Loss:15.977	MRR:10.45	Hits@10:19.84	Best:10.45
2024-09-11 16:26:49,559 INFO    : Snapshot:4	1	3	Epoch:49	Loss:15.959	MRR:10.45	Hits@10:19.85	Best:10.45
2024-09-11 16:27:31,816 INFO    : Snapshot:4	2	3	Epoch:50	Loss:15.949	MRR:10.45	Hits@10:19.85	Best:10.45
2024-09-11 16:28:13,082 INFO    : Early Stopping! Snapshot:4 Epoch: 51 Best Results: 10.45
2024-09-11 16:28:13,209 INFO    : => loading checkpoint './checkpoint/FACT\4model_best.tar'
2024-09-11 16:29:18,003 INFO    : 
+------------+--------+--------+--------+--------+---------+
| Snapshot:4 |  MRR   | Hits@1 | Hits@3 | Hits@5 | Hits@10 |
+------------+--------+--------+--------+--------+---------+
|     0      | 0.2418 | 0.1584 | 0.2818 | 0.3299 |  0.3907 |
|     1      | 0.1868 | 0.1168 | 0.2199 | 0.2602 |  0.3112 |
|     2      | 0.1613 | 0.098  | 0.1842 | 0.2247 |  0.2786 |
|     3      | 0.1344 | 0.0743 | 0.1534 | 0.1895 |  0.2464 |
|     4      | 0.1041 | 0.0511 | 0.1134 | 0.1474 |  0.2019 |
+------------+--------+--------+--------+--------+---------+
2024-09-11 16:29:18,005 INFO    : Final Result:
[+------------+--------+--------+--------+--------+---------+
| Snapshot:0 |  MRR   | Hits@1 | Hits@3 | Hits@5 | Hits@10 |
+------------+--------+--------+--------+--------+---------+
|     0      | 0.2418 | 0.1584 | 0.2818 | 0.3299 |  0.3907 |
+------------+--------+--------+--------+--------+---------+, +------------+--------+--------+--------+--------+---------+
| Snapshot:1 |  MRR   | Hits@1 | Hits@3 | Hits@5 | Hits@10 |
+------------+--------+--------+--------+--------+---------+
|     0      | 0.2418 | 0.1584 | 0.2818 | 0.3299 |  0.3907 |
|     1      | 0.1868 | 0.1168 | 0.2199 | 0.2602 |  0.3112 |
+------------+--------+--------+--------+--------+---------+, +------------+--------+--------+--------+--------+---------+
| Snapshot:2 |  MRR   | Hits@1 | Hits@3 | Hits@5 | Hits@10 |
+------------+--------+--------+--------+--------+---------+
|     0      | 0.2418 | 0.1584 | 0.2818 | 0.3299 |  0.3907 |
|     1      | 0.1868 | 0.1168 | 0.2199 | 0.2602 |  0.3112 |
|     2      | 0.1613 | 0.098  | 0.1842 | 0.2247 |  0.2786 |
+------------+--------+--------+--------+--------+---------+, +------------+--------+--------+--------+--------+---------+
| Snapshot:3 |  MRR   | Hits@1 | Hits@3 | Hits@5 | Hits@10 |
+------------+--------+--------+--------+--------+---------+
|     0      | 0.2418 | 0.1584 | 0.2818 | 0.3299 |  0.3907 |
|     1      | 0.1868 | 0.1168 | 0.2199 | 0.2602 |  0.3112 |
|     2      | 0.1613 | 0.098  | 0.1842 | 0.2247 |  0.2786 |
|     3      | 0.1344 | 0.0743 | 0.1534 | 0.1895 |  0.2464 |
+------------+--------+--------+--------+--------+---------+, +------------+--------+--------+--------+--------+---------+
| Snapshot:4 |  MRR   | Hits@1 | Hits@3 | Hits@5 | Hits@10 |
+------------+--------+--------+--------+--------+---------+
|     0      | 0.2418 | 0.1584 | 0.2818 | 0.3299 |  0.3907 |
|     1      | 0.1868 | 0.1168 | 0.2199 | 0.2602 |  0.3112 |
|     2      | 0.1613 | 0.098  | 0.1842 | 0.2247 |  0.2786 |
|     3      | 0.1344 | 0.0743 | 0.1534 | 0.1895 |  0.2464 |
|     4      | 0.1041 | 0.0511 | 0.1134 | 0.1474 |  0.2019 |
+------------+--------+--------+--------+--------+---------+]
2024-09-11 16:29:18,006 INFO    : Report Result:
+----------+--------------------+-----------+--------------+--------------+---------------+
| Snapshot |        Time        | Whole_MRR | Whole_Hits@1 | Whole_Hits@3 | Whole_Hits@10 |
+----------+--------------------+-----------+--------------+--------------+---------------+
|    0     | 120.18547105789185 |   0.242   |    0.158     |    0.282     |     0.391     |
|    1     | 542.9312527179718  |   0.214   |    0.138     |    0.251     |     0.351     |
|    2     | 424.4281711578369  |   0.197   |    0.124     |    0.229     |     0.327     |
|    3     | 373.8215367794037  |   0.181   |    0.112     |     0.21     |     0.307     |
|    4     | 2139.803999185562  |   0.166   |     0.1      |    0.191     |     0.286     |
+----------+--------------------+-----------+--------------+--------------+---------------+
2024-09-11 16:29:18,006 INFO    : Sum_Training_Time:3601.1704308986664
2024-09-11 16:29:18,007 INFO    : Every_Training_Time:[120.18547105789185, 542.9312527179718, 424.4281711578369, 373.8215367794037, 2139.803999185562]
2024-09-11 16:29:18,007 INFO    : Forward transfer: 0.13355 Backward transfer: 0.0
