2025-01-23 10:37:12,389 INFO    : Namespace(batch_size=1024, data_path='./data/FACT/', dataset='FACT', debug=False, device=device(type='cuda', index=0), emb_dim=200, ent_r='200', epoch_num=200, explore=False, gpu='0', l2=0.0, learning_rate='1e-2', log_path='./logs/FACT 200 20 1e-2 1024/FACT 20250123103701', logger=<RootLogger root (INFO)>, margin=8.0, model_name='LoraKGE_Layers', multi_layers_path='train_sorted_by_edges_betweenness.txt', neg_ratio=10, note='', num_ent_layers='20', num_layer=1, num_rel_layers='1', patience='10', predict_result=False, r=100, r_fixed=True, random_seed=3407, record=False, rel_r='200', save_path='./checkpoint/FACT', skip_previous='False', snapshot_num=5, train_new=True, using_multi_layers=False, using_various_ranks='True', using_various_ranks_reverse=False, valid_metrics='mrr')
2025-01-23 10:37:21,716 INFO    : Snapshot:0	0	10	Epoch:0	Loss:39.631	MRR:15.15	Hits@10:29.63	Best:15.15
2025-01-23 10:37:28,765 INFO    : Snapshot:0	0	10	Epoch:1	Loss:17.272	MRR:22.49	Hits@10:37.07	Best:22.49
2025-01-23 10:37:35,660 INFO    : Snapshot:0	0	10	Epoch:2	Loss:7.017	MRR:24.52	Hits@10:39.0	Best:24.52
2025-01-23 10:37:42,160 INFO    : Snapshot:0	0	10	Epoch:3	Loss:3.321	MRR:24.85	Hits@10:39.62	Best:24.85
2025-01-23 10:37:48,584 INFO    : Snapshot:0	1	10	Epoch:4	Loss:2.025	MRR:24.73	Hits@10:39.56	Best:24.85
2025-01-23 10:37:55,064 INFO    : Snapshot:0	2	10	Epoch:5	Loss:1.469	MRR:24.83	Hits@10:39.69	Best:24.85
2025-01-23 10:38:01,497 INFO    : Snapshot:0	3	10	Epoch:6	Loss:1.177	MRR:24.7	Hits@10:39.69	Best:24.85
2025-01-23 10:38:08,070 INFO    : Snapshot:0	4	10	Epoch:7	Loss:1.011	MRR:24.72	Hits@10:39.35	Best:24.85
2025-01-23 10:38:14,576 INFO    : Snapshot:0	5	10	Epoch:8	Loss:0.893	MRR:24.63	Hits@10:39.64	Best:24.85
2025-01-23 10:38:21,079 INFO    : Snapshot:0	6	10	Epoch:9	Loss:0.804	MRR:24.61	Hits@10:39.52	Best:24.85
2025-01-23 10:38:27,704 INFO    : Snapshot:0	7	10	Epoch:10	Loss:0.726	MRR:24.52	Hits@10:39.28	Best:24.85
2025-01-23 10:38:33,994 INFO    : Snapshot:0	8	10	Epoch:11	Loss:0.691	MRR:24.43	Hits@10:39.19	Best:24.85
2025-01-23 10:38:40,521 INFO    : Snapshot:0	9	10	Epoch:12	Loss:0.635	MRR:24.39	Hits@10:39.3	Best:24.85
2025-01-23 10:38:47,263 INFO    : Early Stopping! Snapshot:0 Epoch: 13 Best Results: 24.85
2025-01-23 10:38:47,390 INFO    : => loading checkpoint './checkpoint/FACT\0model_best.tar'
2025-01-23 10:38:51,487 INFO    : 
+------------+--------+--------+--------+--------+---------+
| Snapshot:0 |  MRR   | Hits@1 | Hits@3 | Hits@5 | Hits@10 |
+------------+--------+--------+--------+--------+---------+
|     0      | 0.2395 | 0.1577 | 0.2795 | 0.3248 |  0.3872 |
+------------+--------+--------+--------+--------+---------+
2025-01-23 10:39:10,414 INFO    : Snapshot:1	0	10	Epoch:0	Loss:23.833	MRR:17.61	Hits@10:29.96	Best:17.61
2025-01-23 10:39:19,842 INFO    : Snapshot:1	0	10	Epoch:1	Loss:21.821	MRR:18.28	Hits@10:30.49	Best:18.28
2025-01-23 10:39:29,196 INFO    : Snapshot:1	0	10	Epoch:2	Loss:19.771	MRR:18.62	Hits@10:30.81	Best:18.62
2025-01-23 10:39:38,769 INFO    : Snapshot:1	0	10	Epoch:3	Loss:18.729	MRR:18.82	Hits@10:31.04	Best:18.82
2025-01-23 10:39:48,097 INFO    : Snapshot:1	0	10	Epoch:4	Loss:18.128	MRR:18.94	Hits@10:31.12	Best:18.94
2025-01-23 10:39:57,430 INFO    : Snapshot:1	0	10	Epoch:5	Loss:17.716	MRR:19.05	Hits@10:31.24	Best:19.05
2025-01-23 10:40:07,265 INFO    : Snapshot:1	0	10	Epoch:6	Loss:17.401	MRR:19.19	Hits@10:31.46	Best:19.19
2025-01-23 10:40:16,530 INFO    : Snapshot:1	0	10	Epoch:7	Loss:17.159	MRR:19.23	Hits@10:31.6	Best:19.23
2025-01-23 10:40:25,619 INFO    : Snapshot:1	0	10	Epoch:8	Loss:16.973	MRR:19.3	Hits@10:31.7	Best:19.3
2025-01-23 10:40:34,914 INFO    : Snapshot:1	1	10	Epoch:9	Loss:16.847	MRR:19.28	Hits@10:31.88	Best:19.3
2025-01-23 10:40:43,853 INFO    : Snapshot:1	0	10	Epoch:10	Loss:16.731	MRR:19.4	Hits@10:31.94	Best:19.4
2025-01-23 10:40:52,903 INFO    : Snapshot:1	0	10	Epoch:11	Loss:16.604	MRR:19.46	Hits@10:32.04	Best:19.46
2025-01-23 10:41:01,793 INFO    : Snapshot:1	0	10	Epoch:12	Loss:16.517	MRR:19.49	Hits@10:32.07	Best:19.49
2025-01-23 10:41:11,020 INFO    : Snapshot:1	1	10	Epoch:13	Loss:16.486	MRR:19.49	Hits@10:32.15	Best:19.49
2025-01-23 10:41:20,479 INFO    : Snapshot:1	0	10	Epoch:14	Loss:16.454	MRR:19.56	Hits@10:32.16	Best:19.56
2025-01-23 10:41:29,676 INFO    : Snapshot:1	0	10	Epoch:15	Loss:16.381	MRR:19.58	Hits@10:32.1	Best:19.58
2025-01-23 10:41:38,929 INFO    : Snapshot:1	0	10	Epoch:16	Loss:16.323	MRR:19.6	Hits@10:32.19	Best:19.6
2025-01-23 10:41:48,198 INFO    : Snapshot:1	1	10	Epoch:17	Loss:16.315	MRR:19.59	Hits@10:32.22	Best:19.6
2025-01-23 10:41:57,386 INFO    : Snapshot:1	0	10	Epoch:18	Loss:16.297	MRR:19.61	Hits@10:32.16	Best:19.61
2025-01-23 10:42:06,234 INFO    : Snapshot:1	1	10	Epoch:19	Loss:16.26	MRR:19.61	Hits@10:32.16	Best:19.61
2025-01-23 10:42:15,085 INFO    : Snapshot:1	0	10	Epoch:20	Loss:16.26	MRR:19.62	Hits@10:32.22	Best:19.62
2025-01-23 10:42:24,216 INFO    : Snapshot:1	0	10	Epoch:21	Loss:16.224	MRR:19.63	Hits@10:32.17	Best:19.63
2025-01-23 10:42:33,661 INFO    : Snapshot:1	0	10	Epoch:22	Loss:16.211	MRR:19.65	Hits@10:32.25	Best:19.65
2025-01-23 10:42:42,749 INFO    : Snapshot:1	0	10	Epoch:23	Loss:16.166	MRR:19.67	Hits@10:32.27	Best:19.67
2025-01-23 10:42:51,722 INFO    : Snapshot:1	1	10	Epoch:24	Loss:16.151	MRR:19.66	Hits@10:32.25	Best:19.67
2025-01-23 10:43:00,788 INFO    : Snapshot:1	2	10	Epoch:25	Loss:16.137	MRR:19.65	Hits@10:32.27	Best:19.67
2025-01-23 10:43:10,128 INFO    : Snapshot:1	0	10	Epoch:26	Loss:16.115	MRR:19.68	Hits@10:32.35	Best:19.68
2025-01-23 10:43:19,826 INFO    : Snapshot:1	0	10	Epoch:27	Loss:16.131	MRR:19.69	Hits@10:32.34	Best:19.69
2025-01-23 10:43:30,302 INFO    : Snapshot:1	0	10	Epoch:28	Loss:16.095	MRR:19.71	Hits@10:32.29	Best:19.71
2025-01-23 10:43:40,757 INFO    : Snapshot:1	1	10	Epoch:29	Loss:16.084	MRR:19.66	Hits@10:32.31	Best:19.71
2025-01-23 10:43:51,061 INFO    : Snapshot:1	2	10	Epoch:30	Loss:16.103	MRR:19.65	Hits@10:32.33	Best:19.71
2025-01-23 10:44:00,934 INFO    : Snapshot:1	3	10	Epoch:31	Loss:16.094	MRR:19.7	Hits@10:32.3	Best:19.71
2025-01-23 10:44:10,880 INFO    : Snapshot:1	4	10	Epoch:32	Loss:16.057	MRR:19.71	Hits@10:32.36	Best:19.71
2025-01-23 10:44:20,963 INFO    : Snapshot:1	5	10	Epoch:33	Loss:16.092	MRR:19.7	Hits@10:32.38	Best:19.71
2025-01-23 10:44:30,890 INFO    : Snapshot:1	6	10	Epoch:34	Loss:16.058	MRR:19.7	Hits@10:32.39	Best:19.71
2025-01-23 10:44:40,604 INFO    : Snapshot:1	7	10	Epoch:35	Loss:16.061	MRR:19.67	Hits@10:32.35	Best:19.71
2025-01-23 10:44:50,820 INFO    : Snapshot:1	0	10	Epoch:36	Loss:16.048	MRR:19.72	Hits@10:32.35	Best:19.72
2025-01-23 10:45:00,917 INFO    : Snapshot:1	1	10	Epoch:37	Loss:16.061	MRR:19.72	Hits@10:32.38	Best:19.72
2025-01-23 10:45:10,938 INFO    : Snapshot:1	2	10	Epoch:38	Loss:16.038	MRR:19.71	Hits@10:32.37	Best:19.72
2025-01-23 10:45:20,517 INFO    : Snapshot:1	0	10	Epoch:39	Loss:16.036	MRR:19.74	Hits@10:32.45	Best:19.74
2025-01-23 10:45:30,551 INFO    : Snapshot:1	1	10	Epoch:40	Loss:16.047	MRR:19.72	Hits@10:32.4	Best:19.74
2025-01-23 10:45:40,479 INFO    : Snapshot:1	2	10	Epoch:41	Loss:16.049	MRR:19.69	Hits@10:32.39	Best:19.74
2025-01-23 10:45:50,530 INFO    : Snapshot:1	3	10	Epoch:42	Loss:16.021	MRR:19.73	Hits@10:32.41	Best:19.74
2025-01-23 10:45:59,803 INFO    : Snapshot:1	4	10	Epoch:43	Loss:16.021	MRR:19.7	Hits@10:32.36	Best:19.74
2025-01-23 10:46:08,897 INFO    : Snapshot:1	5	10	Epoch:44	Loss:15.996	MRR:19.69	Hits@10:32.35	Best:19.74
2025-01-23 10:46:17,881 INFO    : Snapshot:1	6	10	Epoch:45	Loss:16.002	MRR:19.72	Hits@10:32.46	Best:19.74
2025-01-23 10:46:27,072 INFO    : Snapshot:1	7	10	Epoch:46	Loss:15.994	MRR:19.71	Hits@10:32.43	Best:19.74
2025-01-23 10:46:36,397 INFO    : Snapshot:1	8	10	Epoch:47	Loss:15.982	MRR:19.69	Hits@10:32.47	Best:19.74
2025-01-23 10:46:45,674 INFO    : Snapshot:1	9	10	Epoch:48	Loss:16.006	MRR:19.72	Hits@10:32.42	Best:19.74
2025-01-23 10:46:54,524 INFO    : Early Stopping! Snapshot:1 Epoch: 49 Best Results: 19.74
2025-01-23 10:46:54,651 INFO    : => loading checkpoint './checkpoint/FACT\1model_best.tar'
2025-01-23 10:47:04,465 INFO    : 
+------------+--------+--------+--------+--------+---------+
| Snapshot:1 |  MRR   | Hits@1 | Hits@3 | Hits@5 | Hits@10 |
+------------+--------+--------+--------+--------+---------+
|     0      | 0.2395 | 0.1577 | 0.2795 | 0.3248 |  0.3872 |
|     1      | 0.1958 | 0.1252 | 0.2295 | 0.2689 |  0.3234 |
+------------+--------+--------+--------+--------+---------+
2025-01-23 10:47:23,218 INFO    : Snapshot:2	0	10	Epoch:0	Loss:21.016	MRR:16.71	Hits@10:28.84	Best:16.71
2025-01-23 10:47:33,018 INFO    : Snapshot:2	0	10	Epoch:1	Loss:20.151	MRR:17.04	Hits@10:29.11	Best:17.04
2025-01-23 10:47:42,503 INFO    : Snapshot:2	0	10	Epoch:2	Loss:19.288	MRR:17.21	Hits@10:29.25	Best:17.21
2025-01-23 10:47:52,010 INFO    : Snapshot:2	0	10	Epoch:3	Loss:18.805	MRR:17.32	Hits@10:29.36	Best:17.32
2025-01-23 10:48:01,659 INFO    : Snapshot:2	0	10	Epoch:4	Loss:18.595	MRR:17.37	Hits@10:29.45	Best:17.37
2025-01-23 10:48:11,368 INFO    : Snapshot:2	0	10	Epoch:5	Loss:18.46	MRR:17.38	Hits@10:29.5	Best:17.38
2025-01-23 10:48:21,472 INFO    : Snapshot:2	0	10	Epoch:6	Loss:18.346	MRR:17.41	Hits@10:29.53	Best:17.41
2025-01-23 10:48:31,809 INFO    : Snapshot:2	0	10	Epoch:7	Loss:18.252	MRR:17.45	Hits@10:29.57	Best:17.45
2025-01-23 10:48:42,738 INFO    : Snapshot:2	1	10	Epoch:8	Loss:18.229	MRR:17.45	Hits@10:29.58	Best:17.45
2025-01-23 10:48:53,138 INFO    : Snapshot:2	0	10	Epoch:9	Loss:18.174	MRR:17.47	Hits@10:29.54	Best:17.47
2025-01-23 10:49:03,869 INFO    : Snapshot:2	0	10	Epoch:10	Loss:18.151	MRR:17.48	Hits@10:29.62	Best:17.48
2025-01-23 10:49:14,293 INFO    : Snapshot:2	1	10	Epoch:11	Loss:18.08	MRR:17.47	Hits@10:29.59	Best:17.48
2025-01-23 10:49:24,735 INFO    : Snapshot:2	2	10	Epoch:12	Loss:18.096	MRR:17.48	Hits@10:29.6	Best:17.48
2025-01-23 10:49:35,134 INFO    : Snapshot:2	0	10	Epoch:13	Loss:18.045	MRR:17.5	Hits@10:29.62	Best:17.5
2025-01-23 10:49:45,249 INFO    : Snapshot:2	1	10	Epoch:14	Loss:18.075	MRR:17.5	Hits@10:29.63	Best:17.5
2025-01-23 10:49:54,868 INFO    : Snapshot:2	2	10	Epoch:15	Loss:18.025	MRR:17.49	Hits@10:29.63	Best:17.5
2025-01-23 10:50:04,511 INFO    : Snapshot:2	3	10	Epoch:16	Loss:18.028	MRR:17.48	Hits@10:29.6	Best:17.5
2025-01-23 10:50:13,967 INFO    : Snapshot:2	4	10	Epoch:17	Loss:18.015	MRR:17.49	Hits@10:29.61	Best:17.5
2025-01-23 10:50:23,382 INFO    : Snapshot:2	5	10	Epoch:18	Loss:18.011	MRR:17.5	Hits@10:29.67	Best:17.5
2025-01-23 10:50:33,448 INFO    : Snapshot:2	6	10	Epoch:19	Loss:18.027	MRR:17.5	Hits@10:29.65	Best:17.5
2025-01-23 10:50:43,373 INFO    : Snapshot:2	7	10	Epoch:20	Loss:18.033	MRR:17.49	Hits@10:29.67	Best:17.5
2025-01-23 10:50:53,086 INFO    : Snapshot:2	8	10	Epoch:21	Loss:18.0	MRR:17.49	Hits@10:29.65	Best:17.5
2025-01-23 10:51:02,694 INFO    : Snapshot:2	9	10	Epoch:22	Loss:18.013	MRR:17.49	Hits@10:29.65	Best:17.5
2025-01-23 10:51:13,217 INFO    : Snapshot:2	0	10	Epoch:23	Loss:18.005	MRR:17.51	Hits@10:29.66	Best:17.51
2025-01-23 10:51:23,743 INFO    : Snapshot:2	1	10	Epoch:24	Loss:17.97	MRR:17.5	Hits@10:29.67	Best:17.51
2025-01-23 10:51:34,709 INFO    : Snapshot:2	2	10	Epoch:25	Loss:18.005	MRR:17.51	Hits@10:29.68	Best:17.51
2025-01-23 10:51:45,249 INFO    : Snapshot:2	3	10	Epoch:26	Loss:17.971	MRR:17.5	Hits@10:29.71	Best:17.51
2025-01-23 10:51:55,607 INFO    : Snapshot:2	4	10	Epoch:27	Loss:18.02	MRR:17.49	Hits@10:29.64	Best:17.51
2025-01-23 10:52:05,862 INFO    : Snapshot:2	5	10	Epoch:28	Loss:17.962	MRR:17.5	Hits@10:29.68	Best:17.51
2025-01-23 10:52:16,583 INFO    : Snapshot:2	0	10	Epoch:29	Loss:17.98	MRR:17.52	Hits@10:29.62	Best:17.52
2025-01-23 10:52:26,162 INFO    : Snapshot:2	1	10	Epoch:30	Loss:17.97	MRR:17.5	Hits@10:29.66	Best:17.52
2025-01-23 10:52:36,043 INFO    : Snapshot:2	2	10	Epoch:31	Loss:17.975	MRR:17.5	Hits@10:29.63	Best:17.52
2025-01-23 10:52:46,176 INFO    : Snapshot:2	3	10	Epoch:32	Loss:17.968	MRR:17.49	Hits@10:29.67	Best:17.52
2025-01-23 10:52:56,804 INFO    : Snapshot:2	4	10	Epoch:33	Loss:17.985	MRR:17.49	Hits@10:29.66	Best:17.52
2025-01-23 10:53:07,576 INFO    : Snapshot:2	5	10	Epoch:34	Loss:17.964	MRR:17.48	Hits@10:29.67	Best:17.52
2025-01-23 10:53:18,309 INFO    : Snapshot:2	6	10	Epoch:35	Loss:17.968	MRR:17.51	Hits@10:29.68	Best:17.52
2025-01-23 10:53:28,873 INFO    : Snapshot:2	7	10	Epoch:36	Loss:17.984	MRR:17.49	Hits@10:29.65	Best:17.52
2025-01-23 10:53:39,626 INFO    : Snapshot:2	8	10	Epoch:37	Loss:17.939	MRR:17.5	Hits@10:29.69	Best:17.52
2025-01-23 10:53:50,103 INFO    : Snapshot:2	9	10	Epoch:38	Loss:17.973	MRR:17.5	Hits@10:29.67	Best:17.52
2025-01-23 10:54:00,083 INFO    : Early Stopping! Snapshot:2 Epoch: 39 Best Results: 17.52
2025-01-23 10:54:00,191 INFO    : => loading checkpoint './checkpoint/FACT\2model_best.tar'
2025-01-23 10:54:17,172 INFO    : 
+------------+--------+--------+--------+--------+---------+
| Snapshot:2 |  MRR   | Hits@1 | Hits@3 | Hits@5 | Hits@10 |
+------------+--------+--------+--------+--------+---------+
|     0      | 0.2395 | 0.1577 | 0.2795 | 0.3248 |  0.3872 |
|     1      | 0.1958 | 0.1252 | 0.2295 | 0.2689 |  0.3234 |
|     2      | 0.1733 | 0.1063 | 0.2007 | 0.2406 |  0.2974 |
+------------+--------+--------+--------+--------+---------+
2025-01-23 10:54:37,711 INFO    : Snapshot:3	0	10	Epoch:0	Loss:20.219	MRR:13.75	Hits@10:25.34	Best:13.75
2025-01-23 10:54:48,432 INFO    : Snapshot:3	0	10	Epoch:1	Loss:19.721	MRR:14.08	Hits@10:25.65	Best:14.08
2025-01-23 10:54:58,871 INFO    : Snapshot:3	0	10	Epoch:2	Loss:19.356	MRR:14.23	Hits@10:25.79	Best:14.23
2025-01-23 10:55:09,358 INFO    : Snapshot:3	0	10	Epoch:3	Loss:19.186	MRR:14.28	Hits@10:25.82	Best:14.28
2025-01-23 10:55:19,657 INFO    : Snapshot:3	0	10	Epoch:4	Loss:19.138	MRR:14.29	Hits@10:25.88	Best:14.29
2025-01-23 10:55:30,026 INFO    : Snapshot:3	0	10	Epoch:5	Loss:19.044	MRR:14.32	Hits@10:25.86	Best:14.32
2025-01-23 10:55:40,827 INFO    : Snapshot:3	0	10	Epoch:6	Loss:19.011	MRR:14.33	Hits@10:25.88	Best:14.33
2025-01-23 10:55:50,976 INFO    : Snapshot:3	1	10	Epoch:7	Loss:18.963	MRR:14.33	Hits@10:25.91	Best:14.33
2025-01-23 10:56:01,051 INFO    : Snapshot:3	0	10	Epoch:8	Loss:18.962	MRR:14.35	Hits@10:25.94	Best:14.35
2025-01-23 10:56:11,014 INFO    : Snapshot:3	0	10	Epoch:9	Loss:18.965	MRR:14.36	Hits@10:25.92	Best:14.36
2025-01-23 10:56:21,051 INFO    : Snapshot:3	1	10	Epoch:10	Loss:18.96	MRR:14.34	Hits@10:25.94	Best:14.36
2025-01-23 10:56:31,269 INFO    : Snapshot:3	2	10	Epoch:11	Loss:18.933	MRR:14.35	Hits@10:25.9	Best:14.36
2025-01-23 10:56:41,456 INFO    : Snapshot:3	3	10	Epoch:12	Loss:18.927	MRR:14.35	Hits@10:25.91	Best:14.36
2025-01-23 10:56:51,575 INFO    : Snapshot:3	4	10	Epoch:13	Loss:18.932	MRR:14.34	Hits@10:25.93	Best:14.36
2025-01-23 10:57:01,782 INFO    : Snapshot:3	5	10	Epoch:14	Loss:18.928	MRR:14.36	Hits@10:25.94	Best:14.36
2025-01-23 10:57:11,894 INFO    : Snapshot:3	6	10	Epoch:15	Loss:18.921	MRR:14.36	Hits@10:25.89	Best:14.36
2025-01-23 10:57:22,593 INFO    : Snapshot:3	7	10	Epoch:16	Loss:18.918	MRR:14.36	Hits@10:25.93	Best:14.36
2025-01-23 10:57:33,083 INFO    : Snapshot:3	8	10	Epoch:17	Loss:18.916	MRR:14.36	Hits@10:25.89	Best:14.36
2025-01-23 10:57:43,606 INFO    : Snapshot:3	0	10	Epoch:18	Loss:18.928	MRR:14.38	Hits@10:25.92	Best:14.38
2025-01-23 10:57:54,351 INFO    : Snapshot:3	1	10	Epoch:19	Loss:18.925	MRR:14.36	Hits@10:25.89	Best:14.38
2025-01-23 10:58:04,518 INFO    : Snapshot:3	2	10	Epoch:20	Loss:18.898	MRR:14.36	Hits@10:25.91	Best:14.38
2025-01-23 10:58:15,159 INFO    : Snapshot:3	3	10	Epoch:21	Loss:18.922	MRR:14.36	Hits@10:25.91	Best:14.38
2025-01-23 10:58:25,500 INFO    : Snapshot:3	4	10	Epoch:22	Loss:18.922	MRR:14.35	Hits@10:25.9	Best:14.38
2025-01-23 10:58:36,359 INFO    : Snapshot:3	5	10	Epoch:23	Loss:18.925	MRR:14.35	Hits@10:25.88	Best:14.38
2025-01-23 10:58:47,441 INFO    : Snapshot:3	6	10	Epoch:24	Loss:18.903	MRR:14.34	Hits@10:25.92	Best:14.38
2025-01-23 10:58:58,147 INFO    : Snapshot:3	7	10	Epoch:25	Loss:18.917	MRR:14.36	Hits@10:25.89	Best:14.38
2025-01-23 10:59:09,165 INFO    : Snapshot:3	8	10	Epoch:26	Loss:18.896	MRR:14.35	Hits@10:25.86	Best:14.38
2025-01-23 10:59:19,451 INFO    : Snapshot:3	9	10	Epoch:27	Loss:18.91	MRR:14.36	Hits@10:25.92	Best:14.38
2025-01-23 10:59:29,801 INFO    : Early Stopping! Snapshot:3 Epoch: 28 Best Results: 14.38
2025-01-23 10:59:29,923 INFO    : => loading checkpoint './checkpoint/FACT\3model_best.tar'
2025-01-23 10:59:52,755 INFO    : 
+------------+--------+--------+--------+--------+---------+
| Snapshot:3 |  MRR   | Hits@1 | Hits@3 | Hits@5 | Hits@10 |
+------------+--------+--------+--------+--------+---------+
|     0      | 0.2395 | 0.1577 | 0.2795 | 0.3248 |  0.3872 |
|     1      | 0.1958 | 0.1252 | 0.2295 | 0.2689 |  0.3234 |
|     2      | 0.1733 | 0.1063 | 0.2007 | 0.2406 |  0.2974 |
|     3      | 0.1452 | 0.0826 | 0.1636 | 0.205  |  0.264  |
+------------+--------+--------+--------+--------+---------+
2025-01-23 11:01:30,293 INFO    : Snapshot:4	0	10	Epoch:0	Loss:20.931	MRR:10.06	Hits@10:20.46	Best:10.06
2025-01-23 11:02:18,969 INFO    : Snapshot:4	0	10	Epoch:1	Loss:19.365	MRR:10.75	Hits@10:20.93	Best:10.75
2025-01-23 11:03:07,486 INFO    : Snapshot:4	0	10	Epoch:2	Loss:18.933	MRR:10.9	Hits@10:21.07	Best:10.9
2025-01-23 11:03:54,721 INFO    : Snapshot:4	0	10	Epoch:3	Loss:18.795	MRR:10.95	Hits@10:21.14	Best:10.95
2025-01-23 11:04:42,266 INFO    : Snapshot:4	0	10	Epoch:4	Loss:18.647	MRR:10.96	Hits@10:21.15	Best:10.96
2025-01-23 11:05:29,404 INFO    : Snapshot:4	0	10	Epoch:5	Loss:18.616	MRR:11.0	Hits@10:21.16	Best:11.0
2025-01-23 11:06:16,406 INFO    : Snapshot:4	0	10	Epoch:6	Loss:18.557	MRR:11.01	Hits@10:21.19	Best:11.01
2025-01-23 11:07:03,982 INFO    : Snapshot:4	0	10	Epoch:7	Loss:18.555	MRR:11.03	Hits@10:21.2	Best:11.03
2025-01-23 11:07:57,292 INFO    : Snapshot:4	1	10	Epoch:8	Loss:18.54	MRR:10.97	Hits@10:21.23	Best:11.03
2025-01-23 11:08:49,716 INFO    : Snapshot:4	2	10	Epoch:9	Loss:18.5	MRR:10.97	Hits@10:21.21	Best:11.03
2025-01-23 11:09:44,081 INFO    : Snapshot:4	3	10	Epoch:10	Loss:18.512	MRR:10.99	Hits@10:21.21	Best:11.03
2025-01-23 11:10:31,705 INFO    : Snapshot:4	4	10	Epoch:11	Loss:18.47	MRR:10.97	Hits@10:21.19	Best:11.03
2025-01-23 11:11:18,239 INFO    : Snapshot:4	5	10	Epoch:12	Loss:18.461	MRR:10.97	Hits@10:21.23	Best:11.03
2025-01-23 11:12:06,965 INFO    : Snapshot:4	6	10	Epoch:13	Loss:18.452	MRR:10.99	Hits@10:21.23	Best:11.03
2025-01-23 11:12:53,526 INFO    : Snapshot:4	7	10	Epoch:14	Loss:18.456	MRR:10.99	Hits@10:21.2	Best:11.03
2025-01-23 11:13:37,944 INFO    : Snapshot:4	8	10	Epoch:15	Loss:18.443	MRR:11.0	Hits@10:21.2	Best:11.03
2025-01-23 11:14:22,165 INFO    : Snapshot:4	9	10	Epoch:16	Loss:18.464	MRR:11.02	Hits@10:21.21	Best:11.03
2025-01-23 11:15:06,539 INFO    : Early Stopping! Snapshot:4 Epoch: 17 Best Results: 11.03
2025-01-23 11:15:06,670 INFO    : => loading checkpoint './checkpoint/FACT\4model_best.tar'
2025-01-23 11:16:11,713 INFO    : 
+------------+--------+--------+--------+--------+---------+
| Snapshot:4 |  MRR   | Hits@1 | Hits@3 | Hits@5 | Hits@10 |
+------------+--------+--------+--------+--------+---------+
|     0      | 0.2395 | 0.1577 | 0.2795 | 0.3248 |  0.3872 |
|     1      | 0.1958 | 0.1252 | 0.2295 | 0.2689 |  0.3234 |
|     2      | 0.1733 | 0.1063 | 0.2007 | 0.2406 |  0.2974 |
|     3      | 0.1452 | 0.0826 | 0.1636 | 0.205  |  0.264  |
|     4      | 0.1117 | 0.0562 | 0.1227 | 0.1573 |  0.2129 |
+------------+--------+--------+--------+--------+---------+
2025-01-23 11:16:11,713 INFO    : Final Result:
[+------------+--------+--------+--------+--------+---------+
| Snapshot:0 |  MRR   | Hits@1 | Hits@3 | Hits@5 | Hits@10 |
+------------+--------+--------+--------+--------+---------+
|     0      | 0.2395 | 0.1577 | 0.2795 | 0.3248 |  0.3872 |
+------------+--------+--------+--------+--------+---------+, +------------+--------+--------+--------+--------+---------+
| Snapshot:1 |  MRR   | Hits@1 | Hits@3 | Hits@5 | Hits@10 |
+------------+--------+--------+--------+--------+---------+
|     0      | 0.2395 | 0.1577 | 0.2795 | 0.3248 |  0.3872 |
|     1      | 0.1958 | 0.1252 | 0.2295 | 0.2689 |  0.3234 |
+------------+--------+--------+--------+--------+---------+, +------------+--------+--------+--------+--------+---------+
| Snapshot:2 |  MRR   | Hits@1 | Hits@3 | Hits@5 | Hits@10 |
+------------+--------+--------+--------+--------+---------+
|     0      | 0.2395 | 0.1577 | 0.2795 | 0.3248 |  0.3872 |
|     1      | 0.1958 | 0.1252 | 0.2295 | 0.2689 |  0.3234 |
|     2      | 0.1733 | 0.1063 | 0.2007 | 0.2406 |  0.2974 |
+------------+--------+--------+--------+--------+---------+, +------------+--------+--------+--------+--------+---------+
| Snapshot:3 |  MRR   | Hits@1 | Hits@3 | Hits@5 | Hits@10 |
+------------+--------+--------+--------+--------+---------+
|     0      | 0.2395 | 0.1577 | 0.2795 | 0.3248 |  0.3872 |
|     1      | 0.1958 | 0.1252 | 0.2295 | 0.2689 |  0.3234 |
|     2      | 0.1733 | 0.1063 | 0.2007 | 0.2406 |  0.2974 |
|     3      | 0.1452 | 0.0826 | 0.1636 | 0.205  |  0.264  |
+------------+--------+--------+--------+--------+---------+, +------------+--------+--------+--------+--------+---------+
| Snapshot:4 |  MRR   | Hits@1 | Hits@3 | Hits@5 | Hits@10 |
+------------+--------+--------+--------+--------+---------+
|     0      | 0.2395 | 0.1577 | 0.2795 | 0.3248 |  0.3872 |
|     1      | 0.1958 | 0.1252 | 0.2295 | 0.2689 |  0.3234 |
|     2      | 0.1733 | 0.1063 | 0.2007 | 0.2406 |  0.2974 |
|     3      | 0.1452 | 0.0826 | 0.1636 | 0.205  |  0.264  |
|     4      | 0.1117 | 0.0562 | 0.1227 | 0.1573 |  0.2129 |
+------------+--------+--------+--------+--------+---------+]
2025-01-23 11:16:11,724 INFO    : Report Result:
+----------+--------------------+-----------+--------------+--------------+---------------+
| Snapshot |        Time        | Whole_MRR | Whole_Hits@1 | Whole_Hits@3 | Whole_Hits@10 |
+----------+--------------------+-----------+--------------+--------------+---------------+
|    0     | 94.85832691192627  |   0.239   |    0.158     |     0.28     |     0.387     |
|    1     |  476.724604845047  |   0.218   |    0.141     |    0.255     |     0.355     |
|    2     | 408.9778890609741  |   0.203   |     0.13     |    0.237     |     0.336     |
|    3     | 305.73169207572937 |   0.188   |    0.118     |    0.218     |     0.318     |
|    4     | 867.9090919494629  |   0.173   |    0.106     |    0.199     |     0.297     |
+----------+--------------------+-----------+--------------+--------------+---------------+
2025-01-23 11:16:11,724 INFO    : Sum_Training_Time:2154.2016048431396
2025-01-23 11:16:11,724 INFO    : Every_Training_Time:[94.85832691192627, 476.724604845047, 408.9778890609741, 305.73169207572937, 867.9090919494629]
2025-01-23 11:16:11,724 INFO    : Forward transfer: 0.1419 Backward transfer: 0.0
