2024-09-20 13:03:02,958 INFO    : Namespace(batch_size='1024', data_path='./data/ENTITY/', dataset='ENTITY', debug=False, device=device(type='cuda', index=0), emb_dim=200, ent_r='200', epoch_num=200, explore=False, gpu='0', l2=0.0, learning_rate='2e-1', log_path='./logs/20240920130253/ENTITY', logger=<RootLogger root (INFO)>, margin=8.0, model_name='LoraKGE_Layers', multi_layers_path='train_sorted_by_edges_betweenness.txt', neg_ratio=10, note='', num_ent_layers='5', num_layer=1, num_rel_layers='1', patience=3, predict_result=False, r=100, r_fixed=True, random_seed=3407, record=False, rel_r='20', save_path='./checkpoint/ENTITY', skip_previous='False', snapshot_num=5, train_new=True, using_multi_layers=False, using_various_ranks='True', using_various_ranks_reverse=False, valid_metrics='mrr')
2024-09-20 13:03:08,971 INFO    : Snapshot:0	0	3	Epoch:0	Loss:34.146	MRR:11.79	Hits@10:28.45	Best:11.79
2024-09-20 13:03:12,237 INFO    : Snapshot:0	0	3	Epoch:1	Loss:20.905	MRR:23.01	Hits@10:45.51	Best:23.01
2024-09-20 13:03:15,428 INFO    : Snapshot:0	0	3	Epoch:2	Loss:10.329	MRR:29.87	Hits@10:52.32	Best:29.87
2024-09-20 13:03:18,581 INFO    : Snapshot:0	0	3	Epoch:3	Loss:4.876	MRR:32.11	Hits@10:54.1	Best:32.11
2024-09-20 13:03:21,717 INFO    : Snapshot:0	0	3	Epoch:4	Loss:2.693	MRR:32.68	Hits@10:55.09	Best:32.68
2024-09-20 13:03:24,887 INFO    : Snapshot:0	0	3	Epoch:5	Loss:1.753	MRR:32.85	Hits@10:55.4	Best:32.85
2024-09-20 13:03:28,006 INFO    : Snapshot:0	1	3	Epoch:6	Loss:1.3	MRR:32.84	Hits@10:55.15	Best:32.85
2024-09-20 13:03:31,158 INFO    : Snapshot:0	2	3	Epoch:7	Loss:1.061	MRR:32.57	Hits@10:55.02	Best:32.85
2024-09-20 13:03:34,400 INFO    : Early Stopping! Snapshot:0 Epoch: 8 Best Results: 32.85
2024-09-20 13:03:34,494 INFO    : => loading checkpoint './checkpoint/ENTITY\0model_best.tar'
2024-09-20 13:03:36,077 INFO    : 
+------------+--------+--------+--------+--------+---------+
| Snapshot:0 |  MRR   | Hits@1 | Hits@3 | Hits@5 | Hits@10 |
+------------+--------+--------+--------+--------+---------+
|     0      | 0.3303 | 0.212  | 0.3811 | 0.4561 |  0.5576 |
+------------+--------+--------+--------+--------+---------+
2024-09-20 13:03:49,658 INFO    : Snapshot:1	0	3	Epoch:0	Loss:11.834	MRR:16.58	Hits@10:29.52	Best:16.58
2024-09-20 13:03:56,726 INFO    : Snapshot:1	0	3	Epoch:1	Loss:4.844	MRR:18.27	Hits@10:32.87	Best:18.27
2024-09-20 13:04:03,672 INFO    : Snapshot:1	0	3	Epoch:2	Loss:4.062	MRR:19.15	Hits@10:34.23	Best:19.15
2024-09-20 13:04:10,672 INFO    : Snapshot:1	0	3	Epoch:3	Loss:3.64	MRR:19.45	Hits@10:35.01	Best:19.45
2024-09-20 13:04:17,883 INFO    : Snapshot:1	0	3	Epoch:4	Loss:3.345	MRR:20.14	Hits@10:35.71	Best:20.14
2024-09-20 13:04:24,802 INFO    : Snapshot:1	0	3	Epoch:5	Loss:3.135	MRR:20.71	Hits@10:36.84	Best:20.71
2024-09-20 13:04:31,777 INFO    : Snapshot:1	0	3	Epoch:6	Loss:3.04	MRR:21.11	Hits@10:37.28	Best:21.11
2024-09-20 13:04:38,694 INFO    : Snapshot:1	0	3	Epoch:7	Loss:2.875	MRR:21.23	Hits@10:37.89	Best:21.23
2024-09-20 13:04:45,724 INFO    : Snapshot:1	0	3	Epoch:8	Loss:2.77	MRR:21.58	Hits@10:38.45	Best:21.58
2024-09-20 13:04:52,646 INFO    : Snapshot:1	1	3	Epoch:9	Loss:2.705	MRR:21.55	Hits@10:38.08	Best:21.58
2024-09-20 13:04:59,808 INFO    : Snapshot:1	0	3	Epoch:10	Loss:2.638	MRR:21.89	Hits@10:38.58	Best:21.89
2024-09-20 13:05:06,897 INFO    : Snapshot:1	0	3	Epoch:11	Loss:2.539	MRR:22.13	Hits@10:39.14	Best:22.13
2024-09-20 13:05:13,879 INFO    : Snapshot:1	0	3	Epoch:12	Loss:2.478	MRR:22.26	Hits@10:39.5	Best:22.26
2024-09-20 13:05:20,984 INFO    : Snapshot:1	1	3	Epoch:13	Loss:2.472	MRR:22.15	Hits@10:39.44	Best:22.26
2024-09-20 13:05:27,856 INFO    : Snapshot:1	0	3	Epoch:14	Loss:2.417	MRR:22.33	Hits@10:39.8	Best:22.33
2024-09-20 13:05:34,561 INFO    : Snapshot:1	0	3	Epoch:15	Loss:2.401	MRR:22.36	Hits@10:40.17	Best:22.36
2024-09-20 13:05:41,440 INFO    : Snapshot:1	0	3	Epoch:16	Loss:2.363	MRR:22.39	Hits@10:39.94	Best:22.39
2024-09-20 13:05:48,380 INFO    : Snapshot:1	1	3	Epoch:17	Loss:2.342	MRR:22.37	Hits@10:40.23	Best:22.39
2024-09-20 13:05:55,474 INFO    : Snapshot:1	0	3	Epoch:18	Loss:2.272	MRR:22.47	Hits@10:39.96	Best:22.47
2024-09-20 13:06:02,550 INFO    : Snapshot:1	0	3	Epoch:19	Loss:2.272	MRR:22.88	Hits@10:40.43	Best:22.88
2024-09-20 13:06:09,551 INFO    : Snapshot:1	1	3	Epoch:20	Loss:2.237	MRR:22.69	Hits@10:40.31	Best:22.88
2024-09-20 13:06:16,439 INFO    : Snapshot:1	2	3	Epoch:21	Loss:2.226	MRR:22.87	Hits@10:40.47	Best:22.88
2024-09-20 13:06:23,451 INFO    : Snapshot:1	0	3	Epoch:22	Loss:2.203	MRR:22.92	Hits@10:40.57	Best:22.92
2024-09-20 13:06:30,662 INFO    : Snapshot:1	1	3	Epoch:23	Loss:2.184	MRR:22.73	Hits@10:40.39	Best:22.92
2024-09-20 13:06:37,655 INFO    : Snapshot:1	2	3	Epoch:24	Loss:2.164	MRR:22.88	Hits@10:40.58	Best:22.92
2024-09-20 13:06:44,629 INFO    : Snapshot:1	0	3	Epoch:25	Loss:2.15	MRR:23.01	Hits@10:40.79	Best:23.01
2024-09-20 13:06:51,695 INFO    : Snapshot:1	0	3	Epoch:26	Loss:2.14	MRR:23.3	Hits@10:40.94	Best:23.3
2024-09-20 13:06:58,543 INFO    : Snapshot:1	1	3	Epoch:27	Loss:2.119	MRR:22.99	Hits@10:40.77	Best:23.3
2024-09-20 13:07:05,427 INFO    : Snapshot:1	2	3	Epoch:28	Loss:2.116	MRR:23.08	Hits@10:40.91	Best:23.3
2024-09-20 13:07:12,254 INFO    : Early Stopping! Snapshot:1 Epoch: 29 Best Results: 23.3
2024-09-20 13:07:12,350 INFO    : => loading checkpoint './checkpoint/ENTITY\1model_best.tar'
2024-09-20 13:07:17,281 INFO    : 
+------------+--------+--------+--------+--------+---------+
| Snapshot:1 |  MRR   | Hits@1 | Hits@3 | Hits@5 | Hits@10 |
+------------+--------+--------+--------+--------+---------+
|     0      | 0.3303 | 0.212  | 0.3811 | 0.4561 |  0.5576 |
|     1      | 0.2329 | 0.1427 | 0.2592 | 0.3188 |  0.4097 |
+------------+--------+--------+--------+--------+---------+
2024-09-20 13:07:32,554 INFO    : Snapshot:2	0	3	Epoch:0	Loss:11.326	MRR:15.41	Hits@10:27.13	Best:15.41
2024-09-20 13:07:40,673 INFO    : Snapshot:2	0	3	Epoch:1	Loss:4.703	MRR:17.29	Hits@10:30.69	Best:17.29
2024-09-20 13:07:48,752 INFO    : Snapshot:2	0	3	Epoch:2	Loss:3.972	MRR:18.22	Hits@10:32.38	Best:18.22
2024-09-20 13:07:56,832 INFO    : Snapshot:2	0	3	Epoch:3	Loss:3.569	MRR:18.84	Hits@10:33.14	Best:18.84
2024-09-20 13:08:04,878 INFO    : Snapshot:2	0	3	Epoch:4	Loss:3.353	MRR:19.05	Hits@10:33.81	Best:19.05
2024-09-20 13:08:12,999 INFO    : Snapshot:2	0	3	Epoch:5	Loss:3.176	MRR:19.4	Hits@10:34.12	Best:19.4
2024-09-20 13:08:21,065 INFO    : Snapshot:2	0	3	Epoch:6	Loss:3.032	MRR:19.65	Hits@10:34.3	Best:19.65
2024-09-20 13:08:29,293 INFO    : Snapshot:2	1	3	Epoch:7	Loss:2.945	MRR:19.61	Hits@10:34.79	Best:19.65
2024-09-20 13:08:37,310 INFO    : Snapshot:2	0	3	Epoch:8	Loss:2.869	MRR:19.98	Hits@10:35.0	Best:19.98
2024-09-20 13:08:45,425 INFO    : Snapshot:2	0	3	Epoch:9	Loss:2.772	MRR:20.2	Hits@10:35.4	Best:20.2
2024-09-20 13:08:53,446 INFO    : Snapshot:2	0	3	Epoch:10	Loss:2.715	MRR:20.38	Hits@10:35.6	Best:20.38
2024-09-20 13:09:01,442 INFO    : Snapshot:2	1	3	Epoch:11	Loss:2.653	MRR:20.33	Hits@10:35.74	Best:20.38
2024-09-20 13:09:09,455 INFO    : Snapshot:2	2	3	Epoch:12	Loss:2.626	MRR:20.35	Hits@10:35.79	Best:20.38
2024-09-20 13:09:17,509 INFO    : Early Stopping! Snapshot:2 Epoch: 13 Best Results: 20.38
2024-09-20 13:09:17,608 INFO    : => loading checkpoint './checkpoint/ENTITY\2model_best.tar'
2024-09-20 13:09:26,893 INFO    : 
+------------+--------+--------+--------+--------+---------+
| Snapshot:2 |  MRR   | Hits@1 | Hits@3 | Hits@5 | Hits@10 |
+------------+--------+--------+--------+--------+---------+
|     0      | 0.3303 | 0.212  | 0.3811 | 0.4561 |  0.5576 |
|     1      | 0.2329 | 0.1427 | 0.2592 | 0.3188 |  0.4097 |
|     2      | 0.2024 | 0.122  | 0.2257 | 0.278  |  0.357  |
+------------+--------+--------+--------+--------+---------+
2024-09-20 13:09:44,172 INFO    : Snapshot:3	0	3	Epoch:0	Loss:10.204	MRR:14.75	Hits@10:25.5	Best:14.75
2024-09-20 13:09:53,178 INFO    : Snapshot:3	0	3	Epoch:1	Loss:3.889	MRR:16.55	Hits@10:29.33	Best:16.55
2024-09-20 13:10:02,380 INFO    : Snapshot:3	0	3	Epoch:2	Loss:3.294	MRR:17.16	Hits@10:30.23	Best:17.16
2024-09-20 13:10:11,354 INFO    : Snapshot:3	0	3	Epoch:3	Loss:3.007	MRR:17.86	Hits@10:31.69	Best:17.86
2024-09-20 13:10:20,301 INFO    : Snapshot:3	0	3	Epoch:4	Loss:2.794	MRR:18.41	Hits@10:32.24	Best:18.41
2024-09-20 13:10:29,252 INFO    : Snapshot:3	1	3	Epoch:5	Loss:2.639	MRR:18.37	Hits@10:32.49	Best:18.41
2024-09-20 13:10:38,280 INFO    : Snapshot:3	0	3	Epoch:6	Loss:2.556	MRR:18.76	Hits@10:32.78	Best:18.76
2024-09-20 13:10:47,150 INFO    : Snapshot:3	0	3	Epoch:7	Loss:2.449	MRR:18.77	Hits@10:33.03	Best:18.77
2024-09-20 13:10:56,097 INFO    : Snapshot:3	0	3	Epoch:8	Loss:2.407	MRR:18.97	Hits@10:33.52	Best:18.97
2024-09-20 13:11:05,055 INFO    : Snapshot:3	1	3	Epoch:9	Loss:2.334	MRR:18.96	Hits@10:33.57	Best:18.97
2024-09-20 13:11:14,075 INFO    : Snapshot:3	0	3	Epoch:10	Loss:2.315	MRR:19.04	Hits@10:33.51	Best:19.04
2024-09-20 13:11:23,309 INFO    : Snapshot:3	0	3	Epoch:11	Loss:2.243	MRR:19.26	Hits@10:33.75	Best:19.26
2024-09-20 13:11:32,105 INFO    : Snapshot:3	1	3	Epoch:12	Loss:2.213	MRR:18.9	Hits@10:33.65	Best:19.26
2024-09-20 13:11:40,884 INFO    : Snapshot:3	2	3	Epoch:13	Loss:2.185	MRR:19.16	Hits@10:33.68	Best:19.26
2024-09-20 13:11:49,692 INFO    : Snapshot:3	0	3	Epoch:14	Loss:2.162	MRR:19.31	Hits@10:33.92	Best:19.31
2024-09-20 13:11:58,702 INFO    : Snapshot:3	1	3	Epoch:15	Loss:2.123	MRR:19.1	Hits@10:33.72	Best:19.31
2024-09-20 13:12:07,605 INFO    : Snapshot:3	2	3	Epoch:16	Loss:2.125	MRR:19.23	Hits@10:34.11	Best:19.31
2024-09-20 13:12:16,544 INFO    : Early Stopping! Snapshot:3 Epoch: 17 Best Results: 19.31
2024-09-20 13:12:16,646 INFO    : => loading checkpoint './checkpoint/ENTITY\3model_best.tar'
2024-09-20 13:12:32,398 INFO    : 
+------------+--------+--------+--------+--------+---------+
| Snapshot:3 |  MRR   | Hits@1 | Hits@3 | Hits@5 | Hits@10 |
+------------+--------+--------+--------+--------+---------+
|     0      | 0.3303 | 0.212  | 0.3811 | 0.4561 |  0.5576 |
|     1      | 0.2329 | 0.1427 | 0.2592 | 0.3188 |  0.4097 |
|     2      | 0.2024 | 0.122  | 0.2257 | 0.278  |  0.357  |
|     3      | 0.1939 | 0.1168 | 0.2168 | 0.2668 |  0.3431 |
+------------+--------+--------+--------+--------+---------+
2024-09-20 13:12:47,539 INFO    : Snapshot:4	0	3	Epoch:0	Loss:7.176	MRR:18.51	Hits@10:30.86	Best:18.51
2024-09-20 13:12:54,675 INFO    : Snapshot:4	0	3	Epoch:1	Loss:2.036	MRR:20.8	Hits@10:35.59	Best:20.8
2024-09-20 13:13:02,077 INFO    : Snapshot:4	0	3	Epoch:2	Loss:1.621	MRR:21.98	Hits@10:37.82	Best:21.98
2024-09-20 13:13:09,662 INFO    : Snapshot:4	0	3	Epoch:3	Loss:1.413	MRR:22.24	Hits@10:38.43	Best:22.24
2024-09-20 13:13:16,808 INFO    : Snapshot:4	0	3	Epoch:4	Loss:1.303	MRR:22.69	Hits@10:39.85	Best:22.69
2024-09-20 13:13:23,958 INFO    : Snapshot:4	0	3	Epoch:5	Loss:1.215	MRR:22.84	Hits@10:39.46	Best:22.84
2024-09-20 13:13:31,127 INFO    : Snapshot:4	0	3	Epoch:6	Loss:1.162	MRR:22.98	Hits@10:39.88	Best:22.98
2024-09-20 13:13:38,168 INFO    : Snapshot:4	0	3	Epoch:7	Loss:1.106	MRR:23.08	Hits@10:39.88	Best:23.08
2024-09-20 13:13:45,199 INFO    : Snapshot:4	0	3	Epoch:8	Loss:1.066	MRR:23.38	Hits@10:40.66	Best:23.38
2024-09-20 13:13:52,273 INFO    : Snapshot:4	1	3	Epoch:9	Loss:1.04	MRR:23.24	Hits@10:40.46	Best:23.38
2024-09-20 13:13:59,148 INFO    : Snapshot:4	2	3	Epoch:10	Loss:1.018	MRR:23.19	Hits@10:40.42	Best:23.38
2024-09-20 13:14:06,483 INFO    : Early Stopping! Snapshot:4 Epoch: 11 Best Results: 23.38
2024-09-20 13:14:06,585 INFO    : => loading checkpoint './checkpoint/ENTITY\4model_best.tar'
2024-09-20 13:14:25,904 INFO    : 
+------------+--------+--------+--------+--------+---------+
| Snapshot:4 |  MRR   | Hits@1 | Hits@3 | Hits@5 | Hits@10 |
+------------+--------+--------+--------+--------+---------+
|     0      | 0.3303 | 0.212  | 0.3811 | 0.4561 |  0.5576 |
|     1      | 0.2329 | 0.1427 | 0.2592 | 0.3188 |  0.4097 |
|     2      | 0.2024 | 0.122  | 0.2257 | 0.278  |  0.357  |
|     3      | 0.1939 | 0.1168 | 0.2168 | 0.2668 |  0.3431 |
|     4      | 0.2375 | 0.1457 | 0.2735 | 0.3329 |  0.4132 |
+------------+--------+--------+--------+--------+---------+
2024-09-20 13:14:25,905 INFO    : Final Result:
[+------------+--------+--------+--------+--------+---------+
| Snapshot:0 |  MRR   | Hits@1 | Hits@3 | Hits@5 | Hits@10 |
+------------+--------+--------+--------+--------+---------+
|     0      | 0.3303 | 0.212  | 0.3811 | 0.4561 |  0.5576 |
+------------+--------+--------+--------+--------+---------+, +------------+--------+--------+--------+--------+---------+
| Snapshot:1 |  MRR   | Hits@1 | Hits@3 | Hits@5 | Hits@10 |
+------------+--------+--------+--------+--------+---------+
|     0      | 0.3303 | 0.212  | 0.3811 | 0.4561 |  0.5576 |
|     1      | 0.2329 | 0.1427 | 0.2592 | 0.3188 |  0.4097 |
+------------+--------+--------+--------+--------+---------+, +------------+--------+--------+--------+--------+---------+
| Snapshot:2 |  MRR   | Hits@1 | Hits@3 | Hits@5 | Hits@10 |
+------------+--------+--------+--------+--------+---------+
|     0      | 0.3303 | 0.212  | 0.3811 | 0.4561 |  0.5576 |
|     1      | 0.2329 | 0.1427 | 0.2592 | 0.3188 |  0.4097 |
|     2      | 0.2024 | 0.122  | 0.2257 | 0.278  |  0.357  |
+------------+--------+--------+--------+--------+---------+, +------------+--------+--------+--------+--------+---------+
| Snapshot:3 |  MRR   | Hits@1 | Hits@3 | Hits@5 | Hits@10 |
+------------+--------+--------+--------+--------+---------+
|     0      | 0.3303 | 0.212  | 0.3811 | 0.4561 |  0.5576 |
|     1      | 0.2329 | 0.1427 | 0.2592 | 0.3188 |  0.4097 |
|     2      | 0.2024 | 0.122  | 0.2257 | 0.278  |  0.357  |
|     3      | 0.1939 | 0.1168 | 0.2168 | 0.2668 |  0.3431 |
+------------+--------+--------+--------+--------+---------+, +------------+--------+--------+--------+--------+---------+
| Snapshot:4 |  MRR   | Hits@1 | Hits@3 | Hits@5 | Hits@10 |
+------------+--------+--------+--------+--------+---------+
|     0      | 0.3303 | 0.212  | 0.3811 | 0.4561 |  0.5576 |
|     1      | 0.2329 | 0.1427 | 0.2592 | 0.3188 |  0.4097 |
|     2      | 0.2024 | 0.122  | 0.2257 | 0.278  |  0.357  |
|     3      | 0.1939 | 0.1168 | 0.2168 | 0.2668 |  0.3431 |
|     4      | 0.2375 | 0.1457 | 0.2735 | 0.3329 |  0.4132 |
+------------+--------+--------+--------+--------+---------+]
2024-09-20 13:14:25,907 INFO    : Report Result:
+----------+--------------------+-----------+--------------+--------------+---------------+
| Snapshot |        Time        | Whole_MRR | Whole_Hits@1 | Whole_Hits@3 | Whole_Hits@10 |
+----------+--------------------+-----------+--------------+--------------+---------------+
|    0     | 31.44307827949524  |    0.33   |    0.212     |    0.381     |     0.558     |
|    1     | 212.58333587646484 |   0.271   |     0.17     |    0.307     |     0.468     |
|    2     | 115.92734932899475 |   0.245   |    0.151     |    0.276     |     0.425     |
|    3     | 164.12195301055908 |   0.231   |    0.142     |     0.26     |     0.403     |
|    4     | 88.99149632453918  |   0.232   |    0.143     |    0.262     |     0.405     |
+----------+--------------------+-----------+--------------+--------------+---------------+
2024-09-20 13:14:25,907 INFO    : Sum_Training_Time:613.0672128200531
2024-09-20 13:14:25,907 INFO    : Every_Training_Time:[31.44307827949524, 212.58333587646484, 115.92734932899475, 164.12195301055908, 88.99149632453918]
2024-09-20 13:14:25,907 INFO    : Forward transfer: 0.041049999999999996 Backward transfer: 0.0
