2024-09-19 12:28:27,114 INFO    : Namespace(batch_size='512', data_path='./data/HYBRID/', dataset='HYBRID', debug=False, device=device(type='cuda', index=0), emb_dim=200, ent_r='150', epoch_num=200, explore=False, gpu='0', l2=0.0, learning_rate='2e-1', log_path='./logs/20240919122819/HYBRID', logger=<RootLogger root (INFO)>, margin=8.0, model_name='LoraKGE_Layers', multi_layers_path='train_sorted_by_edges_betweenness.txt', neg_ratio=10, note='', num_ent_layers='20', num_layer=1, num_rel_layers='1', patience=3, predict_result=False, r=100, r_fixed=True, random_seed=3407, record=False, rel_r='20', save_path='./checkpoint/HYBRID', skip_previous='False', snapshot_num=5, train_new=True, using_multi_layers=False, using_various_ranks='True', using_various_ranks_reverse=False, valid_metrics='mrr')
2024-09-19 12:28:35,325 INFO    : Snapshot:0	0	3	Epoch:0	Loss:75.364	MRR:14.46	Hits@10:28.35	Best:14.46
2024-09-19 12:28:40,859 INFO    : Snapshot:0	0	3	Epoch:1	Loss:37.49	MRR:22.35	Hits@10:39.99	Best:22.35
2024-09-19 12:28:46,449 INFO    : Snapshot:0	0	3	Epoch:2	Loss:17.512	MRR:24.62	Hits@10:43.67	Best:24.62
2024-09-19 12:28:51,908 INFO    : Snapshot:0	0	3	Epoch:3	Loss:9.35	MRR:25.2	Hits@10:44.45	Best:25.2
2024-09-19 12:28:57,390 INFO    : Snapshot:0	1	3	Epoch:4	Loss:5.752	MRR:25.17	Hits@10:44.52	Best:25.2
2024-09-19 12:29:02,845 INFO    : Snapshot:0	2	3	Epoch:5	Loss:4.028	MRR:24.94	Hits@10:44.55	Best:25.2
2024-09-19 12:29:08,247 INFO    : Early Stopping! Snapshot:0 Epoch: 6 Best Results: 25.2
2024-09-19 12:29:08,338 INFO    : => loading checkpoint './checkpoint/HYBRID\0model_best.tar'
2024-09-19 12:29:11,599 INFO    : 
+------------+--------+--------+--------+--------+---------+
| Snapshot:0 |  MRR   | Hits@1 | Hits@3 | Hits@5 | Hits@10 |
+------------+--------+--------+--------+--------+---------+
|     0      | 0.2543 | 0.154  | 0.3053 | 0.365  |  0.4371 |
+------------+--------+--------+--------+--------+---------+
2024-09-19 12:29:19,271 INFO    : Snapshot:1	0	3	Epoch:0	Loss:12.614	MRR:23.38	Hits@10:41.66	Best:23.38
2024-09-19 12:29:22,153 INFO    : Snapshot:1	0	3	Epoch:1	Loss:6.634	MRR:24.86	Hits@10:44.05	Best:24.86
2024-09-19 12:29:24,998 INFO    : Snapshot:1	0	3	Epoch:2	Loss:5.821	MRR:25.46	Hits@10:45.47	Best:25.46
2024-09-19 12:29:27,797 INFO    : Snapshot:1	0	3	Epoch:3	Loss:5.477	MRR:26.09	Hits@10:46.06	Best:26.09
2024-09-19 12:29:30,617 INFO    : Snapshot:1	0	3	Epoch:4	Loss:5.288	MRR:26.67	Hits@10:46.07	Best:26.67
2024-09-19 12:29:33,438 INFO    : Snapshot:1	1	3	Epoch:5	Loss:5.136	MRR:26.4	Hits@10:46.47	Best:26.67
2024-09-19 12:29:36,228 INFO    : Snapshot:1	2	3	Epoch:6	Loss:5.059	MRR:26.49	Hits@10:46.55	Best:26.67
2024-09-19 12:29:39,042 INFO    : Snapshot:1	0	3	Epoch:7	Loss:4.956	MRR:26.97	Hits@10:47.16	Best:26.97
2024-09-19 12:29:41,847 INFO    : Snapshot:1	1	3	Epoch:8	Loss:4.895	MRR:26.82	Hits@10:46.72	Best:26.97
2024-09-19 12:29:44,643 INFO    : Snapshot:1	0	3	Epoch:9	Loss:4.852	MRR:27.14	Hits@10:47.37	Best:27.14
2024-09-19 12:29:47,495 INFO    : Snapshot:1	0	3	Epoch:10	Loss:4.812	MRR:27.34	Hits@10:47.28	Best:27.34
2024-09-19 12:29:50,282 INFO    : Snapshot:1	1	3	Epoch:11	Loss:4.792	MRR:27.25	Hits@10:46.86	Best:27.34
2024-09-19 12:29:53,156 INFO    : Snapshot:1	2	3	Epoch:12	Loss:4.764	MRR:27.08	Hits@10:47.19	Best:27.34
2024-09-19 12:29:56,031 INFO    : Snapshot:1	0	3	Epoch:13	Loss:4.705	MRR:27.43	Hits@10:47.39	Best:27.43
2024-09-19 12:29:58,901 INFO    : Snapshot:1	0	3	Epoch:14	Loss:4.705	MRR:27.44	Hits@10:47.29	Best:27.44
2024-09-19 12:30:01,927 INFO    : Snapshot:1	0	3	Epoch:15	Loss:4.658	MRR:27.74	Hits@10:47.63	Best:27.74
2024-09-19 12:30:04,765 INFO    : Snapshot:1	0	3	Epoch:16	Loss:4.651	MRR:27.82	Hits@10:47.26	Best:27.82
2024-09-19 12:30:07,762 INFO    : Snapshot:1	1	3	Epoch:17	Loss:4.651	MRR:27.67	Hits@10:47.39	Best:27.82
2024-09-19 12:30:10,594 INFO    : Snapshot:1	2	3	Epoch:18	Loss:4.632	MRR:27.52	Hits@10:47.46	Best:27.82
2024-09-19 12:30:13,429 INFO    : Early Stopping! Snapshot:1 Epoch: 19 Best Results: 27.82
2024-09-19 12:30:13,520 INFO    : => loading checkpoint './checkpoint/HYBRID\1model_best.tar'
2024-09-19 12:30:18,637 INFO    : 
+------------+--------+--------+--------+--------+---------+
| Snapshot:1 |  MRR   | Hits@1 | Hits@3 | Hits@5 | Hits@10 |
+------------+--------+--------+--------+--------+---------+
|     0      | 0.2543 | 0.154  | 0.3053 | 0.365  |  0.4371 |
|     1      | 0.2705 | 0.1692 | 0.3169 | 0.3816 |  0.4656 |
+------------+--------+--------+--------+--------+---------+
2024-09-19 12:30:44,939 INFO    : Snapshot:2	0	3	Epoch:0	Loss:45.873	MRR:15.92	Hits@10:28.85	Best:15.92
2024-09-19 12:31:00,030 INFO    : Snapshot:2	0	3	Epoch:1	Loss:32.704	MRR:16.66	Hits@10:29.99	Best:16.66
2024-09-19 12:31:14,667 INFO    : Snapshot:2	0	3	Epoch:2	Loss:30.791	MRR:16.98	Hits@10:30.74	Best:16.98
2024-09-19 12:31:29,250 INFO    : Snapshot:2	0	3	Epoch:3	Loss:29.688	MRR:17.54	Hits@10:31.58	Best:17.54
2024-09-19 12:31:44,031 INFO    : Snapshot:2	0	3	Epoch:4	Loss:29.034	MRR:17.87	Hits@10:31.83	Best:17.87
2024-09-19 12:31:58,956 INFO    : Snapshot:2	0	3	Epoch:5	Loss:28.524	MRR:18.07	Hits@10:32.09	Best:18.07
2024-09-19 12:32:13,858 INFO    : Snapshot:2	0	3	Epoch:6	Loss:28.158	MRR:18.24	Hits@10:32.27	Best:18.24
2024-09-19 12:32:28,703 INFO    : Snapshot:2	0	3	Epoch:7	Loss:27.924	MRR:18.38	Hits@10:32.59	Best:18.38
2024-09-19 12:32:43,645 INFO    : Snapshot:2	1	3	Epoch:8	Loss:27.642	MRR:18.25	Hits@10:32.67	Best:18.38
2024-09-19 12:32:58,622 INFO    : Snapshot:2	0	3	Epoch:9	Loss:27.413	MRR:18.64	Hits@10:33.01	Best:18.64
2024-09-19 12:33:13,415 INFO    : Snapshot:2	1	3	Epoch:10	Loss:27.31	MRR:18.64	Hits@10:32.91	Best:18.64
2024-09-19 12:33:28,450 INFO    : Snapshot:2	0	3	Epoch:11	Loss:27.191	MRR:18.72	Hits@10:33.26	Best:18.72
2024-09-19 12:33:43,821 INFO    : Snapshot:2	0	3	Epoch:12	Loss:27.038	MRR:18.79	Hits@10:33.26	Best:18.79
2024-09-19 12:33:58,832 INFO    : Snapshot:2	0	3	Epoch:13	Loss:26.905	MRR:18.98	Hits@10:33.11	Best:18.98
2024-09-19 12:34:14,035 INFO    : Snapshot:2	0	3	Epoch:14	Loss:26.883	MRR:19.02	Hits@10:33.42	Best:19.02
2024-09-19 12:34:29,166 INFO    : Snapshot:2	1	3	Epoch:15	Loss:26.799	MRR:18.93	Hits@10:33.46	Best:19.02
2024-09-19 12:34:44,758 INFO    : Snapshot:2	2	3	Epoch:16	Loss:26.627	MRR:19.02	Hits@10:33.46	Best:19.02
2024-09-19 12:35:00,339 INFO    : Early Stopping! Snapshot:2 Epoch: 17 Best Results: 19.02
2024-09-19 12:35:00,439 INFO    : => loading checkpoint './checkpoint/HYBRID\2model_best.tar'
2024-09-19 12:35:13,065 INFO    : 
+------------+--------+--------+--------+--------+---------+
| Snapshot:2 |  MRR   | Hits@1 | Hits@3 | Hits@5 | Hits@10 |
+------------+--------+--------+--------+--------+---------+
|     0      | 0.2543 | 0.154  | 0.3053 | 0.365  |  0.4371 |
|     1      | 0.2705 | 0.1692 | 0.3169 | 0.3816 |  0.4656 |
|     2      | 0.1878 | 0.1143 | 0.2122 | 0.263  |  0.3293 |
+------------+--------+--------+--------+--------+---------+
2024-09-19 12:35:44,561 INFO    : Snapshot:3	0	3	Epoch:0	Loss:52.092	MRR:14.96	Hits@10:27.97	Best:14.96
2024-09-19 12:36:03,880 INFO    : Snapshot:3	0	3	Epoch:1	Loss:41.646	MRR:15.72	Hits@10:29.47	Best:15.72
2024-09-19 12:36:23,357 INFO    : Snapshot:3	0	3	Epoch:2	Loss:40.212	MRR:15.99	Hits@10:30.28	Best:15.99
2024-09-19 12:36:43,814 INFO    : Snapshot:3	0	3	Epoch:3	Loss:39.534	MRR:16.35	Hits@10:30.54	Best:16.35
2024-09-19 12:37:03,333 INFO    : Snapshot:3	0	3	Epoch:4	Loss:39.061	MRR:16.69	Hits@10:30.92	Best:16.69
2024-09-19 12:37:22,223 INFO    : Snapshot:3	0	3	Epoch:5	Loss:38.67	MRR:16.76	Hits@10:31.09	Best:16.76
2024-09-19 12:37:41,384 INFO    : Snapshot:3	0	3	Epoch:6	Loss:38.396	MRR:16.99	Hits@10:31.25	Best:16.99
2024-09-19 12:38:00,313 INFO    : Snapshot:3	1	3	Epoch:7	Loss:38.254	MRR:16.9	Hits@10:31.22	Best:16.99
2024-09-19 12:38:19,114 INFO    : Snapshot:3	2	3	Epoch:8	Loss:37.995	MRR:16.98	Hits@10:31.23	Best:16.99
2024-09-19 12:38:38,435 INFO    : Snapshot:3	0	3	Epoch:9	Loss:37.84	MRR:17.38	Hits@10:31.73	Best:17.38
2024-09-19 12:38:57,798 INFO    : Snapshot:3	1	3	Epoch:10	Loss:37.701	MRR:17.12	Hits@10:31.4	Best:17.38
2024-09-19 12:39:17,120 INFO    : Snapshot:3	2	3	Epoch:11	Loss:37.663	MRR:17.0	Hits@10:31.48	Best:17.38
2024-09-19 12:39:36,027 INFO    : Early Stopping! Snapshot:3 Epoch: 12 Best Results: 17.38
2024-09-19 12:39:36,127 INFO    : => loading checkpoint './checkpoint/HYBRID\3model_best.tar'
2024-09-19 12:39:58,716 INFO    : 
+------------+--------+--------+--------+--------+---------+
| Snapshot:3 |  MRR   | Hits@1 | Hits@3 | Hits@5 | Hits@10 |
+------------+--------+--------+--------+--------+---------+
|     0      | 0.2543 | 0.154  | 0.3053 | 0.365  |  0.4371 |
|     1      | 0.2705 | 0.1692 | 0.3169 | 0.3816 |  0.4656 |
|     2      | 0.1878 | 0.1143 | 0.2122 | 0.263  |  0.3293 |
|     3      | 0.1726 | 0.0951 | 0.2051 | 0.2542 |  0.3191 |
+------------+--------+--------+--------+--------+---------+
2024-09-19 12:40:12,723 INFO    : Snapshot:4	0	3	Epoch:0	Loss:27.601	MRR:13.5	Hits@10:23.44	Best:13.5
2024-09-19 12:40:20,316 INFO    : Snapshot:4	0	3	Epoch:1	Loss:24.975	MRR:13.82	Hits@10:23.93	Best:13.82
2024-09-19 12:40:27,947 INFO    : Snapshot:4	1	3	Epoch:2	Loss:24.721	MRR:13.59	Hits@10:23.87	Best:13.82
2024-09-19 12:40:35,454 INFO    : Snapshot:4	0	3	Epoch:3	Loss:24.614	MRR:13.9	Hits@10:23.92	Best:13.9
2024-09-19 12:40:43,021 INFO    : Snapshot:4	0	3	Epoch:4	Loss:24.618	MRR:13.92	Hits@10:24.04	Best:13.92
2024-09-19 12:40:50,555 INFO    : Snapshot:4	1	3	Epoch:5	Loss:24.437	MRR:13.86	Hits@10:24.17	Best:13.92
2024-09-19 12:40:58,066 INFO    : Snapshot:4	0	3	Epoch:6	Loss:24.388	MRR:13.97	Hits@10:24.18	Best:13.97
2024-09-19 12:41:05,562 INFO    : Snapshot:4	1	3	Epoch:7	Loss:24.408	MRR:13.74	Hits@10:24.07	Best:13.97
2024-09-19 12:41:13,499 INFO    : Snapshot:4	2	3	Epoch:8	Loss:24.444	MRR:13.89	Hits@10:24.18	Best:13.97
2024-09-19 12:41:20,861 INFO    : Early Stopping! Snapshot:4 Epoch: 9 Best Results: 13.97
2024-09-19 12:41:20,958 INFO    : => loading checkpoint './checkpoint/HYBRID\4model_best.tar'
2024-09-19 12:41:47,444 INFO    : 
+------------+--------+--------+--------+--------+---------+
| Snapshot:4 |  MRR   | Hits@1 | Hits@3 | Hits@5 | Hits@10 |
+------------+--------+--------+--------+--------+---------+
|     0      | 0.2543 | 0.154  | 0.3053 | 0.365  |  0.4371 |
|     1      | 0.2705 | 0.1692 | 0.3169 | 0.3816 |  0.4656 |
|     2      | 0.1878 | 0.1143 | 0.2122 | 0.263  |  0.3293 |
|     3      | 0.1726 | 0.0951 | 0.2051 | 0.2542 |  0.3191 |
|     4      | 0.1394 | 0.0883 | 0.1537 | 0.1876 |  0.2374 |
+------------+--------+--------+--------+--------+---------+
2024-09-19 12:41:47,445 INFO    : Final Result:
[+------------+--------+--------+--------+--------+---------+
| Snapshot:0 |  MRR   | Hits@1 | Hits@3 | Hits@5 | Hits@10 |
+------------+--------+--------+--------+--------+---------+
|     0      | 0.2543 | 0.154  | 0.3053 | 0.365  |  0.4371 |
+------------+--------+--------+--------+--------+---------+, +------------+--------+--------+--------+--------+---------+
| Snapshot:1 |  MRR   | Hits@1 | Hits@3 | Hits@5 | Hits@10 |
+------------+--------+--------+--------+--------+---------+
|     0      | 0.2543 | 0.154  | 0.3053 | 0.365  |  0.4371 |
|     1      | 0.2705 | 0.1692 | 0.3169 | 0.3816 |  0.4656 |
+------------+--------+--------+--------+--------+---------+, +------------+--------+--------+--------+--------+---------+
| Snapshot:2 |  MRR   | Hits@1 | Hits@3 | Hits@5 | Hits@10 |
+------------+--------+--------+--------+--------+---------+
|     0      | 0.2543 | 0.154  | 0.3053 | 0.365  |  0.4371 |
|     1      | 0.2705 | 0.1692 | 0.3169 | 0.3816 |  0.4656 |
|     2      | 0.1878 | 0.1143 | 0.2122 | 0.263  |  0.3293 |
+------------+--------+--------+--------+--------+---------+, +------------+--------+--------+--------+--------+---------+
| Snapshot:3 |  MRR   | Hits@1 | Hits@3 | Hits@5 | Hits@10 |
+------------+--------+--------+--------+--------+---------+
|     0      | 0.2543 | 0.154  | 0.3053 | 0.365  |  0.4371 |
|     1      | 0.2705 | 0.1692 | 0.3169 | 0.3816 |  0.4656 |
|     2      | 0.1878 | 0.1143 | 0.2122 | 0.263  |  0.3293 |
|     3      | 0.1726 | 0.0951 | 0.2051 | 0.2542 |  0.3191 |
+------------+--------+--------+--------+--------+---------+, +------------+--------+--------+--------+--------+---------+
| Snapshot:4 |  MRR   | Hits@1 | Hits@3 | Hits@5 | Hits@10 |
+------------+--------+--------+--------+--------+---------+
|     0      | 0.2543 | 0.154  | 0.3053 | 0.365  |  0.4371 |
|     1      | 0.2705 | 0.1692 | 0.3169 | 0.3816 |  0.4656 |
|     2      | 0.1878 | 0.1143 | 0.2122 | 0.263  |  0.3293 |
|     3      | 0.1726 | 0.0951 | 0.2051 | 0.2542 |  0.3191 |
|     4      | 0.1394 | 0.0883 | 0.1537 | 0.1876 |  0.2374 |
+------------+--------+--------+--------+--------+---------+]
2024-09-19 12:41:47,446 INFO    : Report Result:
+----------+--------------------+-----------+--------------+--------------+---------------+
| Snapshot |        Time        | Whole_MRR | Whole_Hits@1 | Whole_Hits@3 | Whole_Hits@10 |
+----------+--------------------+-----------+--------------+--------------+---------------+
|    0     | 41.132742404937744 |   0.254   |    0.154     |    0.305     |     0.437     |
|    1     | 59.92071986198425  |   0.259   |    0.158     |    0.308     |     0.445     |
|    2     | 274.2207863330841  |   0.221   |    0.135     |    0.258     |     0.384     |
|    3     | 252.62779808044434 |   0.203   |     0.12     |    0.237     |     0.359     |
|    4     | 77.53830862045288  |   0.194   |    0.116     |    0.227     |     0.343     |
+----------+--------------------+-----------+--------------+--------------+---------------+
2024-09-19 12:41:47,446 INFO    : Sum_Training_Time:705.4403553009033
2024-09-19 12:41:47,446 INFO    : Every_Training_Time:[41.132742404937744, 59.92071986198425, 274.2207863330841, 252.62779808044434, 77.53830862045288]
2024-09-19 12:41:47,446 INFO    : Forward transfer: 0.036599999999999994 Backward transfer: 0.0
