2024-09-19 15:09:32,498 INFO    : Namespace(batch_size='512', data_path='./data/HYBRID/', dataset='HYBRID', debug=False, device=device(type='cuda', index=0), emb_dim=200, ent_r='200', epoch_num=200, explore=False, gpu='0', l2=0.0, learning_rate='1e-1', log_path='./logs/20240919150924/HYBRID', logger=<RootLogger root (INFO)>, margin=8.0, model_name='LoraKGE_Layers', multi_layers_path='train_sorted_by_edges_betweenness.txt', neg_ratio=10, note='', num_ent_layers='10', num_layer=1, num_rel_layers='1', patience=3, predict_result=False, r=100, r_fixed=True, random_seed=3407, record=False, rel_r='20', save_path='./checkpoint/HYBRID', skip_previous='False', snapshot_num=5, train_new=True, using_multi_layers=False, using_various_ranks='True', using_various_ranks_reverse=False, valid_metrics='mrr')
2024-09-19 15:09:40,585 INFO    : Snapshot:0	0	3	Epoch:0	Loss:69.018	MRR:18.39	Hits@10:34.45	Best:18.39
2024-09-19 15:09:46,216 INFO    : Snapshot:0	0	3	Epoch:1	Loss:27.145	MRR:24.32	Hits@10:43.13	Best:24.32
2024-09-19 15:09:51,821 INFO    : Snapshot:0	0	3	Epoch:2	Loss:11.253	MRR:25.12	Hits@10:44.52	Best:25.12
2024-09-19 15:09:57,605 INFO    : Snapshot:0	1	3	Epoch:3	Loss:6.009	MRR:24.97	Hits@10:44.49	Best:25.12
2024-09-19 15:10:03,208 INFO    : Snapshot:0	2	3	Epoch:4	Loss:3.952	MRR:24.95	Hits@10:44.55	Best:25.12
2024-09-19 15:10:08,929 INFO    : Early Stopping! Snapshot:0 Epoch: 5 Best Results: 25.12
2024-09-19 15:10:09,021 INFO    : => loading checkpoint './checkpoint/HYBRID\0model_best.tar'
2024-09-19 15:10:12,421 INFO    : 
+------------+-------+--------+--------+--------+---------+
| Snapshot:0 |  MRR  | Hits@1 | Hits@3 | Hits@5 | Hits@10 |
+------------+-------+--------+--------+--------+---------+
|     0      | 0.254 | 0.1533 | 0.306  | 0.3663 |  0.4388 |
+------------+-------+--------+--------+--------+---------+
2024-09-19 15:10:19,474 INFO    : Snapshot:1	0	3	Epoch:0	Loss:14.021	MRR:22.53	Hits@10:40.89	Best:22.53
2024-09-19 15:10:22,309 INFO    : Snapshot:1	0	3	Epoch:1	Loss:6.944	MRR:25.19	Hits@10:44.6	Best:25.19
2024-09-19 15:10:24,947 INFO    : Snapshot:1	0	3	Epoch:2	Loss:5.973	MRR:26.51	Hits@10:45.58	Best:26.51
2024-09-19 15:10:27,683 INFO    : Snapshot:1	0	3	Epoch:3	Loss:5.525	MRR:26.63	Hits@10:46.0	Best:26.63
2024-09-19 15:10:30,283 INFO    : Snapshot:1	0	3	Epoch:4	Loss:5.313	MRR:26.9	Hits@10:46.6	Best:26.9
2024-09-19 15:10:32,874 INFO    : Snapshot:1	0	3	Epoch:5	Loss:5.155	MRR:27.2	Hits@10:46.67	Best:27.2
2024-09-19 15:10:35,482 INFO    : Snapshot:1	1	3	Epoch:6	Loss:5.031	MRR:27.14	Hits@10:46.92	Best:27.2
2024-09-19 15:10:38,107 INFO    : Snapshot:1	0	3	Epoch:7	Loss:4.968	MRR:27.3	Hits@10:46.92	Best:27.3
2024-09-19 15:10:40,698 INFO    : Snapshot:1	1	3	Epoch:8	Loss:4.913	MRR:27.06	Hits@10:46.78	Best:27.3
2024-09-19 15:10:43,376 INFO    : Snapshot:1	0	3	Epoch:9	Loss:4.862	MRR:27.57	Hits@10:46.86	Best:27.57
2024-09-19 15:10:45,972 INFO    : Snapshot:1	1	3	Epoch:10	Loss:4.795	MRR:27.23	Hits@10:46.86	Best:27.57
2024-09-19 15:10:48,594 INFO    : Snapshot:1	0	3	Epoch:11	Loss:4.758	MRR:27.67	Hits@10:47.08	Best:27.67
2024-09-19 15:10:51,273 INFO    : Snapshot:1	0	3	Epoch:12	Loss:4.714	MRR:27.93	Hits@10:47.5	Best:27.93
2024-09-19 15:10:53,830 INFO    : Snapshot:1	1	3	Epoch:13	Loss:4.734	MRR:27.33	Hits@10:47.39	Best:27.93
2024-09-19 15:10:56,434 INFO    : Snapshot:1	2	3	Epoch:14	Loss:4.682	MRR:27.79	Hits@10:47.39	Best:27.93
2024-09-19 15:10:59,133 INFO    : Snapshot:1	0	3	Epoch:15	Loss:4.685	MRR:28.01	Hits@10:48.0	Best:28.01
2024-09-19 15:11:01,788 INFO    : Snapshot:1	1	3	Epoch:16	Loss:4.656	MRR:27.69	Hits@10:47.38	Best:28.01
2024-09-19 15:11:04,444 INFO    : Snapshot:1	2	3	Epoch:17	Loss:4.618	MRR:27.61	Hits@10:47.19	Best:28.01
2024-09-19 15:11:07,053 INFO    : Early Stopping! Snapshot:1 Epoch: 18 Best Results: 28.01
2024-09-19 15:11:07,148 INFO    : => loading checkpoint './checkpoint/HYBRID\1model_best.tar'
2024-09-19 15:11:12,351 INFO    : 
+------------+--------+--------+--------+--------+---------+
| Snapshot:1 |  MRR   | Hits@1 | Hits@3 | Hits@5 | Hits@10 |
+------------+--------+--------+--------+--------+---------+
|     0      | 0.254  | 0.1533 | 0.306  | 0.3663 |  0.4388 |
|     1      | 0.2733 | 0.176  | 0.3127 | 0.379  |  0.4651 |
+------------+--------+--------+--------+--------+---------+
2024-09-19 15:11:36,619 INFO    : Snapshot:2	0	3	Epoch:0	Loss:47.359	MRR:15.43	Hits@10:28.6	Best:15.43
2024-09-19 15:11:50,863 INFO    : Snapshot:2	0	3	Epoch:1	Loss:32.512	MRR:16.27	Hits@10:30.3	Best:16.27
2024-09-19 15:12:05,213 INFO    : Snapshot:2	0	3	Epoch:2	Loss:30.432	MRR:16.84	Hits@10:30.99	Best:16.84
2024-09-19 15:12:19,673 INFO    : Snapshot:2	0	3	Epoch:3	Loss:29.491	MRR:17.61	Hits@10:31.77	Best:17.61
2024-09-19 15:12:33,797 INFO    : Snapshot:2	0	3	Epoch:4	Loss:28.821	MRR:17.75	Hits@10:32.08	Best:17.75
2024-09-19 15:12:48,278 INFO    : Snapshot:2	0	3	Epoch:5	Loss:28.357	MRR:18.01	Hits@10:32.39	Best:18.01
2024-09-19 15:13:02,660 INFO    : Snapshot:2	0	3	Epoch:6	Loss:27.987	MRR:18.15	Hits@10:32.69	Best:18.15
2024-09-19 15:13:17,723 INFO    : Snapshot:2	1	3	Epoch:7	Loss:27.681	MRR:18.04	Hits@10:32.5	Best:18.15
2024-09-19 15:13:32,159 INFO    : Snapshot:2	0	3	Epoch:8	Loss:27.409	MRR:18.28	Hits@10:32.65	Best:18.28
2024-09-19 15:13:46,388 INFO    : Snapshot:2	0	3	Epoch:9	Loss:27.329	MRR:18.54	Hits@10:32.94	Best:18.54
2024-09-19 15:14:00,853 INFO    : Snapshot:2	0	3	Epoch:10	Loss:27.267	MRR:18.59	Hits@10:33.24	Best:18.59
2024-09-19 15:14:14,894 INFO    : Snapshot:2	0	3	Epoch:11	Loss:27.057	MRR:18.77	Hits@10:33.4	Best:18.77
2024-09-19 15:14:28,854 INFO    : Snapshot:2	1	3	Epoch:12	Loss:26.894	MRR:18.52	Hits@10:33.4	Best:18.77
2024-09-19 15:14:43,036 INFO    : Snapshot:2	0	3	Epoch:13	Loss:26.864	MRR:18.81	Hits@10:33.41	Best:18.81
2024-09-19 15:14:57,043 INFO    : Snapshot:2	1	3	Epoch:14	Loss:26.726	MRR:18.7	Hits@10:33.42	Best:18.81
2024-09-19 15:15:10,895 INFO    : Snapshot:2	2	3	Epoch:15	Loss:26.66	MRR:18.8	Hits@10:33.44	Best:18.81
2024-09-19 15:15:24,758 INFO    : Early Stopping! Snapshot:2 Epoch: 16 Best Results: 18.81
2024-09-19 15:15:24,864 INFO    : => loading checkpoint './checkpoint/HYBRID\2model_best.tar'
2024-09-19 15:15:37,948 INFO    : 
+------------+--------+--------+--------+--------+---------+
| Snapshot:2 |  MRR   | Hits@1 | Hits@3 | Hits@5 | Hits@10 |
+------------+--------+--------+--------+--------+---------+
|     0      | 0.254  | 0.1533 | 0.306  | 0.3663 |  0.4388 |
|     1      | 0.2733 | 0.176  | 0.3127 | 0.379  |  0.4651 |
|     2      | 0.1881 | 0.1137 | 0.2142 | 0.263  |  0.3327 |
+------------+--------+--------+--------+--------+---------+
2024-09-19 15:16:09,610 INFO    : Snapshot:3	0	3	Epoch:0	Loss:53.632	MRR:15.35	Hits@10:28.49	Best:15.35
2024-09-19 15:16:27,813 INFO    : Snapshot:3	0	3	Epoch:1	Loss:41.409	MRR:16.14	Hits@10:30.05	Best:16.14
2024-09-19 15:16:46,139 INFO    : Snapshot:3	0	3	Epoch:2	Loss:40.044	MRR:16.54	Hits@10:30.77	Best:16.54
2024-09-19 15:17:04,909 INFO    : Snapshot:3	0	3	Epoch:3	Loss:39.286	MRR:16.69	Hits@10:30.91	Best:16.69
2024-09-19 15:17:23,008 INFO    : Snapshot:3	0	3	Epoch:4	Loss:38.819	MRR:17.0	Hits@10:31.44	Best:17.0
2024-09-19 15:17:40,577 INFO    : Snapshot:3	0	3	Epoch:5	Loss:38.423	MRR:17.04	Hits@10:31.47	Best:17.04
2024-09-19 15:17:58,732 INFO    : Snapshot:3	0	3	Epoch:6	Loss:38.321	MRR:17.18	Hits@10:31.74	Best:17.18
2024-09-19 15:18:17,017 INFO    : Snapshot:3	0	3	Epoch:7	Loss:38.116	MRR:17.27	Hits@10:31.83	Best:17.27
2024-09-19 15:18:35,239 INFO    : Snapshot:3	0	3	Epoch:8	Loss:38.002	MRR:17.36	Hits@10:32.06	Best:17.36
2024-09-19 15:18:53,539 INFO    : Snapshot:3	0	3	Epoch:9	Loss:37.833	MRR:17.43	Hits@10:32.13	Best:17.43
2024-09-19 15:19:11,431 INFO    : Snapshot:3	1	3	Epoch:10	Loss:37.65	MRR:17.43	Hits@10:31.86	Best:17.43
2024-09-19 15:19:29,512 INFO    : Snapshot:3	0	3	Epoch:11	Loss:37.574	MRR:17.51	Hits@10:31.94	Best:17.51
2024-09-19 15:19:47,650 INFO    : Snapshot:3	0	3	Epoch:12	Loss:37.517	MRR:17.65	Hits@10:32.1	Best:17.65
2024-09-19 15:20:05,661 INFO    : Snapshot:3	1	3	Epoch:13	Loss:37.413	MRR:17.59	Hits@10:32.19	Best:17.65
2024-09-19 15:20:23,604 INFO    : Snapshot:3	2	3	Epoch:14	Loss:37.396	MRR:17.46	Hits@10:32.11	Best:17.65
2024-09-19 15:20:41,597 INFO    : Early Stopping! Snapshot:3 Epoch: 15 Best Results: 17.65
2024-09-19 15:20:41,707 INFO    : => loading checkpoint './checkpoint/HYBRID\3model_best.tar'
2024-09-19 15:21:05,065 INFO    : 
+------------+--------+--------+--------+--------+---------+
| Snapshot:3 |  MRR   | Hits@1 | Hits@3 | Hits@5 | Hits@10 |
+------------+--------+--------+--------+--------+---------+
|     0      | 0.254  | 0.1533 | 0.306  | 0.3663 |  0.4388 |
|     1      | 0.2733 | 0.176  | 0.3127 | 0.379  |  0.4651 |
|     2      | 0.1881 | 0.1137 | 0.2142 | 0.263  |  0.3327 |
|     3      | 0.1754 | 0.0973 | 0.2064 | 0.2599 |  0.3244 |
+------------+--------+--------+--------+--------+---------+
2024-09-19 15:21:19,531 INFO    : Snapshot:4	0	3	Epoch:0	Loss:26.756	MRR:14.81	Hits@10:24.65	Best:14.81
2024-09-19 15:21:26,493 INFO    : Snapshot:4	0	3	Epoch:1	Loss:23.338	MRR:15.18	Hits@10:24.97	Best:15.18
2024-09-19 15:21:33,378 INFO    : Snapshot:4	1	3	Epoch:2	Loss:22.999	MRR:15.02	Hits@10:24.68	Best:15.18
2024-09-19 15:21:40,318 INFO    : Snapshot:4	0	3	Epoch:3	Loss:22.896	MRR:15.2	Hits@10:24.88	Best:15.2
2024-09-19 15:21:47,243 INFO    : Snapshot:4	0	3	Epoch:4	Loss:22.793	MRR:15.36	Hits@10:24.95	Best:15.36
2024-09-19 15:21:54,087 INFO    : Snapshot:4	1	3	Epoch:5	Loss:22.728	MRR:15.25	Hits@10:24.98	Best:15.36
2024-09-19 15:22:01,026 INFO    : Snapshot:4	0	3	Epoch:6	Loss:22.676	MRR:15.38	Hits@10:25.04	Best:15.38
2024-09-19 15:22:08,052 INFO    : Snapshot:4	0	3	Epoch:7	Loss:22.672	MRR:15.43	Hits@10:24.96	Best:15.43
2024-09-19 15:22:15,059 INFO    : Snapshot:4	0	3	Epoch:8	Loss:22.661	MRR:15.45	Hits@10:24.91	Best:15.45
2024-09-19 15:22:22,030 INFO    : Snapshot:4	1	3	Epoch:9	Loss:22.653	MRR:15.25	Hits@10:24.89	Best:15.45
2024-09-19 15:22:29,141 INFO    : Snapshot:4	2	3	Epoch:10	Loss:22.68	MRR:15.26	Hits@10:24.94	Best:15.45
2024-09-19 15:22:36,130 INFO    : Early Stopping! Snapshot:4 Epoch: 11 Best Results: 15.45
2024-09-19 15:22:36,244 INFO    : => loading checkpoint './checkpoint/HYBRID\4model_best.tar'
2024-09-19 15:23:04,768 INFO    : 
+------------+--------+--------+--------+--------+---------+
| Snapshot:4 |  MRR   | Hits@1 | Hits@3 | Hits@5 | Hits@10 |
+------------+--------+--------+--------+--------+---------+
|     0      | 0.254  | 0.1533 | 0.306  | 0.3663 |  0.4388 |
|     1      | 0.2733 | 0.176  | 0.3127 | 0.379  |  0.4651 |
|     2      | 0.1881 | 0.1137 | 0.2142 | 0.263  |  0.3327 |
|     3      | 0.1754 | 0.0973 | 0.2064 | 0.2599 |  0.3244 |
|     4      | 0.1565 | 0.108  | 0.1689 | 0.2013 |  0.2504 |
+------------+--------+--------+--------+--------+---------+
2024-09-19 15:23:04,769 INFO    : Final Result:
[+------------+-------+--------+--------+--------+---------+
| Snapshot:0 |  MRR  | Hits@1 | Hits@3 | Hits@5 | Hits@10 |
+------------+-------+--------+--------+--------+---------+
|     0      | 0.254 | 0.1533 | 0.306  | 0.3663 |  0.4388 |
+------------+-------+--------+--------+--------+---------+, +------------+--------+--------+--------+--------+---------+
| Snapshot:1 |  MRR   | Hits@1 | Hits@3 | Hits@5 | Hits@10 |
+------------+--------+--------+--------+--------+---------+
|     0      | 0.254  | 0.1533 | 0.306  | 0.3663 |  0.4388 |
|     1      | 0.2733 | 0.176  | 0.3127 | 0.379  |  0.4651 |
+------------+--------+--------+--------+--------+---------+, +------------+--------+--------+--------+--------+---------+
| Snapshot:2 |  MRR   | Hits@1 | Hits@3 | Hits@5 | Hits@10 |
+------------+--------+--------+--------+--------+---------+
|     0      | 0.254  | 0.1533 | 0.306  | 0.3663 |  0.4388 |
|     1      | 0.2733 | 0.176  | 0.3127 | 0.379  |  0.4651 |
|     2      | 0.1881 | 0.1137 | 0.2142 | 0.263  |  0.3327 |
+------------+--------+--------+--------+--------+---------+, +------------+--------+--------+--------+--------+---------+
| Snapshot:3 |  MRR   | Hits@1 | Hits@3 | Hits@5 | Hits@10 |
+------------+--------+--------+--------+--------+---------+
|     0      | 0.254  | 0.1533 | 0.306  | 0.3663 |  0.4388 |
|     1      | 0.2733 | 0.176  | 0.3127 | 0.379  |  0.4651 |
|     2      | 0.1881 | 0.1137 | 0.2142 | 0.263  |  0.3327 |
|     3      | 0.1754 | 0.0973 | 0.2064 | 0.2599 |  0.3244 |
+------------+--------+--------+--------+--------+---------+, +------------+--------+--------+--------+--------+---------+
| Snapshot:4 |  MRR   | Hits@1 | Hits@3 | Hits@5 | Hits@10 |
+------------+--------+--------+--------+--------+---------+
|     0      | 0.254  | 0.1533 | 0.306  | 0.3663 |  0.4388 |
|     1      | 0.2733 | 0.176  | 0.3127 | 0.379  |  0.4651 |
|     2      | 0.1881 | 0.1137 | 0.2142 | 0.263  |  0.3327 |
|     3      | 0.1754 | 0.0973 | 0.2064 | 0.2599 |  0.3244 |
|     4      | 0.1565 | 0.108  | 0.1689 | 0.2013 |  0.2504 |
+------------+--------+--------+--------+--------+---------+]
2024-09-19 15:23:04,770 INFO    : Report Result:
+----------+-------------------+-----------+--------------+--------------+---------------+
| Snapshot |        Time       | Whole_MRR | Whole_Hits@1 | Whole_Hits@3 | Whole_Hits@10 |
+----------+-------------------+-----------+--------------+--------------+---------------+
|    0     | 36.42971420288086 |   0.254   |    0.153     |    0.306     |     0.439     |
|    1     | 52.68236184120178 |   0.259   |    0.159     |    0.308     |     0.446     |
|    2     | 244.9285888671875 |   0.222   |    0.135     |    0.258     |     0.386     |
|    3     | 293.1760914325714 |   0.204   |    0.121     |    0.238     |     0.362     |
|    4     | 86.27725338935852 |   0.198   |    0.119     |    0.229     |     0.348     |
+----------+-------------------+-----------+--------------+--------------+---------------+
2024-09-19 15:23:04,770 INFO    : Sum_Training_Time:713.4940097332001
2024-09-19 15:23:04,770 INFO    : Every_Training_Time:[36.42971420288086, 52.68236184120178, 244.9285888671875, 293.1760914325714, 86.27725338935852]
2024-09-19 15:23:04,770 INFO    : Forward transfer: 0.03655 Backward transfer: 0.0
