2024-09-10 18:22:35,577 INFO    : Namespace(batch_size=1024, data_path='./data/FACT/', dataset='FACT', debug=False, device=device(type='cuda', index=0), emb_dim=200, ent_r='150', epoch_num=200, explore=False, gpu='0', l2=0.0, learning_rate='2e-1', log_path='./logs/20240910182225/FACT', logger=<RootLogger root (INFO)>, margin=8.0, model_name='LoraKGE_Layers', multi_layers_path='train_sorted_by_edges_betweenness.txt', neg_ratio=10, note='', num_ent_layers='10', num_layer=1, num_rel_layers='1', patience=3, predict_result=False, r=100, r_fixed=True, random_seed=3407, record=False, rel_r='20', save_path='./checkpoint/FACT', skip_previous='False', snapshot_num=5, train_new=True, using_multi_layers=False, using_various_ranks='True', using_various_ranks_reverse=False, valid_metrics='mrr')
2024-09-10 18:22:43,846 INFO    : Snapshot:0	0	3	Epoch:0	Loss:46.436	MRR:8.14	Hits@10:17.21	Best:8.14
2024-09-10 18:22:50,268 INFO    : Snapshot:0	0	3	Epoch:1	Loss:31.638	MRR:13.21	Hits@10:26.42	Best:13.21
2024-09-10 18:22:56,773 INFO    : Snapshot:0	0	3	Epoch:2	Loss:21.354	MRR:17.37	Hits@10:32.16	Best:17.37
2024-09-10 18:23:03,178 INFO    : Snapshot:0	0	3	Epoch:3	Loss:14.161	MRR:20.57	Hits@10:35.08	Best:20.57
2024-09-10 18:23:09,678 INFO    : Snapshot:0	0	3	Epoch:4	Loss:9.217	MRR:22.54	Hits@10:36.91	Best:22.54
2024-09-10 18:23:16,143 INFO    : Snapshot:0	0	3	Epoch:5	Loss:6.03	MRR:23.44	Hits@10:37.72	Best:23.44
2024-09-10 18:23:22,707 INFO    : Snapshot:0	0	3	Epoch:6	Loss:4.071	MRR:23.89	Hits@10:38.22	Best:23.89
2024-09-10 18:23:29,302 INFO    : Snapshot:0	0	3	Epoch:7	Loss:2.905	MRR:24.26	Hits@10:38.72	Best:24.26
2024-09-10 18:23:35,753 INFO    : Snapshot:0	0	3	Epoch:8	Loss:2.166	MRR:24.37	Hits@10:39.1	Best:24.37
2024-09-10 18:23:42,100 INFO    : Snapshot:0	0	3	Epoch:9	Loss:1.7	MRR:24.56	Hits@10:39.22	Best:24.56
2024-09-10 18:23:48,608 INFO    : Snapshot:0	1	3	Epoch:10	Loss:1.356	MRR:24.52	Hits@10:39.3	Best:24.56
2024-09-10 18:23:55,157 INFO    : Snapshot:0	0	3	Epoch:11	Loss:1.155	MRR:24.79	Hits@10:39.5	Best:24.79
2024-09-10 18:24:01,912 INFO    : Snapshot:0	0	3	Epoch:12	Loss:1.003	MRR:24.82	Hits@10:39.42	Best:24.82
2024-09-10 18:24:08,515 INFO    : Snapshot:0	1	3	Epoch:13	Loss:0.897	MRR:24.81	Hits@10:39.66	Best:24.82
2024-09-10 18:24:15,145 INFO    : Snapshot:0	2	3	Epoch:14	Loss:0.834	MRR:24.72	Hits@10:39.48	Best:24.82
2024-09-10 18:24:21,764 INFO    : Early Stopping! Snapshot:0 Epoch: 15 Best Results: 24.82
2024-09-10 18:24:21,870 INFO    : => loading checkpoint './checkpoint/FACT\0model_best.tar'
2024-09-10 18:24:26,135 INFO    : 
+------------+--------+--------+--------+--------+---------+
| Snapshot:0 |  MRR   | Hits@1 | Hits@3 | Hits@5 | Hits@10 |
+------------+--------+--------+--------+--------+---------+
|     0      | 0.2389 | 0.1575 | 0.2775 | 0.325  |  0.3863 |
+------------+--------+--------+--------+--------+---------+
2024-09-10 18:24:43,321 INFO    : Snapshot:1	0	3	Epoch:0	Loss:18.524	MRR:18.46	Hits@10:29.88	Best:18.46
2024-09-10 18:24:52,041 INFO    : Snapshot:1	0	3	Epoch:1	Loss:15.646	MRR:18.94	Hits@10:30.6	Best:18.94
2024-09-10 18:25:00,900 INFO    : Snapshot:1	0	3	Epoch:2	Loss:15.106	MRR:19.07	Hits@10:30.87	Best:19.07
2024-09-10 18:25:09,688 INFO    : Snapshot:1	0	3	Epoch:3	Loss:14.847	MRR:19.17	Hits@10:31.05	Best:19.17
2024-09-10 18:25:18,759 INFO    : Snapshot:1	0	3	Epoch:4	Loss:14.718	MRR:19.23	Hits@10:31.16	Best:19.23
2024-09-10 18:25:27,367 INFO    : Snapshot:1	0	3	Epoch:5	Loss:14.614	MRR:19.28	Hits@10:31.3	Best:19.28
2024-09-10 18:25:36,068 INFO    : Snapshot:1	0	3	Epoch:6	Loss:14.537	MRR:19.29	Hits@10:31.26	Best:19.29
2024-09-10 18:25:44,884 INFO    : Snapshot:1	0	3	Epoch:7	Loss:14.509	MRR:19.36	Hits@10:31.46	Best:19.36
2024-09-10 18:25:53,789 INFO    : Snapshot:1	0	3	Epoch:8	Loss:14.448	MRR:19.41	Hits@10:31.32	Best:19.41
2024-09-10 18:26:02,367 INFO    : Snapshot:1	1	3	Epoch:9	Loss:14.454	MRR:19.39	Hits@10:31.58	Best:19.41
2024-09-10 18:26:10,844 INFO    : Snapshot:1	2	3	Epoch:10	Loss:14.374	MRR:19.39	Hits@10:31.67	Best:19.41
2024-09-10 18:26:19,303 INFO    : Snapshot:1	0	3	Epoch:11	Loss:14.371	MRR:19.43	Hits@10:31.54	Best:19.43
2024-09-10 18:26:27,799 INFO    : Snapshot:1	1	3	Epoch:12	Loss:14.345	MRR:19.4	Hits@10:31.55	Best:19.43
2024-09-10 18:26:36,150 INFO    : Snapshot:1	0	3	Epoch:13	Loss:14.323	MRR:19.48	Hits@10:31.55	Best:19.48
2024-09-10 18:26:44,252 INFO    : Snapshot:1	1	3	Epoch:14	Loss:14.287	MRR:19.39	Hits@10:31.58	Best:19.48
2024-09-10 18:26:52,174 INFO    : Snapshot:1	2	3	Epoch:15	Loss:14.283	MRR:19.48	Hits@10:31.64	Best:19.48
2024-09-10 18:27:00,266 INFO    : Early Stopping! Snapshot:1 Epoch: 16 Best Results: 19.48
2024-09-10 18:27:00,358 INFO    : => loading checkpoint './checkpoint/FACT\1model_best.tar'
2024-09-10 18:27:09,270 INFO    : 
+------------+--------+--------+--------+--------+---------+
| Snapshot:1 |  MRR   | Hits@1 | Hits@3 | Hits@5 | Hits@10 |
+------------+--------+--------+--------+--------+---------+
|     0      | 0.2389 | 0.1575 | 0.2775 | 0.325  |  0.3863 |
|     1      | 0.193  | 0.1254 | 0.2237 | 0.2639 |  0.3144 |
+------------+--------+--------+--------+--------+---------+
2024-09-10 18:27:25,264 INFO    : Snapshot:2	0	3	Epoch:0	Loss:17.186	MRR:17.02	Hits@10:28.37	Best:17.02
2024-09-10 18:27:33,547 INFO    : Snapshot:2	0	3	Epoch:1	Loss:16.114	MRR:17.1	Hits@10:28.57	Best:17.1
2024-09-10 18:27:41,814 INFO    : Snapshot:2	0	3	Epoch:2	Loss:16.002	MRR:17.15	Hits@10:28.62	Best:17.15
2024-09-10 18:27:50,139 INFO    : Snapshot:2	1	3	Epoch:3	Loss:15.919	MRR:17.15	Hits@10:28.65	Best:17.15
2024-09-10 18:27:58,358 INFO    : Snapshot:2	0	3	Epoch:4	Loss:15.851	MRR:17.17	Hits@10:28.63	Best:17.17
2024-09-10 18:28:06,630 INFO    : Snapshot:2	1	3	Epoch:5	Loss:15.819	MRR:17.16	Hits@10:28.67	Best:17.17
2024-09-10 18:28:14,982 INFO    : Snapshot:2	0	3	Epoch:6	Loss:15.817	MRR:17.2	Hits@10:28.68	Best:17.2
2024-09-10 18:28:23,370 INFO    : Snapshot:2	0	3	Epoch:7	Loss:15.822	MRR:17.24	Hits@10:28.8	Best:17.24
2024-09-10 18:28:31,950 INFO    : Snapshot:2	1	3	Epoch:8	Loss:15.807	MRR:17.22	Hits@10:28.82	Best:17.24
2024-09-10 18:28:40,217 INFO    : Snapshot:2	2	3	Epoch:9	Loss:15.809	MRR:17.23	Hits@10:28.76	Best:17.24
2024-09-10 18:28:48,559 INFO    : Early Stopping! Snapshot:2 Epoch: 10 Best Results: 17.24
2024-09-10 18:28:48,655 INFO    : => loading checkpoint './checkpoint/FACT\2model_best.tar'
2024-09-10 18:29:03,052 INFO    : 
+------------+--------+--------+--------+--------+---------+
| Snapshot:2 |  MRR   | Hits@1 | Hits@3 | Hits@5 | Hits@10 |
+------------+--------+--------+--------+--------+---------+
|     0      | 0.2389 | 0.1575 | 0.2775 | 0.325  |  0.3863 |
|     1      | 0.193  | 0.1254 | 0.2237 | 0.2639 |  0.3144 |
|     2      | 0.1706 | 0.1063 | 0.1956 | 0.2343 |  0.2891 |
+------------+--------+--------+--------+--------+---------+
2024-09-10 18:29:19,634 INFO    : Snapshot:3	0	3	Epoch:0	Loss:16.929	MRR:14.11	Hits@10:25.25	Best:14.11
2024-09-10 18:29:28,122 INFO    : Snapshot:3	0	3	Epoch:1	Loss:16.482	MRR:14.17	Hits@10:25.32	Best:14.17
2024-09-10 18:29:36,531 INFO    : Snapshot:3	1	3	Epoch:2	Loss:16.469	MRR:14.17	Hits@10:25.28	Best:14.17
2024-09-10 18:29:44,957 INFO    : Snapshot:3	0	3	Epoch:3	Loss:16.441	MRR:14.23	Hits@10:25.4	Best:14.23
2024-09-10 18:29:53,437 INFO    : Snapshot:3	1	3	Epoch:4	Loss:16.448	MRR:14.21	Hits@10:25.31	Best:14.23
2024-09-10 18:30:01,911 INFO    : Snapshot:3	2	3	Epoch:5	Loss:16.415	MRR:14.22	Hits@10:25.31	Best:14.23
2024-09-10 18:30:10,330 INFO    : Early Stopping! Snapshot:3 Epoch: 6 Best Results: 14.23
2024-09-10 18:30:10,422 INFO    : => loading checkpoint './checkpoint/FACT\3model_best.tar'
2024-09-10 18:30:31,363 INFO    : 
+------------+--------+--------+--------+--------+---------+
| Snapshot:3 |  MRR   | Hits@1 | Hits@3 | Hits@5 | Hits@10 |
+------------+--------+--------+--------+--------+---------+
|     0      | 0.2389 | 0.1575 | 0.2775 | 0.325  |  0.3863 |
|     1      | 0.193  | 0.1254 | 0.2237 | 0.2639 |  0.3144 |
|     2      | 0.1706 | 0.1063 | 0.1956 | 0.2343 |  0.2891 |
|     3      | 0.1438 | 0.0835 | 0.162  | 0.2017 |  0.2567 |
+------------+--------+--------+--------+--------+---------+
2024-09-10 18:31:50,833 INFO    : Snapshot:4	0	3	Epoch:0	Loss:16.73	MRR:10.65	Hits@10:20.34	Best:10.65
2024-09-10 18:32:30,718 INFO    : Snapshot:4	0	3	Epoch:1	Loss:16.075	MRR:10.77	Hits@10:20.53	Best:10.77
2024-09-10 18:33:10,663 INFO    : Snapshot:4	1	3	Epoch:2	Loss:16.05	MRR:10.76	Hits@10:20.54	Best:10.77
2024-09-10 18:33:50,405 INFO    : Snapshot:4	2	3	Epoch:3	Loss:16.045	MRR:10.75	Hits@10:20.52	Best:10.77
2024-09-10 18:34:30,038 INFO    : Early Stopping! Snapshot:4 Epoch: 4 Best Results: 10.77
2024-09-10 18:34:30,147 INFO    : => loading checkpoint './checkpoint/FACT\4model_best.tar'
2024-09-10 18:35:27,245 INFO    : 
+------------+--------+--------+--------+--------+---------+
| Snapshot:4 |  MRR   | Hits@1 | Hits@3 | Hits@5 | Hits@10 |
+------------+--------+--------+--------+--------+---------+
|     0      | 0.2389 | 0.1575 | 0.2775 | 0.325  |  0.3863 |
|     1      | 0.193  | 0.1254 | 0.2237 | 0.2639 |  0.3144 |
|     2      | 0.1706 | 0.1063 | 0.1956 | 0.2343 |  0.2891 |
|     3      | 0.1438 | 0.0835 | 0.162  | 0.2017 |  0.2567 |
|     4      | 0.1082 | 0.0552 | 0.1157 | 0.1511 |  0.2034 |
+------------+--------+--------+--------+--------+---------+
2024-09-10 18:35:27,246 INFO    : Final Result:
[+------------+--------+--------+--------+--------+---------+
| Snapshot:0 |  MRR   | Hits@1 | Hits@3 | Hits@5 | Hits@10 |
+------------+--------+--------+--------+--------+---------+
|     0      | 0.2389 | 0.1575 | 0.2775 | 0.325  |  0.3863 |
+------------+--------+--------+--------+--------+---------+, +------------+--------+--------+--------+--------+---------+
| Snapshot:1 |  MRR   | Hits@1 | Hits@3 | Hits@5 | Hits@10 |
+------------+--------+--------+--------+--------+---------+
|     0      | 0.2389 | 0.1575 | 0.2775 | 0.325  |  0.3863 |
|     1      | 0.193  | 0.1254 | 0.2237 | 0.2639 |  0.3144 |
+------------+--------+--------+--------+--------+---------+, +------------+--------+--------+--------+--------+---------+
| Snapshot:2 |  MRR   | Hits@1 | Hits@3 | Hits@5 | Hits@10 |
+------------+--------+--------+--------+--------+---------+
|     0      | 0.2389 | 0.1575 | 0.2775 | 0.325  |  0.3863 |
|     1      | 0.193  | 0.1254 | 0.2237 | 0.2639 |  0.3144 |
|     2      | 0.1706 | 0.1063 | 0.1956 | 0.2343 |  0.2891 |
+------------+--------+--------+--------+--------+---------+, +------------+--------+--------+--------+--------+---------+
| Snapshot:3 |  MRR   | Hits@1 | Hits@3 | Hits@5 | Hits@10 |
+------------+--------+--------+--------+--------+---------+
|     0      | 0.2389 | 0.1575 | 0.2775 | 0.325  |  0.3863 |
|     1      | 0.193  | 0.1254 | 0.2237 | 0.2639 |  0.3144 |
|     2      | 0.1706 | 0.1063 | 0.1956 | 0.2343 |  0.2891 |
|     3      | 0.1438 | 0.0835 | 0.162  | 0.2017 |  0.2567 |
+------------+--------+--------+--------+--------+---------+, +------------+--------+--------+--------+--------+---------+
| Snapshot:4 |  MRR   | Hits@1 | Hits@3 | Hits@5 | Hits@10 |
+------------+--------+--------+--------+--------+---------+
|     0      | 0.2389 | 0.1575 | 0.2775 | 0.325  |  0.3863 |
|     1      | 0.193  | 0.1254 | 0.2237 | 0.2639 |  0.3144 |
|     2      | 0.1706 | 0.1063 | 0.1956 | 0.2343 |  0.2891 |
|     3      | 0.1438 | 0.0835 | 0.162  | 0.2017 |  0.2567 |
|     4      | 0.1082 | 0.0552 | 0.1157 | 0.1511 |  0.2034 |
+------------+--------+--------+--------+--------+---------+]
2024-09-10 18:35:27,247 INFO    : Report Result:
+----------+--------------------+-----------+--------------+--------------+---------------+
| Snapshot |        Time        | Whole_MRR | Whole_Hits@1 | Whole_Hits@3 | Whole_Hits@10 |
+----------+--------------------+-----------+--------------+--------------+---------------+
|    0     | 106.1867573261261  |   0.239   |    0.158     |    0.278     |     0.386     |
|    1     | 148.16721558570862 |   0.216   |    0.141     |    0.251     |      0.35     |
|    2     | 93.80918574333191  |   0.201   |     0.13     |    0.232     |      0.33     |
|    3     | 61.55896782875061  |   0.187   |    0.118     |    0.215     |     0.312     |
|    4     | 201.32848143577576 |   0.171   |    0.106     |    0.195     |      0.29     |
+----------+--------------------+-----------+--------------+--------------+---------------+
2024-09-10 18:35:27,247 INFO    : Sum_Training_Time:611.050607919693
2024-09-10 18:35:27,247 INFO    : Every_Training_Time:[106.1867573261261, 148.16721558570862, 93.80918574333191, 61.55896782875061, 201.32848143577576]
2024-09-10 18:35:27,247 INFO    : Forward transfer: 0.13995000000000002 Backward transfer: 0.0
