2024-09-19 17:23:07,821 INFO    : Namespace(batch_size='512', data_path='./data/HYBRID/', dataset='HYBRID', debug=False, device=device(type='cuda', index=0), emb_dim=200, ent_r='200', epoch_num=200, explore=False, gpu='0', l2=0.0, learning_rate='3e-1', log_path='./logs/20240919172259/HYBRID', logger=<RootLogger root (INFO)>, margin=8.0, model_name='LoraKGE_Layers', multi_layers_path='train_sorted_by_edges_betweenness.txt', neg_ratio=10, note='', num_ent_layers='5', num_layer=1, num_rel_layers='1', patience=3, predict_result=False, r=100, r_fixed=True, random_seed=3407, record=False, rel_r='20', save_path='./checkpoint/HYBRID', skip_previous='False', snapshot_num=5, train_new=True, using_multi_layers=False, using_various_ranks='True', using_various_ranks_reverse=False, valid_metrics='mrr')
2024-09-19 17:23:16,416 INFO    : Snapshot:0	0	3	Epoch:0	Loss:78.862	MRR:11.73	Hits@10:24.57	Best:11.73
2024-09-19 17:23:22,217 INFO    : Snapshot:0	0	3	Epoch:1	Loss:44.919	MRR:20.31	Hits@10:37.47	Best:20.31
2024-09-19 17:23:28,046 INFO    : Snapshot:0	0	3	Epoch:2	Loss:23.229	MRR:23.59	Hits@10:41.84	Best:23.59
2024-09-19 17:23:33,805 INFO    : Snapshot:0	0	3	Epoch:3	Loss:12.84	MRR:24.72	Hits@10:43.31	Best:24.72
2024-09-19 17:23:39,576 INFO    : Snapshot:0	0	3	Epoch:4	Loss:7.866	MRR:25.07	Hits@10:43.83	Best:25.07
2024-09-19 17:23:45,316 INFO    : Snapshot:0	1	3	Epoch:5	Loss:5.342	MRR:24.78	Hits@10:44.02	Best:25.07
2024-09-19 17:23:51,044 INFO    : Snapshot:0	2	3	Epoch:6	Loss:4.028	MRR:24.97	Hits@10:44.33	Best:25.07
2024-09-19 17:23:56,992 INFO    : Early Stopping! Snapshot:0 Epoch: 7 Best Results: 25.07
2024-09-19 17:23:57,081 INFO    : => loading checkpoint './checkpoint/HYBRID\0model_best.tar'
2024-09-19 17:24:00,405 INFO    : 
+------------+--------+--------+--------+--------+---------+
| Snapshot:0 |  MRR   | Hits@1 | Hits@3 | Hits@5 | Hits@10 |
+------------+--------+--------+--------+--------+---------+
|     0      | 0.2508 | 0.1496 | 0.3037 | 0.3616 |  0.4344 |
+------------+--------+--------+--------+--------+---------+
2024-09-19 17:24:07,316 INFO    : Snapshot:1	0	3	Epoch:0	Loss:11.956	MRR:22.63	Hits@10:40.44	Best:22.63
2024-09-19 17:24:09,872 INFO    : Snapshot:1	0	3	Epoch:1	Loss:6.756	MRR:24.02	Hits@10:43.2	Best:24.02
2024-09-19 17:24:12,407 INFO    : Snapshot:1	0	3	Epoch:2	Loss:5.897	MRR:24.52	Hits@10:44.32	Best:24.52
2024-09-19 17:24:14,912 INFO    : Snapshot:1	0	3	Epoch:3	Loss:5.556	MRR:25.62	Hits@10:45.35	Best:25.62
2024-09-19 17:24:17,470 INFO    : Snapshot:1	0	3	Epoch:4	Loss:5.335	MRR:26.08	Hits@10:45.83	Best:26.08
2024-09-19 17:24:20,018 INFO    : Snapshot:1	0	3	Epoch:5	Loss:5.175	MRR:26.46	Hits@10:45.99	Best:26.46
2024-09-19 17:24:22,559 INFO    : Snapshot:1	1	3	Epoch:6	Loss:5.111	MRR:26.0	Hits@10:45.78	Best:26.46
2024-09-19 17:24:25,130 INFO    : Snapshot:1	2	3	Epoch:7	Loss:5.013	MRR:26.33	Hits@10:46.02	Best:26.46
2024-09-19 17:24:27,681 INFO    : Early Stopping! Snapshot:1 Epoch: 8 Best Results: 26.46
2024-09-19 17:24:27,770 INFO    : => loading checkpoint './checkpoint/HYBRID\1model_best.tar'
2024-09-19 17:24:32,943 INFO    : 
+------------+--------+--------+--------+--------+---------+
| Snapshot:1 |  MRR   | Hits@1 | Hits@3 | Hits@5 | Hits@10 |
+------------+--------+--------+--------+--------+---------+
|     0      | 0.2508 | 0.1496 | 0.3037 | 0.3616 |  0.4344 |
|     1      | 0.2606 | 0.1668 | 0.2959 | 0.3611 |  0.4483 |
+------------+--------+--------+--------+--------+---------+
2024-09-19 17:24:56,500 INFO    : Snapshot:2	0	3	Epoch:0	Loss:44.12	MRR:14.66	Hits@10:27.57	Best:14.66
2024-09-19 17:25:10,000 INFO    : Snapshot:2	0	3	Epoch:1	Loss:32.015	MRR:15.97	Hits@10:29.31	Best:15.97
2024-09-19 17:25:23,759 INFO    : Snapshot:2	0	3	Epoch:2	Loss:30.067	MRR:16.78	Hits@10:30.09	Best:16.78
2024-09-19 17:25:37,420 INFO    : Snapshot:2	0	3	Epoch:3	Loss:28.992	MRR:17.22	Hits@10:30.91	Best:17.22
2024-09-19 17:25:51,087 INFO    : Snapshot:2	0	3	Epoch:4	Loss:28.335	MRR:17.46	Hits@10:31.61	Best:17.46
2024-09-19 17:26:04,616 INFO    : Snapshot:2	0	3	Epoch:5	Loss:27.885	MRR:17.5	Hits@10:31.32	Best:17.5
2024-09-19 17:26:18,197 INFO    : Snapshot:2	0	3	Epoch:6	Loss:27.532	MRR:17.66	Hits@10:31.72	Best:17.66
2024-09-19 17:26:31,864 INFO    : Snapshot:2	0	3	Epoch:7	Loss:27.27	MRR:17.87	Hits@10:31.99	Best:17.87
2024-09-19 17:26:45,343 INFO    : Snapshot:2	1	3	Epoch:8	Loss:27.062	MRR:17.59	Hits@10:32.07	Best:17.87
2024-09-19 17:26:58,958 INFO    : Snapshot:2	0	3	Epoch:9	Loss:26.938	MRR:18.05	Hits@10:32.18	Best:18.05
2024-09-19 17:27:12,433 INFO    : Snapshot:2	0	3	Epoch:10	Loss:26.797	MRR:18.2	Hits@10:32.48	Best:18.2
2024-09-19 17:27:25,731 INFO    : Snapshot:2	0	3	Epoch:11	Loss:26.631	MRR:18.43	Hits@10:32.58	Best:18.43
2024-09-19 17:27:39,503 INFO    : Snapshot:2	1	3	Epoch:12	Loss:26.468	MRR:18.15	Hits@10:32.36	Best:18.43
2024-09-19 17:27:53,027 INFO    : Snapshot:2	0	3	Epoch:13	Loss:26.411	MRR:18.49	Hits@10:32.58	Best:18.49
2024-09-19 17:28:06,358 INFO    : Snapshot:2	1	3	Epoch:14	Loss:26.321	MRR:18.44	Hits@10:32.58	Best:18.49
2024-09-19 17:28:19,804 INFO    : Snapshot:2	2	3	Epoch:15	Loss:26.28	MRR:18.43	Hits@10:32.75	Best:18.49
2024-09-19 17:28:33,391 INFO    : Early Stopping! Snapshot:2 Epoch: 16 Best Results: 18.49
2024-09-19 17:28:33,496 INFO    : => loading checkpoint './checkpoint/HYBRID\2model_best.tar'
2024-09-19 17:28:46,342 INFO    : 
+------------+--------+--------+--------+--------+---------+
| Snapshot:2 |  MRR   | Hits@1 | Hits@3 | Hits@5 | Hits@10 |
+------------+--------+--------+--------+--------+---------+
|     0      | 0.2508 | 0.1496 | 0.3037 | 0.3616 |  0.4344 |
|     1      | 0.2606 | 0.1668 | 0.2959 | 0.3611 |  0.4483 |
|     2      | 0.1853 | 0.1124 | 0.2107 | 0.2583 |  0.3253 |
+------------+--------+--------+--------+--------+---------+
2024-09-19 17:29:16,957 INFO    : Snapshot:3	0	3	Epoch:0	Loss:50.186	MRR:14.75	Hits@10:28.07	Best:14.75
2024-09-19 17:29:34,181 INFO    : Snapshot:3	0	3	Epoch:1	Loss:40.878	MRR:15.47	Hits@10:29.09	Best:15.47
2024-09-19 17:29:51,245 INFO    : Snapshot:3	0	3	Epoch:2	Loss:39.659	MRR:16.04	Hits@10:30.06	Best:16.04
2024-09-19 17:30:08,683 INFO    : Snapshot:3	0	3	Epoch:3	Loss:39.046	MRR:16.37	Hits@10:30.39	Best:16.37
2024-09-19 17:30:25,970 INFO    : Snapshot:3	0	3	Epoch:4	Loss:38.489	MRR:16.51	Hits@10:30.59	Best:16.51
2024-09-19 17:30:43,269 INFO    : Snapshot:3	0	3	Epoch:5	Loss:38.139	MRR:16.76	Hits@10:31.01	Best:16.76
2024-09-19 17:31:00,661 INFO    : Snapshot:3	0	3	Epoch:6	Loss:37.969	MRR:16.8	Hits@10:31.16	Best:16.8
2024-09-19 17:31:18,292 INFO    : Snapshot:3	0	3	Epoch:7	Loss:37.786	MRR:16.84	Hits@10:31.27	Best:16.84
2024-09-19 17:31:36,078 INFO    : Snapshot:3	0	3	Epoch:8	Loss:37.61	MRR:16.86	Hits@10:31.15	Best:16.86
2024-09-19 17:31:53,757 INFO    : Snapshot:3	0	3	Epoch:9	Loss:37.476	MRR:17.16	Hits@10:31.38	Best:17.16
2024-09-19 17:32:11,254 INFO    : Snapshot:3	1	3	Epoch:10	Loss:37.308	MRR:17.1	Hits@10:31.34	Best:17.16
2024-09-19 17:32:28,646 INFO    : Snapshot:3	2	3	Epoch:11	Loss:37.166	MRR:17.14	Hits@10:31.59	Best:17.16
2024-09-19 17:32:46,009 INFO    : Early Stopping! Snapshot:3 Epoch: 12 Best Results: 17.16
2024-09-19 17:32:46,116 INFO    : => loading checkpoint './checkpoint/HYBRID\3model_best.tar'
2024-09-19 17:33:09,391 INFO    : 
+------------+--------+--------+--------+--------+---------+
| Snapshot:3 |  MRR   | Hits@1 | Hits@3 | Hits@5 | Hits@10 |
+------------+--------+--------+--------+--------+---------+
|     0      | 0.2508 | 0.1496 | 0.3037 | 0.3616 |  0.4344 |
|     1      | 0.2606 | 0.1668 | 0.2959 | 0.3611 |  0.4483 |
|     2      | 0.1853 | 0.1124 | 0.2107 | 0.2583 |  0.3253 |
|     3      | 0.1704 | 0.093  | 0.2026 | 0.2526 |  0.3173 |
+------------+--------+--------+--------+--------+---------+
2024-09-19 17:33:23,894 INFO    : Snapshot:4	0	3	Epoch:0	Loss:24.751	MRR:14.93	Hits@10:24.09	Best:14.93
2024-09-19 17:33:30,783 INFO    : Snapshot:4	0	3	Epoch:1	Loss:22.448	MRR:15.01	Hits@10:24.06	Best:15.01
2024-09-19 17:33:37,730 INFO    : Snapshot:4	0	3	Epoch:2	Loss:22.232	MRR:15.07	Hits@10:24.2	Best:15.07
2024-09-19 17:33:44,577 INFO    : Snapshot:4	1	3	Epoch:3	Loss:22.085	MRR:15.01	Hits@10:24.35	Best:15.07
2024-09-19 17:33:51,371 INFO    : Snapshot:4	0	3	Epoch:4	Loss:22.056	MRR:15.51	Hits@10:24.58	Best:15.51
2024-09-19 17:33:58,233 INFO    : Snapshot:4	1	3	Epoch:5	Loss:22.02	MRR:15.33	Hits@10:24.62	Best:15.51
2024-09-19 17:34:05,039 INFO    : Snapshot:4	2	3	Epoch:6	Loss:21.977	MRR:15.29	Hits@10:24.65	Best:15.51
2024-09-19 17:34:11,800 INFO    : Early Stopping! Snapshot:4 Epoch: 7 Best Results: 15.51
2024-09-19 17:34:11,896 INFO    : => loading checkpoint './checkpoint/HYBRID\4model_best.tar'
2024-09-19 17:34:41,194 INFO    : 
+------------+--------+--------+--------+--------+---------+
| Snapshot:4 |  MRR   | Hits@1 | Hits@3 | Hits@5 | Hits@10 |
+------------+--------+--------+--------+--------+---------+
|     0      | 0.2508 | 0.1496 | 0.3037 | 0.3616 |  0.4344 |
|     1      | 0.2606 | 0.1668 | 0.2959 | 0.3611 |  0.4483 |
|     2      | 0.1853 | 0.1124 | 0.2107 | 0.2583 |  0.3253 |
|     3      | 0.1704 | 0.093  | 0.2026 | 0.2526 |  0.3173 |
|     4      | 0.1575 | 0.1093 | 0.1715 | 0.2026 |  0.248  |
+------------+--------+--------+--------+--------+---------+
2024-09-19 17:34:41,195 INFO    : Final Result:
[+------------+--------+--------+--------+--------+---------+
| Snapshot:0 |  MRR   | Hits@1 | Hits@3 | Hits@5 | Hits@10 |
+------------+--------+--------+--------+--------+---------+
|     0      | 0.2508 | 0.1496 | 0.3037 | 0.3616 |  0.4344 |
+------------+--------+--------+--------+--------+---------+, +------------+--------+--------+--------+--------+---------+
| Snapshot:1 |  MRR   | Hits@1 | Hits@3 | Hits@5 | Hits@10 |
+------------+--------+--------+--------+--------+---------+
|     0      | 0.2508 | 0.1496 | 0.3037 | 0.3616 |  0.4344 |
|     1      | 0.2606 | 0.1668 | 0.2959 | 0.3611 |  0.4483 |
+------------+--------+--------+--------+--------+---------+, +------------+--------+--------+--------+--------+---------+
| Snapshot:2 |  MRR   | Hits@1 | Hits@3 | Hits@5 | Hits@10 |
+------------+--------+--------+--------+--------+---------+
|     0      | 0.2508 | 0.1496 | 0.3037 | 0.3616 |  0.4344 |
|     1      | 0.2606 | 0.1668 | 0.2959 | 0.3611 |  0.4483 |
|     2      | 0.1853 | 0.1124 | 0.2107 | 0.2583 |  0.3253 |
+------------+--------+--------+--------+--------+---------+, +------------+--------+--------+--------+--------+---------+
| Snapshot:3 |  MRR   | Hits@1 | Hits@3 | Hits@5 | Hits@10 |
+------------+--------+--------+--------+--------+---------+
|     0      | 0.2508 | 0.1496 | 0.3037 | 0.3616 |  0.4344 |
|     1      | 0.2606 | 0.1668 | 0.2959 | 0.3611 |  0.4483 |
|     2      | 0.1853 | 0.1124 | 0.2107 | 0.2583 |  0.3253 |
|     3      | 0.1704 | 0.093  | 0.2026 | 0.2526 |  0.3173 |
+------------+--------+--------+--------+--------+---------+, +------------+--------+--------+--------+--------+---------+
| Snapshot:4 |  MRR   | Hits@1 | Hits@3 | Hits@5 | Hits@10 |
+------------+--------+--------+--------+--------+---------+
|     0      | 0.2508 | 0.1496 | 0.3037 | 0.3616 |  0.4344 |
|     1      | 0.2606 | 0.1668 | 0.2959 | 0.3611 |  0.4483 |
|     2      | 0.1853 | 0.1124 | 0.2107 | 0.2583 |  0.3253 |
|     3      | 0.1704 | 0.093  | 0.2026 | 0.2526 |  0.3173 |
|     4      | 0.1575 | 0.1093 | 0.1715 | 0.2026 |  0.248  |
+------------+--------+--------+--------+--------+---------+]
2024-09-19 17:34:41,196 INFO    : Report Result:
+----------+-------------------+-----------+--------------+--------------+---------------+
| Snapshot |        Time       | Whole_MRR | Whole_Hits@1 | Whole_Hits@3 | Whole_Hits@10 |
+----------+-------------------+-----------+--------------+--------------+---------------+
|    0     | 49.17076873779297 |   0.251   |     0.15     |    0.304     |     0.434     |
|    1     | 25.32298254966736 |   0.253   |    0.154     |    0.302     |     0.438     |
|    2     | 232.7292399406433 |   0.217   |    0.132     |    0.254     |     0.378     |
|    3     | 229.2241771221161 |   0.199   |    0.117     |    0.234     |     0.355     |
|    4     | 57.42110586166382 |   0.194   |    0.116     |    0.226     |     0.341     |
+----------+-------------------+-----------+--------------+--------------+---------------+
2024-09-19 17:34:41,196 INFO    : Sum_Training_Time:593.8682742118835
2024-09-19 17:34:41,196 INFO    : Every_Training_Time:[49.17076873779297, 25.32298254966736, 232.7292399406433, 229.2241771221161, 57.42110586166382]
2024-09-19 17:34:41,196 INFO    : Forward transfer: 0.0368 Backward transfer: 0.0
