2024-09-11 16:31:15,004 INFO    : Namespace(batch_size='2048', data_path='./data/FACT/', dataset='FACT', debug=False, device=device(type='cuda', index=0), emb_dim=200, ent_r='150', epoch_num=200, explore=False, gpu='0', l2=0.0, learning_rate='1e-1', log_path='./logs/20240911163105/FACT', logger=<RootLogger root (INFO)>, margin=8.0, model_name='LoraKGE_Layers', multi_layers_path='train_sorted_by_edges_betweenness.txt', neg_ratio=10, note='', num_ent_layers='10', num_layer=1, num_rel_layers='1', patience=3, predict_result=False, r=100, r_fixed=True, random_seed=3407, record=False, rel_r='20', save_path='./checkpoint/FACT', skip_previous='False', snapshot_num=5, train_new=True, using_multi_layers=False, using_various_ranks='True', using_various_ranks_reverse=False, valid_metrics='mrr')
2024-09-11 16:31:23,325 INFO    : Snapshot:0	0	3	Epoch:0	Loss:23.239	MRR:9.15	Hits@10:18.55	Best:9.15
2024-09-11 16:31:29,666 INFO    : Snapshot:0	0	3	Epoch:1	Loss:15.635	MRR:13.27	Hits@10:26.19	Best:13.27
2024-09-11 16:31:35,813 INFO    : Snapshot:0	0	3	Epoch:2	Loss:10.731	MRR:17.05	Hits@10:31.52	Best:17.05
2024-09-11 16:31:42,116 INFO    : Snapshot:0	0	3	Epoch:3	Loss:7.296	MRR:20.27	Hits@10:34.74	Best:20.27
2024-09-11 16:31:48,528 INFO    : Snapshot:0	0	3	Epoch:4	Loss:4.866	MRR:22.38	Hits@10:36.78	Best:22.38
2024-09-11 16:31:55,134 INFO    : Snapshot:0	0	3	Epoch:5	Loss:3.201	MRR:23.71	Hits@10:38.02	Best:23.71
2024-09-11 16:32:01,502 INFO    : Snapshot:0	0	3	Epoch:6	Loss:2.144	MRR:24.24	Hits@10:38.63	Best:24.24
2024-09-11 16:32:07,728 INFO    : Snapshot:0	0	3	Epoch:7	Loss:1.498	MRR:24.7	Hits@10:39.04	Best:24.7
2024-09-11 16:32:14,060 INFO    : Snapshot:0	0	3	Epoch:8	Loss:1.089	MRR:24.99	Hits@10:39.44	Best:24.99
2024-09-11 16:32:20,295 INFO    : Snapshot:0	0	3	Epoch:9	Loss:0.842	MRR:25.01	Hits@10:39.57	Best:25.01
2024-09-11 16:32:26,674 INFO    : Snapshot:0	0	3	Epoch:10	Loss:0.656	MRR:25.08	Hits@10:39.6	Best:25.08
2024-09-11 16:32:32,834 INFO    : Snapshot:0	1	3	Epoch:11	Loss:0.561	MRR:25.01	Hits@10:39.67	Best:25.08
2024-09-11 16:32:39,101 INFO    : Snapshot:0	2	3	Epoch:12	Loss:0.487	MRR:25.0	Hits@10:39.68	Best:25.08
2024-09-11 16:32:45,260 INFO    : Early Stopping! Snapshot:0 Epoch: 13 Best Results: 25.08
2024-09-11 16:32:45,357 INFO    : => loading checkpoint './checkpoint/FACT\0model_best.tar'
2024-09-11 16:32:49,389 INFO    : 
+------------+--------+--------+--------+--------+---------+
| Snapshot:0 |  MRR   | Hits@1 | Hits@3 | Hits@5 | Hits@10 |
+------------+--------+--------+--------+--------+---------+
|     0      | 0.2411 | 0.1609 | 0.2782 | 0.327  |  0.3891 |
+------------+--------+--------+--------+--------+---------+
2024-09-11 16:33:06,131 INFO    : Snapshot:1	0	3	Epoch:0	Loss:10.675	MRR:18.43	Hits@10:30.02	Best:18.43
2024-09-11 16:33:14,187 INFO    : Snapshot:1	0	3	Epoch:1	Loss:8.953	MRR:18.81	Hits@10:30.45	Best:18.81
2024-09-11 16:33:22,227 INFO    : Snapshot:1	0	3	Epoch:2	Loss:8.529	MRR:19.16	Hits@10:30.88	Best:19.16
2024-09-11 16:33:30,207 INFO    : Snapshot:1	0	3	Epoch:3	Loss:8.347	MRR:19.24	Hits@10:31.16	Best:19.24
2024-09-11 16:33:38,416 INFO    : Snapshot:1	0	3	Epoch:4	Loss:8.271	MRR:19.3	Hits@10:31.33	Best:19.3
2024-09-11 16:33:46,427 INFO    : Snapshot:1	0	3	Epoch:5	Loss:8.2	MRR:19.39	Hits@10:31.41	Best:19.39
2024-09-11 16:33:54,427 INFO    : Snapshot:1	1	3	Epoch:6	Loss:8.157	MRR:19.38	Hits@10:31.4	Best:19.39
2024-09-11 16:34:02,484 INFO    : Snapshot:1	2	3	Epoch:7	Loss:8.122	MRR:19.36	Hits@10:31.52	Best:19.39
2024-09-11 16:34:10,965 INFO    : Snapshot:1	0	3	Epoch:8	Loss:8.107	MRR:19.49	Hits@10:31.61	Best:19.49
2024-09-11 16:34:19,065 INFO    : Snapshot:1	1	3	Epoch:9	Loss:8.089	MRR:19.42	Hits@10:31.54	Best:19.49
2024-09-11 16:34:27,007 INFO    : Snapshot:1	2	3	Epoch:10	Loss:8.08	MRR:19.43	Hits@10:31.54	Best:19.49
2024-09-11 16:34:34,666 INFO    : Snapshot:1	0	3	Epoch:11	Loss:8.04	MRR:19.53	Hits@10:31.66	Best:19.53
2024-09-11 16:34:42,355 INFO    : Snapshot:1	0	3	Epoch:12	Loss:8.025	MRR:19.55	Hits@10:31.73	Best:19.55
2024-09-11 16:34:50,197 INFO    : Snapshot:1	1	3	Epoch:13	Loss:8.034	MRR:19.53	Hits@10:31.73	Best:19.55
2024-09-11 16:34:58,368 INFO    : Snapshot:1	2	3	Epoch:14	Loss:8.04	MRR:19.51	Hits@10:31.8	Best:19.55
2024-09-11 16:35:06,701 INFO    : Early Stopping! Snapshot:1 Epoch: 15 Best Results: 19.55
2024-09-11 16:35:06,804 INFO    : => loading checkpoint './checkpoint/FACT\1model_best.tar'
2024-09-11 16:35:16,719 INFO    : 
+------------+--------+--------+--------+--------+---------+
| Snapshot:1 |  MRR   | Hits@1 | Hits@3 | Hits@5 | Hits@10 |
+------------+--------+--------+--------+--------+---------+
|     0      | 0.2411 | 0.1609 | 0.2782 | 0.327  |  0.3891 |
|     1      | 0.1939 | 0.1256 | 0.2249 | 0.2653 |  0.3166 |
+------------+--------+--------+--------+--------+---------+
2024-09-11 16:35:33,865 INFO    : Snapshot:2	0	3	Epoch:0	Loss:9.803	MRR:17.06	Hits@10:28.97	Best:17.06
2024-09-11 16:35:42,503 INFO    : Snapshot:2	0	3	Epoch:1	Loss:9.096	MRR:17.19	Hits@10:29.05	Best:17.19
2024-09-11 16:35:51,076 INFO    : Snapshot:2	0	3	Epoch:2	Loss:8.95	MRR:17.23	Hits@10:29.21	Best:17.23
2024-09-11 16:35:59,539 INFO    : Snapshot:2	0	3	Epoch:3	Loss:8.887	MRR:17.24	Hits@10:29.32	Best:17.24
2024-09-11 16:36:08,013 INFO    : Snapshot:2	0	3	Epoch:4	Loss:8.886	MRR:17.28	Hits@10:29.33	Best:17.28
2024-09-11 16:36:16,775 INFO    : Snapshot:2	0	3	Epoch:5	Loss:8.854	MRR:17.3	Hits@10:29.33	Best:17.3
2024-09-11 16:36:25,241 INFO    : Snapshot:2	1	3	Epoch:6	Loss:8.875	MRR:17.3	Hits@10:29.28	Best:17.3
2024-09-11 16:36:33,799 INFO    : Snapshot:2	2	3	Epoch:7	Loss:8.852	MRR:17.3	Hits@10:29.28	Best:17.3
2024-09-11 16:36:42,220 INFO    : Early Stopping! Snapshot:2 Epoch: 8 Best Results: 17.3
2024-09-11 16:36:42,321 INFO    : => loading checkpoint './checkpoint/FACT\2model_best.tar'
2024-09-11 16:36:58,018 INFO    : 
+------------+--------+--------+--------+--------+---------+
| Snapshot:2 |  MRR   | Hits@1 | Hits@3 | Hits@5 | Hits@10 |
+------------+--------+--------+--------+--------+---------+
|     0      | 0.2411 | 0.1609 | 0.2782 | 0.327  |  0.3891 |
|     1      | 0.1939 | 0.1256 | 0.2249 | 0.2653 |  0.3166 |
|     2      | 0.172  | 0.1075 | 0.1987 | 0.2367 |  0.2908 |
+------------+--------+--------+--------+--------+---------+
2024-09-11 16:37:15,065 INFO    : Snapshot:3	0	3	Epoch:0	Loss:9.604	MRR:14.44	Hits@10:25.52	Best:14.44
2024-09-11 16:37:23,769 INFO    : Snapshot:3	0	3	Epoch:1	Loss:9.306	MRR:14.47	Hits@10:25.58	Best:14.47
2024-09-11 16:37:32,375 INFO    : Snapshot:3	0	3	Epoch:2	Loss:9.275	MRR:14.5	Hits@10:25.61	Best:14.5
2024-09-11 16:37:40,989 INFO    : Snapshot:3	1	3	Epoch:3	Loss:9.264	MRR:14.48	Hits@10:25.56	Best:14.5
2024-09-11 16:37:49,858 INFO    : Snapshot:3	0	3	Epoch:4	Loss:9.247	MRR:14.52	Hits@10:25.61	Best:14.52
2024-09-11 16:37:58,628 INFO    : Snapshot:3	0	3	Epoch:5	Loss:9.236	MRR:14.56	Hits@10:25.67	Best:14.56
2024-09-11 16:38:07,310 INFO    : Snapshot:3	1	3	Epoch:6	Loss:9.259	MRR:14.53	Hits@10:25.63	Best:14.56
2024-09-11 16:38:15,927 INFO    : Snapshot:3	2	3	Epoch:7	Loss:9.222	MRR:14.54	Hits@10:25.65	Best:14.56
2024-09-11 16:38:24,487 INFO    : Early Stopping! Snapshot:3 Epoch: 8 Best Results: 14.56
2024-09-11 16:38:24,585 INFO    : => loading checkpoint './checkpoint/FACT\3model_best.tar'
2024-09-11 16:38:46,163 INFO    : 
+------------+--------+--------+--------+--------+---------+
| Snapshot:3 |  MRR   | Hits@1 | Hits@3 | Hits@5 | Hits@10 |
+------------+--------+--------+--------+--------+---------+
|     0      | 0.2411 | 0.1609 | 0.2782 | 0.327  |  0.3891 |
|     1      | 0.1939 | 0.1256 | 0.2249 | 0.2653 |  0.3166 |
|     2      | 0.172  | 0.1075 | 0.1987 | 0.2367 |  0.2908 |
|     3      | 0.1466 | 0.0858 | 0.1659 | 0.2052 |  0.2609 |
+------------+--------+--------+--------+--------+---------+
2024-09-11 16:40:16,526 INFO    : Snapshot:4	0	3	Epoch:0	Loss:9.564	MRR:10.91	Hits@10:20.88	Best:10.91
2024-09-11 16:41:01,886 INFO    : Snapshot:4	0	3	Epoch:1	Loss:9.108	MRR:10.95	Hits@10:20.97	Best:10.95
2024-09-11 16:41:47,043 INFO    : Snapshot:4	1	3	Epoch:2	Loss:9.049	MRR:10.92	Hits@10:20.98	Best:10.95
2024-09-11 16:42:33,837 INFO    : Snapshot:4	2	3	Epoch:3	Loss:9.049	MRR:10.95	Hits@10:20.96	Best:10.95
2024-09-11 16:43:19,267 INFO    : Snapshot:4	0	3	Epoch:4	Loss:9.015	MRR:10.98	Hits@10:20.98	Best:10.98
2024-09-11 16:44:05,454 INFO    : Snapshot:4	0	3	Epoch:5	Loss:9.035	MRR:11.02	Hits@10:21.01	Best:11.02
2024-09-11 16:44:51,042 INFO    : Snapshot:4	1	3	Epoch:6	Loss:9.03	MRR:10.97	Hits@10:21.0	Best:11.02
2024-09-11 16:45:36,961 INFO    : Snapshot:4	2	3	Epoch:7	Loss:9.014	MRR:10.97	Hits@10:21.02	Best:11.02
2024-09-11 16:46:22,786 INFO    : Early Stopping! Snapshot:4 Epoch: 8 Best Results: 11.02
2024-09-11 16:46:22,908 INFO    : => loading checkpoint './checkpoint/FACT\4model_best.tar'
2024-09-11 16:47:28,242 INFO    : 
+------------+--------+--------+--------+--------+---------+
| Snapshot:4 |  MRR   | Hits@1 | Hits@3 | Hits@5 | Hits@10 |
+------------+--------+--------+--------+--------+---------+
|     0      | 0.2411 | 0.1609 | 0.2782 | 0.327  |  0.3891 |
|     1      | 0.1939 | 0.1256 | 0.2249 | 0.2653 |  0.3166 |
|     2      | 0.172  | 0.1075 | 0.1987 | 0.2367 |  0.2908 |
|     3      | 0.1466 | 0.0858 | 0.1659 | 0.2052 |  0.2609 |
|     4      | 0.1114 | 0.0575 | 0.1206 | 0.1536 |  0.2105 |
+------------+--------+--------+--------+--------+---------+
2024-09-11 16:47:28,244 INFO    : Final Result:
[+------------+--------+--------+--------+--------+---------+
| Snapshot:0 |  MRR   | Hits@1 | Hits@3 | Hits@5 | Hits@10 |
+------------+--------+--------+--------+--------+---------+
|     0      | 0.2411 | 0.1609 | 0.2782 | 0.327  |  0.3891 |
+------------+--------+--------+--------+--------+---------+, +------------+--------+--------+--------+--------+---------+
| Snapshot:1 |  MRR   | Hits@1 | Hits@3 | Hits@5 | Hits@10 |
+------------+--------+--------+--------+--------+---------+
|     0      | 0.2411 | 0.1609 | 0.2782 | 0.327  |  0.3891 |
|     1      | 0.1939 | 0.1256 | 0.2249 | 0.2653 |  0.3166 |
+------------+--------+--------+--------+--------+---------+, +------------+--------+--------+--------+--------+---------+
| Snapshot:2 |  MRR   | Hits@1 | Hits@3 | Hits@5 | Hits@10 |
+------------+--------+--------+--------+--------+---------+
|     0      | 0.2411 | 0.1609 | 0.2782 | 0.327  |  0.3891 |
|     1      | 0.1939 | 0.1256 | 0.2249 | 0.2653 |  0.3166 |
|     2      | 0.172  | 0.1075 | 0.1987 | 0.2367 |  0.2908 |
+------------+--------+--------+--------+--------+---------+, +------------+--------+--------+--------+--------+---------+
| Snapshot:3 |  MRR   | Hits@1 | Hits@3 | Hits@5 | Hits@10 |
+------------+--------+--------+--------+--------+---------+
|     0      | 0.2411 | 0.1609 | 0.2782 | 0.327  |  0.3891 |
|     1      | 0.1939 | 0.1256 | 0.2249 | 0.2653 |  0.3166 |
|     2      | 0.172  | 0.1075 | 0.1987 | 0.2367 |  0.2908 |
|     3      | 0.1466 | 0.0858 | 0.1659 | 0.2052 |  0.2609 |
+------------+--------+--------+--------+--------+---------+, +------------+--------+--------+--------+--------+---------+
| Snapshot:4 |  MRR   | Hits@1 | Hits@3 | Hits@5 | Hits@10 |
+------------+--------+--------+--------+--------+---------+
|     0      | 0.2411 | 0.1609 | 0.2782 | 0.327  |  0.3891 |
|     1      | 0.1939 | 0.1256 | 0.2249 | 0.2653 |  0.3166 |
|     2      | 0.172  | 0.1075 | 0.1987 | 0.2367 |  0.2908 |
|     3      | 0.1466 | 0.0858 | 0.1659 | 0.2052 |  0.2609 |
|     4      | 0.1114 | 0.0575 | 0.1206 | 0.1536 |  0.2105 |
+------------+--------+--------+--------+--------+---------+]
2024-09-11 16:47:28,244 INFO    : Report Result:
+----------+-------------------+-----------+--------------+--------------+---------------+
| Snapshot |        Time       | Whole_MRR | Whole_Hits@1 | Whole_Hits@3 | Whole_Hits@10 |
+----------+-------------------+-----------+--------------+--------------+---------------+
|    0     | 90.25487971305847 |   0.241   |    0.161     |    0.278     |     0.389     |
|    1     | 131.4489815235138 |   0.217   |    0.143     |    0.252     |     0.353     |
|    2     | 79.50122714042664 |   0.202   |    0.131     |    0.234     |     0.332     |
|    3     | 80.59731006622314 |   0.188   |     0.12     |    0.217     |     0.314     |
|    4     | 413.4732987880707 |   0.173   |    0.107     |    0.198     |     0.294     |
+----------+-------------------+-----------+--------------+--------------+---------------+
2024-09-11 16:47:28,244 INFO    : Sum_Training_Time:795.2756972312927
2024-09-11 16:47:28,244 INFO    : Every_Training_Time:[90.25487971305847, 131.4489815235138, 79.50122714042664, 80.59731006622314, 413.4732987880707]
2024-09-11 16:47:28,244 INFO    : Forward transfer: 0.142525 Backward transfer: 0.0
