2024-08-23 17:20:14,520 INFO    : Namespace(batch_size=1024, data_path='./data/HYBRID/', dataset='HYBRID', debug=False, device=device(type='cuda', index=0), emb_dim=200, ent_r='150', epoch_num=200, explore=False, gpu='0', l2=0.0, learning_rate='1e-1', log_path='./logs/20240823172006/HYBRID', logger=<RootLogger root (INFO)>, margin=8.0, model_name='LoraKGE_Layers', multi_layers_path='train_sorted_by_edges_betweenness.txt', neg_ratio=10, note='', num_ent_layers='2', num_layer=1, num_rel_layers='1', patience=3, predict_result=False, r=100, r_fixed=True, random_seed=3407, record=False, rel_r='20', save_path='./checkpoint/HYBRID', skip_previous='False', snapshot_num=5, train_new=True, using_multi_layers=False, using_various_ranks='True', using_various_ranks_reverse=False, valid_metrics='mrr')
2024-08-23 17:20:21,837 INFO    : Snapshot:0	Epoch:0	Loss:37.229	MRR:14.76	Hits@10:28.92	Best:14.76
2024-08-23 17:20:26,973 INFO    : Snapshot:0	Epoch:1	Loss:18.611	MRR:22.47	Hits@10:40.38	Best:22.47
2024-08-23 17:20:32,265 INFO    : Snapshot:0	Epoch:2	Loss:8.665	MRR:25.05	Hits@10:43.96	Best:25.05
2024-08-23 17:20:37,489 INFO    : Snapshot:0	Epoch:3	Loss:4.555	MRR:25.63	Hits@10:44.96	Best:25.63
2024-08-23 17:20:42,601 INFO    : Snapshot:0	Epoch:4	Loss:2.778	MRR:25.59	Hits@10:44.87	Best:25.63
2024-08-23 17:20:47,865 INFO    : Snapshot:0	Epoch:5	Loss:1.937	MRR:25.27	Hits@10:44.8	Best:25.63
2024-08-23 17:20:52,942 INFO    : Early Stopping! Snapshot:0 Epoch: 6 Best Results: 25.63
2024-08-23 17:20:53,027 INFO    : => loading checkpoint './checkpoint/HYBRID\0model_best.tar'
2024-08-23 17:20:56,114 INFO    : 
+------------+--------+--------+--------+--------+---------+
| Snapshot:0 |  MRR   | Hits@1 | Hits@3 | Hits@5 | Hits@10 |
+------------+--------+--------+--------+--------+---------+
|     0      | 0.2558 | 0.1548 | 0.3079 | 0.3682 |  0.4392 |
+------------+--------+--------+--------+--------+---------+
2024-08-23 17:21:02,101 INFO    : Snapshot:1	Epoch:0	Loss:8.096	MRR:20.63	Hits@10:36.66	Best:20.63
2024-08-23 17:21:04,360 INFO    : Snapshot:1	Epoch:1	Loss:3.91	MRR:23.8	Hits@10:41.47	Best:23.8
2024-08-23 17:21:06,448 INFO    : Snapshot:1	Epoch:2	Loss:3.266	MRR:25.34	Hits@10:44.06	Best:25.34
2024-08-23 17:21:08,594 INFO    : Snapshot:1	Epoch:3	Loss:2.967	MRR:25.95	Hits@10:45.21	Best:25.95
2024-08-23 17:21:10,707 INFO    : Snapshot:1	Epoch:4	Loss:2.808	MRR:26.61	Hits@10:45.23	Best:26.61
2024-08-23 17:21:12,787 INFO    : Snapshot:1	Epoch:5	Loss:2.69	MRR:26.95	Hits@10:45.56	Best:26.95
2024-08-23 17:21:14,867 INFO    : Snapshot:1	Epoch:6	Loss:2.615	MRR:26.77	Hits@10:45.78	Best:26.95
2024-08-23 17:21:16,965 INFO    : Snapshot:1	Epoch:7	Loss:2.569	MRR:27.13	Hits@10:46.2	Best:27.13
2024-08-23 17:21:19,068 INFO    : Snapshot:1	Epoch:8	Loss:2.515	MRR:27.14	Hits@10:46.68	Best:27.14
2024-08-23 17:21:21,160 INFO    : Snapshot:1	Epoch:9	Loss:2.49	MRR:27.31	Hits@10:46.24	Best:27.31
2024-08-23 17:21:23,300 INFO    : Snapshot:1	Epoch:10	Loss:2.464	MRR:27.48	Hits@10:46.46	Best:27.48
2024-08-23 17:21:25,403 INFO    : Snapshot:1	Epoch:11	Loss:2.445	MRR:27.48	Hits@10:46.86	Best:27.48
2024-08-23 17:21:27,471 INFO    : Snapshot:1	Epoch:12	Loss:2.431	MRR:27.75	Hits@10:46.96	Best:27.75
2024-08-23 17:21:29,613 INFO    : Snapshot:1	Epoch:13	Loss:2.397	MRR:28.02	Hits@10:46.91	Best:28.02
2024-08-23 17:21:31,734 INFO    : Snapshot:1	Epoch:14	Loss:2.402	MRR:27.76	Hits@10:46.79	Best:28.02
2024-08-23 17:21:33,794 INFO    : Snapshot:1	Epoch:15	Loss:2.364	MRR:27.9	Hits@10:47.14	Best:28.02
2024-08-23 17:21:35,968 INFO    : Snapshot:1	Epoch:16	Loss:2.367	MRR:28.28	Hits@10:47.11	Best:28.28
2024-08-23 17:21:38,167 INFO    : Snapshot:1	Epoch:17	Loss:2.38	MRR:28.04	Hits@10:47.08	Best:28.28
2024-08-23 17:21:40,330 INFO    : Snapshot:1	Epoch:18	Loss:2.354	MRR:28.0	Hits@10:47.2	Best:28.28
2024-08-23 17:21:42,424 INFO    : Early Stopping! Snapshot:1 Epoch: 19 Best Results: 28.28
2024-08-23 17:21:42,530 INFO    : => loading checkpoint './checkpoint/HYBRID\1model_best.tar'
2024-08-23 17:21:47,428 INFO    : 
+------------+--------+--------+--------+--------+---------+
| Snapshot:1 |  MRR   | Hits@1 | Hits@3 | Hits@5 | Hits@10 |
+------------+--------+--------+--------+--------+---------+
|     0      | 0.2558 | 0.1548 | 0.3079 | 0.3682 |  0.4392 |
|     1      | 0.2727 | 0.174  | 0.3133 | 0.3818 |  0.4646 |
+------------+--------+--------+--------+--------+---------+
2024-08-23 17:22:08,500 INFO    : Snapshot:2	Epoch:0	Loss:25.239	MRR:14.97	Hits@10:27.65	Best:14.97
2024-08-23 17:22:19,755 INFO    : Snapshot:2	Epoch:1	Loss:16.526	MRR:16.27	Hits@10:29.94	Best:16.27
2024-08-23 17:22:30,842 INFO    : Snapshot:2	Epoch:2	Loss:15.379	MRR:17.23	Hits@10:31.21	Best:17.23
2024-08-23 17:22:41,847 INFO    : Snapshot:2	Epoch:3	Loss:14.781	MRR:17.53	Hits@10:31.64	Best:17.53
2024-08-23 17:22:52,834 INFO    : Snapshot:2	Epoch:4	Loss:14.43	MRR:17.73	Hits@10:32.06	Best:17.73
2024-08-23 17:23:03,794 INFO    : Snapshot:2	Epoch:5	Loss:14.155	MRR:18.1	Hits@10:32.74	Best:18.1
2024-08-23 17:23:14,879 INFO    : Snapshot:2	Epoch:6	Loss:13.977	MRR:18.25	Hits@10:32.88	Best:18.25
2024-08-23 17:23:25,873 INFO    : Snapshot:2	Epoch:7	Loss:13.846	MRR:18.38	Hits@10:32.96	Best:18.38
2024-08-23 17:23:36,893 INFO    : Snapshot:2	Epoch:8	Loss:13.724	MRR:18.28	Hits@10:32.98	Best:18.38
2024-08-23 17:23:47,886 INFO    : Snapshot:2	Epoch:9	Loss:13.603	MRR:18.64	Hits@10:33.23	Best:18.64
2024-08-23 17:23:58,644 INFO    : Snapshot:2	Epoch:10	Loss:13.558	MRR:18.82	Hits@10:33.19	Best:18.82
2024-08-23 17:24:09,509 INFO    : Snapshot:2	Epoch:11	Loss:13.51	MRR:18.65	Hits@10:33.18	Best:18.82
2024-08-23 17:24:20,478 INFO    : Snapshot:2	Epoch:12	Loss:13.422	MRR:18.63	Hits@10:33.27	Best:18.82
2024-08-23 17:24:31,391 INFO    : Early Stopping! Snapshot:2 Epoch: 13 Best Results: 18.82
2024-08-23 17:24:31,490 INFO    : => loading checkpoint './checkpoint/HYBRID\2model_best.tar'
2024-08-23 17:24:43,299 INFO    : 
+------------+--------+--------+--------+--------+---------+
| Snapshot:2 |  MRR   | Hits@1 | Hits@3 | Hits@5 | Hits@10 |
+------------+--------+--------+--------+--------+---------+
|     0      | 0.2558 | 0.1548 | 0.3079 | 0.3682 |  0.4392 |
|     1      | 0.2727 | 0.174  | 0.3133 | 0.3818 |  0.4646 |
|     2      | 0.1865 | 0.1124 | 0.2117 | 0.2598 |  0.3303 |
+------------+--------+--------+--------+--------+---------+
2024-08-23 17:25:10,011 INFO    : Snapshot:3	Epoch:0	Loss:28.984	MRR:14.97	Hits@10:28.34	Best:14.97
2024-08-23 17:25:24,281 INFO    : Snapshot:3	Epoch:1	Loss:21.246	MRR:15.98	Hits@10:29.97	Best:15.98
2024-08-23 17:25:39,116 INFO    : Snapshot:3	Epoch:2	Loss:20.4	MRR:16.39	Hits@10:30.91	Best:16.39
2024-08-23 17:25:53,742 INFO    : Snapshot:3	Epoch:3	Loss:20.019	MRR:16.69	Hits@10:31.15	Best:16.69
2024-08-23 17:26:08,328 INFO    : Snapshot:3	Epoch:4	Loss:19.83	MRR:16.98	Hits@10:31.6	Best:16.98
2024-08-23 17:26:23,011 INFO    : Snapshot:3	Epoch:5	Loss:19.52	MRR:17.03	Hits@10:31.66	Best:17.03
2024-08-23 17:26:37,520 INFO    : Snapshot:3	Epoch:6	Loss:19.382	MRR:17.1	Hits@10:31.86	Best:17.1
2024-08-23 17:26:52,089 INFO    : Snapshot:3	Epoch:7	Loss:19.303	MRR:17.03	Hits@10:31.76	Best:17.1
2024-08-23 17:27:06,709 INFO    : Snapshot:3	Epoch:8	Loss:19.252	MRR:17.22	Hits@10:32.03	Best:17.22
2024-08-23 17:27:20,896 INFO    : Snapshot:3	Epoch:9	Loss:19.214	MRR:17.32	Hits@10:32.15	Best:17.32
2024-08-23 17:27:35,377 INFO    : Snapshot:3	Epoch:10	Loss:19.079	MRR:17.35	Hits@10:31.95	Best:17.35
2024-08-23 17:27:50,497 INFO    : Snapshot:3	Epoch:11	Loss:19.075	MRR:17.2	Hits@10:32.05	Best:17.35
2024-08-23 17:28:04,888 INFO    : Snapshot:3	Epoch:12	Loss:18.975	MRR:17.47	Hits@10:32.19	Best:17.47
2024-08-23 17:28:19,716 INFO    : Snapshot:3	Epoch:13	Loss:18.94	MRR:17.44	Hits@10:32.16	Best:17.47
2024-08-23 17:28:34,416 INFO    : Snapshot:3	Epoch:14	Loss:19.002	MRR:17.38	Hits@10:32.33	Best:17.47
2024-08-23 17:28:49,155 INFO    : Snapshot:3	Epoch:15	Loss:18.891	MRR:17.52	Hits@10:32.46	Best:17.52
2024-08-23 17:29:04,201 INFO    : Snapshot:3	Epoch:16	Loss:18.872	MRR:17.32	Hits@10:32.18	Best:17.52
2024-08-23 17:29:18,871 INFO    : Snapshot:3	Epoch:17	Loss:18.929	MRR:17.27	Hits@10:32.16	Best:17.52
2024-08-23 17:29:33,367 INFO    : Snapshot:3	Epoch:18	Loss:18.834	MRR:17.53	Hits@10:32.36	Best:17.53
2024-08-23 17:29:48,143 INFO    : Snapshot:3	Epoch:19	Loss:18.781	MRR:17.56	Hits@10:32.47	Best:17.56
2024-08-23 17:30:02,636 INFO    : Snapshot:3	Epoch:20	Loss:18.804	MRR:17.44	Hits@10:32.36	Best:17.56
2024-08-23 17:30:17,441 INFO    : Snapshot:3	Epoch:21	Loss:18.79	MRR:17.49	Hits@10:32.24	Best:17.56
2024-08-23 17:30:32,533 INFO    : Snapshot:3	Epoch:22	Loss:18.788	MRR:17.7	Hits@10:32.42	Best:17.7
2024-08-23 17:30:47,644 INFO    : Snapshot:3	Epoch:23	Loss:18.766	MRR:17.5	Hits@10:32.35	Best:17.7
2024-08-23 17:31:02,406 INFO    : Snapshot:3	Epoch:24	Loss:18.747	MRR:17.54	Hits@10:32.34	Best:17.7
2024-08-23 17:31:17,078 INFO    : Early Stopping! Snapshot:3 Epoch: 25 Best Results: 17.7
2024-08-23 17:31:17,175 INFO    : => loading checkpoint './checkpoint/HYBRID\3model_best.tar'
2024-08-23 17:31:38,939 INFO    : 
+------------+--------+--------+--------+--------+---------+
| Snapshot:3 |  MRR   | Hits@1 | Hits@3 | Hits@5 | Hits@10 |
+------------+--------+--------+--------+--------+---------+
|     0      | 0.2558 | 0.1548 | 0.3079 | 0.3682 |  0.4392 |
|     1      | 0.2727 | 0.174  | 0.3133 | 0.3818 |  0.4646 |
|     2      | 0.1865 | 0.1124 | 0.2117 | 0.2598 |  0.3303 |
|     3      | 0.1761 | 0.0963 | 0.2101 | 0.2627 |  0.3255 |
+------------+--------+--------+--------+--------+---------+
2024-08-23 17:31:51,315 INFO    : Snapshot:4	Epoch:0	Loss:14.576	MRR:14.26	Hits@10:23.62	Best:14.26
2024-08-23 17:31:56,900 INFO    : Snapshot:4	Epoch:1	Loss:11.869	MRR:15.01	Hits@10:24.49	Best:15.01
2024-08-23 17:32:02,441 INFO    : Snapshot:4	Epoch:2	Loss:11.651	MRR:15.13	Hits@10:24.65	Best:15.13
2024-08-23 17:32:08,014 INFO    : Snapshot:4	Epoch:3	Loss:11.526	MRR:15.27	Hits@10:24.81	Best:15.27
2024-08-23 17:32:13,576 INFO    : Snapshot:4	Epoch:4	Loss:11.51	MRR:15.23	Hits@10:24.88	Best:15.27
2024-08-23 17:32:19,314 INFO    : Snapshot:4	Epoch:5	Loss:11.409	MRR:15.34	Hits@10:24.85	Best:15.34
2024-08-23 17:32:24,909 INFO    : Snapshot:4	Epoch:6	Loss:11.34	MRR:15.39	Hits@10:24.75	Best:15.39
2024-08-23 17:32:30,467 INFO    : Snapshot:4	Epoch:7	Loss:11.402	MRR:15.39	Hits@10:24.94	Best:15.39
2024-08-23 17:32:36,205 INFO    : Snapshot:4	Epoch:8	Loss:11.367	MRR:15.36	Hits@10:24.83	Best:15.39
2024-08-23 17:32:42,027 INFO    : Early Stopping! Snapshot:4 Epoch: 9 Best Results: 15.39
2024-08-23 17:32:42,142 INFO    : => loading checkpoint './checkpoint/HYBRID\4model_best.tar'
2024-08-23 17:33:08,661 INFO    : 
+------------+--------+--------+--------+--------+---------+
| Snapshot:4 |  MRR   | Hits@1 | Hits@3 | Hits@5 | Hits@10 |
+------------+--------+--------+--------+--------+---------+
|     0      | 0.2558 | 0.1548 | 0.3079 | 0.3682 |  0.4392 |
|     1      | 0.2727 | 0.174  | 0.3133 | 0.3818 |  0.4646 |
|     2      | 0.1865 | 0.1124 | 0.2117 | 0.2598 |  0.3303 |
|     3      | 0.1761 | 0.0963 | 0.2101 | 0.2627 |  0.3255 |
|     4      | 0.1536 | 0.1038 | 0.1678 | 0.2015 |  0.2489 |
+------------+--------+--------+--------+--------+---------+
2024-08-23 17:33:08,663 INFO    : Final Result:
[+------------+--------+--------+--------+--------+---------+
| Snapshot:0 |  MRR   | Hits@1 | Hits@3 | Hits@5 | Hits@10 |
+------------+--------+--------+--------+--------+---------+
|     0      | 0.2558 | 0.1548 | 0.3079 | 0.3682 |  0.4392 |
+------------+--------+--------+--------+--------+---------+, +------------+--------+--------+--------+--------+---------+
| Snapshot:1 |  MRR   | Hits@1 | Hits@3 | Hits@5 | Hits@10 |
+------------+--------+--------+--------+--------+---------+
|     0      | 0.2558 | 0.1548 | 0.3079 | 0.3682 |  0.4392 |
|     1      | 0.2727 | 0.174  | 0.3133 | 0.3818 |  0.4646 |
+------------+--------+--------+--------+--------+---------+, +------------+--------+--------+--------+--------+---------+
| Snapshot:2 |  MRR   | Hits@1 | Hits@3 | Hits@5 | Hits@10 |
+------------+--------+--------+--------+--------+---------+
|     0      | 0.2558 | 0.1548 | 0.3079 | 0.3682 |  0.4392 |
|     1      | 0.2727 | 0.174  | 0.3133 | 0.3818 |  0.4646 |
|     2      | 0.1865 | 0.1124 | 0.2117 | 0.2598 |  0.3303 |
+------------+--------+--------+--------+--------+---------+, +------------+--------+--------+--------+--------+---------+
| Snapshot:3 |  MRR   | Hits@1 | Hits@3 | Hits@5 | Hits@10 |
+------------+--------+--------+--------+--------+---------+
|     0      | 0.2558 | 0.1548 | 0.3079 | 0.3682 |  0.4392 |
|     1      | 0.2727 | 0.174  | 0.3133 | 0.3818 |  0.4646 |
|     2      | 0.1865 | 0.1124 | 0.2117 | 0.2598 |  0.3303 |
|     3      | 0.1761 | 0.0963 | 0.2101 | 0.2627 |  0.3255 |
+------------+--------+--------+--------+--------+---------+, +------------+--------+--------+--------+--------+---------+
| Snapshot:4 |  MRR   | Hits@1 | Hits@3 | Hits@5 | Hits@10 |
+------------+--------+--------+--------+--------+---------+
|     0      | 0.2558 | 0.1548 | 0.3079 | 0.3682 |  0.4392 |
|     1      | 0.2727 | 0.174  | 0.3133 | 0.3818 |  0.4646 |
|     2      | 0.1865 | 0.1124 | 0.2117 | 0.2598 |  0.3303 |
|     3      | 0.1761 | 0.0963 | 0.2101 | 0.2627 |  0.3255 |
|     4      | 0.1536 | 0.1038 | 0.1678 | 0.2015 |  0.2489 |
+------------+--------+--------+--------+--------+---------+]
2024-08-23 17:33:08,663 INFO    : Report Result:
+----------+--------------------+-----------+--------------+--------------+---------------+
| Snapshot |        Time        | Whole_MRR | Whole_Hits@1 | Whole_Hits@3 | Whole_Hits@10 |
+----------+--------------------+-----------+--------------+--------------+---------------+
|    0     | 38.42185187339783  |   0.256   |    0.155     |    0.308     |     0.439     |
|    1     | 44.52088928222656  |    0.26   |     0.16     |    0.309     |     0.446     |
|    2     | 156.9581937789917  |   0.221   |    0.135     |    0.258     |     0.385     |
|    3     | 383.84676575660706 |   0.204   |     0.12     |    0.239     |     0.362     |
|    4     | 58.54220175743103  |   0.197   |    0.118     |     0.23     |     0.347     |
+----------+--------------------+-----------+--------------+--------------+---------------+
2024-08-23 17:33:08,664 INFO    : Sum_Training_Time:682.2899024486542
2024-08-23 17:33:08,664 INFO    : Every_Training_Time:[38.42185187339783, 44.52088928222656, 156.9581937789917, 383.84676575660706, 58.54220175743103]
2024-08-23 17:33:08,664 INFO    : Forward transfer: 0.036000000000000004 Backward transfer: 0.0
