2025-01-21 11:47:12,144 INFO    : Namespace(batch_size=1024, data_path='./data/HYBRID/', dataset='HYBRID', debug=False, device=device(type='cuda', index=0), emb_dim=200, ent_r='200', epoch_num=200, explore=False, gpu='0', l2=0.0, learning_rate='5e-2', log_path='./logs/HYBRID 200 20 5e-2 1024/HYBRID 20250121114704', logger=<RootLogger root (INFO)>, margin=8.0, model_name='LoraKGE_Layers', multi_layers_path='train_sorted_by_edges_betweenness.txt', neg_ratio=10, note='', num_ent_layers='20', num_layer=1, num_rel_layers='1', patience='10', predict_result=False, r=100, r_fixed=True, random_seed=3407, record=False, rel_r='200', save_path='./checkpoint/HYBRID', skip_previous='False', snapshot_num=5, train_new=True, using_multi_layers=False, using_various_ranks='True', using_various_ranks_reverse=False, valid_metrics='mrr')
2025-01-21 11:47:20,157 INFO    : Snapshot:0	0	10	Epoch:0	Loss:34.467	MRR:17.86	Hits@10:33.78	Best:17.86
2025-01-21 11:47:25,701 INFO    : Snapshot:0	0	10	Epoch:1	Loss:13.924	MRR:24.49	Hits@10:43.34	Best:24.49
2025-01-21 11:47:31,312 INFO    : Snapshot:0	0	10	Epoch:2	Loss:5.795	MRR:25.44	Hits@10:45.13	Best:25.44
2025-01-21 11:47:36,725 INFO    : Snapshot:0	0	10	Epoch:3	Loss:3.037	MRR:25.53	Hits@10:45.1	Best:25.53
2025-01-21 11:47:42,116 INFO    : Snapshot:0	0	10	Epoch:4	Loss:1.946	MRR:25.55	Hits@10:44.88	Best:25.55
2025-01-21 11:47:47,716 INFO    : Snapshot:0	1	10	Epoch:5	Loss:1.45	MRR:25.37	Hits@10:44.64	Best:25.55
2025-01-21 11:47:53,100 INFO    : Snapshot:0	2	10	Epoch:6	Loss:1.193	MRR:25.24	Hits@10:44.55	Best:25.55
2025-01-21 11:47:58,530 INFO    : Snapshot:0	3	10	Epoch:7	Loss:1.015	MRR:25.18	Hits@10:44.51	Best:25.55
2025-01-21 11:48:03,961 INFO    : Snapshot:0	4	10	Epoch:8	Loss:0.902	MRR:24.85	Hits@10:44.32	Best:25.55
2025-01-21 11:48:09,413 INFO    : Snapshot:0	5	10	Epoch:9	Loss:0.821	MRR:24.6	Hits@10:44.08	Best:25.55
2025-01-21 11:48:14,835 INFO    : Snapshot:0	6	10	Epoch:10	Loss:0.754	MRR:24.47	Hits@10:43.72	Best:25.55
2025-01-21 11:48:20,263 INFO    : Snapshot:0	7	10	Epoch:11	Loss:0.685	MRR:24.55	Hits@10:43.76	Best:25.55
2025-01-21 11:48:25,806 INFO    : Snapshot:0	8	10	Epoch:12	Loss:0.652	MRR:24.35	Hits@10:43.35	Best:25.55
2025-01-21 11:48:31,253 INFO    : Snapshot:0	9	10	Epoch:13	Loss:0.605	MRR:23.85	Hits@10:43.17	Best:25.55
2025-01-21 11:48:36,741 INFO    : Early Stopping! Snapshot:0 Epoch: 14 Best Results: 25.55
2025-01-21 11:48:36,835 INFO    : => loading checkpoint './checkpoint/HYBRID\0model_best.tar'
2025-01-21 11:48:40,336 INFO    : 
+------------+-------+--------+--------+--------+---------+
| Snapshot:0 |  MRR  | Hits@1 | Hits@3 | Hits@5 | Hits@10 |
+------------+-------+--------+--------+--------+---------+
|     0      | 0.254 | 0.1524 | 0.3052 | 0.3665 |  0.4402 |
+------------+-------+--------+--------+--------+---------+
2025-01-21 11:48:47,373 INFO    : Snapshot:1	0	10	Epoch:0	Loss:10.229	MRR:17.58	Hits@10:30.93	Best:17.58
2025-01-21 11:48:50,195 INFO    : Snapshot:1	0	10	Epoch:1	Loss:4.172	MRR:21.85	Hits@10:37.98	Best:21.85
2025-01-21 11:48:52,996 INFO    : Snapshot:1	0	10	Epoch:2	Loss:2.966	MRR:24.43	Hits@10:41.34	Best:24.43
2025-01-21 11:48:55,730 INFO    : Snapshot:1	0	10	Epoch:3	Loss:2.575	MRR:25.46	Hits@10:42.92	Best:25.46
2025-01-21 11:48:58,541 INFO    : Snapshot:1	0	10	Epoch:4	Loss:2.358	MRR:26.02	Hits@10:44.13	Best:26.02
2025-01-21 11:49:01,324 INFO    : Snapshot:1	1	10	Epoch:5	Loss:2.206	MRR:25.81	Hits@10:43.89	Best:26.02
2025-01-21 11:49:04,079 INFO    : Snapshot:1	0	10	Epoch:6	Loss:2.126	MRR:26.12	Hits@10:44.9	Best:26.12
2025-01-21 11:49:06,922 INFO    : Snapshot:1	0	10	Epoch:7	Loss:2.064	MRR:26.21	Hits@10:45.05	Best:26.21
2025-01-21 11:49:09,835 INFO    : Snapshot:1	0	10	Epoch:8	Loss:2.01	MRR:26.34	Hits@10:45.02	Best:26.34
2025-01-21 11:49:12,586 INFO    : Snapshot:1	0	10	Epoch:9	Loss:1.979	MRR:26.45	Hits@10:45.37	Best:26.45
2025-01-21 11:49:15,426 INFO    : Snapshot:1	1	10	Epoch:10	Loss:1.946	MRR:26.45	Hits@10:45.37	Best:26.45
2025-01-21 11:49:18,165 INFO    : Snapshot:1	0	10	Epoch:11	Loss:1.926	MRR:26.95	Hits@10:45.71	Best:26.95
2025-01-21 11:49:20,896 INFO    : Snapshot:1	1	10	Epoch:12	Loss:1.897	MRR:26.7	Hits@10:45.66	Best:26.95
2025-01-21 11:49:23,571 INFO    : Snapshot:1	0	10	Epoch:13	Loss:1.894	MRR:27.0	Hits@10:46.06	Best:27.0
2025-01-21 11:49:26,207 INFO    : Snapshot:1	1	10	Epoch:14	Loss:1.881	MRR:26.68	Hits@10:45.8	Best:27.0
2025-01-21 11:49:28,871 INFO    : Snapshot:1	0	10	Epoch:15	Loss:1.86	MRR:27.03	Hits@10:45.84	Best:27.03
2025-01-21 11:49:31,538 INFO    : Snapshot:1	1	10	Epoch:16	Loss:1.85	MRR:26.95	Hits@10:45.6	Best:27.03
2025-01-21 11:49:34,207 INFO    : Snapshot:1	0	10	Epoch:17	Loss:1.841	MRR:27.06	Hits@10:45.95	Best:27.06
2025-01-21 11:49:36,933 INFO    : Snapshot:1	0	10	Epoch:18	Loss:1.835	MRR:27.4	Hits@10:46.71	Best:27.4
2025-01-21 11:49:39,637 INFO    : Snapshot:1	1	10	Epoch:19	Loss:1.835	MRR:27.36	Hits@10:46.74	Best:27.4
2025-01-21 11:49:42,274 INFO    : Snapshot:1	2	10	Epoch:20	Loss:1.834	MRR:27.08	Hits@10:46.38	Best:27.4
2025-01-21 11:49:44,958 INFO    : Snapshot:1	3	10	Epoch:21	Loss:1.816	MRR:27.17	Hits@10:46.4	Best:27.4
2025-01-21 11:49:47,638 INFO    : Snapshot:1	4	10	Epoch:22	Loss:1.809	MRR:27.17	Hits@10:46.38	Best:27.4
2025-01-21 11:49:50,350 INFO    : Snapshot:1	5	10	Epoch:23	Loss:1.81	MRR:27.4	Hits@10:46.53	Best:27.4
2025-01-21 11:49:53,068 INFO    : Snapshot:1	6	10	Epoch:24	Loss:1.789	MRR:27.34	Hits@10:46.91	Best:27.4
2025-01-21 11:49:55,789 INFO    : Snapshot:1	7	10	Epoch:25	Loss:1.785	MRR:27.1	Hits@10:46.69	Best:27.4
2025-01-21 11:49:58,488 INFO    : Snapshot:1	0	10	Epoch:26	Loss:1.787	MRR:27.67	Hits@10:46.55	Best:27.67
2025-01-21 11:50:01,174 INFO    : Snapshot:1	1	10	Epoch:27	Loss:1.786	MRR:26.96	Hits@10:46.32	Best:27.67
2025-01-21 11:50:03,910 INFO    : Snapshot:1	2	10	Epoch:28	Loss:1.789	MRR:27.51	Hits@10:46.6	Best:27.67
2025-01-21 11:50:06,614 INFO    : Snapshot:1	3	10	Epoch:29	Loss:1.779	MRR:27.38	Hits@10:46.57	Best:27.67
2025-01-21 11:50:09,302 INFO    : Snapshot:1	4	10	Epoch:30	Loss:1.779	MRR:27.37	Hits@10:46.6	Best:27.67
2025-01-21 11:50:12,077 INFO    : Snapshot:1	0	10	Epoch:31	Loss:1.782	MRR:27.69	Hits@10:46.6	Best:27.69
2025-01-21 11:50:14,679 INFO    : Snapshot:1	1	10	Epoch:32	Loss:1.78	MRR:27.5	Hits@10:46.66	Best:27.69
2025-01-21 11:50:17,387 INFO    : Snapshot:1	0	10	Epoch:33	Loss:1.772	MRR:27.81	Hits@10:46.78	Best:27.81
2025-01-21 11:50:20,119 INFO    : Snapshot:1	1	10	Epoch:34	Loss:1.771	MRR:27.55	Hits@10:46.62	Best:27.81
2025-01-21 11:50:22,807 INFO    : Snapshot:1	2	10	Epoch:35	Loss:1.753	MRR:27.47	Hits@10:46.66	Best:27.81
2025-01-21 11:50:25,571 INFO    : Snapshot:1	3	10	Epoch:36	Loss:1.767	MRR:27.61	Hits@10:46.57	Best:27.81
2025-01-21 11:50:28,366 INFO    : Snapshot:1	4	10	Epoch:37	Loss:1.753	MRR:27.38	Hits@10:46.72	Best:27.81
2025-01-21 11:50:31,069 INFO    : Snapshot:1	5	10	Epoch:38	Loss:1.761	MRR:27.38	Hits@10:46.61	Best:27.81
2025-01-21 11:50:33,954 INFO    : Snapshot:1	6	10	Epoch:39	Loss:1.754	MRR:27.43	Hits@10:46.67	Best:27.81
2025-01-21 11:50:36,722 INFO    : Snapshot:1	7	10	Epoch:40	Loss:1.763	MRR:27.41	Hits@10:46.91	Best:27.81
2025-01-21 11:50:39,471 INFO    : Snapshot:1	0	10	Epoch:41	Loss:1.74	MRR:28.01	Hits@10:46.5	Best:28.01
2025-01-21 11:50:42,246 INFO    : Snapshot:1	1	10	Epoch:42	Loss:1.751	MRR:28.01	Hits@10:46.78	Best:28.01
2025-01-21 11:50:44,953 INFO    : Snapshot:1	2	10	Epoch:43	Loss:1.738	MRR:27.72	Hits@10:46.67	Best:28.01
2025-01-21 11:50:47,687 INFO    : Snapshot:1	3	10	Epoch:44	Loss:1.737	MRR:27.69	Hits@10:46.65	Best:28.01
2025-01-21 11:50:50,408 INFO    : Snapshot:1	4	10	Epoch:45	Loss:1.748	MRR:27.7	Hits@10:46.87	Best:28.01
2025-01-21 11:50:53,113 INFO    : Snapshot:1	5	10	Epoch:46	Loss:1.763	MRR:27.66	Hits@10:47.16	Best:28.01
2025-01-21 11:50:55,838 INFO    : Snapshot:1	6	10	Epoch:47	Loss:1.733	MRR:27.84	Hits@10:47.03	Best:28.01
2025-01-21 11:50:58,543 INFO    : Snapshot:1	7	10	Epoch:48	Loss:1.75	MRR:27.48	Hits@10:47.01	Best:28.01
2025-01-21 11:51:01,196 INFO    : Snapshot:1	8	10	Epoch:49	Loss:1.743	MRR:27.66	Hits@10:46.8	Best:28.01
2025-01-21 11:51:03,896 INFO    : Snapshot:1	9	10	Epoch:50	Loss:1.744	MRR:27.78	Hits@10:46.75	Best:28.01
2025-01-21 11:51:06,563 INFO    : Early Stopping! Snapshot:1 Epoch: 51 Best Results: 28.01
2025-01-21 11:51:06,667 INFO    : => loading checkpoint './checkpoint/HYBRID\1model_best.tar'
2025-01-21 11:51:12,209 INFO    : 
+------------+--------+--------+--------+--------+---------+
| Snapshot:1 |  MRR   | Hits@1 | Hits@3 | Hits@5 | Hits@10 |
+------------+--------+--------+--------+--------+---------+
|     0      | 0.254  | 0.1524 | 0.3052 | 0.3665 |  0.4402 |
|     1      | 0.2721 | 0.175  | 0.3128 | 0.375  |  0.4582 |
+------------+--------+--------+--------+--------+---------+
2025-01-21 11:51:36,958 INFO    : Snapshot:2	0	10	Epoch:0	Loss:26.476	MRR:16.1	Hits@10:28.83	Best:16.1
2025-01-21 11:51:50,937 INFO    : Snapshot:2	0	10	Epoch:1	Loss:13.889	MRR:16.96	Hits@10:30.5	Best:16.96
2025-01-21 11:52:04,579 INFO    : Snapshot:2	0	10	Epoch:2	Loss:12.618	MRR:17.58	Hits@10:31.28	Best:17.58
2025-01-21 11:52:18,342 INFO    : Snapshot:2	0	10	Epoch:3	Loss:12.016	MRR:18.08	Hits@10:32.04	Best:18.08
2025-01-21 11:52:32,305 INFO    : Snapshot:2	1	10	Epoch:4	Loss:11.625	MRR:18.03	Hits@10:32.2	Best:18.08
2025-01-21 11:52:46,641 INFO    : Snapshot:2	0	10	Epoch:5	Loss:11.4	MRR:18.2	Hits@10:32.61	Best:18.2
2025-01-21 11:53:01,223 INFO    : Snapshot:2	1	10	Epoch:6	Loss:11.257	MRR:18.19	Hits@10:32.57	Best:18.2
2025-01-21 11:53:16,007 INFO    : Snapshot:2	0	10	Epoch:7	Loss:11.069	MRR:18.25	Hits@10:32.93	Best:18.25
2025-01-21 11:53:30,078 INFO    : Snapshot:2	0	10	Epoch:8	Loss:10.98	MRR:18.31	Hits@10:32.77	Best:18.31
2025-01-21 11:53:45,027 INFO    : Snapshot:2	0	10	Epoch:9	Loss:10.896	MRR:18.47	Hits@10:33.04	Best:18.47
2025-01-21 11:53:59,662 INFO    : Snapshot:2	1	10	Epoch:10	Loss:10.842	MRR:18.25	Hits@10:32.96	Best:18.47
2025-01-21 11:54:13,376 INFO    : Snapshot:2	0	10	Epoch:11	Loss:10.781	MRR:18.62	Hits@10:33.17	Best:18.62
2025-01-21 11:54:28,078 INFO    : Snapshot:2	1	10	Epoch:12	Loss:10.693	MRR:18.44	Hits@10:33.13	Best:18.62
2025-01-21 11:54:43,091 INFO    : Snapshot:2	0	10	Epoch:13	Loss:10.629	MRR:18.76	Hits@10:33.48	Best:18.76
2025-01-21 11:54:57,550 INFO    : Snapshot:2	1	10	Epoch:14	Loss:10.578	MRR:18.54	Hits@10:33.24	Best:18.76
2025-01-21 11:55:12,137 INFO    : Snapshot:2	2	10	Epoch:15	Loss:10.584	MRR:18.71	Hits@10:33.22	Best:18.76
2025-01-21 11:55:26,619 INFO    : Snapshot:2	3	10	Epoch:16	Loss:10.519	MRR:18.65	Hits@10:33.22	Best:18.76
2025-01-21 11:55:40,544 INFO    : Snapshot:2	4	10	Epoch:17	Loss:10.483	MRR:18.72	Hits@10:33.3	Best:18.76
2025-01-21 11:55:54,662 INFO    : Snapshot:2	0	10	Epoch:18	Loss:10.459	MRR:19.07	Hits@10:33.39	Best:19.07
2025-01-21 11:56:09,490 INFO    : Snapshot:2	1	10	Epoch:19	Loss:10.435	MRR:18.96	Hits@10:33.47	Best:19.07
2025-01-21 11:56:24,430 INFO    : Snapshot:2	2	10	Epoch:20	Loss:10.392	MRR:18.7	Hits@10:33.47	Best:19.07
2025-01-21 11:56:39,466 INFO    : Snapshot:2	3	10	Epoch:21	Loss:10.418	MRR:18.71	Hits@10:33.48	Best:19.07
2025-01-21 11:56:53,800 INFO    : Snapshot:2	4	10	Epoch:22	Loss:10.375	MRR:19.05	Hits@10:33.73	Best:19.07
2025-01-21 11:57:08,269 INFO    : Snapshot:2	5	10	Epoch:23	Loss:10.364	MRR:18.88	Hits@10:33.54	Best:19.07
2025-01-21 11:57:22,703 INFO    : Snapshot:2	6	10	Epoch:24	Loss:10.356	MRR:19.0	Hits@10:33.52	Best:19.07
2025-01-21 11:57:36,964 INFO    : Snapshot:2	7	10	Epoch:25	Loss:10.312	MRR:18.98	Hits@10:33.67	Best:19.07
2025-01-21 11:57:51,948 INFO    : Snapshot:2	8	10	Epoch:26	Loss:10.313	MRR:18.93	Hits@10:33.63	Best:19.07
2025-01-21 11:58:07,100 INFO    : Snapshot:2	9	10	Epoch:27	Loss:10.291	MRR:18.87	Hits@10:33.68	Best:19.07
2025-01-21 11:58:21,883 INFO    : Early Stopping! Snapshot:2 Epoch: 28 Best Results: 19.07
2025-01-21 11:58:21,974 INFO    : => loading checkpoint './checkpoint/HYBRID\2model_best.tar'
2025-01-21 11:58:36,412 INFO    : 
+------------+--------+--------+--------+--------+---------+
| Snapshot:2 |  MRR   | Hits@1 | Hits@3 | Hits@5 | Hits@10 |
+------------+--------+--------+--------+--------+---------+
|     0      | 0.254  | 0.1524 | 0.3052 | 0.3665 |  0.4402 |
|     1      | 0.2721 | 0.175  | 0.3128 | 0.375  |  0.4582 |
|     2      | 0.1888 | 0.1155 | 0.2125 | 0.2612 |  0.3301 |
+------------+--------+--------+--------+--------+---------+
2025-01-21 11:59:09,137 INFO    : Snapshot:3	0	10	Epoch:0	Loss:28.148	MRR:15.31	Hits@10:27.83	Best:15.31
2025-01-21 11:59:28,117 INFO    : Snapshot:3	0	10	Epoch:1	Loss:17.701	MRR:16.3	Hits@10:29.58	Best:16.3
2025-01-21 11:59:46,970 INFO    : Snapshot:3	0	10	Epoch:2	Loss:16.852	MRR:16.83	Hits@10:30.37	Best:16.83
2025-01-21 12:00:05,852 INFO    : Snapshot:3	0	10	Epoch:3	Loss:16.44	MRR:17.03	Hits@10:30.62	Best:17.03
2025-01-21 12:00:24,893 INFO    : Snapshot:3	0	10	Epoch:4	Loss:16.222	MRR:17.4	Hits@10:31.35	Best:17.4
2025-01-21 12:00:43,813 INFO    : Snapshot:3	0	10	Epoch:5	Loss:15.987	MRR:17.53	Hits@10:31.65	Best:17.53
2025-01-21 12:01:02,441 INFO    : Snapshot:3	0	10	Epoch:6	Loss:15.877	MRR:17.54	Hits@10:31.51	Best:17.54
2025-01-21 12:01:20,702 INFO    : Snapshot:3	1	10	Epoch:7	Loss:15.755	MRR:17.52	Hits@10:31.48	Best:17.54
2025-01-21 12:01:39,342 INFO    : Snapshot:3	0	10	Epoch:8	Loss:15.762	MRR:17.63	Hits@10:31.81	Best:17.63
2025-01-21 12:01:57,837 INFO    : Snapshot:3	0	10	Epoch:9	Loss:15.661	MRR:17.74	Hits@10:31.87	Best:17.74
2025-01-21 12:02:16,362 INFO    : Snapshot:3	0	10	Epoch:10	Loss:15.563	MRR:17.79	Hits@10:31.69	Best:17.79
2025-01-21 12:02:34,873 INFO    : Snapshot:3	0	10	Epoch:11	Loss:15.491	MRR:17.82	Hits@10:31.89	Best:17.82
2025-01-21 12:02:53,324 INFO    : Snapshot:3	1	10	Epoch:12	Loss:15.519	MRR:17.75	Hits@10:31.77	Best:17.82
2025-01-21 12:03:11,599 INFO    : Snapshot:3	2	10	Epoch:13	Loss:15.415	MRR:17.78	Hits@10:31.76	Best:17.82
2025-01-21 12:03:30,566 INFO    : Snapshot:3	3	10	Epoch:14	Loss:15.365	MRR:17.72	Hits@10:31.73	Best:17.82
2025-01-21 12:03:49,044 INFO    : Snapshot:3	4	10	Epoch:15	Loss:15.318	MRR:17.79	Hits@10:31.81	Best:17.82
2025-01-21 12:04:07,717 INFO    : Snapshot:3	5	10	Epoch:16	Loss:15.348	MRR:17.78	Hits@10:31.76	Best:17.82
2025-01-21 12:04:25,109 INFO    : Snapshot:3	0	10	Epoch:17	Loss:15.342	MRR:17.92	Hits@10:31.97	Best:17.92
2025-01-21 12:04:43,102 INFO    : Snapshot:3	0	10	Epoch:18	Loss:15.277	MRR:17.99	Hits@10:31.89	Best:17.99
2025-01-21 12:05:01,427 INFO    : Snapshot:3	1	10	Epoch:19	Loss:15.256	MRR:17.93	Hits@10:31.9	Best:17.99
2025-01-21 12:05:19,909 INFO    : Snapshot:3	2	10	Epoch:20	Loss:15.235	MRR:17.97	Hits@10:31.93	Best:17.99
2025-01-21 12:05:38,174 INFO    : Snapshot:3	3	10	Epoch:21	Loss:15.224	MRR:17.92	Hits@10:31.83	Best:17.99
2025-01-21 12:05:56,375 INFO    : Snapshot:3	0	10	Epoch:22	Loss:15.166	MRR:18.1	Hits@10:32.06	Best:18.1
2025-01-21 12:06:14,984 INFO    : Snapshot:3	1	10	Epoch:23	Loss:15.202	MRR:17.84	Hits@10:31.84	Best:18.1
2025-01-21 12:06:33,569 INFO    : Snapshot:3	2	10	Epoch:24	Loss:15.165	MRR:18.02	Hits@10:32.01	Best:18.1
2025-01-21 12:06:51,992 INFO    : Snapshot:3	3	10	Epoch:25	Loss:15.136	MRR:17.96	Hits@10:32.01	Best:18.1
2025-01-21 12:07:10,370 INFO    : Snapshot:3	4	10	Epoch:26	Loss:15.142	MRR:17.99	Hits@10:31.98	Best:18.1
2025-01-21 12:07:28,885 INFO    : Snapshot:3	5	10	Epoch:27	Loss:15.08	MRR:18.02	Hits@10:31.97	Best:18.1
2025-01-21 12:07:46,928 INFO    : Snapshot:3	6	10	Epoch:28	Loss:15.095	MRR:17.92	Hits@10:31.78	Best:18.1
2025-01-21 12:08:05,277 INFO    : Snapshot:3	0	10	Epoch:29	Loss:15.105	MRR:18.11	Hits@10:32.01	Best:18.11
2025-01-21 12:08:23,879 INFO    : Snapshot:3	1	10	Epoch:30	Loss:15.029	MRR:18.02	Hits@10:31.98	Best:18.11
2025-01-21 12:08:42,677 INFO    : Snapshot:3	2	10	Epoch:31	Loss:15.079	MRR:18.05	Hits@10:32.12	Best:18.11
2025-01-21 12:09:00,901 INFO    : Snapshot:3	3	10	Epoch:32	Loss:15.05	MRR:18.05	Hits@10:32.0	Best:18.11
2025-01-21 12:09:19,556 INFO    : Snapshot:3	4	10	Epoch:33	Loss:15.03	MRR:18.09	Hits@10:32.01	Best:18.11
2025-01-21 12:09:37,748 INFO    : Snapshot:3	5	10	Epoch:34	Loss:15.032	MRR:18.09	Hits@10:32.23	Best:18.11
2025-01-21 12:09:56,235 INFO    : Snapshot:3	6	10	Epoch:35	Loss:15.019	MRR:18.05	Hits@10:32.1	Best:18.11
2025-01-21 12:10:14,604 INFO    : Snapshot:3	7	10	Epoch:36	Loss:15.007	MRR:18.04	Hits@10:31.97	Best:18.11
2025-01-21 12:10:32,732 INFO    : Snapshot:3	8	10	Epoch:37	Loss:15.007	MRR:18.06	Hits@10:32.11	Best:18.11
2025-01-21 12:10:51,047 INFO    : Snapshot:3	0	10	Epoch:38	Loss:14.978	MRR:18.13	Hits@10:32.14	Best:18.13
2025-01-21 12:11:09,157 INFO    : Snapshot:3	0	10	Epoch:39	Loss:14.959	MRR:18.16	Hits@10:31.98	Best:18.16
2025-01-21 12:11:27,388 INFO    : Snapshot:3	1	10	Epoch:40	Loss:14.981	MRR:18.04	Hits@10:31.89	Best:18.16
2025-01-21 12:11:45,860 INFO    : Snapshot:3	2	10	Epoch:41	Loss:14.971	MRR:18.11	Hits@10:32.14	Best:18.16
2025-01-21 12:12:03,916 INFO    : Snapshot:3	3	10	Epoch:42	Loss:14.98	MRR:18.06	Hits@10:31.95	Best:18.16
2025-01-21 12:12:22,235 INFO    : Snapshot:3	4	10	Epoch:43	Loss:14.982	MRR:18.02	Hits@10:31.89	Best:18.16
2025-01-21 12:12:40,698 INFO    : Snapshot:3	5	10	Epoch:44	Loss:14.923	MRR:18.1	Hits@10:32.05	Best:18.16
2025-01-21 12:12:59,363 INFO    : Snapshot:3	6	10	Epoch:45	Loss:14.965	MRR:18.03	Hits@10:31.86	Best:18.16
2025-01-21 12:13:17,915 INFO    : Snapshot:3	7	10	Epoch:46	Loss:14.926	MRR:18.13	Hits@10:32.13	Best:18.16
2025-01-21 12:13:36,178 INFO    : Snapshot:3	8	10	Epoch:47	Loss:14.918	MRR:18.06	Hits@10:32.09	Best:18.16
2025-01-21 12:13:54,274 INFO    : Snapshot:3	9	10	Epoch:48	Loss:14.927	MRR:18.11	Hits@10:32.11	Best:18.16
2025-01-21 12:14:12,876 INFO    : Early Stopping! Snapshot:3 Epoch: 49 Best Results: 18.16
2025-01-21 12:14:12,981 INFO    : => loading checkpoint './checkpoint/HYBRID\3model_best.tar'
2025-01-21 12:14:37,493 INFO    : 
+------------+--------+--------+--------+--------+---------+
| Snapshot:3 |  MRR   | Hits@1 | Hits@3 | Hits@5 | Hits@10 |
+------------+--------+--------+--------+--------+---------+
|     0      | 0.254  | 0.1524 | 0.3052 | 0.3665 |  0.4402 |
|     1      | 0.2721 | 0.175  | 0.3128 | 0.375  |  0.4582 |
|     2      | 0.1888 | 0.1155 | 0.2125 | 0.2612 |  0.3301 |
|     3      | 0.1799 | 0.1043 | 0.2104 | 0.2605 |  0.3226 |
+------------+--------+--------+--------+--------+---------+
2025-01-21 12:14:51,356 INFO    : Snapshot:4	0	10	Epoch:0	Loss:14.843	MRR:13.53	Hits@10:23.72	Best:13.53
2025-01-21 12:14:58,138 INFO    : Snapshot:4	0	10	Epoch:1	Loss:11.266	MRR:14.06	Hits@10:24.44	Best:14.06
2025-01-21 12:15:05,154 INFO    : Snapshot:4	0	10	Epoch:2	Loss:11.028	MRR:14.24	Hits@10:24.5	Best:14.24
2025-01-21 12:15:12,149 INFO    : Snapshot:4	0	10	Epoch:3	Loss:10.962	MRR:14.44	Hits@10:24.67	Best:14.44
2025-01-21 12:15:19,103 INFO    : Snapshot:4	1	10	Epoch:4	Loss:10.962	MRR:14.35	Hits@10:24.57	Best:14.44
2025-01-21 12:15:26,094 INFO    : Snapshot:4	2	10	Epoch:5	Loss:10.913	MRR:14.2	Hits@10:24.49	Best:14.44
2025-01-21 12:15:33,145 INFO    : Snapshot:4	3	10	Epoch:6	Loss:10.868	MRR:14.34	Hits@10:24.67	Best:14.44
2025-01-21 12:15:40,245 INFO    : Snapshot:4	4	10	Epoch:7	Loss:10.879	MRR:14.36	Hits@10:24.62	Best:14.44
2025-01-21 12:15:47,210 INFO    : Snapshot:4	5	10	Epoch:8	Loss:10.874	MRR:14.42	Hits@10:24.7	Best:14.44
2025-01-21 12:15:54,235 INFO    : Snapshot:4	6	10	Epoch:9	Loss:10.86	MRR:14.32	Hits@10:24.81	Best:14.44
2025-01-21 12:16:01,637 INFO    : Snapshot:4	7	10	Epoch:10	Loss:10.833	MRR:14.38	Hits@10:24.85	Best:14.44
2025-01-21 12:16:08,620 INFO    : Snapshot:4	8	10	Epoch:11	Loss:10.823	MRR:14.29	Hits@10:24.54	Best:14.44
2025-01-21 12:16:15,595 INFO    : Snapshot:4	9	10	Epoch:12	Loss:10.845	MRR:14.24	Hits@10:24.64	Best:14.44
2025-01-21 12:16:22,503 INFO    : Early Stopping! Snapshot:4 Epoch: 13 Best Results: 14.44
2025-01-21 12:16:22,612 INFO    : => loading checkpoint './checkpoint/HYBRID\4model_best.tar'
2025-01-21 12:16:51,757 INFO    : 
+------------+--------+--------+--------+--------+---------+
| Snapshot:4 |  MRR   | Hits@1 | Hits@3 | Hits@5 | Hits@10 |
+------------+--------+--------+--------+--------+---------+
|     0      | 0.254  | 0.1524 | 0.3052 | 0.3665 |  0.4402 |
|     1      | 0.2721 | 0.175  | 0.3128 | 0.375  |  0.4582 |
|     2      | 0.1888 | 0.1155 | 0.2125 | 0.2612 |  0.3301 |
|     3      | 0.1799 | 0.1043 | 0.2104 | 0.2605 |  0.3226 |
|     4      | 0.1435 | 0.0911 | 0.1566 | 0.1946 |  0.2445 |
+------------+--------+--------+--------+--------+---------+
2025-01-21 12:16:51,759 INFO    : Final Result:
[+------------+-------+--------+--------+--------+---------+
| Snapshot:0 |  MRR  | Hits@1 | Hits@3 | Hits@5 | Hits@10 |
+------------+-------+--------+--------+--------+---------+
|     0      | 0.254 | 0.1524 | 0.3052 | 0.3665 |  0.4402 |
+------------+-------+--------+--------+--------+---------+, +------------+--------+--------+--------+--------+---------+
| Snapshot:1 |  MRR   | Hits@1 | Hits@3 | Hits@5 | Hits@10 |
+------------+--------+--------+--------+--------+---------+
|     0      | 0.254  | 0.1524 | 0.3052 | 0.3665 |  0.4402 |
|     1      | 0.2721 | 0.175  | 0.3128 | 0.375  |  0.4582 |
+------------+--------+--------+--------+--------+---------+, +------------+--------+--------+--------+--------+---------+
| Snapshot:2 |  MRR   | Hits@1 | Hits@3 | Hits@5 | Hits@10 |
+------------+--------+--------+--------+--------+---------+
|     0      | 0.254  | 0.1524 | 0.3052 | 0.3665 |  0.4402 |
|     1      | 0.2721 | 0.175  | 0.3128 | 0.375  |  0.4582 |
|     2      | 0.1888 | 0.1155 | 0.2125 | 0.2612 |  0.3301 |
+------------+--------+--------+--------+--------+---------+, +------------+--------+--------+--------+--------+---------+
| Snapshot:3 |  MRR   | Hits@1 | Hits@3 | Hits@5 | Hits@10 |
+------------+--------+--------+--------+--------+---------+
|     0      | 0.254  | 0.1524 | 0.3052 | 0.3665 |  0.4402 |
|     1      | 0.2721 | 0.175  | 0.3128 | 0.375  |  0.4582 |
|     2      | 0.1888 | 0.1155 | 0.2125 | 0.2612 |  0.3301 |
|     3      | 0.1799 | 0.1043 | 0.2104 | 0.2605 |  0.3226 |
+------------+--------+--------+--------+--------+---------+, +------------+--------+--------+--------+--------+---------+
| Snapshot:4 |  MRR   | Hits@1 | Hits@3 | Hits@5 | Hits@10 |
+------------+--------+--------+--------+--------+---------+
|     0      | 0.254  | 0.1524 | 0.3052 | 0.3665 |  0.4402 |
|     1      | 0.2721 | 0.175  | 0.3128 | 0.375  |  0.4582 |
|     2      | 0.1888 | 0.1155 | 0.2125 | 0.2612 |  0.3301 |
|     3      | 0.1799 | 0.1043 | 0.2104 | 0.2605 |  0.3226 |
|     4      | 0.1435 | 0.0911 | 0.1566 | 0.1946 |  0.2445 |
+------------+--------+--------+--------+--------+---------+]
2025-01-21 12:16:51,760 INFO    : Report Result:
+----------+--------------------+-----------+--------------+--------------+---------------+
| Snapshot |        Time        | Whole_MRR | Whole_Hits@1 | Whole_Hits@3 | Whole_Hits@10 |
+----------+--------------------+-----------+--------------+--------------+---------------+
|    0     | 84.59783053398132  |   0.254   |    0.152     |    0.305     |      0.44     |
|    1     | 144.1529257297516  |   0.259   |    0.158     |    0.307     |     0.445     |
|    2     | 421.7664997577667  |   0.222   |    0.136     |    0.257     |     0.384     |
|    3     | 925.3325529098511  |   0.206   |    0.124     |    0.239     |     0.361     |
|    4     | 100.35412979125977 |   0.198   |    0.119     |    0.228     |     0.346     |
+----------+--------------------+-----------+--------------+--------------+---------------+
2025-01-21 12:16:51,761 INFO    : Sum_Training_Time:1676.2039387226105
2025-01-21 12:16:51,762 INFO    : Every_Training_Time:[84.59783053398132, 144.1529257297516, 421.7664997577667, 925.3325529098511, 100.35412979125977]
2025-01-21 12:16:51,762 INFO    : Forward transfer: 0.033775 Backward transfer: 0.0
