2024-09-13 14:25:16,279 INFO    : Namespace(batch_size=1024, data_path='./data/HYBRID/', dataset='HYBRID', debug=False, device=device(type='cuda', index=0), emb_dim=200, ent_r='200', epoch_num=200, explore=False, gpu='0', l2=0.0, learning_rate='1e-1', log_path='./logs/20240913142508/HYBRID', logger=<RootLogger root (INFO)>, margin=8.0, model_name='LoraKGE_Layers', multi_layers_path='train_sorted_by_edges_betweenness.txt', neg_ratio=10, note='', num_ent_layers='2', num_layer=1, num_rel_layers='1', patience=3, predict_result=False, r=100, r_fixed=True, random_seed=3407, record=False, rel_r='20', save_path='./checkpoint/HYBRID', skip_previous='False', snapshot_num=5, train_new=True, using_multi_layers=False, using_various_ranks='True', using_various_ranks_reverse=False, valid_metrics='mrr')
2024-09-13 14:25:23,700 INFO    : Snapshot:0	0	3	Epoch:0	Loss:37.229	MRR:14.76	Hits@10:28.92	Best:14.76
2024-09-13 14:25:28,834 INFO    : Snapshot:0	0	3	Epoch:1	Loss:18.611	MRR:22.47	Hits@10:40.38	Best:22.47
2024-09-13 14:25:34,188 INFO    : Snapshot:0	0	3	Epoch:2	Loss:8.665	MRR:25.05	Hits@10:43.96	Best:25.05
2024-09-13 14:25:39,356 INFO    : Snapshot:0	0	3	Epoch:3	Loss:4.555	MRR:25.63	Hits@10:44.96	Best:25.63
2024-09-13 14:25:44,625 INFO    : Snapshot:0	1	3	Epoch:4	Loss:2.778	MRR:25.59	Hits@10:44.87	Best:25.63
2024-09-13 14:25:50,200 INFO    : Snapshot:0	2	3	Epoch:5	Loss:1.937	MRR:25.27	Hits@10:44.8	Best:25.63
2024-09-13 14:25:55,504 INFO    : Early Stopping! Snapshot:0 Epoch: 6 Best Results: 25.63
2024-09-13 14:25:55,595 INFO    : => loading checkpoint './checkpoint/HYBRID\0model_best.tar'
2024-09-13 14:25:58,775 INFO    : 
+------------+--------+--------+--------+--------+---------+
| Snapshot:0 |  MRR   | Hits@1 | Hits@3 | Hits@5 | Hits@10 |
+------------+--------+--------+--------+--------+---------+
|     0      | 0.2558 | 0.1548 | 0.3079 | 0.3682 |  0.4392 |
+------------+--------+--------+--------+--------+---------+
2024-09-13 14:26:05,151 INFO    : Snapshot:1	0	3	Epoch:0	Loss:7.972	MRR:21.08	Hits@10:37.02	Best:21.08
2024-09-13 14:26:07,418 INFO    : Snapshot:1	0	3	Epoch:1	Loss:3.848	MRR:23.84	Hits@10:42.29	Best:23.84
2024-09-13 14:26:09,599 INFO    : Snapshot:1	0	3	Epoch:2	Loss:3.214	MRR:25.45	Hits@10:43.99	Best:25.45
2024-09-13 14:26:11,998 INFO    : Snapshot:1	0	3	Epoch:3	Loss:2.916	MRR:26.5	Hits@10:45.53	Best:26.5
2024-09-13 14:26:14,237 INFO    : Snapshot:1	0	3	Epoch:4	Loss:2.765	MRR:26.54	Hits@10:45.93	Best:26.54
2024-09-13 14:26:16,424 INFO    : Snapshot:1	0	3	Epoch:5	Loss:2.651	MRR:26.91	Hits@10:46.23	Best:26.91
2024-09-13 14:26:18,654 INFO    : Snapshot:1	1	3	Epoch:6	Loss:2.582	MRR:26.68	Hits@10:46.07	Best:26.91
2024-09-13 14:26:20,818 INFO    : Snapshot:1	0	3	Epoch:7	Loss:2.538	MRR:27.2	Hits@10:46.41	Best:27.2
2024-09-13 14:26:23,007 INFO    : Snapshot:1	0	3	Epoch:8	Loss:2.488	MRR:27.39	Hits@10:46.2	Best:27.39
2024-09-13 14:26:25,130 INFO    : Snapshot:1	1	3	Epoch:9	Loss:2.466	MRR:27.24	Hits@10:46.44	Best:27.39
2024-09-13 14:26:27,253 INFO    : Snapshot:1	0	3	Epoch:10	Loss:2.447	MRR:27.61	Hits@10:46.79	Best:27.61
2024-09-13 14:26:29,358 INFO    : Snapshot:1	1	3	Epoch:11	Loss:2.429	MRR:27.6	Hits@10:47.29	Best:27.61
2024-09-13 14:26:31,528 INFO    : Snapshot:1	0	3	Epoch:12	Loss:2.415	MRR:27.73	Hits@10:46.96	Best:27.73
2024-09-13 14:26:33,680 INFO    : Snapshot:1	0	3	Epoch:13	Loss:2.383	MRR:28.11	Hits@10:46.86	Best:28.11
2024-09-13 14:26:35,775 INFO    : Snapshot:1	1	3	Epoch:14	Loss:2.388	MRR:27.8	Hits@10:46.79	Best:28.11
2024-09-13 14:26:37,942 INFO    : Snapshot:1	2	3	Epoch:15	Loss:2.348	MRR:27.88	Hits@10:47.31	Best:28.11
2024-09-13 14:26:40,115 INFO    : Snapshot:1	0	3	Epoch:16	Loss:2.356	MRR:28.31	Hits@10:47.1	Best:28.31
2024-09-13 14:26:42,283 INFO    : Snapshot:1	1	3	Epoch:17	Loss:2.369	MRR:28.16	Hits@10:46.91	Best:28.31
2024-09-13 14:26:44,444 INFO    : Snapshot:1	2	3	Epoch:18	Loss:2.339	MRR:27.96	Hits@10:47.1	Best:28.31
2024-09-13 14:26:46,565 INFO    : Early Stopping! Snapshot:1 Epoch: 19 Best Results: 28.31
2024-09-13 14:26:46,664 INFO    : => loading checkpoint './checkpoint/HYBRID\1model_best.tar'
2024-09-13 14:26:51,497 INFO    : 
+------------+--------+--------+--------+--------+---------+
| Snapshot:1 |  MRR   | Hits@1 | Hits@3 | Hits@5 | Hits@10 |
+------------+--------+--------+--------+--------+---------+
|     0      | 0.2558 | 0.1548 | 0.3079 | 0.3682 |  0.4392 |
|     1      | 0.2755 | 0.1788 | 0.316  | 0.3813 |  0.4644 |
+------------+--------+--------+--------+--------+---------+
2024-09-13 14:27:13,015 INFO    : Snapshot:2	0	3	Epoch:0	Loss:25.181	MRR:15.17	Hits@10:27.99	Best:15.17
2024-09-13 14:27:24,428 INFO    : Snapshot:2	0	3	Epoch:1	Loss:16.511	MRR:16.49	Hits@10:30.19	Best:16.49
2024-09-13 14:27:35,974 INFO    : Snapshot:2	0	3	Epoch:2	Loss:15.34	MRR:17.27	Hits@10:31.4	Best:17.27
2024-09-13 14:27:47,596 INFO    : Snapshot:2	0	3	Epoch:3	Loss:14.734	MRR:17.82	Hits@10:31.97	Best:17.82
2024-09-13 14:27:59,364 INFO    : Snapshot:2	0	3	Epoch:4	Loss:14.376	MRR:17.98	Hits@10:32.4	Best:17.98
2024-09-13 14:28:10,983 INFO    : Snapshot:2	0	3	Epoch:5	Loss:14.09	MRR:18.28	Hits@10:32.87	Best:18.28
2024-09-13 14:28:22,709 INFO    : Snapshot:2	0	3	Epoch:6	Loss:13.915	MRR:18.31	Hits@10:33.04	Best:18.31
2024-09-13 14:28:33,991 INFO    : Snapshot:2	0	3	Epoch:7	Loss:13.784	MRR:18.55	Hits@10:33.15	Best:18.55
2024-09-13 14:28:45,447 INFO    : Snapshot:2	1	3	Epoch:8	Loss:13.652	MRR:18.24	Hits@10:33.05	Best:18.55
2024-09-13 14:28:57,136 INFO    : Snapshot:2	0	3	Epoch:9	Loss:13.55	MRR:18.98	Hits@10:33.42	Best:18.98
2024-09-13 14:29:08,536 INFO    : Snapshot:2	1	3	Epoch:10	Loss:13.502	MRR:18.86	Hits@10:33.43	Best:18.98
2024-09-13 14:29:19,892 INFO    : Snapshot:2	2	3	Epoch:11	Loss:13.456	MRR:18.81	Hits@10:33.44	Best:18.98
2024-09-13 14:29:30,924 INFO    : Early Stopping! Snapshot:2 Epoch: 12 Best Results: 18.98
2024-09-13 14:29:31,019 INFO    : => loading checkpoint './checkpoint/HYBRID\2model_best.tar'
2024-09-13 14:29:42,784 INFO    : 
+------------+--------+--------+--------+--------+---------+
| Snapshot:2 |  MRR   | Hits@1 | Hits@3 | Hits@5 | Hits@10 |
+------------+--------+--------+--------+--------+---------+
|     0      | 0.2558 | 0.1548 | 0.3079 | 0.3682 |  0.4392 |
|     1      | 0.2755 | 0.1788 | 0.316  | 0.3813 |  0.4644 |
|     2      | 0.1883 | 0.1142 | 0.2151 | 0.2625 |  0.3307 |
+------------+--------+--------+--------+--------+---------+
2024-09-13 14:30:10,059 INFO    : Snapshot:3	0	3	Epoch:0	Loss:28.849	MRR:14.97	Hits@10:27.95	Best:14.97
2024-09-13 14:30:24,935 INFO    : Snapshot:3	0	3	Epoch:1	Loss:21.31	MRR:15.96	Hits@10:30.0	Best:15.96
2024-09-13 14:30:40,075 INFO    : Snapshot:3	0	3	Epoch:2	Loss:20.416	MRR:16.28	Hits@10:30.95	Best:16.28
2024-09-13 14:30:54,704 INFO    : Snapshot:3	0	3	Epoch:3	Loss:20.066	MRR:16.67	Hits@10:31.32	Best:16.67
2024-09-13 14:31:09,338 INFO    : Snapshot:3	0	3	Epoch:4	Loss:19.871	MRR:16.76	Hits@10:31.45	Best:16.76
2024-09-13 14:31:24,331 INFO    : Snapshot:3	0	3	Epoch:5	Loss:19.671	MRR:17.17	Hits@10:31.87	Best:17.17
2024-09-13 14:31:39,186 INFO    : Snapshot:3	1	3	Epoch:6	Loss:19.533	MRR:17.0	Hits@10:31.82	Best:17.17
2024-09-13 14:31:54,288 INFO    : Snapshot:3	2	3	Epoch:7	Loss:19.372	MRR:17.17	Hits@10:32.02	Best:17.17
2024-09-13 14:32:08,724 INFO    : Early Stopping! Snapshot:3 Epoch: 8 Best Results: 17.17
2024-09-13 14:32:08,815 INFO    : => loading checkpoint './checkpoint/HYBRID\3model_best.tar'
2024-09-13 14:32:30,746 INFO    : 
+------------+--------+--------+--------+--------+---------+
| Snapshot:3 |  MRR   | Hits@1 | Hits@3 | Hits@5 | Hits@10 |
+------------+--------+--------+--------+--------+---------+
|     0      | 0.2558 | 0.1548 | 0.3079 | 0.3682 |  0.4392 |
|     1      | 0.2755 | 0.1788 | 0.316  | 0.3813 |  0.4644 |
|     2      | 0.1883 | 0.1142 | 0.2151 | 0.2625 |  0.3307 |
|     3      | 0.1709 | 0.092  | 0.2036 | 0.2557 |  0.3204 |
+------------+--------+--------+--------+--------+---------+
2024-09-13 14:32:43,144 INFO    : Snapshot:4	0	3	Epoch:0	Loss:15.691	MRR:11.73	Hits@10:21.59	Best:11.73
2024-09-13 14:32:48,809 INFO    : Snapshot:4	0	3	Epoch:1	Loss:12.951	MRR:12.62	Hits@10:22.63	Best:12.62
2024-09-13 14:32:54,473 INFO    : Snapshot:4	1	3	Epoch:2	Loss:12.726	MRR:12.61	Hits@10:22.79	Best:12.62
2024-09-13 14:33:00,203 INFO    : Snapshot:4	0	3	Epoch:3	Loss:12.639	MRR:12.9	Hits@10:22.8	Best:12.9
2024-09-13 14:33:05,904 INFO    : Snapshot:4	1	3	Epoch:4	Loss:12.583	MRR:12.9	Hits@10:22.95	Best:12.9
2024-09-13 14:33:11,569 INFO    : Snapshot:4	0	3	Epoch:5	Loss:12.497	MRR:13.01	Hits@10:22.91	Best:13.01
2024-09-13 14:33:17,422 INFO    : Snapshot:4	1	3	Epoch:6	Loss:12.496	MRR:12.99	Hits@10:22.99	Best:13.01
2024-09-13 14:33:23,142 INFO    : Snapshot:4	0	3	Epoch:7	Loss:12.469	MRR:13.09	Hits@10:23.07	Best:13.09
2024-09-13 14:33:29,024 INFO    : Snapshot:4	0	3	Epoch:8	Loss:12.445	MRR:13.16	Hits@10:23.15	Best:13.16
2024-09-13 14:33:34,649 INFO    : Snapshot:4	1	3	Epoch:9	Loss:12.435	MRR:13.01	Hits@10:23.17	Best:13.16
2024-09-13 14:33:40,239 INFO    : Snapshot:4	2	3	Epoch:10	Loss:12.419	MRR:13.07	Hits@10:23.19	Best:13.16
2024-09-13 14:33:46,003 INFO    : Early Stopping! Snapshot:4 Epoch: 11 Best Results: 13.16
2024-09-13 14:33:46,093 INFO    : => loading checkpoint './checkpoint/HYBRID\4model_best.tar'
2024-09-13 14:34:12,527 INFO    : 
+------------+--------+--------+--------+--------+---------+
| Snapshot:4 |  MRR   | Hits@1 | Hits@3 | Hits@5 | Hits@10 |
+------------+--------+--------+--------+--------+---------+
|     0      | 0.2558 | 0.1548 | 0.3079 | 0.3682 |  0.4392 |
|     1      | 0.2755 | 0.1788 | 0.316  | 0.3813 |  0.4644 |
|     2      | 0.1883 | 0.1142 | 0.2151 | 0.2625 |  0.3307 |
|     3      | 0.1709 | 0.092  | 0.2036 | 0.2557 |  0.3204 |
|     4      | 0.1313 | 0.0802 | 0.1447 | 0.1788 |  0.2294 |
+------------+--------+--------+--------+--------+---------+
2024-09-13 14:34:12,529 INFO    : Final Result:
[+------------+--------+--------+--------+--------+---------+
| Snapshot:0 |  MRR   | Hits@1 | Hits@3 | Hits@5 | Hits@10 |
+------------+--------+--------+--------+--------+---------+
|     0      | 0.2558 | 0.1548 | 0.3079 | 0.3682 |  0.4392 |
+------------+--------+--------+--------+--------+---------+, +------------+--------+--------+--------+--------+---------+
| Snapshot:1 |  MRR   | Hits@1 | Hits@3 | Hits@5 | Hits@10 |
+------------+--------+--------+--------+--------+---------+
|     0      | 0.2558 | 0.1548 | 0.3079 | 0.3682 |  0.4392 |
|     1      | 0.2755 | 0.1788 | 0.316  | 0.3813 |  0.4644 |
+------------+--------+--------+--------+--------+---------+, +------------+--------+--------+--------+--------+---------+
| Snapshot:2 |  MRR   | Hits@1 | Hits@3 | Hits@5 | Hits@10 |
+------------+--------+--------+--------+--------+---------+
|     0      | 0.2558 | 0.1548 | 0.3079 | 0.3682 |  0.4392 |
|     1      | 0.2755 | 0.1788 | 0.316  | 0.3813 |  0.4644 |
|     2      | 0.1883 | 0.1142 | 0.2151 | 0.2625 |  0.3307 |
+------------+--------+--------+--------+--------+---------+, +------------+--------+--------+--------+--------+---------+
| Snapshot:3 |  MRR   | Hits@1 | Hits@3 | Hits@5 | Hits@10 |
+------------+--------+--------+--------+--------+---------+
|     0      | 0.2558 | 0.1548 | 0.3079 | 0.3682 |  0.4392 |
|     1      | 0.2755 | 0.1788 | 0.316  | 0.3813 |  0.4644 |
|     2      | 0.1883 | 0.1142 | 0.2151 | 0.2625 |  0.3307 |
|     3      | 0.1709 | 0.092  | 0.2036 | 0.2557 |  0.3204 |
+------------+--------+--------+--------+--------+---------+, +------------+--------+--------+--------+--------+---------+
| Snapshot:4 |  MRR   | Hits@1 | Hits@3 | Hits@5 | Hits@10 |
+------------+--------+--------+--------+--------+---------+
|     0      | 0.2558 | 0.1548 | 0.3079 | 0.3682 |  0.4392 |
|     1      | 0.2755 | 0.1788 | 0.316  | 0.3813 |  0.4644 |
|     2      | 0.1883 | 0.1142 | 0.2151 | 0.2625 |  0.3307 |
|     3      | 0.1709 | 0.092  | 0.2036 | 0.2557 |  0.3204 |
|     4      | 0.1313 | 0.0802 | 0.1447 | 0.1788 |  0.2294 |
+------------+--------+--------+--------+--------+---------+]
2024-09-13 14:34:12,530 INFO    : Report Result:
+----------+--------------------+-----------+--------------+--------------+---------------+
| Snapshot |        Time        | Whole_MRR | Whole_Hits@1 | Whole_Hits@3 | Whole_Hits@10 |
+----------+--------------------+-----------+--------------+--------------+---------------+
|    0     | 39.22539949417114  |   0.256   |    0.155     |    0.308     |     0.439     |
|    1     | 45.882810831069946 |   0.261   |    0.161     |     0.31     |     0.446     |
|    2     | 152.29645776748657 |   0.223   |    0.136     |     0.26     |     0.385     |
|    3     | 136.01566576957703 |   0.203   |    0.119     |    0.238     |      0.36     |
|    4     | 70.92962718009949  |   0.193   |    0.114     |    0.226     |     0.343     |
+----------+--------------------+-----------+--------------+--------------+---------------+
2024-09-13 14:34:12,530 INFO    : Sum_Training_Time:444.3499610424042
2024-09-13 14:34:12,530 INFO    : Every_Training_Time:[39.22539949417114, 45.882810831069946, 152.29645776748657, 136.01566576957703, 70.92962718009949]
2024-09-13 14:34:12,530 INFO    : Forward transfer: 0.036025 Backward transfer: 0.0
