2025-01-16 21:08:51,333 INFO    : Namespace(batch_size=1024, data_path='./data/ENTITY/', dataset='ENTITY', debug=False, device=device(type='cuda', index=0), emb_dim=200, ent_r='200', epoch_num=200, explore=False, gpu='0', l2=0.0, learning_rate='2e-1', log_path='./logs/ENTITY 200 10 2e-1 1024/ENTITY 20250116210842', logger=<RootLogger root (INFO)>, margin=8.0, model_name='LoraKGE_Layers', multi_layers_path='train_sorted_by_edges_betweenness.txt', neg_ratio=10, note='', num_ent_layers='10', num_layer=1, num_rel_layers='1', patience='3', predict_result=False, r=100, r_fixed=True, random_seed=3407, record=False, rel_r='200', save_path='./checkpoint/ENTITY', skip_previous='False', snapshot_num=5, train_new=True, using_multi_layers=False, using_various_ranks='True', using_various_ranks_reverse=False, valid_metrics='mrr')
2025-01-16 21:08:56,252 INFO    : Snapshot:0	0	3	Epoch:0	Loss:34.146	MRR:11.79	Hits@10:28.45	Best:11.79
2025-01-16 21:08:59,330 INFO    : Snapshot:0	0	3	Epoch:1	Loss:20.905	MRR:23.01	Hits@10:45.51	Best:23.01
2025-01-16 21:09:02,516 INFO    : Snapshot:0	0	3	Epoch:2	Loss:10.329	MRR:29.87	Hits@10:52.32	Best:29.87
2025-01-16 21:09:05,601 INFO    : Snapshot:0	0	3	Epoch:3	Loss:4.876	MRR:32.11	Hits@10:54.1	Best:32.11
2025-01-16 21:09:08,637 INFO    : Snapshot:0	0	3	Epoch:4	Loss:2.693	MRR:32.68	Hits@10:55.09	Best:32.68
2025-01-16 21:09:11,765 INFO    : Snapshot:0	0	3	Epoch:5	Loss:1.753	MRR:32.85	Hits@10:55.4	Best:32.85
2025-01-16 21:09:14,799 INFO    : Snapshot:0	1	3	Epoch:6	Loss:1.3	MRR:32.84	Hits@10:55.15	Best:32.85
2025-01-16 21:09:17,890 INFO    : Snapshot:0	2	3	Epoch:7	Loss:1.061	MRR:32.57	Hits@10:55.02	Best:32.85
2025-01-16 21:09:21,029 INFO    : Early Stopping! Snapshot:0 Epoch: 8 Best Results: 32.85
2025-01-16 21:09:21,122 INFO    : => loading checkpoint './checkpoint/ENTITY\0model_best.tar'
2025-01-16 21:09:22,754 INFO    : 
+------------+--------+--------+--------+--------+---------+
| Snapshot:0 |  MRR   | Hits@1 | Hits@3 | Hits@5 | Hits@10 |
+------------+--------+--------+--------+--------+---------+
|     0      | 0.3303 | 0.212  | 0.3811 | 0.4561 |  0.5576 |
+------------+--------+--------+--------+--------+---------+
2025-01-16 21:09:36,775 INFO    : Snapshot:1	0	3	Epoch:0	Loss:12.331	MRR:16.11	Hits@10:28.75	Best:16.11
2025-01-16 21:09:44,086 INFO    : Snapshot:1	0	3	Epoch:1	Loss:5.044	MRR:18.25	Hits@10:32.52	Best:18.25
2025-01-16 21:09:51,473 INFO    : Snapshot:1	0	3	Epoch:2	Loss:4.242	MRR:18.85	Hits@10:33.35	Best:18.85
2025-01-16 21:09:58,769 INFO    : Snapshot:1	0	3	Epoch:3	Loss:3.819	MRR:19.5	Hits@10:34.79	Best:19.5
2025-01-16 21:10:06,313 INFO    : Snapshot:1	0	3	Epoch:4	Loss:3.523	MRR:19.77	Hits@10:35.06	Best:19.77
2025-01-16 21:10:13,565 INFO    : Snapshot:1	0	3	Epoch:5	Loss:3.328	MRR:20.23	Hits@10:35.85	Best:20.23
2025-01-16 21:10:21,027 INFO    : Snapshot:1	0	3	Epoch:6	Loss:3.224	MRR:20.72	Hits@10:36.64	Best:20.72
2025-01-16 21:10:28,520 INFO    : Snapshot:1	0	3	Epoch:7	Loss:3.072	MRR:20.98	Hits@10:37.03	Best:20.98
2025-01-16 21:10:35,915 INFO    : Snapshot:1	0	3	Epoch:8	Loss:2.969	MRR:21.07	Hits@10:37.24	Best:21.07
2025-01-16 21:10:43,280 INFO    : Snapshot:1	1	3	Epoch:9	Loss:2.902	MRR:21.06	Hits@10:37.32	Best:21.07
2025-01-16 21:10:50,685 INFO    : Snapshot:1	0	3	Epoch:10	Loss:2.841	MRR:21.34	Hits@10:37.84	Best:21.34
2025-01-16 21:10:58,093 INFO    : Snapshot:1	0	3	Epoch:11	Loss:2.743	MRR:21.58	Hits@10:38.31	Best:21.58
2025-01-16 21:11:05,429 INFO    : Snapshot:1	1	3	Epoch:12	Loss:2.68	MRR:21.48	Hits@10:38.3	Best:21.58
2025-01-16 21:11:12,982 INFO    : Snapshot:1	2	3	Epoch:13	Loss:2.675	MRR:21.52	Hits@10:38.36	Best:21.58
2025-01-16 21:11:20,368 INFO    : Snapshot:1	0	3	Epoch:14	Loss:2.618	MRR:21.77	Hits@10:38.72	Best:21.77
2025-01-16 21:11:27,801 INFO    : Snapshot:1	0	3	Epoch:15	Loss:2.604	MRR:21.88	Hits@10:38.98	Best:21.88
2025-01-16 21:11:35,202 INFO    : Snapshot:1	0	3	Epoch:16	Loss:2.559	MRR:21.9	Hits@10:38.77	Best:21.9
2025-01-16 21:11:42,596 INFO    : Snapshot:1	0	3	Epoch:17	Loss:2.548	MRR:21.95	Hits@10:38.83	Best:21.95
2025-01-16 21:11:49,883 INFO    : Snapshot:1	0	3	Epoch:18	Loss:2.475	MRR:22.07	Hits@10:38.91	Best:22.07
2025-01-16 21:11:57,094 INFO    : Snapshot:1	1	3	Epoch:19	Loss:2.472	MRR:22.06	Hits@10:39.09	Best:22.07
2025-01-16 21:12:04,302 INFO    : Snapshot:1	2	3	Epoch:20	Loss:2.441	MRR:21.91	Hits@10:39.19	Best:22.07
2025-01-16 21:12:11,523 INFO    : Snapshot:1	0	3	Epoch:21	Loss:2.424	MRR:22.24	Hits@10:39.56	Best:22.24
2025-01-16 21:12:19,087 INFO    : Snapshot:1	0	3	Epoch:22	Loss:2.407	MRR:22.25	Hits@10:39.66	Best:22.25
2025-01-16 21:12:26,557 INFO    : Snapshot:1	1	3	Epoch:23	Loss:2.385	MRR:22.24	Hits@10:39.4	Best:22.25
2025-01-16 21:12:34,062 INFO    : Snapshot:1	0	3	Epoch:24	Loss:2.366	MRR:22.29	Hits@10:39.75	Best:22.29
2025-01-16 21:12:41,451 INFO    : Snapshot:1	1	3	Epoch:25	Loss:2.349	MRR:22.22	Hits@10:39.86	Best:22.29
2025-01-16 21:12:48,904 INFO    : Snapshot:1	0	3	Epoch:26	Loss:2.34	MRR:22.51	Hits@10:39.55	Best:22.51
2025-01-16 21:12:56,335 INFO    : Snapshot:1	1	3	Epoch:27	Loss:2.32	MRR:22.37	Hits@10:39.67	Best:22.51
2025-01-16 21:13:03,864 INFO    : Snapshot:1	0	3	Epoch:28	Loss:2.315	MRR:22.63	Hits@10:40.08	Best:22.63
2025-01-16 21:13:11,291 INFO    : Snapshot:1	1	3	Epoch:29	Loss:2.303	MRR:22.6	Hits@10:40.02	Best:22.63
2025-01-16 21:13:18,543 INFO    : Snapshot:1	0	3	Epoch:30	Loss:2.303	MRR:22.75	Hits@10:40.01	Best:22.75
2025-01-16 21:13:25,822 INFO    : Snapshot:1	1	3	Epoch:31	Loss:2.273	MRR:22.63	Hits@10:39.68	Best:22.75
2025-01-16 21:13:33,390 INFO    : Snapshot:1	2	3	Epoch:32	Loss:2.281	MRR:22.55	Hits@10:40.01	Best:22.75
2025-01-16 21:13:40,670 INFO    : Early Stopping! Snapshot:1 Epoch: 33 Best Results: 22.75
2025-01-16 21:13:40,766 INFO    : => loading checkpoint './checkpoint/ENTITY\1model_best.tar'
2025-01-16 21:13:45,928 INFO    : 
+------------+--------+--------+--------+--------+---------+
| Snapshot:1 |  MRR   | Hits@1 | Hits@3 | Hits@5 | Hits@10 |
+------------+--------+--------+--------+--------+---------+
|     0      | 0.3303 | 0.212  | 0.3811 | 0.4561 |  0.5576 |
|     1      | 0.228  | 0.1407 | 0.2502 | 0.3112 |  0.4004 |
+------------+--------+--------+--------+--------+---------+
2025-01-16 21:14:01,328 INFO    : Snapshot:2	0	3	Epoch:0	Loss:11.849	MRR:14.98	Hits@10:26.23	Best:14.98
2025-01-16 21:14:09,835 INFO    : Snapshot:2	0	3	Epoch:1	Loss:4.877	MRR:16.87	Hits@10:29.37	Best:16.87
2025-01-16 21:14:18,223 INFO    : Snapshot:2	0	3	Epoch:2	Loss:4.178	MRR:17.68	Hits@10:31.29	Best:17.68
2025-01-16 21:14:26,670 INFO    : Snapshot:2	0	3	Epoch:3	Loss:3.797	MRR:18.28	Hits@10:32.16	Best:18.28
2025-01-16 21:14:35,285 INFO    : Snapshot:2	0	3	Epoch:4	Loss:3.522	MRR:18.76	Hits@10:32.92	Best:18.76
2025-01-16 21:14:43,876 INFO    : Snapshot:2	0	3	Epoch:5	Loss:3.338	MRR:18.91	Hits@10:33.18	Best:18.91
2025-01-16 21:14:52,332 INFO    : Snapshot:2	0	3	Epoch:6	Loss:3.207	MRR:18.96	Hits@10:33.63	Best:18.96
2025-01-16 21:15:00,765 INFO    : Snapshot:2	0	3	Epoch:7	Loss:3.11	MRR:19.22	Hits@10:34.16	Best:19.22
2025-01-16 21:15:09,194 INFO    : Snapshot:2	0	3	Epoch:8	Loss:3.016	MRR:19.6	Hits@10:34.31	Best:19.6
2025-01-16 21:15:17,580 INFO    : Snapshot:2	1	3	Epoch:9	Loss:2.941	MRR:19.53	Hits@10:34.42	Best:19.6
2025-01-16 21:15:26,135 INFO    : Snapshot:2	2	3	Epoch:10	Loss:2.901	MRR:19.53	Hits@10:34.58	Best:19.6
2025-01-16 21:15:34,535 INFO    : Snapshot:2	0	3	Epoch:11	Loss:2.851	MRR:19.63	Hits@10:34.55	Best:19.63
2025-01-16 21:15:42,936 INFO    : Snapshot:2	0	3	Epoch:12	Loss:2.806	MRR:19.87	Hits@10:35.0	Best:19.87
2025-01-16 21:15:51,304 INFO    : Snapshot:2	1	3	Epoch:13	Loss:2.76	MRR:19.86	Hits@10:35.16	Best:19.87
2025-01-16 21:15:59,652 INFO    : Snapshot:2	2	3	Epoch:14	Loss:2.694	MRR:19.84	Hits@10:35.15	Best:19.87
2025-01-16 21:16:08,034 INFO    : Snapshot:2	0	3	Epoch:15	Loss:2.683	MRR:20.0	Hits@10:35.35	Best:20.0
2025-01-16 21:16:16,381 INFO    : Snapshot:2	0	3	Epoch:16	Loss:2.658	MRR:20.07	Hits@10:35.44	Best:20.07
2025-01-16 21:16:24,959 INFO    : Snapshot:2	0	3	Epoch:17	Loss:2.634	MRR:20.09	Hits@10:35.21	Best:20.09
2025-01-16 21:16:33,575 INFO    : Snapshot:2	0	3	Epoch:18	Loss:2.619	MRR:20.16	Hits@10:35.47	Best:20.16
2025-01-16 21:16:42,290 INFO    : Snapshot:2	0	3	Epoch:19	Loss:2.57	MRR:20.35	Hits@10:35.45	Best:20.35
2025-01-16 21:16:50,751 INFO    : Snapshot:2	1	3	Epoch:20	Loss:2.552	MRR:20.12	Hits@10:35.48	Best:20.35
2025-01-16 21:16:59,150 INFO    : Snapshot:2	2	3	Epoch:21	Loss:2.544	MRR:20.13	Hits@10:35.53	Best:20.35
2025-01-16 21:17:07,498 INFO    : Early Stopping! Snapshot:2 Epoch: 22 Best Results: 20.35
2025-01-16 21:17:07,588 INFO    : => loading checkpoint './checkpoint/ENTITY\2model_best.tar'
2025-01-16 21:17:17,368 INFO    : 
+------------+--------+--------+--------+--------+---------+
| Snapshot:2 |  MRR   | Hits@1 | Hits@3 | Hits@5 | Hits@10 |
+------------+--------+--------+--------+--------+---------+
|     0      | 0.3303 | 0.212  | 0.3811 | 0.4561 |  0.5576 |
|     1      | 0.228  | 0.1407 | 0.2502 | 0.3112 |  0.4004 |
|     2      | 0.2032 | 0.1241 | 0.2266 | 0.2767 |  0.3547 |
+------------+--------+--------+--------+--------+---------+
2025-01-16 21:17:34,941 INFO    : Snapshot:3	0	3	Epoch:0	Loss:10.684	MRR:14.7	Hits@10:25.28	Best:14.7
2025-01-16 21:17:44,248 INFO    : Snapshot:3	0	3	Epoch:1	Loss:4.141	MRR:16.31	Hits@10:28.62	Best:16.31
2025-01-16 21:17:53,359 INFO    : Snapshot:3	0	3	Epoch:2	Loss:3.457	MRR:16.89	Hits@10:29.6	Best:16.89
2025-01-16 21:18:02,484 INFO    : Snapshot:3	0	3	Epoch:3	Loss:3.144	MRR:17.57	Hits@10:31.1	Best:17.57
2025-01-16 21:18:11,551 INFO    : Snapshot:3	0	3	Epoch:4	Loss:2.948	MRR:17.81	Hits@10:31.58	Best:17.81
2025-01-16 21:18:20,725 INFO    : Snapshot:3	0	3	Epoch:5	Loss:2.827	MRR:18.05	Hits@10:32.06	Best:18.05
2025-01-16 21:18:30,038 INFO    : Snapshot:3	0	3	Epoch:6	Loss:2.676	MRR:18.19	Hits@10:32.25	Best:18.19
2025-01-16 21:18:39,489 INFO    : Snapshot:3	0	3	Epoch:7	Loss:2.628	MRR:18.52	Hits@10:32.83	Best:18.52
2025-01-16 21:18:48,849 INFO    : Snapshot:3	0	3	Epoch:8	Loss:2.526	MRR:18.53	Hits@10:32.86	Best:18.53
2025-01-16 21:18:58,221 INFO    : Snapshot:3	0	3	Epoch:9	Loss:2.455	MRR:18.69	Hits@10:33.01	Best:18.69
2025-01-16 21:19:07,595 INFO    : Snapshot:3	0	3	Epoch:10	Loss:2.402	MRR:18.73	Hits@10:33.06	Best:18.73
2025-01-16 21:19:16,837 INFO    : Snapshot:3	0	3	Epoch:11	Loss:2.392	MRR:18.79	Hits@10:33.12	Best:18.79
2025-01-16 21:19:26,054 INFO    : Snapshot:3	1	3	Epoch:12	Loss:2.358	MRR:18.7	Hits@10:33.55	Best:18.79
2025-01-16 21:19:35,165 INFO    : Snapshot:3	2	3	Epoch:13	Loss:2.315	MRR:18.53	Hits@10:33.14	Best:18.79
2025-01-16 21:19:44,416 INFO    : Snapshot:3	0	3	Epoch:14	Loss:2.288	MRR:18.92	Hits@10:33.59	Best:18.92
2025-01-16 21:19:53,564 INFO    : Snapshot:3	0	3	Epoch:15	Loss:2.242	MRR:18.93	Hits@10:33.53	Best:18.93
2025-01-16 21:20:02,726 INFO    : Snapshot:3	1	3	Epoch:16	Loss:2.249	MRR:18.88	Hits@10:33.61	Best:18.93
2025-01-16 21:20:12,160 INFO    : Snapshot:3	0	3	Epoch:17	Loss:2.217	MRR:18.97	Hits@10:33.74	Best:18.97
2025-01-16 21:20:21,392 INFO    : Snapshot:3	1	3	Epoch:18	Loss:2.198	MRR:18.86	Hits@10:33.86	Best:18.97
2025-01-16 21:20:30,812 INFO    : Snapshot:3	0	3	Epoch:19	Loss:2.174	MRR:19.2	Hits@10:33.89	Best:19.2
2025-01-16 21:20:40,111 INFO    : Snapshot:3	1	3	Epoch:20	Loss:2.185	MRR:19.08	Hits@10:33.54	Best:19.2
2025-01-16 21:20:49,308 INFO    : Snapshot:3	2	3	Epoch:21	Loss:2.162	MRR:19.1	Hits@10:33.86	Best:19.2
2025-01-16 21:20:58,556 INFO    : Snapshot:3	0	3	Epoch:22	Loss:2.145	MRR:19.25	Hits@10:34.24	Best:19.25
2025-01-16 21:21:07,746 INFO    : Snapshot:3	1	3	Epoch:23	Loss:2.119	MRR:19.18	Hits@10:33.7	Best:19.25
2025-01-16 21:21:16,905 INFO    : Snapshot:3	2	3	Epoch:24	Loss:2.093	MRR:19.08	Hits@10:33.91	Best:19.25
2025-01-16 21:21:26,172 INFO    : Snapshot:3	0	3	Epoch:25	Loss:2.096	MRR:19.26	Hits@10:33.95	Best:19.26
2025-01-16 21:21:35,454 INFO    : Snapshot:3	1	3	Epoch:26	Loss:2.082	MRR:19.2	Hits@10:34.09	Best:19.26
2025-01-16 21:21:44,905 INFO    : Snapshot:3	0	3	Epoch:27	Loss:2.08	MRR:19.3	Hits@10:34.19	Best:19.3
2025-01-16 21:21:54,089 INFO    : Snapshot:3	1	3	Epoch:28	Loss:2.083	MRR:19.11	Hits@10:34.18	Best:19.3
2025-01-16 21:22:03,281 INFO    : Snapshot:3	2	3	Epoch:29	Loss:2.06	MRR:19.12	Hits@10:33.7	Best:19.3
2025-01-16 21:22:12,432 INFO    : Early Stopping! Snapshot:3 Epoch: 30 Best Results: 19.3
2025-01-16 21:22:12,529 INFO    : => loading checkpoint './checkpoint/ENTITY\3model_best.tar'
2025-01-16 21:22:27,861 INFO    : 
+------------+--------+--------+--------+--------+---------+
| Snapshot:3 |  MRR   | Hits@1 | Hits@3 | Hits@5 | Hits@10 |
+------------+--------+--------+--------+--------+---------+
|     0      | 0.3303 | 0.212  | 0.3811 | 0.4561 |  0.5576 |
|     1      | 0.228  | 0.1407 | 0.2502 | 0.3112 |  0.4004 |
|     2      | 0.2032 | 0.1241 | 0.2266 | 0.2767 |  0.3547 |
|     3      | 0.1936 | 0.1169 | 0.2141 | 0.2653 |  0.3428 |
+------------+--------+--------+--------+--------+---------+
2025-01-16 21:22:42,716 INFO    : Snapshot:4	0	3	Epoch:0	Loss:7.638	MRR:18.46	Hits@10:30.34	Best:18.46
2025-01-16 21:22:50,060 INFO    : Snapshot:4	0	3	Epoch:1	Loss:2.184	MRR:20.16	Hits@10:34.5	Best:20.16
2025-01-16 21:22:57,652 INFO    : Snapshot:4	0	3	Epoch:2	Loss:1.723	MRR:20.98	Hits@10:36.11	Best:20.98
2025-01-16 21:23:05,066 INFO    : Snapshot:4	0	3	Epoch:3	Loss:1.53	MRR:21.85	Hits@10:37.88	Best:21.85
2025-01-16 21:23:12,484 INFO    : Snapshot:4	0	3	Epoch:4	Loss:1.384	MRR:22.03	Hits@10:38.47	Best:22.03
2025-01-16 21:23:19,853 INFO    : Snapshot:4	0	3	Epoch:5	Loss:1.285	MRR:22.57	Hits@10:39.35	Best:22.57
2025-01-16 21:23:27,204 INFO    : Snapshot:4	1	3	Epoch:6	Loss:1.222	MRR:22.42	Hits@10:39.76	Best:22.57
2025-01-16 21:23:34,650 INFO    : Snapshot:4	2	3	Epoch:7	Loss:1.196	MRR:22.57	Hits@10:39.83	Best:22.57
2025-01-16 21:23:42,110 INFO    : Snapshot:4	0	3	Epoch:8	Loss:1.157	MRR:23.05	Hits@10:40.02	Best:23.05
2025-01-16 21:23:49,464 INFO    : Snapshot:4	1	3	Epoch:9	Loss:1.119	MRR:22.91	Hits@10:40.31	Best:23.05
2025-01-16 21:23:56,666 INFO    : Snapshot:4	2	3	Epoch:10	Loss:1.089	MRR:23.04	Hits@10:40.35	Best:23.05
2025-01-16 21:24:03,981 INFO    : Early Stopping! Snapshot:4 Epoch: 11 Best Results: 23.05
2025-01-16 21:24:04,071 INFO    : => loading checkpoint './checkpoint/ENTITY\4model_best.tar'
2025-01-16 21:24:24,592 INFO    : 
+------------+--------+--------+--------+--------+---------+
| Snapshot:4 |  MRR   | Hits@1 | Hits@3 | Hits@5 | Hits@10 |
+------------+--------+--------+--------+--------+---------+
|     0      | 0.3303 | 0.212  | 0.3811 | 0.4561 |  0.5576 |
|     1      | 0.228  | 0.1407 | 0.2502 | 0.3112 |  0.4004 |
|     2      | 0.2032 | 0.1241 | 0.2266 | 0.2767 |  0.3547 |
|     3      | 0.1936 | 0.1169 | 0.2141 | 0.2653 |  0.3428 |
|     4      | 0.2322 | 0.141  | 0.2659 | 0.327  |  0.4066 |
+------------+--------+--------+--------+--------+---------+
2025-01-16 21:24:24,594 INFO    : Final Result:
[+------------+--------+--------+--------+--------+---------+
| Snapshot:0 |  MRR   | Hits@1 | Hits@3 | Hits@5 | Hits@10 |
+------------+--------+--------+--------+--------+---------+
|     0      | 0.3303 | 0.212  | 0.3811 | 0.4561 |  0.5576 |
+------------+--------+--------+--------+--------+---------+, +------------+--------+--------+--------+--------+---------+
| Snapshot:1 |  MRR   | Hits@1 | Hits@3 | Hits@5 | Hits@10 |
+------------+--------+--------+--------+--------+---------+
|     0      | 0.3303 | 0.212  | 0.3811 | 0.4561 |  0.5576 |
|     1      | 0.228  | 0.1407 | 0.2502 | 0.3112 |  0.4004 |
+------------+--------+--------+--------+--------+---------+, +------------+--------+--------+--------+--------+---------+
| Snapshot:2 |  MRR   | Hits@1 | Hits@3 | Hits@5 | Hits@10 |
+------------+--------+--------+--------+--------+---------+
|     0      | 0.3303 | 0.212  | 0.3811 | 0.4561 |  0.5576 |
|     1      | 0.228  | 0.1407 | 0.2502 | 0.3112 |  0.4004 |
|     2      | 0.2032 | 0.1241 | 0.2266 | 0.2767 |  0.3547 |
+------------+--------+--------+--------+--------+---------+, +------------+--------+--------+--------+--------+---------+
| Snapshot:3 |  MRR   | Hits@1 | Hits@3 | Hits@5 | Hits@10 |
+------------+--------+--------+--------+--------+---------+
|     0      | 0.3303 | 0.212  | 0.3811 | 0.4561 |  0.5576 |
|     1      | 0.228  | 0.1407 | 0.2502 | 0.3112 |  0.4004 |
|     2      | 0.2032 | 0.1241 | 0.2266 | 0.2767 |  0.3547 |
|     3      | 0.1936 | 0.1169 | 0.2141 | 0.2653 |  0.3428 |
+------------+--------+--------+--------+--------+---------+, +------------+--------+--------+--------+--------+---------+
| Snapshot:4 |  MRR   | Hits@1 | Hits@3 | Hits@5 | Hits@10 |
+------------+--------+--------+--------+--------+---------+
|     0      | 0.3303 | 0.212  | 0.3811 | 0.4561 |  0.5576 |
|     1      | 0.228  | 0.1407 | 0.2502 | 0.3112 |  0.4004 |
|     2      | 0.2032 | 0.1241 | 0.2266 | 0.2767 |  0.3547 |
|     3      | 0.1936 | 0.1169 | 0.2141 | 0.2653 |  0.3428 |
|     4      | 0.2322 | 0.141  | 0.2659 | 0.327  |  0.4066 |
+------------+--------+--------+--------+--------+---------+]
2025-01-16 21:24:24,595 INFO    : Report Result:
+----------+--------------------+-----------+--------------+--------------+---------------+
| Snapshot |        Time        | Whole_MRR | Whole_Hits@1 | Whole_Hits@3 | Whole_Hits@10 |
+----------+--------------------+-----------+--------------+--------------+---------------+
|    0     | 29.696446418762207 |    0.33   |    0.212     |    0.381     |     0.558     |
|    1     | 254.08284425735474 |   0.268   |    0.169     |    0.301     |     0.462     |
|    2     | 197.1272270679474  |   0.243   |    0.152     |    0.273     |     0.421     |
|    3     | 289.57311511039734 |    0.23   |    0.142     |    0.257     |      0.4      |
|    4     | 90.98238205909729  |    0.23   |    0.142     |    0.258     |     0.401     |
+----------+--------------------+-----------+--------------+--------------+---------------+
2025-01-16 21:24:24,595 INFO    : Sum_Training_Time:861.462014913559
2025-01-16 21:24:24,596 INFO    : Every_Training_Time:[29.696446418762207, 254.08284425735474, 197.1272270679474, 289.57311511039734, 90.98238205909729]
2025-01-16 21:24:24,596 INFO    : Forward transfer: 0.040775000000000006 Backward transfer: 0.0
