2025-01-13 14:54:40,389 INFO    : Namespace(batch_size=1024, data_path='./data/ENTITY/', dataset='ENTITY', debug=False, device=device(type='cuda', index=0), emb_dim=200, ent_r='200', epoch_num=200, explore=False, gpu='0', l2=0.0, learning_rate='2e-1', log_path='./logs/ENTITY 200 10 2e-1 1024/ENTITY 20250113145431', logger=<RootLogger root (INFO)>, margin=8.0, model_name='LoraKGE_Layers', multi_layers_path='train_sorted_by_edges_betweenness.txt', neg_ratio=10, note='', num_ent_layers='10', num_layer=1, num_rel_layers='1', patience='10', predict_result=False, r=100, r_fixed=True, random_seed=3407, record=False, rel_r='200', save_path='./checkpoint/ENTITY', skip_previous='False', snapshot_num=5, train_new=True, using_multi_layers=False, using_various_ranks='True', using_various_ranks_reverse=False, valid_metrics='mrr')
2025-01-13 14:54:45,377 INFO    : Snapshot:0	0	10	Epoch:0	Loss:34.146	MRR:11.79	Hits@10:28.45	Best:11.79
2025-01-13 14:54:48,435 INFO    : Snapshot:0	0	10	Epoch:1	Loss:20.905	MRR:23.01	Hits@10:45.51	Best:23.01
2025-01-13 14:54:51,630 INFO    : Snapshot:0	0	10	Epoch:2	Loss:10.329	MRR:29.87	Hits@10:52.32	Best:29.87
2025-01-13 14:54:54,711 INFO    : Snapshot:0	0	10	Epoch:3	Loss:4.876	MRR:32.11	Hits@10:54.1	Best:32.11
2025-01-13 14:54:57,819 INFO    : Snapshot:0	0	10	Epoch:4	Loss:2.693	MRR:32.68	Hits@10:55.09	Best:32.68
2025-01-13 14:55:00,823 INFO    : Snapshot:0	0	10	Epoch:5	Loss:1.753	MRR:32.85	Hits@10:55.4	Best:32.85
2025-01-13 14:55:03,909 INFO    : Snapshot:0	1	10	Epoch:6	Loss:1.3	MRR:32.84	Hits@10:55.15	Best:32.85
2025-01-13 14:55:06,987 INFO    : Snapshot:0	2	10	Epoch:7	Loss:1.061	MRR:32.57	Hits@10:55.02	Best:32.85
2025-01-13 14:55:10,050 INFO    : Snapshot:0	3	10	Epoch:8	Loss:0.901	MRR:32.46	Hits@10:54.77	Best:32.85
2025-01-13 14:55:13,306 INFO    : Snapshot:0	4	10	Epoch:9	Loss:0.796	MRR:32.3	Hits@10:54.73	Best:32.85
2025-01-13 14:55:16,239 INFO    : Snapshot:0	5	10	Epoch:10	Loss:0.715	MRR:32.09	Hits@10:54.82	Best:32.85
2025-01-13 14:55:19,135 INFO    : Snapshot:0	6	10	Epoch:11	Loss:0.66	MRR:32.02	Hits@10:54.8	Best:32.85
2025-01-13 14:55:22,112 INFO    : Snapshot:0	7	10	Epoch:12	Loss:0.631	MRR:32.28	Hits@10:54.39	Best:32.85
2025-01-13 14:55:25,062 INFO    : Snapshot:0	8	10	Epoch:13	Loss:0.591	MRR:31.61	Hits@10:54.28	Best:32.85
2025-01-13 14:55:28,044 INFO    : Snapshot:0	9	10	Epoch:14	Loss:0.557	MRR:31.78	Hits@10:54.3	Best:32.85
2025-01-13 14:55:31,067 INFO    : Early Stopping! Snapshot:0 Epoch: 15 Best Results: 32.85
2025-01-13 14:55:31,169 INFO    : => loading checkpoint './checkpoint/ENTITY\0model_best.tar'
2025-01-13 14:55:32,535 INFO    : 
+------------+--------+--------+--------+--------+---------+
| Snapshot:0 |  MRR   | Hits@1 | Hits@3 | Hits@5 | Hits@10 |
+------------+--------+--------+--------+--------+---------+
|     0      | 0.3303 | 0.212  | 0.3811 | 0.4561 |  0.5576 |
+------------+--------+--------+--------+--------+---------+
2025-01-13 14:55:45,799 INFO    : Snapshot:1	0	10	Epoch:0	Loss:12.476	MRR:16.56	Hits@10:29.34	Best:16.56
2025-01-13 14:55:52,701 INFO    : Snapshot:1	0	10	Epoch:1	Loss:5.059	MRR:18.05	Hits@10:32.69	Best:18.05
2025-01-13 14:55:59,837 INFO    : Snapshot:1	0	10	Epoch:2	Loss:4.252	MRR:19.06	Hits@10:33.84	Best:19.06
2025-01-13 14:56:07,195 INFO    : Snapshot:1	0	10	Epoch:3	Loss:3.841	MRR:19.53	Hits@10:34.69	Best:19.53
2025-01-13 14:56:14,348 INFO    : Snapshot:1	0	10	Epoch:4	Loss:3.562	MRR:19.88	Hits@10:35.33	Best:19.88
2025-01-13 14:56:21,569 INFO    : Snapshot:1	0	10	Epoch:5	Loss:3.331	MRR:20.3	Hits@10:36.08	Best:20.3
2025-01-13 14:56:28,855 INFO    : Snapshot:1	0	10	Epoch:6	Loss:3.199	MRR:20.62	Hits@10:36.42	Best:20.62
2025-01-13 14:56:36,148 INFO    : Snapshot:1	0	10	Epoch:7	Loss:3.058	MRR:20.83	Hits@10:36.87	Best:20.83
2025-01-13 14:56:43,148 INFO    : Snapshot:1	0	10	Epoch:8	Loss:2.986	MRR:21.2	Hits@10:37.67	Best:21.2
2025-01-13 14:56:50,195 INFO    : Snapshot:1	1	10	Epoch:9	Loss:2.888	MRR:21.12	Hits@10:37.35	Best:21.2
2025-01-13 14:56:57,223 INFO    : Snapshot:1	0	10	Epoch:10	Loss:2.808	MRR:21.47	Hits@10:38.44	Best:21.47
2025-01-13 14:57:04,369 INFO    : Snapshot:1	0	10	Epoch:11	Loss:2.753	MRR:21.64	Hits@10:38.56	Best:21.64
2025-01-13 14:57:11,422 INFO    : Snapshot:1	1	10	Epoch:12	Loss:2.695	MRR:21.53	Hits@10:38.18	Best:21.64
2025-01-13 14:57:18,664 INFO    : Snapshot:1	0	10	Epoch:13	Loss:2.656	MRR:21.75	Hits@10:38.54	Best:21.75
2025-01-13 14:57:25,741 INFO    : Snapshot:1	1	10	Epoch:14	Loss:2.652	MRR:21.73	Hits@10:38.9	Best:21.75
2025-01-13 14:57:32,900 INFO    : Snapshot:1	2	10	Epoch:15	Loss:2.572	MRR:21.7	Hits@10:38.77	Best:21.75
2025-01-13 14:57:39,961 INFO    : Snapshot:1	0	10	Epoch:16	Loss:2.554	MRR:21.93	Hits@10:38.75	Best:21.93
2025-01-13 14:57:46,983 INFO    : Snapshot:1	1	10	Epoch:17	Loss:2.517	MRR:21.86	Hits@10:39.02	Best:21.93
2025-01-13 14:57:53,968 INFO    : Snapshot:1	2	10	Epoch:18	Loss:2.495	MRR:21.88	Hits@10:38.94	Best:21.93
2025-01-13 14:58:01,065 INFO    : Snapshot:1	0	10	Epoch:19	Loss:2.456	MRR:22.11	Hits@10:39.09	Best:22.11
2025-01-13 14:58:08,133 INFO    : Snapshot:1	1	10	Epoch:20	Loss:2.47	MRR:22.02	Hits@10:39.23	Best:22.11
2025-01-13 14:58:15,184 INFO    : Snapshot:1	0	10	Epoch:21	Loss:2.424	MRR:22.36	Hits@10:39.59	Best:22.36
2025-01-13 14:58:22,484 INFO    : Snapshot:1	0	10	Epoch:22	Loss:2.405	MRR:22.42	Hits@10:39.55	Best:22.42
2025-01-13 14:58:29,701 INFO    : Snapshot:1	1	10	Epoch:23	Loss:2.394	MRR:22.26	Hits@10:39.5	Best:22.42
2025-01-13 14:58:36,888 INFO    : Snapshot:1	0	10	Epoch:24	Loss:2.371	MRR:22.45	Hits@10:39.68	Best:22.45
2025-01-13 14:58:44,011 INFO    : Snapshot:1	1	10	Epoch:25	Loss:2.34	MRR:22.42	Hits@10:39.61	Best:22.45
2025-01-13 14:58:51,130 INFO    : Snapshot:1	0	10	Epoch:26	Loss:2.328	MRR:22.47	Hits@10:40.02	Best:22.47
2025-01-13 14:58:58,261 INFO    : Snapshot:1	1	10	Epoch:27	Loss:2.312	MRR:22.38	Hits@10:39.63	Best:22.47
2025-01-13 14:59:05,310 INFO    : Snapshot:1	0	10	Epoch:28	Loss:2.307	MRR:22.55	Hits@10:40.11	Best:22.55
2025-01-13 14:59:12,462 INFO    : Snapshot:1	1	10	Epoch:29	Loss:2.288	MRR:22.47	Hits@10:39.96	Best:22.55
2025-01-13 14:59:19,565 INFO    : Snapshot:1	0	10	Epoch:30	Loss:2.292	MRR:22.62	Hits@10:40.07	Best:22.62
2025-01-13 14:59:26,764 INFO    : Snapshot:1	0	10	Epoch:31	Loss:2.278	MRR:22.64	Hits@10:40.23	Best:22.64
2025-01-13 14:59:34,234 INFO    : Snapshot:1	0	10	Epoch:32	Loss:2.275	MRR:22.65	Hits@10:40.15	Best:22.65
2025-01-13 14:59:41,404 INFO    : Snapshot:1	1	10	Epoch:33	Loss:2.238	MRR:22.5	Hits@10:40.19	Best:22.65
2025-01-13 14:59:48,484 INFO    : Snapshot:1	0	10	Epoch:34	Loss:2.238	MRR:22.8	Hits@10:40.3	Best:22.8
2025-01-13 14:59:55,523 INFO    : Snapshot:1	0	10	Epoch:35	Loss:2.251	MRR:22.88	Hits@10:40.43	Best:22.88
2025-01-13 15:00:02,665 INFO    : Snapshot:1	1	10	Epoch:36	Loss:2.239	MRR:22.76	Hits@10:40.33	Best:22.88
2025-01-13 15:00:09,719 INFO    : Snapshot:1	2	10	Epoch:37	Loss:2.233	MRR:22.63	Hits@10:40.01	Best:22.88
2025-01-13 15:00:16,751 INFO    : Snapshot:1	3	10	Epoch:38	Loss:2.202	MRR:22.88	Hits@10:40.25	Best:22.88
2025-01-13 15:00:23,978 INFO    : Snapshot:1	4	10	Epoch:39	Loss:2.225	MRR:22.76	Hits@10:40.2	Best:22.88
2025-01-13 15:00:31,248 INFO    : Snapshot:1	0	10	Epoch:40	Loss:2.197	MRR:22.91	Hits@10:40.6	Best:22.91
2025-01-13 15:00:38,516 INFO    : Snapshot:1	1	10	Epoch:41	Loss:2.19	MRR:22.87	Hits@10:40.38	Best:22.91
2025-01-13 15:00:45,955 INFO    : Snapshot:1	2	10	Epoch:42	Loss:2.184	MRR:22.82	Hits@10:40.49	Best:22.91
2025-01-13 15:00:53,226 INFO    : Snapshot:1	0	10	Epoch:43	Loss:2.177	MRR:23.01	Hits@10:40.33	Best:23.01
2025-01-13 15:01:00,363 INFO    : Snapshot:1	0	10	Epoch:44	Loss:2.177	MRR:23.08	Hits@10:40.54	Best:23.08
2025-01-13 15:01:07,655 INFO    : Snapshot:1	1	10	Epoch:45	Loss:2.165	MRR:23.04	Hits@10:40.41	Best:23.08
2025-01-13 15:01:14,690 INFO    : Snapshot:1	2	10	Epoch:46	Loss:2.158	MRR:22.97	Hits@10:40.49	Best:23.08
2025-01-13 15:01:21,628 INFO    : Snapshot:1	3	10	Epoch:47	Loss:2.163	MRR:22.81	Hits@10:40.57	Best:23.08
2025-01-13 15:01:28,565 INFO    : Snapshot:1	4	10	Epoch:48	Loss:2.172	MRR:23.0	Hits@10:40.66	Best:23.08
2025-01-13 15:01:35,694 INFO    : Snapshot:1	5	10	Epoch:49	Loss:2.16	MRR:22.8	Hits@10:40.51	Best:23.08
2025-01-13 15:01:42,833 INFO    : Snapshot:1	6	10	Epoch:50	Loss:2.144	MRR:23.05	Hits@10:40.73	Best:23.08
2025-01-13 15:01:50,079 INFO    : Snapshot:1	7	10	Epoch:51	Loss:2.123	MRR:22.77	Hits@10:40.19	Best:23.08
2025-01-13 15:01:57,049 INFO    : Snapshot:1	8	10	Epoch:52	Loss:2.136	MRR:22.92	Hits@10:40.41	Best:23.08
2025-01-13 15:02:04,273 INFO    : Snapshot:1	9	10	Epoch:53	Loss:2.117	MRR:23.07	Hits@10:40.63	Best:23.08
2025-01-13 15:02:11,234 INFO    : Early Stopping! Snapshot:1 Epoch: 54 Best Results: 23.08
2025-01-13 15:02:11,325 INFO    : => loading checkpoint './checkpoint/ENTITY\1model_best.tar'
2025-01-13 15:02:16,288 INFO    : 
+------------+--------+--------+--------+--------+---------+
| Snapshot:1 |  MRR   | Hits@1 | Hits@3 | Hits@5 | Hits@10 |
+------------+--------+--------+--------+--------+---------+
|     0      | 0.3303 | 0.212  | 0.3811 | 0.4561 |  0.5576 |
|     1      | 0.2308 | 0.1418 | 0.2557 | 0.316  |  0.4045 |
+------------+--------+--------+--------+--------+---------+
2025-01-13 15:02:31,905 INFO    : Snapshot:2	0	10	Epoch:0	Loss:11.844	MRR:15.25	Hits@10:26.81	Best:15.25
2025-01-13 15:02:40,085 INFO    : Snapshot:2	0	10	Epoch:1	Loss:4.938	MRR:16.9	Hits@10:30.13	Best:16.9
2025-01-13 15:02:48,255 INFO    : Snapshot:2	0	10	Epoch:2	Loss:4.147	MRR:17.69	Hits@10:31.32	Best:17.69
2025-01-13 15:02:56,341 INFO    : Snapshot:2	0	10	Epoch:3	Loss:3.784	MRR:18.36	Hits@10:32.54	Best:18.36
2025-01-13 15:03:04,588 INFO    : Snapshot:2	0	10	Epoch:4	Loss:3.538	MRR:18.6	Hits@10:33.09	Best:18.6
2025-01-13 15:03:12,724 INFO    : Snapshot:2	0	10	Epoch:5	Loss:3.327	MRR:18.99	Hits@10:33.52	Best:18.99
2025-01-13 15:03:21,134 INFO    : Snapshot:2	0	10	Epoch:6	Loss:3.224	MRR:19.08	Hits@10:33.82	Best:19.08
2025-01-13 15:03:29,408 INFO    : Snapshot:2	0	10	Epoch:7	Loss:3.097	MRR:19.35	Hits@10:34.46	Best:19.35
2025-01-13 15:03:37,672 INFO    : Snapshot:2	0	10	Epoch:8	Loss:3.037	MRR:19.79	Hits@10:34.7	Best:19.79
2025-01-13 15:03:45,792 INFO    : Snapshot:2	1	10	Epoch:9	Loss:2.992	MRR:19.68	Hits@10:34.85	Best:19.79
2025-01-13 15:03:53,739 INFO    : Snapshot:2	2	10	Epoch:10	Loss:2.919	MRR:19.68	Hits@10:34.79	Best:19.79
2025-01-13 15:04:01,994 INFO    : Snapshot:2	0	10	Epoch:11	Loss:2.856	MRR:19.88	Hits@10:34.81	Best:19.88
2025-01-13 15:04:10,215 INFO    : Snapshot:2	0	10	Epoch:12	Loss:2.829	MRR:19.91	Hits@10:35.43	Best:19.91
2025-01-13 15:04:18,391 INFO    : Snapshot:2	0	10	Epoch:13	Loss:2.725	MRR:20.02	Hits@10:35.42	Best:20.02
2025-01-13 15:04:26,545 INFO    : Snapshot:2	0	10	Epoch:14	Loss:2.727	MRR:20.2	Hits@10:35.46	Best:20.2
2025-01-13 15:04:35,044 INFO    : Snapshot:2	1	10	Epoch:15	Loss:2.679	MRR:20.16	Hits@10:35.34	Best:20.2
2025-01-13 15:04:43,107 INFO    : Snapshot:2	2	10	Epoch:16	Loss:2.677	MRR:20.15	Hits@10:35.6	Best:20.2
2025-01-13 15:04:51,275 INFO    : Snapshot:2	0	10	Epoch:17	Loss:2.645	MRR:20.24	Hits@10:35.56	Best:20.24
2025-01-13 15:04:59,451 INFO    : Snapshot:2	0	10	Epoch:18	Loss:2.61	MRR:20.3	Hits@10:35.81	Best:20.3
2025-01-13 15:05:07,682 INFO    : Snapshot:2	1	10	Epoch:19	Loss:2.584	MRR:20.29	Hits@10:35.65	Best:20.3
2025-01-13 15:05:15,919 INFO    : Snapshot:2	2	10	Epoch:20	Loss:2.55	MRR:20.23	Hits@10:35.62	Best:20.3
2025-01-13 15:05:24,159 INFO    : Snapshot:2	0	10	Epoch:21	Loss:2.556	MRR:20.4	Hits@10:36.02	Best:20.4
2025-01-13 15:05:32,520 INFO    : Snapshot:2	0	10	Epoch:22	Loss:2.553	MRR:20.43	Hits@10:36.01	Best:20.43
2025-01-13 15:05:40,780 INFO    : Snapshot:2	1	10	Epoch:23	Loss:2.532	MRR:20.25	Hits@10:35.84	Best:20.43
2025-01-13 15:05:48,963 INFO    : Snapshot:2	2	10	Epoch:24	Loss:2.493	MRR:20.43	Hits@10:35.96	Best:20.43
2025-01-13 15:05:57,047 INFO    : Snapshot:2	0	10	Epoch:25	Loss:2.501	MRR:20.45	Hits@10:35.95	Best:20.45
2025-01-13 15:06:05,206 INFO    : Snapshot:2	0	10	Epoch:26	Loss:2.491	MRR:20.5	Hits@10:36.03	Best:20.5
2025-01-13 15:06:13,341 INFO    : Snapshot:2	0	10	Epoch:27	Loss:2.467	MRR:20.64	Hits@10:36.14	Best:20.64
2025-01-13 15:06:21,852 INFO    : Snapshot:2	1	10	Epoch:28	Loss:2.467	MRR:20.53	Hits@10:36.1	Best:20.64
2025-01-13 15:06:29,999 INFO    : Snapshot:2	2	10	Epoch:29	Loss:2.434	MRR:20.41	Hits@10:35.98	Best:20.64
2025-01-13 15:06:38,265 INFO    : Snapshot:2	3	10	Epoch:30	Loss:2.44	MRR:20.58	Hits@10:36.19	Best:20.64
2025-01-13 15:06:46,483 INFO    : Snapshot:2	4	10	Epoch:31	Loss:2.434	MRR:20.62	Hits@10:36.17	Best:20.64
2025-01-13 15:06:54,639 INFO    : Snapshot:2	5	10	Epoch:32	Loss:2.42	MRR:20.5	Hits@10:36.37	Best:20.64
2025-01-13 15:07:03,076 INFO    : Snapshot:2	0	10	Epoch:33	Loss:2.404	MRR:20.69	Hits@10:36.28	Best:20.69
2025-01-13 15:07:11,293 INFO    : Snapshot:2	0	10	Epoch:34	Loss:2.394	MRR:20.74	Hits@10:36.43	Best:20.74
2025-01-13 15:07:19,353 INFO    : Snapshot:2	1	10	Epoch:35	Loss:2.395	MRR:20.7	Hits@10:36.52	Best:20.74
2025-01-13 15:07:27,340 INFO    : Snapshot:2	2	10	Epoch:36	Loss:2.399	MRR:20.47	Hits@10:36.3	Best:20.74
2025-01-13 15:07:35,346 INFO    : Snapshot:2	3	10	Epoch:37	Loss:2.392	MRR:20.5	Hits@10:36.29	Best:20.74
2025-01-13 15:07:43,261 INFO    : Snapshot:2	4	10	Epoch:38	Loss:2.372	MRR:20.65	Hits@10:36.27	Best:20.74
2025-01-13 15:07:51,200 INFO    : Snapshot:2	5	10	Epoch:39	Loss:2.374	MRR:20.61	Hits@10:36.18	Best:20.74
2025-01-13 15:07:59,027 INFO    : Snapshot:2	6	10	Epoch:40	Loss:2.34	MRR:20.74	Hits@10:36.54	Best:20.74
2025-01-13 15:08:06,933 INFO    : Snapshot:2	7	10	Epoch:41	Loss:2.367	MRR:20.53	Hits@10:36.14	Best:20.74
2025-01-13 15:08:15,073 INFO    : Snapshot:2	8	10	Epoch:42	Loss:2.333	MRR:20.53	Hits@10:36.36	Best:20.74
2025-01-13 15:08:23,257 INFO    : Snapshot:2	9	10	Epoch:43	Loss:2.336	MRR:20.56	Hits@10:36.34	Best:20.74
2025-01-13 15:08:31,129 INFO    : Early Stopping! Snapshot:2 Epoch: 44 Best Results: 20.74
2025-01-13 15:08:31,233 INFO    : => loading checkpoint './checkpoint/ENTITY\2model_best.tar'
2025-01-13 15:08:40,502 INFO    : 
+------------+--------+--------+--------+--------+---------+
| Snapshot:2 |  MRR   | Hits@1 | Hits@3 | Hits@5 | Hits@10 |
+------------+--------+--------+--------+--------+---------+
|     0      | 0.3303 | 0.212  | 0.3811 | 0.4561 |  0.5576 |
|     1      | 0.2308 | 0.1418 | 0.2557 | 0.316  |  0.4045 |
|     2      | 0.2075 | 0.126  | 0.2318 | 0.2854 |  0.3647 |
+------------+--------+--------+--------+--------+---------+
2025-01-13 15:08:57,315 INFO    : Snapshot:3	0	10	Epoch:0	Loss:10.798	MRR:14.73	Hits@10:25.38	Best:14.73
2025-01-13 15:09:06,205 INFO    : Snapshot:3	0	10	Epoch:1	Loss:4.11	MRR:16.25	Hits@10:28.66	Best:16.25
2025-01-13 15:09:15,098 INFO    : Snapshot:3	0	10	Epoch:2	Loss:3.46	MRR:17.33	Hits@10:30.72	Best:17.33
2025-01-13 15:09:23,940 INFO    : Snapshot:3	0	10	Epoch:3	Loss:3.135	MRR:17.65	Hits@10:31.45	Best:17.65
2025-01-13 15:09:32,782 INFO    : Snapshot:3	0	10	Epoch:4	Loss:2.906	MRR:18.19	Hits@10:32.28	Best:18.19
2025-01-13 15:09:41,689 INFO    : Snapshot:3	1	10	Epoch:5	Loss:2.808	MRR:18.13	Hits@10:32.33	Best:18.19
2025-01-13 15:09:50,659 INFO    : Snapshot:3	0	10	Epoch:6	Loss:2.663	MRR:18.48	Hits@10:32.76	Best:18.48
2025-01-13 15:09:59,517 INFO    : Snapshot:3	0	10	Epoch:7	Loss:2.609	MRR:18.74	Hits@10:33.03	Best:18.74
2025-01-13 15:10:08,295 INFO    : Snapshot:3	0	10	Epoch:8	Loss:2.521	MRR:18.85	Hits@10:33.31	Best:18.85
2025-01-13 15:10:17,217 INFO    : Snapshot:3	0	10	Epoch:9	Loss:2.47	MRR:19.02	Hits@10:33.59	Best:19.02
2025-01-13 15:10:26,170 INFO    : Snapshot:3	0	10	Epoch:10	Loss:2.407	MRR:19.06	Hits@10:33.81	Best:19.06
2025-01-13 15:10:35,124 INFO    : Snapshot:3	1	10	Epoch:11	Loss:2.393	MRR:18.96	Hits@10:33.73	Best:19.06
2025-01-13 15:10:44,015 INFO    : Snapshot:3	0	10	Epoch:12	Loss:2.332	MRR:19.08	Hits@10:33.83	Best:19.08
2025-01-13 15:10:52,874 INFO    : Snapshot:3	1	10	Epoch:13	Loss:2.329	MRR:19.01	Hits@10:33.78	Best:19.08
2025-01-13 15:11:01,733 INFO    : Snapshot:3	0	10	Epoch:14	Loss:2.289	MRR:19.1	Hits@10:33.88	Best:19.1
2025-01-13 15:11:10,591 INFO    : Snapshot:3	0	10	Epoch:15	Loss:2.256	MRR:19.11	Hits@10:34.24	Best:19.11
2025-01-13 15:11:19,716 INFO    : Snapshot:3	0	10	Epoch:16	Loss:2.226	MRR:19.18	Hits@10:34.18	Best:19.18
2025-01-13 15:11:28,604 INFO    : Snapshot:3	1	10	Epoch:17	Loss:2.204	MRR:19.13	Hits@10:34.15	Best:19.18
2025-01-13 15:11:37,556 INFO    : Snapshot:3	0	10	Epoch:18	Loss:2.187	MRR:19.19	Hits@10:34.22	Best:19.19
2025-01-13 15:11:46,292 INFO    : Snapshot:3	0	10	Epoch:19	Loss:2.178	MRR:19.41	Hits@10:34.58	Best:19.41
2025-01-13 15:11:55,245 INFO    : Snapshot:3	1	10	Epoch:20	Loss:2.156	MRR:19.24	Hits@10:34.12	Best:19.41
2025-01-13 15:12:04,059 INFO    : Snapshot:3	2	10	Epoch:21	Loss:2.155	MRR:19.32	Hits@10:34.08	Best:19.41
2025-01-13 15:12:12,873 INFO    : Snapshot:3	3	10	Epoch:22	Loss:2.135	MRR:19.37	Hits@10:34.51	Best:19.41
2025-01-13 15:12:21,886 INFO    : Snapshot:3	4	10	Epoch:23	Loss:2.116	MRR:19.28	Hits@10:34.55	Best:19.41
2025-01-13 15:12:30,870 INFO    : Snapshot:3	5	10	Epoch:24	Loss:2.105	MRR:19.4	Hits@10:34.45	Best:19.41
2025-01-13 15:12:39,871 INFO    : Snapshot:3	0	10	Epoch:25	Loss:2.096	MRR:19.47	Hits@10:34.74	Best:19.47
2025-01-13 15:12:49,118 INFO    : Snapshot:3	0	10	Epoch:26	Loss:2.054	MRR:19.57	Hits@10:34.62	Best:19.57
2025-01-13 15:12:58,166 INFO    : Snapshot:3	1	10	Epoch:27	Loss:2.07	MRR:19.39	Hits@10:34.64	Best:19.57
2025-01-13 15:13:07,198 INFO    : Snapshot:3	0	10	Epoch:28	Loss:2.064	MRR:19.61	Hits@10:34.95	Best:19.61
2025-01-13 15:13:16,040 INFO    : Snapshot:3	1	10	Epoch:29	Loss:2.044	MRR:19.53	Hits@10:34.57	Best:19.61
2025-01-13 15:13:24,818 INFO    : Snapshot:3	2	10	Epoch:30	Loss:2.067	MRR:19.59	Hits@10:34.78	Best:19.61
2025-01-13 15:13:33,599 INFO    : Snapshot:3	3	10	Epoch:31	Loss:2.042	MRR:19.46	Hits@10:34.81	Best:19.61
2025-01-13 15:13:42,383 INFO    : Snapshot:3	4	10	Epoch:32	Loss:2.033	MRR:19.45	Hits@10:34.57	Best:19.61
2025-01-13 15:13:51,161 INFO    : Snapshot:3	5	10	Epoch:33	Loss:2.016	MRR:19.43	Hits@10:34.7	Best:19.61
2025-01-13 15:13:59,846 INFO    : Snapshot:3	6	10	Epoch:34	Loss:2.02	MRR:19.56	Hits@10:34.79	Best:19.61
2025-01-13 15:14:08,628 INFO    : Snapshot:3	7	10	Epoch:35	Loss:1.983	MRR:19.51	Hits@10:34.96	Best:19.61
2025-01-13 15:14:17,705 INFO    : Snapshot:3	8	10	Epoch:36	Loss:2.016	MRR:19.56	Hits@10:34.68	Best:19.61
2025-01-13 15:14:26,657 INFO    : Snapshot:3	9	10	Epoch:37	Loss:1.999	MRR:19.47	Hits@10:34.7	Best:19.61
2025-01-13 15:14:35,502 INFO    : Early Stopping! Snapshot:3 Epoch: 38 Best Results: 19.61
2025-01-13 15:14:35,601 INFO    : => loading checkpoint './checkpoint/ENTITY\3model_best.tar'
2025-01-13 15:14:50,393 INFO    : 
+------------+--------+--------+--------+--------+---------+
| Snapshot:3 |  MRR   | Hits@1 | Hits@3 | Hits@5 | Hits@10 |
+------------+--------+--------+--------+--------+---------+
|     0      | 0.3303 | 0.212  | 0.3811 | 0.4561 |  0.5576 |
|     1      | 0.2308 | 0.1418 | 0.2557 | 0.316  |  0.4045 |
|     2      | 0.2075 | 0.126  | 0.2318 | 0.2854 |  0.3647 |
|     3      | 0.1953 | 0.1173 | 0.2161 | 0.269  |  0.3458 |
+------------+--------+--------+--------+--------+---------+
2025-01-13 15:15:04,922 INFO    : Snapshot:4	0	10	Epoch:0	Loss:7.689	MRR:18.11	Hits@10:29.9	Best:18.11
2025-01-13 15:15:12,061 INFO    : Snapshot:4	0	10	Epoch:1	Loss:2.189	MRR:20.5	Hits@10:34.85	Best:20.5
2025-01-13 15:15:19,247 INFO    : Snapshot:4	0	10	Epoch:2	Loss:1.71	MRR:21.15	Hits@10:36.48	Best:21.15
2025-01-13 15:15:26,447 INFO    : Snapshot:4	0	10	Epoch:3	Loss:1.5	MRR:21.95	Hits@10:37.67	Best:21.95
2025-01-13 15:15:33,634 INFO    : Snapshot:4	0	10	Epoch:4	Loss:1.386	MRR:22.17	Hits@10:38.16	Best:22.17
2025-01-13 15:15:41,023 INFO    : Snapshot:4	0	10	Epoch:5	Loss:1.306	MRR:22.37	Hits@10:39.02	Best:22.37
2025-01-13 15:15:48,100 INFO    : Snapshot:4	0	10	Epoch:6	Loss:1.252	MRR:22.5	Hits@10:39.53	Best:22.5
2025-01-13 15:15:55,177 INFO    : Snapshot:4	1	10	Epoch:7	Loss:1.188	MRR:22.31	Hits@10:39.36	Best:22.5
2025-01-13 15:16:02,271 INFO    : Snapshot:4	0	10	Epoch:8	Loss:1.122	MRR:22.78	Hits@10:39.52	Best:22.78
2025-01-13 15:16:09,365 INFO    : Snapshot:4	1	10	Epoch:9	Loss:1.104	MRR:22.72	Hits@10:39.87	Best:22.78
2025-01-13 15:16:16,489 INFO    : Snapshot:4	0	10	Epoch:10	Loss:1.083	MRR:23.07	Hits@10:40.11	Best:23.07
2025-01-13 15:16:23,597 INFO    : Snapshot:4	1	10	Epoch:11	Loss:1.062	MRR:22.94	Hits@10:40.47	Best:23.07
2025-01-13 15:16:30,704 INFO    : Snapshot:4	0	10	Epoch:12	Loss:1.04	MRR:23.21	Hits@10:40.88	Best:23.21
2025-01-13 15:16:37,859 INFO    : Snapshot:4	1	10	Epoch:13	Loss:1.02	MRR:23.21	Hits@10:40.64	Best:23.21
2025-01-13 15:16:45,014 INFO    : Snapshot:4	0	10	Epoch:14	Loss:1.015	MRR:23.34	Hits@10:40.98	Best:23.34
2025-01-13 15:16:52,170 INFO    : Snapshot:4	1	10	Epoch:15	Loss:0.979	MRR:23.3	Hits@10:40.67	Best:23.34
2025-01-13 15:16:59,234 INFO    : Snapshot:4	2	10	Epoch:16	Loss:0.968	MRR:23.29	Hits@10:40.85	Best:23.34
2025-01-13 15:17:06,409 INFO    : Snapshot:4	3	10	Epoch:17	Loss:0.952	MRR:23.33	Hits@10:41.05	Best:23.34
2025-01-13 15:17:13,548 INFO    : Snapshot:4	0	10	Epoch:18	Loss:0.95	MRR:23.44	Hits@10:41.16	Best:23.44
2025-01-13 15:17:20,644 INFO    : Snapshot:4	1	10	Epoch:19	Loss:0.927	MRR:23.43	Hits@10:41.37	Best:23.44
2025-01-13 15:17:28,022 INFO    : Snapshot:4	0	10	Epoch:20	Loss:0.907	MRR:23.5	Hits@10:41.32	Best:23.5
2025-01-13 15:17:35,209 INFO    : Snapshot:4	1	10	Epoch:21	Loss:0.916	MRR:23.43	Hits@10:41.3	Best:23.5
2025-01-13 15:17:42,380 INFO    : Snapshot:4	0	10	Epoch:22	Loss:0.911	MRR:23.63	Hits@10:41.08	Best:23.63
2025-01-13 15:17:49,440 INFO    : Snapshot:4	0	10	Epoch:23	Loss:0.91	MRR:23.67	Hits@10:41.27	Best:23.67
2025-01-13 15:17:56,581 INFO    : Snapshot:4	0	10	Epoch:24	Loss:0.898	MRR:23.68	Hits@10:41.52	Best:23.68
2025-01-13 15:18:03,643 INFO    : Snapshot:4	1	10	Epoch:25	Loss:0.889	MRR:23.61	Hits@10:41.5	Best:23.68
2025-01-13 15:18:10,753 INFO    : Snapshot:4	2	10	Epoch:26	Loss:0.877	MRR:23.53	Hits@10:41.13	Best:23.68
2025-01-13 15:18:17,879 INFO    : Snapshot:4	3	10	Epoch:27	Loss:0.877	MRR:23.6	Hits@10:41.42	Best:23.68
2025-01-13 15:18:24,989 INFO    : Snapshot:4	4	10	Epoch:28	Loss:0.886	MRR:23.37	Hits@10:41.44	Best:23.68
2025-01-13 15:18:32,085 INFO    : Snapshot:4	5	10	Epoch:29	Loss:0.865	MRR:23.55	Hits@10:41.44	Best:23.68
2025-01-13 15:18:39,224 INFO    : Snapshot:4	6	10	Epoch:30	Loss:0.856	MRR:23.54	Hits@10:41.53	Best:23.68
2025-01-13 15:18:46,409 INFO    : Snapshot:4	7	10	Epoch:31	Loss:0.861	MRR:23.51	Hits@10:41.33	Best:23.68
2025-01-13 15:18:53,595 INFO    : Snapshot:4	8	10	Epoch:32	Loss:0.864	MRR:23.58	Hits@10:41.51	Best:23.68
2025-01-13 15:19:00,718 INFO    : Snapshot:4	9	10	Epoch:33	Loss:0.849	MRR:23.46	Hits@10:41.34	Best:23.68
2025-01-13 15:19:08,045 INFO    : Early Stopping! Snapshot:4 Epoch: 34 Best Results: 23.68
2025-01-13 15:19:08,143 INFO    : => loading checkpoint './checkpoint/ENTITY\4model_best.tar'
2025-01-13 15:19:27,623 INFO    : 
+------------+--------+--------+--------+--------+---------+
| Snapshot:4 |  MRR   | Hits@1 | Hits@3 | Hits@5 | Hits@10 |
+------------+--------+--------+--------+--------+---------+
|     0      | 0.3303 | 0.212  | 0.3811 | 0.4561 |  0.5576 |
|     1      | 0.2308 | 0.1418 | 0.2557 | 0.316  |  0.4045 |
|     2      | 0.2075 | 0.126  | 0.2318 | 0.2854 |  0.3647 |
|     3      | 0.1953 | 0.1173 | 0.2161 | 0.269  |  0.3458 |
|     4      | 0.2401 | 0.1462 | 0.2771 | 0.3389 |  0.4215 |
+------------+--------+--------+--------+--------+---------+
2025-01-13 15:19:27,623 INFO    : Final Result:
[+------------+--------+--------+--------+--------+---------+
| Snapshot:0 |  MRR   | Hits@1 | Hits@3 | Hits@5 | Hits@10 |
+------------+--------+--------+--------+--------+---------+
|     0      | 0.3303 | 0.212  | 0.3811 | 0.4561 |  0.5576 |
+------------+--------+--------+--------+--------+---------+, +------------+--------+--------+--------+--------+---------+
| Snapshot:1 |  MRR   | Hits@1 | Hits@3 | Hits@5 | Hits@10 |
+------------+--------+--------+--------+--------+---------+
|     0      | 0.3303 | 0.212  | 0.3811 | 0.4561 |  0.5576 |
|     1      | 0.2308 | 0.1418 | 0.2557 | 0.316  |  0.4045 |
+------------+--------+--------+--------+--------+---------+, +------------+--------+--------+--------+--------+---------+
| Snapshot:2 |  MRR   | Hits@1 | Hits@3 | Hits@5 | Hits@10 |
+------------+--------+--------+--------+--------+---------+
|     0      | 0.3303 | 0.212  | 0.3811 | 0.4561 |  0.5576 |
|     1      | 0.2308 | 0.1418 | 0.2557 | 0.316  |  0.4045 |
|     2      | 0.2075 | 0.126  | 0.2318 | 0.2854 |  0.3647 |
+------------+--------+--------+--------+--------+---------+, +------------+--------+--------+--------+--------+---------+
| Snapshot:3 |  MRR   | Hits@1 | Hits@3 | Hits@5 | Hits@10 |
+------------+--------+--------+--------+--------+---------+
|     0      | 0.3303 | 0.212  | 0.3811 | 0.4561 |  0.5576 |
|     1      | 0.2308 | 0.1418 | 0.2557 | 0.316  |  0.4045 |
|     2      | 0.2075 | 0.126  | 0.2318 | 0.2854 |  0.3647 |
|     3      | 0.1953 | 0.1173 | 0.2161 | 0.269  |  0.3458 |
+------------+--------+--------+--------+--------+---------+, +------------+--------+--------+--------+--------+---------+
| Snapshot:4 |  MRR   | Hits@1 | Hits@3 | Hits@5 | Hits@10 |
+------------+--------+--------+--------+--------+---------+
|     0      | 0.3303 | 0.212  | 0.3811 | 0.4561 |  0.5576 |
|     1      | 0.2308 | 0.1418 | 0.2557 | 0.316  |  0.4045 |
|     2      | 0.2075 | 0.126  | 0.2318 | 0.2854 |  0.3647 |
|     3      | 0.1953 | 0.1173 | 0.2161 | 0.269  |  0.3458 |
|     4      | 0.2401 | 0.1462 | 0.2771 | 0.3389 |  0.4215 |
+------------+--------+--------+--------+--------+---------+]
2025-01-13 15:19:27,623 INFO    : Report Result:
+----------+--------------------+-----------+--------------+--------------+---------------+
| Snapshot |        Time        | Whole_MRR | Whole_Hits@1 | Whole_Hits@3 | Whole_Hits@10 |
+----------+--------------------+-----------+--------------+--------------+---------------+
|    0     |  50.6780219078064  |    0.33   |    0.212     |    0.381     |     0.558     |
|    1     | 394.87053537368774 |    0.27   |    0.169     |    0.305     |     0.464     |
|    2     | 370.24421548843384 |   0.246   |    0.153     |    0.277     |     0.426     |
|    3     | 349.76512575149536 |   0.232   |    0.143     |    0.261     |     0.405     |
|    4     | 252.76267886161804 |   0.233   |    0.144     |    0.263     |     0.407     |
+----------+--------------------+-----------+--------------+--------------+---------------+
2025-01-13 15:19:27,623 INFO    : Sum_Training_Time:1418.3205773830414
2025-01-13 15:19:27,623 INFO    : Every_Training_Time:[50.6780219078064, 394.87053537368774, 370.24421548843384, 349.76512575149536, 252.76267886161804]
2025-01-13 15:19:27,623 INFO    : Forward transfer: 0.040825 Backward transfer: 0.0
