2025-01-16 21:24:34,606 INFO    : Namespace(batch_size=1024, data_path='./data/ENTITY/', dataset='ENTITY', debug=False, device=device(type='cuda', index=0), emb_dim=200, ent_r='200', epoch_num=200, explore=False, gpu='0', l2=0.0, learning_rate='3e-1', log_path='./logs/ENTITY 200 10 3e-1 1024/ENTITY 20250116212426', logger=<RootLogger root (INFO)>, margin=8.0, model_name='LoraKGE_Layers', multi_layers_path='train_sorted_by_edges_betweenness.txt', neg_ratio=10, note='', num_ent_layers='10', num_layer=1, num_rel_layers='1', patience='3', predict_result=False, r=100, r_fixed=True, random_seed=3407, record=False, rel_r='200', save_path='./checkpoint/ENTITY', skip_previous='False', snapshot_num=5, train_new=True, using_multi_layers=False, using_various_ranks='True', using_various_ranks_reverse=False, valid_metrics='mrr')
2025-01-16 21:24:39,616 INFO    : Snapshot:0	0	3	Epoch:0	Loss:35.288	MRR:9.73	Hits@10:23.32	Best:9.73
2025-01-16 21:24:42,743 INFO    : Snapshot:0	0	3	Epoch:1	Loss:24.605	MRR:18.0	Hits@10:39.98	Best:18.0
2025-01-16 21:24:45,946 INFO    : Snapshot:0	0	3	Epoch:2	Loss:14.488	MRR:26.48	Hits@10:48.81	Best:26.48
2025-01-16 21:24:49,116 INFO    : Snapshot:0	0	3	Epoch:3	Loss:7.616	MRR:30.42	Hits@10:52.54	Best:30.42
2025-01-16 21:24:52,244 INFO    : Snapshot:0	0	3	Epoch:4	Loss:4.185	MRR:31.77	Hits@10:54.22	Best:31.77
2025-01-16 21:24:55,416 INFO    : Snapshot:0	0	3	Epoch:5	Loss:2.558	MRR:32.23	Hits@10:54.56	Best:32.23
2025-01-16 21:24:58,631 INFO    : Snapshot:0	0	3	Epoch:6	Loss:1.777	MRR:32.38	Hits@10:55.02	Best:32.38
2025-01-16 21:25:01,818 INFO    : Snapshot:0	0	3	Epoch:7	Loss:1.364	MRR:32.49	Hits@10:54.98	Best:32.49
2025-01-16 21:25:04,971 INFO    : Snapshot:0	0	3	Epoch:8	Loss:1.111	MRR:32.5	Hits@10:54.8	Best:32.5
2025-01-16 21:25:08,384 INFO    : Snapshot:0	1	3	Epoch:9	Loss:0.952	MRR:32.38	Hits@10:54.79	Best:32.5
2025-01-16 21:25:11,504 INFO    : Snapshot:0	2	3	Epoch:10	Loss:0.832	MRR:32.24	Hits@10:55.01	Best:32.5
2025-01-16 21:25:14,666 INFO    : Early Stopping! Snapshot:0 Epoch: 11 Best Results: 32.5
2025-01-16 21:25:14,764 INFO    : => loading checkpoint './checkpoint/ENTITY\0model_best.tar'
2025-01-16 21:25:16,226 INFO    : 
+------------+--------+--------+--------+--------+---------+
| Snapshot:0 |  MRR   | Hits@1 | Hits@3 | Hits@5 | Hits@10 |
+------------+--------+--------+--------+--------+---------+
|     0      | 0.3285 | 0.2086 | 0.3806 | 0.4552 |  0.5588 |
+------------+--------+--------+--------+--------+---------+
2025-01-16 21:25:30,058 INFO    : Snapshot:1	0	3	Epoch:0	Loss:11.397	MRR:16.2	Hits@10:28.74	Best:16.2
2025-01-16 21:25:37,295 INFO    : Snapshot:1	0	3	Epoch:1	Loss:4.437	MRR:17.71	Hits@10:31.7	Best:17.71
2025-01-16 21:25:44,647 INFO    : Snapshot:1	0	3	Epoch:2	Loss:3.719	MRR:18.34	Hits@10:32.82	Best:18.34
2025-01-16 21:25:52,031 INFO    : Snapshot:1	0	3	Epoch:3	Loss:3.344	MRR:18.77	Hits@10:33.76	Best:18.77
2025-01-16 21:25:59,447 INFO    : Snapshot:1	0	3	Epoch:4	Loss:3.107	MRR:19.43	Hits@10:34.94	Best:19.43
2025-01-16 21:26:06,716 INFO    : Snapshot:1	0	3	Epoch:5	Loss:2.917	MRR:19.94	Hits@10:35.54	Best:19.94
2025-01-16 21:26:14,193 INFO    : Snapshot:1	0	3	Epoch:6	Loss:2.764	MRR:20.02	Hits@10:36.22	Best:20.02
2025-01-16 21:26:21,701 INFO    : Snapshot:1	0	3	Epoch:7	Loss:2.659	MRR:20.63	Hits@10:36.82	Best:20.63
2025-01-16 21:26:29,175 INFO    : Snapshot:1	1	3	Epoch:8	Loss:2.58	MRR:20.63	Hits@10:36.44	Best:20.63
2025-01-16 21:26:36,647 INFO    : Snapshot:1	0	3	Epoch:9	Loss:2.507	MRR:20.75	Hits@10:36.85	Best:20.75
2025-01-16 21:26:44,064 INFO    : Snapshot:1	0	3	Epoch:10	Loss:2.422	MRR:21.05	Hits@10:37.42	Best:21.05
2025-01-16 21:26:51,441 INFO    : Snapshot:1	1	3	Epoch:11	Loss:2.371	MRR:21.02	Hits@10:37.33	Best:21.05
2025-01-16 21:26:58,668 INFO    : Snapshot:1	2	3	Epoch:12	Loss:2.342	MRR:20.93	Hits@10:37.41	Best:21.05
2025-01-16 21:27:06,019 INFO    : Snapshot:1	0	3	Epoch:13	Loss:2.28	MRR:21.23	Hits@10:37.71	Best:21.23
2025-01-16 21:27:13,434 INFO    : Snapshot:1	0	3	Epoch:14	Loss:2.252	MRR:21.34	Hits@10:37.75	Best:21.34
2025-01-16 21:27:20,749 INFO    : Snapshot:1	0	3	Epoch:15	Loss:2.229	MRR:21.54	Hits@10:38.44	Best:21.54
2025-01-16 21:27:28,090 INFO    : Snapshot:1	1	3	Epoch:16	Loss:2.171	MRR:21.34	Hits@10:38.11	Best:21.54
2025-01-16 21:27:35,451 INFO    : Snapshot:1	0	3	Epoch:17	Loss:2.148	MRR:21.85	Hits@10:38.34	Best:21.85
2025-01-16 21:27:42,803 INFO    : Snapshot:1	1	3	Epoch:18	Loss:2.141	MRR:21.62	Hits@10:38.56	Best:21.85
2025-01-16 21:27:50,172 INFO    : Snapshot:1	2	3	Epoch:19	Loss:2.107	MRR:21.56	Hits@10:38.25	Best:21.85
2025-01-16 21:27:57,425 INFO    : Early Stopping! Snapshot:1 Epoch: 20 Best Results: 21.85
2025-01-16 21:27:57,516 INFO    : => loading checkpoint './checkpoint/ENTITY\1model_best.tar'
2025-01-16 21:28:02,720 INFO    : 
+------------+--------+--------+--------+--------+---------+
| Snapshot:1 |  MRR   | Hits@1 | Hits@3 | Hits@5 | Hits@10 |
+------------+--------+--------+--------+--------+---------+
|     0      | 0.3285 | 0.2086 | 0.3806 | 0.4552 |  0.5588 |
|     1      | 0.2156 | 0.1305 | 0.2377 | 0.2945 |  0.3828 |
+------------+--------+--------+--------+--------+---------+
2025-01-16 21:28:18,201 INFO    : Snapshot:2	0	3	Epoch:0	Loss:10.821	MRR:14.82	Hits@10:25.8	Best:14.82
2025-01-16 21:28:26,630 INFO    : Snapshot:2	0	3	Epoch:1	Loss:4.352	MRR:16.33	Hits@10:28.48	Best:16.33
2025-01-16 21:28:35,120 INFO    : Snapshot:2	0	3	Epoch:2	Loss:3.706	MRR:17.07	Hits@10:29.91	Best:17.07
2025-01-16 21:28:43,582 INFO    : Snapshot:2	0	3	Epoch:3	Loss:3.375	MRR:17.78	Hits@10:31.25	Best:17.78
2025-01-16 21:28:52,047 INFO    : Snapshot:2	0	3	Epoch:4	Loss:3.134	MRR:17.95	Hits@10:31.77	Best:17.95
2025-01-16 21:29:00,497 INFO    : Snapshot:2	0	3	Epoch:5	Loss:2.98	MRR:18.28	Hits@10:32.25	Best:18.28
2025-01-16 21:29:08,860 INFO    : Snapshot:2	0	3	Epoch:6	Loss:2.848	MRR:18.43	Hits@10:32.68	Best:18.43
2025-01-16 21:29:17,528 INFO    : Snapshot:2	0	3	Epoch:7	Loss:2.751	MRR:18.66	Hits@10:33.03	Best:18.66
2025-01-16 21:29:26,001 INFO    : Snapshot:2	1	3	Epoch:8	Loss:2.68	MRR:18.52	Hits@10:32.71	Best:18.66
2025-01-16 21:29:34,550 INFO    : Snapshot:2	0	3	Epoch:9	Loss:2.6	MRR:18.82	Hits@10:33.35	Best:18.82
2025-01-16 21:29:42,998 INFO    : Snapshot:2	1	3	Epoch:10	Loss:2.559	MRR:18.73	Hits@10:32.96	Best:18.82
2025-01-16 21:29:51,385 INFO    : Snapshot:2	0	3	Epoch:11	Loss:2.516	MRR:18.83	Hits@10:33.46	Best:18.83
2025-01-16 21:29:59,647 INFO    : Snapshot:2	0	3	Epoch:12	Loss:2.44	MRR:19.05	Hits@10:33.63	Best:19.05
2025-01-16 21:30:07,930 INFO    : Snapshot:2	1	3	Epoch:13	Loss:2.433	MRR:18.97	Hits@10:33.64	Best:19.05
2025-01-16 21:30:16,228 INFO    : Snapshot:2	0	3	Epoch:14	Loss:2.376	MRR:19.21	Hits@10:33.76	Best:19.21
2025-01-16 21:30:24,673 INFO    : Snapshot:2	1	3	Epoch:15	Loss:2.357	MRR:19.2	Hits@10:33.85	Best:19.21
2025-01-16 21:30:33,389 INFO    : Snapshot:2	0	3	Epoch:16	Loss:2.338	MRR:19.22	Hits@10:34.05	Best:19.22
2025-01-16 21:30:41,869 INFO    : Snapshot:2	1	3	Epoch:17	Loss:2.336	MRR:19.22	Hits@10:33.96	Best:19.22
2025-01-16 21:30:50,426 INFO    : Snapshot:2	0	3	Epoch:18	Loss:2.286	MRR:19.27	Hits@10:34.13	Best:19.27
2025-01-16 21:30:58,984 INFO    : Snapshot:2	1	3	Epoch:19	Loss:2.256	MRR:19.24	Hits@10:33.93	Best:19.27
2025-01-16 21:31:07,389 INFO    : Snapshot:2	0	3	Epoch:20	Loss:2.266	MRR:19.36	Hits@10:34.02	Best:19.36
2025-01-16 21:31:15,861 INFO    : Snapshot:2	1	3	Epoch:21	Loss:2.246	MRR:19.34	Hits@10:34.1	Best:19.36
2025-01-16 21:31:24,084 INFO    : Snapshot:2	0	3	Epoch:22	Loss:2.23	MRR:19.39	Hits@10:34.1	Best:19.39
2025-01-16 21:31:32,424 INFO    : Snapshot:2	0	3	Epoch:23	Loss:2.201	MRR:19.44	Hits@10:34.29	Best:19.44
2025-01-16 21:31:40,769 INFO    : Snapshot:2	0	3	Epoch:24	Loss:2.191	MRR:19.68	Hits@10:34.54	Best:19.68
2025-01-16 21:31:49,421 INFO    : Snapshot:2	1	3	Epoch:25	Loss:2.175	MRR:19.55	Hits@10:34.5	Best:19.68
2025-01-16 21:31:57,637 INFO    : Snapshot:2	2	3	Epoch:26	Loss:2.164	MRR:19.57	Hits@10:34.34	Best:19.68
2025-01-16 21:32:05,956 INFO    : Early Stopping! Snapshot:2 Epoch: 27 Best Results: 19.68
2025-01-16 21:32:06,055 INFO    : => loading checkpoint './checkpoint/ENTITY\2model_best.tar'
2025-01-16 21:32:15,710 INFO    : 
+------------+--------+--------+--------+--------+---------+
| Snapshot:2 |  MRR   | Hits@1 | Hits@3 | Hits@5 | Hits@10 |
+------------+--------+--------+--------+--------+---------+
|     0      | 0.3285 | 0.2086 | 0.3806 | 0.4552 |  0.5588 |
|     1      | 0.2156 | 0.1305 | 0.2377 | 0.2945 |  0.3828 |
|     2      | 0.1949 | 0.1155 | 0.218  | 0.2688 |  0.347  |
+------------+--------+--------+--------+--------+---------+
2025-01-16 21:32:33,032 INFO    : Snapshot:3	0	3	Epoch:0	Loss:9.874	MRR:14.28	Hits@10:24.52	Best:14.28
2025-01-16 21:32:42,389 INFO    : Snapshot:3	0	3	Epoch:1	Loss:3.677	MRR:15.68	Hits@10:27.38	Best:15.68
2025-01-16 21:32:51,664 INFO    : Snapshot:3	0	3	Epoch:2	Loss:3.075	MRR:16.39	Hits@10:29.08	Best:16.39
2025-01-16 21:33:00,803 INFO    : Snapshot:3	0	3	Epoch:3	Loss:2.784	MRR:16.86	Hits@10:29.9	Best:16.86
2025-01-16 21:33:09,980 INFO    : Snapshot:3	0	3	Epoch:4	Loss:2.592	MRR:17.03	Hits@10:30.33	Best:17.03
2025-01-16 21:33:19,251 INFO    : Snapshot:3	0	3	Epoch:5	Loss:2.49	MRR:17.26	Hits@10:30.61	Best:17.26
2025-01-16 21:33:28,672 INFO    : Snapshot:3	0	3	Epoch:6	Loss:2.39	MRR:17.58	Hits@10:31.33	Best:17.58
2025-01-16 21:33:37,916 INFO    : Snapshot:3	0	3	Epoch:7	Loss:2.299	MRR:17.66	Hits@10:31.47	Best:17.66
2025-01-16 21:33:47,114 INFO    : Snapshot:3	0	3	Epoch:8	Loss:2.259	MRR:18.07	Hits@10:32.17	Best:18.07
2025-01-16 21:33:56,280 INFO    : Snapshot:3	0	3	Epoch:9	Loss:2.199	MRR:18.14	Hits@10:32.05	Best:18.14
2025-01-16 21:34:05,479 INFO    : Snapshot:3	1	3	Epoch:10	Loss:2.151	MRR:18.03	Hits@10:32.3	Best:18.14
2025-01-16 21:34:14,615 INFO    : Snapshot:3	2	3	Epoch:11	Loss:2.125	MRR:18.07	Hits@10:32.65	Best:18.14
2025-01-16 21:34:23,937 INFO    : Snapshot:3	0	3	Epoch:12	Loss:2.082	MRR:18.17	Hits@10:32.35	Best:18.17
2025-01-16 21:34:33,269 INFO    : Snapshot:3	1	3	Epoch:13	Loss:2.037	MRR:17.93	Hits@10:32.34	Best:18.17
2025-01-16 21:34:42,573 INFO    : Snapshot:3	0	3	Epoch:14	Loss:2.01	MRR:18.2	Hits@10:32.67	Best:18.2
2025-01-16 21:34:51,831 INFO    : Snapshot:3	0	3	Epoch:15	Loss:1.982	MRR:18.45	Hits@10:32.92	Best:18.45
2025-01-16 21:35:01,212 INFO    : Snapshot:3	1	3	Epoch:16	Loss:1.973	MRR:18.24	Hits@10:32.82	Best:18.45
2025-01-16 21:35:10,408 INFO    : Snapshot:3	2	3	Epoch:17	Loss:1.96	MRR:18.33	Hits@10:32.65	Best:18.45
2025-01-16 21:35:19,603 INFO    : Early Stopping! Snapshot:3 Epoch: 18 Best Results: 18.45
2025-01-16 21:35:19,704 INFO    : => loading checkpoint './checkpoint/ENTITY\3model_best.tar'
2025-01-16 21:35:34,988 INFO    : 
+------------+--------+--------+--------+--------+---------+
| Snapshot:3 |  MRR   | Hits@1 | Hits@3 | Hits@5 | Hits@10 |
+------------+--------+--------+--------+--------+---------+
|     0      | 0.3285 | 0.2086 | 0.3806 | 0.4552 |  0.5588 |
|     1      | 0.2156 | 0.1305 | 0.2377 | 0.2945 |  0.3828 |
|     2      | 0.1949 | 0.1155 | 0.218  | 0.2688 |  0.347  |
|     3      | 0.184  |  0.11  | 0.2024 | 0.2522 |  0.3294 |
+------------+--------+--------+--------+--------+---------+
2025-01-16 21:35:49,949 INFO    : Snapshot:4	0	3	Epoch:0	Loss:7.111	MRR:17.83	Hits@10:29.12	Best:17.83
2025-01-16 21:35:57,353 INFO    : Snapshot:4	0	3	Epoch:1	Loss:1.988	MRR:19.82	Hits@10:33.45	Best:19.82
2025-01-16 21:36:04,771 INFO    : Snapshot:4	0	3	Epoch:2	Loss:1.568	MRR:20.8	Hits@10:35.19	Best:20.8
2025-01-16 21:36:12,065 INFO    : Snapshot:4	0	3	Epoch:3	Loss:1.389	MRR:21.27	Hits@10:36.43	Best:21.27
2025-01-16 21:36:19,452 INFO    : Snapshot:4	0	3	Epoch:4	Loss:1.253	MRR:21.49	Hits@10:37.11	Best:21.49
2025-01-16 21:36:27,043 INFO    : Snapshot:4	0	3	Epoch:5	Loss:1.187	MRR:21.71	Hits@10:37.67	Best:21.71
2025-01-16 21:36:34,460 INFO    : Snapshot:4	0	3	Epoch:6	Loss:1.132	MRR:21.8	Hits@10:37.79	Best:21.8
2025-01-16 21:36:41,864 INFO    : Snapshot:4	0	3	Epoch:7	Loss:1.082	MRR:22.12	Hits@10:38.09	Best:22.12
2025-01-16 21:36:49,238 INFO    : Snapshot:4	1	3	Epoch:8	Loss:1.033	MRR:22.1	Hits@10:38.18	Best:22.12
2025-01-16 21:36:56,637 INFO    : Snapshot:4	2	3	Epoch:9	Loss:1.015	MRR:22.05	Hits@10:38.41	Best:22.12
2025-01-16 21:37:04,013 INFO    : Snapshot:4	0	3	Epoch:10	Loss:0.982	MRR:22.44	Hits@10:39.12	Best:22.44
2025-01-16 21:37:11,423 INFO    : Snapshot:4	1	3	Epoch:11	Loss:0.967	MRR:22.44	Hits@10:38.97	Best:22.44
2025-01-16 21:37:18,806 INFO    : Snapshot:4	0	3	Epoch:12	Loss:0.949	MRR:22.65	Hits@10:39.41	Best:22.65
2025-01-16 21:37:26,091 INFO    : Snapshot:4	1	3	Epoch:13	Loss:0.919	MRR:22.59	Hits@10:39.44	Best:22.65
2025-01-16 21:37:33,372 INFO    : Snapshot:4	2	3	Epoch:14	Loss:0.905	MRR:22.53	Hits@10:39.27	Best:22.65
2025-01-16 21:37:40,652 INFO    : Early Stopping! Snapshot:4 Epoch: 15 Best Results: 22.65
2025-01-16 21:37:40,744 INFO    : => loading checkpoint './checkpoint/ENTITY\4model_best.tar'
2025-01-16 21:38:01,143 INFO    : 
+------------+--------+--------+--------+--------+---------+
| Snapshot:4 |  MRR   | Hits@1 | Hits@3 | Hits@5 | Hits@10 |
+------------+--------+--------+--------+--------+---------+
|     0      | 0.3285 | 0.2086 | 0.3806 | 0.4552 |  0.5588 |
|     1      | 0.2156 | 0.1305 | 0.2377 | 0.2945 |  0.3828 |
|     2      | 0.1949 | 0.1155 | 0.218  | 0.2688 |  0.347  |
|     3      | 0.184  |  0.11  | 0.2024 | 0.2522 |  0.3294 |
|     4      | 0.2267 | 0.1377 | 0.2585 | 0.3176 |  0.3997 |
+------------+--------+--------+--------+--------+---------+
2025-01-16 21:38:01,143 INFO    : Final Result:
[+------------+--------+--------+--------+--------+---------+
| Snapshot:0 |  MRR   | Hits@1 | Hits@3 | Hits@5 | Hits@10 |
+------------+--------+--------+--------+--------+---------+
|     0      | 0.3285 | 0.2086 | 0.3806 | 0.4552 |  0.5588 |
+------------+--------+--------+--------+--------+---------+, +------------+--------+--------+--------+--------+---------+
| Snapshot:1 |  MRR   | Hits@1 | Hits@3 | Hits@5 | Hits@10 |
+------------+--------+--------+--------+--------+---------+
|     0      | 0.3285 | 0.2086 | 0.3806 | 0.4552 |  0.5588 |
|     1      | 0.2156 | 0.1305 | 0.2377 | 0.2945 |  0.3828 |
+------------+--------+--------+--------+--------+---------+, +------------+--------+--------+--------+--------+---------+
| Snapshot:2 |  MRR   | Hits@1 | Hits@3 | Hits@5 | Hits@10 |
+------------+--------+--------+--------+--------+---------+
|     0      | 0.3285 | 0.2086 | 0.3806 | 0.4552 |  0.5588 |
|     1      | 0.2156 | 0.1305 | 0.2377 | 0.2945 |  0.3828 |
|     2      | 0.1949 | 0.1155 | 0.218  | 0.2688 |  0.347  |
+------------+--------+--------+--------+--------+---------+, +------------+--------+--------+--------+--------+---------+
| Snapshot:3 |  MRR   | Hits@1 | Hits@3 | Hits@5 | Hits@10 |
+------------+--------+--------+--------+--------+---------+
|     0      | 0.3285 | 0.2086 | 0.3806 | 0.4552 |  0.5588 |
|     1      | 0.2156 | 0.1305 | 0.2377 | 0.2945 |  0.3828 |
|     2      | 0.1949 | 0.1155 | 0.218  | 0.2688 |  0.347  |
|     3      | 0.184  |  0.11  | 0.2024 | 0.2522 |  0.3294 |
+------------+--------+--------+--------+--------+---------+, +------------+--------+--------+--------+--------+---------+
| Snapshot:4 |  MRR   | Hits@1 | Hits@3 | Hits@5 | Hits@10 |
+------------+--------+--------+--------+--------+---------+
|     0      | 0.3285 | 0.2086 | 0.3806 | 0.4552 |  0.5588 |
|     1      | 0.2156 | 0.1305 | 0.2377 | 0.2945 |  0.3828 |
|     2      | 0.1949 | 0.1155 | 0.218  | 0.2688 |  0.347  |
|     3      | 0.184  |  0.11  | 0.2024 | 0.2522 |  0.3294 |
|     4      | 0.2267 | 0.1377 | 0.2585 | 0.3176 |  0.3997 |
+------------+--------+--------+--------+--------+---------+]
2025-01-16 21:38:01,143 INFO    : Report Result:
+----------+--------------------+-----------+--------------+--------------+---------------+
| Snapshot |        Time        | Whole_MRR | Whole_Hits@1 | Whole_Hits@3 | Whole_Hits@10 |
+----------+--------------------+-----------+--------------+--------------+---------------+
|    0     | 40.06028437614441  |   0.329   |    0.209     |    0.381     |     0.559     |
|    1     | 157.43682765960693 |    0.26   |    0.161     |    0.294     |     0.452     |
|    2     | 238.8942482471466  |   0.235   |    0.144     |    0.265     |     0.412     |
|    3     | 178.33224272727966 |   0.221   |    0.135     |    0.248     |     0.389     |
|    4     | 120.67768979072571 |   0.222   |    0.135     |     0.25     |     0.391     |
+----------+--------------------+-----------+--------------+--------------+---------------+
2025-01-16 21:38:01,143 INFO    : Sum_Training_Time:735.4012928009033
2025-01-16 21:38:01,143 INFO    : Every_Training_Time:[40.06028437614441, 157.43682765960693, 238.8942482471466, 178.33224272727966, 120.67768979072571]
2025-01-16 21:38:01,143 INFO    : Forward transfer: 0.038525 Backward transfer: 0.0
