2025-01-13 15:19:37,637 INFO    : Namespace(batch_size=1024, data_path='./data/ENTITY/', dataset='ENTITY', debug=False, device=device(type='cuda', index=0), emb_dim=200, ent_r='200', epoch_num=200, explore=False, gpu='0', l2=0.0, learning_rate='3e-1', log_path='./logs/ENTITY 200 10 3e-1 1024/ENTITY 20250113151929', logger=<RootLogger root (INFO)>, margin=8.0, model_name='LoraKGE_Layers', multi_layers_path='train_sorted_by_edges_betweenness.txt', neg_ratio=10, note='', num_ent_layers='10', num_layer=1, num_rel_layers='1', patience='10', predict_result=False, r=100, r_fixed=True, random_seed=3407, record=False, rel_r='200', save_path='./checkpoint/ENTITY', skip_previous='False', snapshot_num=5, train_new=True, using_multi_layers=False, using_various_ranks='True', using_various_ranks_reverse=False, valid_metrics='mrr')
2025-01-13 15:19:42,619 INFO    : Snapshot:0	0	10	Epoch:0	Loss:35.288	MRR:9.73	Hits@10:23.32	Best:9.73
2025-01-13 15:19:45,714 INFO    : Snapshot:0	0	10	Epoch:1	Loss:24.605	MRR:18.0	Hits@10:39.98	Best:18.0
2025-01-13 15:19:48,649 INFO    : Snapshot:0	0	10	Epoch:2	Loss:14.488	MRR:26.48	Hits@10:48.81	Best:26.48
2025-01-13 15:19:51,570 INFO    : Snapshot:0	0	10	Epoch:3	Loss:7.616	MRR:30.42	Hits@10:52.54	Best:30.42
2025-01-13 15:19:54,457 INFO    : Snapshot:0	0	10	Epoch:4	Loss:4.185	MRR:31.77	Hits@10:54.22	Best:31.77
2025-01-13 15:19:57,439 INFO    : Snapshot:0	0	10	Epoch:5	Loss:2.558	MRR:32.23	Hits@10:54.56	Best:32.23
2025-01-13 15:20:00,377 INFO    : Snapshot:0	0	10	Epoch:6	Loss:1.777	MRR:32.38	Hits@10:55.02	Best:32.38
2025-01-13 15:20:03,200 INFO    : Snapshot:0	0	10	Epoch:7	Loss:1.364	MRR:32.49	Hits@10:54.98	Best:32.49
2025-01-13 15:20:06,184 INFO    : Snapshot:0	0	10	Epoch:8	Loss:1.111	MRR:32.5	Hits@10:54.8	Best:32.5
2025-01-13 15:20:09,262 INFO    : Snapshot:0	1	10	Epoch:9	Loss:0.952	MRR:32.38	Hits@10:54.79	Best:32.5
2025-01-13 15:20:12,228 INFO    : Snapshot:0	2	10	Epoch:10	Loss:0.832	MRR:32.24	Hits@10:55.01	Best:32.5
2025-01-13 15:20:15,148 INFO    : Snapshot:0	3	10	Epoch:11	Loss:0.751	MRR:32.06	Hits@10:54.93	Best:32.5
2025-01-13 15:20:18,115 INFO    : Snapshot:0	4	10	Epoch:12	Loss:0.706	MRR:32.44	Hits@10:55.13	Best:32.5
2025-01-13 15:20:21,174 INFO    : Snapshot:0	5	10	Epoch:13	Loss:0.657	MRR:31.97	Hits@10:54.45	Best:32.5
2025-01-13 15:20:24,237 INFO    : Snapshot:0	6	10	Epoch:14	Loss:0.611	MRR:32.29	Hits@10:54.73	Best:32.5
2025-01-13 15:20:27,297 INFO    : Snapshot:0	7	10	Epoch:15	Loss:0.594	MRR:31.89	Hits@10:54.33	Best:32.5
2025-01-13 15:20:30,342 INFO    : Snapshot:0	8	10	Epoch:16	Loss:0.545	MRR:31.82	Hits@10:54.37	Best:32.5
2025-01-13 15:20:33,370 INFO    : Snapshot:0	9	10	Epoch:17	Loss:0.54	MRR:31.71	Hits@10:54.26	Best:32.5
2025-01-13 15:20:36,401 INFO    : Early Stopping! Snapshot:0 Epoch: 18 Best Results: 32.5
2025-01-13 15:20:36,504 INFO    : => loading checkpoint './checkpoint/ENTITY\0model_best.tar'
2025-01-13 15:20:37,973 INFO    : 
+------------+--------+--------+--------+--------+---------+
| Snapshot:0 |  MRR   | Hits@1 | Hits@3 | Hits@5 | Hits@10 |
+------------+--------+--------+--------+--------+---------+
|     0      | 0.3285 | 0.2086 | 0.3806 | 0.4552 |  0.5588 |
+------------+--------+--------+--------+--------+---------+
2025-01-13 15:20:51,518 INFO    : Snapshot:1	0	10	Epoch:0	Loss:11.38	MRR:16.13	Hits@10:28.52	Best:16.13
2025-01-13 15:20:58,533 INFO    : Snapshot:1	0	10	Epoch:1	Loss:4.477	MRR:17.44	Hits@10:31.56	Best:17.44
2025-01-13 15:21:05,566 INFO    : Snapshot:1	0	10	Epoch:2	Loss:3.726	MRR:18.56	Hits@10:33.01	Best:18.56
2025-01-13 15:21:12,565 INFO    : Snapshot:1	0	10	Epoch:3	Loss:3.349	MRR:19.01	Hits@10:33.75	Best:19.01
2025-01-13 15:21:19,645 INFO    : Snapshot:1	0	10	Epoch:4	Loss:3.055	MRR:19.42	Hits@10:34.58	Best:19.42
2025-01-13 15:21:26,660 INFO    : Snapshot:1	0	10	Epoch:5	Loss:2.867	MRR:19.67	Hits@10:34.87	Best:19.67
2025-01-13 15:21:33,659 INFO    : Snapshot:1	0	10	Epoch:6	Loss:2.751	MRR:20.08	Hits@10:36.02	Best:20.08
2025-01-13 15:21:40,627 INFO    : Snapshot:1	0	10	Epoch:7	Loss:2.677	MRR:20.32	Hits@10:36.47	Best:20.32
2025-01-13 15:21:47,673 INFO    : Snapshot:1	0	10	Epoch:8	Loss:2.572	MRR:20.6	Hits@10:36.14	Best:20.6
2025-01-13 15:21:54,563 INFO    : Snapshot:1	0	10	Epoch:9	Loss:2.502	MRR:20.71	Hits@10:37.19	Best:20.71
2025-01-13 15:22:01,452 INFO    : Snapshot:1	0	10	Epoch:10	Loss:2.452	MRR:21.02	Hits@10:37.0	Best:21.02
2025-01-13 15:22:08,185 INFO    : Snapshot:1	0	10	Epoch:11	Loss:2.369	MRR:21.12	Hits@10:37.29	Best:21.12
2025-01-13 15:22:15,197 INFO    : Snapshot:1	0	10	Epoch:12	Loss:2.318	MRR:21.24	Hits@10:37.89	Best:21.24
2025-01-13 15:22:22,226 INFO    : Snapshot:1	1	10	Epoch:13	Loss:2.276	MRR:21.15	Hits@10:37.8	Best:21.24
2025-01-13 15:22:29,212 INFO    : Snapshot:1	2	10	Epoch:14	Loss:2.242	MRR:21.2	Hits@10:37.81	Best:21.24
2025-01-13 15:22:36,256 INFO    : Snapshot:1	0	10	Epoch:15	Loss:2.192	MRR:21.66	Hits@10:38.58	Best:21.66
2025-01-13 15:22:43,240 INFO    : Snapshot:1	0	10	Epoch:16	Loss:2.172	MRR:21.67	Hits@10:38.62	Best:21.67
2025-01-13 15:22:50,439 INFO    : Snapshot:1	1	10	Epoch:17	Loss:2.167	MRR:21.39	Hits@10:38.17	Best:21.67
2025-01-13 15:22:57,508 INFO    : Snapshot:1	0	10	Epoch:18	Loss:2.136	MRR:21.84	Hits@10:38.32	Best:21.84
2025-01-13 15:23:04,647 INFO    : Snapshot:1	0	10	Epoch:19	Loss:2.119	MRR:21.87	Hits@10:38.51	Best:21.87
2025-01-13 15:23:11,679 INFO    : Snapshot:1	1	10	Epoch:20	Loss:2.103	MRR:21.69	Hits@10:38.59	Best:21.87
2025-01-13 15:23:18,802 INFO    : Snapshot:1	2	10	Epoch:21	Loss:2.065	MRR:21.8	Hits@10:38.59	Best:21.87
2025-01-13 15:23:25,896 INFO    : Snapshot:1	0	10	Epoch:22	Loss:2.059	MRR:22.01	Hits@10:39.21	Best:22.01
2025-01-13 15:23:32,991 INFO    : Snapshot:1	0	10	Epoch:23	Loss:2.042	MRR:22.05	Hits@10:39.26	Best:22.05
2025-01-13 15:23:39,942 INFO    : Snapshot:1	1	10	Epoch:24	Loss:2.033	MRR:21.91	Hits@10:39.24	Best:22.05
2025-01-13 15:23:46,845 INFO    : Snapshot:1	0	10	Epoch:25	Loss:2.005	MRR:22.07	Hits@10:39.13	Best:22.07
2025-01-13 15:23:53,734 INFO    : Snapshot:1	1	10	Epoch:26	Loss:1.982	MRR:21.93	Hits@10:39.04	Best:22.07
2025-01-13 15:24:00,888 INFO    : Snapshot:1	0	10	Epoch:27	Loss:1.976	MRR:22.08	Hits@10:39.19	Best:22.08
2025-01-13 15:24:07,778 INFO    : Snapshot:1	1	10	Epoch:28	Loss:1.974	MRR:22.07	Hits@10:39.45	Best:22.08
2025-01-13 15:24:14,838 INFO    : Snapshot:1	0	10	Epoch:29	Loss:1.959	MRR:22.12	Hits@10:39.61	Best:22.12
2025-01-13 15:24:22,021 INFO    : Snapshot:1	0	10	Epoch:30	Loss:1.963	MRR:22.28	Hits@10:39.41	Best:22.28
2025-01-13 15:24:29,195 INFO    : Snapshot:1	1	10	Epoch:31	Loss:1.935	MRR:22.17	Hits@10:39.38	Best:22.28
2025-01-13 15:24:36,306 INFO    : Snapshot:1	2	10	Epoch:32	Loss:1.92	MRR:22.15	Hits@10:39.49	Best:22.28
2025-01-13 15:24:43,440 INFO    : Snapshot:1	3	10	Epoch:33	Loss:1.933	MRR:22.09	Hits@10:39.77	Best:22.28
2025-01-13 15:24:50,530 INFO    : Snapshot:1	0	10	Epoch:34	Loss:1.903	MRR:22.3	Hits@10:39.63	Best:22.3
2025-01-13 15:24:57,703 INFO    : Snapshot:1	0	10	Epoch:35	Loss:1.897	MRR:22.36	Hits@10:39.4	Best:22.36
2025-01-13 15:25:04,937 INFO    : Snapshot:1	1	10	Epoch:36	Loss:1.908	MRR:22.21	Hits@10:39.33	Best:22.36
2025-01-13 15:25:12,247 INFO    : Snapshot:1	0	10	Epoch:37	Loss:1.897	MRR:22.43	Hits@10:39.44	Best:22.43
2025-01-13 15:25:19,280 INFO    : Snapshot:1	0	10	Epoch:38	Loss:1.869	MRR:22.64	Hits@10:39.79	Best:22.64
2025-01-13 15:25:26,202 INFO    : Snapshot:1	1	10	Epoch:39	Loss:1.883	MRR:22.58	Hits@10:39.81	Best:22.64
2025-01-13 15:25:33,171 INFO    : Snapshot:1	2	10	Epoch:40	Loss:1.872	MRR:22.44	Hits@10:39.61	Best:22.64
2025-01-13 15:25:40,153 INFO    : Snapshot:1	3	10	Epoch:41	Loss:1.867	MRR:22.44	Hits@10:40.03	Best:22.64
2025-01-13 15:25:47,134 INFO    : Snapshot:1	4	10	Epoch:42	Loss:1.861	MRR:22.52	Hits@10:39.8	Best:22.64
2025-01-13 15:25:53,991 INFO    : Snapshot:1	5	10	Epoch:43	Loss:1.848	MRR:22.44	Hits@10:39.77	Best:22.64
2025-01-13 15:26:00,831 INFO    : Snapshot:1	6	10	Epoch:44	Loss:1.858	MRR:22.37	Hits@10:39.77	Best:22.64
2025-01-13 15:26:07,681 INFO    : Snapshot:1	7	10	Epoch:45	Loss:1.84	MRR:22.53	Hits@10:40.03	Best:22.64
2025-01-13 15:26:14,812 INFO    : Snapshot:1	8	10	Epoch:46	Loss:1.849	MRR:22.42	Hits@10:39.98	Best:22.64
2025-01-13 15:26:21,997 INFO    : Snapshot:1	9	10	Epoch:47	Loss:1.841	MRR:22.33	Hits@10:39.89	Best:22.64
2025-01-13 15:26:29,042 INFO    : Snapshot:1	0	10	Epoch:48	Loss:1.81	MRR:22.71	Hits@10:40.18	Best:22.71
2025-01-13 15:26:36,197 INFO    : Snapshot:1	1	10	Epoch:49	Loss:1.819	MRR:22.56	Hits@10:40.26	Best:22.71
2025-01-13 15:26:43,229 INFO    : Snapshot:1	2	10	Epoch:50	Loss:1.826	MRR:22.61	Hits@10:40.23	Best:22.71
2025-01-13 15:26:50,211 INFO    : Snapshot:1	3	10	Epoch:51	Loss:1.797	MRR:22.59	Hits@10:39.95	Best:22.71
2025-01-13 15:26:57,177 INFO    : Snapshot:1	4	10	Epoch:52	Loss:1.816	MRR:22.59	Hits@10:40.24	Best:22.71
2025-01-13 15:27:04,145 INFO    : Snapshot:1	5	10	Epoch:53	Loss:1.794	MRR:22.51	Hits@10:40.52	Best:22.71
2025-01-13 15:27:11,079 INFO    : Snapshot:1	0	10	Epoch:54	Loss:1.773	MRR:22.78	Hits@10:39.99	Best:22.78
2025-01-13 15:27:18,045 INFO    : Snapshot:1	1	10	Epoch:55	Loss:1.794	MRR:22.69	Hits@10:40.18	Best:22.78
2025-01-13 15:27:25,323 INFO    : Snapshot:1	2	10	Epoch:56	Loss:1.788	MRR:22.68	Hits@10:40.09	Best:22.78
2025-01-13 15:27:32,443 INFO    : Snapshot:1	0	10	Epoch:57	Loss:1.787	MRR:22.8	Hits@10:39.95	Best:22.8
2025-01-13 15:27:39,503 INFO    : Snapshot:1	1	10	Epoch:58	Loss:1.775	MRR:22.65	Hits@10:40.46	Best:22.8
2025-01-13 15:27:46,492 INFO    : Snapshot:1	0	10	Epoch:59	Loss:1.767	MRR:22.97	Hits@10:40.44	Best:22.97
2025-01-13 15:27:53,333 INFO    : Snapshot:1	1	10	Epoch:60	Loss:1.77	MRR:22.56	Hits@10:40.19	Best:22.97
2025-01-13 15:28:00,221 INFO    : Snapshot:1	2	10	Epoch:61	Loss:1.754	MRR:22.73	Hits@10:40.37	Best:22.97
2025-01-13 15:28:07,100 INFO    : Snapshot:1	0	10	Epoch:62	Loss:1.76	MRR:23.01	Hits@10:40.58	Best:23.01
2025-01-13 15:28:14,050 INFO    : Snapshot:1	1	10	Epoch:63	Loss:1.766	MRR:22.72	Hits@10:40.54	Best:23.01
2025-01-13 15:28:21,097 INFO    : Snapshot:1	2	10	Epoch:64	Loss:1.753	MRR:22.69	Hits@10:40.26	Best:23.01
2025-01-13 15:28:28,080 INFO    : Snapshot:1	3	10	Epoch:65	Loss:1.756	MRR:22.83	Hits@10:40.2	Best:23.01
2025-01-13 15:28:35,268 INFO    : Snapshot:1	4	10	Epoch:66	Loss:1.747	MRR:22.81	Hits@10:40.61	Best:23.01
2025-01-13 15:28:42,270 INFO    : Snapshot:1	5	10	Epoch:67	Loss:1.754	MRR:22.96	Hits@10:40.49	Best:23.01
2025-01-13 15:28:49,284 INFO    : Snapshot:1	6	10	Epoch:68	Loss:1.744	MRR:22.69	Hits@10:40.4	Best:23.01
2025-01-13 15:28:56,266 INFO    : Snapshot:1	0	10	Epoch:69	Loss:1.747	MRR:23.08	Hits@10:40.47	Best:23.08
2025-01-13 15:29:03,249 INFO    : Snapshot:1	1	10	Epoch:70	Loss:1.74	MRR:22.89	Hits@10:40.53	Best:23.08
2025-01-13 15:29:10,248 INFO    : Snapshot:1	2	10	Epoch:71	Loss:1.715	MRR:22.88	Hits@10:40.62	Best:23.08
2025-01-13 15:29:17,309 INFO    : Snapshot:1	3	10	Epoch:72	Loss:1.723	MRR:22.91	Hits@10:40.67	Best:23.08
2025-01-13 15:29:24,354 INFO    : Snapshot:1	4	10	Epoch:73	Loss:1.712	MRR:22.89	Hits@10:40.8	Best:23.08
2025-01-13 15:29:31,494 INFO    : Snapshot:1	5	10	Epoch:74	Loss:1.71	MRR:22.98	Hits@10:40.76	Best:23.08
2025-01-13 15:29:38,725 INFO    : Snapshot:1	6	10	Epoch:75	Loss:1.723	MRR:23.07	Hits@10:40.79	Best:23.08
2025-01-13 15:29:45,644 INFO    : Snapshot:1	0	10	Epoch:76	Loss:1.732	MRR:23.15	Hits@10:40.88	Best:23.15
2025-01-13 15:29:52,486 INFO    : Snapshot:1	1	10	Epoch:77	Loss:1.692	MRR:23.11	Hits@10:40.73	Best:23.15
2025-01-13 15:29:59,328 INFO    : Snapshot:1	2	10	Epoch:78	Loss:1.711	MRR:22.93	Hits@10:40.68	Best:23.15
2025-01-13 15:30:06,233 INFO    : Snapshot:1	3	10	Epoch:79	Loss:1.676	MRR:23.08	Hits@10:40.71	Best:23.15
2025-01-13 15:30:13,204 INFO    : Snapshot:1	4	10	Epoch:80	Loss:1.681	MRR:22.96	Hits@10:40.5	Best:23.15
2025-01-13 15:30:20,350 INFO    : Snapshot:1	5	10	Epoch:81	Loss:1.716	MRR:22.98	Hits@10:40.59	Best:23.15
2025-01-13 15:30:27,622 INFO    : Snapshot:1	6	10	Epoch:82	Loss:1.686	MRR:23.07	Hits@10:40.67	Best:23.15
2025-01-13 15:30:34,826 INFO    : Snapshot:1	7	10	Epoch:83	Loss:1.699	MRR:22.92	Hits@10:40.71	Best:23.15
2025-01-13 15:30:42,202 INFO    : Snapshot:1	8	10	Epoch:84	Loss:1.696	MRR:23.01	Hits@10:40.88	Best:23.15
2025-01-13 15:30:49,406 INFO    : Snapshot:1	9	10	Epoch:85	Loss:1.678	MRR:22.93	Hits@10:40.7	Best:23.15
2025-01-13 15:30:56,527 INFO    : Early Stopping! Snapshot:1 Epoch: 86 Best Results: 23.15
2025-01-13 15:30:56,631 INFO    : => loading checkpoint './checkpoint/ENTITY\1model_best.tar'
2025-01-13 15:31:01,711 INFO    : 
+------------+--------+--------+--------+--------+---------+
| Snapshot:1 |  MRR   | Hits@1 | Hits@3 | Hits@5 | Hits@10 |
+------------+--------+--------+--------+--------+---------+
|     0      | 0.3285 | 0.2086 | 0.3806 | 0.4552 |  0.5588 |
|     1      | 0.2318 | 0.1433 | 0.256  | 0.3163 |  0.4065 |
+------------+--------+--------+--------+--------+---------+
2025-01-13 15:31:16,662 INFO    : Snapshot:2	0	10	Epoch:0	Loss:10.888	MRR:14.98	Hits@10:26.25	Best:14.98
2025-01-13 15:31:24,851 INFO    : Snapshot:2	0	10	Epoch:1	Loss:4.37	MRR:16.8	Hits@10:29.2	Best:16.8
2025-01-13 15:31:32,853 INFO    : Snapshot:2	0	10	Epoch:2	Loss:3.715	MRR:17.53	Hits@10:30.78	Best:17.53
2025-01-13 15:31:40,900 INFO    : Snapshot:2	0	10	Epoch:3	Loss:3.351	MRR:18.07	Hits@10:31.73	Best:18.07
2025-01-13 15:31:48,869 INFO    : Snapshot:2	0	10	Epoch:4	Loss:3.128	MRR:18.62	Hits@10:32.61	Best:18.62
2025-01-13 15:31:56,886 INFO    : Snapshot:2	0	10	Epoch:5	Loss:2.966	MRR:18.87	Hits@10:33.36	Best:18.87
2025-01-13 15:32:04,822 INFO    : Snapshot:2	1	10	Epoch:6	Loss:2.836	MRR:18.6	Hits@10:33.17	Best:18.87
2025-01-13 15:32:12,808 INFO    : Snapshot:2	0	10	Epoch:7	Loss:2.728	MRR:19.14	Hits@10:33.58	Best:19.14
2025-01-13 15:32:21,026 INFO    : Snapshot:2	0	10	Epoch:8	Loss:2.66	MRR:19.25	Hits@10:33.74	Best:19.25
2025-01-13 15:32:29,306 INFO    : Snapshot:2	0	10	Epoch:9	Loss:2.597	MRR:19.35	Hits@10:34.01	Best:19.35
2025-01-13 15:32:37,694 INFO    : Snapshot:2	0	10	Epoch:10	Loss:2.535	MRR:19.41	Hits@10:34.2	Best:19.41
2025-01-13 15:32:45,805 INFO    : Snapshot:2	0	10	Epoch:11	Loss:2.474	MRR:19.65	Hits@10:34.37	Best:19.65
2025-01-13 15:32:53,867 INFO    : Snapshot:2	1	10	Epoch:12	Loss:2.465	MRR:19.51	Hits@10:34.3	Best:19.65
2025-01-13 15:33:02,038 INFO    : Snapshot:2	0	10	Epoch:13	Loss:2.398	MRR:19.83	Hits@10:34.97	Best:19.83
2025-01-13 15:33:10,067 INFO    : Snapshot:2	1	10	Epoch:14	Loss:2.333	MRR:19.67	Hits@10:34.76	Best:19.83
2025-01-13 15:33:18,176 INFO    : Snapshot:2	2	10	Epoch:15	Loss:2.32	MRR:19.76	Hits@10:34.97	Best:19.83
2025-01-13 15:33:26,237 INFO    : Snapshot:2	3	10	Epoch:16	Loss:2.305	MRR:19.76	Hits@10:34.87	Best:19.83
2025-01-13 15:33:34,282 INFO    : Snapshot:2	4	10	Epoch:17	Loss:2.302	MRR:19.78	Hits@10:35.02	Best:19.83
2025-01-13 15:33:42,391 INFO    : Snapshot:2	0	10	Epoch:18	Loss:2.283	MRR:19.85	Hits@10:35.07	Best:19.85
2025-01-13 15:33:50,499 INFO    : Snapshot:2	0	10	Epoch:19	Loss:2.245	MRR:19.89	Hits@10:35.3	Best:19.89
2025-01-13 15:33:58,373 INFO    : Snapshot:2	1	10	Epoch:20	Loss:2.252	MRR:19.8	Hits@10:35.18	Best:19.89
2025-01-13 15:34:06,401 INFO    : Snapshot:2	0	10	Epoch:21	Loss:2.224	MRR:19.94	Hits@10:35.29	Best:19.94
2025-01-13 15:34:14,330 INFO    : Snapshot:2	0	10	Epoch:22	Loss:2.178	MRR:20.01	Hits@10:35.54	Best:20.01
2025-01-13 15:34:22,335 INFO    : Snapshot:2	1	10	Epoch:23	Loss:2.187	MRR:19.84	Hits@10:35.3	Best:20.01
2025-01-13 15:34:30,426 INFO    : Snapshot:2	2	10	Epoch:24	Loss:2.175	MRR:19.8	Hits@10:35.13	Best:20.01
2025-01-13 15:34:38,519 INFO    : Snapshot:2	0	10	Epoch:25	Loss:2.164	MRR:20.08	Hits@10:35.75	Best:20.08
2025-01-13 15:34:46,599 INFO    : Snapshot:2	0	10	Epoch:26	Loss:2.174	MRR:20.09	Hits@10:35.48	Best:20.09
2025-01-13 15:34:54,613 INFO    : Snapshot:2	1	10	Epoch:27	Loss:2.148	MRR:19.94	Hits@10:35.42	Best:20.09
2025-01-13 15:35:02,580 INFO    : Snapshot:2	2	10	Epoch:28	Loss:2.131	MRR:19.92	Hits@10:35.3	Best:20.09
2025-01-13 15:35:10,781 INFO    : Snapshot:2	0	10	Epoch:29	Loss:2.099	MRR:20.16	Hits@10:35.66	Best:20.16
2025-01-13 15:35:18,828 INFO    : Snapshot:2	1	10	Epoch:30	Loss:2.104	MRR:20.03	Hits@10:35.63	Best:20.16
2025-01-13 15:35:26,952 INFO    : Snapshot:2	2	10	Epoch:31	Loss:2.103	MRR:20.06	Hits@10:35.71	Best:20.16
2025-01-13 15:35:35,013 INFO    : Snapshot:2	3	10	Epoch:32	Loss:2.063	MRR:20.08	Hits@10:35.73	Best:20.16
2025-01-13 15:35:43,000 INFO    : Snapshot:2	0	10	Epoch:33	Loss:2.089	MRR:20.21	Hits@10:35.86	Best:20.21
2025-01-13 15:35:50,887 INFO    : Snapshot:2	1	10	Epoch:34	Loss:2.071	MRR:20.1	Hits@10:35.73	Best:20.21
2025-01-13 15:35:58,730 INFO    : Snapshot:2	2	10	Epoch:35	Loss:2.07	MRR:20.14	Hits@10:35.74	Best:20.21
2025-01-13 15:36:06,572 INFO    : Snapshot:2	3	10	Epoch:36	Loss:2.057	MRR:20.14	Hits@10:35.76	Best:20.21
2025-01-13 15:36:14,745 INFO    : Snapshot:2	0	10	Epoch:37	Loss:2.042	MRR:20.26	Hits@10:35.75	Best:20.26
2025-01-13 15:36:22,965 INFO    : Snapshot:2	1	10	Epoch:38	Loss:2.044	MRR:20.21	Hits@10:35.92	Best:20.26
2025-01-13 15:36:31,354 INFO    : Snapshot:2	0	10	Epoch:39	Loss:2.03	MRR:20.27	Hits@10:36.0	Best:20.27
2025-01-13 15:36:39,632 INFO    : Snapshot:2	0	10	Epoch:40	Loss:2.036	MRR:20.44	Hits@10:36.1	Best:20.44
2025-01-13 15:36:47,881 INFO    : Snapshot:2	1	10	Epoch:41	Loss:2.011	MRR:20.34	Hits@10:36.0	Best:20.44
2025-01-13 15:36:56,099 INFO    : Snapshot:2	2	10	Epoch:42	Loss:2.009	MRR:20.24	Hits@10:35.99	Best:20.44
2025-01-13 15:37:04,285 INFO    : Snapshot:2	3	10	Epoch:43	Loss:2.005	MRR:20.27	Hits@10:36.12	Best:20.44
2025-01-13 15:37:12,425 INFO    : Snapshot:2	4	10	Epoch:44	Loss:1.999	MRR:20.33	Hits@10:35.87	Best:20.44
2025-01-13 15:37:20,362 INFO    : Snapshot:2	5	10	Epoch:45	Loss:2.004	MRR:20.28	Hits@10:35.91	Best:20.44
2025-01-13 15:37:28,364 INFO    : Snapshot:2	6	10	Epoch:46	Loss:2.001	MRR:20.34	Hits@10:36.14	Best:20.44
2025-01-13 15:37:36,363 INFO    : Snapshot:2	7	10	Epoch:47	Loss:1.993	MRR:20.37	Hits@10:36.19	Best:20.44
2025-01-13 15:37:44,611 INFO    : Snapshot:2	8	10	Epoch:48	Loss:2.004	MRR:20.41	Hits@10:36.08	Best:20.44
2025-01-13 15:37:52,596 INFO    : Snapshot:2	9	10	Epoch:49	Loss:1.98	MRR:20.29	Hits@10:36.1	Best:20.44
2025-01-13 15:38:00,561 INFO    : Early Stopping! Snapshot:2 Epoch: 50 Best Results: 20.44
2025-01-13 15:38:00,652 INFO    : => loading checkpoint './checkpoint/ENTITY\2model_best.tar'
2025-01-13 15:38:09,743 INFO    : 
+------------+--------+--------+--------+--------+---------+
| Snapshot:2 |  MRR   | Hits@1 | Hits@3 | Hits@5 | Hits@10 |
+------------+--------+--------+--------+--------+---------+
|     0      | 0.3285 | 0.2086 | 0.3806 | 0.4552 |  0.5588 |
|     1      | 0.2318 | 0.1433 | 0.256  | 0.3163 |  0.4065 |
|     2      | 0.2044 | 0.1224 | 0.2285 | 0.2812 |  0.3624 |
+------------+--------+--------+--------+--------+---------+
2025-01-13 15:38:26,793 INFO    : Snapshot:3	0	10	Epoch:0	Loss:9.791	MRR:14.29	Hits@10:25.14	Best:14.29
2025-01-13 15:38:35,838 INFO    : Snapshot:3	0	10	Epoch:1	Loss:3.675	MRR:16.0	Hits@10:28.4	Best:16.0
2025-01-13 15:38:44,759 INFO    : Snapshot:3	0	10	Epoch:2	Loss:3.073	MRR:16.29	Hits@10:29.26	Best:16.29
2025-01-13 15:38:53,633 INFO    : Snapshot:3	0	10	Epoch:3	Loss:2.765	MRR:17.23	Hits@10:30.48	Best:17.23
2025-01-13 15:39:02,508 INFO    : Snapshot:3	1	10	Epoch:4	Loss:2.602	MRR:17.18	Hits@10:31.14	Best:17.23
2025-01-13 15:39:11,321 INFO    : Snapshot:3	0	10	Epoch:5	Loss:2.457	MRR:17.47	Hits@10:31.44	Best:17.47
2025-01-13 15:39:20,415 INFO    : Snapshot:3	0	10	Epoch:6	Loss:2.341	MRR:17.7	Hits@10:32.0	Best:17.7
2025-01-13 15:39:29,241 INFO    : Snapshot:3	0	10	Epoch:7	Loss:2.287	MRR:17.73	Hits@10:32.12	Best:17.73
2025-01-13 15:39:38,130 INFO    : Snapshot:3	0	10	Epoch:8	Loss:2.217	MRR:17.97	Hits@10:32.33	Best:17.97
2025-01-13 15:39:46,943 INFO    : Snapshot:3	0	10	Epoch:9	Loss:2.189	MRR:17.99	Hits@10:32.63	Best:17.99
2025-01-13 15:39:55,705 INFO    : Snapshot:3	0	10	Epoch:10	Loss:2.116	MRR:18.16	Hits@10:32.55	Best:18.16
2025-01-13 15:40:04,485 INFO    : Snapshot:3	0	10	Epoch:11	Loss:2.083	MRR:18.5	Hits@10:32.88	Best:18.5
2025-01-13 15:40:13,296 INFO    : Snapshot:3	1	10	Epoch:12	Loss:2.035	MRR:18.4	Hits@10:32.98	Best:18.5
2025-01-13 15:40:22,201 INFO    : Snapshot:3	2	10	Epoch:13	Loss:2.002	MRR:18.37	Hits@10:33.18	Best:18.5
2025-01-13 15:40:31,106 INFO    : Snapshot:3	3	10	Epoch:14	Loss:1.981	MRR:18.46	Hits@10:33.5	Best:18.5
2025-01-13 15:40:40,012 INFO    : Snapshot:3	0	10	Epoch:15	Loss:1.977	MRR:18.65	Hits@10:33.51	Best:18.65
2025-01-13 15:40:49,074 INFO    : Snapshot:3	1	10	Epoch:16	Loss:1.937	MRR:18.63	Hits@10:33.23	Best:18.65
2025-01-13 15:40:57,932 INFO    : Snapshot:3	0	10	Epoch:17	Loss:1.913	MRR:18.7	Hits@10:33.27	Best:18.7
2025-01-13 15:41:06,728 INFO    : Snapshot:3	1	10	Epoch:18	Loss:1.899	MRR:18.6	Hits@10:33.63	Best:18.7
2025-01-13 15:41:15,617 INFO    : Snapshot:3	2	10	Epoch:19	Loss:1.911	MRR:18.66	Hits@10:33.47	Best:18.7
2025-01-13 15:41:24,463 INFO    : Snapshot:3	0	10	Epoch:20	Loss:1.871	MRR:18.71	Hits@10:33.53	Best:18.71
2025-01-13 15:41:33,243 INFO    : Snapshot:3	0	10	Epoch:21	Loss:1.856	MRR:18.93	Hits@10:33.96	Best:18.93
2025-01-13 15:41:42,011 INFO    : Snapshot:3	1	10	Epoch:22	Loss:1.837	MRR:18.74	Hits@10:33.84	Best:18.93
2025-01-13 15:41:50,697 INFO    : Snapshot:3	2	10	Epoch:23	Loss:1.841	MRR:18.87	Hits@10:33.69	Best:18.93
2025-01-13 15:41:59,479 INFO    : Snapshot:3	3	10	Epoch:24	Loss:1.806	MRR:18.78	Hits@10:33.91	Best:18.93
2025-01-13 15:42:08,244 INFO    : Snapshot:3	0	10	Epoch:25	Loss:1.838	MRR:18.95	Hits@10:34.04	Best:18.95
2025-01-13 15:42:17,363 INFO    : Snapshot:3	1	10	Epoch:26	Loss:1.801	MRR:18.9	Hits@10:33.85	Best:18.95
2025-01-13 15:42:26,459 INFO    : Snapshot:3	0	10	Epoch:27	Loss:1.804	MRR:19.05	Hits@10:34.15	Best:19.05
2025-01-13 15:42:35,460 INFO    : Snapshot:3	0	10	Epoch:28	Loss:1.793	MRR:19.07	Hits@10:34.05	Best:19.07
2025-01-13 15:42:44,443 INFO    : Snapshot:3	1	10	Epoch:29	Loss:1.752	MRR:18.99	Hits@10:34.18	Best:19.07
2025-01-13 15:42:53,425 INFO    : Snapshot:3	0	10	Epoch:30	Loss:1.777	MRR:19.12	Hits@10:34.39	Best:19.12
2025-01-13 15:43:02,353 INFO    : Snapshot:3	1	10	Epoch:31	Loss:1.758	MRR:18.93	Hits@10:33.85	Best:19.12
2025-01-13 15:43:11,370 INFO    : Snapshot:3	2	10	Epoch:32	Loss:1.764	MRR:19.11	Hits@10:34.35	Best:19.12
2025-01-13 15:43:20,213 INFO    : Snapshot:3	3	10	Epoch:33	Loss:1.748	MRR:18.95	Hits@10:34.18	Best:19.12
2025-01-13 15:43:29,042 INFO    : Snapshot:3	4	10	Epoch:34	Loss:1.728	MRR:19.08	Hits@10:34.12	Best:19.12
2025-01-13 15:43:37,807 INFO    : Snapshot:3	5	10	Epoch:35	Loss:1.735	MRR:18.89	Hits@10:34.18	Best:19.12
2025-01-13 15:43:46,809 INFO    : Snapshot:3	6	10	Epoch:36	Loss:1.738	MRR:19.1	Hits@10:34.26	Best:19.12
2025-01-13 15:43:55,650 INFO    : Snapshot:3	0	10	Epoch:37	Loss:1.707	MRR:19.18	Hits@10:34.46	Best:19.18
2025-01-13 15:44:04,399 INFO    : Snapshot:3	1	10	Epoch:38	Loss:1.711	MRR:19.02	Hits@10:34.29	Best:19.18
2025-01-13 15:44:13,056 INFO    : Snapshot:3	2	10	Epoch:39	Loss:1.708	MRR:19.15	Hits@10:34.32	Best:19.18
2025-01-13 15:44:21,934 INFO    : Snapshot:3	3	10	Epoch:40	Loss:1.705	MRR:19.12	Hits@10:34.26	Best:19.18
2025-01-13 15:44:30,901 INFO    : Snapshot:3	0	10	Epoch:41	Loss:1.699	MRR:19.23	Hits@10:34.43	Best:19.23
2025-01-13 15:44:39,901 INFO    : Snapshot:3	1	10	Epoch:42	Loss:1.687	MRR:19.01	Hits@10:34.4	Best:19.23
2025-01-13 15:44:48,777 INFO    : Snapshot:3	2	10	Epoch:43	Loss:1.703	MRR:19.19	Hits@10:34.69	Best:19.23
2025-01-13 15:44:57,633 INFO    : Snapshot:3	0	10	Epoch:44	Loss:1.714	MRR:19.32	Hits@10:34.64	Best:19.32
2025-01-13 15:45:06,416 INFO    : Snapshot:3	1	10	Epoch:45	Loss:1.678	MRR:19.22	Hits@10:34.37	Best:19.32
2025-01-13 15:45:15,431 INFO    : Snapshot:3	2	10	Epoch:46	Loss:1.683	MRR:19.27	Hits@10:34.56	Best:19.32
2025-01-13 15:45:24,227 INFO    : Snapshot:3	0	10	Epoch:47	Loss:1.66	MRR:19.33	Hits@10:34.36	Best:19.33
2025-01-13 15:45:33,006 INFO    : Snapshot:3	0	10	Epoch:48	Loss:1.684	MRR:19.44	Hits@10:34.79	Best:19.44
2025-01-13 15:45:41,658 INFO    : Snapshot:3	1	10	Epoch:49	Loss:1.664	MRR:19.24	Hits@10:34.72	Best:19.44
2025-01-13 15:45:50,379 INFO    : Snapshot:3	2	10	Epoch:50	Loss:1.652	MRR:19.37	Hits@10:34.6	Best:19.44
2025-01-13 15:45:59,128 INFO    : Snapshot:3	3	10	Epoch:51	Loss:1.649	MRR:19.05	Hits@10:34.59	Best:19.44
2025-01-13 15:46:07,924 INFO    : Snapshot:3	4	10	Epoch:52	Loss:1.673	MRR:19.28	Hits@10:34.52	Best:19.44
2025-01-13 15:46:16,828 INFO    : Snapshot:3	5	10	Epoch:53	Loss:1.653	MRR:19.31	Hits@10:34.81	Best:19.44
2025-01-13 15:46:25,751 INFO    : Snapshot:3	6	10	Epoch:54	Loss:1.633	MRR:19.25	Hits@10:34.39	Best:19.44
2025-01-13 15:46:34,660 INFO    : Snapshot:3	7	10	Epoch:55	Loss:1.652	MRR:19.2	Hits@10:34.59	Best:19.44
2025-01-13 15:46:43,784 INFO    : Snapshot:3	8	10	Epoch:56	Loss:1.641	MRR:19.15	Hits@10:34.34	Best:19.44
2025-01-13 15:46:52,611 INFO    : Snapshot:3	9	10	Epoch:57	Loss:1.648	MRR:19.14	Hits@10:34.64	Best:19.44
2025-01-13 15:47:01,423 INFO    : Early Stopping! Snapshot:3 Epoch: 58 Best Results: 19.44
2025-01-13 15:47:01,517 INFO    : => loading checkpoint './checkpoint/ENTITY\3model_best.tar'
2025-01-13 15:47:16,312 INFO    : 
+------------+--------+--------+--------+--------+---------+
| Snapshot:3 |  MRR   | Hits@1 | Hits@3 | Hits@5 | Hits@10 |
+------------+--------+--------+--------+--------+---------+
|     0      | 0.3285 | 0.2086 | 0.3806 | 0.4552 |  0.5588 |
|     1      | 0.2318 | 0.1433 | 0.256  | 0.3163 |  0.4065 |
|     2      | 0.2044 | 0.1224 | 0.2285 | 0.2812 |  0.3624 |
|     3      | 0.1947 | 0.1159 | 0.2175 | 0.2694 |  0.3481 |
+------------+--------+--------+--------+--------+---------+
2025-01-13 15:47:30,869 INFO    : Snapshot:4	0	10	Epoch:0	Loss:7.137	MRR:18.11	Hits@10:29.97	Best:18.11
2025-01-13 15:47:38,047 INFO    : Snapshot:4	0	10	Epoch:1	Loss:2.006	MRR:20.26	Hits@10:34.01	Best:20.26
2025-01-13 15:47:45,188 INFO    : Snapshot:4	0	10	Epoch:2	Loss:1.543	MRR:20.67	Hits@10:35.48	Best:20.67
2025-01-13 15:47:52,218 INFO    : Snapshot:4	0	10	Epoch:3	Loss:1.357	MRR:21.65	Hits@10:37.58	Best:21.65
2025-01-13 15:47:59,248 INFO    : Snapshot:4	0	10	Epoch:4	Loss:1.225	MRR:21.78	Hits@10:37.58	Best:21.78
2025-01-13 15:48:06,373 INFO    : Snapshot:4	0	10	Epoch:5	Loss:1.175	MRR:22.22	Hits@10:38.41	Best:22.22
2025-01-13 15:48:13,641 INFO    : Snapshot:4	0	10	Epoch:6	Loss:1.072	MRR:22.36	Hits@10:38.75	Best:22.36
2025-01-13 15:48:20,859 INFO    : Snapshot:4	0	10	Epoch:7	Loss:1.052	MRR:22.63	Hits@10:39.13	Best:22.63
2025-01-13 15:48:28,061 INFO    : Snapshot:4	0	10	Epoch:8	Loss:1.042	MRR:22.83	Hits@10:39.4	Best:22.83
2025-01-13 15:48:35,236 INFO    : Snapshot:4	1	10	Epoch:9	Loss:0.989	MRR:22.58	Hits@10:39.38	Best:22.83
2025-01-13 15:48:42,421 INFO    : Snapshot:4	2	10	Epoch:10	Loss:0.98	MRR:22.68	Hits@10:39.36	Best:22.83
2025-01-13 15:48:49,530 INFO    : Snapshot:4	3	10	Epoch:11	Loss:0.947	MRR:22.8	Hits@10:39.9	Best:22.83
2025-01-13 15:48:56,701 INFO    : Snapshot:4	0	10	Epoch:12	Loss:0.947	MRR:22.86	Hits@10:40.29	Best:22.86
2025-01-13 15:49:03,859 INFO    : Snapshot:4	0	10	Epoch:13	Loss:0.899	MRR:23.02	Hits@10:40.39	Best:23.02
2025-01-13 15:49:11,061 INFO    : Snapshot:4	0	10	Epoch:14	Loss:0.891	MRR:23.04	Hits@10:40.02	Best:23.04
2025-01-13 15:49:18,200 INFO    : Snapshot:4	0	10	Epoch:15	Loss:0.871	MRR:23.19	Hits@10:40.55	Best:23.19
2025-01-13 15:49:25,324 INFO    : Snapshot:4	1	10	Epoch:16	Loss:0.845	MRR:23.06	Hits@10:40.49	Best:23.19
2025-01-13 15:49:32,385 INFO    : Snapshot:4	2	10	Epoch:17	Loss:0.847	MRR:23.18	Hits@10:40.29	Best:23.19
2025-01-13 15:49:39,398 INFO    : Snapshot:4	3	10	Epoch:18	Loss:0.85	MRR:23.16	Hits@10:40.48	Best:23.19
2025-01-13 15:49:46,505 INFO    : Snapshot:4	0	10	Epoch:19	Loss:0.839	MRR:23.33	Hits@10:40.83	Best:23.33
2025-01-13 15:49:53,568 INFO    : Snapshot:4	1	10	Epoch:20	Loss:0.818	MRR:23.28	Hits@10:40.87	Best:23.33
2025-01-13 15:50:00,772 INFO    : Snapshot:4	2	10	Epoch:21	Loss:0.797	MRR:23.16	Hits@10:40.56	Best:23.33
2025-01-13 15:50:07,785 INFO    : Snapshot:4	3	10	Epoch:22	Loss:0.804	MRR:23.22	Hits@10:40.77	Best:23.33
2025-01-13 15:50:14,892 INFO    : Snapshot:4	0	10	Epoch:23	Loss:0.781	MRR:23.49	Hits@10:41.26	Best:23.49
2025-01-13 15:50:22,049 INFO    : Snapshot:4	1	10	Epoch:24	Loss:0.8	MRR:23.33	Hits@10:40.9	Best:23.49
2025-01-13 15:50:29,188 INFO    : Snapshot:4	2	10	Epoch:25	Loss:0.794	MRR:23.09	Hits@10:40.93	Best:23.49
2025-01-13 15:50:36,377 INFO    : Snapshot:4	3	10	Epoch:26	Loss:0.776	MRR:23.26	Hits@10:40.86	Best:23.49
2025-01-13 15:50:43,564 INFO    : Snapshot:4	0	10	Epoch:27	Loss:0.764	MRR:23.55	Hits@10:41.35	Best:23.55
2025-01-13 15:50:50,694 INFO    : Snapshot:4	0	10	Epoch:28	Loss:0.765	MRR:23.79	Hits@10:41.6	Best:23.79
2025-01-13 15:50:57,804 INFO    : Snapshot:4	1	10	Epoch:29	Loss:0.754	MRR:23.35	Hits@10:40.62	Best:23.79
2025-01-13 15:51:04,958 INFO    : Snapshot:4	2	10	Epoch:30	Loss:0.756	MRR:23.47	Hits@10:41.22	Best:23.79
2025-01-13 15:51:12,130 INFO    : Snapshot:4	3	10	Epoch:31	Loss:0.749	MRR:23.74	Hits@10:41.35	Best:23.79
2025-01-13 15:51:19,327 INFO    : Snapshot:4	4	10	Epoch:32	Loss:0.752	MRR:23.79	Hits@10:41.26	Best:23.79
2025-01-13 15:51:26,512 INFO    : Snapshot:4	5	10	Epoch:33	Loss:0.74	MRR:23.65	Hits@10:41.51	Best:23.79
2025-01-13 15:51:33,605 INFO    : Snapshot:4	6	10	Epoch:34	Loss:0.738	MRR:23.68	Hits@10:41.28	Best:23.79
2025-01-13 15:51:40,900 INFO    : Snapshot:4	7	10	Epoch:35	Loss:0.743	MRR:23.64	Hits@10:41.66	Best:23.79
2025-01-13 15:51:47,945 INFO    : Snapshot:4	8	10	Epoch:36	Loss:0.741	MRR:23.63	Hits@10:41.21	Best:23.79
2025-01-13 15:51:54,974 INFO    : Snapshot:4	9	10	Epoch:37	Loss:0.729	MRR:23.55	Hits@10:41.14	Best:23.79
2025-01-13 15:52:02,083 INFO    : Early Stopping! Snapshot:4 Epoch: 38 Best Results: 23.79
2025-01-13 15:52:02,178 INFO    : => loading checkpoint './checkpoint/ENTITY\4model_best.tar'
2025-01-13 15:52:21,644 INFO    : 
+------------+--------+--------+--------+--------+---------+
| Snapshot:4 |  MRR   | Hits@1 | Hits@3 | Hits@5 | Hits@10 |
+------------+--------+--------+--------+--------+---------+
|     0      | 0.3285 | 0.2086 | 0.3806 | 0.4552 |  0.5588 |
|     1      | 0.2318 | 0.1433 | 0.256  | 0.3163 |  0.4065 |
|     2      | 0.2044 | 0.1224 | 0.2285 | 0.2812 |  0.3624 |
|     3      | 0.1947 | 0.1159 | 0.2175 | 0.2694 |  0.3481 |
|     4      | 0.2376 | 0.1437 | 0.2737 | 0.3367 |  0.4188 |
+------------+--------+--------+--------+--------+---------+
2025-01-13 15:52:21,644 INFO    : Final Result:
[+------------+--------+--------+--------+--------+---------+
| Snapshot:0 |  MRR   | Hits@1 | Hits@3 | Hits@5 | Hits@10 |
+------------+--------+--------+--------+--------+---------+
|     0      | 0.3285 | 0.2086 | 0.3806 | 0.4552 |  0.5588 |
+------------+--------+--------+--------+--------+---------+, +------------+--------+--------+--------+--------+---------+
| Snapshot:1 |  MRR   | Hits@1 | Hits@3 | Hits@5 | Hits@10 |
+------------+--------+--------+--------+--------+---------+
|     0      | 0.3285 | 0.2086 | 0.3806 | 0.4552 |  0.5588 |
|     1      | 0.2318 | 0.1433 | 0.256  | 0.3163 |  0.4065 |
+------------+--------+--------+--------+--------+---------+, +------------+--------+--------+--------+--------+---------+
| Snapshot:2 |  MRR   | Hits@1 | Hits@3 | Hits@5 | Hits@10 |
+------------+--------+--------+--------+--------+---------+
|     0      | 0.3285 | 0.2086 | 0.3806 | 0.4552 |  0.5588 |
|     1      | 0.2318 | 0.1433 | 0.256  | 0.3163 |  0.4065 |
|     2      | 0.2044 | 0.1224 | 0.2285 | 0.2812 |  0.3624 |
+------------+--------+--------+--------+--------+---------+, +------------+--------+--------+--------+--------+---------+
| Snapshot:3 |  MRR   | Hits@1 | Hits@3 | Hits@5 | Hits@10 |
+------------+--------+--------+--------+--------+---------+
|     0      | 0.3285 | 0.2086 | 0.3806 | 0.4552 |  0.5588 |
|     1      | 0.2318 | 0.1433 | 0.256  | 0.3163 |  0.4065 |
|     2      | 0.2044 | 0.1224 | 0.2285 | 0.2812 |  0.3624 |
|     3      | 0.1947 | 0.1159 | 0.2175 | 0.2694 |  0.3481 |
+------------+--------+--------+--------+--------+---------+, +------------+--------+--------+--------+--------+---------+
| Snapshot:4 |  MRR   | Hits@1 | Hits@3 | Hits@5 | Hits@10 |
+------------+--------+--------+--------+--------+---------+
|     0      | 0.3285 | 0.2086 | 0.3806 | 0.4552 |  0.5588 |
|     1      | 0.2318 | 0.1433 | 0.256  | 0.3163 |  0.4065 |
|     2      | 0.2044 | 0.1224 | 0.2285 | 0.2812 |  0.3624 |
|     3      | 0.1947 | 0.1159 | 0.2175 | 0.2694 |  0.3481 |
|     4      | 0.2376 | 0.1437 | 0.2737 | 0.3367 |  0.4188 |
+------------+--------+--------+--------+--------+---------+]
2025-01-13 15:52:21,644 INFO    : Report Result:
+----------+--------------------+-----------+--------------+--------------+---------------+
| Snapshot |        Time        | Whole_MRR | Whole_Hits@1 | Whole_Hits@3 | Whole_Hits@10 |
+----------+--------------------+-----------+--------------+--------------+---------------+
|    0     | 58.76362085342407  |   0.329   |    0.209     |    0.381     |     0.559     |
|    1     | 614.7412786483765  |    0.27   |    0.169     |    0.305     |     0.466     |
|    2     | 414.25705790519714 |   0.245   |    0.151     |    0.276     |     0.426     |
|    3     | 526.3354299068451  |   0.231   |    0.142     |     0.26     |     0.405     |
|    4     | 280.8637320995331  |   0.232   |    0.142     |    0.262     |     0.407     |
+----------+--------------------+-----------+--------------+--------------+---------------+
2025-01-13 15:52:21,644 INFO    : Sum_Training_Time:1894.9611194133759
2025-01-13 15:52:21,644 INFO    : Every_Training_Time:[58.76362085342407, 614.7412786483765, 414.25705790519714, 526.3354299068451, 280.8637320995331]
2025-01-13 15:52:21,644 INFO    : Forward transfer: 0.038599999999999995 Backward transfer: 0.0
